2026-09-01 18:26:02	NETWORK	akao	attempt=1	proxy=http://wiw4v7duaymysz9-session-9b70b57feb1e-lifetime-10:***@rp.scrapegw.com:6060	ClientConnectorCertificateError: Cannot connect to host discord.com:443 ssl:True [SSLCertVerificationError: (1, "[SSL: CERTIFICATE_VERIFY_FAILED] certificate verify failed: Hostname mismatch, certificate is not valid for 'discord.com'. (_ssl.c:1081)")]
2026-09-01 18:26:03	HTTP_429	afwu	attempt=1	proxy=http://wiw4v7duaymysz9-session-5a081ca5006e-lifetime-10:***@rp.scrapegw.com:6060	scope=shared global=False retry_after=297.00s
2026-09-01 18:26:06	NETWORK	agfs	attempt=1	proxy=http://wiw4v7duaymysz9-session-b0345a6fd96a-lifetime-10:***@rp.scrapegw.com:6060	ClientConnectorError: Cannot connect to host discord.com:443 ssl:default [Connection reset by peer]
2026-09-01 18:26:06	NETWORK	afgj	attempt=1	proxy=http://wiw4v7duaymysz9-session-2877e6393135-lifetime-10:***@rp.scrapegw.com:6060	ClientConnectorError: Cannot connect to host discord.com:443 ssl:default [Connection reset by peer]
2026-09-01 18:26:07	NETWORK	acps	attempt=1	proxy=http://wiw4v7duaymysz9-session-5275ba6990a1-lifetime-10:***@rp.scrapegw.com:6060	ClientConnectorError: Cannot connect to host discord.com:443 ssl:default [Connection reset by peer]
2026-09-01 18:26:07	NETWORK	adbw	attempt=1	proxy=http://wiw4v7duaymysz9-session-3fe4fb027290-lifetime-10:***@rp.scrapegw.com:6060	ClientConnectorError: Cannot connect to host discord.com:443 ssl:default [Connection reset by peer]
2026-09-01 18:26:07	NETWORK	acud	attempt=1	proxy=http://wiw4v7duaymysz9-session-9ffa3d7f2b2c-lifetime-10:***@rp.scrapegw.com:6060	ClientConnectorError: Cannot connect to host discord.com:443 ssl:default [Connection reset by peer]
2026-09-01 18:26:08	NETWORK	aaue	attempt=1	proxy=http://wiw4v7duaymysz9-session-a834cc492a20-lifetime-10:***@rp.scrapegw.com:6060	ClientConnectorError: Cannot connect to host discord.com:443 ssl:default [Connection reset by peer]
2026-09-01 18:26:08	HTTP_429	acyn	attempt=1	proxy=http://wiw4v7duaymysz9-session-f813f904c609-lifetime-10:***@rp.scrapegw.com:6060	scope=shared global=False retry_after=438.00s
2026-09-01 18:26:08	NETWORK	abvm	attempt=1	proxy=http://wiw4v7duaymysz9-session-fdb17128cafb-lifetime-10:***@rp.scrapegw.com:6060	ClientConnectorError: Cannot connect to host discord.com:443 ssl:default [Connection reset by peer]
2026-09-01 18:26:09	NETWORK	aaxt	attempt=1	proxy=http://wiw4v7duaymysz9-session-ec7c5d9a278d-lifetime-10:***@rp.scrapegw.com:6060	ClientConnectorError: Cannot connect to host discord.com:443 ssl:default [Connection reset by peer]
2026-09-01 18:26:09	NETWORK	aegj	attempt=1	proxy=http://wiw4v7duaymysz9-session-a63725a3bad9-lifetime-10:***@rp.scrapegw.com:6060	ClientConnectorError: Cannot connect to host discord.com:443 ssl:default [Connection reset by peer]
2026-09-01 18:26:09	NETWORK	ahym	attempt=1	proxy=http://wiw4v7duaymysz9-session-3f601161e68a-lifetime-10:***@rp.scrapegw.com:6060	ClientConnectorError: Cannot connect to host discord.com:443 ssl:default [Connection reset by peer]
2026-09-01 18:26:10	NETWORK	afyb	attempt=1	proxy=http://wiw4v7duaymysz9-session-515c534638eb-lifetime-10:***@rp.scrapegw.com:6060	ClientConnectorError: Cannot connect to host discord.com:443 ssl:default [Connection reset by peer]
2026-09-01 18:26:10	HTTP_429	afch	attempt=1	proxy=http://wiw4v7duaymysz9-session-0194293074a0-lifetime-10:***@rp.scrapegw.com:6060	scope=shared global=False retry_after=1241.00s
2026-09-01 18:26:10	NETWORK	ahfs	attempt=1	proxy=http://wiw4v7duaymysz9-session-e9935f82a0a4-lifetime-10:***@rp.scrapegw.com:6060	ClientConnectorError: Cannot connect to host discord.com:443 ssl:default [Connection reset by peer]
2026-09-01 18:26:10	NETWORK	abji	attempt=1	proxy=http://wiw4v7duaymysz9-session-c108c502d870-lifetime-10:***@rp.scrapegw.com:6060	ConnectionTimeoutError: Connection timeout to host https://discord.com/api/v9/unique-username/username-attempt-unauthed
2026-09-01 18:26:10	NETWORK	afbi	attempt=1	proxy=http://wiw4v7duaymysz9-session-27fc59471a63-lifetime-10:***@rp.scrapegw.com:6060	ConnectionTimeoutError: Connection timeout to host https://discord.com/api/v9/unique-username/username-attempt-unauthed
2026-09-01 18:26:10	NETWORK	adcr	attempt=1	proxy=http://wiw4v7duaymysz9-session-e2b950744a38-lifetime-10:***@rp.scrapegw.com:6060	ConnectionTimeoutError: Connection timeout to host https://discord.com/api/v9/unique-username/username-attempt-unauthed
2026-09-01 18:26:10	NETWORK	adch	attempt=1	proxy=http://wiw4v7duaymysz9-session-f47a29cbcc30-lifetime-10:***@rp.scrapegw.com:6060	ConnectionTimeoutError: Connection timeout to host https://discord.com/api/v9/unique-username/username-attempt-unauthed
2026-09-01 18:26:10	NETWORK	afac	attempt=1	proxy=http://wiw4v7duaymysz9-session-7e0ee6e6822c-lifetime-10:***@rp.scrapegw.com:6060	ConnectionTimeoutError: Connection timeout to host https://discord.com/api/v9/unique-username/username-attempt-unauthed
2026-09-01 18:26:10	NETWORK	aezw	attempt=1	proxy=http://wiw4v7duaymysz9-session-f3e00a425ae6-lifetime-10:***@rp.scrapegw.com:6060	ConnectionTimeoutError: Connection timeout to host https://discord.com/api/v9/unique-username/username-attempt-unauthed
2026-09-01 18:26:10	NETWORK	akba	attempt=1	proxy=http://wiw4v7duaymysz9-session-48869346a41d-lifetime-10:***@rp.scrapegw.com:6060	ConnectionTimeoutError: Connection timeout to host https://discord.com/api/v9/unique-username/username-attempt-unauthed
2026-09-01 18:26:10	NETWORK	abja	attempt=1	proxy=http://wiw4v7duaymysz9-session-ea916b9aec1b-lifetime-10:***@rp.scrapegw.com:6060	ConnectionTimeoutError: Connection timeout to host https://discord.com/api/v9/unique-username/username-attempt-unauthed
2026-09-01 18:26:10	NETWORK	adzr	attempt=1	proxy=http://wiw4v7duaymysz9-session-ed5fde75cc2f-lifetime-10:***@rp.scrapegw.com:6060	ConnectionTimeoutError: Connection timeout to host https://discord.com/api/v9/unique-username/username-attempt-unauthed
2026-09-01 18:26:10	NETWORK	aeyy	attempt=1	proxy=http://wiw4v7duaymysz9-session-48531f513d4a-lifetime-10:***@rp.scrapegw.com:6060	ConnectionTimeoutError: Connection timeout to host https://discord.com/api/v9/unique-username/username-attempt-unauthed
2026-09-01 18:26:10	NETWORK	ajcr	attempt=1	proxy=http://wiw4v7duaymysz9-session-52f0754d6e0a-lifetime-10:***@rp.scrapegw.com:6060	ConnectionTimeoutError: Connection timeout to host https://discord.com/api/v9/unique-username/username-attempt-unauthed
2026-09-01 18:26:10	NETWORK	adca	attempt=1	proxy=http://wiw4v7duaymysz9-session-a28ea39bcb22-lifetime-10:***@rp.scrapegw.com:6060	ConnectionTimeoutError: Connection timeout to host https://discord.com/api/v9/unique-username/username-attempt-unauthed
2026-09-01 18:26:10	NETWORK	aexl	attempt=1	proxy=http://wiw4v7duaymysz9-session-63af30b1ec46-lifetime-10:***@rp.scrapegw.com:6060	ConnectionTimeoutError: Connection timeout to host https://discord.com/api/v9/unique-username/username-attempt-unauthed
2026-09-01 18:26:10	NETWORK	adbu	attempt=1	proxy=http://wiw4v7duaymysz9-session-3874e3ed958f-lifetime-10:***@rp.scrapegw.com:6060	ConnectionTimeoutError: Connection timeout to host https://discord.com/api/v9/unique-username/username-attempt-unauthed
2026-09-01 18:26:10	NETWORK	aase	attempt=1	proxy=http://wiw4v7duaymysz9-session-edf199da2cab-lifetime-10:***@rp.scrapegw.com:6060	ConnectionTimeoutError: Connection timeout to host https://discord.com/api/v9/unique-username/username-attempt-unauthed
2026-09-01 18:26:10	NETWORK	aevc	attempt=1	proxy=http://wiw4v7duaymysz9-session-1f6b17ca0896-lifetime-10:***@rp.scrapegw.com:6060	ConnectionTimeoutError: Connection timeout to host https://discord.com/api/v9/unique-username/username-attempt-unauthed
2026-09-01 18:26:10	NETWORK	adaq	attempt=1	proxy=http://wiw4v7duaymysz9-session-5b6d0fa84ef7-lifetime-10:***@rp.scrapegw.com:6060	ConnectionTimeoutError: Connection timeout to host https://discord.com/api/v9/unique-username/username-attempt-unauthed
2026-09-01 18:26:10	NETWORK	afak	attempt=1	proxy=http://wiw4v7duaymysz9-session-5923b875c995-lifetime-10:***@rp.scrapegw.com:6060	ConnectionTimeoutError: Connection timeout to host https://discord.com/api/v9/unique-username/username-attempt-unauthed
2026-09-01 18:26:10	NETWORK	aewv	attempt=1	proxy=http://wiw4v7duaymysz9-session-6f53a3389a11-lifetime-10:***@rp.scrapegw.com:6060	ConnectionTimeoutError: Connection timeout to host https://discord.com/api/v9/unique-username/username-attempt-unauthed
2026-09-01 18:26:10	NETWORK	ajez	attempt=1	proxy=http://wiw4v7duaymysz9-session-eeb401feb2e3-lifetime-10:***@rp.scrapegw.com:6060	ConnectionTimeoutError: Connection timeout to host https://discord.com/api/v9/unique-username/username-attempt-unauthed
2026-09-01 18:26:10	NETWORK	aewc	attempt=1	proxy=http://wiw4v7duaymysz9-session-fe12d2cdc7cc-lifetime-10:***@rp.scrapegw.com:6060	ConnectionTimeoutError: Connection timeout to host https://discord.com/api/v9/unique-username/username-attempt-unauthed
2026-09-01 18:26:10	NETWORK	adbj	attempt=1	proxy=http://wiw4v7duaymysz9-session-657e86aa42a1-lifetime-10:***@rp.scrapegw.com:6060	ConnectionTimeoutError: Connection timeout to host https://discord.com/api/v9/unique-username/username-attempt-unauthed
2026-09-01 18:26:10	NETWORK	adbc	attempt=1	proxy=http://wiw4v7duaymysz9-session-49cecf6f0060-lifetime-10:***@rp.scrapegw.com:6060	ConnectionTimeoutError: Connection timeout to host https://discord.com/api/v9/unique-username/username-attempt-unauthed
2026-09-01 18:26:10	NETWORK	aevy	attempt=1	proxy=http://wiw4v7duaymysz9-session-8b06dd0dcaf7-lifetime-10:***@rp.scrapegw.com:6060	ConnectionTimeoutError: Connection timeout to host https://discord.com/api/v9/unique-username/username-attempt-unauthed
2026-09-01 18:26:10	NETWORK	afbo	attempt=1	proxy=http://wiw4v7duaymysz9-session-fc8351b8c306-lifetime-10:***@rp.scrapegw.com:6060	ConnectionTimeoutError: Connection timeout to host https://discord.com/api/v9/unique-username/username-attempt-unauthed
2026-09-01 18:26:10	NETWORK	adef	attempt=1	proxy=http://wiw4v7duaymysz9-session-b829b7f6ef9e-lifetime-10:***@rp.scrapegw.com:6060	ConnectionTimeoutError: Connection timeout to host https://discord.com/api/v9/unique-username/username-attempt-unauthed
2026-09-01 18:26:10	NETWORK	afau	attempt=1	proxy=http://wiw4v7duaymysz9-session-4ceb43db1dfa-lifetime-10:***@rp.scrapegw.com:6060	ConnectionTimeoutError: Connection timeout to host https://discord.com/api/v9/unique-username/username-attempt-unauthed
2026-09-01 18:26:10	NETWORK	ajpt	attempt=1	proxy=http://wiw4v7duaymysz9-session-0cc4700ff8f5-lifetime-10:***@rp.scrapegw.com:6060	ConnectionTimeoutError: Connection timeout to host https://discord.com/api/v9/unique-username/username-attempt-unauthed
2026-09-01 18:26:10	NETWORK	aiwe	attempt=1	proxy=http://wiw4v7duaymysz9-session-c2cc6d3468f5-lifetime-10:***@rp.scrapegw.com:6060	ConnectionTimeoutError: Connection timeout to host https://discord.com/api/v9/unique-username/username-attempt-unauthed
2026-09-01 18:26:10	NETWORK	afby	attempt=1	proxy=http://wiw4v7duaymysz9-session-d9b4c37ba9bb-lifetime-10:***@rp.scrapegw.com:6060	ConnectionTimeoutError: Connection timeout to host https://discord.com/api/v9/unique-username/username-attempt-unauthed
2026-09-01 18:26:10	NETWORK	ajvj	attempt=1	proxy=http://wiw4v7duaymysz9-session-dc9e495cff9b-lifetime-10:***@rp.scrapegw.com:6060	ConnectionTimeoutError: Connection timeout to host https://discord.com/api/v9/unique-username/username-attempt-unauthed
2026-09-01 18:26:10	NETWORK	aevj	attempt=1	proxy=http://wiw4v7duaymysz9-session-5044b6c36f14-lifetime-10:***@rp.scrapegw.com:6060	ConnectionTimeoutError: Connection timeout to host https://discord.com/api/v9/unique-username/username-attempt-unauthed
2026-09-01 18:26:10	NETWORK	aimm	attempt=1	proxy=http://wiw4v7duaymysz9-session-700dcfc42851-lifetime-10:***@rp.scrapegw.com:6060	ConnectionTimeoutError: Connection timeout to host https://discord.com/api/v9/unique-username/username-attempt-unauthed
2026-09-01 18:26:10	NETWORK	aexe	attempt=1	proxy=http://wiw4v7duaymysz9-session-9aca7d2fdea8-lifetime-10:***@rp.scrapegw.com:6060	ConnectionTimeoutError: Connection timeout to host https://discord.com/api/v9/unique-username/username-attempt-unauthed
2026-09-01 18:26:10	NETWORK	ahqu	attempt=1	proxy=http://wiw4v7duaymysz9-session-c61479ed1cd6-lifetime-10:***@rp.scrapegw.com:6060	ConnectionTimeoutError: Connection timeout to host https://discord.com/api/v9/unique-username/username-attempt-unauthed
2026-09-01 18:26:10	NETWORK	aaat	attempt=1	proxy=http://wiw4v7duaymysz9-session-3423ef0a8c7a-lifetime-10:***@rp.scrapegw.com:6060	ConnectionTimeoutError: Connection timeout to host https://discord.com/api/v9/unique-username/username-attempt-unauthed
2026-09-01 18:26:10	NETWORK	adei	attempt=1	proxy=http://wiw4v7duaymysz9-session-93385187d952-lifetime-10:***@rp.scrapegw.com:6060	ConnectionTimeoutError: Connection timeout to host https://discord.com/api/v9/unique-username/username-attempt-unauthed
2026-09-01 18:26:10	NETWORK	adfa	attempt=1	proxy=http://wiw4v7duaymysz9-session-b0bdf8236607-lifetime-10:***@rp.scrapegw.com:6060	ConnectionTimeoutError: Connection timeout to host https://discord.com/api/v9/unique-username/username-attempt-unauthed
2026-09-01 18:26:10	NETWORK	abhw	attempt=1	proxy=http://wiw4v7duaymysz9-session-a50d4919eed0-lifetime-10:***@rp.scrapegw.com:6060	ConnectionTimeoutError: Connection timeout to host https://discord.com/api/v9/unique-username/username-attempt-unauthed
2026-09-01 18:26:10	NETWORK	abjl	attempt=1	proxy=http://wiw4v7duaymysz9-session-c8fa0cf8f4bb-lifetime-10:***@rp.scrapegw.com:6060	ConnectionTimeoutError: Connection timeout to host https://discord.com/api/v9/unique-username/username-attempt-unauthed
2026-09-01 18:26:10	NETWORK	ajbj	attempt=1	proxy=http://wiw4v7duaymysz9-session-a9f5f6ec9af9-lifetime-10:***@rp.scrapegw.com:6060	ConnectionTimeoutError: Connection timeout to host https://discord.com/api/v9/unique-username/username-attempt-unauthed
2026-09-01 18:26:10	NETWORK	aesu	attempt=1	proxy=http://wiw4v7duaymysz9-session-ca224474f212-lifetime-10:***@rp.scrapegw.com:6060	ConnectionTimeoutError: Connection timeout to host https://discord.com/api/v9/unique-username/username-attempt-unauthed
2026-09-01 18:26:10	NETWORK	aevi	attempt=1	proxy=http://wiw4v7duaymysz9-session-3663261c4288-lifetime-10:***@rp.scrapegw.com:6060	ConnectionTimeoutError: Connection timeout to host https://discord.com/api/v9/unique-username/username-attempt-unauthed
2026-09-01 18:26:10	NETWORK	aerx	attempt=1	proxy=http://wiw4v7duaymysz9-session-ef992f1537a9-lifetime-10:***@rp.scrapegw.com:6060	ConnectionTimeoutError: Connection timeout to host https://discord.com/api/v9/unique-username/username-attempt-unauthed
2026-09-01 18:26:10	NETWORK	abgw	attempt=1	proxy=http://wiw4v7duaymysz9-session-d6b3a4ee0d8f-lifetime-10:***@rp.scrapegw.com:6060	ConnectionTimeoutError: Connection timeout to host https://discord.com/api/v9/unique-username/username-attempt-unauthed
2026-09-01 18:26:10	NETWORK	acyi	attempt=1	proxy=http://wiw4v7duaymysz9-session-a0b5f2c20d22-lifetime-10:***@rp.scrapegw.com:6060	ConnectionTimeoutError: Connection timeout to host https://discord.com/api/v9/unique-username/username-attempt-unauthed
2026-09-01 18:26:10	NETWORK	ajfk	attempt=1	proxy=http://wiw4v7duaymysz9-session-e2742ef95018-lifetime-10:***@rp.scrapegw.com:6060	ConnectionTimeoutError: Connection timeout to host https://discord.com/api/v9/unique-username/username-attempt-unauthed
2026-09-01 18:26:10	NETWORK	acyk	attempt=1	proxy=http://wiw4v7duaymysz9-session-cccbcbf943b2-lifetime-10:***@rp.scrapegw.com:6060	ConnectionTimeoutError: Connection timeout to host https://discord.com/api/v9/unique-username/username-attempt-unauthed
2026-09-01 18:26:10	NETWORK	afcr	attempt=1	proxy=http://wiw4v7duaymysz9-session-4c3eea8125f2-lifetime-10:***@rp.scrapegw.com:6060	ConnectionTimeoutError: Connection timeout to host https://discord.com/api/v9/unique-username/username-attempt-unauthed
2026-09-01 18:26:10	NETWORK	aaip	attempt=1	proxy=http://wiw4v7duaymysz9-session-b1796204566f-lifetime-10:***@rp.scrapegw.com:6060	ConnectionTimeoutError: Connection timeout to host https://discord.com/api/v9/unique-username/username-attempt-unauthed
2026-09-01 18:26:10	NETWORK	aeqa	attempt=1	proxy=http://wiw4v7duaymysz9-session-00cb22b186c9-lifetime-10:***@rp.scrapegw.com:6060	ConnectionTimeoutError: Connection timeout to host https://discord.com/api/v9/unique-username/username-attempt-unauthed
2026-09-01 18:26:10	NETWORK	aequ	attempt=1	proxy=http://wiw4v7duaymysz9-session-93b92137bef4-lifetime-10:***@rp.scrapegw.com:6060	ConnectionTimeoutError: Connection timeout to host https://discord.com/api/v9/unique-username/username-attempt-unauthed
2026-09-01 18:26:10	NETWORK	ahtf	attempt=1	proxy=http://wiw4v7duaymysz9-session-2ff491195e0c-lifetime-10:***@rp.scrapegw.com:6060	ConnectionTimeoutError: Connection timeout to host https://discord.com/api/v9/unique-username/username-attempt-unauthed
2026-09-01 18:26:10	NETWORK	abgv	attempt=1	proxy=http://wiw4v7duaymysz9-session-b749bc35a082-lifetime-10:***@rp.scrapegw.com:6060	ConnectionTimeoutError: Connection timeout to host https://discord.com/api/v9/unique-username/username-attempt-unauthed
2026-09-01 18:26:10	NETWORK	aeta	attempt=1	proxy=http://wiw4v7duaymysz9-session-9d3595d2661a-lifetime-10:***@rp.scrapegw.com:6060	ConnectionTimeoutError: Connection timeout to host https://discord.com/api/v9/unique-username/username-attempt-unauthed
2026-09-01 18:26:10	NETWORK	ajrk	attempt=1	proxy=http://wiw4v7duaymysz9-session-717fededd8c6-lifetime-10:***@rp.scrapegw.com:6060	ConnectionTimeoutError: Connection timeout to host https://discord.com/api/v9/unique-username/username-attempt-unauthed
2026-09-01 18:26:10	NETWORK	afcu	attempt=1	proxy=http://wiw4v7duaymysz9-session-f885f276f14f-lifetime-10:***@rp.scrapegw.com:6060	ConnectionTimeoutError: Connection timeout to host https://discord.com/api/v9/unique-username/username-attempt-unauthed
2026-09-01 18:26:10	NETWORK	aegd	attempt=1	proxy=http://wiw4v7duaymysz9-session-e822d1529017-lifetime-10:***@rp.scrapegw.com:6060	ConnectionTimeoutError: Connection timeout to host https://discord.com/api/v9/unique-username/username-attempt-unauthed
2026-09-01 18:26:10	NETWORK	aepm	attempt=1	proxy=http://wiw4v7duaymysz9-session-330995518b6b-lifetime-10:***@rp.scrapegw.com:6060	ConnectionTimeoutError: Connection timeout to host https://discord.com/api/v9/unique-username/username-attempt-unauthed
2026-09-01 18:26:10	NETWORK	aeru	attempt=1	proxy=http://wiw4v7duaymysz9-session-362cdb0dd80e-lifetime-10:***@rp.scrapegw.com:6060	ConnectionTimeoutError: Connection timeout to host https://discord.com/api/v9/unique-username/username-attempt-unauthed
2026-09-01 18:26:10	NETWORK	aeps	attempt=1	proxy=http://wiw4v7duaymysz9-session-b3d087e8bf5c-lifetime-10:***@rp.scrapegw.com:6060	ConnectionTimeoutError: Connection timeout to host https://discord.com/api/v9/unique-username/username-attempt-unauthed
2026-09-01 18:26:10	NETWORK	aetu	attempt=1	proxy=http://wiw4v7duaymysz9-session-1908a1b77e0e-lifetime-10:***@rp.scrapegw.com:6060	ConnectionTimeoutError: Connection timeout to host https://discord.com/api/v9/unique-username/username-attempt-unauthed
2026-09-01 18:26:10	NETWORK	aepz	attempt=1	proxy=http://wiw4v7duaymysz9-session-efd341accb3d-lifetime-10:***@rp.scrapegw.com:6060	ConnectionTimeoutError: Connection timeout to host https://discord.com/api/v9/unique-username/username-attempt-unauthed
2026-09-01 18:26:10	NETWORK	acvl	attempt=1	proxy=http://wiw4v7duaymysz9-session-c3c5ecfabdb7-lifetime-10:***@rp.scrapegw.com:6060	ConnectionTimeoutError: Connection timeout to host https://discord.com/api/v9/unique-username/username-attempt-unauthed
2026-09-01 18:26:10	NETWORK	aaaw	attempt=1	proxy=http://wiw4v7duaymysz9-session-f1b9886d3981-lifetime-10:***@rp.scrapegw.com:6060	ConnectionTimeoutError: Connection timeout to host https://discord.com/api/v9/unique-username/username-attempt-unauthed
2026-09-01 18:26:10	NETWORK	aeft	attempt=1	proxy=http://wiw4v7duaymysz9-session-c73809a7920d-lifetime-10:***@rp.scrapegw.com:6060	ConnectionTimeoutError: Connection timeout to host https://discord.com/api/v9/unique-username/username-attempt-unauthed
2026-09-01 18:26:10	NETWORK	aeot	attempt=1	proxy=http://wiw4v7duaymysz9-session-c233e99681f7-lifetime-10:***@rp.scrapegw.com:6060	ConnectionTimeoutError: Connection timeout to host https://discord.com/api/v9/unique-username/username-attempt-unauthed
2026-09-01 18:26:10	NETWORK	acyy	attempt=1	proxy=http://wiw4v7duaymysz9-session-dfddc05db7b9-lifetime-10:***@rp.scrapegw.com:6060	ConnectionTimeoutError: Connection timeout to host https://discord.com/api/v9/unique-username/username-attempt-unauthed
2026-09-01 18:26:10	NETWORK	aapa	attempt=1	proxy=http://wiw4v7duaymysz9-session-bd3800623ef1-lifetime-10:***@rp.scrapegw.com:6060	ConnectionTimeoutError: Connection timeout to host https://discord.com/api/v9/unique-username/username-attempt-unauthed
2026-09-01 18:26:10	NETWORK	acuw	attempt=1	proxy=http://wiw4v7duaymysz9-session-3ac1a430d1b8-lifetime-10:***@rp.scrapegw.com:6060	ConnectionTimeoutError: Connection timeout to host https://discord.com/api/v9/unique-username/username-attempt-unauthed
2026-09-01 18:26:10	NETWORK	ahlp	attempt=1	proxy=http://wiw4v7duaymysz9-session-7288937bdb13-lifetime-10:***@rp.scrapegw.com:6060	ConnectionTimeoutError: Connection timeout to host https://discord.com/api/v9/unique-username/username-attempt-unauthed
2026-09-01 18:26:10	NETWORK	adqt	attempt=1	proxy=http://wiw4v7duaymysz9-session-3251a0229a11-lifetime-10:***@rp.scrapegw.com:6060	ConnectionTimeoutError: Connection timeout to host https://discord.com/api/v9/unique-username/username-attempt-unauthed
2026-09-01 18:26:10	NETWORK	afcv	attempt=1	proxy=http://wiw4v7duaymysz9-session-4b810616a89d-lifetime-10:***@rp.scrapegw.com:6060	ConnectionTimeoutError: Connection timeout to host https://discord.com/api/v9/unique-username/username-attempt-unauthed
2026-09-01 18:26:10	NETWORK	aaex	attempt=1	proxy=http://wiw4v7duaymysz9-session-ebc602190b0f-lifetime-10:***@rp.scrapegw.com:6060	ConnectionTimeoutError: Connection timeout to host https://discord.com/api/v9/unique-username/username-attempt-unauthed
2026-09-01 18:26:10	NETWORK	aeue	attempt=1	proxy=http://wiw4v7duaymysz9-session-e02a5f75df03-lifetime-10:***@rp.scrapegw.com:6060	ConnectionTimeoutError: Connection timeout to host https://discord.com/api/v9/unique-username/username-attempt-unauthed
2026-09-01 18:26:10	NETWORK	afds	attempt=1	proxy=http://wiw4v7duaymysz9-session-052dc17cf0c2-lifetime-10:***@rp.scrapegw.com:6060	ConnectionTimeoutError: Connection timeout to host https://discord.com/api/v9/unique-username/username-attempt-unauthed
2026-09-01 18:26:10	NETWORK	aemo	attempt=1	proxy=http://wiw4v7duaymysz9-session-d6e443b72971-lifetime-10:***@rp.scrapegw.com:6060	ConnectionTimeoutError: Connection timeout to host https://discord.com/api/v9/unique-username/username-attempt-unauthed
2026-09-01 18:26:10	NETWORK	abfv	attempt=1	proxy=http://wiw4v7duaymysz9-session-55dace20f804-lifetime-10:***@rp.scrapegw.com:6060	ConnectionTimeoutError: Connection timeout to host https://discord.com/api/v9/unique-username/username-attempt-unauthed
2026-09-01 18:26:10	NETWORK	actl	attempt=1	proxy=http://wiw4v7duaymysz9-session-b04ea5d9f009-lifetime-10:***@rp.scrapegw.com:6060	ConnectionTimeoutError: Connection timeout to host https://discord.com/api/v9/unique-username/username-attempt-unauthed
2026-09-01 18:26:10	NETWORK	adfi	attempt=1	proxy=http://wiw4v7duaymysz9-session-39d9567feb6e-lifetime-10:***@rp.scrapegw.com:6060	ConnectionTimeoutError: Connection timeout to host https://discord.com/api/v9/unique-username/username-attempt-unauthed
2026-09-01 18:26:10	NETWORK	aemp	attempt=1	proxy=http://wiw4v7duaymysz9-session-d4d35b6bcf12-lifetime-10:***@rp.scrapegw.com:6060	ConnectionTimeoutError: Connection timeout to host https://discord.com/api/v9/unique-username/username-attempt-unauthed
2026-09-01 18:26:10	NETWORK	abkj	attempt=1	proxy=http://wiw4v7duaymysz9-session-d6a78d99f2cd-lifetime-10:***@rp.scrapegw.com:6060	ConnectionTimeoutError: Connection timeout to host https://discord.com/api/v9/unique-username/username-attempt-unauthed
2026-09-01 18:26:10	NETWORK	aemg	attempt=1	proxy=http://wiw4v7duaymysz9-session-6e8db877b9ed-lifetime-10:***@rp.scrapegw.com:6060	ConnectionTimeoutError: Connection timeout to host https://discord.com/api/v9/unique-username/username-attempt-unauthed
2026-09-01 18:26:10	NETWORK	aegb	attempt=1	proxy=http://wiw4v7duaymysz9-session-d9f56ac43f70-lifetime-10:***@rp.scrapegw.com:6060	ConnectionTimeoutError: Connection timeout to host https://discord.com/api/v9/unique-username/username-attempt-unauthed
2026-09-01 18:26:10	NETWORK	aeum	attempt=1	proxy=http://wiw4v7duaymysz9-session-4b469f1c458e-lifetime-10:***@rp.scrapegw.com:6060	ConnectionTimeoutError: Connection timeout to host https://discord.com/api/v9/unique-username/username-attempt-unauthed
2026-09-01 18:26:10	NETWORK	ajnu	attempt=1	proxy=http://wiw4v7duaymysz9-session-819cfc1110ab-lifetime-10:***@rp.scrapegw.com:6060	ConnectionTimeoutError: Connection timeout to host https://discord.com/api/v9/unique-username/username-attempt-unauthed
2026-09-01 18:26:10	NETWORK	aasz	attempt=1	proxy=http://wiw4v7duaymysz9-session-089b3f9dc984-lifetime-10:***@rp.scrapegw.com:6060	ConnectionTimeoutError: Connection timeout to host https://discord.com/api/v9/unique-username/username-attempt-unauthed
2026-09-01 18:26:10	NETWORK	ajnx	attempt=1	proxy=http://wiw4v7duaymysz9-session-c1dea1c7b5bc-lifetime-10:***@rp.scrapegw.com:6060	ConnectionTimeoutError: Connection timeout to host https://discord.com/api/v9/unique-username/username-attempt-unauthed
2026-09-01 18:26:10	NETWORK	aemq	attempt=1	proxy=http://wiw4v7duaymysz9-session-190a2daf444a-lifetime-10:***@rp.scrapegw.com:6060	ConnectionTimeoutError: Connection timeout to host https://discord.com/api/v9/unique-username/username-attempt-unauthed
2026-09-01 18:26:10	NETWORK	aedg	attempt=1	proxy=http://wiw4v7duaymysz9-session-346193cedd93-lifetime-10:***@rp.scrapegw.com:6060	ConnectionTimeoutError: Connection timeout to host https://discord.com/api/v9/unique-username/username-attempt-unauthed
2026-09-01 18:26:10	NETWORK	ahrx	attempt=1	proxy=http://wiw4v7duaymysz9-session-82a66af30b48-lifetime-10:***@rp.scrapegw.com:6060	ConnectionTimeoutError: Connection timeout to host https://discord.com/api/v9/unique-username/username-attempt-unauthed
2026-09-01 18:26:10	NETWORK	aaim	attempt=1	proxy=http://wiw4v7duaymysz9-session-ae15f2d62e67-lifetime-10:***@rp.scrapegw.com:6060	ConnectionTimeoutError: Connection timeout to host https://discord.com/api/v9/unique-username/username-attempt-unauthed
2026-09-01 18:26:10	NETWORK	aekf	attempt=1	proxy=http://wiw4v7duaymysz9-session-a9f4ee7835bf-lifetime-10:***@rp.scrapegw.com:6060	ConnectionTimeoutError: Connection timeout to host https://discord.com/api/v9/unique-username/username-attempt-unauthed
2026-09-01 18:26:10	NETWORK	aefu	attempt=1	proxy=http://wiw4v7duaymysz9-session-86aaef5c67db-lifetime-10:***@rp.scrapegw.com:6060	ConnectionTimeoutError: Connection timeout to host https://discord.com/api/v9/unique-username/username-attempt-unauthed
2026-09-01 18:26:10	NETWORK	adfs	attempt=1	proxy=http://wiw4v7duaymysz9-session-6735bcbf975c-lifetime-10:***@rp.scrapegw.com:6060	ConnectionTimeoutError: Connection timeout to host https://discord.com/api/v9/unique-username/username-attempt-unauthed
2026-09-01 18:26:10	NETWORK	aekm	attempt=1	proxy=http://wiw4v7duaymysz9-session-ccc993f0aec0-lifetime-10:***@rp.scrapegw.com:6060	ConnectionTimeoutError: Connection timeout to host https://discord.com/api/v9/unique-username/username-attempt-unauthed
2026-09-01 18:26:10	NETWORK	adsq	attempt=1	proxy=http://wiw4v7duaymysz9-session-4f042ef2c35b-lifetime-10:***@rp.scrapegw.com:6060	ConnectionTimeoutError: Connection timeout to host https://discord.com/api/v9/unique-username/username-attempt-unauthed
2026-09-01 18:26:10	NETWORK	acuq	attempt=1	proxy=http://wiw4v7duaymysz9-session-4682a98686b9-lifetime-10:***@rp.scrapegw.com:6060	ConnectionTimeoutError: Connection timeout to host https://discord.com/api/v9/unique-username/username-attempt-unauthed
2026-09-01 18:26:10	NETWORK	abep	attempt=1	proxy=http://wiw4v7duaymysz9-session-a69b6ad0093f-lifetime-10:***@rp.scrapegw.com:6060	ConnectionTimeoutError: Connection timeout to host https://discord.com/api/v9/unique-username/username-attempt-unauthed
2026-09-01 18:26:10	NETWORK	aaew	attempt=1	proxy=http://wiw4v7duaymysz9-session-c884f5d16f08-lifetime-10:***@rp.scrapegw.com:6060	ConnectionTimeoutError: Connection timeout to host https://discord.com/api/v9/unique-username/username-attempt-unauthed
2026-09-01 18:26:10	NETWORK	aenf	attempt=1	proxy=http://wiw4v7duaymysz9-session-9fb19ac6c713-lifetime-10:***@rp.scrapegw.com:6060	ConnectionTimeoutError: Connection timeout to host https://discord.com/api/v9/unique-username/username-attempt-unauthed
2026-09-01 18:26:10	NETWORK	aeds	attempt=1	proxy=http://wiw4v7duaymysz9-session-069a08a5a4a6-lifetime-10:***@rp.scrapegw.com:6060	ConnectionTimeoutError: Connection timeout to host https://discord.com/api/v9/unique-username/username-attempt-unauthed
2026-09-01 18:26:10	NETWORK	aeur	attempt=1	proxy=http://wiw4v7duaymysz9-session-5d432da8a315-lifetime-10:***@rp.scrapegw.com:6060	ConnectionTimeoutError: Connection timeout to host https://discord.com/api/v9/unique-username/username-attempt-unauthed
2026-09-01 18:26:10	NETWORK	aejy	attempt=1	proxy=http://wiw4v7duaymysz9-session-3542bc503e0d-lifetime-10:***@rp.scrapegw.com:6060	ConnectionTimeoutError: Connection timeout to host https://discord.com/api/v9/unique-username/username-attempt-unauthed
2026-09-01 18:26:10	NETWORK	afhh	attempt=1	proxy=http://wiw4v7duaymysz9-session-eb9c0d2b5860-lifetime-10:***@rp.scrapegw.com:6060	ConnectionTimeoutError: Connection timeout to host https://discord.com/api/v9/unique-username/username-attempt-unauthed
2026-09-01 18:26:10	NETWORK	afgp	attempt=1	proxy=http://wiw4v7duaymysz9-session-1d767fc1e19d-lifetime-10:***@rp.scrapegw.com:6060	ConnectionTimeoutError: Connection timeout to host https://discord.com/api/v9/unique-username/username-attempt-unauthed
2026-09-01 18:26:10	NETWORK	ajzf	attempt=1	proxy=http://wiw4v7duaymysz9-session-c6b17bc50fc1-lifetime-10:***@rp.scrapegw.com:6060	ConnectionTimeoutError: Connection timeout to host https://discord.com/api/v9/unique-username/username-attempt-unauthed
2026-09-01 18:26:10	NETWORK	adfw	attempt=1	proxy=http://wiw4v7duaymysz9-session-d1b498508b06-lifetime-10:***@rp.scrapegw.com:6060	ConnectionTimeoutError: Connection timeout to host https://discord.com/api/v9/unique-username/username-attempt-unauthed
2026-09-01 18:26:10	NETWORK	adgh	attempt=1	proxy=http://wiw4v7duaymysz9-session-d5b711c94de3-lifetime-10:***@rp.scrapegw.com:6060	ConnectionTimeoutError: Connection timeout to host https://discord.com/api/v9/unique-username/username-attempt-unauthed
2026-09-01 18:26:10	NETWORK	afnh	attempt=1	proxy=http://wiw4v7duaymysz9-session-ab3dcf8c56cc-lifetime-10:***@rp.scrapegw.com:6060	ConnectionTimeoutError: Connection timeout to host https://discord.com/api/v9/unique-username/username-attempt-unauthed
2026-09-01 18:26:10	NETWORK	abdp	attempt=1	proxy=http://wiw4v7duaymysz9-session-41341d0a98cc-lifetime-10:***@rp.scrapegw.com:6060	ConnectionTimeoutError: Connection timeout to host https://discord.com/api/v9/unique-username/username-attempt-unauthed
2026-09-01 18:26:10	NETWORK	aczc	attempt=1	proxy=http://wiw4v7duaymysz9-session-78c45d77ddb0-lifetime-10:***@rp.scrapegw.com:6060	ConnectionTimeoutError: Connection timeout to host https://discord.com/api/v9/unique-username/username-attempt-unauthed
2026-09-01 18:26:10	NETWORK	afik	attempt=1	proxy=http://wiw4v7duaymysz9-session-130cc2774e02-lifetime-10:***@rp.scrapegw.com:6060	ConnectionTimeoutError: Connection timeout to host https://discord.com/api/v9/unique-username/username-attempt-unauthed
2026-09-01 18:26:10	NETWORK	aacy	attempt=1	proxy=http://wiw4v7duaymysz9-session-471e197e6f97-lifetime-10:***@rp.scrapegw.com:6060	ConnectionTimeoutError: Connection timeout to host https://discord.com/api/v9/unique-username/username-attempt-unauthed
2026-09-01 18:26:10	NETWORK	adgv	attempt=1	proxy=http://wiw4v7duaymysz9-session-d0951591222e-lifetime-10:***@rp.scrapegw.com:6060	ConnectionTimeoutError: Connection timeout to host https://discord.com/api/v9/unique-username/username-attempt-unauthed
2026-09-01 18:26:10	NETWORK	afnf	attempt=1	proxy=http://wiw4v7duaymysz9-session-57156c160f17-lifetime-10:***@rp.scrapegw.com:6060	ConnectionTimeoutError: Connection timeout to host https://discord.com/api/v9/unique-username/username-attempt-unauthed
2026-09-01 18:26:10	NETWORK	akaa	attempt=1	proxy=http://wiw4v7duaymysz9-session-02d028e5cfa3-lifetime-10:***@rp.scrapegw.com:6060	ConnectionTimeoutError: Connection timeout to host https://discord.com/api/v9/unique-username/username-attempt-unauthed
2026-09-01 18:26:10	NETWORK	ablq	attempt=1	proxy=http://wiw4v7duaymysz9-session-19bbaacd2a39-lifetime-10:***@rp.scrapegw.com:6060	ConnectionTimeoutError: Connection timeout to host https://discord.com/api/v9/unique-username/username-attempt-unauthed
2026-09-01 18:26:10	NETWORK	aeja	attempt=1	proxy=http://wiw4v7duaymysz9-session-cf155d9f8e4e-lifetime-10:***@rp.scrapegw.com:6060	ConnectionTimeoutError: Connection timeout to host https://discord.com/api/v9/unique-username/username-attempt-unauthed
2026-09-01 18:26:10	NETWORK	aajh	attempt=1	proxy=http://wiw4v7duaymysz9-session-ccefa0f5918d-lifetime-10:***@rp.scrapegw.com:6060	ConnectionTimeoutError: Connection timeout to host https://discord.com/api/v9/unique-username/username-attempt-unauthed
2026-09-01 18:26:10	NETWORK	aatb	attempt=1	proxy=http://wiw4v7duaymysz9-session-b4efc380fcdc-lifetime-10:***@rp.scrapegw.com:6060	ConnectionTimeoutError: Connection timeout to host https://discord.com/api/v9/unique-username/username-attempt-unauthed
2026-09-01 18:26:10	NETWORK	acol	attempt=1	proxy=http://wiw4v7duaymysz9-session-5cacbbc6e7f4-lifetime-10:***@rp.scrapegw.com:6060	ConnectionTimeoutError: Connection timeout to host https://discord.com/api/v9/unique-username/username-attempt-unauthed
2026-09-01 18:26:10	NETWORK	aaod	attempt=1	proxy=http://wiw4v7duaymysz9-session-c6abe27b0100-lifetime-10:***@rp.scrapegw.com:6060	ConnectionTimeoutError: Connection timeout to host https://discord.com/api/v9/unique-username/username-attempt-unauthed
2026-09-01 18:26:10	NETWORK	aaef	attempt=1	proxy=http://wiw4v7duaymysz9-session-e7527535bf2f-lifetime-10:***@rp.scrapegw.com:6060	ConnectionTimeoutError: Connection timeout to host https://discord.com/api/v9/unique-username/username-attempt-unauthed
2026-09-01 18:26:10	NETWORK	aeii	attempt=1	proxy=http://wiw4v7duaymysz9-session-e515efca5694-lifetime-10:***@rp.scrapegw.com:6060	ConnectionTimeoutError: Connection timeout to host https://discord.com/api/v9/unique-username/username-attempt-unauthed
2026-09-01 18:26:10	NETWORK	aeeg	attempt=1	proxy=http://wiw4v7duaymysz9-session-af5f32e07947-lifetime-10:***@rp.scrapegw.com:6060	ConnectionTimeoutError: Connection timeout to host https://discord.com/api/v9/unique-username/username-attempt-unauthed
2026-09-01 18:26:10	NETWORK	aiyj	attempt=1	proxy=http://wiw4v7duaymysz9-session-4a8f11a1546f-lifetime-10:***@rp.scrapegw.com:6060	ConnectionTimeoutError: Connection timeout to host https://discord.com/api/v9/unique-username/username-attempt-unauthed
2026-09-01 18:26:10	NETWORK	abpl	attempt=1	proxy=http://wiw4v7duaymysz9-session-ded0f8860474-lifetime-10:***@rp.scrapegw.com:6060	ConnectionTimeoutError: Connection timeout to host https://discord.com/api/v9/unique-username/username-attempt-unauthed
2026-09-01 18:26:10	NETWORK	ahrr	attempt=1	proxy=http://wiw4v7duaymysz9-session-589a8ea72ee4-lifetime-10:***@rp.scrapegw.com:6060	ConnectionTimeoutError: Connection timeout to host https://discord.com/api/v9/unique-username/username-attempt-unauthed
2026-09-01 18:26:10	NETWORK	aefr	attempt=1	proxy=http://wiw4v7duaymysz9-session-9bdbc52abf3f-lifetime-10:***@rp.scrapegw.com:6060	ConnectionTimeoutError: Connection timeout to host https://discord.com/api/v9/unique-username/username-attempt-unauthed
2026-09-01 18:26:10	NETWORK	aenl	attempt=1	proxy=http://wiw4v7duaymysz9-session-f70b7de5b4a8-lifetime-10:***@rp.scrapegw.com:6060	ConnectionTimeoutError: Connection timeout to host https://discord.com/api/v9/unique-username/username-attempt-unauthed
2026-09-01 18:26:10	NETWORK	aehm	attempt=1	proxy=http://wiw4v7duaymysz9-session-81a5e3333730-lifetime-10:***@rp.scrapegw.com:6060	ConnectionTimeoutError: Connection timeout to host https://discord.com/api/v9/unique-username/username-attempt-unauthed
2026-09-01 18:26:10	NETWORK	aehs	attempt=1	proxy=http://wiw4v7duaymysz9-session-5f469695b000-lifetime-10:***@rp.scrapegw.com:6060	ConnectionTimeoutError: Connection timeout to host https://discord.com/api/v9/unique-username/username-attempt-unauthed
2026-09-01 18:26:10	NETWORK	aehf	attempt=1	proxy=http://wiw4v7duaymysz9-session-ea2e48d91103-lifetime-10:***@rp.scrapegw.com:6060	ConnectionTimeoutError: Connection timeout to host https://discord.com/api/v9/unique-username/username-attempt-unauthed
2026-09-01 18:26:10	NETWORK	aejw	attempt=1	proxy=http://wiw4v7duaymysz9-session-73d5951dc2e7-lifetime-10:***@rp.scrapegw.com:6060	ConnectionTimeoutError: Connection timeout to host https://discord.com/api/v9/unique-username/username-attempt-unauthed
2026-09-01 18:26:10	NETWORK	aajk	attempt=1	proxy=http://wiw4v7duaymysz9-session-8052bcd09289-lifetime-10:***@rp.scrapegw.com:6060	ConnectionTimeoutError: Connection timeout to host https://discord.com/api/v9/unique-username/username-attempt-unauthed
2026-09-01 18:26:10	NETWORK	aevb	attempt=1	proxy=http://wiw4v7duaymysz9-session-a238b0a6e296-lifetime-10:***@rp.scrapegw.com:6060	ConnectionTimeoutError: Connection timeout to host https://discord.com/api/v9/unique-username/username-attempt-unauthed
2026-09-01 18:26:10	NETWORK	aczl	attempt=1	proxy=http://wiw4v7duaymysz9-session-b8896ab964e0-lifetime-10:***@rp.scrapegw.com:6060	ConnectionTimeoutError: Connection timeout to host https://discord.com/api/v9/unique-username/username-attempt-unauthed
2026-09-01 18:26:10	NETWORK	aicb	attempt=1	proxy=http://wiw4v7duaymysz9-session-97c4b23772c1-lifetime-10:***@rp.scrapegw.com:6060	ConnectionTimeoutError: Connection timeout to host https://discord.com/api/v9/unique-username/username-attempt-unauthed
2026-09-01 18:26:10	NETWORK	aebf	attempt=1	proxy=http://wiw4v7duaymysz9-session-389a403b595c-lifetime-10:***@rp.scrapegw.com:6060	ConnectionTimeoutError: Connection timeout to host https://discord.com/api/v9/unique-username/username-attempt-unauthed
2026-09-01 18:26:10	NETWORK	abgh	attempt=1	proxy=http://wiw4v7duaymysz9-session-e837c36cfee7-lifetime-10:***@rp.scrapegw.com:6060	ConnectionTimeoutError: Connection timeout to host https://discord.com/api/v9/unique-username/username-attempt-unauthed
2026-09-01 18:26:10	NETWORK	acrl	attempt=1	proxy=http://wiw4v7duaymysz9-session-adc64eb5d333-lifetime-10:***@rp.scrapegw.com:6060	ConnectionTimeoutError: Connection timeout to host https://discord.com/api/v9/unique-username/username-attempt-unauthed
2026-09-01 18:26:10	NETWORK	abdf	attempt=1	proxy=http://wiw4v7duaymysz9-session-ba31aecab55e-lifetime-10:***@rp.scrapegw.com:6060	ConnectionTimeoutError: Connection timeout to host https://discord.com/api/v9/unique-username/username-attempt-unauthed
2026-09-01 18:26:10	NETWORK	ajwg	attempt=1	proxy=http://wiw4v7duaymysz9-session-71355934f3b0-lifetime-10:***@rp.scrapegw.com:6060	ConnectionTimeoutError: Connection timeout to host https://discord.com/api/v9/unique-username/username-attempt-unauthed
2026-09-01 18:26:10	NETWORK	acqa	attempt=1	proxy=http://wiw4v7duaymysz9-session-326b4fd006ba-lifetime-10:***@rp.scrapegw.com:6060	ConnectionTimeoutError: Connection timeout to host https://discord.com/api/v9/unique-username/username-attempt-unauthed
2026-09-01 18:26:10	NETWORK	aaun	attempt=1	proxy=http://wiw4v7duaymysz9-session-8ee58c49513c-lifetime-10:***@rp.scrapegw.com:6060	ConnectionTimeoutError: Connection timeout to host https://discord.com/api/v9/unique-username/username-attempt-unauthed
2026-09-01 18:26:10	NETWORK	aftf	attempt=1	proxy=http://wiw4v7duaymysz9-session-687dff07364d-lifetime-10:***@rp.scrapegw.com:6060	ConnectionTimeoutError: Connection timeout to host https://discord.com/api/v9/unique-username/username-attempt-unauthed
2026-09-01 18:26:10	NETWORK	afno	attempt=1	proxy=http://wiw4v7duaymysz9-session-c5b02d22fde9-lifetime-10:***@rp.scrapegw.com:6060	ConnectionTimeoutError: Connection timeout to host https://discord.com/api/v9/unique-username/username-attempt-unauthed
2026-09-01 18:26:10	NETWORK	aakj	attempt=1	proxy=http://wiw4v7duaymysz9-session-a54d41610424-lifetime-10:***@rp.scrapegw.com:6060	ConnectionTimeoutError: Connection timeout to host https://discord.com/api/v9/unique-username/username-attempt-unauthed
2026-09-01 18:26:10	NETWORK	abpk	attempt=1	proxy=http://wiw4v7duaymysz9-session-9628c71d0690-lifetime-10:***@rp.scrapegw.com:6060	ConnectionTimeoutError: Connection timeout to host https://discord.com/api/v9/unique-username/username-attempt-unauthed
2026-09-01 18:26:10	NETWORK	abnu	attempt=1	proxy=http://wiw4v7duaymysz9-session-d5606752c1b5-lifetime-10:***@rp.scrapegw.com:6060	ConnectionTimeoutError: Connection timeout to host https://discord.com/api/v9/unique-username/username-attempt-unauthed
2026-09-01 18:26:10	NETWORK	aaju	attempt=1	proxy=http://wiw4v7duaymysz9-session-53ac4173342b-lifetime-10:***@rp.scrapegw.com:6060	ConnectionTimeoutError: Connection timeout to host https://discord.com/api/v9/unique-username/username-attempt-unauthed
2026-09-01 18:26:10	NETWORK	adhp	attempt=1	proxy=http://wiw4v7duaymysz9-session-d87283ad779d-lifetime-10:***@rp.scrapegw.com:6060	ConnectionTimeoutError: Connection timeout to host https://discord.com/api/v9/unique-username/username-attempt-unauthed
2026-09-01 18:26:10	NETWORK	afqi	attempt=1	proxy=http://wiw4v7duaymysz9-session-8c4760088445-lifetime-10:***@rp.scrapegw.com:6060	ConnectionTimeoutError: Connection timeout to host https://discord.com/api/v9/unique-username/username-attempt-unauthed
2026-09-01 18:26:10	NETWORK	afqf	attempt=1	proxy=http://wiw4v7duaymysz9-session-5b59c5517aaa-lifetime-10:***@rp.scrapegw.com:6060	ConnectionTimeoutError: Connection timeout to host https://discord.com/api/v9/unique-username/username-attempt-unauthed
2026-09-01 18:26:10	NETWORK	afsx	attempt=1	proxy=http://wiw4v7duaymysz9-session-7afa2a3c2884-lifetime-10:***@rp.scrapegw.com:6060	ConnectionTimeoutError: Connection timeout to host https://discord.com/api/v9/unique-username/username-attempt-unauthed
2026-09-01 18:26:10	NETWORK	adpj	attempt=1	proxy=http://wiw4v7duaymysz9-session-58993319ca54-lifetime-10:***@rp.scrapegw.com:6060	ConnectionTimeoutError: Connection timeout to host https://discord.com/api/v9/unique-username/username-attempt-unauthed
2026-09-01 18:26:10	NETWORK	ahoo	attempt=1	proxy=http://wiw4v7duaymysz9-session-3626f7c78aad-lifetime-10:***@rp.scrapegw.com:6060	ConnectionTimeoutError: Connection timeout to host https://discord.com/api/v9/unique-username/username-attempt-unauthed
2026-09-01 18:26:10	NETWORK	ahlj	attempt=1	proxy=http://wiw4v7duaymysz9-session-1aeb5dafef4a-lifetime-10:***@rp.scrapegw.com:6060	ConnectionTimeoutError: Connection timeout to host https://discord.com/api/v9/unique-username/username-attempt-unauthed
2026-09-01 18:26:10	NETWORK	adkv	attempt=1	proxy=http://wiw4v7duaymysz9-session-63e21092081e-lifetime-10:***@rp.scrapegw.com:6060	ConnectionTimeoutError: Connection timeout to host https://discord.com/api/v9/unique-username/username-attempt-unauthed
2026-09-01 18:26:10	NETWORK	afuq	attempt=1	proxy=http://wiw4v7duaymysz9-session-e3c811ba05bb-lifetime-10:***@rp.scrapegw.com:6060	ConnectionTimeoutError: Connection timeout to host https://discord.com/api/v9/unique-username/username-attempt-unauthed
2026-09-01 18:26:10	NETWORK	aafq	attempt=1	proxy=http://wiw4v7duaymysz9-session-34bb63613186-lifetime-10:***@rp.scrapegw.com:6060	ConnectionTimeoutError: Connection timeout to host https://discord.com/api/v9/unique-username/username-attempt-unauthed
2026-09-01 18:26:10	NETWORK	adkn	attempt=1	proxy=http://wiw4v7duaymysz9-session-536056041fd9-lifetime-10:***@rp.scrapegw.com:6060	ConnectionTimeoutError: Connection timeout to host https://discord.com/api/v9/unique-username/username-attempt-unauthed
2026-09-01 18:26:10	NETWORK	adqa	attempt=1	proxy=http://wiw4v7duaymysz9-session-cda1c2563d9e-lifetime-10:***@rp.scrapegw.com:6060	ConnectionTimeoutError: Connection timeout to host https://discord.com/api/v9/unique-username/username-attempt-unauthed
2026-09-01 18:26:10	NETWORK	ahke	attempt=1	proxy=http://wiw4v7duaymysz9-session-e64cc7b773c2-lifetime-10:***@rp.scrapegw.com:6060	ConnectionTimeoutError: Connection timeout to host https://discord.com/api/v9/unique-username/username-attempt-unauthed
2026-09-01 18:26:10	NETWORK	acjy	attempt=1	proxy=http://wiw4v7duaymysz9-session-388e7972dd00-lifetime-10:***@rp.scrapegw.com:6060	ConnectionTimeoutError: Connection timeout to host https://discord.com/api/v9/unique-username/username-attempt-unauthed
2026-09-01 18:26:10	NETWORK	ackl	attempt=1	proxy=http://wiw4v7duaymysz9-session-83c0dca33c79-lifetime-10:***@rp.scrapegw.com:6060	ConnectionTimeoutError: Connection timeout to host https://discord.com/api/v9/unique-username/username-attempt-unauthed
2026-09-01 18:26:10	NETWORK	adpf	attempt=1	proxy=http://wiw4v7duaymysz9-session-8ee6c0c6882f-lifetime-10:***@rp.scrapegw.com:6060	ConnectionTimeoutError: Connection timeout to host https://discord.com/api/v9/unique-username/username-attempt-unauthed
2026-09-01 18:26:10	NETWORK	acpw	attempt=1	proxy=http://wiw4v7duaymysz9-session-f179c7f21120-lifetime-10:***@rp.scrapegw.com:6060	ConnectionTimeoutError: Connection timeout to host https://discord.com/api/v9/unique-username/username-attempt-unauthed
2026-09-01 18:26:10	NETWORK	ahgx	attempt=1	proxy=http://wiw4v7duaymysz9-session-bffef82041b4-lifetime-10:***@rp.scrapegw.com:6060	ConnectionTimeoutError: Connection timeout to host https://discord.com/api/v9/unique-username/username-attempt-unauthed
2026-09-01 18:26:10	NETWORK	aikn	attempt=1	proxy=http://wiw4v7duaymysz9-session-596242d1e0f8-lifetime-10:***@rp.scrapegw.com:6060	ConnectionTimeoutError: Connection timeout to host https://discord.com/api/v9/unique-username/username-attempt-unauthed
2026-09-01 18:26:10	NETWORK	abrn	attempt=1	proxy=http://wiw4v7duaymysz9-session-7d82ad035bc0-lifetime-10:***@rp.scrapegw.com:6060	ConnectionTimeoutError: Connection timeout to host https://discord.com/api/v9/unique-username/username-attempt-unauthed
2026-09-01 18:26:10	NETWORK	aavx	attempt=1	proxy=http://wiw4v7duaymysz9-session-f9b88624a25e-lifetime-10:***@rp.scrapegw.com:6060	ConnectionTimeoutError: Connection timeout to host https://discord.com/api/v9/unique-username/username-attempt-unauthed
2026-09-01 18:26:10	NETWORK	advh	attempt=1	proxy=http://wiw4v7duaymysz9-session-0c535aa16cb1-lifetime-10:***@rp.scrapegw.com:6060	ConnectionTimeoutError: Connection timeout to host https://discord.com/api/v9/unique-username/username-attempt-unauthed
2026-09-01 18:26:10	NETWORK	aihi	attempt=1	proxy=http://wiw4v7duaymysz9-session-8796dbd16029-lifetime-10:***@rp.scrapegw.com:6060	ConnectionTimeoutError: Connection timeout to host https://discord.com/api/v9/unique-username/username-attempt-unauthed
2026-09-01 18:26:10	NETWORK	abrl	attempt=1	proxy=http://wiw4v7duaymysz9-session-80e5a9ca85f8-lifetime-10:***@rp.scrapegw.com:6060	ConnectionTimeoutError: Connection timeout to host https://discord.com/api/v9/unique-username/username-attempt-unauthed
2026-09-01 18:26:10	NETWORK	aiir	attempt=1	proxy=http://wiw4v7duaymysz9-session-9af4e93c229e-lifetime-10:***@rp.scrapegw.com:6060	ConnectionTimeoutError: Connection timeout to host https://discord.com/api/v9/unique-username/username-attempt-unauthed
2026-09-01 18:26:10	NETWORK	aakt	attempt=1	proxy=http://wiw4v7duaymysz9-session-2aba853a9f0a-lifetime-10:***@rp.scrapegw.com:6060	ConnectionTimeoutError: Connection timeout to host https://discord.com/api/v9/unique-username/username-attempt-unauthed
2026-09-01 18:26:10	NETWORK	adsl	attempt=1	proxy=http://wiw4v7duaymysz9-session-28f3cfbee81c-lifetime-10:***@rp.scrapegw.com:6060	ConnectionTimeoutError: Connection timeout to host https://discord.com/api/v9/unique-username/username-attempt-unauthed
2026-09-01 18:26:10	NETWORK	abwq	attempt=1	proxy=http://wiw4v7duaymysz9-session-cd5ab1460d9d-lifetime-10:***@rp.scrapegw.com:6060	ConnectionTimeoutError: Connection timeout to host https://discord.com/api/v9/unique-username/username-attempt-unauthed
2026-09-01 18:26:10	NETWORK	adqw	attempt=1	proxy=http://wiw4v7duaymysz9-session-ae7c3b359f10-lifetime-10:***@rp.scrapegw.com:6060	ConnectionTimeoutError: Connection timeout to host https://discord.com/api/v9/unique-username/username-attempt-unauthed
2026-09-01 18:26:10	NETWORK	aavf	attempt=1	proxy=http://wiw4v7duaymysz9-session-188c502a05ab-lifetime-10:***@rp.scrapegw.com:6060	ConnectionTimeoutError: Connection timeout to host https://discord.com/api/v9/unique-username/username-attempt-unauthed
2026-09-01 18:26:10	NETWORK	adts	attempt=1	proxy=http://wiw4v7duaymysz9-session-b97ba8f8aa21-lifetime-10:***@rp.scrapegw.com:6060	ConnectionTimeoutError: Connection timeout to host https://discord.com/api/v9/unique-username/username-attempt-unauthed
2026-09-01 18:26:10	NETWORK	aibj	attempt=1	proxy=http://wiw4v7duaymysz9-session-74b1f08a7854-lifetime-10:***@rp.scrapegw.com:6060	ConnectionTimeoutError: Connection timeout to host https://discord.com/api/v9/unique-username/username-attempt-unauthed
2026-09-01 18:26:10	NETWORK	ahri	attempt=1	proxy=http://wiw4v7duaymysz9-session-c567a329e9e5-lifetime-10:***@rp.scrapegw.com:6060	ConnectionTimeoutError: Connection timeout to host https://discord.com/api/v9/unique-username/username-attempt-unauthed
2026-09-01 18:26:10	NETWORK	adqs	attempt=1	proxy=http://wiw4v7duaymysz9-session-2bda5764eede-lifetime-10:***@rp.scrapegw.com:6060	ConnectionTimeoutError: Connection timeout to host https://discord.com/api/v9/unique-username/username-attempt-unauthed
2026-09-01 18:26:10	NETWORK	ahpd	attempt=1	proxy=http://wiw4v7duaymysz9-session-e5c74f6bb2c2-lifetime-10:***@rp.scrapegw.com:6060	ConnectionTimeoutError: Connection timeout to host https://discord.com/api/v9/unique-username/username-attempt-unauthed
2026-09-01 18:26:10	NETWORK	aedq	attempt=1	proxy=http://wiw4v7duaymysz9-session-ae374d74fe15-lifetime-10:***@rp.scrapegw.com:6060	ConnectionTimeoutError: Connection timeout to host https://discord.com/api/v9/unique-username/username-attempt-unauthed
2026-09-01 18:26:10	NETWORK	aick	attempt=1	proxy=http://wiw4v7duaymysz9-session-86f6ab033683-lifetime-10:***@rp.scrapegw.com:6060	ConnectionTimeoutError: Connection timeout to host https://discord.com/api/v9/unique-username/username-attempt-unauthed
2026-09-01 18:26:10	NETWORK	aadc	attempt=1	proxy=http://wiw4v7duaymysz9-session-22f3746dee8d-lifetime-10:***@rp.scrapegw.com:6060	ConnectionTimeoutError: Connection timeout to host https://discord.com/api/v9/unique-username/username-attempt-unauthed
2026-09-01 18:26:10	NETWORK	aiqb	attempt=1	proxy=http://wiw4v7duaymysz9-session-5a6afbb87f44-lifetime-10:***@rp.scrapegw.com:6060	ConnectionTimeoutError: Connection timeout to host https://discord.com/api/v9/unique-username/username-attempt-unauthed
2026-09-01 18:26:10	NETWORK	agza	attempt=1	proxy=http://wiw4v7duaymysz9-session-5993641f6ac2-lifetime-10:***@rp.scrapegw.com:6060	ConnectionTimeoutError: Connection timeout to host https://discord.com/api/v9/unique-username/username-attempt-unauthed
2026-09-01 18:26:10	NETWORK	acen	attempt=1	proxy=http://wiw4v7duaymysz9-session-81164d77504f-lifetime-10:***@rp.scrapegw.com:6060	ConnectionTimeoutError: Connection timeout to host https://discord.com/api/v9/unique-username/username-attempt-unauthed
2026-09-01 18:26:10	NETWORK	adwv	attempt=1	proxy=http://wiw4v7duaymysz9-session-548107fc56a1-lifetime-10:***@rp.scrapegw.com:6060	ConnectionTimeoutError: Connection timeout to host https://discord.com/api/v9/unique-username/username-attempt-unauthed
2026-09-01 18:26:10	NETWORK	abxl	attempt=1	proxy=http://wiw4v7duaymysz9-session-c20d8d218b0c-lifetime-10:***@rp.scrapegw.com:6060	ConnectionTimeoutError: Connection timeout to host https://discord.com/api/v9/unique-username/username-attempt-unauthed
2026-09-01 18:26:10	NETWORK	agye	attempt=1	proxy=http://wiw4v7duaymysz9-session-ad5ea1e53557-lifetime-10:***@rp.scrapegw.com:6060	ConnectionTimeoutError: Connection timeout to host https://discord.com/api/v9/unique-username/username-attempt-unauthed
2026-09-01 18:26:10	NETWORK	ahst	attempt=1	proxy=http://wiw4v7duaymysz9-session-224d31d492ca-lifetime-10:***@rp.scrapegw.com:6060	ConnectionTimeoutError: Connection timeout to host https://discord.com/api/v9/unique-username/username-attempt-unauthed
2026-09-01 18:26:10	NETWORK	aifb	attempt=1	proxy=http://wiw4v7duaymysz9-session-d564973bf587-lifetime-10:***@rp.scrapegw.com:6060	ConnectionTimeoutError: Connection timeout to host https://discord.com/api/v9/unique-username/username-attempt-unauthed
2026-09-01 18:26:10	NETWORK	adrw	attempt=1	proxy=http://wiw4v7duaymysz9-session-67d3322055e4-lifetime-10:***@rp.scrapegw.com:6060	ConnectionTimeoutError: Connection timeout to host https://discord.com/api/v9/unique-username/username-attempt-unauthed
2026-09-01 18:26:10	NETWORK	afsg	attempt=1	proxy=http://wiw4v7duaymysz9-session-15d3763ff46d-lifetime-10:***@rp.scrapegw.com:6060	ConnectionTimeoutError: Connection timeout to host https://discord.com/api/v9/unique-username/username-attempt-unauthed
2026-09-01 18:26:10	NETWORK	adhl	attempt=1	proxy=http://wiw4v7duaymysz9-session-d40d16a25687-lifetime-10:***@rp.scrapegw.com:6060	ConnectionTimeoutError: Connection timeout to host https://discord.com/api/v9/unique-username/username-attempt-unauthed
2026-09-01 18:26:10	NETWORK	agmu	attempt=1	proxy=http://wiw4v7duaymysz9-session-8b76e371ddf7-lifetime-10:***@rp.scrapegw.com:6060	ConnectionTimeoutError: Connection timeout to host https://discord.com/api/v9/unique-username/username-attempt-unauthed
2026-09-01 18:26:10	NETWORK	aftb	attempt=1	proxy=http://wiw4v7duaymysz9-session-be33e68fdca0-lifetime-10:***@rp.scrapegw.com:6060	ConnectionTimeoutError: Connection timeout to host https://discord.com/api/v9/unique-username/username-attempt-unauthed
2026-09-01 18:26:10	NETWORK	adln	attempt=1	proxy=http://wiw4v7duaymysz9-session-3e39b678e991-lifetime-10:***@rp.scrapegw.com:6060	ConnectionTimeoutError: Connection timeout to host https://discord.com/api/v9/unique-username/username-attempt-unauthed
2026-09-01 18:26:10	NETWORK	adrr	attempt=1	proxy=http://wiw4v7duaymysz9-session-af2aa4640c99-lifetime-10:***@rp.scrapegw.com:6060	ConnectionTimeoutError: Connection timeout to host https://discord.com/api/v9/unique-username/username-attempt-unauthed
2026-09-01 18:26:10	NETWORK	acft	attempt=1	proxy=http://wiw4v7duaymysz9-session-cc38d345f992-lifetime-10:***@rp.scrapegw.com:6060	ConnectionTimeoutError: Connection timeout to host https://discord.com/api/v9/unique-username/username-attempt-unauthed
2026-09-01 18:26:10	NETWORK	aadn	attempt=1	proxy=http://wiw4v7duaymysz9-session-9e7dbad1c63a-lifetime-10:***@rp.scrapegw.com:6060	ConnectionTimeoutError: Connection timeout to host https://discord.com/api/v9/unique-username/username-attempt-unauthed
2026-09-01 18:26:10	NETWORK	aciw	attempt=1	proxy=http://wiw4v7duaymysz9-session-0fbb3c77d754-lifetime-10:***@rp.scrapegw.com:6060	ConnectionTimeoutError: Connection timeout to host https://discord.com/api/v9/unique-username/username-attempt-unauthed
2026-09-01 18:26:10	NETWORK	ahia	attempt=1	proxy=http://wiw4v7duaymysz9-session-148346f6a7e6-lifetime-10:***@rp.scrapegw.com:6060	ConnectionTimeoutError: Connection timeout to host https://discord.com/api/v9/unique-username/username-attempt-unauthed
2026-09-01 18:26:10	NETWORK	adta	attempt=1	proxy=http://wiw4v7duaymysz9-session-05393b128f62-lifetime-10:***@rp.scrapegw.com:6060	ConnectionTimeoutError: Connection timeout to host https://discord.com/api/v9/unique-username/username-attempt-unauthed
2026-09-01 18:26:10	NETWORK	ahgu	attempt=1	proxy=http://wiw4v7duaymysz9-session-fc8ce3aa4e28-lifetime-10:***@rp.scrapegw.com:6060	ConnectionTimeoutError: Connection timeout to host https://discord.com/api/v9/unique-username/username-attempt-unauthed
2026-09-01 18:26:10	NETWORK	adrg	attempt=1	proxy=http://wiw4v7duaymysz9-session-9e440bc89f47-lifetime-10:***@rp.scrapegw.com:6060	ConnectionTimeoutError: Connection timeout to host https://discord.com/api/v9/unique-username/username-attempt-unauthed
2026-09-01 18:26:10	NETWORK	ahkb	attempt=1	proxy=http://wiw4v7duaymysz9-session-36437271ac95-lifetime-10:***@rp.scrapegw.com:6060	ConnectionTimeoutError: Connection timeout to host https://discord.com/api/v9/unique-username/username-attempt-unauthed
2026-09-01 18:26:10	NETWORK	ahxj	attempt=1	proxy=http://wiw4v7duaymysz9-session-d57445bbb315-lifetime-10:***@rp.scrapegw.com:6060	ConnectionTimeoutError: Connection timeout to host https://discord.com/api/v9/unique-username/username-attempt-unauthed
2026-09-01 18:26:10	NETWORK	abxm	attempt=1	proxy=http://wiw4v7duaymysz9-session-d0b51e8eb7b2-lifetime-10:***@rp.scrapegw.com:6060	ConnectionTimeoutError: Connection timeout to host https://discord.com/api/v9/unique-username/username-attempt-unauthed
2026-09-01 18:26:10	NETWORK	ahlg	attempt=1	proxy=http://wiw4v7duaymysz9-session-46540e32dd53-lifetime-10:***@rp.scrapegw.com:6060	ConnectionTimeoutError: Connection timeout to host https://discord.com/api/v9/unique-username/username-attempt-unauthed
2026-09-01 18:26:10	NETWORK	adtu	attempt=1	proxy=http://wiw4v7duaymysz9-session-f202623d9da8-lifetime-10:***@rp.scrapegw.com:6060	ConnectionTimeoutError: Connection timeout to host https://discord.com/api/v9/unique-username/username-attempt-unauthed
2026-09-01 18:26:10	NETWORK	adqn	attempt=1	proxy=http://wiw4v7duaymysz9-session-3215d9f8966e-lifetime-10:***@rp.scrapegw.com:6060	ConnectionTimeoutError: Connection timeout to host https://discord.com/api/v9/unique-username/username-attempt-unauthed
2026-09-01 18:26:10	NETWORK	aijz	attempt=1	proxy=http://wiw4v7duaymysz9-session-57fbb6a3caaa-lifetime-10:***@rp.scrapegw.com:6060	ConnectionTimeoutError: Connection timeout to host https://discord.com/api/v9/unique-username/username-attempt-unauthed
2026-09-01 18:26:10	NETWORK	aehe	attempt=1	proxy=http://wiw4v7duaymysz9-session-d8fb07bfff04-lifetime-10:***@rp.scrapegw.com:6060	ConnectionTimeoutError: Connection timeout to host https://discord.com/api/v9/unique-username/username-attempt-unauthed
2026-09-01 18:26:10	NETWORK	ahni	attempt=1	proxy=http://wiw4v7duaymysz9-session-a04e0cdbde65-lifetime-10:***@rp.scrapegw.com:6060	ConnectionTimeoutError: Connection timeout to host https://discord.com/api/v9/unique-username/username-attempt-unauthed
2026-09-01 18:26:10	NETWORK	aief	attempt=1	proxy=http://wiw4v7duaymysz9-session-0188921b8aa7-lifetime-10:***@rp.scrapegw.com:6060	ConnectionTimeoutError: Connection timeout to host https://discord.com/api/v9/unique-username/username-attempt-unauthed
2026-09-01 18:26:10	NETWORK	abyy	attempt=1	proxy=http://wiw4v7duaymysz9-session-070a7e9e3ceb-lifetime-10:***@rp.scrapegw.com:6060	ConnectionTimeoutError: Connection timeout to host https://discord.com/api/v9/unique-username/username-attempt-unauthed
2026-09-01 18:26:10	NETWORK	adup	attempt=1	proxy=http://wiw4v7duaymysz9-session-8b8e5e21d264-lifetime-10:***@rp.scrapegw.com:6060	ConnectionTimeoutError: Connection timeout to host https://discord.com/api/v9/unique-username/username-attempt-unauthed
2026-09-01 18:26:10	NETWORK	ahqi	attempt=1	proxy=http://wiw4v7duaymysz9-session-11389b086247-lifetime-10:***@rp.scrapegw.com:6060	ConnectionTimeoutError: Connection timeout to host https://discord.com/api/v9/unique-username/username-attempt-unauthed
2026-09-01 18:26:10	NETWORK	acax	attempt=1	proxy=http://wiw4v7duaymysz9-session-ccb5a5f781ab-lifetime-10:***@rp.scrapegw.com:6060	ConnectionTimeoutError: Connection timeout to host https://discord.com/api/v9/unique-username/username-attempt-unauthed
2026-09-01 18:26:10	NETWORK	aduu	attempt=1	proxy=http://wiw4v7duaymysz9-session-3240efef35b0-lifetime-10:***@rp.scrapegw.com:6060	ConnectionTimeoutError: Connection timeout to host https://discord.com/api/v9/unique-username/username-attempt-unauthed
2026-09-01 18:26:10	NETWORK	aioa	attempt=1	proxy=http://wiw4v7duaymysz9-session-64b38f292d50-lifetime-10:***@rp.scrapegw.com:6060	ConnectionTimeoutError: Connection timeout to host https://discord.com/api/v9/unique-username/username-attempt-unauthed
2026-09-01 18:26:10	NETWORK	aawi	attempt=1	proxy=http://wiw4v7duaymysz9-session-d92d2cd3af71-lifetime-10:***@rp.scrapegw.com:6060	ConnectionTimeoutError: Connection timeout to host https://discord.com/api/v9/unique-username/username-attempt-unauthed
2026-09-01 18:26:10	NETWORK	adpm	attempt=1	proxy=http://wiw4v7duaymysz9-session-6553625998dc-lifetime-10:***@rp.scrapegw.com:6060	ConnectionTimeoutError: Connection timeout to host https://discord.com/api/v9/unique-username/username-attempt-unauthed
2026-09-01 18:26:10	NETWORK	ahmx	attempt=1	proxy=http://wiw4v7duaymysz9-session-7cf10996f66e-lifetime-10:***@rp.scrapegw.com:6060	ConnectionTimeoutError: Connection timeout to host https://discord.com/api/v9/unique-username/username-attempt-unauthed
2026-09-01 18:26:10	NETWORK	aiis	attempt=1	proxy=http://wiw4v7duaymysz9-session-d2f33ef225ff-lifetime-10:***@rp.scrapegw.com:6060	ConnectionTimeoutError: Connection timeout to host https://discord.com/api/v9/unique-username/username-attempt-unauthed
2026-09-01 18:26:10	NETWORK	adgl	attempt=1	proxy=http://wiw4v7duaymysz9-session-abe96be114b2-lifetime-10:***@rp.scrapegw.com:6060	ConnectionTimeoutError: Connection timeout to host https://discord.com/api/v9/unique-username/username-attempt-unauthed
2026-09-01 18:26:10	NETWORK	abbb	attempt=1	proxy=http://wiw4v7duaymysz9-session-2cdc98354074-lifetime-10:***@rp.scrapegw.com:6060	ConnectionTimeoutError: Connection timeout to host https://discord.com/api/v9/unique-username/username-attempt-unauthed
2026-09-01 18:26:10	NETWORK	adwn	attempt=1	proxy=http://wiw4v7duaymysz9-session-39ae0f1abb75-lifetime-10:***@rp.scrapegw.com:6060	ConnectionTimeoutError: Connection timeout to host https://discord.com/api/v9/unique-username/username-attempt-unauthed
2026-09-01 18:26:10	NETWORK	aaxz	attempt=1	proxy=http://wiw4v7duaymysz9-session-90849ce4ed64-lifetime-10:***@rp.scrapegw.com:6060	ConnectionTimeoutError: Connection timeout to host https://discord.com/api/v9/unique-username/username-attempt-unauthed
2026-09-01 18:26:10	NETWORK	abxh	attempt=1	proxy=http://wiw4v7duaymysz9-session-63b085f2dfb9-lifetime-10:***@rp.scrapegw.com:6060	ConnectionTimeoutError: Connection timeout to host https://discord.com/api/v9/unique-username/username-attempt-unauthed
2026-09-01 18:26:10	NETWORK	afhr	attempt=1	proxy=http://wiw4v7duaymysz9-session-53ce4bf48845-lifetime-10:***@rp.scrapegw.com:6060	ConnectionTimeoutError: Connection timeout to host https://discord.com/api/v9/unique-username/username-attempt-unauthed
2026-09-01 18:26:10	NETWORK	ahsp	attempt=1	proxy=http://wiw4v7duaymysz9-session-affb4d0850fb-lifetime-10:***@rp.scrapegw.com:6060	ConnectionTimeoutError: Connection timeout to host https://discord.com/api/v9/unique-username/username-attempt-unauthed
2026-09-01 18:26:10	NETWORK	aavr	attempt=1	proxy=http://wiw4v7duaymysz9-session-f9530ef79c98-lifetime-10:***@rp.scrapegw.com:6060	ConnectionTimeoutError: Connection timeout to host https://discord.com/api/v9/unique-username/username-attempt-unauthed
2026-09-01 18:26:10	NETWORK	abyo	attempt=1	proxy=http://wiw4v7duaymysz9-session-298dccb9438b-lifetime-10:***@rp.scrapegw.com:6060	ConnectionTimeoutError: Connection timeout to host https://discord.com/api/v9/unique-username/username-attempt-unauthed
2026-09-01 18:26:10	NETWORK	adni	attempt=1	proxy=http://wiw4v7duaymysz9-session-9cb3b20cd36b-lifetime-10:***@rp.scrapegw.com:6060	ConnectionTimeoutError: Connection timeout to host https://discord.com/api/v9/unique-username/username-attempt-unauthed
2026-09-01 18:26:10	NETWORK	ahun	attempt=1	proxy=http://wiw4v7duaymysz9-session-d9eb3ea9968f-lifetime-10:***@rp.scrapegw.com:6060	ConnectionTimeoutError: Connection timeout to host https://discord.com/api/v9/unique-username/username-attempt-unauthed
2026-09-01 18:26:10	NETWORK	accb	attempt=1	proxy=http://wiw4v7duaymysz9-session-542e86fa874e-lifetime-10:***@rp.scrapegw.com:6060	ConnectionTimeoutError: Connection timeout to host https://discord.com/api/v9/unique-username/username-attempt-unauthed
2026-09-01 18:26:10	NETWORK	aagf	attempt=1	proxy=http://wiw4v7duaymysz9-session-cbee2635f4bd-lifetime-10:***@rp.scrapegw.com:6060	ConnectionTimeoutError: Connection timeout to host https://discord.com/api/v9/unique-username/username-attempt-unauthed
2026-09-01 18:26:10	NETWORK	adnb	attempt=1	proxy=http://wiw4v7duaymysz9-session-6b24e2fe4449-lifetime-10:***@rp.scrapegw.com:6060	ConnectionTimeoutError: Connection timeout to host https://discord.com/api/v9/unique-username/username-attempt-unauthed
2026-09-01 18:26:10	NETWORK	abwd	attempt=1	proxy=http://wiw4v7duaymysz9-session-7969fba350f1-lifetime-10:***@rp.scrapegw.com:6060	ConnectionTimeoutError: Connection timeout to host https://discord.com/api/v9/unique-username/username-attempt-unauthed
2026-09-01 18:26:10	NETWORK	agqi	attempt=1	proxy=http://wiw4v7duaymysz9-session-4308d4409fbc-lifetime-10:***@rp.scrapegw.com:6060	ConnectionTimeoutError: Connection timeout to host https://discord.com/api/v9/unique-username/username-attempt-unauthed
2026-09-01 18:26:10	NETWORK	aicc	attempt=1	proxy=http://wiw4v7duaymysz9-session-4ba8eb5f9f86-lifetime-10:***@rp.scrapegw.com:6060	ConnectionTimeoutError: Connection timeout to host https://discord.com/api/v9/unique-username/username-attempt-unauthed
2026-09-01 18:26:10	NETWORK	agyj	attempt=1	proxy=http://wiw4v7duaymysz9-session-2a35f38aff9c-lifetime-10:***@rp.scrapegw.com:6060	ConnectionTimeoutError: Connection timeout to host https://discord.com/api/v9/unique-username/username-attempt-unauthed
2026-09-01 18:26:10	NETWORK	ahxt	attempt=1	proxy=http://wiw4v7duaymysz9-session-5c753261887d-lifetime-10:***@rp.scrapegw.com:6060	ConnectionTimeoutError: Connection timeout to host https://discord.com/api/v9/unique-username/username-attempt-unauthed
2026-09-01 18:26:10	NETWORK	aebb	attempt=1	proxy=http://wiw4v7duaymysz9-session-ae7907a2085f-lifetime-10:***@rp.scrapegw.com:6060	ConnectionTimeoutError: Connection timeout to host https://discord.com/api/v9/unique-username/username-attempt-unauthed
2026-09-01 18:26:10	NETWORK	admp	attempt=1	proxy=http://wiw4v7duaymysz9-session-3fc8e6537221-lifetime-10:***@rp.scrapegw.com:6060	ConnectionTimeoutError: Connection timeout to host https://discord.com/api/v9/unique-username/username-attempt-unauthed
2026-09-01 18:26:10	NETWORK	acfj	attempt=1	proxy=http://wiw4v7duaymysz9-session-4dedd77efdef-lifetime-10:***@rp.scrapegw.com:6060	ConnectionTimeoutError: Connection timeout to host https://discord.com/api/v9/unique-username/username-attempt-unauthed
2026-09-01 18:26:10	NETWORK	adoq	attempt=1	proxy=http://wiw4v7duaymysz9-session-be4071757211-lifetime-10:***@rp.scrapegw.com:6060	ConnectionTimeoutError: Connection timeout to host https://discord.com/api/v9/unique-username/username-attempt-unauthed
2026-09-01 18:26:10	NETWORK	ajma	attempt=1	proxy=http://wiw4v7duaymysz9-session-d68921966128-lifetime-10:***@rp.scrapegw.com:6060	ConnectionTimeoutError: Connection timeout to host https://discord.com/api/v9/unique-username/username-attempt-unauthed
2026-09-01 18:26:10	NETWORK	aaur	attempt=1	proxy=http://wiw4v7duaymysz9-session-adbd36f21116-lifetime-10:***@rp.scrapegw.com:6060	ConnectionTimeoutError: Connection timeout to host https://discord.com/api/v9/unique-username/username-attempt-unauthed
2026-09-01 18:26:10	NETWORK	agkh	attempt=1	proxy=http://wiw4v7duaymysz9-session-90ec262c5fab-lifetime-10:***@rp.scrapegw.com:6060	ConnectionTimeoutError: Connection timeout to host https://discord.com/api/v9/unique-username/username-attempt-unauthed
2026-09-01 18:26:10	NETWORK	admk	attempt=1	proxy=http://wiw4v7duaymysz9-session-ae6c36a6fc59-lifetime-10:***@rp.scrapegw.com:6060	ConnectionTimeoutError: Connection timeout to host https://discord.com/api/v9/unique-username/username-attempt-unauthed
2026-09-01 18:26:10	NETWORK	aduf	attempt=1	proxy=http://wiw4v7duaymysz9-session-20187baf5f56-lifetime-10:***@rp.scrapegw.com:6060	ConnectionTimeoutError: Connection timeout to host https://discord.com/api/v9/unique-username/username-attempt-unauthed
2026-09-01 18:26:10	NETWORK	adsb	attempt=1	proxy=http://wiw4v7duaymysz9-session-6e50c8441d32-lifetime-10:***@rp.scrapegw.com:6060	ConnectionTimeoutError: Connection timeout to host https://discord.com/api/v9/unique-username/username-attempt-unauthed
2026-09-01 18:26:10	NETWORK	ahyc	attempt=1	proxy=http://wiw4v7duaymysz9-session-d9166ee55bdd-lifetime-10:***@rp.scrapegw.com:6060	ConnectionTimeoutError: Connection timeout to host https://discord.com/api/v9/unique-username/username-attempt-unauthed
2026-09-01 18:26:10	NETWORK	ajqe	attempt=1	proxy=http://wiw4v7duaymysz9-session-46bd366867a7-lifetime-10:***@rp.scrapegw.com:6060	ConnectionTimeoutError: Connection timeout to host https://discord.com/api/v9/unique-username/username-attempt-unauthed
2026-09-01 18:26:10	NETWORK	ajsc	attempt=1	proxy=http://wiw4v7duaymysz9-session-b7a33d1b8185-lifetime-10:***@rp.scrapegw.com:6060	ConnectionTimeoutError: Connection timeout to host https://discord.com/api/v9/unique-username/username-attempt-unauthed
2026-09-01 18:26:10	NETWORK	agdu	attempt=1	proxy=http://wiw4v7duaymysz9-session-4a9f4ddf7818-lifetime-10:***@rp.scrapegw.com:6060	ConnectionTimeoutError: Connection timeout to host https://discord.com/api/v9/unique-username/username-attempt-unauthed
2026-09-01 18:26:10	NETWORK	adma	attempt=1	proxy=http://wiw4v7duaymysz9-session-5373a17611d5-lifetime-10:***@rp.scrapegw.com:6060	ConnectionTimeoutError: Connection timeout to host https://discord.com/api/v9/unique-username/username-attempt-unauthed
2026-09-01 18:26:10	NETWORK	aakc	attempt=1	proxy=http://wiw4v7duaymysz9-session-f5cacfdcd5e0-lifetime-10:***@rp.scrapegw.com:6060	ConnectionTimeoutError: Connection timeout to host https://discord.com/api/v9/unique-username/username-attempt-unauthed
2026-09-01 18:26:10	NETWORK	aiip	attempt=1	proxy=http://wiw4v7duaymysz9-session-4d57cea8d1ae-lifetime-10:***@rp.scrapegw.com:6060	ConnectionTimeoutError: Connection timeout to host https://discord.com/api/v9/unique-username/username-attempt-unauthed
2026-09-01 18:26:10	NETWORK	afzk	attempt=1	proxy=http://wiw4v7duaymysz9-session-517f3323b3f7-lifetime-10:***@rp.scrapegw.com:6060	ConnectionTimeoutError: Connection timeout to host https://discord.com/api/v9/unique-username/username-attempt-unauthed
2026-09-01 18:26:10	NETWORK	aebl	attempt=1	proxy=http://wiw4v7duaymysz9-session-d7f6b1b8f0a4-lifetime-10:***@rp.scrapegw.com:6060	ConnectionTimeoutError: Connection timeout to host https://discord.com/api/v9/unique-username/username-attempt-unauthed
2026-09-01 18:26:10	NETWORK	aajp	attempt=1	proxy=http://wiw4v7duaymysz9-session-c740ebd7ca0a-lifetime-10:***@rp.scrapegw.com:6060	ConnectionTimeoutError: Connection timeout to host https://discord.com/api/v9/unique-username/username-attempt-unauthed
2026-09-01 18:26:10	NETWORK	aedj	attempt=1	proxy=http://wiw4v7duaymysz9-session-d8d9edac95e8-lifetime-10:***@rp.scrapegw.com:6060	ConnectionTimeoutError: Connection timeout to host https://discord.com/api/v9/unique-username/username-attempt-unauthed
2026-09-01 18:26:10	NETWORK	ajum	attempt=1	proxy=http://wiw4v7duaymysz9-session-341dd233d1bb-lifetime-10:***@rp.scrapegw.com:6060	ConnectionTimeoutError: Connection timeout to host https://discord.com/api/v9/unique-username/username-attempt-unauthed
2026-09-01 18:26:10	NETWORK	abrs	attempt=1	proxy=http://wiw4v7duaymysz9-session-faff83a29041-lifetime-10:***@rp.scrapegw.com:6060	ConnectionTimeoutError: Connection timeout to host https://discord.com/api/v9/unique-username/username-attempt-unauthed
2026-09-01 18:26:10	NETWORK	aimi	attempt=1	proxy=http://wiw4v7duaymysz9-session-5b135ade53a1-lifetime-10:***@rp.scrapegw.com:6060	ConnectionTimeoutError: Connection timeout to host https://discord.com/api/v9/unique-username/username-attempt-unauthed
2026-09-01 18:26:10	NETWORK	ahek	attempt=1	proxy=http://wiw4v7duaymysz9-session-70cfa79a99f8-lifetime-10:***@rp.scrapegw.com:6060	ConnectionTimeoutError: Connection timeout to host https://discord.com/api/v9/unique-username/username-attempt-unauthed
2026-09-01 18:26:10	NETWORK	aagx	attempt=1	proxy=http://wiw4v7duaymysz9-session-8eed44744183-lifetime-10:***@rp.scrapegw.com:6060	ConnectionTimeoutError: Connection timeout to host https://discord.com/api/v9/unique-username/username-attempt-unauthed
2026-09-01 18:26:10	NETWORK	abai	attempt=1	proxy=http://wiw4v7duaymysz9-session-7d2a63ec0221-lifetime-10:***@rp.scrapegw.com:6060	ConnectionTimeoutError: Connection timeout to host https://discord.com/api/v9/unique-username/username-attempt-unauthed
2026-09-01 18:26:10	NETWORK	adoo	attempt=1	proxy=http://wiw4v7duaymysz9-session-ab086a41c23a-lifetime-10:***@rp.scrapegw.com:6060	ConnectionTimeoutError: Connection timeout to host https://discord.com/api/v9/unique-username/username-attempt-unauthed
2026-09-01 18:26:10	NETWORK	akbt	attempt=1	proxy=http://wiw4v7duaymysz9-session-005e52c03f15-lifetime-10:***@rp.scrapegw.com:6060	ConnectionTimeoutError: Connection timeout to host https://discord.com/api/v9/unique-username/username-attempt-unauthed
2026-09-01 18:26:10	NETWORK	agyi	attempt=1	proxy=http://wiw4v7duaymysz9-session-bec845b35912-lifetime-10:***@rp.scrapegw.com:6060	ConnectionTimeoutError: Connection timeout to host https://discord.com/api/v9/unique-username/username-attempt-unauthed
2026-09-01 18:26:10	NETWORK	adix	attempt=1	proxy=http://wiw4v7duaymysz9-session-45e222a65544-lifetime-10:***@rp.scrapegw.com:6060	ConnectionTimeoutError: Connection timeout to host https://discord.com/api/v9/unique-username/username-attempt-unauthed
2026-09-01 18:26:10	NETWORK	ajel	attempt=1	proxy=http://wiw4v7duaymysz9-session-6b95ab9d980e-lifetime-10:***@rp.scrapegw.com:6060	ConnectionTimeoutError: Connection timeout to host https://discord.com/api/v9/unique-username/username-attempt-unauthed
2026-09-01 18:26:10	NETWORK	afth	attempt=1	proxy=http://wiw4v7duaymysz9-session-6ce2891298d6-lifetime-10:***@rp.scrapegw.com:6060	ConnectionTimeoutError: Connection timeout to host https://discord.com/api/v9/unique-username/username-attempt-unauthed
2026-09-01 18:26:10	NETWORK	aalf	attempt=1	proxy=http://wiw4v7duaymysz9-session-8ccc6b7f8d27-lifetime-10:***@rp.scrapegw.com:6060	ConnectionTimeoutError: Connection timeout to host https://discord.com/api/v9/unique-username/username-attempt-unauthed
2026-09-01 18:26:10	NETWORK	aazy	attempt=1	proxy=http://wiw4v7duaymysz9-session-fd0ff3e789ee-lifetime-10:***@rp.scrapegw.com:6060	ConnectionTimeoutError: Connection timeout to host https://discord.com/api/v9/unique-username/username-attempt-unauthed
2026-09-01 18:26:10	NETWORK	ajzk	attempt=1	proxy=http://wiw4v7duaymysz9-session-67019cd75fdd-lifetime-10:***@rp.scrapegw.com:6060	ConnectionTimeoutError: Connection timeout to host https://discord.com/api/v9/unique-username/username-attempt-unauthed
2026-09-01 18:26:10	NETWORK	achz	attempt=1	proxy=http://wiw4v7duaymysz9-session-954117a823d8-lifetime-10:***@rp.scrapegw.com:6060	ConnectionTimeoutError: Connection timeout to host https://discord.com/api/v9/unique-username/username-attempt-unauthed
2026-09-01 18:26:10	NETWORK	ahdl	attempt=1	proxy=http://wiw4v7duaymysz9-session-f832c15a05b5-lifetime-10:***@rp.scrapegw.com:6060	ConnectionTimeoutError: Connection timeout to host https://discord.com/api/v9/unique-username/username-attempt-unauthed
2026-09-01 18:26:10	NETWORK	aagk	attempt=1	proxy=http://wiw4v7duaymysz9-session-878bf63afe27-lifetime-10:***@rp.scrapegw.com:6060	ConnectionTimeoutError: Connection timeout to host https://discord.com/api/v9/unique-username/username-attempt-unauthed
2026-09-01 18:26:10	NETWORK	aiti	attempt=1	proxy=http://wiw4v7duaymysz9-session-66ae20664843-lifetime-10:***@rp.scrapegw.com:6060	ConnectionTimeoutError: Connection timeout to host https://discord.com/api/v9/unique-username/username-attempt-unauthed
2026-09-01 18:26:10	NETWORK	adno	attempt=1	proxy=http://wiw4v7duaymysz9-session-08d02bd1b279-lifetime-10:***@rp.scrapegw.com:6060	ConnectionTimeoutError: Connection timeout to host https://discord.com/api/v9/unique-username/username-attempt-unauthed
2026-09-01 18:26:10	NETWORK	ainl	attempt=1	proxy=http://wiw4v7duaymysz9-session-a5d926eaa264-lifetime-10:***@rp.scrapegw.com:6060	ConnectionTimeoutError: Connection timeout to host https://discord.com/api/v9/unique-username/username-attempt-unauthed
2026-09-01 18:26:10	NETWORK	ajpk	attempt=1	proxy=http://wiw4v7duaymysz9-session-2e150827e796-lifetime-10:***@rp.scrapegw.com:6060	ConnectionTimeoutError: Connection timeout to host https://discord.com/api/v9/unique-username/username-attempt-unauthed
2026-09-01 18:26:10	NETWORK	acny	attempt=1	proxy=http://wiw4v7duaymysz9-session-5f3f046cb541-lifetime-10:***@rp.scrapegw.com:6060	ConnectionTimeoutError: Connection timeout to host https://discord.com/api/v9/unique-username/username-attempt-unauthed
2026-09-01 18:26:10	NETWORK	aefg	attempt=1	proxy=http://wiw4v7duaymysz9-session-a49c2aabd00f-lifetime-10:***@rp.scrapegw.com:6060	ConnectionTimeoutError: Connection timeout to host https://discord.com/api/v9/unique-username/username-attempt-unauthed
2026-09-01 18:26:10	NETWORK	abld	attempt=1	proxy=http://wiw4v7duaymysz9-session-012d409784e8-lifetime-10:***@rp.scrapegw.com:6060	ConnectionTimeoutError: Connection timeout to host https://discord.com/api/v9/unique-username/username-attempt-unauthed
2026-09-01 18:26:10	NETWORK	ahjm	attempt=1	proxy=http://wiw4v7duaymysz9-session-3b7c5d9ef71e-lifetime-10:***@rp.scrapegw.com:6060	ConnectionTimeoutError: Connection timeout to host https://discord.com/api/v9/unique-username/username-attempt-unauthed
2026-09-01 18:26:10	NETWORK	adgq	attempt=1	proxy=http://wiw4v7duaymysz9-session-147ab48a2f28-lifetime-10:***@rp.scrapegw.com:6060	ConnectionTimeoutError: Connection timeout to host https://discord.com/api/v9/unique-username/username-attempt-unauthed
2026-09-01 18:26:10	NETWORK	agsr	attempt=1	proxy=http://wiw4v7duaymysz9-session-39590931df03-lifetime-10:***@rp.scrapegw.com:6060	ConnectionTimeoutError: Connection timeout to host https://discord.com/api/v9/unique-username/username-attempt-unauthed
2026-09-01 18:26:10	NETWORK	aayh	attempt=1	proxy=http://wiw4v7duaymysz9-session-a9ff516ff692-lifetime-10:***@rp.scrapegw.com:6060	ConnectionTimeoutError: Connection timeout to host https://discord.com/api/v9/unique-username/username-attempt-unauthed
2026-09-01 18:26:10	NETWORK	agsy	attempt=1	proxy=http://wiw4v7duaymysz9-session-114d40e12bf1-lifetime-10:***@rp.scrapegw.com:6060	ConnectionTimeoutError: Connection timeout to host https://discord.com/api/v9/unique-username/username-attempt-unauthed
2026-09-01 18:26:10	NETWORK	adna	attempt=1	proxy=http://wiw4v7duaymysz9-session-b37b17783ab6-lifetime-10:***@rp.scrapegw.com:6060	ConnectionTimeoutError: Connection timeout to host https://discord.com/api/v9/unique-username/username-attempt-unauthed
2026-09-01 18:26:10	NETWORK	agpy	attempt=1	proxy=http://wiw4v7duaymysz9-session-220efba272cc-lifetime-10:***@rp.scrapegw.com:6060	ConnectionTimeoutError: Connection timeout to host https://discord.com/api/v9/unique-username/username-attempt-unauthed
2026-09-01 18:26:10	NETWORK	agwv	attempt=1	proxy=http://wiw4v7duaymysz9-session-b408c8146d7a-lifetime-10:***@rp.scrapegw.com:6060	ConnectionTimeoutError: Connection timeout to host https://discord.com/api/v9/unique-username/username-attempt-unauthed
2026-09-01 18:26:10	NETWORK	aeek	attempt=1	proxy=http://wiw4v7duaymysz9-session-08642a458005-lifetime-10:***@rp.scrapegw.com:6060	ConnectionTimeoutError: Connection timeout to host https://discord.com/api/v9/unique-username/username-attempt-unauthed
2026-09-01 18:26:10	NETWORK	ajfp	attempt=1	proxy=http://wiw4v7duaymysz9-session-ca5b7e387d45-lifetime-10:***@rp.scrapegw.com:6060	ConnectionTimeoutError: Connection timeout to host https://discord.com/api/v9/unique-username/username-attempt-unauthed
2026-09-01 18:26:10	NETWORK	agzu	attempt=1	proxy=http://wiw4v7duaymysz9-session-ce1b0d6007d1-lifetime-10:***@rp.scrapegw.com:6060	ConnectionTimeoutError: Connection timeout to host https://discord.com/api/v9/unique-username/username-attempt-unauthed
2026-09-01 18:26:10	NETWORK	aguj	attempt=1	proxy=http://wiw4v7duaymysz9-session-0d6c1671ffc3-lifetime-10:***@rp.scrapegw.com:6060	ConnectionTimeoutError: Connection timeout to host https://discord.com/api/v9/unique-username/username-attempt-unauthed
2026-09-01 18:26:10	NETWORK	admy	attempt=1	proxy=http://wiw4v7duaymysz9-session-4523ec151e5d-lifetime-10:***@rp.scrapegw.com:6060	ConnectionTimeoutError: Connection timeout to host https://discord.com/api/v9/unique-username/username-attempt-unauthed
2026-09-01 18:26:10	NETWORK	achn	attempt=1	proxy=http://wiw4v7duaymysz9-session-dd43cf99dda6-lifetime-10:***@rp.scrapegw.com:6060	ConnectionTimeoutError: Connection timeout to host https://discord.com/api/v9/unique-username/username-attempt-unauthed
2026-09-01 18:26:10	NETWORK	aiqy	attempt=1	proxy=http://wiw4v7duaymysz9-session-9e52b4dfca42-lifetime-10:***@rp.scrapegw.com:6060	ConnectionTimeoutError: Connection timeout to host https://discord.com/api/v9/unique-username/username-attempt-unauthed
2026-09-01 18:26:10	NETWORK	adus	attempt=1	proxy=http://wiw4v7duaymysz9-session-64875d5bb18b-lifetime-10:***@rp.scrapegw.com:6060	ConnectionTimeoutError: Connection timeout to host https://discord.com/api/v9/unique-username/username-attempt-unauthed
2026-09-01 18:26:10	NETWORK	aazx	attempt=1	proxy=http://wiw4v7duaymysz9-session-f5a451717756-lifetime-10:***@rp.scrapegw.com:6060	ConnectionTimeoutError: Connection timeout to host https://discord.com/api/v9/unique-username/username-attempt-unauthed
2026-09-01 18:26:10	NETWORK	ajox	attempt=1	proxy=http://wiw4v7duaymysz9-session-927a45b13a43-lifetime-10:***@rp.scrapegw.com:6060	ConnectionTimeoutError: Connection timeout to host https://discord.com/api/v9/unique-username/username-attempt-unauthed
2026-09-01 18:26:10	NETWORK	acjz	attempt=1	proxy=http://wiw4v7duaymysz9-session-8bb4f95a92fe-lifetime-10:***@rp.scrapegw.com:6060	ConnectionTimeoutError: Connection timeout to host https://discord.com/api/v9/unique-username/username-attempt-unauthed
2026-09-01 18:26:10	NETWORK	admh	attempt=1	proxy=http://wiw4v7duaymysz9-session-9f90eee6b432-lifetime-10:***@rp.scrapegw.com:6060	ConnectionTimeoutError: Connection timeout to host https://discord.com/api/v9/unique-username/username-attempt-unauthed
2026-09-01 18:26:10	NETWORK	aebd	attempt=1	proxy=http://wiw4v7duaymysz9-session-acc61a9a73a4-lifetime-10:***@rp.scrapegw.com:6060	ConnectionTimeoutError: Connection timeout to host https://discord.com/api/v9/unique-username/username-attempt-unauthed
2026-09-01 18:26:10	NETWORK	ajpd	attempt=1	proxy=http://wiw4v7duaymysz9-session-04aeb459a202-lifetime-10:***@rp.scrapegw.com:6060	ConnectionTimeoutError: Connection timeout to host https://discord.com/api/v9/unique-username/username-attempt-unauthed
2026-09-01 18:26:10	NETWORK	afwh	attempt=1	proxy=http://wiw4v7duaymysz9-session-e76c8aac9330-lifetime-10:***@rp.scrapegw.com:6060	ConnectionTimeoutError: Connection timeout to host https://discord.com/api/v9/unique-username/username-attempt-unauthed
2026-09-01 18:26:10	NETWORK	aird	attempt=1	proxy=http://wiw4v7duaymysz9-session-05e584310206-lifetime-10:***@rp.scrapegw.com:6060	ConnectionTimeoutError: Connection timeout to host https://discord.com/api/v9/unique-username/username-attempt-unauthed
2026-09-01 18:26:10	NETWORK	agfh	attempt=1	proxy=http://wiw4v7duaymysz9-session-13adeebc48ad-lifetime-10:***@rp.scrapegw.com:6060	ConnectionTimeoutError: Connection timeout to host https://discord.com/api/v9/unique-username/username-attempt-unauthed
2026-09-01 18:26:10	NETWORK	aebw	attempt=1	proxy=http://wiw4v7duaymysz9-session-6a40104511d3-lifetime-10:***@rp.scrapegw.com:6060	ConnectionTimeoutError: Connection timeout to host https://discord.com/api/v9/unique-username/username-attempt-unauthed
2026-09-01 18:26:10	NETWORK	aght	attempt=1	proxy=http://wiw4v7duaymysz9-session-2978040c71ae-lifetime-10:***@rp.scrapegw.com:6060	ConnectionTimeoutError: Connection timeout to host https://discord.com/api/v9/unique-username/username-attempt-unauthed
2026-09-01 18:26:10	NETWORK	adme	attempt=1	proxy=http://wiw4v7duaymysz9-session-155350556c85-lifetime-10:***@rp.scrapegw.com:6060	ConnectionTimeoutError: Connection timeout to host https://discord.com/api/v9/unique-username/username-attempt-unauthed
2026-09-01 18:26:10	NETWORK	ajch	attempt=1	proxy=http://wiw4v7duaymysz9-session-3ddead2e63db-lifetime-10:***@rp.scrapegw.com:6060	ConnectionTimeoutError: Connection timeout to host https://discord.com/api/v9/unique-username/username-attempt-unauthed
2026-09-01 18:26:10	NETWORK	ajbc	attempt=1	proxy=http://wiw4v7duaymysz9-session-46cc866d8d2c-lifetime-10:***@rp.scrapegw.com:6060	ConnectionTimeoutError: Connection timeout to host https://discord.com/api/v9/unique-username/username-attempt-unauthed
2026-09-01 18:26:10	NETWORK	achl	attempt=1	proxy=http://wiw4v7duaymysz9-session-e951c1dd5de0-lifetime-10:***@rp.scrapegw.com:6060	ConnectionTimeoutError: Connection timeout to host https://discord.com/api/v9/unique-username/username-attempt-unauthed
2026-09-01 18:26:10	NETWORK	aech	attempt=1	proxy=http://wiw4v7duaymysz9-session-6776fc9d3e99-lifetime-10:***@rp.scrapegw.com:6060	ConnectionTimeoutError: Connection timeout to host https://discord.com/api/v9/unique-username/username-attempt-unauthed
2026-09-01 18:26:10	NETWORK	agcj	attempt=1	proxy=http://wiw4v7duaymysz9-session-ac21b526a6ac-lifetime-10:***@rp.scrapegw.com:6060	ConnectionTimeoutError: Connection timeout to host https://discord.com/api/v9/unique-username/username-attempt-unauthed
2026-09-01 18:26:10	NETWORK	abbp	attempt=1	proxy=http://wiw4v7duaymysz9-session-b9b6cdc484f7-lifetime-10:***@rp.scrapegw.com:6060	ConnectionTimeoutError: Connection timeout to host https://discord.com/api/v9/unique-username/username-attempt-unauthed
2026-09-01 18:26:10	NETWORK	airh	attempt=1	proxy=http://wiw4v7duaymysz9-session-9112f0446c4f-lifetime-10:***@rp.scrapegw.com:6060	ConnectionTimeoutError: Connection timeout to host https://discord.com/api/v9/unique-username/username-attempt-unauthed
2026-09-01 18:26:10	NETWORK	ackx	attempt=1	proxy=http://wiw4v7duaymysz9-session-37465892dd8e-lifetime-10:***@rp.scrapegw.com:6060	ConnectionTimeoutError: Connection timeout to host https://discord.com/api/v9/unique-username/username-attempt-unauthed
2026-09-01 18:26:10	NETWORK	afyw	attempt=1	proxy=http://wiw4v7duaymysz9-session-58eede6eb712-lifetime-10:***@rp.scrapegw.com:6060	ConnectionTimeoutError: Connection timeout to host https://discord.com/api/v9/unique-username/username-attempt-unauthed
2026-09-01 18:26:10	NETWORK	agyp	attempt=1	proxy=http://wiw4v7duaymysz9-session-a5effe3d0804-lifetime-10:***@rp.scrapegw.com:6060	ConnectionTimeoutError: Connection timeout to host https://discord.com/api/v9/unique-username/username-attempt-unauthed
2026-09-01 18:26:10	NETWORK	abse	attempt=1	proxy=http://wiw4v7duaymysz9-session-3bfda11b1480-lifetime-10:***@rp.scrapegw.com:6060	ConnectionTimeoutError: Connection timeout to host https://discord.com/api/v9/unique-username/username-attempt-unauthed
2026-09-01 18:26:10	NETWORK	adlj	attempt=1	proxy=http://wiw4v7duaymysz9-session-ba97396f7b86-lifetime-10:***@rp.scrapegw.com:6060	ConnectionTimeoutError: Connection timeout to host https://discord.com/api/v9/unique-username/username-attempt-unauthed
2026-09-01 18:26:10	NETWORK	adyc	attempt=1	proxy=http://wiw4v7duaymysz9-session-a418cead3be5-lifetime-10:***@rp.scrapegw.com:6060	ConnectionTimeoutError: Connection timeout to host https://discord.com/api/v9/unique-username/username-attempt-unauthed
2026-09-01 18:26:10	NETWORK	ajpp	attempt=1	proxy=http://wiw4v7duaymysz9-session-ac308b7a47e6-lifetime-10:***@rp.scrapegw.com:6060	ConnectionTimeoutError: Connection timeout to host https://discord.com/api/v9/unique-username/username-attempt-unauthed
2026-09-01 18:26:10	NETWORK	aiok	attempt=1	proxy=http://wiw4v7duaymysz9-session-91414f7726ab-lifetime-10:***@rp.scrapegw.com:6060	ConnectionTimeoutError: Connection timeout to host https://discord.com/api/v9/unique-username/username-attempt-unauthed
2026-09-01 18:26:10	NETWORK	ackz	attempt=1	proxy=http://wiw4v7duaymysz9-session-1ad97c47c522-lifetime-10:***@rp.scrapegw.com:6060	ConnectionTimeoutError: Connection timeout to host https://discord.com/api/v9/unique-username/username-attempt-unauthed
2026-09-01 18:26:10	NETWORK	ahhi	attempt=1	proxy=http://wiw4v7duaymysz9-session-010cd2129f62-lifetime-10:***@rp.scrapegw.com:6060	ConnectionTimeoutError: Connection timeout to host https://discord.com/api/v9/unique-username/username-attempt-unauthed
2026-09-01 18:26:10	NETWORK	ajtp	attempt=1	proxy=http://wiw4v7duaymysz9-session-f47e9bf331ee-lifetime-10:***@rp.scrapegw.com:6060	ConnectionTimeoutError: Connection timeout to host https://discord.com/api/v9/unique-username/username-attempt-unauthed
2026-09-01 18:26:10	NETWORK	adjr	attempt=1	proxy=http://wiw4v7duaymysz9-session-d098b9ecf71e-lifetime-10:***@rp.scrapegw.com:6060	ConnectionTimeoutError: Connection timeout to host https://discord.com/api/v9/unique-username/username-attempt-unauthed
2026-09-01 18:26:10	NETWORK	agxs	attempt=1	proxy=http://wiw4v7duaymysz9-session-6c5bb74a14d0-lifetime-10:***@rp.scrapegw.com:6060	ConnectionTimeoutError: Connection timeout to host https://discord.com/api/v9/unique-username/username-attempt-unauthed
2026-09-01 18:26:10	NETWORK	aclb	attempt=1	proxy=http://wiw4v7duaymysz9-session-a4b97043a4c3-lifetime-10:***@rp.scrapegw.com:6060	ConnectionTimeoutError: Connection timeout to host https://discord.com/api/v9/unique-username/username-attempt-unauthed
2026-09-01 18:26:10	NETWORK	aafc	attempt=1	proxy=http://wiw4v7duaymysz9-session-8a21e6d705b2-lifetime-10:***@rp.scrapegw.com:6060	ConnectionTimeoutError: Connection timeout to host https://discord.com/api/v9/unique-username/username-attempt-unauthed
2026-09-01 18:26:10	NETWORK	adkx	attempt=1	proxy=http://wiw4v7duaymysz9-session-75247522f79c-lifetime-10:***@rp.scrapegw.com:6060	ConnectionTimeoutError: Connection timeout to host https://discord.com/api/v9/unique-username/username-attempt-unauthed
2026-09-01 18:26:10	NETWORK	aabh	attempt=1	proxy=http://wiw4v7duaymysz9-session-31b43d0cf80f-lifetime-10:***@rp.scrapegw.com:6060	ConnectionTimeoutError: Connection timeout to host https://discord.com/api/v9/unique-username/username-attempt-unauthed
2026-09-01 18:26:10	NETWORK	aaww	attempt=1	proxy=http://wiw4v7duaymysz9-session-1afda99ddc76-lifetime-10:***@rp.scrapegw.com:6060	ConnectionTimeoutError: Connection timeout to host https://discord.com/api/v9/unique-username/username-attempt-unauthed
2026-09-01 18:26:10	NETWORK	aang	attempt=1	proxy=http://wiw4v7duaymysz9-session-4b704cb0ad83-lifetime-10:***@rp.scrapegw.com:6060	ConnectionTimeoutError: Connection timeout to host https://discord.com/api/v9/unique-username/username-attempt-unauthed
2026-09-01 18:26:10	NETWORK	agxz	attempt=1	proxy=http://wiw4v7duaymysz9-session-7d64f228da83-lifetime-10:***@rp.scrapegw.com:6060	ConnectionTimeoutError: Connection timeout to host https://discord.com/api/v9/unique-username/username-attempt-unauthed
2026-09-01 18:26:10	NETWORK	adhm	attempt=1	proxy=http://wiw4v7duaymysz9-session-af96069cc9f1-lifetime-10:***@rp.scrapegw.com:6060	ConnectionTimeoutError: Connection timeout to host https://discord.com/api/v9/unique-username/username-attempt-unauthed
2026-09-01 18:26:10	NETWORK	afnn	attempt=1	proxy=http://wiw4v7duaymysz9-session-c02d5274d5c5-lifetime-10:***@rp.scrapegw.com:6060	ConnectionTimeoutError: Connection timeout to host https://discord.com/api/v9/unique-username/username-attempt-unauthed
2026-09-01 18:26:10	NETWORK	afny	attempt=1	proxy=http://wiw4v7duaymysz9-session-20be32b68883-lifetime-10:***@rp.scrapegw.com:6060	ConnectionTimeoutError: Connection timeout to host https://discord.com/api/v9/unique-username/username-attempt-unauthed
2026-09-01 18:26:10	NETWORK	ahhv	attempt=1	proxy=http://wiw4v7duaymysz9-session-6aca2534bfdb-lifetime-10:***@rp.scrapegw.com:6060	ConnectionTimeoutError: Connection timeout to host https://discord.com/api/v9/unique-username/username-attempt-unauthed
2026-09-01 18:26:10	NETWORK	afph	attempt=1	proxy=http://wiw4v7duaymysz9-session-c590cfe53aba-lifetime-10:***@rp.scrapegw.com:6060	ConnectionTimeoutError: Connection timeout to host https://discord.com/api/v9/unique-username/username-attempt-unauthed
2026-09-01 18:26:10	NETWORK	ajsj	attempt=1	proxy=http://wiw4v7duaymysz9-session-26e4e166d51c-lifetime-10:***@rp.scrapegw.com:6060	ConnectionTimeoutError: Connection timeout to host https://discord.com/api/v9/unique-username/username-attempt-unauthed
2026-09-01 18:26:10	NETWORK	acmb	attempt=1	proxy=http://wiw4v7duaymysz9-session-aed0dbff55d4-lifetime-10:***@rp.scrapegw.com:6060	ConnectionTimeoutError: Connection timeout to host https://discord.com/api/v9/unique-username/username-attempt-unauthed
2026-09-01 18:26:10	NETWORK	afpo	attempt=1	proxy=http://wiw4v7duaymysz9-session-2db038eef752-lifetime-10:***@rp.scrapegw.com:6060	ConnectionTimeoutError: Connection timeout to host https://discord.com/api/v9/unique-username/username-attempt-unauthed
2026-09-01 18:26:10	NETWORK	afob	attempt=1	proxy=http://wiw4v7duaymysz9-session-939f40e66789-lifetime-10:***@rp.scrapegw.com:6060	ConnectionTimeoutError: Connection timeout to host https://discord.com/api/v9/unique-username/username-attempt-unauthed
2026-09-01 18:26:10	NETWORK	afnm	attempt=1	proxy=http://wiw4v7duaymysz9-session-23c8f2777583-lifetime-10:***@rp.scrapegw.com:6060	ConnectionTimeoutError: Connection timeout to host https://discord.com/api/v9/unique-username/username-attempt-unauthed
2026-09-01 18:26:10	NETWORK	abwl	attempt=1	proxy=http://wiw4v7duaymysz9-session-2e0d3f7de4c4-lifetime-10:***@rp.scrapegw.com:6060	ConnectionTimeoutError: Connection timeout to host https://discord.com/api/v9/unique-username/username-attempt-unauthed
2026-09-01 18:26:10	NETWORK	ajvc	attempt=1	proxy=http://wiw4v7duaymysz9-session-d5ca600895b7-lifetime-10:***@rp.scrapegw.com:6060	ConnectionTimeoutError: Connection timeout to host https://discord.com/api/v9/unique-username/username-attempt-unauthed
2026-09-01 18:26:10	NETWORK	acij	attempt=1	proxy=http://wiw4v7duaymysz9-session-b4452efa9144-lifetime-10:***@rp.scrapegw.com:6060	ConnectionTimeoutError: Connection timeout to host https://discord.com/api/v9/unique-username/username-attempt-unauthed
2026-09-01 18:26:10	NETWORK	adxm	attempt=1	proxy=http://wiw4v7duaymysz9-session-4a92db64e632-lifetime-10:***@rp.scrapegw.com:6060	ConnectionTimeoutError: Connection timeout to host https://discord.com/api/v9/unique-username/username-attempt-unauthed
2026-09-01 18:26:11	HTTP_429	avat	attempt=1	proxy=http://wiw4v7duaymysz9-session-6b710e217c3a-lifetime-10:***@rp.scrapegw.com:6060	scope=shared global=False retry_after=1742.00s
2026-09-01 18:26:11	HTTP_429	apkk	attempt=1	proxy=http://wiw4v7duaymysz9-session-cc4127cfeb5d-lifetime-10:***@rp.scrapegw.com:6060	scope=shared global=False retry_after=1357.00s
2026-09-01 18:26:11	HTTP_429	apoi	attempt=1	proxy=http://wiw4v7duaymysz9-session-1142a6afdd14-lifetime-10:***@rp.scrapegw.com:6060	scope=shared global=False retry_after=1489.00s
2026-09-01 18:26:11	HTTP_429	aqzp	attempt=1	proxy=http://wiw4v7duaymysz9-session-4fb94ec17b70-lifetime-10:***@rp.scrapegw.com:6060	scope=shared global=False retry_after=2142.00s
2026-09-01 18:26:11	HTTP_429	aqch	attempt=1	proxy=http://wiw4v7duaymysz9-session-dd662e805c90-lifetime-10:***@rp.scrapegw.com:6060	scope=shared global=False retry_after=1431.00s
2026-09-01 18:26:11	HTTP_429	apek	attempt=1	proxy=http://wiw4v7duaymysz9-session-38f113fc4a3f-lifetime-10:***@rp.scrapegw.com:6060	scope=shared global=False retry_after=920.00s
2026-09-01 18:26:11	HTTP_429	awdo	attempt=1	proxy=http://wiw4v7duaymysz9-session-1927af22f572-lifetime-10:***@rp.scrapegw.com:6060	scope=shared global=False retry_after=1655.00s
2026-09-01 18:26:11	NETWORK	akdf	attempt=1	proxy=http://wiw4v7duaymysz9-session-3423ef0a8c7a-lifetime-10:***@rp.scrapegw.com:6060	ConnectionTimeoutError: Connection timeout to host https://discord.com/api/v9/unique-username/username-attempt-unauthed
2026-09-01 18:26:11	HTTP_429	awqv	attempt=1	proxy=http://wiw4v7duaymysz9-session-493d12242866-lifetime-10:***@rp.scrapegw.com:6060	scope=shared global=False retry_after=552.00s
2026-09-01 18:26:12	NETWORK	akfe	attempt=1	proxy=http://wiw4v7duaymysz9-session-fded3d5ddf76-lifetime-10:***@rp.scrapegw.com:6060	ConnectionTimeoutError: Connection timeout to host https://discord.com/api/v9/unique-username/username-attempt-unauthed
2026-09-01 18:26:12	NETWORK	akhs	attempt=1	proxy=http://wiw4v7duaymysz9-session-c884f5d16f08-lifetime-10:***@rp.scrapegw.com:6060	ConnectionTimeoutError: Connection timeout to host https://discord.com/api/v9/unique-username/username-attempt-unauthed
2026-09-01 18:26:12	NETWORK	akmp	attempt=1	proxy=http://wiw4v7duaymysz9-session-34bb63613186-lifetime-10:***@rp.scrapegw.com:6060	ConnectionTimeoutError: Connection timeout to host https://discord.com/api/v9/unique-username/username-attempt-unauthed
2026-09-01 18:26:12	NETWORK	akfr	attempt=1	proxy=http://wiw4v7duaymysz9-session-471e197e6f97-lifetime-10:***@rp.scrapegw.com:6060	ConnectionTimeoutError: Connection timeout to host https://discord.com/api/v9/unique-username/username-attempt-unauthed
2026-09-01 18:26:12	NETWORK	akgz	attempt=1	proxy=http://wiw4v7duaymysz9-session-9e7dbad1c63a-lifetime-10:***@rp.scrapegw.com:6060	ConnectionTimeoutError: Connection timeout to host https://discord.com/api/v9/unique-username/username-attempt-unauthed
2026-09-01 18:26:12	NETWORK	akej	attempt=1	proxy=http://wiw4v7duaymysz9-session-31b43d0cf80f-lifetime-10:***@rp.scrapegw.com:6060	ConnectionTimeoutError: Connection timeout to host https://discord.com/api/v9/unique-username/username-attempt-unauthed
2026-09-01 18:26:12	NETWORK	akhc	attempt=1	proxy=http://wiw4v7duaymysz9-session-e7527535bf2f-lifetime-10:***@rp.scrapegw.com:6060	ConnectionTimeoutError: Connection timeout to host https://discord.com/api/v9/unique-username/username-attempt-unauthed
2026-09-01 18:26:13	HTTP_429	anlm	attempt=1	proxy=http://wiw4v7duaymysz9-session-fa586d4e0b26-lifetime-10:***@rp.scrapegw.com:6060	scope=shared global=False retry_after=244.00s
2026-09-01 18:26:13	HTTP_429	akvu	attempt=1	proxy=http://wiw4v7duaymysz9-session-6b710e217c3a-lifetime-10:***@rp.scrapegw.com:6060	scope=shared global=False retry_after=1739.90s
2026-09-01 18:26:13	NETWORK	akso	attempt=1	proxy=http://wiw4v7duaymysz9-session-e832f09ff513-lifetime-10:***@rp.scrapegw.com:6060	ConnectionTimeoutError: Connection timeout to host https://discord.com/api/v9/unique-username/username-attempt-unauthed
2026-09-01 18:26:13	NETWORK	akna	attempt=1	proxy=http://wiw4v7duaymysz9-session-878bf63afe27-lifetime-10:***@rp.scrapegw.com:6060	ConnectionTimeoutError: Connection timeout to host https://discord.com/api/v9/unique-username/username-attempt-unauthed
2026-09-01 18:26:13	NETWORK	aksu	attempt=1	proxy=http://wiw4v7duaymysz9-session-8052bcd09289-lifetime-10:***@rp.scrapegw.com:6060	ConnectionTimeoutError: Connection timeout to host https://discord.com/api/v9/unique-username/username-attempt-unauthed
2026-09-01 18:26:13	NETWORK	akqs	attempt=1	proxy=http://wiw4v7duaymysz9-session-51127477db63-lifetime-10:***@rp.scrapegw.com:6060	ConnectionTimeoutError: Connection timeout to host https://discord.com/api/v9/unique-username/username-attempt-unauthed
2026-09-01 18:26:13	NETWORK	akqi	attempt=1	proxy=http://wiw4v7duaymysz9-session-8eed44744183-lifetime-10:***@rp.scrapegw.com:6060	ConnectionTimeoutError: Connection timeout to host https://discord.com/api/v9/unique-username/username-attempt-unauthed
2026-09-01 18:26:13	NETWORK	aksr	attempt=1	proxy=http://wiw4v7duaymysz9-session-ccefa0f5918d-lifetime-10:***@rp.scrapegw.com:6060	ConnectionTimeoutError: Connection timeout to host https://discord.com/api/v9/unique-username/username-attempt-unauthed
2026-09-01 18:26:13	NETWORK	akrv	attempt=1	proxy=http://wiw4v7duaymysz9-session-b1796204566f-lifetime-10:***@rp.scrapegw.com:6060	ConnectionTimeoutError: Connection timeout to host https://discord.com/api/v9/unique-username/username-attempt-unauthed
2026-09-01 18:26:13	NETWORK	akrd	attempt=1	proxy=http://wiw4v7duaymysz9-session-ae15f2d62e67-lifetime-10:***@rp.scrapegw.com:6060	ConnectionTimeoutError: Connection timeout to host https://discord.com/api/v9/unique-username/username-attempt-unauthed
2026-09-01 18:26:13	NETWORK	aksw	attempt=1	proxy=http://wiw4v7duaymysz9-session-c740ebd7ca0a-lifetime-10:***@rp.scrapegw.com:6060	ConnectionTimeoutError: Connection timeout to host https://discord.com/api/v9/unique-username/username-attempt-unauthed
2026-09-01 18:26:13	HTTP_429	aobb	attempt=1	proxy=http://wiw4v7duaymysz9-session-6d8e86ac6d7a-lifetime-10:***@rp.scrapegw.com:6060	scope=shared global=False retry_after=496.00s
2026-09-01 18:26:14	NETWORK	akty	attempt=1	proxy=http://wiw4v7duaymysz9-session-53ac4173342b-lifetime-10:***@rp.scrapegw.com:6060	ConnectionTimeoutError: Connection timeout to host https://discord.com/api/v9/unique-username/username-attempt-unauthed
2026-09-01 18:26:15	NETWORK	akvb	attempt=1	proxy=http://wiw4v7duaymysz9-session-f5cacfdcd5e0-lifetime-10:***@rp.scrapegw.com:6060	ConnectionTimeoutError: Connection timeout to host https://discord.com/api/v9/unique-username/username-attempt-unauthed
2026-09-01 18:26:15	NETWORK	akvd	attempt=1	proxy=http://wiw4v7duaymysz9-session-a54d41610424-lifetime-10:***@rp.scrapegw.com:6060	ConnectionTimeoutError: Connection timeout to host https://discord.com/api/v9/unique-username/username-attempt-unauthed
2026-09-01 18:26:15	NETWORK	amud	attempt=1	proxy=http://wiw4v7duaymysz9-session-cc38d345f992-lifetime-10:***@rp.scrapegw.com:6060	ClientConnectorError: Cannot connect to host discord.com:443 ssl:default [Connection reset by peer]
2026-09-01 18:26:16	NETWORK	alqw	attempt=1	proxy=http://wiw4v7duaymysz9-session-adbd36f21116-lifetime-10:***@rp.scrapegw.com:6060	ClientConnectorError: Cannot connect to host discord.com:443 ssl:default [None]
2026-09-01 18:26:16	NETWORK	akwc	attempt=1	proxy=http://wiw4v7duaymysz9-session-2aba853a9f0a-lifetime-10:***@rp.scrapegw.com:6060	ConnectionTimeoutError: Connection timeout to host https://discord.com/api/v9/unique-username/username-attempt-unauthed
2026-09-01 18:26:17	NETWORK	akyw	attempt=1	proxy=http://wiw4v7duaymysz9-session-4b704cb0ad83-lifetime-10:***@rp.scrapegw.com:6060	ConnectionTimeoutError: Connection timeout to host https://discord.com/api/v9/unique-username/username-attempt-unauthed
2026-09-01 18:26:17	NETWORK	alkj	attempt=1	proxy=http://wiw4v7duaymysz9-session-704266ec833e-lifetime-10:***@rp.scrapegw.com:6060	ConnectionTimeoutError: Connection timeout to host https://discord.com/api/v9/unique-username/username-attempt-unauthed
2026-09-01 18:26:17	NETWORK	akze	attempt=1	proxy=http://wiw4v7duaymysz9-session-c6abe27b0100-lifetime-10:***@rp.scrapegw.com:6060	ConnectionTimeoutError: Connection timeout to host https://discord.com/api/v9/unique-username/username-attempt-unauthed
2026-09-01 18:26:17	NETWORK	aljb	attempt=1	proxy=http://wiw4v7duaymysz9-session-a70ae2f8113a-lifetime-10:***@rp.scrapegw.com:6060	ConnectionTimeoutError: Connection timeout to host https://discord.com/api/v9/unique-username/username-attempt-unauthed
2026-09-01 18:26:17	NETWORK	alko	attempt=1	proxy=http://wiw4v7duaymysz9-session-edf199da2cab-lifetime-10:***@rp.scrapegw.com:6060	ConnectionTimeoutError: Connection timeout to host https://discord.com/api/v9/unique-username/username-attempt-unauthed
2026-09-01 18:26:17	NETWORK	alaj	attempt=1	proxy=http://wiw4v7duaymysz9-session-bd3800623ef1-lifetime-10:***@rp.scrapegw.com:6060	ConnectionTimeoutError: Connection timeout to host https://discord.com/api/v9/unique-username/username-attempt-unauthed
2026-09-01 18:26:17	NETWORK	akyk	attempt=1	proxy=http://wiw4v7duaymysz9-session-412ced3276c5-lifetime-10:***@rp.scrapegw.com:6060	ConnectionTimeoutError: Connection timeout to host https://discord.com/api/v9/unique-username/username-attempt-unauthed
2026-09-01 18:26:17	NETWORK	akzd	attempt=1	proxy=http://wiw4v7duaymysz9-session-ab50ed999cc6-lifetime-10:***@rp.scrapegw.com:6060	ConnectionTimeoutError: Connection timeout to host https://discord.com/api/v9/unique-username/username-attempt-unauthed
2026-09-01 18:26:17	NETWORK	aljg	attempt=1	proxy=http://wiw4v7duaymysz9-session-3fef230d79d9-lifetime-10:***@rp.scrapegw.com:6060	ConnectionTimeoutError: Connection timeout to host https://discord.com/api/v9/unique-username/username-attempt-unauthed
2026-09-01 18:26:17	NETWORK	alev	attempt=1	proxy=http://wiw4v7duaymysz9-session-f5e6ba1c261f-lifetime-10:***@rp.scrapegw.com:6060	ConnectionTimeoutError: Connection timeout to host https://discord.com/api/v9/unique-username/username-attempt-unauthed
2026-09-01 18:26:17	NETWORK	akzv	attempt=1	proxy=http://wiw4v7duaymysz9-session-87777932a2aa-lifetime-10:***@rp.scrapegw.com:6060	ConnectionTimeoutError: Connection timeout to host https://discord.com/api/v9/unique-username/username-attempt-unauthed
2026-09-01 18:26:18	HTTP_429	aztr	attempt=1	proxy=http://wiw4v7duaymysz9-session-da3b3f338981-lifetime-10:***@rp.scrapegw.com:6060	scope=shared global=False retry_after=1333.00s
2026-09-01 18:26:18	HTTP_429	azqy	attempt=1	proxy=http://wiw4v7duaymysz9-session-75aae0488e11-lifetime-10:***@rp.scrapegw.com:6060	scope=shared global=False retry_after=1971.00s
2026-09-01 18:26:18	HTTP_429	azrm	attempt=1	proxy=http://wiw4v7duaymysz9-session-eed6bf001f79-lifetime-10:***@rp.scrapegw.com:6060	scope=shared global=False retry_after=1034.00s
2026-09-01 18:26:18	HTTP_429	aztf	attempt=1	proxy=http://wiw4v7duaymysz9-session-198f35a6abf9-lifetime-10:***@rp.scrapegw.com:6060	scope=shared global=False retry_after=1401.00s
2026-09-01 18:26:18	HTTP_429	avzp	attempt=1	proxy=http://wiw4v7duaymysz9-session-e8648fe7f189-lifetime-10:***@rp.scrapegw.com:6060	scope=shared global=False retry_after=1624.00s
2026-09-01 18:26:18	NETWORK	alws	attempt=1	proxy=http://wiw4v7duaymysz9-session-2cdc98354074-lifetime-10:***@rp.scrapegw.com:6060	ConnectionTimeoutError: Connection timeout to host https://discord.com/api/v9/unique-username/username-attempt-unauthed
2026-09-01 18:26:18	NETWORK	alns	attempt=1	proxy=http://wiw4v7duaymysz9-session-089b3f9dc984-lifetime-10:***@rp.scrapegw.com:6060	ConnectionTimeoutError: Connection timeout to host https://discord.com/api/v9/unique-username/username-attempt-unauthed
2026-09-01 18:26:18	NETWORK	alxa	attempt=1	proxy=http://wiw4v7duaymysz9-session-d59da6dd4271-lifetime-10:***@rp.scrapegw.com:6060	ConnectionTimeoutError: Connection timeout to host https://discord.com/api/v9/unique-username/username-attempt-unauthed
2026-09-01 18:26:18	NETWORK	alxg	attempt=1	proxy=http://wiw4v7duaymysz9-session-ba31aecab55e-lifetime-10:***@rp.scrapegw.com:6060	ConnectionTimeoutError: Connection timeout to host https://discord.com/api/v9/unique-username/username-attempt-unauthed
2026-09-01 18:26:18	NETWORK	alvp	attempt=1	proxy=http://wiw4v7duaymysz9-session-a9ff516ff692-lifetime-10:***@rp.scrapegw.com:6060	ConnectionTimeoutError: Connection timeout to host https://discord.com/api/v9/unique-username/username-attempt-unauthed
2026-09-01 18:26:18	NETWORK	aluq	attempt=1	proxy=http://wiw4v7duaymysz9-session-1927af22f572-lifetime-10:***@rp.scrapegw.com:6060	ConnectionTimeoutError: Connection timeout to host https://discord.com/api/v9/unique-username/username-attempt-unauthed
2026-09-01 18:26:18	NETWORK	alxc	attempt=1	proxy=http://wiw4v7duaymysz9-session-b9b6cdc484f7-lifetime-10:***@rp.scrapegw.com:6060	ConnectionTimeoutError: Connection timeout to host https://discord.com/api/v9/unique-username/username-attempt-unauthed
2026-09-01 18:26:18	NETWORK	alwa	attempt=1	proxy=http://wiw4v7duaymysz9-session-7d2a63ec0221-lifetime-10:***@rp.scrapegw.com:6060	ConnectionTimeoutError: Connection timeout to host https://discord.com/api/v9/unique-username/username-attempt-unauthed
2026-09-01 18:26:18	NETWORK	alsv	attempt=1	proxy=http://wiw4v7duaymysz9-session-d92d2cd3af71-lifetime-10:***@rp.scrapegw.com:6060	ConnectionTimeoutError: Connection timeout to host https://discord.com/api/v9/unique-username/username-attempt-unauthed
2026-09-01 18:26:18	NETWORK	alqh	attempt=1	proxy=http://wiw4v7duaymysz9-session-8ee58c49513c-lifetime-10:***@rp.scrapegw.com:6060	ConnectionTimeoutError: Connection timeout to host https://discord.com/api/v9/unique-username/username-attempt-unauthed
2026-09-01 18:26:18	NETWORK	alrt	attempt=1	proxy=http://wiw4v7duaymysz9-session-f9b88624a25e-lifetime-10:***@rp.scrapegw.com:6060	ConnectionTimeoutError: Connection timeout to host https://discord.com/api/v9/unique-username/username-attempt-unauthed
2026-09-01 18:26:18	NETWORK	alrk	attempt=1	proxy=http://wiw4v7duaymysz9-session-f9530ef79c98-lifetime-10:***@rp.scrapegw.com:6060	ConnectionTimeoutError: Connection timeout to host https://discord.com/api/v9/unique-username/username-attempt-unauthed
2026-09-01 18:26:18	NETWORK	alrg	attempt=1	proxy=http://wiw4v7duaymysz9-session-188c502a05ab-lifetime-10:***@rp.scrapegw.com:6060	ConnectionTimeoutError: Connection timeout to host https://discord.com/api/v9/unique-username/username-attempt-unauthed
2026-09-01 18:26:18	NETWORK	alqx	attempt=1	proxy=http://wiw4v7duaymysz9-session-057b3ba01dc5-lifetime-10:***@rp.scrapegw.com:6060	ConnectionTimeoutError: Connection timeout to host https://discord.com/api/v9/unique-username/username-attempt-unauthed
2026-09-01 18:26:18	NETWORK	alpl	attempt=1	proxy=http://wiw4v7duaymysz9-session-a834cc492a20-lifetime-10:***@rp.scrapegw.com:6060	ConnectionTimeoutError: Connection timeout to host https://discord.com/api/v9/unique-username/username-attempt-unauthed
2026-09-01 18:26:18	NETWORK	alty	attempt=1	proxy=http://wiw4v7duaymysz9-session-1afda99ddc76-lifetime-10:***@rp.scrapegw.com:6060	ConnectionTimeoutError: Connection timeout to host https://discord.com/api/v9/unique-username/username-attempt-unauthed
2026-09-01 18:26:18	NETWORK	alvv	attempt=1	proxy=http://wiw4v7duaymysz9-session-fd0ff3e789ee-lifetime-10:***@rp.scrapegw.com:6060	ConnectionTimeoutError: Connection timeout to host https://discord.com/api/v9/unique-username/username-attempt-unauthed
2026-09-01 18:26:18	NETWORK	alnv	attempt=1	proxy=http://wiw4v7duaymysz9-session-b4efc380fcdc-lifetime-10:***@rp.scrapegw.com:6060	ConnectionTimeoutError: Connection timeout to host https://discord.com/api/v9/unique-username/username-attempt-unauthed
2026-09-01 18:26:18	NETWORK	aluk	attempt=1	proxy=http://wiw4v7duaymysz9-session-f4e784bf95fd-lifetime-10:***@rp.scrapegw.com:6060	ConnectionTimeoutError: Connection timeout to host https://discord.com/api/v9/unique-username/username-attempt-unauthed
2026-09-01 18:26:19	HTTP_429	asgw	attempt=1	proxy=http://wiw4v7duaymysz9-session-a5f5a3937b53-lifetime-10:***@rp.scrapegw.com:6060	scope=shared global=False retry_after=401.00s
2026-09-01 18:26:19	HTTP_429	aqit	attempt=1	proxy=http://wiw4v7duaymysz9-session-7fac147b10c6-lifetime-10:***@rp.scrapegw.com:6060	scope=shared global=False retry_after=1059.00s
2026-09-01 18:26:19	NETWORK	awyu	attempt=1	proxy=http://wiw4v7duaymysz9-session-05ef49424808-lifetime-10:***@rp.scrapegw.com:6060	ClientConnectorError: Cannot connect to host discord.com:443 ssl:default [Connection reset by peer]
2026-09-01 18:26:19	NETWORK	amri	attempt=1	proxy=http://wiw4v7duaymysz9-session-cd5ab1460d9d-lifetime-10:***@rp.scrapegw.com:6060	ConnectionTimeoutError: Connection timeout to host https://discord.com/api/v9/unique-username/username-attempt-unauthed
2026-09-01 18:26:19	NETWORK	amtu	attempt=1	proxy=http://wiw4v7duaymysz9-session-4dedd77efdef-lifetime-10:***@rp.scrapegw.com:6060	ConnectionTimeoutError: Connection timeout to host https://discord.com/api/v9/unique-username/username-attempt-unauthed
2026-09-01 18:26:19	NETWORK	amuf	attempt=1	proxy=http://wiw4v7duaymysz9-session-2e3cd9229ac1-lifetime-10:***@rp.scrapegw.com:6060	ConnectionTimeoutError: Connection timeout to host https://discord.com/api/v9/unique-username/username-attempt-unauthed
2026-09-01 18:26:19	NETWORK	amei	attempt=1	proxy=http://wiw4v7duaymysz9-session-5f4847e07f57-lifetime-10:***@rp.scrapegw.com:6060	ConnectionTimeoutError: Connection timeout to host https://discord.com/api/v9/unique-username/username-attempt-unauthed
2026-09-01 18:26:19	NETWORK	amuv	attempt=1	proxy=http://wiw4v7duaymysz9-session-e951c1dd5de0-lifetime-10:***@rp.scrapegw.com:6060	ConnectionTimeoutError: Connection timeout to host https://discord.com/api/v9/unique-username/username-attempt-unauthed
2026-09-01 18:26:19	NETWORK	amro	attempt=1	proxy=http://wiw4v7duaymysz9-session-d0b51e8eb7b2-lifetime-10:***@rp.scrapegw.com:6060	ConnectionTimeoutError: Connection timeout to host https://discord.com/api/v9/unique-username/username-attempt-unauthed
2026-09-01 18:26:19	NETWORK	amtc	attempt=1	proxy=http://wiw4v7duaymysz9-session-ccb5a5f781ab-lifetime-10:***@rp.scrapegw.com:6060	ConnectionTimeoutError: Connection timeout to host https://discord.com/api/v9/unique-username/username-attempt-unauthed
2026-09-01 18:26:19	NETWORK	amph	attempt=1	proxy=http://wiw4v7duaymysz9-session-7969fba350f1-lifetime-10:***@rp.scrapegw.com:6060	ConnectionTimeoutError: Connection timeout to host https://discord.com/api/v9/unique-username/username-attempt-unauthed
2026-09-01 18:26:19	NETWORK	amts	attempt=1	proxy=http://wiw4v7duaymysz9-session-81164d77504f-lifetime-10:***@rp.scrapegw.com:6060	ConnectionTimeoutError: Connection timeout to host https://discord.com/api/v9/unique-username/username-attempt-unauthed
2026-09-01 18:26:19	NETWORK	amrx	attempt=1	proxy=http://wiw4v7duaymysz9-session-298dccb9438b-lifetime-10:***@rp.scrapegw.com:6060	ConnectionTimeoutError: Connection timeout to host https://discord.com/api/v9/unique-username/username-attempt-unauthed
2026-09-01 18:26:19	NETWORK	amsk	attempt=1	proxy=http://wiw4v7duaymysz9-session-070a7e9e3ceb-lifetime-10:***@rp.scrapegw.com:6060	ConnectionTimeoutError: Connection timeout to host https://discord.com/api/v9/unique-username/username-attempt-unauthed
2026-09-01 18:26:19	NETWORK	amke	attempt=1	proxy=http://wiw4v7duaymysz9-session-19bbaacd2a39-lifetime-10:***@rp.scrapegw.com:6060	ConnectionTimeoutError: Connection timeout to host https://discord.com/api/v9/unique-username/username-attempt-unauthed
2026-09-01 18:26:19	NETWORK	amkl	attempt=1	proxy=http://wiw4v7duaymysz9-session-d5606752c1b5-lifetime-10:***@rp.scrapegw.com:6060	ConnectionTimeoutError: Connection timeout to host https://discord.com/api/v9/unique-username/username-attempt-unauthed
2026-09-01 18:26:19	NETWORK	amnx	attempt=1	proxy=http://wiw4v7duaymysz9-session-faff83a29041-lifetime-10:***@rp.scrapegw.com:6060	ConnectionTimeoutError: Connection timeout to host https://discord.com/api/v9/unique-username/username-attempt-unauthed
2026-09-01 18:26:19	NETWORK	amnh	attempt=1	proxy=http://wiw4v7duaymysz9-session-7d82ad035bc0-lifetime-10:***@rp.scrapegw.com:6060	ConnectionTimeoutError: Connection timeout to host https://discord.com/api/v9/unique-username/username-attempt-unauthed
2026-09-01 18:26:19	NETWORK	amrm	attempt=1	proxy=http://wiw4v7duaymysz9-session-63b085f2dfb9-lifetime-10:***@rp.scrapegw.com:6060	ConnectionTimeoutError: Connection timeout to host https://discord.com/api/v9/unique-username/username-attempt-unauthed
2026-09-01 18:26:19	NETWORK	amnd	attempt=1	proxy=http://wiw4v7duaymysz9-session-80e5a9ca85f8-lifetime-10:***@rp.scrapegw.com:6060	ConnectionTimeoutError: Connection timeout to host https://discord.com/api/v9/unique-username/username-attempt-unauthed
2026-09-01 18:26:19	NETWORK	amiw	attempt=1	proxy=http://wiw4v7duaymysz9-session-012d409784e8-lifetime-10:***@rp.scrapegw.com:6060	ConnectionTimeoutError: Connection timeout to host https://discord.com/api/v9/unique-username/username-attempt-unauthed
2026-09-01 18:26:19	NETWORK	ambm	attempt=1	proxy=http://wiw4v7duaymysz9-session-d6b3a4ee0d8f-lifetime-10:***@rp.scrapegw.com:6060	ConnectionTimeoutError: Connection timeout to host https://discord.com/api/v9/unique-username/username-attempt-unauthed
2026-09-01 18:26:19	NETWORK	amko	attempt=1	proxy=http://wiw4v7duaymysz9-session-9628c71d0690-lifetime-10:***@rp.scrapegw.com:6060	ConnectionTimeoutError: Connection timeout to host https://discord.com/api/v9/unique-username/username-attempt-unauthed
2026-09-01 18:26:19	NETWORK	amff	attempt=1	proxy=http://wiw4v7duaymysz9-session-c108c502d870-lifetime-10:***@rp.scrapegw.com:6060	ConnectionTimeoutError: Connection timeout to host https://discord.com/api/v9/unique-username/username-attempt-unauthed
2026-09-01 18:26:19	NETWORK	amdi	attempt=1	proxy=http://wiw4v7duaymysz9-session-a50d4919eed0-lifetime-10:***@rp.scrapegw.com:6060	ConnectionTimeoutError: Connection timeout to host https://discord.com/api/v9/unique-username/username-attempt-unauthed
2026-09-01 18:26:19	NETWORK	amdy	attempt=1	proxy=http://wiw4v7duaymysz9-session-493d12242866-lifetime-10:***@rp.scrapegw.com:6060	ConnectionTimeoutError: Connection timeout to host https://discord.com/api/v9/unique-username/username-attempt-unauthed
2026-09-01 18:26:19	NETWORK	ambh	attempt=1	proxy=http://wiw4v7duaymysz9-session-b749bc35a082-lifetime-10:***@rp.scrapegw.com:6060	ConnectionTimeoutError: Connection timeout to host https://discord.com/api/v9/unique-username/username-attempt-unauthed
2026-09-01 18:26:19	NETWORK	amdu	attempt=1	proxy=http://wiw4v7duaymysz9-session-255a684b1d0c-lifetime-10:***@rp.scrapegw.com:6060	ConnectionTimeoutError: Connection timeout to host https://discord.com/api/v9/unique-username/username-attempt-unauthed
2026-09-01 18:26:19	NETWORK	alye	attempt=1	proxy=http://wiw4v7duaymysz9-session-e837c36cfee7-lifetime-10:***@rp.scrapegw.com:6060	ConnectionTimeoutError: Connection timeout to host https://discord.com/api/v9/unique-username/username-attempt-unauthed
2026-09-01 18:26:19	NETWORK	alxp	attempt=1	proxy=http://wiw4v7duaymysz9-session-a69b6ad0093f-lifetime-10:***@rp.scrapegw.com:6060	ConnectionTimeoutError: Connection timeout to host https://discord.com/api/v9/unique-username/username-attempt-unauthed
2026-09-01 18:26:19	NETWORK	alxn	attempt=1	proxy=http://wiw4v7duaymysz9-session-41341d0a98cc-lifetime-10:***@rp.scrapegw.com:6060	ConnectionTimeoutError: Connection timeout to host https://discord.com/api/v9/unique-username/username-attempt-unauthed
2026-09-01 18:26:19	NETWORK	amtl	attempt=1	proxy=http://wiw4v7duaymysz9-session-64205715724e-lifetime-10:***@rp.scrapegw.com:6060	ConnectionTimeoutError: Connection timeout to host https://discord.com/api/v9/unique-username/username-attempt-unauthed
2026-09-01 18:26:19	NETWORK	amoq	attempt=1	proxy=http://wiw4v7duaymysz9-session-3bfda11b1480-lifetime-10:***@rp.scrapegw.com:6060	ConnectionTimeoutError: Connection timeout to host https://discord.com/api/v9/unique-username/username-attempt-unauthed
2026-09-01 18:26:19	NETWORK	amfi	attempt=1	proxy=http://wiw4v7duaymysz9-session-c8fa0cf8f4bb-lifetime-10:***@rp.scrapegw.com:6060	ConnectionTimeoutError: Connection timeout to host https://discord.com/api/v9/unique-username/username-attempt-unauthed
2026-09-01 18:26:19	NETWORK	amtm	attempt=1	proxy=http://wiw4v7duaymysz9-session-542e86fa874e-lifetime-10:***@rp.scrapegw.com:6060	ConnectionTimeoutError: Connection timeout to host https://discord.com/api/v9/unique-username/username-attempt-unauthed
2026-09-01 18:26:19	NETWORK	amqu	attempt=1	proxy=http://wiw4v7duaymysz9-session-2e0d3f7de4c4-lifetime-10:***@rp.scrapegw.com:6060	ConnectionTimeoutError: Connection timeout to host https://discord.com/api/v9/unique-username/username-attempt-unauthed
2026-09-01 18:26:19	HTTP_429	aqgi	attempt=1	proxy=http://wiw4v7duaymysz9-session-fff9c835922d-lifetime-10:***@rp.scrapegw.com:6060	scope=shared global=False retry_after=1541.00s
2026-09-01 18:26:20	HTTP_429	bbsg	attempt=1	proxy=http://wiw4v7duaymysz9-session-9a4e8b2b4cd4-lifetime-10:***@rp.scrapegw.com:6060	scope=shared global=False retry_after=1453.00s
2026-09-01 18:26:20	NETWORK	auww	attempt=1	proxy=http://wiw4v7duaymysz9-session-d71ab759a776-lifetime-10:***@rp.scrapegw.com:6060	ClientConnectorError: Cannot connect to host discord.com:443 ssl:default [Connection reset by peer]
2026-09-01 18:26:20	HTTP_429	anpk	attempt=1	proxy=http://wiw4v7duaymysz9-session-28b53ced82c6-lifetime-10:***@rp.scrapegw.com:6060	scope=shared global=False retry_after=1908.00s
2026-09-01 18:26:20	NETWORK	amwa	attempt=1	proxy=http://wiw4v7duaymysz9-session-0fbb3c77d754-lifetime-10:***@rp.scrapegw.com:6060	ConnectionTimeoutError: Connection timeout to host https://discord.com/api/v9/unique-username/username-attempt-unauthed
2026-09-01 18:26:20	NETWORK	anav	attempt=1	proxy=http://wiw4v7duaymysz9-session-326b4fd006ba-lifetime-10:***@rp.scrapegw.com:6060	ConnectionTimeoutError: Connection timeout to host https://discord.com/api/v9/unique-username/username-attempt-unauthed
2026-09-01 18:26:20	NETWORK	amyf	attempt=1	proxy=http://wiw4v7duaymysz9-session-a4b97043a4c3-lifetime-10:***@rp.scrapegw.com:6060	ConnectionTimeoutError: Connection timeout to host https://discord.com/api/v9/unique-username/username-attempt-unauthed
2026-09-01 18:26:20	NETWORK	amux	attempt=1	proxy=http://wiw4v7duaymysz9-session-dd43cf99dda6-lifetime-10:***@rp.scrapegw.com:6060	ConnectionTimeoutError: Connection timeout to host https://discord.com/api/v9/unique-username/username-attempt-unauthed
2026-09-01 18:26:20	NETWORK	aner	attempt=1	proxy=http://wiw4v7duaymysz9-session-ea2f9d8d3505-lifetime-10:***@rp.scrapegw.com:6060	ConnectionTimeoutError: Connection timeout to host https://discord.com/api/v9/unique-username/username-attempt-unauthed
2026-09-01 18:26:20	NETWORK	ancm	attempt=1	proxy=http://wiw4v7duaymysz9-session-adc64eb5d333-lifetime-10:***@rp.scrapegw.com:6060	ConnectionTimeoutError: Connection timeout to host https://discord.com/api/v9/unique-username/username-attempt-unauthed
2026-09-01 18:26:20	NETWORK	anfi	attempt=1	proxy=http://wiw4v7duaymysz9-session-c3c5ecfabdb7-lifetime-10:***@rp.scrapegw.com:6060	ConnectionTimeoutError: Connection timeout to host https://discord.com/api/v9/unique-username/username-attempt-unauthed
2026-09-01 18:26:20	NETWORK	anaj	attempt=1	proxy=http://wiw4v7duaymysz9-session-f179c7f21120-lifetime-10:***@rp.scrapegw.com:6060	ConnectionTimeoutError: Connection timeout to host https://discord.com/api/v9/unique-username/username-attempt-unauthed
2026-09-01 18:26:20	NETWORK	anai	attempt=1	proxy=http://wiw4v7duaymysz9-session-6a8ae8b8df8f-lifetime-10:***@rp.scrapegw.com:6060	ConnectionTimeoutError: Connection timeout to host https://discord.com/api/v9/unique-username/username-attempt-unauthed
2026-09-01 18:26:20	NETWORK	amxz	attempt=1	proxy=http://wiw4v7duaymysz9-session-37465892dd8e-lifetime-10:***@rp.scrapegw.com:6060	ConnectionTimeoutError: Connection timeout to host https://discord.com/api/v9/unique-username/username-attempt-unauthed
2026-09-01 18:26:20	NETWORK	amvk	attempt=1	proxy=http://wiw4v7duaymysz9-session-5ad9909dd12b-lifetime-10:***@rp.scrapegw.com:6060	ConnectionTimeoutError: Connection timeout to host https://discord.com/api/v9/unique-username/username-attempt-unauthed
2026-09-01 18:26:20	NETWORK	anfb	attempt=1	proxy=http://wiw4v7duaymysz9-session-3ac1a430d1b8-lifetime-10:***@rp.scrapegw.com:6060	ConnectionTimeoutError: Connection timeout to host https://discord.com/api/v9/unique-username/username-attempt-unauthed
2026-09-01 18:26:20	NETWORK	amvu	attempt=1	proxy=http://wiw4v7duaymysz9-session-b4452efa9144-lifetime-10:***@rp.scrapegw.com:6060	ConnectionTimeoutError: Connection timeout to host https://discord.com/api/v9/unique-username/username-attempt-unauthed
2026-09-01 18:26:20	NETWORK	amzi	attempt=1	proxy=http://wiw4v7duaymysz9-session-5cacbbc6e7f4-lifetime-10:***@rp.scrapegw.com:6060	ConnectionTimeoutError: Connection timeout to host https://discord.com/api/v9/unique-username/username-attempt-unauthed
2026-09-01 18:26:20	NETWORK	amxx	attempt=1	proxy=http://wiw4v7duaymysz9-session-83c0dca33c79-lifetime-10:***@rp.scrapegw.com:6060	ConnectionTimeoutError: Connection timeout to host https://discord.com/api/v9/unique-username/username-attempt-unauthed
2026-09-01 18:26:20	NETWORK	anex	attempt=1	proxy=http://wiw4v7duaymysz9-session-4682a98686b9-lifetime-10:***@rp.scrapegw.com:6060	ConnectionTimeoutError: Connection timeout to host https://discord.com/api/v9/unique-username/username-attempt-unauthed
2026-09-01 18:26:20	NETWORK	amyb	attempt=1	proxy=http://wiw4v7duaymysz9-session-1ad97c47c522-lifetime-10:***@rp.scrapegw.com:6060	ConnectionTimeoutError: Connection timeout to host https://discord.com/api/v9/unique-username/username-attempt-unauthed
2026-09-01 18:26:20	NETWORK	arbc	attempt=1	proxy=http://wiw4v7duaymysz9-session-769cc9620496-lifetime-10:***@rp.scrapegw.com:6060	ClientConnectorError: Cannot connect to host discord.com:443 ssl:default [Connection reset by peer]
2026-09-01 18:26:20	HTTP_429	bdui	attempt=1	proxy=http://wiw4v7duaymysz9-session-d3c25607c933-lifetime-10:***@rp.scrapegw.com:6060	scope=shared global=False retry_after=1708.00s
2026-09-01 18:26:21	HTTP_429	bdnt	attempt=1	proxy=http://wiw4v7duaymysz9-session-aeee6f8ff91f-lifetime-10:***@rp.scrapegw.com:6060	scope=shared global=False retry_after=297.00s
2026-09-01 18:26:21	HTTP_429	aozg	attempt=1	proxy=http://wiw4v7duaymysz9-session-bd9a87dd1420-lifetime-10:***@rp.scrapegw.com:6060	scope=shared global=False retry_after=1071.00s
2026-09-01 18:26:21	HTTP_429	beyy	attempt=1	proxy=http://wiw4v7duaymysz9-session-bc19821834ad-lifetime-10:***@rp.scrapegw.com:6060	scope=shared global=False retry_after=1020.00s
2026-09-01 18:26:21	HTTP_429	bfld	attempt=1	proxy=http://wiw4v7duaymysz9-session-ef0053e691eb-lifetime-10:***@rp.scrapegw.com:6060	scope=shared global=False retry_after=786.00s
2026-09-01 18:26:21	HTTP_429	atvs	attempt=1	proxy=http://wiw4v7duaymysz9-session-30276a6a9c66-lifetime-10:***@rp.scrapegw.com:6060	scope=shared global=False retry_after=1930.00s
2026-09-01 18:26:21	NETWORK	awhq	attempt=1	proxy=http://wiw4v7duaymysz9-session-e3c32765988d-lifetime-10:***@rp.scrapegw.com:6060	ConnectionTimeoutError: Connection timeout to host https://discord.com/api/v9/unique-username/username-attempt-unauthed
2026-09-01 18:26:21	NETWORK	apqp	attempt=1	proxy=http://wiw4v7duaymysz9-session-d7cb7776ad54-lifetime-10:***@rp.scrapegw.com:6060	ConnectionTimeoutError: Connection timeout to host https://discord.com/api/v9/unique-username/username-attempt-unauthed
2026-09-01 18:26:21	NETWORK	appg	attempt=1	proxy=http://wiw4v7duaymysz9-session-5cb1a601a31d-lifetime-10:***@rp.scrapegw.com:6060	ConnectionTimeoutError: Connection timeout to host https://discord.com/api/v9/unique-username/username-attempt-unauthed
2026-09-01 18:26:21	NETWORK	apqa	attempt=1	proxy=http://wiw4v7duaymysz9-session-000274f706dd-lifetime-10:***@rp.scrapegw.com:6060	ConnectionTimeoutError: Connection timeout to host https://discord.com/api/v9/unique-username/username-attempt-unauthed
2026-09-01 18:26:21	NETWORK	awtp	attempt=1	proxy=http://wiw4v7duaymysz9-session-2b6a46c46cd5-lifetime-10:***@rp.scrapegw.com:6060	ConnectionTimeoutError: Connection timeout to host https://discord.com/api/v9/unique-username/username-attempt-unauthed
2026-09-01 18:26:21	NETWORK	ausy	attempt=1	proxy=http://wiw4v7duaymysz9-session-bf50b93c2e2b-lifetime-10:***@rp.scrapegw.com:6060	ConnectionTimeoutError: Connection timeout to host https://discord.com/api/v9/unique-username/username-attempt-unauthed
2026-09-01 18:26:21	NETWORK	aplv	attempt=1	proxy=http://wiw4v7duaymysz9-session-29e3bebb3088-lifetime-10:***@rp.scrapegw.com:6060	ConnectionTimeoutError: Connection timeout to host https://discord.com/api/v9/unique-username/username-attempt-unauthed
2026-09-01 18:26:21	NETWORK	apaz	attempt=1	proxy=http://wiw4v7duaymysz9-session-00d15d1ca31d-lifetime-10:***@rp.scrapegw.com:6060	ConnectionTimeoutError: Connection timeout to host https://discord.com/api/v9/unique-username/username-attempt-unauthed
2026-09-01 18:26:21	NETWORK	aplb	attempt=1	proxy=http://wiw4v7duaymysz9-session-5e4dc574d5d2-lifetime-10:***@rp.scrapegw.com:6060	ConnectionTimeoutError: Connection timeout to host https://discord.com/api/v9/unique-username/username-attempt-unauthed
2026-09-01 18:26:21	NETWORK	apku	attempt=1	proxy=http://wiw4v7duaymysz9-session-b9e43b44b614-lifetime-10:***@rp.scrapegw.com:6060	ConnectionTimeoutError: Connection timeout to host https://discord.com/api/v9/unique-username/username-attempt-unauthed
2026-09-01 18:26:21	NETWORK	apjy	attempt=1	proxy=http://wiw4v7duaymysz9-session-61081f0dc493-lifetime-10:***@rp.scrapegw.com:6060	ConnectionTimeoutError: Connection timeout to host https://discord.com/api/v9/unique-username/username-attempt-unauthed
2026-09-01 18:26:21	NETWORK	apir	attempt=1	proxy=http://wiw4v7duaymysz9-session-a77599ca1618-lifetime-10:***@rp.scrapegw.com:6060	ConnectionTimeoutError: Connection timeout to host https://discord.com/api/v9/unique-username/username-attempt-unauthed
2026-09-01 18:26:21	NETWORK	auvk	attempt=1	proxy=http://wiw4v7duaymysz9-session-d366f89cc955-lifetime-10:***@rp.scrapegw.com:6060	ConnectionTimeoutError: Connection timeout to host https://discord.com/api/v9/unique-username/username-attempt-unauthed
2026-09-01 18:26:21	NETWORK	aoba	attempt=1	proxy=http://wiw4v7duaymysz9-session-bf60f3a6387f-lifetime-10:***@rp.scrapegw.com:6060	ConnectionTimeoutError: Connection timeout to host https://discord.com/api/v9/unique-username/username-attempt-unauthed
2026-09-01 18:26:21	NETWORK	aphv	attempt=1	proxy=http://wiw4v7duaymysz9-session-1b7b938ad235-lifetime-10:***@rp.scrapegw.com:6060	ConnectionTimeoutError: Connection timeout to host https://discord.com/api/v9/unique-username/username-attempt-unauthed
2026-09-01 18:26:21	NETWORK	auqj	attempt=1	proxy=http://wiw4v7duaymysz9-session-272ae6e2ff98-lifetime-10:***@rp.scrapegw.com:6060	ConnectionTimeoutError: Connection timeout to host https://discord.com/api/v9/unique-username/username-attempt-unauthed
2026-09-01 18:26:21	NETWORK	aocr	attempt=1	proxy=http://wiw4v7duaymysz9-session-45eae68e1821-lifetime-10:***@rp.scrapegw.com:6060	ConnectionTimeoutError: Connection timeout to host https://discord.com/api/v9/unique-username/username-attempt-unauthed
2026-09-01 18:26:21	NETWORK	auqw	attempt=1	proxy=http://wiw4v7duaymysz9-session-3e9244326579-lifetime-10:***@rp.scrapegw.com:6060	ConnectionTimeoutError: Connection timeout to host https://discord.com/api/v9/unique-username/username-attempt-unauthed
2026-09-01 18:26:21	NETWORK	auqa	attempt=1	proxy=http://wiw4v7duaymysz9-session-b4ba12d484b4-lifetime-10:***@rp.scrapegw.com:6060	ConnectionTimeoutError: Connection timeout to host https://discord.com/api/v9/unique-username/username-attempt-unauthed
2026-09-01 18:26:21	NETWORK	anys	attempt=1	proxy=http://wiw4v7duaymysz9-session-48b589fc961f-lifetime-10:***@rp.scrapegw.com:6060	ConnectionTimeoutError: Connection timeout to host https://discord.com/api/v9/unique-username/username-attempt-unauthed
2026-09-01 18:26:21	NETWORK	apjl	attempt=1	proxy=http://wiw4v7duaymysz9-session-a6f7ebb3aee3-lifetime-10:***@rp.scrapegw.com:6060	ConnectionTimeoutError: Connection timeout to host https://discord.com/api/v9/unique-username/username-attempt-unauthed
2026-09-01 18:26:21	NETWORK	avmo	attempt=1	proxy=http://wiw4v7duaymysz9-session-fe04818662af-lifetime-10:***@rp.scrapegw.com:6060	ConnectionTimeoutError: Connection timeout to host https://discord.com/api/v9/unique-username/username-attempt-unauthed
2026-09-01 18:26:21	NETWORK	awtw	attempt=1	proxy=http://wiw4v7duaymysz9-session-401ade933f9c-lifetime-10:***@rp.scrapegw.com:6060	ConnectionTimeoutError: Connection timeout to host https://discord.com/api/v9/unique-username/username-attempt-unauthed
2026-09-01 18:26:21	NETWORK	awvt	attempt=1	proxy=http://wiw4v7duaymysz9-session-d1fc1ccc5766-lifetime-10:***@rp.scrapegw.com:6060	ConnectionTimeoutError: Connection timeout to host https://discord.com/api/v9/unique-username/username-attempt-unauthed
2026-09-01 18:26:21	NETWORK	awnc	attempt=1	proxy=http://wiw4v7duaymysz9-session-856e610e10c8-lifetime-10:***@rp.scrapegw.com:6060	ConnectionTimeoutError: Connection timeout to host https://discord.com/api/v9/unique-username/username-attempt-unauthed
2026-09-01 18:26:21	NETWORK	awlb	attempt=1	proxy=http://wiw4v7duaymysz9-session-d61b1e344364-lifetime-10:***@rp.scrapegw.com:6060	ConnectionTimeoutError: Connection timeout to host https://discord.com/api/v9/unique-username/username-attempt-unauthed
2026-09-01 18:26:21	NETWORK	awys	attempt=1	proxy=http://wiw4v7duaymysz9-session-8692844aab46-lifetime-10:***@rp.scrapegw.com:6060	ConnectionTimeoutError: Connection timeout to host https://discord.com/api/v9/unique-username/username-attempt-unauthed
2026-09-01 18:26:21	NETWORK	aurw	attempt=1	proxy=http://wiw4v7duaymysz9-session-8e30ee9dbef9-lifetime-10:***@rp.scrapegw.com:6060	ConnectionTimeoutError: Connection timeout to host https://discord.com/api/v9/unique-username/username-attempt-unauthed
2026-09-01 18:26:21	NETWORK	aovd	attempt=1	proxy=http://wiw4v7duaymysz9-session-7fbac86423c1-lifetime-10:***@rp.scrapegw.com:6060	ConnectionTimeoutError: Connection timeout to host https://discord.com/api/v9/unique-username/username-attempt-unauthed
2026-09-01 18:26:21	NETWORK	aoap	attempt=1	proxy=http://wiw4v7duaymysz9-session-b1f9cb73388b-lifetime-10:***@rp.scrapegw.com:6060	ConnectionTimeoutError: Connection timeout to host https://discord.com/api/v9/unique-username/username-attempt-unauthed
2026-09-01 18:26:21	NETWORK	aovc	attempt=1	proxy=http://wiw4v7duaymysz9-session-d4106e71cb64-lifetime-10:***@rp.scrapegw.com:6060	ConnectionTimeoutError: Connection timeout to host https://discord.com/api/v9/unique-username/username-attempt-unauthed
2026-09-01 18:26:21	NETWORK	awef	attempt=1	proxy=http://wiw4v7duaymysz9-session-762bdaefcef8-lifetime-10:***@rp.scrapegw.com:6060	ConnectionTimeoutError: Connection timeout to host https://discord.com/api/v9/unique-username/username-attempt-unauthed
2026-09-01 18:26:21	NETWORK	awxo	attempt=1	proxy=http://wiw4v7duaymysz9-session-f27a0f15f991-lifetime-10:***@rp.scrapegw.com:6060	ConnectionTimeoutError: Connection timeout to host https://discord.com/api/v9/unique-username/username-attempt-unauthed
2026-09-01 18:26:21	NETWORK	aotu	attempt=1	proxy=http://wiw4v7duaymysz9-session-02856866eda9-lifetime-10:***@rp.scrapegw.com:6060	ConnectionTimeoutError: Connection timeout to host https://discord.com/api/v9/unique-username/username-attempt-unauthed
2026-09-01 18:26:21	NETWORK	anzo	attempt=1	proxy=http://wiw4v7duaymysz9-session-8e9739fd0e66-lifetime-10:***@rp.scrapegw.com:6060	ConnectionTimeoutError: Connection timeout to host https://discord.com/api/v9/unique-username/username-attempt-unauthed
2026-09-01 18:26:21	NETWORK	awaa	attempt=1	proxy=http://wiw4v7duaymysz9-session-031aa719ba90-lifetime-10:***@rp.scrapegw.com:6060	ConnectionTimeoutError: Connection timeout to host https://discord.com/api/v9/unique-username/username-attempt-unauthed
2026-09-01 18:26:21	NETWORK	aupb	attempt=1	proxy=http://wiw4v7duaymysz9-session-50a30d1bb110-lifetime-10:***@rp.scrapegw.com:6060	ConnectionTimeoutError: Connection timeout to host https://discord.com/api/v9/unique-username/username-attempt-unauthed
2026-09-01 18:26:21	NETWORK	aotp	attempt=1	proxy=http://wiw4v7duaymysz9-session-3ea13f30894e-lifetime-10:***@rp.scrapegw.com:6060	ConnectionTimeoutError: Connection timeout to host https://discord.com/api/v9/unique-username/username-attempt-unauthed
2026-09-01 18:26:21	NETWORK	auov	attempt=1	proxy=http://wiw4v7duaymysz9-session-fb9a89753aeb-lifetime-10:***@rp.scrapegw.com:6060	ConnectionTimeoutError: Connection timeout to host https://discord.com/api/v9/unique-username/username-attempt-unauthed
2026-09-01 18:26:21	NETWORK	aoti	attempt=1	proxy=http://wiw4v7duaymysz9-session-4cea09992870-lifetime-10:***@rp.scrapegw.com:6060	ConnectionTimeoutError: Connection timeout to host https://discord.com/api/v9/unique-username/username-attempt-unauthed
2026-09-01 18:26:21	NETWORK	auyw	attempt=1	proxy=http://wiw4v7duaymysz9-session-1f24ba4ed29a-lifetime-10:***@rp.scrapegw.com:6060	ConnectionTimeoutError: Connection timeout to host https://discord.com/api/v9/unique-username/username-attempt-unauthed
2026-09-01 18:26:21	NETWORK	aolm	attempt=1	proxy=http://wiw4v7duaymysz9-session-0e1a77a692f0-lifetime-10:***@rp.scrapegw.com:6060	ConnectionTimeoutError: Connection timeout to host https://discord.com/api/v9/unique-username/username-attempt-unauthed
2026-09-01 18:26:21	NETWORK	aooa	attempt=1	proxy=http://wiw4v7duaymysz9-session-1f114b89e879-lifetime-10:***@rp.scrapegw.com:6060	ConnectionTimeoutError: Connection timeout to host https://discord.com/api/v9/unique-username/username-attempt-unauthed
2026-09-01 18:26:21	NETWORK	awsn	attempt=1	proxy=http://wiw4v7duaymysz9-session-258f17b661c2-lifetime-10:***@rp.scrapegw.com:6060	ConnectionTimeoutError: Connection timeout to host https://discord.com/api/v9/unique-username/username-attempt-unauthed
2026-09-01 18:26:21	NETWORK	apea	attempt=1	proxy=http://wiw4v7duaymysz9-session-81ba202110df-lifetime-10:***@rp.scrapegw.com:6060	ConnectionTimeoutError: Connection timeout to host https://discord.com/api/v9/unique-username/username-attempt-unauthed
2026-09-01 18:26:21	NETWORK	avyj	attempt=1	proxy=http://wiw4v7duaymysz9-session-ce7064fe1370-lifetime-10:***@rp.scrapegw.com:6060	ConnectionTimeoutError: Connection timeout to host https://discord.com/api/v9/unique-username/username-attempt-unauthed
2026-09-01 18:26:21	NETWORK	avuk	attempt=1	proxy=http://wiw4v7duaymysz9-session-874d3347e09b-lifetime-10:***@rp.scrapegw.com:6060	ConnectionTimeoutError: Connection timeout to host https://discord.com/api/v9/unique-username/username-attempt-unauthed
2026-09-01 18:26:21	NETWORK	awgy	attempt=1	proxy=http://wiw4v7duaymysz9-session-cd4f6aaf68dc-lifetime-10:***@rp.scrapegw.com:6060	ConnectionTimeoutError: Connection timeout to host https://discord.com/api/v9/unique-username/username-attempt-unauthed
2026-09-01 18:26:21	NETWORK	aobm	attempt=1	proxy=http://wiw4v7duaymysz9-session-b36e0f5a0eeb-lifetime-10:***@rp.scrapegw.com:6060	ConnectionTimeoutError: Connection timeout to host https://discord.com/api/v9/unique-username/username-attempt-unauthed
2026-09-01 18:26:21	NETWORK	avyr	attempt=1	proxy=http://wiw4v7duaymysz9-session-3b4e3986f4bd-lifetime-10:***@rp.scrapegw.com:6060	ConnectionTimeoutError: Connection timeout to host https://discord.com/api/v9/unique-username/username-attempt-unauthed
2026-09-01 18:26:21	NETWORK	aqex	attempt=1	proxy=http://wiw4v7duaymysz9-session-e9a24dddb6d4-lifetime-10:***@rp.scrapegw.com:6060	ConnectionTimeoutError: Connection timeout to host https://discord.com/api/v9/unique-username/username-attempt-unauthed
2026-09-01 18:26:21	NETWORK	awxb	attempt=1	proxy=http://wiw4v7duaymysz9-session-87d0e69098df-lifetime-10:***@rp.scrapegw.com:6060	ConnectionTimeoutError: Connection timeout to host https://discord.com/api/v9/unique-username/username-attempt-unauthed
2026-09-01 18:26:21	NETWORK	axaz	attempt=1	proxy=http://wiw4v7duaymysz9-session-eef7020fd397-lifetime-10:***@rp.scrapegw.com:6060	ConnectionTimeoutError: Connection timeout to host https://discord.com/api/v9/unique-username/username-attempt-unauthed
2026-09-01 18:26:21	NETWORK	aupf	attempt=1	proxy=http://wiw4v7duaymysz9-session-122a67b28fcd-lifetime-10:***@rp.scrapegw.com:6060	ConnectionTimeoutError: Connection timeout to host https://discord.com/api/v9/unique-username/username-attempt-unauthed
2026-09-01 18:26:21	NETWORK	aung	attempt=1	proxy=http://wiw4v7duaymysz9-session-f8127d5062f1-lifetime-10:***@rp.scrapegw.com:6060	ConnectionTimeoutError: Connection timeout to host https://discord.com/api/v9/unique-username/username-attempt-unauthed
2026-09-01 18:26:21	NETWORK	awuv	attempt=1	proxy=http://wiw4v7duaymysz9-session-15793f5ad652-lifetime-10:***@rp.scrapegw.com:6060	ConnectionTimeoutError: Connection timeout to host https://discord.com/api/v9/unique-username/username-attempt-unauthed
2026-09-01 18:26:21	NETWORK	avtl	attempt=1	proxy=http://wiw4v7duaymysz9-session-be55fadf6152-lifetime-10:***@rp.scrapegw.com:6060	ConnectionTimeoutError: Connection timeout to host https://discord.com/api/v9/unique-username/username-attempt-unauthed
2026-09-01 18:26:21	NETWORK	awxd	attempt=1	proxy=http://wiw4v7duaymysz9-session-1ab290083692-lifetime-10:***@rp.scrapegw.com:6060	ConnectionTimeoutError: Connection timeout to host https://discord.com/api/v9/unique-username/username-attempt-unauthed
2026-09-01 18:26:21	NETWORK	aodf	attempt=1	proxy=http://wiw4v7duaymysz9-session-de3f9d709da8-lifetime-10:***@rp.scrapegw.com:6060	ConnectionTimeoutError: Connection timeout to host https://discord.com/api/v9/unique-username/username-attempt-unauthed
2026-09-01 18:26:21	NETWORK	ausi	attempt=1	proxy=http://wiw4v7duaymysz9-session-169302bcdbc0-lifetime-10:***@rp.scrapegw.com:6060	ConnectionTimeoutError: Connection timeout to host https://discord.com/api/v9/unique-username/username-attempt-unauthed
2026-09-01 18:26:21	NETWORK	aume	attempt=1	proxy=http://wiw4v7duaymysz9-session-af0d0f0112cc-lifetime-10:***@rp.scrapegw.com:6060	ConnectionTimeoutError: Connection timeout to host https://discord.com/api/v9/unique-username/username-attempt-unauthed
2026-09-01 18:26:21	NETWORK	ausf	attempt=1	proxy=http://wiw4v7duaymysz9-session-1b0cef98ad51-lifetime-10:***@rp.scrapegw.com:6060	ConnectionTimeoutError: Connection timeout to host https://discord.com/api/v9/unique-username/username-attempt-unauthed
2026-09-01 18:26:21	NETWORK	aocn	attempt=1	proxy=http://wiw4v7duaymysz9-session-e1225c40087e-lifetime-10:***@rp.scrapegw.com:6060	ConnectionTimeoutError: Connection timeout to host https://discord.com/api/v9/unique-username/username-attempt-unauthed
2026-09-01 18:26:21	NETWORK	aulr	attempt=1	proxy=http://wiw4v7duaymysz9-session-8f3a671e125d-lifetime-10:***@rp.scrapegw.com:6060	ConnectionTimeoutError: Connection timeout to host https://discord.com/api/v9/unique-username/username-attempt-unauthed
2026-09-01 18:26:21	NETWORK	aukw	attempt=1	proxy=http://wiw4v7duaymysz9-session-1bc33570e053-lifetime-10:***@rp.scrapegw.com:6060	ConnectionTimeoutError: Connection timeout to host https://discord.com/api/v9/unique-username/username-attempt-unauthed
2026-09-01 18:26:21	NETWORK	awwh	attempt=1	proxy=http://wiw4v7duaymysz9-session-4f57ce355709-lifetime-10:***@rp.scrapegw.com:6060	ConnectionTimeoutError: Connection timeout to host https://discord.com/api/v9/unique-username/username-attempt-unauthed
2026-09-01 18:26:21	NETWORK	anyo	attempt=1	proxy=http://wiw4v7duaymysz9-session-3ce018055619-lifetime-10:***@rp.scrapegw.com:6060	ConnectionTimeoutError: Connection timeout to host https://discord.com/api/v9/unique-username/username-attempt-unauthed
2026-09-01 18:26:21	NETWORK	aumi	attempt=1	proxy=http://wiw4v7duaymysz9-session-91fff203f7c4-lifetime-10:***@rp.scrapegw.com:6060	ConnectionTimeoutError: Connection timeout to host https://discord.com/api/v9/unique-username/username-attempt-unauthed
2026-09-01 18:26:21	NETWORK	anyf	attempt=1	proxy=http://wiw4v7duaymysz9-session-c2f9cc4f57d2-lifetime-10:***@rp.scrapegw.com:6060	ConnectionTimeoutError: Connection timeout to host https://discord.com/api/v9/unique-username/username-attempt-unauthed
2026-09-01 18:26:21	NETWORK	aukn	attempt=1	proxy=http://wiw4v7duaymysz9-session-1443813dba63-lifetime-10:***@rp.scrapegw.com:6060	ConnectionTimeoutError: Connection timeout to host https://discord.com/api/v9/unique-username/username-attempt-unauthed
2026-09-01 18:26:21	NETWORK	avkl	attempt=1	proxy=http://wiw4v7duaymysz9-session-301ca6bdbaec-lifetime-10:***@rp.scrapegw.com:6060	ConnectionTimeoutError: Connection timeout to host https://discord.com/api/v9/unique-username/username-attempt-unauthed
2026-09-01 18:26:21	NETWORK	auhi	attempt=1	proxy=http://wiw4v7duaymysz9-session-7e7fcbb37eda-lifetime-10:***@rp.scrapegw.com:6060	ConnectionTimeoutError: Connection timeout to host https://discord.com/api/v9/unique-username/username-attempt-unauthed
2026-09-01 18:26:21	NETWORK	auhc	attempt=1	proxy=http://wiw4v7duaymysz9-session-4c5fc081b397-lifetime-10:***@rp.scrapegw.com:6060	ConnectionTimeoutError: Connection timeout to host https://discord.com/api/v9/unique-username/username-attempt-unauthed
2026-09-01 18:26:21	NETWORK	augt	attempt=1	proxy=http://wiw4v7duaymysz9-session-3cd1a8c272a8-lifetime-10:***@rp.scrapegw.com:6060	ConnectionTimeoutError: Connection timeout to host https://discord.com/api/v9/unique-username/username-attempt-unauthed
2026-09-01 18:26:21	NETWORK	anww	attempt=1	proxy=http://wiw4v7duaymysz9-session-09953d71f96f-lifetime-10:***@rp.scrapegw.com:6060	ConnectionTimeoutError: Connection timeout to host https://discord.com/api/v9/unique-username/username-attempt-unauthed
2026-09-01 18:26:21	NETWORK	anwm	attempt=1	proxy=http://wiw4v7duaymysz9-session-665c7390e935-lifetime-10:***@rp.scrapegw.com:6060	ConnectionTimeoutError: Connection timeout to host https://discord.com/api/v9/unique-username/username-attempt-unauthed
2026-09-01 18:26:21	NETWORK	aufb	attempt=1	proxy=http://wiw4v7duaymysz9-session-34badd4dad0a-lifetime-10:***@rp.scrapegw.com:6060	ConnectionTimeoutError: Connection timeout to host https://discord.com/api/v9/unique-username/username-attempt-unauthed
2026-09-01 18:26:21	NETWORK	aojp	attempt=1	proxy=http://wiw4v7duaymysz9-session-f04ec9534c49-lifetime-10:***@rp.scrapegw.com:6060	ConnectionTimeoutError: Connection timeout to host https://discord.com/api/v9/unique-username/username-attempt-unauthed
2026-09-01 18:26:21	NETWORK	audr	attempt=1	proxy=http://wiw4v7duaymysz9-session-e035520660dd-lifetime-10:***@rp.scrapegw.com:6060	ConnectionTimeoutError: Connection timeout to host https://discord.com/api/v9/unique-username/username-attempt-unauthed
2026-09-01 18:26:21	NETWORK	aucp	attempt=1	proxy=http://wiw4v7duaymysz9-session-7b2fd0b765d4-lifetime-10:***@rp.scrapegw.com:6060	ConnectionTimeoutError: Connection timeout to host https://discord.com/api/v9/unique-username/username-attempt-unauthed
2026-09-01 18:26:21	NETWORK	anux	attempt=1	proxy=http://wiw4v7duaymysz9-session-6a0cff0f7808-lifetime-10:***@rp.scrapegw.com:6060	ConnectionTimeoutError: Connection timeout to host https://discord.com/api/v9/unique-username/username-attempt-unauthed
2026-09-01 18:26:21	NETWORK	aoqr	attempt=1	proxy=http://wiw4v7duaymysz9-session-3da389565290-lifetime-10:***@rp.scrapegw.com:6060	ConnectionTimeoutError: Connection timeout to host https://discord.com/api/v9/unique-username/username-attempt-unauthed
2026-09-01 18:26:21	NETWORK	auce	attempt=1	proxy=http://wiw4v7duaymysz9-session-c3d25e8307f2-lifetime-10:***@rp.scrapegw.com:6060	ConnectionTimeoutError: Connection timeout to host https://discord.com/api/v9/unique-username/username-attempt-unauthed
2026-09-01 18:26:21	NETWORK	avlt	attempt=1	proxy=http://wiw4v7duaymysz9-session-4e3aefe10a99-lifetime-10:***@rp.scrapegw.com:6060	ConnectionTimeoutError: Connection timeout to host https://discord.com/api/v9/unique-username/username-attempt-unauthed
2026-09-01 18:26:21	NETWORK	auca	attempt=1	proxy=http://wiw4v7duaymysz9-session-970b36b90f59-lifetime-10:***@rp.scrapegw.com:6060	ConnectionTimeoutError: Connection timeout to host https://discord.com/api/v9/unique-username/username-attempt-unauthed
2026-09-01 18:26:21	NETWORK	aubr	attempt=1	proxy=http://wiw4v7duaymysz9-session-69bf641d3111-lifetime-10:***@rp.scrapegw.com:6060	ConnectionTimeoutError: Connection timeout to host https://discord.com/api/v9/unique-username/username-attempt-unauthed
2026-09-01 18:26:21	NETWORK	anue	attempt=1	proxy=http://wiw4v7duaymysz9-session-fffde7b2d15e-lifetime-10:***@rp.scrapegw.com:6060	ConnectionTimeoutError: Connection timeout to host https://discord.com/api/v9/unique-username/username-attempt-unauthed
2026-09-01 18:26:21	NETWORK	aosr	attempt=1	proxy=http://wiw4v7duaymysz9-session-a4c54e0d235d-lifetime-10:***@rp.scrapegw.com:6060	ConnectionTimeoutError: Connection timeout to host https://discord.com/api/v9/unique-username/username-attempt-unauthed
2026-09-01 18:26:21	NETWORK	auaw	attempt=1	proxy=http://wiw4v7duaymysz9-session-020005280ac1-lifetime-10:***@rp.scrapegw.com:6060	ConnectionTimeoutError: Connection timeout to host https://discord.com/api/v9/unique-username/username-attempt-unauthed
2026-09-01 18:26:21	NETWORK	auap	attempt=1	proxy=http://wiw4v7duaymysz9-session-7e92f12696ac-lifetime-10:***@rp.scrapegw.com:6060	ConnectionTimeoutError: Connection timeout to host https://discord.com/api/v9/unique-username/username-attempt-unauthed
2026-09-01 18:26:21	NETWORK	awtf	attempt=1	proxy=http://wiw4v7duaymysz9-session-3806c5b6c35b-lifetime-10:***@rp.scrapegw.com:6060	ConnectionTimeoutError: Connection timeout to host https://discord.com/api/v9/unique-username/username-attempt-unauthed
2026-09-01 18:26:21	NETWORK	anua	attempt=1	proxy=http://wiw4v7duaymysz9-session-e153ffbd3194-lifetime-10:***@rp.scrapegw.com:6060	ConnectionTimeoutError: Connection timeout to host https://discord.com/api/v9/unique-username/username-attempt-unauthed
2026-09-01 18:26:21	NETWORK	aual	attempt=1	proxy=http://wiw4v7duaymysz9-session-89c3f7245bcc-lifetime-10:***@rp.scrapegw.com:6060	ConnectionTimeoutError: Connection timeout to host https://discord.com/api/v9/unique-username/username-attempt-unauthed
2026-09-01 18:26:21	NETWORK	atzq	attempt=1	proxy=http://wiw4v7duaymysz9-session-b9df9f284f92-lifetime-10:***@rp.scrapegw.com:6060	ConnectionTimeoutError: Connection timeout to host https://discord.com/api/v9/unique-username/username-attempt-unauthed
2026-09-01 18:26:21	NETWORK	antt	attempt=1	proxy=http://wiw4v7duaymysz9-session-313b6b022fc9-lifetime-10:***@rp.scrapegw.com:6060	ConnectionTimeoutError: Connection timeout to host https://discord.com/api/v9/unique-username/username-attempt-unauthed
2026-09-01 18:26:21	NETWORK	atzd	attempt=1	proxy=http://wiw4v7duaymysz9-session-aa740adb53ca-lifetime-10:***@rp.scrapegw.com:6060	ConnectionTimeoutError: Connection timeout to host https://discord.com/api/v9/unique-username/username-attempt-unauthed
2026-09-01 18:26:21	NETWORK	atyr	attempt=1	proxy=http://wiw4v7duaymysz9-session-002950de4834-lifetime-10:***@rp.scrapegw.com:6060	ConnectionTimeoutError: Connection timeout to host https://discord.com/api/v9/unique-username/username-attempt-unauthed
2026-09-01 18:26:21	NETWORK	anth	attempt=1	proxy=http://wiw4v7duaymysz9-session-3c2690c9dae3-lifetime-10:***@rp.scrapegw.com:6060	ConnectionTimeoutError: Connection timeout to host https://discord.com/api/v9/unique-username/username-attempt-unauthed
2026-09-01 18:26:21	NETWORK	atwr	attempt=1	proxy=http://wiw4v7duaymysz9-session-fa86d66bc529-lifetime-10:***@rp.scrapegw.com:6060	ConnectionTimeoutError: Connection timeout to host https://discord.com/api/v9/unique-username/username-attempt-unauthed
2026-09-01 18:26:21	NETWORK	antc	attempt=1	proxy=http://wiw4v7duaymysz9-session-b551e9aac665-lifetime-10:***@rp.scrapegw.com:6060	ConnectionTimeoutError: Connection timeout to host https://discord.com/api/v9/unique-username/username-attempt-unauthed
2026-09-01 18:26:21	NETWORK	atvy	attempt=1	proxy=http://wiw4v7duaymysz9-session-ef429142bc67-lifetime-10:***@rp.scrapegw.com:6060	ConnectionTimeoutError: Connection timeout to host https://discord.com/api/v9/unique-username/username-attempt-unauthed
2026-09-01 18:26:21	NETWORK	atvt	attempt=1	proxy=http://wiw4v7duaymysz9-session-7077bd2f4bf0-lifetime-10:***@rp.scrapegw.com:6060	ConnectionTimeoutError: Connection timeout to host https://discord.com/api/v9/unique-username/username-attempt-unauthed
2026-09-01 18:26:21	NETWORK	ansh	attempt=1	proxy=http://wiw4v7duaymysz9-session-b6dfd5a0dfb0-lifetime-10:***@rp.scrapegw.com:6060	ConnectionTimeoutError: Connection timeout to host https://discord.com/api/v9/unique-username/username-attempt-unauthed
2026-09-01 18:26:21	NETWORK	atvk	attempt=1	proxy=http://wiw4v7duaymysz9-session-b513288f95a3-lifetime-10:***@rp.scrapegw.com:6060	ConnectionTimeoutError: Connection timeout to host https://discord.com/api/v9/unique-username/username-attempt-unauthed
2026-09-01 18:26:21	NETWORK	anry	attempt=1	proxy=http://wiw4v7duaymysz9-session-669ba73eb6ff-lifetime-10:***@rp.scrapegw.com:6060	ConnectionTimeoutError: Connection timeout to host https://discord.com/api/v9/unique-username/username-attempt-unauthed
2026-09-01 18:26:21	NETWORK	atvg	attempt=1	proxy=http://wiw4v7duaymysz9-session-ba5a1a21fc6b-lifetime-10:***@rp.scrapegw.com:6060	ConnectionTimeoutError: Connection timeout to host https://discord.com/api/v9/unique-username/username-attempt-unauthed
2026-09-01 18:26:21	NETWORK	apdm	attempt=1	proxy=http://wiw4v7duaymysz9-session-936a9ddafa7c-lifetime-10:***@rp.scrapegw.com:6060	ConnectionTimeoutError: Connection timeout to host https://discord.com/api/v9/unique-username/username-attempt-unauthed
2026-09-01 18:26:21	NETWORK	atvf	attempt=1	proxy=http://wiw4v7duaymysz9-session-6797bb754f7b-lifetime-10:***@rp.scrapegw.com:6060	ConnectionTimeoutError: Connection timeout to host https://discord.com/api/v9/unique-username/username-attempt-unauthed
2026-09-01 18:26:21	NETWORK	atuy	attempt=1	proxy=http://wiw4v7duaymysz9-session-6453510b0264-lifetime-10:***@rp.scrapegw.com:6060	ConnectionTimeoutError: Connection timeout to host https://discord.com/api/v9/unique-username/username-attempt-unauthed
2026-09-01 18:26:21	NETWORK	anrf	attempt=1	proxy=http://wiw4v7duaymysz9-session-305f4fc6b774-lifetime-10:***@rp.scrapegw.com:6060	ConnectionTimeoutError: Connection timeout to host https://discord.com/api/v9/unique-username/username-attempt-unauthed
2026-09-01 18:26:21	NETWORK	atsh	attempt=1	proxy=http://wiw4v7duaymysz9-session-6ccd16d11ffc-lifetime-10:***@rp.scrapegw.com:6060	ConnectionTimeoutError: Connection timeout to host https://discord.com/api/v9/unique-username/username-attempt-unauthed
2026-09-01 18:26:21	NETWORK	atps	attempt=1	proxy=http://wiw4v7duaymysz9-session-ed2361dfedb7-lifetime-10:***@rp.scrapegw.com:6060	ConnectionTimeoutError: Connection timeout to host https://discord.com/api/v9/unique-username/username-attempt-unauthed
2026-09-01 18:26:21	NETWORK	aocy	attempt=1	proxy=http://wiw4v7duaymysz9-session-610cf87edb84-lifetime-10:***@rp.scrapegw.com:6060	ConnectionTimeoutError: Connection timeout to host https://discord.com/api/v9/unique-username/username-attempt-unauthed
2026-09-01 18:26:21	NETWORK	annw	attempt=1	proxy=http://wiw4v7duaymysz9-session-cd7f683fe714-lifetime-10:***@rp.scrapegw.com:6060	ConnectionTimeoutError: Connection timeout to host https://discord.com/api/v9/unique-username/username-attempt-unauthed
2026-09-01 18:26:21	NETWORK	atpc	attempt=1	proxy=http://wiw4v7duaymysz9-session-174941496d26-lifetime-10:***@rp.scrapegw.com:6060	ConnectionTimeoutError: Connection timeout to host https://discord.com/api/v9/unique-username/username-attempt-unauthed
2026-09-01 18:26:21	NETWORK	atos	attempt=1	proxy=http://wiw4v7duaymysz9-session-f32631533140-lifetime-10:***@rp.scrapegw.com:6060	ConnectionTimeoutError: Connection timeout to host https://discord.com/api/v9/unique-username/username-attempt-unauthed
2026-09-01 18:26:21	NETWORK	atoc	attempt=1	proxy=http://wiw4v7duaymysz9-session-f7a98c89fee3-lifetime-10:***@rp.scrapegw.com:6060	ConnectionTimeoutError: Connection timeout to host https://discord.com/api/v9/unique-username/username-attempt-unauthed
2026-09-01 18:26:21	NETWORK	atnt	attempt=1	proxy=http://wiw4v7duaymysz9-session-afce21736372-lifetime-10:***@rp.scrapegw.com:6060	ConnectionTimeoutError: Connection timeout to host https://discord.com/api/v9/unique-username/username-attempt-unauthed
2026-09-01 18:26:21	NETWORK	aoet	attempt=1	proxy=http://wiw4v7duaymysz9-session-e667dbb841f3-lifetime-10:***@rp.scrapegw.com:6060	ConnectionTimeoutError: Connection timeout to host https://discord.com/api/v9/unique-username/username-attempt-unauthed
2026-09-01 18:26:21	NETWORK	anly	attempt=1	proxy=http://wiw4v7duaymysz9-session-b2c9a6afbb85-lifetime-10:***@rp.scrapegw.com:6060	ConnectionTimeoutError: Connection timeout to host https://discord.com/api/v9/unique-username/username-attempt-unauthed
2026-09-01 18:26:21	NETWORK	atko	attempt=1	proxy=http://wiw4v7duaymysz9-session-9f322b8033e6-lifetime-10:***@rp.scrapegw.com:6060	ConnectionTimeoutError: Connection timeout to host https://discord.com/api/v9/unique-username/username-attempt-unauthed
2026-09-01 18:26:21	NETWORK	anlq	attempt=1	proxy=http://wiw4v7duaymysz9-session-91487942e402-lifetime-10:***@rp.scrapegw.com:6060	ConnectionTimeoutError: Connection timeout to host https://discord.com/api/v9/unique-username/username-attempt-unauthed
2026-09-01 18:26:21	NETWORK	atkd	attempt=1	proxy=http://wiw4v7duaymysz9-session-ac91b7063d00-lifetime-10:***@rp.scrapegw.com:6060	ConnectionTimeoutError: Connection timeout to host https://discord.com/api/v9/unique-username/username-attempt-unauthed
2026-09-01 18:26:21	NETWORK	aopd	attempt=1	proxy=http://wiw4v7duaymysz9-session-f27e78ec9b08-lifetime-10:***@rp.scrapegw.com:6060	ConnectionTimeoutError: Connection timeout to host https://discord.com/api/v9/unique-username/username-attempt-unauthed
2026-09-01 18:26:21	NETWORK	atjr	attempt=1	proxy=http://wiw4v7duaymysz9-session-a189d4ae9ada-lifetime-10:***@rp.scrapegw.com:6060	ConnectionTimeoutError: Connection timeout to host https://discord.com/api/v9/unique-username/username-attempt-unauthed
2026-09-01 18:26:21	NETWORK	anlo	attempt=1	proxy=http://wiw4v7duaymysz9-session-4a8facc4691c-lifetime-10:***@rp.scrapegw.com:6060	ConnectionTimeoutError: Connection timeout to host https://discord.com/api/v9/unique-username/username-attempt-unauthed
2026-09-01 18:26:21	NETWORK	atjp	attempt=1	proxy=http://wiw4v7duaymysz9-session-36827979dea9-lifetime-10:***@rp.scrapegw.com:6060	ConnectionTimeoutError: Connection timeout to host https://discord.com/api/v9/unique-username/username-attempt-unauthed
2026-09-01 18:26:21	NETWORK	atjd	attempt=1	proxy=http://wiw4v7duaymysz9-session-8a3be8dad9a5-lifetime-10:***@rp.scrapegw.com:6060	ConnectionTimeoutError: Connection timeout to host https://discord.com/api/v9/unique-username/username-attempt-unauthed
2026-09-01 18:26:21	NETWORK	awih	attempt=1	proxy=http://wiw4v7duaymysz9-session-783fb45d08af-lifetime-10:***@rp.scrapegw.com:6060	ConnectionTimeoutError: Connection timeout to host https://discord.com/api/v9/unique-username/username-attempt-unauthed
2026-09-01 18:26:21	NETWORK	atjc	attempt=1	proxy=http://wiw4v7duaymysz9-session-9566726c33a9-lifetime-10:***@rp.scrapegw.com:6060	ConnectionTimeoutError: Connection timeout to host https://discord.com/api/v9/unique-username/username-attempt-unauthed
2026-09-01 18:26:21	NETWORK	aule	attempt=1	proxy=http://wiw4v7duaymysz9-session-3f97684cc3cf-lifetime-10:***@rp.scrapegw.com:6060	ConnectionTimeoutError: Connection timeout to host https://discord.com/api/v9/unique-username/username-attempt-unauthed
2026-09-01 18:26:21	NETWORK	anlc	attempt=1	proxy=http://wiw4v7duaymysz9-session-8fb57d11cd05-lifetime-10:***@rp.scrapegw.com:6060	ConnectionTimeoutError: Connection timeout to host https://discord.com/api/v9/unique-username/username-attempt-unauthed
2026-09-01 18:26:21	NETWORK	atgd	attempt=1	proxy=http://wiw4v7duaymysz9-session-317ad641c31c-lifetime-10:***@rp.scrapegw.com:6060	ConnectionTimeoutError: Connection timeout to host https://discord.com/api/v9/unique-username/username-attempt-unauthed
2026-09-01 18:26:21	NETWORK	aowu	attempt=1	proxy=http://wiw4v7duaymysz9-session-d5e4b9cd79de-lifetime-10:***@rp.scrapegw.com:6060	ConnectionTimeoutError: Connection timeout to host https://discord.com/api/v9/unique-username/username-attempt-unauthed
2026-09-01 18:26:21	NETWORK	atfo	attempt=1	proxy=http://wiw4v7duaymysz9-session-c1aa4946a21b-lifetime-10:***@rp.scrapegw.com:6060	ConnectionTimeoutError: Connection timeout to host https://discord.com/api/v9/unique-username/username-attempt-unauthed
2026-09-01 18:26:21	NETWORK	anht	attempt=1	proxy=http://wiw4v7duaymysz9-session-accb49122b37-lifetime-10:***@rp.scrapegw.com:6060	ConnectionTimeoutError: Connection timeout to host https://discord.com/api/v9/unique-username/username-attempt-unauthed
2026-09-01 18:26:21	NETWORK	atej	attempt=1	proxy=http://wiw4v7duaymysz9-session-ef0053e691eb-lifetime-10:***@rp.scrapegw.com:6060	ConnectionTimeoutError: Connection timeout to host https://discord.com/api/v9/unique-username/username-attempt-unauthed
2026-09-01 18:26:21	NETWORK	atdu	attempt=1	proxy=http://wiw4v7duaymysz9-session-91db73d80c16-lifetime-10:***@rp.scrapegw.com:6060	ConnectionTimeoutError: Connection timeout to host https://discord.com/api/v9/unique-username/username-attempt-unauthed
2026-09-01 18:26:21	NETWORK	atdj	attempt=1	proxy=http://wiw4v7duaymysz9-session-0bbaeb08f9ed-lifetime-10:***@rp.scrapegw.com:6060	ConnectionTimeoutError: Connection timeout to host https://discord.com/api/v9/unique-username/username-attempt-unauthed
2026-09-01 18:26:21	NETWORK	atcz	attempt=1	proxy=http://wiw4v7duaymysz9-session-fdf86a8ef0b4-lifetime-10:***@rp.scrapegw.com:6060	ConnectionTimeoutError: Connection timeout to host https://discord.com/api/v9/unique-username/username-attempt-unauthed
2026-09-01 18:26:21	NETWORK	atcw	attempt=1	proxy=http://wiw4v7duaymysz9-session-c924d558e821-lifetime-10:***@rp.scrapegw.com:6060	ConnectionTimeoutError: Connection timeout to host https://discord.com/api/v9/unique-username/username-attempt-unauthed
2026-09-01 18:26:21	NETWORK	awvx	attempt=1	proxy=http://wiw4v7duaymysz9-session-9c51bffbd45a-lifetime-10:***@rp.scrapegw.com:6060	ConnectionTimeoutError: Connection timeout to host https://discord.com/api/v9/unique-username/username-attempt-unauthed
2026-09-01 18:26:21	NETWORK	apqx	attempt=1	proxy=http://wiw4v7duaymysz9-session-256bac021623-lifetime-10:***@rp.scrapegw.com:6060	ConnectionTimeoutError: Connection timeout to host https://discord.com/api/v9/unique-username/username-attempt-unauthed
2026-09-01 18:26:21	NETWORK	atcl	attempt=1	proxy=http://wiw4v7duaymysz9-session-83e6f669938f-lifetime-10:***@rp.scrapegw.com:6060	ConnectionTimeoutError: Connection timeout to host https://discord.com/api/v9/unique-username/username-attempt-unauthed
2026-09-01 18:26:21	NETWORK	atck	attempt=1	proxy=http://wiw4v7duaymysz9-session-e45bb3295f5a-lifetime-10:***@rp.scrapegw.com:6060	ConnectionTimeoutError: Connection timeout to host https://discord.com/api/v9/unique-username/username-attempt-unauthed
2026-09-01 18:26:21	NETWORK	atcg	attempt=1	proxy=http://wiw4v7duaymysz9-session-36f6b418d45a-lifetime-10:***@rp.scrapegw.com:6060	ConnectionTimeoutError: Connection timeout to host https://discord.com/api/v9/unique-username/username-attempt-unauthed
2026-09-01 18:26:21	NETWORK	atcc	attempt=1	proxy=http://wiw4v7duaymysz9-session-51f862d3544d-lifetime-10:***@rp.scrapegw.com:6060	ConnectionTimeoutError: Connection timeout to host https://discord.com/api/v9/unique-username/username-attempt-unauthed
2026-09-01 18:26:21	NETWORK	aszf	attempt=1	proxy=http://wiw4v7duaymysz9-session-2213ebfcd621-lifetime-10:***@rp.scrapegw.com:6060	ConnectionTimeoutError: Connection timeout to host https://discord.com/api/v9/unique-username/username-attempt-unauthed
2026-09-01 18:26:21	NETWORK	asyq	attempt=1	proxy=http://wiw4v7duaymysz9-session-8e380f2ec4c5-lifetime-10:***@rp.scrapegw.com:6060	ConnectionTimeoutError: Connection timeout to host https://discord.com/api/v9/unique-username/username-attempt-unauthed
2026-09-01 18:26:21	NETWORK	avdo	attempt=1	proxy=http://wiw4v7duaymysz9-session-d2fb18dc20df-lifetime-10:***@rp.scrapegw.com:6060	ConnectionTimeoutError: Connection timeout to host https://discord.com/api/v9/unique-username/username-attempt-unauthed
2026-09-01 18:26:21	NETWORK	asxr	attempt=1	proxy=http://wiw4v7duaymysz9-session-feccfb2968e4-lifetime-10:***@rp.scrapegw.com:6060	ConnectionTimeoutError: Connection timeout to host https://discord.com/api/v9/unique-username/username-attempt-unauthed
2026-09-01 18:26:21	NETWORK	asxg	attempt=1	proxy=http://wiw4v7duaymysz9-session-43d74ca2fc53-lifetime-10:***@rp.scrapegw.com:6060	ConnectionTimeoutError: Connection timeout to host https://discord.com/api/v9/unique-username/username-attempt-unauthed
2026-09-01 18:26:21	NETWORK	aswv	attempt=1	proxy=http://wiw4v7duaymysz9-session-1cfbe8f32bd5-lifetime-10:***@rp.scrapegw.com:6060	ConnectionTimeoutError: Connection timeout to host https://discord.com/api/v9/unique-username/username-attempt-unauthed
2026-09-01 18:26:21	NETWORK	awjm	attempt=1	proxy=http://wiw4v7duaymysz9-session-4bbd4190d3d3-lifetime-10:***@rp.scrapegw.com:6060	ConnectionTimeoutError: Connection timeout to host https://discord.com/api/v9/unique-username/username-attempt-unauthed
2026-09-01 18:26:21	NETWORK	aswq	attempt=1	proxy=http://wiw4v7duaymysz9-session-54b7a1fb92ea-lifetime-10:***@rp.scrapegw.com:6060	ConnectionTimeoutError: Connection timeout to host https://discord.com/api/v9/unique-username/username-attempt-unauthed
2026-09-01 18:26:21	NETWORK	awta	attempt=1	proxy=http://wiw4v7duaymysz9-session-ccb8a26caaaa-lifetime-10:***@rp.scrapegw.com:6060	ConnectionTimeoutError: Connection timeout to host https://discord.com/api/v9/unique-username/username-attempt-unauthed
2026-09-01 18:26:21	NETWORK	aswp	attempt=1	proxy=http://wiw4v7duaymysz9-session-9c449ee9e746-lifetime-10:***@rp.scrapegw.com:6060	ConnectionTimeoutError: Connection timeout to host https://discord.com/api/v9/unique-username/username-attempt-unauthed
2026-09-01 18:26:21	NETWORK	asuv	attempt=1	proxy=http://wiw4v7duaymysz9-session-95ee30c03bca-lifetime-10:***@rp.scrapegw.com:6060	ConnectionTimeoutError: Connection timeout to host https://discord.com/api/v9/unique-username/username-attempt-unauthed
2026-09-01 18:26:21	NETWORK	astk	attempt=1	proxy=http://wiw4v7duaymysz9-session-d5b6d861d367-lifetime-10:***@rp.scrapegw.com:6060	ConnectionTimeoutError: Connection timeout to host https://discord.com/api/v9/unique-username/username-attempt-unauthed
2026-09-01 18:26:21	NETWORK	assp	attempt=1	proxy=http://wiw4v7duaymysz9-session-7d49be07f14a-lifetime-10:***@rp.scrapegw.com:6060	ConnectionTimeoutError: Connection timeout to host https://discord.com/api/v9/unique-username/username-attempt-unauthed
2026-09-01 18:26:21	NETWORK	asqz	attempt=1	proxy=http://wiw4v7duaymysz9-session-65ca6b0973d2-lifetime-10:***@rp.scrapegw.com:6060	ConnectionTimeoutError: Connection timeout to host https://discord.com/api/v9/unique-username/username-attempt-unauthed
2026-09-01 18:26:21	NETWORK	asqf	attempt=1	proxy=http://wiw4v7duaymysz9-session-fb60ddf1f541-lifetime-10:***@rp.scrapegw.com:6060	ConnectionTimeoutError: Connection timeout to host https://discord.com/api/v9/unique-username/username-attempt-unauthed
2026-09-01 18:26:21	NETWORK	asnf	attempt=1	proxy=http://wiw4v7duaymysz9-session-78eb604afaf3-lifetime-10:***@rp.scrapegw.com:6060	ConnectionTimeoutError: Connection timeout to host https://discord.com/api/v9/unique-username/username-attempt-unauthed
2026-09-01 18:26:21	NETWORK	aslq	attempt=1	proxy=http://wiw4v7duaymysz9-session-f534b0702483-lifetime-10:***@rp.scrapegw.com:6060	ConnectionTimeoutError: Connection timeout to host https://discord.com/api/v9/unique-username/username-attempt-unauthed
2026-09-01 18:26:21	NETWORK	askm	attempt=1	proxy=http://wiw4v7duaymysz9-session-2c3aa5924bd7-lifetime-10:***@rp.scrapegw.com:6060	ConnectionTimeoutError: Connection timeout to host https://discord.com/api/v9/unique-username/username-attempt-unauthed
2026-09-01 18:26:21	NETWORK	asjg	attempt=1	proxy=http://wiw4v7duaymysz9-session-d9caba869dc9-lifetime-10:***@rp.scrapegw.com:6060	ConnectionTimeoutError: Connection timeout to host https://discord.com/api/v9/unique-username/username-attempt-unauthed
2026-09-01 18:26:21	NETWORK	asid	attempt=1	proxy=http://wiw4v7duaymysz9-session-a708900ee307-lifetime-10:***@rp.scrapegw.com:6060	ConnectionTimeoutError: Connection timeout to host https://discord.com/api/v9/unique-username/username-attempt-unauthed
2026-09-01 18:26:21	NETWORK	ashs	attempt=1	proxy=http://wiw4v7duaymysz9-session-5e5c6f89abf0-lifetime-10:***@rp.scrapegw.com:6060	ConnectionTimeoutError: Connection timeout to host https://discord.com/api/v9/unique-username/username-attempt-unauthed
2026-09-01 18:26:21	NETWORK	asek	attempt=1	proxy=http://wiw4v7duaymysz9-session-01a3f4183183-lifetime-10:***@rp.scrapegw.com:6060	ConnectionTimeoutError: Connection timeout to host https://discord.com/api/v9/unique-username/username-attempt-unauthed
2026-09-01 18:26:21	NETWORK	aozb	attempt=1	proxy=http://wiw4v7duaymysz9-session-8930c7a78217-lifetime-10:***@rp.scrapegw.com:6060	ConnectionTimeoutError: Connection timeout to host https://discord.com/api/v9/unique-username/username-attempt-unauthed
2026-09-01 18:26:21	NETWORK	asdv	attempt=1	proxy=http://wiw4v7duaymysz9-session-0976f5e07efb-lifetime-10:***@rp.scrapegw.com:6060	ConnectionTimeoutError: Connection timeout to host https://discord.com/api/v9/unique-username/username-attempt-unauthed
2026-09-01 18:26:21	NETWORK	asdj	attempt=1	proxy=http://wiw4v7duaymysz9-session-79b1b935038a-lifetime-10:***@rp.scrapegw.com:6060	ConnectionTimeoutError: Connection timeout to host https://discord.com/api/v9/unique-username/username-attempt-unauthed
2026-09-01 18:26:21	NETWORK	asbv	attempt=1	proxy=http://wiw4v7duaymysz9-session-f94725e918d1-lifetime-10:***@rp.scrapegw.com:6060	ConnectionTimeoutError: Connection timeout to host https://discord.com/api/v9/unique-username/username-attempt-unauthed
2026-09-01 18:26:21	NETWORK	asaa	attempt=1	proxy=http://wiw4v7duaymysz9-session-50049edb5e98-lifetime-10:***@rp.scrapegw.com:6060	ConnectionTimeoutError: Connection timeout to host https://discord.com/api/v9/unique-username/username-attempt-unauthed
2026-09-01 18:26:21	NETWORK	arxo	attempt=1	proxy=http://wiw4v7duaymysz9-session-da5c89715d62-lifetime-10:***@rp.scrapegw.com:6060	ConnectionTimeoutError: Connection timeout to host https://discord.com/api/v9/unique-username/username-attempt-unauthed
2026-09-01 18:26:21	NETWORK	arxb	attempt=1	proxy=http://wiw4v7duaymysz9-session-aeee6f8ff91f-lifetime-10:***@rp.scrapegw.com:6060	ConnectionTimeoutError: Connection timeout to host https://discord.com/api/v9/unique-username/username-attempt-unauthed
2026-09-01 18:26:21	NETWORK	arvc	attempt=1	proxy=http://wiw4v7duaymysz9-session-8e5abdf59407-lifetime-10:***@rp.scrapegw.com:6060	ConnectionTimeoutError: Connection timeout to host https://discord.com/api/v9/unique-username/username-attempt-unauthed
2026-09-01 18:26:21	NETWORK	artf	attempt=1	proxy=http://wiw4v7duaymysz9-session-68430ac828a8-lifetime-10:***@rp.scrapegw.com:6060	ConnectionTimeoutError: Connection timeout to host https://discord.com/api/v9/unique-username/username-attempt-unauthed
2026-09-01 18:26:21	NETWORK	arsq	attempt=1	proxy=http://wiw4v7duaymysz9-session-fa9184ed9df0-lifetime-10:***@rp.scrapegw.com:6060	ConnectionTimeoutError: Connection timeout to host https://discord.com/api/v9/unique-username/username-attempt-unauthed
2026-09-01 18:26:21	NETWORK	avcv	attempt=1	proxy=http://wiw4v7duaymysz9-session-2c532ab8a012-lifetime-10:***@rp.scrapegw.com:6060	ConnectionTimeoutError: Connection timeout to host https://discord.com/api/v9/unique-username/username-attempt-unauthed
2026-09-01 18:26:21	NETWORK	arrr	attempt=1	proxy=http://wiw4v7duaymysz9-session-f79af8dde666-lifetime-10:***@rp.scrapegw.com:6060	ConnectionTimeoutError: Connection timeout to host https://discord.com/api/v9/unique-username/username-attempt-unauthed
2026-09-01 18:26:21	NETWORK	arrn	attempt=1	proxy=http://wiw4v7duaymysz9-session-6496ac15f14a-lifetime-10:***@rp.scrapegw.com:6060	ConnectionTimeoutError: Connection timeout to host https://discord.com/api/v9/unique-username/username-attempt-unauthed
2026-09-01 18:26:21	NETWORK	arnf	attempt=1	proxy=http://wiw4v7duaymysz9-session-9b9ac1dbda7a-lifetime-10:***@rp.scrapegw.com:6060	ConnectionTimeoutError: Connection timeout to host https://discord.com/api/v9/unique-username/username-attempt-unauthed
2026-09-01 18:26:21	NETWORK	armw	attempt=1	proxy=http://wiw4v7duaymysz9-session-03f5d2485931-lifetime-10:***@rp.scrapegw.com:6060	ConnectionTimeoutError: Connection timeout to host https://discord.com/api/v9/unique-username/username-attempt-unauthed
2026-09-01 18:26:21	NETWORK	apfp	attempt=1	proxy=http://wiw4v7duaymysz9-session-56265bdfc93d-lifetime-10:***@rp.scrapegw.com:6060	ConnectionTimeoutError: Connection timeout to host https://discord.com/api/v9/unique-username/username-attempt-unauthed
2026-09-01 18:26:21	NETWORK	awbf	attempt=1	proxy=http://wiw4v7duaymysz9-session-2eef8f49a0ab-lifetime-10:***@rp.scrapegw.com:6060	ConnectionTimeoutError: Connection timeout to host https://discord.com/api/v9/unique-username/username-attempt-unauthed
2026-09-01 18:26:21	NETWORK	arkb	attempt=1	proxy=http://wiw4v7duaymysz9-session-55718afec092-lifetime-10:***@rp.scrapegw.com:6060	ConnectionTimeoutError: Connection timeout to host https://discord.com/api/v9/unique-username/username-attempt-unauthed
2026-09-01 18:26:21	NETWORK	arjt	attempt=1	proxy=http://wiw4v7duaymysz9-session-8c1ab48fddde-lifetime-10:***@rp.scrapegw.com:6060	ConnectionTimeoutError: Connection timeout to host https://discord.com/api/v9/unique-username/username-attempt-unauthed
2026-09-01 18:26:21	NETWORK	aots	attempt=1	proxy=http://wiw4v7duaymysz9-session-727538548132-lifetime-10:***@rp.scrapegw.com:6060	ConnectionTimeoutError: Connection timeout to host https://discord.com/api/v9/unique-username/username-attempt-unauthed
2026-09-01 18:26:21	NETWORK	arjk	attempt=1	proxy=http://wiw4v7duaymysz9-session-bd61705d4406-lifetime-10:***@rp.scrapegw.com:6060	ConnectionTimeoutError: Connection timeout to host https://discord.com/api/v9/unique-username/username-attempt-unauthed
2026-09-01 18:26:21	NETWORK	aomj	attempt=1	proxy=http://wiw4v7duaymysz9-session-171f29db90f6-lifetime-10:***@rp.scrapegw.com:6060	ConnectionTimeoutError: Connection timeout to host https://discord.com/api/v9/unique-username/username-attempt-unauthed
2026-09-01 18:26:21	NETWORK	arhl	attempt=1	proxy=http://wiw4v7duaymysz9-session-166e428b1726-lifetime-10:***@rp.scrapegw.com:6060	ConnectionTimeoutError: Connection timeout to host https://discord.com/api/v9/unique-username/username-attempt-unauthed
2026-09-01 18:26:21	NETWORK	awer	attempt=1	proxy=http://wiw4v7duaymysz9-session-07c489c77dce-lifetime-10:***@rp.scrapegw.com:6060	ConnectionTimeoutError: Connection timeout to host https://discord.com/api/v9/unique-username/username-attempt-unauthed
2026-09-01 18:26:21	NETWORK	argt	attempt=1	proxy=http://wiw4v7duaymysz9-session-7b05770a762c-lifetime-10:***@rp.scrapegw.com:6060	ConnectionTimeoutError: Connection timeout to host https://discord.com/api/v9/unique-username/username-attempt-unauthed
2026-09-01 18:26:21	NETWORK	awno	attempt=1	proxy=http://wiw4v7duaymysz9-session-bee3a1e50137-lifetime-10:***@rp.scrapegw.com:6060	ConnectionTimeoutError: Connection timeout to host https://discord.com/api/v9/unique-username/username-attempt-unauthed
2026-09-01 18:26:21	NETWORK	arfv	attempt=1	proxy=http://wiw4v7duaymysz9-session-ddd0d86cc063-lifetime-10:***@rp.scrapegw.com:6060	ConnectionTimeoutError: Connection timeout to host https://discord.com/api/v9/unique-username/username-attempt-unauthed
2026-09-01 18:26:21	NETWORK	arfa	attempt=1	proxy=http://wiw4v7duaymysz9-session-493158384af7-lifetime-10:***@rp.scrapegw.com:6060	ConnectionTimeoutError: Connection timeout to host https://discord.com/api/v9/unique-username/username-attempt-unauthed
2026-09-01 18:26:21	NETWORK	areq	attempt=1	proxy=http://wiw4v7duaymysz9-session-ad82ba732252-lifetime-10:***@rp.scrapegw.com:6060	ConnectionTimeoutError: Connection timeout to host https://discord.com/api/v9/unique-username/username-attempt-unauthed
2026-09-01 18:26:21	NETWORK	awyl	attempt=1	proxy=http://wiw4v7duaymysz9-session-cf7db8e06c7f-lifetime-10:***@rp.scrapegw.com:6060	ConnectionTimeoutError: Connection timeout to host https://discord.com/api/v9/unique-username/username-attempt-unauthed
2026-09-01 18:26:21	NETWORK	ardj	attempt=1	proxy=http://wiw4v7duaymysz9-session-f4db1fdf6dd2-lifetime-10:***@rp.scrapegw.com:6060	ConnectionTimeoutError: Connection timeout to host https://discord.com/api/v9/unique-username/username-attempt-unauthed
2026-09-01 18:26:21	NETWORK	ardh	attempt=1	proxy=http://wiw4v7duaymysz9-session-4ca771987454-lifetime-10:***@rp.scrapegw.com:6060	ConnectionTimeoutError: Connection timeout to host https://discord.com/api/v9/unique-username/username-attempt-unauthed
2026-09-01 18:26:21	NETWORK	arau	attempt=1	proxy=http://wiw4v7duaymysz9-session-45c5f7b10664-lifetime-10:***@rp.scrapegw.com:6060	ConnectionTimeoutError: Connection timeout to host https://discord.com/api/v9/unique-username/username-attempt-unauthed
2026-09-01 18:26:21	NETWORK	araa	attempt=1	proxy=http://wiw4v7duaymysz9-session-fba60ee29b66-lifetime-10:***@rp.scrapegw.com:6060	ConnectionTimeoutError: Connection timeout to host https://discord.com/api/v9/unique-username/username-attempt-unauthed
2026-09-01 18:26:21	NETWORK	aqzv	attempt=1	proxy=http://wiw4v7duaymysz9-session-eb6a99c05d94-lifetime-10:***@rp.scrapegw.com:6060	ConnectionTimeoutError: Connection timeout to host https://discord.com/api/v9/unique-username/username-attempt-unauthed
2026-09-01 18:26:21	NETWORK	aqzc	attempt=1	proxy=http://wiw4v7duaymysz9-session-609eea4a5dae-lifetime-10:***@rp.scrapegw.com:6060	ConnectionTimeoutError: Connection timeout to host https://discord.com/api/v9/unique-username/username-attempt-unauthed
2026-09-01 18:26:21	NETWORK	aqyi	attempt=1	proxy=http://wiw4v7duaymysz9-session-2e347e043c3d-lifetime-10:***@rp.scrapegw.com:6060	ConnectionTimeoutError: Connection timeout to host https://discord.com/api/v9/unique-username/username-attempt-unauthed
2026-09-01 18:26:21	NETWORK	aqxu	attempt=1	proxy=http://wiw4v7duaymysz9-session-1f1d1fd89f21-lifetime-10:***@rp.scrapegw.com:6060	ConnectionTimeoutError: Connection timeout to host https://discord.com/api/v9/unique-username/username-attempt-unauthed
2026-09-01 18:26:21	NETWORK	aqwy	attempt=1	proxy=http://wiw4v7duaymysz9-session-3c50dbaf4ac4-lifetime-10:***@rp.scrapegw.com:6060	ConnectionTimeoutError: Connection timeout to host https://discord.com/api/v9/unique-username/username-attempt-unauthed
2026-09-01 18:26:21	NETWORK	aqwp	attempt=1	proxy=http://wiw4v7duaymysz9-session-61792a966483-lifetime-10:***@rp.scrapegw.com:6060	ConnectionTimeoutError: Connection timeout to host https://discord.com/api/v9/unique-username/username-attempt-unauthed
2026-09-01 18:26:21	NETWORK	aqwh	attempt=1	proxy=http://wiw4v7duaymysz9-session-005f1213f38a-lifetime-10:***@rp.scrapegw.com:6060	ConnectionTimeoutError: Connection timeout to host https://discord.com/api/v9/unique-username/username-attempt-unauthed
2026-09-01 18:26:21	NETWORK	axba	attempt=1	proxy=http://wiw4v7duaymysz9-session-9d0517ec58c7-lifetime-10:***@rp.scrapegw.com:6060	ConnectionTimeoutError: Connection timeout to host https://discord.com/api/v9/unique-username/username-attempt-unauthed
2026-09-01 18:26:21	NETWORK	aqwa	attempt=1	proxy=http://wiw4v7duaymysz9-session-da3268a7dc51-lifetime-10:***@rp.scrapegw.com:6060	ConnectionTimeoutError: Connection timeout to host https://discord.com/api/v9/unique-username/username-attempt-unauthed
2026-09-01 18:26:21	NETWORK	aque	attempt=1	proxy=http://wiw4v7duaymysz9-session-66c5efa3f428-lifetime-10:***@rp.scrapegw.com:6060	ConnectionTimeoutError: Connection timeout to host https://discord.com/api/v9/unique-username/username-attempt-unauthed
2026-09-01 18:26:21	NETWORK	aqsz	attempt=1	proxy=http://wiw4v7duaymysz9-session-598ab534c1f1-lifetime-10:***@rp.scrapegw.com:6060	ConnectionTimeoutError: Connection timeout to host https://discord.com/api/v9/unique-username/username-attempt-unauthed
2026-09-01 18:26:21	NETWORK	aqsb	attempt=1	proxy=http://wiw4v7duaymysz9-session-c042ec49b0f8-lifetime-10:***@rp.scrapegw.com:6060	ConnectionTimeoutError: Connection timeout to host https://discord.com/api/v9/unique-username/username-attempt-unauthed
2026-09-01 18:26:21	NETWORK	aqrb	attempt=1	proxy=http://wiw4v7duaymysz9-session-89d37a8a1d82-lifetime-10:***@rp.scrapegw.com:6060	ConnectionTimeoutError: Connection timeout to host https://discord.com/api/v9/unique-username/username-attempt-unauthed
2026-09-01 18:26:21	NETWORK	aqqa	attempt=1	proxy=http://wiw4v7duaymysz9-session-275e3a7b4b2b-lifetime-10:***@rp.scrapegw.com:6060	ConnectionTimeoutError: Connection timeout to host https://discord.com/api/v9/unique-username/username-attempt-unauthed
2026-09-01 18:26:21	NETWORK	aqpr	attempt=1	proxy=http://wiw4v7duaymysz9-session-8e2c8593aef8-lifetime-10:***@rp.scrapegw.com:6060	ConnectionTimeoutError: Connection timeout to host https://discord.com/api/v9/unique-username/username-attempt-unauthed
2026-09-01 18:26:21	NETWORK	awfq	attempt=1	proxy=http://wiw4v7duaymysz9-session-2660aca48931-lifetime-10:***@rp.scrapegw.com:6060	ConnectionTimeoutError: Connection timeout to host https://discord.com/api/v9/unique-username/username-attempt-unauthed
2026-09-01 18:26:21	NETWORK	aqmt	attempt=1	proxy=http://wiw4v7duaymysz9-session-0edb311f7dfb-lifetime-10:***@rp.scrapegw.com:6060	ConnectionTimeoutError: Connection timeout to host https://discord.com/api/v9/unique-username/username-attempt-unauthed
2026-09-01 18:26:21	NETWORK	aqlc	attempt=1	proxy=http://wiw4v7duaymysz9-session-3b2c0c5eb94d-lifetime-10:***@rp.scrapegw.com:6060	ConnectionTimeoutError: Connection timeout to host https://discord.com/api/v9/unique-username/username-attempt-unauthed
2026-09-01 18:26:21	NETWORK	aqid	attempt=1	proxy=http://wiw4v7duaymysz9-session-34d4fd9519d4-lifetime-10:***@rp.scrapegw.com:6060	ConnectionTimeoutError: Connection timeout to host https://discord.com/api/v9/unique-username/username-attempt-unauthed
2026-09-01 18:26:21	NETWORK	aqgl	attempt=1	proxy=http://wiw4v7duaymysz9-session-bda35cfb02c4-lifetime-10:***@rp.scrapegw.com:6060	ConnectionTimeoutError: Connection timeout to host https://discord.com/api/v9/unique-username/username-attempt-unauthed
2026-09-01 18:26:21	NETWORK	awon	attempt=1	proxy=http://wiw4v7duaymysz9-session-b0500df677f5-lifetime-10:***@rp.scrapegw.com:6060	ConnectionTimeoutError: Connection timeout to host https://discord.com/api/v9/unique-username/username-attempt-unauthed
2026-09-01 18:26:21	NETWORK	aqfr	attempt=1	proxy=http://wiw4v7duaymysz9-session-06f6e96f5658-lifetime-10:***@rp.scrapegw.com:6060	ConnectionTimeoutError: Connection timeout to host https://discord.com/api/v9/unique-username/username-attempt-unauthed
2026-09-01 18:26:21	NETWORK	anqy	attempt=1	proxy=http://wiw4v7duaymysz9-session-d09d94ba7417-lifetime-10:***@rp.scrapegw.com:6060	ConnectionTimeoutError: Connection timeout to host https://discord.com/api/v9/unique-username/username-attempt-unauthed
2026-09-01 18:26:21	NETWORK	aqec	attempt=1	proxy=http://wiw4v7duaymysz9-session-9344334d995b-lifetime-10:***@rp.scrapegw.com:6060	ConnectionTimeoutError: Connection timeout to host https://discord.com/api/v9/unique-username/username-attempt-unauthed
2026-09-01 18:26:21	NETWORK	awub	attempt=1	proxy=http://wiw4v7duaymysz9-session-7e0617ab5096-lifetime-10:***@rp.scrapegw.com:6060	ConnectionTimeoutError: Connection timeout to host https://discord.com/api/v9/unique-username/username-attempt-unauthed
2026-09-01 18:26:21	NETWORK	aqdn	attempt=1	proxy=http://wiw4v7duaymysz9-session-d01674f51af1-lifetime-10:***@rp.scrapegw.com:6060	ConnectionTimeoutError: Connection timeout to host https://discord.com/api/v9/unique-username/username-attempt-unauthed
2026-09-01 18:26:21	NETWORK	aqcv	attempt=1	proxy=http://wiw4v7duaymysz9-session-30ed151c857b-lifetime-10:***@rp.scrapegw.com:6060	ConnectionTimeoutError: Connection timeout to host https://discord.com/api/v9/unique-username/username-attempt-unauthed
2026-09-01 18:26:21	NETWORK	aoyw	attempt=1	proxy=http://wiw4v7duaymysz9-session-0d886b8c1599-lifetime-10:***@rp.scrapegw.com:6060	ConnectionTimeoutError: Connection timeout to host https://discord.com/api/v9/unique-username/username-attempt-unauthed
2026-09-01 18:26:21	NETWORK	arkx	attempt=1	proxy=http://wiw4v7duaymysz9-session-4e0d1650e797-lifetime-10:***@rp.scrapegw.com:6060	ConnectionTimeoutError: Connection timeout to host https://discord.com/api/v9/unique-username/username-attempt-unauthed
2026-09-01 18:26:21	NETWORK	awlq	attempt=1	proxy=http://wiw4v7duaymysz9-session-1b85515306d6-lifetime-10:***@rp.scrapegw.com:6060	ConnectionTimeoutError: Connection timeout to host https://discord.com/api/v9/unique-username/username-attempt-unauthed
2026-09-01 18:26:21	NETWORK	aqef	attempt=1	proxy=http://wiw4v7duaymysz9-session-59c0a8148e7e-lifetime-10:***@rp.scrapegw.com:6060	ConnectionTimeoutError: Connection timeout to host https://discord.com/api/v9/unique-username/username-attempt-unauthed
2026-09-01 18:26:21	NETWORK	aqcd	attempt=1	proxy=http://wiw4v7duaymysz9-session-14d75357b9cd-lifetime-10:***@rp.scrapegw.com:6060	ConnectionTimeoutError: Connection timeout to host https://discord.com/api/v9/unique-username/username-attempt-unauthed
2026-09-01 18:26:21	NETWORK	aqce	attempt=1	proxy=http://wiw4v7duaymysz9-session-573093f354ee-lifetime-10:***@rp.scrapegw.com:6060	ConnectionTimeoutError: Connection timeout to host https://discord.com/api/v9/unique-username/username-attempt-unauthed
2026-09-01 18:26:21	NETWORK	aqbw	attempt=1	proxy=http://wiw4v7duaymysz9-session-44b8839929f8-lifetime-10:***@rp.scrapegw.com:6060	ConnectionTimeoutError: Connection timeout to host https://discord.com/api/v9/unique-username/username-attempt-unauthed
2026-09-01 18:26:21	NETWORK	aqbi	attempt=1	proxy=http://wiw4v7duaymysz9-session-d923ae74ae31-lifetime-10:***@rp.scrapegw.com:6060	ConnectionTimeoutError: Connection timeout to host https://discord.com/api/v9/unique-username/username-attempt-unauthed
2026-09-01 18:26:21	NETWORK	atsu	attempt=1	proxy=http://wiw4v7duaymysz9-session-2ae6ff325329-lifetime-10:***@rp.scrapegw.com:6060	ConnectionTimeoutError: Connection timeout to host https://discord.com/api/v9/unique-username/username-attempt-unauthed
2026-09-01 18:26:21	NETWORK	arlb	attempt=1	proxy=http://wiw4v7duaymysz9-session-b81736cae483-lifetime-10:***@rp.scrapegw.com:6060	ConnectionTimeoutError: Connection timeout to host https://discord.com/api/v9/unique-username/username-attempt-unauthed
2026-09-01 18:26:21	NETWORK	aqkb	attempt=1	proxy=http://wiw4v7duaymysz9-session-852846ad0054-lifetime-10:***@rp.scrapegw.com:6060	ConnectionTimeoutError: Connection timeout to host https://discord.com/api/v9/unique-username/username-attempt-unauthed
2026-09-01 18:26:21	NETWORK	aqkc	attempt=1	proxy=http://wiw4v7duaymysz9-session-0b99583a9041-lifetime-10:***@rp.scrapegw.com:6060	ConnectionTimeoutError: Connection timeout to host https://discord.com/api/v9/unique-username/username-attempt-unauthed
2026-09-01 18:26:21	NETWORK	apzv	attempt=1	proxy=http://wiw4v7duaymysz9-session-84907509b707-lifetime-10:***@rp.scrapegw.com:6060	ConnectionTimeoutError: Connection timeout to host https://discord.com/api/v9/unique-username/username-attempt-unauthed
2026-09-01 18:26:21	NETWORK	avbk	attempt=1	proxy=http://wiw4v7duaymysz9-session-ada9f7b8374a-lifetime-10:***@rp.scrapegw.com:6060	ConnectionTimeoutError: Connection timeout to host https://discord.com/api/v9/unique-username/username-attempt-unauthed
2026-09-01 18:26:21	NETWORK	aokm	attempt=1	proxy=http://wiw4v7duaymysz9-session-8c1f36e14761-lifetime-10:***@rp.scrapegw.com:6060	ConnectionTimeoutError: Connection timeout to host https://discord.com/api/v9/unique-username/username-attempt-unauthed
2026-09-01 18:26:21	NETWORK	aqap	attempt=1	proxy=http://wiw4v7duaymysz9-session-c16104d2aeff-lifetime-10:***@rp.scrapegw.com:6060	ConnectionTimeoutError: Connection timeout to host https://discord.com/api/v9/unique-username/username-attempt-unauthed
2026-09-01 18:26:21	NETWORK	apyv	attempt=1	proxy=http://wiw4v7duaymysz9-session-729007ff87aa-lifetime-10:***@rp.scrapegw.com:6060	ConnectionTimeoutError: Connection timeout to host https://discord.com/api/v9/unique-username/username-attempt-unauthed
2026-09-01 18:26:21	NETWORK	aqba	attempt=1	proxy=http://wiw4v7duaymysz9-session-af50ebc067c5-lifetime-10:***@rp.scrapegw.com:6060	ConnectionTimeoutError: Connection timeout to host https://discord.com/api/v9/unique-username/username-attempt-unauthed
2026-09-01 18:26:21	NETWORK	apxz	attempt=1	proxy=http://wiw4v7duaymysz9-session-7ed942e61fc2-lifetime-10:***@rp.scrapegw.com:6060	ConnectionTimeoutError: Connection timeout to host https://discord.com/api/v9/unique-username/username-attempt-unauthed
2026-09-01 18:26:21	NETWORK	apvl	attempt=1	proxy=http://wiw4v7duaymysz9-session-d0b8d052403f-lifetime-10:***@rp.scrapegw.com:6060	ConnectionTimeoutError: Connection timeout to host https://discord.com/api/v9/unique-username/username-attempt-unauthed
2026-09-01 18:26:21	NETWORK	apvf	attempt=1	proxy=http://wiw4v7duaymysz9-session-b02d3123638c-lifetime-10:***@rp.scrapegw.com:6060	ConnectionTimeoutError: Connection timeout to host https://discord.com/api/v9/unique-username/username-attempt-unauthed
2026-09-01 18:26:21	NETWORK	apup	attempt=1	proxy=http://wiw4v7duaymysz9-session-caa96ecb5348-lifetime-10:***@rp.scrapegw.com:6060	ConnectionTimeoutError: Connection timeout to host https://discord.com/api/v9/unique-username/username-attempt-unauthed
2026-09-01 18:26:21	NETWORK	aptr	attempt=1	proxy=http://wiw4v7duaymysz9-session-a53f30f0ed20-lifetime-10:***@rp.scrapegw.com:6060	ConnectionTimeoutError: Connection timeout to host https://discord.com/api/v9/unique-username/username-attempt-unauthed
2026-09-01 18:26:21	NETWORK	aptw	attempt=1	proxy=http://wiw4v7duaymysz9-session-24d3fa82efbc-lifetime-10:***@rp.scrapegw.com:6060	ConnectionTimeoutError: Connection timeout to host https://discord.com/api/v9/unique-username/username-attempt-unauthed
2026-09-01 18:26:21	NETWORK	apuf	attempt=1	proxy=http://wiw4v7duaymysz9-session-2a21bc4ad454-lifetime-10:***@rp.scrapegw.com:6060	ConnectionTimeoutError: Connection timeout to host https://discord.com/api/v9/unique-username/username-attempt-unauthed
2026-09-01 18:26:21	NETWORK	aptc	attempt=1	proxy=http://wiw4v7duaymysz9-session-ac54c37129ae-lifetime-10:***@rp.scrapegw.com:6060	ConnectionTimeoutError: Connection timeout to host https://discord.com/api/v9/unique-username/username-attempt-unauthed
2026-09-01 18:26:21	NETWORK	apsw	attempt=1	proxy=http://wiw4v7duaymysz9-session-7d33d5caa94d-lifetime-10:***@rp.scrapegw.com:6060	ConnectionTimeoutError: Connection timeout to host https://discord.com/api/v9/unique-username/username-attempt-unauthed
2026-09-01 18:26:21	NETWORK	aqbe	attempt=1	proxy=http://wiw4v7duaymysz9-session-0280838c9aad-lifetime-10:***@rp.scrapegw.com:6060	ConnectionTimeoutError: Connection timeout to host https://discord.com/api/v9/unique-username/username-attempt-unauthed
2026-09-01 18:26:22	HTTP_429	bgly	attempt=1	proxy=http://wiw4v7duaymysz9-session-9c6b71c1a09f-lifetime-10:***@rp.scrapegw.com:6060	scope=shared global=False retry_after=100.00s
2026-09-01 18:26:22	HTTP_429	bhfs	attempt=1	proxy=http://wiw4v7duaymysz9-session-92e051ff1f1a-lifetime-10:***@rp.scrapegw.com:6060	scope=shared global=False retry_after=1960.00s
2026-09-01 18:26:22	HTTP_429	bhfx	attempt=1	proxy=http://wiw4v7duaymysz9-session-feb378710681-lifetime-10:***@rp.scrapegw.com:6060	scope=shared global=False retry_after=1818.00s
2026-09-01 18:26:22	HTTP_429	bism	attempt=1	proxy=http://wiw4v7duaymysz9-session-422ab8b5555e-lifetime-10:***@rp.scrapegw.com:6060	scope=shared global=False retry_after=770.00s
2026-09-01 18:26:22	NETWORK	axhp	attempt=1	proxy=http://wiw4v7duaymysz9-session-b0a83aa0387b-lifetime-10:***@rp.scrapegw.com:6060	ConnectionTimeoutError: Connection timeout to host https://discord.com/api/v9/unique-username/username-attempt-unauthed
2026-09-01 18:26:22	NETWORK	axhn	attempt=1	proxy=http://wiw4v7duaymysz9-session-b8758b210a10-lifetime-10:***@rp.scrapegw.com:6060	ConnectionTimeoutError: Connection timeout to host https://discord.com/api/v9/unique-username/username-attempt-unauthed
2026-09-01 18:26:22	NETWORK	axfu	attempt=1	proxy=http://wiw4v7duaymysz9-session-bee9f2515cf0-lifetime-10:***@rp.scrapegw.com:6060	ConnectionTimeoutError: Connection timeout to host https://discord.com/api/v9/unique-username/username-attempt-unauthed
2026-09-01 18:26:22	NETWORK	axjd	attempt=1	proxy=http://wiw4v7duaymysz9-session-f1f8f2c2b379-lifetime-10:***@rp.scrapegw.com:6060	ConnectionTimeoutError: Connection timeout to host https://discord.com/api/v9/unique-username/username-attempt-unauthed
2026-09-01 18:26:22	NETWORK	axmp	attempt=1	proxy=http://wiw4v7duaymysz9-session-7c037d6af624-lifetime-10:***@rp.scrapegw.com:6060	ConnectionTimeoutError: Connection timeout to host https://discord.com/api/v9/unique-username/username-attempt-unauthed
2026-09-01 18:26:22	NETWORK	axln	attempt=1	proxy=http://wiw4v7duaymysz9-session-3dd9569208c2-lifetime-10:***@rp.scrapegw.com:6060	ConnectionTimeoutError: Connection timeout to host https://discord.com/api/v9/unique-username/username-attempt-unauthed
2026-09-01 18:26:22	NETWORK	axkg	attempt=1	proxy=http://wiw4v7duaymysz9-session-54539a6b33dc-lifetime-10:***@rp.scrapegw.com:6060	ConnectionTimeoutError: Connection timeout to host https://discord.com/api/v9/unique-username/username-attempt-unauthed
2026-09-01 18:26:22	NETWORK	axhh	attempt=1	proxy=http://wiw4v7duaymysz9-session-c90302db7f5e-lifetime-10:***@rp.scrapegw.com:6060	ConnectionTimeoutError: Connection timeout to host https://discord.com/api/v9/unique-username/username-attempt-unauthed
2026-09-01 18:26:22	NETWORK	axgn	attempt=1	proxy=http://wiw4v7duaymysz9-session-3c2caf82cacc-lifetime-10:***@rp.scrapegw.com:6060	ConnectionTimeoutError: Connection timeout to host https://discord.com/api/v9/unique-username/username-attempt-unauthed
2026-09-01 18:26:22	NETWORK	axmo	attempt=1	proxy=http://wiw4v7duaymysz9-session-6a8ae8b8df8f-lifetime-10:***@rp.scrapegw.com:6060	ConnectionTimeoutError: Connection timeout to host https://discord.com/api/v9/unique-username/username-attempt-unauthed
2026-09-01 18:26:22	NETWORK	axdp	attempt=1	proxy=http://wiw4v7duaymysz9-session-af8bb57e412d-lifetime-10:***@rp.scrapegw.com:6060	ConnectionTimeoutError: Connection timeout to host https://discord.com/api/v9/unique-username/username-attempt-unauthed
2026-09-01 18:26:22	NETWORK	axlt	attempt=1	proxy=http://wiw4v7duaymysz9-session-6b3077e17694-lifetime-10:***@rp.scrapegw.com:6060	ConnectionTimeoutError: Connection timeout to host https://discord.com/api/v9/unique-username/username-attempt-unauthed
2026-09-01 18:26:22	HTTP_429	bpsz	attempt=1	proxy=http://wiw4v7duaymysz9-session-60a138789274-lifetime-10:***@rp.scrapegw.com:6060	scope=shared global=False retry_after=828.00s
2026-09-01 18:26:23	HTTP_429	bfqg	attempt=1	proxy=http://wiw4v7duaymysz9-session-317ad641c31c-lifetime-10:***@rp.scrapegw.com:6060	scope=shared global=False retry_after=1094.00s
2026-09-01 18:26:23	HTTP_429	bttn	attempt=1	proxy=http://wiw4v7duaymysz9-session-7777b7aba9d3-lifetime-10:***@rp.scrapegw.com:6060	scope=shared global=False retry_after=1669.00s
2026-09-01 18:26:23	NETWORK	aycr	attempt=1	proxy=http://wiw4v7duaymysz9-session-93ad016ae861-lifetime-10:***@rp.scrapegw.com:6060	ConnectionTimeoutError: Connection timeout to host https://discord.com/api/v9/unique-username/username-attempt-unauthed
2026-09-01 18:26:23	NETWORK	axta	attempt=1	proxy=http://wiw4v7duaymysz9-session-a047d365c5c0-lifetime-10:***@rp.scrapegw.com:6060	ConnectionTimeoutError: Connection timeout to host https://discord.com/api/v9/unique-username/username-attempt-unauthed
2026-09-01 18:26:23	NETWORK	axov	attempt=1	proxy=http://wiw4v7duaymysz9-session-4ccec98e2ea6-lifetime-10:***@rp.scrapegw.com:6060	ConnectionTimeoutError: Connection timeout to host https://discord.com/api/v9/unique-username/username-attempt-unauthed
2026-09-01 18:26:23	NETWORK	axyw	attempt=1	proxy=http://wiw4v7duaymysz9-session-accb49122b37-lifetime-10:***@rp.scrapegw.com:6060	ConnectionTimeoutError: Connection timeout to host https://discord.com/api/v9/unique-username/username-attempt-unauthed
2026-09-01 18:26:23	NETWORK	axur	attempt=1	proxy=http://wiw4v7duaymysz9-session-7aa00f1150bf-lifetime-10:***@rp.scrapegw.com:6060	ConnectionTimeoutError: Connection timeout to host https://discord.com/api/v9/unique-username/username-attempt-unauthed
2026-09-01 18:26:23	NETWORK	axuk	attempt=1	proxy=http://wiw4v7duaymysz9-session-478fee254268-lifetime-10:***@rp.scrapegw.com:6060	ConnectionTimeoutError: Connection timeout to host https://discord.com/api/v9/unique-username/username-attempt-unauthed
2026-09-01 18:26:23	NETWORK	aybe	attempt=1	proxy=http://wiw4v7duaymysz9-session-42de3984bc5f-lifetime-10:***@rp.scrapegw.com:6060	ConnectionTimeoutError: Connection timeout to host https://discord.com/api/v9/unique-username/username-attempt-unauthed
2026-09-01 18:26:23	NETWORK	aybt	attempt=1	proxy=http://wiw4v7duaymysz9-session-4a8facc4691c-lifetime-10:***@rp.scrapegw.com:6060	ConnectionTimeoutError: Connection timeout to host https://discord.com/api/v9/unique-username/username-attempt-unauthed
2026-09-01 18:26:23	NETWORK	aycj	attempt=1	proxy=http://wiw4v7duaymysz9-session-b2c9a6afbb85-lifetime-10:***@rp.scrapegw.com:6060	ConnectionTimeoutError: Connection timeout to host https://discord.com/api/v9/unique-username/username-attempt-unauthed
2026-09-01 18:26:23	NETWORK	axzl	attempt=1	proxy=http://wiw4v7duaymysz9-session-73c93232d31f-lifetime-10:***@rp.scrapegw.com:6060	ConnectionTimeoutError: Connection timeout to host https://discord.com/api/v9/unique-username/username-attempt-unauthed
2026-09-01 18:26:23	NETWORK	axwk	attempt=1	proxy=http://wiw4v7duaymysz9-session-2278488fc2d5-lifetime-10:***@rp.scrapegw.com:6060	ConnectionTimeoutError: Connection timeout to host https://discord.com/api/v9/unique-username/username-attempt-unauthed
2026-09-01 18:26:23	HTTP_429	aypa	attempt=1	proxy=http://wiw4v7duaymysz9-session-c2f9cc4f57d2-lifetime-10:***@rp.scrapegw.com:6060	scope=shared global=False retry_after=1435.00s
2026-09-01 18:26:23	HTTP_429	azfz	attempt=1	proxy=http://wiw4v7duaymysz9-session-f27e78ec9b08-lifetime-10:***@rp.scrapegw.com:6060	scope=shared global=False retry_after=395.00s
2026-09-01 18:26:23	HTTP_429	bvjo	attempt=1	proxy=http://wiw4v7duaymysz9-session-100d255babe7-lifetime-10:***@rp.scrapegw.com:6060	scope=shared global=False retry_after=2047.00s
2026-09-01 18:26:24	NETWORK	azdz	attempt=1	proxy=http://wiw4v7duaymysz9-session-8c1f36e14761-lifetime-10:***@rp.scrapegw.com:6060	ClientConnectorError: Cannot connect to host discord.com:443 ssl:default [Connection reset by peer]
2026-09-01 18:26:24	NETWORK	ayct	attempt=1	proxy=http://wiw4v7duaymysz9-session-cd7f683fe714-lifetime-10:***@rp.scrapegw.com:6060	ConnectionTimeoutError: Connection timeout to host https://discord.com/api/v9/unique-username/username-attempt-unauthed
2026-09-01 18:26:24	NETWORK	aywn	attempt=1	proxy=http://wiw4v7duaymysz9-session-e1225c40087e-lifetime-10:***@rp.scrapegw.com:6060	ConnectionTimeoutError: Connection timeout to host https://discord.com/api/v9/unique-username/username-attempt-unauthed
2026-09-01 18:26:24	NETWORK	ayww	attempt=1	proxy=http://wiw4v7duaymysz9-session-45eae68e1821-lifetime-10:***@rp.scrapegw.com:6060	ConnectionTimeoutError: Connection timeout to host https://discord.com/api/v9/unique-username/username-attempt-unauthed
2026-09-01 18:26:24	NETWORK	aywg	attempt=1	proxy=http://wiw4v7duaymysz9-session-b36e0f5a0eeb-lifetime-10:***@rp.scrapegw.com:6060	ConnectionTimeoutError: Connection timeout to host https://discord.com/api/v9/unique-username/username-attempt-unauthed
2026-09-01 18:26:24	NETWORK	aygj	attempt=1	proxy=http://wiw4v7duaymysz9-session-3c2690c9dae3-lifetime-10:***@rp.scrapegw.com:6060	ConnectionTimeoutError: Connection timeout to host https://discord.com/api/v9/unique-username/username-attempt-unauthed
2026-09-01 18:26:24	NETWORK	aywv	attempt=1	proxy=http://wiw4v7duaymysz9-session-944e3705ddc3-lifetime-10:***@rp.scrapegw.com:6060	ConnectionTimeoutError: Connection timeout to host https://discord.com/api/v9/unique-username/username-attempt-unauthed
2026-09-01 18:26:24	NETWORK	ayrn	attempt=1	proxy=http://wiw4v7duaymysz9-session-271e7aad4d4d-lifetime-10:***@rp.scrapegw.com:6060	ConnectionTimeoutError: Connection timeout to host https://discord.com/api/v9/unique-username/username-attempt-unauthed
2026-09-01 18:26:24	NETWORK	aymi	attempt=1	proxy=http://wiw4v7duaymysz9-session-09953d71f96f-lifetime-10:***@rp.scrapegw.com:6060	ConnectionTimeoutError: Connection timeout to host https://discord.com/api/v9/unique-username/username-attempt-unauthed
2026-09-01 18:26:24	NETWORK	aysp	attempt=1	proxy=http://wiw4v7duaymysz9-session-b1f9cb73388b-lifetime-10:***@rp.scrapegw.com:6060	ConnectionTimeoutError: Connection timeout to host https://discord.com/api/v9/unique-username/username-attempt-unauthed
2026-09-01 18:26:24	NETWORK	ayfm	attempt=1	proxy=http://wiw4v7duaymysz9-session-b551e9aac665-lifetime-10:***@rp.scrapegw.com:6060	ConnectionTimeoutError: Connection timeout to host https://discord.com/api/v9/unique-username/username-attempt-unauthed
2026-09-01 18:26:24	NETWORK	aymc	attempt=1	proxy=http://wiw4v7duaymysz9-session-665c7390e935-lifetime-10:***@rp.scrapegw.com:6060	ConnectionTimeoutError: Connection timeout to host https://discord.com/api/v9/unique-username/username-attempt-unauthed
2026-09-01 18:26:24	NETWORK	ayjs	attempt=1	proxy=http://wiw4v7duaymysz9-session-46a7477bdfcb-lifetime-10:***@rp.scrapegw.com:6060	ConnectionTimeoutError: Connection timeout to host https://discord.com/api/v9/unique-username/username-attempt-unauthed
2026-09-01 18:26:24	NETWORK	ayid	attempt=1	proxy=http://wiw4v7duaymysz9-session-e153ffbd3194-lifetime-10:***@rp.scrapegw.com:6060	ConnectionTimeoutError: Connection timeout to host https://discord.com/api/v9/unique-username/username-attempt-unauthed
2026-09-01 18:26:24	NETWORK	ayhc	attempt=1	proxy=http://wiw4v7duaymysz9-session-313b6b022fc9-lifetime-10:***@rp.scrapegw.com:6060	ConnectionTimeoutError: Connection timeout to host https://discord.com/api/v9/unique-username/username-attempt-unauthed
2026-09-01 18:26:24	NETWORK	aydc	attempt=1	proxy=http://wiw4v7duaymysz9-session-d09d94ba7417-lifetime-10:***@rp.scrapegw.com:6060	ConnectionTimeoutError: Connection timeout to host https://discord.com/api/v9/unique-username/username-attempt-unauthed
2026-09-01 18:26:24	NETWORK	ayec	attempt=1	proxy=http://wiw4v7duaymysz9-session-669ba73eb6ff-lifetime-10:***@rp.scrapegw.com:6060	ConnectionTimeoutError: Connection timeout to host https://discord.com/api/v9/unique-username/username-attempt-unauthed
2026-09-01 18:26:24	NETWORK	aytp	attempt=1	proxy=http://wiw4v7duaymysz9-session-bf60f3a6387f-lifetime-10:***@rp.scrapegw.com:6060	ConnectionTimeoutError: Connection timeout to host https://discord.com/api/v9/unique-username/username-attempt-unauthed
2026-09-01 18:26:24	NETWORK	ayql	attempt=1	proxy=http://wiw4v7duaymysz9-session-3ce018055619-lifetime-10:***@rp.scrapegw.com:6060	ConnectionTimeoutError: Connection timeout to host https://discord.com/api/v9/unique-username/username-attempt-unauthed
2026-09-01 18:26:24	NETWORK	ayjp	attempt=1	proxy=http://wiw4v7duaymysz9-session-fffde7b2d15e-lifetime-10:***@rp.scrapegw.com:6060	ConnectionTimeoutError: Connection timeout to host https://discord.com/api/v9/unique-username/username-attempt-unauthed
2026-09-01 18:26:25	HTTP_429	bxef	attempt=1	proxy=http://wiw4v7duaymysz9-session-7f0d1c1d34fe-lifetime-10:***@rp.scrapegw.com:6060	scope=shared global=False retry_after=215.00s
2026-09-01 18:26:25	NETWORK	ayzu	attempt=1	proxy=http://wiw4v7duaymysz9-session-53bf8c92b3da-lifetime-10:***@rp.scrapegw.com:6060	ConnectionTimeoutError: Connection timeout to host https://discord.com/api/v9/unique-username/username-attempt-unauthed
2026-09-01 18:26:25	NETWORK	azbm	attempt=1	proxy=http://wiw4v7duaymysz9-session-baf024df0d2a-lifetime-10:***@rp.scrapegw.com:6060	ConnectionTimeoutError: Connection timeout to host https://discord.com/api/v9/unique-username/username-attempt-unauthed
2026-09-01 18:26:25	NETWORK	azda	attempt=1	proxy=http://wiw4v7duaymysz9-session-f04ec9534c49-lifetime-10:***@rp.scrapegw.com:6060	ConnectionTimeoutError: Connection timeout to host https://discord.com/api/v9/unique-username/username-attempt-unauthed
2026-09-01 18:26:25	NETWORK	ayzf	attempt=1	proxy=http://wiw4v7duaymysz9-session-ba87afbedfb1-lifetime-10:***@rp.scrapegw.com:6060	ConnectionTimeoutError: Connection timeout to host https://discord.com/api/v9/unique-username/username-attempt-unauthed
2026-09-01 18:26:25	NETWORK	ayzz	attempt=1	proxy=http://wiw4v7duaymysz9-session-e667dbb841f3-lifetime-10:***@rp.scrapegw.com:6060	ConnectionTimeoutError: Connection timeout to host https://discord.com/api/v9/unique-username/username-attempt-unauthed
2026-09-01 18:26:25	NETWORK	azep	attempt=1	proxy=http://wiw4v7duaymysz9-session-0e1a77a692f0-lifetime-10:***@rp.scrapegw.com:6060	ConnectionTimeoutError: Connection timeout to host https://discord.com/api/v9/unique-username/username-attempt-unauthed
2026-09-01 18:26:25	HTTP_429	bxrx	attempt=1	proxy=http://wiw4v7duaymysz9-session-f176fe18a467-lifetime-10:***@rp.scrapegw.com:6060	scope=shared global=False retry_after=464.00s
2026-09-01 18:26:26	NETWORK	azeu	attempt=1	proxy=http://wiw4v7duaymysz9-session-171f29db90f6-lifetime-10:***@rp.scrapegw.com:6060	ConnectionTimeoutError: Connection timeout to host https://discord.com/api/v9/unique-username/username-attempt-unauthed
2026-09-01 18:26:26	NETWORK	azhi	attempt=1	proxy=http://wiw4v7duaymysz9-session-4cea09992870-lifetime-10:***@rp.scrapegw.com:6060	ConnectionTimeoutError: Connection timeout to host https://discord.com/api/v9/unique-username/username-attempt-unauthed
2026-09-01 18:26:26	NETWORK	azfm	attempt=1	proxy=http://wiw4v7duaymysz9-session-1f114b89e879-lifetime-10:***@rp.scrapegw.com:6060	ConnectionTimeoutError: Connection timeout to host https://discord.com/api/v9/unique-username/username-attempt-unauthed
2026-09-01 18:26:26	NETWORK	azgs	attempt=1	proxy=http://wiw4v7duaymysz9-session-a4c54e0d235d-lifetime-10:***@rp.scrapegw.com:6060	ConnectionTimeoutError: Connection timeout to host https://discord.com/api/v9/unique-username/username-attempt-unauthed
2026-09-01 18:26:26	NETWORK	azgu	attempt=1	proxy=http://wiw4v7duaymysz9-session-a10b8e750d52-lifetime-10:***@rp.scrapegw.com:6060	ConnectionTimeoutError: Connection timeout to host https://discord.com/api/v9/unique-username/username-attempt-unauthed
2026-09-01 18:26:26	NETWORK	azfs	attempt=1	proxy=http://wiw4v7duaymysz9-session-60a138789274-lifetime-10:***@rp.scrapegw.com:6060	ConnectionTimeoutError: Connection timeout to host https://discord.com/api/v9/unique-username/username-attempt-unauthed
2026-09-01 18:26:27	HTTP_429	bbjq	attempt=1	proxy=http://wiw4v7duaymysz9-session-9344334d995b-lifetime-10:***@rp.scrapegw.com:6060	scope=shared global=False retry_after=141.00s
2026-09-01 18:26:27	NETWORK	azjt	attempt=1	proxy=http://wiw4v7duaymysz9-session-7fbac86423c1-lifetime-10:***@rp.scrapegw.com:6060	ConnectionTimeoutError: Connection timeout to host https://discord.com/api/v9/unique-username/username-attempt-unauthed
2026-09-01 18:26:27	NETWORK	azmx	attempt=1	proxy=http://wiw4v7duaymysz9-session-a7918e6786e7-lifetime-10:***@rp.scrapegw.com:6060	ConnectionTimeoutError: Connection timeout to host https://discord.com/api/v9/unique-username/username-attempt-unauthed
2026-09-01 18:26:27	NETWORK	azip	attempt=1	proxy=http://wiw4v7duaymysz9-session-02856866eda9-lifetime-10:***@rp.scrapegw.com:6060	ConnectionTimeoutError: Connection timeout to host https://discord.com/api/v9/unique-username/username-attempt-unauthed
2026-09-01 18:26:27	NETWORK	azlg	attempt=1	proxy=http://wiw4v7duaymysz9-session-d5e4b9cd79de-lifetime-10:***@rp.scrapegw.com:6060	ConnectionTimeoutError: Connection timeout to host https://discord.com/api/v9/unique-username/username-attempt-unauthed
2026-09-01 18:26:27	NETWORK	aziu	attempt=1	proxy=http://wiw4v7duaymysz9-session-d4106e71cb64-lifetime-10:***@rp.scrapegw.com:6060	ConnectionTimeoutError: Connection timeout to host https://discord.com/api/v9/unique-username/username-attempt-unauthed
2026-09-01 18:26:28	NETWORK	azzg	attempt=1	proxy=http://wiw4v7duaymysz9-session-acd36181411b-lifetime-10:***@rp.scrapegw.com:6060	ConnectionTimeoutError: Connection timeout to host https://discord.com/api/v9/unique-username/username-attempt-unauthed
2026-09-01 18:26:28	NETWORK	azwp	attempt=1	proxy=http://wiw4v7duaymysz9-session-faa31dbc80b3-lifetime-10:***@rp.scrapegw.com:6060	ConnectionTimeoutError: Connection timeout to host https://discord.com/api/v9/unique-username/username-attempt-unauthed
2026-09-01 18:26:28	NETWORK	azxf	attempt=1	proxy=http://wiw4v7duaymysz9-session-5e4dc574d5d2-lifetime-10:***@rp.scrapegw.com:6060	ConnectionTimeoutError: Connection timeout to host https://discord.com/api/v9/unique-username/username-attempt-unauthed
2026-09-01 18:26:28	NETWORK	azpk	attempt=1	proxy=http://wiw4v7duaymysz9-session-bd9a87dd1420-lifetime-10:***@rp.scrapegw.com:6060	ConnectionTimeoutError: Connection timeout to host https://discord.com/api/v9/unique-username/username-attempt-unauthed
2026-09-01 18:26:28	NETWORK	azuq	attempt=1	proxy=http://wiw4v7duaymysz9-session-2546b54c7358-lifetime-10:***@rp.scrapegw.com:6060	ConnectionTimeoutError: Connection timeout to host https://discord.com/api/v9/unique-username/username-attempt-unauthed
2026-09-01 18:26:28	NETWORK	azrk	attempt=1	proxy=http://wiw4v7duaymysz9-session-271d907aa89a-lifetime-10:***@rp.scrapegw.com:6060	ConnectionTimeoutError: Connection timeout to host https://discord.com/api/v9/unique-username/username-attempt-unauthed
2026-09-01 18:26:28	NETWORK	azny	attempt=1	proxy=http://wiw4v7duaymysz9-session-5c84e54dad06-lifetime-10:***@rp.scrapegw.com:6060	ConnectionTimeoutError: Connection timeout to host https://discord.com/api/v9/unique-username/username-attempt-unauthed
2026-09-01 18:26:28	NETWORK	azqa	attempt=1	proxy=http://wiw4v7duaymysz9-session-00d15d1ca31d-lifetime-10:***@rp.scrapegw.com:6060	ConnectionTimeoutError: Connection timeout to host https://discord.com/api/v9/unique-username/username-attempt-unauthed
2026-09-01 18:26:28	NETWORK	azvu	attempt=1	proxy=http://wiw4v7duaymysz9-session-a77599ca1618-lifetime-10:***@rp.scrapegw.com:6060	ConnectionTimeoutError: Connection timeout to host https://discord.com/api/v9/unique-username/username-attempt-unauthed
2026-09-01 18:26:28	NETWORK	aztq	attempt=1	proxy=http://wiw4v7duaymysz9-session-56265bdfc93d-lifetime-10:***@rp.scrapegw.com:6060	ConnectionTimeoutError: Connection timeout to host https://discord.com/api/v9/unique-username/username-attempt-unauthed
2026-09-01 18:26:28	NETWORK	azwm	attempt=1	proxy=http://wiw4v7duaymysz9-session-a6f7ebb3aee3-lifetime-10:***@rp.scrapegw.com:6060	ConnectionTimeoutError: Connection timeout to host https://discord.com/api/v9/unique-username/username-attempt-unauthed
2026-09-01 18:26:28	NETWORK	azta	attempt=1	proxy=http://wiw4v7duaymysz9-session-851dbfe43676-lifetime-10:***@rp.scrapegw.com:6060	ConnectionTimeoutError: Connection timeout to host https://discord.com/api/v9/unique-username/username-attempt-unauthed
2026-09-01 18:26:28	NETWORK	azvz	attempt=1	proxy=http://wiw4v7duaymysz9-session-168c5352b6c9-lifetime-10:***@rp.scrapegw.com:6060	ConnectionTimeoutError: Connection timeout to host https://discord.com/api/v9/unique-username/username-attempt-unauthed
2026-09-01 18:26:28	NETWORK	azth	attempt=1	proxy=http://wiw4v7duaymysz9-session-2bd3bb164248-lifetime-10:***@rp.scrapegw.com:6060	ConnectionTimeoutError: Connection timeout to host https://discord.com/api/v9/unique-username/username-attempt-unauthed
2026-09-01 18:26:28	NETWORK	azwn	attempt=1	proxy=http://wiw4v7duaymysz9-session-61081f0dc493-lifetime-10:***@rp.scrapegw.com:6060	ConnectionTimeoutError: Connection timeout to host https://discord.com/api/v9/unique-username/username-attempt-unauthed
2026-09-01 18:26:28	NETWORK	azzj	attempt=1	proxy=http://wiw4v7duaymysz9-session-a855ce6e8b17-lifetime-10:***@rp.scrapegw.com:6060	ConnectionTimeoutError: Connection timeout to host https://discord.com/api/v9/unique-username/username-attempt-unauthed
2026-09-01 18:26:28	NETWORK	azsp	attempt=1	proxy=http://wiw4v7duaymysz9-session-81ba202110df-lifetime-10:***@rp.scrapegw.com:6060	ConnectionTimeoutError: Connection timeout to host https://discord.com/api/v9/unique-username/username-attempt-unauthed
2026-09-01 18:26:28	NETWORK	azsc	attempt=1	proxy=http://wiw4v7duaymysz9-session-936a9ddafa7c-lifetime-10:***@rp.scrapegw.com:6060	ConnectionTimeoutError: Connection timeout to host https://discord.com/api/v9/unique-username/username-attempt-unauthed
2026-09-01 18:26:28	NETWORK	azoq	attempt=1	proxy=http://wiw4v7duaymysz9-session-8930c7a78217-lifetime-10:***@rp.scrapegw.com:6060	ConnectionTimeoutError: Connection timeout to host https://discord.com/api/v9/unique-username/username-attempt-unauthed
2026-09-01 18:26:28	NETWORK	aznu	attempt=1	proxy=http://wiw4v7duaymysz9-session-0d886b8c1599-lifetime-10:***@rp.scrapegw.com:6060	ConnectionTimeoutError: Connection timeout to host https://discord.com/api/v9/unique-username/username-attempt-unauthed
2026-09-01 18:26:28	NETWORK	azxa	attempt=1	proxy=http://wiw4v7duaymysz9-session-b9e43b44b614-lifetime-10:***@rp.scrapegw.com:6060	ConnectionTimeoutError: Connection timeout to host https://discord.com/api/v9/unique-username/username-attempt-unauthed
2026-09-01 18:26:29	NETWORK	barc	attempt=1	proxy=http://wiw4v7duaymysz9-session-729007ff87aa-lifetime-10:***@rp.scrapegw.com:6060	ConnectionTimeoutError: Connection timeout to host https://discord.com/api/v9/unique-username/username-attempt-unauthed
2026-09-01 18:26:29	NETWORK	bbkc	attempt=1	proxy=http://wiw4v7duaymysz9-session-59c0a8148e7e-lifetime-10:***@rp.scrapegw.com:6060	ConnectionTimeoutError: Connection timeout to host https://discord.com/api/v9/unique-username/username-attempt-unauthed
2026-09-01 18:26:29	NETWORK	bada	attempt=1	proxy=http://wiw4v7duaymysz9-session-d7cb7776ad54-lifetime-10:***@rp.scrapegw.com:6060	ConnectionTimeoutError: Connection timeout to host https://discord.com/api/v9/unique-username/username-attempt-unauthed
2026-09-01 18:26:29	NETWORK	bbkz	attempt=1	proxy=http://wiw4v7duaymysz9-session-06f6e96f5658-lifetime-10:***@rp.scrapegw.com:6060	ConnectionTimeoutError: Connection timeout to host https://discord.com/api/v9/unique-username/username-attempt-unauthed
2026-09-01 18:26:29	NETWORK	badm	attempt=1	proxy=http://wiw4v7duaymysz9-session-256bac021623-lifetime-10:***@rp.scrapegw.com:6060	ConnectionTimeoutError: Connection timeout to host https://discord.com/api/v9/unique-username/username-attempt-unauthed
2026-09-01 18:26:29	NETWORK	bapp	attempt=1	proxy=http://wiw4v7duaymysz9-session-061cd6b166dd-lifetime-10:***@rp.scrapegw.com:6060	ConnectionTimeoutError: Connection timeout to host https://discord.com/api/v9/unique-username/username-attempt-unauthed
2026-09-01 18:26:29	NETWORK	baks	attempt=1	proxy=http://wiw4v7duaymysz9-session-f7b36f7841fc-lifetime-10:***@rp.scrapegw.com:6060	ConnectionTimeoutError: Connection timeout to host https://discord.com/api/v9/unique-username/username-attempt-unauthed
2026-09-01 18:26:29	NETWORK	bbhu	attempt=1	proxy=http://wiw4v7duaymysz9-session-d01674f51af1-lifetime-10:***@rp.scrapegw.com:6060	ConnectionTimeoutError: Connection timeout to host https://discord.com/api/v9/unique-username/username-attempt-unauthed
2026-09-01 18:26:29	NETWORK	bbdy	attempt=1	proxy=http://wiw4v7duaymysz9-session-14d75357b9cd-lifetime-10:***@rp.scrapegw.com:6060	ConnectionTimeoutError: Connection timeout to host https://discord.com/api/v9/unique-username/username-attempt-unauthed
2026-09-01 18:26:29	NETWORK	bacc	attempt=1	proxy=http://wiw4v7duaymysz9-session-000274f706dd-lifetime-10:***@rp.scrapegw.com:6060	ConnectionTimeoutError: Connection timeout to host https://discord.com/api/v9/unique-username/username-attempt-unauthed
2026-09-01 18:26:29	NETWORK	azzy	attempt=1	proxy=http://wiw4v7duaymysz9-session-5cb1a601a31d-lifetime-10:***@rp.scrapegw.com:6060	ConnectionTimeoutError: Connection timeout to host https://discord.com/api/v9/unique-username/username-attempt-unauthed
2026-09-01 18:26:29	NETWORK	bajz	attempt=1	proxy=http://wiw4v7duaymysz9-session-b02d3123638c-lifetime-10:***@rp.scrapegw.com:6060	ConnectionTimeoutError: Connection timeout to host https://discord.com/api/v9/unique-username/username-attempt-unauthed
2026-09-01 18:26:29	NETWORK	bakk	attempt=1	proxy=http://wiw4v7duaymysz9-session-d0b8d052403f-lifetime-10:***@rp.scrapegw.com:6060	ConnectionTimeoutError: Connection timeout to host https://discord.com/api/v9/unique-username/username-attempt-unauthed
2026-09-01 18:26:29	NETWORK	baim	attempt=1	proxy=http://wiw4v7duaymysz9-session-caa96ecb5348-lifetime-10:***@rp.scrapegw.com:6060	ConnectionTimeoutError: Connection timeout to host https://discord.com/api/v9/unique-username/username-attempt-unauthed
2026-09-01 18:26:29	NETWORK	bbgp	attempt=1	proxy=http://wiw4v7duaymysz9-session-30ed151c857b-lifetime-10:***@rp.scrapegw.com:6060	ConnectionTimeoutError: Connection timeout to host https://discord.com/api/v9/unique-username/username-attempt-unauthed
2026-09-01 18:26:29	NETWORK	bbmn	attempt=1	proxy=http://wiw4v7duaymysz9-session-fff9c835922d-lifetime-10:***@rp.scrapegw.com:6060	ConnectionTimeoutError: Connection timeout to host https://discord.com/api/v9/unique-username/username-attempt-unauthed
2026-09-01 18:26:29	NETWORK	bbca	attempt=1	proxy=http://wiw4v7duaymysz9-session-fecab495e3f2-lifetime-10:***@rp.scrapegw.com:6060	ConnectionTimeoutError: Connection timeout to host https://discord.com/api/v9/unique-username/username-attempt-unauthed
2026-09-01 18:26:29	NETWORK	bbki	attempt=1	proxy=http://wiw4v7duaymysz9-session-e9a24dddb6d4-lifetime-10:***@rp.scrapegw.com:6060	ConnectionTimeoutError: Connection timeout to host https://discord.com/api/v9/unique-username/username-attempt-unauthed
2026-09-01 18:26:29	NETWORK	bahp	attempt=1	proxy=http://wiw4v7duaymysz9-session-24d3fa82efbc-lifetime-10:***@rp.scrapegw.com:6060	ConnectionTimeoutError: Connection timeout to host https://discord.com/api/v9/unique-username/username-attempt-unauthed
2026-09-01 18:26:29	NETWORK	baww	attempt=1	proxy=http://wiw4v7duaymysz9-session-0280838c9aad-lifetime-10:***@rp.scrapegw.com:6060	ConnectionTimeoutError: Connection timeout to host https://discord.com/api/v9/unique-username/username-attempt-unauthed
2026-09-01 18:26:29	NETWORK	bavk	attempt=1	proxy=http://wiw4v7duaymysz9-session-af50ebc067c5-lifetime-10:***@rp.scrapegw.com:6060	ConnectionTimeoutError: Connection timeout to host https://discord.com/api/v9/unique-username/username-attempt-unauthed
2026-09-01 18:26:29	NETWORK	bbeo	attempt=1	proxy=http://wiw4v7duaymysz9-session-573093f354ee-lifetime-10:***@rp.scrapegw.com:6060	ConnectionTimeoutError: Connection timeout to host https://discord.com/api/v9/unique-username/username-attempt-unauthed
2026-09-01 18:26:29	NETWORK	bbmr	attempt=1	proxy=http://wiw4v7duaymysz9-session-bda35cfb02c4-lifetime-10:***@rp.scrapegw.com:6060	ConnectionTimeoutError: Connection timeout to host https://discord.com/api/v9/unique-username/username-attempt-unauthed
2026-09-01 18:26:29	NETWORK	bagj	attempt=1	proxy=http://wiw4v7duaymysz9-session-a53f30f0ed20-lifetime-10:***@rp.scrapegw.com:6060	ConnectionTimeoutError: Connection timeout to host https://discord.com/api/v9/unique-username/username-attempt-unauthed
2026-09-01 18:26:29	NETWORK	bazm	attempt=1	proxy=http://wiw4v7duaymysz9-session-d923ae74ae31-lifetime-10:***@rp.scrapegw.com:6060	ConnectionTimeoutError: Connection timeout to host https://discord.com/api/v9/unique-username/username-attempt-unauthed
2026-09-01 18:26:29	NETWORK	bafn	attempt=1	proxy=http://wiw4v7duaymysz9-session-7d33d5caa94d-lifetime-10:***@rp.scrapegw.com:6060	ConnectionTimeoutError: Connection timeout to host https://discord.com/api/v9/unique-username/username-attempt-unauthed
2026-09-01 18:26:29	NETWORK	bape	attempt=1	proxy=http://wiw4v7duaymysz9-session-7ed942e61fc2-lifetime-10:***@rp.scrapegw.com:6060	ConnectionTimeoutError: Connection timeout to host https://discord.com/api/v9/unique-username/username-attempt-unauthed
2026-09-01 18:26:29	NETWORK	bauz	attempt=1	proxy=http://wiw4v7duaymysz9-session-c16104d2aeff-lifetime-10:***@rp.scrapegw.com:6060	ConnectionTimeoutError: Connection timeout to host https://discord.com/api/v9/unique-username/username-attempt-unauthed
2026-09-01 18:26:29	NETWORK	baqi	attempt=1	proxy=http://wiw4v7duaymysz9-session-a2659036b2e0-lifetime-10:***@rp.scrapegw.com:6060	ConnectionTimeoutError: Connection timeout to host https://discord.com/api/v9/unique-username/username-attempt-unauthed
2026-09-01 18:26:29	NETWORK	batu	attempt=1	proxy=http://wiw4v7duaymysz9-session-46741ca9438a-lifetime-10:***@rp.scrapegw.com:6060	ConnectionTimeoutError: Connection timeout to host https://discord.com/api/v9/unique-username/username-attempt-unauthed
2026-09-01 18:26:30	HTTP_429	bdld	attempt=1	proxy=http://wiw4v7duaymysz9-session-8e5abdf59407-lifetime-10:***@rp.scrapegw.com:6060	scope=shared global=False retry_after=841.00s
2026-09-01 18:26:30	NETWORK	bdqe	attempt=1	proxy=http://wiw4v7duaymysz9-session-50049edb5e98-lifetime-10:***@rp.scrapegw.com:6060	ConnectionTimeoutError: Connection timeout to host https://discord.com/api/v9/unique-username/username-attempt-unauthed
2026-09-01 18:26:30	NETWORK	bceo	attempt=1	proxy=http://wiw4v7duaymysz9-session-598ab534c1f1-lifetime-10:***@rp.scrapegw.com:6060	ConnectionTimeoutError: Connection timeout to host https://discord.com/api/v9/unique-username/username-attempt-unauthed
2026-09-01 18:26:30	NETWORK	bdcn	attempt=1	proxy=http://wiw4v7duaymysz9-session-03f5d2485931-lifetime-10:***@rp.scrapegw.com:6060	ConnectionTimeoutError: Connection timeout to host https://discord.com/api/v9/unique-username/username-attempt-unauthed
2026-09-01 18:26:30	NETWORK	bclv	attempt=1	proxy=http://wiw4v7duaymysz9-session-2e347e043c3d-lifetime-10:***@rp.scrapegw.com:6060	ConnectionTimeoutError: Connection timeout to host https://discord.com/api/v9/unique-username/username-attempt-unauthed
2026-09-01 18:26:30	NETWORK	bdot	attempt=1	proxy=http://wiw4v7duaymysz9-session-ed1f5b4026e6-lifetime-10:***@rp.scrapegw.com:6060	ConnectionTimeoutError: Connection timeout to host https://discord.com/api/v9/unique-username/username-attempt-unauthed
2026-09-01 18:26:30	NETWORK	bcnm	attempt=1	proxy=http://wiw4v7duaymysz9-session-fba60ee29b66-lifetime-10:***@rp.scrapegw.com:6060	ConnectionTimeoutError: Connection timeout to host https://discord.com/api/v9/unique-username/username-attempt-unauthed
2026-09-01 18:26:30	NETWORK	bdvt	attempt=1	proxy=http://wiw4v7duaymysz9-session-01a3f4183183-lifetime-10:***@rp.scrapegw.com:6060	ConnectionTimeoutError: Connection timeout to host https://discord.com/api/v9/unique-username/username-attempt-unauthed
2026-09-01 18:26:30	NETWORK	bdor	attempt=1	proxy=http://wiw4v7duaymysz9-session-da5c89715d62-lifetime-10:***@rp.scrapegw.com:6060	ConnectionTimeoutError: Connection timeout to host https://discord.com/api/v9/unique-username/username-attempt-unauthed
2026-09-01 18:26:30	NETWORK	bdtp	attempt=1	proxy=http://wiw4v7duaymysz9-session-79b1b935038a-lifetime-10:***@rp.scrapegw.com:6060	ConnectionTimeoutError: Connection timeout to host https://discord.com/api/v9/unique-username/username-attempt-unauthed
2026-09-01 18:26:30	NETWORK	beci	attempt=1	proxy=http://wiw4v7duaymysz9-session-a708900ee307-lifetime-10:***@rp.scrapegw.com:6060	ConnectionTimeoutError: Connection timeout to host https://discord.com/api/v9/unique-username/username-attempt-unauthed
2026-09-01 18:26:30	NETWORK	bdak	attempt=1	proxy=http://wiw4v7duaymysz9-session-55718afec092-lifetime-10:***@rp.scrapegw.com:6060	ConnectionTimeoutError: Connection timeout to host https://discord.com/api/v9/unique-username/username-attempt-unauthed
2026-09-01 18:26:30	NETWORK	bdax	attempt=1	proxy=http://wiw4v7duaymysz9-session-4e0d1650e797-lifetime-10:***@rp.scrapegw.com:6060	ConnectionTimeoutError: Connection timeout to host https://discord.com/api/v9/unique-username/username-attempt-unauthed
2026-09-01 18:26:30	NETWORK	bcwc	attempt=1	proxy=http://wiw4v7duaymysz9-session-4311401972e0-lifetime-10:***@rp.scrapegw.com:6060	ConnectionTimeoutError: Connection timeout to host https://discord.com/api/v9/unique-username/username-attempt-unauthed
2026-09-01 18:26:30	NETWORK	bckg	attempt=1	proxy=http://wiw4v7duaymysz9-session-61792a966483-lifetime-10:***@rp.scrapegw.com:6060	ConnectionTimeoutError: Connection timeout to host https://discord.com/api/v9/unique-username/username-attempt-unauthed
2026-09-01 18:26:30	NETWORK	bbpr	attempt=1	proxy=http://wiw4v7duaymysz9-session-852846ad0054-lifetime-10:***@rp.scrapegw.com:6060	ConnectionTimeoutError: Connection timeout to host https://discord.com/api/v9/unique-username/username-attempt-unauthed
2026-09-01 18:26:30	NETWORK	bbst	attempt=1	proxy=http://wiw4v7duaymysz9-session-3b2c0c5eb94d-lifetime-10:***@rp.scrapegw.com:6060	ConnectionTimeoutError: Connection timeout to host https://discord.com/api/v9/unique-username/username-attempt-unauthed
2026-09-01 18:26:30	NETWORK	bdus	attempt=1	proxy=http://wiw4v7duaymysz9-session-0976f5e07efb-lifetime-10:***@rp.scrapegw.com:6060	ConnectionTimeoutError: Connection timeout to host https://discord.com/api/v9/unique-username/username-attempt-unauthed
2026-09-01 18:26:30	NETWORK	bcvq	attempt=1	proxy=http://wiw4v7duaymysz9-session-ddd0d86cc063-lifetime-10:***@rp.scrapegw.com:6060	ConnectionTimeoutError: Connection timeout to host https://discord.com/api/v9/unique-username/username-attempt-unauthed
2026-09-01 18:26:30	NETWORK	bcbt	attempt=1	proxy=http://wiw4v7duaymysz9-session-fb040052e63d-lifetime-10:***@rp.scrapegw.com:6060	ConnectionTimeoutError: Connection timeout to host https://discord.com/api/v9/unique-username/username-attempt-unauthed
2026-09-01 18:26:30	NETWORK	bdkd	attempt=1	proxy=http://wiw4v7duaymysz9-session-68430ac828a8-lifetime-10:***@rp.scrapegw.com:6060	ConnectionTimeoutError: Connection timeout to host https://discord.com/api/v9/unique-username/username-attempt-unauthed
2026-09-01 18:26:30	NETWORK	bdhm	attempt=1	proxy=http://wiw4v7duaymysz9-session-f79af8dde666-lifetime-10:***@rp.scrapegw.com:6060	ConnectionTimeoutError: Connection timeout to host https://discord.com/api/v9/unique-username/username-attempt-unauthed
2026-09-01 18:26:30	NETWORK	bcvb	attempt=1	proxy=http://wiw4v7duaymysz9-session-493158384af7-lifetime-10:***@rp.scrapegw.com:6060	ConnectionTimeoutError: Connection timeout to host https://discord.com/api/v9/unique-username/username-attempt-unauthed
2026-09-01 18:26:30	NETWORK	bbxr	attempt=1	proxy=http://wiw4v7duaymysz9-session-8e2c8593aef8-lifetime-10:***@rp.scrapegw.com:6060	ConnectionTimeoutError: Connection timeout to host https://discord.com/api/v9/unique-username/username-attempt-unauthed
2026-09-01 18:26:30	NETWORK	bdab	attempt=1	proxy=http://wiw4v7duaymysz9-session-8c1ab48fddde-lifetime-10:***@rp.scrapegw.com:6060	ConnectionTimeoutError: Connection timeout to host https://discord.com/api/v9/unique-username/username-attempt-unauthed
2026-09-01 18:26:30	NETWORK	bdwa	attempt=1	proxy=http://wiw4v7duaymysz9-session-639844160dab-lifetime-10:***@rp.scrapegw.com:6060	ConnectionTimeoutError: Connection timeout to host https://discord.com/api/v9/unique-username/username-attempt-unauthed
2026-09-01 18:26:30	NETWORK	bcij	attempt=1	proxy=http://wiw4v7duaymysz9-session-005f1213f38a-lifetime-10:***@rp.scrapegw.com:6060	ConnectionTimeoutError: Connection timeout to host https://discord.com/api/v9/unique-username/username-attempt-unauthed
2026-09-01 18:26:30	NETWORK	bcla	attempt=1	proxy=http://wiw4v7duaymysz9-session-3c50dbaf4ac4-lifetime-10:***@rp.scrapegw.com:6060	ConnectionTimeoutError: Connection timeout to host https://discord.com/api/v9/unique-username/username-attempt-unauthed
2026-09-01 18:26:30	NETWORK	bcpi	attempt=1	proxy=http://wiw4v7duaymysz9-session-45c5f7b10664-lifetime-10:***@rp.scrapegw.com:6060	ConnectionTimeoutError: Connection timeout to host https://discord.com/api/v9/unique-username/username-attempt-unauthed
2026-09-01 18:26:30	NETWORK	bcwy	attempt=1	proxy=http://wiw4v7duaymysz9-session-166e428b1726-lifetime-10:***@rp.scrapegw.com:6060	ConnectionTimeoutError: Connection timeout to host https://discord.com/api/v9/unique-username/username-attempt-unauthed
2026-09-01 18:26:30	NETWORK	bcug	attempt=1	proxy=http://wiw4v7duaymysz9-session-f4db1fdf6dd2-lifetime-10:***@rp.scrapegw.com:6060	ConnectionTimeoutError: Connection timeout to host https://discord.com/api/v9/unique-username/username-attempt-unauthed
2026-09-01 18:26:30	NETWORK	bcuh	attempt=1	proxy=http://wiw4v7duaymysz9-session-ad82ba732252-lifetime-10:***@rp.scrapegw.com:6060	ConnectionTimeoutError: Connection timeout to host https://discord.com/api/v9/unique-username/username-attempt-unauthed
2026-09-01 18:26:30	NETWORK	bebv	attempt=1	proxy=http://wiw4v7duaymysz9-session-5e5c6f89abf0-lifetime-10:***@rp.scrapegw.com:6060	ConnectionTimeoutError: Connection timeout to host https://discord.com/api/v9/unique-username/username-attempt-unauthed
2026-09-01 18:26:30	NETWORK	bdhh	attempt=1	proxy=http://wiw4v7duaymysz9-session-6496ac15f14a-lifetime-10:***@rp.scrapegw.com:6060	ConnectionTimeoutError: Connection timeout to host https://discord.com/api/v9/unique-username/username-attempt-unauthed
2026-09-01 18:26:30	NETWORK	bcni	attempt=1	proxy=http://wiw4v7duaymysz9-session-45adecab897a-lifetime-10:***@rp.scrapegw.com:6060	ConnectionTimeoutError: Connection timeout to host https://discord.com/api/v9/unique-username/username-attempt-unauthed
2026-09-01 18:26:30	NETWORK	bdpt	attempt=1	proxy=http://wiw4v7duaymysz9-session-7777b7aba9d3-lifetime-10:***@rp.scrapegw.com:6060	ConnectionTimeoutError: Connection timeout to host https://discord.com/api/v9/unique-username/username-attempt-unauthed
2026-09-01 18:26:30	NETWORK	bbyd	attempt=1	proxy=http://wiw4v7duaymysz9-session-275e3a7b4b2b-lifetime-10:***@rp.scrapegw.com:6060	ConnectionTimeoutError: Connection timeout to host https://discord.com/api/v9/unique-username/username-attempt-unauthed
2026-09-01 18:26:30	NETWORK	bcap	attempt=1	proxy=http://wiw4v7duaymysz9-session-89d37a8a1d82-lifetime-10:***@rp.scrapegw.com:6060	ConnectionTimeoutError: Connection timeout to host https://discord.com/api/v9/unique-username/username-attempt-unauthed
2026-09-01 18:26:30	NETWORK	bcnc	attempt=1	proxy=http://wiw4v7duaymysz9-session-609eea4a5dae-lifetime-10:***@rp.scrapegw.com:6060	ConnectionTimeoutError: Connection timeout to host https://discord.com/api/v9/unique-username/username-attempt-unauthed
2026-09-01 18:26:30	NETWORK	bcnl	attempt=1	proxy=http://wiw4v7duaymysz9-session-eb6a99c05d94-lifetime-10:***@rp.scrapegw.com:6060	ConnectionTimeoutError: Connection timeout to host https://discord.com/api/v9/unique-username/username-attempt-unauthed
2026-09-01 18:26:30	NETWORK	bczr	attempt=1	proxy=http://wiw4v7duaymysz9-session-1dd8ced7eace-lifetime-10:***@rp.scrapegw.com:6060	ConnectionTimeoutError: Connection timeout to host https://discord.com/api/v9/unique-username/username-attempt-unauthed
2026-09-01 18:26:30	NETWORK	bvyv	attempt=1	proxy=http://wiw4v7duaymysz9-session-f41008229496-lifetime-10:***@rp.scrapegw.com:6060	ClientConnectorError: Cannot connect to host discord.com:443 ssl:default [Connection reset by peer]
2026-09-01 18:26:31	NETWORK	bqau	attempt=1	proxy=http://wiw4v7duaymysz9-session-50e9c0217d3b-lifetime-10:***@rp.scrapegw.com:6060	ClientConnectorError: Cannot connect to host discord.com:443 ssl:default [Connection reset by peer]
2026-09-01 18:26:31	HTTP_429	ceuw	attempt=1	proxy=http://wiw4v7duaymysz9-session-31beee9ef3a7-lifetime-10:***@rp.scrapegw.com:6060	scope=shared global=False retry_after=208.00s
2026-09-01 18:26:31	HTTP_429	bomf	attempt=1	proxy=http://wiw4v7duaymysz9-session-c03ce0e98a43-lifetime-10:***@rp.scrapegw.com:6060	scope=shared global=False retry_after=563.00s
2026-09-01 18:26:31	NETWORK	boaj	attempt=1	proxy=http://wiw4v7duaymysz9-session-00160d7663a1-lifetime-10:***@rp.scrapegw.com:6060	ClientConnectorError: Cannot connect to host discord.com:443 ssl:default [Connection reset by peer]
2026-09-01 18:26:31	HTTP_429	bboc	attempt=1	proxy=http://wiw4v7duaymysz9-session-9681e4e78bb5-lifetime-10:***@rp.scrapegw.com:6060	scope=shared global=False retry_after=238.00s
2026-09-01 18:26:31	NETWORK	bfjf	attempt=1	proxy=http://wiw4v7duaymysz9-session-91db73d80c16-lifetime-10:***@rp.scrapegw.com:6060	ConnectionTimeoutError: Connection timeout to host https://discord.com/api/v9/unique-username/username-attempt-unauthed
2026-09-01 18:26:31	NETWORK	beur	attempt=1	proxy=http://wiw4v7duaymysz9-session-54b7a1fb92ea-lifetime-10:***@rp.scrapegw.com:6060	ConnectionTimeoutError: Connection timeout to host https://discord.com/api/v9/unique-username/username-attempt-unauthed
2026-09-01 18:26:31	NETWORK	bevi	attempt=1	proxy=http://wiw4v7duaymysz9-session-feccfb2968e4-lifetime-10:***@rp.scrapegw.com:6060	ConnectionTimeoutError: Connection timeout to host https://discord.com/api/v9/unique-username/username-attempt-unauthed
2026-09-01 18:26:31	NETWORK	bfet	attempt=1	proxy=http://wiw4v7duaymysz9-session-36f6b418d45a-lifetime-10:***@rp.scrapegw.com:6060	ConnectionTimeoutError: Connection timeout to host https://discord.com/api/v9/unique-username/username-attempt-unauthed
2026-09-01 18:26:31	NETWORK	begp	attempt=1	proxy=http://wiw4v7duaymysz9-session-2c3aa5924bd7-lifetime-10:***@rp.scrapegw.com:6060	ConnectionTimeoutError: Connection timeout to host https://discord.com/api/v9/unique-username/username-attempt-unauthed
2026-09-01 18:26:31	NETWORK	bgif	attempt=1	proxy=http://wiw4v7duaymysz9-session-6797bb754f7b-lifetime-10:***@rp.scrapegw.com:6060	ConnectionTimeoutError: Connection timeout to host https://discord.com/api/v9/unique-username/username-attempt-unauthed
2026-09-01 18:26:31	NETWORK	bghl	attempt=1	proxy=http://wiw4v7duaymysz9-session-6453510b0264-lifetime-10:***@rp.scrapegw.com:6060	ConnectionTimeoutError: Connection timeout to host https://discord.com/api/v9/unique-username/username-attempt-unauthed
2026-09-01 18:26:31	NETWORK	beky	attempt=1	proxy=http://wiw4v7duaymysz9-session-f534b0702483-lifetime-10:***@rp.scrapegw.com:6060	ConnectionTimeoutError: Connection timeout to host https://discord.com/api/v9/unique-username/username-attempt-unauthed
2026-09-01 18:26:31	NETWORK	bewb	attempt=1	proxy=http://wiw4v7duaymysz9-session-8e380f2ec4c5-lifetime-10:***@rp.scrapegw.com:6060	ConnectionTimeoutError: Connection timeout to host https://discord.com/api/v9/unique-username/username-attempt-unauthed
2026-09-01 18:26:31	NETWORK	bgij	attempt=1	proxy=http://wiw4v7duaymysz9-session-b513288f95a3-lifetime-10:***@rp.scrapegw.com:6060	ConnectionTimeoutError: Connection timeout to host https://discord.com/api/v9/unique-username/username-attempt-unauthed
2026-09-01 18:26:31	NETWORK	beeq	attempt=1	proxy=http://wiw4v7duaymysz9-session-d9caba869dc9-lifetime-10:***@rp.scrapegw.com:6060	ConnectionTimeoutError: Connection timeout to host https://discord.com/api/v9/unique-username/username-attempt-unauthed
2026-09-01 18:26:31	NETWORK	bgdm	attempt=1	proxy=http://wiw4v7duaymysz9-session-ed2361dfedb7-lifetime-10:***@rp.scrapegw.com:6060	ConnectionTimeoutError: Connection timeout to host https://discord.com/api/v9/unique-username/username-attempt-unauthed
2026-09-01 18:26:31	NETWORK	bgcb	attempt=1	proxy=http://wiw4v7duaymysz9-session-f32631533140-lifetime-10:***@rp.scrapegw.com:6060	ConnectionTimeoutError: Connection timeout to host https://discord.com/api/v9/unique-username/username-attempt-unauthed
2026-09-01 18:26:31	NETWORK	bgbt	attempt=1	proxy=http://wiw4v7duaymysz9-session-f7a98c89fee3-lifetime-10:***@rp.scrapegw.com:6060	ConnectionTimeoutError: Connection timeout to host https://discord.com/api/v9/unique-username/username-attempt-unauthed
2026-09-01 18:26:31	NETWORK	bgbj	attempt=1	proxy=http://wiw4v7duaymysz9-session-afce21736372-lifetime-10:***@rp.scrapegw.com:6060	ConnectionTimeoutError: Connection timeout to host https://discord.com/api/v9/unique-username/username-attempt-unauthed
2026-09-01 18:26:31	NETWORK	bevd	attempt=1	proxy=http://wiw4v7duaymysz9-session-1cfbe8f32bd5-lifetime-10:***@rp.scrapegw.com:6060	ConnectionTimeoutError: Connection timeout to host https://discord.com/api/v9/unique-username/username-attempt-unauthed
2026-09-01 18:26:31	NETWORK	bfss	attempt=1	proxy=http://wiw4v7duaymysz9-session-a189d4ae9ada-lifetime-10:***@rp.scrapegw.com:6060	ConnectionTimeoutError: Connection timeout to host https://discord.com/api/v9/unique-username/username-attempt-unauthed
2026-09-01 18:26:31	NETWORK	bgak	attempt=1	proxy=http://wiw4v7duaymysz9-session-9f322b8033e6-lifetime-10:***@rp.scrapegw.com:6060	ConnectionTimeoutError: Connection timeout to host https://discord.com/api/v9/unique-username/username-attempt-unauthed
2026-09-01 18:26:31	NETWORK	bffo	attempt=1	proxy=http://wiw4v7duaymysz9-session-83e6f669938f-lifetime-10:***@rp.scrapegw.com:6060	ConnectionTimeoutError: Connection timeout to host https://discord.com/api/v9/unique-username/username-attempt-unauthed
2026-09-01 18:26:31	NETWORK	bffz	attempt=1	proxy=http://wiw4v7duaymysz9-session-fdf86a8ef0b4-lifetime-10:***@rp.scrapegw.com:6060	ConnectionTimeoutError: Connection timeout to host https://discord.com/api/v9/unique-username/username-attempt-unauthed
2026-09-01 18:26:31	NETWORK	bfgv	attempt=1	proxy=http://wiw4v7duaymysz9-session-0bbaeb08f9ed-lifetime-10:***@rp.scrapegw.com:6060	ConnectionTimeoutError: Connection timeout to host https://discord.com/api/v9/unique-username/username-attempt-unauthed
2026-09-01 18:26:31	NETWORK	bfpg	attempt=1	proxy=http://wiw4v7duaymysz9-session-c1aa4946a21b-lifetime-10:***@rp.scrapegw.com:6060	ConnectionTimeoutError: Connection timeout to host https://discord.com/api/v9/unique-username/username-attempt-unauthed
2026-09-01 18:26:31	NETWORK	bevh	attempt=1	proxy=http://wiw4v7duaymysz9-session-43d74ca2fc53-lifetime-10:***@rp.scrapegw.com:6060	ConnectionTimeoutError: Connection timeout to host https://discord.com/api/v9/unique-username/username-attempt-unauthed
2026-09-01 18:26:31	NETWORK	bffr	attempt=1	proxy=http://wiw4v7duaymysz9-session-c924d558e821-lifetime-10:***@rp.scrapegw.com:6060	ConnectionTimeoutError: Connection timeout to host https://discord.com/api/v9/unique-username/username-attempt-unauthed
2026-09-01 18:26:31	NETWORK	bffa	attempt=1	proxy=http://wiw4v7duaymysz9-session-e45bb3295f5a-lifetime-10:***@rp.scrapegw.com:6060	ConnectionTimeoutError: Connection timeout to host https://discord.com/api/v9/unique-username/username-attempt-unauthed
2026-09-01 18:26:31	NETWORK	bfvk	attempt=1	proxy=http://wiw4v7duaymysz9-session-ac91b7063d00-lifetime-10:***@rp.scrapegw.com:6060	ConnectionTimeoutError: Connection timeout to host https://discord.com/api/v9/unique-username/username-attempt-unauthed
2026-09-01 18:26:31	NETWORK	bety	attempt=1	proxy=http://wiw4v7duaymysz9-session-9c449ee9e746-lifetime-10:***@rp.scrapegw.com:6060	ConnectionTimeoutError: Connection timeout to host https://discord.com/api/v9/unique-username/username-attempt-unauthed
2026-09-01 18:26:31	NETWORK	beol	attempt=1	proxy=http://wiw4v7duaymysz9-session-7d49be07f14a-lifetime-10:***@rp.scrapegw.com:6060	ConnectionTimeoutError: Connection timeout to host https://discord.com/api/v9/unique-username/username-attempt-unauthed
2026-09-01 18:26:31	NETWORK	bgfg	attempt=1	proxy=http://wiw4v7duaymysz9-session-6ccd16d11ffc-lifetime-10:***@rp.scrapegw.com:6060	ConnectionTimeoutError: Connection timeout to host https://discord.com/api/v9/unique-username/username-attempt-unauthed
2026-09-01 18:26:31	NETWORK	bgig	attempt=1	proxy=http://wiw4v7duaymysz9-session-ba5a1a21fc6b-lifetime-10:***@rp.scrapegw.com:6060	ConnectionTimeoutError: Connection timeout to host https://discord.com/api/v9/unique-username/username-attempt-unauthed
2026-09-01 18:26:31	NETWORK	benx	attempt=1	proxy=http://wiw4v7duaymysz9-session-65ca6b0973d2-lifetime-10:***@rp.scrapegw.com:6060	ConnectionTimeoutError: Connection timeout to host https://discord.com/api/v9/unique-username/username-attempt-unauthed
2026-09-01 18:26:31	NETWORK	bfcq	attempt=1	proxy=http://wiw4v7duaymysz9-session-51f862d3544d-lifetime-10:***@rp.scrapegw.com:6060	ConnectionTimeoutError: Connection timeout to host https://discord.com/api/v9/unique-username/username-attempt-unauthed
2026-09-01 18:26:31	NETWORK	bfrm	attempt=1	proxy=http://wiw4v7duaymysz9-session-36827979dea9-lifetime-10:***@rp.scrapegw.com:6060	ConnectionTimeoutError: Connection timeout to host https://discord.com/api/v9/unique-username/username-attempt-unauthed
2026-09-01 18:26:31	NETWORK	bfri	attempt=1	proxy=http://wiw4v7duaymysz9-session-9566726c33a9-lifetime-10:***@rp.scrapegw.com:6060	ConnectionTimeoutError: Connection timeout to host https://discord.com/api/v9/unique-username/username-attempt-unauthed
2026-09-01 18:26:31	NETWORK	bfrj	attempt=1	proxy=http://wiw4v7duaymysz9-session-8a3be8dad9a5-lifetime-10:***@rp.scrapegw.com:6060	ConnectionTimeoutError: Connection timeout to host https://discord.com/api/v9/unique-username/username-attempt-unauthed
2026-09-01 18:26:32	HTTP_429	choj	attempt=1	proxy=http://wiw4v7duaymysz9-session-aa4e08e34e2f-lifetime-10:***@rp.scrapegw.com:6060	scope=shared global=False retry_after=1841.00s
2026-09-01 18:26:32	NETWORK	bipf	attempt=1	proxy=http://wiw4v7duaymysz9-session-bc50d64fea58-lifetime-10:***@rp.scrapegw.com:6060	ClientConnectorError: Cannot connect to host discord.com:443 ssl:default [Connection reset by peer]
2026-09-01 18:26:32	NETWORK	bwux	attempt=1	proxy=http://wiw4v7duaymysz9-session-d00db56741cc-lifetime-10:***@rp.scrapegw.com:6060	ClientConnectorError: Cannot connect to host discord.com:443 ssl:default [Connection reset by peer]
2026-09-01 18:26:32	NETWORK	bhqu	attempt=1	proxy=http://wiw4v7duaymysz9-session-6885f7cccaf0-lifetime-10:***@rp.scrapegw.com:6060	ConnectionTimeoutError: Connection timeout to host https://discord.com/api/v9/unique-username/username-attempt-unauthed
2026-09-01 18:26:32	NETWORK	bhpv	attempt=1	proxy=http://wiw4v7duaymysz9-session-33e354b1b342-lifetime-10:***@rp.scrapegw.com:6060	ConnectionTimeoutError: Connection timeout to host https://discord.com/api/v9/unique-username/username-attempt-unauthed
2026-09-01 18:26:32	NETWORK	bhnm	attempt=1	proxy=http://wiw4v7duaymysz9-session-1ba935a838fe-lifetime-10:***@rp.scrapegw.com:6060	ConnectionTimeoutError: Connection timeout to host https://discord.com/api/v9/unique-username/username-attempt-unauthed
2026-09-01 18:26:32	NETWORK	brcu	attempt=1	proxy=http://wiw4v7duaymysz9-session-05dd20215cff-lifetime-10:***@rp.scrapegw.com:6060	ConnectionTimeoutError: Connection timeout to host https://discord.com/api/v9/unique-username/username-attempt-unauthed
2026-09-01 18:26:32	NETWORK	bhmq	attempt=1	proxy=http://wiw4v7duaymysz9-session-f50cf0f7dd5f-lifetime-10:***@rp.scrapegw.com:6060	ConnectionTimeoutError: Connection timeout to host https://discord.com/api/v9/unique-username/username-attempt-unauthed
2026-09-01 18:26:32	NETWORK	bhlj	attempt=1	proxy=http://wiw4v7duaymysz9-session-c8331b26fe2c-lifetime-10:***@rp.scrapegw.com:6060	ConnectionTimeoutError: Connection timeout to host https://discord.com/api/v9/unique-username/username-attempt-unauthed
2026-09-01 18:26:32	NETWORK	bhxo	attempt=1	proxy=http://wiw4v7duaymysz9-session-b9a9490b60dd-lifetime-10:***@rp.scrapegw.com:6060	ConnectionTimeoutError: Connection timeout to host https://discord.com/api/v9/unique-username/username-attempt-unauthed
2026-09-01 18:26:32	NETWORK	bhij	attempt=1	proxy=http://wiw4v7duaymysz9-session-b4e40607af4d-lifetime-10:***@rp.scrapegw.com:6060	ConnectionTimeoutError: Connection timeout to host https://discord.com/api/v9/unique-username/username-attempt-unauthed
2026-09-01 18:26:32	NETWORK	bhih	attempt=1	proxy=http://wiw4v7duaymysz9-session-e4ed44e004c6-lifetime-10:***@rp.scrapegw.com:6060	ConnectionTimeoutError: Connection timeout to host https://discord.com/api/v9/unique-username/username-attempt-unauthed
2026-09-01 18:26:32	NETWORK	bhkm	attempt=1	proxy=http://wiw4v7duaymysz9-session-25d98bc2f02b-lifetime-10:***@rp.scrapegw.com:6060	ConnectionTimeoutError: Connection timeout to host https://discord.com/api/v9/unique-username/username-attempt-unauthed
2026-09-01 18:26:32	NETWORK	bhgq	attempt=1	proxy=http://wiw4v7duaymysz9-session-ac8266fefd8d-lifetime-10:***@rp.scrapegw.com:6060	ConnectionTimeoutError: Connection timeout to host https://discord.com/api/v9/unique-username/username-attempt-unauthed
2026-09-01 18:26:32	NETWORK	bqrk	attempt=1	proxy=http://wiw4v7duaymysz9-session-410323771e50-lifetime-10:***@rp.scrapegw.com:6060	ConnectionTimeoutError: Connection timeout to host https://discord.com/api/v9/unique-username/username-attempt-unauthed
2026-09-01 18:26:32	NETWORK	bher	attempt=1	proxy=http://wiw4v7duaymysz9-session-428d5ed2c660-lifetime-10:***@rp.scrapegw.com:6060	ConnectionTimeoutError: Connection timeout to host https://discord.com/api/v9/unique-username/username-attempt-unauthed
2026-09-01 18:26:32	NETWORK	bheb	attempt=1	proxy=http://wiw4v7duaymysz9-session-3ba473f3834b-lifetime-10:***@rp.scrapegw.com:6060	ConnectionTimeoutError: Connection timeout to host https://discord.com/api/v9/unique-username/username-attempt-unauthed
2026-09-01 18:26:32	NETWORK	bhcz	attempt=1	proxy=http://wiw4v7duaymysz9-session-f33349c056d3-lifetime-10:***@rp.scrapegw.com:6060	ConnectionTimeoutError: Connection timeout to host https://discord.com/api/v9/unique-username/username-attempt-unauthed
2026-09-01 18:26:32	NETWORK	bhcj	attempt=1	proxy=http://wiw4v7duaymysz9-session-d5fe8205d7e8-lifetime-10:***@rp.scrapegw.com:6060	ConnectionTimeoutError: Connection timeout to host https://discord.com/api/v9/unique-username/username-attempt-unauthed
2026-09-01 18:26:32	NETWORK	bhah	attempt=1	proxy=http://wiw4v7duaymysz9-session-af168d1efee1-lifetime-10:***@rp.scrapegw.com:6060	ConnectionTimeoutError: Connection timeout to host https://discord.com/api/v9/unique-username/username-attempt-unauthed
2026-09-01 18:26:32	NETWORK	bgzv	attempt=1	proxy=http://wiw4v7duaymysz9-session-dae5a4d4c8f9-lifetime-10:***@rp.scrapegw.com:6060	ConnectionTimeoutError: Connection timeout to host https://discord.com/api/v9/unique-username/username-attempt-unauthed
2026-09-01 18:26:32	NETWORK	bgud	attempt=1	proxy=http://wiw4v7duaymysz9-session-693baae2856d-lifetime-10:***@rp.scrapegw.com:6060	ConnectionTimeoutError: Connection timeout to host https://discord.com/api/v9/unique-username/username-attempt-unauthed
2026-09-01 18:26:32	NETWORK	bgtx	attempt=1	proxy=http://wiw4v7duaymysz9-session-d1a5f42c2360-lifetime-10:***@rp.scrapegw.com:6060	ConnectionTimeoutError: Connection timeout to host https://discord.com/api/v9/unique-username/username-attempt-unauthed
2026-09-01 18:26:32	NETWORK	bgpc	attempt=1	proxy=http://wiw4v7duaymysz9-session-670ec0fb4906-lifetime-10:***@rp.scrapegw.com:6060	ConnectionTimeoutError: Connection timeout to host https://discord.com/api/v9/unique-username/username-attempt-unauthed
2026-09-01 18:26:32	NETWORK	bgnz	attempt=1	proxy=http://wiw4v7duaymysz9-session-c32b1e6ce2ef-lifetime-10:***@rp.scrapegw.com:6060	ConnectionTimeoutError: Connection timeout to host https://discord.com/api/v9/unique-username/username-attempt-unauthed
2026-09-01 18:26:32	NETWORK	bgnn	attempt=1	proxy=http://wiw4v7duaymysz9-session-a5e5e6868ca0-lifetime-10:***@rp.scrapegw.com:6060	ConnectionTimeoutError: Connection timeout to host https://discord.com/api/v9/unique-username/username-attempt-unauthed
2026-09-01 18:26:32	NETWORK	bgle	attempt=1	proxy=http://wiw4v7duaymysz9-session-3a6b46a4fe9b-lifetime-10:***@rp.scrapegw.com:6060	ConnectionTimeoutError: Connection timeout to host https://discord.com/api/v9/unique-username/username-attempt-unauthed
2026-09-01 18:26:32	NETWORK	bgld	attempt=1	proxy=http://wiw4v7duaymysz9-session-73825da3dbdf-lifetime-10:***@rp.scrapegw.com:6060	ConnectionTimeoutError: Connection timeout to host https://discord.com/api/v9/unique-username/username-attempt-unauthed
2026-09-01 18:26:32	NETWORK	bgkw	attempt=1	proxy=http://wiw4v7duaymysz9-session-8095bbf7e202-lifetime-10:***@rp.scrapegw.com:6060	ConnectionTimeoutError: Connection timeout to host https://discord.com/api/v9/unique-username/username-attempt-unauthed
2026-09-01 18:26:32	NETWORK	bgwy	attempt=1	proxy=http://wiw4v7duaymysz9-session-b5cd56fcf22f-lifetime-10:***@rp.scrapegw.com:6060	ConnectionTimeoutError: Connection timeout to host https://discord.com/api/v9/unique-username/username-attempt-unauthed
2026-09-01 18:26:32	NETWORK	bgix	attempt=1	proxy=http://wiw4v7duaymysz9-session-19721a598d56-lifetime-10:***@rp.scrapegw.com:6060	ConnectionTimeoutError: Connection timeout to host https://discord.com/api/v9/unique-username/username-attempt-unauthed
2026-09-01 18:26:32	NETWORK	bslg	attempt=1	proxy=http://wiw4v7duaymysz9-session-cd9c17f99345-lifetime-10:***@rp.scrapegw.com:6060	ConnectionTimeoutError: Connection timeout to host https://discord.com/api/v9/unique-username/username-attempt-unauthed
2026-09-01 18:26:32	NETWORK	brqj	attempt=1	proxy=http://wiw4v7duaymysz9-session-c884404112d5-lifetime-10:***@rp.scrapegw.com:6060	ConnectionTimeoutError: Connection timeout to host https://discord.com/api/v9/unique-username/username-attempt-unauthed
2026-09-01 18:26:32	NETWORK	brse	attempt=1	proxy=http://wiw4v7duaymysz9-session-f5f0fffed67d-lifetime-10:***@rp.scrapegw.com:6060	ConnectionTimeoutError: Connection timeout to host https://discord.com/api/v9/unique-username/username-attempt-unauthed
2026-09-01 18:26:32	NETWORK	bsve	attempt=1	proxy=http://wiw4v7duaymysz9-session-1cfb3b91dab3-lifetime-10:***@rp.scrapegw.com:6060	ConnectionTimeoutError: Connection timeout to host https://discord.com/api/v9/unique-username/username-attempt-unauthed
2026-09-01 18:26:32	NETWORK	bsal	attempt=1	proxy=http://wiw4v7duaymysz9-session-0713fe3a83f1-lifetime-10:***@rp.scrapegw.com:6060	ConnectionTimeoutError: Connection timeout to host https://discord.com/api/v9/unique-username/username-attempt-unauthed
2026-09-01 18:26:32	NETWORK	brxd	attempt=1	proxy=http://wiw4v7duaymysz9-session-5091f8cd785f-lifetime-10:***@rp.scrapegw.com:6060	ConnectionTimeoutError: Connection timeout to host https://discord.com/api/v9/unique-username/username-attempt-unauthed
2026-09-01 18:26:32	NETWORK	bizj	attempt=1	proxy=http://wiw4v7duaymysz9-session-350e7090b4d7-lifetime-10:***@rp.scrapegw.com:6060	ConnectionTimeoutError: Connection timeout to host https://discord.com/api/v9/unique-username/username-attempt-unauthed
2026-09-01 18:26:32	NETWORK	brqk	attempt=1	proxy=http://wiw4v7duaymysz9-session-dd93349efc4d-lifetime-10:***@rp.scrapegw.com:6060	ConnectionTimeoutError: Connection timeout to host https://discord.com/api/v9/unique-username/username-attempt-unauthed
2026-09-01 18:26:32	NETWORK	bsvh	attempt=1	proxy=http://wiw4v7duaymysz9-session-744de356d14b-lifetime-10:***@rp.scrapegw.com:6060	ConnectionTimeoutError: Connection timeout to host https://discord.com/api/v9/unique-username/username-attempt-unauthed
2026-09-01 18:26:32	NETWORK	brhj	attempt=1	proxy=http://wiw4v7duaymysz9-session-5ecfb5578aba-lifetime-10:***@rp.scrapegw.com:6060	ConnectionTimeoutError: Connection timeout to host https://discord.com/api/v9/unique-username/username-attempt-unauthed
2026-09-01 18:26:32	NETWORK	bsfw	attempt=1	proxy=http://wiw4v7duaymysz9-session-d53c89561d83-lifetime-10:***@rp.scrapegw.com:6060	ConnectionTimeoutError: Connection timeout to host https://discord.com/api/v9/unique-username/username-attempt-unauthed
2026-09-01 18:26:32	NETWORK	bqzl	attempt=1	proxy=http://wiw4v7duaymysz9-session-3874e9dbaf40-lifetime-10:***@rp.scrapegw.com:6060	ConnectionTimeoutError: Connection timeout to host https://discord.com/api/v9/unique-username/username-attempt-unauthed
2026-09-01 18:26:32	NETWORK	bsil	attempt=1	proxy=http://wiw4v7duaymysz9-session-274dbef11c92-lifetime-10:***@rp.scrapegw.com:6060	ConnectionTimeoutError: Connection timeout to host https://discord.com/api/v9/unique-username/username-attempt-unauthed
2026-09-01 18:26:32	NETWORK	bshl	attempt=1	proxy=http://wiw4v7duaymysz9-session-f4279fb2a408-lifetime-10:***@rp.scrapegw.com:6060	ConnectionTimeoutError: Connection timeout to host https://discord.com/api/v9/unique-username/username-attempt-unauthed
2026-09-01 18:26:32	NETWORK	bsfv	attempt=1	proxy=http://wiw4v7duaymysz9-session-ea445661b0fa-lifetime-10:***@rp.scrapegw.com:6060	ConnectionTimeoutError: Connection timeout to host https://discord.com/api/v9/unique-username/username-attempt-unauthed
2026-09-01 18:26:32	NETWORK	bqyf	attempt=1	proxy=http://wiw4v7duaymysz9-session-f9d8eac5adb5-lifetime-10:***@rp.scrapegw.com:6060	ConnectionTimeoutError: Connection timeout to host https://discord.com/api/v9/unique-username/username-attempt-unauthed
2026-09-01 18:26:32	NETWORK	bqxr	attempt=1	proxy=http://wiw4v7duaymysz9-session-acd36181411b-lifetime-10:***@rp.scrapegw.com:6060	ConnectionTimeoutError: Connection timeout to host https://discord.com/api/v9/unique-username/username-attempt-unauthed
2026-09-01 18:26:32	NETWORK	bqxd	attempt=1	proxy=http://wiw4v7duaymysz9-session-eae3b6050cb6-lifetime-10:***@rp.scrapegw.com:6060	ConnectionTimeoutError: Connection timeout to host https://discord.com/api/v9/unique-username/username-attempt-unauthed
2026-09-01 18:26:32	NETWORK	bqvg	attempt=1	proxy=http://wiw4v7duaymysz9-session-d35bdeb27427-lifetime-10:***@rp.scrapegw.com:6060	ConnectionTimeoutError: Connection timeout to host https://discord.com/api/v9/unique-username/username-attempt-unauthed
2026-09-01 18:26:32	NETWORK	bsrd	attempt=1	proxy=http://wiw4v7duaymysz9-session-8e8e330ae9f2-lifetime-10:***@rp.scrapegw.com:6060	ConnectionTimeoutError: Connection timeout to host https://discord.com/api/v9/unique-username/username-attempt-unauthed
2026-09-01 18:26:32	NETWORK	bqut	attempt=1	proxy=http://wiw4v7duaymysz9-session-c53a1272d527-lifetime-10:***@rp.scrapegw.com:6060	ConnectionTimeoutError: Connection timeout to host https://discord.com/api/v9/unique-username/username-attempt-unauthed
2026-09-01 18:26:32	NETWORK	bsnp	attempt=1	proxy=http://wiw4v7duaymysz9-session-bf96e3bba9f2-lifetime-10:***@rp.scrapegw.com:6060	ConnectionTimeoutError: Connection timeout to host https://discord.com/api/v9/unique-username/username-attempt-unauthed
2026-09-01 18:26:32	NETWORK	bqto	attempt=1	proxy=http://wiw4v7duaymysz9-session-5f933169f4b6-lifetime-10:***@rp.scrapegw.com:6060	ConnectionTimeoutError: Connection timeout to host https://discord.com/api/v9/unique-username/username-attempt-unauthed
2026-09-01 18:26:32	NETWORK	bqsd	attempt=1	proxy=http://wiw4v7duaymysz9-session-9f45b57baafb-lifetime-10:***@rp.scrapegw.com:6060	ConnectionTimeoutError: Connection timeout to host https://discord.com/api/v9/unique-username/username-attempt-unauthed
2026-09-01 18:26:32	NETWORK	brgm	attempt=1	proxy=http://wiw4v7duaymysz9-session-24bd6ec8b658-lifetime-10:***@rp.scrapegw.com:6060	ConnectionTimeoutError: Connection timeout to host https://discord.com/api/v9/unique-username/username-attempt-unauthed
2026-09-01 18:26:32	NETWORK	brik	attempt=1	proxy=http://wiw4v7duaymysz9-session-d31a172d5c62-lifetime-10:***@rp.scrapegw.com:6060	ConnectionTimeoutError: Connection timeout to host https://discord.com/api/v9/unique-username/username-attempt-unauthed
2026-09-01 18:26:32	NETWORK	bqqh	attempt=1	proxy=http://wiw4v7duaymysz9-session-63e47f6f55e2-lifetime-10:***@rp.scrapegw.com:6060	ConnectionTimeoutError: Connection timeout to host https://discord.com/api/v9/unique-username/username-attempt-unauthed
2026-09-01 18:26:32	NETWORK	bqor	attempt=1	proxy=http://wiw4v7duaymysz9-session-b66cf581ad08-lifetime-10:***@rp.scrapegw.com:6060	ConnectionTimeoutError: Connection timeout to host https://discord.com/api/v9/unique-username/username-attempt-unauthed
2026-09-01 18:26:32	NETWORK	brmx	attempt=1	proxy=http://wiw4v7duaymysz9-session-dff2032b8016-lifetime-10:***@rp.scrapegw.com:6060	ConnectionTimeoutError: Connection timeout to host https://discord.com/api/v9/unique-username/username-attempt-unauthed
2026-09-01 18:26:32	NETWORK	bicu	attempt=1	proxy=http://wiw4v7duaymysz9-session-e2782b4f941f-lifetime-10:***@rp.scrapegw.com:6060	ConnectionTimeoutError: Connection timeout to host https://discord.com/api/v9/unique-username/username-attempt-unauthed
2026-09-01 18:26:32	NETWORK	bqmz	attempt=1	proxy=http://wiw4v7duaymysz9-session-95b27ae463a8-lifetime-10:***@rp.scrapegw.com:6060	ConnectionTimeoutError: Connection timeout to host https://discord.com/api/v9/unique-username/username-attempt-unauthed
2026-09-01 18:26:32	NETWORK	bivr	attempt=1	proxy=http://wiw4v7duaymysz9-session-53fb5bc47d63-lifetime-10:***@rp.scrapegw.com:6060	ConnectionTimeoutError: Connection timeout to host https://discord.com/api/v9/unique-username/username-attempt-unauthed
2026-09-01 18:26:32	NETWORK	brcz	attempt=1	proxy=http://wiw4v7duaymysz9-session-44adc35833df-lifetime-10:***@rp.scrapegw.com:6060	ConnectionTimeoutError: Connection timeout to host https://discord.com/api/v9/unique-username/username-attempt-unauthed
2026-09-01 18:26:32	NETWORK	bqkb	attempt=1	proxy=http://wiw4v7duaymysz9-session-74b142cb1c3f-lifetime-10:***@rp.scrapegw.com:6060	ConnectionTimeoutError: Connection timeout to host https://discord.com/api/v9/unique-username/username-attempt-unauthed
2026-09-01 18:26:32	NETWORK	bqig	attempt=1	proxy=http://wiw4v7duaymysz9-session-e9ff40e8640d-lifetime-10:***@rp.scrapegw.com:6060	ConnectionTimeoutError: Connection timeout to host https://discord.com/api/v9/unique-username/username-attempt-unauthed
2026-09-01 18:26:32	NETWORK	brbh	attempt=1	proxy=http://wiw4v7duaymysz9-session-c656abf64b91-lifetime-10:***@rp.scrapegw.com:6060	ConnectionTimeoutError: Connection timeout to host https://discord.com/api/v9/unique-username/username-attempt-unauthed
2026-09-01 18:26:32	NETWORK	bqgg	attempt=1	proxy=http://wiw4v7duaymysz9-session-a033b57a1404-lifetime-10:***@rp.scrapegw.com:6060	ConnectionTimeoutError: Connection timeout to host https://discord.com/api/v9/unique-username/username-attempt-unauthed
2026-09-01 18:26:32	NETWORK	bqfz	attempt=1	proxy=http://wiw4v7duaymysz9-session-60a26a393148-lifetime-10:***@rp.scrapegw.com:6060	ConnectionTimeoutError: Connection timeout to host https://discord.com/api/v9/unique-username/username-attempt-unauthed
2026-09-01 18:26:32	NETWORK	bqez	attempt=1	proxy=http://wiw4v7duaymysz9-session-82b46896cb4a-lifetime-10:***@rp.scrapegw.com:6060	ConnectionTimeoutError: Connection timeout to host https://discord.com/api/v9/unique-username/username-attempt-unauthed
2026-09-01 18:26:32	NETWORK	bqag	attempt=1	proxy=http://wiw4v7duaymysz9-session-a15245ddab97-lifetime-10:***@rp.scrapegw.com:6060	ConnectionTimeoutError: Connection timeout to host https://discord.com/api/v9/unique-username/username-attempt-unauthed
2026-09-01 18:26:32	NETWORK	bpzt	attempt=1	proxy=http://wiw4v7duaymysz9-session-0a595ecd094a-lifetime-10:***@rp.scrapegw.com:6060	ConnectionTimeoutError: Connection timeout to host https://discord.com/api/v9/unique-username/username-attempt-unauthed
2026-09-01 18:26:32	NETWORK	bpza	attempt=1	proxy=http://wiw4v7duaymysz9-session-74e97f78eccc-lifetime-10:***@rp.scrapegw.com:6060	ConnectionTimeoutError: Connection timeout to host https://discord.com/api/v9/unique-username/username-attempt-unauthed
2026-09-01 18:26:32	NETWORK	bpxt	attempt=1	proxy=http://wiw4v7duaymysz9-session-d807fcaa5b0f-lifetime-10:***@rp.scrapegw.com:6060	ConnectionTimeoutError: Connection timeout to host https://discord.com/api/v9/unique-username/username-attempt-unauthed
2026-09-01 18:26:32	NETWORK	bpxq	attempt=1	proxy=http://wiw4v7duaymysz9-session-af846f2f7e82-lifetime-10:***@rp.scrapegw.com:6060	ConnectionTimeoutError: Connection timeout to host https://discord.com/api/v9/unique-username/username-attempt-unauthed
2026-09-01 18:26:32	NETWORK	bpvd	attempt=1	proxy=http://wiw4v7duaymysz9-session-519ce49d6a24-lifetime-10:***@rp.scrapegw.com:6060	ConnectionTimeoutError: Connection timeout to host https://discord.com/api/v9/unique-username/username-attempt-unauthed
2026-09-01 18:26:32	NETWORK	bpti	attempt=1	proxy=http://wiw4v7duaymysz9-session-35071288d92c-lifetime-10:***@rp.scrapegw.com:6060	ConnectionTimeoutError: Connection timeout to host https://discord.com/api/v9/unique-username/username-attempt-unauthed
2026-09-01 18:26:32	NETWORK	bprw	attempt=1	proxy=http://wiw4v7duaymysz9-session-eafba66333c1-lifetime-10:***@rp.scrapegw.com:6060	ConnectionTimeoutError: Connection timeout to host https://discord.com/api/v9/unique-username/username-attempt-unauthed
2026-09-01 18:26:32	NETWORK	bprl	attempt=1	proxy=http://wiw4v7duaymysz9-session-db543bd8a141-lifetime-10:***@rp.scrapegw.com:6060	ConnectionTimeoutError: Connection timeout to host https://discord.com/api/v9/unique-username/username-attempt-unauthed
2026-09-01 18:26:32	NETWORK	bpnr	attempt=1	proxy=http://wiw4v7duaymysz9-session-059db37cbfb5-lifetime-10:***@rp.scrapegw.com:6060	ConnectionTimeoutError: Connection timeout to host https://discord.com/api/v9/unique-username/username-attempt-unauthed
2026-09-01 18:26:32	NETWORK	bphf	attempt=1	proxy=http://wiw4v7duaymysz9-session-b16eadc738a2-lifetime-10:***@rp.scrapegw.com:6060	ConnectionTimeoutError: Connection timeout to host https://discord.com/api/v9/unique-username/username-attempt-unauthed
2026-09-01 18:26:32	NETWORK	bpgp	attempt=1	proxy=http://wiw4v7duaymysz9-session-29042ac6015a-lifetime-10:***@rp.scrapegw.com:6060	ConnectionTimeoutError: Connection timeout to host https://discord.com/api/v9/unique-username/username-attempt-unauthed
2026-09-01 18:26:32	NETWORK	bowi	attempt=1	proxy=http://wiw4v7duaymysz9-session-2f24c3f935f6-lifetime-10:***@rp.scrapegw.com:6060	ConnectionTimeoutError: Connection timeout to host https://discord.com/api/v9/unique-username/username-attempt-unauthed
2026-09-01 18:26:32	NETWORK	bovb	attempt=1	proxy=http://wiw4v7duaymysz9-session-59028a0df4a5-lifetime-10:***@rp.scrapegw.com:6060	ConnectionTimeoutError: Connection timeout to host https://discord.com/api/v9/unique-username/username-attempt-unauthed
2026-09-01 18:26:32	NETWORK	bouj	attempt=1	proxy=http://wiw4v7duaymysz9-session-ef27ac2b8de5-lifetime-10:***@rp.scrapegw.com:6060	ConnectionTimeoutError: Connection timeout to host https://discord.com/api/v9/unique-username/username-attempt-unauthed
2026-09-01 18:26:32	NETWORK	bsrk	attempt=1	proxy=http://wiw4v7duaymysz9-session-45adecab897a-lifetime-10:***@rp.scrapegw.com:6060	ConnectionTimeoutError: Connection timeout to host https://discord.com/api/v9/unique-username/username-attempt-unauthed
2026-09-01 18:26:32	NETWORK	bosx	attempt=1	proxy=http://wiw4v7duaymysz9-session-46523a4ed74c-lifetime-10:***@rp.scrapegw.com:6060	ConnectionTimeoutError: Connection timeout to host https://discord.com/api/v9/unique-username/username-attempt-unauthed
2026-09-01 18:26:32	NETWORK	bofz	attempt=1	proxy=http://wiw4v7duaymysz9-session-1c27d0da221b-lifetime-10:***@rp.scrapegw.com:6060	ConnectionTimeoutError: Connection timeout to host https://discord.com/api/v9/unique-username/username-attempt-unauthed
2026-09-01 18:26:32	NETWORK	bobq	attempt=1	proxy=http://wiw4v7duaymysz9-session-836b33a24767-lifetime-10:***@rp.scrapegw.com:6060	ConnectionTimeoutError: Connection timeout to host https://discord.com/api/v9/unique-username/username-attempt-unauthed
2026-09-01 18:26:32	NETWORK	bnzx	attempt=1	proxy=http://wiw4v7duaymysz9-session-9b3f4ef66c5f-lifetime-10:***@rp.scrapegw.com:6060	ConnectionTimeoutError: Connection timeout to host https://discord.com/api/v9/unique-username/username-attempt-unauthed
2026-09-01 18:26:32	NETWORK	bnxm	attempt=1	proxy=http://wiw4v7duaymysz9-session-533be181e930-lifetime-10:***@rp.scrapegw.com:6060	ConnectionTimeoutError: Connection timeout to host https://discord.com/api/v9/unique-username/username-attempt-unauthed
2026-09-01 18:26:32	NETWORK	brle	attempt=1	proxy=http://wiw4v7duaymysz9-session-4d9d1f0b0a3d-lifetime-10:***@rp.scrapegw.com:6060	ConnectionTimeoutError: Connection timeout to host https://discord.com/api/v9/unique-username/username-attempt-unauthed
2026-09-01 18:26:32	NETWORK	bnuw	attempt=1	proxy=http://wiw4v7duaymysz9-session-8304f79eb2e5-lifetime-10:***@rp.scrapegw.com:6060	ConnectionTimeoutError: Connection timeout to host https://discord.com/api/v9/unique-username/username-attempt-unauthed
2026-09-01 18:26:32	NETWORK	bnoo	attempt=1	proxy=http://wiw4v7duaymysz9-session-fe1b33f5e264-lifetime-10:***@rp.scrapegw.com:6060	ConnectionTimeoutError: Connection timeout to host https://discord.com/api/v9/unique-username/username-attempt-unauthed
2026-09-01 18:26:32	NETWORK	bnhk	attempt=1	proxy=http://wiw4v7duaymysz9-session-43cd8c7ecf57-lifetime-10:***@rp.scrapegw.com:6060	ConnectionTimeoutError: Connection timeout to host https://discord.com/api/v9/unique-username/username-attempt-unauthed
2026-09-01 18:26:32	NETWORK	bngb	attempt=1	proxy=http://wiw4v7duaymysz9-session-d2bcfc36d5d7-lifetime-10:***@rp.scrapegw.com:6060	ConnectionTimeoutError: Connection timeout to host https://discord.com/api/v9/unique-username/username-attempt-unauthed
2026-09-01 18:26:32	NETWORK	bneh	attempt=1	proxy=http://wiw4v7duaymysz9-session-3b41c3f7d0e7-lifetime-10:***@rp.scrapegw.com:6060	ConnectionTimeoutError: Connection timeout to host https://discord.com/api/v9/unique-username/username-attempt-unauthed
2026-09-01 18:26:32	NETWORK	bncm	attempt=1	proxy=http://wiw4v7duaymysz9-session-f9979276aa0f-lifetime-10:***@rp.scrapegw.com:6060	ConnectionTimeoutError: Connection timeout to host https://discord.com/api/v9/unique-username/username-attempt-unauthed
2026-09-01 18:26:32	NETWORK	bnai	attempt=1	proxy=http://wiw4v7duaymysz9-session-a6fe1f58999c-lifetime-10:***@rp.scrapegw.com:6060	ConnectionTimeoutError: Connection timeout to host https://discord.com/api/v9/unique-username/username-attempt-unauthed
2026-09-01 18:26:32	NETWORK	bmxz	attempt=1	proxy=http://wiw4v7duaymysz9-session-4f2c545ab120-lifetime-10:***@rp.scrapegw.com:6060	ConnectionTimeoutError: Connection timeout to host https://discord.com/api/v9/unique-username/username-attempt-unauthed
2026-09-01 18:26:32	NETWORK	bmvc	attempt=1	proxy=http://wiw4v7duaymysz9-session-5fa24eff472f-lifetime-10:***@rp.scrapegw.com:6060	ConnectionTimeoutError: Connection timeout to host https://discord.com/api/v9/unique-username/username-attempt-unauthed
2026-09-01 18:26:32	NETWORK	bmsq	attempt=1	proxy=http://wiw4v7duaymysz9-session-1df813e5f3cd-lifetime-10:***@rp.scrapegw.com:6060	ConnectionTimeoutError: Connection timeout to host https://discord.com/api/v9/unique-username/username-attempt-unauthed
2026-09-01 18:26:32	NETWORK	bmrr	attempt=1	proxy=http://wiw4v7duaymysz9-session-93ad016ae861-lifetime-10:***@rp.scrapegw.com:6060	ConnectionTimeoutError: Connection timeout to host https://discord.com/api/v9/unique-username/username-attempt-unauthed
2026-09-01 18:26:32	NETWORK	bmra	attempt=1	proxy=http://wiw4v7duaymysz9-session-2c5cc37cfbf4-lifetime-10:***@rp.scrapegw.com:6060	ConnectionTimeoutError: Connection timeout to host https://discord.com/api/v9/unique-username/username-attempt-unauthed
2026-09-01 18:26:32	NETWORK	bsqj	attempt=1	proxy=http://wiw4v7duaymysz9-session-757185517af3-lifetime-10:***@rp.scrapegw.com:6060	ConnectionTimeoutError: Connection timeout to host https://discord.com/api/v9/unique-username/username-attempt-unauthed
2026-09-01 18:26:32	NETWORK	bmpz	attempt=1	proxy=http://wiw4v7duaymysz9-session-f91d9d13b6b8-lifetime-10:***@rp.scrapegw.com:6060	ConnectionTimeoutError: Connection timeout to host https://discord.com/api/v9/unique-username/username-attempt-unauthed
2026-09-01 18:26:32	NETWORK	bmnz	attempt=1	proxy=http://wiw4v7duaymysz9-session-42de3984bc5f-lifetime-10:***@rp.scrapegw.com:6060	ConnectionTimeoutError: Connection timeout to host https://discord.com/api/v9/unique-username/username-attempt-unauthed
2026-09-01 18:26:32	NETWORK	bmnr	attempt=1	proxy=http://wiw4v7duaymysz9-session-52e23e2fcccc-lifetime-10:***@rp.scrapegw.com:6060	ConnectionTimeoutError: Connection timeout to host https://discord.com/api/v9/unique-username/username-attempt-unauthed
2026-09-01 18:26:32	NETWORK	bmna	attempt=1	proxy=http://wiw4v7duaymysz9-session-a8e2f789f2e0-lifetime-10:***@rp.scrapegw.com:6060	ConnectionTimeoutError: Connection timeout to host https://discord.com/api/v9/unique-username/username-attempt-unauthed
2026-09-01 18:26:32	NETWORK	bqur	attempt=1	proxy=http://wiw4v7duaymysz9-session-faa31dbc80b3-lifetime-10:***@rp.scrapegw.com:6060	ConnectionTimeoutError: Connection timeout to host https://discord.com/api/v9/unique-username/username-attempt-unauthed
2026-09-01 18:26:32	NETWORK	brtl	attempt=1	proxy=http://wiw4v7duaymysz9-session-f401b5ba03cf-lifetime-10:***@rp.scrapegw.com:6060	ConnectionTimeoutError: Connection timeout to host https://discord.com/api/v9/unique-username/username-attempt-unauthed
2026-09-01 18:26:32	NETWORK	bmkc	attempt=1	proxy=http://wiw4v7duaymysz9-session-478fee254268-lifetime-10:***@rp.scrapegw.com:6060	ConnectionTimeoutError: Connection timeout to host https://discord.com/api/v9/unique-username/username-attempt-unauthed
2026-09-01 18:26:32	NETWORK	bstq	attempt=1	proxy=http://wiw4v7duaymysz9-session-c4442f0da768-lifetime-10:***@rp.scrapegw.com:6060	ConnectionTimeoutError: Connection timeout to host https://discord.com/api/v9/unique-username/username-attempt-unauthed
2026-09-01 18:26:32	NETWORK	bmih	attempt=1	proxy=http://wiw4v7duaymysz9-session-31ab8a6a275f-lifetime-10:***@rp.scrapegw.com:6060	ConnectionTimeoutError: Connection timeout to host https://discord.com/api/v9/unique-username/username-attempt-unauthed
2026-09-01 18:26:32	NETWORK	bmig	attempt=1	proxy=http://wiw4v7duaymysz9-session-a047d365c5c0-lifetime-10:***@rp.scrapegw.com:6060	ConnectionTimeoutError: Connection timeout to host https://discord.com/api/v9/unique-username/username-attempt-unauthed
2026-09-01 18:26:32	NETWORK	bmhp	attempt=1	proxy=http://wiw4v7duaymysz9-session-620f741c5fa1-lifetime-10:***@rp.scrapegw.com:6060	ConnectionTimeoutError: Connection timeout to host https://discord.com/api/v9/unique-username/username-attempt-unauthed
2026-09-01 18:26:32	NETWORK	bmei	attempt=1	proxy=http://wiw4v7duaymysz9-session-4ccec98e2ea6-lifetime-10:***@rp.scrapegw.com:6060	ConnectionTimeoutError: Connection timeout to host https://discord.com/api/v9/unique-username/username-attempt-unauthed
2026-09-01 18:26:32	NETWORK	bmdj	attempt=1	proxy=http://wiw4v7duaymysz9-session-7c037d6af624-lifetime-10:***@rp.scrapegw.com:6060	ConnectionTimeoutError: Connection timeout to host https://discord.com/api/v9/unique-username/username-attempt-unauthed
2026-09-01 18:26:32	NETWORK	brxe	attempt=1	proxy=http://wiw4v7duaymysz9-session-4895233698b3-lifetime-10:***@rp.scrapegw.com:6060	ConnectionTimeoutError: Connection timeout to host https://discord.com/api/v9/unique-username/username-attempt-unauthed
2026-09-01 18:26:32	NETWORK	blzi	attempt=1	proxy=http://wiw4v7duaymysz9-session-de458e0a4e37-lifetime-10:***@rp.scrapegw.com:6060	ConnectionTimeoutError: Connection timeout to host https://discord.com/api/v9/unique-username/username-attempt-unauthed
2026-09-01 18:26:32	NETWORK	blyl	attempt=1	proxy=http://wiw4v7duaymysz9-session-6b3077e17694-lifetime-10:***@rp.scrapegw.com:6060	ConnectionTimeoutError: Connection timeout to host https://discord.com/api/v9/unique-username/username-attempt-unauthed
2026-09-01 18:26:32	NETWORK	blxg	attempt=1	proxy=http://wiw4v7duaymysz9-session-3dd9569208c2-lifetime-10:***@rp.scrapegw.com:6060	ConnectionTimeoutError: Connection timeout to host https://discord.com/api/v9/unique-username/username-attempt-unauthed
2026-09-01 18:26:32	NETWORK	blws	attempt=1	proxy=http://wiw4v7duaymysz9-session-08b502a827dd-lifetime-10:***@rp.scrapegw.com:6060	ConnectionTimeoutError: Connection timeout to host https://discord.com/api/v9/unique-username/username-attempt-unauthed
2026-09-01 18:26:32	NETWORK	blwj	attempt=1	proxy=http://wiw4v7duaymysz9-session-54539a6b33dc-lifetime-10:***@rp.scrapegw.com:6060	ConnectionTimeoutError: Connection timeout to host https://discord.com/api/v9/unique-username/username-attempt-unauthed
2026-09-01 18:26:32	NETWORK	blwg	attempt=1	proxy=http://wiw4v7duaymysz9-session-f1f8f2c2b379-lifetime-10:***@rp.scrapegw.com:6060	ConnectionTimeoutError: Connection timeout to host https://discord.com/api/v9/unique-username/username-attempt-unauthed
2026-09-01 18:26:32	NETWORK	blut	attempt=1	proxy=http://wiw4v7duaymysz9-session-b0a83aa0387b-lifetime-10:***@rp.scrapegw.com:6060	ConnectionTimeoutError: Connection timeout to host https://discord.com/api/v9/unique-username/username-attempt-unauthed
2026-09-01 18:26:32	NETWORK	bltj	attempt=1	proxy=http://wiw4v7duaymysz9-session-b8758b210a10-lifetime-10:***@rp.scrapegw.com:6060	ConnectionTimeoutError: Connection timeout to host https://discord.com/api/v9/unique-username/username-attempt-unauthed
2026-09-01 18:26:32	NETWORK	blsp	attempt=1	proxy=http://wiw4v7duaymysz9-session-c90302db7f5e-lifetime-10:***@rp.scrapegw.com:6060	ConnectionTimeoutError: Connection timeout to host https://discord.com/api/v9/unique-username/username-attempt-unauthed
2026-09-01 18:26:32	NETWORK	blox	attempt=1	proxy=http://wiw4v7duaymysz9-session-3c2caf82cacc-lifetime-10:***@rp.scrapegw.com:6060	ConnectionTimeoutError: Connection timeout to host https://discord.com/api/v9/unique-username/username-attempt-unauthed
2026-09-01 18:26:32	NETWORK	blng	attempt=1	proxy=http://wiw4v7duaymysz9-session-655bdf5d261d-lifetime-10:***@rp.scrapegw.com:6060	ConnectionTimeoutError: Connection timeout to host https://discord.com/api/v9/unique-username/username-attempt-unauthed
2026-09-01 18:26:32	NETWORK	bljl	attempt=1	proxy=http://wiw4v7duaymysz9-session-bee9f2515cf0-lifetime-10:***@rp.scrapegw.com:6060	ConnectionTimeoutError: Connection timeout to host https://discord.com/api/v9/unique-username/username-attempt-unauthed
2026-09-01 18:26:32	NETWORK	blho	attempt=1	proxy=http://wiw4v7duaymysz9-session-83c09c5d328e-lifetime-10:***@rp.scrapegw.com:6060	ConnectionTimeoutError: Connection timeout to host https://discord.com/api/v9/unique-username/username-attempt-unauthed
2026-09-01 18:26:32	NETWORK	blfa	attempt=1	proxy=http://wiw4v7duaymysz9-session-af8bb57e412d-lifetime-10:***@rp.scrapegw.com:6060	ConnectionTimeoutError: Connection timeout to host https://discord.com/api/v9/unique-username/username-attempt-unauthed
2026-09-01 18:26:32	NETWORK	bjap	attempt=1	proxy=http://wiw4v7duaymysz9-session-00d738de3e0d-lifetime-10:***@rp.scrapegw.com:6060	ConnectionTimeoutError: Connection timeout to host https://discord.com/api/v9/unique-username/username-attempt-unauthed
2026-09-01 18:26:32	NETWORK	blcp	attempt=1	proxy=http://wiw4v7duaymysz9-session-dc4a2dc12cef-lifetime-10:***@rp.scrapegw.com:6060	ConnectionTimeoutError: Connection timeout to host https://discord.com/api/v9/unique-username/username-attempt-unauthed
2026-09-01 18:26:32	NETWORK	blax	attempt=1	proxy=http://wiw4v7duaymysz9-session-e69c2011a107-lifetime-10:***@rp.scrapegw.com:6060	ConnectionTimeoutError: Connection timeout to host https://discord.com/api/v9/unique-username/username-attempt-unauthed
2026-09-01 18:26:32	NETWORK	bkwx	attempt=1	proxy=http://wiw4v7duaymysz9-session-c4ec27da8829-lifetime-10:***@rp.scrapegw.com:6060	ConnectionTimeoutError: Connection timeout to host https://discord.com/api/v9/unique-username/username-attempt-unauthed
2026-09-01 18:26:32	NETWORK	bsdt	attempt=1	proxy=http://wiw4v7duaymysz9-session-863a8d1191e0-lifetime-10:***@rp.scrapegw.com:6060	ConnectionTimeoutError: Connection timeout to host https://discord.com/api/v9/unique-username/username-attempt-unauthed
2026-09-01 18:26:32	NETWORK	bkwq	attempt=1	proxy=http://wiw4v7duaymysz9-session-116cc016e9bc-lifetime-10:***@rp.scrapegw.com:6060	ConnectionTimeoutError: Connection timeout to host https://discord.com/api/v9/unique-username/username-attempt-unauthed
2026-09-01 18:26:32	NETWORK	bkuz	attempt=1	proxy=http://wiw4v7duaymysz9-session-64a78e1e091c-lifetime-10:***@rp.scrapegw.com:6060	ConnectionTimeoutError: Connection timeout to host https://discord.com/api/v9/unique-username/username-attempt-unauthed
2026-09-01 18:26:32	NETWORK	bkua	attempt=1	proxy=http://wiw4v7duaymysz9-session-e0cba8d65360-lifetime-10:***@rp.scrapegw.com:6060	ConnectionTimeoutError: Connection timeout to host https://discord.com/api/v9/unique-username/username-attempt-unauthed
2026-09-01 18:26:32	NETWORK	bsrh	attempt=1	proxy=http://wiw4v7duaymysz9-session-1577ead468ec-lifetime-10:***@rp.scrapegw.com:6060	ConnectionTimeoutError: Connection timeout to host https://discord.com/api/v9/unique-username/username-attempt-unauthed
2026-09-01 18:26:32	NETWORK	bkpg	attempt=1	proxy=http://wiw4v7duaymysz9-session-056ff4c53d3d-lifetime-10:***@rp.scrapegw.com:6060	ConnectionTimeoutError: Connection timeout to host https://discord.com/api/v9/unique-username/username-attempt-unauthed
2026-09-01 18:26:32	NETWORK	brzq	attempt=1	proxy=http://wiw4v7duaymysz9-session-278d26644f2a-lifetime-10:***@rp.scrapegw.com:6060	ConnectionTimeoutError: Connection timeout to host https://discord.com/api/v9/unique-username/username-attempt-unauthed
2026-09-01 18:26:32	NETWORK	bkiz	attempt=1	proxy=http://wiw4v7duaymysz9-session-b167ea14af30-lifetime-10:***@rp.scrapegw.com:6060	ConnectionTimeoutError: Connection timeout to host https://discord.com/api/v9/unique-username/username-attempt-unauthed
2026-09-01 18:26:32	NETWORK	bkio	attempt=1	proxy=http://wiw4v7duaymysz9-session-ea560899fee9-lifetime-10:***@rp.scrapegw.com:6060	ConnectionTimeoutError: Connection timeout to host https://discord.com/api/v9/unique-username/username-attempt-unauthed
2026-09-01 18:26:32	NETWORK	bkhm	attempt=1	proxy=http://wiw4v7duaymysz9-session-b0fa2d48efa2-lifetime-10:***@rp.scrapegw.com:6060	ConnectionTimeoutError: Connection timeout to host https://discord.com/api/v9/unique-username/username-attempt-unauthed
2026-09-01 18:26:32	NETWORK	bkgj	attempt=1	proxy=http://wiw4v7duaymysz9-session-375e3dbbc795-lifetime-10:***@rp.scrapegw.com:6060	ConnectionTimeoutError: Connection timeout to host https://discord.com/api/v9/unique-username/username-attempt-unauthed
2026-09-01 18:26:32	NETWORK	bkgg	attempt=1	proxy=http://wiw4v7duaymysz9-session-b7b3d75e07f1-lifetime-10:***@rp.scrapegw.com:6060	ConnectionTimeoutError: Connection timeout to host https://discord.com/api/v9/unique-username/username-attempt-unauthed
2026-09-01 18:26:32	NETWORK	bsnf	attempt=1	proxy=http://wiw4v7duaymysz9-session-c36c1b8412ba-lifetime-10:***@rp.scrapegw.com:6060	ConnectionTimeoutError: Connection timeout to host https://discord.com/api/v9/unique-username/username-attempt-unauthed
2026-09-01 18:26:32	NETWORK	bkey	attempt=1	proxy=http://wiw4v7duaymysz9-session-cf59084a2ff9-lifetime-10:***@rp.scrapegw.com:6060	ConnectionTimeoutError: Connection timeout to host https://discord.com/api/v9/unique-username/username-attempt-unauthed
2026-09-01 18:26:32	NETWORK	bkdk	attempt=1	proxy=http://wiw4v7duaymysz9-session-2f980d24af33-lifetime-10:***@rp.scrapegw.com:6060	ConnectionTimeoutError: Connection timeout to host https://discord.com/api/v9/unique-username/username-attempt-unauthed
2026-09-01 18:26:32	NETWORK	bkdb	attempt=1	proxy=http://wiw4v7duaymysz9-session-953b1c312be3-lifetime-10:***@rp.scrapegw.com:6060	ConnectionTimeoutError: Connection timeout to host https://discord.com/api/v9/unique-username/username-attempt-unauthed
2026-09-01 18:26:32	NETWORK	bkbw	attempt=1	proxy=http://wiw4v7duaymysz9-session-479876e2e074-lifetime-10:***@rp.scrapegw.com:6060	ConnectionTimeoutError: Connection timeout to host https://discord.com/api/v9/unique-username/username-attempt-unauthed
2026-09-01 18:26:32	NETWORK	bsbi	attempt=1	proxy=http://wiw4v7duaymysz9-session-3cf507ae90a5-lifetime-10:***@rp.scrapegw.com:6060	ConnectionTimeoutError: Connection timeout to host https://discord.com/api/v9/unique-username/username-attempt-unauthed
2026-09-01 18:26:32	NETWORK	bkao	attempt=1	proxy=http://wiw4v7duaymysz9-session-11d0ff5d1b9c-lifetime-10:***@rp.scrapegw.com:6060	ConnectionTimeoutError: Connection timeout to host https://discord.com/api/v9/unique-username/username-attempt-unauthed
2026-09-01 18:26:32	NETWORK	bsap	attempt=1	proxy=http://wiw4v7duaymysz9-session-f9240a201f3b-lifetime-10:***@rp.scrapegw.com:6060	ConnectionTimeoutError: Connection timeout to host https://discord.com/api/v9/unique-username/username-attempt-unauthed
2026-09-01 18:26:32	NETWORK	bjwr	attempt=1	proxy=http://wiw4v7duaymysz9-session-5bdcb5a0f039-lifetime-10:***@rp.scrapegw.com:6060	ConnectionTimeoutError: Connection timeout to host https://discord.com/api/v9/unique-username/username-attempt-unauthed
2026-09-01 18:26:32	NETWORK	bsqd	attempt=1	proxy=http://wiw4v7duaymysz9-session-6e6bec3f5751-lifetime-10:***@rp.scrapegw.com:6060	ConnectionTimeoutError: Connection timeout to host https://discord.com/api/v9/unique-username/username-attempt-unauthed
2026-09-01 18:26:32	NETWORK	bsmz	attempt=1	proxy=http://wiw4v7duaymysz9-session-4074b26a3c52-lifetime-10:***@rp.scrapegw.com:6060	ConnectionTimeoutError: Connection timeout to host https://discord.com/api/v9/unique-username/username-attempt-unauthed
2026-09-01 18:26:32	NETWORK	bjvl	attempt=1	proxy=http://wiw4v7duaymysz9-session-764d503df29f-lifetime-10:***@rp.scrapegw.com:6060	ConnectionTimeoutError: Connection timeout to host https://discord.com/api/v9/unique-username/username-attempt-unauthed
2026-09-01 18:26:32	NETWORK	bjvb	attempt=1	proxy=http://wiw4v7duaymysz9-session-0a8074ba757b-lifetime-10:***@rp.scrapegw.com:6060	ConnectionTimeoutError: Connection timeout to host https://discord.com/api/v9/unique-username/username-attempt-unauthed
2026-09-01 18:26:32	NETWORK	bjuj	attempt=1	proxy=http://wiw4v7duaymysz9-session-24c1a0807149-lifetime-10:***@rp.scrapegw.com:6060	ConnectionTimeoutError: Connection timeout to host https://discord.com/api/v9/unique-username/username-attempt-unauthed
2026-09-01 18:26:32	NETWORK	bjtt	attempt=1	proxy=http://wiw4v7duaymysz9-session-d389bddfe696-lifetime-10:***@rp.scrapegw.com:6060	ConnectionTimeoutError: Connection timeout to host https://discord.com/api/v9/unique-username/username-attempt-unauthed
2026-09-01 18:26:32	NETWORK	bjsy	attempt=1	proxy=http://wiw4v7duaymysz9-session-e9b93d4492ca-lifetime-10:***@rp.scrapegw.com:6060	ConnectionTimeoutError: Connection timeout to host https://discord.com/api/v9/unique-username/username-attempt-unauthed
2026-09-01 18:26:32	NETWORK	bqtm	attempt=1	proxy=http://wiw4v7duaymysz9-session-87aa36ce830f-lifetime-10:***@rp.scrapegw.com:6060	ConnectionTimeoutError: Connection timeout to host https://discord.com/api/v9/unique-username/username-attempt-unauthed
2026-09-01 18:26:32	NETWORK	bjsn	attempt=1	proxy=http://wiw4v7duaymysz9-session-5f9339f67b39-lifetime-10:***@rp.scrapegw.com:6060	ConnectionTimeoutError: Connection timeout to host https://discord.com/api/v9/unique-username/username-attempt-unauthed
2026-09-01 18:26:32	NETWORK	bjry	attempt=1	proxy=http://wiw4v7duaymysz9-session-261174e04328-lifetime-10:***@rp.scrapegw.com:6060	ConnectionTimeoutError: Connection timeout to host https://discord.com/api/v9/unique-username/username-attempt-unauthed
2026-09-01 18:26:32	NETWORK	bjrg	attempt=1	proxy=http://wiw4v7duaymysz9-session-bde5d837a1ce-lifetime-10:***@rp.scrapegw.com:6060	ConnectionTimeoutError: Connection timeout to host https://discord.com/api/v9/unique-username/username-attempt-unauthed
2026-09-01 18:26:32	NETWORK	bjqu	attempt=1	proxy=http://wiw4v7duaymysz9-session-d36a55fd8f0d-lifetime-10:***@rp.scrapegw.com:6060	ConnectionTimeoutError: Connection timeout to host https://discord.com/api/v9/unique-username/username-attempt-unauthed
2026-09-01 18:26:32	NETWORK	bldv	attempt=1	proxy=http://wiw4v7duaymysz9-session-99fa0769cdd0-lifetime-10:***@rp.scrapegw.com:6060	ConnectionTimeoutError: Connection timeout to host https://discord.com/api/v9/unique-username/username-attempt-unauthed
2026-09-01 18:26:32	NETWORK	bssg	attempt=1	proxy=http://wiw4v7duaymysz9-session-3266f6074a94-lifetime-10:***@rp.scrapegw.com:6060	ConnectionTimeoutError: Connection timeout to host https://discord.com/api/v9/unique-username/username-attempt-unauthed
2026-09-01 18:26:32	NETWORK	bjee	attempt=1	proxy=http://wiw4v7duaymysz9-session-bf1470beed4d-lifetime-10:***@rp.scrapegw.com:6060	ConnectionTimeoutError: Connection timeout to host https://discord.com/api/v9/unique-username/username-attempt-unauthed
2026-09-01 18:26:32	NETWORK	bjms	attempt=1	proxy=http://wiw4v7duaymysz9-session-f7dfdb24d3f2-lifetime-10:***@rp.scrapegw.com:6060	ConnectionTimeoutError: Connection timeout to host https://discord.com/api/v9/unique-username/username-attempt-unauthed
2026-09-01 18:26:32	NETWORK	bjod	attempt=1	proxy=http://wiw4v7duaymysz9-session-94ec85d37d3b-lifetime-10:***@rp.scrapegw.com:6060	ConnectionTimeoutError: Connection timeout to host https://discord.com/api/v9/unique-username/username-attempt-unauthed
2026-09-01 18:26:32	NETWORK	bjkn	attempt=1	proxy=http://wiw4v7duaymysz9-session-412f8133d690-lifetime-10:***@rp.scrapegw.com:6060	ConnectionTimeoutError: Connection timeout to host https://discord.com/api/v9/unique-username/username-attempt-unauthed
2026-09-01 18:26:32	NETWORK	bjnp	attempt=1	proxy=http://wiw4v7duaymysz9-session-1e160c5fbcb2-lifetime-10:***@rp.scrapegw.com:6060	ConnectionTimeoutError: Connection timeout to host https://discord.com/api/v9/unique-username/username-attempt-unauthed
2026-09-01 18:26:32	NETWORK	bhuc	attempt=1	proxy=http://wiw4v7duaymysz9-session-07afecf00f75-lifetime-10:***@rp.scrapegw.com:6060	ConnectionTimeoutError: Connection timeout to host https://discord.com/api/v9/unique-username/username-attempt-unauthed
2026-09-01 18:26:32	NETWORK	bqcq	attempt=1	proxy=http://wiw4v7duaymysz9-session-a7918e6786e7-lifetime-10:***@rp.scrapegw.com:6060	ConnectionTimeoutError: Connection timeout to host https://discord.com/api/v9/unique-username/username-attempt-unauthed
2026-09-01 18:26:32	NETWORK	blem	attempt=1	proxy=http://wiw4v7duaymysz9-session-afe957b77e0e-lifetime-10:***@rp.scrapegw.com:6060	ConnectionTimeoutError: Connection timeout to host https://discord.com/api/v9/unique-username/username-attempt-unauthed
2026-09-01 18:26:32	NETWORK	bjnu	attempt=1	proxy=http://wiw4v7duaymysz9-session-f66ffbd711e4-lifetime-10:***@rp.scrapegw.com:6060	ConnectionTimeoutError: Connection timeout to host https://discord.com/api/v9/unique-username/username-attempt-unauthed
2026-09-01 18:26:32	NETWORK	bjne	attempt=1	proxy=http://wiw4v7duaymysz9-session-a99d6d94fda6-lifetime-10:***@rp.scrapegw.com:6060	ConnectionTimeoutError: Connection timeout to host https://discord.com/api/v9/unique-username/username-attempt-unauthed
2026-09-01 18:26:32	NETWORK	bjpw	attempt=1	proxy=http://wiw4v7duaymysz9-session-507059ffbb0b-lifetime-10:***@rp.scrapegw.com:6060	ConnectionTimeoutError: Connection timeout to host https://discord.com/api/v9/unique-username/username-attempt-unauthed
2026-09-01 18:26:32	NETWORK	bjhd	attempt=1	proxy=http://wiw4v7duaymysz9-session-52d4390621ef-lifetime-10:***@rp.scrapegw.com:6060	ConnectionTimeoutError: Connection timeout to host https://discord.com/api/v9/unique-username/username-attempt-unauthed
2026-09-01 18:26:32	NETWORK	bspw	attempt=1	proxy=http://wiw4v7duaymysz9-session-44d83c1e878b-lifetime-10:***@rp.scrapegw.com:6060	ConnectionTimeoutError: Connection timeout to host https://discord.com/api/v9/unique-username/username-attempt-unauthed
2026-09-01 18:26:32	NETWORK	bjdb	attempt=1	proxy=http://wiw4v7duaymysz9-session-9f6bb422aa91-lifetime-10:***@rp.scrapegw.com:6060	ConnectionTimeoutError: Connection timeout to host https://discord.com/api/v9/unique-username/username-attempt-unauthed
2026-09-01 18:26:32	NETWORK	bjev	attempt=1	proxy=http://wiw4v7duaymysz9-session-e1842714114a-lifetime-10:***@rp.scrapegw.com:6060	ConnectionTimeoutError: Connection timeout to host https://discord.com/api/v9/unique-username/username-attempt-unauthed
2026-09-01 18:26:32	NETWORK	bjoh	attempt=1	proxy=http://wiw4v7duaymysz9-session-2fe412662887-lifetime-10:***@rp.scrapegw.com:6060	ConnectionTimeoutError: Connection timeout to host https://discord.com/api/v9/unique-username/username-attempt-unauthed
2026-09-01 18:26:32	NETWORK	bjgz	attempt=1	proxy=http://wiw4v7duaymysz9-session-b3eba594b1f7-lifetime-10:***@rp.scrapegw.com:6060	ConnectionTimeoutError: Connection timeout to host https://discord.com/api/v9/unique-username/username-attempt-unauthed
2026-09-01 18:26:32	NETWORK	bjay	attempt=1	proxy=http://wiw4v7duaymysz9-session-26677c77b0e6-lifetime-10:***@rp.scrapegw.com:6060	ConnectionTimeoutError: Connection timeout to host https://discord.com/api/v9/unique-username/username-attempt-unauthed
2026-09-01 18:26:32	NETWORK	bjnd	attempt=1	proxy=http://wiw4v7duaymysz9-session-1d474d660cce-lifetime-10:***@rp.scrapegw.com:6060	ConnectionTimeoutError: Connection timeout to host https://discord.com/api/v9/unique-username/username-attempt-unauthed
2026-09-01 18:26:32	NETWORK	bitz	attempt=1	proxy=http://wiw4v7duaymysz9-session-be309fc9ee3c-lifetime-10:***@rp.scrapegw.com:6060	ConnectionTimeoutError: Connection timeout to host https://discord.com/api/v9/unique-username/username-attempt-unauthed
2026-09-01 18:26:32	NETWORK	bifh	attempt=1	proxy=http://wiw4v7duaymysz9-session-d31ff1cd1753-lifetime-10:***@rp.scrapegw.com:6060	ConnectionTimeoutError: Connection timeout to host https://discord.com/api/v9/unique-username/username-attempt-unauthed
2026-09-01 18:26:32	NETWORK	bijc	attempt=1	proxy=http://wiw4v7duaymysz9-session-fcd27a598c33-lifetime-10:***@rp.scrapegw.com:6060	ConnectionTimeoutError: Connection timeout to host https://discord.com/api/v9/unique-username/username-attempt-unauthed
2026-09-01 18:26:32	NETWORK	bidx	attempt=1	proxy=http://wiw4v7duaymysz9-session-b300c8519a22-lifetime-10:***@rp.scrapegw.com:6060	ConnectionTimeoutError: Connection timeout to host https://discord.com/api/v9/unique-username/username-attempt-unauthed
2026-09-01 18:26:32	NETWORK	bqso	attempt=1	proxy=http://wiw4v7duaymysz9-session-cb5c80bb1297-lifetime-10:***@rp.scrapegw.com:6060	ConnectionTimeoutError: Connection timeout to host https://discord.com/api/v9/unique-username/username-attempt-unauthed
2026-09-01 18:26:32	NETWORK	bhzl	attempt=1	proxy=http://wiw4v7duaymysz9-session-3f2fff460339-lifetime-10:***@rp.scrapegw.com:6060	ConnectionTimeoutError: Connection timeout to host https://discord.com/api/v9/unique-username/username-attempt-unauthed
2026-09-01 18:26:32	NETWORK	bhzi	attempt=1	proxy=http://wiw4v7duaymysz9-session-566ff91c108f-lifetime-10:***@rp.scrapegw.com:6060	ConnectionTimeoutError: Connection timeout to host https://discord.com/api/v9/unique-username/username-attempt-unauthed
2026-09-01 18:26:32	NETWORK	bqoo	attempt=1	proxy=http://wiw4v7duaymysz9-session-851dbfe43676-lifetime-10:***@rp.scrapegw.com:6060	ConnectionTimeoutError: Connection timeout to host https://discord.com/api/v9/unique-username/username-attempt-unauthed
2026-09-01 18:26:32	NETWORK	bhwl	attempt=1	proxy=http://wiw4v7duaymysz9-session-eaaaa3feef66-lifetime-10:***@rp.scrapegw.com:6060	ConnectionTimeoutError: Connection timeout to host https://discord.com/api/v9/unique-username/username-attempt-unauthed
2026-09-01 18:26:32	NETWORK	bhux	attempt=1	proxy=http://wiw4v7duaymysz9-session-253ae33adee8-lifetime-10:***@rp.scrapegw.com:6060	ConnectionTimeoutError: Connection timeout to host https://discord.com/api/v9/unique-username/username-attempt-unauthed
2026-09-01 18:26:32	HTTP_429	chtg	attempt=1	proxy=http://wiw4v7duaymysz9-session-d82199f92c11-lifetime-10:***@rp.scrapegw.com:6060	scope=shared global=False retry_after=1783.00s
2026-09-01 18:26:32	HTTP_429	btex	attempt=1	proxy=http://wiw4v7duaymysz9-session-b7827a9c46e6-lifetime-10:***@rp.scrapegw.com:6060	scope=shared global=False retry_after=1496.00s
2026-09-01 18:26:33	HTTP_429	clrm	attempt=1	proxy=http://wiw4v7duaymysz9-session-9c352d2b01e1-lifetime-10:***@rp.scrapegw.com:6060	scope=shared global=False retry_after=370.00s
2026-09-01 18:26:33	HTTP_429	codj	attempt=1	proxy=http://wiw4v7duaymysz9-session-ca8920a1cb71-lifetime-10:***@rp.scrapegw.com:6060	scope=shared global=False retry_after=751.00s
2026-09-01 18:26:33	HTTP_429	cjdi	attempt=1	proxy=http://wiw4v7duaymysz9-session-9a466f7d269d-lifetime-10:***@rp.scrapegw.com:6060	scope=shared global=False retry_after=760.00s
2026-09-01 18:26:33	HTTP_429	clth	attempt=1	proxy=http://wiw4v7duaymysz9-session-89ed6e417c97-lifetime-10:***@rp.scrapegw.com:6060	scope=shared global=False retry_after=2101.00s
2026-09-01 18:26:33	NETWORK	bwzo	attempt=1	proxy=http://wiw4v7duaymysz9-session-693baae2856d-lifetime-10:***@rp.scrapegw.com:6060	ClientConnectorError: Cannot connect to host discord.com:443 ssl:default [Connection reset by peer]
2026-09-01 18:26:33	NETWORK	btab	attempt=1	proxy=http://wiw4v7duaymysz9-session-88bfc0c74842-lifetime-10:***@rp.scrapegw.com:6060	ConnectionTimeoutError: Connection timeout to host https://discord.com/api/v9/unique-username/username-attempt-unauthed
2026-09-01 18:26:33	NETWORK	btdc	attempt=1	proxy=http://wiw4v7duaymysz9-session-acce30406296-lifetime-10:***@rp.scrapegw.com:6060	ConnectionTimeoutError: Connection timeout to host https://discord.com/api/v9/unique-username/username-attempt-unauthed
2026-09-01 18:26:33	NETWORK	bvba	attempt=1	proxy=http://wiw4v7duaymysz9-session-24f528c9418d-lifetime-10:***@rp.scrapegw.com:6060	ConnectionTimeoutError: Connection timeout to host https://discord.com/api/v9/unique-username/username-attempt-unauthed
2026-09-01 18:26:33	NETWORK	bsyo	attempt=1	proxy=http://wiw4v7duaymysz9-session-49cd6200fc1d-lifetime-10:***@rp.scrapegw.com:6060	ConnectionTimeoutError: Connection timeout to host https://discord.com/api/v9/unique-username/username-attempt-unauthed
2026-09-01 18:26:33	NETWORK	buhz	attempt=1	proxy=http://wiw4v7duaymysz9-session-639844160dab-lifetime-10:***@rp.scrapegw.com:6060	ConnectionTimeoutError: Connection timeout to host https://discord.com/api/v9/unique-username/username-attempt-unauthed
2026-09-01 18:26:33	NETWORK	btix	attempt=1	proxy=http://wiw4v7duaymysz9-session-eb4ad1819816-lifetime-10:***@rp.scrapegw.com:6060	ConnectionTimeoutError: Connection timeout to host https://discord.com/api/v9/unique-username/username-attempt-unauthed
2026-09-01 18:26:33	NETWORK	btiv	attempt=1	proxy=http://wiw4v7duaymysz9-session-7afe2634e1e6-lifetime-10:***@rp.scrapegw.com:6060	ConnectionTimeoutError: Connection timeout to host https://discord.com/api/v9/unique-username/username-attempt-unauthed
2026-09-01 18:26:33	NETWORK	bths	attempt=1	proxy=http://wiw4v7duaymysz9-session-32b5177b4e73-lifetime-10:***@rp.scrapegw.com:6060	ConnectionTimeoutError: Connection timeout to host https://discord.com/api/v9/unique-username/username-attempt-unauthed
2026-09-01 18:26:33	NETWORK	buhb	attempt=1	proxy=http://wiw4v7duaymysz9-session-8ababf6ec851-lifetime-10:***@rp.scrapegw.com:6060	ConnectionTimeoutError: Connection timeout to host https://discord.com/api/v9/unique-username/username-attempt-unauthed
2026-09-01 18:26:33	NETWORK	btgc	attempt=1	proxy=http://wiw4v7duaymysz9-session-d615c63bcc48-lifetime-10:***@rp.scrapegw.com:6060	ConnectionTimeoutError: Connection timeout to host https://discord.com/api/v9/unique-username/username-attempt-unauthed
2026-09-01 18:26:33	NETWORK	btis	attempt=1	proxy=http://wiw4v7duaymysz9-session-de759d83af32-lifetime-10:***@rp.scrapegw.com:6060	ConnectionTimeoutError: Connection timeout to host https://discord.com/api/v9/unique-username/username-attempt-unauthed
2026-09-01 18:26:33	NETWORK	bupp	attempt=1	proxy=http://wiw4v7duaymysz9-session-10342dc57c7c-lifetime-10:***@rp.scrapegw.com:6060	ConnectionTimeoutError: Connection timeout to host https://discord.com/api/v9/unique-username/username-attempt-unauthed
2026-09-01 18:26:33	NETWORK	btfo	attempt=1	proxy=http://wiw4v7duaymysz9-session-9f294cc887d8-lifetime-10:***@rp.scrapegw.com:6060	ConnectionTimeoutError: Connection timeout to host https://discord.com/api/v9/unique-username/username-attempt-unauthed
2026-09-01 18:26:33	NETWORK	buxy	attempt=1	proxy=http://wiw4v7duaymysz9-session-822d3353398d-lifetime-10:***@rp.scrapegw.com:6060	ConnectionTimeoutError: Connection timeout to host https://discord.com/api/v9/unique-username/username-attempt-unauthed
2026-09-01 18:26:33	NETWORK	bszn	attempt=1	proxy=http://wiw4v7duaymysz9-session-a837fa301f6e-lifetime-10:***@rp.scrapegw.com:6060	ConnectionTimeoutError: Connection timeout to host https://discord.com/api/v9/unique-username/username-attempt-unauthed
2026-09-01 18:26:33	NETWORK	buvy	attempt=1	proxy=http://wiw4v7duaymysz9-session-0c1505546616-lifetime-10:***@rp.scrapegw.com:6060	ConnectionTimeoutError: Connection timeout to host https://discord.com/api/v9/unique-username/username-attempt-unauthed
2026-09-01 18:26:33	NETWORK	bszx	attempt=1	proxy=http://wiw4v7duaymysz9-session-9033aedecfb8-lifetime-10:***@rp.scrapegw.com:6060	ConnectionTimeoutError: Connection timeout to host https://discord.com/api/v9/unique-username/username-attempt-unauthed
2026-09-01 18:26:33	NETWORK	btft	attempt=1	proxy=http://wiw4v7duaymysz9-session-f123883447d2-lifetime-10:***@rp.scrapegw.com:6060	ConnectionTimeoutError: Connection timeout to host https://discord.com/api/v9/unique-username/username-attempt-unauthed
2026-09-01 18:26:33	NETWORK	bthq	attempt=1	proxy=http://wiw4v7duaymysz9-session-cc28c9b3f34e-lifetime-10:***@rp.scrapegw.com:6060	ConnectionTimeoutError: Connection timeout to host https://discord.com/api/v9/unique-username/username-attempt-unauthed
2026-09-01 18:26:33	NETWORK	bszp	attempt=1	proxy=http://wiw4v7duaymysz9-session-c3998edd8211-lifetime-10:***@rp.scrapegw.com:6060	ConnectionTimeoutError: Connection timeout to host https://discord.com/api/v9/unique-username/username-attempt-unauthed
2026-09-01 18:26:33	NETWORK	bted	attempt=1	proxy=http://wiw4v7duaymysz9-session-578119385284-lifetime-10:***@rp.scrapegw.com:6060	ConnectionTimeoutError: Connection timeout to host https://discord.com/api/v9/unique-username/username-attempt-unauthed
2026-09-01 18:26:33	NETWORK	buxc	attempt=1	proxy=http://wiw4v7duaymysz9-session-e9382da9467a-lifetime-10:***@rp.scrapegw.com:6060	ConnectionTimeoutError: Connection timeout to host https://discord.com/api/v9/unique-username/username-attempt-unauthed
2026-09-01 18:26:33	NETWORK	buxk	attempt=1	proxy=http://wiw4v7duaymysz9-session-3840a20328ac-lifetime-10:***@rp.scrapegw.com:6060	ConnectionTimeoutError: Connection timeout to host https://discord.com/api/v9/unique-username/username-attempt-unauthed
2026-09-01 18:26:33	NETWORK	bubx	attempt=1	proxy=http://wiw4v7duaymysz9-session-3b05a8052540-lifetime-10:***@rp.scrapegw.com:6060	ConnectionTimeoutError: Connection timeout to host https://discord.com/api/v9/unique-username/username-attempt-unauthed
2026-09-01 18:26:33	NETWORK	btzg	attempt=1	proxy=http://wiw4v7duaymysz9-session-4054d2319260-lifetime-10:***@rp.scrapegw.com:6060	ConnectionTimeoutError: Connection timeout to host https://discord.com/api/v9/unique-username/username-attempt-unauthed
2026-09-01 18:26:33	HTTP_429	cqtp	attempt=1	proxy=http://wiw4v7duaymysz9-session-55b396b43954-lifetime-10:***@rp.scrapegw.com:6060	scope=shared global=False retry_after=1421.00s
2026-09-01 18:26:34	HTTP_429	crxd	attempt=1	proxy=http://wiw4v7duaymysz9-session-1ad93a8def57-lifetime-10:***@rp.scrapegw.com:6060	scope=shared global=False retry_after=1478.00s
2026-09-01 18:26:34	HTTP_429	ccfl	attempt=1	proxy=http://wiw4v7duaymysz9-session-10d16e409875-lifetime-10:***@rp.scrapegw.com:6060	scope=shared global=False retry_after=1681.00s
2026-09-01 18:26:34	NETWORK	bvze	attempt=1	proxy=http://wiw4v7duaymysz9-session-9de3401828cc-lifetime-10:***@rp.scrapegw.com:6060	ConnectionTimeoutError: Connection timeout to host https://discord.com/api/v9/unique-username/username-attempt-unauthed
2026-09-01 18:26:34	NETWORK	bvxj	attempt=1	proxy=http://wiw4v7duaymysz9-session-12386b6f62b8-lifetime-10:***@rp.scrapegw.com:6060	ConnectionTimeoutError: Connection timeout to host https://discord.com/api/v9/unique-username/username-attempt-unauthed
2026-09-01 18:26:34	NETWORK	bvvj	attempt=1	proxy=http://wiw4v7duaymysz9-session-1d391a7e1d08-lifetime-10:***@rp.scrapegw.com:6060	ConnectionTimeoutError: Connection timeout to host https://discord.com/api/v9/unique-username/username-attempt-unauthed
2026-09-01 18:26:34	NETWORK	bvyc	attempt=1	proxy=http://wiw4v7duaymysz9-session-86a3ad1c41cc-lifetime-10:***@rp.scrapegw.com:6060	ConnectionTimeoutError: Connection timeout to host https://discord.com/api/v9/unique-username/username-attempt-unauthed
2026-09-01 18:26:34	NETWORK	bvun	attempt=1	proxy=http://wiw4v7duaymysz9-session-5b343855366d-lifetime-10:***@rp.scrapegw.com:6060	ConnectionTimeoutError: Connection timeout to host https://discord.com/api/v9/unique-username/username-attempt-unauthed
2026-09-01 18:26:34	NETWORK	bvra	attempt=1	proxy=http://wiw4v7duaymysz9-session-54ab394a5795-lifetime-10:***@rp.scrapegw.com:6060	ConnectionTimeoutError: Connection timeout to host https://discord.com/api/v9/unique-username/username-attempt-unauthed
2026-09-01 18:26:34	NETWORK	bvhi	attempt=1	proxy=http://wiw4v7duaymysz9-session-4ca6c4923655-lifetime-10:***@rp.scrapegw.com:6060	ConnectionTimeoutError: Connection timeout to host https://discord.com/api/v9/unique-username/username-attempt-unauthed
2026-09-01 18:26:34	NETWORK	bvdi	attempt=1	proxy=http://wiw4v7duaymysz9-session-36bef9ce7af2-lifetime-10:***@rp.scrapegw.com:6060	ConnectionTimeoutError: Connection timeout to host https://discord.com/api/v9/unique-username/username-attempt-unauthed
2026-09-01 18:26:34	NETWORK	bvqw	attempt=1	proxy=http://wiw4v7duaymysz9-session-506510f649c4-lifetime-10:***@rp.scrapegw.com:6060	ConnectionTimeoutError: Connection timeout to host https://discord.com/api/v9/unique-username/username-attempt-unauthed
2026-09-01 18:26:34	NETWORK	bvyh	attempt=1	proxy=http://wiw4v7duaymysz9-session-f2d958832858-lifetime-10:***@rp.scrapegw.com:6060	ConnectionTimeoutError: Connection timeout to host https://discord.com/api/v9/unique-username/username-attempt-unauthed
2026-09-01 18:26:34	NETWORK	bvug	attempt=1	proxy=http://wiw4v7duaymysz9-session-756dbfdf32c1-lifetime-10:***@rp.scrapegw.com:6060	ConnectionTimeoutError: Connection timeout to host https://discord.com/api/v9/unique-username/username-attempt-unauthed
2026-09-01 18:26:34	NETWORK	bvec	attempt=1	proxy=http://wiw4v7duaymysz9-session-03718c71d862-lifetime-10:***@rp.scrapegw.com:6060	ConnectionTimeoutError: Connection timeout to host https://discord.com/api/v9/unique-username/username-attempt-unauthed
2026-09-01 18:26:34	NETWORK	bvql	attempt=1	proxy=http://wiw4v7duaymysz9-session-0fe95d6f94d0-lifetime-10:***@rp.scrapegw.com:6060	ConnectionTimeoutError: Connection timeout to host https://discord.com/api/v9/unique-username/username-attempt-unauthed
2026-09-01 18:26:34	NETWORK	bvbk	attempt=1	proxy=http://wiw4v7duaymysz9-session-8616a9d29279-lifetime-10:***@rp.scrapegw.com:6060	ConnectionTimeoutError: Connection timeout to host https://discord.com/api/v9/unique-username/username-attempt-unauthed
2026-09-01 18:26:34	NETWORK	bvsz	attempt=1	proxy=http://wiw4v7duaymysz9-session-11b9a27686c6-lifetime-10:***@rp.scrapegw.com:6060	ConnectionTimeoutError: Connection timeout to host https://discord.com/api/v9/unique-username/username-attempt-unauthed
2026-09-01 18:26:34	NETWORK	bvhh	attempt=1	proxy=http://wiw4v7duaymysz9-session-5ba12f1cb23a-lifetime-10:***@rp.scrapegw.com:6060	ConnectionTimeoutError: Connection timeout to host https://discord.com/api/v9/unique-username/username-attempt-unauthed
2026-09-01 18:26:34	NETWORK	bvcf	attempt=1	proxy=http://wiw4v7duaymysz9-session-5e793cd51028-lifetime-10:***@rp.scrapegw.com:6060	ConnectionTimeoutError: Connection timeout to host https://discord.com/api/v9/unique-username/username-attempt-unauthed
2026-09-01 18:26:34	NETWORK	bvbe	attempt=1	proxy=http://wiw4v7duaymysz9-session-62ca150a47fe-lifetime-10:***@rp.scrapegw.com:6060	ConnectionTimeoutError: Connection timeout to host https://discord.com/api/v9/unique-username/username-attempt-unauthed
2026-09-01 18:26:34	HTTP_429	cofg	attempt=1	proxy=http://wiw4v7duaymysz9-session-81457b7579f5-lifetime-10:***@rp.scrapegw.com:6060	scope=shared global=False retry_after=1385.00s
2026-09-01 18:26:35	HTTP_429	crpd	attempt=1	proxy=http://wiw4v7duaymysz9-session-51bb7a03e796-lifetime-10:***@rp.scrapegw.com:6060	scope=shared global=False retry_after=620.00s
2026-09-01 18:26:35	HTTP_429	cixg	attempt=1	proxy=http://wiw4v7duaymysz9-session-807b0283ca8a-lifetime-10:***@rp.scrapegw.com:6060	scope=shared global=False retry_after=1707.00s
2026-09-01 18:26:35	NETWORK	bxpu	attempt=1	proxy=http://wiw4v7duaymysz9-session-0e32cbdc5c7e-lifetime-10:***@rp.scrapegw.com:6060	ConnectionTimeoutError: Connection timeout to host https://discord.com/api/v9/unique-username/username-attempt-unauthed
2026-09-01 18:26:35	NETWORK	bwtf	attempt=1	proxy=http://wiw4v7duaymysz9-session-73825da3dbdf-lifetime-10:***@rp.scrapegw.com:6060	ConnectionTimeoutError: Connection timeout to host https://discord.com/api/v9/unique-username/username-attempt-unauthed
2026-09-01 18:26:35	NETWORK	bwuc	attempt=1	proxy=http://wiw4v7duaymysz9-session-3a6b46a4fe9b-lifetime-10:***@rp.scrapegw.com:6060	ConnectionTimeoutError: Connection timeout to host https://discord.com/api/v9/unique-username/username-attempt-unauthed
2026-09-01 18:26:35	NETWORK	bwwn	attempt=1	proxy=http://wiw4v7duaymysz9-session-c32b1e6ce2ef-lifetime-10:***@rp.scrapegw.com:6060	ConnectionTimeoutError: Connection timeout to host https://discord.com/api/v9/unique-username/username-attempt-unauthed
2026-09-01 18:26:35	NETWORK	bwcl	attempt=1	proxy=http://wiw4v7duaymysz9-session-2be1607ac85c-lifetime-10:***@rp.scrapegw.com:6060	ConnectionTimeoutError: Connection timeout to host https://discord.com/api/v9/unique-username/username-attempt-unauthed
2026-09-01 18:26:35	NETWORK	bxip	attempt=1	proxy=http://wiw4v7duaymysz9-session-f33349c056d3-lifetime-10:***@rp.scrapegw.com:6060	ConnectionTimeoutError: Connection timeout to host https://discord.com/api/v9/unique-username/username-attempt-unauthed
2026-09-01 18:26:35	NETWORK	bwqg	attempt=1	proxy=http://wiw4v7duaymysz9-session-4288f9466b53-lifetime-10:***@rp.scrapegw.com:6060	ConnectionTimeoutError: Connection timeout to host https://discord.com/api/v9/unique-username/username-attempt-unauthed
2026-09-01 18:26:35	NETWORK	bwox	attempt=1	proxy=http://wiw4v7duaymysz9-session-5c59cec9897d-lifetime-10:***@rp.scrapegw.com:6060	ConnectionTimeoutError: Connection timeout to host https://discord.com/api/v9/unique-username/username-attempt-unauthed
2026-09-01 18:26:35	NETWORK	bwaz	attempt=1	proxy=http://wiw4v7duaymysz9-session-c24a21cf401e-lifetime-10:***@rp.scrapegw.com:6060	ConnectionTimeoutError: Connection timeout to host https://discord.com/api/v9/unique-username/username-attempt-unauthed
2026-09-01 18:26:35	NETWORK	bxed	attempt=1	proxy=http://wiw4v7duaymysz9-session-dae5a4d4c8f9-lifetime-10:***@rp.scrapegw.com:6060	ConnectionTimeoutError: Connection timeout to host https://discord.com/api/v9/unique-username/username-attempt-unauthed
2026-09-01 18:26:35	NETWORK	bwff	attempt=1	proxy=http://wiw4v7duaymysz9-session-03a9d9ba3fbb-lifetime-10:***@rp.scrapegw.com:6060	ConnectionTimeoutError: Connection timeout to host https://discord.com/api/v9/unique-username/username-attempt-unauthed
2026-09-01 18:26:35	NETWORK	bwxz	attempt=1	proxy=http://wiw4v7duaymysz9-session-670ec0fb4906-lifetime-10:***@rp.scrapegw.com:6060	ConnectionTimeoutError: Connection timeout to host https://discord.com/api/v9/unique-username/username-attempt-unauthed
2026-09-01 18:26:35	NETWORK	bwzh	attempt=1	proxy=http://wiw4v7duaymysz9-session-d1a5f42c2360-lifetime-10:***@rp.scrapegw.com:6060	ConnectionTimeoutError: Connection timeout to host https://discord.com/api/v9/unique-username/username-attempt-unauthed
2026-09-01 18:26:35	NETWORK	bxoy	attempt=1	proxy=http://wiw4v7duaymysz9-session-1308ecc44b0d-lifetime-10:***@rp.scrapegw.com:6060	ConnectionTimeoutError: Connection timeout to host https://discord.com/api/v9/unique-username/username-attempt-unauthed
2026-09-01 18:26:35	NETWORK	bwwm	attempt=1	proxy=http://wiw4v7duaymysz9-session-a5e5e6868ca0-lifetime-10:***@rp.scrapegw.com:6060	ConnectionTimeoutError: Connection timeout to host https://discord.com/api/v9/unique-username/username-attempt-unauthed
2026-09-01 18:26:35	NETWORK	bwsp	attempt=1	proxy=http://wiw4v7duaymysz9-session-8095bbf7e202-lifetime-10:***@rp.scrapegw.com:6060	ConnectionTimeoutError: Connection timeout to host https://discord.com/api/v9/unique-username/username-attempt-unauthed
2026-09-01 18:26:35	NETWORK	bwgj	attempt=1	proxy=http://wiw4v7duaymysz9-session-0710a2e9cefa-lifetime-10:***@rp.scrapegw.com:6060	ConnectionTimeoutError: Connection timeout to host https://discord.com/api/v9/unique-username/username-attempt-unauthed
2026-09-01 18:26:35	NETWORK	bxla	attempt=1	proxy=http://wiw4v7duaymysz9-session-428d5ed2c660-lifetime-10:***@rp.scrapegw.com:6060	ConnectionTimeoutError: Connection timeout to host https://discord.com/api/v9/unique-username/username-attempt-unauthed
2026-09-01 18:26:35	NETWORK	bwkn	attempt=1	proxy=http://wiw4v7duaymysz9-session-958215c583cd-lifetime-10:***@rp.scrapegw.com:6060	ConnectionTimeoutError: Connection timeout to host https://discord.com/api/v9/unique-username/username-attempt-unauthed
2026-09-01 18:26:35	NETWORK	bxqg	attempt=1	proxy=http://wiw4v7duaymysz9-session-ac8266fefd8d-lifetime-10:***@rp.scrapegw.com:6060	ConnectionTimeoutError: Connection timeout to host https://discord.com/api/v9/unique-username/username-attempt-unauthed
2026-09-01 18:26:35	NETWORK	bwcf	attempt=1	proxy=http://wiw4v7duaymysz9-session-d49f20b39c8c-lifetime-10:***@rp.scrapegw.com:6060	ConnectionTimeoutError: Connection timeout to host https://discord.com/api/v9/unique-username/username-attempt-unauthed
2026-09-01 18:26:35	NETWORK	bwsa	attempt=1	proxy=http://wiw4v7duaymysz9-session-f63df42aa56d-lifetime-10:***@rp.scrapegw.com:6060	ConnectionTimeoutError: Connection timeout to host https://discord.com/api/v9/unique-username/username-attempt-unauthed
2026-09-01 18:26:35	NETWORK	bxif	attempt=1	proxy=http://wiw4v7duaymysz9-session-d5fe8205d7e8-lifetime-10:***@rp.scrapegw.com:6060	ConnectionTimeoutError: Connection timeout to host https://discord.com/api/v9/unique-username/username-attempt-unauthed
2026-09-01 18:26:35	NETWORK	bxqx	attempt=1	proxy=http://wiw4v7duaymysz9-session-e4ed44e004c6-lifetime-10:***@rp.scrapegw.com:6060	ConnectionTimeoutError: Connection timeout to host https://discord.com/api/v9/unique-username/username-attempt-unauthed
2026-09-01 18:26:35	NETWORK	bxrj	attempt=1	proxy=http://wiw4v7duaymysz9-session-b4e40607af4d-lifetime-10:***@rp.scrapegw.com:6060	ConnectionTimeoutError: Connection timeout to host https://discord.com/api/v9/unique-username/username-attempt-unauthed
2026-09-01 18:26:36	NETWORK	cmzs	attempt=1	proxy=http://wiw4v7duaymysz9-session-67b33827aac3-lifetime-10:***@rp.scrapegw.com:6060	ClientConnectorCertificateError: Cannot connect to host discord.com:443 ssl:True [SSLCertVerificationError: (1, '[SSL: CERTIFICATE_VERIFY_FAILED] certificate verify failed: self-signed certificate (_ssl.c:1081)')]
2026-09-01 18:26:36	HTTP_429	cuof	attempt=1	proxy=http://wiw4v7duaymysz9-session-1c890e4ffacb-lifetime-10:***@rp.scrapegw.com:6060	scope=shared global=False retry_after=709.00s
2026-09-01 18:26:36	NETWORK	bxsk	attempt=1	proxy=http://wiw4v7duaymysz9-session-25d98bc2f02b-lifetime-10:***@rp.scrapegw.com:6060	ClientConnectorError: Cannot connect to host discord.com:443 ssl:default [Connection reset by peer]
2026-09-01 18:26:36	HTTP_429	cuyv	attempt=1	proxy=http://wiw4v7duaymysz9-session-a5d782bfa997-lifetime-10:***@rp.scrapegw.com:6060	scope=shared global=False retry_after=1315.00s
2026-09-01 18:26:36	NETWORK	bybf	attempt=1	proxy=http://wiw4v7duaymysz9-session-eaaaa3feef66-lifetime-10:***@rp.scrapegw.com:6060	ConnectionTimeoutError: Connection timeout to host https://discord.com/api/v9/unique-username/username-attempt-unauthed
2026-09-01 18:26:36	NETWORK	bybb	attempt=1	proxy=http://wiw4v7duaymysz9-session-44652a5b3768-lifetime-10:***@rp.scrapegw.com:6060	ConnectionTimeoutError: Connection timeout to host https://discord.com/api/v9/unique-username/username-attempt-unauthed
2026-09-01 18:26:36	NETWORK	byfg	attempt=1	proxy=http://wiw4v7duaymysz9-session-e2782b4f941f-lifetime-10:***@rp.scrapegw.com:6060	ConnectionTimeoutError: Connection timeout to host https://discord.com/api/v9/unique-username/username-attempt-unauthed
2026-09-01 18:26:36	NETWORK	bxtj	attempt=1	proxy=http://wiw4v7duaymysz9-session-f50cf0f7dd5f-lifetime-10:***@rp.scrapegw.com:6060	ConnectionTimeoutError: Connection timeout to host https://discord.com/api/v9/unique-username/username-attempt-unauthed
2026-09-01 18:26:36	NETWORK	bygg	attempt=1	proxy=http://wiw4v7duaymysz9-session-d31ff1cd1753-lifetime-10:***@rp.scrapegw.com:6060	ConnectionTimeoutError: Connection timeout to host https://discord.com/api/v9/unique-username/username-attempt-unauthed
2026-09-01 18:26:36	NETWORK	bydu	attempt=1	proxy=http://wiw4v7duaymysz9-session-566ff91c108f-lifetime-10:***@rp.scrapegw.com:6060	ConnectionTimeoutError: Connection timeout to host https://discord.com/api/v9/unique-username/username-attempt-unauthed
2026-09-01 18:26:36	NETWORK	byck	attempt=1	proxy=http://wiw4v7duaymysz9-session-b9a9490b60dd-lifetime-10:***@rp.scrapegw.com:6060	ConnectionTimeoutError: Connection timeout to host https://discord.com/api/v9/unique-username/username-attempt-unauthed
2026-09-01 18:26:36	NETWORK	bxtl	attempt=1	proxy=http://wiw4v7duaymysz9-session-1ba935a838fe-lifetime-10:***@rp.scrapegw.com:6060	ConnectionTimeoutError: Connection timeout to host https://discord.com/api/v9/unique-username/username-attempt-unauthed
2026-09-01 18:26:36	NETWORK	byfm	attempt=1	proxy=http://wiw4v7duaymysz9-session-1d9d07867042-lifetime-10:***@rp.scrapegw.com:6060	ConnectionTimeoutError: Connection timeout to host https://discord.com/api/v9/unique-username/username-attempt-unauthed
2026-09-01 18:26:36	NETWORK	bxxb	attempt=1	proxy=http://wiw4v7duaymysz9-session-6885f7cccaf0-lifetime-10:***@rp.scrapegw.com:6060	ConnectionTimeoutError: Connection timeout to host https://discord.com/api/v9/unique-username/username-attempt-unauthed
2026-09-01 18:26:36	NETWORK	bydy	attempt=1	proxy=http://wiw4v7duaymysz9-session-3f2fff460339-lifetime-10:***@rp.scrapegw.com:6060	ConnectionTimeoutError: Connection timeout to host https://discord.com/api/v9/unique-username/username-attempt-unauthed
2026-09-01 18:26:36	NETWORK	byap	attempt=1	proxy=http://wiw4v7duaymysz9-session-253ae33adee8-lifetime-10:***@rp.scrapegw.com:6060	ConnectionTimeoutError: Connection timeout to host https://discord.com/api/v9/unique-username/username-attempt-unauthed
2026-09-01 18:26:36	HTTP_429	cvkc	attempt=1	proxy=http://wiw4v7duaymysz9-session-7988ebce27f4-lifetime-10:***@rp.scrapegw.com:6060	scope=shared global=False retry_after=939.00s
2026-09-01 18:26:37	HTTP_429	cvid	attempt=1	proxy=http://wiw4v7duaymysz9-session-0ab6542fd138-lifetime-10:***@rp.scrapegw.com:6060	scope=shared global=False retry_after=1589.00s
2026-09-01 18:26:37	HTTP_429	cvkx	attempt=1	proxy=http://wiw4v7duaymysz9-session-66c41c011a1f-lifetime-10:***@rp.scrapegw.com:6060	scope=shared global=False retry_after=58.00s
2026-09-01 18:26:37	HTTP_429	cvpa	attempt=1	proxy=http://wiw4v7duaymysz9-session-cdd5ba242af0-lifetime-10:***@rp.scrapegw.com:6060	scope=shared global=False retry_after=1651.00s
2026-09-01 18:26:37	NETWORK	bywl	attempt=1	proxy=http://wiw4v7duaymysz9-session-350e7090b4d7-lifetime-10:***@rp.scrapegw.com:6060	ConnectionTimeoutError: Connection timeout to host https://discord.com/api/v9/unique-username/username-attempt-unauthed
2026-09-01 18:26:37	NETWORK	byxa	attempt=1	proxy=http://wiw4v7duaymysz9-session-00d738de3e0d-lifetime-10:***@rp.scrapegw.com:6060	ConnectionTimeoutError: Connection timeout to host https://discord.com/api/v9/unique-username/username-attempt-unauthed
2026-09-01 18:26:37	NETWORK	byxr	attempt=1	proxy=http://wiw4v7duaymysz9-session-26677c77b0e6-lifetime-10:***@rp.scrapegw.com:6060	ConnectionTimeoutError: Connection timeout to host https://discord.com/api/v9/unique-username/username-attempt-unauthed
2026-09-01 18:26:37	NETWORK	byod	attempt=1	proxy=http://wiw4v7duaymysz9-session-f899764f0e74-lifetime-10:***@rp.scrapegw.com:6060	ConnectionTimeoutError: Connection timeout to host https://discord.com/api/v9/unique-username/username-attempt-unauthed
2026-09-01 18:26:37	NETWORK	byhi	attempt=1	proxy=http://wiw4v7duaymysz9-session-94935035b2d7-lifetime-10:***@rp.scrapegw.com:6060	ConnectionTimeoutError: Connection timeout to host https://discord.com/api/v9/unique-username/username-attempt-unauthed
2026-09-01 18:26:37	NETWORK	byjc	attempt=1	proxy=http://wiw4v7duaymysz9-session-fcd27a598c33-lifetime-10:***@rp.scrapegw.com:6060	ConnectionTimeoutError: Connection timeout to host https://discord.com/api/v9/unique-username/username-attempt-unauthed
2026-09-01 18:26:37	NETWORK	byyd	attempt=1	proxy=http://wiw4v7duaymysz9-session-15ec366f1da9-lifetime-10:***@rp.scrapegw.com:6060	ConnectionTimeoutError: Connection timeout to host https://discord.com/api/v9/unique-username/username-attempt-unauthed
2026-09-01 18:26:37	NETWORK	bysx	attempt=1	proxy=http://wiw4v7duaymysz9-session-be309fc9ee3c-lifetime-10:***@rp.scrapegw.com:6060	ConnectionTimeoutError: Connection timeout to host https://discord.com/api/v9/unique-username/username-attempt-unauthed
2026-09-01 18:26:37	NETWORK	byud	attempt=1	proxy=http://wiw4v7duaymysz9-session-53fb5bc47d63-lifetime-10:***@rp.scrapegw.com:6060	ConnectionTimeoutError: Connection timeout to host https://discord.com/api/v9/unique-username/username-attempt-unauthed
2026-09-01 18:26:37	NETWORK	byko	attempt=1	proxy=http://wiw4v7duaymysz9-session-bc50d64fea58-lifetime-10:***@rp.scrapegw.com:6060	ConnectionTimeoutError: Connection timeout to host https://discord.com/api/v9/unique-username/username-attempt-unauthed
2026-09-01 18:26:37	NETWORK	bylt	attempt=1	proxy=http://wiw4v7duaymysz9-session-596786bfb632-lifetime-10:***@rp.scrapegw.com:6060	ConnectionTimeoutError: Connection timeout to host https://discord.com/api/v9/unique-username/username-attempt-unauthed
2026-09-01 18:26:37	HTTP_429	cvvv	attempt=1	proxy=http://wiw4v7duaymysz9-session-cb0a267e141f-lifetime-10:***@rp.scrapegw.com:6060	scope=shared global=False retry_after=574.00s
2026-09-01 18:26:38	HTTP_429	cwri	attempt=1	proxy=http://wiw4v7duaymysz9-session-d471ac69671d-lifetime-10:***@rp.scrapegw.com:6060	scope=shared global=False retry_after=1317.00s
2026-09-01 18:26:38	NETWORK	bzez	attempt=1	proxy=http://wiw4v7duaymysz9-session-94ec85d37d3b-lifetime-10:***@rp.scrapegw.com:6060	ConnectionTimeoutError: Connection timeout to host https://discord.com/api/v9/unique-username/username-attempt-unauthed
2026-09-01 18:26:38	NETWORK	byzu	attempt=1	proxy=http://wiw4v7duaymysz9-session-e1842714114a-lifetime-10:***@rp.scrapegw.com:6060	ConnectionTimeoutError: Connection timeout to host https://discord.com/api/v9/unique-username/username-attempt-unauthed
2026-09-01 18:26:38	NETWORK	bzdf	attempt=1	proxy=http://wiw4v7duaymysz9-session-f7dfdb24d3f2-lifetime-10:***@rp.scrapegw.com:6060	ConnectionTimeoutError: Connection timeout to host https://discord.com/api/v9/unique-username/username-attempt-unauthed
2026-09-01 18:26:38	NETWORK	bzbf	attempt=1	proxy=http://wiw4v7duaymysz9-session-ccc1d488e74f-lifetime-10:***@rp.scrapegw.com:6060	ConnectionTimeoutError: Connection timeout to host https://discord.com/api/v9/unique-username/username-attempt-unauthed
2026-09-01 18:26:38	NETWORK	bzdx	attempt=1	proxy=http://wiw4v7duaymysz9-session-1d474d660cce-lifetime-10:***@rp.scrapegw.com:6060	ConnectionTimeoutError: Connection timeout to host https://discord.com/api/v9/unique-username/username-attempt-unauthed
2026-09-01 18:26:38	NETWORK	bzeu	attempt=1	proxy=http://wiw4v7duaymysz9-session-f66ffbd711e4-lifetime-10:***@rp.scrapegw.com:6060	ConnectionTimeoutError: Connection timeout to host https://discord.com/api/v9/unique-username/username-attempt-unauthed
2026-09-01 18:26:38	NETWORK	byza	attempt=1	proxy=http://wiw4v7duaymysz9-session-9f6bb422aa91-lifetime-10:***@rp.scrapegw.com:6060	ConnectionTimeoutError: Connection timeout to host https://discord.com/api/v9/unique-username/username-attempt-unauthed
2026-09-01 18:26:38	NETWORK	bzdy	attempt=1	proxy=http://wiw4v7duaymysz9-session-a99d6d94fda6-lifetime-10:***@rp.scrapegw.com:6060	ConnectionTimeoutError: Connection timeout to host https://discord.com/api/v9/unique-username/username-attempt-unauthed
2026-09-01 18:26:38	NETWORK	bzak	attempt=1	proxy=http://wiw4v7duaymysz9-session-b3eba594b1f7-lifetime-10:***@rp.scrapegw.com:6060	ConnectionTimeoutError: Connection timeout to host https://discord.com/api/v9/unique-username/username-attempt-unauthed
2026-09-01 18:26:38	NETWORK	bzbe	attempt=1	proxy=http://wiw4v7duaymysz9-session-52d4390621ef-lifetime-10:***@rp.scrapegw.com:6060	ConnectionTimeoutError: Connection timeout to host https://discord.com/api/v9/unique-username/username-attempt-unauthed
2026-09-01 18:26:39	HTTP_429	cwzq	attempt=1	proxy=http://wiw4v7duaymysz9-session-ed72ca21203c-lifetime-10:***@rp.scrapegw.com:6060	scope=shared global=False retry_after=128.00s
2026-09-01 18:26:39	NETWORK	bzpd	attempt=1	proxy=http://wiw4v7duaymysz9-session-d389bddfe696-lifetime-10:***@rp.scrapegw.com:6060	ConnectionTimeoutError: Connection timeout to host https://discord.com/api/v9/unique-username/username-attempt-unauthed
2026-09-01 18:26:39	NETWORK	caaw	attempt=1	proxy=http://wiw4v7duaymysz9-session-953b1c312be3-lifetime-10:***@rp.scrapegw.com:6060	ConnectionTimeoutError: Connection timeout to host https://discord.com/api/v9/unique-username/username-attempt-unauthed
2026-09-01 18:26:39	NETWORK	bzqp	attempt=1	proxy=http://wiw4v7duaymysz9-session-fb494c342234-lifetime-10:***@rp.scrapegw.com:6060	ConnectionTimeoutError: Connection timeout to host https://discord.com/api/v9/unique-username/username-attempt-unauthed
2026-09-01 18:26:39	NETWORK	cacx	attempt=1	proxy=http://wiw4v7duaymysz9-session-cf59084a2ff9-lifetime-10:***@rp.scrapegw.com:6060	ConnectionTimeoutError: Connection timeout to host https://discord.com/api/v9/unique-username/username-attempt-unauthed
2026-09-01 18:26:39	NETWORK	cact	attempt=1	proxy=http://wiw4v7duaymysz9-session-2f980d24af33-lifetime-10:***@rp.scrapegw.com:6060	ConnectionTimeoutError: Connection timeout to host https://discord.com/api/v9/unique-username/username-attempt-unauthed
2026-09-01 18:26:39	NETWORK	bzim	attempt=1	proxy=http://wiw4v7duaymysz9-session-d36a55fd8f0d-lifetime-10:***@rp.scrapegw.com:6060	ConnectionTimeoutError: Connection timeout to host https://discord.com/api/v9/unique-username/username-attempt-unauthed
2026-09-01 18:26:39	NETWORK	bzhq	attempt=1	proxy=http://wiw4v7duaymysz9-session-b319abd65e17-lifetime-10:***@rp.scrapegw.com:6060	ConnectionTimeoutError: Connection timeout to host https://discord.com/api/v9/unique-username/username-attempt-unauthed
2026-09-01 18:26:39	NETWORK	bzlj	attempt=1	proxy=http://wiw4v7duaymysz9-session-0e43a85b7bcd-lifetime-10:***@rp.scrapegw.com:6060	ConnectionTimeoutError: Connection timeout to host https://discord.com/api/v9/unique-username/username-attempt-unauthed
2026-09-01 18:26:39	NETWORK	bzkt	attempt=1	proxy=http://wiw4v7duaymysz9-session-bde5d837a1ce-lifetime-10:***@rp.scrapegw.com:6060	ConnectionTimeoutError: Connection timeout to host https://discord.com/api/v9/unique-username/username-attempt-unauthed
2026-09-01 18:26:39	NETWORK	bzms	attempt=1	proxy=http://wiw4v7duaymysz9-session-261174e04328-lifetime-10:***@rp.scrapegw.com:6060	ConnectionTimeoutError: Connection timeout to host https://discord.com/api/v9/unique-username/username-attempt-unauthed
2026-09-01 18:26:39	NETWORK	bzxw	attempt=1	proxy=http://wiw4v7duaymysz9-session-479876e2e074-lifetime-10:***@rp.scrapegw.com:6060	ConnectionTimeoutError: Connection timeout to host https://discord.com/api/v9/unique-username/username-attempt-unauthed
2026-09-01 18:26:39	NETWORK	bzxg	attempt=1	proxy=http://wiw4v7duaymysz9-session-11d0ff5d1b9c-lifetime-10:***@rp.scrapegw.com:6060	ConnectionTimeoutError: Connection timeout to host https://discord.com/api/v9/unique-username/username-attempt-unauthed
2026-09-01 18:26:39	NETWORK	bzgi	attempt=1	proxy=http://wiw4v7duaymysz9-session-507059ffbb0b-lifetime-10:***@rp.scrapegw.com:6060	ConnectionTimeoutError: Connection timeout to host https://discord.com/api/v9/unique-username/username-attempt-unauthed
2026-09-01 18:26:39	NETWORK	bzfc	attempt=1	proxy=http://wiw4v7duaymysz9-session-2fe412662887-lifetime-10:***@rp.scrapegw.com:6060	ConnectionTimeoutError: Connection timeout to host https://discord.com/api/v9/unique-username/username-attempt-unauthed
2026-09-01 18:26:39	NETWORK	bzsm	attempt=1	proxy=http://wiw4v7duaymysz9-session-8d57a12528d9-lifetime-10:***@rp.scrapegw.com:6060	ConnectionTimeoutError: Connection timeout to host https://discord.com/api/v9/unique-username/username-attempt-unauthed
2026-09-01 18:26:39	NETWORK	bzpv	attempt=1	proxy=http://wiw4v7duaymysz9-session-24c1a0807149-lifetime-10:***@rp.scrapegw.com:6060	ConnectionTimeoutError: Connection timeout to host https://discord.com/api/v9/unique-username/username-attempt-unauthed
2026-09-01 18:26:39	NETWORK	bzid	attempt=1	proxy=http://wiw4v7duaymysz9-session-c28b9a82bd6e-lifetime-10:***@rp.scrapegw.com:6060	ConnectionTimeoutError: Connection timeout to host https://discord.com/api/v9/unique-username/username-attempt-unauthed
2026-09-01 18:26:39	NETWORK	caeb	attempt=1	proxy=http://wiw4v7duaymysz9-session-375e3dbbc795-lifetime-10:***@rp.scrapegw.com:6060	ConnectionTimeoutError: Connection timeout to host https://discord.com/api/v9/unique-username/username-attempt-unauthed
2026-09-01 18:26:39	NETWORK	cael	attempt=1	proxy=http://wiw4v7duaymysz9-session-b0fa2d48efa2-lifetime-10:***@rp.scrapegw.com:6060	ConnectionTimeoutError: Connection timeout to host https://discord.com/api/v9/unique-username/username-attempt-unauthed
2026-09-01 18:26:40	NETWORK	ciad	attempt=1	proxy=http://wiw4v7duaymysz9-session-f4279fb2a408-lifetime-10:***@rp.scrapegw.com:6060	ClientConnectorError: Cannot connect to host discord.com:443 ssl:default [Connection reset by peer]
2026-09-01 18:26:40	HTTP_429	cycg	attempt=1	proxy=http://wiw4v7duaymysz9-session-de5c2806f890-lifetime-10:***@rp.scrapegw.com:6060	scope=shared global=False retry_after=1052.00s
2026-09-01 18:26:40	NETWORK	cmym	attempt=1	proxy=http://wiw4v7duaymysz9-session-9d1053098ed5-lifetime-10:***@rp.scrapegw.com:6060	ClientConnectorError: Cannot connect to host discord.com:443 ssl:default [Connection reset by peer]
2026-09-01 18:26:40	NETWORK	cqjv	attempt=1	proxy=http://wiw4v7duaymysz9-session-67bd876cef98-lifetime-10:***@rp.scrapegw.com:6060	ClientConnectorError: Cannot connect to host discord.com:443 ssl:default [Connection reset by peer]
2026-09-01 18:26:40	HTTP_429	cjrl	attempt=1	proxy=http://wiw4v7duaymysz9-session-88bfc0c74842-lifetime-10:***@rp.scrapegw.com:6060	scope=shared global=False retry_after=485.00s
2026-09-01 18:26:40	NETWORK	ccna	attempt=1	proxy=http://wiw4v7duaymysz9-session-3443a7140ca5-lifetime-10:***@rp.scrapegw.com:6060	ConnectionTimeoutError: Connection timeout to host https://discord.com/api/v9/unique-username/username-attempt-unauthed
2026-09-01 18:26:40	NETWORK	ccqv	attempt=1	proxy=http://wiw4v7duaymysz9-session-a8e2f789f2e0-lifetime-10:***@rp.scrapegw.com:6060	ConnectionTimeoutError: Connection timeout to host https://discord.com/api/v9/unique-username/username-attempt-unauthed
2026-09-01 18:26:40	NETWORK	cchw	attempt=1	proxy=http://wiw4v7duaymysz9-session-704d4dc527fd-lifetime-10:***@rp.scrapegw.com:6060	ConnectionTimeoutError: Connection timeout to host https://discord.com/api/v9/unique-username/username-attempt-unauthed
2026-09-01 18:26:40	NETWORK	cbsh	attempt=1	proxy=http://wiw4v7duaymysz9-session-d232b36e9f8a-lifetime-10:***@rp.scrapegw.com:6060	ConnectionTimeoutError: Connection timeout to host https://discord.com/api/v9/unique-username/username-attempt-unauthed
2026-09-01 18:26:40	NETWORK	cbnj	attempt=1	proxy=http://wiw4v7duaymysz9-session-3370a7a8ee43-lifetime-10:***@rp.scrapegw.com:6060	ConnectionTimeoutError: Connection timeout to host https://discord.com/api/v9/unique-username/username-attempt-unauthed
2026-09-01 18:26:40	NETWORK	ccwq	attempt=1	proxy=http://wiw4v7duaymysz9-session-a6fe1f58999c-lifetime-10:***@rp.scrapegw.com:6060	ConnectionTimeoutError: Connection timeout to host https://discord.com/api/v9/unique-username/username-attempt-unauthed
2026-09-01 18:26:40	NETWORK	cbop	attempt=1	proxy=http://wiw4v7duaymysz9-session-e0bf34128d29-lifetime-10:***@rp.scrapegw.com:6060	ConnectionTimeoutError: Connection timeout to host https://discord.com/api/v9/unique-username/username-attempt-unauthed
2026-09-01 18:26:40	NETWORK	cbbo	attempt=1	proxy=http://wiw4v7duaymysz9-session-e74c69952ac0-lifetime-10:***@rp.scrapegw.com:6060	ConnectionTimeoutError: Connection timeout to host https://discord.com/api/v9/unique-username/username-attempt-unauthed
2026-09-01 18:26:40	NETWORK	cbxi	attempt=1	proxy=http://wiw4v7duaymysz9-session-c2a1a01151a9-lifetime-10:***@rp.scrapegw.com:6060	ConnectionTimeoutError: Connection timeout to host https://discord.com/api/v9/unique-username/username-attempt-unauthed
2026-09-01 18:26:40	NETWORK	cbqb	attempt=1	proxy=http://wiw4v7duaymysz9-session-d49d7d9eb564-lifetime-10:***@rp.scrapegw.com:6060	ConnectionTimeoutError: Connection timeout to host https://discord.com/api/v9/unique-username/username-attempt-unauthed
2026-09-01 18:26:40	NETWORK	camk	attempt=1	proxy=http://wiw4v7duaymysz9-session-056ff4c53d3d-lifetime-10:***@rp.scrapegw.com:6060	ConnectionTimeoutError: Connection timeout to host https://discord.com/api/v9/unique-username/username-attempt-unauthed
2026-09-01 18:26:40	NETWORK	cbju	attempt=1	proxy=http://wiw4v7duaymysz9-session-469f2b45f911-lifetime-10:***@rp.scrapegw.com:6060	ConnectionTimeoutError: Connection timeout to host https://discord.com/api/v9/unique-username/username-attempt-unauthed
2026-09-01 18:26:40	NETWORK	cbjx	attempt=1	proxy=http://wiw4v7duaymysz9-session-83c09c5d328e-lifetime-10:***@rp.scrapegw.com:6060	ConnectionTimeoutError: Connection timeout to host https://discord.com/api/v9/unique-username/username-attempt-unauthed
2026-09-01 18:26:40	NETWORK	ccwg	attempt=1	proxy=http://wiw4v7duaymysz9-session-5fa24eff472f-lifetime-10:***@rp.scrapegw.com:6060	ConnectionTimeoutError: Connection timeout to host https://discord.com/api/v9/unique-username/username-attempt-unauthed
2026-09-01 18:26:40	NETWORK	ccjs	attempt=1	proxy=http://wiw4v7duaymysz9-session-12654df4ff09-lifetime-10:***@rp.scrapegw.com:6060	ConnectionTimeoutError: Connection timeout to host https://discord.com/api/v9/unique-username/username-attempt-unauthed
2026-09-01 18:26:40	NETWORK	ccrh	attempt=1	proxy=http://wiw4v7duaymysz9-session-09eff35ed429-lifetime-10:***@rp.scrapegw.com:6060	ConnectionTimeoutError: Connection timeout to host https://discord.com/api/v9/unique-username/username-attempt-unauthed
2026-09-01 18:26:40	NETWORK	ccsy	attempt=1	proxy=http://wiw4v7duaymysz9-session-2c5cc37cfbf4-lifetime-10:***@rp.scrapegw.com:6060	ConnectionTimeoutError: Connection timeout to host https://discord.com/api/v9/unique-username/username-attempt-unauthed
2026-09-01 18:26:40	NETWORK	ccum	attempt=1	proxy=http://wiw4v7duaymysz9-session-1df813e5f3cd-lifetime-10:***@rp.scrapegw.com:6060	ConnectionTimeoutError: Connection timeout to host https://discord.com/api/v9/unique-username/username-attempt-unauthed
2026-09-01 18:26:40	NETWORK	cbqt	attempt=1	proxy=http://wiw4v7duaymysz9-session-5c2992bb73ad-lifetime-10:***@rp.scrapegw.com:6060	ConnectionTimeoutError: Connection timeout to host https://discord.com/api/v9/unique-username/username-attempt-unauthed
2026-09-01 18:26:40	NETWORK	cbwf	attempt=1	proxy=http://wiw4v7duaymysz9-session-de458e0a4e37-lifetime-10:***@rp.scrapegw.com:6060	ConnectionTimeoutError: Connection timeout to host https://discord.com/api/v9/unique-username/username-attempt-unauthed
2026-09-01 18:26:40	NETWORK	cbuy	attempt=1	proxy=http://wiw4v7duaymysz9-session-32d618959187-lifetime-10:***@rp.scrapegw.com:6060	ConnectionTimeoutError: Connection timeout to host https://discord.com/api/v9/unique-username/username-attempt-unauthed
2026-09-01 18:26:40	NETWORK	cbib	attempt=1	proxy=http://wiw4v7duaymysz9-session-afe957b77e0e-lifetime-10:***@rp.scrapegw.com:6060	ConnectionTimeoutError: Connection timeout to host https://discord.com/api/v9/unique-username/username-attempt-unauthed
2026-09-01 18:26:40	NETWORK	cbcq	attempt=1	proxy=http://wiw4v7duaymysz9-session-e69c2011a107-lifetime-10:***@rp.scrapegw.com:6060	ConnectionTimeoutError: Connection timeout to host https://discord.com/api/v9/unique-username/username-attempt-unauthed
2026-09-01 18:26:40	NETWORK	cctw	attempt=1	proxy=http://wiw4v7duaymysz9-session-9d1ee006a2d1-lifetime-10:***@rp.scrapegw.com:6060	ConnectionTimeoutError: Connection timeout to host https://discord.com/api/v9/unique-username/username-attempt-unauthed
2026-09-01 18:26:40	NETWORK	cbvd	attempt=1	proxy=http://wiw4v7duaymysz9-session-f807b312513b-lifetime-10:***@rp.scrapegw.com:6060	ConnectionTimeoutError: Connection timeout to host https://discord.com/api/v9/unique-username/username-attempt-unauthed
2026-09-01 18:26:40	NETWORK	ccxn	attempt=1	proxy=http://wiw4v7duaymysz9-session-3b41c3f7d0e7-lifetime-10:***@rp.scrapegw.com:6060	ConnectionTimeoutError: Connection timeout to host https://discord.com/api/v9/unique-username/username-attempt-unauthed
2026-09-01 18:26:40	NETWORK	ccro	attempt=1	proxy=http://wiw4v7duaymysz9-session-52e23e2fcccc-lifetime-10:***@rp.scrapegw.com:6060	ConnectionTimeoutError: Connection timeout to host https://discord.com/api/v9/unique-username/username-attempt-unauthed
2026-09-01 18:26:40	NETWORK	ccsx	attempt=1	proxy=http://wiw4v7duaymysz9-session-f91d9d13b6b8-lifetime-10:***@rp.scrapegw.com:6060	ConnectionTimeoutError: Connection timeout to host https://discord.com/api/v9/unique-username/username-attempt-unauthed
2026-09-01 18:26:40	NETWORK	ccwn	attempt=1	proxy=http://wiw4v7duaymysz9-session-4f2c545ab120-lifetime-10:***@rp.scrapegw.com:6060	ConnectionTimeoutError: Connection timeout to host https://discord.com/api/v9/unique-username/username-attempt-unauthed
2026-09-01 18:26:40	NETWORK	ccxm	attempt=1	proxy=http://wiw4v7duaymysz9-session-f9979276aa0f-lifetime-10:***@rp.scrapegw.com:6060	ConnectionTimeoutError: Connection timeout to host https://discord.com/api/v9/unique-username/username-attempt-unauthed
2026-09-01 18:26:40	NETWORK	clzb	attempt=1	proxy=http://wiw4v7duaymysz9-session-11b9a27686c6-lifetime-10:***@rp.scrapegw.com:6060	ClientConnectorError: Cannot connect to host discord.com:443 ssl:default [Connection reset by peer]
2026-09-01 18:26:40	HTTP_429	cnnx	attempt=1	proxy=http://wiw4v7duaymysz9-session-c292d2621979-lifetime-10:***@rp.scrapegw.com:6060	scope=shared global=False retry_after=405.00s
2026-09-01 18:26:41	HTTP_429	cchn	attempt=1	proxy=http://wiw4v7duaymysz9-session-31ab8a6a275f-lifetime-10:***@rp.scrapegw.com:6060	scope=shared global=False retry_after=1307.00s
2026-09-01 18:26:41	NETWORK	cuqp	attempt=1	proxy=http://wiw4v7duaymysz9-session-a50104c00809-lifetime-10:***@rp.scrapegw.com:6060	ServerDisconnectedError: Server disconnected
2026-09-01 18:26:41	NETWORK	cpbu	attempt=1	proxy=http://wiw4v7duaymysz9-session-ba80193d3cc1-lifetime-10:***@rp.scrapegw.com:6060	ClientConnectorError: Cannot connect to host discord.com:443 ssl:default [Connection reset by peer]
2026-09-01 18:26:41	NETWORK	crru	attempt=1	proxy=http://wiw4v7duaymysz9-session-e44f781e260a-lifetime-10:***@rp.scrapegw.com:6060	ClientConnectorError: Cannot connect to host discord.com:443 ssl:default [Connection reset by peer]
2026-09-01 18:26:41	NETWORK	cdah	attempt=1	proxy=http://wiw4v7duaymysz9-session-4f3d423e333c-lifetime-10:***@rp.scrapegw.com:6060	ConnectionTimeoutError: Connection timeout to host https://discord.com/api/v9/unique-username/username-attempt-unauthed
2026-09-01 18:26:41	NETWORK	cfha	attempt=1	proxy=http://wiw4v7duaymysz9-session-95b27ae463a8-lifetime-10:***@rp.scrapegw.com:6060	ConnectionTimeoutError: Connection timeout to host https://discord.com/api/v9/unique-username/username-attempt-unauthed
2026-09-01 18:26:41	NETWORK	ceoy	attempt=1	proxy=http://wiw4v7duaymysz9-session-1cf533f5b242-lifetime-10:***@rp.scrapegw.com:6060	ConnectionTimeoutError: Connection timeout to host https://discord.com/api/v9/unique-username/username-attempt-unauthed
2026-09-01 18:26:41	NETWORK	cewn	attempt=1	proxy=http://wiw4v7duaymysz9-session-d807fcaa5b0f-lifetime-10:***@rp.scrapegw.com:6060	ConnectionTimeoutError: Connection timeout to host https://discord.com/api/v9/unique-username/username-attempt-unauthed
2026-09-01 18:26:41	NETWORK	cebg	attempt=1	proxy=http://wiw4v7duaymysz9-session-46523a4ed74c-lifetime-10:***@rp.scrapegw.com:6060	ConnectionTimeoutError: Connection timeout to host https://discord.com/api/v9/unique-username/username-attempt-unauthed
2026-09-01 18:26:41	NETWORK	cdpw	attempt=1	proxy=http://wiw4v7duaymysz9-session-836b33a24767-lifetime-10:***@rp.scrapegw.com:6060	ConnectionTimeoutError: Connection timeout to host https://discord.com/api/v9/unique-username/username-attempt-unauthed
2026-09-01 18:26:41	NETWORK	cdhr	attempt=1	proxy=http://wiw4v7duaymysz9-session-8304f79eb2e5-lifetime-10:***@rp.scrapegw.com:6060	ConnectionTimeoutError: Connection timeout to host https://discord.com/api/v9/unique-username/username-attempt-unauthed
2026-09-01 18:26:41	NETWORK	cewv	attempt=1	proxy=http://wiw4v7duaymysz9-session-74e97f78eccc-lifetime-10:***@rp.scrapegw.com:6060	ConnectionTimeoutError: Connection timeout to host https://discord.com/api/v9/unique-username/username-attempt-unauthed
2026-09-01 18:26:41	NETWORK	cegd	attempt=1	proxy=http://wiw4v7duaymysz9-session-59028a0df4a5-lifetime-10:***@rp.scrapegw.com:6060	ConnectionTimeoutError: Connection timeout to host https://discord.com/api/v9/unique-username/username-attempt-unauthed
2026-09-01 18:26:41	NETWORK	cdxh	attempt=1	proxy=http://wiw4v7duaymysz9-session-1c27d0da221b-lifetime-10:***@rp.scrapegw.com:6060	ConnectionTimeoutError: Connection timeout to host https://discord.com/api/v9/unique-username/username-attempt-unauthed
2026-09-01 18:26:41	NETWORK	cemi	attempt=1	proxy=http://wiw4v7duaymysz9-session-5ab5eff7ae39-lifetime-10:***@rp.scrapegw.com:6060	ConnectionTimeoutError: Connection timeout to host https://discord.com/api/v9/unique-username/username-attempt-unauthed
2026-09-01 18:26:41	NETWORK	cesz	attempt=1	proxy=http://wiw4v7duaymysz9-session-35071288d92c-lifetime-10:***@rp.scrapegw.com:6060	ConnectionTimeoutError: Connection timeout to host https://discord.com/api/v9/unique-username/username-attempt-unauthed
2026-09-01 18:26:41	NETWORK	cevr	attempt=1	proxy=http://wiw4v7duaymysz9-session-af846f2f7e82-lifetime-10:***@rp.scrapegw.com:6060	ConnectionTimeoutError: Connection timeout to host https://discord.com/api/v9/unique-username/username-attempt-unauthed
2026-09-01 18:26:41	NETWORK	cczs	attempt=1	proxy=http://wiw4v7duaymysz9-session-43cd8c7ecf57-lifetime-10:***@rp.scrapegw.com:6060	ConnectionTimeoutError: Connection timeout to host https://discord.com/api/v9/unique-username/username-attempt-unauthed
2026-09-01 18:26:41	NETWORK	cerl	attempt=1	proxy=http://wiw4v7duaymysz9-session-0151242fbc92-lifetime-10:***@rp.scrapegw.com:6060	ConnectionTimeoutError: Connection timeout to host https://discord.com/api/v9/unique-username/username-attempt-unauthed
2026-09-01 18:26:41	NETWORK	cegz	attempt=1	proxy=http://wiw4v7duaymysz9-session-2f24c3f935f6-lifetime-10:***@rp.scrapegw.com:6060	ConnectionTimeoutError: Connection timeout to host https://discord.com/api/v9/unique-username/username-attempt-unauthed
2026-09-01 18:26:41	NETWORK	cfqh	attempt=1	proxy=http://wiw4v7duaymysz9-session-cb5c80bb1297-lifetime-10:***@rp.scrapegw.com:6060	ConnectionTimeoutError: Connection timeout to host https://discord.com/api/v9/unique-username/username-attempt-unauthed
2026-09-01 18:26:41	NETWORK	ceks	attempt=1	proxy=http://wiw4v7duaymysz9-session-b16eadc738a2-lifetime-10:***@rp.scrapegw.com:6060	ConnectionTimeoutError: Connection timeout to host https://discord.com/api/v9/unique-username/username-attempt-unauthed
2026-09-01 18:26:41	NETWORK	cfqi	attempt=1	proxy=http://wiw4v7duaymysz9-session-008bf1a8135e-lifetime-10:***@rp.scrapegw.com:6060	ConnectionTimeoutError: Connection timeout to host https://discord.com/api/v9/unique-username/username-attempt-unauthed
2026-09-01 18:26:41	NETWORK	cflg	attempt=1	proxy=http://wiw4v7duaymysz9-session-54b3bb5b909f-lifetime-10:***@rp.scrapegw.com:6060	ConnectionTimeoutError: Connection timeout to host https://discord.com/api/v9/unique-username/username-attempt-unauthed
2026-09-01 18:26:41	NETWORK	cfra	attempt=1	proxy=http://wiw4v7duaymysz9-session-87aa36ce830f-lifetime-10:***@rp.scrapegw.com:6060	ConnectionTimeoutError: Connection timeout to host https://discord.com/api/v9/unique-username/username-attempt-unauthed
2026-09-01 18:26:41	NETWORK	cfpq	attempt=1	proxy=http://wiw4v7duaymysz9-session-9f45b57baafb-lifetime-10:***@rp.scrapegw.com:6060	ConnectionTimeoutError: Connection timeout to host https://discord.com/api/v9/unique-username/username-attempt-unauthed
2026-09-01 18:26:41	NETWORK	cfsa	attempt=1	proxy=http://wiw4v7duaymysz9-session-5f933169f4b6-lifetime-10:***@rp.scrapegw.com:6060	ConnectionTimeoutError: Connection timeout to host https://discord.com/api/v9/unique-username/username-attempt-unauthed
2026-09-01 18:26:41	NETWORK	cfgf	attempt=1	proxy=http://wiw4v7duaymysz9-session-e9ff40e8640d-lifetime-10:***@rp.scrapegw.com:6060	ConnectionTimeoutError: Connection timeout to host https://discord.com/api/v9/unique-username/username-attempt-unauthed
2026-09-01 18:26:41	NETWORK	cfaa	attempt=1	proxy=http://wiw4v7duaymysz9-session-753b1bffc10b-lifetime-10:***@rp.scrapegw.com:6060	ConnectionTimeoutError: Connection timeout to host https://discord.com/api/v9/unique-username/username-attempt-unauthed
2026-09-01 18:26:41	NETWORK	cfnj	attempt=1	proxy=http://wiw4v7duaymysz9-session-63e47f6f55e2-lifetime-10:***@rp.scrapegw.com:6060	ConnectionTimeoutError: Connection timeout to host https://discord.com/api/v9/unique-username/username-attempt-unauthed
2026-09-01 18:26:41	NETWORK	cerw	attempt=1	proxy=http://wiw4v7duaymysz9-session-db543bd8a141-lifetime-10:***@rp.scrapegw.com:6060	ConnectionTimeoutError: Connection timeout to host https://discord.com/api/v9/unique-username/username-attempt-unauthed
2026-09-01 18:26:41	NETWORK	cfcd	attempt=1	proxy=http://wiw4v7duaymysz9-session-82b46896cb4a-lifetime-10:***@rp.scrapegw.com:6060	ConnectionTimeoutError: Connection timeout to host https://discord.com/api/v9/unique-username/username-attempt-unauthed
2026-09-01 18:26:41	NETWORK	ceik	attempt=1	proxy=http://wiw4v7duaymysz9-session-5327bc17266a-lifetime-10:***@rp.scrapegw.com:6060	ConnectionTimeoutError: Connection timeout to host https://discord.com/api/v9/unique-username/username-attempt-unauthed
2026-09-01 18:26:41	NETWORK	cdpl	attempt=1	proxy=http://wiw4v7duaymysz9-session-00160d7663a1-lifetime-10:***@rp.scrapegw.com:6060	ConnectionTimeoutError: Connection timeout to host https://discord.com/api/v9/unique-username/username-attempt-unauthed
2026-09-01 18:26:41	NETWORK	cfjy	attempt=1	proxy=http://wiw4v7duaymysz9-session-b66cf581ad08-lifetime-10:***@rp.scrapegw.com:6060	ConnectionTimeoutError: Connection timeout to host https://discord.com/api/v9/unique-username/username-attempt-unauthed
2026-09-01 18:26:41	NETWORK	cfsl	attempt=1	proxy=http://wiw4v7duaymysz9-session-d35bdeb27427-lifetime-10:***@rp.scrapegw.com:6060	ConnectionTimeoutError: Connection timeout to host https://discord.com/api/v9/unique-username/username-attempt-unauthed
2026-09-01 18:26:41	NETWORK	cfcz	attempt=1	proxy=http://wiw4v7duaymysz9-session-04049b607e51-lifetime-10:***@rp.scrapegw.com:6060	ConnectionTimeoutError: Connection timeout to host https://discord.com/api/v9/unique-username/username-attempt-unauthed
2026-09-01 18:26:41	NETWORK	cdft	attempt=1	proxy=http://wiw4v7duaymysz9-session-fe1b33f5e264-lifetime-10:***@rp.scrapegw.com:6060	ConnectionTimeoutError: Connection timeout to host https://discord.com/api/v9/unique-username/username-attempt-unauthed
2026-09-01 18:26:41	NETWORK	cfju	attempt=1	proxy=http://wiw4v7duaymysz9-session-a474e62e9192-lifetime-10:***@rp.scrapegw.com:6060	ConnectionTimeoutError: Connection timeout to host https://discord.com/api/v9/unique-username/username-attempt-unauthed
2026-09-01 18:26:41	NETWORK	cfsw	attempt=1	proxy=http://wiw4v7duaymysz9-session-eae3b6050cb6-lifetime-10:***@rp.scrapegw.com:6060	ConnectionTimeoutError: Connection timeout to host https://discord.com/api/v9/unique-username/username-attempt-unauthed
2026-09-01 18:26:41	NETWORK	cexq	attempt=1	proxy=http://wiw4v7duaymysz9-session-6980a889c405-lifetime-10:***@rp.scrapegw.com:6060	ConnectionTimeoutError: Connection timeout to host https://discord.com/api/v9/unique-username/username-attempt-unauthed
2026-09-01 18:26:41	NETWORK	cfsd	attempt=1	proxy=http://wiw4v7duaymysz9-session-e78d7a79f852-lifetime-10:***@rp.scrapegw.com:6060	ConnectionTimeoutError: Connection timeout to host https://discord.com/api/v9/unique-username/username-attempt-unauthed
2026-09-01 18:26:41	NETWORK	cejl	attempt=1	proxy=http://wiw4v7duaymysz9-session-29042ac6015a-lifetime-10:***@rp.scrapegw.com:6060	ConnectionTimeoutError: Connection timeout to host https://discord.com/api/v9/unique-username/username-attempt-unauthed
2026-09-01 18:26:41	NETWORK	cetg	attempt=1	proxy=http://wiw4v7duaymysz9-session-519ce49d6a24-lifetime-10:***@rp.scrapegw.com:6060	ConnectionTimeoutError: Connection timeout to host https://discord.com/api/v9/unique-username/username-attempt-unauthed
2026-09-01 18:26:41	NETWORK	cdzj	attempt=1	proxy=http://wiw4v7duaymysz9-session-c03ce0e98a43-lifetime-10:***@rp.scrapegw.com:6060	ConnectionTimeoutError: Connection timeout to host https://discord.com/api/v9/unique-username/username-attempt-unauthed
2026-09-01 18:26:41	NETWORK	cesn	attempt=1	proxy=http://wiw4v7duaymysz9-session-eafba66333c1-lifetime-10:***@rp.scrapegw.com:6060	ConnectionTimeoutError: Connection timeout to host https://discord.com/api/v9/unique-username/username-attempt-unauthed
2026-09-01 18:26:41	NETWORK	cdic	attempt=1	proxy=http://wiw4v7duaymysz9-session-533be181e930-lifetime-10:***@rp.scrapegw.com:6060	ConnectionTimeoutError: Connection timeout to host https://discord.com/api/v9/unique-username/username-attempt-unauthed
2026-09-01 18:26:41	NETWORK	cfgm	attempt=1	proxy=http://wiw4v7duaymysz9-session-ceffcd36b961-lifetime-10:***@rp.scrapegw.com:6060	ConnectionTimeoutError: Connection timeout to host https://discord.com/api/v9/unique-username/username-attempt-unauthed
2026-09-01 18:26:41	NETWORK	ccxz	attempt=1	proxy=http://wiw4v7duaymysz9-session-d2bcfc36d5d7-lifetime-10:***@rp.scrapegw.com:6060	ConnectionTimeoutError: Connection timeout to host https://discord.com/api/v9/unique-username/username-attempt-unauthed
2026-09-01 18:26:41	NETWORK	cevn	attempt=1	proxy=http://wiw4v7duaymysz9-session-e965118d13a9-lifetime-10:***@rp.scrapegw.com:6060	ConnectionTimeoutError: Connection timeout to host https://discord.com/api/v9/unique-username/username-attempt-unauthed
2026-09-01 18:26:41	NETWORK	cfsg	attempt=1	proxy=http://wiw4v7duaymysz9-session-c53a1272d527-lifetime-10:***@rp.scrapegw.com:6060	ConnectionTimeoutError: Connection timeout to host https://discord.com/api/v9/unique-username/username-attempt-unauthed
2026-09-01 18:26:41	NETWORK	celn	attempt=1	proxy=http://wiw4v7duaymysz9-session-32dc4c17d23f-lifetime-10:***@rp.scrapegw.com:6060	ConnectionTimeoutError: Connection timeout to host https://discord.com/api/v9/unique-username/username-attempt-unauthed
2026-09-01 18:26:41	NETWORK	ceny	attempt=1	proxy=http://wiw4v7duaymysz9-session-7f3004913899-lifetime-10:***@rp.scrapegw.com:6060	ConnectionTimeoutError: Connection timeout to host https://discord.com/api/v9/unique-username/username-attempt-unauthed
2026-09-01 18:26:41	NETWORK	cdtq	attempt=1	proxy=http://wiw4v7duaymysz9-session-8e8ea64fe5fb-lifetime-10:***@rp.scrapegw.com:6060	ConnectionTimeoutError: Connection timeout to host https://discord.com/api/v9/unique-username/username-attempt-unauthed
2026-09-01 18:26:41	NETWORK	cfdz	attempt=1	proxy=http://wiw4v7duaymysz9-session-a033b57a1404-lifetime-10:***@rp.scrapegw.com:6060	ConnectionTimeoutError: Connection timeout to host https://discord.com/api/v9/unique-username/username-attempt-unauthed
2026-09-01 18:26:42	NETWORK	cpth	attempt=1	proxy=http://wiw4v7duaymysz9-session-97162f7f77bd-lifetime-10:***@rp.scrapegw.com:6060	ClientConnectorError: Cannot connect to host discord.com:443 ssl:default [Connection reset by peer]
2026-09-01 18:26:42	NETWORK	cnvu	attempt=1	proxy=http://wiw4v7duaymysz9-session-41d82a2a162d-lifetime-10:***@rp.scrapegw.com:6060	ClientConnectorError: Cannot connect to host discord.com:443 ssl:default [Connection reset by peer]
2026-09-01 18:26:42	NETWORK	cplf	attempt=1	proxy=http://wiw4v7duaymysz9-session-837d960d2272-lifetime-10:***@rp.scrapegw.com:6060	ClientConnectorError: Cannot connect to host discord.com:443 ssl:default [Connection reset by peer]
2026-09-01 18:26:42	HTTP_429	claz	attempt=1	proxy=http://wiw4v7duaymysz9-session-10342dc57c7c-lifetime-10:***@rp.scrapegw.com:6060	scope=shared global=False retry_after=1137.00s
2026-09-01 18:26:42	NETWORK	cgjs	attempt=1	proxy=http://wiw4v7duaymysz9-session-dfbd5f3f901a-lifetime-10:***@rp.scrapegw.com:6060	ClientConnectorError: Cannot connect to host discord.com:443 ssl:default [Connection reset by peer]
2026-09-01 18:26:42	NETWORK	cucr	attempt=1	proxy=http://wiw4v7duaymysz9-session-323572186f29-lifetime-10:***@rp.scrapegw.com:6060	ClientConnectorError: Cannot connect to host discord.com:443 ssl:default [Connection reset by peer]
2026-09-01 18:26:42	NETWORK	cfzd	attempt=1	proxy=http://wiw4v7duaymysz9-session-c656abf64b91-lifetime-10:***@rp.scrapegw.com:6060	ConnectionTimeoutError: Connection timeout to host https://discord.com/api/v9/unique-username/username-attempt-unauthed
2026-09-01 18:26:42	NETWORK	chtj	attempt=1	proxy=http://wiw4v7duaymysz9-session-863a8d1191e0-lifetime-10:***@rp.scrapegw.com:6060	ConnectionTimeoutError: Connection timeout to host https://discord.com/api/v9/unique-username/username-attempt-unauthed
2026-09-01 18:26:42	NETWORK	chls	attempt=1	proxy=http://wiw4v7duaymysz9-session-4895233698b3-lifetime-10:***@rp.scrapegw.com:6060	ConnectionTimeoutError: Connection timeout to host https://discord.com/api/v9/unique-username/username-attempt-unauthed
2026-09-01 18:26:42	NETWORK	cikv	attempt=1	proxy=http://wiw4v7duaymysz9-session-c36c1b8412ba-lifetime-10:***@rp.scrapegw.com:6060	ConnectionTimeoutError: Connection timeout to host https://discord.com/api/v9/unique-username/username-attempt-unauthed
2026-09-01 18:26:42	NETWORK	chcn	attempt=1	proxy=http://wiw4v7duaymysz9-session-dd93349efc4d-lifetime-10:***@rp.scrapegw.com:6060	ConnectionTimeoutError: Connection timeout to host https://discord.com/api/v9/unique-username/username-attempt-unauthed
2026-09-01 18:26:42	NETWORK	cinu	attempt=1	proxy=http://wiw4v7duaymysz9-session-bf96e3bba9f2-lifetime-10:***@rp.scrapegw.com:6060	ConnectionTimeoutError: Connection timeout to host https://discord.com/api/v9/unique-username/username-attempt-unauthed
2026-09-01 18:26:42	NETWORK	ciha	attempt=1	proxy=http://wiw4v7duaymysz9-session-cd9c17f99345-lifetime-10:***@rp.scrapegw.com:6060	ConnectionTimeoutError: Connection timeout to host https://discord.com/api/v9/unique-username/username-attempt-unauthed
2026-09-01 18:26:42	NETWORK	cfvk	attempt=1	proxy=http://wiw4v7duaymysz9-session-84f891399b32-lifetime-10:***@rp.scrapegw.com:6060	ConnectionTimeoutError: Connection timeout to host https://discord.com/api/v9/unique-username/username-attempt-unauthed
2026-09-01 18:26:42	NETWORK	chqf	attempt=1	proxy=http://wiw4v7duaymysz9-session-278d26644f2a-lifetime-10:***@rp.scrapegw.com:6060	ConnectionTimeoutError: Connection timeout to host https://discord.com/api/v9/unique-username/username-attempt-unauthed
2026-09-01 18:26:42	NETWORK	cgik	attempt=1	proxy=http://wiw4v7duaymysz9-session-24bd6ec8b658-lifetime-10:***@rp.scrapegw.com:6060	ConnectionTimeoutError: Connection timeout to host https://discord.com/api/v9/unique-username/username-attempt-unauthed
2026-09-01 18:26:42	NETWORK	cgdq	attempt=1	proxy=http://wiw4v7duaymysz9-session-05dd20215cff-lifetime-10:***@rp.scrapegw.com:6060	ConnectionTimeoutError: Connection timeout to host https://discord.com/api/v9/unique-username/username-attempt-unauthed
2026-09-01 18:26:42	NETWORK	cgrq	attempt=1	proxy=http://wiw4v7duaymysz9-session-134f9ddee14a-lifetime-10:***@rp.scrapegw.com:6060	ConnectionTimeoutError: Connection timeout to host https://discord.com/api/v9/unique-username/username-attempt-unauthed
2026-09-01 18:26:42	NETWORK	cikq	attempt=1	proxy=http://wiw4v7duaymysz9-session-4074b26a3c52-lifetime-10:***@rp.scrapegw.com:6060	ConnectionTimeoutError: Connection timeout to host https://discord.com/api/v9/unique-username/username-attempt-unauthed
2026-09-01 18:26:42	NETWORK	chgn	attempt=1	proxy=http://wiw4v7duaymysz9-session-f5f0fffed67d-lifetime-10:***@rp.scrapegw.com:6060	ConnectionTimeoutError: Connection timeout to host https://discord.com/api/v9/unique-username/username-attempt-unauthed
2026-09-01 18:26:42	NETWORK	cfur	attempt=1	proxy=http://wiw4v7duaymysz9-session-37c8fce4db57-lifetime-10:***@rp.scrapegw.com:6060	ConnectionTimeoutError: Connection timeout to host https://discord.com/api/v9/unique-username/username-attempt-unauthed
2026-09-01 18:26:42	NETWORK	chuo	attempt=1	proxy=http://wiw4v7duaymysz9-session-ff1fa0b1b9dc-lifetime-10:***@rp.scrapegw.com:6060	ConnectionTimeoutError: Connection timeout to host https://discord.com/api/v9/unique-username/username-attempt-unauthed
2026-09-01 18:26:42	NETWORK	ciix	attempt=1	proxy=http://wiw4v7duaymysz9-session-ced379661e91-lifetime-10:***@rp.scrapegw.com:6060	ConnectionTimeoutError: Connection timeout to host https://discord.com/api/v9/unique-username/username-attempt-unauthed
2026-09-01 18:26:42	NETWORK	chut	attempt=1	proxy=http://wiw4v7duaymysz9-session-ea445661b0fa-lifetime-10:***@rp.scrapegw.com:6060	ConnectionTimeoutError: Connection timeout to host https://discord.com/api/v9/unique-username/username-attempt-unauthed
2026-09-01 18:26:42	NETWORK	chsx	attempt=1	proxy=http://wiw4v7duaymysz9-session-3cf507ae90a5-lifetime-10:***@rp.scrapegw.com:6060	ConnectionTimeoutError: Connection timeout to host https://discord.com/api/v9/unique-username/username-attempt-unauthed
2026-09-01 18:26:42	NETWORK	cgor	attempt=1	proxy=http://wiw4v7duaymysz9-session-4d9d1f0b0a3d-lifetime-10:***@rp.scrapegw.com:6060	ConnectionTimeoutError: Connection timeout to host https://discord.com/api/v9/unique-username/username-attempt-unauthed
2026-09-01 18:26:42	NETWORK	chja	attempt=1	proxy=http://wiw4v7duaymysz9-session-f401b5ba03cf-lifetime-10:***@rp.scrapegw.com:6060	ConnectionTimeoutError: Connection timeout to host https://discord.com/api/v9/unique-username/username-attempt-unauthed
2026-09-01 18:26:42	NETWORK	cgja	attempt=1	proxy=http://wiw4v7duaymysz9-session-5ecfb5578aba-lifetime-10:***@rp.scrapegw.com:6060	ConnectionTimeoutError: Connection timeout to host https://discord.com/api/v9/unique-username/username-attempt-unauthed
2026-09-01 18:26:42	NETWORK	cgth	attempt=1	proxy=http://wiw4v7duaymysz9-session-dff2032b8016-lifetime-10:***@rp.scrapegw.com:6060	ConnectionTimeoutError: Connection timeout to host https://discord.com/api/v9/unique-username/username-attempt-unauthed
2026-09-01 18:26:42	NETWORK	chbi	attempt=1	proxy=http://wiw4v7duaymysz9-session-c884404112d5-lifetime-10:***@rp.scrapegw.com:6060	ConnectionTimeoutError: Connection timeout to host https://discord.com/api/v9/unique-username/username-attempt-unauthed
2026-09-01 18:26:42	NETWORK	cfwb	attempt=1	proxy=http://wiw4v7duaymysz9-session-f9d8eac5adb5-lifetime-10:***@rp.scrapegw.com:6060	ConnectionTimeoutError: Connection timeout to host https://discord.com/api/v9/unique-username/username-attempt-unauthed
2026-09-01 18:26:42	NETWORK	cggk	attempt=1	proxy=http://wiw4v7duaymysz9-session-44adc35833df-lifetime-10:***@rp.scrapegw.com:6060	ConnectionTimeoutError: Connection timeout to host https://discord.com/api/v9/unique-username/username-attempt-unauthed
2026-09-01 18:26:42	NETWORK	cidg	attempt=1	proxy=http://wiw4v7duaymysz9-session-274dbef11c92-lifetime-10:***@rp.scrapegw.com:6060	ConnectionTimeoutError: Connection timeout to host https://discord.com/api/v9/unique-username/username-attempt-unauthed
2026-09-01 18:26:42	NETWORK	chrl	attempt=1	proxy=http://wiw4v7duaymysz9-session-0713fe3a83f1-lifetime-10:***@rp.scrapegw.com:6060	ConnectionTimeoutError: Connection timeout to host https://discord.com/api/v9/unique-username/username-attempt-unauthed
2026-09-01 18:26:42	NETWORK	chsc	attempt=1	proxy=http://wiw4v7duaymysz9-session-f9240a201f3b-lifetime-10:***@rp.scrapegw.com:6060	ConnectionTimeoutError: Connection timeout to host https://discord.com/api/v9/unique-username/username-attempt-unauthed
2026-09-01 18:26:42	NETWORK	chuy	attempt=1	proxy=http://wiw4v7duaymysz9-session-d53c89561d83-lifetime-10:***@rp.scrapegw.com:6060	ConnectionTimeoutError: Connection timeout to host https://discord.com/api/v9/unique-username/username-attempt-unauthed
2026-09-01 18:26:42	HTTP_429	dboh	attempt=1	proxy=http://wiw4v7duaymysz9-session-3db3db86e00a-lifetime-10:***@rp.scrapegw.com:6060	scope=shared global=False retry_after=2116.00s
2026-09-01 18:26:43	HTTP_429	cqmj	attempt=1	proxy=http://wiw4v7duaymysz9-session-09eff35ed429-lifetime-10:***@rp.scrapegw.com:6060	scope=shared global=False retry_after=188.00s
2026-09-01 18:26:43	NETWORK	ciug	attempt=1	proxy=http://wiw4v7duaymysz9-session-47d654869a98-lifetime-10:***@rp.scrapegw.com:6060	ClientConnectorError: Cannot connect to host discord.com:443 ssl:default [Connection reset by peer]
2026-09-01 18:26:43	NETWORK	cnrl	attempt=1	proxy=http://wiw4v7duaymysz9-session-a2d3d5305f39-lifetime-10:***@rp.scrapegw.com:6060	ConnectionTimeoutError: Connection timeout to host https://discord.com/api/v9/unique-username/username-attempt-unauthed
2026-09-01 18:26:43	NETWORK	cndc	attempt=1	proxy=http://wiw4v7duaymysz9-session-e57ddd0e7dc5-lifetime-10:***@rp.scrapegw.com:6060	ConnectionTimeoutError: Connection timeout to host https://discord.com/api/v9/unique-username/username-attempt-unauthed
2026-09-01 18:26:43	NETWORK	cojo	attempt=1	proxy=http://wiw4v7duaymysz9-session-9eedd76ea99f-lifetime-10:***@rp.scrapegw.com:6060	ConnectionTimeoutError: Connection timeout to host https://discord.com/api/v9/unique-username/username-attempt-unauthed
2026-09-01 18:26:43	NETWORK	cqrc	attempt=1	proxy=http://wiw4v7duaymysz9-session-55ccb29e17d5-lifetime-10:***@rp.scrapegw.com:6060	ConnectionTimeoutError: Connection timeout to host https://discord.com/api/v9/unique-username/username-attempt-unauthed
2026-09-01 18:26:43	NETWORK	ckts	attempt=1	proxy=http://wiw4v7duaymysz9-session-3b05a8052540-lifetime-10:***@rp.scrapegw.com:6060	ConnectionTimeoutError: Connection timeout to host https://discord.com/api/v9/unique-username/username-attempt-unauthed
2026-09-01 18:26:43	NETWORK	cofb	attempt=1	proxy=http://wiw4v7duaymysz9-session-d9befe9cf579-lifetime-10:***@rp.scrapegw.com:6060	ConnectionTimeoutError: Connection timeout to host https://discord.com/api/v9/unique-username/username-attempt-unauthed
2026-09-01 18:26:43	NETWORK	cktf	attempt=1	proxy=http://wiw4v7duaymysz9-session-4054d2319260-lifetime-10:***@rp.scrapegw.com:6060	ConnectionTimeoutError: Connection timeout to host https://discord.com/api/v9/unique-username/username-attempt-unauthed
2026-09-01 18:26:43	NETWORK	cqrj	attempt=1	proxy=http://wiw4v7duaymysz9-session-3ac0795f9c4c-lifetime-10:***@rp.scrapegw.com:6060	ConnectionTimeoutError: Connection timeout to host https://discord.com/api/v9/unique-username/username-attempt-unauthed
2026-09-01 18:26:43	NETWORK	ckml	attempt=1	proxy=http://wiw4v7duaymysz9-session-9bdfc9a5c123-lifetime-10:***@rp.scrapegw.com:6060	ConnectionTimeoutError: Connection timeout to host https://discord.com/api/v9/unique-username/username-attempt-unauthed
2026-09-01 18:26:43	NETWORK	cosa	attempt=1	proxy=http://wiw4v7duaymysz9-session-cf65263a4ac3-lifetime-10:***@rp.scrapegw.com:6060	ConnectionTimeoutError: Connection timeout to host https://discord.com/api/v9/unique-username/username-attempt-unauthed
2026-09-01 18:26:43	NETWORK	ckjs	attempt=1	proxy=http://wiw4v7duaymysz9-session-7afe2634e1e6-lifetime-10:***@rp.scrapegw.com:6060	ConnectionTimeoutError: Connection timeout to host https://discord.com/api/v9/unique-username/username-attempt-unauthed
2026-09-01 18:26:43	NETWORK	codz	attempt=1	proxy=http://wiw4v7duaymysz9-session-a190a0064e18-lifetime-10:***@rp.scrapegw.com:6060	ConnectionTimeoutError: Connection timeout to host https://discord.com/api/v9/unique-username/username-attempt-unauthed
2026-09-01 18:26:43	NETWORK	cqmt	attempt=1	proxy=http://wiw4v7duaymysz9-session-431c2a0bd28f-lifetime-10:***@rp.scrapegw.com:6060	ConnectionTimeoutError: Connection timeout to host https://discord.com/api/v9/unique-username/username-attempt-unauthed
2026-09-01 18:26:43	NETWORK	cmea	attempt=1	proxy=http://wiw4v7duaymysz9-session-86a3ad1c41cc-lifetime-10:***@rp.scrapegw.com:6060	ConnectionTimeoutError: Connection timeout to host https://discord.com/api/v9/unique-username/username-attempt-unauthed
2026-09-01 18:26:43	NETWORK	ckbl	attempt=1	proxy=http://wiw4v7duaymysz9-session-f123883447d2-lifetime-10:***@rp.scrapegw.com:6060	ConnectionTimeoutError: Connection timeout to host https://discord.com/api/v9/unique-username/username-attempt-unauthed
2026-09-01 18:26:43	NETWORK	cmbp	attempt=1	proxy=http://wiw4v7duaymysz9-session-1d391a7e1d08-lifetime-10:***@rp.scrapegw.com:6060	ConnectionTimeoutError: Connection timeout to host https://discord.com/api/v9/unique-username/username-attempt-unauthed
2026-09-01 18:26:43	NETWORK	cjuh	attempt=1	proxy=http://wiw4v7duaymysz9-session-17db3f9b6015-lifetime-10:***@rp.scrapegw.com:6060	ConnectionTimeoutError: Connection timeout to host https://discord.com/api/v9/unique-username/username-attempt-unauthed
2026-09-01 18:26:43	NETWORK	clzs	attempt=1	proxy=http://wiw4v7duaymysz9-session-756dbfdf32c1-lifetime-10:***@rp.scrapegw.com:6060	ConnectionTimeoutError: Connection timeout to host https://discord.com/api/v9/unique-username/username-attempt-unauthed
2026-09-01 18:26:43	NETWORK	comx	attempt=1	proxy=http://wiw4v7duaymysz9-session-9ae9e226794d-lifetime-10:***@rp.scrapegw.com:6060	ConnectionTimeoutError: Connection timeout to host https://discord.com/api/v9/unique-username/username-attempt-unauthed
2026-09-01 18:26:43	NETWORK	cpsd	attempt=1	proxy=http://wiw4v7duaymysz9-session-ba370fe0bb13-lifetime-10:***@rp.scrapegw.com:6060	ConnectionTimeoutError: Connection timeout to host https://discord.com/api/v9/unique-username/username-attempt-unauthed
2026-09-01 18:26:43	NETWORK	cjnr	attempt=1	proxy=http://wiw4v7duaymysz9-session-9033aedecfb8-lifetime-10:***@rp.scrapegw.com:6060	ConnectionTimeoutError: Connection timeout to host https://discord.com/api/v9/unique-username/username-attempt-unauthed
2026-09-01 18:26:43	NETWORK	cjdd	attempt=1	proxy=http://wiw4v7duaymysz9-session-39a11971f5db-lifetime-10:***@rp.scrapegw.com:6060	ConnectionTimeoutError: Connection timeout to host https://discord.com/api/v9/unique-username/username-attempt-unauthed
2026-09-01 18:26:43	NETWORK	cjiu	attempt=1	proxy=http://wiw4v7duaymysz9-session-c3998edd8211-lifetime-10:***@rp.scrapegw.com:6060	ConnectionTimeoutError: Connection timeout to host https://discord.com/api/v9/unique-username/username-attempt-unauthed
2026-09-01 18:26:43	NETWORK	clmq	attempt=1	proxy=http://wiw4v7duaymysz9-session-5ba12f1cb23a-lifetime-10:***@rp.scrapegw.com:6060	ConnectionTimeoutError: Connection timeout to host https://discord.com/api/v9/unique-username/username-attempt-unauthed
2026-09-01 18:26:43	NETWORK	clyu	attempt=1	proxy=http://wiw4v7duaymysz9-session-54ab394a5795-lifetime-10:***@rp.scrapegw.com:6060	ConnectionTimeoutError: Connection timeout to host https://discord.com/api/v9/unique-username/username-attempt-unauthed
2026-09-01 18:26:43	NETWORK	cjau	attempt=1	proxy=http://wiw4v7duaymysz9-session-1d8e5c99f718-lifetime-10:***@rp.scrapegw.com:6060	ConnectionTimeoutError: Connection timeout to host https://discord.com/api/v9/unique-username/username-attempt-unauthed
2026-09-01 18:26:43	NETWORK	ciys	attempt=1	proxy=http://wiw4v7duaymysz9-session-55d5ccb129e9-lifetime-10:***@rp.scrapegw.com:6060	ConnectionTimeoutError: Connection timeout to host https://discord.com/api/v9/unique-username/username-attempt-unauthed
2026-09-01 18:26:43	NETWORK	cpsp	attempt=1	proxy=http://wiw4v7duaymysz9-session-c3373e00e0ff-lifetime-10:***@rp.scrapegw.com:6060	ConnectionTimeoutError: Connection timeout to host https://discord.com/api/v9/unique-username/username-attempt-unauthed
2026-09-01 18:26:43	NETWORK	conw	attempt=1	proxy=http://wiw4v7duaymysz9-session-5fb1e009dce4-lifetime-10:***@rp.scrapegw.com:6060	ConnectionTimeoutError: Connection timeout to host https://discord.com/api/v9/unique-username/username-attempt-unauthed
2026-09-01 18:26:43	NETWORK	civn	attempt=1	proxy=http://wiw4v7duaymysz9-session-c3f519d14567-lifetime-10:***@rp.scrapegw.com:6060	ConnectionTimeoutError: Connection timeout to host https://discord.com/api/v9/unique-username/username-attempt-unauthed
2026-09-01 18:26:43	NETWORK	cqby	attempt=1	proxy=http://wiw4v7duaymysz9-session-b7345eeede2d-lifetime-10:***@rp.scrapegw.com:6060	ConnectionTimeoutError: Connection timeout to host https://discord.com/api/v9/unique-username/username-attempt-unauthed
2026-09-01 18:26:43	NETWORK	clkv	attempt=1	proxy=http://wiw4v7duaymysz9-session-36bef9ce7af2-lifetime-10:***@rp.scrapegw.com:6060	ConnectionTimeoutError: Connection timeout to host https://discord.com/api/v9/unique-username/username-attempt-unauthed
2026-09-01 18:26:43	NETWORK	cmft	attempt=1	proxy=http://wiw4v7duaymysz9-session-92227b3082bf-lifetime-10:***@rp.scrapegw.com:6060	ConnectionTimeoutError: Connection timeout to host https://discord.com/api/v9/unique-username/username-attempt-unauthed
2026-09-01 18:26:43	NETWORK	cjxn	attempt=1	proxy=http://wiw4v7duaymysz9-session-578119385284-lifetime-10:***@rp.scrapegw.com:6060	ConnectionTimeoutError: Connection timeout to host https://discord.com/api/v9/unique-username/username-attempt-unauthed
2026-09-01 18:26:43	NETWORK	cqjx	attempt=1	proxy=http://wiw4v7duaymysz9-session-12654df4ff09-lifetime-10:***@rp.scrapegw.com:6060	ConnectionTimeoutError: Connection timeout to host https://discord.com/api/v9/unique-username/username-attempt-unauthed
2026-09-01 18:26:43	NETWORK	cqbw	attempt=1	proxy=http://wiw4v7duaymysz9-session-5c2992bb73ad-lifetime-10:***@rp.scrapegw.com:6060	ConnectionTimeoutError: Connection timeout to host https://discord.com/api/v9/unique-username/username-attempt-unauthed
2026-09-01 18:26:43	NETWORK	clgc	attempt=1	proxy=http://wiw4v7duaymysz9-session-3840a20328ac-lifetime-10:***@rp.scrapegw.com:6060	ConnectionTimeoutError: Connection timeout to host https://discord.com/api/v9/unique-username/username-attempt-unauthed
2026-09-01 18:26:43	NETWORK	cmzy	attempt=1	proxy=http://wiw4v7duaymysz9-session-65b5521829a8-lifetime-10:***@rp.scrapegw.com:6060	ConnectionTimeoutError: Connection timeout to host https://discord.com/api/v9/unique-username/username-attempt-unauthed
2026-09-01 18:26:43	NETWORK	cptc	attempt=1	proxy=http://wiw4v7duaymysz9-session-c7b52afc0c67-lifetime-10:***@rp.scrapegw.com:6060	ConnectionTimeoutError: Connection timeout to host https://discord.com/api/v9/unique-username/username-attempt-unauthed
2026-09-01 18:26:43	NETWORK	cpzp	attempt=1	proxy=http://wiw4v7duaymysz9-session-e48ee48788b7-lifetime-10:***@rp.scrapegw.com:6060	ConnectionTimeoutError: Connection timeout to host https://discord.com/api/v9/unique-username/username-attempt-unauthed
2026-09-01 18:26:43	NETWORK	clhp	attempt=1	proxy=http://wiw4v7duaymysz9-session-822d3353398d-lifetime-10:***@rp.scrapegw.com:6060	ConnectionTimeoutError: Connection timeout to host https://discord.com/api/v9/unique-username/username-attempt-unauthed
2026-09-01 18:26:43	NETWORK	cpxg	attempt=1	proxy=http://wiw4v7duaymysz9-session-92884f5cb18d-lifetime-10:***@rp.scrapegw.com:6060	ConnectionTimeoutError: Connection timeout to host https://discord.com/api/v9/unique-username/username-attempt-unauthed
2026-09-01 18:26:43	NETWORK	cmue	attempt=1	proxy=http://wiw4v7duaymysz9-session-5c59cec9897d-lifetime-10:***@rp.scrapegw.com:6060	ConnectionTimeoutError: Connection timeout to host https://discord.com/api/v9/unique-username/username-attempt-unauthed
2026-09-01 18:26:43	NETWORK	cpzh	attempt=1	proxy=http://wiw4v7duaymysz9-session-469f2b45f911-lifetime-10:***@rp.scrapegw.com:6060	ConnectionTimeoutError: Connection timeout to host https://discord.com/api/v9/unique-username/username-attempt-unauthed
2026-09-01 18:26:43	NETWORK	cosb	attempt=1	proxy=http://wiw4v7duaymysz9-session-2a5d44e04442-lifetime-10:***@rp.scrapegw.com:6060	ConnectionTimeoutError: Connection timeout to host https://discord.com/api/v9/unique-username/username-attempt-unauthed
2026-09-01 18:26:43	NETWORK	covv	attempt=1	proxy=http://wiw4v7duaymysz9-session-eb41311b2f05-lifetime-10:***@rp.scrapegw.com:6060	ConnectionTimeoutError: Connection timeout to host https://discord.com/api/v9/unique-username/username-attempt-unauthed
2026-09-01 18:26:43	NETWORK	cmlr	attempt=1	proxy=http://wiw4v7duaymysz9-session-dd09a4664284-lifetime-10:***@rp.scrapegw.com:6060	ConnectionTimeoutError: Connection timeout to host https://discord.com/api/v9/unique-username/username-attempt-unauthed
2026-09-01 18:26:43	NETWORK	cpep	attempt=1	proxy=http://wiw4v7duaymysz9-session-e59729eedc25-lifetime-10:***@rp.scrapegw.com:6060	ConnectionTimeoutError: Connection timeout to host https://discord.com/api/v9/unique-username/username-attempt-unauthed
2026-09-01 18:26:43	NETWORK	cnbi	attempt=1	proxy=http://wiw4v7duaymysz9-session-a7cc6fb22e98-lifetime-10:***@rp.scrapegw.com:6060	ConnectionTimeoutError: Connection timeout to host https://discord.com/api/v9/unique-username/username-attempt-unauthed
2026-09-01 18:26:43	NETWORK	ckkj	attempt=1	proxy=http://wiw4v7duaymysz9-session-eb4ad1819816-lifetime-10:***@rp.scrapegw.com:6060	ConnectionTimeoutError: Connection timeout to host https://discord.com/api/v9/unique-username/username-attempt-unauthed
2026-09-01 18:26:43	NETWORK	coue	attempt=1	proxy=http://wiw4v7duaymysz9-session-edc260d8d7dc-lifetime-10:***@rp.scrapegw.com:6060	ConnectionTimeoutError: Connection timeout to host https://discord.com/api/v9/unique-username/username-attempt-unauthed
2026-09-01 18:26:43	NETWORK	ckbt	attempt=1	proxy=http://wiw4v7duaymysz9-session-d615c63bcc48-lifetime-10:***@rp.scrapegw.com:6060	ConnectionTimeoutError: Connection timeout to host https://discord.com/api/v9/unique-username/username-attempt-unauthed
2026-09-01 18:26:43	NETWORK	ckff	attempt=1	proxy=http://wiw4v7duaymysz9-session-32b5177b4e73-lifetime-10:***@rp.scrapegw.com:6060	ConnectionTimeoutError: Connection timeout to host https://discord.com/api/v9/unique-username/username-attempt-unauthed
2026-09-01 18:26:43	NETWORK	cjxv	attempt=1	proxy=http://wiw4v7duaymysz9-session-9f294cc887d8-lifetime-10:***@rp.scrapegw.com:6060	ConnectionTimeoutError: Connection timeout to host https://discord.com/api/v9/unique-username/username-attempt-unauthed
2026-09-01 18:26:43	NETWORK	cjxq	attempt=1	proxy=http://wiw4v7duaymysz9-session-b7827a9c46e6-lifetime-10:***@rp.scrapegw.com:6060	ConnectionTimeoutError: Connection timeout to host https://discord.com/api/v9/unique-username/username-attempt-unauthed
2026-09-01 18:26:43	NETWORK	coox	attempt=1	proxy=http://wiw4v7duaymysz9-session-8109549f66c6-lifetime-10:***@rp.scrapegw.com:6060	ConnectionTimeoutError: Connection timeout to host https://discord.com/api/v9/unique-username/username-attempt-unauthed
2026-09-01 18:26:43	NETWORK	cnmb	attempt=1	proxy=http://wiw4v7duaymysz9-session-a4bf579b95b5-lifetime-10:***@rp.scrapegw.com:6060	ConnectionTimeoutError: Connection timeout to host https://discord.com/api/v9/unique-username/username-attempt-unauthed
2026-09-01 18:26:43	NETWORK	cjud	attempt=1	proxy=http://wiw4v7duaymysz9-session-acce30406296-lifetime-10:***@rp.scrapegw.com:6060	ConnectionTimeoutError: Connection timeout to host https://discord.com/api/v9/unique-username/username-attempt-unauthed
2026-09-01 18:26:43	NETWORK	cpqd	attempt=1	proxy=http://wiw4v7duaymysz9-session-6abf23708744-lifetime-10:***@rp.scrapegw.com:6060	ConnectionTimeoutError: Connection timeout to host https://discord.com/api/v9/unique-username/username-attempt-unauthed
2026-09-01 18:26:43	NETWORK	cpcj	attempt=1	proxy=http://wiw4v7duaymysz9-session-090ea741c9ed-lifetime-10:***@rp.scrapegw.com:6060	ConnectionTimeoutError: Connection timeout to host https://discord.com/api/v9/unique-username/username-attempt-unauthed
2026-09-01 18:26:43	NETWORK	cmpv	attempt=1	proxy=http://wiw4v7duaymysz9-session-958215c583cd-lifetime-10:***@rp.scrapegw.com:6060	ConnectionTimeoutError: Connection timeout to host https://discord.com/api/v9/unique-username/username-attempt-unauthed
2026-09-01 18:26:43	NETWORK	cjhz	attempt=1	proxy=http://wiw4v7duaymysz9-session-a837fa301f6e-lifetime-10:***@rp.scrapegw.com:6060	ConnectionTimeoutError: Connection timeout to host https://discord.com/api/v9/unique-username/username-attempt-unauthed
2026-09-01 18:26:43	NETWORK	cpaj	attempt=1	proxy=http://wiw4v7duaymysz9-session-c207397ab6cb-lifetime-10:***@rp.scrapegw.com:6060	ConnectionTimeoutError: Connection timeout to host https://discord.com/api/v9/unique-username/username-attempt-unauthed
2026-09-01 18:26:43	NETWORK	cjqp	attempt=1	proxy=http://wiw4v7duaymysz9-session-6f8f16dfe660-lifetime-10:***@rp.scrapegw.com:6060	ConnectionTimeoutError: Connection timeout to host https://discord.com/api/v9/unique-username/username-attempt-unauthed
2026-09-01 18:26:43	NETWORK	cnre	attempt=1	proxy=http://wiw4v7duaymysz9-session-6ef8e78b467a-lifetime-10:***@rp.scrapegw.com:6060	ConnectionTimeoutError: Connection timeout to host https://discord.com/api/v9/unique-username/username-attempt-unauthed
2026-09-01 18:26:43	NETWORK	cmex	attempt=1	proxy=http://wiw4v7duaymysz9-session-f2d958832858-lifetime-10:***@rp.scrapegw.com:6060	ConnectionTimeoutError: Connection timeout to host https://discord.com/api/v9/unique-username/username-attempt-unauthed
2026-09-01 18:26:43	NETWORK	ciwp	attempt=1	proxy=http://wiw4v7duaymysz9-session-da1f26926bf1-lifetime-10:***@rp.scrapegw.com:6060	ConnectionTimeoutError: Connection timeout to host https://discord.com/api/v9/unique-username/username-attempt-unauthed
2026-09-01 18:26:43	NETWORK	cqen	attempt=1	proxy=http://wiw4v7duaymysz9-session-f807b312513b-lifetime-10:***@rp.scrapegw.com:6060	ConnectionTimeoutError: Connection timeout to host https://discord.com/api/v9/unique-username/username-attempt-unauthed
2026-09-01 18:26:43	NETWORK	citc	attempt=1	proxy=http://wiw4v7duaymysz9-session-9c1edb1a5a61-lifetime-10:***@rp.scrapegw.com:6060	ConnectionTimeoutError: Connection timeout to host https://discord.com/api/v9/unique-username/username-attempt-unauthed
2026-09-01 18:26:43	NETWORK	code	attempt=1	proxy=http://wiw4v7duaymysz9-session-f899764f0e74-lifetime-10:***@rp.scrapegw.com:6060	ConnectionTimeoutError: Connection timeout to host https://discord.com/api/v9/unique-username/username-attempt-unauthed
2026-09-01 18:26:43	NETWORK	cqrg	attempt=1	proxy=http://wiw4v7duaymysz9-session-bf972996b0f1-lifetime-10:***@rp.scrapegw.com:6060	ConnectionTimeoutError: Connection timeout to host https://discord.com/api/v9/unique-username/username-attempt-unauthed
2026-09-01 18:26:43	NETWORK	cmko	attempt=1	proxy=http://wiw4v7duaymysz9-session-03a9d9ba3fbb-lifetime-10:***@rp.scrapegw.com:6060	ConnectionTimeoutError: Connection timeout to host https://discord.com/api/v9/unique-username/username-attempt-unauthed
2026-09-01 18:26:43	NETWORK	cnfd	attempt=1	proxy=http://wiw4v7duaymysz9-session-33851e7c0f04-lifetime-10:***@rp.scrapegw.com:6060	ConnectionTimeoutError: Connection timeout to host https://discord.com/api/v9/unique-username/username-attempt-unauthed
2026-09-01 18:26:43	NETWORK	cmku	attempt=1	proxy=http://wiw4v7duaymysz9-session-0710a2e9cefa-lifetime-10:***@rp.scrapegw.com:6060	ConnectionTimeoutError: Connection timeout to host https://discord.com/api/v9/unique-username/username-attempt-unauthed
2026-09-01 18:26:43	NETWORK	cpom	attempt=1	proxy=http://wiw4v7duaymysz9-session-75a9411a1609-lifetime-10:***@rp.scrapegw.com:6060	ConnectionTimeoutError: Connection timeout to host https://discord.com/api/v9/unique-username/username-attempt-unauthed
2026-09-01 18:26:43	NETWORK	cmoy	attempt=1	proxy=http://wiw4v7duaymysz9-session-439e570b8eda-lifetime-10:***@rp.scrapegw.com:6060	ConnectionTimeoutError: Connection timeout to host https://discord.com/api/v9/unique-username/username-attempt-unauthed
2026-09-01 18:26:43	NETWORK	cmvv	attempt=1	proxy=http://wiw4v7duaymysz9-session-f63df42aa56d-lifetime-10:***@rp.scrapegw.com:6060	ConnectionTimeoutError: Connection timeout to host https://discord.com/api/v9/unique-username/username-attempt-unauthed
2026-09-01 18:26:43	NETWORK	cqom	attempt=1	proxy=http://wiw4v7duaymysz9-session-60503b7c0269-lifetime-10:***@rp.scrapegw.com:6060	ConnectionTimeoutError: Connection timeout to host https://discord.com/api/v9/unique-username/username-attempt-unauthed
2026-09-01 18:26:43	NETWORK	cmxz	attempt=1	proxy=http://wiw4v7duaymysz9-session-6c249ae39f16-lifetime-10:***@rp.scrapegw.com:6060	ConnectionTimeoutError: Connection timeout to host https://discord.com/api/v9/unique-username/username-attempt-unauthed
2026-09-01 18:26:43	NETWORK	cnec	attempt=1	proxy=http://wiw4v7duaymysz9-session-75c386e282a9-lifetime-10:***@rp.scrapegw.com:6060	ConnectionTimeoutError: Connection timeout to host https://discord.com/api/v9/unique-username/username-attempt-unauthed
2026-09-01 18:26:43	NETWORK	cqey	attempt=1	proxy=http://wiw4v7duaymysz9-session-c2a1a01151a9-lifetime-10:***@rp.scrapegw.com:6060	ConnectionTimeoutError: Connection timeout to host https://discord.com/api/v9/unique-username/username-attempt-unauthed
2026-09-01 18:26:43	NETWORK	cpoj	attempt=1	proxy=http://wiw4v7duaymysz9-session-59cf39fcebf9-lifetime-10:***@rp.scrapegw.com:6060	ConnectionTimeoutError: Connection timeout to host https://discord.com/api/v9/unique-username/username-attempt-unauthed
2026-09-01 18:26:43	NETWORK	cnfh	attempt=1	proxy=http://wiw4v7duaymysz9-session-150bdd557533-lifetime-10:***@rp.scrapegw.com:6060	ConnectionTimeoutError: Connection timeout to host https://discord.com/api/v9/unique-username/username-attempt-unauthed
2026-09-01 18:26:43	NETWORK	cnhd	attempt=1	proxy=http://wiw4v7duaymysz9-session-be28cd80e450-lifetime-10:***@rp.scrapegw.com:6060	ConnectionTimeoutError: Connection timeout to host https://discord.com/api/v9/unique-username/username-attempt-unauthed
2026-09-01 18:26:43	NETWORK	ckvw	attempt=1	proxy=http://wiw4v7duaymysz9-session-11298b1c0f3f-lifetime-10:***@rp.scrapegw.com:6060	ConnectionTimeoutError: Connection timeout to host https://discord.com/api/v9/unique-username/username-attempt-unauthed
2026-09-01 18:26:43	NETWORK	cnhp	attempt=1	proxy=http://wiw4v7duaymysz9-session-f141ddab8855-lifetime-10:***@rp.scrapegw.com:6060	ConnectionTimeoutError: Connection timeout to host https://discord.com/api/v9/unique-username/username-attempt-unauthed
2026-09-01 18:26:43	NETWORK	cnoa	attempt=1	proxy=http://wiw4v7duaymysz9-session-eea82c497d6d-lifetime-10:***@rp.scrapegw.com:6060	ConnectionTimeoutError: Connection timeout to host https://discord.com/api/v9/unique-username/username-attempt-unauthed
2026-09-01 18:26:43	NETWORK	cnjh	attempt=1	proxy=http://wiw4v7duaymysz9-session-8188b5ebb1b1-lifetime-10:***@rp.scrapegw.com:6060	ConnectionTimeoutError: Connection timeout to host https://discord.com/api/v9/unique-username/username-attempt-unauthed
2026-09-01 18:26:43	NETWORK	cnjm	attempt=1	proxy=http://wiw4v7duaymysz9-session-65121bc0266a-lifetime-10:***@rp.scrapegw.com:6060	ConnectionTimeoutError: Connection timeout to host https://discord.com/api/v9/unique-username/username-attempt-unauthed
2026-09-01 18:26:43	NETWORK	ckjl	attempt=1	proxy=http://wiw4v7duaymysz9-session-de759d83af32-lifetime-10:***@rp.scrapegw.com:6060	ConnectionTimeoutError: Connection timeout to host https://discord.com/api/v9/unique-username/username-attempt-unauthed
2026-09-01 18:26:43	NETWORK	cpgf	attempt=1	proxy=http://wiw4v7duaymysz9-session-a7cdc5b4b4cc-lifetime-10:***@rp.scrapegw.com:6060	ConnectionTimeoutError: Connection timeout to host https://discord.com/api/v9/unique-username/username-attempt-unauthed
2026-09-01 18:26:43	NETWORK	ckfe	attempt=1	proxy=http://wiw4v7duaymysz9-session-cc28c9b3f34e-lifetime-10:***@rp.scrapegw.com:6060	ConnectionTimeoutError: Connection timeout to host https://discord.com/api/v9/unique-username/username-attempt-unauthed
2026-09-01 18:26:43	NETWORK	cnij	attempt=1	proxy=http://wiw4v7duaymysz9-session-73ad79c73666-lifetime-10:***@rp.scrapegw.com:6060	ConnectionTimeoutError: Connection timeout to host https://discord.com/api/v9/unique-username/username-attempt-unauthed
2026-09-01 18:26:43	NETWORK	cnma	attempt=1	proxy=http://wiw4v7duaymysz9-session-40adaf796c74-lifetime-10:***@rp.scrapegw.com:6060	ConnectionTimeoutError: Connection timeout to host https://discord.com/api/v9/unique-username/username-attempt-unauthed
2026-09-01 18:26:43	NETWORK	cnpc	attempt=1	proxy=http://wiw4v7duaymysz9-session-47764c057104-lifetime-10:***@rp.scrapegw.com:6060	ConnectionTimeoutError: Connection timeout to host https://discord.com/api/v9/unique-username/username-attempt-unauthed
2026-09-01 18:26:43	NETWORK	cnpz	attempt=1	proxy=http://wiw4v7duaymysz9-session-b5330456dabb-lifetime-10:***@rp.scrapegw.com:6060	ConnectionTimeoutError: Connection timeout to host https://discord.com/api/v9/unique-username/username-attempt-unauthed
2026-09-01 18:26:43	NETWORK	cnuv	attempt=1	proxy=http://wiw4v7duaymysz9-session-e07ae8a02b2d-lifetime-10:***@rp.scrapegw.com:6060	ConnectionTimeoutError: Connection timeout to host https://discord.com/api/v9/unique-username/username-attempt-unauthed
2026-09-01 18:26:43	NETWORK	cokl	attempt=1	proxy=http://wiw4v7duaymysz9-session-83d40fbacb23-lifetime-10:***@rp.scrapegw.com:6060	ConnectionTimeoutError: Connection timeout to host https://discord.com/api/v9/unique-username/username-attempt-unauthed
2026-09-01 18:26:43	NETWORK	cnvk	attempt=1	proxy=http://wiw4v7duaymysz9-session-9f86ef0ded68-lifetime-10:***@rp.scrapegw.com:6060	ConnectionTimeoutError: Connection timeout to host https://discord.com/api/v9/unique-username/username-attempt-unauthed
2026-09-01 18:26:43	NETWORK	cjhq	attempt=1	proxy=http://wiw4v7duaymysz9-session-49cd6200fc1d-lifetime-10:***@rp.scrapegw.com:6060	ConnectionTimeoutError: Connection timeout to host https://discord.com/api/v9/unique-username/username-attempt-unauthed
2026-09-01 18:26:43	NETWORK	cmjn	attempt=1	proxy=http://wiw4v7duaymysz9-session-d49f20b39c8c-lifetime-10:***@rp.scrapegw.com:6060	ConnectionTimeoutError: Connection timeout to host https://discord.com/api/v9/unique-username/username-attempt-unauthed
2026-09-01 18:26:43	NETWORK	cndi	attempt=1	proxy=http://wiw4v7duaymysz9-session-62933cd3d71e-lifetime-10:***@rp.scrapegw.com:6060	ConnectionTimeoutError: Connection timeout to host https://discord.com/api/v9/unique-username/username-attempt-unauthed
2026-09-01 18:26:43	NETWORK	cqes	attempt=1	proxy=http://wiw4v7duaymysz9-session-8f7adc5849c1-lifetime-10:***@rp.scrapegw.com:6060	ConnectionTimeoutError: Connection timeout to host https://discord.com/api/v9/unique-username/username-attempt-unauthed
2026-09-01 18:26:43	NETWORK	cnfy	attempt=1	proxy=http://wiw4v7duaymysz9-session-dfe4430edb11-lifetime-10:***@rp.scrapegw.com:6060	ConnectionTimeoutError: Connection timeout to host https://discord.com/api/v9/unique-username/username-attempt-unauthed
2026-09-01 18:26:43	NETWORK	cqdz	attempt=1	proxy=http://wiw4v7duaymysz9-session-32d618959187-lifetime-10:***@rp.scrapegw.com:6060	ConnectionTimeoutError: Connection timeout to host https://discord.com/api/v9/unique-username/username-attempt-unauthed
2026-09-01 18:26:43	NETWORK	cnlw	attempt=1	proxy=http://wiw4v7duaymysz9-session-0e32cbdc5c7e-lifetime-10:***@rp.scrapegw.com:6060	ConnectionTimeoutError: Connection timeout to host https://discord.com/api/v9/unique-username/username-attempt-unauthed
2026-09-01 18:26:43	NETWORK	cqcp	attempt=1	proxy=http://wiw4v7duaymysz9-session-1ce2b40d8bee-lifetime-10:***@rp.scrapegw.com:6060	ConnectionTimeoutError: Connection timeout to host https://discord.com/api/v9/unique-username/username-attempt-unauthed
2026-09-01 18:26:43	NETWORK	cqqb	attempt=1	proxy=http://wiw4v7duaymysz9-session-9d1ee006a2d1-lifetime-10:***@rp.scrapegw.com:6060	ConnectionTimeoutError: Connection timeout to host https://discord.com/api/v9/unique-username/username-attempt-unauthed
2026-09-01 18:26:43	NETWORK	cnnq	attempt=1	proxy=http://wiw4v7duaymysz9-session-f664d5e8d85d-lifetime-10:***@rp.scrapegw.com:6060	ConnectionTimeoutError: Connection timeout to host https://discord.com/api/v9/unique-username/username-attempt-unauthed
2026-09-01 18:26:43	NETWORK	cpvq	attempt=1	proxy=http://wiw4v7duaymysz9-session-82e5b5bfa7ce-lifetime-10:***@rp.scrapegw.com:6060	ConnectionTimeoutError: Connection timeout to host https://discord.com/api/v9/unique-username/username-attempt-unauthed
2026-09-01 18:26:43	NETWORK	cpml	attempt=1	proxy=http://wiw4v7duaymysz9-session-03c225448f65-lifetime-10:***@rp.scrapegw.com:6060	ConnectionTimeoutError: Connection timeout to host https://discord.com/api/v9/unique-username/username-attempt-unauthed
2026-09-01 18:26:43	NETWORK	cpcd	attempt=1	proxy=http://wiw4v7duaymysz9-session-5f5583811c23-lifetime-10:***@rp.scrapegw.com:6060	ConnectionTimeoutError: Connection timeout to host https://discord.com/api/v9/unique-username/username-attempt-unauthed
2026-09-01 18:26:43	NETWORK	cmil	attempt=1	proxy=http://wiw4v7duaymysz9-session-c24a21cf401e-lifetime-10:***@rp.scrapegw.com:6060	ConnectionTimeoutError: Connection timeout to host https://discord.com/api/v9/unique-username/username-attempt-unauthed
2026-09-01 18:26:43	NETWORK	cqji	attempt=1	proxy=http://wiw4v7duaymysz9-session-10d16e409875-lifetime-10:***@rp.scrapegw.com:6060	ConnectionTimeoutError: Connection timeout to host https://discord.com/api/v9/unique-username/username-attempt-unauthed
2026-09-01 18:26:43	NETWORK	couh	attempt=1	proxy=http://wiw4v7duaymysz9-session-4fe0521c0652-lifetime-10:***@rp.scrapegw.com:6060	ConnectionTimeoutError: Connection timeout to host https://discord.com/api/v9/unique-username/username-attempt-unauthed
2026-09-01 18:26:43	NETWORK	cnrs	attempt=1	proxy=http://wiw4v7duaymysz9-session-e057457a3f2f-lifetime-10:***@rp.scrapegw.com:6060	ConnectionTimeoutError: Connection timeout to host https://discord.com/api/v9/unique-username/username-attempt-unauthed
2026-09-01 18:26:43	NETWORK	cpiu	attempt=1	proxy=http://wiw4v7duaymysz9-session-2c8d54a30d80-lifetime-10:***@rp.scrapegw.com:6060	ConnectionTimeoutError: Connection timeout to host https://discord.com/api/v9/unique-username/username-attempt-unauthed
2026-09-01 18:26:43	NETWORK	colg	attempt=1	proxy=http://wiw4v7duaymysz9-session-32f5db456ff0-lifetime-10:***@rp.scrapegw.com:6060	ConnectionTimeoutError: Connection timeout to host https://discord.com/api/v9/unique-username/username-attempt-unauthed
2026-09-01 18:26:43	NETWORK	cpdm	attempt=1	proxy=http://wiw4v7duaymysz9-session-4dd01a473f4b-lifetime-10:***@rp.scrapegw.com:6060	ConnectionTimeoutError: Connection timeout to host https://discord.com/api/v9/unique-username/username-attempt-unauthed
2026-09-01 18:26:43	NETWORK	cnxp	attempt=1	proxy=http://wiw4v7duaymysz9-session-fede911bc6d9-lifetime-10:***@rp.scrapegw.com:6060	ConnectionTimeoutError: Connection timeout to host https://discord.com/api/v9/unique-username/username-attempt-unauthed
2026-09-01 18:26:43	NETWORK	cqli	attempt=1	proxy=http://wiw4v7duaymysz9-session-3443a7140ca5-lifetime-10:***@rp.scrapegw.com:6060	ConnectionTimeoutError: Connection timeout to host https://discord.com/api/v9/unique-username/username-attempt-unauthed
2026-09-01 18:26:43	NETWORK	cqct	attempt=1	proxy=http://wiw4v7duaymysz9-session-a1c55d449daf-lifetime-10:***@rp.scrapegw.com:6060	ConnectionTimeoutError: Connection timeout to host https://discord.com/api/v9/unique-username/username-attempt-unauthed
2026-09-01 18:26:43	NETWORK	clxb	attempt=1	proxy=http://wiw4v7duaymysz9-session-506510f649c4-lifetime-10:***@rp.scrapegw.com:6060	ConnectionTimeoutError: Connection timeout to host https://discord.com/api/v9/unique-username/username-attempt-unauthed
2026-09-01 18:26:43	NETWORK	coas	attempt=1	proxy=http://wiw4v7duaymysz9-session-ecccf6676fcd-lifetime-10:***@rp.scrapegw.com:6060	ConnectionTimeoutError: Connection timeout to host https://discord.com/api/v9/unique-username/username-attempt-unauthed
2026-09-01 18:26:43	NETWORK	cqbi	attempt=1	proxy=http://wiw4v7duaymysz9-session-e0bf34128d29-lifetime-10:***@rp.scrapegw.com:6060	ConnectionTimeoutError: Connection timeout to host https://discord.com/api/v9/unique-username/username-attempt-unauthed
2026-09-01 18:26:43	NETWORK	cqml	attempt=1	proxy=http://wiw4v7duaymysz9-session-9c2f6dea7c29-lifetime-10:***@rp.scrapegw.com:6060	ConnectionTimeoutError: Connection timeout to host https://discord.com/api/v9/unique-username/username-attempt-unauthed
2026-09-01 18:26:43	NETWORK	cqrp	attempt=1	proxy=http://wiw4v7duaymysz9-session-665127ed3e81-lifetime-10:***@rp.scrapegw.com:6060	ConnectionTimeoutError: Connection timeout to host https://discord.com/api/v9/unique-username/username-attempt-unauthed
2026-09-01 18:26:43	NETWORK	cmdu	attempt=1	proxy=http://wiw4v7duaymysz9-session-12386b6f62b8-lifetime-10:***@rp.scrapegw.com:6060	ConnectionTimeoutError: Connection timeout to host https://discord.com/api/v9/unique-username/username-attempt-unauthed
2026-09-01 18:26:43	NETWORK	cqpm	attempt=1	proxy=http://wiw4v7duaymysz9-session-5f2d55474749-lifetime-10:***@rp.scrapegw.com:6060	ConnectionTimeoutError: Connection timeout to host https://discord.com/api/v9/unique-username/username-attempt-unauthed
2026-09-01 18:26:43	NETWORK	cqmd	attempt=1	proxy=http://wiw4v7duaymysz9-session-69a224fbe3e7-lifetime-10:***@rp.scrapegw.com:6060	ConnectionTimeoutError: Connection timeout to host https://discord.com/api/v9/unique-username/username-attempt-unauthed
2026-09-01 18:26:43	NETWORK	cpxo	attempt=1	proxy=http://wiw4v7duaymysz9-session-7a855ba7ae66-lifetime-10:***@rp.scrapegw.com:6060	ConnectionTimeoutError: Connection timeout to host https://discord.com/api/v9/unique-username/username-attempt-unauthed
2026-09-01 18:26:43	NETWORK	cmaq	attempt=1	proxy=http://wiw4v7duaymysz9-session-5b343855366d-lifetime-10:***@rp.scrapegw.com:6060	ConnectionTimeoutError: Connection timeout to host https://discord.com/api/v9/unique-username/username-attempt-unauthed
2026-09-01 18:26:43	NETWORK	ckux	attempt=1	proxy=http://wiw4v7duaymysz9-session-8ababf6ec851-lifetime-10:***@rp.scrapegw.com:6060	ConnectionTimeoutError: Connection timeout to host https://discord.com/api/v9/unique-username/username-attempt-unauthed
2026-09-01 18:26:43	NETWORK	cpck	attempt=1	proxy=http://wiw4v7duaymysz9-session-9db73431b23a-lifetime-10:***@rp.scrapegw.com:6060	ConnectionTimeoutError: Connection timeout to host https://discord.com/api/v9/unique-username/username-attempt-unauthed
2026-09-01 18:26:43	NETWORK	cpew	attempt=1	proxy=http://wiw4v7duaymysz9-session-96ffa165e155-lifetime-10:***@rp.scrapegw.com:6060	ConnectionTimeoutError: Connection timeout to host https://discord.com/api/v9/unique-username/username-attempt-unauthed
2026-09-01 18:26:43	NETWORK	cnvq	attempt=1	proxy=http://wiw4v7duaymysz9-session-10997b80cb78-lifetime-10:***@rp.scrapegw.com:6060	ConnectionTimeoutError: Connection timeout to host https://discord.com/api/v9/unique-username/username-attempt-unauthed
2026-09-01 18:26:43	NETWORK	cnxh	attempt=1	proxy=http://wiw4v7duaymysz9-session-933a37977abd-lifetime-10:***@rp.scrapegw.com:6060	ConnectionTimeoutError: Connection timeout to host https://discord.com/api/v9/unique-username/username-attempt-unauthed
2026-09-01 18:26:43	NETWORK	clmn	attempt=1	proxy=http://wiw4v7duaymysz9-session-03718c71d862-lifetime-10:***@rp.scrapegw.com:6060	ConnectionTimeoutError: Connection timeout to host https://discord.com/api/v9/unique-username/username-attempt-unauthed
2026-09-01 18:26:43	NETWORK	cngs	attempt=1	proxy=http://wiw4v7duaymysz9-session-7f912d2535cb-lifetime-10:***@rp.scrapegw.com:6060	ConnectionTimeoutError: Connection timeout to host https://discord.com/api/v9/unique-username/username-attempt-unauthed
2026-09-01 18:26:43	NETWORK	cota	attempt=1	proxy=http://wiw4v7duaymysz9-session-3bdd06b0a212-lifetime-10:***@rp.scrapegw.com:6060	ConnectionTimeoutError: Connection timeout to host https://discord.com/api/v9/unique-username/username-attempt-unauthed
2026-09-01 18:26:44	HTTP_429	dczr	attempt=1	proxy=http://wiw4v7duaymysz9-session-f1549f96e4c4-lifetime-10:***@rp.scrapegw.com:6060	scope=shared global=False retry_after=618.00s
2026-09-01 18:26:44	HTTP_429	deks	attempt=1	proxy=http://wiw4v7duaymysz9-session-d2e4d8fadd03-lifetime-10:***@rp.scrapegw.com:6060	scope=shared global=False retry_after=1839.00s
2026-09-01 18:26:44	HTTP_429	cuuo	attempt=1	proxy=http://wiw4v7duaymysz9-session-47d654869a98-lifetime-10:***@rp.scrapegw.com:6060	scope=shared global=False retry_after=1490.00s
2026-09-01 18:26:44	HTTP_429	deup	attempt=1	proxy=http://wiw4v7duaymysz9-session-0c3b7e41e58d-lifetime-10:***@rp.scrapegw.com:6060	scope=shared global=False retry_after=1525.00s
2026-09-01 18:26:44	HTTP_429	cuvt	attempt=1	proxy=http://wiw4v7duaymysz9-session-00850e139c70-lifetime-10:***@rp.scrapegw.com:6060	scope=shared global=False retry_after=560.00s
2026-09-01 18:26:44	NETWORK	cqyx	attempt=1	proxy=http://wiw4v7duaymysz9-session-3d221545c344-lifetime-10:***@rp.scrapegw.com:6060	ConnectionTimeoutError: Connection timeout to host https://discord.com/api/v9/unique-username/username-attempt-unauthed
2026-09-01 18:26:44	NETWORK	crwq	attempt=1	proxy=http://wiw4v7duaymysz9-session-35c2d8ab9da4-lifetime-10:***@rp.scrapegw.com:6060	ConnectionTimeoutError: Connection timeout to host https://discord.com/api/v9/unique-username/username-attempt-unauthed
2026-09-01 18:26:44	NETWORK	cqzp	attempt=1	proxy=http://wiw4v7duaymysz9-session-5b8a29c80131-lifetime-10:***@rp.scrapegw.com:6060	ConnectionTimeoutError: Connection timeout to host https://discord.com/api/v9/unique-username/username-attempt-unauthed
2026-09-01 18:26:44	NETWORK	croq	attempt=1	proxy=http://wiw4v7duaymysz9-session-37631daf3b52-lifetime-10:***@rp.scrapegw.com:6060	ConnectionTimeoutError: Connection timeout to host https://discord.com/api/v9/unique-username/username-attempt-unauthed
2026-09-01 18:26:44	NETWORK	crgm	attempt=1	proxy=http://wiw4v7duaymysz9-session-5d1a7df59888-lifetime-10:***@rp.scrapegw.com:6060	ConnectionTimeoutError: Connection timeout to host https://discord.com/api/v9/unique-username/username-attempt-unauthed
2026-09-01 18:26:44	NETWORK	cqyc	attempt=1	proxy=http://wiw4v7duaymysz9-session-9c3515e6dbe9-lifetime-10:***@rp.scrapegw.com:6060	ConnectionTimeoutError: Connection timeout to host https://discord.com/api/v9/unique-username/username-attempt-unauthed
2026-09-01 18:26:44	NETWORK	cqyi	attempt=1	proxy=http://wiw4v7duaymysz9-session-52b5eae496d7-lifetime-10:***@rp.scrapegw.com:6060	ConnectionTimeoutError: Connection timeout to host https://discord.com/api/v9/unique-username/username-attempt-unauthed
2026-09-01 18:26:44	NETWORK	cqta	attempt=1	proxy=http://wiw4v7duaymysz9-session-2bd86470ed3a-lifetime-10:***@rp.scrapegw.com:6060	ConnectionTimeoutError: Connection timeout to host https://discord.com/api/v9/unique-username/username-attempt-unauthed
2026-09-01 18:26:44	NETWORK	cqyj	attempt=1	proxy=http://wiw4v7duaymysz9-session-be864e731b98-lifetime-10:***@rp.scrapegw.com:6060	ConnectionTimeoutError: Connection timeout to host https://discord.com/api/v9/unique-username/username-attempt-unauthed
2026-09-01 18:26:44	NETWORK	csfd	attempt=1	proxy=http://wiw4v7duaymysz9-session-ec411ab87b0d-lifetime-10:***@rp.scrapegw.com:6060	ConnectionTimeoutError: Connection timeout to host https://discord.com/api/v9/unique-username/username-attempt-unauthed
2026-09-01 18:26:44	NETWORK	crxi	attempt=1	proxy=http://wiw4v7duaymysz9-session-753b1bffc10b-lifetime-10:***@rp.scrapegw.com:6060	ConnectionTimeoutError: Connection timeout to host https://discord.com/api/v9/unique-username/username-attempt-unauthed
2026-09-01 18:26:44	NETWORK	crcp	attempt=1	proxy=http://wiw4v7duaymysz9-session-5ab5eff7ae39-lifetime-10:***@rp.scrapegw.com:6060	ConnectionTimeoutError: Connection timeout to host https://discord.com/api/v9/unique-username/username-attempt-unauthed
2026-09-01 18:26:44	NETWORK	cqul	attempt=1	proxy=http://wiw4v7duaymysz9-session-fdf737651668-lifetime-10:***@rp.scrapegw.com:6060	ConnectionTimeoutError: Connection timeout to host https://discord.com/api/v9/unique-username/username-attempt-unauthed
2026-09-01 18:26:44	NETWORK	csdv	attempt=1	proxy=http://wiw4v7duaymysz9-session-e285c26d06f7-lifetime-10:***@rp.scrapegw.com:6060	ConnectionTimeoutError: Connection timeout to host https://discord.com/api/v9/unique-username/username-attempt-unauthed
2026-09-01 18:26:44	NETWORK	cscs	attempt=1	proxy=http://wiw4v7duaymysz9-session-79611a20c209-lifetime-10:***@rp.scrapegw.com:6060	ConnectionTimeoutError: Connection timeout to host https://discord.com/api/v9/unique-username/username-attempt-unauthed
2026-09-01 18:26:44	NETWORK	cqyw	attempt=1	proxy=http://wiw4v7duaymysz9-session-31428e54f421-lifetime-10:***@rp.scrapegw.com:6060	ConnectionTimeoutError: Connection timeout to host https://discord.com/api/v9/unique-username/username-attempt-unauthed
2026-09-01 18:26:44	NETWORK	cscc	attempt=1	proxy=http://wiw4v7duaymysz9-session-8e8a57a44d9e-lifetime-10:***@rp.scrapegw.com:6060	ConnectionTimeoutError: Connection timeout to host https://discord.com/api/v9/unique-username/username-attempt-unauthed
2026-09-01 18:26:44	NETWORK	csat	attempt=1	proxy=http://wiw4v7duaymysz9-session-74c1499bab58-lifetime-10:***@rp.scrapegw.com:6060	ConnectionTimeoutError: Connection timeout to host https://discord.com/api/v9/unique-username/username-attempt-unauthed
2026-09-01 18:26:44	NETWORK	crzr	attempt=1	proxy=http://wiw4v7duaymysz9-session-0fd1790bc546-lifetime-10:***@rp.scrapegw.com:6060	ConnectionTimeoutError: Connection timeout to host https://discord.com/api/v9/unique-username/username-attempt-unauthed
2026-09-01 18:26:44	NETWORK	cryi	attempt=1	proxy=http://wiw4v7duaymysz9-session-a1a21743e73b-lifetime-10:***@rp.scrapegw.com:6060	ConnectionTimeoutError: Connection timeout to host https://discord.com/api/v9/unique-username/username-attempt-unauthed
2026-09-01 18:26:44	NETWORK	crup	attempt=1	proxy=http://wiw4v7duaymysz9-session-53f3218c28d0-lifetime-10:***@rp.scrapegw.com:6060	ConnectionTimeoutError: Connection timeout to host https://discord.com/api/v9/unique-username/username-attempt-unauthed
2026-09-01 18:26:44	NETWORK	crnw	attempt=1	proxy=http://wiw4v7duaymysz9-session-4140900bc064-lifetime-10:***@rp.scrapegw.com:6060	ConnectionTimeoutError: Connection timeout to host https://discord.com/api/v9/unique-username/username-attempt-unauthed
2026-09-01 18:26:44	NETWORK	cqxi	attempt=1	proxy=http://wiw4v7duaymysz9-session-5f87f249822e-lifetime-10:***@rp.scrapegw.com:6060	ConnectionTimeoutError: Connection timeout to host https://discord.com/api/v9/unique-username/username-attempt-unauthed
2026-09-01 18:26:44	NETWORK	cquq	attempt=1	proxy=http://wiw4v7duaymysz9-session-a2cd45178237-lifetime-10:***@rp.scrapegw.com:6060	ConnectionTimeoutError: Connection timeout to host https://discord.com/api/v9/unique-username/username-attempt-unauthed
2026-09-01 18:26:44	NETWORK	cqug	attempt=1	proxy=http://wiw4v7duaymysz9-session-2d45271bc8f2-lifetime-10:***@rp.scrapegw.com:6060	ConnectionTimeoutError: Connection timeout to host https://discord.com/api/v9/unique-username/username-attempt-unauthed
2026-09-01 18:26:44	NETWORK	crba	attempt=1	proxy=http://wiw4v7duaymysz9-session-32dc4c17d23f-lifetime-10:***@rp.scrapegw.com:6060	ConnectionTimeoutError: Connection timeout to host https://discord.com/api/v9/unique-username/username-attempt-unauthed
2026-09-01 18:26:44	NETWORK	cqsk	attempt=1	proxy=http://wiw4v7duaymysz9-session-eaa51178b8e7-lifetime-10:***@rp.scrapegw.com:6060	ConnectionTimeoutError: Connection timeout to host https://discord.com/api/v9/unique-username/username-attempt-unauthed
2026-09-01 18:26:44	NETWORK	cqxy	attempt=1	proxy=http://wiw4v7duaymysz9-session-8e8ea64fe5fb-lifetime-10:***@rp.scrapegw.com:6060	ConnectionTimeoutError: Connection timeout to host https://discord.com/api/v9/unique-username/username-attempt-unauthed
2026-09-01 18:26:44	NETWORK	cqtj	attempt=1	proxy=http://wiw4v7duaymysz9-session-7dea63be6ef3-lifetime-10:***@rp.scrapegw.com:6060	ConnectionTimeoutError: Connection timeout to host https://discord.com/api/v9/unique-username/username-attempt-unauthed
2026-09-01 18:26:44	NETWORK	crzk	attempt=1	proxy=http://wiw4v7duaymysz9-session-04049b607e51-lifetime-10:***@rp.scrapegw.com:6060	ConnectionTimeoutError: Connection timeout to host https://discord.com/api/v9/unique-username/username-attempt-unauthed
2026-09-01 18:26:44	NETWORK	csep	attempt=1	proxy=http://wiw4v7duaymysz9-session-54b3bb5b909f-lifetime-10:***@rp.scrapegw.com:6060	ConnectionTimeoutError: Connection timeout to host https://discord.com/api/v9/unique-username/username-attempt-unauthed
2026-09-01 18:26:44	NETWORK	cqza	attempt=1	proxy=http://wiw4v7duaymysz9-session-5327bc17266a-lifetime-10:***@rp.scrapegw.com:6060	ConnectionTimeoutError: Connection timeout to host https://discord.com/api/v9/unique-username/username-attempt-unauthed
2026-09-01 18:26:44	NETWORK	csbu	attempt=1	proxy=http://wiw4v7duaymysz9-session-ceffcd36b961-lifetime-10:***@rp.scrapegw.com:6060	ConnectionTimeoutError: Connection timeout to host https://discord.com/api/v9/unique-username/username-attempt-unauthed
2026-09-01 18:26:44	NETWORK	crdv	attempt=1	proxy=http://wiw4v7duaymysz9-session-1cf533f5b242-lifetime-10:***@rp.scrapegw.com:6060	ConnectionTimeoutError: Connection timeout to host https://discord.com/api/v9/unique-username/username-attempt-unauthed
2026-09-01 18:26:44	HTTP_429	deju	attempt=1	proxy=http://wiw4v7duaymysz9-session-eb2a708f6083-lifetime-10:***@rp.scrapegw.com:6060	scope=shared global=False retry_after=1079.00s
2026-09-01 18:26:44	HTTP_429	dfll	attempt=1	proxy=http://wiw4v7duaymysz9-session-d6331b148ad8-lifetime-10:***@rp.scrapegw.com:6060	scope=shared global=False retry_after=1033.00s
2026-09-01 18:26:44	HTTP_429	dgfj	attempt=1	proxy=http://wiw4v7duaymysz9-session-b8cf3e9f940d-lifetime-10:***@rp.scrapegw.com:6060	scope=shared global=False retry_after=942.00s
2026-09-01 18:26:45	NETWORK	cwvy	attempt=1	proxy=http://wiw4v7duaymysz9-session-2177fcf42fa6-lifetime-10:***@rp.scrapegw.com:6060	ClientConnectorError: Cannot connect to host discord.com:443 ssl:default [Connection reset by peer]
2026-09-01 18:26:45	NETWORK	chtc	attempt=1	proxy=http://wiw4v7duaymysz9-session-5ec1457db9de-lifetime-10:***@rp.scrapegw.com:6060	ServerDisconnectedError: Server disconnected
2026-09-01 18:26:45	NETWORK	ctnu	attempt=1	proxy=http://wiw4v7duaymysz9-session-a437850f8e19-lifetime-10:***@rp.scrapegw.com:6060	ConnectionTimeoutError: Connection timeout to host https://discord.com/api/v9/unique-username/username-attempt-unauthed
2026-09-01 18:26:45	NETWORK	ctus	attempt=1	proxy=http://wiw4v7duaymysz9-session-ab8b19097e39-lifetime-10:***@rp.scrapegw.com:6060	ConnectionTimeoutError: Connection timeout to host https://discord.com/api/v9/unique-username/username-attempt-unauthed
2026-09-01 18:26:45	NETWORK	csob	attempt=1	proxy=http://wiw4v7duaymysz9-session-e78d7a79f852-lifetime-10:***@rp.scrapegw.com:6060	ConnectionTimeoutError: Connection timeout to host https://discord.com/api/v9/unique-username/username-attempt-unauthed
2026-09-01 18:26:45	NETWORK	csub	attempt=1	proxy=http://wiw4v7duaymysz9-session-30c4d10bd4bd-lifetime-10:***@rp.scrapegw.com:6060	ConnectionTimeoutError: Connection timeout to host https://discord.com/api/v9/unique-username/username-attempt-unauthed
2026-09-01 18:26:45	NETWORK	ctyd	attempt=1	proxy=http://wiw4v7duaymysz9-session-ebe8d510f4a2-lifetime-10:***@rp.scrapegw.com:6060	ConnectionTimeoutError: Connection timeout to host https://discord.com/api/v9/unique-username/username-attempt-unauthed
2026-09-01 18:26:45	NETWORK	ctks	attempt=1	proxy=http://wiw4v7duaymysz9-session-5392a0790f74-lifetime-10:***@rp.scrapegw.com:6060	ConnectionTimeoutError: Connection timeout to host https://discord.com/api/v9/unique-username/username-attempt-unauthed
2026-09-01 18:26:45	NETWORK	csqi	attempt=1	proxy=http://wiw4v7duaymysz9-session-9991a0d3abcb-lifetime-10:***@rp.scrapegw.com:6060	ConnectionTimeoutError: Connection timeout to host https://discord.com/api/v9/unique-username/username-attempt-unauthed
2026-09-01 18:26:45	NETWORK	ctww	attempt=1	proxy=http://wiw4v7duaymysz9-session-236d18fa9a82-lifetime-10:***@rp.scrapegw.com:6060	ConnectionTimeoutError: Connection timeout to host https://discord.com/api/v9/unique-username/username-attempt-unauthed
2026-09-01 18:26:45	NETWORK	ctwu	attempt=1	proxy=http://wiw4v7duaymysz9-session-a0f19bcd8074-lifetime-10:***@rp.scrapegw.com:6060	ConnectionTimeoutError: Connection timeout to host https://discord.com/api/v9/unique-username/username-attempt-unauthed
2026-09-01 18:26:45	NETWORK	ctot	attempt=1	proxy=http://wiw4v7duaymysz9-session-df4adb8d760c-lifetime-10:***@rp.scrapegw.com:6060	ConnectionTimeoutError: Connection timeout to host https://discord.com/api/v9/unique-username/username-attempt-unauthed
2026-09-01 18:26:45	NETWORK	csla	attempt=1	proxy=http://wiw4v7duaymysz9-session-008bf1a8135e-lifetime-10:***@rp.scrapegw.com:6060	ConnectionTimeoutError: Connection timeout to host https://discord.com/api/v9/unique-username/username-attempt-unauthed
2026-09-01 18:26:45	NETWORK	cszn	attempt=1	proxy=http://wiw4v7duaymysz9-session-db89afaadc7b-lifetime-10:***@rp.scrapegw.com:6060	ConnectionTimeoutError: Connection timeout to host https://discord.com/api/v9/unique-username/username-attempt-unauthed
2026-09-01 18:26:45	NETWORK	csvw	attempt=1	proxy=http://wiw4v7duaymysz9-session-07e0c36fbba5-lifetime-10:***@rp.scrapegw.com:6060	ConnectionTimeoutError: Connection timeout to host https://discord.com/api/v9/unique-username/username-attempt-unauthed
2026-09-01 18:26:45	NETWORK	ctfh	attempt=1	proxy=http://wiw4v7duaymysz9-session-134f9ddee14a-lifetime-10:***@rp.scrapegw.com:6060	ConnectionTimeoutError: Connection timeout to host https://discord.com/api/v9/unique-username/username-attempt-unauthed
2026-09-01 18:26:45	NETWORK	ctrq	attempt=1	proxy=http://wiw4v7duaymysz9-session-3fb36791e8bf-lifetime-10:***@rp.scrapegw.com:6060	ConnectionTimeoutError: Connection timeout to host https://discord.com/api/v9/unique-username/username-attempt-unauthed
2026-09-01 18:26:45	NETWORK	ctai	attempt=1	proxy=http://wiw4v7duaymysz9-session-42501ac87f82-lifetime-10:***@rp.scrapegw.com:6060	ConnectionTimeoutError: Connection timeout to host https://discord.com/api/v9/unique-username/username-attempt-unauthed
2026-09-01 18:26:45	NETWORK	ctfe	attempt=1	proxy=http://wiw4v7duaymysz9-session-5248db40cd04-lifetime-10:***@rp.scrapegw.com:6060	ConnectionTimeoutError: Connection timeout to host https://discord.com/api/v9/unique-username/username-attempt-unauthed
2026-09-01 18:26:45	NETWORK	ctfa	attempt=1	proxy=http://wiw4v7duaymysz9-session-b82064308427-lifetime-10:***@rp.scrapegw.com:6060	ConnectionTimeoutError: Connection timeout to host https://discord.com/api/v9/unique-username/username-attempt-unauthed
2026-09-01 18:26:45	NETWORK	ctbs	attempt=1	proxy=http://wiw4v7duaymysz9-session-dfbd5f3f901a-lifetime-10:***@rp.scrapegw.com:6060	ConnectionTimeoutError: Connection timeout to host https://discord.com/api/v9/unique-username/username-attempt-unauthed
2026-09-01 18:26:45	NETWORK	ctxd	attempt=1	proxy=http://wiw4v7duaymysz9-session-6b08e9f5ab6c-lifetime-10:***@rp.scrapegw.com:6060	ConnectionTimeoutError: Connection timeout to host https://discord.com/api/v9/unique-username/username-attempt-unauthed
2026-09-01 18:26:45	NETWORK	csqb	attempt=1	proxy=http://wiw4v7duaymysz9-session-923092e57f3d-lifetime-10:***@rp.scrapegw.com:6060	ConnectionTimeoutError: Connection timeout to host https://discord.com/api/v9/unique-username/username-attempt-unauthed
2026-09-01 18:26:45	NETWORK	csnc	attempt=1	proxy=http://wiw4v7duaymysz9-session-4e3951f473fc-lifetime-10:***@rp.scrapegw.com:6060	ConnectionTimeoutError: Connection timeout to host https://discord.com/api/v9/unique-username/username-attempt-unauthed
2026-09-01 18:26:45	NETWORK	cssy	attempt=1	proxy=http://wiw4v7duaymysz9-session-37c8fce4db57-lifetime-10:***@rp.scrapegw.com:6060	ConnectionTimeoutError: Connection timeout to host https://discord.com/api/v9/unique-username/username-attempt-unauthed
2026-09-01 18:26:45	NETWORK	cspp	attempt=1	proxy=http://wiw4v7duaymysz9-session-c38597240938-lifetime-10:***@rp.scrapegw.com:6060	ConnectionTimeoutError: Connection timeout to host https://discord.com/api/v9/unique-username/username-attempt-unauthed
2026-09-01 18:26:45	NETWORK	cthi	attempt=1	proxy=http://wiw4v7duaymysz9-session-20c1e9f37575-lifetime-10:***@rp.scrapegw.com:6060	ConnectionTimeoutError: Connection timeout to host https://discord.com/api/v9/unique-username/username-attempt-unauthed
2026-09-01 18:26:45	NETWORK	ctbe	attempt=1	proxy=http://wiw4v7duaymysz9-session-583e1237e8cd-lifetime-10:***@rp.scrapegw.com:6060	ConnectionTimeoutError: Connection timeout to host https://discord.com/api/v9/unique-username/username-attempt-unauthed
2026-09-01 18:26:45	NETWORK	ctav	attempt=1	proxy=http://wiw4v7duaymysz9-session-ab8b8b60163f-lifetime-10:***@rp.scrapegw.com:6060	ConnectionTimeoutError: Connection timeout to host https://discord.com/api/v9/unique-username/username-attempt-unauthed
2026-09-01 18:26:45	NETWORK	csnx	attempt=1	proxy=http://wiw4v7duaymysz9-session-bf45c1766f84-lifetime-10:***@rp.scrapegw.com:6060	ConnectionTimeoutError: Connection timeout to host https://discord.com/api/v9/unique-username/username-attempt-unauthed
2026-09-01 18:26:45	NETWORK	cstq	attempt=1	proxy=http://wiw4v7duaymysz9-session-84f891399b32-lifetime-10:***@rp.scrapegw.com:6060	ConnectionTimeoutError: Connection timeout to host https://discord.com/api/v9/unique-username/username-attempt-unauthed
2026-09-01 18:26:46	HTTP_429	dayo	attempt=1	proxy=http://wiw4v7duaymysz9-session-5431024b72cc-lifetime-10:***@rp.scrapegw.com:6060	scope=shared global=False retry_after=1173.00s
2026-09-01 18:26:46	HTTP_429	dhsl	attempt=1	proxy=http://wiw4v7duaymysz9-session-0391dae8a3bb-lifetime-10:***@rp.scrapegw.com:6060	scope=shared global=False retry_after=1095.00s
2026-09-01 18:26:46	NETWORK	cuzm	attempt=1	proxy=http://wiw4v7duaymysz9-session-a0465aa66f9e-lifetime-10:***@rp.scrapegw.com:6060	ConnectionTimeoutError: Connection timeout to host https://discord.com/api/v9/unique-username/username-attempt-unauthed
2026-09-01 18:26:46	NETWORK	cvad	attempt=1	proxy=http://wiw4v7duaymysz9-session-3a11f55ce493-lifetime-10:***@rp.scrapegw.com:6060	ConnectionTimeoutError: Connection timeout to host https://discord.com/api/v9/unique-username/username-attempt-unauthed
2026-09-01 18:26:46	NETWORK	cuwz	attempt=1	proxy=http://wiw4v7duaymysz9-session-1d8e5c99f718-lifetime-10:***@rp.scrapegw.com:6060	ConnectionTimeoutError: Connection timeout to host https://discord.com/api/v9/unique-username/username-attempt-unauthed
2026-09-01 18:26:46	NETWORK	cuxq	attempt=1	proxy=http://wiw4v7duaymysz9-session-39a11971f5db-lifetime-10:***@rp.scrapegw.com:6060	ConnectionTimeoutError: Connection timeout to host https://discord.com/api/v9/unique-username/username-attempt-unauthed
2026-09-01 18:26:46	NETWORK	ctzt	attempt=1	proxy=http://wiw4v7duaymysz9-session-fda4a4097353-lifetime-10:***@rp.scrapegw.com:6060	ConnectionTimeoutError: Connection timeout to host https://discord.com/api/v9/unique-username/username-attempt-unauthed
2026-09-01 18:26:46	NETWORK	cuqs	attempt=1	proxy=http://wiw4v7duaymysz9-session-1b85c686af3d-lifetime-10:***@rp.scrapegw.com:6060	ConnectionTimeoutError: Connection timeout to host https://discord.com/api/v9/unique-username/username-attempt-unauthed
2026-09-01 18:26:46	NETWORK	cupe	attempt=1	proxy=http://wiw4v7duaymysz9-session-ced379661e91-lifetime-10:***@rp.scrapegw.com:6060	ConnectionTimeoutError: Connection timeout to host https://discord.com/api/v9/unique-username/username-attempt-unauthed
2026-09-01 18:26:46	NETWORK	cvbi	attempt=1	proxy=http://wiw4v7duaymysz9-session-a2cac98d25f6-lifetime-10:***@rp.scrapegw.com:6060	ConnectionTimeoutError: Connection timeout to host https://discord.com/api/v9/unique-username/username-attempt-unauthed
2026-09-01 18:26:46	NETWORK	cuvb	attempt=1	proxy=http://wiw4v7duaymysz9-session-c3f519d14567-lifetime-10:***@rp.scrapegw.com:6060	ConnectionTimeoutError: Connection timeout to host https://discord.com/api/v9/unique-username/username-attempt-unauthed
2026-09-01 18:26:46	NETWORK	cums	attempt=1	proxy=http://wiw4v7duaymysz9-session-a218827d51b4-lifetime-10:***@rp.scrapegw.com:6060	ConnectionTimeoutError: Connection timeout to host https://discord.com/api/v9/unique-username/username-attempt-unauthed
2026-09-01 18:26:46	NETWORK	cudz	attempt=1	proxy=http://wiw4v7duaymysz9-session-ff1fa0b1b9dc-lifetime-10:***@rp.scrapegw.com:6060	ConnectionTimeoutError: Connection timeout to host https://discord.com/api/v9/unique-username/username-attempt-unauthed
2026-09-01 18:26:46	NETWORK	cuci	attempt=1	proxy=http://wiw4v7duaymysz9-session-abc34bf8e8f6-lifetime-10:***@rp.scrapegw.com:6060	ConnectionTimeoutError: Connection timeout to host https://discord.com/api/v9/unique-username/username-attempt-unauthed
2026-09-01 18:26:46	NETWORK	cvea	attempt=1	proxy=http://wiw4v7duaymysz9-session-17db3f9b6015-lifetime-10:***@rp.scrapegw.com:6060	ConnectionTimeoutError: Connection timeout to host https://discord.com/api/v9/unique-username/username-attempt-unauthed
2026-09-01 18:26:46	NETWORK	cvcn	attempt=1	proxy=http://wiw4v7duaymysz9-session-e8a364e4400d-lifetime-10:***@rp.scrapegw.com:6060	ConnectionTimeoutError: Connection timeout to host https://discord.com/api/v9/unique-username/username-attempt-unauthed
2026-09-01 18:26:46	NETWORK	cuvl	attempt=1	proxy=http://wiw4v7duaymysz9-session-da1f26926bf1-lifetime-10:***@rp.scrapegw.com:6060	ConnectionTimeoutError: Connection timeout to host https://discord.com/api/v9/unique-username/username-attempt-unauthed
2026-09-01 18:26:46	NETWORK	cutv	attempt=1	proxy=http://wiw4v7duaymysz9-session-9c1edb1a5a61-lifetime-10:***@rp.scrapegw.com:6060	ConnectionTimeoutError: Connection timeout to host https://discord.com/api/v9/unique-username/username-attempt-unauthed
2026-09-01 18:26:46	NETWORK	cuwb	attempt=1	proxy=http://wiw4v7duaymysz9-session-55d5ccb129e9-lifetime-10:***@rp.scrapegw.com:6060	ConnectionTimeoutError: Connection timeout to host https://discord.com/api/v9/unique-username/username-attempt-unauthed
2026-09-01 18:26:46	NETWORK	curo	attempt=1	proxy=http://wiw4v7duaymysz9-session-54e76184966b-lifetime-10:***@rp.scrapegw.com:6060	ConnectionTimeoutError: Connection timeout to host https://discord.com/api/v9/unique-username/username-attempt-unauthed
2026-09-01 18:26:46	NETWORK	cuaw	attempt=1	proxy=http://wiw4v7duaymysz9-session-5ec1457db9de-lifetime-10:***@rp.scrapegw.com:6060	ConnectionTimeoutError: Connection timeout to host https://discord.com/api/v9/unique-username/username-attempt-unauthed
2026-09-01 18:26:46	NETWORK	cupt	attempt=1	proxy=http://wiw4v7duaymysz9-session-460094f885bd-lifetime-10:***@rp.scrapegw.com:6060	ConnectionTimeoutError: Connection timeout to host https://discord.com/api/v9/unique-username/username-attempt-unauthed
2026-09-01 18:26:46	HTTP_429	dikh	attempt=1	proxy=http://wiw4v7duaymysz9-session-01153f29b303-lifetime-10:***@rp.scrapegw.com:6060	scope=shared global=False retry_after=764.00s
2026-09-01 18:26:46	HTTP_429	cvaw	attempt=1	proxy=http://wiw4v7duaymysz9-session-6f8f16dfe660-lifetime-10:***@rp.scrapegw.com:6060	scope=shared global=False retry_after=1939.00s
2026-09-01 18:26:47	NETWORK	czjb	attempt=1	proxy=http://wiw4v7duaymysz9-session-3bdd06b0a212-lifetime-10:***@rp.scrapegw.com:6060	ClientConnectorError: Cannot connect to host discord.com:443 ssl:default [Connection reset by peer]
2026-09-01 18:26:47	NETWORK	cvld	attempt=1	proxy=http://wiw4v7duaymysz9-session-1a99b76b70d4-lifetime-10:***@rp.scrapegw.com:6060	ClientConnectorError: Cannot connect to host discord.com:443 ssl:default [Connection reset by peer]
2026-09-01 18:26:47	HTTP_429	djjr	attempt=1	proxy=http://wiw4v7duaymysz9-session-1d0b9221fba8-lifetime-10:***@rp.scrapegw.com:6060	scope=shared global=False retry_after=1878.00s
2026-09-01 18:26:47	NETWORK	cvpz	attempt=1	proxy=http://wiw4v7duaymysz9-session-f3ce12da094e-lifetime-10:***@rp.scrapegw.com:6060	ConnectionTimeoutError: Connection timeout to host https://discord.com/api/v9/unique-username/username-attempt-unauthed
2026-09-01 18:26:47	NETWORK	cvno	attempt=1	proxy=http://wiw4v7duaymysz9-session-4f0ec97b83d5-lifetime-10:***@rp.scrapegw.com:6060	ConnectionTimeoutError: Connection timeout to host https://discord.com/api/v9/unique-username/username-attempt-unauthed
2026-09-01 18:26:47	NETWORK	cvfy	attempt=1	proxy=http://wiw4v7duaymysz9-session-e2012b3abc0e-lifetime-10:***@rp.scrapegw.com:6060	ConnectionTimeoutError: Connection timeout to host https://discord.com/api/v9/unique-username/username-attempt-unauthed
2026-09-01 18:26:47	NETWORK	cgzl	attempt=1	proxy=http://wiw4v7duaymysz9-session-a437850f8e19-lifetime-10:***@rp.scrapegw.com:6060	TimeoutError:
2026-09-01 18:26:47	NETWORK	cvrx	attempt=1	proxy=http://wiw4v7duaymysz9-session-fa57cf6795ca-lifetime-10:***@rp.scrapegw.com:6060	ConnectionTimeoutError: Connection timeout to host https://discord.com/api/v9/unique-username/username-attempt-unauthed
2026-09-01 18:26:47	NETWORK	cvnb	attempt=1	proxy=http://wiw4v7duaymysz9-session-db9388bcf83d-lifetime-10:***@rp.scrapegw.com:6060	ConnectionTimeoutError: Connection timeout to host https://discord.com/api/v9/unique-username/username-attempt-unauthed
2026-09-01 18:26:47	NETWORK	cvus	attempt=1	proxy=http://wiw4v7duaymysz9-session-11298b1c0f3f-lifetime-10:***@rp.scrapegw.com:6060	ConnectionTimeoutError: Connection timeout to host https://discord.com/api/v9/unique-username/username-attempt-unauthed
2026-09-01 18:26:47	NETWORK	cvtr	attempt=1	proxy=http://wiw4v7duaymysz9-session-2fb4759f6538-lifetime-10:***@rp.scrapegw.com:6060	ConnectionTimeoutError: Connection timeout to host https://discord.com/api/v9/unique-username/username-attempt-unauthed
2026-09-01 18:26:47	NETWORK	cvje	attempt=1	proxy=http://wiw4v7duaymysz9-session-971edc8d7a3a-lifetime-10:***@rp.scrapegw.com:6060	ConnectionTimeoutError: Connection timeout to host https://discord.com/api/v9/unique-username/username-attempt-unauthed
2026-09-01 18:26:47	NETWORK	cvge	attempt=1	proxy=http://wiw4v7duaymysz9-session-6763db7df155-lifetime-10:***@rp.scrapegw.com:6060	ConnectionTimeoutError: Connection timeout to host https://discord.com/api/v9/unique-username/username-attempt-unauthed
2026-09-01 18:26:47	NETWORK	cvhm	attempt=1	proxy=http://wiw4v7duaymysz9-session-618aaac147cd-lifetime-10:***@rp.scrapegw.com:6060	ConnectionTimeoutError: Connection timeout to host https://discord.com/api/v9/unique-username/username-attempt-unauthed
2026-09-01 18:26:47	NETWORK	dfbc	attempt=1	proxy=http://wiw4v7duaymysz9-session-d15b1a916574-lifetime-10:***@rp.scrapegw.com:6060	ClientConnectorError: Cannot connect to host discord.com:443 ssl:default [Connection reset by peer]
2026-09-01 18:26:47	HTTP_429	ddpd	attempt=1	proxy=http://wiw4v7duaymysz9-session-6c6a42307289-lifetime-10:***@rp.scrapegw.com:6060	scope=shared global=False retry_after=685.00s
2026-09-01 18:26:48	NETWORK	dasn	attempt=1	proxy=http://wiw4v7duaymysz9-session-ba2fe5998dd7-lifetime-10:***@rp.scrapegw.com:6060	ClientConnectorError: Cannot connect to host discord.com:443 ssl:default [Connection reset by peer]
2026-09-01 18:26:48	NETWORK	cwhv	attempt=1	proxy=http://wiw4v7duaymysz9-session-13878b3f3ed5-lifetime-10:***@rp.scrapegw.com:6060	ConnectionTimeoutError: Connection timeout to host https://discord.com/api/v9/unique-username/username-attempt-unauthed
2026-09-01 18:26:48	NETWORK	cvzz	attempt=1	proxy=http://wiw4v7duaymysz9-session-79724c071141-lifetime-10:***@rp.scrapegw.com:6060	ConnectionTimeoutError: Connection timeout to host https://discord.com/api/v9/unique-username/username-attempt-unauthed
2026-09-01 18:26:48	NETWORK	cwaf	attempt=1	proxy=http://wiw4v7duaymysz9-session-144d8f71d026-lifetime-10:***@rp.scrapegw.com:6060	ConnectionTimeoutError: Connection timeout to host https://discord.com/api/v9/unique-username/username-attempt-unauthed
2026-09-01 18:26:48	NETWORK	cwvv	attempt=1	proxy=http://wiw4v7duaymysz9-session-aa32bf5c0af2-lifetime-10:***@rp.scrapegw.com:6060	ConnectionTimeoutError: Connection timeout to host https://discord.com/api/v9/unique-username/username-attempt-unauthed
2026-09-01 18:26:48	NETWORK	cwuq	attempt=1	proxy=http://wiw4v7duaymysz9-session-7781f286e79e-lifetime-10:***@rp.scrapegw.com:6060	ConnectionTimeoutError: Connection timeout to host https://discord.com/api/v9/unique-username/username-attempt-unauthed
2026-09-01 18:26:48	NETWORK	cwex	attempt=1	proxy=http://wiw4v7duaymysz9-session-24a0a91014d8-lifetime-10:***@rp.scrapegw.com:6060	ConnectionTimeoutError: Connection timeout to host https://discord.com/api/v9/unique-username/username-attempt-unauthed
2026-09-01 18:26:48	NETWORK	cwkj	attempt=1	proxy=http://wiw4v7duaymysz9-session-cb542845e720-lifetime-10:***@rp.scrapegw.com:6060	ConnectionTimeoutError: Connection timeout to host https://discord.com/api/v9/unique-username/username-attempt-unauthed
2026-09-01 18:26:48	NETWORK	cwsp	attempt=1	proxy=http://wiw4v7duaymysz9-session-0565bc697ecd-lifetime-10:***@rp.scrapegw.com:6060	ConnectionTimeoutError: Connection timeout to host https://discord.com/api/v9/unique-username/username-attempt-unauthed
2026-09-01 18:26:48	NETWORK	cwys	attempt=1	proxy=http://wiw4v7duaymysz9-session-cd1d45d3166d-lifetime-10:***@rp.scrapegw.com:6060	ConnectionTimeoutError: Connection timeout to host https://discord.com/api/v9/unique-username/username-attempt-unauthed
2026-09-01 18:26:48	NETWORK	cwmf	attempt=1	proxy=http://wiw4v7duaymysz9-session-93ed6f444b35-lifetime-10:***@rp.scrapegw.com:6060	ConnectionTimeoutError: Connection timeout to host https://discord.com/api/v9/unique-username/username-attempt-unauthed
2026-09-01 18:26:48	NETWORK	cwks	attempt=1	proxy=http://wiw4v7duaymysz9-session-8d1f2b733724-lifetime-10:***@rp.scrapegw.com:6060	ConnectionTimeoutError: Connection timeout to host https://discord.com/api/v9/unique-username/username-attempt-unauthed
2026-09-01 18:26:48	NETWORK	czag	attempt=1	proxy=http://wiw4v7duaymysz9-session-d9befe9cf579-lifetime-10:***@rp.scrapegw.com:6060	ClientConnectorError: Cannot connect to host discord.com:443 ssl:default [Connection reset by peer]
2026-09-01 18:26:49	HTTP_429	cxtp	attempt=1	proxy=http://wiw4v7duaymysz9-session-e57ddd0e7dc5-lifetime-10:***@rp.scrapegw.com:6060	scope=shared global=False retry_after=771.00s
2026-09-01 18:26:49	HTTP_429	cxqk	attempt=1	proxy=http://wiw4v7duaymysz9-session-8e5a9edd066e-lifetime-10:***@rp.scrapegw.com:6060	scope=shared global=False retry_after=579.00s
2026-09-01 18:26:49	NETWORK	cyjh	attempt=1	proxy=http://wiw4v7duaymysz9-session-e057457a3f2f-lifetime-10:***@rp.scrapegw.com:6060	ClientConnectorError: Cannot connect to host discord.com:443 ssl:default [Connection reset by peer]
2026-09-01 18:26:49	NETWORK	cxbl	attempt=1	proxy=http://wiw4v7duaymysz9-session-67dd00858e0a-lifetime-10:***@rp.scrapegw.com:6060	ConnectionTimeoutError: Connection timeout to host https://discord.com/api/v9/unique-username/username-attempt-unauthed
2026-09-01 18:26:49	NETWORK	cxaf	attempt=1	proxy=http://wiw4v7duaymysz9-session-a801caa0e6a8-lifetime-10:***@rp.scrapegw.com:6060	ConnectionTimeoutError: Connection timeout to host https://discord.com/api/v9/unique-username/username-attempt-unauthed
2026-09-01 18:26:49	NETWORK	cxsv	attempt=1	proxy=http://wiw4v7duaymysz9-session-6c249ae39f16-lifetime-10:***@rp.scrapegw.com:6060	ConnectionTimeoutError: Connection timeout to host https://discord.com/api/v9/unique-username/username-attempt-unauthed
2026-09-01 18:26:49	NETWORK	cxrq	attempt=1	proxy=http://wiw4v7duaymysz9-session-318d065daae2-lifetime-10:***@rp.scrapegw.com:6060	ConnectionTimeoutError: Connection timeout to host https://discord.com/api/v9/unique-username/username-attempt-unauthed
2026-09-01 18:26:49	NETWORK	cxrw	attempt=1	proxy=http://wiw4v7duaymysz9-session-9bd5f0b8b3f1-lifetime-10:***@rp.scrapegw.com:6060	ConnectionTimeoutError: Connection timeout to host https://discord.com/api/v9/unique-username/username-attempt-unauthed
2026-09-01 18:26:49	NETWORK	cxti	attempt=1	proxy=http://wiw4v7duaymysz9-session-a7cc6fb22e98-lifetime-10:***@rp.scrapegw.com:6060	ConnectionTimeoutError: Connection timeout to host https://discord.com/api/v9/unique-username/username-attempt-unauthed
2026-09-01 18:26:49	NETWORK	cxtf	attempt=1	proxy=http://wiw4v7duaymysz9-session-65b5521829a8-lifetime-10:***@rp.scrapegw.com:6060	ConnectionTimeoutError: Connection timeout to host https://discord.com/api/v9/unique-username/username-attempt-unauthed
2026-09-01 18:26:49	NETWORK	cxus	attempt=1	proxy=http://wiw4v7duaymysz9-session-33851e7c0f04-lifetime-10:***@rp.scrapegw.com:6060	ConnectionTimeoutError: Connection timeout to host https://discord.com/api/v9/unique-username/username-attempt-unauthed
2026-09-01 18:26:49	NETWORK	cxul	attempt=1	proxy=http://wiw4v7duaymysz9-session-75c386e282a9-lifetime-10:***@rp.scrapegw.com:6060	ConnectionTimeoutError: Connection timeout to host https://discord.com/api/v9/unique-username/username-attempt-unauthed
2026-09-01 18:26:49	NETWORK	cxqg	attempt=1	proxy=http://wiw4v7duaymysz9-session-6eee69b6d3b9-lifetime-10:***@rp.scrapegw.com:6060	ConnectionTimeoutError: Connection timeout to host https://discord.com/api/v9/unique-username/username-attempt-unauthed
2026-09-01 18:26:49	NETWORK	cxhb	attempt=1	proxy=http://wiw4v7duaymysz9-session-03246f847255-lifetime-10:***@rp.scrapegw.com:6060	ConnectionTimeoutError: Connection timeout to host https://discord.com/api/v9/unique-username/username-attempt-unauthed
2026-09-01 18:26:49	NETWORK	cxsy	attempt=1	proxy=http://wiw4v7duaymysz9-session-9d1053098ed5-lifetime-10:***@rp.scrapegw.com:6060	ConnectionTimeoutError: Connection timeout to host https://discord.com/api/v9/unique-username/username-attempt-unauthed
2026-09-01 18:26:49	NETWORK	cxak	attempt=1	proxy=http://wiw4v7duaymysz9-session-9f217a343ddd-lifetime-10:***@rp.scrapegw.com:6060	ConnectionTimeoutError: Connection timeout to host https://discord.com/api/v9/unique-username/username-attempt-unauthed
2026-09-01 18:26:49	NETWORK	cxte	attempt=1	proxy=http://wiw4v7duaymysz9-session-15e4cba0c01e-lifetime-10:***@rp.scrapegw.com:6060	ConnectionTimeoutError: Connection timeout to host https://discord.com/api/v9/unique-username/username-attempt-unauthed
2026-09-01 18:26:49	NETWORK	cxbk	attempt=1	proxy=http://wiw4v7duaymysz9-session-92227b3082bf-lifetime-10:***@rp.scrapegw.com:6060	ConnectionTimeoutError: Connection timeout to host https://discord.com/api/v9/unique-username/username-attempt-unauthed
2026-09-01 18:26:49	NETWORK	cxah	attempt=1	proxy=http://wiw4v7duaymysz9-session-1b4cc5b44036-lifetime-10:***@rp.scrapegw.com:6060	ConnectionTimeoutError: Connection timeout to host https://discord.com/api/v9/unique-username/username-attempt-unauthed
2026-09-01 18:26:49	NETWORK	cxft	attempt=1	proxy=http://wiw4v7duaymysz9-session-3f7e402f8459-lifetime-10:***@rp.scrapegw.com:6060	ConnectionTimeoutError: Connection timeout to host https://discord.com/api/v9/unique-username/username-attempt-unauthed
2026-09-01 18:26:50	HTTP_429	dlcn	attempt=1	proxy=http://wiw4v7duaymysz9-session-d5c66513daf4-lifetime-10:***@rp.scrapegw.com:6060	scope=shared global=False retry_after=158.00s
2026-09-01 18:26:50	NETWORK	degv	attempt=1	proxy=http://wiw4v7duaymysz9-session-26a5b8c14ffd-lifetime-10:***@rp.scrapegw.com:6060	ClientConnectorError: Cannot connect to host discord.com:443 ssl:default [Connection reset by peer]
2026-09-01 18:26:50	NETWORK	dbhe	attempt=1	proxy=http://wiw4v7duaymysz9-session-a2cd45178237-lifetime-10:***@rp.scrapegw.com:6060	ClientConnectorError: Cannot connect to host discord.com:443 ssl:default [Connection reset by peer]
2026-09-01 18:26:50	NETWORK	dcvz	attempt=1	proxy=http://wiw4v7duaymysz9-session-d0241ede05c1-lifetime-10:***@rp.scrapegw.com:6060	ClientConnectorError: Cannot connect to host discord.com:443 ssl:default [Connection reset by peer]
2026-09-01 18:26:50	NETWORK	cxwd	attempt=1	proxy=http://wiw4v7duaymysz9-session-7f912d2535cb-lifetime-10:***@rp.scrapegw.com:6060	ConnectionTimeoutError: Connection timeout to host https://discord.com/api/v9/unique-username/username-attempt-unauthed
2026-09-01 18:26:50	NETWORK	cyla	attempt=1	proxy=http://wiw4v7duaymysz9-session-9f86ef0ded68-lifetime-10:***@rp.scrapegw.com:6060	ConnectionTimeoutError: Connection timeout to host https://discord.com/api/v9/unique-username/username-attempt-unauthed
2026-09-01 18:26:50	NETWORK	cxxq	attempt=1	proxy=http://wiw4v7duaymysz9-session-f141ddab8855-lifetime-10:***@rp.scrapegw.com:6060	ConnectionTimeoutError: Connection timeout to host https://discord.com/api/v9/unique-username/username-attempt-unauthed
2026-09-01 18:26:50	NETWORK	cyam	attempt=1	proxy=http://wiw4v7duaymysz9-session-11f0d47d199b-lifetime-10:***@rp.scrapegw.com:6060	ConnectionTimeoutError: Connection timeout to host https://discord.com/api/v9/unique-username/username-attempt-unauthed
2026-09-01 18:26:50	NETWORK	cybq	attempt=1	proxy=http://wiw4v7duaymysz9-session-a4bf579b95b5-lifetime-10:***@rp.scrapegw.com:6060	ConnectionTimeoutError: Connection timeout to host https://discord.com/api/v9/unique-username/username-attempt-unauthed
2026-09-01 18:26:50	NETWORK	cynu	attempt=1	proxy=http://wiw4v7duaymysz9-session-9110f5cd2f44-lifetime-10:***@rp.scrapegw.com:6060	ConnectionTimeoutError: Connection timeout to host https://discord.com/api/v9/unique-username/username-attempt-unauthed
2026-09-01 18:26:50	NETWORK	cxwr	attempt=1	proxy=http://wiw4v7duaymysz9-session-be28cd80e450-lifetime-10:***@rp.scrapegw.com:6060	ConnectionTimeoutError: Connection timeout to host https://discord.com/api/v9/unique-username/username-attempt-unauthed
2026-09-01 18:26:50	NETWORK	cxuv	attempt=1	proxy=http://wiw4v7duaymysz9-session-150bdd557533-lifetime-10:***@rp.scrapegw.com:6060	ConnectionTimeoutError: Connection timeout to host https://discord.com/api/v9/unique-username/username-attempt-unauthed
2026-09-01 18:26:50	NETWORK	cxzv	attempt=1	proxy=http://wiw4v7duaymysz9-session-65121bc0266a-lifetime-10:***@rp.scrapegw.com:6060	ConnectionTimeoutError: Connection timeout to host https://discord.com/api/v9/unique-username/username-attempt-unauthed
2026-09-01 18:26:50	NETWORK	cylh	attempt=1	proxy=http://wiw4v7duaymysz9-session-10997b80cb78-lifetime-10:***@rp.scrapegw.com:6060	ConnectionTimeoutError: Connection timeout to host https://discord.com/api/v9/unique-username/username-attempt-unauthed
2026-09-01 18:26:50	NETWORK	cyni	attempt=1	proxy=http://wiw4v7duaymysz9-session-fc1e661942af-lifetime-10:***@rp.scrapegw.com:6060	ConnectionTimeoutError: Connection timeout to host https://discord.com/api/v9/unique-username/username-attempt-unauthed
2026-09-01 18:26:50	NETWORK	cyhw	attempt=1	proxy=http://wiw4v7duaymysz9-session-b5330456dabb-lifetime-10:***@rp.scrapegw.com:6060	ConnectionTimeoutError: Connection timeout to host https://discord.com/api/v9/unique-username/username-attempt-unauthed
2026-09-01 18:26:50	NETWORK	cykb	attempt=1	proxy=http://wiw4v7duaymysz9-session-3684eb62faf7-lifetime-10:***@rp.scrapegw.com:6060	ConnectionTimeoutError: Connection timeout to host https://discord.com/api/v9/unique-username/username-attempt-unauthed
2026-09-01 18:26:50	NETWORK	cyln	attempt=1	proxy=http://wiw4v7duaymysz9-session-41d82a2a162d-lifetime-10:***@rp.scrapegw.com:6060	ConnectionTimeoutError: Connection timeout to host https://discord.com/api/v9/unique-username/username-attempt-unauthed
2026-09-01 18:26:50	NETWORK	cyiz	attempt=1	proxy=http://wiw4v7duaymysz9-session-a2d3d5305f39-lifetime-10:***@rp.scrapegw.com:6060	ConnectionTimeoutError: Connection timeout to host https://discord.com/api/v9/unique-username/username-attempt-unauthed
2026-09-01 18:26:50	NETWORK	cyhh	attempt=1	proxy=http://wiw4v7duaymysz9-session-47764c057104-lifetime-10:***@rp.scrapegw.com:6060	ConnectionTimeoutError: Connection timeout to host https://discord.com/api/v9/unique-username/username-attempt-unauthed
2026-09-01 18:26:50	NETWORK	cygj	attempt=1	proxy=http://wiw4v7duaymysz9-session-eea82c497d6d-lifetime-10:***@rp.scrapegw.com:6060	ConnectionTimeoutError: Connection timeout to host https://discord.com/api/v9/unique-username/username-attempt-unauthed
2026-09-01 18:26:50	NETWORK	cybi	attempt=1	proxy=http://wiw4v7duaymysz9-session-40adaf796c74-lifetime-10:***@rp.scrapegw.com:6060	ConnectionTimeoutError: Connection timeout to host https://discord.com/api/v9/unique-username/username-attempt-unauthed
2026-09-01 18:26:50	NETWORK	cyez	attempt=1	proxy=http://wiw4v7duaymysz9-session-f664d5e8d85d-lifetime-10:***@rp.scrapegw.com:6060	ConnectionTimeoutError: Connection timeout to host https://discord.com/api/v9/unique-username/username-attempt-unauthed
2026-09-01 18:26:50	NETWORK	cyfc	attempt=1	proxy=http://wiw4v7duaymysz9-session-c292d2621979-lifetime-10:***@rp.scrapegw.com:6060	ConnectionTimeoutError: Connection timeout to host https://discord.com/api/v9/unique-username/username-attempt-unauthed
2026-09-01 18:26:50	NETWORK	cydc	attempt=1	proxy=http://wiw4v7duaymysz9-session-1e24045f7040-lifetime-10:***@rp.scrapegw.com:6060	ConnectionTimeoutError: Connection timeout to host https://discord.com/api/v9/unique-username/username-attempt-unauthed
2026-09-01 18:26:50	NETWORK	cyaq	attempt=1	proxy=http://wiw4v7duaymysz9-session-e909e956e64d-lifetime-10:***@rp.scrapegw.com:6060	ConnectionTimeoutError: Connection timeout to host https://discord.com/api/v9/unique-username/username-attempt-unauthed
2026-09-01 18:26:50	NETWORK	cynv	attempt=1	proxy=http://wiw4v7duaymysz9-session-fede911bc6d9-lifetime-10:***@rp.scrapegw.com:6060	ConnectionTimeoutError: Connection timeout to host https://discord.com/api/v9/unique-username/username-attempt-unauthed
2026-09-01 18:26:51	NETWORK	dfvg	attempt=1	proxy=http://wiw4v7duaymysz9-session-d78b628f6a3d-lifetime-10:***@rp.scrapegw.com:6060	ClientConnectorError: Cannot connect to host discord.com:443 ssl:default [Connection reset by peer]
2026-09-01 18:26:51	HTTP_429	dbzg	attempt=1	proxy=http://wiw4v7duaymysz9-session-ec411ab87b0d-lifetime-10:***@rp.scrapegw.com:6060	scope=shared global=False retry_after=1796.00s
2026-09-01 18:26:51	HTTP_429	djrl	attempt=1	proxy=http://wiw4v7duaymysz9-session-757a8746e186-lifetime-10:***@rp.scrapegw.com:6060	scope=shared global=False retry_after=300.00s
2026-09-01 18:26:51	NETWORK	dcsd	attempt=1	proxy=http://wiw4v7duaymysz9-session-ab8b19097e39-lifetime-10:***@rp.scrapegw.com:6060	ClientConnectorError: Cannot connect to host discord.com:443 ssl:default [None]
2026-09-01 18:26:51	NETWORK	dadj	attempt=1	proxy=http://wiw4v7duaymysz9-session-ba370fe0bb13-lifetime-10:***@rp.scrapegw.com:6060	ConnectionTimeoutError: Connection timeout to host https://discord.com/api/v9/unique-username/username-attempt-unauthed
2026-09-01 18:26:51	NETWORK	cznp	attempt=1	proxy=http://wiw4v7duaymysz9-session-ba80193d3cc1-lifetime-10:***@rp.scrapegw.com:6060	ConnectionTimeoutError: Connection timeout to host https://discord.com/api/v9/unique-username/username-attempt-unauthed
2026-09-01 18:26:51	NETWORK	czmf	attempt=1	proxy=http://wiw4v7duaymysz9-session-8ed4f90ba007-lifetime-10:***@rp.scrapegw.com:6060	ConnectionTimeoutError: Connection timeout to host https://discord.com/api/v9/unique-username/username-attempt-unauthed
2026-09-01 18:26:51	NETWORK	czij	attempt=1	proxy=http://wiw4v7duaymysz9-session-2a5d44e04442-lifetime-10:***@rp.scrapegw.com:6060	ConnectionTimeoutError: Connection timeout to host https://discord.com/api/v9/unique-username/username-attempt-unauthed
2026-09-01 18:26:51	NETWORK	cytg	attempt=1	proxy=http://wiw4v7duaymysz9-session-4f6e5cd8a780-lifetime-10:***@rp.scrapegw.com:6060	ConnectionTimeoutError: Connection timeout to host https://discord.com/api/v9/unique-username/username-attempt-unauthed
2026-09-01 18:26:51	NETWORK	daar	attempt=1	proxy=http://wiw4v7duaymysz9-session-75a9411a1609-lifetime-10:***@rp.scrapegw.com:6060	ConnectionTimeoutError: Connection timeout to host https://discord.com/api/v9/unique-username/username-attempt-unauthed
2026-09-01 18:26:51	NETWORK	czfd	attempt=1	proxy=http://wiw4v7duaymysz9-session-2c6a87433f54-lifetime-10:***@rp.scrapegw.com:6060	ConnectionTimeoutError: Connection timeout to host https://discord.com/api/v9/unique-username/username-attempt-unauthed
2026-09-01 18:26:51	NETWORK	czry	attempt=1	proxy=http://wiw4v7duaymysz9-session-a7cdc5b4b4cc-lifetime-10:***@rp.scrapegw.com:6060	ConnectionTimeoutError: Connection timeout to host https://discord.com/api/v9/unique-username/username-attempt-unauthed
2026-09-01 18:26:51	NETWORK	czda	attempt=1	proxy=http://wiw4v7duaymysz9-session-83d40fbacb23-lifetime-10:***@rp.scrapegw.com:6060	ConnectionTimeoutError: Connection timeout to host https://discord.com/api/v9/unique-username/username-attempt-unauthed
2026-09-01 18:26:51	NETWORK	czok	attempt=1	proxy=http://wiw4v7duaymysz9-session-552b561977a5-lifetime-10:***@rp.scrapegw.com:6060	ConnectionTimeoutError: Connection timeout to host https://discord.com/api/v9/unique-username/username-attempt-unauthed
2026-09-01 18:26:51	NETWORK	czpk	attempt=1	proxy=http://wiw4v7duaymysz9-session-9db73431b23a-lifetime-10:***@rp.scrapegw.com:6060	ConnectionTimeoutError: Connection timeout to host https://discord.com/api/v9/unique-username/username-attempt-unauthed
2026-09-01 18:26:51	NETWORK	czzp	attempt=1	proxy=http://wiw4v7duaymysz9-session-03c225448f65-lifetime-10:***@rp.scrapegw.com:6060	ConnectionTimeoutError: Connection timeout to host https://discord.com/api/v9/unique-username/username-attempt-unauthed
2026-09-01 18:26:51	NETWORK	czzl	attempt=1	proxy=http://wiw4v7duaymysz9-session-837d960d2272-lifetime-10:***@rp.scrapegw.com:6060	ConnectionTimeoutError: Connection timeout to host https://discord.com/api/v9/unique-username/username-attempt-unauthed
2026-09-01 18:26:51	NETWORK	czer	attempt=1	proxy=http://wiw4v7duaymysz9-session-9ae9e226794d-lifetime-10:***@rp.scrapegw.com:6060	ConnectionTimeoutError: Connection timeout to host https://discord.com/api/v9/unique-username/username-attempt-unauthed
2026-09-01 18:26:51	NETWORK	czdh	attempt=1	proxy=http://wiw4v7duaymysz9-session-32f5db456ff0-lifetime-10:***@rp.scrapegw.com:6060	ConnectionTimeoutError: Connection timeout to host https://discord.com/api/v9/unique-username/username-attempt-unauthed
2026-09-01 18:26:51	NETWORK	czcu	attempt=1	proxy=http://wiw4v7duaymysz9-session-cce6ac520801-lifetime-10:***@rp.scrapegw.com:6060	ConnectionTimeoutError: Connection timeout to host https://discord.com/api/v9/unique-username/username-attempt-unauthed
2026-09-01 18:26:51	NETWORK	czcd	attempt=1	proxy=http://wiw4v7duaymysz9-session-954e909bae97-lifetime-10:***@rp.scrapegw.com:6060	ConnectionTimeoutError: Connection timeout to host https://discord.com/api/v9/unique-username/username-attempt-unauthed
2026-09-01 18:26:51	NETWORK	czwx	attempt=1	proxy=http://wiw4v7duaymysz9-session-2c8d54a30d80-lifetime-10:***@rp.scrapegw.com:6060	ConnectionTimeoutError: Connection timeout to host https://discord.com/api/v9/unique-username/username-attempt-unauthed
2026-09-01 18:26:51	NETWORK	czca	attempt=1	proxy=http://wiw4v7duaymysz9-session-9eedd76ea99f-lifetime-10:***@rp.scrapegw.com:6060	ConnectionTimeoutError: Connection timeout to host https://discord.com/api/v9/unique-username/username-attempt-unauthed
2026-09-01 18:26:51	NETWORK	czai	attempt=1	proxy=http://wiw4v7duaymysz9-session-59ee8946986b-lifetime-10:***@rp.scrapegw.com:6060	ConnectionTimeoutError: Connection timeout to host https://discord.com/api/v9/unique-username/username-attempt-unauthed
2026-09-01 18:26:51	NETWORK	cywt	attempt=1	proxy=http://wiw4v7duaymysz9-session-6a31070d77e8-lifetime-10:***@rp.scrapegw.com:6060	ConnectionTimeoutError: Connection timeout to host https://discord.com/api/v9/unique-username/username-attempt-unauthed
2026-09-01 18:26:51	NETWORK	dabm	attempt=1	proxy=http://wiw4v7duaymysz9-session-6abf23708744-lifetime-10:***@rp.scrapegw.com:6060	ConnectionTimeoutError: Connection timeout to host https://discord.com/api/v9/unique-username/username-attempt-unauthed
2026-09-01 18:26:51	NETWORK	cyqi	attempt=1	proxy=http://wiw4v7duaymysz9-session-ecccf6676fcd-lifetime-10:***@rp.scrapegw.com:6060	ConnectionTimeoutError: Connection timeout to host https://discord.com/api/v9/unique-username/username-attempt-unauthed
2026-09-01 18:26:51	NETWORK	czrq	attempt=1	proxy=http://wiw4v7duaymysz9-session-1e01a3bcb891-lifetime-10:***@rp.scrapegw.com:6060	ConnectionTimeoutError: Connection timeout to host https://discord.com/api/v9/unique-username/username-attempt-unauthed
2026-09-01 18:26:51	NETWORK	czow	attempt=1	proxy=http://wiw4v7duaymysz9-session-090ea741c9ed-lifetime-10:***@rp.scrapegw.com:6060	ConnectionTimeoutError: Connection timeout to host https://discord.com/api/v9/unique-username/username-attempt-unauthed
2026-09-01 18:26:51	NETWORK	cztw	attempt=1	proxy=http://wiw4v7duaymysz9-session-d794f197ef64-lifetime-10:***@rp.scrapegw.com:6060	ConnectionTimeoutError: Connection timeout to host https://discord.com/api/v9/unique-username/username-attempt-unauthed
2026-09-01 18:26:51	NETWORK	czqx	attempt=1	proxy=http://wiw4v7duaymysz9-session-96ffa165e155-lifetime-10:***@rp.scrapegw.com:6060	ConnectionTimeoutError: Connection timeout to host https://discord.com/api/v9/unique-username/username-attempt-unauthed
2026-09-01 18:26:51	NETWORK	czmw	attempt=1	proxy=http://wiw4v7duaymysz9-session-c207397ab6cb-lifetime-10:***@rp.scrapegw.com:6060	ConnectionTimeoutError: Connection timeout to host https://discord.com/api/v9/unique-username/username-attempt-unauthed
2026-09-01 18:26:51	NETWORK	czjv	attempt=1	proxy=http://wiw4v7duaymysz9-session-edc260d8d7dc-lifetime-10:***@rp.scrapegw.com:6060	ConnectionTimeoutError: Connection timeout to host https://discord.com/api/v9/unique-username/username-attempt-unauthed
2026-09-01 18:26:51	NETWORK	czfi	attempt=1	proxy=http://wiw4v7duaymysz9-session-5fb1e009dce4-lifetime-10:***@rp.scrapegw.com:6060	ConnectionTimeoutError: Connection timeout to host https://discord.com/api/v9/unique-username/username-attempt-unauthed
2026-09-01 18:26:51	NETWORK	czkp	attempt=1	proxy=http://wiw4v7duaymysz9-session-eb41311b2f05-lifetime-10:***@rp.scrapegw.com:6060	ConnectionTimeoutError: Connection timeout to host https://discord.com/api/v9/unique-username/username-attempt-unauthed
2026-09-01 18:26:51	NETWORK	czcb	attempt=1	proxy=http://wiw4v7duaymysz9-session-28e70cafbdc7-lifetime-10:***@rp.scrapegw.com:6060	ConnectionTimeoutError: Connection timeout to host https://discord.com/api/v9/unique-username/username-attempt-unauthed
2026-09-01 18:26:51	NETWORK	cyyg	attempt=1	proxy=http://wiw4v7duaymysz9-session-a190a0064e18-lifetime-10:***@rp.scrapegw.com:6060	ConnectionTimeoutError: Connection timeout to host https://discord.com/api/v9/unique-username/username-attempt-unauthed
2026-09-01 18:26:51	NETWORK	cytq	attempt=1	proxy=http://wiw4v7duaymysz9-session-d64f53d8854f-lifetime-10:***@rp.scrapegw.com:6060	ConnectionTimeoutError: Connection timeout to host https://discord.com/api/v9/unique-username/username-attempt-unauthed
2026-09-01 18:26:51	NETWORK	daag	attempt=1	proxy=http://wiw4v7duaymysz9-session-59cf39fcebf9-lifetime-10:***@rp.scrapegw.com:6060	ConnectionTimeoutError: Connection timeout to host https://discord.com/api/v9/unique-username/username-attempt-unauthed
2026-09-01 18:26:51	NETWORK	czkt	attempt=1	proxy=http://wiw4v7duaymysz9-session-9f4f81aff8a5-lifetime-10:***@rp.scrapegw.com:6060	ConnectionTimeoutError: Connection timeout to host https://discord.com/api/v9/unique-username/username-attempt-unauthed
2026-09-01 18:26:51	NETWORK	cyod	attempt=1	proxy=http://wiw4v7duaymysz9-session-6ab6cd760075-lifetime-10:***@rp.scrapegw.com:6060	ConnectionTimeoutError: Connection timeout to host https://discord.com/api/v9/unique-username/username-attempt-unauthed
2026-09-01 18:26:51	HTTP_429	dfha	attempt=1	proxy=http://wiw4v7duaymysz9-session-fc1e661942af-lifetime-10:***@rp.scrapegw.com:6060	scope=shared global=False retry_after=908.00s
2026-09-01 18:26:52	NETWORK	dejv	attempt=1	proxy=http://wiw4v7duaymysz9-session-3f7e402f8459-lifetime-10:***@rp.scrapegw.com:6060	ClientConnectorError: Cannot connect to host discord.com:443 ssl:default [Connection reset by peer]
2026-09-01 18:26:52	NETWORK	dnnd	attempt=1	proxy=http://wiw4v7duaymysz9-session-42e8310f66f9-lifetime-10:***@rp.scrapegw.com:6060	ServerDisconnectedError: Server disconnected
2026-09-01 18:26:52	NETWORK	dbyn	attempt=1	proxy=http://wiw4v7duaymysz9-session-656a574ebaca-lifetime-10:***@rp.scrapegw.com:6060	ClientConnectorError: Cannot connect to host discord.com:443 ssl:default [Connection reset by peer]
2026-09-01 18:26:52	NETWORK	daxn	attempt=1	proxy=http://wiw4v7duaymysz9-session-9942cb7cbdfc-lifetime-10:***@rp.scrapegw.com:6060	ClientConnectorError: Cannot connect to host discord.com:443 ssl:default [Connection reset by peer]
2026-09-01 18:26:52	NETWORK	deqm	attempt=1	proxy=http://wiw4v7duaymysz9-session-49c4c59d4733-lifetime-10:***@rp.scrapegw.com:6060	ClientConnectorError: Cannot connect to host discord.com:443 ssl:default [Connection reset by peer]
2026-09-01 18:26:52	NETWORK	dhmz	attempt=1	proxy=http://wiw4v7duaymysz9-session-1a9b89744131-lifetime-10:***@rp.scrapegw.com:6060	ClientConnectorError: Cannot connect to host discord.com:443 ssl:default [Connection reset by peer]
2026-09-01 18:26:52	NETWORK	dbjz	attempt=1	proxy=http://wiw4v7duaymysz9-session-52b5eae496d7-lifetime-10:***@rp.scrapegw.com:6060	ConnectionTimeoutError: Connection timeout to host https://discord.com/api/v9/unique-username/username-attempt-unauthed
2026-09-01 18:26:52	NETWORK	dbjs	attempt=1	proxy=http://wiw4v7duaymysz9-session-9c3515e6dbe9-lifetime-10:***@rp.scrapegw.com:6060	ConnectionTimeoutError: Connection timeout to host https://discord.com/api/v9/unique-username/username-attempt-unauthed
2026-09-01 18:26:52	NETWORK	dbmq	attempt=1	proxy=http://wiw4v7duaymysz9-session-5b8a29c80131-lifetime-10:***@rp.scrapegw.com:6060	ConnectionTimeoutError: Connection timeout to host https://discord.com/api/v9/unique-username/username-attempt-unauthed
2026-09-01 18:26:52	NETWORK	dbqv	attempt=1	proxy=http://wiw4v7duaymysz9-session-a66f1667446f-lifetime-10:***@rp.scrapegw.com:6060	ConnectionTimeoutError: Connection timeout to host https://discord.com/api/v9/unique-username/username-attempt-unauthed
2026-09-01 18:26:52	NETWORK	dbiy	attempt=1	proxy=http://wiw4v7duaymysz9-session-5f87f249822e-lifetime-10:***@rp.scrapegw.com:6060	ConnectionTimeoutError: Connection timeout to host https://discord.com/api/v9/unique-username/username-attempt-unauthed
2026-09-01 18:26:52	NETWORK	dagk	attempt=1	proxy=http://wiw4v7duaymysz9-session-b69138a54609-lifetime-10:***@rp.scrapegw.com:6060	ConnectionTimeoutError: Connection timeout to host https://discord.com/api/v9/unique-username/username-attempt-unauthed
2026-09-01 18:26:52	NETWORK	dbpg	attempt=1	proxy=http://wiw4v7duaymysz9-session-b4acee20d017-lifetime-10:***@rp.scrapegw.com:6060	ConnectionTimeoutError: Connection timeout to host https://discord.com/api/v9/unique-username/username-attempt-unauthed
2026-09-01 18:26:52	NETWORK	dbko	attempt=1	proxy=http://wiw4v7duaymysz9-session-0d279dbf2456-lifetime-10:***@rp.scrapegw.com:6060	ConnectionTimeoutError: Connection timeout to host https://discord.com/api/v9/unique-username/username-attempt-unauthed
2026-09-01 18:26:52	NETWORK	dbix	attempt=1	proxy=http://wiw4v7duaymysz9-session-c94291d89f97-lifetime-10:***@rp.scrapegw.com:6060	ConnectionTimeoutError: Connection timeout to host https://discord.com/api/v9/unique-username/username-attempt-unauthed
2026-09-01 18:26:52	NETWORK	dbfj	attempt=1	proxy=http://wiw4v7duaymysz9-session-80952bc29f29-lifetime-10:***@rp.scrapegw.com:6060	ConnectionTimeoutError: Connection timeout to host https://discord.com/api/v9/unique-username/username-attempt-unauthed
2026-09-01 18:26:52	NETWORK	dbfz	attempt=1	proxy=http://wiw4v7duaymysz9-session-fdf737651668-lifetime-10:***@rp.scrapegw.com:6060	ConnectionTimeoutError: Connection timeout to host https://discord.com/api/v9/unique-username/username-attempt-unauthed
2026-09-01 18:26:52	NETWORK	dazn	attempt=1	proxy=http://wiw4v7duaymysz9-session-76989120a77a-lifetime-10:***@rp.scrapegw.com:6060	ConnectionTimeoutError: Connection timeout to host https://discord.com/api/v9/unique-username/username-attempt-unauthed
2026-09-01 18:26:52	NETWORK	dbnn	attempt=1	proxy=http://wiw4v7duaymysz9-session-a45b8af83c1a-lifetime-10:***@rp.scrapegw.com:6060	ConnectionTimeoutError: Connection timeout to host https://discord.com/api/v9/unique-username/username-attempt-unauthed
2026-09-01 18:26:52	NETWORK	davx	attempt=1	proxy=http://wiw4v7duaymysz9-session-1e0efc738974-lifetime-10:***@rp.scrapegw.com:6060	ConnectionTimeoutError: Connection timeout to host https://discord.com/api/v9/unique-username/username-attempt-unauthed
2026-09-01 18:26:52	NETWORK	dbag	attempt=1	proxy=http://wiw4v7duaymysz9-session-5f2d55474749-lifetime-10:***@rp.scrapegw.com:6060	ConnectionTimeoutError: Connection timeout to host https://discord.com/api/v9/unique-username/username-attempt-unauthed
2026-09-01 18:26:52	NETWORK	dbdx	attempt=1	proxy=http://wiw4v7duaymysz9-session-2bd86470ed3a-lifetime-10:***@rp.scrapegw.com:6060	ConnectionTimeoutError: Connection timeout to host https://discord.com/api/v9/unique-username/username-attempt-unauthed
2026-09-01 18:26:52	NETWORK	dbvv	attempt=1	proxy=http://wiw4v7duaymysz9-session-a1a21743e73b-lifetime-10:***@rp.scrapegw.com:6060	ConnectionTimeoutError: Connection timeout to host https://discord.com/api/v9/unique-username/username-attempt-unauthed
2026-09-01 18:26:52	NETWORK	davh	attempt=1	proxy=http://wiw4v7duaymysz9-session-38cd2462e258-lifetime-10:***@rp.scrapegw.com:6060	ConnectionTimeoutError: Connection timeout to host https://discord.com/api/v9/unique-username/username-attempt-unauthed
2026-09-01 18:26:52	NETWORK	dbfg	attempt=1	proxy=http://wiw4v7duaymysz9-session-e327bfe99bc1-lifetime-10:***@rp.scrapegw.com:6060	ConnectionTimeoutError: Connection timeout to host https://discord.com/api/v9/unique-username/username-attempt-unauthed
2026-09-01 18:26:52	NETWORK	dapy	attempt=1	proxy=http://wiw4v7duaymysz9-session-ca26ffac0276-lifetime-10:***@rp.scrapegw.com:6060	ConnectionTimeoutError: Connection timeout to host https://discord.com/api/v9/unique-username/username-attempt-unauthed
2026-09-01 18:26:52	NETWORK	daoy	attempt=1	proxy=http://wiw4v7duaymysz9-session-1ae8c77453a5-lifetime-10:***@rp.scrapegw.com:6060	ConnectionTimeoutError: Connection timeout to host https://discord.com/api/v9/unique-username/username-attempt-unauthed
2026-09-01 18:26:52	NETWORK	daoz	attempt=1	proxy=http://wiw4v7duaymysz9-session-23e9abbbabd3-lifetime-10:***@rp.scrapegw.com:6060	ConnectionTimeoutError: Connection timeout to host https://discord.com/api/v9/unique-username/username-attempt-unauthed
2026-09-01 18:26:52	NETWORK	damh	attempt=1	proxy=http://wiw4v7duaymysz9-session-fab5801b57f0-lifetime-10:***@rp.scrapegw.com:6060	ConnectionTimeoutError: Connection timeout to host https://discord.com/api/v9/unique-username/username-attempt-unauthed
2026-09-01 18:26:52	NETWORK	dakg	attempt=1	proxy=http://wiw4v7duaymysz9-session-5b46f8751b17-lifetime-10:***@rp.scrapegw.com:6060	ConnectionTimeoutError: Connection timeout to host https://discord.com/api/v9/unique-username/username-attempt-unauthed
2026-09-01 18:26:52	NETWORK	dakb	attempt=1	proxy=http://wiw4v7duaymysz9-session-e48ee48788b7-lifetime-10:***@rp.scrapegw.com:6060	ConnectionTimeoutError: Connection timeout to host https://discord.com/api/v9/unique-username/username-attempt-unauthed
2026-09-01 18:26:52	NETWORK	dajl	attempt=1	proxy=http://wiw4v7duaymysz9-session-7a855ba7ae66-lifetime-10:***@rp.scrapegw.com:6060	ConnectionTimeoutError: Connection timeout to host https://discord.com/api/v9/unique-username/username-attempt-unauthed
2026-09-01 18:26:52	NETWORK	dads	attempt=1	proxy=http://wiw4v7duaymysz9-session-c7b52afc0c67-lifetime-10:***@rp.scrapegw.com:6060	ConnectionTimeoutError: Connection timeout to host https://discord.com/api/v9/unique-username/username-attempt-unauthed
2026-09-01 18:26:52	NETWORK	dadm	attempt=1	proxy=http://wiw4v7duaymysz9-session-c3373e00e0ff-lifetime-10:***@rp.scrapegw.com:6060	ConnectionTimeoutError: Connection timeout to host https://discord.com/api/v9/unique-username/username-attempt-unauthed
2026-09-01 18:26:52	NETWORK	dbrs	attempt=1	proxy=http://wiw4v7duaymysz9-session-de9e96dcae83-lifetime-10:***@rp.scrapegw.com:6060	ConnectionTimeoutError: Connection timeout to host https://discord.com/api/v9/unique-username/username-attempt-unauthed
2026-09-01 18:26:52	NETWORK	dbay	attempt=1	proxy=http://wiw4v7duaymysz9-session-55ccb29e17d5-lifetime-10:***@rp.scrapegw.com:6060	ConnectionTimeoutError: Connection timeout to host https://discord.com/api/v9/unique-username/username-attempt-unauthed
2026-09-01 18:26:52	NETWORK	dbqp	attempt=1	proxy=http://wiw4v7duaymysz9-session-37631daf3b52-lifetime-10:***@rp.scrapegw.com:6060	ConnectionTimeoutError: Connection timeout to host https://discord.com/api/v9/unique-username/username-attempt-unauthed
2026-09-01 18:26:52	NETWORK	dbjg	attempt=1	proxy=http://wiw4v7duaymysz9-session-c4844aa56f11-lifetime-10:***@rp.scrapegw.com:6060	ConnectionTimeoutError: Connection timeout to host https://discord.com/api/v9/unique-username/username-attempt-unauthed
2026-09-01 18:26:52	NETWORK	dblc	attempt=1	proxy=http://wiw4v7duaymysz9-session-1a9b89744131-lifetime-10:***@rp.scrapegw.com:6060	ConnectionTimeoutError: Connection timeout to host https://discord.com/api/v9/unique-username/username-attempt-unauthed
2026-09-01 18:26:52	NETWORK	dblb	attempt=1	proxy=http://wiw4v7duaymysz9-session-3d221545c344-lifetime-10:***@rp.scrapegw.com:6060	ConnectionTimeoutError: Connection timeout to host https://discord.com/api/v9/unique-username/username-attempt-unauthed
2026-09-01 18:26:52	NETWORK	dasi	attempt=1	proxy=http://wiw4v7duaymysz9-session-11ca838f506f-lifetime-10:***@rp.scrapegw.com:6060	ConnectionTimeoutError: Connection timeout to host https://discord.com/api/v9/unique-username/username-attempt-unauthed
2026-09-01 18:26:52	NETWORK	dbwu	attempt=1	proxy=http://wiw4v7duaymysz9-session-0fd1790bc546-lifetime-10:***@rp.scrapegw.com:6060	ConnectionTimeoutError: Connection timeout to host https://discord.com/api/v9/unique-username/username-attempt-unauthed
2026-09-01 18:26:52	NETWORK	dbwc	attempt=1	proxy=http://wiw4v7duaymysz9-session-433422246bfe-lifetime-10:***@rp.scrapegw.com:6060	ConnectionTimeoutError: Connection timeout to host https://discord.com/api/v9/unique-username/username-attempt-unauthed
2026-09-01 18:26:52	NETWORK	dbik	attempt=1	proxy=http://wiw4v7duaymysz9-session-d39cf907db46-lifetime-10:***@rp.scrapegw.com:6060	ConnectionTimeoutError: Connection timeout to host https://discord.com/api/v9/unique-username/username-attempt-unauthed
2026-09-01 18:26:52	NETWORK	dbew	attempt=1	proxy=http://wiw4v7duaymysz9-session-7dea63be6ef3-lifetime-10:***@rp.scrapegw.com:6060	ConnectionTimeoutError: Connection timeout to host https://discord.com/api/v9/unique-username/username-attempt-unauthed
2026-09-01 18:26:52	NETWORK	dbdj	attempt=1	proxy=http://wiw4v7duaymysz9-session-eaa51178b8e7-lifetime-10:***@rp.scrapegw.com:6060	ConnectionTimeoutError: Connection timeout to host https://discord.com/api/v9/unique-username/username-attempt-unauthed
2026-09-01 18:26:52	NETWORK	dajv	attempt=1	proxy=http://wiw4v7duaymysz9-session-e0c4cd32995e-lifetime-10:***@rp.scrapegw.com:6060	ConnectionTimeoutError: Connection timeout to host https://discord.com/api/v9/unique-username/username-attempt-unauthed
2026-09-01 18:26:52	NETWORK	dajk	attempt=1	proxy=http://wiw4v7duaymysz9-session-92884f5cb18d-lifetime-10:***@rp.scrapegw.com:6060	ConnectionTimeoutError: Connection timeout to host https://discord.com/api/v9/unique-username/username-attempt-unauthed
2026-09-01 18:26:52	NETWORK	dahw	attempt=1	proxy=http://wiw4v7duaymysz9-session-82e5b5bfa7ce-lifetime-10:***@rp.scrapegw.com:6060	ConnectionTimeoutError: Connection timeout to host https://discord.com/api/v9/unique-username/username-attempt-unauthed
2026-09-01 18:26:52	NETWORK	dbae	attempt=1	proxy=http://wiw4v7duaymysz9-session-60503b7c0269-lifetime-10:***@rp.scrapegw.com:6060	ConnectionTimeoutError: Connection timeout to host https://discord.com/api/v9/unique-username/username-attempt-unauthed
2026-09-01 18:26:52	NETWORK	dazw	attempt=1	proxy=http://wiw4v7duaymysz9-session-9c2f6dea7c29-lifetime-10:***@rp.scrapegw.com:6060	ConnectionTimeoutError: Connection timeout to host https://discord.com/api/v9/unique-username/username-attempt-unauthed
2026-09-01 18:26:52	NETWORK	dbax	attempt=1	proxy=http://wiw4v7duaymysz9-session-e23b008e8ace-lifetime-10:***@rp.scrapegw.com:6060	ConnectionTimeoutError: Connection timeout to host https://discord.com/api/v9/unique-username/username-attempt-unauthed
2026-09-01 18:26:52	NETWORK	dbrd	attempt=1	proxy=http://wiw4v7duaymysz9-session-0391dae8a3bb-lifetime-10:***@rp.scrapegw.com:6060	ConnectionTimeoutError: Connection timeout to host https://discord.com/api/v9/unique-username/username-attempt-unauthed
2026-09-01 18:26:52	NETWORK	dbbt	attempt=1	proxy=http://wiw4v7duaymysz9-session-3ac0795f9c4c-lifetime-10:***@rp.scrapegw.com:6060	ConnectionTimeoutError: Connection timeout to host https://discord.com/api/v9/unique-username/username-attempt-unauthed
2026-09-01 18:26:52	NETWORK	dbsu	attempt=1	proxy=http://wiw4v7duaymysz9-session-f6775999fa34-lifetime-10:***@rp.scrapegw.com:6060	ConnectionTimeoutError: Connection timeout to host https://discord.com/api/v9/unique-username/username-attempt-unauthed
2026-09-01 18:26:52	NETWORK	dbrv	attempt=1	proxy=http://wiw4v7duaymysz9-session-2b280bf222c9-lifetime-10:***@rp.scrapegw.com:6060	ConnectionTimeoutError: Connection timeout to host https://discord.com/api/v9/unique-username/username-attempt-unauthed
2026-09-01 18:26:52	NETWORK	dbpm	attempt=1	proxy=http://wiw4v7duaymysz9-session-5d1a7df59888-lifetime-10:***@rp.scrapegw.com:6060	ConnectionTimeoutError: Connection timeout to host https://discord.com/api/v9/unique-username/username-attempt-unauthed
2026-09-01 18:26:52	NETWORK	dbnp	attempt=1	proxy=http://wiw4v7duaymysz9-session-4ca37f7a460e-lifetime-10:***@rp.scrapegw.com:6060	ConnectionTimeoutError: Connection timeout to host https://discord.com/api/v9/unique-username/username-attempt-unauthed
2026-09-01 18:26:52	NETWORK	dbks	attempt=1	proxy=http://wiw4v7duaymysz9-session-31428e54f421-lifetime-10:***@rp.scrapegw.com:6060	ConnectionTimeoutError: Connection timeout to host https://discord.com/api/v9/unique-username/username-attempt-unauthed
2026-09-01 18:26:52	NETWORK	dbvl	attempt=1	proxy=http://wiw4v7duaymysz9-session-42152c9553f2-lifetime-10:***@rp.scrapegw.com:6060	ConnectionTimeoutError: Connection timeout to host https://discord.com/api/v9/unique-username/username-attempt-unauthed
2026-09-01 18:26:52	NETWORK	dbtx	attempt=1	proxy=http://wiw4v7duaymysz9-session-35c2d8ab9da4-lifetime-10:***@rp.scrapegw.com:6060	ConnectionTimeoutError: Connection timeout to host https://discord.com/api/v9/unique-username/username-attempt-unauthed
2026-09-01 18:26:52	NETWORK	dazl	attempt=1	proxy=http://wiw4v7duaymysz9-session-69a224fbe3e7-lifetime-10:***@rp.scrapegw.com:6060	ConnectionTimeoutError: Connection timeout to host https://discord.com/api/v9/unique-username/username-attempt-unauthed
2026-09-01 18:26:52	NETWORK	dbsf	attempt=1	proxy=http://wiw4v7duaymysz9-session-53f3218c28d0-lifetime-10:***@rp.scrapegw.com:6060	ConnectionTimeoutError: Connection timeout to host https://discord.com/api/v9/unique-username/username-attempt-unauthed
2026-09-01 18:26:52	NETWORK	daqf	attempt=1	proxy=http://wiw4v7duaymysz9-session-a1c55d449daf-lifetime-10:***@rp.scrapegw.com:6060	ConnectionTimeoutError: Connection timeout to host https://discord.com/api/v9/unique-username/username-attempt-unauthed
2026-09-01 18:26:53	HTTP_429	dosf	attempt=1	proxy=http://wiw4v7duaymysz9-session-2834a80a2564-lifetime-10:***@rp.scrapegw.com:6060	scope=shared global=False retry_after=1196.00s
2026-09-01 18:26:53	HTTP_429	dozx	attempt=1	proxy=http://wiw4v7duaymysz9-session-7c380d98e3ac-lifetime-10:***@rp.scrapegw.com:6060	scope=shared global=False retry_after=1687.00s
2026-09-01 18:26:53	HTTP_429	dnuz	attempt=1	proxy=http://wiw4v7duaymysz9-session-1e0efc738974-lifetime-10:***@rp.scrapegw.com:6060	scope=shared global=False retry_after=1153.00s
2026-09-01 18:26:53	HTTP_429	dphd	attempt=1	proxy=http://wiw4v7duaymysz9-session-4442bc3252eb-lifetime-10:***@rp.scrapegw.com:6060	scope=shared global=False retry_after=1436.00s
2026-09-01 18:26:53	NETWORK	dcvj	attempt=1	proxy=http://wiw4v7duaymysz9-session-5ec1457db9de-lifetime-10:***@rp.scrapegw.com:6060	ConnectionTimeoutError: Connection timeout to host https://discord.com/api/v9/unique-username/username-attempt-unauthed
2026-09-01 18:26:53	NETWORK	dccq	attempt=1	proxy=http://wiw4v7duaymysz9-session-fa536875ec12-lifetime-10:***@rp.scrapegw.com:6060	ConnectionTimeoutError: Connection timeout to host https://discord.com/api/v9/unique-username/username-attempt-unauthed
2026-09-01 18:26:53	NETWORK	dctv	attempt=1	proxy=http://wiw4v7duaymysz9-session-6b08e9f5ab6c-lifetime-10:***@rp.scrapegw.com:6060	ConnectionTimeoutError: Connection timeout to host https://discord.com/api/v9/unique-username/username-attempt-unauthed
2026-09-01 18:26:53	NETWORK	dcwn	attempt=1	proxy=http://wiw4v7duaymysz9-session-e409a67abda2-lifetime-10:***@rp.scrapegw.com:6060	ConnectionTimeoutError: Connection timeout to host https://discord.com/api/v9/unique-username/username-attempt-unauthed
2026-09-01 18:26:53	NETWORK	dbyw	attempt=1	proxy=http://wiw4v7duaymysz9-session-e285c26d06f7-lifetime-10:***@rp.scrapegw.com:6060	ConnectionTimeoutError: Connection timeout to host https://discord.com/api/v9/unique-username/username-attempt-unauthed
2026-09-01 18:26:53	NETWORK	dcug	attempt=1	proxy=http://wiw4v7duaymysz9-session-ebe8d510f4a2-lifetime-10:***@rp.scrapegw.com:6060	ConnectionTimeoutError: Connection timeout to host https://discord.com/api/v9/unique-username/username-attempt-unauthed
2026-09-01 18:26:53	NETWORK	dbye	attempt=1	proxy=http://wiw4v7duaymysz9-session-8e8a57a44d9e-lifetime-10:***@rp.scrapegw.com:6060	ConnectionTimeoutError: Connection timeout to host https://discord.com/api/v9/unique-username/username-attempt-unauthed
2026-09-01 18:26:53	NETWORK	dbzd	attempt=1	proxy=http://wiw4v7duaymysz9-session-bafd2609666c-lifetime-10:***@rp.scrapegw.com:6060	ConnectionTimeoutError: Connection timeout to host https://discord.com/api/v9/unique-username/username-attempt-unauthed
2026-09-01 18:26:53	NETWORK	dcbl	attempt=1	proxy=http://wiw4v7duaymysz9-session-71017f2d809e-lifetime-10:***@rp.scrapegw.com:6060	ConnectionTimeoutError: Connection timeout to host https://discord.com/api/v9/unique-username/username-attempt-unauthed
2026-09-01 18:26:53	NETWORK	dbyb	attempt=1	proxy=http://wiw4v7duaymysz9-session-9f7d900239d7-lifetime-10:***@rp.scrapegw.com:6060	ConnectionTimeoutError: Connection timeout to host https://discord.com/api/v9/unique-username/username-attempt-unauthed
2026-09-01 18:26:53	NETWORK	dccl	attempt=1	proxy=http://wiw4v7duaymysz9-session-bf45c1766f84-lifetime-10:***@rp.scrapegw.com:6060	ConnectionTimeoutError: Connection timeout to host https://discord.com/api/v9/unique-username/username-attempt-unauthed
2026-09-01 18:26:53	NETWORK	dbym	attempt=1	proxy=http://wiw4v7duaymysz9-session-79611a20c209-lifetime-10:***@rp.scrapegw.com:6060	ConnectionTimeoutError: Connection timeout to host https://discord.com/api/v9/unique-username/username-attempt-unauthed
2026-09-01 18:26:53	NETWORK	dcgf	attempt=1	proxy=http://wiw4v7duaymysz9-session-07e0c36fbba5-lifetime-10:***@rp.scrapegw.com:6060	ConnectionTimeoutError: Connection timeout to host https://discord.com/api/v9/unique-username/username-attempt-unauthed
2026-09-01 18:26:53	NETWORK	dcwj	attempt=1	proxy=http://wiw4v7duaymysz9-session-51b65e513896-lifetime-10:***@rp.scrapegw.com:6060	ConnectionTimeoutError: Connection timeout to host https://discord.com/api/v9/unique-username/username-attempt-unauthed
2026-09-01 18:26:53	NETWORK	dcnu	attempt=1	proxy=http://wiw4v7duaymysz9-session-a437850f8e19-lifetime-10:***@rp.scrapegw.com:6060	ConnectionTimeoutError: Connection timeout to host https://discord.com/api/v9/unique-username/username-attempt-unauthed
2026-09-01 18:26:53	NETWORK	dclg	attempt=1	proxy=http://wiw4v7duaymysz9-session-b82064308427-lifetime-10:***@rp.scrapegw.com:6060	ConnectionTimeoutError: Connection timeout to host https://discord.com/api/v9/unique-username/username-attempt-unauthed
2026-09-01 18:26:53	NETWORK	dccw	attempt=1	proxy=http://wiw4v7duaymysz9-session-c38597240938-lifetime-10:***@rp.scrapegw.com:6060	ConnectionTimeoutError: Connection timeout to host https://discord.com/api/v9/unique-username/username-attempt-unauthed
2026-09-01 18:26:53	NETWORK	dcki	attempt=1	proxy=http://wiw4v7duaymysz9-session-583e1237e8cd-lifetime-10:***@rp.scrapegw.com:6060	ConnectionTimeoutError: Connection timeout to host https://discord.com/api/v9/unique-username/username-attempt-unauthed
2026-09-01 18:26:53	NETWORK	dcwt	attempt=1	proxy=http://wiw4v7duaymysz9-session-1d0b9221fba8-lifetime-10:***@rp.scrapegw.com:6060	ConnectionTimeoutError: Connection timeout to host https://discord.com/api/v9/unique-username/username-attempt-unauthed
2026-09-01 18:26:53	NETWORK	dcdy	attempt=1	proxy=http://wiw4v7duaymysz9-session-9991a0d3abcb-lifetime-10:***@rp.scrapegw.com:6060	ConnectionTimeoutError: Connection timeout to host https://discord.com/api/v9/unique-username/username-attempt-unauthed
2026-09-01 18:26:53	NETWORK	dcvm	attempt=1	proxy=http://wiw4v7duaymysz9-session-abc34bf8e8f6-lifetime-10:***@rp.scrapegw.com:6060	ConnectionTimeoutError: Connection timeout to host https://discord.com/api/v9/unique-username/username-attempt-unauthed
2026-09-01 18:26:53	NETWORK	dcil	attempt=1	proxy=http://wiw4v7duaymysz9-session-db89afaadc7b-lifetime-10:***@rp.scrapegw.com:6060	ConnectionTimeoutError: Connection timeout to host https://discord.com/api/v9/unique-username/username-attempt-unauthed
2026-09-01 18:26:53	NETWORK	dcuo	attempt=1	proxy=http://wiw4v7duaymysz9-session-fda4a4097353-lifetime-10:***@rp.scrapegw.com:6060	ConnectionTimeoutError: Connection timeout to host https://discord.com/api/v9/unique-username/username-attempt-unauthed
2026-09-01 18:26:53	NETWORK	dcfx	attempt=1	proxy=http://wiw4v7duaymysz9-session-428571d8da51-lifetime-10:***@rp.scrapegw.com:6060	ConnectionTimeoutError: Connection timeout to host https://discord.com/api/v9/unique-username/username-attempt-unauthed
2026-09-01 18:26:53	NETWORK	dckp	attempt=1	proxy=http://wiw4v7duaymysz9-session-86ec24228665-lifetime-10:***@rp.scrapegw.com:6060	ConnectionTimeoutError: Connection timeout to host https://discord.com/api/v9/unique-username/username-attempt-unauthed
2026-09-01 18:26:53	NETWORK	dclr	attempt=1	proxy=http://wiw4v7duaymysz9-session-79cfc46835c8-lifetime-10:***@rp.scrapegw.com:6060	ConnectionTimeoutError: Connection timeout to host https://discord.com/api/v9/unique-username/username-attempt-unauthed
2026-09-01 18:26:53	NETWORK	dcjx	attempt=1	proxy=http://wiw4v7duaymysz9-session-ab8b8b60163f-lifetime-10:***@rp.scrapegw.com:6060	ConnectionTimeoutError: Connection timeout to host https://discord.com/api/v9/unique-username/username-attempt-unauthed
2026-09-01 18:26:53	NETWORK	dcem	attempt=1	proxy=http://wiw4v7duaymysz9-session-412dd7d99138-lifetime-10:***@rp.scrapegw.com:6060	ConnectionTimeoutError: Connection timeout to host https://discord.com/api/v9/unique-username/username-attempt-unauthed
2026-09-01 18:26:53	NETWORK	dcga	attempt=1	proxy=http://wiw4v7duaymysz9-session-30c4d10bd4bd-lifetime-10:***@rp.scrapegw.com:6060	ConnectionTimeoutError: Connection timeout to host https://discord.com/api/v9/unique-username/username-attempt-unauthed
2026-09-01 18:26:53	NETWORK	dctl	attempt=1	proxy=http://wiw4v7duaymysz9-session-236d18fa9a82-lifetime-10:***@rp.scrapegw.com:6060	ConnectionTimeoutError: Connection timeout to host https://discord.com/api/v9/unique-username/username-attempt-unauthed
2026-09-01 18:26:53	NETWORK	dcqt	attempt=1	proxy=http://wiw4v7duaymysz9-session-50954d063607-lifetime-10:***@rp.scrapegw.com:6060	ConnectionTimeoutError: Connection timeout to host https://discord.com/api/v9/unique-username/username-attempt-unauthed
2026-09-01 18:26:54	HTTP_429	dpqq	attempt=1	proxy=http://wiw4v7duaymysz9-session-557f5b806fcf-lifetime-10:***@rp.scrapegw.com:6060	scope=shared global=False retry_after=780.00s
2026-09-01 18:26:54	NETWORK	diqz	attempt=1	proxy=http://wiw4v7duaymysz9-session-ea6c85381c63-lifetime-10:***@rp.scrapegw.com:6060	ClientConnectorError: Cannot connect to host discord.com:443 ssl:default [Connection reset by peer]
2026-09-01 18:26:54	NETWORK	dehw	attempt=1	proxy=http://wiw4v7duaymysz9-session-67dd00858e0a-lifetime-10:***@rp.scrapegw.com:6060	ConnectionTimeoutError: Connection timeout to host https://discord.com/api/v9/unique-username/username-attempt-unauthed
2026-09-01 18:26:54	NETWORK	dftw	attempt=1	proxy=http://wiw4v7duaymysz9-session-e4bb09b28f8b-lifetime-10:***@rp.scrapegw.com:6060	ConnectionTimeoutError: Connection timeout to host https://discord.com/api/v9/unique-username/username-attempt-unauthed
2026-09-01 18:26:54	NETWORK	ddql	attempt=1	proxy=http://wiw4v7duaymysz9-session-4f0ec97b83d5-lifetime-10:***@rp.scrapegw.com:6060	ConnectionTimeoutError: Connection timeout to host https://discord.com/api/v9/unique-username/username-attempt-unauthed
2026-09-01 18:26:54	NETWORK	deqj	attempt=1	proxy=http://wiw4v7duaymysz9-session-b237cbdbdeb4-lifetime-10:***@rp.scrapegw.com:6060	ConnectionTimeoutError: Connection timeout to host https://discord.com/api/v9/unique-username/username-attempt-unauthed
2026-09-01 18:26:54	NETWORK	deoq	attempt=1	proxy=http://wiw4v7duaymysz9-session-8e5a9edd066e-lifetime-10:***@rp.scrapegw.com:6060	ConnectionTimeoutError: Connection timeout to host https://discord.com/api/v9/unique-username/username-attempt-unauthed
2026-09-01 18:26:54	NETWORK	ddnn	attempt=1	proxy=http://wiw4v7duaymysz9-session-e2012b3abc0e-lifetime-10:***@rp.scrapegw.com:6060	ConnectionTimeoutError: Connection timeout to host https://discord.com/api/v9/unique-username/username-attempt-unauthed
2026-09-01 18:26:54	NETWORK	dflb	attempt=1	proxy=http://wiw4v7duaymysz9-session-6a31070d77e8-lifetime-10:***@rp.scrapegw.com:6060	ConnectionTimeoutError: Connection timeout to host https://discord.com/api/v9/unique-username/username-attempt-unauthed
2026-09-01 18:26:54	NETWORK	ddmk	attempt=1	proxy=http://wiw4v7duaymysz9-session-a2cac98d25f6-lifetime-10:***@rp.scrapegw.com:6060	ConnectionTimeoutError: Connection timeout to host https://discord.com/api/v9/unique-username/username-attempt-unauthed
2026-09-01 18:26:54	NETWORK	dfaw	attempt=1	proxy=http://wiw4v7duaymysz9-session-026faad543ab-lifetime-10:***@rp.scrapegw.com:6060	ConnectionTimeoutError: Connection timeout to host https://discord.com/api/v9/unique-username/username-attempt-unauthed
2026-09-01 18:26:54	NETWORK	dfef	attempt=1	proxy=http://wiw4v7duaymysz9-session-ed135428cb06-lifetime-10:***@rp.scrapegw.com:6060	ConnectionTimeoutError: Connection timeout to host https://discord.com/api/v9/unique-username/username-attempt-unauthed
2026-09-01 18:26:54	NETWORK	ddju	attempt=1	proxy=http://wiw4v7duaymysz9-session-df164ac4a038-lifetime-10:***@rp.scrapegw.com:6060	ConnectionTimeoutError: Connection timeout to host https://discord.com/api/v9/unique-username/username-attempt-unauthed
2026-09-01 18:26:54	NETWORK	ddny	attempt=1	proxy=http://wiw4v7duaymysz9-session-618aaac147cd-lifetime-10:***@rp.scrapegw.com:6060	ConnectionTimeoutError: Connection timeout to host https://discord.com/api/v9/unique-username/username-attempt-unauthed
2026-09-01 18:26:54	NETWORK	ddln	attempt=1	proxy=http://wiw4v7duaymysz9-session-ea3b776efc7a-lifetime-10:***@rp.scrapegw.com:6060	ConnectionTimeoutError: Connection timeout to host https://discord.com/api/v9/unique-username/username-attempt-unauthed
2026-09-01 18:26:54	NETWORK	ddgo	attempt=1	proxy=http://wiw4v7duaymysz9-session-6ed599c2c917-lifetime-10:***@rp.scrapegw.com:6060	ConnectionTimeoutError: Connection timeout to host https://discord.com/api/v9/unique-username/username-attempt-unauthed
2026-09-01 18:26:54	NETWORK	ddge	attempt=1	proxy=http://wiw4v7duaymysz9-session-00850e139c70-lifetime-10:***@rp.scrapegw.com:6060	ConnectionTimeoutError: Connection timeout to host https://discord.com/api/v9/unique-username/username-attempt-unauthed
2026-09-01 18:26:54	NETWORK	demg	attempt=1	proxy=http://wiw4v7duaymysz9-session-57313225a8e4-lifetime-10:***@rp.scrapegw.com:6060	ConnectionTimeoutError: Connection timeout to host https://discord.com/api/v9/unique-username/username-attempt-unauthed
2026-09-01 18:26:54	NETWORK	dfau	attempt=1	proxy=http://wiw4v7duaymysz9-session-38092043c8d7-lifetime-10:***@rp.scrapegw.com:6060	ConnectionTimeoutError: Connection timeout to host https://discord.com/api/v9/unique-username/username-attempt-unauthed
2026-09-01 18:26:54	NETWORK	ddsl	attempt=1	proxy=http://wiw4v7duaymysz9-session-fa57cf6795ca-lifetime-10:***@rp.scrapegw.com:6060	ConnectionTimeoutError: Connection timeout to host https://discord.com/api/v9/unique-username/username-attempt-unauthed
2026-09-01 18:26:54	NETWORK	ddbm	attempt=1	proxy=http://wiw4v7duaymysz9-session-02b03baca3d8-lifetime-10:***@rp.scrapegw.com:6060	ConnectionTimeoutError: Connection timeout to host https://discord.com/api/v9/unique-username/username-attempt-unauthed
2026-09-01 18:26:54	NETWORK	dfal	attempt=1	proxy=http://wiw4v7duaymysz9-session-2b822020d9f9-lifetime-10:***@rp.scrapegw.com:6060	ConnectionTimeoutError: Connection timeout to host https://discord.com/api/v9/unique-username/username-attempt-unauthed
2026-09-01 18:26:54	NETWORK	deux	attempt=1	proxy=http://wiw4v7duaymysz9-session-c73f3b215166-lifetime-10:***@rp.scrapegw.com:6060	ConnectionTimeoutError: Connection timeout to host https://discord.com/api/v9/unique-username/username-attempt-unauthed
2026-09-01 18:26:54	NETWORK	ddug	attempt=1	proxy=http://wiw4v7duaymysz9-session-530d257d5637-lifetime-10:***@rp.scrapegw.com:6060	ConnectionTimeoutError: Connection timeout to host https://discord.com/api/v9/unique-username/username-attempt-unauthed
2026-09-01 18:26:54	NETWORK	ddvp	attempt=1	proxy=http://wiw4v7duaymysz9-session-8864e57f5a0a-lifetime-10:***@rp.scrapegw.com:6060	ConnectionTimeoutError: Connection timeout to host https://discord.com/api/v9/unique-username/username-attempt-unauthed
2026-09-01 18:26:54	NETWORK	ddyl	attempt=1	proxy=http://wiw4v7duaymysz9-session-9714d343959e-lifetime-10:***@rp.scrapegw.com:6060	ConnectionTimeoutError: Connection timeout to host https://discord.com/api/v9/unique-username/username-attempt-unauthed
2026-09-01 18:26:54	NETWORK	dfsk	attempt=1	proxy=http://wiw4v7duaymysz9-session-5d8489f58b1e-lifetime-10:***@rp.scrapegw.com:6060	ConnectionTimeoutError: Connection timeout to host https://discord.com/api/v9/unique-username/username-attempt-unauthed
2026-09-01 18:26:54	NETWORK	dejm	attempt=1	proxy=http://wiw4v7duaymysz9-session-f128e243e26c-lifetime-10:***@rp.scrapegw.com:6060	ConnectionTimeoutError: Connection timeout to host https://discord.com/api/v9/unique-username/username-attempt-unauthed
2026-09-01 18:26:54	NETWORK	ddzz	attempt=1	proxy=http://wiw4v7duaymysz9-session-24a0a91014d8-lifetime-10:***@rp.scrapegw.com:6060	ConnectionTimeoutError: Connection timeout to host https://discord.com/api/v9/unique-username/username-attempt-unauthed
2026-09-01 18:26:54	NETWORK	deax	attempt=1	proxy=http://wiw4v7duaymysz9-session-cb542845e720-lifetime-10:***@rp.scrapegw.com:6060	ConnectionTimeoutError: Connection timeout to host https://discord.com/api/v9/unique-username/username-attempt-unauthed
2026-09-01 18:26:54	NETWORK	dftj	attempt=1	proxy=http://wiw4v7duaymysz9-session-a8165e103391-lifetime-10:***@rp.scrapegw.com:6060	ConnectionTimeoutError: Connection timeout to host https://discord.com/api/v9/unique-username/username-attempt-unauthed
2026-09-01 18:26:54	NETWORK	debf	attempt=1	proxy=http://wiw4v7duaymysz9-session-8d1f2b733724-lifetime-10:***@rp.scrapegw.com:6060	ConnectionTimeoutError: Connection timeout to host https://discord.com/api/v9/unique-username/username-attempt-unauthed
2026-09-01 18:26:54	NETWORK	dfup	attempt=1	proxy=http://wiw4v7duaymysz9-session-d38c5b1c370c-lifetime-10:***@rp.scrapegw.com:6060	ConnectionTimeoutError: Connection timeout to host https://discord.com/api/v9/unique-username/username-attempt-unauthed
2026-09-01 18:26:54	NETWORK	dfuz	attempt=1	proxy=http://wiw4v7duaymysz9-session-8ed4f90ba007-lifetime-10:***@rp.scrapegw.com:6060	ConnectionTimeoutError: Connection timeout to host https://discord.com/api/v9/unique-username/username-attempt-unauthed
2026-09-01 18:26:54	NETWORK	deff	attempt=1	proxy=http://wiw4v7duaymysz9-session-aa32bf5c0af2-lifetime-10:***@rp.scrapegw.com:6060	ConnectionTimeoutError: Connection timeout to host https://discord.com/api/v9/unique-username/username-attempt-unauthed
2026-09-01 18:26:54	NETWORK	defj	attempt=1	proxy=http://wiw4v7duaymysz9-session-2177fcf42fa6-lifetime-10:***@rp.scrapegw.com:6060	ConnectionTimeoutError: Connection timeout to host https://discord.com/api/v9/unique-username/username-attempt-unauthed
2026-09-01 18:26:54	NETWORK	deyy	attempt=1	proxy=http://wiw4v7duaymysz9-session-2c0041719e1a-lifetime-10:***@rp.scrapegw.com:6060	ConnectionTimeoutError: Connection timeout to host https://discord.com/api/v9/unique-username/username-attempt-unauthed
2026-09-01 18:26:54	NETWORK	dfqw	attempt=1	proxy=http://wiw4v7duaymysz9-session-a158e5c5657e-lifetime-10:***@rp.scrapegw.com:6060	ConnectionTimeoutError: Connection timeout to host https://discord.com/api/v9/unique-username/username-attempt-unauthed
2026-09-01 18:26:54	NETWORK	defp	attempt=1	proxy=http://wiw4v7duaymysz9-session-fec603b9fa8e-lifetime-10:***@rp.scrapegw.com:6060	ConnectionTimeoutError: Connection timeout to host https://discord.com/api/v9/unique-username/username-attempt-unauthed
2026-09-01 18:26:54	NETWORK	dfqc	attempt=1	proxy=http://wiw4v7duaymysz9-session-954e909bae97-lifetime-10:***@rp.scrapegw.com:6060	ConnectionTimeoutError: Connection timeout to host https://discord.com/api/v9/unique-username/username-attempt-unauthed
2026-09-01 18:26:54	NETWORK	dfdq	attempt=1	proxy=http://wiw4v7duaymysz9-session-0333ce8b2fea-lifetime-10:***@rp.scrapegw.com:6060	ConnectionTimeoutError: Connection timeout to host https://discord.com/api/v9/unique-username/username-attempt-unauthed
2026-09-01 18:26:54	NETWORK	ddnc	attempt=1	proxy=http://wiw4v7duaymysz9-session-b8b30b6a00b1-lifetime-10:***@rp.scrapegw.com:6060	ConnectionTimeoutError: Connection timeout to host https://discord.com/api/v9/unique-username/username-attempt-unauthed
2026-09-01 18:26:54	NETWORK	dfdz	attempt=1	proxy=http://wiw4v7duaymysz9-session-27e7ee383691-lifetime-10:***@rp.scrapegw.com:6060	ConnectionTimeoutError: Connection timeout to host https://discord.com/api/v9/unique-username/username-attempt-unauthed
2026-09-01 18:26:54	NETWORK	dfnm	attempt=1	proxy=http://wiw4v7duaymysz9-session-b9a4ae23673f-lifetime-10:***@rp.scrapegw.com:6060	ConnectionTimeoutError: Connection timeout to host https://discord.com/api/v9/unique-username/username-attempt-unauthed
2026-09-01 18:26:54	NETWORK	dfug	attempt=1	proxy=http://wiw4v7duaymysz9-session-d3bbca9e7340-lifetime-10:***@rp.scrapegw.com:6060	ConnectionTimeoutError: Connection timeout to host https://discord.com/api/v9/unique-username/username-attempt-unauthed
2026-09-01 18:26:54	NETWORK	dfiz	attempt=1	proxy=http://wiw4v7duaymysz9-session-720d29cce880-lifetime-10:***@rp.scrapegw.com:6060	ConnectionTimeoutError: Connection timeout to host https://discord.com/api/v9/unique-username/username-attempt-unauthed
2026-09-01 18:26:54	NETWORK	dfkr	attempt=1	proxy=http://wiw4v7duaymysz9-session-d64f53d8854f-lifetime-10:***@rp.scrapegw.com:6060	ConnectionTimeoutError: Connection timeout to host https://discord.com/api/v9/unique-username/username-attempt-unauthed
2026-09-01 18:26:54	NETWORK	dfcu	attempt=1	proxy=http://wiw4v7duaymysz9-session-3684eb62faf7-lifetime-10:***@rp.scrapegw.com:6060	ConnectionTimeoutError: Connection timeout to host https://discord.com/api/v9/unique-username/username-attempt-unauthed
2026-09-01 18:26:54	NETWORK	ddcx	attempt=1	proxy=http://wiw4v7duaymysz9-session-1b85c686af3d-lifetime-10:***@rp.scrapegw.com:6060	ConnectionTimeoutError: Connection timeout to host https://discord.com/api/v9/unique-username/username-attempt-unauthed
2026-09-01 18:26:54	NETWORK	dfgm	attempt=1	proxy=http://wiw4v7duaymysz9-session-ff31e7221fb8-lifetime-10:***@rp.scrapegw.com:6060	ConnectionTimeoutError: Connection timeout to host https://discord.com/api/v9/unique-username/username-attempt-unauthed
2026-09-01 18:26:54	NETWORK	deka	attempt=1	proxy=http://wiw4v7duaymysz9-session-03246f847255-lifetime-10:***@rp.scrapegw.com:6060	ConnectionTimeoutError: Connection timeout to host https://discord.com/api/v9/unique-username/username-attempt-unauthed
2026-09-01 18:26:54	NETWORK	dftb	attempt=1	proxy=http://wiw4v7duaymysz9-session-a926c304d43e-lifetime-10:***@rp.scrapegw.com:6060	ConnectionTimeoutError: Connection timeout to host https://discord.com/api/v9/unique-username/username-attempt-unauthed
2026-09-01 18:26:54	NETWORK	dfaz	attempt=1	proxy=http://wiw4v7duaymysz9-session-9ffa4886e594-lifetime-10:***@rp.scrapegw.com:6060	ConnectionTimeoutError: Connection timeout to host https://discord.com/api/v9/unique-username/username-attempt-unauthed
2026-09-01 18:26:54	NETWORK	desj	attempt=1	proxy=http://wiw4v7duaymysz9-session-f1466d877af2-lifetime-10:***@rp.scrapegw.com:6060	ConnectionTimeoutError: Connection timeout to host https://discord.com/api/v9/unique-username/username-attempt-unauthed
2026-09-01 18:26:54	NETWORK	ddrb	attempt=1	proxy=http://wiw4v7duaymysz9-session-2a77e25ad325-lifetime-10:***@rp.scrapegw.com:6060	ConnectionTimeoutError: Connection timeout to host https://discord.com/api/v9/unique-username/username-attempt-unauthed
2026-09-01 18:26:54	NETWORK	depm	attempt=1	proxy=http://wiw4v7duaymysz9-session-9f23eff7c766-lifetime-10:***@rp.scrapegw.com:6060	ConnectionTimeoutError: Connection timeout to host https://discord.com/api/v9/unique-username/username-attempt-unauthed
2026-09-01 18:26:54	NETWORK	ddpr	attempt=1	proxy=http://wiw4v7duaymysz9-session-d744bf5adbeb-lifetime-10:***@rp.scrapegw.com:6060	ConnectionTimeoutError: Connection timeout to host https://discord.com/api/v9/unique-username/username-attempt-unauthed
2026-09-01 18:26:54	NETWORK	ddnq	attempt=1	proxy=http://wiw4v7duaymysz9-session-6763db7df155-lifetime-10:***@rp.scrapegw.com:6060	ConnectionTimeoutError: Connection timeout to host https://discord.com/api/v9/unique-username/username-attempt-unauthed
2026-09-01 18:26:54	NETWORK	ddna	attempt=1	proxy=http://wiw4v7duaymysz9-session-e8a364e4400d-lifetime-10:***@rp.scrapegw.com:6060	ConnectionTimeoutError: Connection timeout to host https://discord.com/api/v9/unique-username/username-attempt-unauthed
2026-09-01 18:26:54	NETWORK	ddik	attempt=1	proxy=http://wiw4v7duaymysz9-session-dbbf58a51834-lifetime-10:***@rp.scrapegw.com:6060	ConnectionTimeoutError: Connection timeout to host https://discord.com/api/v9/unique-username/username-attempt-unauthed
2026-09-01 18:26:54	NETWORK	ddhe	attempt=1	proxy=http://wiw4v7duaymysz9-session-d145515b6cce-lifetime-10:***@rp.scrapegw.com:6060	ConnectionTimeoutError: Connection timeout to host https://discord.com/api/v9/unique-username/username-attempt-unauthed
2026-09-01 18:26:54	NETWORK	ddfm	attempt=1	proxy=http://wiw4v7duaymysz9-session-a5b59457cf1b-lifetime-10:***@rp.scrapegw.com:6060	ConnectionTimeoutError: Connection timeout to host https://discord.com/api/v9/unique-username/username-attempt-unauthed
2026-09-01 18:26:54	NETWORK	ddcn	attempt=1	proxy=http://wiw4v7duaymysz9-session-757a8746e186-lifetime-10:***@rp.scrapegw.com:6060	ConnectionTimeoutError: Connection timeout to host https://discord.com/api/v9/unique-username/username-attempt-unauthed
2026-09-01 18:26:54	NETWORK	ddcc	attempt=1	proxy=http://wiw4v7duaymysz9-session-460094f885bd-lifetime-10:***@rp.scrapegw.com:6060	ConnectionTimeoutError: Connection timeout to host https://discord.com/api/v9/unique-username/username-attempt-unauthed
2026-09-01 18:26:54	NETWORK	ddaq	attempt=1	proxy=http://wiw4v7duaymysz9-session-a218827d51b4-lifetime-10:***@rp.scrapegw.com:6060	ConnectionTimeoutError: Connection timeout to host https://discord.com/api/v9/unique-username/username-attempt-unauthed
2026-09-01 18:26:54	NETWORK	devk	attempt=1	proxy=http://wiw4v7duaymysz9-session-597c4a3246eb-lifetime-10:***@rp.scrapegw.com:6060	ConnectionTimeoutError: Connection timeout to host https://discord.com/api/v9/unique-username/username-attempt-unauthed
2026-09-01 18:26:54	NETWORK	deps	attempt=1	proxy=http://wiw4v7duaymysz9-session-15e4cba0c01e-lifetime-10:***@rp.scrapegw.com:6060	ConnectionTimeoutError: Connection timeout to host https://discord.com/api/v9/unique-username/username-attempt-unauthed
2026-09-01 18:26:54	NETWORK	dedr	attempt=1	proxy=http://wiw4v7duaymysz9-session-0565bc697ecd-lifetime-10:***@rp.scrapegw.com:6060	ConnectionTimeoutError: Connection timeout to host https://discord.com/api/v9/unique-username/username-attempt-unauthed
2026-09-01 18:26:54	NETWORK	dfse	attempt=1	proxy=http://wiw4v7duaymysz9-session-ab567d39dadf-lifetime-10:***@rp.scrapegw.com:6060	ConnectionTimeoutError: Connection timeout to host https://discord.com/api/v9/unique-username/username-attempt-unauthed
2026-09-01 18:26:54	NETWORK	ddga	attempt=1	proxy=http://wiw4v7duaymysz9-session-0f843ef45d20-lifetime-10:***@rp.scrapegw.com:6060	ConnectionTimeoutError: Connection timeout to host https://discord.com/api/v9/unique-username/username-attempt-unauthed
2026-09-01 18:26:54	NETWORK	dfoi	attempt=1	proxy=http://wiw4v7duaymysz9-session-d82d24facb9a-lifetime-10:***@rp.scrapegw.com:6060	ConnectionTimeoutError: Connection timeout to host https://discord.com/api/v9/unique-username/username-attempt-unauthed
2026-09-01 18:26:54	NETWORK	deim	attempt=1	proxy=http://wiw4v7duaymysz9-session-17f590ed0cc0-lifetime-10:***@rp.scrapegw.com:6060	ConnectionTimeoutError: Connection timeout to host https://discord.com/api/v9/unique-username/username-attempt-unauthed
2026-09-01 18:26:54	NETWORK	ddbv	attempt=1	proxy=http://wiw4v7duaymysz9-session-89f8447d6514-lifetime-10:***@rp.scrapegw.com:6060	ConnectionTimeoutError: Connection timeout to host https://discord.com/api/v9/unique-username/username-attempt-unauthed
2026-09-01 18:26:54	NETWORK	dfrb	attempt=1	proxy=http://wiw4v7duaymysz9-session-76313055e1de-lifetime-10:***@rp.scrapegw.com:6060	ConnectionTimeoutError: Connection timeout to host https://discord.com/api/v9/unique-username/username-attempt-unauthed
2026-09-01 18:26:54	NETWORK	dehj	attempt=1	proxy=http://wiw4v7duaymysz9-session-a801caa0e6a8-lifetime-10:***@rp.scrapegw.com:6060	ConnectionTimeoutError: Connection timeout to host https://discord.com/api/v9/unique-username/username-attempt-unauthed
2026-09-01 18:26:54	NETWORK	defc	attempt=1	proxy=http://wiw4v7duaymysz9-session-d4b40cc6575f-lifetime-10:***@rp.scrapegw.com:6060	ConnectionTimeoutError: Connection timeout to host https://discord.com/api/v9/unique-username/username-attempt-unauthed
2026-09-01 18:26:54	NETWORK	dfop	attempt=1	proxy=http://wiw4v7duaymysz9-session-59ee8946986b-lifetime-10:***@rp.scrapegw.com:6060	ConnectionTimeoutError: Connection timeout to host https://discord.com/api/v9/unique-username/username-attempt-unauthed
2026-09-01 18:26:54	NETWORK	dfti	attempt=1	proxy=http://wiw4v7duaymysz9-session-3bd8d8a0b091-lifetime-10:***@rp.scrapegw.com:6060	ConnectionTimeoutError: Connection timeout to host https://discord.com/api/v9/unique-username/username-attempt-unauthed
2026-09-01 18:26:54	NETWORK	dfsf	attempt=1	proxy=http://wiw4v7duaymysz9-session-2c6a87433f54-lifetime-10:***@rp.scrapegw.com:6060	ConnectionTimeoutError: Connection timeout to host https://discord.com/api/v9/unique-username/username-attempt-unauthed
2026-09-01 18:26:54	NETWORK	dfwl	attempt=1	proxy=http://wiw4v7duaymysz9-session-4b5e47d5113d-lifetime-10:***@rp.scrapegw.com:6060	ConnectionTimeoutError: Connection timeout to host https://discord.com/api/v9/unique-username/username-attempt-unauthed
2026-09-01 18:26:54	NETWORK	dekk	attempt=1	proxy=http://wiw4v7duaymysz9-session-25c1a6e8b6f2-lifetime-10:***@rp.scrapegw.com:6060	ConnectionTimeoutError: Connection timeout to host https://discord.com/api/v9/unique-username/username-attempt-unauthed
2026-09-01 18:26:54	NETWORK	defa	attempt=1	proxy=http://wiw4v7duaymysz9-session-7781f286e79e-lifetime-10:***@rp.scrapegw.com:6060	ConnectionTimeoutError: Connection timeout to host https://discord.com/api/v9/unique-username/username-attempt-unauthed
2026-09-01 18:26:54	NETWORK	deea	attempt=1	proxy=http://wiw4v7duaymysz9-session-1ff5abdf2f23-lifetime-10:***@rp.scrapegw.com:6060	ConnectionTimeoutError: Connection timeout to host https://discord.com/api/v9/unique-username/username-attempt-unauthed
2026-09-01 18:26:54	NETWORK	ddvc	attempt=1	proxy=http://wiw4v7duaymysz9-session-3f62387934ba-lifetime-10:***@rp.scrapegw.com:6060	ConnectionTimeoutError: Connection timeout to host https://discord.com/api/v9/unique-username/username-attempt-unauthed
2026-09-01 18:26:54	NETWORK	dedm	attempt=1	proxy=http://wiw4v7duaymysz9-session-5fcdb535e413-lifetime-10:***@rp.scrapegw.com:6060	ConnectionTimeoutError: Connection timeout to host https://discord.com/api/v9/unique-username/username-attempt-unauthed
2026-09-01 18:26:54	NETWORK	dehs	attempt=1	proxy=http://wiw4v7duaymysz9-session-0f02690f80a4-lifetime-10:***@rp.scrapegw.com:6060	ConnectionTimeoutError: Connection timeout to host https://discord.com/api/v9/unique-username/username-attempt-unauthed
2026-09-01 18:26:54	NETWORK	dfwi	attempt=1	proxy=http://wiw4v7duaymysz9-session-552b561977a5-lifetime-10:***@rp.scrapegw.com:6060	ConnectionTimeoutError: Connection timeout to host https://discord.com/api/v9/unique-username/username-attempt-unauthed
2026-09-01 18:26:54	NETWORK	depc	attempt=1	proxy=http://wiw4v7duaymysz9-session-318d065daae2-lifetime-10:***@rp.scrapegw.com:6060	ConnectionTimeoutError: Connection timeout to host https://discord.com/api/v9/unique-username/username-attempt-unauthed
2026-09-01 18:26:54	NETWORK	ddyf	attempt=1	proxy=http://wiw4v7duaymysz9-session-79724c071141-lifetime-10:***@rp.scrapegw.com:6060	ConnectionTimeoutError: Connection timeout to host https://discord.com/api/v9/unique-username/username-attempt-unauthed
2026-09-01 18:26:54	NETWORK	deaj	attempt=1	proxy=http://wiw4v7duaymysz9-session-13878b3f3ed5-lifetime-10:***@rp.scrapegw.com:6060	ConnectionTimeoutError: Connection timeout to host https://discord.com/api/v9/unique-username/username-attempt-unauthed
2026-09-01 18:26:54	NETWORK	dftd	attempt=1	proxy=http://wiw4v7duaymysz9-session-b79620ac7542-lifetime-10:***@rp.scrapegw.com:6060	ConnectionTimeoutError: Connection timeout to host https://discord.com/api/v9/unique-username/username-attempt-unauthed
2026-09-01 18:26:54	NETWORK	degt	attempt=1	proxy=http://wiw4v7duaymysz9-session-f188202260c1-lifetime-10:***@rp.scrapegw.com:6060	ConnectionTimeoutError: Connection timeout to host https://discord.com/api/v9/unique-username/username-attempt-unauthed
2026-09-01 18:26:54	NETWORK	deri	attempt=1	proxy=http://wiw4v7duaymysz9-session-4f8697e9fac4-lifetime-10:***@rp.scrapegw.com:6060	ConnectionTimeoutError: Connection timeout to host https://discord.com/api/v9/unique-username/username-attempt-unauthed
2026-09-01 18:26:54	NETWORK	ddsw	attempt=1	proxy=http://wiw4v7duaymysz9-session-0df0483d606f-lifetime-10:***@rp.scrapegw.com:6060	ConnectionTimeoutError: Connection timeout to host https://discord.com/api/v9/unique-username/username-attempt-unauthed
2026-09-01 18:26:54	HTTP_429	drjz	attempt=1	proxy=http://wiw4v7duaymysz9-session-99fead997dfb-lifetime-10:***@rp.scrapegw.com:6060	scope=shared global=False retry_after=2110.00s
2026-09-01 18:26:55	HTTP_429	dsay	attempt=1	proxy=http://wiw4v7duaymysz9-session-f637d01e9fe8-lifetime-10:***@rp.scrapegw.com:6060	scope=shared global=False retry_after=1916.00s
2026-09-01 18:26:55	HTTP_429	dsyo	attempt=1	proxy=http://wiw4v7duaymysz9-session-ae69173d1586-lifetime-10:***@rp.scrapegw.com:6060	scope=shared global=False retry_after=1436.00s
2026-09-01 18:26:55	HTTP_429	drkn	attempt=1	proxy=http://wiw4v7duaymysz9-session-e34006a1c701-lifetime-10:***@rp.scrapegw.com:6060	scope=shared global=False retry_after=10.00s
2026-09-01 18:26:55	NETWORK	dglg	attempt=1	proxy=http://wiw4v7duaymysz9-session-244ead5ed152-lifetime-10:***@rp.scrapegw.com:6060	ClientConnectorError: Cannot connect to host discord.com:443 ssl:default [Connection reset by peer]
2026-09-01 18:26:55	HTTP_429	drep	attempt=1	proxy=http://wiw4v7duaymysz9-session-ea3b776efc7a-lifetime-10:***@rp.scrapegw.com:6060	scope=shared global=False retry_after=337.00s
2026-09-01 18:26:55	NETWORK	dgia	attempt=1	proxy=http://wiw4v7duaymysz9-session-14631c818bfb-lifetime-10:***@rp.scrapegw.com:6060	ClientConnectorError: Cannot connect to host discord.com:443 ssl:default [Connection reset by peer]
2026-09-01 18:26:55	NETWORK	dhbk	attempt=1	proxy=http://wiw4v7duaymysz9-session-46b390580672-lifetime-10:***@rp.scrapegw.com:6060	ConnectionTimeoutError: Connection timeout to host https://discord.com/api/v9/unique-username/username-attempt-unauthed
2026-09-01 18:26:55	NETWORK	dhfm	attempt=1	proxy=http://wiw4v7duaymysz9-session-2981f8b319cb-lifetime-10:***@rp.scrapegw.com:6060	ConnectionTimeoutError: Connection timeout to host https://discord.com/api/v9/unique-username/username-attempt-unauthed
2026-09-01 18:26:55	NETWORK	dgow	attempt=1	proxy=http://wiw4v7duaymysz9-session-ca26ffac0276-lifetime-10:***@rp.scrapegw.com:6060	ConnectionTimeoutError: Connection timeout to host https://discord.com/api/v9/unique-username/username-attempt-unauthed
2026-09-01 18:26:55	NETWORK	dgfb	attempt=1	proxy=http://wiw4v7duaymysz9-session-113671644fca-lifetime-10:***@rp.scrapegw.com:6060	ConnectionTimeoutError: Connection timeout to host https://discord.com/api/v9/unique-username/username-attempt-unauthed
2026-09-01 18:26:55	NETWORK	dgtx	attempt=1	proxy=http://wiw4v7duaymysz9-session-ba2fe5998dd7-lifetime-10:***@rp.scrapegw.com:6060	ConnectionTimeoutError: Connection timeout to host https://discord.com/api/v9/unique-username/username-attempt-unauthed
2026-09-01 18:26:55	NETWORK	dgbh	attempt=1	proxy=http://wiw4v7duaymysz9-session-1e01a3bcb891-lifetime-10:***@rp.scrapegw.com:6060	ConnectionTimeoutError: Connection timeout to host https://discord.com/api/v9/unique-username/username-attempt-unauthed
2026-09-01 18:26:55	NETWORK	dfzi	attempt=1	proxy=http://wiw4v7duaymysz9-session-48631bb1eb76-lifetime-10:***@rp.scrapegw.com:6060	ConnectionTimeoutError: Connection timeout to host https://discord.com/api/v9/unique-username/username-attempt-unauthed
2026-09-01 18:26:55	NETWORK	dfxc	attempt=1	proxy=http://wiw4v7duaymysz9-session-23da3e7a7207-lifetime-10:***@rp.scrapegw.com:6060	ConnectionTimeoutError: Connection timeout to host https://discord.com/api/v9/unique-username/username-attempt-unauthed
2026-09-01 18:26:55	NETWORK	dgiw	attempt=1	proxy=http://wiw4v7duaymysz9-session-d69a0cc6c74e-lifetime-10:***@rp.scrapegw.com:6060	ConnectionTimeoutError: Connection timeout to host https://discord.com/api/v9/unique-username/username-attempt-unauthed
2026-09-01 18:26:55	NETWORK	dgdv	attempt=1	proxy=http://wiw4v7duaymysz9-session-562ee7eb2e2e-lifetime-10:***@rp.scrapegw.com:6060	ConnectionTimeoutError: Connection timeout to host https://discord.com/api/v9/unique-username/username-attempt-unauthed
2026-09-01 18:26:55	NETWORK	dhex	attempt=1	proxy=http://wiw4v7duaymysz9-session-cb310ced0587-lifetime-10:***@rp.scrapegw.com:6060	ConnectionTimeoutError: Connection timeout to host https://discord.com/api/v9/unique-username/username-attempt-unauthed
2026-09-01 18:26:55	NETWORK	dgmo	attempt=1	proxy=http://wiw4v7duaymysz9-session-5b46f8751b17-lifetime-10:***@rp.scrapegw.com:6060	ConnectionTimeoutError: Connection timeout to host https://discord.com/api/v9/unique-username/username-attempt-unauthed
2026-09-01 18:26:55	NETWORK	dhcy	attempt=1	proxy=http://wiw4v7duaymysz9-session-46b9741d2b80-lifetime-10:***@rp.scrapegw.com:6060	ConnectionTimeoutError: Connection timeout to host https://discord.com/api/v9/unique-username/username-attempt-unauthed
2026-09-01 18:26:55	NETWORK	dgxw	attempt=1	proxy=http://wiw4v7duaymysz9-session-68355a32b1f6-lifetime-10:***@rp.scrapegw.com:6060	ConnectionTimeoutError: Connection timeout to host https://discord.com/api/v9/unique-username/username-attempt-unauthed
2026-09-01 18:26:55	NETWORK	dhbd	attempt=1	proxy=http://wiw4v7duaymysz9-session-e4a1f4c841a8-lifetime-10:***@rp.scrapegw.com:6060	ConnectionTimeoutError: Connection timeout to host https://discord.com/api/v9/unique-username/username-attempt-unauthed
2026-09-01 18:26:55	NETWORK	dgul	attempt=1	proxy=http://wiw4v7duaymysz9-session-70d09d8b7115-lifetime-10:***@rp.scrapegw.com:6060	ConnectionTimeoutError: Connection timeout to host https://discord.com/api/v9/unique-username/username-attempt-unauthed
2026-09-01 18:26:55	NETWORK	dgbm	attempt=1	proxy=http://wiw4v7duaymysz9-session-18caddfbdbd9-lifetime-10:***@rp.scrapegw.com:6060	ConnectionTimeoutError: Connection timeout to host https://discord.com/api/v9/unique-username/username-attempt-unauthed
2026-09-01 18:26:55	NETWORK	dhbc	attempt=1	proxy=http://wiw4v7duaymysz9-session-b0cfebf75aaf-lifetime-10:***@rp.scrapegw.com:6060	ConnectionTimeoutError: Connection timeout to host https://discord.com/api/v9/unique-username/username-attempt-unauthed
2026-09-01 18:26:55	NETWORK	dhbz	attempt=1	proxy=http://wiw4v7duaymysz9-session-75232ddf9c38-lifetime-10:***@rp.scrapegw.com:6060	ConnectionTimeoutError: Connection timeout to host https://discord.com/api/v9/unique-username/username-attempt-unauthed
2026-09-01 18:26:55	NETWORK	dhbw	attempt=1	proxy=http://wiw4v7duaymysz9-session-e23b008e8ace-lifetime-10:***@rp.scrapegw.com:6060	ConnectionTimeoutError: Connection timeout to host https://discord.com/api/v9/unique-username/username-attempt-unauthed
2026-09-01 18:26:55	NETWORK	dgxc	attempt=1	proxy=http://wiw4v7duaymysz9-session-5431024b72cc-lifetime-10:***@rp.scrapegw.com:6060	ConnectionTimeoutError: Connection timeout to host https://discord.com/api/v9/unique-username/username-attempt-unauthed
2026-09-01 18:26:55	NETWORK	dgpq	attempt=1	proxy=http://wiw4v7duaymysz9-session-06f1b26789e4-lifetime-10:***@rp.scrapegw.com:6060	ConnectionTimeoutError: Connection timeout to host https://discord.com/api/v9/unique-username/username-attempt-unauthed
2026-09-01 18:26:55	NETWORK	dheq	attempt=1	proxy=http://wiw4v7duaymysz9-session-4159b747b863-lifetime-10:***@rp.scrapegw.com:6060	ConnectionTimeoutError: Connection timeout to host https://discord.com/api/v9/unique-username/username-attempt-unauthed
2026-09-01 18:26:55	NETWORK	dgvx	attempt=1	proxy=http://wiw4v7duaymysz9-session-a172769819ed-lifetime-10:***@rp.scrapegw.com:6060	ConnectionTimeoutError: Connection timeout to host https://discord.com/api/v9/unique-username/username-attempt-unauthed
2026-09-01 18:26:55	NETWORK	dhap	attempt=1	proxy=http://wiw4v7duaymysz9-session-76989120a77a-lifetime-10:***@rp.scrapegw.com:6060	ConnectionTimeoutError: Connection timeout to host https://discord.com/api/v9/unique-username/username-attempt-unauthed
2026-09-01 18:26:55	NETWORK	dgvv	attempt=1	proxy=http://wiw4v7duaymysz9-session-9942cb7cbdfc-lifetime-10:***@rp.scrapegw.com:6060	ConnectionTimeoutError: Connection timeout to host https://discord.com/api/v9/unique-username/username-attempt-unauthed
2026-09-01 18:26:55	NETWORK	dgni	attempt=1	proxy=http://wiw4v7duaymysz9-session-1ae8c77453a5-lifetime-10:***@rp.scrapegw.com:6060	ConnectionTimeoutError: Connection timeout to host https://discord.com/api/v9/unique-username/username-attempt-unauthed
2026-09-01 18:26:55	NETWORK	dhhh	attempt=1	proxy=http://wiw4v7duaymysz9-session-c04b68c10970-lifetime-10:***@rp.scrapegw.com:6060	ConnectionTimeoutError: Connection timeout to host https://discord.com/api/v9/unique-username/username-attempt-unauthed
2026-09-01 18:26:55	NETWORK	dgjh	attempt=1	proxy=http://wiw4v7duaymysz9-session-b69138a54609-lifetime-10:***@rp.scrapegw.com:6060	ConnectionTimeoutError: Connection timeout to host https://discord.com/api/v9/unique-username/username-attempt-unauthed
2026-09-01 18:26:55	NETWORK	dgna	attempt=1	proxy=http://wiw4v7duaymysz9-session-fab5801b57f0-lifetime-10:***@rp.scrapegw.com:6060	ConnectionTimeoutError: Connection timeout to host https://discord.com/api/v9/unique-username/username-attempt-unauthed
2026-09-01 18:26:55	NETWORK	dgmf	attempt=1	proxy=http://wiw4v7duaymysz9-session-b623c0f9d4a0-lifetime-10:***@rp.scrapegw.com:6060	ConnectionTimeoutError: Connection timeout to host https://discord.com/api/v9/unique-username/username-attempt-unauthed
2026-09-01 18:26:55	NETWORK	dfzh	attempt=1	proxy=http://wiw4v7duaymysz9-session-84f3827746a0-lifetime-10:***@rp.scrapegw.com:6060	ConnectionTimeoutError: Connection timeout to host https://discord.com/api/v9/unique-username/username-attempt-unauthed
2026-09-01 18:26:55	NETWORK	dgnu	attempt=1	proxy=http://wiw4v7duaymysz9-session-23e9abbbabd3-lifetime-10:***@rp.scrapegw.com:6060	ConnectionTimeoutError: Connection timeout to host https://discord.com/api/v9/unique-username/username-attempt-unauthed
2026-09-01 18:26:55	NETWORK	dglk	attempt=1	proxy=http://wiw4v7duaymysz9-session-bf18551d5c5d-lifetime-10:***@rp.scrapegw.com:6060	ConnectionTimeoutError: Connection timeout to host https://discord.com/api/v9/unique-username/username-attempt-unauthed
2026-09-01 18:26:55	NETWORK	dfyq	attempt=1	proxy=http://wiw4v7duaymysz9-session-b7240d9f09ca-lifetime-10:***@rp.scrapegw.com:6060	ConnectionTimeoutError: Connection timeout to host https://discord.com/api/v9/unique-username/username-attempt-unauthed
2026-09-01 18:26:55	NETWORK	dhfo	attempt=1	proxy=http://wiw4v7duaymysz9-session-896b4065a9c3-lifetime-10:***@rp.scrapegw.com:6060	ConnectionTimeoutError: Connection timeout to host https://discord.com/api/v9/unique-username/username-attempt-unauthed
2026-09-01 18:26:55	NETWORK	dgei	attempt=1	proxy=http://wiw4v7duaymysz9-session-101419cacf8c-lifetime-10:***@rp.scrapegw.com:6060	ConnectionTimeoutError: Connection timeout to host https://discord.com/api/v9/unique-username/username-attempt-unauthed
2026-09-01 18:26:55	NETWORK	dgek	attempt=1	proxy=http://wiw4v7duaymysz9-session-35478d55a516-lifetime-10:***@rp.scrapegw.com:6060	ConnectionTimeoutError: Connection timeout to host https://discord.com/api/v9/unique-username/username-attempt-unauthed
2026-09-01 18:26:55	NETWORK	dhfd	attempt=1	proxy=http://wiw4v7duaymysz9-session-80952bc29f29-lifetime-10:***@rp.scrapegw.com:6060	ConnectionTimeoutError: Connection timeout to host https://discord.com/api/v9/unique-username/username-attempt-unauthed
2026-09-01 18:26:55	NETWORK	dhfc	attempt=1	proxy=http://wiw4v7duaymysz9-session-e327bfe99bc1-lifetime-10:***@rp.scrapegw.com:6060	ConnectionTimeoutError: Connection timeout to host https://discord.com/api/v9/unique-username/username-attempt-unauthed
2026-09-01 18:26:55	HTTP_429	dlwr	attempt=1	proxy=http://wiw4v7duaymysz9-session-c73f3b215166-lifetime-10:***@rp.scrapegw.com:6060	scope=shared global=False retry_after=1023.00s
2026-09-01 18:26:56	NETWORK	dhqn	attempt=1	proxy=http://wiw4v7duaymysz9-session-494de2d88332-lifetime-10:***@rp.scrapegw.com:6060	ClientConnectorError: Cannot connect to host discord.com:443 ssl:default [Connection reset by peer]
2026-09-01 18:26:56	NETWORK	djyn	attempt=1	proxy=http://wiw4v7duaymysz9-session-dbbf58a51834-lifetime-10:***@rp.scrapegw.com:6060	ClientConnectorError: Cannot connect to host discord.com:443 ssl:default [Connection reset by peer]
2026-09-01 18:26:56	NETWORK	dkim	attempt=1	proxy=http://wiw4v7duaymysz9-session-2a77e25ad325-lifetime-10:***@rp.scrapegw.com:6060	ClientConnectorError: Cannot connect to host discord.com:443 ssl:default [Connection reset by peer]
2026-09-01 18:26:56	NETWORK	dlte	attempt=1	proxy=http://wiw4v7duaymysz9-session-45d78e6ee746-lifetime-10:***@rp.scrapegw.com:6060	ClientConnectorError: Cannot connect to host discord.com:443 ssl:default [Connection reset by peer]
2026-09-01 18:26:56	NETWORK	dhwr	attempt=1	proxy=http://wiw4v7duaymysz9-session-26ba5c6bbc27-lifetime-10:***@rp.scrapegw.com:6060	ConnectionTimeoutError: Connection timeout to host https://discord.com/api/v9/unique-username/username-attempt-unauthed
2026-09-01 18:26:56	NETWORK	dido	attempt=1	proxy=http://wiw4v7duaymysz9-session-e0d80561fe49-lifetime-10:***@rp.scrapegw.com:6060	ConnectionTimeoutError: Connection timeout to host https://discord.com/api/v9/unique-username/username-attempt-unauthed
2026-09-01 18:26:56	NETWORK	dilp	attempt=1	proxy=http://wiw4v7duaymysz9-session-d93d57838ba4-lifetime-10:***@rp.scrapegw.com:6060	ConnectionTimeoutError: Connection timeout to host https://discord.com/api/v9/unique-username/username-attempt-unauthed
2026-09-01 18:26:56	NETWORK	dify	attempt=1	proxy=http://wiw4v7duaymysz9-session-9f4fd2723941-lifetime-10:***@rp.scrapegw.com:6060	ConnectionTimeoutError: Connection timeout to host https://discord.com/api/v9/unique-username/username-attempt-unauthed
2026-09-01 18:26:56	NETWORK	dhlq	attempt=1	proxy=http://wiw4v7duaymysz9-session-82e382e19816-lifetime-10:***@rp.scrapegw.com:6060	ConnectionTimeoutError: Connection timeout to host https://discord.com/api/v9/unique-username/username-attempt-unauthed
2026-09-01 18:26:56	NETWORK	dhsf	attempt=1	proxy=http://wiw4v7duaymysz9-session-a66f1667446f-lifetime-10:***@rp.scrapegw.com:6060	ConnectionTimeoutError: Connection timeout to host https://discord.com/api/v9/unique-username/username-attempt-unauthed
2026-09-01 18:26:56	NETWORK	dhlb	attempt=1	proxy=http://wiw4v7duaymysz9-session-b5886a990419-lifetime-10:***@rp.scrapegw.com:6060	ConnectionTimeoutError: Connection timeout to host https://discord.com/api/v9/unique-username/username-attempt-unauthed
2026-09-01 18:26:56	NETWORK	dimd	attempt=1	proxy=http://wiw4v7duaymysz9-session-992228b7ed0e-lifetime-10:***@rp.scrapegw.com:6060	ConnectionTimeoutError: Connection timeout to host https://discord.com/api/v9/unique-username/username-attempt-unauthed
2026-09-01 18:26:56	NETWORK	digc	attempt=1	proxy=http://wiw4v7duaymysz9-session-03bcce197e7c-lifetime-10:***@rp.scrapegw.com:6060	ConnectionTimeoutError: Connection timeout to host https://discord.com/api/v9/unique-username/username-attempt-unauthed
2026-09-01 18:26:56	NETWORK	dhma	attempt=1	proxy=http://wiw4v7duaymysz9-session-dc9fa04a7300-lifetime-10:***@rp.scrapegw.com:6060	ConnectionTimeoutError: Connection timeout to host https://discord.com/api/v9/unique-username/username-attempt-unauthed
2026-09-01 18:26:56	NETWORK	dhkv	attempt=1	proxy=http://wiw4v7duaymysz9-session-c4844aa56f11-lifetime-10:***@rp.scrapegw.com:6060	ConnectionTimeoutError: Connection timeout to host https://discord.com/api/v9/unique-username/username-attempt-unauthed
2026-09-01 18:26:56	NETWORK	diax	attempt=1	proxy=http://wiw4v7duaymysz9-session-2981efe4b830-lifetime-10:***@rp.scrapegw.com:6060	ConnectionTimeoutError: Connection timeout to host https://discord.com/api/v9/unique-username/username-attempt-unauthed
2026-09-01 18:26:56	NETWORK	dhsb	attempt=1	proxy=http://wiw4v7duaymysz9-session-ddd21f8c1092-lifetime-10:***@rp.scrapegw.com:6060	ConnectionTimeoutError: Connection timeout to host https://discord.com/api/v9/unique-username/username-attempt-unauthed
2026-09-01 18:26:56	NETWORK	dhpg	attempt=1	proxy=http://wiw4v7duaymysz9-session-8534e41eb8e8-lifetime-10:***@rp.scrapegw.com:6060	ConnectionTimeoutError: Connection timeout to host https://discord.com/api/v9/unique-username/username-attempt-unauthed
2026-09-01 18:26:56	NETWORK	dhqc	attempt=1	proxy=http://wiw4v7duaymysz9-session-b4acee20d017-lifetime-10:***@rp.scrapegw.com:6060	ConnectionTimeoutError: Connection timeout to host https://discord.com/api/v9/unique-username/username-attempt-unauthed
2026-09-01 18:26:56	NETWORK	dhoh	attempt=1	proxy=http://wiw4v7duaymysz9-session-a45b8af83c1a-lifetime-10:***@rp.scrapegw.com:6060	ConnectionTimeoutError: Connection timeout to host https://discord.com/api/v9/unique-username/username-attempt-unauthed
2026-09-01 18:26:56	NETWORK	dhzp	attempt=1	proxy=http://wiw4v7duaymysz9-session-42152c9553f2-lifetime-10:***@rp.scrapegw.com:6060	ConnectionTimeoutError: Connection timeout to host https://discord.com/api/v9/unique-username/username-attempt-unauthed
2026-09-01 18:26:56	NETWORK	dikm	attempt=1	proxy=http://wiw4v7duaymysz9-session-99755dcc3e87-lifetime-10:***@rp.scrapegw.com:6060	ConnectionTimeoutError: Connection timeout to host https://discord.com/api/v9/unique-username/username-attempt-unauthed
2026-09-01 18:26:56	NETWORK	dhrz	attempt=1	proxy=http://wiw4v7duaymysz9-session-990e53fefd69-lifetime-10:***@rp.scrapegw.com:6060	ConnectionTimeoutError: Connection timeout to host https://discord.com/api/v9/unique-username/username-attempt-unauthed
2026-09-01 18:26:56	NETWORK	dibh	attempt=1	proxy=http://wiw4v7duaymysz9-session-433422246bfe-lifetime-10:***@rp.scrapegw.com:6060	ConnectionTimeoutError: Connection timeout to host https://discord.com/api/v9/unique-username/username-attempt-unauthed
2026-09-01 18:26:56	NETWORK	dign	attempt=1	proxy=http://wiw4v7duaymysz9-session-656a574ebaca-lifetime-10:***@rp.scrapegw.com:6060	ConnectionTimeoutError: Connection timeout to host https://discord.com/api/v9/unique-username/username-attempt-unauthed
2026-09-01 18:26:56	NETWORK	dhmv	attempt=1	proxy=http://wiw4v7duaymysz9-session-65c395671c9e-lifetime-10:***@rp.scrapegw.com:6060	ConnectionTimeoutError: Connection timeout to host https://discord.com/api/v9/unique-username/username-attempt-unauthed
2026-09-01 18:26:56	NETWORK	diph	attempt=1	proxy=http://wiw4v7duaymysz9-session-428571d8da51-lifetime-10:***@rp.scrapegw.com:6060	ConnectionTimeoutError: Connection timeout to host https://discord.com/api/v9/unique-username/username-attempt-unauthed
2026-09-01 18:26:56	NETWORK	dilr	attempt=1	proxy=http://wiw4v7duaymysz9-session-fa536875ec12-lifetime-10:***@rp.scrapegw.com:6060	ConnectionTimeoutError: Connection timeout to host https://discord.com/api/v9/unique-username/username-attempt-unauthed
2026-09-01 18:26:56	NETWORK	dieo	attempt=1	proxy=http://wiw4v7duaymysz9-session-589576fc7506-lifetime-10:***@rp.scrapegw.com:6060	ConnectionTimeoutError: Connection timeout to host https://discord.com/api/v9/unique-username/username-attempt-unauthed
2026-09-01 18:26:56	NETWORK	dikj	attempt=1	proxy=http://wiw4v7duaymysz9-session-71017f2d809e-lifetime-10:***@rp.scrapegw.com:6060	ConnectionTimeoutError: Connection timeout to host https://discord.com/api/v9/unique-username/username-attempt-unauthed
2026-09-01 18:26:56	NETWORK	dihw	attempt=1	proxy=http://wiw4v7duaymysz9-session-585a05cbffc5-lifetime-10:***@rp.scrapegw.com:6060	ConnectionTimeoutError: Connection timeout to host https://discord.com/api/v9/unique-username/username-attempt-unauthed
2026-09-01 18:26:56	NETWORK	diov	attempt=1	proxy=http://wiw4v7duaymysz9-session-412dd7d99138-lifetime-10:***@rp.scrapegw.com:6060	ConnectionTimeoutError: Connection timeout to host https://discord.com/api/v9/unique-username/username-attempt-unauthed
2026-09-01 18:26:56	NETWORK	dieq	attempt=1	proxy=http://wiw4v7duaymysz9-session-9f7d900239d7-lifetime-10:***@rp.scrapegw.com:6060	ConnectionTimeoutError: Connection timeout to host https://discord.com/api/v9/unique-username/username-attempt-unauthed
2026-09-01 18:26:56	NETWORK	dihu	attempt=1	proxy=http://wiw4v7duaymysz9-session-bafd2609666c-lifetime-10:***@rp.scrapegw.com:6060	ConnectionTimeoutError: Connection timeout to host https://discord.com/api/v9/unique-username/username-attempt-unauthed
2026-09-01 18:26:56	NETWORK	dhoj	attempt=1	proxy=http://wiw4v7duaymysz9-session-4ca37f7a460e-lifetime-10:***@rp.scrapegw.com:6060	ConnectionTimeoutError: Connection timeout to host https://discord.com/api/v9/unique-username/username-attempt-unauthed
2026-09-01 18:26:56	NETWORK	dhsq	attempt=1	proxy=http://wiw4v7duaymysz9-session-47e84e5e6635-lifetime-10:***@rp.scrapegw.com:6060	ConnectionTimeoutError: Connection timeout to host https://discord.com/api/v9/unique-username/username-attempt-unauthed
2026-09-01 18:26:57	NETWORK	ddaf	attempt=1	proxy=http://wiw4v7duaymysz9-session-459ac8eb95e1-lifetime-10:***@rp.scrapegw.com:6060	ServerDisconnectedError: Server disconnected
2026-09-01 18:26:57	HTTP_429	dwgx	attempt=1	proxy=http://wiw4v7duaymysz9-session-fd35cd057ca2-lifetime-10:***@rp.scrapegw.com:6060	scope=shared global=False retry_after=1457.00s
2026-09-01 18:26:57	NETWORK	ddef	attempt=1	proxy=http://wiw4v7duaymysz9-session-b362370550fa-lifetime-10:***@rp.scrapegw.com:6060	ServerDisconnectedError: Server disconnected
2026-09-01 18:26:57	NETWORK	djmt	attempt=1	proxy=http://wiw4v7duaymysz9-session-a6c19b94fc6b-lifetime-10:***@rp.scrapegw.com:6060	ConnectionTimeoutError: Connection timeout to host https://discord.com/api/v9/unique-username/username-attempt-unauthed
2026-09-01 18:26:57	NETWORK	diuf	attempt=1	proxy=http://wiw4v7duaymysz9-session-2001422752fb-lifetime-10:***@rp.scrapegw.com:6060	ConnectionTimeoutError: Connection timeout to host https://discord.com/api/v9/unique-username/username-attempt-unauthed
2026-09-01 18:26:57	NETWORK	djga	attempt=1	proxy=http://wiw4v7duaymysz9-session-54825df5da37-lifetime-10:***@rp.scrapegw.com:6060	ConnectionTimeoutError: Connection timeout to host https://discord.com/api/v9/unique-username/username-attempt-unauthed
2026-09-01 18:26:57	NETWORK	diyj	attempt=1	proxy=http://wiw4v7duaymysz9-session-da2d65ea2182-lifetime-10:***@rp.scrapegw.com:6060	ConnectionTimeoutError: Connection timeout to host https://discord.com/api/v9/unique-username/username-attempt-unauthed
2026-09-01 18:26:57	NETWORK	dixx	attempt=1	proxy=http://wiw4v7duaymysz9-session-e4ac0bc7067a-lifetime-10:***@rp.scrapegw.com:6060	ConnectionTimeoutError: Connection timeout to host https://discord.com/api/v9/unique-username/username-attempt-unauthed
2026-09-01 18:26:57	NETWORK	diuw	attempt=1	proxy=http://wiw4v7duaymysz9-session-74e91968b88e-lifetime-10:***@rp.scrapegw.com:6060	ConnectionTimeoutError: Connection timeout to host https://discord.com/api/v9/unique-username/username-attempt-unauthed
2026-09-01 18:26:57	NETWORK	djdr	attempt=1	proxy=http://wiw4v7duaymysz9-session-d35d67899f21-lifetime-10:***@rp.scrapegw.com:6060	ConnectionTimeoutError: Connection timeout to host https://discord.com/api/v9/unique-username/username-attempt-unauthed
2026-09-01 18:26:57	NETWORK	djhc	attempt=1	proxy=http://wiw4v7duaymysz9-session-d275b8f3f167-lifetime-10:***@rp.scrapegw.com:6060	ConnectionTimeoutError: Connection timeout to host https://discord.com/api/v9/unique-username/username-attempt-unauthed
2026-09-01 18:26:57	NETWORK	djih	attempt=1	proxy=http://wiw4v7duaymysz9-session-19be1269f27c-lifetime-10:***@rp.scrapegw.com:6060	ConnectionTimeoutError: Connection timeout to host https://discord.com/api/v9/unique-username/username-attempt-unauthed
2026-09-01 18:26:57	NETWORK	djia	attempt=1	proxy=http://wiw4v7duaymysz9-session-5affb5c9b210-lifetime-10:***@rp.scrapegw.com:6060	ConnectionTimeoutError: Connection timeout to host https://discord.com/api/v9/unique-username/username-attempt-unauthed
2026-09-01 18:26:57	NETWORK	djmn	attempt=1	proxy=http://wiw4v7duaymysz9-session-459ac8eb95e1-lifetime-10:***@rp.scrapegw.com:6060	ConnectionTimeoutError: Connection timeout to host https://discord.com/api/v9/unique-username/username-attempt-unauthed
2026-09-01 18:26:57	NETWORK	djbn	attempt=1	proxy=http://wiw4v7duaymysz9-session-eb3877276325-lifetime-10:***@rp.scrapegw.com:6060	ConnectionTimeoutError: Connection timeout to host https://discord.com/api/v9/unique-username/username-attempt-unauthed
2026-09-01 18:26:57	NETWORK	diwc	attempt=1	proxy=http://wiw4v7duaymysz9-session-a438cf1949f8-lifetime-10:***@rp.scrapegw.com:6060	ConnectionTimeoutError: Connection timeout to host https://discord.com/api/v9/unique-username/username-attempt-unauthed
2026-09-01 18:26:57	NETWORK	ditd	attempt=1	proxy=http://wiw4v7duaymysz9-session-1fcb20951154-lifetime-10:***@rp.scrapegw.com:6060	ConnectionTimeoutError: Connection timeout to host https://discord.com/api/v9/unique-username/username-attempt-unauthed
2026-09-01 18:26:57	NETWORK	djjp	attempt=1	proxy=http://wiw4v7duaymysz9-session-51b65e513896-lifetime-10:***@rp.scrapegw.com:6060	ConnectionTimeoutError: Connection timeout to host https://discord.com/api/v9/unique-username/username-attempt-unauthed
2026-09-01 18:26:57	NETWORK	djim	attempt=1	proxy=http://wiw4v7duaymysz9-session-d0241ede05c1-lifetime-10:***@rp.scrapegw.com:6060	ConnectionTimeoutError: Connection timeout to host https://discord.com/api/v9/unique-username/username-attempt-unauthed
2026-09-01 18:26:57	NETWORK	djlb	attempt=1	proxy=http://wiw4v7duaymysz9-session-6b7a64fcbbac-lifetime-10:***@rp.scrapegw.com:6060	ConnectionTimeoutError: Connection timeout to host https://discord.com/api/v9/unique-username/username-attempt-unauthed
2026-09-01 18:26:57	NETWORK	ditq	attempt=1	proxy=http://wiw4v7duaymysz9-session-8c640a74d836-lifetime-10:***@rp.scrapegw.com:6060	ConnectionTimeoutError: Connection timeout to host https://discord.com/api/v9/unique-username/username-attempt-unauthed
2026-09-01 18:26:57	NETWORK	djgd	attempt=1	proxy=http://wiw4v7duaymysz9-session-f5005b7e5c17-lifetime-10:***@rp.scrapegw.com:6060	ConnectionTimeoutError: Connection timeout to host https://discord.com/api/v9/unique-username/username-attempt-unauthed
2026-09-01 18:26:57	NETWORK	diui	attempt=1	proxy=http://wiw4v7duaymysz9-session-86ec24228665-lifetime-10:***@rp.scrapegw.com:6060	ConnectionTimeoutError: Connection timeout to host https://discord.com/api/v9/unique-username/username-attempt-unauthed
2026-09-01 18:26:57	NETWORK	dixq	attempt=1	proxy=http://wiw4v7duaymysz9-session-1f9c51c29f7b-lifetime-10:***@rp.scrapegw.com:6060	ConnectionTimeoutError: Connection timeout to host https://discord.com/api/v9/unique-username/username-attempt-unauthed
2026-09-01 18:26:58	HTTP_429	dwsq	attempt=1	proxy=http://wiw4v7duaymysz9-session-6c21766bff30-lifetime-10:***@rp.scrapegw.com:6060	scope=shared global=False retry_after=1568.00s
2026-09-01 18:26:58	NETWORK	dmyl	attempt=1	proxy=http://wiw4v7duaymysz9-session-4b5e47d5113d-lifetime-10:***@rp.scrapegw.com:6060	ClientConnectorError: Cannot connect to host discord.com:443 ssl:default [Connection reset by peer]
2026-09-01 18:26:58	NETWORK	dvyi	attempt=1	proxy=http://wiw4v7duaymysz9-session-b96e7036bba3-lifetime-10:***@rp.scrapegw.com:6060	ClientConnectorCertificateError: Cannot connect to host discord.com:443 ssl:True [SSLCertVerificationError: (1, '[SSL: CERTIFICATE_VERIFY_FAILED] certificate verify failed: self-signed certificate (_ssl.c:1081)')]
2026-09-01 18:26:58	NETWORK	dkbw	attempt=1	proxy=http://wiw4v7duaymysz9-session-77b9a1f39366-lifetime-10:***@rp.scrapegw.com:6060	ConnectionTimeoutError: Connection timeout to host https://discord.com/api/v9/unique-username/username-attempt-unauthed
2026-09-01 18:26:58	NETWORK	djug	attempt=1	proxy=http://wiw4v7duaymysz9-session-b6b77ef4d721-lifetime-10:***@rp.scrapegw.com:6060	ConnectionTimeoutError: Connection timeout to host https://discord.com/api/v9/unique-username/username-attempt-unauthed
2026-09-01 18:26:58	NETWORK	djuk	attempt=1	proxy=http://wiw4v7duaymysz9-session-a5b59457cf1b-lifetime-10:***@rp.scrapegw.com:6060	ConnectionTimeoutError: Connection timeout to host https://discord.com/api/v9/unique-username/username-attempt-unauthed
2026-09-01 18:26:58	NETWORK	dkfi	attempt=1	proxy=http://wiw4v7duaymysz9-session-d744bf5adbeb-lifetime-10:***@rp.scrapegw.com:6060	ConnectionTimeoutError: Connection timeout to host https://discord.com/api/v9/unique-username/username-attempt-unauthed
2026-09-01 18:26:58	NETWORK	dkdk	attempt=1	proxy=http://wiw4v7duaymysz9-session-be39f9069491-lifetime-10:***@rp.scrapegw.com:6060	ConnectionTimeoutError: Connection timeout to host https://discord.com/api/v9/unique-username/username-attempt-unauthed
2026-09-01 18:26:58	NETWORK	dkhl	attempt=1	proxy=http://wiw4v7duaymysz9-session-995da78b0821-lifetime-10:***@rp.scrapegw.com:6060	ConnectionTimeoutError: Connection timeout to host https://discord.com/api/v9/unique-username/username-attempt-unauthed
2026-09-01 18:26:58	NETWORK	dkbb	attempt=1	proxy=http://wiw4v7duaymysz9-session-c45ab5f44a80-lifetime-10:***@rp.scrapegw.com:6060	ConnectionTimeoutError: Connection timeout to host https://discord.com/api/v9/unique-username/username-attempt-unauthed
2026-09-01 18:26:58	NETWORK	dkep	attempt=1	proxy=http://wiw4v7duaymysz9-session-84fac9c24e45-lifetime-10:***@rp.scrapegw.com:6060	ConnectionTimeoutError: Connection timeout to host https://discord.com/api/v9/unique-username/username-attempt-unauthed
2026-09-01 18:26:58	NETWORK	dkau	attempt=1	proxy=http://wiw4v7duaymysz9-session-ea3b776efc7a-lifetime-10:***@rp.scrapegw.com:6060	ConnectionTimeoutError: Connection timeout to host https://discord.com/api/v9/unique-username/username-attempt-unauthed
2026-09-01 18:26:58	NETWORK	djvk	attempt=1	proxy=http://wiw4v7duaymysz9-session-0f843ef45d20-lifetime-10:***@rp.scrapegw.com:6060	ConnectionTimeoutError: Connection timeout to host https://discord.com/api/v9/unique-username/username-attempt-unauthed
2026-09-01 18:26:58	NETWORK	djro	attempt=1	proxy=http://wiw4v7duaymysz9-session-400b0e0c9655-lifetime-10:***@rp.scrapegw.com:6060	ConnectionTimeoutError: Connection timeout to host https://discord.com/api/v9/unique-username/username-attempt-unauthed
2026-09-01 18:26:58	NETWORK	djzu	attempt=1	proxy=http://wiw4v7duaymysz9-session-419d09c82565-lifetime-10:***@rp.scrapegw.com:6060	ConnectionTimeoutError: Connection timeout to host https://discord.com/api/v9/unique-username/username-attempt-unauthed
2026-09-01 18:26:58	NETWORK	djqr	attempt=1	proxy=http://wiw4v7duaymysz9-session-c8ce903eda2b-lifetime-10:***@rp.scrapegw.com:6060	ConnectionTimeoutError: Connection timeout to host https://discord.com/api/v9/unique-username/username-attempt-unauthed
2026-09-01 18:26:58	NETWORK	dkhh	attempt=1	proxy=http://wiw4v7duaymysz9-session-483881df92db-lifetime-10:***@rp.scrapegw.com:6060	ConnectionTimeoutError: Connection timeout to host https://discord.com/api/v9/unique-username/username-attempt-unauthed
2026-09-01 18:26:58	NETWORK	dkap	attempt=1	proxy=http://wiw4v7duaymysz9-session-6cf65aaeff33-lifetime-10:***@rp.scrapegw.com:6060	ConnectionTimeoutError: Connection timeout to host https://discord.com/api/v9/unique-username/username-attempt-unauthed
2026-09-01 18:26:58	NETWORK	djwx	attempt=1	proxy=http://wiw4v7duaymysz9-session-d145515b6cce-lifetime-10:***@rp.scrapegw.com:6060	ConnectionTimeoutError: Connection timeout to host https://discord.com/api/v9/unique-username/username-attempt-unauthed
2026-09-01 18:26:58	NETWORK	dkdr	attempt=1	proxy=http://wiw4v7duaymysz9-session-085fe4964170-lifetime-10:***@rp.scrapegw.com:6060	ConnectionTimeoutError: Connection timeout to host https://discord.com/api/v9/unique-username/username-attempt-unauthed
2026-09-01 18:26:58	NETWORK	dkdn	attempt=1	proxy=http://wiw4v7duaymysz9-session-901eae497a7d-lifetime-10:***@rp.scrapegw.com:6060	ConnectionTimeoutError: Connection timeout to host https://discord.com/api/v9/unique-username/username-attempt-unauthed
2026-09-01 18:26:58	NETWORK	djwe	attempt=1	proxy=http://wiw4v7duaymysz9-session-183f72b87658-lifetime-10:***@rp.scrapegw.com:6060	ConnectionTimeoutError: Connection timeout to host https://discord.com/api/v9/unique-username/username-attempt-unauthed
2026-09-01 18:26:58	NETWORK	djua	attempt=1	proxy=http://wiw4v7duaymysz9-session-125f77a07888-lifetime-10:***@rp.scrapegw.com:6060	ConnectionTimeoutError: Connection timeout to host https://discord.com/api/v9/unique-username/username-attempt-unauthed
2026-09-01 18:26:58	NETWORK	djss	attempt=1	proxy=http://wiw4v7duaymysz9-session-b362370550fa-lifetime-10:***@rp.scrapegw.com:6060	ConnectionTimeoutError: Connection timeout to host https://discord.com/api/v9/unique-username/username-attempt-unauthed
2026-09-01 18:26:58	NETWORK	dkcr	attempt=1	proxy=http://wiw4v7duaymysz9-session-b8b30b6a00b1-lifetime-10:***@rp.scrapegw.com:6060	ConnectionTimeoutError: Connection timeout to host https://discord.com/api/v9/unique-username/username-attempt-unauthed
2026-09-01 18:26:59	NETWORK	drfu	attempt=1	proxy=http://wiw4v7duaymysz9-session-77b9a1f39366-lifetime-10:***@rp.scrapegw.com:6060	ClientConnectorError: Cannot connect to host discord.com:443 ssl:default [Connection reset by peer]
2026-09-01 18:26:59	NETWORK	dpsc	attempt=1	proxy=http://wiw4v7duaymysz9-session-1fcb20951154-lifetime-10:***@rp.scrapegw.com:6060	ClientConnectorError: Cannot connect to host discord.com:443 ssl:default [Connection reset by peer]
2026-09-01 18:26:59	NETWORK	dkvh	attempt=1	proxy=http://wiw4v7duaymysz9-session-4f1f793915a5-lifetime-10:***@rp.scrapegw.com:6060	ConnectionTimeoutError: Connection timeout to host https://discord.com/api/v9/unique-username/username-attempt-unauthed
2026-09-01 18:26:59	NETWORK	dkje	attempt=1	proxy=http://wiw4v7duaymysz9-session-49cef93d649d-lifetime-10:***@rp.scrapegw.com:6060	ConnectionTimeoutError: Connection timeout to host https://discord.com/api/v9/unique-username/username-attempt-unauthed
2026-09-01 18:26:59	NETWORK	dkoh	attempt=1	proxy=http://wiw4v7duaymysz9-session-530d257d5637-lifetime-10:***@rp.scrapegw.com:6060	ConnectionTimeoutError: Connection timeout to host https://discord.com/api/v9/unique-username/username-attempt-unauthed
2026-09-01 18:26:59	NETWORK	dkwh	attempt=1	proxy=http://wiw4v7duaymysz9-session-95ea56500578-lifetime-10:***@rp.scrapegw.com:6060	ConnectionTimeoutError: Connection timeout to host https://discord.com/api/v9/unique-username/username-attempt-unauthed
2026-09-01 18:26:59	NETWORK	dkkt	attempt=1	proxy=http://wiw4v7duaymysz9-session-511e9542d3b2-lifetime-10:***@rp.scrapegw.com:6060	ConnectionTimeoutError: Connection timeout to host https://discord.com/api/v9/unique-username/username-attempt-unauthed
2026-09-01 18:26:59	NETWORK	dkix	attempt=1	proxy=http://wiw4v7duaymysz9-session-e34006a1c701-lifetime-10:***@rp.scrapegw.com:6060	ConnectionTimeoutError: Connection timeout to host https://discord.com/api/v9/unique-username/username-attempt-unauthed
2026-09-01 18:26:59	NETWORK	dkxd	attempt=1	proxy=http://wiw4v7duaymysz9-session-d5049df2f561-lifetime-10:***@rp.scrapegw.com:6060	ConnectionTimeoutError: Connection timeout to host https://discord.com/api/v9/unique-username/username-attempt-unauthed
2026-09-01 18:26:59	NETWORK	dkwx	attempt=1	proxy=http://wiw4v7duaymysz9-session-3c3bda404515-lifetime-10:***@rp.scrapegw.com:6060	ConnectionTimeoutError: Connection timeout to host https://discord.com/api/v9/unique-username/username-attempt-unauthed
2026-09-01 18:27:00	NETWORK	dqjh	attempt=1	proxy=http://wiw4v7duaymysz9-session-6b7a64fcbbac-lifetime-10:***@rp.scrapegw.com:6060	ClientConnectorError: Cannot connect to host discord.com:443 ssl:default [None]
2026-09-01 18:27:00	NETWORK	dltw	attempt=1	proxy=http://wiw4v7duaymysz9-session-49c4c59d4733-lifetime-10:***@rp.scrapegw.com:6060	ConnectionTimeoutError: Connection timeout to host https://discord.com/api/v9/unique-username/username-attempt-unauthed
2026-09-01 18:27:00	NETWORK	dltg	attempt=1	proxy=http://wiw4v7duaymysz9-session-ae69173d1586-lifetime-10:***@rp.scrapegw.com:6060	ConnectionTimeoutError: Connection timeout to host https://discord.com/api/v9/unique-username/username-attempt-unauthed
2026-09-01 18:27:00	NETWORK	dlue	attempt=1	proxy=http://wiw4v7duaymysz9-session-4f8697e9fac4-lifetime-10:***@rp.scrapegw.com:6060	ConnectionTimeoutError: Connection timeout to host https://discord.com/api/v9/unique-username/username-attempt-unauthed
2026-09-01 18:27:00	NETWORK	dlsw	attempt=1	proxy=http://wiw4v7duaymysz9-session-9f23eff7c766-lifetime-10:***@rp.scrapegw.com:6060	ConnectionTimeoutError: Connection timeout to host https://discord.com/api/v9/unique-username/username-attempt-unauthed
2026-09-01 18:27:00	NETWORK	dlse	attempt=1	proxy=http://wiw4v7duaymysz9-session-50358734f0c2-lifetime-10:***@rp.scrapegw.com:6060	ConnectionTimeoutError: Connection timeout to host https://discord.com/api/v9/unique-username/username-attempt-unauthed
2026-09-01 18:27:00	NETWORK	dlsk	attempt=1	proxy=http://wiw4v7duaymysz9-session-c28241501fa9-lifetime-10:***@rp.scrapegw.com:6060	ConnectionTimeoutError: Connection timeout to host https://discord.com/api/v9/unique-username/username-attempt-unauthed
2026-09-01 18:27:00	NETWORK	dltk	attempt=1	proxy=http://wiw4v7duaymysz9-session-b237cbdbdeb4-lifetime-10:***@rp.scrapegw.com:6060	ConnectionTimeoutError: Connection timeout to host https://discord.com/api/v9/unique-username/username-attempt-unauthed
2026-09-01 18:27:00	NETWORK	dlob	attempt=1	proxy=http://wiw4v7duaymysz9-session-a090eddcc8ce-lifetime-10:***@rp.scrapegw.com:6060	ConnectionTimeoutError: Connection timeout to host https://discord.com/api/v9/unique-username/username-attempt-unauthed
2026-09-01 18:27:00	NETWORK	dloj	attempt=1	proxy=http://wiw4v7duaymysz9-session-5ee5f4999246-lifetime-10:***@rp.scrapegw.com:6060	ConnectionTimeoutError: Connection timeout to host https://discord.com/api/v9/unique-username/username-attempt-unauthed
2026-09-01 18:27:00	NETWORK	dlos	attempt=1	proxy=http://wiw4v7duaymysz9-session-25c1a6e8b6f2-lifetime-10:***@rp.scrapegw.com:6060	ConnectionTimeoutError: Connection timeout to host https://discord.com/api/v9/unique-username/username-attempt-unauthed
2026-09-01 18:27:00	NETWORK	dllu	attempt=1	proxy=http://wiw4v7duaymysz9-session-d7288c120d9a-lifetime-10:***@rp.scrapegw.com:6060	ConnectionTimeoutError: Connection timeout to host https://discord.com/api/v9/unique-username/username-attempt-unauthed
2026-09-01 18:27:00	NETWORK	dlgn	attempt=1	proxy=http://wiw4v7duaymysz9-session-5fbf59d1bc80-lifetime-10:***@rp.scrapegw.com:6060	ConnectionTimeoutError: Connection timeout to host https://discord.com/api/v9/unique-username/username-attempt-unauthed
2026-09-01 18:27:00	NETWORK	dlfd	attempt=1	proxy=http://wiw4v7duaymysz9-session-f3ddfea7b9af-lifetime-10:***@rp.scrapegw.com:6060	ConnectionTimeoutError: Connection timeout to host https://discord.com/api/v9/unique-username/username-attempt-unauthed
2026-09-01 18:27:00	NETWORK	dlbx	attempt=1	proxy=http://wiw4v7duaymysz9-session-fa3c26c531f1-lifetime-10:***@rp.scrapegw.com:6060	ConnectionTimeoutError: Connection timeout to host https://discord.com/api/v9/unique-username/username-attempt-unauthed
2026-09-01 18:27:00	NETWORK	dlbg	attempt=1	proxy=http://wiw4v7duaymysz9-session-5fcdb535e413-lifetime-10:***@rp.scrapegw.com:6060	ConnectionTimeoutError: Connection timeout to host https://discord.com/api/v9/unique-username/username-attempt-unauthed
2026-09-01 18:27:00	NETWORK	dlwk	attempt=1	proxy=http://wiw4v7duaymysz9-session-63add07c3604-lifetime-10:***@rp.scrapegw.com:6060	ConnectionTimeoutError: Connection timeout to host https://discord.com/api/v9/unique-username/username-attempt-unauthed
2026-09-01 18:27:00	NETWORK	dlov	attempt=1	proxy=http://wiw4v7duaymysz9-session-5c423d83620d-lifetime-10:***@rp.scrapegw.com:6060	ConnectionTimeoutError: Connection timeout to host https://discord.com/api/v9/unique-username/username-attempt-unauthed
2026-09-01 18:27:00	NETWORK	dlrz	attempt=1	proxy=http://wiw4v7duaymysz9-session-aff65e495036-lifetime-10:***@rp.scrapegw.com:6060	ConnectionTimeoutError: Connection timeout to host https://discord.com/api/v9/unique-username/username-attempt-unauthed
2026-09-01 18:27:00	NETWORK	dltb	attempt=1	proxy=http://wiw4v7duaymysz9-session-5eb82ba1eaf2-lifetime-10:***@rp.scrapegw.com:6060	ConnectionTimeoutError: Connection timeout to host https://discord.com/api/v9/unique-username/username-attempt-unauthed
2026-09-01 18:27:00	NETWORK	dlpf	attempt=1	proxy=http://wiw4v7duaymysz9-session-e57a1ce3912f-lifetime-10:***@rp.scrapegw.com:6060	ConnectionTimeoutError: Connection timeout to host https://discord.com/api/v9/unique-username/username-attempt-unauthed
2026-09-01 18:27:00	NETWORK	dlor	attempt=1	proxy=http://wiw4v7duaymysz9-session-d3a5a18f5786-lifetime-10:***@rp.scrapegw.com:6060	ConnectionTimeoutError: Connection timeout to host https://discord.com/api/v9/unique-username/username-attempt-unauthed
2026-09-01 18:27:00	NETWORK	dlnb	attempt=1	proxy=http://wiw4v7duaymysz9-session-19267425af1e-lifetime-10:***@rp.scrapegw.com:6060	ConnectionTimeoutError: Connection timeout to host https://discord.com/api/v9/unique-username/username-attempt-unauthed
2026-09-01 18:27:00	NETWORK	dllo	attempt=1	proxy=http://wiw4v7duaymysz9-session-bfc0a65fd693-lifetime-10:***@rp.scrapegw.com:6060	ConnectionTimeoutError: Connection timeout to host https://discord.com/api/v9/unique-username/username-attempt-unauthed
2026-09-01 18:27:00	NETWORK	dlkn	attempt=1	proxy=http://wiw4v7duaymysz9-session-c3f26e190acd-lifetime-10:***@rp.scrapegw.com:6060	ConnectionTimeoutError: Connection timeout to host https://discord.com/api/v9/unique-username/username-attempt-unauthed
2026-09-01 18:27:00	NETWORK	dlvl	attempt=1	proxy=http://wiw4v7duaymysz9-session-c61ceae32f62-lifetime-10:***@rp.scrapegw.com:6060	ConnectionTimeoutError: Connection timeout to host https://discord.com/api/v9/unique-username/username-attempt-unauthed
2026-09-01 18:27:01	NETWORK	dpdr	attempt=1	proxy=http://wiw4v7duaymysz9-session-b96e7036bba3-lifetime-10:***@rp.scrapegw.com:6060	ClientConnectorCertificateError: Cannot connect to host discord.com:443 ssl:True [SSLCertVerificationError: (1, '[SSL: CERTIFICATE_VERIFY_FAILED] certificate verify failed: self-signed certificate (_ssl.c:1081)')]
2026-09-01 18:27:01	NETWORK	dsqo	attempt=1	proxy=http://wiw4v7duaymysz9-session-d3a5a18f5786-lifetime-10:***@rp.scrapegw.com:6060	ClientConnectorError: Cannot connect to host discord.com:443 ssl:default [Connection reset by peer]
2026-09-01 18:27:01	NETWORK	dmdb	attempt=1	proxy=http://wiw4v7duaymysz9-session-c8ffc5ab841d-lifetime-10:***@rp.scrapegw.com:6060	ConnectionTimeoutError: Connection timeout to host https://discord.com/api/v9/unique-username/username-attempt-unauthed
2026-09-01 18:27:01	NETWORK	dmbn	attempt=1	proxy=http://wiw4v7duaymysz9-session-026faad543ab-lifetime-10:***@rp.scrapegw.com:6060	ConnectionTimeoutError: Connection timeout to host https://discord.com/api/v9/unique-username/username-attempt-unauthed
2026-09-01 18:27:01	NETWORK	dmdv	attempt=1	proxy=http://wiw4v7duaymysz9-session-0d77fc4c83a9-lifetime-10:***@rp.scrapegw.com:6060	ConnectionTimeoutError: Connection timeout to host https://discord.com/api/v9/unique-username/username-attempt-unauthed
2026-09-01 18:27:01	NETWORK	dmlg	attempt=1	proxy=http://wiw4v7duaymysz9-session-d64f53d8854f-lifetime-10:***@rp.scrapegw.com:6060	ConnectionTimeoutError: Connection timeout to host https://discord.com/api/v9/unique-username/username-attempt-unauthed
2026-09-01 18:27:01	NETWORK	dmnq	attempt=1	proxy=http://wiw4v7duaymysz9-session-59ee8946986b-lifetime-10:***@rp.scrapegw.com:6060	ConnectionTimeoutError: Connection timeout to host https://discord.com/api/v9/unique-username/username-attempt-unauthed
2026-09-01 18:27:01	NETWORK	dmkh	attempt=1	proxy=http://wiw4v7duaymysz9-session-720d29cce880-lifetime-10:***@rp.scrapegw.com:6060	ConnectionTimeoutError: Connection timeout to host https://discord.com/api/v9/unique-username/username-attempt-unauthed
2026-09-01 18:27:01	NETWORK	dlyo	attempt=1	proxy=http://wiw4v7duaymysz9-session-74d452a58f4f-lifetime-10:***@rp.scrapegw.com:6060	ConnectionTimeoutError: Connection timeout to host https://discord.com/api/v9/unique-username/username-attempt-unauthed
2026-09-01 18:27:01	NETWORK	dmfy	attempt=1	proxy=http://wiw4v7duaymysz9-session-0333ce8b2fea-lifetime-10:***@rp.scrapegw.com:6060	ConnectionTimeoutError: Connection timeout to host https://discord.com/api/v9/unique-username/username-attempt-unauthed
2026-09-01 18:27:01	NETWORK	dmlo	attempt=1	proxy=http://wiw4v7duaymysz9-session-0485db344a84-lifetime-10:***@rp.scrapegw.com:6060	ConnectionTimeoutError: Connection timeout to host https://discord.com/api/v9/unique-username/username-attempt-unauthed
2026-09-01 18:27:01	NETWORK	dmeg	attempt=1	proxy=http://wiw4v7duaymysz9-session-319857e81923-lifetime-10:***@rp.scrapegw.com:6060	ConnectionTimeoutError: Connection timeout to host https://discord.com/api/v9/unique-username/username-attempt-unauthed
2026-09-01 18:27:01	NETWORK	dmgl	attempt=1	proxy=http://wiw4v7duaymysz9-session-27e7ee383691-lifetime-10:***@rp.scrapegw.com:6060	ConnectionTimeoutError: Connection timeout to host https://discord.com/api/v9/unique-username/username-attempt-unauthed
2026-09-01 18:27:01	NETWORK	dlzg	attempt=1	proxy=http://wiw4v7duaymysz9-session-489118ff40d3-lifetime-10:***@rp.scrapegw.com:6060	ConnectionTimeoutError: Connection timeout to host https://discord.com/api/v9/unique-username/username-attempt-unauthed
2026-09-01 18:27:01	NETWORK	dmcq	attempt=1	proxy=http://wiw4v7duaymysz9-session-d34f4d4c8801-lifetime-10:***@rp.scrapegw.com:6060	ConnectionTimeoutError: Connection timeout to host https://discord.com/api/v9/unique-username/username-attempt-unauthed
2026-09-01 18:27:01	NETWORK	dmqh	attempt=1	proxy=http://wiw4v7duaymysz9-session-954e909bae97-lifetime-10:***@rp.scrapegw.com:6060	ConnectionTimeoutError: Connection timeout to host https://discord.com/api/v9/unique-username/username-attempt-unauthed
2026-09-01 18:27:01	NETWORK	dmpm	attempt=1	proxy=http://wiw4v7duaymysz9-session-882e3eb96b11-lifetime-10:***@rp.scrapegw.com:6060	ConnectionTimeoutError: Connection timeout to host https://discord.com/api/v9/unique-username/username-attempt-unauthed
2026-09-01 18:27:01	NETWORK	dmlh	attempt=1	proxy=http://wiw4v7duaymysz9-session-6a31070d77e8-lifetime-10:***@rp.scrapegw.com:6060	ConnectionTimeoutError: Connection timeout to host https://discord.com/api/v9/unique-username/username-attempt-unauthed
2026-09-01 18:27:01	NETWORK	dmmd	attempt=1	proxy=http://wiw4v7duaymysz9-session-b9a4ae23673f-lifetime-10:***@rp.scrapegw.com:6060	ConnectionTimeoutError: Connection timeout to host https://discord.com/api/v9/unique-username/username-attempt-unauthed
2026-09-01 18:27:01	NETWORK	dmji	attempt=1	proxy=http://wiw4v7duaymysz9-session-6ab6cd760075-lifetime-10:***@rp.scrapegw.com:6060	ConnectionTimeoutError: Connection timeout to host https://discord.com/api/v9/unique-username/username-attempt-unauthed
2026-09-01 18:27:01	NETWORK	dlzn	attempt=1	proxy=http://wiw4v7duaymysz9-session-6feba84dc01c-lifetime-10:***@rp.scrapegw.com:6060	ConnectionTimeoutError: Connection timeout to host https://discord.com/api/v9/unique-username/username-attempt-unauthed
2026-09-01 18:27:01	NETWORK	dlxp	attempt=1	proxy=http://wiw4v7duaymysz9-session-597c4a3246eb-lifetime-10:***@rp.scrapegw.com:6060	ConnectionTimeoutError: Connection timeout to host https://discord.com/api/v9/unique-username/username-attempt-unauthed
2026-09-01 18:27:01	NETWORK	dlyx	attempt=1	proxy=http://wiw4v7duaymysz9-session-2c0041719e1a-lifetime-10:***@rp.scrapegw.com:6060	ConnectionTimeoutError: Connection timeout to host https://discord.com/api/v9/unique-username/username-attempt-unauthed
2026-09-01 18:27:01	NETWORK	dmqg	attempt=1	proxy=http://wiw4v7duaymysz9-session-28e70cafbdc7-lifetime-10:***@rp.scrapegw.com:6060	ConnectionTimeoutError: Connection timeout to host https://discord.com/api/v9/unique-username/username-attempt-unauthed
2026-09-01 18:27:01	NETWORK	dlyb	attempt=1	proxy=http://wiw4v7duaymysz9-session-6941b108e6a3-lifetime-10:***@rp.scrapegw.com:6060	ConnectionTimeoutError: Connection timeout to host https://discord.com/api/v9/unique-username/username-attempt-unauthed
2026-09-01 18:27:01	NETWORK	dlxz	attempt=1	proxy=http://wiw4v7duaymysz9-session-7677804a0106-lifetime-10:***@rp.scrapegw.com:6060	ConnectionTimeoutError: Connection timeout to host https://discord.com/api/v9/unique-username/username-attempt-unauthed
2026-09-01 18:27:02	NETWORK	dsfn	attempt=1	proxy=http://wiw4v7duaymysz9-session-8a5300ede103-lifetime-10:***@rp.scrapegw.com:6060	ClientConnectorError: Cannot connect to host discord.com:443 ssl:default [Connection reset by peer]
2026-09-01 18:27:02	HTTP_429	dzvj	attempt=1	proxy=http://wiw4v7duaymysz9-session-d651571cda82-lifetime-10:***@rp.scrapegw.com:6060	scope=shared global=False retry_after=404.00s
2026-09-01 18:27:02	NETWORK	dnql	attempt=1	proxy=http://wiw4v7duaymysz9-session-fab5801b57f0-lifetime-10:***@rp.scrapegw.com:6060	ConnectionTimeoutError: Connection timeout to host https://discord.com/api/v9/unique-username/username-attempt-unauthed
2026-09-01 18:27:02	NETWORK	dnht	attempt=1	proxy=http://wiw4v7duaymysz9-session-3810981b7345-lifetime-10:***@rp.scrapegw.com:6060	ConnectionTimeoutError: Connection timeout to host https://discord.com/api/v9/unique-username/username-attempt-unauthed
2026-09-01 18:27:02	NETWORK	dnoz	attempt=1	proxy=http://wiw4v7duaymysz9-session-5b46f8751b17-lifetime-10:***@rp.scrapegw.com:6060	ConnectionTimeoutError: Connection timeout to host https://discord.com/api/v9/unique-username/username-attempt-unauthed
2026-09-01 18:27:02	NETWORK	dnmx	attempt=1	proxy=http://wiw4v7duaymysz9-session-2d20fa3b7436-lifetime-10:***@rp.scrapegw.com:6060	ConnectionTimeoutError: Connection timeout to host https://discord.com/api/v9/unique-username/username-attempt-unauthed
2026-09-01 18:27:02	NETWORK	dnri	attempt=1	proxy=http://wiw4v7duaymysz9-session-1ae8c77453a5-lifetime-10:***@rp.scrapegw.com:6060	ConnectionTimeoutError: Connection timeout to host https://discord.com/api/v9/unique-username/username-attempt-unauthed
2026-09-01 18:27:02	NETWORK	dnwf	attempt=1	proxy=http://wiw4v7duaymysz9-session-7acdaa273c28-lifetime-10:***@rp.scrapegw.com:6060	ConnectionTimeoutError: Connection timeout to host https://discord.com/api/v9/unique-username/username-attempt-unauthed
2026-09-01 18:27:02	NETWORK	dngr	attempt=1	proxy=http://wiw4v7duaymysz9-session-113671644fca-lifetime-10:***@rp.scrapegw.com:6060	ConnectionTimeoutError: Connection timeout to host https://discord.com/api/v9/unique-username/username-attempt-unauthed
2026-09-01 18:27:02	NETWORK	dmyd	attempt=1	proxy=http://wiw4v7duaymysz9-session-41463c77c440-lifetime-10:***@rp.scrapegw.com:6060	ConnectionTimeoutError: Connection timeout to host https://discord.com/api/v9/unique-username/username-attempt-unauthed
2026-09-01 18:27:02	NETWORK	dmsu	attempt=1	proxy=http://wiw4v7duaymysz9-session-b79620ac7542-lifetime-10:***@rp.scrapegw.com:6060	ConnectionTimeoutError: Connection timeout to host https://discord.com/api/v9/unique-username/username-attempt-unauthed
2026-09-01 18:27:02	NETWORK	dmsm	attempt=1	proxy=http://wiw4v7duaymysz9-session-a926c304d43e-lifetime-10:***@rp.scrapegw.com:6060	ConnectionTimeoutError: Connection timeout to host https://discord.com/api/v9/unique-username/username-attempt-unauthed
2026-09-01 18:27:02	NETWORK	dmrj	attempt=1	proxy=http://wiw4v7duaymysz9-session-10129f082819-lifetime-10:***@rp.scrapegw.com:6060	ConnectionTimeoutError: Connection timeout to host https://discord.com/api/v9/unique-username/username-attempt-unauthed
2026-09-01 18:27:02	NETWORK	dmyv	attempt=1	proxy=http://wiw4v7duaymysz9-session-23da3e7a7207-lifetime-10:***@rp.scrapegw.com:6060	ConnectionTimeoutError: Connection timeout to host https://discord.com/api/v9/unique-username/username-attempt-unauthed
2026-09-01 18:27:02	NETWORK	dnvo	attempt=1	proxy=http://wiw4v7duaymysz9-session-0562c64e5044-lifetime-10:***@rp.scrapegw.com:6060	ConnectionTimeoutError: Connection timeout to host https://discord.com/api/v9/unique-username/username-attempt-unauthed
2026-09-01 18:27:02	NETWORK	dmzf	attempt=1	proxy=http://wiw4v7duaymysz9-session-cd19aae372eb-lifetime-10:***@rp.scrapegw.com:6060	ConnectionTimeoutError: Connection timeout to host https://discord.com/api/v9/unique-username/username-attempt-unauthed
2026-09-01 18:27:02	NETWORK	dnaj	attempt=1	proxy=http://wiw4v7duaymysz9-session-18caddfbdbd9-lifetime-10:***@rp.scrapegw.com:6060	ConnectionTimeoutError: Connection timeout to host https://discord.com/api/v9/unique-username/username-attempt-unauthed
2026-09-01 18:27:02	NETWORK	dnbc	attempt=1	proxy=http://wiw4v7duaymysz9-session-808157ba3d04-lifetime-10:***@rp.scrapegw.com:6060	ConnectionTimeoutError: Connection timeout to host https://discord.com/api/v9/unique-username/username-attempt-unauthed
2026-09-01 18:27:02	NETWORK	dnae	attempt=1	proxy=http://wiw4v7duaymysz9-session-de1dbf9ac8dd-lifetime-10:***@rp.scrapegw.com:6060	ConnectionTimeoutError: Connection timeout to host https://discord.com/api/v9/unique-username/username-attempt-unauthed
2026-09-01 18:27:02	NETWORK	dnta	attempt=1	proxy=http://wiw4v7duaymysz9-session-06f1b26789e4-lifetime-10:***@rp.scrapegw.com:6060	ConnectionTimeoutError: Connection timeout to host https://discord.com/api/v9/unique-username/username-attempt-unauthed
2026-09-01 18:27:02	NETWORK	dnrw	attempt=1	proxy=http://wiw4v7duaymysz9-session-23e9abbbabd3-lifetime-10:***@rp.scrapegw.com:6060	ConnectionTimeoutError: Connection timeout to host https://discord.com/api/v9/unique-username/username-attempt-unauthed
2026-09-01 18:27:02	NETWORK	dnts	attempt=1	proxy=http://wiw4v7duaymysz9-session-04265c8addf5-lifetime-10:***@rp.scrapegw.com:6060	ConnectionTimeoutError: Connection timeout to host https://discord.com/api/v9/unique-username/username-attempt-unauthed
2026-09-01 18:27:02	NETWORK	dmtz	attempt=1	proxy=http://wiw4v7duaymysz9-session-e4bb09b28f8b-lifetime-10:***@rp.scrapegw.com:6060	ConnectionTimeoutError: Connection timeout to host https://discord.com/api/v9/unique-username/username-attempt-unauthed
2026-09-01 18:27:02	NETWORK	dntp	attempt=1	proxy=http://wiw4v7duaymysz9-session-11ca838f506f-lifetime-10:***@rp.scrapegw.com:6060	ConnectionTimeoutError: Connection timeout to host https://discord.com/api/v9/unique-username/username-attempt-unauthed
2026-09-01 18:27:02	NETWORK	dnog	attempt=1	proxy=http://wiw4v7duaymysz9-session-b623c0f9d4a0-lifetime-10:***@rp.scrapegw.com:6060	ConnectionTimeoutError: Connection timeout to host https://discord.com/api/v9/unique-username/username-attempt-unauthed
2026-09-01 18:27:02	NETWORK	dntz	attempt=1	proxy=http://wiw4v7duaymysz9-session-70d09d8b7115-lifetime-10:***@rp.scrapegw.com:6060	ConnectionTimeoutError: Connection timeout to host https://discord.com/api/v9/unique-username/username-attempt-unauthed
2026-09-01 18:27:02	NETWORK	dnmr	attempt=1	proxy=http://wiw4v7duaymysz9-session-bf18551d5c5d-lifetime-10:***@rp.scrapegw.com:6060	ConnectionTimeoutError: Connection timeout to host https://discord.com/api/v9/unique-username/username-attempt-unauthed
2026-09-01 18:27:02	NETWORK	dnnl	attempt=1	proxy=http://wiw4v7duaymysz9-session-e0c4cd32995e-lifetime-10:***@rp.scrapegw.com:6060	ConnectionTimeoutError: Connection timeout to host https://discord.com/api/v9/unique-username/username-attempt-unauthed
2026-09-01 18:27:02	NETWORK	dmux	attempt=1	proxy=http://wiw4v7duaymysz9-session-7ad81904be38-lifetime-10:***@rp.scrapegw.com:6060	ConnectionTimeoutError: Connection timeout to host https://discord.com/api/v9/unique-username/username-attempt-unauthed
2026-09-01 18:27:02	NETWORK	dnlv	attempt=1	proxy=http://wiw4v7duaymysz9-session-b69138a54609-lifetime-10:***@rp.scrapegw.com:6060	ConnectionTimeoutError: Connection timeout to host https://discord.com/api/v9/unique-username/username-attempt-unauthed
2026-09-01 18:27:02	NETWORK	dnjr	attempt=1	proxy=http://wiw4v7duaymysz9-session-14631c818bfb-lifetime-10:***@rp.scrapegw.com:6060	ConnectionTimeoutError: Connection timeout to host https://discord.com/api/v9/unique-username/username-attempt-unauthed
2026-09-01 18:27:02	NETWORK	dnsw	attempt=1	proxy=http://wiw4v7duaymysz9-session-ca26ffac0276-lifetime-10:***@rp.scrapegw.com:6060	ConnectionTimeoutError: Connection timeout to host https://discord.com/api/v9/unique-username/username-attempt-unauthed
2026-09-01 18:27:02	NETWORK	dnis	attempt=1	proxy=http://wiw4v7duaymysz9-session-ee8c4f459f19-lifetime-10:***@rp.scrapegw.com:6060	ConnectionTimeoutError: Connection timeout to host https://discord.com/api/v9/unique-username/username-attempt-unauthed
2026-09-01 18:27:02	NETWORK	dngc	attempt=1	proxy=http://wiw4v7duaymysz9-session-14deffd2a9dd-lifetime-10:***@rp.scrapegw.com:6060	ConnectionTimeoutError: Connection timeout to host https://discord.com/api/v9/unique-username/username-attempt-unauthed
2026-09-01 18:27:02	NETWORK	dnfj	attempt=1	proxy=http://wiw4v7duaymysz9-session-35478d55a516-lifetime-10:***@rp.scrapegw.com:6060	ConnectionTimeoutError: Connection timeout to host https://discord.com/api/v9/unique-username/username-attempt-unauthed
2026-09-01 18:27:02	NETWORK	dnfa	attempt=1	proxy=http://wiw4v7duaymysz9-session-101419cacf8c-lifetime-10:***@rp.scrapegw.com:6060	ConnectionTimeoutError: Connection timeout to host https://discord.com/api/v9/unique-username/username-attempt-unauthed
2026-09-01 18:27:02	NETWORK	dmtm	attempt=1	proxy=http://wiw4v7duaymysz9-session-a8165e103391-lifetime-10:***@rp.scrapegw.com:6060	ConnectionTimeoutError: Connection timeout to host https://discord.com/api/v9/unique-username/username-attempt-unauthed
2026-09-01 18:27:02	NETWORK	dmsv	attempt=1	proxy=http://wiw4v7duaymysz9-session-3bd8d8a0b091-lifetime-10:***@rp.scrapegw.com:6060	ConnectionTimeoutError: Connection timeout to host https://discord.com/api/v9/unique-username/username-attempt-unauthed
2026-09-01 18:27:02	NETWORK	dmro	attempt=1	proxy=http://wiw4v7duaymysz9-session-5d8489f58b1e-lifetime-10:***@rp.scrapegw.com:6060	ConnectionTimeoutError: Connection timeout to host https://discord.com/api/v9/unique-username/username-attempt-unauthed
2026-09-01 18:27:02	NETWORK	dmri	attempt=1	proxy=http://wiw4v7duaymysz9-session-ab567d39dadf-lifetime-10:***@rp.scrapegw.com:6060	ConnectionTimeoutError: Connection timeout to host https://discord.com/api/v9/unique-username/username-attempt-unauthed
2026-09-01 18:27:02	NETWORK	dmrc	attempt=1	proxy=http://wiw4v7duaymysz9-session-76313055e1de-lifetime-10:***@rp.scrapegw.com:6060	ConnectionTimeoutError: Connection timeout to host https://discord.com/api/v9/unique-username/username-attempt-unauthed
2026-09-01 18:27:02	NETWORK	dmzl	attempt=1	proxy=http://wiw4v7duaymysz9-session-b7240d9f09ca-lifetime-10:***@rp.scrapegw.com:6060	ConnectionTimeoutError: Connection timeout to host https://discord.com/api/v9/unique-username/username-attempt-unauthed
2026-09-01 18:27:02	NETWORK	dmzv	attempt=1	proxy=http://wiw4v7duaymysz9-session-84f3827746a0-lifetime-10:***@rp.scrapegw.com:6060	ConnectionTimeoutError: Connection timeout to host https://discord.com/api/v9/unique-username/username-attempt-unauthed
2026-09-01 18:27:02	NETWORK	dmzw	attempt=1	proxy=http://wiw4v7duaymysz9-session-48631bb1eb76-lifetime-10:***@rp.scrapegw.com:6060	ConnectionTimeoutError: Connection timeout to host https://discord.com/api/v9/unique-username/username-attempt-unauthed
2026-09-01 18:27:02	NETWORK	dndq	attempt=1	proxy=http://wiw4v7duaymysz9-session-562ee7eb2e2e-lifetime-10:***@rp.scrapegw.com:6060	ConnectionTimeoutError: Connection timeout to host https://discord.com/api/v9/unique-username/username-attempt-unauthed
2026-09-01 18:27:02	NETWORK	dmyj	attempt=1	proxy=http://wiw4v7duaymysz9-session-bd5a1e82ab91-lifetime-10:***@rp.scrapegw.com:6060	ConnectionTimeoutError: Connection timeout to host https://discord.com/api/v9/unique-username/username-attempt-unauthed
2026-09-01 18:27:02	NETWORK	dmun	attempt=1	proxy=http://wiw4v7duaymysz9-session-d38c5b1c370c-lifetime-10:***@rp.scrapegw.com:6060	ConnectionTimeoutError: Connection timeout to host https://discord.com/api/v9/unique-username/username-attempt-unauthed
2026-09-01 18:27:02	NETWORK	dnsg	attempt=1	proxy=http://wiw4v7duaymysz9-session-683b736b4dd1-lifetime-10:***@rp.scrapegw.com:6060	ConnectionTimeoutError: Connection timeout to host https://discord.com/api/v9/unique-username/username-attempt-unauthed
2026-09-01 18:27:02	NETWORK	dnml	attempt=1	proxy=http://wiw4v7duaymysz9-session-244ead5ed152-lifetime-10:***@rp.scrapegw.com:6060	ConnectionTimeoutError: Connection timeout to host https://discord.com/api/v9/unique-username/username-attempt-unauthed
2026-09-01 18:27:03	NETWORK	dock	attempt=1	proxy=http://wiw4v7duaymysz9-session-46b9741d2b80-lifetime-10:***@rp.scrapegw.com:6060	ClientConnectorCertificateError: Cannot connect to host discord.com:443 ssl:True [SSLCertVerificationError: (1, "[SSL: CERTIFICATE_VERIFY_FAILED] certificate verify failed: Hostname mismatch, certificate is not valid for 'discord.com'. (_ssl.c:1081)")]
2026-09-01 18:27:03	NETWORK	dpik	attempt=1	proxy=http://wiw4v7duaymysz9-session-03bcce197e7c-lifetime-10:***@rp.scrapegw.com:6060	ConnectionTimeoutError: Connection timeout to host https://discord.com/api/v9/unique-username/username-attempt-unauthed
2026-09-01 18:27:03	NETWORK	dpul	attempt=1	proxy=http://wiw4v7duaymysz9-session-74e91968b88e-lifetime-10:***@rp.scrapegw.com:6060	ConnectionTimeoutError: Connection timeout to host https://discord.com/api/v9/unique-username/username-attempt-unauthed
2026-09-01 18:27:03	NETWORK	dphf	attempt=1	proxy=http://wiw4v7duaymysz9-session-589576fc7506-lifetime-10:***@rp.scrapegw.com:6060	ConnectionTimeoutError: Connection timeout to host https://discord.com/api/v9/unique-username/username-attempt-unauthed
2026-09-01 18:27:03	NETWORK	dpeh	attempt=1	proxy=http://wiw4v7duaymysz9-session-bc0daaeba8b5-lifetime-10:***@rp.scrapegw.com:6060	ConnectionTimeoutError: Connection timeout to host https://discord.com/api/v9/unique-username/username-attempt-unauthed
2026-09-01 18:27:03	NETWORK	dpcl	attempt=1	proxy=http://wiw4v7duaymysz9-session-356a1315f7b4-lifetime-10:***@rp.scrapegw.com:6060	ConnectionTimeoutError: Connection timeout to host https://discord.com/api/v9/unique-username/username-attempt-unauthed
2026-09-01 18:27:03	NETWORK	dpjz	attempt=1	proxy=http://wiw4v7duaymysz9-session-585a05cbffc5-lifetime-10:***@rp.scrapegw.com:6060	ConnectionTimeoutError: Connection timeout to host https://discord.com/api/v9/unique-username/username-attempt-unauthed
2026-09-01 18:27:03	NETWORK	dphz	attempt=1	proxy=http://wiw4v7duaymysz9-session-9f7d900239d7-lifetime-10:***@rp.scrapegw.com:6060	ConnectionTimeoutError: Connection timeout to host https://discord.com/api/v9/unique-username/username-attempt-unauthed
2026-09-01 18:27:03	NETWORK	dppj	attempt=1	proxy=http://wiw4v7duaymysz9-session-412dd7d99138-lifetime-10:***@rp.scrapegw.com:6060	ConnectionTimeoutError: Connection timeout to host https://discord.com/api/v9/unique-username/username-attempt-unauthed
2026-09-01 18:27:03	NETWORK	dpcc	attempt=1	proxy=http://wiw4v7duaymysz9-session-39bc25517232-lifetime-10:***@rp.scrapegw.com:6060	ConnectionTimeoutError: Connection timeout to host https://discord.com/api/v9/unique-username/username-attempt-unauthed
2026-09-01 18:27:03	NETWORK	dplz	attempt=1	proxy=http://wiw4v7duaymysz9-session-71017f2d809e-lifetime-10:***@rp.scrapegw.com:6060	ConnectionTimeoutError: Connection timeout to host https://discord.com/api/v9/unique-username/username-attempt-unauthed
2026-09-01 18:27:03	NETWORK	dodh	attempt=1	proxy=http://wiw4v7duaymysz9-session-026d7b33f162-lifetime-10:***@rp.scrapegw.com:6060	ConnectionTimeoutError: Connection timeout to host https://discord.com/api/v9/unique-username/username-attempt-unauthed
2026-09-01 18:27:03	NETWORK	docq	attempt=1	proxy=http://wiw4v7duaymysz9-session-2806b1c81712-lifetime-10:***@rp.scrapegw.com:6060	ConnectionTimeoutError: Connection timeout to host https://discord.com/api/v9/unique-username/username-attempt-unauthed
2026-09-01 18:27:03	NETWORK	docp	attempt=1	proxy=http://wiw4v7duaymysz9-session-10206854df8a-lifetime-10:***@rp.scrapegw.com:6060	ConnectionTimeoutError: Connection timeout to host https://discord.com/api/v9/unique-username/username-attempt-unauthed
2026-09-01 18:27:03	NETWORK	dobi	attempt=1	proxy=http://wiw4v7duaymysz9-session-036809d3ddb3-lifetime-10:***@rp.scrapegw.com:6060	ConnectionTimeoutError: Connection timeout to host https://discord.com/api/v9/unique-username/username-attempt-unauthed
2026-09-01 18:27:03	NETWORK	dnzi	attempt=1	proxy=http://wiw4v7duaymysz9-session-b0cfebf75aaf-lifetime-10:***@rp.scrapegw.com:6060	ConnectionTimeoutError: Connection timeout to host https://discord.com/api/v9/unique-username/username-attempt-unauthed
2026-09-01 18:27:03	NETWORK	donr	attempt=1	proxy=http://wiw4v7duaymysz9-session-76355a66e0d4-lifetime-10:***@rp.scrapegw.com:6060	ConnectionTimeoutError: Connection timeout to host https://discord.com/api/v9/unique-username/username-attempt-unauthed
2026-09-01 18:27:03	NETWORK	dopx	attempt=1	proxy=http://wiw4v7duaymysz9-session-d3e6f9360c05-lifetime-10:***@rp.scrapegw.com:6060	ConnectionTimeoutError: Connection timeout to host https://discord.com/api/v9/unique-username/username-attempt-unauthed
2026-09-01 18:27:03	NETWORK	doqd	attempt=1	proxy=http://wiw4v7duaymysz9-session-c0a4bd6d34d9-lifetime-10:***@rp.scrapegw.com:6060	ConnectionTimeoutError: Connection timeout to host https://discord.com/api/v9/unique-username/username-attempt-unauthed
2026-09-01 18:27:03	NETWORK	dody	attempt=1	proxy=http://wiw4v7duaymysz9-session-cb310ced0587-lifetime-10:***@rp.scrapegw.com:6060	ConnectionTimeoutError: Connection timeout to host https://discord.com/api/v9/unique-username/username-attempt-unauthed
2026-09-01 18:27:03	NETWORK	dpqd	attempt=1	proxy=http://wiw4v7duaymysz9-session-428571d8da51-lifetime-10:***@rp.scrapegw.com:6060	ConnectionTimeoutError: Connection timeout to host https://discord.com/api/v9/unique-username/username-attempt-unauthed
2026-09-01 18:27:03	NETWORK	dovh	attempt=1	proxy=http://wiw4v7duaymysz9-session-665b4d56d509-lifetime-10:***@rp.scrapegw.com:6060	ConnectionTimeoutError: Connection timeout to host https://discord.com/api/v9/unique-username/username-attempt-unauthed
2026-09-01 18:27:03	NETWORK	dozp	attempt=1	proxy=http://wiw4v7duaymysz9-session-dfb0e9d89e57-lifetime-10:***@rp.scrapegw.com:6060	ConnectionTimeoutError: Connection timeout to host https://discord.com/api/v9/unique-username/username-attempt-unauthed
2026-09-01 18:27:03	NETWORK	dpth	attempt=1	proxy=http://wiw4v7duaymysz9-session-0925a981e51b-lifetime-10:***@rp.scrapegw.com:6060	ConnectionTimeoutError: Connection timeout to host https://discord.com/api/v9/unique-username/username-attempt-unauthed
2026-09-01 18:27:03	NETWORK	dptd	attempt=1	proxy=http://wiw4v7duaymysz9-session-8c640a74d836-lifetime-10:***@rp.scrapegw.com:6060	ConnectionTimeoutError: Connection timeout to host https://discord.com/api/v9/unique-username/username-attempt-unauthed
2026-09-01 18:27:03	NETWORK	dpny	attempt=1	proxy=http://wiw4v7duaymysz9-session-b23bfcabbe70-lifetime-10:***@rp.scrapegw.com:6060	ConnectionTimeoutError: Connection timeout to host https://discord.com/api/v9/unique-username/username-attempt-unauthed
2026-09-01 18:27:03	NETWORK	dpmd	attempt=1	proxy=http://wiw4v7duaymysz9-session-d93d57838ba4-lifetime-10:***@rp.scrapegw.com:6060	ConnectionTimeoutError: Connection timeout to host https://discord.com/api/v9/unique-username/username-attempt-unauthed
2026-09-01 18:27:03	NETWORK	dogh	attempt=1	proxy=http://wiw4v7duaymysz9-session-896b4065a9c3-lifetime-10:***@rp.scrapegw.com:6060	ConnectionTimeoutError: Connection timeout to host https://discord.com/api/v9/unique-username/username-attempt-unauthed
2026-09-01 18:27:03	NETWORK	dplw	attempt=1	proxy=http://wiw4v7duaymysz9-session-5a61f6edbc1d-lifetime-10:***@rp.scrapegw.com:6060	ConnectionTimeoutError: Connection timeout to host https://discord.com/api/v9/unique-username/username-attempt-unauthed
2026-09-01 18:27:03	NETWORK	dpil	attempt=1	proxy=http://wiw4v7duaymysz9-session-ce5d848f530d-lifetime-10:***@rp.scrapegw.com:6060	ConnectionTimeoutError: Connection timeout to host https://discord.com/api/v9/unique-username/username-attempt-unauthed
2026-09-01 18:27:03	NETWORK	dpdu	attempt=1	proxy=http://wiw4v7duaymysz9-session-2981efe4b830-lifetime-10:***@rp.scrapegw.com:6060	ConnectionTimeoutError: Connection timeout to host https://discord.com/api/v9/unique-username/username-attempt-unauthed
2026-09-01 18:27:03	NETWORK	dpvh	attempt=1	proxy=http://wiw4v7duaymysz9-session-456aa08187b8-lifetime-10:***@rp.scrapegw.com:6060	ConnectionTimeoutError: Connection timeout to host https://discord.com/api/v9/unique-username/username-attempt-unauthed
2026-09-01 18:27:03	NETWORK	dogz	attempt=1	proxy=http://wiw4v7duaymysz9-session-c04b68c10970-lifetime-10:***@rp.scrapegw.com:6060	ConnectionTimeoutError: Connection timeout to host https://discord.com/api/v9/unique-username/username-attempt-unauthed
2026-09-01 18:27:03	NETWORK	doez	attempt=1	proxy=http://wiw4v7duaymysz9-session-8cad5d8db580-lifetime-10:***@rp.scrapegw.com:6060	ConnectionTimeoutError: Connection timeout to host https://discord.com/api/v9/unique-username/username-attempt-unauthed
2026-09-01 18:27:03	NETWORK	dpcd	attempt=1	proxy=http://wiw4v7duaymysz9-session-5a5b7a6a6e25-lifetime-10:***@rp.scrapegw.com:6060	ConnectionTimeoutError: Connection timeout to host https://discord.com/api/v9/unique-username/username-attempt-unauthed
2026-09-01 18:27:03	NETWORK	docb	attempt=1	proxy=http://wiw4v7duaymysz9-session-75232ddf9c38-lifetime-10:***@rp.scrapegw.com:6060	ConnectionTimeoutError: Connection timeout to host https://discord.com/api/v9/unique-username/username-attempt-unauthed
2026-09-01 18:27:03	NETWORK	dook	attempt=1	proxy=http://wiw4v7duaymysz9-session-44fa5d645f3a-lifetime-10:***@rp.scrapegw.com:6060	ConnectionTimeoutError: Connection timeout to host https://discord.com/api/v9/unique-username/username-attempt-unauthed
2026-09-01 18:27:03	NETWORK	dofi	attempt=1	proxy=http://wiw4v7duaymysz9-session-0563873fbc9c-lifetime-10:***@rp.scrapegw.com:6060	ConnectionTimeoutError: Connection timeout to host https://discord.com/api/v9/unique-username/username-attempt-unauthed
2026-09-01 18:27:03	NETWORK	dpaz	attempt=1	proxy=http://wiw4v7duaymysz9-session-ddd21f8c1092-lifetime-10:***@rp.scrapegw.com:6060	ConnectionTimeoutError: Connection timeout to host https://discord.com/api/v9/unique-username/username-attempt-unauthed
2026-09-01 18:27:03	NETWORK	dnyy	attempt=1	proxy=http://wiw4v7duaymysz9-session-9eff08b5b3ff-lifetime-10:***@rp.scrapegw.com:6060	ConnectionTimeoutError: Connection timeout to host https://discord.com/api/v9/unique-username/username-attempt-unauthed
2026-09-01 18:27:03	NETWORK	dopq	attempt=1	proxy=http://wiw4v7duaymysz9-session-82e382e19816-lifetime-10:***@rp.scrapegw.com:6060	ConnectionTimeoutError: Connection timeout to host https://discord.com/api/v9/unique-username/username-attempt-unauthed
2026-09-01 18:27:03	NETWORK	dozu	attempt=1	proxy=http://wiw4v7duaymysz9-session-494de2d88332-lifetime-10:***@rp.scrapegw.com:6060	ConnectionTimeoutError: Connection timeout to host https://discord.com/api/v9/unique-username/username-attempt-unauthed
2026-09-01 18:27:03	NETWORK	dptp	attempt=1	proxy=http://wiw4v7duaymysz9-session-2001422752fb-lifetime-10:***@rp.scrapegw.com:6060	ConnectionTimeoutError: Connection timeout to host https://discord.com/api/v9/unique-username/username-attempt-unauthed
2026-09-01 18:27:03	NETWORK	dpuu	attempt=1	proxy=http://wiw4v7duaymysz9-session-79cfc46835c8-lifetime-10:***@rp.scrapegw.com:6060	ConnectionTimeoutError: Connection timeout to host https://discord.com/api/v9/unique-username/username-attempt-unauthed
2026-09-01 18:27:03	NETWORK	dpun	attempt=1	proxy=http://wiw4v7duaymysz9-session-a438cf1949f8-lifetime-10:***@rp.scrapegw.com:6060	ConnectionTimeoutError: Connection timeout to host https://discord.com/api/v9/unique-username/username-attempt-unauthed
2026-09-01 18:27:03	NETWORK	doga	attempt=1	proxy=http://wiw4v7duaymysz9-session-2981f8b319cb-lifetime-10:***@rp.scrapegw.com:6060	ConnectionTimeoutError: Connection timeout to host https://discord.com/api/v9/unique-username/username-attempt-unauthed
2026-09-01 18:27:03	NETWORK	dpuc	attempt=1	proxy=http://wiw4v7duaymysz9-session-86ec24228665-lifetime-10:***@rp.scrapegw.com:6060	ConnectionTimeoutError: Connection timeout to host https://discord.com/api/v9/unique-username/username-attempt-unauthed
2026-09-01 18:27:03	NETWORK	dpqf	attempt=1	proxy=http://wiw4v7duaymysz9-session-ea6c85381c63-lifetime-10:***@rp.scrapegw.com:6060	ConnectionTimeoutError: Connection timeout to host https://discord.com/api/v9/unique-username/username-attempt-unauthed
2026-09-01 18:27:03	NETWORK	dpqo	attempt=1	proxy=http://wiw4v7duaymysz9-session-fae10e68ad95-lifetime-10:***@rp.scrapegw.com:6060	ConnectionTimeoutError: Connection timeout to host https://discord.com/api/v9/unique-username/username-attempt-unauthed
2026-09-01 18:27:03	NETWORK	dpmb	attempt=1	proxy=http://wiw4v7duaymysz9-session-99755dcc3e87-lifetime-10:***@rp.scrapegw.com:6060	ConnectionTimeoutError: Connection timeout to host https://discord.com/api/v9/unique-username/username-attempt-unauthed
2026-09-01 18:27:03	NETWORK	dosd	attempt=1	proxy=http://wiw4v7duaymysz9-session-3b2bfad439cd-lifetime-10:***@rp.scrapegw.com:6060	ConnectionTimeoutError: Connection timeout to host https://discord.com/api/v9/unique-username/username-attempt-unauthed
2026-09-01 18:27:03	NETWORK	dpic	attempt=1	proxy=http://wiw4v7duaymysz9-session-9f4fd2723941-lifetime-10:***@rp.scrapegw.com:6060	ConnectionTimeoutError: Connection timeout to host https://discord.com/api/v9/unique-username/username-attempt-unauthed
2026-09-01 18:27:04	HTTP_429	ebrs	attempt=1	proxy=http://wiw4v7duaymysz9-session-a3d21af5ca92-lifetime-10:***@rp.scrapegw.com:6060	scope=shared global=False retry_after=1085.00s
2026-09-01 18:27:04	HTTP_429	dtcw	attempt=1	proxy=http://wiw4v7duaymysz9-session-63add07c3604-lifetime-10:***@rp.scrapegw.com:6060	scope=shared global=False retry_after=196.00s
2026-09-01 18:27:04	HTTP_429	ebxw	attempt=1	proxy=http://wiw4v7duaymysz9-session-5375a1011a08-lifetime-10:***@rp.scrapegw.com:6060	scope=shared global=False retry_after=1809.00s
2026-09-01 18:27:04	NETWORK	drhs	attempt=1	proxy=http://wiw4v7duaymysz9-session-84fac9c24e45-lifetime-10:***@rp.scrapegw.com:6060	ConnectionTimeoutError: Connection timeout to host https://discord.com/api/v9/unique-username/username-attempt-unauthed
2026-09-01 18:27:04	NETWORK	drgc	attempt=1	proxy=http://wiw4v7duaymysz9-session-901eae497a7d-lifetime-10:***@rp.scrapegw.com:6060	ConnectionTimeoutError: Connection timeout to host https://discord.com/api/v9/unique-username/username-attempt-unauthed
2026-09-01 18:27:04	NETWORK	dpyr	attempt=1	proxy=http://wiw4v7duaymysz9-session-eb3877276325-lifetime-10:***@rp.scrapegw.com:6060	ConnectionTimeoutError: Connection timeout to host https://discord.com/api/v9/unique-username/username-attempt-unauthed
2026-09-01 18:27:04	NETWORK	dqpy	attempt=1	proxy=http://wiw4v7duaymysz9-session-89f8447d6514-lifetime-10:***@rp.scrapegw.com:6060	ConnectionTimeoutError: Connection timeout to host https://discord.com/api/v9/unique-username/username-attempt-unauthed
2026-09-01 18:27:04	NETWORK	dpwh	attempt=1	proxy=http://wiw4v7duaymysz9-session-e4ac0bc7067a-lifetime-10:***@rp.scrapegw.com:6060	ConnectionTimeoutError: Connection timeout to host https://discord.com/api/v9/unique-username/username-attempt-unauthed
2026-09-01 18:27:04	NETWORK	dpzu	attempt=1	proxy=http://wiw4v7duaymysz9-session-54825df5da37-lifetime-10:***@rp.scrapegw.com:6060	ConnectionTimeoutError: Connection timeout to host https://discord.com/api/v9/unique-username/username-attempt-unauthed
2026-09-01 18:27:04	NETWORK	dpze	attempt=1	proxy=http://wiw4v7duaymysz9-session-d35d67899f21-lifetime-10:***@rp.scrapegw.com:6060	ConnectionTimeoutError: Connection timeout to host https://discord.com/api/v9/unique-username/username-attempt-unauthed
2026-09-01 18:27:04	NETWORK	dpwt	attempt=1	proxy=http://wiw4v7duaymysz9-session-da2d65ea2182-lifetime-10:***@rp.scrapegw.com:6060	ConnectionTimeoutError: Connection timeout to host https://discord.com/api/v9/unique-username/username-attempt-unauthed
2026-09-01 18:27:04	NETWORK	drkh	attempt=1	proxy=http://wiw4v7duaymysz9-session-2a77e25ad325-lifetime-10:***@rp.scrapegw.com:6060	ConnectionTimeoutError: Connection timeout to host https://discord.com/api/v9/unique-username/username-attempt-unauthed
2026-09-01 18:27:04	NETWORK	dqwm	attempt=1	proxy=http://wiw4v7duaymysz9-session-183f72b87658-lifetime-10:***@rp.scrapegw.com:6060	ConnectionTimeoutError: Connection timeout to host https://discord.com/api/v9/unique-username/username-attempt-unauthed
2026-09-01 18:27:04	NETWORK	driv	attempt=1	proxy=http://wiw4v7duaymysz9-session-483881df92db-lifetime-10:***@rp.scrapegw.com:6060	ConnectionTimeoutError: Connection timeout to host https://discord.com/api/v9/unique-username/username-attempt-unauthed
2026-09-01 18:27:04	NETWORK	dqqq	attempt=1	proxy=http://wiw4v7duaymysz9-session-400b0e0c9655-lifetime-10:***@rp.scrapegw.com:6060	ConnectionTimeoutError: Connection timeout to host https://discord.com/api/v9/unique-username/username-attempt-unauthed
2026-09-01 18:27:04	NETWORK	dqbe	attempt=1	proxy=http://wiw4v7duaymysz9-session-d275b8f3f167-lifetime-10:***@rp.scrapegw.com:6060	ConnectionTimeoutError: Connection timeout to host https://discord.com/api/v9/unique-username/username-attempt-unauthed
2026-09-01 18:27:04	NETWORK	dqqe	attempt=1	proxy=http://wiw4v7duaymysz9-session-c8ce903eda2b-lifetime-10:***@rp.scrapegw.com:6060	ConnectionTimeoutError: Connection timeout to host https://discord.com/api/v9/unique-username/username-attempt-unauthed
2026-09-01 18:27:04	NETWORK	dqtz	attempt=1	proxy=http://wiw4v7duaymysz9-session-a5b59457cf1b-lifetime-10:***@rp.scrapegw.com:6060	ConnectionTimeoutError: Connection timeout to host https://discord.com/api/v9/unique-username/username-attempt-unauthed
2026-09-01 18:27:04	NETWORK	drih	attempt=1	proxy=http://wiw4v7duaymysz9-session-e0ad9651ccbe-lifetime-10:***@rp.scrapegw.com:6060	ConnectionTimeoutError: Connection timeout to host https://discord.com/api/v9/unique-username/username-attempt-unauthed
2026-09-01 18:27:04	NETWORK	dqmf	attempt=1	proxy=http://wiw4v7duaymysz9-session-459ac8eb95e1-lifetime-10:***@rp.scrapegw.com:6060	ConnectionTimeoutError: Connection timeout to host https://discord.com/api/v9/unique-username/username-attempt-unauthed
2026-09-01 18:27:04	NETWORK	drgb	attempt=1	proxy=http://wiw4v7duaymysz9-session-be39f9069491-lifetime-10:***@rp.scrapegw.com:6060	ConnectionTimeoutError: Connection timeout to host https://discord.com/api/v9/unique-username/username-attempt-unauthed
2026-09-01 18:27:04	NETWORK	dpwx	attempt=1	proxy=http://wiw4v7duaymysz9-session-6d744e6ff6cd-lifetime-10:***@rp.scrapegw.com:6060	ConnectionTimeoutError: Connection timeout to host https://discord.com/api/v9/unique-username/username-attempt-unauthed
2026-09-01 18:27:04	NETWORK	dqae	attempt=1	proxy=http://wiw4v7duaymysz9-session-f5005b7e5c17-lifetime-10:***@rp.scrapegw.com:6060	ConnectionTimeoutError: Connection timeout to host https://discord.com/api/v9/unique-username/username-attempt-unauthed
2026-09-01 18:27:04	NETWORK	dqfc	attempt=1	proxy=http://wiw4v7duaymysz9-session-19be1269f27c-lifetime-10:***@rp.scrapegw.com:6060	ConnectionTimeoutError: Connection timeout to host https://discord.com/api/v9/unique-username/username-attempt-unauthed
2026-09-01 18:27:04	NETWORK	drca	attempt=1	proxy=http://wiw4v7duaymysz9-session-419d09c82565-lifetime-10:***@rp.scrapegw.com:6060	ConnectionTimeoutError: Connection timeout to host https://discord.com/api/v9/unique-username/username-attempt-unauthed
2026-09-01 18:27:04	NETWORK	dqmq	attempt=1	proxy=http://wiw4v7duaymysz9-session-a6c19b94fc6b-lifetime-10:***@rp.scrapegw.com:6060	ConnectionTimeoutError: Connection timeout to host https://discord.com/api/v9/unique-username/username-attempt-unauthed
2026-09-01 18:27:04	NETWORK	drdy	attempt=1	proxy=http://wiw4v7duaymysz9-session-6cf65aaeff33-lifetime-10:***@rp.scrapegw.com:6060	ConnectionTimeoutError: Connection timeout to host https://discord.com/api/v9/unique-username/username-attempt-unauthed
2026-09-01 18:27:04	NETWORK	dqte	attempt=1	proxy=http://wiw4v7duaymysz9-session-125f77a07888-lifetime-10:***@rp.scrapegw.com:6060	ConnectionTimeoutError: Connection timeout to host https://discord.com/api/v9/unique-username/username-attempt-unauthed
2026-09-01 18:27:04	NETWORK	drfv	attempt=1	proxy=http://wiw4v7duaymysz9-session-b8b30b6a00b1-lifetime-10:***@rp.scrapegw.com:6060	ConnectionTimeoutError: Connection timeout to host https://discord.com/api/v9/unique-username/username-attempt-unauthed
2026-09-01 18:27:04	NETWORK	drma	attempt=1	proxy=http://wiw4v7duaymysz9-session-49cef93d649d-lifetime-10:***@rp.scrapegw.com:6060	ConnectionTimeoutError: Connection timeout to host https://discord.com/api/v9/unique-username/username-attempt-unauthed
2026-09-01 18:27:04	NETWORK	dret	attempt=1	proxy=http://wiw4v7duaymysz9-session-c45ab5f44a80-lifetime-10:***@rp.scrapegw.com:6060	ConnectionTimeoutError: Connection timeout to host https://discord.com/api/v9/unique-username/username-attempt-unauthed
2026-09-01 18:27:04	NETWORK	dqqz	attempt=1	proxy=http://wiw4v7duaymysz9-session-b362370550fa-lifetime-10:***@rp.scrapegw.com:6060	ConnectionTimeoutError: Connection timeout to host https://discord.com/api/v9/unique-username/username-attempt-unauthed
2026-09-01 18:27:04	NETWORK	dqhf	attempt=1	proxy=http://wiw4v7duaymysz9-session-c5ceeacce615-lifetime-10:***@rp.scrapegw.com:6060	ConnectionTimeoutError: Connection timeout to host https://discord.com/api/v9/unique-username/username-attempt-unauthed
2026-09-01 18:27:04	NETWORK	drhx	attempt=1	proxy=http://wiw4v7duaymysz9-session-d744bf5adbeb-lifetime-10:***@rp.scrapegw.com:6060	ConnectionTimeoutError: Connection timeout to host https://discord.com/api/v9/unique-username/username-attempt-unauthed
2026-09-01 18:27:04	NETWORK	draa	attempt=1	proxy=http://wiw4v7duaymysz9-session-dbbf58a51834-lifetime-10:***@rp.scrapegw.com:6060	ConnectionTimeoutError: Connection timeout to host https://discord.com/api/v9/unique-username/username-attempt-unauthed
2026-09-01 18:27:04	NETWORK	drjh	attempt=1	proxy=http://wiw4v7duaymysz9-session-995da78b0821-lifetime-10:***@rp.scrapegw.com:6060	ConnectionTimeoutError: Connection timeout to host https://discord.com/api/v9/unique-username/username-attempt-unauthed
2026-09-01 18:27:04	NETWORK	dqxz	attempt=1	proxy=http://wiw4v7duaymysz9-session-6ed599c2c917-lifetime-10:***@rp.scrapegw.com:6060	ConnectionTimeoutError: Connection timeout to host https://discord.com/api/v9/unique-username/username-attempt-unauthed
2026-09-01 18:27:04	NETWORK	dywc	attempt=1	proxy=http://wiw4v7duaymysz9-session-f01ca127b42f-lifetime-10:***@rp.scrapegw.com:6060	ClientConnectorError: Cannot connect to host discord.com:443 ssl:default [Connection reset by peer]
2026-09-01 18:27:05	NETWORK	dttk	attempt=1	proxy=http://wiw4v7duaymysz9-session-11707a3c8438-lifetime-10:***@rp.scrapegw.com:6060	ClientConnectorError: Cannot connect to host discord.com:443 ssl:default [Connection reset by peer]
2026-09-01 18:27:05	HTTP_429	edem	attempt=1	proxy=http://wiw4v7duaymysz9-session-c8c166ba79d7-lifetime-10:***@rp.scrapegw.com:6060	scope=shared global=False retry_after=1789.00s
2026-09-01 18:27:05	HTTP_429	edew	attempt=1	proxy=http://wiw4v7duaymysz9-session-3f474486d46b-lifetime-10:***@rp.scrapegw.com:6060	scope=shared global=False retry_after=369.00s
2026-09-01 18:27:05	HTTP_429	dqqn	attempt=1	proxy=http://wiw4v7duaymysz9-session-80fc72588f40-lifetime-10:***@rp.scrapegw.com:6060	scope=shared global=False retry_after=193.00s
2026-09-01 18:27:05	HTTP_429	edwu	attempt=1	proxy=http://wiw4v7duaymysz9-session-4addb5c12565-lifetime-10:***@rp.scrapegw.com:6060	scope=shared global=False retry_after=1610.00s
2026-09-01 18:27:05	NETWORK	dtit	attempt=1	proxy=http://wiw4v7duaymysz9-session-d34f4d4c8801-lifetime-10:***@rp.scrapegw.com:6060	ConnectionTimeoutError: Connection timeout to host https://discord.com/api/v9/unique-username/username-attempt-unauthed
2026-09-01 18:27:05	NETWORK	dros	attempt=1	proxy=http://wiw4v7duaymysz9-session-8592f289fa45-lifetime-10:***@rp.scrapegw.com:6060	ConnectionTimeoutError: Connection timeout to host https://discord.com/api/v9/unique-username/username-attempt-unauthed
2026-09-01 18:27:05	NETWORK	dttm	attempt=1	proxy=http://wiw4v7duaymysz9-session-8942bee412ae-lifetime-10:***@rp.scrapegw.com:6060	ConnectionTimeoutError: Connection timeout to host https://discord.com/api/v9/unique-username/username-attempt-unauthed
2026-09-01 18:27:05	NETWORK	dsph	attempt=1	proxy=http://wiw4v7duaymysz9-session-5ee5f4999246-lifetime-10:***@rp.scrapegw.com:6060	ConnectionTimeoutError: Connection timeout to host https://discord.com/api/v9/unique-username/username-attempt-unauthed
2026-09-01 18:27:05	NETWORK	dtrp	attempt=1	proxy=http://wiw4v7duaymysz9-session-238750207a4a-lifetime-10:***@rp.scrapegw.com:6060	ConnectionTimeoutError: Connection timeout to host https://discord.com/api/v9/unique-username/username-attempt-unauthed
2026-09-01 18:27:05	NETWORK	dtvi	attempt=1	proxy=http://wiw4v7duaymysz9-session-7ad81904be38-lifetime-10:***@rp.scrapegw.com:6060	ConnectionTimeoutError: Connection timeout to host https://discord.com/api/v9/unique-username/username-attempt-unauthed
2026-09-01 18:27:05	NETWORK	dtlv	attempt=1	proxy=http://wiw4v7duaymysz9-session-8257d36baa3d-lifetime-10:***@rp.scrapegw.com:6060	ConnectionTimeoutError: Connection timeout to host https://discord.com/api/v9/unique-username/username-attempt-unauthed
2026-09-01 18:27:05	NETWORK	dsqz	attempt=1	proxy=http://wiw4v7duaymysz9-session-5c423d83620d-lifetime-10:***@rp.scrapegw.com:6060	ConnectionTimeoutError: Connection timeout to host https://discord.com/api/v9/unique-username/username-attempt-unauthed
2026-09-01 18:27:05	NETWORK	dtov	attempt=1	proxy=http://wiw4v7duaymysz9-session-064f3051fb46-lifetime-10:***@rp.scrapegw.com:6060	ConnectionTimeoutError: Connection timeout to host https://discord.com/api/v9/unique-username/username-attempt-unauthed
2026-09-01 18:27:05	NETWORK	dtxd	attempt=1	proxy=http://wiw4v7duaymysz9-session-48631bb1eb76-lifetime-10:***@rp.scrapegw.com:6060	ConnectionTimeoutError: Connection timeout to host https://discord.com/api/v9/unique-username/username-attempt-unauthed
2026-09-01 18:27:05	NETWORK	dsof	attempt=1	proxy=http://wiw4v7duaymysz9-session-19267425af1e-lifetime-10:***@rp.scrapegw.com:6060	ConnectionTimeoutError: Connection timeout to host https://discord.com/api/v9/unique-username/username-attempt-unauthed
2026-09-01 18:27:05	NETWORK	dssr	attempt=1	proxy=http://wiw4v7duaymysz9-session-3cf4f1af3598-lifetime-10:***@rp.scrapegw.com:6060	ConnectionTimeoutError: Connection timeout to host https://discord.com/api/v9/unique-username/username-attempt-unauthed
2026-09-01 18:27:05	NETWORK	dsmt	attempt=1	proxy=http://wiw4v7duaymysz9-session-d7288c120d9a-lifetime-10:***@rp.scrapegw.com:6060	ConnectionTimeoutError: Connection timeout to host https://discord.com/api/v9/unique-username/username-attempt-unauthed
2026-09-01 18:27:05	NETWORK	dtxq	attempt=1	proxy=http://wiw4v7duaymysz9-session-18caddfbdbd9-lifetime-10:***@rp.scrapegw.com:6060	ConnectionTimeoutError: Connection timeout to host https://discord.com/api/v9/unique-username/username-attempt-unauthed
2026-09-01 18:27:05	NETWORK	dttz	attempt=1	proxy=http://wiw4v7duaymysz9-session-a9064e5d9f78-lifetime-10:***@rp.scrapegw.com:6060	ConnectionTimeoutError: Connection timeout to host https://discord.com/api/v9/unique-username/username-attempt-unauthed
2026-09-01 18:27:05	NETWORK	dtte	attempt=1	proxy=http://wiw4v7duaymysz9-session-47dbce8691f8-lifetime-10:***@rp.scrapegw.com:6060	ConnectionTimeoutError: Connection timeout to host https://discord.com/api/v9/unique-username/username-attempt-unauthed
2026-09-01 18:27:05	NETWORK	dtwn	attempt=1	proxy=http://wiw4v7duaymysz9-session-bd5a1e82ab91-lifetime-10:***@rp.scrapegw.com:6060	ConnectionTimeoutError: Connection timeout to host https://discord.com/api/v9/unique-username/username-attempt-unauthed
2026-09-01 18:27:05	NETWORK	dtfm	attempt=1	proxy=http://wiw4v7duaymysz9-session-a1694ef75359-lifetime-10:***@rp.scrapegw.com:6060	ConnectionTimeoutError: Connection timeout to host https://discord.com/api/v9/unique-username/username-attempt-unauthed
2026-09-01 18:27:05	NETWORK	dtve	attempt=1	proxy=http://wiw4v7duaymysz9-session-4d2b245a6560-lifetime-10:***@rp.scrapegw.com:6060	ConnectionTimeoutError: Connection timeout to host https://discord.com/api/v9/unique-username/username-attempt-unauthed
2026-09-01 18:27:05	NETWORK	dtks	attempt=1	proxy=http://wiw4v7duaymysz9-session-b6860bc43fcf-lifetime-10:***@rp.scrapegw.com:6060	ConnectionTimeoutError: Connection timeout to host https://discord.com/api/v9/unique-username/username-attempt-unauthed
2026-09-01 18:27:05	NETWORK	dsnn	attempt=1	proxy=http://wiw4v7duaymysz9-session-cbedc4c0e386-lifetime-10:***@rp.scrapegw.com:6060	ConnectionTimeoutError: Connection timeout to host https://discord.com/api/v9/unique-username/username-attempt-unauthed
2026-09-01 18:27:05	NETWORK	dtkt	attempt=1	proxy=http://wiw4v7duaymysz9-session-f81120691f57-lifetime-10:***@rp.scrapegw.com:6060	ConnectionTimeoutError: Connection timeout to host https://discord.com/api/v9/unique-username/username-attempt-unauthed
2026-09-01 18:27:05	NETWORK	dtih	attempt=1	proxy=http://wiw4v7duaymysz9-session-0d2f31e98770-lifetime-10:***@rp.scrapegw.com:6060	ConnectionTimeoutError: Connection timeout to host https://discord.com/api/v9/unique-username/username-attempt-unauthed
2026-09-01 18:27:05	NETWORK	dtob	attempt=1	proxy=http://wiw4v7duaymysz9-session-2ab3a219a348-lifetime-10:***@rp.scrapegw.com:6060	ConnectionTimeoutError: Connection timeout to host https://discord.com/api/v9/unique-username/username-attempt-unauthed
2026-09-01 18:27:05	NETWORK	dsdl	attempt=1	proxy=http://wiw4v7duaymysz9-session-44642f48f4d3-lifetime-10:***@rp.scrapegw.com:6060	ConnectionTimeoutError: Connection timeout to host https://discord.com/api/v9/unique-username/username-attempt-unauthed
2026-09-01 18:27:05	NETWORK	dtmw	attempt=1	proxy=http://wiw4v7duaymysz9-session-573250a7c50c-lifetime-10:***@rp.scrapegw.com:6060	ConnectionTimeoutError: Connection timeout to host https://discord.com/api/v9/unique-username/username-attempt-unauthed
2026-09-01 18:27:05	NETWORK	dtsq	attempt=1	proxy=http://wiw4v7duaymysz9-session-e2bf596e11e9-lifetime-10:***@rp.scrapegw.com:6060	ConnectionTimeoutError: Connection timeout to host https://discord.com/api/v9/unique-username/username-attempt-unauthed
2026-09-01 18:27:05	NETWORK	dsbl	attempt=1	proxy=http://wiw4v7duaymysz9-session-1d4ffdb6da18-lifetime-10:***@rp.scrapegw.com:6060	ConnectionTimeoutError: Connection timeout to host https://discord.com/api/v9/unique-username/username-attempt-unauthed
2026-09-01 18:27:05	NETWORK	dswm	attempt=1	proxy=http://wiw4v7duaymysz9-session-c28241501fa9-lifetime-10:***@rp.scrapegw.com:6060	ConnectionTimeoutError: Connection timeout to host https://discord.com/api/v9/unique-username/username-attempt-unauthed
2026-09-01 18:27:05	NETWORK	dtmb	attempt=1	proxy=http://wiw4v7duaymysz9-session-87178f11574f-lifetime-10:***@rp.scrapegw.com:6060	ConnectionTimeoutError: Connection timeout to host https://discord.com/api/v9/unique-username/username-attempt-unauthed
2026-09-01 18:27:05	NETWORK	dtem	attempt=1	proxy=http://wiw4v7duaymysz9-session-a892011f6405-lifetime-10:***@rp.scrapegw.com:6060	ConnectionTimeoutError: Connection timeout to host https://discord.com/api/v9/unique-username/username-attempt-unauthed
2026-09-01 18:27:05	NETWORK	dszd	attempt=1	proxy=http://wiw4v7duaymysz9-session-d802b3f7f859-lifetime-10:***@rp.scrapegw.com:6060	ConnectionTimeoutError: Connection timeout to host https://discord.com/api/v9/unique-username/username-attempt-unauthed
2026-09-01 18:27:05	NETWORK	dsyq	attempt=1	proxy=http://wiw4v7duaymysz9-session-6fa6802acea3-lifetime-10:***@rp.scrapegw.com:6060	ConnectionTimeoutError: Connection timeout to host https://discord.com/api/v9/unique-username/username-attempt-unauthed
2026-09-01 18:27:05	NETWORK	dsun	attempt=1	proxy=http://wiw4v7duaymysz9-session-aff65e495036-lifetime-10:***@rp.scrapegw.com:6060	ConnectionTimeoutError: Connection timeout to host https://discord.com/api/v9/unique-username/username-attempt-unauthed
2026-09-01 18:27:05	NETWORK	dtfn	attempt=1	proxy=http://wiw4v7duaymysz9-session-74d452a58f4f-lifetime-10:***@rp.scrapegw.com:6060	ConnectionTimeoutError: Connection timeout to host https://discord.com/api/v9/unique-username/username-attempt-unauthed
2026-09-01 18:27:05	NETWORK	dryy	attempt=1	proxy=http://wiw4v7duaymysz9-session-95ea56500578-lifetime-10:***@rp.scrapegw.com:6060	ConnectionTimeoutError: Connection timeout to host https://discord.com/api/v9/unique-username/username-attempt-unauthed
2026-09-01 18:27:05	NETWORK	drnz	attempt=1	proxy=http://wiw4v7duaymysz9-session-511e9542d3b2-lifetime-10:***@rp.scrapegw.com:6060	ConnectionTimeoutError: Connection timeout to host https://discord.com/api/v9/unique-username/username-attempt-unauthed
2026-09-01 18:27:05	NETWORK	dspg	attempt=1	proxy=http://wiw4v7duaymysz9-session-a090eddcc8ce-lifetime-10:***@rp.scrapegw.com:6060	ConnectionTimeoutError: Connection timeout to host https://discord.com/api/v9/unique-username/username-attempt-unauthed
2026-09-01 18:27:05	NETWORK	dslc	attempt=1	proxy=http://wiw4v7duaymysz9-session-156978b3633f-lifetime-10:***@rp.scrapegw.com:6060	ConnectionTimeoutError: Connection timeout to host https://discord.com/api/v9/unique-username/username-attempt-unauthed
2026-09-01 18:27:05	NETWORK	dsyr	attempt=1	proxy=http://wiw4v7duaymysz9-session-c287389ac571-lifetime-10:***@rp.scrapegw.com:6060	ConnectionTimeoutError: Connection timeout to host https://discord.com/api/v9/unique-username/username-attempt-unauthed
2026-09-01 18:27:05	NETWORK	drtl	attempt=1	proxy=http://wiw4v7duaymysz9-session-306a0fa68b24-lifetime-10:***@rp.scrapegw.com:6060	ConnectionTimeoutError: Connection timeout to host https://discord.com/api/v9/unique-username/username-attempt-unauthed
2026-09-01 18:27:05	NETWORK	drrb	attempt=1	proxy=http://wiw4v7duaymysz9-session-5c768d1d9823-lifetime-10:***@rp.scrapegw.com:6060	ConnectionTimeoutError: Connection timeout to host https://discord.com/api/v9/unique-username/username-attempt-unauthed
2026-09-01 18:27:05	NETWORK	dtrm	attempt=1	proxy=http://wiw4v7duaymysz9-session-e5158115737c-lifetime-10:***@rp.scrapegw.com:6060	ConnectionTimeoutError: Connection timeout to host https://discord.com/api/v9/unique-username/username-attempt-unauthed
2026-09-01 18:27:05	NETWORK	dsxg	attempt=1	proxy=http://wiw4v7duaymysz9-session-3b70a51063f8-lifetime-10:***@rp.scrapegw.com:6060	ConnectionTimeoutError: Connection timeout to host https://discord.com/api/v9/unique-username/username-attempt-unauthed
2026-09-01 18:27:05	NETWORK	dswd	attempt=1	proxy=http://wiw4v7duaymysz9-session-50358734f0c2-lifetime-10:***@rp.scrapegw.com:6060	ConnectionTimeoutError: Connection timeout to host https://discord.com/api/v9/unique-username/username-attempt-unauthed
2026-09-01 18:27:05	NETWORK	dtbh	attempt=1	proxy=http://wiw4v7duaymysz9-session-7de5c3bb685e-lifetime-10:***@rp.scrapegw.com:6060	ConnectionTimeoutError: Connection timeout to host https://discord.com/api/v9/unique-username/username-attempt-unauthed
2026-09-01 18:27:05	NETWORK	dtpl	attempt=1	proxy=http://wiw4v7duaymysz9-session-c5dd44d1b4ee-lifetime-10:***@rp.scrapegw.com:6060	ConnectionTimeoutError: Connection timeout to host https://discord.com/api/v9/unique-username/username-attempt-unauthed
2026-09-01 18:27:05	NETWORK	dtdj	attempt=1	proxy=http://wiw4v7duaymysz9-session-977a44382227-lifetime-10:***@rp.scrapegw.com:6060	ConnectionTimeoutError: Connection timeout to host https://discord.com/api/v9/unique-username/username-attempt-unauthed
2026-09-01 18:27:05	NETWORK	drzf	attempt=1	proxy=http://wiw4v7duaymysz9-session-d5049df2f561-lifetime-10:***@rp.scrapegw.com:6060	ConnectionTimeoutError: Connection timeout to host https://discord.com/api/v9/unique-username/username-attempt-unauthed
2026-09-01 18:27:05	NETWORK	dtwx	attempt=1	proxy=http://wiw4v7duaymysz9-session-23da3e7a7207-lifetime-10:***@rp.scrapegw.com:6060	ConnectionTimeoutError: Connection timeout to host https://discord.com/api/v9/unique-username/username-attempt-unauthed
2026-09-01 18:27:05	NETWORK	dtie	attempt=1	proxy=http://wiw4v7duaymysz9-session-083d3d0d4448-lifetime-10:***@rp.scrapegw.com:6060	ConnectionTimeoutError: Connection timeout to host https://discord.com/api/v9/unique-username/username-attempt-unauthed
2026-09-01 18:27:05	NETWORK	dtwp	attempt=1	proxy=http://wiw4v7duaymysz9-session-cf16235c9b3e-lifetime-10:***@rp.scrapegw.com:6060	ConnectionTimeoutError: Connection timeout to host https://discord.com/api/v9/unique-username/username-attempt-unauthed
2026-09-01 18:27:05	NETWORK	dsjz	attempt=1	proxy=http://wiw4v7duaymysz9-session-c3f26e190acd-lifetime-10:***@rp.scrapegw.com:6060	ConnectionTimeoutError: Connection timeout to host https://discord.com/api/v9/unique-username/username-attempt-unauthed
2026-09-01 18:27:05	NETWORK	drqe	attempt=1	proxy=http://wiw4v7duaymysz9-session-fb4a59c2e097-lifetime-10:***@rp.scrapegw.com:6060	ConnectionTimeoutError: Connection timeout to host https://discord.com/api/v9/unique-username/username-attempt-unauthed
2026-09-01 18:27:05	NETWORK	dthe	attempt=1	proxy=http://wiw4v7duaymysz9-session-e27bd774f658-lifetime-10:***@rp.scrapegw.com:6060	ConnectionTimeoutError: Connection timeout to host https://discord.com/api/v9/unique-username/username-attempt-unauthed
2026-09-01 18:27:05	NETWORK	dtsx	attempt=1	proxy=http://wiw4v7duaymysz9-session-10129f082819-lifetime-10:***@rp.scrapegw.com:6060	ConnectionTimeoutError: Connection timeout to host https://discord.com/api/v9/unique-username/username-attempt-unauthed
2026-09-01 18:27:05	NETWORK	drrk	attempt=1	proxy=http://wiw4v7duaymysz9-session-ff8941070677-lifetime-10:***@rp.scrapegw.com:6060	ConnectionTimeoutError: Connection timeout to host https://discord.com/api/v9/unique-username/username-attempt-unauthed
2026-09-01 18:27:05	NETWORK	dthg	attempt=1	proxy=http://wiw4v7duaymysz9-session-7e7cd6c7108e-lifetime-10:***@rp.scrapegw.com:6060	ConnectionTimeoutError: Connection timeout to host https://discord.com/api/v9/unique-username/username-attempt-unauthed
2026-09-01 18:27:05	NETWORK	dtxc	attempt=1	proxy=http://wiw4v7duaymysz9-session-84f3827746a0-lifetime-10:***@rp.scrapegw.com:6060	ConnectionTimeoutError: Connection timeout to host https://discord.com/api/v9/unique-username/username-attempt-unauthed
2026-09-01 18:27:05	NETWORK	dtuu	attempt=1	proxy=http://wiw4v7duaymysz9-session-a146dd139f1e-lifetime-10:***@rp.scrapegw.com:6060	ConnectionTimeoutError: Connection timeout to host https://discord.com/api/v9/unique-username/username-attempt-unauthed
2026-09-01 18:27:05	NETWORK	dtxb	attempt=1	proxy=http://wiw4v7duaymysz9-session-b7240d9f09ca-lifetime-10:***@rp.scrapegw.com:6060	ConnectionTimeoutError: Connection timeout to host https://discord.com/api/v9/unique-username/username-attempt-unauthed
2026-09-01 18:27:05	NETWORK	dscv	attempt=1	proxy=http://wiw4v7duaymysz9-session-4e71f3ca2656-lifetime-10:***@rp.scrapegw.com:6060	ConnectionTimeoutError: Connection timeout to host https://discord.com/api/v9/unique-username/username-attempt-unauthed
2026-09-01 18:27:05	NETWORK	drzd	attempt=1	proxy=http://wiw4v7duaymysz9-session-3c3bda404515-lifetime-10:***@rp.scrapegw.com:6060	ConnectionTimeoutError: Connection timeout to host https://discord.com/api/v9/unique-username/username-attempt-unauthed
2026-09-01 18:27:05	NETWORK	dtvy	attempt=1	proxy=http://wiw4v7duaymysz9-session-1565227eddbc-lifetime-10:***@rp.scrapegw.com:6060	ConnectionTimeoutError: Connection timeout to host https://discord.com/api/v9/unique-username/username-attempt-unauthed
2026-09-01 18:27:05	NETWORK	dtxn	attempt=1	proxy=http://wiw4v7duaymysz9-session-de1dbf9ac8dd-lifetime-10:***@rp.scrapegw.com:6060	ConnectionTimeoutError: Connection timeout to host https://discord.com/api/v9/unique-username/username-attempt-unauthed
2026-09-01 18:27:05	NETWORK	drtk	attempt=1	proxy=http://wiw4v7duaymysz9-session-59dcc3b2b5b8-lifetime-10:***@rp.scrapegw.com:6060	ConnectionTimeoutError: Connection timeout to host https://discord.com/api/v9/unique-username/username-attempt-unauthed
2026-09-01 18:27:05	NETWORK	dsbi	attempt=1	proxy=http://wiw4v7duaymysz9-session-fa3c26c531f1-lifetime-10:***@rp.scrapegw.com:6060	ConnectionTimeoutError: Connection timeout to host https://discord.com/api/v9/unique-username/username-attempt-unauthed
2026-09-01 18:27:05	NETWORK	dtfy	attempt=1	proxy=http://wiw4v7duaymysz9-session-b1f6621328de-lifetime-10:***@rp.scrapegw.com:6060	ConnectionTimeoutError: Connection timeout to host https://discord.com/api/v9/unique-username/username-attempt-unauthed
2026-09-01 18:27:05	NETWORK	dtph	attempt=1	proxy=http://wiw4v7duaymysz9-session-0485db344a84-lifetime-10:***@rp.scrapegw.com:6060	ConnectionTimeoutError: Connection timeout to host https://discord.com/api/v9/unique-username/username-attempt-unauthed
2026-09-01 18:27:05	NETWORK	dtrw	attempt=1	proxy=http://wiw4v7duaymysz9-session-d64fcb212314-lifetime-10:***@rp.scrapegw.com:6060	ConnectionTimeoutError: Connection timeout to host https://discord.com/api/v9/unique-username/username-attempt-unauthed
2026-09-01 18:27:05	NETWORK	dtko	attempt=1	proxy=http://wiw4v7duaymysz9-session-218fe6d07151-lifetime-10:***@rp.scrapegw.com:6060	ConnectionTimeoutError: Connection timeout to host https://discord.com/api/v9/unique-username/username-attempt-unauthed
2026-09-01 18:27:05	NETWORK	drwi	attempt=1	proxy=http://wiw4v7duaymysz9-session-4f1f793915a5-lifetime-10:***@rp.scrapegw.com:6060	ConnectionTimeoutError: Connection timeout to host https://discord.com/api/v9/unique-username/username-attempt-unauthed
2026-09-01 18:27:05	NETWORK	dwsc	attempt=1	proxy=http://wiw4v7duaymysz9-session-eb3877276325-lifetime-10:***@rp.scrapegw.com:6060	ClientConnectorError: Cannot connect to host discord.com:443 ssl:default [Connection reset by peer]
2026-09-01 18:27:06	HTTP_429	eelu	attempt=1	proxy=http://wiw4v7duaymysz9-session-dba1db1df718-lifetime-10:***@rp.scrapegw.com:6060	scope=shared global=False retry_after=716.00s
2026-09-01 18:27:06	NETWORK	dzxx	attempt=1	proxy=http://wiw4v7duaymysz9-session-9bdffb86ffc2-lifetime-10:***@rp.scrapegw.com:6060	ClientConnectorError: Cannot connect to host discord.com:443 ssl:default [Connection reset by peer]
2026-09-01 18:27:06	HTTP_429	eenu	attempt=1	proxy=http://wiw4v7duaymysz9-session-978bcb5e9af8-lifetime-10:***@rp.scrapegw.com:6060	scope=shared global=False retry_after=1614.00s
2026-09-01 18:27:06	HTTP_429	eetf	attempt=1	proxy=http://wiw4v7duaymysz9-session-c14e922dbffe-lifetime-10:***@rp.scrapegw.com:6060	scope=shared global=False retry_after=1211.00s
2026-09-01 18:27:06	NETWORK	dvjp	attempt=1	proxy=http://wiw4v7duaymysz9-session-3b2bfad439cd-lifetime-10:***@rp.scrapegw.com:6060	ConnectionTimeoutError: Connection timeout to host https://discord.com/api/v9/unique-username/username-attempt-unauthed
2026-09-01 18:27:06	NETWORK	dvpu	attempt=1	proxy=http://wiw4v7duaymysz9-session-dfb0e9d89e57-lifetime-10:***@rp.scrapegw.com:6060	ConnectionTimeoutError: Connection timeout to host https://discord.com/api/v9/unique-username/username-attempt-unauthed
2026-09-01 18:27:06	NETWORK	dviu	attempt=1	proxy=http://wiw4v7duaymysz9-session-d3e6f9360c05-lifetime-10:***@rp.scrapegw.com:6060	ConnectionTimeoutError: Connection timeout to host https://discord.com/api/v9/unique-username/username-attempt-unauthed
2026-09-01 18:27:06	NETWORK	dvil	attempt=1	proxy=http://wiw4v7duaymysz9-session-b5886a990419-lifetime-10:***@rp.scrapegw.com:6060	ConnectionTimeoutError: Connection timeout to host https://discord.com/api/v9/unique-username/username-attempt-unauthed
2026-09-01 18:27:06	NETWORK	dvig	attempt=1	proxy=http://wiw4v7duaymysz9-session-44fa5d645f3a-lifetime-10:***@rp.scrapegw.com:6060	ConnectionTimeoutError: Connection timeout to host https://discord.com/api/v9/unique-username/username-attempt-unauthed
2026-09-01 18:27:06	NETWORK	dvct	attempt=1	proxy=http://wiw4v7duaymysz9-session-8cad5d8db580-lifetime-10:***@rp.scrapegw.com:6060	ConnectionTimeoutError: Connection timeout to host https://discord.com/api/v9/unique-username/username-attempt-unauthed
2026-09-01 18:27:06	NETWORK	dvcv	attempt=1	proxy=http://wiw4v7duaymysz9-session-0563873fbc9c-lifetime-10:***@rp.scrapegw.com:6060	ConnectionTimeoutError: Connection timeout to host https://discord.com/api/v9/unique-username/username-attempt-unauthed
2026-09-01 18:27:06	NETWORK	duzr	attempt=1	proxy=http://wiw4v7duaymysz9-session-672a2380862a-lifetime-10:***@rp.scrapegw.com:6060	ConnectionTimeoutError: Connection timeout to host https://discord.com/api/v9/unique-username/username-attempt-unauthed
2026-09-01 18:27:06	NETWORK	duym	attempt=1	proxy=http://wiw4v7duaymysz9-session-7ac84b4b16ed-lifetime-10:***@rp.scrapegw.com:6060	ConnectionTimeoutError: Connection timeout to host https://discord.com/api/v9/unique-username/username-attempt-unauthed
2026-09-01 18:27:06	NETWORK	dvqe	attempt=1	proxy=http://wiw4v7duaymysz9-session-39cb19596bc3-lifetime-10:***@rp.scrapegw.com:6060	ConnectionTimeoutError: Connection timeout to host https://discord.com/api/v9/unique-username/username-attempt-unauthed
2026-09-01 18:27:06	NETWORK	duxr	attempt=1	proxy=http://wiw4v7duaymysz9-session-6e89687f42c0-lifetime-10:***@rp.scrapegw.com:6060	ConnectionTimeoutError: Connection timeout to host https://discord.com/api/v9/unique-username/username-attempt-unauthed
2026-09-01 18:27:06	NETWORK	dvdq	attempt=1	proxy=http://wiw4v7duaymysz9-session-1d59206d37b6-lifetime-10:***@rp.scrapegw.com:6060	ConnectionTimeoutError: Connection timeout to host https://discord.com/api/v9/unique-username/username-attempt-unauthed
2026-09-01 18:27:06	NETWORK	dvjk	attempt=1	proxy=http://wiw4v7duaymysz9-session-65c395671c9e-lifetime-10:***@rp.scrapegw.com:6060	ConnectionTimeoutError: Connection timeout to host https://discord.com/api/v9/unique-username/username-attempt-unauthed
2026-09-01 18:27:06	NETWORK	dupm	attempt=1	proxy=http://wiw4v7duaymysz9-session-6ab2648a8dab-lifetime-10:***@rp.scrapegw.com:6060	ConnectionTimeoutError: Connection timeout to host https://discord.com/api/v9/unique-username/username-attempt-unauthed
2026-09-01 18:27:06	NETWORK	dvkl	attempt=1	proxy=http://wiw4v7duaymysz9-session-fc662b6f2149-lifetime-10:***@rp.scrapegw.com:6060	ConnectionTimeoutError: Connection timeout to host https://discord.com/api/v9/unique-username/username-attempt-unauthed
2026-09-01 18:27:06	NETWORK	dvcq	attempt=1	proxy=http://wiw4v7duaymysz9-session-a335c00a94a6-lifetime-10:***@rp.scrapegw.com:6060	ConnectionTimeoutError: Connection timeout to host https://discord.com/api/v9/unique-username/username-attempt-unauthed
2026-09-01 18:27:06	NETWORK	duof	attempt=1	proxy=http://wiw4v7duaymysz9-session-789112708041-lifetime-10:***@rp.scrapegw.com:6060	ConnectionTimeoutError: Connection timeout to host https://discord.com/api/v9/unique-username/username-attempt-unauthed
2026-09-01 18:27:06	NETWORK	dvin	attempt=1	proxy=http://wiw4v7duaymysz9-session-82e382e19816-lifetime-10:***@rp.scrapegw.com:6060	ConnectionTimeoutError: Connection timeout to host https://discord.com/api/v9/unique-username/username-attempt-unauthed
2026-09-01 18:27:06	NETWORK	dvns	attempt=1	proxy=http://wiw4v7duaymysz9-session-665b4d56d509-lifetime-10:***@rp.scrapegw.com:6060	ConnectionTimeoutError: Connection timeout to host https://discord.com/api/v9/unique-username/username-attempt-unauthed
2026-09-01 18:27:06	NETWORK	dvip	attempt=1	proxy=http://wiw4v7duaymysz9-session-dc9fa04a7300-lifetime-10:***@rp.scrapegw.com:6060	ConnectionTimeoutError: Connection timeout to host https://discord.com/api/v9/unique-username/username-attempt-unauthed
2026-09-01 18:27:06	NETWORK	dutd	attempt=1	proxy=http://wiw4v7duaymysz9-session-fe58e7b53639-lifetime-10:***@rp.scrapegw.com:6060	ConnectionTimeoutError: Connection timeout to host https://discord.com/api/v9/unique-username/username-attempt-unauthed
2026-09-01 18:27:06	NETWORK	dvmz	attempt=1	proxy=http://wiw4v7duaymysz9-session-e2a3ce329526-lifetime-10:***@rp.scrapegw.com:6060	ConnectionTimeoutError: Connection timeout to host https://discord.com/api/v9/unique-username/username-attempt-unauthed
2026-09-01 18:27:06	NETWORK	dvcg	attempt=1	proxy=http://wiw4v7duaymysz9-session-4d4e6fb577d8-lifetime-10:***@rp.scrapegw.com:6060	ConnectionTimeoutError: Connection timeout to host https://discord.com/api/v9/unique-username/username-attempt-unauthed
2026-09-01 18:27:06	NETWORK	duwz	attempt=1	proxy=http://wiw4v7duaymysz9-session-9eff08b5b3ff-lifetime-10:***@rp.scrapegw.com:6060	ConnectionTimeoutError: Connection timeout to host https://discord.com/api/v9/unique-username/username-attempt-unauthed
2026-09-01 18:27:06	NETWORK	dumu	attempt=1	proxy=http://wiw4v7duaymysz9-session-302bcc30cacb-lifetime-10:***@rp.scrapegw.com:6060	ConnectionTimeoutError: Connection timeout to host https://discord.com/api/v9/unique-username/username-attempt-unauthed
2026-09-01 18:27:06	NETWORK	dvhv	attempt=1	proxy=http://wiw4v7duaymysz9-session-76355a66e0d4-lifetime-10:***@rp.scrapegw.com:6060	ConnectionTimeoutError: Connection timeout to host https://discord.com/api/v9/unique-username/username-attempt-unauthed
2026-09-01 18:27:06	NETWORK	duie	attempt=1	proxy=http://wiw4v7duaymysz9-session-5755b634b7be-lifetime-10:***@rp.scrapegw.com:6060	ConnectionTimeoutError: Connection timeout to host https://discord.com/api/v9/unique-username/username-attempt-unauthed
2026-09-01 18:27:06	NETWORK	dugr	attempt=1	proxy=http://wiw4v7duaymysz9-session-19e36bce642c-lifetime-10:***@rp.scrapegw.com:6060	ConnectionTimeoutError: Connection timeout to host https://discord.com/api/v9/unique-username/username-attempt-unauthed
2026-09-01 18:27:06	NETWORK	dvou	attempt=1	proxy=http://wiw4v7duaymysz9-session-8534e41eb8e8-lifetime-10:***@rp.scrapegw.com:6060	ConnectionTimeoutError: Connection timeout to host https://discord.com/api/v9/unique-username/username-attempt-unauthed
2026-09-01 18:27:06	NETWORK	dugf	attempt=1	proxy=http://wiw4v7duaymysz9-session-3cbee86319ae-lifetime-10:***@rp.scrapegw.com:6060	ConnectionTimeoutError: Connection timeout to host https://discord.com/api/v9/unique-username/username-attempt-unauthed
2026-09-01 18:27:06	NETWORK	dvhf	attempt=1	proxy=http://wiw4v7duaymysz9-session-ccf79bf70f39-lifetime-10:***@rp.scrapegw.com:6060	ConnectionTimeoutError: Connection timeout to host https://discord.com/api/v9/unique-username/username-attempt-unauthed
2026-09-01 18:27:06	NETWORK	dufi	attempt=1	proxy=http://wiw4v7duaymysz9-session-9b0d2a57bddf-lifetime-10:***@rp.scrapegw.com:6060	ConnectionTimeoutError: Connection timeout to host https://discord.com/api/v9/unique-username/username-attempt-unauthed
2026-09-01 18:27:06	NETWORK	dver	attempt=1	proxy=http://wiw4v7duaymysz9-session-23a9600dce81-lifetime-10:***@rp.scrapegw.com:6060	ConnectionTimeoutError: Connection timeout to host https://discord.com/api/v9/unique-username/username-attempt-unauthed
2026-09-01 18:27:06	NETWORK	dunu	attempt=1	proxy=http://wiw4v7duaymysz9-session-42723fece55d-lifetime-10:***@rp.scrapegw.com:6060	ConnectionTimeoutError: Connection timeout to host https://discord.com/api/v9/unique-username/username-attempt-unauthed
2026-09-01 18:27:06	NETWORK	dvas	attempt=1	proxy=http://wiw4v7duaymysz9-session-2bc3212b2fac-lifetime-10:***@rp.scrapegw.com:6060	ConnectionTimeoutError: Connection timeout to host https://discord.com/api/v9/unique-username/username-attempt-unauthed
2026-09-01 18:27:06	NETWORK	duvb	attempt=1	proxy=http://wiw4v7duaymysz9-session-7acdaa273c28-lifetime-10:***@rp.scrapegw.com:6060	ConnectionTimeoutError: Connection timeout to host https://discord.com/api/v9/unique-username/username-attempt-unauthed
2026-09-01 18:27:06	NETWORK	dtyk	attempt=1	proxy=http://wiw4v7duaymysz9-session-808157ba3d04-lifetime-10:***@rp.scrapegw.com:6060	ConnectionTimeoutError: Connection timeout to host https://discord.com/api/v9/unique-username/username-attempt-unauthed
2026-09-01 18:27:06	NETWORK	dugd	attempt=1	proxy=http://wiw4v7duaymysz9-session-043faab5a520-lifetime-10:***@rp.scrapegw.com:6060	ConnectionTimeoutError: Connection timeout to host https://discord.com/api/v9/unique-username/username-attempt-unauthed
2026-09-01 18:27:06	NETWORK	dvdm	attempt=1	proxy=http://wiw4v7duaymysz9-session-0710792c3e1e-lifetime-10:***@rp.scrapegw.com:6060	ConnectionTimeoutError: Connection timeout to host https://discord.com/api/v9/unique-username/username-attempt-unauthed
2026-09-01 18:27:06	NETWORK	duxg	attempt=1	proxy=http://wiw4v7duaymysz9-session-59ebfd685439-lifetime-10:***@rp.scrapegw.com:6060	ConnectionTimeoutError: Connection timeout to host https://discord.com/api/v9/unique-username/username-attempt-unauthed
2026-09-01 18:27:06	NETWORK	duta	attempt=1	proxy=http://wiw4v7duaymysz9-session-0562c64e5044-lifetime-10:***@rp.scrapegw.com:6060	ConnectionTimeoutError: Connection timeout to host https://discord.com/api/v9/unique-username/username-attempt-unauthed
2026-09-01 18:27:06	NETWORK	dudd	attempt=1	proxy=http://wiw4v7duaymysz9-session-3810981b7345-lifetime-10:***@rp.scrapegw.com:6060	ConnectionTimeoutError: Connection timeout to host https://discord.com/api/v9/unique-username/username-attempt-unauthed
2026-09-01 18:27:06	NETWORK	ducc	attempt=1	proxy=http://wiw4v7duaymysz9-session-d3b06bbf1a2c-lifetime-10:***@rp.scrapegw.com:6060	ConnectionTimeoutError: Connection timeout to host https://discord.com/api/v9/unique-username/username-attempt-unauthed
2026-09-01 18:27:06	NETWORK	duqf	attempt=1	proxy=http://wiw4v7duaymysz9-session-0310daabcc18-lifetime-10:***@rp.scrapegw.com:6060	ConnectionTimeoutError: Connection timeout to host https://discord.com/api/v9/unique-username/username-attempt-unauthed
2026-09-01 18:27:06	NETWORK	duav	attempt=1	proxy=http://wiw4v7duaymysz9-session-9e6a5566fedc-lifetime-10:***@rp.scrapegw.com:6060	ConnectionTimeoutError: Connection timeout to host https://discord.com/api/v9/unique-username/username-attempt-unauthed
2026-09-01 18:27:06	NETWORK	dupa	attempt=1	proxy=http://wiw4v7duaymysz9-session-97a5cf2ea282-lifetime-10:***@rp.scrapegw.com:6060	ConnectionTimeoutError: Connection timeout to host https://discord.com/api/v9/unique-username/username-attempt-unauthed
2026-09-01 18:27:06	NETWORK	duoj	attempt=1	proxy=http://wiw4v7duaymysz9-session-04265c8addf5-lifetime-10:***@rp.scrapegw.com:6060	ConnectionTimeoutError: Connection timeout to host https://discord.com/api/v9/unique-username/username-attempt-unauthed
2026-09-01 18:27:06	NETWORK	dulg	attempt=1	proxy=http://wiw4v7duaymysz9-session-9bce80b3976c-lifetime-10:***@rp.scrapegw.com:6060	ConnectionTimeoutError: Connection timeout to host https://discord.com/api/v9/unique-username/username-attempt-unauthed
2026-09-01 18:27:06	NETWORK	dufp	attempt=1	proxy=http://wiw4v7duaymysz9-session-5468490f3f93-lifetime-10:***@rp.scrapegw.com:6060	ConnectionTimeoutError: Connection timeout to host https://discord.com/api/v9/unique-username/username-attempt-unauthed
2026-09-01 18:27:06	NETWORK	dtzo	attempt=1	proxy=http://wiw4v7duaymysz9-session-a80284b385dc-lifetime-10:***@rp.scrapegw.com:6060	ConnectionTimeoutError: Connection timeout to host https://discord.com/api/v9/unique-username/username-attempt-unauthed
2026-09-01 18:27:06	NETWORK	dzbn	attempt=1	proxy=http://wiw4v7duaymysz9-session-083d3d0d4448-lifetime-10:***@rp.scrapegw.com:6060	ClientConnectorError: Cannot connect to host discord.com:443 ssl:default [Connection reset by peer]
2026-09-01 18:27:07	HTTP_429	efuw	attempt=1	proxy=http://wiw4v7duaymysz9-session-c439d94e0108-lifetime-10:***@rp.scrapegw.com:6060	scope=shared global=False retry_after=620.00s
2026-09-01 18:27:07	HTTP_429	egha	attempt=1	proxy=http://wiw4v7duaymysz9-session-85a50792d455-lifetime-10:***@rp.scrapegw.com:6060	scope=shared global=False retry_after=983.00s
2026-09-01 18:27:07	NETWORK	dvrp	attempt=1	proxy=http://wiw4v7duaymysz9-session-3f9c4e5b6d79-lifetime-10:***@rp.scrapegw.com:6060	ClientConnectorError: Cannot connect to host discord.com:443 ssl:default [Connection reset by peer]
2026-09-01 18:27:07	HTTP_429	egid	attempt=1	proxy=http://wiw4v7duaymysz9-session-6193f4f2b977-lifetime-10:***@rp.scrapegw.com:6060	scope=shared global=False retry_after=217.00s
2026-09-01 18:27:07	NETWORK	dwcg	attempt=1	proxy=http://wiw4v7duaymysz9-session-25d228799180-lifetime-10:***@rp.scrapegw.com:6060	ClientConnectorError: Cannot connect to host discord.com:443 ssl:default [Connection reset by peer]
2026-09-01 18:27:07	NETWORK	dvum	attempt=1	proxy=http://wiw4v7duaymysz9-session-655403d5e4a7-lifetime-10:***@rp.scrapegw.com:6060	ClientConnectorError: Cannot connect to host discord.com:443 ssl:default [Connection reset by peer]
2026-09-01 18:27:07	NETWORK	dwpf	attempt=1	proxy=http://wiw4v7duaymysz9-session-a438cf1949f8-lifetime-10:***@rp.scrapegw.com:6060	ConnectionTimeoutError: Connection timeout to host https://discord.com/api/v9/unique-username/username-attempt-unauthed
2026-09-01 18:27:07	NETWORK	dwif	attempt=1	proxy=http://wiw4v7duaymysz9-session-f18094659cf1-lifetime-10:***@rp.scrapegw.com:6060	ConnectionTimeoutError: Connection timeout to host https://discord.com/api/v9/unique-username/username-attempt-unauthed
2026-09-01 18:27:07	NETWORK	dwnm	attempt=1	proxy=http://wiw4v7duaymysz9-session-2eee9d9b1df4-lifetime-10:***@rp.scrapegw.com:6060	ConnectionTimeoutError: Connection timeout to host https://discord.com/api/v9/unique-username/username-attempt-unauthed
2026-09-01 18:27:07	NETWORK	dwbz	attempt=1	proxy=http://wiw4v7duaymysz9-session-18c1b38ea5da-lifetime-10:***@rp.scrapegw.com:6060	ConnectionTimeoutError: Connection timeout to host https://discord.com/api/v9/unique-username/username-attempt-unauthed
2026-09-01 18:27:07	NETWORK	dvrx	attempt=1	proxy=http://wiw4v7duaymysz9-session-c439d94e0108-lifetime-10:***@rp.scrapegw.com:6060	ConnectionTimeoutError: Connection timeout to host https://discord.com/api/v9/unique-username/username-attempt-unauthed
2026-09-01 18:27:07	NETWORK	dwta	attempt=1	proxy=http://wiw4v7duaymysz9-session-d35d67899f21-lifetime-10:***@rp.scrapegw.com:6060	ConnectionTimeoutError: Connection timeout to host https://discord.com/api/v9/unique-username/username-attempt-unauthed
2026-09-01 18:27:07	NETWORK	dvwn	attempt=1	proxy=http://wiw4v7duaymysz9-session-0251d029d95f-lifetime-10:***@rp.scrapegw.com:6060	ConnectionTimeoutError: Connection timeout to host https://discord.com/api/v9/unique-username/username-attempt-unauthed
2026-09-01 18:27:07	NETWORK	dwjh	attempt=1	proxy=http://wiw4v7duaymysz9-session-3544e758f2de-lifetime-10:***@rp.scrapegw.com:6060	ConnectionTimeoutError: Connection timeout to host https://discord.com/api/v9/unique-username/username-attempt-unauthed
2026-09-01 18:27:07	NETWORK	dwld	attempt=1	proxy=http://wiw4v7duaymysz9-session-1fcb20951154-lifetime-10:***@rp.scrapegw.com:6060	ConnectionTimeoutError: Connection timeout to host https://discord.com/api/v9/unique-username/username-attempt-unauthed
2026-09-01 18:27:07	NETWORK	dwhg	attempt=1	proxy=http://wiw4v7duaymysz9-session-2e0f88795116-lifetime-10:***@rp.scrapegw.com:6060	ConnectionTimeoutError: Connection timeout to host https://discord.com/api/v9/unique-username/username-attempt-unauthed
2026-09-01 18:27:07	NETWORK	dwae	attempt=1	proxy=http://wiw4v7duaymysz9-session-04f1296c2a61-lifetime-10:***@rp.scrapegw.com:6060	ConnectionTimeoutError: Connection timeout to host https://discord.com/api/v9/unique-username/username-attempt-unauthed
2026-09-01 18:27:07	NETWORK	dwca	attempt=1	proxy=http://wiw4v7duaymysz9-session-bcc0d05c662b-lifetime-10:***@rp.scrapegw.com:6060	ConnectionTimeoutError: Connection timeout to host https://discord.com/api/v9/unique-username/username-attempt-unauthed
2026-09-01 18:27:07	NETWORK	dvrz	attempt=1	proxy=http://wiw4v7duaymysz9-session-9b1b64b7c4a7-lifetime-10:***@rp.scrapegw.com:6060	ConnectionTimeoutError: Connection timeout to host https://discord.com/api/v9/unique-username/username-attempt-unauthed
2026-09-01 18:27:07	NETWORK	dwdr	attempt=1	proxy=http://wiw4v7duaymysz9-session-dfe71593ec1a-lifetime-10:***@rp.scrapegw.com:6060	ConnectionTimeoutError: Connection timeout to host https://discord.com/api/v9/unique-username/username-attempt-unauthed
2026-09-01 18:27:07	NETWORK	dwth	attempt=1	proxy=http://wiw4v7duaymysz9-session-f5005b7e5c17-lifetime-10:***@rp.scrapegw.com:6060	ConnectionTimeoutError: Connection timeout to host https://discord.com/api/v9/unique-username/username-attempt-unauthed
2026-09-01 18:27:07	NETWORK	dwey	attempt=1	proxy=http://wiw4v7duaymysz9-session-5a61f6edbc1d-lifetime-10:***@rp.scrapegw.com:6060	ConnectionTimeoutError: Connection timeout to host https://discord.com/api/v9/unique-username/username-attempt-unauthed
2026-09-01 18:27:07	NETWORK	dwfs	attempt=1	proxy=http://wiw4v7duaymysz9-session-72e147e1648c-lifetime-10:***@rp.scrapegw.com:6060	ConnectionTimeoutError: Connection timeout to host https://discord.com/api/v9/unique-username/username-attempt-unauthed
2026-09-01 18:27:07	NETWORK	dwcp	attempt=1	proxy=http://wiw4v7duaymysz9-session-ce5d848f530d-lifetime-10:***@rp.scrapegw.com:6060	ConnectionTimeoutError: Connection timeout to host https://discord.com/api/v9/unique-username/username-attempt-unauthed
2026-09-01 18:27:07	NETWORK	dwpj	attempt=1	proxy=http://wiw4v7duaymysz9-session-de8bedb7d15d-lifetime-10:***@rp.scrapegw.com:6060	ConnectionTimeoutError: Connection timeout to host https://discord.com/api/v9/unique-username/username-attempt-unauthed
2026-09-01 18:27:07	NETWORK	dwte	attempt=1	proxy=http://wiw4v7duaymysz9-session-54825df5da37-lifetime-10:***@rp.scrapegw.com:6060	ConnectionTimeoutError: Connection timeout to host https://discord.com/api/v9/unique-username/username-attempt-unauthed
2026-09-01 18:27:07	NETWORK	dwqt	attempt=1	proxy=http://wiw4v7duaymysz9-session-1f9c51c29f7b-lifetime-10:***@rp.scrapegw.com:6060	ConnectionTimeoutError: Connection timeout to host https://discord.com/api/v9/unique-username/username-attempt-unauthed
2026-09-01 18:27:07	NETWORK	dwom	attempt=1	proxy=http://wiw4v7duaymysz9-session-74e91968b88e-lifetime-10:***@rp.scrapegw.com:6060	ConnectionTimeoutError: Connection timeout to host https://discord.com/api/v9/unique-username/username-attempt-unauthed
2026-09-01 18:27:07	NETWORK	dwni	attempt=1	proxy=http://wiw4v7duaymysz9-session-2001422752fb-lifetime-10:***@rp.scrapegw.com:6060	ConnectionTimeoutError: Connection timeout to host https://discord.com/api/v9/unique-username/username-attempt-unauthed
2026-09-01 18:27:07	NETWORK	dwra	attempt=1	proxy=http://wiw4v7duaymysz9-session-e4ac0bc7067a-lifetime-10:***@rp.scrapegw.com:6060	ConnectionTimeoutError: Connection timeout to host https://discord.com/api/v9/unique-username/username-attempt-unauthed
2026-09-01 18:27:07	NETWORK	dwmd	attempt=1	proxy=http://wiw4v7duaymysz9-session-8c640a74d836-lifetime-10:***@rp.scrapegw.com:6060	ConnectionTimeoutError: Connection timeout to host https://discord.com/api/v9/unique-username/username-attempt-unauthed
2026-09-01 18:27:07	NETWORK	dwcz	attempt=1	proxy=http://wiw4v7duaymysz9-session-e02c99738481-lifetime-10:***@rp.scrapegw.com:6060	ConnectionTimeoutError: Connection timeout to host https://discord.com/api/v9/unique-username/username-attempt-unauthed
2026-09-01 18:27:07	NETWORK	dvzj	attempt=1	proxy=http://wiw4v7duaymysz9-session-fbb0a691f3ba-lifetime-10:***@rp.scrapegw.com:6060	ConnectionTimeoutError: Connection timeout to host https://discord.com/api/v9/unique-username/username-attempt-unauthed
2026-09-01 18:27:07	NETWORK	dwfu	attempt=1	proxy=http://wiw4v7duaymysz9-session-f5419852a319-lifetime-10:***@rp.scrapegw.com:6060	ConnectionTimeoutError: Connection timeout to host https://discord.com/api/v9/unique-username/username-attempt-unauthed
2026-09-01 18:27:07	NETWORK	dwgl	attempt=1	proxy=http://wiw4v7duaymysz9-session-8caa81c743bc-lifetime-10:***@rp.scrapegw.com:6060	ConnectionTimeoutError: Connection timeout to host https://discord.com/api/v9/unique-username/username-attempt-unauthed
2026-09-01 18:27:07	NETWORK	dvsu	attempt=1	proxy=http://wiw4v7duaymysz9-session-5a5b7a6a6e25-lifetime-10:***@rp.scrapegw.com:6060	ConnectionTimeoutError: Connection timeout to host https://discord.com/api/v9/unique-username/username-attempt-unauthed
2026-09-01 18:27:07	NETWORK	dvrt	attempt=1	proxy=http://wiw4v7duaymysz9-session-5e60904275b2-lifetime-10:***@rp.scrapegw.com:6060	ConnectionTimeoutError: Connection timeout to host https://discord.com/api/v9/unique-username/username-attempt-unauthed
2026-09-01 18:27:07	NETWORK	dvrk	attempt=1	proxy=http://wiw4v7duaymysz9-session-514094f6f6d6-lifetime-10:***@rp.scrapegw.com:6060	ConnectionTimeoutError: Connection timeout to host https://discord.com/api/v9/unique-username/username-attempt-unauthed
2026-09-01 18:27:07	NETWORK	dwrj	attempt=1	proxy=http://wiw4v7duaymysz9-session-da2d65ea2182-lifetime-10:***@rp.scrapegw.com:6060	ConnectionTimeoutError: Connection timeout to host https://discord.com/api/v9/unique-username/username-attempt-unauthed
2026-09-01 18:27:07	NETWORK	dwgc	attempt=1	proxy=http://wiw4v7duaymysz9-session-6df9950a09c6-lifetime-10:***@rp.scrapegw.com:6060	ConnectionTimeoutError: Connection timeout to host https://discord.com/api/v9/unique-username/username-attempt-unauthed
2026-09-01 18:27:07	NETWORK	dwfv	attempt=1	proxy=http://wiw4v7duaymysz9-session-556e84207269-lifetime-10:***@rp.scrapegw.com:6060	ConnectionTimeoutError: Connection timeout to host https://discord.com/api/v9/unique-username/username-attempt-unauthed
2026-09-01 18:27:07	HTTP_429	eefq	attempt=1	proxy=http://wiw4v7duaymysz9-session-f1b11db9cf17-lifetime-10:***@rp.scrapegw.com:6060	scope=shared global=False retry_after=1388.00s
2026-09-01 18:27:07	HTTP_429	egsj	attempt=1	proxy=http://wiw4v7duaymysz9-session-5db573a110d9-lifetime-10:***@rp.scrapegw.com:6060	scope=shared global=False retry_after=1058.00s
2026-09-01 18:27:07	NETWORK	dyqy	attempt=1	proxy=http://wiw4v7duaymysz9-session-cbedc4c0e386-lifetime-10:***@rp.scrapegw.com:6060	ClientConnectorError: Cannot connect to host discord.com:443 ssl:default [Connection reset by peer]
2026-09-01 18:27:08	HTTP_429	dzka	attempt=1	proxy=http://wiw4v7duaymysz9-session-dba1db1df718-lifetime-10:***@rp.scrapegw.com:6060	scope=shared global=False retry_after=714.00s
2026-09-01 18:27:08	NETWORK	dwvk	attempt=1	proxy=http://wiw4v7duaymysz9-session-e5fffddfd07b-lifetime-10:***@rp.scrapegw.com:6060	ClientConnectorError: Cannot connect to host discord.com:443 ssl:default [Connection reset by peer]
2026-09-01 18:27:08	NETWORK	dxoo	attempt=1	proxy=http://wiw4v7duaymysz9-session-be39f9069491-lifetime-10:***@rp.scrapegw.com:6060	ConnectionTimeoutError: Connection timeout to host https://discord.com/api/v9/unique-username/username-attempt-unauthed
2026-09-01 18:27:08	NETWORK	dxno	attempt=1	proxy=http://wiw4v7duaymysz9-session-77b9a1f39366-lifetime-10:***@rp.scrapegw.com:6060	ConnectionTimeoutError: Connection timeout to host https://discord.com/api/v9/unique-username/username-attempt-unauthed
2026-09-01 18:27:08	NETWORK	dxnr	attempt=1	proxy=http://wiw4v7duaymysz9-session-041e3b41204a-lifetime-10:***@rp.scrapegw.com:6060	ConnectionTimeoutError: Connection timeout to host https://discord.com/api/v9/unique-username/username-attempt-unauthed
2026-09-01 18:27:08	NETWORK	dxmu	attempt=1	proxy=http://wiw4v7duaymysz9-session-c45ab5f44a80-lifetime-10:***@rp.scrapegw.com:6060	ConnectionTimeoutError: Connection timeout to host https://discord.com/api/v9/unique-username/username-attempt-unauthed
2026-09-01 18:27:08	NETWORK	dxlr	attempt=1	proxy=http://wiw4v7duaymysz9-session-6cf65aaeff33-lifetime-10:***@rp.scrapegw.com:6060	ConnectionTimeoutError: Connection timeout to host https://discord.com/api/v9/unique-username/username-attempt-unauthed
2026-09-01 18:27:08	NETWORK	dxhq	attempt=1	proxy=http://wiw4v7duaymysz9-session-0f1e47f0046d-lifetime-10:***@rp.scrapegw.com:6060	ConnectionTimeoutError: Connection timeout to host https://discord.com/api/v9/unique-username/username-attempt-unauthed
2026-09-01 18:27:08	NETWORK	dxgd	attempt=1	proxy=http://wiw4v7duaymysz9-session-700c7063474d-lifetime-10:***@rp.scrapegw.com:6060	ConnectionTimeoutError: Connection timeout to host https://discord.com/api/v9/unique-username/username-attempt-unauthed
2026-09-01 18:27:08	NETWORK	dxle	attempt=1	proxy=http://wiw4v7duaymysz9-session-419d09c82565-lifetime-10:***@rp.scrapegw.com:6060	ConnectionTimeoutError: Connection timeout to host https://discord.com/api/v9/unique-username/username-attempt-unauthed
2026-09-01 18:27:08	NETWORK	dxdj	attempt=1	proxy=http://wiw4v7duaymysz9-session-400b0e0c9655-lifetime-10:***@rp.scrapegw.com:6060	ConnectionTimeoutError: Connection timeout to host https://discord.com/api/v9/unique-username/username-attempt-unauthed
2026-09-01 18:27:08	NETWORK	dxcj	attempt=1	proxy=http://wiw4v7duaymysz9-session-c8ce903eda2b-lifetime-10:***@rp.scrapegw.com:6060	ConnectionTimeoutError: Connection timeout to host https://discord.com/api/v9/unique-username/username-attempt-unauthed
2026-09-01 18:27:08	NETWORK	dwuu	attempt=1	proxy=http://wiw4v7duaymysz9-session-84bd11bd1952-lifetime-10:***@rp.scrapegw.com:6060	ConnectionTimeoutError: Connection timeout to host https://discord.com/api/v9/unique-username/username-attempt-unauthed
2026-09-01 18:27:08	NETWORK	dxpy	attempt=1	proxy=http://wiw4v7duaymysz9-session-84fac9c24e45-lifetime-10:***@rp.scrapegw.com:6060	ConnectionTimeoutError: Connection timeout to host https://discord.com/api/v9/unique-username/username-attempt-unauthed
2026-09-01 18:27:08	NETWORK	dwxp	attempt=1	proxy=http://wiw4v7duaymysz9-session-ddeba2209f6f-lifetime-10:***@rp.scrapegw.com:6060	ConnectionTimeoutError: Connection timeout to host https://discord.com/api/v9/unique-username/username-attempt-unauthed
2026-09-01 18:27:08	NETWORK	dwxq	attempt=1	proxy=http://wiw4v7duaymysz9-session-c5ceeacce615-lifetime-10:***@rp.scrapegw.com:6060	ConnectionTimeoutError: Connection timeout to host https://discord.com/api/v9/unique-username/username-attempt-unauthed
2026-09-01 18:27:08	NETWORK	dxcp	attempt=1	proxy=http://wiw4v7duaymysz9-session-80fc72588f40-lifetime-10:***@rp.scrapegw.com:6060	ConnectionTimeoutError: Connection timeout to host https://discord.com/api/v9/unique-username/username-attempt-unauthed
2026-09-01 18:27:08	NETWORK	dwwl	attempt=1	proxy=http://wiw4v7duaymysz9-session-b4767e6b29e8-lifetime-10:***@rp.scrapegw.com:6060	ConnectionTimeoutError: Connection timeout to host https://discord.com/api/v9/unique-username/username-attempt-unauthed
2026-09-01 18:27:08	NETWORK	dxoz	attempt=1	proxy=http://wiw4v7duaymysz9-session-085fe4964170-lifetime-10:***@rp.scrapegw.com:6060	ConnectionTimeoutError: Connection timeout to host https://discord.com/api/v9/unique-username/username-attempt-unauthed
2026-09-01 18:27:08	NETWORK	dxci	attempt=1	proxy=http://wiw4v7duaymysz9-session-0200725d5f03-lifetime-10:***@rp.scrapegw.com:6060	ConnectionTimeoutError: Connection timeout to host https://discord.com/api/v9/unique-username/username-attempt-unauthed
2026-09-01 18:27:08	NETWORK	dxlj	attempt=1	proxy=http://wiw4v7duaymysz9-session-7cf5586dd70f-lifetime-10:***@rp.scrapegw.com:6060	ConnectionTimeoutError: Connection timeout to host https://discord.com/api/v9/unique-username/username-attempt-unauthed
2026-09-01 18:27:08	NETWORK	dxha	attempt=1	proxy=http://wiw4v7duaymysz9-session-183f72b87658-lifetime-10:***@rp.scrapegw.com:6060	ConnectionTimeoutError: Connection timeout to host https://discord.com/api/v9/unique-username/username-attempt-unauthed
2026-09-01 18:27:08	NETWORK	dxox	attempt=1	proxy=http://wiw4v7duaymysz9-session-901eae497a7d-lifetime-10:***@rp.scrapegw.com:6060	ConnectionTimeoutError: Connection timeout to host https://discord.com/api/v9/unique-username/username-attempt-unauthed
2026-09-01 18:27:08	NETWORK	dxmc	attempt=1	proxy=http://wiw4v7duaymysz9-session-d011833c1f52-lifetime-10:***@rp.scrapegw.com:6060	ConnectionTimeoutError: Connection timeout to host https://discord.com/api/v9/unique-username/username-attempt-unauthed
2026-09-01 18:27:08	NETWORK	dxhg	attempt=1	proxy=http://wiw4v7duaymysz9-session-79cdf03c8d57-lifetime-10:***@rp.scrapegw.com:6060	ConnectionTimeoutError: Connection timeout to host https://discord.com/api/v9/unique-username/username-attempt-unauthed
2026-09-01 18:27:08	NETWORK	dxgt	attempt=1	proxy=http://wiw4v7duaymysz9-session-fafb09712aec-lifetime-10:***@rp.scrapegw.com:6060	ConnectionTimeoutError: Connection timeout to host https://discord.com/api/v9/unique-username/username-attempt-unauthed
2026-09-01 18:27:08	NETWORK	dzab	attempt=1	proxy=http://wiw4v7duaymysz9-session-e27bd774f658-lifetime-10:***@rp.scrapegw.com:6060	ClientConnectorError: Cannot connect to host discord.com:443 ssl:default [Connection reset by peer]
2026-09-01 18:27:09	NETWORK	dyhz	attempt=1	proxy=http://wiw4v7duaymysz9-session-e15da3257dd1-lifetime-10:***@rp.scrapegw.com:6060	ClientConnectorError: Cannot connect to host discord.com:443 ssl:default [Connection reset by peer]
2026-09-01 18:27:09	NETWORK	ecvz	attempt=1	proxy=http://wiw4v7duaymysz9-session-b066330bf95f-lifetime-10:***@rp.scrapegw.com:6060	ServerDisconnectedError: Server disconnected
2026-09-01 18:27:09	HTTP_429	ehpy	attempt=1	proxy=http://wiw4v7duaymysz9-session-a2d85c0d2d87-lifetime-10:***@rp.scrapegw.com:6060	scope=shared global=False retry_after=1998.00s
2026-09-01 18:27:09	HTTP_429	ehvk	attempt=1	proxy=http://wiw4v7duaymysz9-session-56392c760e31-lifetime-10:***@rp.scrapegw.com:6060	scope=shared global=False retry_after=1800.00s
2026-09-01 18:27:09	NETWORK	dymj	attempt=1	proxy=http://wiw4v7duaymysz9-session-8a5300ede103-lifetime-10:***@rp.scrapegw.com:6060	ConnectionTimeoutError: Connection timeout to host https://discord.com/api/v9/unique-username/username-attempt-unauthed
2026-09-01 18:27:09	NETWORK	dynq	attempt=1	proxy=http://wiw4v7duaymysz9-session-0c8a6b962b6d-lifetime-10:***@rp.scrapegw.com:6060	ConnectionTimeoutError: Connection timeout to host https://discord.com/api/v9/unique-username/username-attempt-unauthed
2026-09-01 18:27:09	NETWORK	dyle	attempt=1	proxy=http://wiw4v7duaymysz9-session-f3ddfea7b9af-lifetime-10:***@rp.scrapegw.com:6060	ConnectionTimeoutError: Connection timeout to host https://discord.com/api/v9/unique-username/username-attempt-unauthed
2026-09-01 18:27:09	NETWORK	dyfa	attempt=1	proxy=http://wiw4v7duaymysz9-session-95ea56500578-lifetime-10:***@rp.scrapegw.com:6060	ConnectionTimeoutError: Connection timeout to host https://discord.com/api/v9/unique-username/username-attempt-unauthed
2026-09-01 18:27:09	NETWORK	dycq	attempt=1	proxy=http://wiw4v7duaymysz9-session-c8c166ba79d7-lifetime-10:***@rp.scrapegw.com:6060	ConnectionTimeoutError: Connection timeout to host https://discord.com/api/v9/unique-username/username-attempt-unauthed
2026-09-01 18:27:09	NETWORK	dxqw	attempt=1	proxy=http://wiw4v7duaymysz9-session-bcf440b4871d-lifetime-10:***@rp.scrapegw.com:6060	ConnectionTimeoutError: Connection timeout to host https://discord.com/api/v9/unique-username/username-attempt-unauthed
2026-09-01 18:27:09	NETWORK	dxus	attempt=1	proxy=http://wiw4v7duaymysz9-session-e592a794789b-lifetime-10:***@rp.scrapegw.com:6060	ConnectionTimeoutError: Connection timeout to host https://discord.com/api/v9/unique-username/username-attempt-unauthed
2026-09-01 18:27:09	NETWORK	dxwv	attempt=1	proxy=http://wiw4v7duaymysz9-session-8592f289fa45-lifetime-10:***@rp.scrapegw.com:6060	ConnectionTimeoutError: Connection timeout to host https://discord.com/api/v9/unique-username/username-attempt-unauthed
2026-09-01 18:27:09	NETWORK	dxvi	attempt=1	proxy=http://wiw4v7duaymysz9-session-49cef93d649d-lifetime-10:***@rp.scrapegw.com:6060	ConnectionTimeoutError: Connection timeout to host https://discord.com/api/v9/unique-username/username-attempt-unauthed
2026-09-01 18:27:09	NETWORK	dyfz	attempt=1	proxy=http://wiw4v7duaymysz9-session-d5049df2f561-lifetime-10:***@rp.scrapegw.com:6060	ConnectionTimeoutError: Connection timeout to host https://discord.com/api/v9/unique-username/username-attempt-unauthed
2026-09-01 18:27:09	NETWORK	dxwp	attempt=1	proxy=http://wiw4v7duaymysz9-session-511e9542d3b2-lifetime-10:***@rp.scrapegw.com:6060	ConnectionTimeoutError: Connection timeout to host https://discord.com/api/v9/unique-username/username-attempt-unauthed
2026-09-01 18:27:09	NETWORK	dxva	attempt=1	proxy=http://wiw4v7duaymysz9-session-070f60191342-lifetime-10:***@rp.scrapegw.com:6060	ConnectionTimeoutError: Connection timeout to host https://discord.com/api/v9/unique-username/username-attempt-unauthed
2026-09-01 18:27:09	NETWORK	dyki	attempt=1	proxy=http://wiw4v7duaymysz9-session-35a8b224ae89-lifetime-10:***@rp.scrapegw.com:6060	ConnectionTimeoutError: Connection timeout to host https://discord.com/api/v9/unique-username/username-attempt-unauthed
2026-09-01 18:27:09	NETWORK	dyng	attempt=1	proxy=http://wiw4v7duaymysz9-session-4d0e92f09bed-lifetime-10:***@rp.scrapegw.com:6060	ConnectionTimeoutError: Connection timeout to host https://discord.com/api/v9/unique-username/username-attempt-unauthed
2026-09-01 18:27:09	NETWORK	dyjm	attempt=1	proxy=http://wiw4v7duaymysz9-session-3cfce50fc155-lifetime-10:***@rp.scrapegw.com:6060	ConnectionTimeoutError: Connection timeout to host https://discord.com/api/v9/unique-username/username-attempt-unauthed
2026-09-01 18:27:09	NETWORK	dyjd	attempt=1	proxy=http://wiw4v7duaymysz9-session-1d4ffdb6da18-lifetime-10:***@rp.scrapegw.com:6060	ConnectionTimeoutError: Connection timeout to host https://discord.com/api/v9/unique-username/username-attempt-unauthed
2026-09-01 18:27:09	NETWORK	dxys	attempt=1	proxy=http://wiw4v7duaymysz9-session-5c768d1d9823-lifetime-10:***@rp.scrapegw.com:6060	ConnectionTimeoutError: Connection timeout to host https://discord.com/api/v9/unique-username/username-attempt-unauthed
2026-09-01 18:27:09	NETWORK	dzfr	attempt=1	proxy=http://wiw4v7duaymysz9-session-8257d36baa3d-lifetime-10:***@rp.scrapegw.com:6060	ClientConnectorCertificateError: Cannot connect to host discord.com:443 ssl:True [SSLCertVerificationError: (1, '[SSL: CERTIFICATE_VERIFY_FAILED] certificate verify failed: self-signed certificate (_ssl.c:1081)')]
2026-09-01 18:27:09	NETWORK	eamy	attempt=1	proxy=http://wiw4v7duaymysz9-session-e93e3a54db69-lifetime-10:***@rp.scrapegw.com:6060	ClientConnectorError: Cannot connect to host discord.com:443 ssl:default [Connection reset by peer]
2026-09-01 18:27:10	NETWORK	eadw	attempt=1	proxy=http://wiw4v7duaymysz9-session-6fd011ad6c7f-lifetime-10:***@rp.scrapegw.com:6060	ClientConnectorError: Cannot connect to host discord.com:443 ssl:default [None]
2026-09-01 18:27:10	NETWORK	dyxb	attempt=1	proxy=http://wiw4v7duaymysz9-session-7de5c3bb685e-lifetime-10:***@rp.scrapegw.com:6060	ConnectionTimeoutError: Connection timeout to host https://discord.com/api/v9/unique-username/username-attempt-unauthed
2026-09-01 18:27:10	NETWORK	dyyy	attempt=1	proxy=http://wiw4v7duaymysz9-session-a1694ef75359-lifetime-10:***@rp.scrapegw.com:6060	ConnectionTimeoutError: Connection timeout to host https://discord.com/api/v9/unique-username/username-attempt-unauthed
2026-09-01 18:27:10	NETWORK	dywh	attempt=1	proxy=http://wiw4v7duaymysz9-session-6fa6802acea3-lifetime-10:***@rp.scrapegw.com:6060	ConnectionTimeoutError: Connection timeout to host https://discord.com/api/v9/unique-username/username-attempt-unauthed
2026-09-01 18:27:10	NETWORK	dyry	attempt=1	proxy=http://wiw4v7duaymysz9-session-a090eddcc8ce-lifetime-10:***@rp.scrapegw.com:6060	ConnectionTimeoutError: Connection timeout to host https://discord.com/api/v9/unique-username/username-attempt-unauthed
2026-09-01 18:27:10	NETWORK	dyxw	attempt=1	proxy=http://wiw4v7duaymysz9-session-63add07c3604-lifetime-10:***@rp.scrapegw.com:6060	ConnectionTimeoutError: Connection timeout to host https://discord.com/api/v9/unique-username/username-attempt-unauthed
2026-09-01 18:27:10	NETWORK	dywf	attempt=1	proxy=http://wiw4v7duaymysz9-session-c021bff57699-lifetime-10:***@rp.scrapegw.com:6060	ConnectionTimeoutError: Connection timeout to host https://discord.com/api/v9/unique-username/username-attempt-unauthed
2026-09-01 18:27:10	NETWORK	dysr	attempt=1	proxy=http://wiw4v7duaymysz9-session-5ee5f4999246-lifetime-10:***@rp.scrapegw.com:6060	ConnectionTimeoutError: Connection timeout to host https://discord.com/api/v9/unique-username/username-attempt-unauthed
2026-09-01 18:27:10	NETWORK	dyru	attempt=1	proxy=http://wiw4v7duaymysz9-session-b61295251674-lifetime-10:***@rp.scrapegw.com:6060	ConnectionTimeoutError: Connection timeout to host https://discord.com/api/v9/unique-username/username-attempt-unauthed
2026-09-01 18:27:10	NETWORK	dyxy	attempt=1	proxy=http://wiw4v7duaymysz9-session-977a44382227-lifetime-10:***@rp.scrapegw.com:6060	ConnectionTimeoutError: Connection timeout to host https://discord.com/api/v9/unique-username/username-attempt-unauthed
2026-09-01 18:27:10	NETWORK	dyws	attempt=1	proxy=http://wiw4v7duaymysz9-session-d802b3f7f859-lifetime-10:***@rp.scrapegw.com:6060	ConnectionTimeoutError: Connection timeout to host https://discord.com/api/v9/unique-username/username-attempt-unauthed
2026-09-01 18:27:10	NETWORK	dyvw	attempt=1	proxy=http://wiw4v7duaymysz9-session-c28241501fa9-lifetime-10:***@rp.scrapegw.com:6060	ConnectionTimeoutError: Connection timeout to host https://discord.com/api/v9/unique-username/username-attempt-unauthed
2026-09-01 18:27:10	NETWORK	dyza	attempt=1	proxy=http://wiw4v7duaymysz9-session-74d452a58f4f-lifetime-10:***@rp.scrapegw.com:6060	ConnectionTimeoutError: Connection timeout to host https://discord.com/api/v9/unique-username/username-attempt-unauthed
2026-09-01 18:27:10	NETWORK	dyow	attempt=1	proxy=http://wiw4v7duaymysz9-session-c3f26e190acd-lifetime-10:***@rp.scrapegw.com:6060	ConnectionTimeoutError: Connection timeout to host https://discord.com/api/v9/unique-username/username-attempt-unauthed
2026-09-01 18:27:10	NETWORK	dyqr	attempt=1	proxy=http://wiw4v7duaymysz9-session-d7288c120d9a-lifetime-10:***@rp.scrapegw.com:6060	ConnectionTimeoutError: Connection timeout to host https://discord.com/api/v9/unique-username/username-attempt-unauthed
2026-09-01 18:27:10	NETWORK	dypz	attempt=1	proxy=http://wiw4v7duaymysz9-session-1504bb9ad2c8-lifetime-10:***@rp.scrapegw.com:6060	ConnectionTimeoutError: Connection timeout to host https://discord.com/api/v9/unique-username/username-attempt-unauthed
2026-09-01 18:27:10	NETWORK	dypk	attempt=1	proxy=http://wiw4v7duaymysz9-session-bfc0a65fd693-lifetime-10:***@rp.scrapegw.com:6060	ConnectionTimeoutError: Connection timeout to host https://discord.com/api/v9/unique-username/username-attempt-unauthed
2026-09-01 18:27:10	NETWORK	dyqz	attempt=1	proxy=http://wiw4v7duaymysz9-session-19267425af1e-lifetime-10:***@rp.scrapegw.com:6060	ConnectionTimeoutError: Connection timeout to host https://discord.com/api/v9/unique-username/username-attempt-unauthed
2026-09-01 18:27:10	NETWORK	dysy	attempt=1	proxy=http://wiw4v7duaymysz9-session-44d8eb46a0e5-lifetime-10:***@rp.scrapegw.com:6060	ConnectionTimeoutError: Connection timeout to host https://discord.com/api/v9/unique-username/username-attempt-unauthed
2026-09-01 18:27:10	NETWORK	dysw	attempt=1	proxy=http://wiw4v7duaymysz9-session-d3a5a18f5786-lifetime-10:***@rp.scrapegw.com:6060	ConnectionTimeoutError: Connection timeout to host https://discord.com/api/v9/unique-username/username-attempt-unauthed
2026-09-01 18:27:10	NETWORK	dyvo	attempt=1	proxy=http://wiw4v7duaymysz9-session-aff65e495036-lifetime-10:***@rp.scrapegw.com:6060	ConnectionTimeoutError: Connection timeout to host https://discord.com/api/v9/unique-username/username-attempt-unauthed
2026-09-01 18:27:10	NETWORK	dyya	attempt=1	proxy=http://wiw4v7duaymysz9-session-a892011f6405-lifetime-10:***@rp.scrapegw.com:6060	ConnectionTimeoutError: Connection timeout to host https://discord.com/api/v9/unique-username/username-attempt-unauthed
2026-09-01 18:27:10	NETWORK	ebqr	attempt=1	proxy=http://wiw4v7duaymysz9-session-de8bedb7d15d-lifetime-10:***@rp.scrapegw.com:6060	ClientConnectorError: Cannot connect to host discord.com:443 ssl:default [None]
2026-09-01 18:27:11	NETWORK	ecvd	attempt=1	proxy=http://wiw4v7duaymysz9-session-e592a794789b-lifetime-10:***@rp.scrapegw.com:6060	ClientConnectorError: Cannot connect to host discord.com:443 ssl:default [Connection reset by peer]
2026-09-01 18:27:11	NETWORK	dzmf	attempt=1	proxy=http://wiw4v7duaymysz9-session-30d4f9841134-lifetime-10:***@rp.scrapegw.com:6060	ConnectionTimeoutError: Connection timeout to host https://discord.com/api/v9/unique-username/username-attempt-unauthed
2026-09-01 18:27:11	NETWORK	dznk	attempt=1	proxy=http://wiw4v7duaymysz9-session-7ad81904be38-lifetime-10:***@rp.scrapegw.com:6060	ConnectionTimeoutError: Connection timeout to host https://discord.com/api/v9/unique-username/username-attempt-unauthed
2026-09-01 18:27:11	NETWORK	dzks	attempt=1	proxy=http://wiw4v7duaymysz9-session-0b452eb5589f-lifetime-10:***@rp.scrapegw.com:6060	ConnectionTimeoutError: Connection timeout to host https://discord.com/api/v9/unique-username/username-attempt-unauthed
2026-09-01 18:27:11	NETWORK	dzgj	attempt=1	proxy=http://wiw4v7duaymysz9-session-87178f11574f-lifetime-10:***@rp.scrapegw.com:6060	ConnectionTimeoutError: Connection timeout to host https://discord.com/api/v9/unique-username/username-attempt-unauthed
2026-09-01 18:27:11	NETWORK	dznh	attempt=1	proxy=http://wiw4v7duaymysz9-session-4d2b245a6560-lifetime-10:***@rp.scrapegw.com:6060	ConnectionTimeoutError: Connection timeout to host https://discord.com/api/v9/unique-username/username-attempt-unauthed
2026-09-01 18:27:11	NETWORK	dznc	attempt=1	proxy=http://wiw4v7duaymysz9-session-8a925a112fac-lifetime-10:***@rp.scrapegw.com:6060	ConnectionTimeoutError: Connection timeout to host https://discord.com/api/v9/unique-username/username-attempt-unauthed
2026-09-01 18:27:11	NETWORK	dzkw	attempt=1	proxy=http://wiw4v7duaymysz9-session-df312373acfc-lifetime-10:***@rp.scrapegw.com:6060	ConnectionTimeoutError: Connection timeout to host https://discord.com/api/v9/unique-username/username-attempt-unauthed
2026-09-01 18:27:11	NETWORK	dznd	attempt=1	proxy=http://wiw4v7duaymysz9-session-a146dd139f1e-lifetime-10:***@rp.scrapegw.com:6060	ConnectionTimeoutError: Connection timeout to host https://discord.com/api/v9/unique-username/username-attempt-unauthed
2026-09-01 18:27:11	NETWORK	dzmd	attempt=1	proxy=http://wiw4v7duaymysz9-session-8942bee412ae-lifetime-10:***@rp.scrapegw.com:6060	ConnectionTimeoutError: Connection timeout to host https://discord.com/api/v9/unique-username/username-attempt-unauthed
2026-09-01 18:27:11	NETWORK	dzlr	attempt=1	proxy=http://wiw4v7duaymysz9-session-47dbce8691f8-lifetime-10:***@rp.scrapegw.com:6060	ConnectionTimeoutError: Connection timeout to host https://discord.com/api/v9/unique-username/username-attempt-unauthed
2026-09-01 18:27:11	NETWORK	dzcc	attempt=1	proxy=http://wiw4v7duaymysz9-session-d34f4d4c8801-lifetime-10:***@rp.scrapegw.com:6060	ConnectionTimeoutError: Connection timeout to host https://discord.com/api/v9/unique-username/username-attempt-unauthed
2026-09-01 18:27:11	NETWORK	dzgy	attempt=1	proxy=http://wiw4v7duaymysz9-session-573250a7c50c-lifetime-10:***@rp.scrapegw.com:6060	ConnectionTimeoutError: Connection timeout to host https://discord.com/api/v9/unique-username/username-attempt-unauthed
2026-09-01 18:27:11	NETWORK	dzki	attempt=1	proxy=http://wiw4v7duaymysz9-session-e5158115737c-lifetime-10:***@rp.scrapegw.com:6060	ConnectionTimeoutError: Connection timeout to host https://discord.com/api/v9/unique-username/username-attempt-unauthed
2026-09-01 18:27:11	NETWORK	dzlu	attempt=1	proxy=http://wiw4v7duaymysz9-session-11707a3c8438-lifetime-10:***@rp.scrapegw.com:6060	ConnectionTimeoutError: Connection timeout to host https://discord.com/api/v9/unique-username/username-attempt-unauthed
2026-09-01 18:27:11	NETWORK	dzkm	attempt=1	proxy=http://wiw4v7duaymysz9-session-238750207a4a-lifetime-10:***@rp.scrapegw.com:6060	ConnectionTimeoutError: Connection timeout to host https://discord.com/api/v9/unique-username/username-attempt-unauthed
2026-09-01 18:27:11	NETWORK	dzip	attempt=1	proxy=http://wiw4v7duaymysz9-session-064f3051fb46-lifetime-10:***@rp.scrapegw.com:6060	ConnectionTimeoutError: Connection timeout to host https://discord.com/api/v9/unique-username/username-attempt-unauthed
2026-09-01 18:27:11	NETWORK	dzlf	attempt=1	proxy=http://wiw4v7duaymysz9-session-e2bf596e11e9-lifetime-10:***@rp.scrapegw.com:6060	ConnectionTimeoutError: Connection timeout to host https://discord.com/api/v9/unique-username/username-attempt-unauthed
2026-09-01 18:27:11	NETWORK	dzhh	attempt=1	proxy=http://wiw4v7duaymysz9-session-2ab3a219a348-lifetime-10:***@rp.scrapegw.com:6060	ConnectionTimeoutError: Connection timeout to host https://discord.com/api/v9/unique-username/username-attempt-unauthed
2026-09-01 18:27:11	NETWORK	dzlp	attempt=1	proxy=http://wiw4v7duaymysz9-session-10129f082819-lifetime-10:***@rp.scrapegw.com:6060	ConnectionTimeoutError: Connection timeout to host https://discord.com/api/v9/unique-username/username-attempt-unauthed
2026-09-01 18:27:11	NETWORK	dzej	attempt=1	proxy=http://wiw4v7duaymysz9-session-5b9b4c1776d6-lifetime-10:***@rp.scrapegw.com:6060	ConnectionTimeoutError: Connection timeout to host https://discord.com/api/v9/unique-username/username-attempt-unauthed
2026-09-01 18:27:11	NETWORK	dzee	attempt=1	proxy=http://wiw4v7duaymysz9-session-f81120691f57-lifetime-10:***@rp.scrapegw.com:6060	ConnectionTimeoutError: Connection timeout to host https://discord.com/api/v9/unique-username/username-attempt-unauthed
2026-09-01 18:27:11	NETWORK	dzms	attempt=1	proxy=http://wiw4v7duaymysz9-session-a9064e5d9f78-lifetime-10:***@rp.scrapegw.com:6060	ConnectionTimeoutError: Connection timeout to host https://discord.com/api/v9/unique-username/username-attempt-unauthed
2026-09-01 18:27:11	NETWORK	dziy	attempt=1	proxy=http://wiw4v7duaymysz9-session-0485db344a84-lifetime-10:***@rp.scrapegw.com:6060	ConnectionTimeoutError: Connection timeout to host https://discord.com/api/v9/unique-username/username-attempt-unauthed
2026-09-01 18:27:11	NETWORK	dzbl	attempt=1	proxy=http://wiw4v7duaymysz9-session-7e7cd6c7108e-lifetime-10:***@rp.scrapegw.com:6060	ConnectionTimeoutError: Connection timeout to host https://discord.com/api/v9/unique-username/username-attempt-unauthed
2026-09-01 18:27:11	NETWORK	dzbo	attempt=1	proxy=http://wiw4v7duaymysz9-session-0d2f31e98770-lifetime-10:***@rp.scrapegw.com:6060	ConnectionTimeoutError: Connection timeout to host https://discord.com/api/v9/unique-username/username-attempt-unauthed
2026-09-01 18:27:11	NETWORK	dzif	attempt=1	proxy=http://wiw4v7duaymysz9-session-b85a3226ae7f-lifetime-10:***@rp.scrapegw.com:6060	ConnectionTimeoutError: Connection timeout to host https://discord.com/api/v9/unique-username/username-attempt-unauthed
2026-09-01 18:27:11	NETWORK	dzhy	attempt=1	proxy=http://wiw4v7duaymysz9-session-31376b529a9a-lifetime-10:***@rp.scrapegw.com:6060	ConnectionTimeoutError: Connection timeout to host https://discord.com/api/v9/unique-username/username-attempt-unauthed
2026-09-01 18:27:11	NETWORK	dzdz	attempt=1	proxy=http://wiw4v7duaymysz9-session-b6860bc43fcf-lifetime-10:***@rp.scrapegw.com:6060	ConnectionTimeoutError: Connection timeout to host https://discord.com/api/v9/unique-username/username-attempt-unauthed
2026-09-01 18:27:12	HTTP_429	ejdi	attempt=1	proxy=http://wiw4v7duaymysz9-session-d422f4b78fe0-lifetime-10:***@rp.scrapegw.com:6060	scope=shared global=False retry_after=445.00s
2026-09-01 18:27:12	NETWORK	dzwv	attempt=1	proxy=http://wiw4v7duaymysz9-session-19e36bce642c-lifetime-10:***@rp.scrapegw.com:6060	ConnectionTimeoutError: Connection timeout to host https://discord.com/api/v9/unique-username/username-attempt-unauthed
2026-09-01 18:27:12	NETWORK	dzqc	attempt=1	proxy=http://wiw4v7duaymysz9-session-044b47db888e-lifetime-10:***@rp.scrapegw.com:6060	ConnectionTimeoutError: Connection timeout to host https://discord.com/api/v9/unique-username/username-attempt-unauthed
2026-09-01 18:27:12	NETWORK	dzxd	attempt=1	proxy=http://wiw4v7duaymysz9-session-5755b634b7be-lifetime-10:***@rp.scrapegw.com:6060	ConnectionTimeoutError: Connection timeout to host https://discord.com/api/v9/unique-username/username-attempt-unauthed
2026-09-01 18:27:12	NETWORK	dzvr	attempt=1	proxy=http://wiw4v7duaymysz9-session-5468490f3f93-lifetime-10:***@rp.scrapegw.com:6060	ConnectionTimeoutError: Connection timeout to host https://discord.com/api/v9/unique-username/username-attempt-unauthed
2026-09-01 18:27:12	NETWORK	eabl	attempt=1	proxy=http://wiw4v7duaymysz9-session-0310daabcc18-lifetime-10:***@rp.scrapegw.com:6060	ConnectionTimeoutError: Connection timeout to host https://discord.com/api/v9/unique-username/username-attempt-unauthed
2026-09-01 18:27:12	NETWORK	dzyr	attempt=1	proxy=http://wiw4v7duaymysz9-session-7807f96f587d-lifetime-10:***@rp.scrapegw.com:6060	ConnectionTimeoutError: Connection timeout to host https://discord.com/api/v9/unique-username/username-attempt-unauthed
2026-09-01 18:27:12	NETWORK	dzqw	attempt=1	proxy=http://wiw4v7duaymysz9-session-808157ba3d04-lifetime-10:***@rp.scrapegw.com:6060	ConnectionTimeoutError: Connection timeout to host https://discord.com/api/v9/unique-username/username-attempt-unauthed
2026-09-01 18:27:12	NETWORK	dzpv	attempt=1	proxy=http://wiw4v7duaymysz9-session-de1dbf9ac8dd-lifetime-10:***@rp.scrapegw.com:6060	ConnectionTimeoutError: Connection timeout to host https://discord.com/api/v9/unique-username/username-attempt-unauthed
2026-09-01 18:27:12	NETWORK	dzpm	attempt=1	proxy=http://wiw4v7duaymysz9-session-4d41e09a92f0-lifetime-10:***@rp.scrapegw.com:6060	ConnectionTimeoutError: Connection timeout to host https://discord.com/api/v9/unique-username/username-attempt-unauthed
2026-09-01 18:27:12	NETWORK	dzwb	attempt=1	proxy=http://wiw4v7duaymysz9-session-043faab5a520-lifetime-10:***@rp.scrapegw.com:6060	ConnectionTimeoutError: Connection timeout to host https://discord.com/api/v9/unique-username/username-attempt-unauthed
2026-09-01 18:27:12	NETWORK	dzxf	attempt=1	proxy=http://wiw4v7duaymysz9-session-3815e28e49e9-lifetime-10:***@rp.scrapegw.com:6060	ConnectionTimeoutError: Connection timeout to host https://discord.com/api/v9/unique-username/username-attempt-unauthed
2026-09-01 18:27:12	NETWORK	dzzl	attempt=1	proxy=http://wiw4v7duaymysz9-session-789112708041-lifetime-10:***@rp.scrapegw.com:6060	ConnectionTimeoutError: Connection timeout to host https://discord.com/api/v9/unique-username/username-attempt-unauthed
2026-09-01 18:27:12	NETWORK	dzyo	attempt=1	proxy=http://wiw4v7duaymysz9-session-42723fece55d-lifetime-10:***@rp.scrapegw.com:6060	ConnectionTimeoutError: Connection timeout to host https://discord.com/api/v9/unique-username/username-attempt-unauthed
2026-09-01 18:27:12	NETWORK	dzpr	attempt=1	proxy=http://wiw4v7duaymysz9-session-5825d14ebf4a-lifetime-10:***@rp.scrapegw.com:6060	ConnectionTimeoutError: Connection timeout to host https://discord.com/api/v9/unique-username/username-attempt-unauthed
2026-09-01 18:27:12	NETWORK	dzvg	attempt=1	proxy=http://wiw4v7duaymysz9-session-9b0d2a57bddf-lifetime-10:***@rp.scrapegw.com:6060	ConnectionTimeoutError: Connection timeout to host https://discord.com/api/v9/unique-username/username-attempt-unauthed
2026-09-01 18:27:12	NETWORK	dzsy	attempt=1	proxy=http://wiw4v7duaymysz9-session-9e6a5566fedc-lifetime-10:***@rp.scrapegw.com:6060	ConnectionTimeoutError: Connection timeout to host https://discord.com/api/v9/unique-username/username-attempt-unauthed
2026-09-01 18:27:12	NETWORK	dzsu	attempt=1	proxy=http://wiw4v7duaymysz9-session-fad95634745e-lifetime-10:***@rp.scrapegw.com:6060	ConnectionTimeoutError: Connection timeout to host https://discord.com/api/v9/unique-username/username-attempt-unauthed
2026-09-01 18:27:12	NETWORK	dzwa	attempt=1	proxy=http://wiw4v7duaymysz9-session-ed4f40f616d8-lifetime-10:***@rp.scrapegw.com:6060	ConnectionTimeoutError: Connection timeout to host https://discord.com/api/v9/unique-username/username-attempt-unauthed
2026-09-01 18:27:12	NETWORK	dzux	attempt=1	proxy=http://wiw4v7duaymysz9-session-794b860970dd-lifetime-10:***@rp.scrapegw.com:6060	ConnectionTimeoutError: Connection timeout to host https://discord.com/api/v9/unique-username/username-attempt-unauthed
2026-09-01 18:27:12	NETWORK	dztg	attempt=1	proxy=http://wiw4v7duaymysz9-session-66cd539ecbe7-lifetime-10:***@rp.scrapegw.com:6060	ConnectionTimeoutError: Connection timeout to host https://discord.com/api/v9/unique-username/username-attempt-unauthed
2026-09-01 18:27:12	NETWORK	dzyg	attempt=1	proxy=http://wiw4v7duaymysz9-session-302bcc30cacb-lifetime-10:***@rp.scrapegw.com:6060	ConnectionTimeoutError: Connection timeout to host https://discord.com/api/v9/unique-username/username-attempt-unauthed
2026-09-01 18:27:12	NETWORK	dzoy	attempt=1	proxy=http://wiw4v7duaymysz9-session-ef4d917ac589-lifetime-10:***@rp.scrapegw.com:6060	ConnectionTimeoutError: Connection timeout to host https://discord.com/api/v9/unique-username/username-attempt-unauthed
2026-09-01 18:27:12	NETWORK	dzzp	attempt=1	proxy=http://wiw4v7duaymysz9-session-04265c8addf5-lifetime-10:***@rp.scrapegw.com:6060	ConnectionTimeoutError: Connection timeout to host https://discord.com/api/v9/unique-username/username-attempt-unauthed
2026-09-01 18:27:13	NETWORK	eepd	attempt=1	proxy=http://wiw4v7duaymysz9-session-0549fc3a726a-lifetime-10:***@rp.scrapegw.com:6060	ClientConnectorError: Cannot connect to host discord.com:443 ssl:default [Connection reset by peer]
2026-09-01 18:27:13	NETWORK	ecjd	attempt=1	proxy=http://wiw4v7duaymysz9-session-79cdf03c8d57-lifetime-10:***@rp.scrapegw.com:6060	ClientConnectorError: Cannot connect to host discord.com:443 ssl:default [Connection reset by peer]
2026-09-01 18:27:13	NETWORK	edvz	attempt=1	proxy=http://wiw4v7duaymysz9-session-72585b3dfb99-lifetime-10:***@rp.scrapegw.com:6060	ClientConnectorError: Cannot connect to host discord.com:443 ssl:default [Connection reset by peer]
2026-09-01 18:27:13	NETWORK	efya	attempt=1	proxy=http://wiw4v7duaymysz9-session-b08b8796bda1-lifetime-10:***@rp.scrapegw.com:6060	ClientConnectorError: Cannot connect to host discord.com:443 ssl:default [Connection reset by peer]
2026-09-01 18:27:13	NETWORK	eamb	attempt=1	proxy=http://wiw4v7duaymysz9-session-184bcbf47e0d-lifetime-10:***@rp.scrapegw.com:6060	ClientConnectorError: Cannot connect to host discord.com:443 ssl:default [Connection reset by peer]
2026-09-01 18:27:13	NETWORK	eauf	attempt=1	proxy=http://wiw4v7duaymysz9-session-514094f6f6d6-lifetime-10:***@rp.scrapegw.com:6060	ConnectionTimeoutError: Connection timeout to host https://discord.com/api/v9/unique-username/username-attempt-unauthed
2026-09-01 18:27:13	NETWORK	eael	attempt=1	proxy=http://wiw4v7duaymysz9-session-07cda0509e94-lifetime-10:***@rp.scrapegw.com:6060	ConnectionTimeoutError: Connection timeout to host https://discord.com/api/v9/unique-username/username-attempt-unauthed
2026-09-01 18:27:13	NETWORK	eafe	attempt=1	proxy=http://wiw4v7duaymysz9-session-9eff08b5b3ff-lifetime-10:***@rp.scrapegw.com:6060	ConnectionTimeoutError: Connection timeout to host https://discord.com/api/v9/unique-username/username-attempt-unauthed
2026-09-01 18:27:13	NETWORK	ebfu	attempt=1	proxy=http://wiw4v7duaymysz9-session-ce5d848f530d-lifetime-10:***@rp.scrapegw.com:6060	ConnectionTimeoutError: Connection timeout to host https://discord.com/api/v9/unique-username/username-attempt-unauthed
2026-09-01 18:27:13	NETWORK	ebbp	attempt=1	proxy=http://wiw4v7duaymysz9-session-fbb0a691f3ba-lifetime-10:***@rp.scrapegw.com:6060	ConnectionTimeoutError: Connection timeout to host https://discord.com/api/v9/unique-username/username-attempt-unauthed
2026-09-01 18:27:13	NETWORK	eatp	attempt=1	proxy=http://wiw4v7duaymysz9-session-52682f6b0372-lifetime-10:***@rp.scrapegw.com:6060	ConnectionTimeoutError: Connection timeout to host https://discord.com/api/v9/unique-username/username-attempt-unauthed
2026-09-01 18:27:13	NETWORK	eajk	attempt=1	proxy=http://wiw4v7duaymysz9-session-0563873fbc9c-lifetime-10:***@rp.scrapegw.com:6060	ConnectionTimeoutError: Connection timeout to host https://discord.com/api/v9/unique-username/username-attempt-unauthed
2026-09-01 18:27:13	NETWORK	eblv	attempt=1	proxy=http://wiw4v7duaymysz9-session-5865399ff4ec-lifetime-10:***@rp.scrapegw.com:6060	ConnectionTimeoutError: Connection timeout to host https://discord.com/api/v9/unique-username/username-attempt-unauthed
2026-09-01 18:27:13	NETWORK	ebaq	attempt=1	proxy=http://wiw4v7duaymysz9-session-b08b8796bda1-lifetime-10:***@rp.scrapegw.com:6060	ConnectionTimeoutError: Connection timeout to host https://discord.com/api/v9/unique-username/username-attempt-unauthed
2026-09-01 18:27:13	NETWORK	ebfn	attempt=1	proxy=http://wiw4v7duaymysz9-session-25d228799180-lifetime-10:***@rp.scrapegw.com:6060	ConnectionTimeoutError: Connection timeout to host https://discord.com/api/v9/unique-username/username-attempt-unauthed
2026-09-01 18:27:13	NETWORK	eane	attempt=1	proxy=http://wiw4v7duaymysz9-session-fc662b6f2149-lifetime-10:***@rp.scrapegw.com:6060	ConnectionTimeoutError: Connection timeout to host https://discord.com/api/v9/unique-username/username-attempt-unauthed
2026-09-01 18:27:13	NETWORK	eaja	attempt=1	proxy=http://wiw4v7duaymysz9-session-a335c00a94a6-lifetime-10:***@rp.scrapegw.com:6060	ConnectionTimeoutError: Connection timeout to host https://discord.com/api/v9/unique-username/username-attempt-unauthed
2026-09-01 18:27:13	NETWORK	eblq	attempt=1	proxy=http://wiw4v7duaymysz9-session-2e0f88795116-lifetime-10:***@rp.scrapegw.com:6060	ConnectionTimeoutError: Connection timeout to host https://discord.com/api/v9/unique-username/username-attempt-unauthed
2026-09-01 18:27:13	NETWORK	eate	attempt=1	proxy=http://wiw4v7duaymysz9-session-dfb0e9d89e57-lifetime-10:***@rp.scrapegw.com:6060	ConnectionTimeoutError: Connection timeout to host https://discord.com/api/v9/unique-username/username-attempt-unauthed
2026-09-01 18:27:13	NETWORK	ebiw	attempt=1	proxy=http://wiw4v7duaymysz9-session-f5419852a319-lifetime-10:***@rp.scrapegw.com:6060	ConnectionTimeoutError: Connection timeout to host https://discord.com/api/v9/unique-username/username-attempt-unauthed
2026-09-01 18:27:13	NETWORK	ebgy	attempt=1	proxy=http://wiw4v7duaymysz9-session-e02c99738481-lifetime-10:***@rp.scrapegw.com:6060	ConnectionTimeoutError: Connection timeout to host https://discord.com/api/v9/unique-username/username-attempt-unauthed
2026-09-01 18:27:13	NETWORK	eank	attempt=1	proxy=http://wiw4v7duaymysz9-session-665b4d56d509-lifetime-10:***@rp.scrapegw.com:6060	ConnectionTimeoutError: Connection timeout to host https://discord.com/api/v9/unique-username/username-attempt-unauthed
2026-09-01 18:27:13	NETWORK	ebhd	attempt=1	proxy=http://wiw4v7duaymysz9-session-dfe71593ec1a-lifetime-10:***@rp.scrapegw.com:6060	ConnectionTimeoutError: Connection timeout to host https://discord.com/api/v9/unique-username/username-attempt-unauthed
2026-09-01 18:27:13	NETWORK	ebhm	attempt=1	proxy=http://wiw4v7duaymysz9-session-5a61f6edbc1d-lifetime-10:***@rp.scrapegw.com:6060	ConnectionTimeoutError: Connection timeout to host https://discord.com/api/v9/unique-username/username-attempt-unauthed
2026-09-01 18:27:13	NETWORK	eand	attempt=1	proxy=http://wiw4v7duaymysz9-session-3b2bfad439cd-lifetime-10:***@rp.scrapegw.com:6060	ConnectionTimeoutError: Connection timeout to host https://discord.com/api/v9/unique-username/username-attempt-unauthed
2026-09-01 18:27:13	NETWORK	eayy	attempt=1	proxy=http://wiw4v7duaymysz9-session-655403d5e4a7-lifetime-10:***@rp.scrapegw.com:6060	ConnectionTimeoutError: Connection timeout to host https://discord.com/api/v9/unique-username/username-attempt-unauthed
2026-09-01 18:27:13	NETWORK	eanj	attempt=1	proxy=http://wiw4v7duaymysz9-session-e2a3ce329526-lifetime-10:***@rp.scrapegw.com:6060	ConnectionTimeoutError: Connection timeout to host https://discord.com/api/v9/unique-username/username-attempt-unauthed
2026-09-01 18:27:13	NETWORK	eahm	attempt=1	proxy=http://wiw4v7duaymysz9-session-2bc3212b2fac-lifetime-10:***@rp.scrapegw.com:6060	ConnectionTimeoutError: Connection timeout to host https://discord.com/api/v9/unique-username/username-attempt-unauthed
2026-09-01 18:27:13	NETWORK	ebly	attempt=1	proxy=http://wiw4v7duaymysz9-session-f18094659cf1-lifetime-10:***@rp.scrapegw.com:6060	ConnectionTimeoutError: Connection timeout to host https://discord.com/api/v9/unique-username/username-attempt-unauthed
2026-09-01 18:27:13	NETWORK	eatf	attempt=1	proxy=http://wiw4v7duaymysz9-session-39cb19596bc3-lifetime-10:***@rp.scrapegw.com:6060	ConnectionTimeoutError: Connection timeout to host https://discord.com/api/v9/unique-username/username-attempt-unauthed
2026-09-01 18:27:13	NETWORK	eajq	attempt=1	proxy=http://wiw4v7duaymysz9-session-23a9600dce81-lifetime-10:***@rp.scrapegw.com:6060	ConnectionTimeoutError: Connection timeout to host https://discord.com/api/v9/unique-username/username-attempt-unauthed
2026-09-01 18:27:13	NETWORK	ebjv	attempt=1	proxy=http://wiw4v7duaymysz9-session-556e84207269-lifetime-10:***@rp.scrapegw.com:6060	ConnectionTimeoutError: Connection timeout to host https://discord.com/api/v9/unique-username/username-attempt-unauthed
2026-09-01 18:27:13	NETWORK	eapa	attempt=1	proxy=http://wiw4v7duaymysz9-session-dbdf93cca703-lifetime-10:***@rp.scrapegw.com:6060	ConnectionTimeoutError: Connection timeout to host https://discord.com/api/v9/unique-username/username-attempt-unauthed
2026-09-01 18:27:13	NETWORK	ebho	attempt=1	proxy=http://wiw4v7duaymysz9-session-72e147e1648c-lifetime-10:***@rp.scrapegw.com:6060	ConnectionTimeoutError: Connection timeout to host https://discord.com/api/v9/unique-username/username-attempt-unauthed
2026-09-01 18:27:13	NETWORK	eahg	attempt=1	proxy=http://wiw4v7duaymysz9-session-d88220d37541-lifetime-10:***@rp.scrapegw.com:6060	ConnectionTimeoutError: Connection timeout to host https://discord.com/api/v9/unique-username/username-attempt-unauthed
2026-09-01 18:27:13	NETWORK	ebkt	attempt=1	proxy=http://wiw4v7duaymysz9-session-ce8ef92604f9-lifetime-10:***@rp.scrapegw.com:6060	ConnectionTimeoutError: Connection timeout to host https://discord.com/api/v9/unique-username/username-attempt-unauthed
2026-09-01 18:27:13	NETWORK	ebff	attempt=1	proxy=http://wiw4v7duaymysz9-session-bcc0d05c662b-lifetime-10:***@rp.scrapegw.com:6060	ConnectionTimeoutError: Connection timeout to host https://discord.com/api/v9/unique-username/username-attempt-unauthed
2026-09-01 18:27:13	NETWORK	eamq	attempt=1	proxy=http://wiw4v7duaymysz9-session-d3e6f9360c05-lifetime-10:***@rp.scrapegw.com:6060	ConnectionTimeoutError: Connection timeout to host https://discord.com/api/v9/unique-username/username-attempt-unauthed
2026-09-01 18:27:13	NETWORK	ebka	attempt=1	proxy=http://wiw4v7duaymysz9-session-6df9950a09c6-lifetime-10:***@rp.scrapegw.com:6060	ConnectionTimeoutError: Connection timeout to host https://discord.com/api/v9/unique-username/username-attempt-unauthed
2026-09-01 18:27:13	NETWORK	eauw	attempt=1	proxy=http://wiw4v7duaymysz9-session-5e60904275b2-lifetime-10:***@rp.scrapegw.com:6060	ConnectionTimeoutError: Connection timeout to host https://discord.com/api/v9/unique-username/username-attempt-unauthed
2026-09-01 18:27:13	NETWORK	eavj	attempt=1	proxy=http://wiw4v7duaymysz9-session-39bc25517232-lifetime-10:***@rp.scrapegw.com:6060	ConnectionTimeoutError: Connection timeout to host https://discord.com/api/v9/unique-username/username-attempt-unauthed
2026-09-01 18:27:13	NETWORK	ebdi	attempt=1	proxy=http://wiw4v7duaymysz9-session-04f1296c2a61-lifetime-10:***@rp.scrapegw.com:6060	ConnectionTimeoutError: Connection timeout to host https://discord.com/api/v9/unique-username/username-attempt-unauthed
2026-09-01 18:27:13	NETWORK	ebaa	attempt=1	proxy=http://wiw4v7duaymysz9-session-0251d029d95f-lifetime-10:***@rp.scrapegw.com:6060	ConnectionTimeoutError: Connection timeout to host https://discord.com/api/v9/unique-username/username-attempt-unauthed
2026-09-01 18:27:13	NETWORK	eavi	attempt=1	proxy=http://wiw4v7duaymysz9-session-9b1b64b7c4a7-lifetime-10:***@rp.scrapegw.com:6060	ConnectionTimeoutError: Connection timeout to host https://discord.com/api/v9/unique-username/username-attempt-unauthed
2026-09-01 18:27:13	NETWORK	eamh	attempt=1	proxy=http://wiw4v7duaymysz9-session-f2b4eb88dd49-lifetime-10:***@rp.scrapegw.com:6060	ConnectionTimeoutError: Connection timeout to host https://discord.com/api/v9/unique-username/username-attempt-unauthed
2026-09-01 18:27:13	NETWORK	eame	attempt=1	proxy=http://wiw4v7duaymysz9-session-b77e17166d38-lifetime-10:***@rp.scrapegw.com:6060	ConnectionTimeoutError: Connection timeout to host https://discord.com/api/v9/unique-username/username-attempt-unauthed
2026-09-01 18:27:13	NETWORK	eaij	attempt=1	proxy=http://wiw4v7duaymysz9-session-4d4e6fb577d8-lifetime-10:***@rp.scrapegw.com:6060	ConnectionTimeoutError: Connection timeout to host https://discord.com/api/v9/unique-username/username-attempt-unauthed
2026-09-01 18:27:13	NETWORK	ebke	attempt=1	proxy=http://wiw4v7duaymysz9-session-8caa81c743bc-lifetime-10:***@rp.scrapegw.com:6060	ConnectionTimeoutError: Connection timeout to host https://discord.com/api/v9/unique-username/username-attempt-unauthed
2026-09-01 18:27:13	NETWORK	eajo	attempt=1	proxy=http://wiw4v7duaymysz9-session-1d59206d37b6-lifetime-10:***@rp.scrapegw.com:6060	ConnectionTimeoutError: Connection timeout to host https://discord.com/api/v9/unique-username/username-attempt-unauthed
2026-09-01 18:27:13	NETWORK	ebmt	attempt=1	proxy=http://wiw4v7duaymysz9-session-3544e758f2de-lifetime-10:***@rp.scrapegw.com:6060	ConnectionTimeoutError: Connection timeout to host https://discord.com/api/v9/unique-username/username-attempt-unauthed
2026-09-01 18:27:13	NETWORK	efdq	attempt=1	proxy=http://wiw4v7duaymysz9-session-6fd011ad6c7f-lifetime-10:***@rp.scrapegw.com:6060	ClientConnectorError: Cannot connect to host discord.com:443 ssl:default [Connection reset by peer]
2026-09-01 18:27:14	HTTP_429	ejsf	attempt=1	proxy=http://wiw4v7duaymysz9-session-f7a77da68de0-lifetime-10:***@rp.scrapegw.com:6060	scope=shared global=False retry_after=583.00s
2026-09-01 18:27:14	NETWORK	eeoe	attempt=1	proxy=http://wiw4v7duaymysz9-session-4dbe3a7f7769-lifetime-10:***@rp.scrapegw.com:6060	ClientConnectorError: Cannot connect to host discord.com:443 ssl:default [Connection reset by peer]
2026-09-01 18:27:14	HTTP_429	ecgs	attempt=1	proxy=http://wiw4v7duaymysz9-session-5db573a110d9-lifetime-10:***@rp.scrapegw.com:6060	scope=shared global=False retry_after=1052.00s
2026-09-01 18:27:14	HTTP_429	ejtr	attempt=1	proxy=http://wiw4v7duaymysz9-session-6434642947b7-lifetime-10:***@rp.scrapegw.com:6060	scope=shared global=False retry_after=2115.00s
2026-09-01 18:27:14	NETWORK	ebpy	attempt=1	proxy=http://wiw4v7duaymysz9-session-2eee9d9b1df4-lifetime-10:***@rp.scrapegw.com:6060	ConnectionTimeoutError: Connection timeout to host https://discord.com/api/v9/unique-username/username-attempt-unauthed
2026-09-01 18:27:14	NETWORK	ebyw	attempt=1	proxy=http://wiw4v7duaymysz9-session-ddeba2209f6f-lifetime-10:***@rp.scrapegw.com:6060	ConnectionTimeoutError: Connection timeout to host https://discord.com/api/v9/unique-username/username-attempt-unauthed
2026-09-01 18:27:14	NETWORK	ebvv	attempt=1	proxy=http://wiw4v7duaymysz9-session-2b3d0a0b42bb-lifetime-10:***@rp.scrapegw.com:6060	ConnectionTimeoutError: Connection timeout to host https://discord.com/api/v9/unique-username/username-attempt-unauthed
2026-09-01 18:27:14	NETWORK	ebwc	attempt=1	proxy=http://wiw4v7duaymysz9-session-d006163a83ce-lifetime-10:***@rp.scrapegw.com:6060	ConnectionTimeoutError: Connection timeout to host https://discord.com/api/v9/unique-username/username-attempt-unauthed
2026-09-01 18:27:14	NETWORK	echu	attempt=1	proxy=http://wiw4v7duaymysz9-session-700c7063474d-lifetime-10:***@rp.scrapegw.com:6060	ConnectionTimeoutError: Connection timeout to host https://discord.com/api/v9/unique-username/username-attempt-unauthed
2026-09-01 18:27:14	NETWORK	ebvc	attempt=1	proxy=http://wiw4v7duaymysz9-session-8fb8e62ee2d0-lifetime-10:***@rp.scrapegw.com:6060	ConnectionTimeoutError: Connection timeout to host https://discord.com/api/v9/unique-username/username-attempt-unauthed
2026-09-01 18:27:14	NETWORK	ebro	attempt=1	proxy=http://wiw4v7duaymysz9-session-4132386b01c0-lifetime-10:***@rp.scrapegw.com:6060	ConnectionTimeoutError: Connection timeout to host https://discord.com/api/v9/unique-username/username-attempt-unauthed
2026-09-01 18:27:14	NETWORK	ebph	attempt=1	proxy=http://wiw4v7duaymysz9-session-e635a4b718dd-lifetime-10:***@rp.scrapegw.com:6060	ConnectionTimeoutError: Connection timeout to host https://discord.com/api/v9/unique-username/username-attempt-unauthed
2026-09-01 18:27:14	NETWORK	ecdm	attempt=1	proxy=http://wiw4v7duaymysz9-session-86ad356cd94c-lifetime-10:***@rp.scrapegw.com:6060	ConnectionTimeoutError: Connection timeout to host https://discord.com/api/v9/unique-username/username-attempt-unauthed
2026-09-01 18:27:14	NETWORK	ebom	attempt=1	proxy=http://wiw4v7duaymysz9-session-d2cfe71e9fb2-lifetime-10:***@rp.scrapegw.com:6060	ConnectionTimeoutError: Connection timeout to host https://discord.com/api/v9/unique-username/username-attempt-unauthed
2026-09-01 18:27:14	NETWORK	ebxp	attempt=1	proxy=http://wiw4v7duaymysz9-session-e5fffddfd07b-lifetime-10:***@rp.scrapegw.com:6060	ConnectionTimeoutError: Connection timeout to host https://discord.com/api/v9/unique-username/username-attempt-unauthed
2026-09-01 18:27:14	NETWORK	ebvi	attempt=1	proxy=http://wiw4v7duaymysz9-session-3cb8425a2e69-lifetime-10:***@rp.scrapegw.com:6060	ConnectionTimeoutError: Connection timeout to host https://discord.com/api/v9/unique-username/username-attempt-unauthed
2026-09-01 18:27:14	NETWORK	ebqm	attempt=1	proxy=http://wiw4v7duaymysz9-session-cb48a517378f-lifetime-10:***@rp.scrapegw.com:6060	ConnectionTimeoutError: Connection timeout to host https://discord.com/api/v9/unique-username/username-attempt-unauthed
2026-09-01 18:27:14	NETWORK	ecvh	attempt=1	proxy=http://wiw4v7duaymysz9-session-070f60191342-lifetime-10:***@rp.scrapegw.com:6060	ConnectionTimeoutError: Connection timeout to host https://discord.com/api/v9/unique-username/username-attempt-unauthed
2026-09-01 18:27:14	NETWORK	ecwy	attempt=1	proxy=http://wiw4v7duaymysz9-session-143d7e450c24-lifetime-10:***@rp.scrapegw.com:6060	ConnectionTimeoutError: Connection timeout to host https://discord.com/api/v9/unique-username/username-attempt-unauthed
2026-09-01 18:27:14	NETWORK	ecfe	attempt=1	proxy=http://wiw4v7duaymysz9-session-0200725d5f03-lifetime-10:***@rp.scrapegw.com:6060	ConnectionTimeoutError: Connection timeout to host https://discord.com/api/v9/unique-username/username-attempt-unauthed
2026-09-01 18:27:14	NETWORK	echg	attempt=1	proxy=http://wiw4v7duaymysz9-session-c37412a42a3d-lifetime-10:***@rp.scrapegw.com:6060	ConnectionTimeoutError: Connection timeout to host https://discord.com/api/v9/unique-username/username-attempt-unauthed
2026-09-01 18:27:14	NETWORK	ecyi	attempt=1	proxy=http://wiw4v7duaymysz9-session-8592f289fa45-lifetime-10:***@rp.scrapegw.com:6060	ConnectionTimeoutError: Connection timeout to host https://discord.com/api/v9/unique-username/username-attempt-unauthed
2026-09-01 18:27:14	NETWORK	ebpd	attempt=1	proxy=http://wiw4v7duaymysz9-session-e7daa8b0070a-lifetime-10:***@rp.scrapegw.com:6060	ConnectionTimeoutError: Connection timeout to host https://discord.com/api/v9/unique-username/username-attempt-unauthed
2026-09-01 18:27:14	NETWORK	ectl	attempt=1	proxy=http://wiw4v7duaymysz9-session-bafb29f9f95b-lifetime-10:***@rp.scrapegw.com:6060	ConnectionTimeoutError: Connection timeout to host https://discord.com/api/v9/unique-username/username-attempt-unauthed
2026-09-01 18:27:14	NETWORK	ecqz	attempt=1	proxy=http://wiw4v7duaymysz9-session-3c16bffd3804-lifetime-10:***@rp.scrapegw.com:6060	ConnectionTimeoutError: Connection timeout to host https://discord.com/api/v9/unique-username/username-attempt-unauthed
2026-09-01 18:27:14	NETWORK	ecnq	attempt=1	proxy=http://wiw4v7duaymysz9-session-7432e07c8c14-lifetime-10:***@rp.scrapegw.com:6060	ConnectionTimeoutError: Connection timeout to host https://discord.com/api/v9/unique-username/username-attempt-unauthed
2026-09-01 18:27:14	NETWORK	eckh	attempt=1	proxy=http://wiw4v7duaymysz9-session-293e065dcec1-lifetime-10:***@rp.scrapegw.com:6060	ConnectionTimeoutError: Connection timeout to host https://discord.com/api/v9/unique-username/username-attempt-unauthed
2026-09-01 18:27:14	NETWORK	ecjk	attempt=1	proxy=http://wiw4v7duaymysz9-session-0f1e47f0046d-lifetime-10:***@rp.scrapegw.com:6060	ConnectionTimeoutError: Connection timeout to host https://discord.com/api/v9/unique-username/username-attempt-unauthed
2026-09-01 18:27:14	NETWORK	ecup	attempt=1	proxy=http://wiw4v7duaymysz9-session-96cba49a48e8-lifetime-10:***@rp.scrapegw.com:6060	ConnectionTimeoutError: Connection timeout to host https://discord.com/api/v9/unique-username/username-attempt-unauthed
2026-09-01 18:27:14	NETWORK	ecrm	attempt=1	proxy=http://wiw4v7duaymysz9-session-bcf440b4871d-lifetime-10:***@rp.scrapegw.com:6060	ConnectionTimeoutError: Connection timeout to host https://discord.com/api/v9/unique-username/username-attempt-unauthed
2026-09-01 18:27:14	NETWORK	ectr	attempt=1	proxy=http://wiw4v7duaymysz9-session-bd53fa5fc9b3-lifetime-10:***@rp.scrapegw.com:6060	ConnectionTimeoutError: Connection timeout to host https://discord.com/api/v9/unique-username/username-attempt-unauthed
2026-09-01 18:27:14	NETWORK	eclf	attempt=1	proxy=http://wiw4v7duaymysz9-session-7cf5586dd70f-lifetime-10:***@rp.scrapegw.com:6060	ConnectionTimeoutError: Connection timeout to host https://discord.com/api/v9/unique-username/username-attempt-unauthed
2026-09-01 18:27:14	NETWORK	ecok	attempt=1	proxy=http://wiw4v7duaymysz9-session-7d9893e31178-lifetime-10:***@rp.scrapegw.com:6060	ConnectionTimeoutError: Connection timeout to host https://discord.com/api/v9/unique-username/username-attempt-unauthed
2026-09-01 18:27:14	NETWORK	echh	attempt=1	proxy=http://wiw4v7duaymysz9-session-c154c682ac43-lifetime-10:***@rp.scrapegw.com:6060	ConnectionTimeoutError: Connection timeout to host https://discord.com/api/v9/unique-username/username-attempt-unauthed
2026-09-01 18:27:14	NETWORK	ecmh	attempt=1	proxy=http://wiw4v7duaymysz9-session-d011833c1f52-lifetime-10:***@rp.scrapegw.com:6060	ConnectionTimeoutError: Connection timeout to host https://discord.com/api/v9/unique-username/username-attempt-unauthed
2026-09-01 18:27:14	NETWORK	eclc	attempt=1	proxy=http://wiw4v7duaymysz9-session-68977128d6b4-lifetime-10:***@rp.scrapegw.com:6060	ConnectionTimeoutError: Connection timeout to host https://discord.com/api/v9/unique-username/username-attempt-unauthed
2026-09-01 18:27:14	NETWORK	ecbf	attempt=1	proxy=http://wiw4v7duaymysz9-session-50dad7b27d34-lifetime-10:***@rp.scrapegw.com:6060	ConnectionTimeoutError: Connection timeout to host https://discord.com/api/v9/unique-username/username-attempt-unauthed
2026-09-01 18:27:14	NETWORK	eclu	attempt=1	proxy=http://wiw4v7duaymysz9-session-eb78184c9891-lifetime-10:***@rp.scrapegw.com:6060	ConnectionTimeoutError: Connection timeout to host https://discord.com/api/v9/unique-username/username-attempt-unauthed
2026-09-01 18:27:14	NETWORK	eciv	attempt=1	proxy=http://wiw4v7duaymysz9-session-fafb09712aec-lifetime-10:***@rp.scrapegw.com:6060	ConnectionTimeoutError: Connection timeout to host https://discord.com/api/v9/unique-username/username-attempt-unauthed
2026-09-01 18:27:14	NETWORK	ebxt	attempt=1	proxy=http://wiw4v7duaymysz9-session-b4767e6b29e8-lifetime-10:***@rp.scrapegw.com:6060	ConnectionTimeoutError: Connection timeout to host https://discord.com/api/v9/unique-username/username-attempt-unauthed
2026-09-01 18:27:14	NETWORK	ecnh	attempt=1	proxy=http://wiw4v7duaymysz9-session-041e3b41204a-lifetime-10:***@rp.scrapegw.com:6060	ConnectionTimeoutError: Connection timeout to host https://discord.com/api/v9/unique-username/username-attempt-unauthed
2026-09-01 18:27:14	NETWORK	ecfl	attempt=1	proxy=http://wiw4v7duaymysz9-session-80fc72588f40-lifetime-10:***@rp.scrapegw.com:6060	ConnectionTimeoutError: Connection timeout to host https://discord.com/api/v9/unique-username/username-attempt-unauthed
2026-09-01 18:27:14	NETWORK	ecft	attempt=1	proxy=http://wiw4v7duaymysz9-session-f6069cc032b3-lifetime-10:***@rp.scrapegw.com:6060	ConnectionTimeoutError: Connection timeout to host https://discord.com/api/v9/unique-username/username-attempt-unauthed
2026-09-01 18:27:14	NETWORK	ecff	attempt=1	proxy=http://wiw4v7duaymysz9-session-356cb92c65aa-lifetime-10:***@rp.scrapegw.com:6060	ConnectionTimeoutError: Connection timeout to host https://discord.com/api/v9/unique-username/username-attempt-unauthed
2026-09-01 18:27:15	NETWORK	dzpu	attempt=1	proxy=http://wiw4v7duaymysz9-session-34b64b4e7476-lifetime-10:***@rp.scrapegw.com:6060	ServerDisconnectedError: Server disconnected
2026-09-01 18:27:15	NETWORK	egbl	attempt=1	proxy=http://wiw4v7duaymysz9-session-3dba610d5f25-lifetime-10:***@rp.scrapegw.com:6060	ClientConnectorError: Cannot connect to host discord.com:443 ssl:default [Connection reset by peer]
2026-09-01 18:27:15	HTTP_429	ekgk	attempt=1	proxy=http://wiw4v7duaymysz9-session-4dd29f3dedb7-lifetime-10:***@rp.scrapegw.com:6060	scope=shared global=False retry_after=1854.00s
2026-09-01 18:27:15	HTTP_429	ekxg	attempt=1	proxy=http://wiw4v7duaymysz9-session-a4912ca3e8f9-lifetime-10:***@rp.scrapegw.com:6060	scope=shared global=False retry_after=676.00s
2026-09-01 18:27:15	HTTP_429	elau	attempt=1	proxy=http://wiw4v7duaymysz9-session-3f825c508d4c-lifetime-10:***@rp.scrapegw.com:6060	scope=shared global=False retry_after=1910.00s
2026-09-01 18:27:15	NETWORK	ehhp	attempt=1	proxy=http://wiw4v7duaymysz9-session-e15da3257dd1-lifetime-10:***@rp.scrapegw.com:6060	ClientConnectorError: Cannot connect to host discord.com:443 ssl:default [Connection reset by peer]
2026-09-01 18:27:15	HTTP_429	ejqa	attempt=1	proxy=http://wiw4v7duaymysz9-session-38f8d3989b04-lifetime-10:***@rp.scrapegw.com:6060	scope=shared global=False retry_after=239.00s
2026-09-01 18:27:15	NETWORK	eepn	attempt=1	proxy=http://wiw4v7duaymysz9-session-eab058410af2-lifetime-10:***@rp.scrapegw.com:6060	ClientConnectorError: Cannot connect to host discord.com:443 ssl:default [Connection reset by peer]
2026-09-01 18:27:15	NETWORK	edpt	attempt=1	proxy=http://wiw4v7duaymysz9-session-0c8a6b962b6d-lifetime-10:***@rp.scrapegw.com:6060	ConnectionTimeoutError: Connection timeout to host https://discord.com/api/v9/unique-username/username-attempt-unauthed
2026-09-01 18:27:15	NETWORK	eees	attempt=1	proxy=http://wiw4v7duaymysz9-session-e27bd774f658-lifetime-10:***@rp.scrapegw.com:6060	ConnectionTimeoutError: Connection timeout to host https://discord.com/api/v9/unique-username/username-attempt-unauthed
2026-09-01 18:27:15	NETWORK	eehz	attempt=1	proxy=http://wiw4v7duaymysz9-session-8257d36baa3d-lifetime-10:***@rp.scrapegw.com:6060	ConnectionTimeoutError: Connection timeout to host https://discord.com/api/v9/unique-username/username-attempt-unauthed
2026-09-01 18:27:15	NETWORK	eecq	attempt=1	proxy=http://wiw4v7duaymysz9-session-89cf548b263f-lifetime-10:***@rp.scrapegw.com:6060	ConnectionTimeoutError: Connection timeout to host https://discord.com/api/v9/unique-username/username-attempt-unauthed
2026-09-01 18:27:15	NETWORK	edjx	attempt=1	proxy=http://wiw4v7duaymysz9-session-e15da3257dd1-lifetime-10:***@rp.scrapegw.com:6060	ConnectionTimeoutError: Connection timeout to host https://discord.com/api/v9/unique-username/username-attempt-unauthed
2026-09-01 18:27:15	NETWORK	edzi	attempt=1	proxy=http://wiw4v7duaymysz9-session-c021bff57699-lifetime-10:***@rp.scrapegw.com:6060	ConnectionTimeoutError: Connection timeout to host https://discord.com/api/v9/unique-username/username-attempt-unauthed
2026-09-01 18:27:15	NETWORK	eehj	attempt=1	proxy=http://wiw4v7duaymysz9-session-5b9b4c1776d6-lifetime-10:***@rp.scrapegw.com:6060	ConnectionTimeoutError: Connection timeout to host https://discord.com/api/v9/unique-username/username-attempt-unauthed
2026-09-01 18:27:15	NETWORK	eebt	attempt=1	proxy=http://wiw4v7duaymysz9-session-a892011f6405-lifetime-10:***@rp.scrapegw.com:6060	ConnectionTimeoutError: Connection timeout to host https://discord.com/api/v9/unique-username/username-attempt-unauthed
2026-09-01 18:27:15	NETWORK	edyp	attempt=1	proxy=http://wiw4v7duaymysz9-session-7f905905aea6-lifetime-10:***@rp.scrapegw.com:6060	ConnectionTimeoutError: Connection timeout to host https://discord.com/api/v9/unique-username/username-attempt-unauthed
2026-09-01 18:27:15	NETWORK	edzj	attempt=1	proxy=http://wiw4v7duaymysz9-session-6fa6802acea3-lifetime-10:***@rp.scrapegw.com:6060	ConnectionTimeoutError: Connection timeout to host https://discord.com/api/v9/unique-username/username-attempt-unauthed
2026-09-01 18:27:15	NETWORK	eedy	attempt=1	proxy=http://wiw4v7duaymysz9-session-14a817d2ede4-lifetime-10:***@rp.scrapegw.com:6060	ConnectionTimeoutError: Connection timeout to host https://discord.com/api/v9/unique-username/username-attempt-unauthed
2026-09-01 18:27:15	NETWORK	edrz	attempt=1	proxy=http://wiw4v7duaymysz9-session-af0573588123-lifetime-10:***@rp.scrapegw.com:6060	ConnectionTimeoutError: Connection timeout to host https://discord.com/api/v9/unique-username/username-attempt-unauthed
2026-09-01 18:27:15	NETWORK	eeac	attempt=1	proxy=http://wiw4v7duaymysz9-session-7de5c3bb685e-lifetime-10:***@rp.scrapegw.com:6060	ConnectionTimeoutError: Connection timeout to host https://discord.com/api/v9/unique-username/username-attempt-unauthed
2026-09-01 18:27:15	NETWORK	eduw	attempt=1	proxy=http://wiw4v7duaymysz9-session-44d8eb46a0e5-lifetime-10:***@rp.scrapegw.com:6060	ConnectionTimeoutError: Connection timeout to host https://discord.com/api/v9/unique-username/username-attempt-unauthed
2026-09-01 18:27:15	NETWORK	eefk	attempt=1	proxy=http://wiw4v7duaymysz9-session-df6ca3f8930e-lifetime-10:***@rp.scrapegw.com:6060	ConnectionTimeoutError: Connection timeout to host https://discord.com/api/v9/unique-username/username-attempt-unauthed
2026-09-01 18:27:15	NETWORK	edtw	attempt=1	proxy=http://wiw4v7duaymysz9-session-e999caac7d55-lifetime-10:***@rp.scrapegw.com:6060	ConnectionTimeoutError: Connection timeout to host https://discord.com/api/v9/unique-username/username-attempt-unauthed
2026-09-01 18:27:15	NETWORK	edlh	attempt=1	proxy=http://wiw4v7duaymysz9-session-4e71f3ca2656-lifetime-10:***@rp.scrapegw.com:6060	ConnectionTimeoutError: Connection timeout to host https://discord.com/api/v9/unique-username/username-attempt-unauthed
2026-09-01 18:27:15	NETWORK	eegu	attempt=1	proxy=http://wiw4v7duaymysz9-session-b6860bc43fcf-lifetime-10:***@rp.scrapegw.com:6060	ConnectionTimeoutError: Connection timeout to host https://discord.com/api/v9/unique-username/username-attempt-unauthed
2026-09-01 18:27:15	NETWORK	edys	attempt=1	proxy=http://wiw4v7duaymysz9-session-97cf40e093d5-lifetime-10:***@rp.scrapegw.com:6060	ConnectionTimeoutError: Connection timeout to host https://discord.com/api/v9/unique-username/username-attempt-unauthed
2026-09-01 18:27:15	NETWORK	eeco	attempt=1	proxy=http://wiw4v7duaymysz9-session-baaeccd30bb5-lifetime-10:***@rp.scrapegw.com:6060	ConnectionTimeoutError: Connection timeout to host https://discord.com/api/v9/unique-username/username-attempt-unauthed
2026-09-01 18:27:15	NETWORK	eefc	attempt=1	proxy=http://wiw4v7duaymysz9-session-083d3d0d4448-lifetime-10:***@rp.scrapegw.com:6060	ConnectionTimeoutError: Connection timeout to host https://discord.com/api/v9/unique-username/username-attempt-unauthed
2026-09-01 18:27:15	NETWORK	eeev	attempt=1	proxy=http://wiw4v7duaymysz9-session-7e7cd6c7108e-lifetime-10:***@rp.scrapegw.com:6060	ConnectionTimeoutError: Connection timeout to host https://discord.com/api/v9/unique-username/username-attempt-unauthed
2026-09-01 18:27:15	NETWORK	eehb	attempt=1	proxy=http://wiw4v7duaymysz9-session-f81120691f57-lifetime-10:***@rp.scrapegw.com:6060	ConnectionTimeoutError: Connection timeout to host https://discord.com/api/v9/unique-username/username-attempt-unauthed
2026-09-01 18:27:15	NETWORK	edzs	attempt=1	proxy=http://wiw4v7duaymysz9-session-d802b3f7f859-lifetime-10:***@rp.scrapegw.com:6060	ConnectionTimeoutError: Connection timeout to host https://discord.com/api/v9/unique-username/username-attempt-unauthed
2026-09-01 18:27:15	NETWORK	edxv	attempt=1	proxy=http://wiw4v7duaymysz9-session-005780d679fc-lifetime-10:***@rp.scrapegw.com:6060	ConnectionTimeoutError: Connection timeout to host https://discord.com/api/v9/unique-username/username-attempt-unauthed
2026-09-01 18:27:15	NETWORK	edxf	attempt=1	proxy=http://wiw4v7duaymysz9-session-6193562bb11a-lifetime-10:***@rp.scrapegw.com:6060	ConnectionTimeoutError: Connection timeout to host https://discord.com/api/v9/unique-username/username-attempt-unauthed
2026-09-01 18:27:15	NETWORK	edwh	attempt=1	proxy=http://wiw4v7duaymysz9-session-3cf4f1af3598-lifetime-10:***@rp.scrapegw.com:6060	ConnectionTimeoutError: Connection timeout to host https://discord.com/api/v9/unique-username/username-attempt-unauthed
2026-09-01 18:27:15	NETWORK	edrn	attempt=1	proxy=http://wiw4v7duaymysz9-session-08a8b819fe5c-lifetime-10:***@rp.scrapegw.com:6060	ConnectionTimeoutError: Connection timeout to host https://discord.com/api/v9/unique-username/username-attempt-unauthed
2026-09-01 18:27:15	NETWORK	edrd	attempt=1	proxy=http://wiw4v7duaymysz9-session-3c03124e4001-lifetime-10:***@rp.scrapegw.com:6060	ConnectionTimeoutError: Connection timeout to host https://discord.com/api/v9/unique-username/username-attempt-unauthed
2026-09-01 18:27:15	NETWORK	edqa	attempt=1	proxy=http://wiw4v7duaymysz9-session-5a193dc9e513-lifetime-10:***@rp.scrapegw.com:6060	ConnectionTimeoutError: Connection timeout to host https://discord.com/api/v9/unique-username/username-attempt-unauthed
2026-09-01 18:27:15	NETWORK	edoj	attempt=1	proxy=http://wiw4v7duaymysz9-session-aa6a52d33862-lifetime-10:***@rp.scrapegw.com:6060	ConnectionTimeoutError: Connection timeout to host https://discord.com/api/v9/unique-username/username-attempt-unauthed
2026-09-01 18:27:15	NETWORK	eegr	attempt=1	proxy=http://wiw4v7duaymysz9-session-218fe6d07151-lifetime-10:***@rp.scrapegw.com:6060	ConnectionTimeoutError: Connection timeout to host https://discord.com/api/v9/unique-username/username-attempt-unauthed
2026-09-01 18:27:15	NETWORK	eday	attempt=1	proxy=http://wiw4v7duaymysz9-session-5c768d1d9823-lifetime-10:***@rp.scrapegw.com:6060	ConnectionTimeoutError: Connection timeout to host https://discord.com/api/v9/unique-username/username-attempt-unauthed
2026-09-01 18:27:15	NETWORK	edhp	attempt=1	proxy=http://wiw4v7duaymysz9-session-164c9b1bdb6e-lifetime-10:***@rp.scrapegw.com:6060	ConnectionTimeoutError: Connection timeout to host https://discord.com/api/v9/unique-username/username-attempt-unauthed
2026-09-01 18:27:15	NETWORK	edvb	attempt=1	proxy=http://wiw4v7duaymysz9-session-7b8666cbaf11-lifetime-10:***@rp.scrapegw.com:6060	ConnectionTimeoutError: Connection timeout to host https://discord.com/api/v9/unique-username/username-attempt-unauthed
2026-09-01 18:27:15	NETWORK	eeef	attempt=1	proxy=http://wiw4v7duaymysz9-session-d3310bc940bc-lifetime-10:***@rp.scrapegw.com:6060	ConnectionTimeoutError: Connection timeout to host https://discord.com/api/v9/unique-username/username-attempt-unauthed
2026-09-01 18:27:15	NETWORK	edfs	attempt=1	proxy=http://wiw4v7duaymysz9-session-99b95f288673-lifetime-10:***@rp.scrapegw.com:6060	ConnectionTimeoutError: Connection timeout to host https://discord.com/api/v9/unique-username/username-attempt-unauthed
2026-09-01 18:27:15	NETWORK	edko	attempt=1	proxy=http://wiw4v7duaymysz9-session-efe659ca88e5-lifetime-10:***@rp.scrapegw.com:6060	ConnectionTimeoutError: Connection timeout to host https://discord.com/api/v9/unique-username/username-attempt-unauthed
2026-09-01 18:27:15	NETWORK	edtf	attempt=1	proxy=http://wiw4v7duaymysz9-session-ecfbc53207f0-lifetime-10:***@rp.scrapegw.com:6060	ConnectionTimeoutError: Connection timeout to host https://discord.com/api/v9/unique-username/username-attempt-unauthed
2026-09-01 18:27:15	NETWORK	eegi	attempt=1	proxy=http://wiw4v7duaymysz9-session-f2d1ae6daf66-lifetime-10:***@rp.scrapegw.com:6060	ConnectionTimeoutError: Connection timeout to host https://discord.com/api/v9/unique-username/username-attempt-unauthed
2026-09-01 18:27:15	NETWORK	edus	attempt=1	proxy=http://wiw4v7duaymysz9-session-f2c8f5143f49-lifetime-10:***@rp.scrapegw.com:6060	ConnectionTimeoutError: Connection timeout to host https://discord.com/api/v9/unique-username/username-attempt-unauthed
2026-09-01 18:27:15	NETWORK	edlq	attempt=1	proxy=http://wiw4v7duaymysz9-session-9bff3079f3e0-lifetime-10:***@rp.scrapegw.com:6060	ConnectionTimeoutError: Connection timeout to host https://discord.com/api/v9/unique-username/username-attempt-unauthed
2026-09-01 18:27:15	NETWORK	edkz	attempt=1	proxy=http://wiw4v7duaymysz9-session-1d4ffdb6da18-lifetime-10:***@rp.scrapegw.com:6060	ConnectionTimeoutError: Connection timeout to host https://discord.com/api/v9/unique-username/username-attempt-unauthed
2026-09-01 18:27:15	NETWORK	eeah	attempt=1	proxy=http://wiw4v7duaymysz9-session-f4f38d861204-lifetime-10:***@rp.scrapegw.com:6060	ConnectionTimeoutError: Connection timeout to host https://discord.com/api/v9/unique-username/username-attempt-unauthed
2026-09-01 18:27:15	NETWORK	edrw	attempt=1	proxy=http://wiw4v7duaymysz9-session-cbedc4c0e386-lifetime-10:***@rp.scrapegw.com:6060	ConnectionTimeoutError: Connection timeout to host https://discord.com/api/v9/unique-username/username-attempt-unauthed
2026-09-01 18:27:15	NETWORK	edca	attempt=1	proxy=http://wiw4v7duaymysz9-session-ff8941070677-lifetime-10:***@rp.scrapegw.com:6060	ConnectionTimeoutError: Connection timeout to host https://discord.com/api/v9/unique-username/username-attempt-unauthed
2026-09-01 18:27:15	NETWORK	eefe	attempt=1	proxy=http://wiw4v7duaymysz9-session-0d2f31e98770-lifetime-10:***@rp.scrapegw.com:6060	ConnectionTimeoutError: Connection timeout to host https://discord.com/api/v9/unique-username/username-attempt-unauthed
2026-09-01 18:27:15	NETWORK	egot	attempt=1	proxy=http://wiw4v7duaymysz9-session-7ac68c78f0a9-lifetime-10:***@rp.scrapegw.com:6060	ClientConnectorError: Cannot connect to host discord.com:443 ssl:default [Connection reset by peer]
2026-09-01 18:27:15	HTTP_429	embe	attempt=1	proxy=http://wiw4v7duaymysz9-session-18363b46e51a-lifetime-10:***@rp.scrapegw.com:6060	scope=shared global=False retry_after=1613.00s
2026-09-01 18:27:16	NETWORK	eexm	attempt=1	proxy=http://wiw4v7duaymysz9-session-043faab5a520-lifetime-10:***@rp.scrapegw.com:6060	ConnectionTimeoutError: Connection timeout to host https://discord.com/api/v9/unique-username/username-attempt-unauthed
2026-09-01 18:27:16	NETWORK	eeye	attempt=1	proxy=http://wiw4v7duaymysz9-session-5755b634b7be-lifetime-10:***@rp.scrapegw.com:6060	ConnectionTimeoutError: Connection timeout to host https://discord.com/api/v9/unique-username/username-attempt-unauthed
2026-09-01 18:27:16	NETWORK	eeqf	attempt=1	proxy=http://wiw4v7duaymysz9-session-653e19e0ca1f-lifetime-10:***@rp.scrapegw.com:6060	ConnectionTimeoutError: Connection timeout to host https://discord.com/api/v9/unique-username/username-attempt-unauthed
2026-09-01 18:27:16	NETWORK	eexx	attempt=1	proxy=http://wiw4v7duaymysz9-session-3cbee86319ae-lifetime-10:***@rp.scrapegw.com:6060	ConnectionTimeoutError: Connection timeout to host https://discord.com/api/v9/unique-username/username-attempt-unauthed
2026-09-01 18:27:16	NETWORK	eekh	attempt=1	proxy=http://wiw4v7duaymysz9-session-e1be603b4270-lifetime-10:***@rp.scrapegw.com:6060	ConnectionTimeoutError: Connection timeout to host https://discord.com/api/v9/unique-username/username-attempt-unauthed
2026-09-01 18:27:16	NETWORK	eemy	attempt=1	proxy=http://wiw4v7duaymysz9-session-aef46040bcc8-lifetime-10:***@rp.scrapegw.com:6060	ConnectionTimeoutError: Connection timeout to host https://discord.com/api/v9/unique-username/username-attempt-unauthed
2026-09-01 18:27:16	NETWORK	eetp	attempt=1	proxy=http://wiw4v7duaymysz9-session-0c6835e1a239-lifetime-10:***@rp.scrapegw.com:6060	ConnectionTimeoutError: Connection timeout to host https://discord.com/api/v9/unique-username/username-attempt-unauthed
2026-09-01 18:27:16	NETWORK	eeqs	attempt=1	proxy=http://wiw4v7duaymysz9-session-4d41e09a92f0-lifetime-10:***@rp.scrapegw.com:6060	ConnectionTimeoutError: Connection timeout to host https://discord.com/api/v9/unique-username/username-attempt-unauthed
2026-09-01 18:27:16	NETWORK	eequ	attempt=1	proxy=http://wiw4v7duaymysz9-session-802409b11767-lifetime-10:***@rp.scrapegw.com:6060	ConnectionTimeoutError: Connection timeout to host https://discord.com/api/v9/unique-username/username-attempt-unauthed
2026-09-01 18:27:16	NETWORK	eerd	attempt=1	proxy=http://wiw4v7duaymysz9-session-34b64b4e7476-lifetime-10:***@rp.scrapegw.com:6060	ConnectionTimeoutError: Connection timeout to host https://discord.com/api/v9/unique-username/username-attempt-unauthed
2026-09-01 18:27:16	NETWORK	eepv	attempt=1	proxy=http://wiw4v7duaymysz9-session-6b6937b3acc4-lifetime-10:***@rp.scrapegw.com:6060	ConnectionTimeoutError: Connection timeout to host https://discord.com/api/v9/unique-username/username-attempt-unauthed
2026-09-01 18:27:16	NETWORK	eerx	attempt=1	proxy=http://wiw4v7duaymysz9-session-78e1058318f8-lifetime-10:***@rp.scrapegw.com:6060	ConnectionTimeoutError: Connection timeout to host https://discord.com/api/v9/unique-username/username-attempt-unauthed
2026-09-01 18:27:16	NETWORK	efjr	attempt=1	proxy=http://wiw4v7duaymysz9-session-4d4e6fb577d8-lifetime-10:***@rp.scrapegw.com:6060	ConnectionTimeoutError: Connection timeout to host https://discord.com/api/v9/unique-username/username-attempt-unauthed
2026-09-01 18:27:16	NETWORK	efhu	attempt=1	proxy=http://wiw4v7duaymysz9-session-2bc3212b2fac-lifetime-10:***@rp.scrapegw.com:6060	ConnectionTimeoutError: Connection timeout to host https://discord.com/api/v9/unique-username/username-attempt-unauthed
2026-09-01 18:27:16	NETWORK	efgm	attempt=1	proxy=http://wiw4v7duaymysz9-session-30223a4cdcaf-lifetime-10:***@rp.scrapegw.com:6060	ConnectionTimeoutError: Connection timeout to host https://discord.com/api/v9/unique-username/username-attempt-unauthed
2026-09-01 18:27:16	NETWORK	eena	attempt=1	proxy=http://wiw4v7duaymysz9-session-57ebb4c4afc5-lifetime-10:***@rp.scrapegw.com:6060	ConnectionTimeoutError: Connection timeout to host https://discord.com/api/v9/unique-username/username-attempt-unauthed
2026-09-01 18:27:16	NETWORK	eenk	attempt=1	proxy=http://wiw4v7duaymysz9-session-0b452eb5589f-lifetime-10:***@rp.scrapegw.com:6060	ConnectionTimeoutError: Connection timeout to host https://discord.com/api/v9/unique-username/username-attempt-unauthed
2026-09-01 18:27:16	NETWORK	eetj	attempt=1	proxy=http://wiw4v7duaymysz9-session-9e6a5566fedc-lifetime-10:***@rp.scrapegw.com:6060	ConnectionTimeoutError: Connection timeout to host https://discord.com/api/v9/unique-username/username-attempt-unauthed
2026-09-01 18:27:16	NETWORK	efba	attempt=1	proxy=http://wiw4v7duaymysz9-session-789112708041-lifetime-10:***@rp.scrapegw.com:6060	ConnectionTimeoutError: Connection timeout to host https://discord.com/api/v9/unique-username/username-attempt-unauthed
2026-09-01 18:27:16	NETWORK	eemq	attempt=1	proxy=http://wiw4v7duaymysz9-session-c6e434aefceb-lifetime-10:***@rp.scrapegw.com:6060	ConnectionTimeoutError: Connection timeout to host https://discord.com/api/v9/unique-username/username-attempt-unauthed
2026-09-01 18:27:16	NETWORK	eenw	attempt=1	proxy=http://wiw4v7duaymysz9-session-a4cd9a49b8d7-lifetime-10:***@rp.scrapegw.com:6060	ConnectionTimeoutError: Connection timeout to host https://discord.com/api/v9/unique-username/username-attempt-unauthed
2026-09-01 18:27:16	NETWORK	eevy	attempt=1	proxy=http://wiw4v7duaymysz9-session-f449840a0124-lifetime-10:***@rp.scrapegw.com:6060	ConnectionTimeoutError: Connection timeout to host https://discord.com/api/v9/unique-username/username-attempt-unauthed
2026-09-01 18:27:16	NETWORK	eeun	attempt=1	proxy=http://wiw4v7duaymysz9-session-9d16dfb27b2a-lifetime-10:***@rp.scrapegw.com:6060	ConnectionTimeoutError: Connection timeout to host https://discord.com/api/v9/unique-username/username-attempt-unauthed
2026-09-01 18:27:16	NETWORK	efok	attempt=1	proxy=http://wiw4v7duaymysz9-session-bc25068f1106-lifetime-10:***@rp.scrapegw.com:6060	ConnectionTimeoutError: Connection timeout to host https://discord.com/api/v9/unique-username/username-attempt-unauthed
2026-09-01 18:27:16	NETWORK	eepw	attempt=1	proxy=http://wiw4v7duaymysz9-session-06e111db4b81-lifetime-10:***@rp.scrapegw.com:6060	ConnectionTimeoutError: Connection timeout to host https://discord.com/api/v9/unique-username/username-attempt-unauthed
2026-09-01 18:27:16	NETWORK	eeqr	attempt=1	proxy=http://wiw4v7duaymysz9-session-536f722b9794-lifetime-10:***@rp.scrapegw.com:6060	ConnectionTimeoutError: Connection timeout to host https://discord.com/api/v9/unique-username/username-attempt-unauthed
2026-09-01 18:27:16	NETWORK	efoy	attempt=1	proxy=http://wiw4v7duaymysz9-session-043fc0bf8351-lifetime-10:***@rp.scrapegw.com:6060	ConnectionTimeoutError: Connection timeout to host https://discord.com/api/v9/unique-username/username-attempt-unauthed
2026-09-01 18:27:16	NETWORK	eekm	attempt=1	proxy=http://wiw4v7duaymysz9-session-4771c780840d-lifetime-10:***@rp.scrapegw.com:6060	ConnectionTimeoutError: Connection timeout to host https://discord.com/api/v9/unique-username/username-attempt-unauthed
2026-09-01 18:27:16	NETWORK	eejk	attempt=1	proxy=http://wiw4v7duaymysz9-session-1fa77a6a0f46-lifetime-10:***@rp.scrapegw.com:6060	ConnectionTimeoutError: Connection timeout to host https://discord.com/api/v9/unique-username/username-attempt-unauthed
2026-09-01 18:27:16	NETWORK	efkt	attempt=1	proxy=http://wiw4v7duaymysz9-session-a335c00a94a6-lifetime-10:***@rp.scrapegw.com:6060	ConnectionTimeoutError: Connection timeout to host https://discord.com/api/v9/unique-username/username-attempt-unauthed
2026-09-01 18:27:16	NETWORK	efkl	attempt=1	proxy=http://wiw4v7duaymysz9-session-848f383129d9-lifetime-10:***@rp.scrapegw.com:6060	ConnectionTimeoutError: Connection timeout to host https://discord.com/api/v9/unique-username/username-attempt-unauthed
2026-09-01 18:27:16	NETWORK	efck	attempt=1	proxy=http://wiw4v7duaymysz9-session-0310daabcc18-lifetime-10:***@rp.scrapegw.com:6060	ConnectionTimeoutError: Connection timeout to host https://discord.com/api/v9/unique-username/username-attempt-unauthed
2026-09-01 18:27:16	NETWORK	efdj	attempt=1	proxy=http://wiw4v7duaymysz9-session-6555592b8fe0-lifetime-10:***@rp.scrapegw.com:6060	ConnectionTimeoutError: Connection timeout to host https://discord.com/api/v9/unique-username/username-attempt-unauthed
2026-09-01 18:27:16	NETWORK	eflc	attempt=1	proxy=http://wiw4v7duaymysz9-session-921c3dfae2ba-lifetime-10:***@rp.scrapegw.com:6060	ConnectionTimeoutError: Connection timeout to host https://discord.com/api/v9/unique-username/username-attempt-unauthed
2026-09-01 18:27:16	NETWORK	efih	attempt=1	proxy=http://wiw4v7duaymysz9-session-40cab0623581-lifetime-10:***@rp.scrapegw.com:6060	ConnectionTimeoutError: Connection timeout to host https://discord.com/api/v9/unique-username/username-attempt-unauthed
2026-09-01 18:27:16	NETWORK	eflf	attempt=1	proxy=http://wiw4v7duaymysz9-session-b14af86e747e-lifetime-10:***@rp.scrapegw.com:6060	ConnectionTimeoutError: Connection timeout to host https://discord.com/api/v9/unique-username/username-attempt-unauthed
2026-09-01 18:27:16	NETWORK	efag	attempt=1	proxy=http://wiw4v7duaymysz9-session-42723fece55d-lifetime-10:***@rp.scrapegw.com:6060	ConnectionTimeoutError: Connection timeout to host https://discord.com/api/v9/unique-username/username-attempt-unauthed
2026-09-01 18:27:16	NETWORK	eevs	attempt=1	proxy=http://wiw4v7duaymysz9-session-9b0d2a57bddf-lifetime-10:***@rp.scrapegw.com:6060	ConnectionTimeoutError: Connection timeout to host https://discord.com/api/v9/unique-username/username-attempt-unauthed
2026-09-01 18:27:16	NETWORK	efim	attempt=1	proxy=http://wiw4v7duaymysz9-session-396fd691b5ed-lifetime-10:***@rp.scrapegw.com:6060	ConnectionTimeoutError: Connection timeout to host https://discord.com/api/v9/unique-username/username-attempt-unauthed
2026-09-01 18:27:16	NETWORK	eexv	attempt=1	proxy=http://wiw4v7duaymysz9-session-127375a7b097-lifetime-10:***@rp.scrapegw.com:6060	ConnectionTimeoutError: Connection timeout to host https://discord.com/api/v9/unique-username/username-attempt-unauthed
2026-09-01 18:27:16	NETWORK	eepb	attempt=1	proxy=http://wiw4v7duaymysz9-session-6bb1b9fd959a-lifetime-10:***@rp.scrapegw.com:6060	ConnectionTimeoutError: Connection timeout to host https://discord.com/api/v9/unique-username/username-attempt-unauthed
2026-09-01 18:27:16	NETWORK	effd	attempt=1	proxy=http://wiw4v7duaymysz9-session-6e89687f42c0-lifetime-10:***@rp.scrapegw.com:6060	ConnectionTimeoutError: Connection timeout to host https://discord.com/api/v9/unique-username/username-attempt-unauthed
2026-09-01 18:27:16	NETWORK	efmb	attempt=1	proxy=http://wiw4v7duaymysz9-session-1d59206d37b6-lifetime-10:***@rp.scrapegw.com:6060	ConnectionTimeoutError: Connection timeout to host https://discord.com/api/v9/unique-username/username-attempt-unauthed
2026-09-01 18:27:16	NETWORK	efgb	attempt=1	proxy=http://wiw4v7duaymysz9-session-7ac84b4b16ed-lifetime-10:***@rp.scrapegw.com:6060	ConnectionTimeoutError: Connection timeout to host https://discord.com/api/v9/unique-username/username-attempt-unauthed
2026-09-01 18:27:16	NETWORK	efex	attempt=1	proxy=http://wiw4v7duaymysz9-session-e7ccb71b78ac-lifetime-10:***@rp.scrapegw.com:6060	ConnectionTimeoutError: Connection timeout to host https://discord.com/api/v9/unique-username/username-attempt-unauthed
2026-09-01 18:27:16	NETWORK	efbr	attempt=1	proxy=http://wiw4v7duaymysz9-session-6ab2648a8dab-lifetime-10:***@rp.scrapegw.com:6060	ConnectionTimeoutError: Connection timeout to host https://discord.com/api/v9/unique-username/username-attempt-unauthed
2026-09-01 18:27:16	NETWORK	eeuc	attempt=1	proxy=http://wiw4v7duaymysz9-session-a4c65bd6d1b5-lifetime-10:***@rp.scrapegw.com:6060	ConnectionTimeoutError: Connection timeout to host https://discord.com/api/v9/unique-username/username-attempt-unauthed
2026-09-01 18:27:16	NETWORK	eeqp	attempt=1	proxy=http://wiw4v7duaymysz9-session-ef4d917ac589-lifetime-10:***@rp.scrapegw.com:6060	ConnectionTimeoutError: Connection timeout to host https://discord.com/api/v9/unique-username/username-attempt-unauthed
2026-09-01 18:27:16	NETWORK	efbq	attempt=1	proxy=http://wiw4v7duaymysz9-session-97a5cf2ea282-lifetime-10:***@rp.scrapegw.com:6060	ConnectionTimeoutError: Connection timeout to host https://discord.com/api/v9/unique-username/username-attempt-unauthed
2026-09-01 18:27:16	NETWORK	efdl	attempt=1	proxy=http://wiw4v7duaymysz9-session-fe58e7b53639-lifetime-10:***@rp.scrapegw.com:6060	ConnectionTimeoutError: Connection timeout to host https://discord.com/api/v9/unique-username/username-attempt-unauthed
2026-09-01 18:27:16	NETWORK	eerm	attempt=1	proxy=http://wiw4v7duaymysz9-session-3700b1f9c695-lifetime-10:***@rp.scrapegw.com:6060	ConnectionTimeoutError: Connection timeout to host https://discord.com/api/v9/unique-username/username-attempt-unauthed
2026-09-01 18:27:16	NETWORK	eenz	attempt=1	proxy=http://wiw4v7duaymysz9-session-d6f4f1275309-lifetime-10:***@rp.scrapegw.com:6060	ConnectionTimeoutError: Connection timeout to host https://discord.com/api/v9/unique-username/username-attempt-unauthed
2026-09-01 18:27:16	NETWORK	eezt	attempt=1	proxy=http://wiw4v7duaymysz9-session-1df9b844183d-lifetime-10:***@rp.scrapegw.com:6060	ConnectionTimeoutError: Connection timeout to host https://discord.com/api/v9/unique-username/username-attempt-unauthed
2026-09-01 18:27:16	NETWORK	eexy	attempt=1	proxy=http://wiw4v7duaymysz9-session-19e36bce642c-lifetime-10:***@rp.scrapegw.com:6060	ConnectionTimeoutError: Connection timeout to host https://discord.com/api/v9/unique-username/username-attempt-unauthed
2026-09-01 18:27:16	NETWORK	eenx	attempt=1	proxy=http://wiw4v7duaymysz9-session-856b555acc3a-lifetime-10:***@rp.scrapegw.com:6060	ConnectionTimeoutError: Connection timeout to host https://discord.com/api/v9/unique-username/username-attempt-unauthed
2026-09-01 18:27:16	NETWORK	eeti	attempt=1	proxy=http://wiw4v7duaymysz9-session-fad95634745e-lifetime-10:***@rp.scrapegw.com:6060	ConnectionTimeoutError: Connection timeout to host https://discord.com/api/v9/unique-username/username-attempt-unauthed
2026-09-01 18:27:17	NETWORK	ehvx	attempt=1	proxy=http://wiw4v7duaymysz9-session-8101be33064f-lifetime-10:***@rp.scrapegw.com:6060	ClientConnectorError: Cannot connect to host discord.com:443 ssl:default [Connection reset by peer]
2026-09-01 18:27:17	HTTP_429	entc	attempt=1	proxy=http://wiw4v7duaymysz9-session-d45d0796c284-lifetime-10:***@rp.scrapegw.com:6060	scope=shared global=False retry_after=1372.00s
2026-09-01 18:27:17	HTTP_429	enpp	attempt=1	proxy=http://wiw4v7duaymysz9-session-206302627ffe-lifetime-10:***@rp.scrapegw.com:6060	scope=shared global=False retry_after=1668.00s
2026-09-01 18:27:17	HTTP_429	enoy	attempt=1	proxy=http://wiw4v7duaymysz9-session-80ea36786cf1-lifetime-10:***@rp.scrapegw.com:6060	scope=shared global=False retry_after=687.00s
2026-09-01 18:27:17	HTTP_429	eghd	attempt=1	proxy=http://wiw4v7duaymysz9-session-f7a77da68de0-lifetime-10:***@rp.scrapegw.com:6060	scope=shared global=False retry_after=579.51s
2026-09-01 18:27:17	NETWORK	egqf	attempt=1	proxy=http://wiw4v7duaymysz9-session-50dad7b27d34-lifetime-10:***@rp.scrapegw.com:6060	ConnectionTimeoutError: Connection timeout to host https://discord.com/api/v9/unique-username/username-attempt-unauthed
2026-09-01 18:27:17	NETWORK	egmm	attempt=1	proxy=http://wiw4v7duaymysz9-session-e5fffddfd07b-lifetime-10:***@rp.scrapegw.com:6060	ConnectionTimeoutError: Connection timeout to host https://discord.com/api/v9/unique-username/username-attempt-unauthed
2026-09-01 18:27:17	NETWORK	egmy	attempt=1	proxy=http://wiw4v7duaymysz9-session-c07db5bddaa3-lifetime-10:***@rp.scrapegw.com:6060	ConnectionTimeoutError: Connection timeout to host https://discord.com/api/v9/unique-username/username-attempt-unauthed
2026-09-01 18:27:17	NETWORK	egjl	attempt=1	proxy=http://wiw4v7duaymysz9-session-8fb8e62ee2d0-lifetime-10:***@rp.scrapegw.com:6060	ConnectionTimeoutError: Connection timeout to host https://discord.com/api/v9/unique-username/username-attempt-unauthed
2026-09-01 18:27:17	NETWORK	eghm	attempt=1	proxy=http://wiw4v7duaymysz9-session-4132386b01c0-lifetime-10:***@rp.scrapegw.com:6060	ConnectionTimeoutError: Connection timeout to host https://discord.com/api/v9/unique-username/username-attempt-unauthed
2026-09-01 18:27:17	NETWORK	egeh	attempt=1	proxy=http://wiw4v7duaymysz9-session-d5c49e183430-lifetime-10:***@rp.scrapegw.com:6060	ConnectionTimeoutError: Connection timeout to host https://discord.com/api/v9/unique-username/username-attempt-unauthed
2026-09-01 18:27:17	NETWORK	egdo	attempt=1	proxy=http://wiw4v7duaymysz9-session-8caa81c743bc-lifetime-10:***@rp.scrapegw.com:6060	ConnectionTimeoutError: Connection timeout to host https://discord.com/api/v9/unique-username/username-attempt-unauthed
2026-09-01 18:27:17	NETWORK	efqu	attempt=1	proxy=http://wiw4v7duaymysz9-session-42e6ffe75217-lifetime-10:***@rp.scrapegw.com:6060	ConnectionTimeoutError: Connection timeout to host https://discord.com/api/v9/unique-username/username-attempt-unauthed
2026-09-01 18:27:17	NETWORK	egqi	attempt=1	proxy=http://wiw4v7duaymysz9-session-9848c28dd20e-lifetime-10:***@rp.scrapegw.com:6060	ConnectionTimeoutError: Connection timeout to host https://discord.com/api/v9/unique-username/username-attempt-unauthed
2026-09-01 18:27:17	NETWORK	egsd	attempt=1	proxy=http://wiw4v7duaymysz9-session-f6069cc032b3-lifetime-10:***@rp.scrapegw.com:6060	ConnectionTimeoutError: Connection timeout to host https://discord.com/api/v9/unique-username/username-attempt-unauthed
2026-09-01 18:27:17	NETWORK	egrr	attempt=1	proxy=http://wiw4v7duaymysz9-session-0200725d5f03-lifetime-10:***@rp.scrapegw.com:6060	ConnectionTimeoutError: Connection timeout to host https://discord.com/api/v9/unique-username/username-attempt-unauthed
2026-09-01 18:27:17	NETWORK	efvq	attempt=1	proxy=http://wiw4v7duaymysz9-session-9dc519f95337-lifetime-10:***@rp.scrapegw.com:6060	ConnectionTimeoutError: Connection timeout to host https://discord.com/api/v9/unique-username/username-attempt-unauthed
2026-09-01 18:27:17	NETWORK	eghx	attempt=1	proxy=http://wiw4v7duaymysz9-session-fdb9af2eb3ae-lifetime-10:***@rp.scrapegw.com:6060	ConnectionTimeoutError: Connection timeout to host https://discord.com/api/v9/unique-username/username-attempt-unauthed
2026-09-01 18:27:17	NETWORK	eggq	attempt=1	proxy=http://wiw4v7duaymysz9-session-e7daa8b0070a-lifetime-10:***@rp.scrapegw.com:6060	ConnectionTimeoutError: Connection timeout to host https://discord.com/api/v9/unique-username/username-attempt-unauthed
2026-09-01 18:27:17	NETWORK	efvt	attempt=1	proxy=http://wiw4v7duaymysz9-session-2611482c5942-lifetime-10:***@rp.scrapegw.com:6060	ConnectionTimeoutError: Connection timeout to host https://discord.com/api/v9/unique-username/username-attempt-unauthed
2026-09-01 18:27:17	NETWORK	egkp	attempt=1	proxy=http://wiw4v7duaymysz9-session-2b3d0a0b42bb-lifetime-10:***@rp.scrapegw.com:6060	ConnectionTimeoutError: Connection timeout to host https://discord.com/api/v9/unique-username/username-attempt-unauthed
2026-09-01 18:27:17	NETWORK	egee	attempt=1	proxy=http://wiw4v7duaymysz9-session-f18094659cf1-lifetime-10:***@rp.scrapegw.com:6060	ConnectionTimeoutError: Connection timeout to host https://discord.com/api/v9/unique-username/username-attempt-unauthed
2026-09-01 18:27:17	NETWORK	efua	attempt=1	proxy=http://wiw4v7duaymysz9-session-6e3cd3880c0a-lifetime-10:***@rp.scrapegw.com:6060	ConnectionTimeoutError: Connection timeout to host https://discord.com/api/v9/unique-username/username-attempt-unauthed
2026-09-01 18:27:17	NETWORK	egmv	attempt=1	proxy=http://wiw4v7duaymysz9-session-b4767e6b29e8-lifetime-10:***@rp.scrapegw.com:6060	ConnectionTimeoutError: Connection timeout to host https://discord.com/api/v9/unique-username/username-attempt-unauthed
2026-09-01 18:27:17	NETWORK	egjx	attempt=1	proxy=http://wiw4v7duaymysz9-session-3cb8425a2e69-lifetime-10:***@rp.scrapegw.com:6060	ConnectionTimeoutError: Connection timeout to host https://discord.com/api/v9/unique-username/username-attempt-unauthed
2026-09-01 18:27:17	NETWORK	efsf	attempt=1	proxy=http://wiw4v7duaymysz9-session-c328905d09fc-lifetime-10:***@rp.scrapegw.com:6060	ConnectionTimeoutError: Connection timeout to host https://discord.com/api/v9/unique-username/username-attempt-unauthed
2026-09-01 18:27:17	NETWORK	eghf	attempt=1	proxy=http://wiw4v7duaymysz9-session-de8bedb7d15d-lifetime-10:***@rp.scrapegw.com:6060	ConnectionTimeoutError: Connection timeout to host https://discord.com/api/v9/unique-username/username-attempt-unauthed
2026-09-01 18:27:17	NETWORK	efqy	attempt=1	proxy=http://wiw4v7duaymysz9-session-e93e3a54db69-lifetime-10:***@rp.scrapegw.com:6060	ConnectionTimeoutError: Connection timeout to host https://discord.com/api/v9/unique-username/username-attempt-unauthed
2026-09-01 18:27:17	NETWORK	efye	attempt=1	proxy=http://wiw4v7duaymysz9-session-fbb0a691f3ba-lifetime-10:***@rp.scrapegw.com:6060	ConnectionTimeoutError: Connection timeout to host https://discord.com/api/v9/unique-username/username-attempt-unauthed
2026-09-01 18:27:17	NETWORK	egem	attempt=1	proxy=http://wiw4v7duaymysz9-session-3544e758f2de-lifetime-10:***@rp.scrapegw.com:6060	ConnectionTimeoutError: Connection timeout to host https://discord.com/api/v9/unique-username/username-attempt-unauthed
2026-09-01 18:27:17	NETWORK	egdj	attempt=1	proxy=http://wiw4v7duaymysz9-session-556e84207269-lifetime-10:***@rp.scrapegw.com:6060	ConnectionTimeoutError: Connection timeout to host https://discord.com/api/v9/unique-username/username-attempt-unauthed
2026-09-01 18:27:17	NETWORK	egie	attempt=1	proxy=http://wiw4v7duaymysz9-session-794f6d4e484a-lifetime-10:***@rp.scrapegw.com:6060	ConnectionTimeoutError: Connection timeout to host https://discord.com/api/v9/unique-username/username-attempt-unauthed
2026-09-01 18:27:17	NETWORK	egga	attempt=1	proxy=http://wiw4v7duaymysz9-session-d2cfe71e9fb2-lifetime-10:***@rp.scrapegw.com:6060	ConnectionTimeoutError: Connection timeout to host https://discord.com/api/v9/unique-username/username-attempt-unauthed
2026-09-01 18:27:17	NETWORK	egea	attempt=1	proxy=http://wiw4v7duaymysz9-session-2e0f88795116-lifetime-10:***@rp.scrapegw.com:6060	ConnectionTimeoutError: Connection timeout to host https://discord.com/api/v9/unique-username/username-attempt-unauthed
2026-09-01 18:27:17	NETWORK	efyn	attempt=1	proxy=http://wiw4v7duaymysz9-session-04f1296c2a61-lifetime-10:***@rp.scrapegw.com:6060	ConnectionTimeoutError: Connection timeout to host https://discord.com/api/v9/unique-username/username-attempt-unauthed
2026-09-01 18:27:17	NETWORK	efsp	attempt=1	proxy=http://wiw4v7duaymysz9-session-dbdf93cca703-lifetime-10:***@rp.scrapegw.com:6060	ConnectionTimeoutError: Connection timeout to host https://discord.com/api/v9/unique-username/username-attempt-unauthed
2026-09-01 18:27:17	NETWORK	efse	attempt=1	proxy=http://wiw4v7duaymysz9-session-d0bee92f38a5-lifetime-10:***@rp.scrapegw.com:6060	ConnectionTimeoutError: Connection timeout to host https://discord.com/api/v9/unique-username/username-attempt-unauthed
2026-09-01 18:27:17	NETWORK	efrl	attempt=1	proxy=http://wiw4v7duaymysz9-session-e25460af1a72-lifetime-10:***@rp.scrapegw.com:6060	ConnectionTimeoutError: Connection timeout to host https://discord.com/api/v9/unique-username/username-attempt-unauthed
2026-09-01 18:27:17	NETWORK	efqt	attempt=1	proxy=http://wiw4v7duaymysz9-session-c97deee7e633-lifetime-10:***@rp.scrapegw.com:6060	ConnectionTimeoutError: Connection timeout to host https://discord.com/api/v9/unique-username/username-attempt-unauthed
2026-09-01 18:27:17	NETWORK	egay	attempt=1	proxy=http://wiw4v7duaymysz9-session-25d228799180-lifetime-10:***@rp.scrapegw.com:6060	ConnectionTimeoutError: Connection timeout to host https://discord.com/api/v9/unique-username/username-attempt-unauthed
2026-09-01 18:27:17	NETWORK	efrp	attempt=1	proxy=http://wiw4v7duaymysz9-session-c4dc4ff7095f-lifetime-10:***@rp.scrapegw.com:6060	ConnectionTimeoutError: Connection timeout to host https://discord.com/api/v9/unique-username/username-attempt-unauthed
2026-09-01 18:27:17	NETWORK	efqo	attempt=1	proxy=http://wiw4v7duaymysz9-session-f2b4eb88dd49-lifetime-10:***@rp.scrapegw.com:6060	ConnectionTimeoutError: Connection timeout to host https://discord.com/api/v9/unique-username/username-attempt-unauthed
2026-09-01 18:27:17	NETWORK	efqd	attempt=1	proxy=http://wiw4v7duaymysz9-session-b77e17166d38-lifetime-10:***@rp.scrapegw.com:6060	ConnectionTimeoutError: Connection timeout to host https://discord.com/api/v9/unique-username/username-attempt-unauthed
2026-09-01 18:27:17	NETWORK	egsb	attempt=1	proxy=http://wiw4v7duaymysz9-session-2f37c36974dd-lifetime-10:***@rp.scrapegw.com:6060	ConnectionTimeoutError: Connection timeout to host https://discord.com/api/v9/unique-username/username-attempt-unauthed
2026-09-01 18:27:17	NETWORK	egdh	attempt=1	proxy=http://wiw4v7duaymysz9-session-f5419852a319-lifetime-10:***@rp.scrapegw.com:6060	ConnectionTimeoutError: Connection timeout to host https://discord.com/api/v9/unique-username/username-attempt-unauthed
2026-09-01 18:27:17	NETWORK	egdk	attempt=1	proxy=http://wiw4v7duaymysz9-session-6df9950a09c6-lifetime-10:***@rp.scrapegw.com:6060	ConnectionTimeoutError: Connection timeout to host https://discord.com/api/v9/unique-username/username-attempt-unauthed
2026-09-01 18:27:17	NETWORK	egak	attempt=1	proxy=http://wiw4v7duaymysz9-session-18c1b38ea5da-lifetime-10:***@rp.scrapegw.com:6060	ConnectionTimeoutError: Connection timeout to host https://discord.com/api/v9/unique-username/username-attempt-unauthed
2026-09-01 18:27:17	NETWORK	egdp	attempt=1	proxy=http://wiw4v7duaymysz9-session-57c2f466f05a-lifetime-10:***@rp.scrapegw.com:6060	ConnectionTimeoutError: Connection timeout to host https://discord.com/api/v9/unique-username/username-attempt-unauthed
2026-09-01 18:27:17	NETWORK	egbt	attempt=1	proxy=http://wiw4v7duaymysz9-session-e02c99738481-lifetime-10:***@rp.scrapegw.com:6060	ConnectionTimeoutError: Connection timeout to host https://discord.com/api/v9/unique-username/username-attempt-unauthed
2026-09-01 18:27:17	HTTP_429	eomg	attempt=1	proxy=http://wiw4v7duaymysz9-session-d9fb33e15a26-lifetime-10:***@rp.scrapegw.com:6060	scope=shared global=False retry_after=1121.00s
2026-09-01 18:27:18	HTTP_429	eoiv	attempt=1	proxy=http://wiw4v7duaymysz9-session-d8e593b9c6c0-lifetime-10:***@rp.scrapegw.com:6060	scope=shared global=False retry_after=1717.00s
2026-09-01 18:27:18	HTTP_429	eolz	attempt=1	proxy=http://wiw4v7duaymysz9-session-8c7e4c33b2a3-lifetime-10:***@rp.scrapegw.com:6060	scope=shared global=False retry_after=827.00s
2026-09-01 18:27:18	NETWORK	ehuq	attempt=1	proxy=http://wiw4v7duaymysz9-session-89df3b9388fa-lifetime-10:***@rp.scrapegw.com:6060	ClientConnectorError: Cannot connect to host discord.com:443 ssl:default [Connection reset by peer]
2026-09-01 18:27:18	NETWORK	ehef	attempt=1	proxy=http://wiw4v7duaymysz9-session-321f502eaf77-lifetime-10:***@rp.scrapegw.com:6060	ConnectionTimeoutError: Connection timeout to host https://discord.com/api/v9/unique-username/username-attempt-unauthed
2026-09-01 18:27:18	NETWORK	egwh	attempt=1	proxy=http://wiw4v7duaymysz9-session-d011833c1f52-lifetime-10:***@rp.scrapegw.com:6060	ConnectionTimeoutError: Connection timeout to host https://discord.com/api/v9/unique-username/username-attempt-unauthed
2026-09-01 18:27:18	NETWORK	eguk	attempt=1	proxy=http://wiw4v7duaymysz9-session-79cdf03c8d57-lifetime-10:***@rp.scrapegw.com:6060	ConnectionTimeoutError: Connection timeout to host https://discord.com/api/v9/unique-username/username-attempt-unauthed
2026-09-01 18:27:18	NETWORK	egum	attempt=1	proxy=http://wiw4v7duaymysz9-session-0f1e47f0046d-lifetime-10:***@rp.scrapegw.com:6060	ConnectionTimeoutError: Connection timeout to host https://discord.com/api/v9/unique-username/username-attempt-unauthed
2026-09-01 18:27:18	NETWORK	egxd	attempt=1	proxy=http://wiw4v7duaymysz9-session-7432e07c8c14-lifetime-10:***@rp.scrapegw.com:6060	ConnectionTimeoutError: Connection timeout to host https://discord.com/api/v9/unique-username/username-attempt-unauthed
2026-09-01 18:27:18	NETWORK	ehke	attempt=1	proxy=http://wiw4v7duaymysz9-session-aa6a52d33862-lifetime-10:***@rp.scrapegw.com:6060	ConnectionTimeoutError: Connection timeout to host https://discord.com/api/v9/unique-username/username-attempt-unauthed
2026-09-01 18:27:18	NETWORK	ehib	attempt=1	proxy=http://wiw4v7duaymysz9-session-d52ce7e22a8a-lifetime-10:***@rp.scrapegw.com:6060	ConnectionTimeoutError: Connection timeout to host https://discord.com/api/v9/unique-username/username-attempt-unauthed
2026-09-01 18:27:18	NETWORK	ehjz	attempt=1	proxy=http://wiw4v7duaymysz9-session-744f67951dab-lifetime-10:***@rp.scrapegw.com:6060	ConnectionTimeoutError: Connection timeout to host https://discord.com/api/v9/unique-username/username-attempt-unauthed
2026-09-01 18:27:18	NETWORK	egug	attempt=1	proxy=http://wiw4v7duaymysz9-session-d91506985650-lifetime-10:***@rp.scrapegw.com:6060	ConnectionTimeoutError: Connection timeout to host https://discord.com/api/v9/unique-username/username-attempt-unauthed
2026-09-01 18:27:18	NETWORK	ehep	attempt=1	proxy=http://wiw4v7duaymysz9-session-99b95f288673-lifetime-10:***@rp.scrapegw.com:6060	ConnectionTimeoutError: Connection timeout to host https://discord.com/api/v9/unique-username/username-attempt-unauthed
2026-09-01 18:27:18	NETWORK	ehiz	attempt=1	proxy=http://wiw4v7duaymysz9-session-9bff3079f3e0-lifetime-10:***@rp.scrapegw.com:6060	ConnectionTimeoutError: Connection timeout to host https://discord.com/api/v9/unique-username/username-attempt-unauthed
2026-09-01 18:27:18	NETWORK	ehia	attempt=1	proxy=http://wiw4v7duaymysz9-session-efe659ca88e5-lifetime-10:***@rp.scrapegw.com:6060	ConnectionTimeoutError: Connection timeout to host https://discord.com/api/v9/unique-username/username-attempt-unauthed
2026-09-01 18:27:18	NETWORK	ehit	attempt=1	proxy=http://wiw4v7duaymysz9-session-80dbc2b9a6bb-lifetime-10:***@rp.scrapegw.com:6060	ConnectionTimeoutError: Connection timeout to host https://discord.com/api/v9/unique-username/username-attempt-unauthed
2026-09-01 18:27:18	NETWORK	egsw	attempt=1	proxy=http://wiw4v7duaymysz9-session-c37412a42a3d-lifetime-10:***@rp.scrapegw.com:6060	ConnectionTimeoutError: Connection timeout to host https://discord.com/api/v9/unique-username/username-attempt-unauthed
2026-09-01 18:27:18	NETWORK	egzk	attempt=1	proxy=http://wiw4v7duaymysz9-session-bd53fa5fc9b3-lifetime-10:***@rp.scrapegw.com:6060	ConnectionTimeoutError: Connection timeout to host https://discord.com/api/v9/unique-username/username-attempt-unauthed
2026-09-01 18:27:18	NETWORK	ehha	attempt=1	proxy=http://wiw4v7duaymysz9-session-a4912ca3e8f9-lifetime-10:***@rp.scrapegw.com:6060	ConnectionTimeoutError: Connection timeout to host https://discord.com/api/v9/unique-username/username-attempt-unauthed
2026-09-01 18:27:18	NETWORK	ehcc	attempt=1	proxy=http://wiw4v7duaymysz9-session-85fc6d0328dc-lifetime-10:***@rp.scrapegw.com:6060	ConnectionTimeoutError: Connection timeout to host https://discord.com/api/v9/unique-username/username-attempt-unauthed
2026-09-01 18:27:18	NETWORK	egyj	attempt=1	proxy=http://wiw4v7duaymysz9-session-3c16bffd3804-lifetime-10:***@rp.scrapegw.com:6060	ConnectionTimeoutError: Connection timeout to host https://discord.com/api/v9/unique-username/username-attempt-unauthed
2026-09-01 18:27:18	NETWORK	egyq	attempt=1	proxy=http://wiw4v7duaymysz9-session-264822702ce8-lifetime-10:***@rp.scrapegw.com:6060	ConnectionTimeoutError: Connection timeout to host https://discord.com/api/v9/unique-username/username-attempt-unauthed
2026-09-01 18:27:18	NETWORK	egwd	attempt=1	proxy=http://wiw4v7duaymysz9-session-eb78184c9891-lifetime-10:***@rp.scrapegw.com:6060	ConnectionTimeoutError: Connection timeout to host https://discord.com/api/v9/unique-username/username-attempt-unauthed
2026-09-01 18:27:18	NETWORK	ehbh	attempt=1	proxy=http://wiw4v7duaymysz9-session-152b904efc1a-lifetime-10:***@rp.scrapegw.com:6060	ConnectionTimeoutError: Connection timeout to host https://discord.com/api/v9/unique-username/username-attempt-unauthed
2026-09-01 18:27:18	NETWORK	ehao	attempt=1	proxy=http://wiw4v7duaymysz9-session-b066330bf95f-lifetime-10:***@rp.scrapegw.com:6060	ConnectionTimeoutError: Connection timeout to host https://discord.com/api/v9/unique-username/username-attempt-unauthed
2026-09-01 18:27:18	NETWORK	ehal	attempt=1	proxy=http://wiw4v7duaymysz9-session-070f60191342-lifetime-10:***@rp.scrapegw.com:6060	ConnectionTimeoutError: Connection timeout to host https://discord.com/api/v9/unique-username/username-attempt-unauthed
2026-09-01 18:27:18	NETWORK	ehdz	attempt=1	proxy=http://wiw4v7duaymysz9-session-ee301d8fee1f-lifetime-10:***@rp.scrapegw.com:6060	ConnectionTimeoutError: Connection timeout to host https://discord.com/api/v9/unique-username/username-attempt-unauthed
2026-09-01 18:27:18	NETWORK	egzw	attempt=1	proxy=http://wiw4v7duaymysz9-session-e592a794789b-lifetime-10:***@rp.scrapegw.com:6060	ConnectionTimeoutError: Connection timeout to host https://discord.com/api/v9/unique-username/username-attempt-unauthed
2026-09-01 18:27:18	NETWORK	egtl	attempt=1	proxy=http://wiw4v7duaymysz9-session-c154c682ac43-lifetime-10:***@rp.scrapegw.com:6060	ConnectionTimeoutError: Connection timeout to host https://discord.com/api/v9/unique-username/username-attempt-unauthed
2026-09-01 18:27:18	NETWORK	egxe	attempt=1	proxy=http://wiw4v7duaymysz9-session-7d9893e31178-lifetime-10:***@rp.scrapegw.com:6060	ConnectionTimeoutError: Connection timeout to host https://discord.com/api/v9/unique-username/username-attempt-unauthed
2026-09-01 18:27:18	NETWORK	egyp	attempt=1	proxy=http://wiw4v7duaymysz9-session-bcf440b4871d-lifetime-10:***@rp.scrapegw.com:6060	ConnectionTimeoutError: Connection timeout to host https://discord.com/api/v9/unique-username/username-attempt-unauthed
2026-09-01 18:27:18	NETWORK	egxb	attempt=1	proxy=http://wiw4v7duaymysz9-session-041e3b41204a-lifetime-10:***@rp.scrapegw.com:6060	ConnectionTimeoutError: Connection timeout to host https://discord.com/api/v9/unique-username/username-attempt-unauthed
2026-09-01 18:27:18	NETWORK	egvs	attempt=1	proxy=http://wiw4v7duaymysz9-session-7cf5586dd70f-lifetime-10:***@rp.scrapegw.com:6060	ConnectionTimeoutError: Connection timeout to host https://discord.com/api/v9/unique-username/username-attempt-unauthed
2026-09-01 18:27:18	NETWORK	egwj	attempt=1	proxy=http://wiw4v7duaymysz9-session-06aeb3cb37ec-lifetime-10:***@rp.scrapegw.com:6060	ConnectionTimeoutError: Connection timeout to host https://discord.com/api/v9/unique-username/username-attempt-unauthed
2026-09-01 18:27:19	HTTP_429	epzh	attempt=1	proxy=http://wiw4v7duaymysz9-session-b3a11e98ac1a-lifetime-10:***@rp.scrapegw.com:6060	scope=shared global=False retry_after=125.00s
2026-09-01 18:27:19	NETWORK	ehny	attempt=1	proxy=http://wiw4v7duaymysz9-session-e999caac7d55-lifetime-10:***@rp.scrapegw.com:6060	ConnectionTimeoutError: Connection timeout to host https://discord.com/api/v9/unique-username/username-attempt-unauthed
2026-09-01 18:27:19	NETWORK	ehtg	attempt=1	proxy=http://wiw4v7duaymysz9-session-a5ece9b9c17b-lifetime-10:***@rp.scrapegw.com:6060	ConnectionTimeoutError: Connection timeout to host https://discord.com/api/v9/unique-username/username-attempt-unauthed
2026-09-01 18:27:19	NETWORK	ehpz	attempt=1	proxy=http://wiw4v7duaymysz9-session-7f905905aea6-lifetime-10:***@rp.scrapegw.com:6060	ConnectionTimeoutError: Connection timeout to host https://discord.com/api/v9/unique-username/username-attempt-unauthed
2026-09-01 18:27:19	NETWORK	ehnj	attempt=1	proxy=http://wiw4v7duaymysz9-session-af0573588123-lifetime-10:***@rp.scrapegw.com:6060	ConnectionTimeoutError: Connection timeout to host https://discord.com/api/v9/unique-username/username-attempt-unauthed
2026-09-01 18:27:19	NETWORK	ehwf	attempt=1	proxy=http://wiw4v7duaymysz9-session-5b9b4c1776d6-lifetime-10:***@rp.scrapegw.com:6060	ConnectionTimeoutError: Connection timeout to host https://discord.com/api/v9/unique-username/username-attempt-unauthed
2026-09-01 18:27:19	NETWORK	ehnc	attempt=1	proxy=http://wiw4v7duaymysz9-session-09046ccff9c8-lifetime-10:***@rp.scrapegw.com:6060	ConnectionTimeoutError: Connection timeout to host https://discord.com/api/v9/unique-username/username-attempt-unauthed
2026-09-01 18:27:19	NETWORK	ehmm	attempt=1	proxy=http://wiw4v7duaymysz9-session-08a8b819fe5c-lifetime-10:***@rp.scrapegw.com:6060	ConnectionTimeoutError: Connection timeout to host https://discord.com/api/v9/unique-username/username-attempt-unauthed
2026-09-01 18:27:19	NETWORK	ehwc	attempt=1	proxy=http://wiw4v7duaymysz9-session-c7739b1ffc02-lifetime-10:***@rp.scrapegw.com:6060	ConnectionTimeoutError: Connection timeout to host https://discord.com/api/v9/unique-username/username-attempt-unauthed
2026-09-01 18:27:19	NETWORK	ehmh	attempt=1	proxy=http://wiw4v7duaymysz9-session-3c03124e4001-lifetime-10:***@rp.scrapegw.com:6060	ConnectionTimeoutError: Connection timeout to host https://discord.com/api/v9/unique-username/username-attempt-unauthed
2026-09-01 18:27:19	NETWORK	ehri	attempt=1	proxy=http://wiw4v7duaymysz9-session-f4f38d861204-lifetime-10:***@rp.scrapegw.com:6060	ConnectionTimeoutError: Connection timeout to host https://discord.com/api/v9/unique-username/username-attempt-unauthed
2026-09-01 18:27:19	NETWORK	ehpv	attempt=1	proxy=http://wiw4v7duaymysz9-session-50c4b9e59f2a-lifetime-10:***@rp.scrapegw.com:6060	ConnectionTimeoutError: Connection timeout to host https://discord.com/api/v9/unique-username/username-attempt-unauthed
2026-09-01 18:27:19	NETWORK	ehtk	attempt=1	proxy=http://wiw4v7duaymysz9-session-14a817d2ede4-lifetime-10:***@rp.scrapegw.com:6060	ConnectionTimeoutError: Connection timeout to host https://discord.com/api/v9/unique-username/username-attempt-unauthed
2026-09-01 18:27:19	NETWORK	ehwz	attempt=1	proxy=http://wiw4v7duaymysz9-session-1a853d3ae852-lifetime-10:***@rp.scrapegw.com:6060	ConnectionTimeoutError: Connection timeout to host https://discord.com/api/v9/unique-username/username-attempt-unauthed
2026-09-01 18:27:19	NETWORK	ehvm	attempt=1	proxy=http://wiw4v7duaymysz9-session-f2d1ae6daf66-lifetime-10:***@rp.scrapegw.com:6060	ConnectionTimeoutError: Connection timeout to host https://discord.com/api/v9/unique-username/username-attempt-unauthed
2026-09-01 18:27:19	NETWORK	ehob	attempt=1	proxy=http://wiw4v7duaymysz9-session-f2c8f5143f49-lifetime-10:***@rp.scrapegw.com:6060	ConnectionTimeoutError: Connection timeout to host https://discord.com/api/v9/unique-username/username-attempt-unauthed
2026-09-01 18:27:19	NETWORK	ehvh	attempt=1	proxy=http://wiw4v7duaymysz9-session-5e283784f595-lifetime-10:***@rp.scrapegw.com:6060	ConnectionTimeoutError: Connection timeout to host https://discord.com/api/v9/unique-username/username-attempt-unauthed
2026-09-01 18:27:19	NETWORK	ehul	attempt=1	proxy=http://wiw4v7duaymysz9-session-7520c8fd5c7b-lifetime-10:***@rp.scrapegw.com:6060	ConnectionTimeoutError: Connection timeout to host https://discord.com/api/v9/unique-username/username-attempt-unauthed
2026-09-01 18:27:19	NETWORK	ehtl	attempt=1	proxy=http://wiw4v7duaymysz9-session-d3310bc940bc-lifetime-10:***@rp.scrapegw.com:6060	ConnectionTimeoutError: Connection timeout to host https://discord.com/api/v9/unique-username/username-attempt-unauthed
2026-09-01 18:27:19	NETWORK	ecbu	attempt=1	proxy=http://wiw4v7duaymysz9-session-9848c28dd20e-lifetime-10:***@rp.scrapegw.com:6060	TimeoutError:
2026-09-01 18:27:19	NETWORK	ehuf	attempt=1	proxy=http://wiw4v7duaymysz9-session-1aa4b637f65f-lifetime-10:***@rp.scrapegw.com:6060	ConnectionTimeoutError: Connection timeout to host https://discord.com/api/v9/unique-username/username-attempt-unauthed
2026-09-01 18:27:19	NETWORK	ehsp	attempt=1	proxy=http://wiw4v7duaymysz9-session-baaeccd30bb5-lifetime-10:***@rp.scrapegw.com:6060	ConnectionTimeoutError: Connection timeout to host https://discord.com/api/v9/unique-username/username-attempt-unauthed
2026-09-01 18:27:19	NETWORK	ehsw	attempt=1	proxy=http://wiw4v7duaymysz9-session-c9397ec1cdad-lifetime-10:***@rp.scrapegw.com:6060	ConnectionTimeoutError: Connection timeout to host https://discord.com/api/v9/unique-username/username-attempt-unauthed
2026-09-01 18:27:19	NETWORK	ehmd	attempt=1	proxy=http://wiw4v7duaymysz9-session-c7637e095f26-lifetime-10:***@rp.scrapegw.com:6060	ConnectionTimeoutError: Connection timeout to host https://discord.com/api/v9/unique-username/username-attempt-unauthed
2026-09-01 18:27:19	NETWORK	ehpk	attempt=1	proxy=http://wiw4v7duaymysz9-session-005780d679fc-lifetime-10:***@rp.scrapegw.com:6060	ConnectionTimeoutError: Connection timeout to host https://discord.com/api/v9/unique-username/username-attempt-unauthed
2026-09-01 18:27:19	NETWORK	ehok	attempt=1	proxy=http://wiw4v7duaymysz9-session-7b8666cbaf11-lifetime-10:***@rp.scrapegw.com:6060	ConnectionTimeoutError: Connection timeout to host https://discord.com/api/v9/unique-username/username-attempt-unauthed
2026-09-01 18:27:19	NETWORK	ehsg	attempt=1	proxy=http://wiw4v7duaymysz9-session-f4402ddfc631-lifetime-10:***@rp.scrapegw.com:6060	ConnectionTimeoutError: Connection timeout to host https://discord.com/api/v9/unique-username/username-attempt-unauthed
2026-09-01 18:27:19	NETWORK	ehnt	attempt=1	proxy=http://wiw4v7duaymysz9-session-ecfbc53207f0-lifetime-10:***@rp.scrapegw.com:6060	ConnectionTimeoutError: Connection timeout to host https://discord.com/api/v9/unique-username/username-attempt-unauthed
2026-09-01 18:27:19	NETWORK	ehqi	attempt=1	proxy=http://wiw4v7duaymysz9-session-7e60a3fcd21d-lifetime-10:***@rp.scrapegw.com:6060	ConnectionTimeoutError: Connection timeout to host https://discord.com/api/v9/unique-username/username-attempt-unauthed
2026-09-01 18:27:19	NETWORK	ehvz	attempt=1	proxy=http://wiw4v7duaymysz9-session-900c929ce15f-lifetime-10:***@rp.scrapegw.com:6060	ConnectionTimeoutError: Connection timeout to host https://discord.com/api/v9/unique-username/username-attempt-unauthed
2026-09-01 18:27:19	NETWORK	ehot	attempt=1	proxy=http://wiw4v7duaymysz9-session-397fa86cc7bd-lifetime-10:***@rp.scrapegw.com:6060	ConnectionTimeoutError: Connection timeout to host https://discord.com/api/v9/unique-username/username-attempt-unauthed
2026-09-01 18:27:19	NETWORK	ehoq	attempt=1	proxy=http://wiw4v7duaymysz9-session-72585b3dfb99-lifetime-10:***@rp.scrapegw.com:6060	ConnectionTimeoutError: Connection timeout to host https://discord.com/api/v9/unique-username/username-attempt-unauthed
2026-09-01 18:27:19	NETWORK	ehlm	attempt=1	proxy=http://wiw4v7duaymysz9-session-5a193dc9e513-lifetime-10:***@rp.scrapegw.com:6060	ConnectionTimeoutError: Connection timeout to host https://discord.com/api/v9/unique-username/username-attempt-unauthed
2026-09-01 18:27:19	NETWORK	ehqv	attempt=1	proxy=http://wiw4v7duaymysz9-session-179218540737-lifetime-10:***@rp.scrapegw.com:6060	ConnectionTimeoutError: Connection timeout to host https://discord.com/api/v9/unique-username/username-attempt-unauthed
2026-09-01 18:27:19	NETWORK	ehsm	attempt=1	proxy=http://wiw4v7duaymysz9-session-09c8edaecd01-lifetime-10:***@rp.scrapegw.com:6060	ConnectionTimeoutError: Connection timeout to host https://discord.com/api/v9/unique-username/username-attempt-unauthed
2026-09-01 18:27:19	NETWORK	ehqe	attempt=1	proxy=http://wiw4v7duaymysz9-session-c021bff57699-lifetime-10:***@rp.scrapegw.com:6060	ConnectionTimeoutError: Connection timeout to host https://discord.com/api/v9/unique-username/username-attempt-unauthed
2026-09-01 18:27:19	NETWORK	ehpr	attempt=1	proxy=http://wiw4v7duaymysz9-session-f6e9f2bc793f-lifetime-10:***@rp.scrapegw.com:6060	ConnectionTimeoutError: Connection timeout to host https://discord.com/api/v9/unique-username/username-attempt-unauthed
2026-09-01 18:27:19	NETWORK	ehsx	attempt=1	proxy=http://wiw4v7duaymysz9-session-9abaa71feadc-lifetime-10:***@rp.scrapegw.com:6060	ConnectionTimeoutError: Connection timeout to host https://discord.com/api/v9/unique-username/username-attempt-unauthed
2026-09-01 18:27:19	NETWORK	ehuc	attempt=1	proxy=http://wiw4v7duaymysz9-session-c34f5ae32147-lifetime-10:***@rp.scrapegw.com:6060	ConnectionTimeoutError: Connection timeout to host https://discord.com/api/v9/unique-username/username-attempt-unauthed
2026-09-01 18:27:19	NETWORK	ehrf	attempt=1	proxy=http://wiw4v7duaymysz9-session-dfe2e2b32198-lifetime-10:***@rp.scrapegw.com:6060	ConnectionTimeoutError: Connection timeout to host https://discord.com/api/v9/unique-username/username-attempt-unauthed
2026-09-01 18:27:19	HTTP_429	eqdt	attempt=1	proxy=http://wiw4v7duaymysz9-session-ebc7ce3efda4-lifetime-10:***@rp.scrapegw.com:6060	scope=shared global=False retry_after=626.00s
2026-09-01 18:27:20	HTTP_429	erju	attempt=1	proxy=http://wiw4v7duaymysz9-session-2d83ec44a1c9-lifetime-10:***@rp.scrapegw.com:6060	scope=shared global=False retry_after=359.00s
2026-09-01 18:27:20	NETWORK	eigr	attempt=1	proxy=http://wiw4v7duaymysz9-session-0c6835e1a239-lifetime-10:***@rp.scrapegw.com:6060	ClientConnectorError: Cannot connect to host discord.com:443 ssl:default [Connection reset by peer]
2026-09-01 18:27:20	NETWORK	eiek	attempt=1	proxy=http://wiw4v7duaymysz9-session-3700b1f9c695-lifetime-10:***@rp.scrapegw.com:6060	ConnectionTimeoutError: Connection timeout to host https://discord.com/api/v9/unique-username/username-attempt-unauthed
2026-09-01 18:27:20	NETWORK	eiau	attempt=1	proxy=http://wiw4v7duaymysz9-session-d6f4f1275309-lifetime-10:***@rp.scrapegw.com:6060	ConnectionTimeoutError: Connection timeout to host https://discord.com/api/v9/unique-username/username-attempt-unauthed
2026-09-01 18:27:20	NETWORK	ehxg	attempt=1	proxy=http://wiw4v7duaymysz9-session-1165766eec15-lifetime-10:***@rp.scrapegw.com:6060	ConnectionTimeoutError: Connection timeout to host https://discord.com/api/v9/unique-username/username-attempt-unauthed
2026-09-01 18:27:20	NETWORK	eibb	attempt=1	proxy=http://wiw4v7duaymysz9-session-2d83ec44a1c9-lifetime-10:***@rp.scrapegw.com:6060	ConnectionTimeoutError: Connection timeout to host https://discord.com/api/v9/unique-username/username-attempt-unauthed
2026-09-01 18:27:20	NETWORK	ehxs	attempt=1	proxy=http://wiw4v7duaymysz9-session-6b0400d73400-lifetime-10:***@rp.scrapegw.com:6060	ConnectionTimeoutError: Connection timeout to host https://discord.com/api/v9/unique-username/username-attempt-unauthed
2026-09-01 18:27:20	NETWORK	eieg	attempt=1	proxy=http://wiw4v7duaymysz9-session-34b64b4e7476-lifetime-10:***@rp.scrapegw.com:6060	ConnectionTimeoutError: Connection timeout to host https://discord.com/api/v9/unique-username/username-attempt-unauthed
2026-09-01 18:27:20	NETWORK	ehza	attempt=1	proxy=http://wiw4v7duaymysz9-session-e67aade4071f-lifetime-10:***@rp.scrapegw.com:6060	ConnectionTimeoutError: Connection timeout to host https://discord.com/api/v9/unique-username/username-attempt-unauthed
2026-09-01 18:27:20	NETWORK	eiax	attempt=1	proxy=http://wiw4v7duaymysz9-session-4dbe3a7f7769-lifetime-10:***@rp.scrapegw.com:6060	ConnectionTimeoutError: Connection timeout to host https://discord.com/api/v9/unique-username/username-attempt-unauthed
2026-09-01 18:27:20	NETWORK	eicr	attempt=1	proxy=http://wiw4v7duaymysz9-session-6b6937b3acc4-lifetime-10:***@rp.scrapegw.com:6060	ConnectionTimeoutError: Connection timeout to host https://discord.com/api/v9/unique-username/username-attempt-unauthed
2026-09-01 18:27:20	NETWORK	eiaa	attempt=1	proxy=http://wiw4v7duaymysz9-session-8d7191b4d2bd-lifetime-10:***@rp.scrapegw.com:6060	ConnectionTimeoutError: Connection timeout to host https://discord.com/api/v9/unique-username/username-attempt-unauthed
2026-09-01 18:27:20	NETWORK	eida	attempt=1	proxy=http://wiw4v7duaymysz9-session-ef4d917ac589-lifetime-10:***@rp.scrapegw.com:6060	ConnectionTimeoutError: Connection timeout to host https://discord.com/api/v9/unique-username/username-attempt-unauthed
2026-09-01 18:27:20	NETWORK	eien	attempt=1	proxy=http://wiw4v7duaymysz9-session-044b47db888e-lifetime-10:***@rp.scrapegw.com:6060	ConnectionTimeoutError: Connection timeout to host https://discord.com/api/v9/unique-username/username-attempt-unauthed
2026-09-01 18:27:20	NETWORK	ehzs	attempt=1	proxy=http://wiw4v7duaymysz9-session-aef46040bcc8-lifetime-10:***@rp.scrapegw.com:6060	ConnectionTimeoutError: Connection timeout to host https://discord.com/api/v9/unique-username/username-attempt-unauthed
2026-09-01 18:27:20	NETWORK	eidl	attempt=1	proxy=http://wiw4v7duaymysz9-session-4d41e09a92f0-lifetime-10:***@rp.scrapegw.com:6060	ConnectionTimeoutError: Connection timeout to host https://discord.com/api/v9/unique-username/username-attempt-unauthed
2026-09-01 18:27:20	NETWORK	eied	attempt=1	proxy=http://wiw4v7duaymysz9-session-5825d14ebf4a-lifetime-10:***@rp.scrapegw.com:6060	ConnectionTimeoutError: Connection timeout to host https://discord.com/api/v9/unique-username/username-attempt-unauthed
2026-09-01 18:27:20	NETWORK	eibn	attempt=1	proxy=http://wiw4v7duaymysz9-session-6bb1b9fd959a-lifetime-10:***@rp.scrapegw.com:6060	ConnectionTimeoutError: Connection timeout to host https://discord.com/api/v9/unique-username/username-attempt-unauthed
2026-09-01 18:27:20	NETWORK	eibs	attempt=1	proxy=http://wiw4v7duaymysz9-session-0549fc3a726a-lifetime-10:***@rp.scrapegw.com:6060	ConnectionTimeoutError: Connection timeout to host https://discord.com/api/v9/unique-username/username-attempt-unauthed
2026-09-01 18:27:20	NETWORK	eicg	attempt=1	proxy=http://wiw4v7duaymysz9-session-eab058410af2-lifetime-10:***@rp.scrapegw.com:6060	ConnectionTimeoutError: Connection timeout to host https://discord.com/api/v9/unique-username/username-attempt-unauthed
2026-09-01 18:27:20	NETWORK	ehzr	attempt=1	proxy=http://wiw4v7duaymysz9-session-c6e434aefceb-lifetime-10:***@rp.scrapegw.com:6060	ConnectionTimeoutError: Connection timeout to host https://discord.com/api/v9/unique-username/username-attempt-unauthed
2026-09-01 18:27:20	NETWORK	eiat	attempt=1	proxy=http://wiw4v7duaymysz9-session-856b555acc3a-lifetime-10:***@rp.scrapegw.com:6060	ConnectionTimeoutError: Connection timeout to host https://discord.com/api/v9/unique-username/username-attempt-unauthed
2026-09-01 18:27:20	NETWORK	eidd	attempt=1	proxy=http://wiw4v7duaymysz9-session-536f722b9794-lifetime-10:***@rp.scrapegw.com:6060	ConnectionTimeoutError: Connection timeout to host https://discord.com/api/v9/unique-username/username-attempt-unauthed
2026-09-01 18:27:21	NETWORK	eiil	attempt=1	proxy=http://wiw4v7duaymysz9-session-0cb9ae70c007-lifetime-10:***@rp.scrapegw.com:6060	ConnectionTimeoutError: Connection timeout to host https://discord.com/api/v9/unique-username/username-attempt-unauthed
2026-09-01 18:27:21	NETWORK	eifn	attempt=1	proxy=http://wiw4v7duaymysz9-session-b50a772ae3e0-lifetime-10:***@rp.scrapegw.com:6060	ConnectionTimeoutError: Connection timeout to host https://discord.com/api/v9/unique-username/username-attempt-unauthed
2026-09-01 18:27:21	NETWORK	eihe	attempt=1	proxy=http://wiw4v7duaymysz9-session-a4c65bd6d1b5-lifetime-10:***@rp.scrapegw.com:6060	ConnectionTimeoutError: Connection timeout to host https://discord.com/api/v9/unique-username/username-attempt-unauthed
2026-09-01 18:27:21	NETWORK	eifa	attempt=1	proxy=http://wiw4v7duaymysz9-session-78e1058318f8-lifetime-10:***@rp.scrapegw.com:6060	ConnectionTimeoutError: Connection timeout to host https://discord.com/api/v9/unique-username/username-attempt-unauthed
2026-09-01 18:27:21	NETWORK	eijr	attempt=1	proxy=http://wiw4v7duaymysz9-session-50a20aa7a9e8-lifetime-10:***@rp.scrapegw.com:6060	ConnectionTimeoutError: Connection timeout to host https://discord.com/api/v9/unique-username/username-attempt-unauthed
2026-09-01 18:27:21	NETWORK	eijz	attempt=1	proxy=http://wiw4v7duaymysz9-session-98c500d368bb-lifetime-10:***@rp.scrapegw.com:6060	ConnectionTimeoutError: Connection timeout to host https://discord.com/api/v9/unique-username/username-attempt-unauthed
2026-09-01 18:27:21	NETWORK	eimw	attempt=1	proxy=http://wiw4v7duaymysz9-session-10d61ecef46e-lifetime-10:***@rp.scrapegw.com:6060	ConnectionTimeoutError: Connection timeout to host https://discord.com/api/v9/unique-username/username-attempt-unauthed
2026-09-01 18:27:21	NETWORK	eijw	attempt=1	proxy=http://wiw4v7duaymysz9-session-51814a68c606-lifetime-10:***@rp.scrapegw.com:6060	ConnectionTimeoutError: Connection timeout to host https://discord.com/api/v9/unique-username/username-attempt-unauthed
2026-09-01 18:27:21	NETWORK	eilo	attempt=1	proxy=http://wiw4v7duaymysz9-session-dc4b101d52dd-lifetime-10:***@rp.scrapegw.com:6060	ConnectionTimeoutError: Connection timeout to host https://discord.com/api/v9/unique-username/username-attempt-unauthed
2026-09-01 18:27:21	NETWORK	eiht	attempt=1	proxy=http://wiw4v7duaymysz9-session-9d16dfb27b2a-lifetime-10:***@rp.scrapegw.com:6060	ConnectionTimeoutError: Connection timeout to host https://discord.com/api/v9/unique-username/username-attempt-unauthed
2026-09-01 18:27:21	NETWORK	eigu	attempt=1	proxy=http://wiw4v7duaymysz9-session-3998598198e9-lifetime-10:***@rp.scrapegw.com:6060	ConnectionTimeoutError: Connection timeout to host https://discord.com/api/v9/unique-username/username-attempt-unauthed
2026-09-01 18:27:21	NETWORK	eijv	attempt=1	proxy=http://wiw4v7duaymysz9-session-127375a7b097-lifetime-10:***@rp.scrapegw.com:6060	ConnectionTimeoutError: Connection timeout to host https://discord.com/api/v9/unique-username/username-attempt-unauthed
2026-09-01 18:27:21	NETWORK	eika	attempt=1	proxy=http://wiw4v7duaymysz9-session-dbe259e0b6f8-lifetime-10:***@rp.scrapegw.com:6060	ConnectionTimeoutError: Connection timeout to host https://discord.com/api/v9/unique-username/username-attempt-unauthed
2026-09-01 18:27:21	NETWORK	eimz	attempt=1	proxy=http://wiw4v7duaymysz9-session-00af28250247-lifetime-10:***@rp.scrapegw.com:6060	ConnectionTimeoutError: Connection timeout to host https://discord.com/api/v9/unique-username/username-attempt-unauthed
2026-09-01 18:27:21	NETWORK	eimi	attempt=1	proxy=http://wiw4v7duaymysz9-session-7da520595754-lifetime-10:***@rp.scrapegw.com:6060	ConnectionTimeoutError: Connection timeout to host https://discord.com/api/v9/unique-username/username-attempt-unauthed
2026-09-01 18:27:21	NETWORK	eiiv	attempt=1	proxy=http://wiw4v7duaymysz9-session-3a29d3de06b0-lifetime-10:***@rp.scrapegw.com:6060	ConnectionTimeoutError: Connection timeout to host https://discord.com/api/v9/unique-username/username-attempt-unauthed
2026-09-01 18:27:21	NETWORK	eigi	attempt=1	proxy=http://wiw4v7duaymysz9-session-3511e5748c58-lifetime-10:***@rp.scrapegw.com:6060	ConnectionTimeoutError: Connection timeout to host https://discord.com/api/v9/unique-username/username-attempt-unauthed
2026-09-01 18:27:21	NETWORK	eikz	attempt=1	proxy=http://wiw4v7duaymysz9-session-0d79efd26414-lifetime-10:***@rp.scrapegw.com:6060	ConnectionTimeoutError: Connection timeout to host https://discord.com/api/v9/unique-username/username-attempt-unauthed
2026-09-01 18:27:21	NETWORK	eifw	attempt=1	proxy=http://wiw4v7duaymysz9-session-13ff11a1e133-lifetime-10:***@rp.scrapegw.com:6060	ConnectionTimeoutError: Connection timeout to host https://discord.com/api/v9/unique-username/username-attempt-unauthed
2026-09-01 18:27:21	NETWORK	eiio	attempt=1	proxy=http://wiw4v7duaymysz9-session-f449840a0124-lifetime-10:***@rp.scrapegw.com:6060	ConnectionTimeoutError: Connection timeout to host https://discord.com/api/v9/unique-username/username-attempt-unauthed
2026-09-01 18:27:22	HTTP_429	ethz	attempt=1	proxy=http://wiw4v7duaymysz9-session-1394d9bb5d65-lifetime-10:***@rp.scrapegw.com:6060	scope=shared global=False retry_after=462.00s
2026-09-01 18:27:22	HTTP_429	emvg	attempt=1	proxy=http://wiw4v7duaymysz9-session-c5310e8f96b1-lifetime-10:***@rp.scrapegw.com:6060	scope=shared global=False retry_after=262.00s
2026-09-01 18:27:22	NETWORK	elfk	attempt=1	proxy=http://wiw4v7duaymysz9-session-f2c8f5143f49-lifetime-10:***@rp.scrapegw.com:6060	ClientConnectorError: Cannot connect to host discord.com:443 ssl:default [Connection reset by peer]
2026-09-01 18:27:22	HTTP_429	ekdh	attempt=1	proxy=http://wiw4v7duaymysz9-session-27b44dc24485-lifetime-10:***@rp.scrapegw.com:6060	scope=shared global=False retry_after=586.00s
2026-09-01 18:27:22	NETWORK	ejft	attempt=1	proxy=http://wiw4v7duaymysz9-session-9dc519f95337-lifetime-10:***@rp.scrapegw.com:6060	ConnectionTimeoutError: Connection timeout to host https://discord.com/api/v9/unique-username/username-attempt-unauthed
2026-09-01 18:27:22	NETWORK	ejel	attempt=1	proxy=http://wiw4v7duaymysz9-session-1394d9bb5d65-lifetime-10:***@rp.scrapegw.com:6060	ConnectionTimeoutError: Connection timeout to host https://discord.com/api/v9/unique-username/username-attempt-unauthed
2026-09-01 18:27:22	NETWORK	ejco	attempt=1	proxy=http://wiw4v7duaymysz9-session-d0bee92f38a5-lifetime-10:***@rp.scrapegw.com:6060	ConnectionTimeoutError: Connection timeout to host https://discord.com/api/v9/unique-username/username-attempt-unauthed
2026-09-01 18:27:22	NETWORK	ejbr	attempt=1	proxy=http://wiw4v7duaymysz9-session-c4dc4ff7095f-lifetime-10:***@rp.scrapegw.com:6060	ConnectionTimeoutError: Connection timeout to host https://discord.com/api/v9/unique-username/username-attempt-unauthed
2026-09-01 18:27:22	NETWORK	ejbp	attempt=1	proxy=http://wiw4v7duaymysz9-session-e25460af1a72-lifetime-10:***@rp.scrapegw.com:6060	ConnectionTimeoutError: Connection timeout to host https://discord.com/api/v9/unique-username/username-attempt-unauthed
2026-09-01 18:27:22	NETWORK	eixb	attempt=1	proxy=http://wiw4v7duaymysz9-session-6fdc5499dc3f-lifetime-10:***@rp.scrapegw.com:6060	ConnectionTimeoutError: Connection timeout to host https://discord.com/api/v9/unique-username/username-attempt-unauthed
2026-09-01 18:27:22	NETWORK	eiyu	attempt=1	proxy=http://wiw4v7duaymysz9-session-043fc0bf8351-lifetime-10:***@rp.scrapegw.com:6060	ConnectionTimeoutError: Connection timeout to host https://discord.com/api/v9/unique-username/username-attempt-unauthed
2026-09-01 18:27:22	NETWORK	eiro	attempt=1	proxy=http://wiw4v7duaymysz9-session-30223a4cdcaf-lifetime-10:***@rp.scrapegw.com:6060	ConnectionTimeoutError: Connection timeout to host https://discord.com/api/v9/unique-username/username-attempt-unauthed
2026-09-01 18:27:22	NETWORK	ejfl	attempt=1	proxy=http://wiw4v7duaymysz9-session-2a034de23d85-lifetime-10:***@rp.scrapegw.com:6060	ConnectionTimeoutError: Connection timeout to host https://discord.com/api/v9/unique-username/username-attempt-unauthed
2026-09-01 18:27:22	NETWORK	ejas	attempt=1	proxy=http://wiw4v7duaymysz9-session-42e6ffe75217-lifetime-10:***@rp.scrapegw.com:6060	ConnectionTimeoutError: Connection timeout to host https://discord.com/api/v9/unique-username/username-attempt-unauthed
2026-09-01 18:27:22	NETWORK	eitk	attempt=1	proxy=http://wiw4v7duaymysz9-session-40cab0623581-lifetime-10:***@rp.scrapegw.com:6060	ConnectionTimeoutError: Connection timeout to host https://discord.com/api/v9/unique-username/username-attempt-unauthed
2026-09-01 18:27:22	NETWORK	eiox	attempt=1	proxy=http://wiw4v7duaymysz9-session-2fcc1334b525-lifetime-10:***@rp.scrapegw.com:6060	ConnectionTimeoutError: Connection timeout to host https://discord.com/api/v9/unique-username/username-attempt-unauthed
2026-09-01 18:27:22	NETWORK	eiun	attempt=1	proxy=http://wiw4v7duaymysz9-session-6e2502af0085-lifetime-10:***@rp.scrapegw.com:6060	ConnectionTimeoutError: Connection timeout to host https://discord.com/api/v9/unique-username/username-attempt-unauthed
2026-09-01 18:27:22	NETWORK	eiyl	attempt=1	proxy=http://wiw4v7duaymysz9-session-e37146459ea3-lifetime-10:***@rp.scrapegw.com:6060	ConnectionTimeoutError: Connection timeout to host https://discord.com/api/v9/unique-username/username-attempt-unauthed
2026-09-01 18:27:22	NETWORK	eizz	attempt=1	proxy=http://wiw4v7duaymysz9-session-c97deee7e633-lifetime-10:***@rp.scrapegw.com:6060	ConnectionTimeoutError: Connection timeout to host https://discord.com/api/v9/unique-username/username-attempt-unauthed
2026-09-01 18:27:22	NETWORK	eiwj	attempt=1	proxy=http://wiw4v7duaymysz9-session-5f82c839ba98-lifetime-10:***@rp.scrapegw.com:6060	ConnectionTimeoutError: Connection timeout to host https://discord.com/api/v9/unique-username/username-attempt-unauthed
2026-09-01 18:27:22	NETWORK	eivp	attempt=1	proxy=http://wiw4v7duaymysz9-session-b14af86e747e-lifetime-10:***@rp.scrapegw.com:6060	ConnectionTimeoutError: Connection timeout to host https://discord.com/api/v9/unique-username/username-attempt-unauthed
2026-09-01 18:27:22	NETWORK	ejfo	attempt=1	proxy=http://wiw4v7duaymysz9-session-948cbfc12018-lifetime-10:***@rp.scrapegw.com:6060	ConnectionTimeoutError: Connection timeout to host https://discord.com/api/v9/unique-username/username-attempt-unauthed
2026-09-01 18:27:22	NETWORK	eiom	attempt=1	proxy=http://wiw4v7duaymysz9-session-b2149a580079-lifetime-10:***@rp.scrapegw.com:6060	ConnectionTimeoutError: Connection timeout to host https://discord.com/api/v9/unique-username/username-attempt-unauthed
2026-09-01 18:27:22	NETWORK	eiyz	attempt=1	proxy=http://wiw4v7duaymysz9-session-184bcbf47e0d-lifetime-10:***@rp.scrapegw.com:6060	ConnectionTimeoutError: Connection timeout to host https://discord.com/api/v9/unique-username/username-attempt-unauthed
2026-09-01 18:27:22	NETWORK	ejez	attempt=1	proxy=http://wiw4v7duaymysz9-session-3b148e646e88-lifetime-10:***@rp.scrapegw.com:6060	ConnectionTimeoutError: Connection timeout to host https://discord.com/api/v9/unique-username/username-attempt-unauthed
2026-09-01 18:27:22	NETWORK	ejfq	attempt=1	proxy=http://wiw4v7duaymysz9-session-d0a472aa174e-lifetime-10:***@rp.scrapegw.com:6060	ConnectionTimeoutError: Connection timeout to host https://discord.com/api/v9/unique-username/username-attempt-unauthed
2026-09-01 18:27:22	NETWORK	eizy	attempt=1	proxy=http://wiw4v7duaymysz9-session-f2b4eb88dd49-lifetime-10:***@rp.scrapegw.com:6060	ConnectionTimeoutError: Connection timeout to host https://discord.com/api/v9/unique-username/username-attempt-unauthed
2026-09-01 18:27:22	NETWORK	ejff	attempt=1	proxy=http://wiw4v7duaymysz9-session-46b2fdbf49ee-lifetime-10:***@rp.scrapegw.com:6060	ConnectionTimeoutError: Connection timeout to host https://discord.com/api/v9/unique-username/username-attempt-unauthed
2026-09-01 18:27:22	NETWORK	ejba	attempt=1	proxy=http://wiw4v7duaymysz9-session-63039bd6372f-lifetime-10:***@rp.scrapegw.com:6060	ConnectionTimeoutError: Connection timeout to host https://discord.com/api/v9/unique-username/username-attempt-unauthed
2026-09-01 18:27:22	NETWORK	eiyq	attempt=1	proxy=http://wiw4v7duaymysz9-session-bc25068f1106-lifetime-10:***@rp.scrapegw.com:6060	ConnectionTimeoutError: Connection timeout to host https://discord.com/api/v9/unique-username/username-attempt-unauthed
2026-09-01 18:27:22	NETWORK	eizj	attempt=1	proxy=http://wiw4v7duaymysz9-session-b77e17166d38-lifetime-10:***@rp.scrapegw.com:6060	ConnectionTimeoutError: Connection timeout to host https://discord.com/api/v9/unique-username/username-attempt-unauthed
2026-09-01 18:27:22	NETWORK	eitd	attempt=1	proxy=http://wiw4v7duaymysz9-session-bb3ce070e92b-lifetime-10:***@rp.scrapegw.com:6060	ConnectionTimeoutError: Connection timeout to host https://discord.com/api/v9/unique-username/username-attempt-unauthed
2026-09-01 18:27:22	NETWORK	eirn	attempt=1	proxy=http://wiw4v7duaymysz9-session-2caf86c3f0f1-lifetime-10:***@rp.scrapegw.com:6060	ConnectionTimeoutError: Connection timeout to host https://discord.com/api/v9/unique-username/username-attempt-unauthed
2026-09-01 18:27:22	NETWORK	eirf	attempt=1	proxy=http://wiw4v7duaymysz9-session-fcc88ef883cc-lifetime-10:***@rp.scrapegw.com:6060	ConnectionTimeoutError: Connection timeout to host https://discord.com/api/v9/unique-username/username-attempt-unauthed
2026-09-01 18:27:22	NETWORK	eiqz	attempt=1	proxy=http://wiw4v7duaymysz9-session-e7ccb71b78ac-lifetime-10:***@rp.scrapegw.com:6060	ConnectionTimeoutError: Connection timeout to host https://discord.com/api/v9/unique-username/username-attempt-unauthed
2026-09-01 18:27:22	NETWORK	eipr	attempt=1	proxy=http://wiw4v7duaymysz9-session-ccf90f0259bb-lifetime-10:***@rp.scrapegw.com:6060	ConnectionTimeoutError: Connection timeout to host https://discord.com/api/v9/unique-username/username-attempt-unauthed
2026-09-01 18:27:22	NETWORK	eiow	attempt=1	proxy=http://wiw4v7duaymysz9-session-6555592b8fe0-lifetime-10:***@rp.scrapegw.com:6060	ConnectionTimeoutError: Connection timeout to host https://discord.com/api/v9/unique-username/username-attempt-unauthed
2026-09-01 18:27:22	NETWORK	einm	attempt=1	proxy=http://wiw4v7duaymysz9-session-c5310e8f96b1-lifetime-10:***@rp.scrapegw.com:6060	ConnectionTimeoutError: Connection timeout to host https://discord.com/api/v9/unique-username/username-attempt-unauthed
2026-09-01 18:27:22	NETWORK	eivi	attempt=1	proxy=http://wiw4v7duaymysz9-session-d57b4c2033cc-lifetime-10:***@rp.scrapegw.com:6060	ConnectionTimeoutError: Connection timeout to host https://discord.com/api/v9/unique-username/username-attempt-unauthed
2026-09-01 18:27:22	NETWORK	eivl	attempt=1	proxy=http://wiw4v7duaymysz9-session-921c3dfae2ba-lifetime-10:***@rp.scrapegw.com:6060	ConnectionTimeoutError: Connection timeout to host https://discord.com/api/v9/unique-username/username-attempt-unauthed
2026-09-01 18:27:23	HTTP_429	eugu	attempt=1	proxy=http://wiw4v7duaymysz9-session-b3211ca71a96-lifetime-10:***@rp.scrapegw.com:6060	scope=shared global=False retry_after=320.00s
2026-09-01 18:27:23	HTTP_429	enwc	attempt=1	proxy=http://wiw4v7duaymysz9-session-f6135ba3a3e8-lifetime-10:***@rp.scrapegw.com:6060	scope=shared global=False retry_after=89.00s
2026-09-01 18:27:23	NETWORK	ejrv	attempt=1	proxy=http://wiw4v7duaymysz9-session-176b7e593b01-lifetime-10:***@rp.scrapegw.com:6060	ConnectionTimeoutError: Connection timeout to host https://discord.com/api/v9/unique-username/username-attempt-unauthed
2026-09-01 18:27:23	NETWORK	ejmv	attempt=1	proxy=http://wiw4v7duaymysz9-session-7cbcabf031fa-lifetime-10:***@rp.scrapegw.com:6060	ConnectionTimeoutError: Connection timeout to host https://discord.com/api/v9/unique-username/username-attempt-unauthed
2026-09-01 18:27:23	NETWORK	ejmc	attempt=1	proxy=http://wiw4v7duaymysz9-session-b848f236f9b4-lifetime-10:***@rp.scrapegw.com:6060	ConnectionTimeoutError: Connection timeout to host https://discord.com/api/v9/unique-username/username-attempt-unauthed
2026-09-01 18:27:23	NETWORK	ejhz	attempt=1	proxy=http://wiw4v7duaymysz9-session-d45d0796c284-lifetime-10:***@rp.scrapegw.com:6060	ConnectionTimeoutError: Connection timeout to host https://discord.com/api/v9/unique-username/username-attempt-unauthed
2026-09-01 18:27:23	NETWORK	ejrh	attempt=1	proxy=http://wiw4v7duaymysz9-session-e7daa8b0070a-lifetime-10:***@rp.scrapegw.com:6060	ConnectionTimeoutError: Connection timeout to host https://discord.com/api/v9/unique-username/username-attempt-unauthed
2026-09-01 18:27:23	NETWORK	ejiw	attempt=1	proxy=http://wiw4v7duaymysz9-session-f6135ba3a3e8-lifetime-10:***@rp.scrapegw.com:6060	ConnectionTimeoutError: Connection timeout to host https://discord.com/api/v9/unique-username/username-attempt-unauthed
2026-09-01 18:27:23	NETWORK	ejjx	attempt=1	proxy=http://wiw4v7duaymysz9-session-3dba610d5f25-lifetime-10:***@rp.scrapegw.com:6060	ConnectionTimeoutError: Connection timeout to host https://discord.com/api/v9/unique-username/username-attempt-unauthed
2026-09-01 18:27:23	NETWORK	ejgq	attempt=1	proxy=http://wiw4v7duaymysz9-session-233296a39e9e-lifetime-10:***@rp.scrapegw.com:6060	ConnectionTimeoutError: Connection timeout to host https://discord.com/api/v9/unique-username/username-attempt-unauthed
2026-09-01 18:27:23	NETWORK	ejmg	attempt=1	proxy=http://wiw4v7duaymysz9-session-cc8cdfc531ba-lifetime-10:***@rp.scrapegw.com:6060	ConnectionTimeoutError: Connection timeout to host https://discord.com/api/v9/unique-username/username-attempt-unauthed
2026-09-01 18:27:23	NETWORK	ejsu	attempt=1	proxy=http://wiw4v7duaymysz9-session-a2f2996aefef-lifetime-10:***@rp.scrapegw.com:6060	ConnectionTimeoutError: Connection timeout to host https://discord.com/api/v9/unique-username/username-attempt-unauthed
2026-09-01 18:27:23	NETWORK	ejsr	attempt=1	proxy=http://wiw4v7duaymysz9-session-fdb9af2eb3ae-lifetime-10:***@rp.scrapegw.com:6060	ConnectionTimeoutError: Connection timeout to host https://discord.com/api/v9/unique-username/username-attempt-unauthed
2026-09-01 18:27:23	NETWORK	ejqw	attempt=1	proxy=http://wiw4v7duaymysz9-session-d2cfe71e9fb2-lifetime-10:***@rp.scrapegw.com:6060	ConnectionTimeoutError: Connection timeout to host https://discord.com/api/v9/unique-username/username-attempt-unauthed
2026-09-01 18:27:23	NETWORK	ejmw	attempt=1	proxy=http://wiw4v7duaymysz9-session-cad4ce07c845-lifetime-10:***@rp.scrapegw.com:6060	ConnectionTimeoutError: Connection timeout to host https://discord.com/api/v9/unique-username/username-attempt-unauthed
2026-09-01 18:27:23	NETWORK	ejpr	attempt=1	proxy=http://wiw4v7duaymysz9-session-370ad67ec154-lifetime-10:***@rp.scrapegw.com:6060	ConnectionTimeoutError: Connection timeout to host https://discord.com/api/v9/unique-username/username-attempt-unauthed
2026-09-01 18:27:23	NETWORK	ejpw	attempt=1	proxy=http://wiw4v7duaymysz9-session-d5c49e183430-lifetime-10:***@rp.scrapegw.com:6060	ConnectionTimeoutError: Connection timeout to host https://discord.com/api/v9/unique-username/username-attempt-unauthed
2026-09-01 18:27:23	NETWORK	ejnw	attempt=1	proxy=http://wiw4v7duaymysz9-session-ce8ef92604f9-lifetime-10:***@rp.scrapegw.com:6060	ConnectionTimeoutError: Connection timeout to host https://discord.com/api/v9/unique-username/username-attempt-unauthed
2026-09-01 18:27:23	NETWORK	ejoy	attempt=1	proxy=http://wiw4v7duaymysz9-session-0429c89a6604-lifetime-10:***@rp.scrapegw.com:6060	ConnectionTimeoutError: Connection timeout to host https://discord.com/api/v9/unique-username/username-attempt-unauthed
2026-09-01 18:27:23	NETWORK	ejmu	attempt=1	proxy=http://wiw4v7duaymysz9-session-5a225e0c8216-lifetime-10:***@rp.scrapegw.com:6060	ConnectionTimeoutError: Connection timeout to host https://discord.com/api/v9/unique-username/username-attempt-unauthed
2026-09-01 18:27:23	NETWORK	ejho	attempt=1	proxy=http://wiw4v7duaymysz9-session-fcc5354725f4-lifetime-10:***@rp.scrapegw.com:6060	ConnectionTimeoutError: Connection timeout to host https://discord.com/api/v9/unique-username/username-attempt-unauthed
2026-09-01 18:27:23	NETWORK	ejjl	attempt=1	proxy=http://wiw4v7duaymysz9-session-e56a8003cf3c-lifetime-10:***@rp.scrapegw.com:6060	ConnectionTimeoutError: Connection timeout to host https://discord.com/api/v9/unique-username/username-attempt-unauthed
2026-09-01 18:27:23	NETWORK	ejia	attempt=1	proxy=http://wiw4v7duaymysz9-session-124983dcb57c-lifetime-10:***@rp.scrapegw.com:6060	ConnectionTimeoutError: Connection timeout to host https://discord.com/api/v9/unique-username/username-attempt-unauthed
2026-09-01 18:27:23	NETWORK	ejsh	attempt=1	proxy=http://wiw4v7duaymysz9-session-bf2e25a6fae3-lifetime-10:***@rp.scrapegw.com:6060	ConnectionTimeoutError: Connection timeout to host https://discord.com/api/v9/unique-username/username-attempt-unauthed
2026-09-01 18:27:23	NETWORK	ejrp	attempt=1	proxy=http://wiw4v7duaymysz9-session-a0bf1d8368cf-lifetime-10:***@rp.scrapegw.com:6060	ConnectionTimeoutError: Connection timeout to host https://discord.com/api/v9/unique-username/username-attempt-unauthed
2026-09-01 18:27:23	HTTP_429	euou	attempt=1	proxy=http://wiw4v7duaymysz9-session-321535f552ab-lifetime-10:***@rp.scrapegw.com:6060	scope=shared global=False retry_after=1449.00s
2026-09-01 18:27:24	HTTP_429	enza	attempt=1	proxy=http://wiw4v7duaymysz9-session-5a225e0c8216-lifetime-10:***@rp.scrapegw.com:6060	scope=shared global=False retry_after=1823.00s
2026-09-01 18:27:24	HTTP_429	evnr	attempt=1	proxy=http://wiw4v7duaymysz9-session-531ca5a4e407-lifetime-10:***@rp.scrapegw.com:6060	scope=shared global=False retry_after=1215.00s
2026-09-01 18:27:24	NETWORK	eksv	attempt=1	proxy=http://wiw4v7duaymysz9-session-723cf0c15606-lifetime-10:***@rp.scrapegw.com:6060	ConnectionTimeoutError: Connection timeout to host https://discord.com/api/v9/unique-username/username-attempt-unauthed
2026-09-01 18:27:24	NETWORK	ekbg	attempt=1	proxy=http://wiw4v7duaymysz9-session-2f37c36974dd-lifetime-10:***@rp.scrapegw.com:6060	ConnectionTimeoutError: Connection timeout to host https://discord.com/api/v9/unique-username/username-attempt-unauthed
2026-09-01 18:27:24	NETWORK	ekti	attempt=1	proxy=http://wiw4v7duaymysz9-session-ee301d8fee1f-lifetime-10:***@rp.scrapegw.com:6060	ConnectionTimeoutError: Connection timeout to host https://discord.com/api/v9/unique-username/username-attempt-unauthed
2026-09-01 18:27:24	NETWORK	eknb	attempt=1	proxy=http://wiw4v7duaymysz9-session-152b904efc1a-lifetime-10:***@rp.scrapegw.com:6060	ConnectionTimeoutError: Connection timeout to host https://discord.com/api/v9/unique-username/username-attempt-unauthed
2026-09-01 18:27:24	NETWORK	ekea	attempt=1	proxy=http://wiw4v7duaymysz9-session-38b0b56e42f7-lifetime-10:***@rp.scrapegw.com:6060	ConnectionTimeoutError: Connection timeout to host https://discord.com/api/v9/unique-username/username-attempt-unauthed
2026-09-01 18:27:24	NETWORK	ekbh	attempt=1	proxy=http://wiw4v7duaymysz9-session-f6069cc032b3-lifetime-10:***@rp.scrapegw.com:6060	ConnectionTimeoutError: Connection timeout to host https://discord.com/api/v9/unique-username/username-attempt-unauthed
2026-09-01 18:27:24	NETWORK	ekqt	attempt=1	proxy=http://wiw4v7duaymysz9-session-6995fed6a371-lifetime-10:***@rp.scrapegw.com:6060	ConnectionTimeoutError: Connection timeout to host https://discord.com/api/v9/unique-username/username-attempt-unauthed
2026-09-01 18:27:24	NETWORK	ejvq	attempt=1	proxy=http://wiw4v7duaymysz9-session-d006163a83ce-lifetime-10:***@rp.scrapegw.com:6060	ConnectionTimeoutError: Connection timeout to host https://discord.com/api/v9/unique-username/username-attempt-unauthed
2026-09-01 18:27:24	NETWORK	ekml	attempt=1	proxy=http://wiw4v7duaymysz9-session-143d7e450c24-lifetime-10:***@rp.scrapegw.com:6060	ConnectionTimeoutError: Connection timeout to host https://discord.com/api/v9/unique-username/username-attempt-unauthed
2026-09-01 18:27:24	NETWORK	ektt	attempt=1	proxy=http://wiw4v7duaymysz9-session-321f502eaf77-lifetime-10:***@rp.scrapegw.com:6060	ConnectionTimeoutError: Connection timeout to host https://discord.com/api/v9/unique-username/username-attempt-unauthed
2026-09-01 18:27:24	NETWORK	ekld	attempt=1	proxy=http://wiw4v7duaymysz9-session-7d137313f7c3-lifetime-10:***@rp.scrapegw.com:6060	ConnectionTimeoutError: Connection timeout to host https://discord.com/api/v9/unique-username/username-attempt-unauthed
2026-09-01 18:27:24	NETWORK	ekhp	attempt=1	proxy=http://wiw4v7duaymysz9-session-7432e07c8c14-lifetime-10:***@rp.scrapegw.com:6060	ConnectionTimeoutError: Connection timeout to host https://discord.com/api/v9/unique-username/username-attempt-unauthed
2026-09-01 18:27:24	NETWORK	ekix	attempt=1	proxy=http://wiw4v7duaymysz9-session-c0bd307182c6-lifetime-10:***@rp.scrapegw.com:6060	ConnectionTimeoutError: Connection timeout to host https://discord.com/api/v9/unique-username/username-attempt-unauthed
2026-09-01 18:27:24	NETWORK	ekbb	attempt=1	proxy=http://wiw4v7duaymysz9-session-356cb92c65aa-lifetime-10:***@rp.scrapegw.com:6060	ConnectionTimeoutError: Connection timeout to host https://discord.com/api/v9/unique-username/username-attempt-unauthed
2026-09-01 18:27:24	NETWORK	ekba	attempt=1	proxy=http://wiw4v7duaymysz9-session-66d6e54a2a20-lifetime-10:***@rp.scrapegw.com:6060	ConnectionTimeoutError: Connection timeout to host https://discord.com/api/v9/unique-username/username-attempt-unauthed
2026-09-01 18:27:24	NETWORK	ekja	attempt=1	proxy=http://wiw4v7duaymysz9-session-264822702ce8-lifetime-10:***@rp.scrapegw.com:6060	ConnectionTimeoutError: Connection timeout to host https://discord.com/api/v9/unique-username/username-attempt-unauthed
2026-09-01 18:27:24	NETWORK	ekby	attempt=1	proxy=http://wiw4v7duaymysz9-session-c81a7732e6bf-lifetime-10:***@rp.scrapegw.com:6060	ConnectionTimeoutError: Connection timeout to host https://discord.com/api/v9/unique-username/username-attempt-unauthed
2026-09-01 18:27:24	NETWORK	ejum	attempt=1	proxy=http://wiw4v7duaymysz9-session-3cb8425a2e69-lifetime-10:***@rp.scrapegw.com:6060	ConnectionTimeoutError: Connection timeout to host https://discord.com/api/v9/unique-username/username-attempt-unauthed
2026-09-01 18:27:24	NETWORK	ekcb	attempt=1	proxy=http://wiw4v7duaymysz9-session-c37412a42a3d-lifetime-10:***@rp.scrapegw.com:6060	ConnectionTimeoutError: Connection timeout to host https://discord.com/api/v9/unique-username/username-attempt-unauthed
2026-09-01 18:27:24	NETWORK	ekcm	attempt=1	proxy=http://wiw4v7duaymysz9-session-caca18f8d1a2-lifetime-10:***@rp.scrapegw.com:6060	ConnectionTimeoutError: Connection timeout to host https://discord.com/api/v9/unique-username/username-attempt-unauthed
2026-09-01 18:27:24	NETWORK	ekch	attempt=1	proxy=http://wiw4v7duaymysz9-session-c154c682ac43-lifetime-10:***@rp.scrapegw.com:6060	ConnectionTimeoutError: Connection timeout to host https://discord.com/api/v9/unique-username/username-attempt-unauthed
2026-09-01 18:27:24	NETWORK	ekxc	attempt=1	proxy=http://wiw4v7duaymysz9-session-164c9b1bdb6e-lifetime-10:***@rp.scrapegw.com:6060	ConnectionTimeoutError: Connection timeout to host https://discord.com/api/v9/unique-username/username-attempt-unauthed
2026-09-01 18:27:24	NETWORK	ekai	attempt=1	proxy=http://wiw4v7duaymysz9-session-9848c28dd20e-lifetime-10:***@rp.scrapegw.com:6060	ConnectionTimeoutError: Connection timeout to host https://discord.com/api/v9/unique-username/username-attempt-unauthed
2026-09-01 18:27:24	NETWORK	ekhi	attempt=1	proxy=http://wiw4v7duaymysz9-session-3f39b86b9264-lifetime-10:***@rp.scrapegw.com:6060	ConnectionTimeoutError: Connection timeout to host https://discord.com/api/v9/unique-username/username-attempt-unauthed
2026-09-01 18:27:24	NETWORK	ekgr	attempt=1	proxy=http://wiw4v7duaymysz9-session-eb78184c9891-lifetime-10:***@rp.scrapegw.com:6060	ConnectionTimeoutError: Connection timeout to host https://discord.com/api/v9/unique-username/username-attempt-unauthed
2026-09-01 18:27:24	NETWORK	ekus	attempt=1	proxy=http://wiw4v7duaymysz9-session-99b95f288673-lifetime-10:***@rp.scrapegw.com:6060	ConnectionTimeoutError: Connection timeout to host https://discord.com/api/v9/unique-username/username-attempt-unauthed
2026-09-01 18:27:24	NETWORK	ekhu	attempt=1	proxy=http://wiw4v7duaymysz9-session-7d9893e31178-lifetime-10:***@rp.scrapegw.com:6060	ConnectionTimeoutError: Connection timeout to host https://discord.com/api/v9/unique-username/username-attempt-unauthed
2026-09-01 18:27:24	NETWORK	eklw	attempt=1	proxy=http://wiw4v7duaymysz9-session-b56ea8240647-lifetime-10:***@rp.scrapegw.com:6060	ConnectionTimeoutError: Connection timeout to host https://discord.com/api/v9/unique-username/username-attempt-unauthed
2026-09-01 18:27:24	NETWORK	ekps	attempt=1	proxy=http://wiw4v7duaymysz9-session-85fc6d0328dc-lifetime-10:***@rp.scrapegw.com:6060	ConnectionTimeoutError: Connection timeout to host https://discord.com/api/v9/unique-username/username-attempt-unauthed
2026-09-01 18:27:24	NETWORK	ekok	attempt=1	proxy=http://wiw4v7duaymysz9-session-531ca5a4e407-lifetime-10:***@rp.scrapegw.com:6060	ConnectionTimeoutError: Connection timeout to host https://discord.com/api/v9/unique-username/username-attempt-unauthed
2026-09-01 18:27:24	NETWORK	ekii	attempt=1	proxy=http://wiw4v7duaymysz9-session-3c16bffd3804-lifetime-10:***@rp.scrapegw.com:6060	ConnectionTimeoutError: Connection timeout to host https://discord.com/api/v9/unique-username/username-attempt-unauthed
2026-09-01 18:27:25	HTTP_429	ewhi	attempt=1	proxy=http://wiw4v7duaymysz9-session-fe16aabb2a4f-lifetime-10:***@rp.scrapegw.com:6060	scope=shared global=False retry_after=1855.00s
2026-09-01 18:27:25	HTTP_429	ewlc	attempt=1	proxy=http://wiw4v7duaymysz9-session-fbe41bd8e68f-lifetime-10:***@rp.scrapegw.com:6060	scope=shared global=False retry_after=584.00s
2026-09-01 18:27:25	NETWORK	emfe	attempt=1	proxy=http://wiw4v7duaymysz9-session-e2c76d27d31f-lifetime-10:***@rp.scrapegw.com:6060	ClientConnectorError: Cannot connect to host discord.com:443 ssl:default [Connection reset by peer]
2026-09-01 18:27:25	NETWORK	ekyh	attempt=1	proxy=http://wiw4v7duaymysz9-session-dcd4f5a38c0d-lifetime-10:***@rp.scrapegw.com:6060	ConnectionTimeoutError: Connection timeout to host https://discord.com/api/v9/unique-username/username-attempt-unauthed
2026-09-01 18:27:25	NETWORK	elhy	attempt=1	proxy=http://wiw4v7duaymysz9-session-7f905905aea6-lifetime-10:***@rp.scrapegw.com:6060	ConnectionTimeoutError: Connection timeout to host https://discord.com/api/v9/unique-username/username-attempt-unauthed
2026-09-01 18:27:25	NETWORK	elho	attempt=1	proxy=http://wiw4v7duaymysz9-session-f6e9f2bc793f-lifetime-10:***@rp.scrapegw.com:6060	ConnectionTimeoutError: Connection timeout to host https://discord.com/api/v9/unique-username/username-attempt-unauthed
2026-09-01 18:27:25	NETWORK	elid	attempt=1	proxy=http://wiw4v7duaymysz9-session-97cf40e093d5-lifetime-10:***@rp.scrapegw.com:6060	ConnectionTimeoutError: Connection timeout to host https://discord.com/api/v9/unique-username/username-attempt-unauthed
2026-09-01 18:27:25	NETWORK	eldf	attempt=1	proxy=http://wiw4v7duaymysz9-session-3c03124e4001-lifetime-10:***@rp.scrapegw.com:6060	ConnectionTimeoutError: Connection timeout to host https://discord.com/api/v9/unique-username/username-attempt-unauthed
2026-09-01 18:27:25	NETWORK	elif	attempt=1	proxy=http://wiw4v7duaymysz9-session-b05e3eddeb06-lifetime-10:***@rp.scrapegw.com:6060	ConnectionTimeoutError: Connection timeout to host https://discord.com/api/v9/unique-username/username-attempt-unauthed
2026-09-01 18:27:25	NETWORK	eliv	attempt=1	proxy=http://wiw4v7duaymysz9-session-179218540737-lifetime-10:***@rp.scrapegw.com:6060	ConnectionTimeoutError: Connection timeout to host https://discord.com/api/v9/unique-username/username-attempt-unauthed
2026-09-01 18:27:25	NETWORK	eltm	attempt=1	proxy=http://wiw4v7duaymysz9-session-e12c41fa94c0-lifetime-10:***@rp.scrapegw.com:6060	ConnectionTimeoutError: Connection timeout to host https://discord.com/api/v9/unique-username/username-attempt-unauthed
2026-09-01 18:27:25	NETWORK	elto	attempt=1	proxy=http://wiw4v7duaymysz9-session-e1be603b4270-lifetime-10:***@rp.scrapegw.com:6060	ConnectionTimeoutError: Connection timeout to host https://discord.com/api/v9/unique-username/username-attempt-unauthed
2026-09-01 18:27:25	NETWORK	elub	attempt=1	proxy=http://wiw4v7duaymysz9-session-d4f456ccd8fe-lifetime-10:***@rp.scrapegw.com:6060	ConnectionTimeoutError: Connection timeout to host https://discord.com/api/v9/unique-username/username-attempt-unauthed
2026-09-01 18:27:25	NETWORK	elrg	attempt=1	proxy=http://wiw4v7duaymysz9-session-c7739b1ffc02-lifetime-10:***@rp.scrapegw.com:6060	ConnectionTimeoutError: Connection timeout to host https://discord.com/api/v9/unique-username/username-attempt-unauthed
2026-09-01 18:27:25	NETWORK	elrd	attempt=1	proxy=http://wiw4v7duaymysz9-session-900c929ce15f-lifetime-10:***@rp.scrapegw.com:6060	ConnectionTimeoutError: Connection timeout to host https://discord.com/api/v9/unique-username/username-attempt-unauthed
2026-09-01 18:27:25	NETWORK	elsz	attempt=1	proxy=http://wiw4v7duaymysz9-session-1fa77a6a0f46-lifetime-10:***@rp.scrapegw.com:6060	ConnectionTimeoutError: Connection timeout to host https://discord.com/api/v9/unique-username/username-attempt-unauthed
2026-09-01 18:27:25	NETWORK	eltj	attempt=1	proxy=http://wiw4v7duaymysz9-session-2fb1900fe59e-lifetime-10:***@rp.scrapegw.com:6060	ConnectionTimeoutError: Connection timeout to host https://discord.com/api/v9/unique-username/username-attempt-unauthed
2026-09-01 18:27:25	NETWORK	elnt	attempt=1	proxy=http://wiw4v7duaymysz9-session-a5ece9b9c17b-lifetime-10:***@rp.scrapegw.com:6060	ConnectionTimeoutError: Connection timeout to host https://discord.com/api/v9/unique-username/username-attempt-unauthed
2026-09-01 18:27:25	NETWORK	elos	attempt=1	proxy=http://wiw4v7duaymysz9-session-1aa4b637f65f-lifetime-10:***@rp.scrapegw.com:6060	ConnectionTimeoutError: Connection timeout to host https://discord.com/api/v9/unique-username/username-attempt-unauthed
2026-09-01 18:27:25	NETWORK	elmh	attempt=1	proxy=http://wiw4v7duaymysz9-session-baaeccd30bb5-lifetime-10:***@rp.scrapegw.com:6060	ConnectionTimeoutError: Connection timeout to host https://discord.com/api/v9/unique-username/username-attempt-unauthed
2026-09-01 18:27:25	NETWORK	elez	attempt=1	proxy=http://wiw4v7duaymysz9-session-ecfbc53207f0-lifetime-10:***@rp.scrapegw.com:6060	ConnectionTimeoutError: Connection timeout to host https://discord.com/api/v9/unique-username/username-attempt-unauthed
2026-09-01 18:27:25	NETWORK	elux	attempt=1	proxy=http://wiw4v7duaymysz9-session-aef46040bcc8-lifetime-10:***@rp.scrapegw.com:6060	ConnectionTimeoutError: Connection timeout to host https://discord.com/api/v9/unique-username/username-attempt-unauthed
2026-09-01 18:27:25	NETWORK	elgm	attempt=1	proxy=http://wiw4v7duaymysz9-session-397fa86cc7bd-lifetime-10:***@rp.scrapegw.com:6060	ConnectionTimeoutError: Connection timeout to host https://discord.com/api/v9/unique-username/username-attempt-unauthed
2026-09-01 18:27:25	NETWORK	elgs	attempt=1	proxy=http://wiw4v7duaymysz9-session-a904366268cf-lifetime-10:***@rp.scrapegw.com:6060	ConnectionTimeoutError: Connection timeout to host https://discord.com/api/v9/unique-username/username-attempt-unauthed
2026-09-01 18:27:25	NETWORK	eljx	attempt=1	proxy=http://wiw4v7duaymysz9-session-dfe2e2b32198-lifetime-10:***@rp.scrapegw.com:6060	ConnectionTimeoutError: Connection timeout to host https://discord.com/api/v9/unique-username/username-attempt-unauthed
2026-09-01 18:27:25	NETWORK	eldw	attempt=1	proxy=http://wiw4v7duaymysz9-session-08a8b819fe5c-lifetime-10:***@rp.scrapegw.com:6060	ConnectionTimeoutError: Connection timeout to host https://discord.com/api/v9/unique-username/username-attempt-unauthed
2026-09-01 18:27:25	NETWORK	eldh	attempt=1	proxy=http://wiw4v7duaymysz9-session-24376a69fa95-lifetime-10:***@rp.scrapegw.com:6060	ConnectionTimeoutError: Connection timeout to host https://discord.com/api/v9/unique-username/username-attempt-unauthed
2026-09-01 18:27:25	NETWORK	elce	attempt=1	proxy=http://wiw4v7duaymysz9-session-5a193dc9e513-lifetime-10:***@rp.scrapegw.com:6060	ConnectionTimeoutError: Connection timeout to host https://discord.com/api/v9/unique-username/username-attempt-unauthed
2026-09-01 18:27:25	NETWORK	elbn	attempt=1	proxy=http://wiw4v7duaymysz9-session-102805783c70-lifetime-10:***@rp.scrapegw.com:6060	ConnectionTimeoutError: Connection timeout to host https://discord.com/api/v9/unique-username/username-attempt-unauthed
2026-09-01 18:27:25	NETWORK	ekzg	attempt=1	proxy=http://wiw4v7duaymysz9-session-80dbc2b9a6bb-lifetime-10:***@rp.scrapegw.com:6060	ConnectionTimeoutError: Connection timeout to host https://discord.com/api/v9/unique-username/username-attempt-unauthed
2026-09-01 18:27:25	NETWORK	ekzf	attempt=1	proxy=http://wiw4v7duaymysz9-session-39072102fcb6-lifetime-10:***@rp.scrapegw.com:6060	ConnectionTimeoutError: Connection timeout to host https://discord.com/api/v9/unique-username/username-attempt-unauthed
2026-09-01 18:27:25	NETWORK	eltt	attempt=1	proxy=http://wiw4v7duaymysz9-session-4771c780840d-lifetime-10:***@rp.scrapegw.com:6060	ConnectionTimeoutError: Connection timeout to host https://discord.com/api/v9/unique-username/username-attempt-unauthed
2026-09-01 18:27:25	NETWORK	elit	attempt=1	proxy=http://wiw4v7duaymysz9-session-7e60a3fcd21d-lifetime-10:***@rp.scrapegw.com:6060	ConnectionTimeoutError: Connection timeout to host https://discord.com/api/v9/unique-username/username-attempt-unauthed
2026-09-01 18:27:25	NETWORK	elig	attempt=1	proxy=http://wiw4v7duaymysz9-session-5c1398b1ec37-lifetime-10:***@rp.scrapegw.com:6060	ConnectionTimeoutError: Connection timeout to host https://discord.com/api/v9/unique-username/username-attempt-unauthed
2026-09-01 18:27:25	NETWORK	ekyp	attempt=1	proxy=http://wiw4v7duaymysz9-session-b08f514f8618-lifetime-10:***@rp.scrapegw.com:6060	ConnectionTimeoutError: Connection timeout to host https://discord.com/api/v9/unique-username/username-attempt-unauthed
2026-09-01 18:27:25	NETWORK	elvh	attempt=1	proxy=http://wiw4v7duaymysz9-session-f9298f2fcce9-lifetime-10:***@rp.scrapegw.com:6060	ConnectionTimeoutError: Connection timeout to host https://discord.com/api/v9/unique-username/username-attempt-unauthed
2026-09-01 18:27:25	NETWORK	elfr	attempt=1	proxy=http://wiw4v7duaymysz9-session-7b8666cbaf11-lifetime-10:***@rp.scrapegw.com:6060	ConnectionTimeoutError: Connection timeout to host https://discord.com/api/v9/unique-username/username-attempt-unauthed
2026-09-01 18:27:25	NETWORK	elro	attempt=1	proxy=http://wiw4v7duaymysz9-session-1a853d3ae852-lifetime-10:***@rp.scrapegw.com:6060	ConnectionTimeoutError: Connection timeout to host https://discord.com/api/v9/unique-username/username-attempt-unauthed
2026-09-01 18:27:25	NETWORK	elra	attempt=1	proxy=http://wiw4v7duaymysz9-session-8101be33064f-lifetime-10:***@rp.scrapegw.com:6060	ConnectionTimeoutError: Connection timeout to host https://discord.com/api/v9/unique-username/username-attempt-unauthed
2026-09-01 18:27:25	NETWORK	elnb	attempt=1	proxy=http://wiw4v7duaymysz9-session-c9397ec1cdad-lifetime-10:***@rp.scrapegw.com:6060	ConnectionTimeoutError: Connection timeout to host https://discord.com/api/v9/unique-username/username-attempt-unauthed
2026-09-01 18:27:25	NETWORK	elpb	attempt=1	proxy=http://wiw4v7duaymysz9-session-89df3b9388fa-lifetime-10:***@rp.scrapegw.com:6060	ConnectionTimeoutError: Connection timeout to host https://discord.com/api/v9/unique-username/username-attempt-unauthed
2026-09-01 18:27:25	NETWORK	elmu	attempt=1	proxy=http://wiw4v7duaymysz9-session-89cf548b263f-lifetime-10:***@rp.scrapegw.com:6060	ConnectionTimeoutError: Connection timeout to host https://discord.com/api/v9/unique-username/username-attempt-unauthed
2026-09-01 18:27:25	NETWORK	elof	attempt=1	proxy=http://wiw4v7duaymysz9-session-14a817d2ede4-lifetime-10:***@rp.scrapegw.com:6060	ConnectionTimeoutError: Connection timeout to host https://discord.com/api/v9/unique-username/username-attempt-unauthed
2026-09-01 18:27:25	NETWORK	elfb	attempt=1	proxy=http://wiw4v7duaymysz9-session-e999caac7d55-lifetime-10:***@rp.scrapegw.com:6060	ConnectionTimeoutError: Connection timeout to host https://discord.com/api/v9/unique-username/username-attempt-unauthed
2026-09-01 18:27:25	NETWORK	elkd	attempt=1	proxy=http://wiw4v7duaymysz9-session-f4f38d861204-lifetime-10:***@rp.scrapegw.com:6060	ConnectionTimeoutError: Connection timeout to host https://discord.com/api/v9/unique-username/username-attempt-unauthed
2026-09-01 18:27:25	NETWORK	elew	attempt=1	proxy=http://wiw4v7duaymysz9-session-af0573588123-lifetime-10:***@rp.scrapegw.com:6060	ConnectionTimeoutError: Connection timeout to host https://discord.com/api/v9/unique-username/username-attempt-unauthed
2026-09-01 18:27:25	NETWORK	elei	attempt=1	proxy=http://wiw4v7duaymysz9-session-09046ccff9c8-lifetime-10:***@rp.scrapegw.com:6060	ConnectionTimeoutError: Connection timeout to host https://discord.com/api/v9/unique-username/username-attempt-unauthed
2026-09-01 18:27:25	NETWORK	elaw	attempt=1	proxy=http://wiw4v7duaymysz9-session-aa6a52d33862-lifetime-10:***@rp.scrapegw.com:6060	ConnectionTimeoutError: Connection timeout to host https://discord.com/api/v9/unique-username/username-attempt-unauthed
2026-09-01 18:27:25	NETWORK	ekzl	attempt=1	proxy=http://wiw4v7duaymysz9-session-98609a7b55e5-lifetime-10:***@rp.scrapegw.com:6060	ConnectionTimeoutError: Connection timeout to host https://discord.com/api/v9/unique-username/username-attempt-unauthed
2026-09-01 18:27:25	NETWORK	ekyl	attempt=1	proxy=http://wiw4v7duaymysz9-session-efe659ca88e5-lifetime-10:***@rp.scrapegw.com:6060	ConnectionTimeoutError: Connection timeout to host https://discord.com/api/v9/unique-username/username-attempt-unauthed
2026-09-01 18:27:25	NETWORK	elht	attempt=1	proxy=http://wiw4v7duaymysz9-session-50c4b9e59f2a-lifetime-10:***@rp.scrapegw.com:6060	ConnectionTimeoutError: Connection timeout to host https://discord.com/api/v9/unique-username/username-attempt-unauthed
2026-09-01 18:27:25	NETWORK	eltr	attempt=1	proxy=http://wiw4v7duaymysz9-session-e67aade4071f-lifetime-10:***@rp.scrapegw.com:6060	ConnectionTimeoutError: Connection timeout to host https://discord.com/api/v9/unique-username/username-attempt-unauthed
2026-09-01 18:27:25	NETWORK	elvj	attempt=1	proxy=http://wiw4v7duaymysz9-session-3f778a61add1-lifetime-10:***@rp.scrapegw.com:6060	ConnectionTimeoutError: Connection timeout to host https://discord.com/api/v9/unique-username/username-attempt-unauthed
2026-09-01 18:27:25	NETWORK	elpy	attempt=1	proxy=http://wiw4v7duaymysz9-session-5e283784f595-lifetime-10:***@rp.scrapegw.com:6060	ConnectionTimeoutError: Connection timeout to host https://discord.com/api/v9/unique-username/username-attempt-unauthed
2026-09-01 18:27:25	NETWORK	elbi	attempt=1	proxy=http://wiw4v7duaymysz9-session-bff1afe3732f-lifetime-10:***@rp.scrapegw.com:6060	ConnectionTimeoutError: Connection timeout to host https://discord.com/api/v9/unique-username/username-attempt-unauthed
2026-09-01 18:27:25	NETWORK	elhn	attempt=1	proxy=http://wiw4v7duaymysz9-session-005780d679fc-lifetime-10:***@rp.scrapegw.com:6060	ConnectionTimeoutError: Connection timeout to host https://discord.com/api/v9/unique-username/username-attempt-unauthed
2026-09-01 18:27:25	NETWORK	eloq	attempt=1	proxy=http://wiw4v7duaymysz9-session-c34f5ae32147-lifetime-10:***@rp.scrapegw.com:6060	ConnectionTimeoutError: Connection timeout to host https://discord.com/api/v9/unique-username/username-attempt-unauthed
2026-09-01 18:27:25	NETWORK	eloh	attempt=1	proxy=http://wiw4v7duaymysz9-session-d3310bc940bc-lifetime-10:***@rp.scrapegw.com:6060	ConnectionTimeoutError: Connection timeout to host https://discord.com/api/v9/unique-username/username-attempt-unauthed
2026-09-01 18:27:25	NETWORK	elle	attempt=1	proxy=http://wiw4v7duaymysz9-session-f4402ddfc631-lifetime-10:***@rp.scrapegw.com:6060	ConnectionTimeoutError: Connection timeout to host https://discord.com/api/v9/unique-username/username-attempt-unauthed
2026-09-01 18:27:25	HTTP_429	ewvz	attempt=1	proxy=http://wiw4v7duaymysz9-session-d0d849e0e80b-lifetime-10:***@rp.scrapegw.com:6060	scope=shared global=False retry_after=802.00s
2026-09-01 18:27:25	HTTP_429	epdj	attempt=1	proxy=http://wiw4v7duaymysz9-session-c0bd307182c6-lifetime-10:***@rp.scrapegw.com:6060	scope=shared global=False retry_after=181.00s
2026-09-01 18:27:26	HTTP_429	exbs	attempt=1	proxy=http://wiw4v7duaymysz9-session-128cc182ea9d-lifetime-10:***@rp.scrapegw.com:6060	scope=shared global=False retry_after=1532.00s
2026-09-01 18:27:26	NETWORK	emlp	attempt=1	proxy=http://wiw4v7duaymysz9-session-0c6835e1a239-lifetime-10:***@rp.scrapegw.com:6060	ServerDisconnectedError: Server disconnected
2026-09-01 18:27:26	NETWORK	emuz	attempt=1	proxy=http://wiw4v7duaymysz9-session-10d61ecef46e-lifetime-10:***@rp.scrapegw.com:6060	ConnectionTimeoutError: Connection timeout to host https://discord.com/api/v9/unique-username/username-attempt-unauthed
2026-09-01 18:27:26	NETWORK	emqm	attempt=1	proxy=http://wiw4v7duaymysz9-session-51814a68c606-lifetime-10:***@rp.scrapegw.com:6060	ConnectionTimeoutError: Connection timeout to host https://discord.com/api/v9/unique-username/username-attempt-unauthed
2026-09-01 18:27:26	NETWORK	emqh	attempt=1	proxy=http://wiw4v7duaymysz9-session-127375a7b097-lifetime-10:***@rp.scrapegw.com:6060	ConnectionTimeoutError: Connection timeout to host https://discord.com/api/v9/unique-username/username-attempt-unauthed
2026-09-01 18:27:26	NETWORK	emtv	attempt=1	proxy=http://wiw4v7duaymysz9-session-1df9b844183d-lifetime-10:***@rp.scrapegw.com:6060	ConnectionTimeoutError: Connection timeout to host https://discord.com/api/v9/unique-username/username-attempt-unauthed
2026-09-01 18:27:26	NETWORK	emfo	attempt=1	proxy=http://wiw4v7duaymysz9-session-fe991e0fa518-lifetime-10:***@rp.scrapegw.com:6060	ConnectionTimeoutError: Connection timeout to host https://discord.com/api/v9/unique-username/username-attempt-unauthed
2026-09-01 18:27:26	NETWORK	emfc	attempt=1	proxy=http://wiw4v7duaymysz9-session-536f722b9794-lifetime-10:***@rp.scrapegw.com:6060	ConnectionTimeoutError: Connection timeout to host https://discord.com/api/v9/unique-username/username-attempt-unauthed
2026-09-01 18:27:26	NETWORK	emdh	attempt=1	proxy=http://wiw4v7duaymysz9-session-653e19e0ca1f-lifetime-10:***@rp.scrapegw.com:6060	ConnectionTimeoutError: Connection timeout to host https://discord.com/api/v9/unique-username/username-attempt-unauthed
2026-09-01 18:27:26	NETWORK	emmv	attempt=1	proxy=http://wiw4v7duaymysz9-session-a4c65bd6d1b5-lifetime-10:***@rp.scrapegw.com:6060	ConnectionTimeoutError: Connection timeout to host https://discord.com/api/v9/unique-username/username-attempt-unauthed
2026-09-01 18:27:26	NETWORK	emdd	attempt=1	proxy=http://wiw4v7duaymysz9-session-06e111db4b81-lifetime-10:***@rp.scrapegw.com:6060	ConnectionTimeoutError: Connection timeout to host https://discord.com/api/v9/unique-username/username-attempt-unauthed
2026-09-01 18:27:26	NETWORK	emcv	attempt=1	proxy=http://wiw4v7duaymysz9-session-6b6937b3acc4-lifetime-10:***@rp.scrapegw.com:6060	ConnectionTimeoutError: Connection timeout to host https://discord.com/api/v9/unique-username/username-attempt-unauthed
2026-09-01 18:27:26	NETWORK	elzu	attempt=1	proxy=http://wiw4v7duaymysz9-session-628700cfafb7-lifetime-10:***@rp.scrapegw.com:6060	ConnectionTimeoutError: Connection timeout to host https://discord.com/api/v9/unique-username/username-attempt-unauthed
2026-09-01 18:27:26	NETWORK	elzx	attempt=1	proxy=http://wiw4v7duaymysz9-session-6bb1b9fd959a-lifetime-10:***@rp.scrapegw.com:6060	ConnectionTimeoutError: Connection timeout to host https://discord.com/api/v9/unique-username/username-attempt-unauthed
2026-09-01 18:27:26	NETWORK	elwe	attempt=1	proxy=http://wiw4v7duaymysz9-session-856b555acc3a-lifetime-10:***@rp.scrapegw.com:6060	ConnectionTimeoutError: Connection timeout to host https://discord.com/api/v9/unique-username/username-attempt-unauthed
2026-09-01 18:27:26	NETWORK	emzl	attempt=1	proxy=http://wiw4v7duaymysz9-session-40cab0623581-lifetime-10:***@rp.scrapegw.com:6060	ConnectionTimeoutError: Connection timeout to host https://discord.com/api/v9/unique-username/username-attempt-unauthed
2026-09-01 18:27:26	NETWORK	emnk	attempt=1	proxy=http://wiw4v7duaymysz9-session-9d16dfb27b2a-lifetime-10:***@rp.scrapegw.com:6060	ConnectionTimeoutError: Connection timeout to host https://discord.com/api/v9/unique-username/username-attempt-unauthed
2026-09-01 18:27:26	NETWORK	emzi	attempt=1	proxy=http://wiw4v7duaymysz9-session-bb3ce070e92b-lifetime-10:***@rp.scrapegw.com:6060	ConnectionTimeoutError: Connection timeout to host https://discord.com/api/v9/unique-username/username-attempt-unauthed
2026-09-01 18:27:26	NETWORK	emyg	attempt=1	proxy=http://wiw4v7duaymysz9-session-5376a5892a86-lifetime-10:***@rp.scrapegw.com:6060	ConnectionTimeoutError: Connection timeout to host https://discord.com/api/v9/unique-username/username-attempt-unauthed
2026-09-01 18:27:26	NETWORK	emwm	attempt=1	proxy=http://wiw4v7duaymysz9-session-ccf90f0259bb-lifetime-10:***@rp.scrapegw.com:6060	ConnectionTimeoutError: Connection timeout to host https://discord.com/api/v9/unique-username/username-attempt-unauthed
2026-09-01 18:27:26	NETWORK	emhi	attempt=1	proxy=http://wiw4v7duaymysz9-session-78e1058318f8-lifetime-10:***@rp.scrapegw.com:6060	ConnectionTimeoutError: Connection timeout to host https://discord.com/api/v9/unique-username/username-attempt-unauthed
2026-09-01 18:27:26	NETWORK	emyf	attempt=1	proxy=http://wiw4v7duaymysz9-session-296c2e485fb4-lifetime-10:***@rp.scrapegw.com:6060	ConnectionTimeoutError: Connection timeout to host https://discord.com/api/v9/unique-username/username-attempt-unauthed
2026-09-01 18:27:26	NETWORK	emzo	attempt=1	proxy=http://wiw4v7duaymysz9-session-396fd691b5ed-lifetime-10:***@rp.scrapegw.com:6060	ConnectionTimeoutError: Connection timeout to host https://discord.com/api/v9/unique-username/username-attempt-unauthed
2026-09-01 18:27:26	NETWORK	emxd	attempt=1	proxy=http://wiw4v7duaymysz9-session-e7ccb71b78ac-lifetime-10:***@rp.scrapegw.com:6060	ConnectionTimeoutError: Connection timeout to host https://discord.com/api/v9/unique-username/username-attempt-unauthed
2026-09-01 18:27:26	NETWORK	emle	attempt=1	proxy=http://wiw4v7duaymysz9-session-3511e5748c58-lifetime-10:***@rp.scrapegw.com:6060	ConnectionTimeoutError: Connection timeout to host https://discord.com/api/v9/unique-username/username-attempt-unauthed
2026-09-01 18:27:26	NETWORK	emje	attempt=1	proxy=http://wiw4v7duaymysz9-session-b50a772ae3e0-lifetime-10:***@rp.scrapegw.com:6060	ConnectionTimeoutError: Connection timeout to host https://discord.com/api/v9/unique-username/username-attempt-unauthed
2026-09-01 18:27:26	NETWORK	emkz	attempt=1	proxy=http://wiw4v7duaymysz9-session-79b5d899f52e-lifetime-10:***@rp.scrapegw.com:6060	ConnectionTimeoutError: Connection timeout to host https://discord.com/api/v9/unique-username/username-attempt-unauthed
2026-09-01 18:27:26	NETWORK	elyj	attempt=1	proxy=http://wiw4v7duaymysz9-session-2d83ec44a1c9-lifetime-10:***@rp.scrapegw.com:6060	ConnectionTimeoutError: Connection timeout to host https://discord.com/api/v9/unique-username/username-attempt-unauthed
2026-09-01 18:27:26	NETWORK	elyf	attempt=1	proxy=http://wiw4v7duaymysz9-session-e96d00704b37-lifetime-10:***@rp.scrapegw.com:6060	ConnectionTimeoutError: Connection timeout to host https://discord.com/api/v9/unique-username/username-attempt-unauthed
2026-09-01 18:27:26	NETWORK	emxn	attempt=1	proxy=http://wiw4v7duaymysz9-session-5e1d0bead162-lifetime-10:***@rp.scrapegw.com:6060	ConnectionTimeoutError: Connection timeout to host https://discord.com/api/v9/unique-username/username-attempt-unauthed
2026-09-01 18:27:26	NETWORK	elxk	attempt=1	proxy=http://wiw4v7duaymysz9-session-d7d186086ab1-lifetime-10:***@rp.scrapegw.com:6060	ConnectionTimeoutError: Connection timeout to host https://discord.com/api/v9/unique-username/username-attempt-unauthed
2026-09-01 18:27:26	NETWORK	emxs	attempt=1	proxy=http://wiw4v7duaymysz9-session-30223a4cdcaf-lifetime-10:***@rp.scrapegw.com:6060	ConnectionTimeoutError: Connection timeout to host https://discord.com/api/v9/unique-username/username-attempt-unauthed
2026-09-01 18:27:26	NETWORK	emlz	attempt=1	proxy=http://wiw4v7duaymysz9-session-3998598198e9-lifetime-10:***@rp.scrapegw.com:6060	ConnectionTimeoutError: Connection timeout to host https://discord.com/api/v9/unique-username/username-attempt-unauthed
2026-09-01 18:27:26	NETWORK	emtc	attempt=1	proxy=http://wiw4v7duaymysz9-session-c88e3fb85cbc-lifetime-10:***@rp.scrapegw.com:6060	ConnectionTimeoutError: Connection timeout to host https://discord.com/api/v9/unique-username/username-attempt-unauthed
2026-09-01 18:27:26	NETWORK	emqn	attempt=1	proxy=http://wiw4v7duaymysz9-session-98c500d368bb-lifetime-10:***@rp.scrapegw.com:6060	ConnectionTimeoutError: Connection timeout to host https://discord.com/api/v9/unique-username/username-attempt-unauthed
2026-09-01 18:27:26	NETWORK	emtr	attempt=1	proxy=http://wiw4v7duaymysz9-session-dc4b101d52dd-lifetime-10:***@rp.scrapegw.com:6060	ConnectionTimeoutError: Connection timeout to host https://discord.com/api/v9/unique-username/username-attempt-unauthed
2026-09-01 18:27:26	NETWORK	emqe	attempt=1	proxy=http://wiw4v7duaymysz9-session-50a20aa7a9e8-lifetime-10:***@rp.scrapegw.com:6060	ConnectionTimeoutError: Connection timeout to host https://discord.com/api/v9/unique-username/username-attempt-unauthed
2026-09-01 18:27:26	NETWORK	emui	attempt=1	proxy=http://wiw4v7duaymysz9-session-1875ae9066f3-lifetime-10:***@rp.scrapegw.com:6060	ConnectionTimeoutError: Connection timeout to host https://discord.com/api/v9/unique-username/username-attempt-unauthed
2026-09-01 18:27:26	NETWORK	empz	attempt=1	proxy=http://wiw4v7duaymysz9-session-9b5a1382735e-lifetime-10:***@rp.scrapegw.com:6060	ConnectionTimeoutError: Connection timeout to host https://discord.com/api/v9/unique-username/username-attempt-unauthed
2026-09-01 18:27:26	NETWORK	emfh	attempt=1	proxy=http://wiw4v7duaymysz9-session-222a2ccb1b82-lifetime-10:***@rp.scrapegw.com:6060	ConnectionTimeoutError: Connection timeout to host https://discord.com/api/v9/unique-username/username-attempt-unauthed
2026-09-01 18:27:26	NETWORK	emxm	attempt=1	proxy=http://wiw4v7duaymysz9-session-fcc88ef883cc-lifetime-10:***@rp.scrapegw.com:6060	ConnectionTimeoutError: Connection timeout to host https://discord.com/api/v9/unique-username/username-attempt-unauthed
2026-09-01 18:27:26	NETWORK	emew	attempt=1	proxy=http://wiw4v7duaymysz9-session-1fd1b7f2face-lifetime-10:***@rp.scrapegw.com:6060	ConnectionTimeoutError: Connection timeout to host https://discord.com/api/v9/unique-username/username-attempt-unauthed
2026-09-01 18:27:26	NETWORK	emap	attempt=1	proxy=http://wiw4v7duaymysz9-session-5bd06ea3d678-lifetime-10:***@rp.scrapegw.com:6060	ConnectionTimeoutError: Connection timeout to host https://discord.com/api/v9/unique-username/username-attempt-unauthed
2026-09-01 18:27:26	NETWORK	elwp	attempt=1	proxy=http://wiw4v7duaymysz9-session-d6f4f1275309-lifetime-10:***@rp.scrapegw.com:6060	ConnectionTimeoutError: Connection timeout to host https://discord.com/api/v9/unique-username/username-attempt-unauthed
2026-09-01 18:27:26	NETWORK	emnv	attempt=1	proxy=http://wiw4v7duaymysz9-session-0cb9ae70c007-lifetime-10:***@rp.scrapegw.com:6060	ConnectionTimeoutError: Connection timeout to host https://discord.com/api/v9/unique-username/username-attempt-unauthed
2026-09-01 18:27:26	NETWORK	emqv	attempt=1	proxy=http://wiw4v7duaymysz9-session-dbe259e0b6f8-lifetime-10:***@rp.scrapegw.com:6060	ConnectionTimeoutError: Connection timeout to host https://discord.com/api/v9/unique-username/username-attempt-unauthed
2026-09-01 18:27:26	NETWORK	emwp	attempt=1	proxy=http://wiw4v7duaymysz9-session-756cdb6b1a65-lifetime-10:***@rp.scrapegw.com:6060	ConnectionTimeoutError: Connection timeout to host https://discord.com/api/v9/unique-username/username-attempt-unauthed
2026-09-01 18:27:26	NETWORK	elvw	attempt=1	proxy=http://wiw4v7duaymysz9-session-a4cd9a49b8d7-lifetime-10:***@rp.scrapegw.com:6060	ConnectionTimeoutError: Connection timeout to host https://discord.com/api/v9/unique-username/username-attempt-unauthed
2026-09-01 18:27:26	NETWORK	emvf	attempt=1	proxy=http://wiw4v7duaymysz9-session-795130e26cc4-lifetime-10:***@rp.scrapegw.com:6060	ConnectionTimeoutError: Connection timeout to host https://discord.com/api/v9/unique-username/username-attempt-unauthed
2026-09-01 18:27:26	NETWORK	emoa	attempt=1	proxy=http://wiw4v7duaymysz9-session-f449840a0124-lifetime-10:***@rp.scrapegw.com:6060	ConnectionTimeoutError: Connection timeout to host https://discord.com/api/v9/unique-username/username-attempt-unauthed
2026-09-01 18:27:26	NETWORK	emnu	attempt=1	proxy=http://wiw4v7duaymysz9-session-a3007ddf8f26-lifetime-10:***@rp.scrapegw.com:6060	ConnectionTimeoutError: Connection timeout to host https://discord.com/api/v9/unique-username/username-attempt-unauthed
2026-09-01 18:27:26	NETWORK	enaf	attempt=1	proxy=http://wiw4v7duaymysz9-session-6e2502af0085-lifetime-10:***@rp.scrapegw.com:6060	ConnectionTimeoutError: Connection timeout to host https://discord.com/api/v9/unique-username/username-attempt-unauthed
2026-09-01 18:27:26	NETWORK	emxr	attempt=1	proxy=http://wiw4v7duaymysz9-session-2caf86c3f0f1-lifetime-10:***@rp.scrapegw.com:6060	ConnectionTimeoutError: Connection timeout to host https://discord.com/api/v9/unique-username/username-attempt-unauthed
2026-09-01 18:27:26	NETWORK	emwg	attempt=1	proxy=http://wiw4v7duaymysz9-session-2fcc1334b525-lifetime-10:***@rp.scrapegw.com:6060	ConnectionTimeoutError: Connection timeout to host https://discord.com/api/v9/unique-username/username-attempt-unauthed
2026-09-01 18:27:26	NETWORK	emwa	attempt=1	proxy=http://wiw4v7duaymysz9-session-b2149a580079-lifetime-10:***@rp.scrapegw.com:6060	ConnectionTimeoutError: Connection timeout to host https://discord.com/api/v9/unique-username/username-attempt-unauthed
2026-09-01 18:27:26	NETWORK	emjz	attempt=1	proxy=http://wiw4v7duaymysz9-session-13ff11a1e133-lifetime-10:***@rp.scrapegw.com:6060	ConnectionTimeoutError: Connection timeout to host https://discord.com/api/v9/unique-username/username-attempt-unauthed
2026-09-01 18:27:26	NETWORK	emrw	attempt=1	proxy=http://wiw4v7duaymysz9-session-6f35dc542f99-lifetime-10:***@rp.scrapegw.com:6060	ConnectionTimeoutError: Connection timeout to host https://discord.com/api/v9/unique-username/username-attempt-unauthed
2026-09-01 18:27:26	HTTP_429	eyyf	attempt=1	proxy=http://wiw4v7duaymysz9-session-88dee3d074ee-lifetime-10:***@rp.scrapegw.com:6060	scope=shared global=False retry_after=854.00s
2026-09-01 18:27:27	NETWORK	eodf	attempt=1	proxy=http://wiw4v7duaymysz9-session-6519b92e17cf-lifetime-10:***@rp.scrapegw.com:6060	ConnectionTimeoutError: Connection timeout to host https://discord.com/api/v9/unique-username/username-attempt-unauthed
2026-09-01 18:27:27	NETWORK	entl	attempt=1	proxy=http://wiw4v7duaymysz9-session-124983dcb57c-lifetime-10:***@rp.scrapegw.com:6060	ConnectionTimeoutError: Connection timeout to host https://discord.com/api/v9/unique-username/username-attempt-unauthed
2026-09-01 18:27:27	NETWORK	enhp	attempt=1	proxy=http://wiw4v7duaymysz9-session-63039bd6372f-lifetime-10:***@rp.scrapegw.com:6060	ConnectionTimeoutError: Connection timeout to host https://discord.com/api/v9/unique-username/username-attempt-unauthed
2026-09-01 18:27:27	NETWORK	eokp	attempt=1	proxy=http://wiw4v7duaymysz9-session-6f9418342d94-lifetime-10:***@rp.scrapegw.com:6060	ConnectionTimeoutError: Connection timeout to host https://discord.com/api/v9/unique-username/username-attempt-unauthed
2026-09-01 18:27:27	NETWORK	enwn	attempt=1	proxy=http://wiw4v7duaymysz9-session-4e785464ec2f-lifetime-10:***@rp.scrapegw.com:6060	ConnectionTimeoutError: Connection timeout to host https://discord.com/api/v9/unique-username/username-attempt-unauthed
2026-09-01 18:27:27	NETWORK	eogd	attempt=1	proxy=http://wiw4v7duaymysz9-session-4c6eea5ebe9f-lifetime-10:***@rp.scrapegw.com:6060	ConnectionTimeoutError: Connection timeout to host https://discord.com/api/v9/unique-username/username-attempt-unauthed
2026-09-01 18:27:27	NETWORK	eocv	attempt=1	proxy=http://wiw4v7duaymysz9-session-b7c36072863e-lifetime-10:***@rp.scrapegw.com:6060	ConnectionTimeoutError: Connection timeout to host https://discord.com/api/v9/unique-username/username-attempt-unauthed
2026-09-01 18:27:27	NETWORK	ensj	attempt=1	proxy=http://wiw4v7duaymysz9-session-907a76ce96ff-lifetime-10:***@rp.scrapegw.com:6060	ConnectionTimeoutError: Connection timeout to host https://discord.com/api/v9/unique-username/username-attempt-unauthed
2026-09-01 18:27:27	NETWORK	eolp	attempt=1	proxy=http://wiw4v7duaymysz9-session-2a7432c46fcd-lifetime-10:***@rp.scrapegw.com:6060	ConnectionTimeoutError: Connection timeout to host https://discord.com/api/v9/unique-username/username-attempt-unauthed
2026-09-01 18:27:27	NETWORK	enft	attempt=1	proxy=http://wiw4v7duaymysz9-session-3e1677ccea3f-lifetime-10:***@rp.scrapegw.com:6060	ConnectionTimeoutError: Connection timeout to host https://discord.com/api/v9/unique-username/username-attempt-unauthed
2026-09-01 18:27:27	NETWORK	enex	attempt=1	proxy=http://wiw4v7duaymysz9-session-e37146459ea3-lifetime-10:***@rp.scrapegw.com:6060	ConnectionTimeoutError: Connection timeout to host https://discord.com/api/v9/unique-username/username-attempt-unauthed
2026-09-01 18:27:27	NETWORK	encm	attempt=1	proxy=http://wiw4v7duaymysz9-session-88dee3d074ee-lifetime-10:***@rp.scrapegw.com:6060	ConnectionTimeoutError: Connection timeout to host https://discord.com/api/v9/unique-username/username-attempt-unauthed
2026-09-01 18:27:27	NETWORK	enyj	attempt=1	proxy=http://wiw4v7duaymysz9-session-cc8cdfc531ba-lifetime-10:***@rp.scrapegw.com:6060	ConnectionTimeoutError: Connection timeout to host https://discord.com/api/v9/unique-username/username-attempt-unauthed
2026-09-01 18:27:27	NETWORK	ennb	attempt=1	proxy=http://wiw4v7duaymysz9-session-948cbfc12018-lifetime-10:***@rp.scrapegw.com:6060	ConnectionTimeoutError: Connection timeout to host https://discord.com/api/v9/unique-username/username-attempt-unauthed
2026-09-01 18:27:27	NETWORK	eokb	attempt=1	proxy=http://wiw4v7duaymysz9-session-f2f50394041b-lifetime-10:***@rp.scrapegw.com:6060	ConnectionTimeoutError: Connection timeout to host https://discord.com/api/v9/unique-username/username-attempt-unauthed
2026-09-01 18:27:27	NETWORK	enyi	attempt=1	proxy=http://wiw4v7duaymysz9-session-b848f236f9b4-lifetime-10:***@rp.scrapegw.com:6060	ConnectionTimeoutError: Connection timeout to host https://discord.com/api/v9/unique-username/username-attempt-unauthed
2026-09-01 18:27:27	NETWORK	engx	attempt=1	proxy=http://wiw4v7duaymysz9-session-c97deee7e633-lifetime-10:***@rp.scrapegw.com:6060	ConnectionTimeoutError: Connection timeout to host https://discord.com/api/v9/unique-username/username-attempt-unauthed
2026-09-01 18:27:27	NETWORK	eojy	attempt=1	proxy=http://wiw4v7duaymysz9-session-f13624090c96-lifetime-10:***@rp.scrapegw.com:6060	ConnectionTimeoutError: Connection timeout to host https://discord.com/api/v9/unique-username/username-attempt-unauthed
2026-09-01 18:27:27	NETWORK	enhf	attempt=1	proxy=http://wiw4v7duaymysz9-session-42e6ffe75217-lifetime-10:***@rp.scrapegw.com:6060	ConnectionTimeoutError: Connection timeout to host https://discord.com/api/v9/unique-username/username-attempt-unauthed
2026-09-01 18:27:27	NETWORK	eoet	attempt=1	proxy=http://wiw4v7duaymysz9-session-99c4e5b142eb-lifetime-10:***@rp.scrapegw.com:6060	ConnectionTimeoutError: Connection timeout to host https://discord.com/api/v9/unique-username/username-attempt-unauthed
2026-09-01 18:27:27	NETWORK	eoaz	attempt=1	proxy=http://wiw4v7duaymysz9-session-524ae25152ac-lifetime-10:***@rp.scrapegw.com:6060	ConnectionTimeoutError: Connection timeout to host https://discord.com/api/v9/unique-username/username-attempt-unauthed
2026-09-01 18:27:27	NETWORK	eoao	attempt=1	proxy=http://wiw4v7duaymysz9-session-0429c89a6604-lifetime-10:***@rp.scrapegw.com:6060	ConnectionTimeoutError: Connection timeout to host https://discord.com/api/v9/unique-username/username-attempt-unauthed
2026-09-01 18:27:27	NETWORK	enzh	attempt=1	proxy=http://wiw4v7duaymysz9-session-cad4ce07c845-lifetime-10:***@rp.scrapegw.com:6060	ConnectionTimeoutError: Connection timeout to host https://discord.com/api/v9/unique-username/username-attempt-unauthed
2026-09-01 18:27:27	NETWORK	enga	attempt=1	proxy=http://wiw4v7duaymysz9-session-216fcaf05d57-lifetime-10:***@rp.scrapegw.com:6060	ConnectionTimeoutError: Connection timeout to host https://discord.com/api/v9/unique-username/username-attempt-unauthed
2026-09-01 18:27:27	NETWORK	ennr	attempt=1	proxy=http://wiw4v7duaymysz9-session-9dc519f95337-lifetime-10:***@rp.scrapegw.com:6060	ConnectionTimeoutError: Connection timeout to host https://discord.com/api/v9/unique-username/username-attempt-unauthed
2026-09-01 18:27:27	NETWORK	enge	attempt=1	proxy=http://wiw4v7duaymysz9-session-00e54ded0b2b-lifetime-10:***@rp.scrapegw.com:6060	ConnectionTimeoutError: Connection timeout to host https://discord.com/api/v9/unique-username/username-attempt-unauthed
2026-09-01 18:27:27	NETWORK	enli	attempt=1	proxy=http://wiw4v7duaymysz9-session-a8cb26bb3c62-lifetime-10:***@rp.scrapegw.com:6060	ConnectionTimeoutError: Connection timeout to host https://discord.com/api/v9/unique-username/username-attempt-unauthed
2026-09-01 18:27:27	NETWORK	enmm	attempt=1	proxy=http://wiw4v7duaymysz9-session-3b148e646e88-lifetime-10:***@rp.scrapegw.com:6060	ConnectionTimeoutError: Connection timeout to host https://discord.com/api/v9/unique-username/username-attempt-unauthed
2026-09-01 18:27:27	NETWORK	eods	attempt=1	proxy=http://wiw4v7duaymysz9-session-a0bf1d8368cf-lifetime-10:***@rp.scrapegw.com:6060	ConnectionTimeoutError: Connection timeout to host https://discord.com/api/v9/unique-username/username-attempt-unauthed
2026-09-01 18:27:27	NETWORK	eock	attempt=1	proxy=http://wiw4v7duaymysz9-session-83d7f0690384-lifetime-10:***@rp.scrapegw.com:6060	ConnectionTimeoutError: Connection timeout to host https://discord.com/api/v9/unique-username/username-attempt-unauthed
2026-09-01 18:27:27	NETWORK	eojc	attempt=1	proxy=http://wiw4v7duaymysz9-session-2738173f8861-lifetime-10:***@rp.scrapegw.com:6060	ConnectionTimeoutError: Connection timeout to host https://discord.com/api/v9/unique-username/username-attempt-unauthed
2026-09-01 18:27:27	NETWORK	enxe	attempt=1	proxy=http://wiw4v7duaymysz9-session-46612816ac12-lifetime-10:***@rp.scrapegw.com:6060	ConnectionTimeoutError: Connection timeout to host https://discord.com/api/v9/unique-username/username-attempt-unauthed
2026-09-01 18:27:27	NETWORK	eoay	attempt=1	proxy=http://wiw4v7duaymysz9-session-d5c49e183430-lifetime-10:***@rp.scrapegw.com:6060	ConnectionTimeoutError: Connection timeout to host https://discord.com/api/v9/unique-username/username-attempt-unauthed
2026-09-01 18:27:27	NETWORK	eofk	attempt=1	proxy=http://wiw4v7duaymysz9-session-a2f2996aefef-lifetime-10:***@rp.scrapegw.com:6060	ConnectionTimeoutError: Connection timeout to host https://discord.com/api/v9/unique-username/username-attempt-unauthed
2026-09-01 18:27:27	NETWORK	eoee	attempt=1	proxy=http://wiw4v7duaymysz9-session-cd9c05813a16-lifetime-10:***@rp.scrapegw.com:6060	ConnectionTimeoutError: Connection timeout to host https://discord.com/api/v9/unique-username/username-attempt-unauthed
2026-09-01 18:27:27	NETWORK	enzf	attempt=1	proxy=http://wiw4v7duaymysz9-session-7cbcabf031fa-lifetime-10:***@rp.scrapegw.com:6060	ConnectionTimeoutError: Connection timeout to host https://discord.com/api/v9/unique-username/username-attempt-unauthed
2026-09-01 18:27:27	NETWORK	enxs	attempt=1	proxy=http://wiw4v7duaymysz9-session-6e6e89ec0a1f-lifetime-10:***@rp.scrapegw.com:6060	ConnectionTimeoutError: Connection timeout to host https://discord.com/api/v9/unique-username/username-attempt-unauthed
2026-09-01 18:27:27	NETWORK	enpa	attempt=1	proxy=http://wiw4v7duaymysz9-session-233296a39e9e-lifetime-10:***@rp.scrapegw.com:6060	ConnectionTimeoutError: Connection timeout to host https://discord.com/api/v9/unique-username/username-attempt-unauthed
2026-09-01 18:27:27	NETWORK	encw	attempt=1	proxy=http://wiw4v7duaymysz9-session-6fdc5499dc3f-lifetime-10:***@rp.scrapegw.com:6060	ConnectionTimeoutError: Connection timeout to host https://discord.com/api/v9/unique-username/username-attempt-unauthed
2026-09-01 18:27:27	NETWORK	enqs	attempt=1	proxy=http://wiw4v7duaymysz9-session-037e22635f3d-lifetime-10:***@rp.scrapegw.com:6060	ConnectionTimeoutError: Connection timeout to host https://discord.com/api/v9/unique-username/username-attempt-unauthed
2026-09-01 18:27:27	NETWORK	enbo	attempt=1	proxy=http://wiw4v7duaymysz9-session-7491b8817204-lifetime-10:***@rp.scrapegw.com:6060	ConnectionTimeoutError: Connection timeout to host https://discord.com/api/v9/unique-username/username-attempt-unauthed
2026-09-01 18:27:27	NETWORK	enbf	attempt=1	proxy=http://wiw4v7duaymysz9-session-eeadf437bfb6-lifetime-10:***@rp.scrapegw.com:6060	ConnectionTimeoutError: Connection timeout to host https://discord.com/api/v9/unique-username/username-attempt-unauthed
2026-09-01 18:27:27	NETWORK	enbn	attempt=1	proxy=http://wiw4v7duaymysz9-session-d57b4c2033cc-lifetime-10:***@rp.scrapegw.com:6060	ConnectionTimeoutError: Connection timeout to host https://discord.com/api/v9/unique-username/username-attempt-unauthed
2026-09-01 18:27:27	NETWORK	enih	attempt=1	proxy=http://wiw4v7duaymysz9-session-c4dc4ff7095f-lifetime-10:***@rp.scrapegw.com:6060	ConnectionTimeoutError: Connection timeout to host https://discord.com/api/v9/unique-username/username-attempt-unauthed
2026-09-01 18:27:27	NETWORK	enic	attempt=1	proxy=http://wiw4v7duaymysz9-session-e25460af1a72-lifetime-10:***@rp.scrapegw.com:6060	ConnectionTimeoutError: Connection timeout to host https://discord.com/api/v9/unique-username/username-attempt-unauthed
2026-09-01 18:27:27	NETWORK	enkx	attempt=1	proxy=http://wiw4v7duaymysz9-session-6e3cd3880c0a-lifetime-10:***@rp.scrapegw.com:6060	ConnectionTimeoutError: Connection timeout to host https://discord.com/api/v9/unique-username/username-attempt-unauthed
2026-09-01 18:27:27	NETWORK	enzn	attempt=1	proxy=http://wiw4v7duaymysz9-session-7205f759235a-lifetime-10:***@rp.scrapegw.com:6060	ConnectionTimeoutError: Connection timeout to host https://discord.com/api/v9/unique-username/username-attempt-unauthed
2026-09-01 18:27:27	HTTP_429	eqec	attempt=1	proxy=http://wiw4v7duaymysz9-session-86e144bc9296-lifetime-10:***@rp.scrapegw.com:6060	scope=shared global=False retry_after=629.00s
2026-09-01 18:27:28	NETWORK	epwm	attempt=1	proxy=http://wiw4v7duaymysz9-session-dcd4f5a38c0d-lifetime-10:***@rp.scrapegw.com:6060	ConnectionTimeoutError: Connection timeout to host https://discord.com/api/v9/unique-username/username-attempt-unauthed
2026-09-01 18:27:28	NETWORK	epxn	attempt=1	proxy=http://wiw4v7duaymysz9-session-80dbc2b9a6bb-lifetime-10:***@rp.scrapegw.com:6060	ConnectionTimeoutError: Connection timeout to host https://discord.com/api/v9/unique-username/username-attempt-unauthed
2026-09-01 18:27:28	NETWORK	epfc	attempt=1	proxy=http://wiw4v7duaymysz9-session-11e43bd76650-lifetime-10:***@rp.scrapegw.com:6060	ConnectionTimeoutError: Connection timeout to host https://discord.com/api/v9/unique-username/username-attempt-unauthed
2026-09-01 18:27:28	NETWORK	epdg	attempt=1	proxy=http://wiw4v7duaymysz9-session-7ab6684b879a-lifetime-10:***@rp.scrapegw.com:6060	ConnectionTimeoutError: Connection timeout to host https://discord.com/api/v9/unique-username/username-attempt-unauthed
2026-09-01 18:27:28	NETWORK	eprs	attempt=1	proxy=http://wiw4v7duaymysz9-session-6e6d2624985c-lifetime-10:***@rp.scrapegw.com:6060	ConnectionTimeoutError: Connection timeout to host https://discord.com/api/v9/unique-username/username-attempt-unauthed
2026-09-01 18:27:28	NETWORK	eoqv	attempt=1	proxy=http://wiw4v7duaymysz9-session-169a774384b6-lifetime-10:***@rp.scrapegw.com:6060	ConnectionTimeoutError: Connection timeout to host https://discord.com/api/v9/unique-username/username-attempt-unauthed
2026-09-01 18:27:28	NETWORK	eoxa	attempt=1	proxy=http://wiw4v7duaymysz9-session-be7fcc89bbd4-lifetime-10:***@rp.scrapegw.com:6060	ConnectionTimeoutError: Connection timeout to host https://discord.com/api/v9/unique-username/username-attempt-unauthed
2026-09-01 18:27:28	NETWORK	eoqg	attempt=1	proxy=http://wiw4v7duaymysz9-session-51d09b19ab8b-lifetime-10:***@rp.scrapegw.com:6060	ConnectionTimeoutError: Connection timeout to host https://discord.com/api/v9/unique-username/username-attempt-unauthed
2026-09-01 18:27:28	NETWORK	eoxx	attempt=1	proxy=http://wiw4v7duaymysz9-session-4a0f9aa96830-lifetime-10:***@rp.scrapegw.com:6060	ConnectionTimeoutError: Connection timeout to host https://discord.com/api/v9/unique-username/username-attempt-unauthed
2026-09-01 18:27:28	NETWORK	epui	attempt=1	proxy=http://wiw4v7duaymysz9-session-c1e7bb2f54f1-lifetime-10:***@rp.scrapegw.com:6060	ConnectionTimeoutError: Connection timeout to host https://discord.com/api/v9/unique-username/username-attempt-unauthed
2026-09-01 18:27:28	NETWORK	epgx	attempt=1	proxy=http://wiw4v7duaymysz9-session-0a404e6017ed-lifetime-10:***@rp.scrapegw.com:6060	ConnectionTimeoutError: Connection timeout to host https://discord.com/api/v9/unique-username/username-attempt-unauthed
2026-09-01 18:27:28	NETWORK	ephy	attempt=1	proxy=http://wiw4v7duaymysz9-session-111a8eff821d-lifetime-10:***@rp.scrapegw.com:6060	ConnectionTimeoutError: Connection timeout to host https://discord.com/api/v9/unique-username/username-attempt-unauthed
2026-09-01 18:27:28	NETWORK	eork	attempt=1	proxy=http://wiw4v7duaymysz9-session-99c177b7c66b-lifetime-10:***@rp.scrapegw.com:6060	ConnectionTimeoutError: Connection timeout to host https://discord.com/api/v9/unique-username/username-attempt-unauthed
2026-09-01 18:27:28	NETWORK	epfm	attempt=1	proxy=http://wiw4v7duaymysz9-session-7a094e66ae49-lifetime-10:***@rp.scrapegw.com:6060	ConnectionTimeoutError: Connection timeout to host https://discord.com/api/v9/unique-username/username-attempt-unauthed
2026-09-01 18:27:28	NETWORK	epza	attempt=1	proxy=http://wiw4v7duaymysz9-session-98609a7b55e5-lifetime-10:***@rp.scrapegw.com:6060	ConnectionTimeoutError: Connection timeout to host https://discord.com/api/v9/unique-username/username-attempt-unauthed
2026-09-01 18:27:28	NETWORK	epak	attempt=1	proxy=http://wiw4v7duaymysz9-session-91c90d8a5514-lifetime-10:***@rp.scrapegw.com:6060	ConnectionTimeoutError: Connection timeout to host https://discord.com/api/v9/unique-username/username-attempt-unauthed
2026-09-01 18:27:28	NETWORK	epxb	attempt=1	proxy=http://wiw4v7duaymysz9-session-b08f514f8618-lifetime-10:***@rp.scrapegw.com:6060	ConnectionTimeoutError: Connection timeout to host https://discord.com/api/v9/unique-username/username-attempt-unauthed
2026-09-01 18:27:28	NETWORK	eouj	attempt=1	proxy=http://wiw4v7duaymysz9-session-38b0b56e42f7-lifetime-10:***@rp.scrapegw.com:6060	ConnectionTimeoutError: Connection timeout to host https://discord.com/api/v9/unique-username/username-attempt-unauthed
2026-09-01 18:27:28	NETWORK	epgc	attempt=1	proxy=http://wiw4v7duaymysz9-session-752eb7259be5-lifetime-10:***@rp.scrapegw.com:6060	ConnectionTimeoutError: Connection timeout to host https://discord.com/api/v9/unique-username/username-attempt-unauthed
2026-09-01 18:27:28	NETWORK	epdk	attempt=1	proxy=http://wiw4v7duaymysz9-session-264822702ce8-lifetime-10:***@rp.scrapegw.com:6060	ConnectionTimeoutError: Connection timeout to host https://discord.com/api/v9/unique-username/username-attempt-unauthed
2026-09-01 18:27:28	NETWORK	eord	attempt=1	proxy=http://wiw4v7duaymysz9-session-66d6e54a2a20-lifetime-10:***@rp.scrapegw.com:6060	ConnectionTimeoutError: Connection timeout to host https://discord.com/api/v9/unique-username/username-attempt-unauthed
2026-09-01 18:27:28	NETWORK	epgy	attempt=1	proxy=http://wiw4v7duaymysz9-session-7d137313f7c3-lifetime-10:***@rp.scrapegw.com:6060	ConnectionTimeoutError: Connection timeout to host https://discord.com/api/v9/unique-username/username-attempt-unauthed
2026-09-01 18:27:28	NETWORK	eomm	attempt=1	proxy=http://wiw4v7duaymysz9-session-bd0ca2d8ce86-lifetime-10:***@rp.scrapegw.com:6060	ConnectionTimeoutError: Connection timeout to host https://discord.com/api/v9/unique-username/username-attempt-unauthed
2026-09-01 18:27:28	NETWORK	epfd	attempt=1	proxy=http://wiw4v7duaymysz9-session-623611026e88-lifetime-10:***@rp.scrapegw.com:6060	ConnectionTimeoutError: Connection timeout to host https://discord.com/api/v9/unique-username/username-attempt-unauthed
2026-09-01 18:27:28	NETWORK	eoxz	attempt=1	proxy=http://wiw4v7duaymysz9-session-9eeba70eda84-lifetime-10:***@rp.scrapegw.com:6060	ConnectionTimeoutError: Connection timeout to host https://discord.com/api/v9/unique-username/username-attempt-unauthed
2026-09-01 18:27:28	NETWORK	eosu	attempt=1	proxy=http://wiw4v7duaymysz9-session-7c8f5e50286e-lifetime-10:***@rp.scrapegw.com:6060	ConnectionTimeoutError: Connection timeout to host https://discord.com/api/v9/unique-username/username-attempt-unauthed
2026-09-01 18:27:28	NETWORK	eouc	attempt=1	proxy=http://wiw4v7duaymysz9-session-27b44dc24485-lifetime-10:***@rp.scrapegw.com:6060	ConnectionTimeoutError: Connection timeout to host https://discord.com/api/v9/unique-username/username-attempt-unauthed
2026-09-01 18:27:28	NETWORK	eowz	attempt=1	proxy=http://wiw4v7duaymysz9-session-79cc602fa3f9-lifetime-10:***@rp.scrapegw.com:6060	ConnectionTimeoutError: Connection timeout to host https://discord.com/api/v9/unique-username/username-attempt-unauthed
2026-09-01 18:27:28	NETWORK	eorm	attempt=1	proxy=http://wiw4v7duaymysz9-session-6902e960540e-lifetime-10:***@rp.scrapegw.com:6060	ConnectionTimeoutError: Connection timeout to host https://discord.com/api/v9/unique-username/username-attempt-unauthed
2026-09-01 18:27:28	NETWORK	eolt	attempt=1	proxy=http://wiw4v7duaymysz9-session-f10639d96bae-lifetime-10:***@rp.scrapegw.com:6060	ConnectionTimeoutError: Connection timeout to host https://discord.com/api/v9/unique-username/username-attempt-unauthed
2026-09-01 18:27:28	NETWORK	epig	attempt=1	proxy=http://wiw4v7duaymysz9-session-152b904efc1a-lifetime-10:***@rp.scrapegw.com:6060	ConnectionTimeoutError: Connection timeout to host https://discord.com/api/v9/unique-username/username-attempt-unauthed
2026-09-01 18:27:28	NETWORK	epqk	attempt=1	proxy=http://wiw4v7duaymysz9-session-ee301d8fee1f-lifetime-10:***@rp.scrapegw.com:6060	ConnectionTimeoutError: Connection timeout to host https://discord.com/api/v9/unique-username/username-attempt-unauthed
2026-09-01 18:27:28	NETWORK	epmi	attempt=1	proxy=http://wiw4v7duaymysz9-session-85fc6d0328dc-lifetime-10:***@rp.scrapegw.com:6060	ConnectionTimeoutError: Connection timeout to host https://discord.com/api/v9/unique-username/username-attempt-unauthed
2026-09-01 18:27:28	NETWORK	epvm	attempt=1	proxy=http://wiw4v7duaymysz9-session-368ccbb1ec64-lifetime-10:***@rp.scrapegw.com:6060	ConnectionTimeoutError: Connection timeout to host https://discord.com/api/v9/unique-username/username-attempt-unauthed
2026-09-01 18:27:28	NETWORK	epbe	attempt=1	proxy=http://wiw4v7duaymysz9-session-250153af3be8-lifetime-10:***@rp.scrapegw.com:6060	ConnectionTimeoutError: Connection timeout to host https://discord.com/api/v9/unique-username/username-attempt-unauthed
2026-09-01 18:27:28	NETWORK	epqn	attempt=1	proxy=http://wiw4v7duaymysz9-session-321f502eaf77-lifetime-10:***@rp.scrapegw.com:6060	ConnectionTimeoutError: Connection timeout to host https://discord.com/api/v9/unique-username/username-attempt-unauthed
2026-09-01 18:27:28	NETWORK	epyp	attempt=1	proxy=http://wiw4v7duaymysz9-session-bf1526f18f40-lifetime-10:***@rp.scrapegw.com:6060	ConnectionTimeoutError: Connection timeout to host https://discord.com/api/v9/unique-username/username-attempt-unauthed
2026-09-01 18:27:28	NETWORK	epnm	attempt=1	proxy=http://wiw4v7duaymysz9-session-6995fed6a371-lifetime-10:***@rp.scrapegw.com:6060	ConnectionTimeoutError: Connection timeout to host https://discord.com/api/v9/unique-username/username-attempt-unauthed
2026-09-01 18:27:28	NETWORK	eoze	attempt=1	proxy=http://wiw4v7duaymysz9-session-3f39b86b9264-lifetime-10:***@rp.scrapegw.com:6060	ConnectionTimeoutError: Connection timeout to host https://discord.com/api/v9/unique-username/username-attempt-unauthed
2026-09-01 18:27:28	NETWORK	eopp	attempt=1	proxy=http://wiw4v7duaymysz9-session-35597ba2ed7a-lifetime-10:***@rp.scrapegw.com:6060	ConnectionTimeoutError: Connection timeout to host https://discord.com/api/v9/unique-username/username-attempt-unauthed
2026-09-01 18:27:28	NETWORK	eorx	attempt=1	proxy=http://wiw4v7duaymysz9-session-c81a7732e6bf-lifetime-10:***@rp.scrapegw.com:6060	ConnectionTimeoutError: Connection timeout to host https://discord.com/api/v9/unique-username/username-attempt-unauthed
2026-09-01 18:27:28	NETWORK	eoth	attempt=1	proxy=http://wiw4v7duaymysz9-session-ee69dee6d8c9-lifetime-10:***@rp.scrapegw.com:6060	ConnectionTimeoutError: Connection timeout to host https://discord.com/api/v9/unique-username/username-attempt-unauthed
2026-09-01 18:27:28	HTTP_429	eotc	attempt=1	proxy=http://wiw4v7duaymysz9-session-caca18f8d1a2-lifetime-10:***@rp.scrapegw.com:6060	scope=shared global=False retry_after=1298.00s
2026-09-01 18:27:29	HTTP_429	fcgw	attempt=1	proxy=http://wiw4v7duaymysz9-session-36f125212119-lifetime-10:***@rp.scrapegw.com:6060	scope=shared global=False retry_after=148.00s
2026-09-01 18:27:29	HTTP_429	eqdd	attempt=1	proxy=http://wiw4v7duaymysz9-session-c8885e488a3b-lifetime-10:***@rp.scrapegw.com:6060	scope=shared global=False retry_after=361.00s
2026-09-01 18:27:29	NETWORK	eqii	attempt=1	proxy=http://wiw4v7duaymysz9-session-b05e3eddeb06-lifetime-10:***@rp.scrapegw.com:6060	ConnectionTimeoutError: Connection timeout to host https://discord.com/api/v9/unique-username/username-attempt-unauthed
2026-09-01 18:27:29	NETWORK	eqnj	attempt=1	proxy=http://wiw4v7duaymysz9-session-09c8edaecd01-lifetime-10:***@rp.scrapegw.com:6060	ConnectionTimeoutError: Connection timeout to host https://discord.com/api/v9/unique-username/username-attempt-unauthed
2026-09-01 18:27:29	NETWORK	eqhs	attempt=1	proxy=http://wiw4v7duaymysz9-session-bde12c4648ac-lifetime-10:***@rp.scrapegw.com:6060	ConnectionTimeoutError: Connection timeout to host https://discord.com/api/v9/unique-username/username-attempt-unauthed
2026-09-01 18:27:29	NETWORK	eqhr	attempt=1	proxy=http://wiw4v7duaymysz9-session-639fff7b16e1-lifetime-10:***@rp.scrapegw.com:6060	ConnectionTimeoutError: Connection timeout to host https://discord.com/api/v9/unique-username/username-attempt-unauthed
2026-09-01 18:27:29	NETWORK	eqcx	attempt=1	proxy=http://wiw4v7duaymysz9-session-24376a69fa95-lifetime-10:***@rp.scrapegw.com:6060	ConnectionTimeoutError: Connection timeout to host https://discord.com/api/v9/unique-username/username-attempt-unauthed
2026-09-01 18:27:29	NETWORK	eqyr	attempt=1	proxy=http://wiw4v7duaymysz9-session-1a853d3ae852-lifetime-10:***@rp.scrapegw.com:6060	ConnectionTimeoutError: Connection timeout to host https://discord.com/api/v9/unique-username/username-attempt-unauthed
2026-09-01 18:27:29	NETWORK	eqck	attempt=1	proxy=http://wiw4v7duaymysz9-session-1274647c15c2-lifetime-10:***@rp.scrapegw.com:6060	ConnectionTimeoutError: Connection timeout to host https://discord.com/api/v9/unique-username/username-attempt-unauthed
2026-09-01 18:27:29	NETWORK	eqax	attempt=1	proxy=http://wiw4v7duaymysz9-session-102805783c70-lifetime-10:***@rp.scrapegw.com:6060	ConnectionTimeoutError: Connection timeout to host https://discord.com/api/v9/unique-username/username-attempt-unauthed
2026-09-01 18:27:29	NETWORK	eqxk	attempt=1	proxy=http://wiw4v7duaymysz9-session-900c929ce15f-lifetime-10:***@rp.scrapegw.com:6060	ConnectionTimeoutError: Connection timeout to host https://discord.com/api/v9/unique-username/username-attempt-unauthed
2026-09-01 18:27:29	NETWORK	eqai	attempt=1	proxy=http://wiw4v7duaymysz9-session-bff1afe3732f-lifetime-10:***@rp.scrapegw.com:6060	ConnectionTimeoutError: Connection timeout to host https://discord.com/api/v9/unique-username/username-attempt-unauthed
2026-09-01 18:27:29	NETWORK	eqdz	attempt=1	proxy=http://wiw4v7duaymysz9-session-7b6b01288fe3-lifetime-10:***@rp.scrapegw.com:6060	ConnectionTimeoutError: Connection timeout to host https://discord.com/api/v9/unique-username/username-attempt-unauthed
2026-09-01 18:27:29	NETWORK	eqds	attempt=1	proxy=http://wiw4v7duaymysz9-session-09046ccff9c8-lifetime-10:***@rp.scrapegw.com:6060	ConnectionTimeoutError: Connection timeout to host https://discord.com/api/v9/unique-username/username-attempt-unauthed
2026-09-01 18:27:29	NETWORK	eqsq	attempt=1	proxy=http://wiw4v7duaymysz9-session-babc816a943b-lifetime-10:***@rp.scrapegw.com:6060	ConnectionTimeoutError: Connection timeout to host https://discord.com/api/v9/unique-username/username-attempt-unauthed
2026-09-01 18:27:29	NETWORK	eqfr	attempt=1	proxy=http://wiw4v7duaymysz9-session-397fa86cc7bd-lifetime-10:***@rp.scrapegw.com:6060	ConnectionTimeoutError: Connection timeout to host https://discord.com/api/v9/unique-username/username-attempt-unauthed
2026-09-01 18:27:29	NETWORK	eqkj	attempt=1	proxy=http://wiw4v7duaymysz9-session-77cec600a714-lifetime-10:***@rp.scrapegw.com:6060	ConnectionTimeoutError: Connection timeout to host https://discord.com/api/v9/unique-username/username-attempt-unauthed
2026-09-01 18:27:29	NETWORK	eqqh	attempt=1	proxy=http://wiw4v7duaymysz9-session-e6956b8b06f6-lifetime-10:***@rp.scrapegw.com:6060	ConnectionTimeoutError: Connection timeout to host https://discord.com/api/v9/unique-username/username-attempt-unauthed
2026-09-01 18:27:29	NETWORK	eqqe	attempt=1	proxy=http://wiw4v7duaymysz9-session-f71b980272d9-lifetime-10:***@rp.scrapegw.com:6060	ConnectionTimeoutError: Connection timeout to host https://discord.com/api/v9/unique-username/username-attempt-unauthed
2026-09-01 18:27:29	NETWORK	eqon	attempt=1	proxy=http://wiw4v7duaymysz9-session-c13598798607-lifetime-10:***@rp.scrapegw.com:6060	ConnectionTimeoutError: Connection timeout to host https://discord.com/api/v9/unique-username/username-attempt-unauthed
2026-09-01 18:27:29	NETWORK	eqhq	attempt=1	proxy=http://wiw4v7duaymysz9-session-50c4b9e59f2a-lifetime-10:***@rp.scrapegw.com:6060	ConnectionTimeoutError: Connection timeout to host https://discord.com/api/v9/unique-username/username-attempt-unauthed
2026-09-01 18:27:29	NETWORK	eqmp	attempt=1	proxy=http://wiw4v7duaymysz9-session-f4402ddfc631-lifetime-10:***@rp.scrapegw.com:6060	ConnectionTimeoutError: Connection timeout to host https://discord.com/api/v9/unique-username/username-attempt-unauthed
2026-09-01 18:27:29	NETWORK	eqkg	attempt=1	proxy=http://wiw4v7duaymysz9-session-dfe2e2b32198-lifetime-10:***@rp.scrapegw.com:6060	ConnectionTimeoutError: Connection timeout to host https://discord.com/api/v9/unique-username/username-attempt-unauthed
2026-09-01 18:27:29	NETWORK	eqxq	attempt=1	proxy=http://wiw4v7duaymysz9-session-5ef3204f68fa-lifetime-10:***@rp.scrapegw.com:6060	ConnectionTimeoutError: Connection timeout to host https://discord.com/api/v9/unique-username/username-attempt-unauthed
2026-09-01 18:27:29	NETWORK	eqcj	attempt=1	proxy=http://wiw4v7duaymysz9-session-c7637e095f26-lifetime-10:***@rp.scrapegw.com:6060	ConnectionTimeoutError: Connection timeout to host https://discord.com/api/v9/unique-username/username-attempt-unauthed
2026-09-01 18:27:29	NETWORK	epzz	attempt=1	proxy=http://wiw4v7duaymysz9-session-e60b87acf5be-lifetime-10:***@rp.scrapegw.com:6060	ConnectionTimeoutError: Connection timeout to host https://discord.com/api/v9/unique-username/username-attempt-unauthed
2026-09-01 18:27:29	NETWORK	eqxo	attempt=1	proxy=http://wiw4v7duaymysz9-session-c7739b1ffc02-lifetime-10:***@rp.scrapegw.com:6060	ConnectionTimeoutError: Connection timeout to host https://discord.com/api/v9/unique-username/username-attempt-unauthed
2026-09-01 18:27:29	NETWORK	eqfv	attempt=1	proxy=http://wiw4v7duaymysz9-session-a904366268cf-lifetime-10:***@rp.scrapegw.com:6060	ConnectionTimeoutError: Connection timeout to host https://discord.com/api/v9/unique-username/username-attempt-unauthed
2026-09-01 18:27:29	NETWORK	eqtw	attempt=1	proxy=http://wiw4v7duaymysz9-session-5e283784f595-lifetime-10:***@rp.scrapegw.com:6060	ConnectionTimeoutError: Connection timeout to host https://discord.com/api/v9/unique-username/username-attempt-unauthed
2026-09-01 18:27:29	NETWORK	eqqt	attempt=1	proxy=http://wiw4v7duaymysz9-session-1aa4b637f65f-lifetime-10:***@rp.scrapegw.com:6060	ConnectionTimeoutError: Connection timeout to host https://discord.com/api/v9/unique-username/username-attempt-unauthed
2026-09-01 18:27:29	NETWORK	eqpc	attempt=1	proxy=http://wiw4v7duaymysz9-session-c9397ec1cdad-lifetime-10:***@rp.scrapegw.com:6060	ConnectionTimeoutError: Connection timeout to host https://discord.com/api/v9/unique-username/username-attempt-unauthed
2026-09-01 18:27:29	NETWORK	eqgn	attempt=1	proxy=http://wiw4v7duaymysz9-session-6307a1e1ea7d-lifetime-10:***@rp.scrapegw.com:6060	ConnectionTimeoutError: Connection timeout to host https://discord.com/api/v9/unique-username/username-attempt-unauthed
2026-09-01 18:27:29	NETWORK	eqjb	attempt=1	proxy=http://wiw4v7duaymysz9-session-179218540737-lifetime-10:***@rp.scrapegw.com:6060	ConnectionTimeoutError: Connection timeout to host https://discord.com/api/v9/unique-username/username-attempt-unauthed
2026-09-01 18:27:29	NETWORK	eqdx	attempt=1	proxy=http://wiw4v7duaymysz9-session-fe16aabb2a4f-lifetime-10:***@rp.scrapegw.com:6060	ConnectionTimeoutError: Connection timeout to host https://discord.com/api/v9/unique-username/username-attempt-unauthed
2026-09-01 18:27:29	NETWORK	eqix	attempt=1	proxy=http://wiw4v7duaymysz9-session-7e60a3fcd21d-lifetime-10:***@rp.scrapegw.com:6060	ConnectionTimeoutError: Connection timeout to host https://discord.com/api/v9/unique-username/username-attempt-unauthed
2026-09-01 18:27:29	NETWORK	eqca	attempt=1	proxy=http://wiw4v7duaymysz9-session-63960c4bf8da-lifetime-10:***@rp.scrapegw.com:6060	ConnectionTimeoutError: Connection timeout to host https://discord.com/api/v9/unique-username/username-attempt-unauthed
2026-09-01 18:27:29	NETWORK	eqgk	attempt=1	proxy=http://wiw4v7duaymysz9-session-25d6d9bdcb92-lifetime-10:***@rp.scrapegw.com:6060	ConnectionTimeoutError: Connection timeout to host https://discord.com/api/v9/unique-username/username-attempt-unauthed
2026-09-01 18:27:29	NETWORK	eqvs	attempt=1	proxy=http://wiw4v7duaymysz9-session-01d49c230f78-lifetime-10:***@rp.scrapegw.com:6060	ConnectionTimeoutError: Connection timeout to host https://discord.com/api/v9/unique-username/username-attempt-unauthed
2026-09-01 18:27:29	NETWORK	equq	attempt=1	proxy=http://wiw4v7duaymysz9-session-b60362a48a41-lifetime-10:***@rp.scrapegw.com:6060	ConnectionTimeoutError: Connection timeout to host https://discord.com/api/v9/unique-username/username-attempt-unauthed
2026-09-01 18:27:29	NETWORK	eqsp	attempt=1	proxy=http://wiw4v7duaymysz9-session-7520c8fd5c7b-lifetime-10:***@rp.scrapegw.com:6060	ConnectionTimeoutError: Connection timeout to host https://discord.com/api/v9/unique-username/username-attempt-unauthed
2026-09-01 18:27:29	NETWORK	eqtf	attempt=1	proxy=http://wiw4v7duaymysz9-session-4fa7147e4f5f-lifetime-10:***@rp.scrapegw.com:6060	ConnectionTimeoutError: Connection timeout to host https://discord.com/api/v9/unique-username/username-attempt-unauthed
2026-09-01 18:27:29	NETWORK	eqqb	attempt=1	proxy=http://wiw4v7duaymysz9-session-a5ece9b9c17b-lifetime-10:***@rp.scrapegw.com:6060	ConnectionTimeoutError: Connection timeout to host https://discord.com/api/v9/unique-username/username-attempt-unauthed
2026-09-01 18:27:29	HTTP_429	fcxd	attempt=1	proxy=http://wiw4v7duaymysz9-session-b03f42146eb4-lifetime-10:***@rp.scrapegw.com:6060	scope=shared global=False retry_after=2048.00s
2026-09-01 18:27:30	HTTP_429	eque	attempt=1	proxy=http://wiw4v7duaymysz9-session-128cc182ea9d-lifetime-10:***@rp.scrapegw.com:6060	scope=shared global=False retry_after=1528.20s
2026-09-01 18:27:30	HTTP_429	fdrg	attempt=1	proxy=http://wiw4v7duaymysz9-session-87ee468c04c9-lifetime-10:***@rp.scrapegw.com:6060	scope=shared global=False retry_after=920.00s
2026-09-01 18:27:30	HTTP_429	fdjv	attempt=1	proxy=http://wiw4v7duaymysz9-session-3638e96e5136-lifetime-10:***@rp.scrapegw.com:6060	scope=shared global=False retry_after=379.00s
2026-09-01 18:27:30	NETWORK	ernc	attempt=1	proxy=http://wiw4v7duaymysz9-session-e2c76d27d31f-lifetime-10:***@rp.scrapegw.com:6060	ConnectionTimeoutError: Connection timeout to host https://discord.com/api/v9/unique-username/username-attempt-unauthed
2026-09-01 18:27:30	NETWORK	ermq	attempt=1	proxy=http://wiw4v7duaymysz9-session-da3a5c8f84a7-lifetime-10:***@rp.scrapegw.com:6060	ConnectionTimeoutError: Connection timeout to host https://discord.com/api/v9/unique-username/username-attempt-unauthed
2026-09-01 18:27:30	NETWORK	ernr	attempt=1	proxy=http://wiw4v7duaymysz9-session-222a2ccb1b82-lifetime-10:***@rp.scrapegw.com:6060	ConnectionTimeoutError: Connection timeout to host https://discord.com/api/v9/unique-username/username-attempt-unauthed
2026-09-01 18:27:30	NETWORK	esal	attempt=1	proxy=http://wiw4v7duaymysz9-session-50a20aa7a9e8-lifetime-10:***@rp.scrapegw.com:6060	ConnectionTimeoutError: Connection timeout to host https://discord.com/api/v9/unique-username/username-attempt-unauthed
2026-09-01 18:27:30	NETWORK	erga	attempt=1	proxy=http://wiw4v7duaymysz9-session-3f778a61add1-lifetime-10:***@rp.scrapegw.com:6060	ConnectionTimeoutError: Connection timeout to host https://discord.com/api/v9/unique-username/username-attempt-unauthed
2026-09-01 18:27:30	NETWORK	ercn	attempt=1	proxy=http://wiw4v7duaymysz9-session-cb98c7086634-lifetime-10:***@rp.scrapegw.com:6060	ConnectionTimeoutError: Connection timeout to host https://discord.com/api/v9/unique-username/username-attempt-unauthed
2026-09-01 18:27:30	NETWORK	ernv	attempt=1	proxy=http://wiw4v7duaymysz9-session-fe991e0fa518-lifetime-10:***@rp.scrapegw.com:6060	ConnectionTimeoutError: Connection timeout to host https://discord.com/api/v9/unique-username/username-attempt-unauthed
2026-09-01 18:27:30	NETWORK	esaj	attempt=1	proxy=http://wiw4v7duaymysz9-session-9b5a1382735e-lifetime-10:***@rp.scrapegw.com:6060	ConnectionTimeoutError: Connection timeout to host https://discord.com/api/v9/unique-username/username-attempt-unauthed
2026-09-01 18:27:30	NETWORK	erfz	attempt=1	proxy=http://wiw4v7duaymysz9-session-f9298f2fcce9-lifetime-10:***@rp.scrapegw.com:6060	ConnectionTimeoutError: Connection timeout to host https://discord.com/api/v9/unique-username/username-attempt-unauthed
2026-09-01 18:27:30	NETWORK	erts	attempt=1	proxy=http://wiw4v7duaymysz9-session-66c511160422-lifetime-10:***@rp.scrapegw.com:6060	ConnectionTimeoutError: Connection timeout to host https://discord.com/api/v9/unique-username/username-attempt-unauthed
2026-09-01 18:27:30	NETWORK	ersz	attempt=1	proxy=http://wiw4v7duaymysz9-session-3511e5748c58-lifetime-10:***@rp.scrapegw.com:6060	ConnectionTimeoutError: Connection timeout to host https://discord.com/api/v9/unique-username/username-attempt-unauthed
2026-09-01 18:27:30	NETWORK	erfg	attempt=1	proxy=http://wiw4v7duaymysz9-session-c1413c77f1d4-lifetime-10:***@rp.scrapegw.com:6060	ConnectionTimeoutError: Connection timeout to host https://discord.com/api/v9/unique-username/username-attempt-unauthed
2026-09-01 18:27:30	NETWORK	erhn	attempt=1	proxy=http://wiw4v7duaymysz9-session-2519beb30008-lifetime-10:***@rp.scrapegw.com:6060	ConnectionTimeoutError: Connection timeout to host https://discord.com/api/v9/unique-username/username-attempt-unauthed
2026-09-01 18:27:30	NETWORK	ergt	attempt=1	proxy=http://wiw4v7duaymysz9-session-e3f3a5dd950e-lifetime-10:***@rp.scrapegw.com:6060	ConnectionTimeoutError: Connection timeout to host https://discord.com/api/v9/unique-username/username-attempt-unauthed
2026-09-01 18:27:30	NETWORK	erlr	attempt=1	proxy=http://wiw4v7duaymysz9-session-10d0d60c500a-lifetime-10:***@rp.scrapegw.com:6060	ConnectionTimeoutError: Connection timeout to host https://discord.com/api/v9/unique-username/username-attempt-unauthed
2026-09-01 18:27:30	NETWORK	erma	attempt=1	proxy=http://wiw4v7duaymysz9-session-6bdf76e5033a-lifetime-10:***@rp.scrapegw.com:6060	ConnectionTimeoutError: Connection timeout to host https://discord.com/api/v9/unique-username/username-attempt-unauthed
2026-09-01 18:27:30	NETWORK	esbr	attempt=1	proxy=http://wiw4v7duaymysz9-session-98c500d368bb-lifetime-10:***@rp.scrapegw.com:6060	ConnectionTimeoutError: Connection timeout to host https://discord.com/api/v9/unique-username/username-attempt-unauthed
2026-09-01 18:27:30	NETWORK	esbg	attempt=1	proxy=http://wiw4v7duaymysz9-session-7df7e066b2f7-lifetime-10:***@rp.scrapegw.com:6060	ConnectionTimeoutError: Connection timeout to host https://discord.com/api/v9/unique-username/username-attempt-unauthed
2026-09-01 18:27:30	NETWORK	erva	attempt=1	proxy=http://wiw4v7duaymysz9-session-8af37ad8f598-lifetime-10:***@rp.scrapegw.com:6060	ConnectionTimeoutError: Connection timeout to host https://discord.com/api/v9/unique-username/username-attempt-unauthed
2026-09-01 18:27:30	NETWORK	erxj	attempt=1	proxy=http://wiw4v7duaymysz9-session-0ff926a18ed8-lifetime-10:***@rp.scrapegw.com:6060	ConnectionTimeoutError: Connection timeout to host https://discord.com/api/v9/unique-username/username-attempt-unauthed
2026-09-01 18:27:30	NETWORK	erwz	attempt=1	proxy=http://wiw4v7duaymysz9-session-0cb9ae70c007-lifetime-10:***@rp.scrapegw.com:6060	ConnectionTimeoutError: Connection timeout to host https://discord.com/api/v9/unique-username/username-attempt-unauthed
2026-09-01 18:27:30	NETWORK	erub	attempt=1	proxy=http://wiw4v7duaymysz9-session-3998598198e9-lifetime-10:***@rp.scrapegw.com:6060	ConnectionTimeoutError: Connection timeout to host https://discord.com/api/v9/unique-username/username-attempt-unauthed
2026-09-01 18:27:30	NETWORK	ertn	attempt=1	proxy=http://wiw4v7duaymysz9-session-f4413fcde493-lifetime-10:***@rp.scrapegw.com:6060	ConnectionTimeoutError: Connection timeout to host https://discord.com/api/v9/unique-username/username-attempt-unauthed
2026-09-01 18:27:30	NETWORK	ervz	attempt=1	proxy=http://wiw4v7duaymysz9-session-df545317a95e-lifetime-10:***@rp.scrapegw.com:6060	ConnectionTimeoutError: Connection timeout to host https://discord.com/api/v9/unique-username/username-attempt-unauthed
2026-09-01 18:27:30	NETWORK	erpa	attempt=1	proxy=http://wiw4v7duaymysz9-session-6904c288eaee-lifetime-10:***@rp.scrapegw.com:6060	ConnectionTimeoutError: Connection timeout to host https://discord.com/api/v9/unique-username/username-attempt-unauthed
2026-09-01 18:27:30	NETWORK	erph	attempt=1	proxy=http://wiw4v7duaymysz9-session-2c0f5ba838b3-lifetime-10:***@rp.scrapegw.com:6060	ConnectionTimeoutError: Connection timeout to host https://discord.com/api/v9/unique-username/username-attempt-unauthed
2026-09-01 18:27:30	NETWORK	errw	attempt=1	proxy=http://wiw4v7duaymysz9-session-13ff11a1e133-lifetime-10:***@rp.scrapegw.com:6060	ConnectionTimeoutError: Connection timeout to host https://discord.com/api/v9/unique-username/username-attempt-unauthed
2026-09-01 18:27:30	NETWORK	ernq	attempt=1	proxy=http://wiw4v7duaymysz9-session-6ae0fa5f5dcc-lifetime-10:***@rp.scrapegw.com:6060	ConnectionTimeoutError: Connection timeout to host https://discord.com/api/v9/unique-username/username-attempt-unauthed
2026-09-01 18:27:30	NETWORK	erfc	attempt=1	proxy=http://wiw4v7duaymysz9-session-bd04ecc76360-lifetime-10:***@rp.scrapegw.com:6060	ConnectionTimeoutError: Connection timeout to host https://discord.com/api/v9/unique-username/username-attempt-unauthed
2026-09-01 18:27:30	NETWORK	ermz	attempt=1	proxy=http://wiw4v7duaymysz9-session-1fd1b7f2face-lifetime-10:***@rp.scrapegw.com:6060	ConnectionTimeoutError: Connection timeout to host https://discord.com/api/v9/unique-username/username-attempt-unauthed
2026-09-01 18:27:30	NETWORK	erml	attempt=1	proxy=http://wiw4v7duaymysz9-session-ef9936823ef2-lifetime-10:***@rp.scrapegw.com:6060	ConnectionTimeoutError: Connection timeout to host https://discord.com/api/v9/unique-username/username-attempt-unauthed
2026-09-01 18:27:30	NETWORK	ermk	attempt=1	proxy=http://wiw4v7duaymysz9-session-438a2a6fd16d-lifetime-10:***@rp.scrapegw.com:6060	ConnectionTimeoutError: Connection timeout to host https://discord.com/api/v9/unique-username/username-attempt-unauthed
2026-09-01 18:27:30	NETWORK	erdv	attempt=1	proxy=http://wiw4v7duaymysz9-session-3c61f26d2a57-lifetime-10:***@rp.scrapegw.com:6060	ConnectionTimeoutError: Connection timeout to host https://discord.com/api/v9/unique-username/username-attempt-unauthed
2026-09-01 18:27:30	NETWORK	erdl	attempt=1	proxy=http://wiw4v7duaymysz9-session-e096505499f5-lifetime-10:***@rp.scrapegw.com:6060	ConnectionTimeoutError: Connection timeout to host https://discord.com/api/v9/unique-username/username-attempt-unauthed
2026-09-01 18:27:30	NETWORK	erdb	attempt=1	proxy=http://wiw4v7duaymysz9-session-2fb1900fe59e-lifetime-10:***@rp.scrapegw.com:6060	ConnectionTimeoutError: Connection timeout to host https://discord.com/api/v9/unique-username/username-attempt-unauthed
2026-09-01 18:27:30	NETWORK	erym	attempt=1	proxy=http://wiw4v7duaymysz9-session-3a29d3de06b0-lifetime-10:***@rp.scrapegw.com:6060	ConnectionTimeoutError: Connection timeout to host https://discord.com/api/v9/unique-username/username-attempt-unauthed
2026-09-01 18:27:30	NETWORK	erij	attempt=1	proxy=http://wiw4v7duaymysz9-session-d7d186086ab1-lifetime-10:***@rp.scrapegw.com:6060	ConnectionTimeoutError: Connection timeout to host https://discord.com/api/v9/unique-username/username-attempt-unauthed
2026-09-01 18:27:30	NETWORK	erjo	attempt=1	proxy=http://wiw4v7duaymysz9-session-e96d00704b37-lifetime-10:***@rp.scrapegw.com:6060	ConnectionTimeoutError: Connection timeout to host https://discord.com/api/v9/unique-username/username-attempt-unauthed
2026-09-01 18:27:30	NETWORK	erkn	attempt=1	proxy=http://wiw4v7duaymysz9-session-270eaca7eb8b-lifetime-10:***@rp.scrapegw.com:6060	ConnectionTimeoutError: Connection timeout to host https://discord.com/api/v9/unique-username/username-attempt-unauthed
2026-09-01 18:27:30	NETWORK	ersy	attempt=1	proxy=http://wiw4v7duaymysz9-session-79b5d899f52e-lifetime-10:***@rp.scrapegw.com:6060	ConnectionTimeoutError: Connection timeout to host https://discord.com/api/v9/unique-username/username-attempt-unauthed
2026-09-01 18:27:30	NETWORK	erfi	attempt=1	proxy=http://wiw4v7duaymysz9-session-5267826f8b16-lifetime-10:***@rp.scrapegw.com:6060	ConnectionTimeoutError: Connection timeout to host https://discord.com/api/v9/unique-username/username-attempt-unauthed
2026-09-01 18:27:31	HTTP_429	eskh	attempt=1	proxy=http://wiw4v7duaymysz9-session-c5310e8f96b1-lifetime-10:***@rp.scrapegw.com:6060	scope=shared global=False retry_after=254.00s
2026-09-01 18:27:31	HTTP_429	fejf	attempt=1	proxy=http://wiw4v7duaymysz9-session-1f4d6e780b4e-lifetime-10:***@rp.scrapegw.com:6060	scope=shared global=False retry_after=909.00s
2026-09-01 18:27:31	NETWORK	ewau	attempt=1	proxy=http://wiw4v7duaymysz9-session-bf1526f18f40-lifetime-10:***@rp.scrapegw.com:6060	ClientConnectorError: Cannot connect to host discord.com:443 ssl:default [None]
2026-09-01 18:27:31	NETWORK	etcr	attempt=1	proxy=http://wiw4v7duaymysz9-session-3e1677ccea3f-lifetime-10:***@rp.scrapegw.com:6060	ConnectionTimeoutError: Connection timeout to host https://discord.com/api/v9/unique-username/username-attempt-unauthed
2026-09-01 18:27:31	NETWORK	eskg	attempt=1	proxy=http://wiw4v7duaymysz9-session-795130e26cc4-lifetime-10:***@rp.scrapegw.com:6060	ConnectionTimeoutError: Connection timeout to host https://discord.com/api/v9/unique-username/username-attempt-unauthed
2026-09-01 18:27:31	NETWORK	etbm	attempt=1	proxy=http://wiw4v7duaymysz9-session-e37146459ea3-lifetime-10:***@rp.scrapegw.com:6060	ConnectionTimeoutError: Connection timeout to host https://discord.com/api/v9/unique-username/username-attempt-unauthed
2026-09-01 18:27:31	NETWORK	esty	attempt=1	proxy=http://wiw4v7duaymysz9-session-6e2502af0085-lifetime-10:***@rp.scrapegw.com:6060	ConnectionTimeoutError: Connection timeout to host https://discord.com/api/v9/unique-username/username-attempt-unauthed
2026-09-01 18:27:31	NETWORK	etad	attempt=1	proxy=http://wiw4v7duaymysz9-session-6fdc5499dc3f-lifetime-10:***@rp.scrapegw.com:6060	ConnectionTimeoutError: Connection timeout to host https://discord.com/api/v9/unique-username/username-attempt-unauthed
2026-09-01 18:27:31	NETWORK	essw	attempt=1	proxy=http://wiw4v7duaymysz9-session-6b7bc87e4fbf-lifetime-10:***@rp.scrapegw.com:6060	ConnectionTimeoutError: Connection timeout to host https://discord.com/api/v9/unique-username/username-attempt-unauthed
2026-09-01 18:27:31	NETWORK	esya	attempt=1	proxy=http://wiw4v7duaymysz9-session-8190d9135208-lifetime-10:***@rp.scrapegw.com:6060	ConnectionTimeoutError: Connection timeout to host https://discord.com/api/v9/unique-username/username-attempt-unauthed
2026-09-01 18:27:31	NETWORK	essd	attempt=1	proxy=http://wiw4v7duaymysz9-session-5376a5892a86-lifetime-10:***@rp.scrapegw.com:6060	ConnectionTimeoutError: Connection timeout to host https://discord.com/api/v9/unique-username/username-attempt-unauthed
2026-09-01 18:27:31	NETWORK	essk	attempt=1	proxy=http://wiw4v7duaymysz9-session-bb3ce070e92b-lifetime-10:***@rp.scrapegw.com:6060	ConnectionTimeoutError: Connection timeout to host https://discord.com/api/v9/unique-username/username-attempt-unauthed
2026-09-01 18:27:31	NETWORK	espl	attempt=1	proxy=http://wiw4v7duaymysz9-session-8928909a33ac-lifetime-10:***@rp.scrapegw.com:6060	ConnectionTimeoutError: Connection timeout to host https://discord.com/api/v9/unique-username/username-attempt-unauthed
2026-09-01 18:27:31	NETWORK	eshb	attempt=1	proxy=http://wiw4v7duaymysz9-session-7da520595754-lifetime-10:***@rp.scrapegw.com:6060	ConnectionTimeoutError: Connection timeout to host https://discord.com/api/v9/unique-username/username-attempt-unauthed
2026-09-01 18:27:31	NETWORK	eshg	attempt=1	proxy=http://wiw4v7duaymysz9-session-1875ae9066f3-lifetime-10:***@rp.scrapegw.com:6060	ConnectionTimeoutError: Connection timeout to host https://discord.com/api/v9/unique-username/username-attempt-unauthed
2026-09-01 18:27:31	NETWORK	esgh	attempt=1	proxy=http://wiw4v7duaymysz9-session-dc4b101d52dd-lifetime-10:***@rp.scrapegw.com:6060	ConnectionTimeoutError: Connection timeout to host https://discord.com/api/v9/unique-username/username-attempt-unauthed
2026-09-01 18:27:31	NETWORK	esbs	attempt=1	proxy=http://wiw4v7duaymysz9-session-dbe259e0b6f8-lifetime-10:***@rp.scrapegw.com:6060	ConnectionTimeoutError: Connection timeout to host https://discord.com/api/v9/unique-username/username-attempt-unauthed
2026-09-01 18:27:31	NETWORK	esmb	attempt=1	proxy=http://wiw4v7duaymysz9-session-e13ade0e799a-lifetime-10:***@rp.scrapegw.com:6060	ConnectionTimeoutError: Connection timeout to host https://discord.com/api/v9/unique-username/username-attempt-unauthed
2026-09-01 18:27:31	NETWORK	esmi	attempt=1	proxy=http://wiw4v7duaymysz9-session-2fcc1334b525-lifetime-10:***@rp.scrapegw.com:6060	ConnectionTimeoutError: Connection timeout to host https://discord.com/api/v9/unique-username/username-attempt-unauthed
2026-09-01 18:27:31	NETWORK	esnv	attempt=1	proxy=http://wiw4v7duaymysz9-session-ccf90f0259bb-lifetime-10:***@rp.scrapegw.com:6060	ConnectionTimeoutError: Connection timeout to host https://discord.com/api/v9/unique-username/username-attempt-unauthed
2026-09-01 18:27:31	NETWORK	esqy	attempt=1	proxy=http://wiw4v7duaymysz9-session-2caf86c3f0f1-lifetime-10:***@rp.scrapegw.com:6060	ConnectionTimeoutError: Connection timeout to host https://discord.com/api/v9/unique-username/username-attempt-unauthed
2026-09-01 18:27:31	NETWORK	esqt	attempt=1	proxy=http://wiw4v7duaymysz9-session-5e1d0bead162-lifetime-10:***@rp.scrapegw.com:6060	ConnectionTimeoutError: Connection timeout to host https://discord.com/api/v9/unique-username/username-attempt-unauthed
2026-09-01 18:27:31	NETWORK	esqm	attempt=1	proxy=http://wiw4v7duaymysz9-session-fcc88ef883cc-lifetime-10:***@rp.scrapegw.com:6060	ConnectionTimeoutError: Connection timeout to host https://discord.com/api/v9/unique-username/username-attempt-unauthed
2026-09-01 18:27:31	NETWORK	esjh	attempt=1	proxy=http://wiw4v7duaymysz9-session-10d61ecef46e-lifetime-10:***@rp.scrapegw.com:6060	ConnectionTimeoutError: Connection timeout to host https://discord.com/api/v9/unique-username/username-attempt-unauthed
2026-09-01 18:27:31	NETWORK	esdx	attempt=1	proxy=http://wiw4v7duaymysz9-session-6f35dc542f99-lifetime-10:***@rp.scrapegw.com:6060	ConnectionTimeoutError: Connection timeout to host https://discord.com/api/v9/unique-username/username-attempt-unauthed
2026-09-01 18:27:31	NETWORK	esxp	attempt=1	proxy=http://wiw4v7duaymysz9-session-7491b8817204-lifetime-10:***@rp.scrapegw.com:6060	ConnectionTimeoutError: Connection timeout to host https://discord.com/api/v9/unique-username/username-attempt-unauthed
2026-09-01 18:27:31	NETWORK	eswr	attempt=1	proxy=http://wiw4v7duaymysz9-session-d57b4c2033cc-lifetime-10:***@rp.scrapegw.com:6060	ConnectionTimeoutError: Connection timeout to host https://discord.com/api/v9/unique-username/username-attempt-unauthed
2026-09-01 18:27:31	NETWORK	esrh	attempt=1	proxy=http://wiw4v7duaymysz9-session-89710d96754e-lifetime-10:***@rp.scrapegw.com:6060	ConnectionTimeoutError: Connection timeout to host https://discord.com/api/v9/unique-username/username-attempt-unauthed
2026-09-01 18:27:32	NETWORK	etjd	attempt=1	proxy=http://wiw4v7duaymysz9-session-948cbfc12018-lifetime-10:***@rp.scrapegw.com:6060	ClientConnectorCertificateError: Cannot connect to host discord.com:443 ssl:True [SSLCertVerificationError: (1, '[SSL: CERTIFICATE_VERIFY_FAILED] certificate verify failed: self-signed certificate (_ssl.c:1081)')]
2026-09-01 18:27:32	NETWORK	etiq	attempt=1	proxy=http://wiw4v7duaymysz9-session-3b148e646e88-lifetime-10:***@rp.scrapegw.com:6060	ClientConnectorError: Cannot connect to host discord.com:443 ssl:default [Connection reset by peer]
2026-09-01 18:27:32	HTTP_429	ffip	attempt=1	proxy=http://wiw4v7duaymysz9-session-c22d52ba3e47-lifetime-10:***@rp.scrapegw.com:6060	scope=shared global=False retry_after=908.00s
2026-09-01 18:27:32	NETWORK	etnt	attempt=1	proxy=http://wiw4v7duaymysz9-session-f6135ba3a3e8-lifetime-10:***@rp.scrapegw.com:6060	ConnectionTimeoutError: Connection timeout to host https://discord.com/api/v9/unique-username/username-attempt-unauthed
2026-09-01 18:27:32	NETWORK	etmv	attempt=1	proxy=http://wiw4v7duaymysz9-session-5be39d59caef-lifetime-10:***@rp.scrapegw.com:6060	ConnectionTimeoutError: Connection timeout to host https://discord.com/api/v9/unique-username/username-attempt-unauthed
2026-09-01 18:27:32	NETWORK	etlp	attempt=1	proxy=http://wiw4v7duaymysz9-session-907a76ce96ff-lifetime-10:***@rp.scrapegw.com:6060	ConnectionTimeoutError: Connection timeout to host https://discord.com/api/v9/unique-username/username-attempt-unauthed
2026-09-01 18:27:32	NETWORK	etjo	attempt=1	proxy=http://wiw4v7duaymysz9-session-2c6166e65606-lifetime-10:***@rp.scrapegw.com:6060	ConnectionTimeoutError: Connection timeout to host https://discord.com/api/v9/unique-username/username-attempt-unauthed
2026-09-01 18:27:32	NETWORK	etjl	attempt=1	proxy=http://wiw4v7duaymysz9-session-a6d1f1fc2f9a-lifetime-10:***@rp.scrapegw.com:6060	ConnectionTimeoutError: Connection timeout to host https://discord.com/api/v9/unique-username/username-attempt-unauthed
2026-09-01 18:27:32	NETWORK	ettw	attempt=1	proxy=http://wiw4v7duaymysz9-session-cc8cdfc531ba-lifetime-10:***@rp.scrapegw.com:6060	ConnectionTimeoutError: Connection timeout to host https://discord.com/api/v9/unique-username/username-attempt-unauthed
2026-09-01 18:27:32	NETWORK	etej	attempt=1	proxy=http://wiw4v7duaymysz9-session-c40e8d0eaba5-lifetime-10:***@rp.scrapegw.com:6060	ConnectionTimeoutError: Connection timeout to host https://discord.com/api/v9/unique-username/username-attempt-unauthed
2026-09-01 18:27:32	NETWORK	etir	attempt=1	proxy=http://wiw4v7duaymysz9-session-46b2fdbf49ee-lifetime-10:***@rp.scrapegw.com:6060	ConnectionTimeoutError: Connection timeout to host https://discord.com/api/v9/unique-username/username-attempt-unauthed
2026-09-01 18:27:32	NETWORK	etdy	attempt=1	proxy=http://wiw4v7duaymysz9-session-63039bd6372f-lifetime-10:***@rp.scrapegw.com:6060	ConnectionTimeoutError: Connection timeout to host https://discord.com/api/v9/unique-username/username-attempt-unauthed
2026-09-01 18:27:32	NETWORK	etdp	attempt=1	proxy=http://wiw4v7duaymysz9-session-f61bfa6a472b-lifetime-10:***@rp.scrapegw.com:6060	ConnectionTimeoutError: Connection timeout to host https://discord.com/api/v9/unique-username/username-attempt-unauthed
2026-09-01 18:27:32	NETWORK	etdt	attempt=1	proxy=http://wiw4v7duaymysz9-session-e951ac0ae75e-lifetime-10:***@rp.scrapegw.com:6060	ConnectionTimeoutError: Connection timeout to host https://discord.com/api/v9/unique-username/username-attempt-unauthed
2026-09-01 18:27:32	NETWORK	etdo	attempt=1	proxy=http://wiw4v7duaymysz9-session-00e54ded0b2b-lifetime-10:***@rp.scrapegw.com:6060	ConnectionTimeoutError: Connection timeout to host https://discord.com/api/v9/unique-username/username-attempt-unauthed
2026-09-01 18:27:32	NETWORK	etdj	attempt=1	proxy=http://wiw4v7duaymysz9-session-b6f3ec9b18f6-lifetime-10:***@rp.scrapegw.com:6060	ConnectionTimeoutError: Connection timeout to host https://discord.com/api/v9/unique-username/username-attempt-unauthed
2026-09-01 18:27:32	NETWORK	etht	attempt=1	proxy=http://wiw4v7duaymysz9-session-95fa7a63db7a-lifetime-10:***@rp.scrapegw.com:6060	ConnectionTimeoutError: Connection timeout to host https://discord.com/api/v9/unique-username/username-attempt-unauthed
2026-09-01 18:27:32	NETWORK	etid	attempt=1	proxy=http://wiw4v7duaymysz9-session-a8cb26bb3c62-lifetime-10:***@rp.scrapegw.com:6060	ConnectionTimeoutError: Connection timeout to host https://discord.com/api/v9/unique-username/username-attempt-unauthed
2026-09-01 18:27:32	NETWORK	etme	attempt=1	proxy=http://wiw4v7duaymysz9-session-fcc5354725f4-lifetime-10:***@rp.scrapegw.com:6060	ConnectionTimeoutError: Connection timeout to host https://discord.com/api/v9/unique-username/username-attempt-unauthed
2026-09-01 18:27:32	NETWORK	etdl	attempt=1	proxy=http://wiw4v7duaymysz9-session-216fcaf05d57-lifetime-10:***@rp.scrapegw.com:6060	ConnectionTimeoutError: Connection timeout to host https://discord.com/api/v9/unique-username/username-attempt-unauthed
2026-09-01 18:27:32	NETWORK	etjv	attempt=1	proxy=http://wiw4v7duaymysz9-session-233296a39e9e-lifetime-10:***@rp.scrapegw.com:6060	ConnectionTimeoutError: Connection timeout to host https://discord.com/api/v9/unique-username/username-attempt-unauthed
2026-09-01 18:27:32	NETWORK	etjx	attempt=1	proxy=http://wiw4v7duaymysz9-session-5b842dffc091-lifetime-10:***@rp.scrapegw.com:6060	ConnectionTimeoutError: Connection timeout to host https://discord.com/api/v9/unique-username/username-attempt-unauthed
2026-09-01 18:27:32	NETWORK	etdv	attempt=1	proxy=http://wiw4v7duaymysz9-session-cc9a55c2cb5c-lifetime-10:***@rp.scrapegw.com:6060	ConnectionTimeoutError: Connection timeout to host https://discord.com/api/v9/unique-username/username-attempt-unauthed
2026-09-01 18:27:32	HTTP_429	fesb	attempt=1	proxy=http://wiw4v7duaymysz9-session-aea4a8845620-lifetime-10:***@rp.scrapegw.com:6060	scope=shared global=False retry_after=1677.00s
2026-09-01 18:27:32	HTTP_429	ewcb	attempt=1	proxy=http://wiw4v7duaymysz9-session-d7aa838f0d83-lifetime-10:***@rp.scrapegw.com:6060	scope=shared global=False retry_after=941.00s
2026-09-01 18:27:33	HTTP_429	exdj	attempt=1	proxy=http://wiw4v7duaymysz9-session-f58c0b97d8bc-lifetime-10:***@rp.scrapegw.com:6060	scope=shared global=False retry_after=149.00s
2026-09-01 18:27:33	NETWORK	ewyd	attempt=1	proxy=http://wiw4v7duaymysz9-session-eecb5df2c36d-lifetime-10:***@rp.scrapegw.com:6060	ClientConnectorError: Cannot connect to host discord.com:443 ssl:default [Connection reset by peer]
2026-09-01 18:27:33	NETWORK	eyrk	attempt=1	proxy=http://wiw4v7duaymysz9-session-ebf98a9ce5a9-lifetime-10:***@rp.scrapegw.com:6060	ClientConnectorError: Cannot connect to host discord.com:443 ssl:default [None]
2026-09-01 18:27:33	NETWORK	eygh	attempt=1	proxy=http://wiw4v7duaymysz9-session-ebe49885e978-lifetime-10:***@rp.scrapegw.com:6060	ClientConnectorError: Cannot connect to host discord.com:443 ssl:default [Connection reset by peer]
2026-09-01 18:27:33	NETWORK	euth	attempt=1	proxy=http://wiw4v7duaymysz9-session-76865d8285df-lifetime-10:***@rp.scrapegw.com:6060	ConnectionTimeoutError: Connection timeout to host https://discord.com/api/v9/unique-username/username-attempt-unauthed
2026-09-01 18:27:33	NETWORK	euft	attempt=1	proxy=http://wiw4v7duaymysz9-session-00414b06a2f8-lifetime-10:***@rp.scrapegw.com:6060	ConnectionTimeoutError: Connection timeout to host https://discord.com/api/v9/unique-username/username-attempt-unauthed
2026-09-01 18:27:33	NETWORK	eung	attempt=1	proxy=http://wiw4v7duaymysz9-session-bd0ca2d8ce86-lifetime-10:***@rp.scrapegw.com:6060	ConnectionTimeoutError: Connection timeout to host https://discord.com/api/v9/unique-username/username-attempt-unauthed
2026-09-01 18:27:33	NETWORK	eukg	attempt=1	proxy=http://wiw4v7duaymysz9-session-5ddea58bb06e-lifetime-10:***@rp.scrapegw.com:6060	ConnectionTimeoutError: Connection timeout to host https://discord.com/api/v9/unique-username/username-attempt-unauthed
2026-09-01 18:27:33	NETWORK	eumc	attempt=1	proxy=http://wiw4v7duaymysz9-session-4bf51ecee8ad-lifetime-10:***@rp.scrapegw.com:6060	ConnectionTimeoutError: Connection timeout to host https://discord.com/api/v9/unique-username/username-attempt-unauthed
2026-09-01 18:27:33	NETWORK	eudc	attempt=1	proxy=http://wiw4v7duaymysz9-session-a0bf1d8368cf-lifetime-10:***@rp.scrapegw.com:6060	ConnectionTimeoutError: Connection timeout to host https://discord.com/api/v9/unique-username/username-attempt-unauthed
2026-09-01 18:27:33	NETWORK	etyg	attempt=1	proxy=http://wiw4v7duaymysz9-session-b3cf7ee780f0-lifetime-10:***@rp.scrapegw.com:6060	ConnectionTimeoutError: Connection timeout to host https://discord.com/api/v9/unique-username/username-attempt-unauthed
2026-09-01 18:27:33	NETWORK	etwg	attempt=1	proxy=http://wiw4v7duaymysz9-session-d36e8d82b06a-lifetime-10:***@rp.scrapegw.com:6060	ConnectionTimeoutError: Connection timeout to host https://discord.com/api/v9/unique-username/username-attempt-unauthed
2026-09-01 18:27:33	NETWORK	etva	attempt=1	proxy=http://wiw4v7duaymysz9-session-7cbcabf031fa-lifetime-10:***@rp.scrapegw.com:6060	ConnectionTimeoutError: Connection timeout to host https://discord.com/api/v9/unique-username/username-attempt-unauthed
2026-09-01 18:27:33	NETWORK	etuy	attempt=1	proxy=http://wiw4v7duaymysz9-session-5a225e0c8216-lifetime-10:***@rp.scrapegw.com:6060	ConnectionTimeoutError: Connection timeout to host https://discord.com/api/v9/unique-username/username-attempt-unauthed
2026-09-01 18:27:33	NETWORK	eujb	attempt=1	proxy=http://wiw4v7duaymysz9-session-f13624090c96-lifetime-10:***@rp.scrapegw.com:6060	ConnectionTimeoutError: Connection timeout to host https://discord.com/api/v9/unique-username/username-attempt-unauthed
2026-09-01 18:27:33	NETWORK	euwo	attempt=1	proxy=http://wiw4v7duaymysz9-session-a4cea9e09cf6-lifetime-10:***@rp.scrapegw.com:6060	ConnectionTimeoutError: Connection timeout to host https://discord.com/api/v9/unique-username/username-attempt-unauthed
2026-09-01 18:27:33	NETWORK	euvv	attempt=1	proxy=http://wiw4v7duaymysz9-session-caca18f8d1a2-lifetime-10:***@rp.scrapegw.com:6060	ConnectionTimeoutError: Connection timeout to host https://discord.com/api/v9/unique-username/username-attempt-unauthed
2026-09-01 18:27:33	NETWORK	euby	attempt=1	proxy=http://wiw4v7duaymysz9-session-6519b92e17cf-lifetime-10:***@rp.scrapegw.com:6060	ConnectionTimeoutError: Connection timeout to host https://discord.com/api/v9/unique-username/username-attempt-unauthed
2026-09-01 18:27:33	NETWORK	eudn	attempt=1	proxy=http://wiw4v7duaymysz9-session-8e3cc18ec338-lifetime-10:***@rp.scrapegw.com:6060	ConnectionTimeoutError: Connection timeout to host https://discord.com/api/v9/unique-username/username-attempt-unauthed
2026-09-01 18:27:33	NETWORK	eubv	attempt=1	proxy=http://wiw4v7duaymysz9-session-b7c36072863e-lifetime-10:***@rp.scrapegw.com:6060	ConnectionTimeoutError: Connection timeout to host https://discord.com/api/v9/unique-username/username-attempt-unauthed
2026-09-01 18:27:33	NETWORK	euls	attempt=1	proxy=http://wiw4v7duaymysz9-session-e7ec117c17e4-lifetime-10:***@rp.scrapegw.com:6060	ConnectionTimeoutError: Connection timeout to host https://discord.com/api/v9/unique-username/username-attempt-unauthed
2026-09-01 18:27:33	NETWORK	eubg	attempt=1	proxy=http://wiw4v7duaymysz9-session-83d7f0690384-lifetime-10:***@rp.scrapegw.com:6060	ConnectionTimeoutError: Connection timeout to host https://discord.com/api/v9/unique-username/username-attempt-unauthed
2026-09-01 18:27:33	NETWORK	eupi	attempt=1	proxy=http://wiw4v7duaymysz9-session-35597ba2ed7a-lifetime-10:***@rp.scrapegw.com:6060	ConnectionTimeoutError: Connection timeout to host https://discord.com/api/v9/unique-username/username-attempt-unauthed
2026-09-01 18:27:33	NETWORK	etyx	attempt=1	proxy=http://wiw4v7duaymysz9-session-524ae25152ac-lifetime-10:***@rp.scrapegw.com:6060	ConnectionTimeoutError: Connection timeout to host https://discord.com/api/v9/unique-username/username-attempt-unauthed
2026-09-01 18:27:33	NETWORK	etxh	attempt=1	proxy=http://wiw4v7duaymysz9-session-370ad67ec154-lifetime-10:***@rp.scrapegw.com:6060	ConnectionTimeoutError: Connection timeout to host https://discord.com/api/v9/unique-username/username-attempt-unauthed
2026-09-01 18:27:33	NETWORK	etwn	attempt=1	proxy=http://wiw4v7duaymysz9-session-7205f759235a-lifetime-10:***@rp.scrapegw.com:6060	ConnectionTimeoutError: Connection timeout to host https://discord.com/api/v9/unique-username/username-attempt-unauthed
2026-09-01 18:27:33	NETWORK	etvj	attempt=1	proxy=http://wiw4v7duaymysz9-session-cad4ce07c845-lifetime-10:***@rp.scrapegw.com:6060	ConnectionTimeoutError: Connection timeout to host https://discord.com/api/v9/unique-username/username-attempt-unauthed
2026-09-01 18:27:33	NETWORK	eute	attempt=1	proxy=http://wiw4v7duaymysz9-session-6902e960540e-lifetime-10:***@rp.scrapegw.com:6060	ConnectionTimeoutError: Connection timeout to host https://discord.com/api/v9/unique-username/username-attempt-unauthed
2026-09-01 18:27:33	NETWORK	euuz	attempt=1	proxy=http://wiw4v7duaymysz9-session-e4d0462b4cbd-lifetime-10:***@rp.scrapegw.com:6060	ConnectionTimeoutError: Connection timeout to host https://discord.com/api/v9/unique-username/username-attempt-unauthed
2026-09-01 18:27:33	NETWORK	eudg	attempt=1	proxy=http://wiw4v7duaymysz9-session-cd9c05813a16-lifetime-10:***@rp.scrapegw.com:6060	ConnectionTimeoutError: Connection timeout to host https://discord.com/api/v9/unique-username/username-attempt-unauthed
2026-09-01 18:27:33	NETWORK	euqa	attempt=1	proxy=http://wiw4v7duaymysz9-session-51d09b19ab8b-lifetime-10:***@rp.scrapegw.com:6060	ConnectionTimeoutError: Connection timeout to host https://discord.com/api/v9/unique-username/username-attempt-unauthed
2026-09-01 18:27:33	NETWORK	etwz	attempt=1	proxy=http://wiw4v7duaymysz9-session-0429c89a6604-lifetime-10:***@rp.scrapegw.com:6060	ConnectionTimeoutError: Connection timeout to host https://discord.com/api/v9/unique-username/username-attempt-unauthed
2026-09-01 18:27:33	NETWORK	euii	attempt=1	proxy=http://wiw4v7duaymysz9-session-6863aeb9e3cb-lifetime-10:***@rp.scrapegw.com:6060	ConnectionTimeoutError: Connection timeout to host https://discord.com/api/v9/unique-username/username-attempt-unauthed
2026-09-01 18:27:33	NETWORK	eujm	attempt=1	proxy=http://wiw4v7duaymysz9-session-f2f50394041b-lifetime-10:***@rp.scrapegw.com:6060	ConnectionTimeoutError: Connection timeout to host https://discord.com/api/v9/unique-username/username-attempt-unauthed
2026-09-01 18:27:33	NETWORK	euks	attempt=1	proxy=http://wiw4v7duaymysz9-session-f10639d96bae-lifetime-10:***@rp.scrapegw.com:6060	ConnectionTimeoutError: Connection timeout to host https://discord.com/api/v9/unique-username/username-attempt-unauthed
2026-09-01 18:27:33	NETWORK	eugb	attempt=1	proxy=http://wiw4v7duaymysz9-session-4c6eea5ebe9f-lifetime-10:***@rp.scrapegw.com:6060	ConnectionTimeoutError: Connection timeout to host https://discord.com/api/v9/unique-username/username-attempt-unauthed
2026-09-01 18:27:33	NETWORK	eutp	attempt=1	proxy=http://wiw4v7duaymysz9-session-c81a7732e6bf-lifetime-10:***@rp.scrapegw.com:6060	ConnectionTimeoutError: Connection timeout to host https://discord.com/api/v9/unique-username/username-attempt-unauthed
2026-09-01 18:27:33	NETWORK	eusm	attempt=1	proxy=http://wiw4v7duaymysz9-session-169a774384b6-lifetime-10:***@rp.scrapegw.com:6060	ConnectionTimeoutError: Connection timeout to host https://discord.com/api/v9/unique-username/username-attempt-unauthed
2026-09-01 18:27:33	NETWORK	eusr	attempt=1	proxy=http://wiw4v7duaymysz9-session-66d6e54a2a20-lifetime-10:***@rp.scrapegw.com:6060	ConnectionTimeoutError: Connection timeout to host https://discord.com/api/v9/unique-username/username-attempt-unauthed
2026-09-01 18:27:33	NETWORK	euss	attempt=1	proxy=http://wiw4v7duaymysz9-session-99c177b7c66b-lifetime-10:***@rp.scrapegw.com:6060	ConnectionTimeoutError: Connection timeout to host https://discord.com/api/v9/unique-username/username-attempt-unauthed
2026-09-01 18:27:33	NETWORK	eufc	attempt=1	proxy=http://wiw4v7duaymysz9-session-a2f2996aefef-lifetime-10:***@rp.scrapegw.com:6060	ConnectionTimeoutError: Connection timeout to host https://discord.com/api/v9/unique-username/username-attempt-unauthed
2026-09-01 18:27:33	HTTP_429	ffxd	attempt=1	proxy=http://wiw4v7duaymysz9-session-b5e3409c487d-lifetime-10:***@rp.scrapegw.com:6060	scope=shared global=False retry_after=1663.00s
2026-09-01 18:27:34	NETWORK	excr	attempt=1	proxy=http://wiw4v7duaymysz9-session-ed5e3514baf2-lifetime-10:***@rp.scrapegw.com:6060	ClientConnectorError: Cannot connect to host discord.com:443 ssl:default [Connection reset by peer]
2026-09-01 18:27:34	HTTP_429	fgmg	attempt=1	proxy=http://wiw4v7duaymysz9-session-eff335555828-lifetime-10:***@rp.scrapegw.com:6060	scope=shared global=False retry_after=950.00s
2026-09-01 18:27:34	NETWORK	ewge	attempt=1	proxy=http://wiw4v7duaymysz9-session-c8885e488a3b-lifetime-10:***@rp.scrapegw.com:6060	ClientConnectorError: Cannot connect to host discord.com:443 ssl:default [Connection reset by peer]
2026-09-01 18:27:34	NETWORK	evmd	attempt=1	proxy=http://wiw4v7duaymysz9-session-111a8eff821d-lifetime-10:***@rp.scrapegw.com:6060	ConnectionTimeoutError: Connection timeout to host https://discord.com/api/v9/unique-username/username-attempt-unauthed
2026-09-01 18:27:34	NETWORK	evol	attempt=1	proxy=http://wiw4v7duaymysz9-session-ac53d9440934-lifetime-10:***@rp.scrapegw.com:6060	ConnectionTimeoutError: Connection timeout to host https://discord.com/api/v9/unique-username/username-attempt-unauthed
2026-09-01 18:27:34	NETWORK	evas	attempt=1	proxy=http://wiw4v7duaymysz9-session-f9bc8345fd7d-lifetime-10:***@rp.scrapegw.com:6060	ConnectionTimeoutError: Connection timeout to host https://discord.com/api/v9/unique-username/username-attempt-unauthed
2026-09-01 18:27:34	NETWORK	euzz	attempt=1	proxy=http://wiw4v7duaymysz9-session-4a0f9aa96830-lifetime-10:***@rp.scrapegw.com:6060	ConnectionTimeoutError: Connection timeout to host https://discord.com/api/v9/unique-username/username-attempt-unauthed
2026-09-01 18:27:34	NETWORK	euzv	attempt=1	proxy=http://wiw4v7duaymysz9-session-be7fcc89bbd4-lifetime-10:***@rp.scrapegw.com:6060	ConnectionTimeoutError: Connection timeout to host https://discord.com/api/v9/unique-username/username-attempt-unauthed
2026-09-01 18:27:34	NETWORK	evjw	attempt=1	proxy=http://wiw4v7duaymysz9-session-752eb7259be5-lifetime-10:***@rp.scrapegw.com:6060	ConnectionTimeoutError: Connection timeout to host https://discord.com/api/v9/unique-username/username-attempt-unauthed
2026-09-01 18:27:34	NETWORK	evju	attempt=1	proxy=http://wiw4v7duaymysz9-session-7a094e66ae49-lifetime-10:***@rp.scrapegw.com:6060	ConnectionTimeoutError: Connection timeout to host https://discord.com/api/v9/unique-username/username-attempt-unauthed
2026-09-01 18:27:34	NETWORK	euzp	attempt=1	proxy=http://wiw4v7duaymysz9-session-79cc602fa3f9-lifetime-10:***@rp.scrapegw.com:6060	ConnectionTimeoutError: Connection timeout to host https://discord.com/api/v9/unique-username/username-attempt-unauthed
2026-09-01 18:27:34	NETWORK	evhf	attempt=1	proxy=http://wiw4v7duaymysz9-session-b639592d9b34-lifetime-10:***@rp.scrapegw.com:6060	ConnectionTimeoutError: Connection timeout to host https://discord.com/api/v9/unique-username/username-attempt-unauthed
2026-09-01 18:27:34	NETWORK	evct	attempt=1	proxy=http://wiw4v7duaymysz9-session-3f39b86b9264-lifetime-10:***@rp.scrapegw.com:6060	ConnectionTimeoutError: Connection timeout to host https://discord.com/api/v9/unique-username/username-attempt-unauthed
2026-09-01 18:27:34	NETWORK	evfb	attempt=1	proxy=http://wiw4v7duaymysz9-session-250153af3be8-lifetime-10:***@rp.scrapegw.com:6060	ConnectionTimeoutError: Connection timeout to host https://discord.com/api/v9/unique-username/username-attempt-unauthed
2026-09-01 18:27:34	NETWORK	evhc	attempt=1	proxy=http://wiw4v7duaymysz9-session-c0bd307182c6-lifetime-10:***@rp.scrapegw.com:6060	ConnectionTimeoutError: Connection timeout to host https://discord.com/api/v9/unique-username/username-attempt-unauthed
2026-09-01 18:27:34	NETWORK	evuu	attempt=1	proxy=http://wiw4v7duaymysz9-session-6e6d2624985c-lifetime-10:***@rp.scrapegw.com:6060	ConnectionTimeoutError: Connection timeout to host https://discord.com/api/v9/unique-username/username-attempt-unauthed
2026-09-01 18:27:34	NETWORK	euyc	attempt=1	proxy=http://wiw4v7duaymysz9-session-38b0b56e42f7-lifetime-10:***@rp.scrapegw.com:6060	ConnectionTimeoutError: Connection timeout to host https://discord.com/api/v9/unique-username/username-attempt-unauthed
2026-09-01 18:27:34	NETWORK	evev	attempt=1	proxy=http://wiw4v7duaymysz9-session-91c90d8a5514-lifetime-10:***@rp.scrapegw.com:6060	ConnectionTimeoutError: Connection timeout to host https://discord.com/api/v9/unique-username/username-attempt-unauthed
2026-09-01 18:27:34	NETWORK	evkx	attempt=1	proxy=http://wiw4v7duaymysz9-session-b56ea8240647-lifetime-10:***@rp.scrapegw.com:6060	ConnectionTimeoutError: Connection timeout to host https://discord.com/api/v9/unique-username/username-attempt-unauthed
2026-09-01 18:27:34	NETWORK	evsp	attempt=1	proxy=http://wiw4v7duaymysz9-session-7478738f1a78-lifetime-10:***@rp.scrapegw.com:6060	ConnectionTimeoutError: Connection timeout to host https://discord.com/api/v9/unique-username/username-attempt-unauthed
2026-09-01 18:27:34	NETWORK	evsc	attempt=1	proxy=http://wiw4v7duaymysz9-session-8fe944c88f10-lifetime-10:***@rp.scrapegw.com:6060	ConnectionTimeoutError: Connection timeout to host https://discord.com/api/v9/unique-username/username-attempt-unauthed
2026-09-01 18:27:34	NETWORK	evmy	attempt=1	proxy=http://wiw4v7duaymysz9-session-7b74daa570e8-lifetime-10:***@rp.scrapegw.com:6060	ConnectionTimeoutError: Connection timeout to host https://discord.com/api/v9/unique-username/username-attempt-unauthed
2026-09-01 18:27:34	NETWORK	euyq	attempt=1	proxy=http://wiw4v7duaymysz9-session-89ac722bb57a-lifetime-10:***@rp.scrapegw.com:6060	ConnectionTimeoutError: Connection timeout to host https://discord.com/api/v9/unique-username/username-attempt-unauthed
2026-09-01 18:27:34	NETWORK	evjf	attempt=1	proxy=http://wiw4v7duaymysz9-session-623611026e88-lifetime-10:***@rp.scrapegw.com:6060	ConnectionTimeoutError: Connection timeout to host https://discord.com/api/v9/unique-username/username-attempt-unauthed
2026-09-01 18:27:34	NETWORK	evix	attempt=1	proxy=http://wiw4v7duaymysz9-session-11e43bd76650-lifetime-10:***@rp.scrapegw.com:6060	ConnectionTimeoutError: Connection timeout to host https://discord.com/api/v9/unique-username/username-attempt-unauthed
2026-09-01 18:27:34	NETWORK	evxd	attempt=1	proxy=http://wiw4v7duaymysz9-session-368ccbb1ec64-lifetime-10:***@rp.scrapegw.com:6060	ConnectionTimeoutError: Connection timeout to host https://discord.com/api/v9/unique-username/username-attempt-unauthed
2026-09-01 18:27:34	NETWORK	evwz	attempt=1	proxy=http://wiw4v7duaymysz9-session-c1e7bb2f54f1-lifetime-10:***@rp.scrapegw.com:6060	ConnectionTimeoutError: Connection timeout to host https://discord.com/api/v9/unique-username/username-attempt-unauthed
2026-09-01 18:27:34	HTTP_429	fgmp	attempt=1	proxy=http://wiw4v7duaymysz9-session-39ca2bc832e0-lifetime-10:***@rp.scrapegw.com:6060	scope=shared global=False retry_after=895.00s
2026-09-01 18:27:34	NETWORK	ezlm	attempt=1	proxy=http://wiw4v7duaymysz9-session-dc43236419f0-lifetime-10:***@rp.scrapegw.com:6060	ClientConnectorError: Cannot connect to host discord.com:443 ssl:default [Connection reset by peer]
2026-09-01 18:27:34	NETWORK	ezmz	attempt=1	proxy=http://wiw4v7duaymysz9-session-d32fcc87ec6e-lifetime-10:***@rp.scrapegw.com:6060	ClientConnectorError: Cannot connect to host discord.com:443 ssl:default [Connection reset by peer]
2026-09-01 18:27:35	HTTP_429	eytf	attempt=1	proxy=http://wiw4v7duaymysz9-session-d9a97a7a79ac-lifetime-10:***@rp.scrapegw.com:6060	scope=shared global=False retry_after=990.00s
2026-09-01 18:27:35	NETWORK	ewxg	attempt=1	proxy=http://wiw4v7duaymysz9-session-f71b980272d9-lifetime-10:***@rp.scrapegw.com:6060	ConnectionTimeoutError: Connection timeout to host https://discord.com/api/v9/unique-username/username-attempt-unauthed
2026-09-01 18:27:35	NETWORK	ewyj	attempt=1	proxy=http://wiw4v7duaymysz9-session-babc816a943b-lifetime-10:***@rp.scrapegw.com:6060	ConnectionTimeoutError: Connection timeout to host https://discord.com/api/v9/unique-username/username-attempt-unauthed
2026-09-01 18:27:35	NETWORK	ewxn	attempt=1	proxy=http://wiw4v7duaymysz9-session-e6956b8b06f6-lifetime-10:***@rp.scrapegw.com:6060	ConnectionTimeoutError: Connection timeout to host https://discord.com/api/v9/unique-username/username-attempt-unauthed
2026-09-01 18:27:35	NETWORK	ewev	attempt=1	proxy=http://wiw4v7duaymysz9-session-102805783c70-lifetime-10:***@rp.scrapegw.com:6060	ConnectionTimeoutError: Connection timeout to host https://discord.com/api/v9/unique-username/username-attempt-unauthed
2026-09-01 18:27:35	NETWORK	ewgr	attempt=1	proxy=http://wiw4v7duaymysz9-session-58ecf2b722c9-lifetime-10:***@rp.scrapegw.com:6060	ConnectionTimeoutError: Connection timeout to host https://discord.com/api/v9/unique-username/username-attempt-unauthed
2026-09-01 18:27:35	NETWORK	ewfx	attempt=1	proxy=http://wiw4v7duaymysz9-session-24376a69fa95-lifetime-10:***@rp.scrapegw.com:6060	ConnectionTimeoutError: Connection timeout to host https://discord.com/api/v9/unique-username/username-attempt-unauthed
2026-09-01 18:27:35	NETWORK	ewvb	attempt=1	proxy=http://wiw4v7duaymysz9-session-ce134923aa49-lifetime-10:***@rp.scrapegw.com:6060	ConnectionTimeoutError: Connection timeout to host https://discord.com/api/v9/unique-username/username-attempt-unauthed
2026-09-01 18:27:35	NETWORK	ewzq	attempt=1	proxy=http://wiw4v7duaymysz9-session-4fa7147e4f5f-lifetime-10:***@rp.scrapegw.com:6060	ConnectionTimeoutError: Connection timeout to host https://discord.com/api/v9/unique-username/username-attempt-unauthed
2026-09-01 18:27:35	NETWORK	evzp	attempt=1	proxy=http://wiw4v7duaymysz9-session-68bb80a8ccc4-lifetime-10:***@rp.scrapegw.com:6060	ConnectionTimeoutError: Connection timeout to host https://discord.com/api/v9/unique-username/username-attempt-unauthed
2026-09-01 18:27:35	NETWORK	ewuv	attempt=1	proxy=http://wiw4v7duaymysz9-session-a2751f633f6e-lifetime-10:***@rp.scrapegw.com:6060	ConnectionTimeoutError: Connection timeout to host https://discord.com/api/v9/unique-username/username-attempt-unauthed
2026-09-01 18:27:35	NETWORK	ewpd	attempt=1	proxy=http://wiw4v7duaymysz9-session-f399856eb7db-lifetime-10:***@rp.scrapegw.com:6060	ConnectionTimeoutError: Connection timeout to host https://discord.com/api/v9/unique-username/username-attempt-unauthed
2026-09-01 18:27:35	NETWORK	ewfo	attempt=1	proxy=http://wiw4v7duaymysz9-session-63960c4bf8da-lifetime-10:***@rp.scrapegw.com:6060	ConnectionTimeoutError: Connection timeout to host https://discord.com/api/v9/unique-username/username-attempt-unauthed
2026-09-01 18:27:35	NETWORK	ewqc	attempt=1	proxy=http://wiw4v7duaymysz9-session-4e1e25ddbb2a-lifetime-10:***@rp.scrapegw.com:6060	ConnectionTimeoutError: Connection timeout to host https://discord.com/api/v9/unique-username/username-attempt-unauthed
2026-09-01 18:27:35	NETWORK	exar	attempt=1	proxy=http://wiw4v7duaymysz9-session-82352ed77e90-lifetime-10:***@rp.scrapegw.com:6060	ConnectionTimeoutError: Connection timeout to host https://discord.com/api/v9/unique-username/username-attempt-unauthed
2026-09-01 18:27:35	NETWORK	ewvt	attempt=1	proxy=http://wiw4v7duaymysz9-session-d81c4c1c93a0-lifetime-10:***@rp.scrapegw.com:6060	ConnectionTimeoutError: Connection timeout to host https://discord.com/api/v9/unique-username/username-attempt-unauthed
2026-09-01 18:27:35	NETWORK	ewjv	attempt=1	proxy=http://wiw4v7duaymysz9-session-b57ae159e07a-lifetime-10:***@rp.scrapegw.com:6060	ConnectionTimeoutError: Connection timeout to host https://discord.com/api/v9/unique-username/username-attempt-unauthed
2026-09-01 18:27:35	NETWORK	ewjl	attempt=1	proxy=http://wiw4v7duaymysz9-session-f3d9e972a8f2-lifetime-10:***@rp.scrapegw.com:6060	ConnectionTimeoutError: Connection timeout to host https://discord.com/api/v9/unique-username/username-attempt-unauthed
2026-09-01 18:27:35	NETWORK	ewdm	attempt=1	proxy=http://wiw4v7duaymysz9-session-e60b87acf5be-lifetime-10:***@rp.scrapegw.com:6060	ConnectionTimeoutError: Connection timeout to host https://discord.com/api/v9/unique-username/username-attempt-unauthed
2026-09-01 18:27:35	NETWORK	ewoy	attempt=1	proxy=http://wiw4v7duaymysz9-session-bde12c4648ac-lifetime-10:***@rp.scrapegw.com:6060	ConnectionTimeoutError: Connection timeout to host https://discord.com/api/v9/unique-username/username-attempt-unauthed
2026-09-01 18:27:35	NETWORK	ewqe	attempt=1	proxy=http://wiw4v7duaymysz9-session-31c4b7232e1d-lifetime-10:***@rp.scrapegw.com:6060	ConnectionTimeoutError: Connection timeout to host https://discord.com/api/v9/unique-username/username-attempt-unauthed
2026-09-01 18:27:35	NETWORK	ewap	attempt=1	proxy=http://wiw4v7duaymysz9-session-9a59c2ef7e8c-lifetime-10:***@rp.scrapegw.com:6060	ConnectionTimeoutError: Connection timeout to host https://discord.com/api/v9/unique-username/username-attempt-unauthed
2026-09-01 18:27:35	NETWORK	ewms	attempt=1	proxy=http://wiw4v7duaymysz9-session-021a179d41fb-lifetime-10:***@rp.scrapegw.com:6060	ConnectionTimeoutError: Connection timeout to host https://discord.com/api/v9/unique-username/username-attempt-unauthed
2026-09-01 18:27:35	NETWORK	ewjo	attempt=1	proxy=http://wiw4v7duaymysz9-session-eb2c223e86af-lifetime-10:***@rp.scrapegw.com:6060	ConnectionTimeoutError: Connection timeout to host https://discord.com/api/v9/unique-username/username-attempt-unauthed
2026-09-01 18:27:35	NETWORK	ewgx	attempt=1	proxy=http://wiw4v7duaymysz9-session-a49f0503cc0f-lifetime-10:***@rp.scrapegw.com:6060	ConnectionTimeoutError: Connection timeout to host https://discord.com/api/v9/unique-username/username-attempt-unauthed
2026-09-01 18:27:35	NETWORK	ewnn	attempt=1	proxy=http://wiw4v7duaymysz9-session-46dd808cdd3c-lifetime-10:***@rp.scrapegw.com:6060	ConnectionTimeoutError: Connection timeout to host https://discord.com/api/v9/unique-username/username-attempt-unauthed
2026-09-01 18:27:35	NETWORK	ewiz	attempt=1	proxy=http://wiw4v7duaymysz9-session-7b6b01288fe3-lifetime-10:***@rp.scrapegw.com:6060	ConnectionTimeoutError: Connection timeout to host https://discord.com/api/v9/unique-username/username-attempt-unauthed
2026-09-01 18:27:35	NETWORK	ewqt	attempt=1	proxy=http://wiw4v7duaymysz9-session-77cec600a714-lifetime-10:***@rp.scrapegw.com:6060	ConnectionTimeoutError: Connection timeout to host https://discord.com/api/v9/unique-username/username-attempt-unauthed
2026-09-01 18:27:35	NETWORK	ewvq	attempt=1	proxy=http://wiw4v7duaymysz9-session-dff8f9ae8b1c-lifetime-10:***@rp.scrapegw.com:6060	ConnectionTimeoutError: Connection timeout to host https://discord.com/api/v9/unique-username/username-attempt-unauthed
2026-09-01 18:27:35	NETWORK	evzl	attempt=1	proxy=http://wiw4v7duaymysz9-session-b58639c20bb4-lifetime-10:***@rp.scrapegw.com:6060	ConnectionTimeoutError: Connection timeout to host https://discord.com/api/v9/unique-username/username-attempt-unauthed
2026-09-01 18:27:35	NETWORK	ewfs	attempt=1	proxy=http://wiw4v7duaymysz9-session-d7400626a7da-lifetime-10:***@rp.scrapegw.com:6060	ConnectionTimeoutError: Connection timeout to host https://discord.com/api/v9/unique-username/username-attempt-unauthed
2026-09-01 18:27:35	NETWORK	evyz	attempt=1	proxy=http://wiw4v7duaymysz9-session-dcd4f5a38c0d-lifetime-10:***@rp.scrapegw.com:6060	ConnectionTimeoutError: Connection timeout to host https://discord.com/api/v9/unique-username/username-attempt-unauthed
2026-09-01 18:27:35	NETWORK	ewvh	attempt=1	proxy=http://wiw4v7duaymysz9-session-b8fcb99f4e95-lifetime-10:***@rp.scrapegw.com:6060	ConnectionTimeoutError: Connection timeout to host https://discord.com/api/v9/unique-username/username-attempt-unauthed
2026-09-01 18:27:35	NETWORK	ewlw	attempt=1	proxy=http://wiw4v7duaymysz9-session-25d6d9bdcb92-lifetime-10:***@rp.scrapegw.com:6060	ConnectionTimeoutError: Connection timeout to host https://discord.com/api/v9/unique-username/username-attempt-unauthed
2026-09-01 18:27:35	NETWORK	ewpn	attempt=1	proxy=http://wiw4v7duaymysz9-session-b05e3eddeb06-lifetime-10:***@rp.scrapegw.com:6060	ConnectionTimeoutError: Connection timeout to host https://discord.com/api/v9/unique-username/username-attempt-unauthed
2026-09-01 18:27:35	NETWORK	ewmn	attempt=1	proxy=http://wiw4v7duaymysz9-session-6307a1e1ea7d-lifetime-10:***@rp.scrapegw.com:6060	ConnectionTimeoutError: Connection timeout to host https://discord.com/api/v9/unique-username/username-attempt-unauthed
2026-09-01 18:27:35	NETWORK	ewku	attempt=1	proxy=http://wiw4v7duaymysz9-session-9e3755c0c014-lifetime-10:***@rp.scrapegw.com:6060	ConnectionTimeoutError: Connection timeout to host https://discord.com/api/v9/unique-username/username-attempt-unauthed
2026-09-01 18:27:35	NETWORK	ewek	attempt=1	proxy=http://wiw4v7duaymysz9-session-bff1afe3732f-lifetime-10:***@rp.scrapegw.com:6060	ConnectionTimeoutError: Connection timeout to host https://discord.com/api/v9/unique-username/username-attempt-unauthed
2026-09-01 18:27:35	NETWORK	ewfv	attempt=1	proxy=http://wiw4v7duaymysz9-session-1274647c15c2-lifetime-10:***@rp.scrapegw.com:6060	ConnectionTimeoutError: Connection timeout to host https://discord.com/api/v9/unique-username/username-attempt-unauthed
2026-09-01 18:27:35	NETWORK	ewac	attempt=1	proxy=http://wiw4v7duaymysz9-session-39072102fcb6-lifetime-10:***@rp.scrapegw.com:6060	ConnectionTimeoutError: Connection timeout to host https://discord.com/api/v9/unique-username/username-attempt-unauthed
2026-09-01 18:27:35	NETWORK	ewww	attempt=1	proxy=http://wiw4v7duaymysz9-session-fe91590efe5d-lifetime-10:***@rp.scrapegw.com:6060	ConnectionTimeoutError: Connection timeout to host https://discord.com/api/v9/unique-username/username-attempt-unauthed
2026-09-01 18:27:35	NETWORK	eyjd	attempt=1	proxy=http://wiw4v7duaymysz9-session-08f097ba04ae-lifetime-10:***@rp.scrapegw.com:6060	ClientConnectorError: Cannot connect to host discord.com:443 ssl:default [Connection reset by peer]
2026-09-01 18:27:36	HTTP_429	ewjn	attempt=1	proxy=http://wiw4v7duaymysz9-session-86e144bc9296-lifetime-10:***@rp.scrapegw.com:6060	scope=shared global=False retry_after=621.00s
2026-09-01 18:27:36	NETWORK	fcvx	attempt=1	proxy=http://wiw4v7duaymysz9-session-8a66ba8363f8-lifetime-10:***@rp.scrapegw.com:6060	ClientConnectorError: Cannot connect to host discord.com:443 ssl:default [Connection reset by peer]
2026-09-01 18:27:36	NETWORK	exip	attempt=1	proxy=http://wiw4v7duaymysz9-session-3c61f26d2a57-lifetime-10:***@rp.scrapegw.com:6060	ClientConnectorError: Cannot connect to host discord.com:443 ssl:default [Connection reset by peer]
2026-09-01 18:27:36	NETWORK	faiu	attempt=1	proxy=http://wiw4v7duaymysz9-session-46bae5e131b1-lifetime-10:***@rp.scrapegw.com:6060	ClientConnectorError: Cannot connect to host discord.com:443 ssl:default [Connection reset by peer]
2026-09-01 18:27:36	NETWORK	exlp	attempt=1	proxy=http://wiw4v7duaymysz9-session-8318a8a1f367-lifetime-10:***@rp.scrapegw.com:6060	ConnectionTimeoutError: Connection timeout to host https://discord.com/api/v9/unique-username/username-attempt-unauthed
2026-09-01 18:27:36	NETWORK	exha	attempt=1	proxy=http://wiw4v7duaymysz9-session-af8b651ddc24-lifetime-10:***@rp.scrapegw.com:6060	ConnectionTimeoutError: Connection timeout to host https://discord.com/api/v9/unique-username/username-attempt-unauthed
2026-09-01 18:27:36	NETWORK	exsx	attempt=1	proxy=http://wiw4v7duaymysz9-session-6904c288eaee-lifetime-10:***@rp.scrapegw.com:6060	ConnectionTimeoutError: Connection timeout to host https://discord.com/api/v9/unique-username/username-attempt-unauthed
2026-09-01 18:27:36	NETWORK	exks	attempt=1	proxy=http://wiw4v7duaymysz9-session-cb475cc7bb42-lifetime-10:***@rp.scrapegw.com:6060	ConnectionTimeoutError: Connection timeout to host https://discord.com/api/v9/unique-username/username-attempt-unauthed
2026-09-01 18:27:36	NETWORK	eyap	attempt=1	proxy=http://wiw4v7duaymysz9-session-0ff926a18ed8-lifetime-10:***@rp.scrapegw.com:6060	ConnectionTimeoutError: Connection timeout to host https://discord.com/api/v9/unique-username/username-attempt-unauthed
2026-09-01 18:27:36	NETWORK	exnh	attempt=1	proxy=http://wiw4v7duaymysz9-session-e96d00704b37-lifetime-10:***@rp.scrapegw.com:6060	ConnectionTimeoutError: Connection timeout to host https://discord.com/api/v9/unique-username/username-attempt-unauthed
2026-09-01 18:27:36	NETWORK	eydb	attempt=1	proxy=http://wiw4v7duaymysz9-session-b7cf5bf9fdad-lifetime-10:***@rp.scrapegw.com:6060	ConnectionTimeoutError: Connection timeout to host https://discord.com/api/v9/unique-username/username-attempt-unauthed
2026-09-01 18:27:36	NETWORK	eybv	attempt=1	proxy=http://wiw4v7duaymysz9-session-73d9517b8824-lifetime-10:***@rp.scrapegw.com:6060	ConnectionTimeoutError: Connection timeout to host https://discord.com/api/v9/unique-username/username-attempt-unauthed
2026-09-01 18:27:36	NETWORK	exzt	attempt=1	proxy=http://wiw4v7duaymysz9-session-a3007ddf8f26-lifetime-10:***@rp.scrapegw.com:6060	ConnectionTimeoutError: Connection timeout to host https://discord.com/api/v9/unique-username/username-attempt-unauthed
2026-09-01 18:27:36	NETWORK	exsl	attempt=1	proxy=http://wiw4v7duaymysz9-session-222a2ccb1b82-lifetime-10:***@rp.scrapegw.com:6060	ConnectionTimeoutError: Connection timeout to host https://discord.com/api/v9/unique-username/username-attempt-unauthed
2026-09-01 18:27:36	NETWORK	exre	attempt=1	proxy=http://wiw4v7duaymysz9-session-da3a5c8f84a7-lifetime-10:***@rp.scrapegw.com:6060	ConnectionTimeoutError: Connection timeout to host https://discord.com/api/v9/unique-username/username-attempt-unauthed
2026-09-01 18:27:36	NETWORK	exvp	attempt=1	proxy=http://wiw4v7duaymysz9-session-f4413fcde493-lifetime-10:***@rp.scrapegw.com:6060	ConnectionTimeoutError: Connection timeout to host https://discord.com/api/v9/unique-username/username-attempt-unauthed
2026-09-01 18:27:36	NETWORK	extd	attempt=1	proxy=http://wiw4v7duaymysz9-session-2c0f5ba838b3-lifetime-10:***@rp.scrapegw.com:6060	ConnectionTimeoutError: Connection timeout to host https://discord.com/api/v9/unique-username/username-attempt-unauthed
2026-09-01 18:27:36	NETWORK	exki	attempt=1	proxy=http://wiw4v7duaymysz9-session-5267826f8b16-lifetime-10:***@rp.scrapegw.com:6060	ConnectionTimeoutError: Connection timeout to host https://discord.com/api/v9/unique-username/username-attempt-unauthed
2026-09-01 18:27:36	NETWORK	exni	attempt=1	proxy=http://wiw4v7duaymysz9-session-83f9d4bcf9c8-lifetime-10:***@rp.scrapegw.com:6060	ConnectionTimeoutError: Connection timeout to host https://discord.com/api/v9/unique-username/username-attempt-unauthed
2026-09-01 18:27:36	NETWORK	exfg	attempt=1	proxy=http://wiw4v7duaymysz9-session-1ecef0aad93d-lifetime-10:***@rp.scrapegw.com:6060	ConnectionTimeoutError: Connection timeout to host https://discord.com/api/v9/unique-username/username-attempt-unauthed
2026-09-01 18:27:36	NETWORK	exru	attempt=1	proxy=http://wiw4v7duaymysz9-session-ad68193dbea6-lifetime-10:***@rp.scrapegw.com:6060	ConnectionTimeoutError: Connection timeout to host https://discord.com/api/v9/unique-username/username-attempt-unauthed
2026-09-01 18:27:36	NETWORK	exdl	attempt=1	proxy=http://wiw4v7duaymysz9-session-9805d4f5ab3f-lifetime-10:***@rp.scrapegw.com:6060	ConnectionTimeoutError: Connection timeout to host https://discord.com/api/v9/unique-username/username-attempt-unauthed
2026-09-01 18:27:36	NETWORK	eyab	attempt=1	proxy=http://wiw4v7duaymysz9-session-589e34be7bb9-lifetime-10:***@rp.scrapegw.com:6060	ConnectionTimeoutError: Connection timeout to host https://discord.com/api/v9/unique-username/username-attempt-unauthed
2026-09-01 18:27:36	NETWORK	exvh	attempt=1	proxy=http://wiw4v7duaymysz9-session-79b5d899f52e-lifetime-10:***@rp.scrapegw.com:6060	ConnectionTimeoutError: Connection timeout to host https://discord.com/api/v9/unique-username/username-attempt-unauthed
2026-09-01 18:27:36	NETWORK	eybs	attempt=1	proxy=http://wiw4v7duaymysz9-session-9b5a1382735e-lifetime-10:***@rp.scrapegw.com:6060	ConnectionTimeoutError: Connection timeout to host https://discord.com/api/v9/unique-username/username-attempt-unauthed
2026-09-01 18:27:36	NETWORK	exvj	attempt=1	proxy=http://wiw4v7duaymysz9-session-7175fa4d0ec5-lifetime-10:***@rp.scrapegw.com:6060	ConnectionTimeoutError: Connection timeout to host https://discord.com/api/v9/unique-username/username-attempt-unauthed
2026-09-01 18:27:36	NETWORK	exkf	attempt=1	proxy=http://wiw4v7duaymysz9-session-c1413c77f1d4-lifetime-10:***@rp.scrapegw.com:6060	ConnectionTimeoutError: Connection timeout to host https://discord.com/api/v9/unique-username/username-attempt-unauthed
2026-09-01 18:27:36	NETWORK	exwp	attempt=1	proxy=http://wiw4v7duaymysz9-session-ddb23799bf39-lifetime-10:***@rp.scrapegw.com:6060	ConnectionTimeoutError: Connection timeout to host https://discord.com/api/v9/unique-username/username-attempt-unauthed
2026-09-01 18:27:36	NETWORK	exlw	attempt=1	proxy=http://wiw4v7duaymysz9-session-2519beb30008-lifetime-10:***@rp.scrapegw.com:6060	ConnectionTimeoutError: Connection timeout to host https://discord.com/api/v9/unique-username/username-attempt-unauthed
2026-09-01 18:27:36	NETWORK	eyek	attempt=1	proxy=http://wiw4v7duaymysz9-session-6f35dc542f99-lifetime-10:***@rp.scrapegw.com:6060	ConnectionTimeoutError: Connection timeout to host https://discord.com/api/v9/unique-username/username-attempt-unauthed
2026-09-01 18:27:36	NETWORK	eycc	attempt=1	proxy=http://wiw4v7duaymysz9-session-ae296a78d9b6-lifetime-10:***@rp.scrapegw.com:6060	ConnectionTimeoutError: Connection timeout to host https://discord.com/api/v9/unique-username/username-attempt-unauthed
2026-09-01 18:27:36	NETWORK	exse	attempt=1	proxy=http://wiw4v7duaymysz9-session-8d7bd874e0f1-lifetime-10:***@rp.scrapegw.com:6060	ConnectionTimeoutError: Connection timeout to host https://discord.com/api/v9/unique-username/username-attempt-unauthed
2026-09-01 18:27:36	NETWORK	excj	attempt=1	proxy=http://wiw4v7duaymysz9-session-01d49c230f78-lifetime-10:***@rp.scrapegw.com:6060	ConnectionTimeoutError: Connection timeout to host https://discord.com/api/v9/unique-username/username-attempt-unauthed
2026-09-01 18:27:36	NETWORK	exns	attempt=1	proxy=http://wiw4v7duaymysz9-session-628700cfafb7-lifetime-10:***@rp.scrapegw.com:6060	ConnectionTimeoutError: Connection timeout to host https://discord.com/api/v9/unique-username/username-attempt-unauthed
2026-09-01 18:27:36	NETWORK	exsw	attempt=1	proxy=http://wiw4v7duaymysz9-session-57bcd7379853-lifetime-10:***@rp.scrapegw.com:6060	ConnectionTimeoutError: Connection timeout to host https://discord.com/api/v9/unique-username/username-attempt-unauthed
2026-09-01 18:27:36	NETWORK	exrn	attempt=1	proxy=http://wiw4v7duaymysz9-session-1fd1b7f2face-lifetime-10:***@rp.scrapegw.com:6060	ConnectionTimeoutError: Connection timeout to host https://discord.com/api/v9/unique-username/username-attempt-unauthed
2026-09-01 18:27:36	NETWORK	exhs	attempt=1	proxy=http://wiw4v7duaymysz9-session-e096505499f5-lifetime-10:***@rp.scrapegw.com:6060	ConnectionTimeoutError: Connection timeout to host https://discord.com/api/v9/unique-username/username-attempt-unauthed
2026-09-01 18:27:36	NETWORK	exqv	attempt=1	proxy=http://wiw4v7duaymysz9-session-438a2a6fd16d-lifetime-10:***@rp.scrapegw.com:6060	ConnectionTimeoutError: Connection timeout to host https://discord.com/api/v9/unique-username/username-attempt-unauthed
2026-09-01 18:27:36	NETWORK	exyb	attempt=1	proxy=http://wiw4v7duaymysz9-session-8af37ad8f598-lifetime-10:***@rp.scrapegw.com:6060	ConnectionTimeoutError: Connection timeout to host https://discord.com/api/v9/unique-username/username-attempt-unauthed
2026-09-01 18:27:36	NETWORK	expd	attempt=1	proxy=http://wiw4v7duaymysz9-session-10d0d60c500a-lifetime-10:***@rp.scrapegw.com:6060	ConnectionTimeoutError: Connection timeout to host https://discord.com/api/v9/unique-username/username-attempt-unauthed
2026-09-01 18:27:36	NETWORK	exkc	attempt=1	proxy=http://wiw4v7duaymysz9-session-bd04ecc76360-lifetime-10:***@rp.scrapegw.com:6060	ConnectionTimeoutError: Connection timeout to host https://discord.com/api/v9/unique-username/username-attempt-unauthed
2026-09-01 18:27:36	NETWORK	excd	attempt=1	proxy=http://wiw4v7duaymysz9-session-b60362a48a41-lifetime-10:***@rp.scrapegw.com:6060	ConnectionTimeoutError: Connection timeout to host https://discord.com/api/v9/unique-username/username-attempt-unauthed
2026-09-01 18:27:36	NETWORK	eyby	attempt=1	proxy=http://wiw4v7duaymysz9-session-7df7e066b2f7-lifetime-10:***@rp.scrapegw.com:6060	ConnectionTimeoutError: Connection timeout to host https://discord.com/api/v9/unique-username/username-attempt-unauthed
2026-09-01 18:27:36	NETWORK	eydi	attempt=1	proxy=http://wiw4v7duaymysz9-session-3536b176efb0-lifetime-10:***@rp.scrapegw.com:6060	ConnectionTimeoutError: Connection timeout to host https://discord.com/api/v9/unique-username/username-attempt-unauthed
2026-09-01 18:27:36	NETWORK	exnx	attempt=1	proxy=http://wiw4v7duaymysz9-session-270eaca7eb8b-lifetime-10:***@rp.scrapegw.com:6060	ConnectionTimeoutError: Connection timeout to host https://discord.com/api/v9/unique-username/username-attempt-unauthed
2026-09-01 18:27:36	NETWORK	exmx	attempt=1	proxy=http://wiw4v7duaymysz9-session-d7d186086ab1-lifetime-10:***@rp.scrapegw.com:6060	ConnectionTimeoutError: Connection timeout to host https://discord.com/api/v9/unique-username/username-attempt-unauthed
2026-09-01 18:27:36	NETWORK	eyup	attempt=1	proxy=http://wiw4v7duaymysz9-session-6b7bc87e4fbf-lifetime-10:***@rp.scrapegw.com:6060	ClientConnectorError: Cannot connect to host discord.com:443 ssl:default [Connection reset by peer]
2026-09-01 18:27:37	NETWORK	fbwe	attempt=1	proxy=http://wiw4v7duaymysz9-session-6c71f97ccd63-lifetime-10:***@rp.scrapegw.com:6060	ClientConnectorError: Cannot connect to host discord.com:443 ssl:default [Connection reset by peer]
2026-09-01 18:27:37	HTTP_429	finf	attempt=1	proxy=http://wiw4v7duaymysz9-session-730ff762be02-lifetime-10:***@rp.scrapegw.com:6060	scope=shared global=False retry_after=1998.00s
2026-09-01 18:27:37	NETWORK	fbya	attempt=1	proxy=http://wiw4v7duaymysz9-session-8fe944c88f10-lifetime-10:***@rp.scrapegw.com:6060	ClientConnectorError: Cannot connect to host discord.com:443 ssl:default [Connection reset by peer]
2026-09-01 18:27:37	NETWORK	fcmk	attempt=1	proxy=http://wiw4v7duaymysz9-session-133708a2e5a9-lifetime-10:***@rp.scrapegw.com:6060	ClientConnectorError: Cannot connect to host discord.com:443 ssl:default [Connection reset by peer]
2026-09-01 18:27:37	HTTP_429	fjdk	attempt=1	proxy=http://wiw4v7duaymysz9-session-3cc187d15acf-lifetime-10:***@rp.scrapegw.com:6060	scope=shared global=False retry_after=424.00s
2026-09-01 18:27:37	NETWORK	fcqr	attempt=1	proxy=http://wiw4v7duaymysz9-session-79fe3db5c9f8-lifetime-10:***@rp.scrapegw.com:6060	ClientConnectorError: Cannot connect to host discord.com:443 ssl:default [Connection reset by peer]
2026-09-01 18:27:37	NETWORK	ezsu	attempt=1	proxy=http://wiw4v7duaymysz9-session-c436b6fab163-lifetime-10:***@rp.scrapegw.com:6060	ConnectionTimeoutError: Connection timeout to host https://discord.com/api/v9/unique-username/username-attempt-unauthed
2026-09-01 18:27:37	NETWORK	eyqr	attempt=1	proxy=http://wiw4v7duaymysz9-session-8928909a33ac-lifetime-10:***@rp.scrapegw.com:6060	ConnectionTimeoutError: Connection timeout to host https://discord.com/api/v9/unique-username/username-attempt-unauthed
2026-09-01 18:27:37	NETWORK	ezpv	attempt=1	proxy=http://wiw4v7duaymysz9-session-c62622f90588-lifetime-10:***@rp.scrapegw.com:6060	ConnectionTimeoutError: Connection timeout to host https://discord.com/api/v9/unique-username/username-attempt-unauthed
2026-09-01 18:27:37	NETWORK	eytn	attempt=1	proxy=http://wiw4v7duaymysz9-session-e75ecf9be0f8-lifetime-10:***@rp.scrapegw.com:6060	ConnectionTimeoutError: Connection timeout to host https://discord.com/api/v9/unique-username/username-attempt-unauthed
2026-09-01 18:27:37	NETWORK	ezlb	attempt=1	proxy=http://wiw4v7duaymysz9-session-95fa7a63db7a-lifetime-10:***@rp.scrapegw.com:6060	ConnectionTimeoutError: Connection timeout to host https://discord.com/api/v9/unique-username/username-attempt-unauthed
2026-09-01 18:27:37	NETWORK	ezxs	attempt=1	proxy=http://wiw4v7duaymysz9-session-261fac1358a0-lifetime-10:***@rp.scrapegw.com:6060	ConnectionTimeoutError: Connection timeout to host https://discord.com/api/v9/unique-username/username-attempt-unauthed
2026-09-01 18:27:37	NETWORK	ezhj	attempt=1	proxy=http://wiw4v7duaymysz9-session-9f1bb82f55ce-lifetime-10:***@rp.scrapegw.com:6060	ConnectionTimeoutError: Connection timeout to host https://discord.com/api/v9/unique-username/username-attempt-unauthed
2026-09-01 18:27:37	NETWORK	eyxe	attempt=1	proxy=http://wiw4v7duaymysz9-session-8b1349c2a536-lifetime-10:***@rp.scrapegw.com:6060	ConnectionTimeoutError: Connection timeout to host https://discord.com/api/v9/unique-username/username-attempt-unauthed
2026-09-01 18:27:37	NETWORK	ezen	attempt=1	proxy=http://wiw4v7duaymysz9-session-e951ac0ae75e-lifetime-10:***@rp.scrapegw.com:6060	ConnectionTimeoutError: Connection timeout to host https://discord.com/api/v9/unique-username/username-attempt-unauthed
2026-09-01 18:27:37	NETWORK	ezda	attempt=1	proxy=http://wiw4v7duaymysz9-session-216fcaf05d57-lifetime-10:***@rp.scrapegw.com:6060	ConnectionTimeoutError: Connection timeout to host https://discord.com/api/v9/unique-username/username-attempt-unauthed
2026-09-01 18:27:37	NETWORK	ezpf	attempt=1	proxy=http://wiw4v7duaymysz9-session-2c6166e65606-lifetime-10:***@rp.scrapegw.com:6060	ConnectionTimeoutError: Connection timeout to host https://discord.com/api/v9/unique-username/username-attempt-unauthed
2026-09-01 18:27:37	NETWORK	ezdc	attempt=1	proxy=http://wiw4v7duaymysz9-session-00e54ded0b2b-lifetime-10:***@rp.scrapegw.com:6060	ConnectionTimeoutError: Connection timeout to host https://discord.com/api/v9/unique-username/username-attempt-unauthed
2026-09-01 18:27:37	NETWORK	eyyq	attempt=1	proxy=http://wiw4v7duaymysz9-session-ada68f0f5cb4-lifetime-10:***@rp.scrapegw.com:6060	ConnectionTimeoutError: Connection timeout to host https://discord.com/api/v9/unique-username/username-attempt-unauthed
2026-09-01 18:27:37	NETWORK	ezsq	attempt=1	proxy=http://wiw4v7duaymysz9-session-5be39d59caef-lifetime-10:***@rp.scrapegw.com:6060	ConnectionTimeoutError: Connection timeout to host https://discord.com/api/v9/unique-username/username-attempt-unauthed
2026-09-01 18:27:37	NETWORK	eywi	attempt=1	proxy=http://wiw4v7duaymysz9-session-aea4a8845620-lifetime-10:***@rp.scrapegw.com:6060	ConnectionTimeoutError: Connection timeout to host https://discord.com/api/v9/unique-username/username-attempt-unauthed
2026-09-01 18:27:37	NETWORK	eyko	attempt=1	proxy=http://wiw4v7duaymysz9-session-e686c8b6013b-lifetime-10:***@rp.scrapegw.com:6060	ConnectionTimeoutError: Connection timeout to host https://discord.com/api/v9/unique-username/username-attempt-unauthed
2026-09-01 18:27:37	NETWORK	eyhz	attempt=1	proxy=http://wiw4v7duaymysz9-session-26a4a96cc083-lifetime-10:***@rp.scrapegw.com:6060	ConnectionTimeoutError: Connection timeout to host https://discord.com/api/v9/unique-username/username-attempt-unauthed
2026-09-01 18:27:37	NETWORK	eysg	attempt=1	proxy=http://wiw4v7duaymysz9-session-89710d96754e-lifetime-10:***@rp.scrapegw.com:6060	ConnectionTimeoutError: Connection timeout to host https://discord.com/api/v9/unique-username/username-attempt-unauthed
2026-09-01 18:27:37	NETWORK	ezaw	attempt=1	proxy=http://wiw4v7duaymysz9-session-3e1677ccea3f-lifetime-10:***@rp.scrapegw.com:6060	ConnectionTimeoutError: Connection timeout to host https://discord.com/api/v9/unique-username/username-attempt-unauthed
2026-09-01 18:27:37	NETWORK	eyug	attempt=1	proxy=http://wiw4v7duaymysz9-session-73b69e89c984-lifetime-10:***@rp.scrapegw.com:6060	ConnectionTimeoutError: Connection timeout to host https://discord.com/api/v9/unique-username/username-attempt-unauthed
2026-09-01 18:27:37	NETWORK	ezaj	attempt=1	proxy=http://wiw4v7duaymysz9-session-df9eb2ebb019-lifetime-10:***@rp.scrapegw.com:6060	ConnectionTimeoutError: Connection timeout to host https://discord.com/api/v9/unique-username/username-attempt-unauthed
2026-09-01 18:27:37	NETWORK	eyun	attempt=1	proxy=http://wiw4v7duaymysz9-session-730ff762be02-lifetime-10:***@rp.scrapegw.com:6060	ConnectionTimeoutError: Connection timeout to host https://discord.com/api/v9/unique-username/username-attempt-unauthed
2026-09-01 18:27:37	NETWORK	eyvn	attempt=1	proxy=http://wiw4v7duaymysz9-session-eeadf437bfb6-lifetime-10:***@rp.scrapegw.com:6060	ConnectionTimeoutError: Connection timeout to host https://discord.com/api/v9/unique-username/username-attempt-unauthed
2026-09-01 18:27:37	NETWORK	ezgt	attempt=1	proxy=http://wiw4v7duaymysz9-session-c40e8d0eaba5-lifetime-10:***@rp.scrapegw.com:6060	ConnectionTimeoutError: Connection timeout to host https://discord.com/api/v9/unique-username/username-attempt-unauthed
2026-09-01 18:27:37	NETWORK	eyle	attempt=1	proxy=http://wiw4v7duaymysz9-session-80748635c156-lifetime-10:***@rp.scrapegw.com:6060	ConnectionTimeoutError: Connection timeout to host https://discord.com/api/v9/unique-username/username-attempt-unauthed
2026-09-01 18:27:37	NETWORK	ezoi	attempt=1	proxy=http://wiw4v7duaymysz9-session-a6d1f1fc2f9a-lifetime-10:***@rp.scrapegw.com:6060	ConnectionTimeoutError: Connection timeout to host https://discord.com/api/v9/unique-username/username-attempt-unauthed
2026-09-01 18:27:37	NETWORK	eyfr	attempt=1	proxy=http://wiw4v7duaymysz9-session-2789df11c354-lifetime-10:***@rp.scrapegw.com:6060	ConnectionTimeoutError: Connection timeout to host https://discord.com/api/v9/unique-username/username-attempt-unauthed
2026-09-01 18:27:37	NETWORK	eywj	attempt=1	proxy=http://wiw4v7duaymysz9-session-7491b8817204-lifetime-10:***@rp.scrapegw.com:6060	ConnectionTimeoutError: Connection timeout to host https://discord.com/api/v9/unique-username/username-attempt-unauthed
2026-09-01 18:27:37	NETWORK	ezmb	attempt=1	proxy=http://wiw4v7duaymysz9-session-a8cb26bb3c62-lifetime-10:***@rp.scrapegw.com:6060	ConnectionTimeoutError: Connection timeout to host https://discord.com/api/v9/unique-username/username-attempt-unauthed
2026-09-01 18:27:37	NETWORK	eznv	attempt=1	proxy=http://wiw4v7duaymysz9-session-7be8e3639c77-lifetime-10:***@rp.scrapegw.com:6060	ConnectionTimeoutError: Connection timeout to host https://discord.com/api/v9/unique-username/username-attempt-unauthed
2026-09-01 18:27:37	NETWORK	eypk	attempt=1	proxy=http://wiw4v7duaymysz9-session-098ed43cf8b1-lifetime-10:***@rp.scrapegw.com:6060	ConnectionTimeoutError: Connection timeout to host https://discord.com/api/v9/unique-username/username-attempt-unauthed
2026-09-01 18:27:37	NETWORK	ezsg	attempt=1	proxy=http://wiw4v7duaymysz9-session-907a76ce96ff-lifetime-10:***@rp.scrapegw.com:6060	ConnectionTimeoutError: Connection timeout to host https://discord.com/api/v9/unique-username/username-attempt-unauthed
2026-09-01 18:27:37	NETWORK	eypa	attempt=1	proxy=http://wiw4v7duaymysz9-session-e13ade0e799a-lifetime-10:***@rp.scrapegw.com:6060	ConnectionTimeoutError: Connection timeout to host https://discord.com/api/v9/unique-username/username-attempt-unauthed
2026-09-01 18:27:37	NETWORK	eypi	attempt=1	proxy=http://wiw4v7duaymysz9-session-87c0ff84b0b3-lifetime-10:***@rp.scrapegw.com:6060	ConnectionTimeoutError: Connection timeout to host https://discord.com/api/v9/unique-username/username-attempt-unauthed
2026-09-01 18:27:37	NETWORK	ezzu	attempt=1	proxy=http://wiw4v7duaymysz9-session-d20376873b55-lifetime-10:***@rp.scrapegw.com:6060	ConnectionTimeoutError: Connection timeout to host https://discord.com/api/v9/unique-username/username-attempt-unauthed
2026-09-01 18:27:37	NETWORK	ezxx	attempt=1	proxy=http://wiw4v7duaymysz9-session-003fba7016f3-lifetime-10:***@rp.scrapegw.com:6060	ConnectionTimeoutError: Connection timeout to host https://discord.com/api/v9/unique-username/username-attempt-unauthed
2026-09-01 18:27:37	NETWORK	ezuh	attempt=1	proxy=http://wiw4v7duaymysz9-session-6c9b8eb52325-lifetime-10:***@rp.scrapegw.com:6060	ConnectionTimeoutError: Connection timeout to host https://discord.com/api/v9/unique-username/username-attempt-unauthed
2026-09-01 18:27:37	NETWORK	ezhk	attempt=1	proxy=http://wiw4v7duaymysz9-session-79200d98a28e-lifetime-10:***@rp.scrapegw.com:6060	ConnectionTimeoutError: Connection timeout to host https://discord.com/api/v9/unique-username/username-attempt-unauthed
2026-09-01 18:27:37	NETWORK	ezgn	attempt=1	proxy=http://wiw4v7duaymysz9-session-d8aaf6ff0033-lifetime-10:***@rp.scrapegw.com:6060	ConnectionTimeoutError: Connection timeout to host https://discord.com/api/v9/unique-username/username-attempt-unauthed
2026-09-01 18:27:37	NETWORK	ezmr	attempt=1	proxy=http://wiw4v7duaymysz9-session-a36e10f45866-lifetime-10:***@rp.scrapegw.com:6060	ConnectionTimeoutError: Connection timeout to host https://discord.com/api/v9/unique-username/username-attempt-unauthed
2026-09-01 18:27:37	NETWORK	ezgd	attempt=1	proxy=http://wiw4v7duaymysz9-session-37c3a256502c-lifetime-10:***@rp.scrapegw.com:6060	ConnectionTimeoutError: Connection timeout to host https://discord.com/api/v9/unique-username/username-attempt-unauthed
2026-09-01 18:27:37	NETWORK	eywz	attempt=1	proxy=http://wiw4v7duaymysz9-session-8190d9135208-lifetime-10:***@rp.scrapegw.com:6060	ConnectionTimeoutError: Connection timeout to host https://discord.com/api/v9/unique-username/username-attempt-unauthed
2026-09-01 18:27:37	NETWORK	faam	attempt=1	proxy=http://wiw4v7duaymysz9-session-d36e8d82b06a-lifetime-10:***@rp.scrapegw.com:6060	ConnectionTimeoutError: Connection timeout to host https://discord.com/api/v9/unique-username/username-attempt-unauthed
2026-09-01 18:27:37	HTTP_429	fddr	attempt=1	proxy=http://wiw4v7duaymysz9-session-e0db9eb4f9ce-lifetime-10:***@rp.scrapegw.com:6060	scope=shared global=False retry_after=1373.00s
2026-09-01 18:27:37	NETWORK	faor	attempt=1	proxy=http://wiw4v7duaymysz9-session-9794e0c1d066-lifetime-10:***@rp.scrapegw.com:6060	ClientConnectorError: Cannot connect to host discord.com:443 ssl:default [Connection reset by peer]
2026-09-01 18:27:37	HTTP_429	fdry	attempt=1	proxy=http://wiw4v7duaymysz9-session-83f9d4bcf9c8-lifetime-10:***@rp.scrapegw.com:6060	scope=shared global=False retry_after=1108.00s
2026-09-01 18:27:38	HTTP_429	fjqm	attempt=1	proxy=http://wiw4v7duaymysz9-session-1abc852deb61-lifetime-10:***@rp.scrapegw.com:6060	scope=shared global=False retry_after=1172.00s
2026-09-01 18:27:38	HTTP_429	fjsb	attempt=1	proxy=http://wiw4v7duaymysz9-session-72efc36461ce-lifetime-10:***@rp.scrapegw.com:6060	scope=shared global=False retry_after=1374.00s
2026-09-01 18:27:38	NETWORK	fhdf	attempt=1	proxy=http://wiw4v7duaymysz9-session-31c4b7232e1d-lifetime-10:***@rp.scrapegw.com:6060	ClientConnectorError: Cannot connect to host discord.com:443 ssl:default [Connection reset by peer]
2026-09-01 18:27:38	NETWORK	fepg	attempt=1	proxy=http://wiw4v7duaymysz9-session-ebf98a9ce5a9-lifetime-10:***@rp.scrapegw.com:6060	ClientConnectorError: Cannot connect to host discord.com:443 ssl:default [None]
2026-09-01 18:27:38	NETWORK	favu	attempt=1	proxy=http://wiw4v7duaymysz9-session-337fb1011b1c-lifetime-10:***@rp.scrapegw.com:6060	ClientConnectorError: Cannot connect to host discord.com:443 ssl:default [Connection reset by peer]
2026-09-01 18:27:38	HTTP_429	fcxr	attempt=1	proxy=http://wiw4v7duaymysz9-session-77cec600a714-lifetime-10:***@rp.scrapegw.com:6060	scope=shared global=False retry_after=436.00s
2026-09-01 18:27:38	NETWORK	ffbj	attempt=1	proxy=http://wiw4v7duaymysz9-session-a36e10f45866-lifetime-10:***@rp.scrapegw.com:6060	ClientConnectorError: Cannot connect to host discord.com:443 ssl:default [Connection reset by peer]
2026-09-01 18:27:38	HTTP_429	feas	attempt=1	proxy=http://wiw4v7duaymysz9-session-a161f137bd23-lifetime-10:***@rp.scrapegw.com:6060	scope=shared global=False retry_after=904.00s
2026-09-01 18:27:38	NETWORK	fbox	attempt=1	proxy=http://wiw4v7duaymysz9-session-623611026e88-lifetime-10:***@rp.scrapegw.com:6060	ConnectionTimeoutError: Connection timeout to host https://discord.com/api/v9/unique-username/username-attempt-unauthed
2026-09-01 18:27:38	NETWORK	fbkv	attempt=1	proxy=http://wiw4v7duaymysz9-session-250153af3be8-lifetime-10:***@rp.scrapegw.com:6060	ConnectionTimeoutError: Connection timeout to host https://discord.com/api/v9/unique-username/username-attempt-unauthed
2026-09-01 18:27:38	NETWORK	fbqe	attempt=1	proxy=http://wiw4v7duaymysz9-session-752eb7259be5-lifetime-10:***@rp.scrapegw.com:6060	ConnectionTimeoutError: Connection timeout to host https://discord.com/api/v9/unique-username/username-attempt-unauthed
2026-09-01 18:27:38	NETWORK	facr	attempt=1	proxy=http://wiw4v7duaymysz9-session-cd36774fcae9-lifetime-10:***@rp.scrapegw.com:6060	ConnectionTimeoutError: Connection timeout to host https://discord.com/api/v9/unique-username/username-attempt-unauthed
2026-09-01 18:27:38	NETWORK	fbqy	attempt=1	proxy=http://wiw4v7duaymysz9-session-5525342a1dae-lifetime-10:***@rp.scrapegw.com:6060	ConnectionTimeoutError: Connection timeout to host https://discord.com/api/v9/unique-username/username-attempt-unauthed
2026-09-01 18:27:38	NETWORK	fbkl	attempt=1	proxy=http://wiw4v7duaymysz9-session-91c90d8a5514-lifetime-10:***@rp.scrapegw.com:6060	ConnectionTimeoutError: Connection timeout to host https://discord.com/api/v9/unique-username/username-attempt-unauthed
2026-09-01 18:27:38	NETWORK	fbmj	attempt=1	proxy=http://wiw4v7duaymysz9-session-7ab6684b879a-lifetime-10:***@rp.scrapegw.com:6060	ConnectionTimeoutError: Connection timeout to host https://discord.com/api/v9/unique-username/username-attempt-unauthed
2026-09-01 18:27:38	NETWORK	fbhh	attempt=1	proxy=http://wiw4v7duaymysz9-session-f9bc8345fd7d-lifetime-10:***@rp.scrapegw.com:6060	ConnectionTimeoutError: Connection timeout to host https://discord.com/api/v9/unique-username/username-attempt-unauthed
2026-09-01 18:27:38	NETWORK	fbgg	attempt=1	proxy=http://wiw4v7duaymysz9-session-be7fcc89bbd4-lifetime-10:***@rp.scrapegw.com:6060	ConnectionTimeoutError: Connection timeout to host https://discord.com/api/v9/unique-username/username-attempt-unauthed
2026-09-01 18:27:38	NETWORK	famy	attempt=1	proxy=http://wiw4v7duaymysz9-session-a5b39052e6a8-lifetime-10:***@rp.scrapegw.com:6060	ConnectionTimeoutError: Connection timeout to host https://discord.com/api/v9/unique-username/username-attempt-unauthed
2026-09-01 18:27:38	NETWORK	falo	attempt=1	proxy=http://wiw4v7duaymysz9-session-f8a3076f2bfc-lifetime-10:***@rp.scrapegw.com:6060	ConnectionTimeoutError: Connection timeout to host https://discord.com/api/v9/unique-username/username-attempt-unauthed
2026-09-01 18:27:38	NETWORK	faen	attempt=1	proxy=http://wiw4v7duaymysz9-session-5ddb98e06aa5-lifetime-10:***@rp.scrapegw.com:6060	ConnectionTimeoutError: Connection timeout to host https://discord.com/api/v9/unique-username/username-attempt-unauthed
2026-09-01 18:27:38	NETWORK	facv	attempt=1	proxy=http://wiw4v7duaymysz9-session-87b449aaf4ae-lifetime-10:***@rp.scrapegw.com:6060	ConnectionTimeoutError: Connection timeout to host https://discord.com/api/v9/unique-username/username-attempt-unauthed
2026-09-01 18:27:38	NETWORK	fbea	attempt=1	proxy=http://wiw4v7duaymysz9-session-72efc36461ce-lifetime-10:***@rp.scrapegw.com:6060	ConnectionTimeoutError: Connection timeout to host https://discord.com/api/v9/unique-username/username-attempt-unauthed
2026-09-01 18:27:38	NETWORK	fbgd	attempt=1	proxy=http://wiw4v7duaymysz9-session-79cc602fa3f9-lifetime-10:***@rp.scrapegw.com:6060	ConnectionTimeoutError: Connection timeout to host https://discord.com/api/v9/unique-username/username-attempt-unauthed
2026-09-01 18:27:38	NETWORK	fayz	attempt=1	proxy=http://wiw4v7duaymysz9-session-35597ba2ed7a-lifetime-10:***@rp.scrapegw.com:6060	ConnectionTimeoutError: Connection timeout to host https://discord.com/api/v9/unique-username/username-attempt-unauthed
2026-09-01 18:27:38	NETWORK	fbjn	attempt=1	proxy=http://wiw4v7duaymysz9-session-5414721c7ec0-lifetime-10:***@rp.scrapegw.com:6060	ConnectionTimeoutError: Connection timeout to host https://discord.com/api/v9/unique-username/username-attempt-unauthed
2026-09-01 18:27:38	NETWORK	fbbj	attempt=1	proxy=http://wiw4v7duaymysz9-session-e1b940a48d2d-lifetime-10:***@rp.scrapegw.com:6060	ConnectionTimeoutError: Connection timeout to host https://discord.com/api/v9/unique-username/username-attempt-unauthed
2026-09-01 18:27:38	NETWORK	fayn	attempt=1	proxy=http://wiw4v7duaymysz9-session-e717b4d5d2dc-lifetime-10:***@rp.scrapegw.com:6060	ConnectionTimeoutError: Connection timeout to host https://discord.com/api/v9/unique-username/username-attempt-unauthed
2026-09-01 18:27:38	NETWORK	faws	attempt=1	proxy=http://wiw4v7duaymysz9-session-bd0ca2d8ce86-lifetime-10:***@rp.scrapegw.com:6060	ConnectionTimeoutError: Connection timeout to host https://discord.com/api/v9/unique-username/username-attempt-unauthed
2026-09-01 18:27:38	NETWORK	famj	attempt=1	proxy=http://wiw4v7duaymysz9-session-4e6d37d395eb-lifetime-10:***@rp.scrapegw.com:6060	ConnectionTimeoutError: Connection timeout to host https://discord.com/api/v9/unique-username/username-attempt-unauthed
2026-09-01 18:27:38	NETWORK	faky	attempt=1	proxy=http://wiw4v7duaymysz9-session-66fbc8cd253f-lifetime-10:***@rp.scrapegw.com:6060	ConnectionTimeoutError: Connection timeout to host https://discord.com/api/v9/unique-username/username-attempt-unauthed
2026-09-01 18:27:38	NETWORK	faia	attempt=1	proxy=http://wiw4v7duaymysz9-session-214f2913a715-lifetime-10:***@rp.scrapegw.com:6060	ConnectionTimeoutError: Connection timeout to host https://discord.com/api/v9/unique-username/username-attempt-unauthed
2026-09-01 18:27:38	NETWORK	fahq	attempt=1	proxy=http://wiw4v7duaymysz9-session-8b0b09ed58df-lifetime-10:***@rp.scrapegw.com:6060	ConnectionTimeoutError: Connection timeout to host https://discord.com/api/v9/unique-username/username-attempt-unauthed
2026-09-01 18:27:38	NETWORK	faei	attempt=1	proxy=http://wiw4v7duaymysz9-session-b3cf7ee780f0-lifetime-10:***@rp.scrapegw.com:6060	ConnectionTimeoutError: Connection timeout to host https://discord.com/api/v9/unique-username/username-attempt-unauthed
2026-09-01 18:27:38	NETWORK	fbom	attempt=1	proxy=http://wiw4v7duaymysz9-session-11e43bd76650-lifetime-10:***@rp.scrapegw.com:6060	ConnectionTimeoutError: Connection timeout to host https://discord.com/api/v9/unique-username/username-attempt-unauthed
2026-09-01 18:27:38	NETWORK	facw	attempt=1	proxy=http://wiw4v7duaymysz9-session-31a5d4802548-lifetime-10:***@rp.scrapegw.com:6060	ConnectionTimeoutError: Connection timeout to host https://discord.com/api/v9/unique-username/username-attempt-unauthed
2026-09-01 18:27:38	NETWORK	fbdu	attempt=1	proxy=http://wiw4v7duaymysz9-session-a4cea9e09cf6-lifetime-10:***@rp.scrapegw.com:6060	ConnectionTimeoutError: Connection timeout to host https://discord.com/api/v9/unique-username/username-attempt-unauthed
2026-09-01 18:27:38	NETWORK	favx	attempt=1	proxy=http://wiw4v7duaymysz9-session-f10639d96bae-lifetime-10:***@rp.scrapegw.com:6060	ConnectionTimeoutError: Connection timeout to host https://discord.com/api/v9/unique-username/username-attempt-unauthed
2026-09-01 18:27:38	NETWORK	fbbq	attempt=1	proxy=http://wiw4v7duaymysz9-session-6902e960540e-lifetime-10:***@rp.scrapegw.com:6060	ConnectionTimeoutError: Connection timeout to host https://discord.com/api/v9/unique-username/username-attempt-unauthed
2026-09-01 18:27:38	NETWORK	fava	attempt=1	proxy=http://wiw4v7duaymysz9-session-7df81c211b3f-lifetime-10:***@rp.scrapegw.com:6060	ConnectionTimeoutError: Connection timeout to host https://discord.com/api/v9/unique-username/username-attempt-unauthed
2026-09-01 18:27:38	NETWORK	fbev	attempt=1	proxy=http://wiw4v7duaymysz9-session-ea65c90dbf2f-lifetime-10:***@rp.scrapegw.com:6060	ConnectionTimeoutError: Connection timeout to host https://discord.com/api/v9/unique-username/username-attempt-unauthed
2026-09-01 18:27:38	NETWORK	fauj	attempt=1	proxy=http://wiw4v7duaymysz9-session-8b76d142418b-lifetime-10:***@rp.scrapegw.com:6060	ConnectionTimeoutError: Connection timeout to host https://discord.com/api/v9/unique-username/username-attempt-unauthed
2026-09-01 18:27:38	NETWORK	fasb	attempt=1	proxy=http://wiw4v7duaymysz9-session-6863aeb9e3cb-lifetime-10:***@rp.scrapegw.com:6060	ConnectionTimeoutError: Connection timeout to host https://discord.com/api/v9/unique-username/username-attempt-unauthed
2026-09-01 18:27:38	NETWORK	fbqa	attempt=1	proxy=http://wiw4v7duaymysz9-session-7a094e66ae49-lifetime-10:***@rp.scrapegw.com:6060	ConnectionTimeoutError: Connection timeout to host https://discord.com/api/v9/unique-username/username-attempt-unauthed
2026-09-01 18:27:38	NETWORK	fasu	attempt=1	proxy=http://wiw4v7duaymysz9-session-05f6e56ac9b9-lifetime-10:***@rp.scrapegw.com:6060	ConnectionTimeoutError: Connection timeout to host https://discord.com/api/v9/unique-username/username-attempt-unauthed
2026-09-01 18:27:38	NETWORK	fbca	attempt=1	proxy=http://wiw4v7duaymysz9-session-d4a7bd1c4865-lifetime-10:***@rp.scrapegw.com:6060	ConnectionTimeoutError: Connection timeout to host https://discord.com/api/v9/unique-username/username-attempt-unauthed
2026-09-01 18:27:38	NETWORK	fazd	attempt=1	proxy=http://wiw4v7duaymysz9-session-51d09b19ab8b-lifetime-10:***@rp.scrapegw.com:6060	ConnectionTimeoutError: Connection timeout to host https://discord.com/api/v9/unique-username/username-attempt-unauthed
2026-09-01 18:27:38	NETWORK	fawk	attempt=1	proxy=http://wiw4v7duaymysz9-session-e7ec117c17e4-lifetime-10:***@rp.scrapegw.com:6060	ConnectionTimeoutError: Connection timeout to host https://discord.com/api/v9/unique-username/username-attempt-unauthed
2026-09-01 18:27:38	NETWORK	fatf	attempt=1	proxy=http://wiw4v7duaymysz9-session-11f78ef7dab0-lifetime-10:***@rp.scrapegw.com:6060	ConnectionTimeoutError: Connection timeout to host https://discord.com/api/v9/unique-username/username-attempt-unauthed
2026-09-01 18:27:38	NETWORK	faoz	attempt=1	proxy=http://wiw4v7duaymysz9-session-4d06835ddfda-lifetime-10:***@rp.scrapegw.com:6060	ConnectionTimeoutError: Connection timeout to host https://discord.com/api/v9/unique-username/username-attempt-unauthed
2026-09-01 18:27:38	HTTP_429	fjba	attempt=1	proxy=http://wiw4v7duaymysz9-session-6d19cf0ba03c-lifetime-10:***@rp.scrapegw.com:6060	scope=shared global=False retry_after=436.00s
2026-09-01 18:27:38	HTTP_429	feqm	attempt=1	proxy=http://wiw4v7duaymysz9-session-d9a97a7a79ac-lifetime-10:***@rp.scrapegw.com:6060	scope=shared global=False retry_after=987.00s
2026-09-01 18:27:39	HTTP_429	faap	attempt=1	proxy=http://wiw4v7duaymysz9-session-3cc187d15acf-lifetime-10:***@rp.scrapegw.com:6060	scope=shared global=False retry_after=422.63s
2026-09-01 18:27:39	HTTP_429	fkuf	attempt=1	proxy=http://wiw4v7duaymysz9-session-be87d604877d-lifetime-10:***@rp.scrapegw.com:6060	scope=shared global=False retry_after=1237.00s
2026-09-01 18:27:39	NETWORK	feir	attempt=1	proxy=http://wiw4v7duaymysz9-session-ebe49885e978-lifetime-10:***@rp.scrapegw.com:6060	ClientConnectorError: Cannot connect to host discord.com:443 ssl:default [Connection reset by peer]
2026-09-01 18:27:39	NETWORK	fecn	attempt=1	proxy=http://wiw4v7duaymysz9-session-51c1ea0f5542-lifetime-10:***@rp.scrapegw.com:6060	ClientConnectorError: Cannot connect to host discord.com:443 ssl:default [Connection reset by peer]
2026-09-01 18:27:39	HTTP_429	fkxy	attempt=1	proxy=http://wiw4v7duaymysz9-session-454202c33687-lifetime-10:***@rp.scrapegw.com:6060	scope=shared global=False retry_after=657.00s
2026-09-01 18:27:39	NETWORK	fcxn	attempt=1	proxy=http://wiw4v7duaymysz9-session-02e523c0a17d-lifetime-10:***@rp.scrapegw.com:6060	ConnectionTimeoutError: Connection timeout to host https://discord.com/api/v9/unique-username/username-attempt-unauthed
2026-09-01 18:27:39	NETWORK	fbru	attempt=1	proxy=http://wiw4v7duaymysz9-session-a70a694e4d62-lifetime-10:***@rp.scrapegw.com:6060	ConnectionTimeoutError: Connection timeout to host https://discord.com/api/v9/unique-username/username-attempt-unauthed
2026-09-01 18:27:39	NETWORK	fccy	attempt=1	proxy=http://wiw4v7duaymysz9-session-0098ace9e0cb-lifetime-10:***@rp.scrapegw.com:6060	ConnectionTimeoutError: Connection timeout to host https://discord.com/api/v9/unique-username/username-attempt-unauthed
2026-09-01 18:27:39	NETWORK	fcwy	attempt=1	proxy=http://wiw4v7duaymysz9-session-31c4b7232e1d-lifetime-10:***@rp.scrapegw.com:6060	ConnectionTimeoutError: Connection timeout to host https://discord.com/api/v9/unique-username/username-attempt-unauthed
2026-09-01 18:27:39	NETWORK	fcup	attempt=1	proxy=http://wiw4v7duaymysz9-session-021a179d41fb-lifetime-10:***@rp.scrapegw.com:6060	ConnectionTimeoutError: Connection timeout to host https://discord.com/api/v9/unique-username/username-attempt-unauthed
2026-09-01 18:27:39	NETWORK	fcuq	attempt=1	proxy=http://wiw4v7duaymysz9-session-46dd808cdd3c-lifetime-10:***@rp.scrapegw.com:6060	ConnectionTimeoutError: Connection timeout to host https://discord.com/api/v9/unique-username/username-attempt-unauthed
2026-09-01 18:27:39	NETWORK	fdbv	attempt=1	proxy=http://wiw4v7duaymysz9-session-ce134923aa49-lifetime-10:***@rp.scrapegw.com:6060	ConnectionTimeoutError: Connection timeout to host https://discord.com/api/v9/unique-username/username-attempt-unauthed
2026-09-01 18:27:39	NETWORK	fcpo	attempt=1	proxy=http://wiw4v7duaymysz9-session-58ecf2b722c9-lifetime-10:***@rp.scrapegw.com:6060	ConnectionTimeoutError: Connection timeout to host https://discord.com/api/v9/unique-username/username-attempt-unauthed
2026-09-01 18:27:39	NETWORK	fcpa	attempt=1	proxy=http://wiw4v7duaymysz9-session-ebf11e42be67-lifetime-10:***@rp.scrapegw.com:6060	ConnectionTimeoutError: Connection timeout to host https://discord.com/api/v9/unique-username/username-attempt-unauthed
2026-09-01 18:27:39	NETWORK	fcjj	attempt=1	proxy=http://wiw4v7duaymysz9-session-31dfd71ccf62-lifetime-10:***@rp.scrapegw.com:6060	ConnectionTimeoutError: Connection timeout to host https://discord.com/api/v9/unique-username/username-attempt-unauthed
2026-09-01 18:27:39	NETWORK	fcej	attempt=1	proxy=http://wiw4v7duaymysz9-session-46703fb0f14b-lifetime-10:***@rp.scrapegw.com:6060	ConnectionTimeoutError: Connection timeout to host https://discord.com/api/v9/unique-username/username-attempt-unauthed
2026-09-01 18:27:39	NETWORK	fbxt	attempt=1	proxy=http://wiw4v7duaymysz9-session-1b62df5ec778-lifetime-10:***@rp.scrapegw.com:6060	ConnectionTimeoutError: Connection timeout to host https://discord.com/api/v9/unique-username/username-attempt-unauthed
2026-09-01 18:27:39	NETWORK	fcvr	attempt=1	proxy=http://wiw4v7duaymysz9-session-bde12c4648ac-lifetime-10:***@rp.scrapegw.com:6060	ConnectionTimeoutError: Connection timeout to host https://discord.com/api/v9/unique-username/username-attempt-unauthed
2026-09-01 18:27:39	NETWORK	fcum	attempt=1	proxy=http://wiw4v7duaymysz9-session-6307a1e1ea7d-lifetime-10:***@rp.scrapegw.com:6060	ConnectionTimeoutError: Connection timeout to host https://discord.com/api/v9/unique-username/username-attempt-unauthed
2026-09-01 18:27:39	NETWORK	fctp	attempt=1	proxy=http://wiw4v7duaymysz9-session-25d6d9bdcb92-lifetime-10:***@rp.scrapegw.com:6060	ConnectionTimeoutError: Connection timeout to host https://discord.com/api/v9/unique-username/username-attempt-unauthed
2026-09-01 18:27:39	NETWORK	fcsn	attempt=1	proxy=http://wiw4v7duaymysz9-session-9e3755c0c014-lifetime-10:***@rp.scrapegw.com:6060	ConnectionTimeoutError: Connection timeout to host https://discord.com/api/v9/unique-username/username-attempt-unauthed
2026-09-01 18:27:39	NETWORK	fciu	attempt=1	proxy=http://wiw4v7duaymysz9-session-68bb80a8ccc4-lifetime-10:***@rp.scrapegw.com:6060	ConnectionTimeoutError: Connection timeout to host https://discord.com/api/v9/unique-username/username-attempt-unauthed
2026-09-01 18:27:39	NETWORK	fbuy	attempt=1	proxy=http://wiw4v7duaymysz9-session-1b387b548cc7-lifetime-10:***@rp.scrapegw.com:6060	ConnectionTimeoutError: Connection timeout to host https://discord.com/api/v9/unique-username/username-attempt-unauthed
2026-09-01 18:27:39	NETWORK	fcnp	attempt=1	proxy=http://wiw4v7duaymysz9-session-63960c4bf8da-lifetime-10:***@rp.scrapegw.com:6060	ConnectionTimeoutError: Connection timeout to host https://discord.com/api/v9/unique-username/username-attempt-unauthed
2026-09-01 18:27:39	NETWORK	fcje	attempt=1	proxy=http://wiw4v7duaymysz9-session-39ec0054b093-lifetime-10:***@rp.scrapegw.com:6060	ConnectionTimeoutError: Connection timeout to host https://discord.com/api/v9/unique-username/username-attempt-unauthed
2026-09-01 18:27:39	NETWORK	fbvr	attempt=1	proxy=http://wiw4v7duaymysz9-session-ac53d9440934-lifetime-10:***@rp.scrapegw.com:6060	ConnectionTimeoutError: Connection timeout to host https://discord.com/api/v9/unique-username/username-attempt-unauthed
2026-09-01 18:27:39	NETWORK	fbyc	attempt=1	proxy=http://wiw4v7duaymysz9-session-7478738f1a78-lifetime-10:***@rp.scrapegw.com:6060	ConnectionTimeoutError: Connection timeout to host https://discord.com/api/v9/unique-username/username-attempt-unauthed
2026-09-01 18:27:39	NETWORK	fcbr	attempt=1	proxy=http://wiw4v7duaymysz9-session-f72c9d9db763-lifetime-10:***@rp.scrapegw.com:6060	ConnectionTimeoutError: Connection timeout to host https://discord.com/api/v9/unique-username/username-attempt-unauthed
2026-09-01 18:27:39	NETWORK	fchc	attempt=1	proxy=http://wiw4v7duaymysz9-session-72ce02905c2e-lifetime-10:***@rp.scrapegw.com:6060	ConnectionTimeoutError: Connection timeout to host https://discord.com/api/v9/unique-username/username-attempt-unauthed
2026-09-01 18:27:39	NETWORK	fcsw	attempt=1	proxy=http://wiw4v7duaymysz9-session-ffa190e4852a-lifetime-10:***@rp.scrapegw.com:6060	ConnectionTimeoutError: Connection timeout to host https://discord.com/api/v9/unique-username/username-attempt-unauthed
2026-09-01 18:27:39	NETWORK	fclg	attempt=1	proxy=http://wiw4v7duaymysz9-session-e60b87acf5be-lifetime-10:***@rp.scrapegw.com:6060	ConnectionTimeoutError: Connection timeout to host https://discord.com/api/v9/unique-username/username-attempt-unauthed
2026-09-01 18:27:39	NETWORK	fckh	attempt=1	proxy=http://wiw4v7duaymysz9-session-d7aa838f0d83-lifetime-10:***@rp.scrapegw.com:6060	ConnectionTimeoutError: Connection timeout to host https://discord.com/api/v9/unique-username/username-attempt-unauthed
2026-09-01 18:27:39	NETWORK	fcpe	attempt=1	proxy=http://wiw4v7duaymysz9-session-c8885e488a3b-lifetime-10:***@rp.scrapegw.com:6060	ConnectionTimeoutError: Connection timeout to host https://discord.com/api/v9/unique-username/username-attempt-unauthed
2026-09-01 18:27:39	NETWORK	fcpt	attempt=1	proxy=http://wiw4v7duaymysz9-session-8ec8d7b09c93-lifetime-10:***@rp.scrapegw.com:6060	ConnectionTimeoutError: Connection timeout to host https://discord.com/api/v9/unique-username/username-attempt-unauthed
2026-09-01 18:27:39	NETWORK	fcwr	attempt=1	proxy=http://wiw4v7duaymysz9-session-4e1e25ddbb2a-lifetime-10:***@rp.scrapegw.com:6060	ConnectionTimeoutError: Connection timeout to host https://discord.com/api/v9/unique-username/username-attempt-unauthed
2026-09-01 18:27:39	NETWORK	fcqp	attempt=1	proxy=http://wiw4v7duaymysz9-session-f3d9e972a8f2-lifetime-10:***@rp.scrapegw.com:6060	ConnectionTimeoutError: Connection timeout to host https://discord.com/api/v9/unique-username/username-attempt-unauthed
2026-09-01 18:27:39	NETWORK	fgye	attempt=1	proxy=http://wiw4v7duaymysz9-session-fc3861fcf0a3-lifetime-10:***@rp.scrapegw.com:6060	ClientConnectorError: Cannot connect to host discord.com:443 ssl:default [Connection reset by peer]
2026-09-01 18:27:40	HTTP_429	flpt	attempt=1	proxy=http://wiw4v7duaymysz9-session-c422e1d361c1-lifetime-10:***@rp.scrapegw.com:6060	scope=shared global=False retry_after=703.00s
2026-09-01 18:27:40	NETWORK	ffdt	attempt=1	proxy=http://wiw4v7duaymysz9-session-5b842dffc091-lifetime-10:***@rp.scrapegw.com:6060	ClientConnectorError: Cannot connect to host discord.com:443 ssl:default [Connection reset by peer]
2026-09-01 18:27:40	HTTP_429	flsx	attempt=1	proxy=http://wiw4v7duaymysz9-session-9887d6035794-lifetime-10:***@rp.scrapegw.com:6060	scope=shared global=False retry_after=277.00s
2026-09-01 18:27:40	HTTP_429	flpi	attempt=1	proxy=http://wiw4v7duaymysz9-session-39b4843c6c6b-lifetime-10:***@rp.scrapegw.com:6060	scope=shared global=False retry_after=1207.00s
2026-09-01 18:27:40	NETWORK	fhcb	attempt=1	proxy=http://wiw4v7duaymysz9-session-46dd808cdd3c-lifetime-10:***@rp.scrapegw.com:6060	ClientConnectorError: Cannot connect to host discord.com:443 ssl:default [Connection reset by peer]
2026-09-01 18:27:40	HTTP_429	flyt	attempt=1	proxy=http://wiw4v7duaymysz9-session-31882f897521-lifetime-10:***@rp.scrapegw.com:6060	scope=shared global=False retry_after=1205.00s
2026-09-01 18:27:40	NETWORK	fdns	attempt=1	proxy=http://wiw4v7duaymysz9-session-e096505499f5-lifetime-10:***@rp.scrapegw.com:6060	ConnectionTimeoutError: Connection timeout to host https://discord.com/api/v9/unique-username/username-attempt-unauthed
2026-09-01 18:27:40	NETWORK	fdvl	attempt=1	proxy=http://wiw4v7duaymysz9-session-da3a5c8f84a7-lifetime-10:***@rp.scrapegw.com:6060	ConnectionTimeoutError: Connection timeout to host https://discord.com/api/v9/unique-username/username-attempt-unauthed
2026-09-01 18:27:40	NETWORK	fdnv	attempt=1	proxy=http://wiw4v7duaymysz9-session-c716e0a7595f-lifetime-10:***@rp.scrapegw.com:6060	ConnectionTimeoutError: Connection timeout to host https://discord.com/api/v9/unique-username/username-attempt-unauthed
2026-09-01 18:27:40	NETWORK	fdtb	attempt=1	proxy=http://wiw4v7duaymysz9-session-d62478f41fa3-lifetime-10:***@rp.scrapegw.com:6060	ConnectionTimeoutError: Connection timeout to host https://discord.com/api/v9/unique-username/username-attempt-unauthed
2026-09-01 18:27:40	NETWORK	fdvi	attempt=1	proxy=http://wiw4v7duaymysz9-session-ef9936823ef2-lifetime-10:***@rp.scrapegw.com:6060	ConnectionTimeoutError: Connection timeout to host https://discord.com/api/v9/unique-username/username-attempt-unauthed
2026-09-01 18:27:40	NETWORK	fdsm	attempt=1	proxy=http://wiw4v7duaymysz9-session-270eaca7eb8b-lifetime-10:***@rp.scrapegw.com:6060	ConnectionTimeoutError: Connection timeout to host https://discord.com/api/v9/unique-username/username-attempt-unauthed
2026-09-01 18:27:40	NETWORK	fdxs	attempt=1	proxy=http://wiw4v7duaymysz9-session-2c0f5ba838b3-lifetime-10:***@rp.scrapegw.com:6060	ConnectionTimeoutError: Connection timeout to host https://discord.com/api/v9/unique-username/username-attempt-unauthed
2026-09-01 18:27:40	NETWORK	fdfx	attempt=1	proxy=http://wiw4v7duaymysz9-session-eecb5df2c36d-lifetime-10:***@rp.scrapegw.com:6060	ConnectionTimeoutError: Connection timeout to host https://discord.com/api/v9/unique-username/username-attempt-unauthed
2026-09-01 18:27:40	NETWORK	fdft	attempt=1	proxy=http://wiw4v7duaymysz9-session-c6ef5ea2e592-lifetime-10:***@rp.scrapegw.com:6060	ConnectionTimeoutError: Connection timeout to host https://discord.com/api/v9/unique-username/username-attempt-unauthed
2026-09-01 18:27:40	NETWORK	fdox	attempt=1	proxy=http://wiw4v7duaymysz9-session-c1413c77f1d4-lifetime-10:***@rp.scrapegw.com:6060	ConnectionTimeoutError: Connection timeout to host https://discord.com/api/v9/unique-username/username-attempt-unauthed
2026-09-01 18:27:40	NETWORK	fdld	attempt=1	proxy=http://wiw4v7duaymysz9-session-9805d4f5ab3f-lifetime-10:***@rp.scrapegw.com:6060	ConnectionTimeoutError: Connection timeout to host https://discord.com/api/v9/unique-username/username-attempt-unauthed
2026-09-01 18:27:40	NETWORK	fdkp	attempt=1	proxy=http://wiw4v7duaymysz9-session-f58c0b97d8bc-lifetime-10:***@rp.scrapegw.com:6060	ConnectionTimeoutError: Connection timeout to host https://discord.com/api/v9/unique-username/username-attempt-unauthed
2026-09-01 18:27:40	NETWORK	fdmn	attempt=1	proxy=http://wiw4v7duaymysz9-session-cb98c7086634-lifetime-10:***@rp.scrapegw.com:6060	ConnectionTimeoutError: Connection timeout to host https://discord.com/api/v9/unique-username/username-attempt-unauthed
2026-09-01 18:27:40	NETWORK	fdwe	attempt=1	proxy=http://wiw4v7duaymysz9-session-8d7bd874e0f1-lifetime-10:***@rp.scrapegw.com:6060	ConnectionTimeoutError: Connection timeout to host https://discord.com/api/v9/unique-username/username-attempt-unauthed
2026-09-01 18:27:40	NETWORK	fdpi	attempt=1	proxy=http://wiw4v7duaymysz9-session-cb475cc7bb42-lifetime-10:***@rp.scrapegw.com:6060	ConnectionTimeoutError: Connection timeout to host https://discord.com/api/v9/unique-username/username-attempt-unauthed
2026-09-01 18:27:40	NETWORK	fdtk	attempt=1	proxy=http://wiw4v7duaymysz9-session-10d0d60c500a-lifetime-10:***@rp.scrapegw.com:6060	ConnectionTimeoutError: Connection timeout to host https://discord.com/api/v9/unique-username/username-attempt-unauthed
2026-09-01 18:27:40	NETWORK	fdop	attempt=1	proxy=http://wiw4v7duaymysz9-session-e8660ada36bc-lifetime-10:***@rp.scrapegw.com:6060	ConnectionTimeoutError: Connection timeout to host https://discord.com/api/v9/unique-username/username-attempt-unauthed
2026-09-01 18:27:40	NETWORK	fdqp	attempt=1	proxy=http://wiw4v7duaymysz9-session-2519beb30008-lifetime-10:***@rp.scrapegw.com:6060	ConnectionTimeoutError: Connection timeout to host https://discord.com/api/v9/unique-username/username-attempt-unauthed
2026-09-01 18:27:40	NETWORK	fdqf	attempt=1	proxy=http://wiw4v7duaymysz9-session-8318a8a1f367-lifetime-10:***@rp.scrapegw.com:6060	ConnectionTimeoutError: Connection timeout to host https://discord.com/api/v9/unique-username/username-attempt-unauthed
2026-09-01 18:27:40	NETWORK	fdpf	attempt=1	proxy=http://wiw4v7duaymysz9-session-5267826f8b16-lifetime-10:***@rp.scrapegw.com:6060	ConnectionTimeoutError: Connection timeout to host https://discord.com/api/v9/unique-username/username-attempt-unauthed
2026-09-01 18:27:40	NETWORK	fdiy	attempt=1	proxy=http://wiw4v7duaymysz9-session-52471bf1b07a-lifetime-10:***@rp.scrapegw.com:6060	ConnectionTimeoutError: Connection timeout to host https://discord.com/api/v9/unique-username/username-attempt-unauthed
2026-09-01 18:27:40	NETWORK	fdck	attempt=1	proxy=http://wiw4v7duaymysz9-session-6d48733086bb-lifetime-10:***@rp.scrapegw.com:6060	ConnectionTimeoutError: Connection timeout to host https://discord.com/api/v9/unique-username/username-attempt-unauthed
2026-09-01 18:27:40	NETWORK	fdnz	attempt=1	proxy=http://wiw4v7duaymysz9-session-3c61f26d2a57-lifetime-10:***@rp.scrapegw.com:6060	ConnectionTimeoutError: Connection timeout to host https://discord.com/api/v9/unique-username/username-attempt-unauthed
2026-09-01 18:27:40	NETWORK	fdvd	attempt=1	proxy=http://wiw4v7duaymysz9-session-438a2a6fd16d-lifetime-10:***@rp.scrapegw.com:6060	ConnectionTimeoutError: Connection timeout to host https://discord.com/api/v9/unique-username/username-attempt-unauthed
2026-09-01 18:27:40	NETWORK	fdwt	attempt=1	proxy=http://wiw4v7duaymysz9-session-7a81e060a663-lifetime-10:***@rp.scrapegw.com:6060	ConnectionTimeoutError: Connection timeout to host https://discord.com/api/v9/unique-username/username-attempt-unauthed
2026-09-01 18:27:40	NETWORK	fdwf	attempt=1	proxy=http://wiw4v7duaymysz9-session-6ae0fa5f5dcc-lifetime-10:***@rp.scrapegw.com:6060	ConnectionTimeoutError: Connection timeout to host https://discord.com/api/v9/unique-username/username-attempt-unauthed
2026-09-01 18:27:40	NETWORK	fdgt	attempt=1	proxy=http://wiw4v7duaymysz9-session-bc2ee565e431-lifetime-10:***@rp.scrapegw.com:6060	ConnectionTimeoutError: Connection timeout to host https://discord.com/api/v9/unique-username/username-attempt-unauthed
2026-09-01 18:27:40	NETWORK	fdgc	attempt=1	proxy=http://wiw4v7duaymysz9-session-0f1686655df9-lifetime-10:***@rp.scrapegw.com:6060	ConnectionTimeoutError: Connection timeout to host https://discord.com/api/v9/unique-username/username-attempt-unauthed
2026-09-01 18:27:40	NETWORK	fdmx	attempt=1	proxy=http://wiw4v7duaymysz9-session-af8b651ddc24-lifetime-10:***@rp.scrapegw.com:6060	ConnectionTimeoutError: Connection timeout to host https://discord.com/api/v9/unique-username/username-attempt-unauthed
2026-09-01 18:27:40	NETWORK	fdph	attempt=1	proxy=http://wiw4v7duaymysz9-session-af089e25c6b3-lifetime-10:***@rp.scrapegw.com:6060	ConnectionTimeoutError: Connection timeout to host https://discord.com/api/v9/unique-username/username-attempt-unauthed
2026-09-01 18:27:40	HTTP_429	fflb	attempt=1	proxy=http://wiw4v7duaymysz9-session-d20376873b55-lifetime-10:***@rp.scrapegw.com:6060	scope=shared global=False retry_after=976.00s
2026-09-01 18:27:40	HTTP_429	flyz	attempt=1	proxy=http://wiw4v7duaymysz9-session-a6db93a977ef-lifetime-10:***@rp.scrapegw.com:6060	scope=shared global=False retry_after=1618.00s
2026-09-01 18:27:41	NETWORK	fgzf	attempt=1	proxy=http://wiw4v7duaymysz9-session-0663040bbb42-lifetime-10:***@rp.scrapegw.com:6060	ClientConnectorError: Cannot connect to host discord.com:443 ssl:default [Connection reset by peer]
2026-09-01 18:27:41	NETWORK	fgvu	attempt=1	proxy=http://wiw4v7duaymysz9-session-39ec0054b093-lifetime-10:***@rp.scrapegw.com:6060	ClientConnectorError: Cannot connect to host discord.com:443 ssl:default [Connection reset by peer]
2026-09-01 18:27:41	NETWORK	fehd	attempt=1	proxy=http://wiw4v7duaymysz9-session-0a49ddc19d49-lifetime-10:***@rp.scrapegw.com:6060	ClientConnectorError: Cannot connect to host discord.com:443 ssl:default [Connection reset by peer]
2026-09-01 18:27:41	NETWORK	fhwn	attempt=1	proxy=http://wiw4v7duaymysz9-session-ace6c7012d92-lifetime-10:***@rp.scrapegw.com:6060	ClientConnectorError: Cannot connect to host discord.com:443 ssl:default [Connection reset by peer]
2026-09-01 18:27:41	NETWORK	ffyg	attempt=1	proxy=http://wiw4v7duaymysz9-session-e717b4d5d2dc-lifetime-10:***@rp.scrapegw.com:6060	ClientConnectorError: Cannot connect to host discord.com:443 ssl:default [None]
2026-09-01 18:27:41	NETWORK	fetb	attempt=1	proxy=http://wiw4v7duaymysz9-session-8b1349c2a536-lifetime-10:***@rp.scrapegw.com:6060	ConnectionTimeoutError: Connection timeout to host https://discord.com/api/v9/unique-username/username-attempt-unauthed
2026-09-01 18:27:41	NETWORK	fetl	attempt=1	proxy=http://wiw4v7duaymysz9-session-ada68f0f5cb4-lifetime-10:***@rp.scrapegw.com:6060	ConnectionTimeoutError: Connection timeout to host https://discord.com/api/v9/unique-username/username-attempt-unauthed
2026-09-01 18:27:41	NETWORK	feow	attempt=1	proxy=http://wiw4v7duaymysz9-session-8928909a33ac-lifetime-10:***@rp.scrapegw.com:6060	ConnectionTimeoutError: Connection timeout to host https://discord.com/api/v9/unique-username/username-attempt-unauthed
2026-09-01 18:27:41	NETWORK	fenf	attempt=1	proxy=http://wiw4v7duaymysz9-session-87c0ff84b0b3-lifetime-10:***@rp.scrapegw.com:6060	ConnectionTimeoutError: Connection timeout to host https://discord.com/api/v9/unique-username/username-attempt-unauthed
2026-09-01 18:27:41	NETWORK	fena	attempt=1	proxy=http://wiw4v7duaymysz9-session-9887d6035794-lifetime-10:***@rp.scrapegw.com:6060	ConnectionTimeoutError: Connection timeout to host https://discord.com/api/v9/unique-username/username-attempt-unauthed
2026-09-01 18:27:41	NETWORK	fert	attempt=1	proxy=http://wiw4v7duaymysz9-session-c53c2bd27bd9-lifetime-10:***@rp.scrapegw.com:6060	ConnectionTimeoutError: Connection timeout to host https://discord.com/api/v9/unique-username/username-attempt-unauthed
2026-09-01 18:27:41	NETWORK	feth	attempt=1	proxy=http://wiw4v7duaymysz9-session-2c9382742906-lifetime-10:***@rp.scrapegw.com:6060	ConnectionTimeoutError: Connection timeout to host https://discord.com/api/v9/unique-username/username-attempt-unauthed
2026-09-01 18:27:41	NETWORK	ferl	attempt=1	proxy=http://wiw4v7duaymysz9-session-6b7bc87e4fbf-lifetime-10:***@rp.scrapegw.com:6060	ConnectionTimeoutError: Connection timeout to host https://discord.com/api/v9/unique-username/username-attempt-unauthed
2026-09-01 18:27:41	NETWORK	feah	attempt=1	proxy=http://wiw4v7duaymysz9-session-e5ea8c337b76-lifetime-10:***@rp.scrapegw.com:6060	ConnectionTimeoutError: Connection timeout to host https://discord.com/api/v9/unique-username/username-attempt-unauthed
2026-09-01 18:27:41	NETWORK	feiv	attempt=1	proxy=http://wiw4v7duaymysz9-session-f695257fc908-lifetime-10:***@rp.scrapegw.com:6060	ConnectionTimeoutError: Connection timeout to host https://discord.com/api/v9/unique-username/username-attempt-unauthed
2026-09-01 18:27:41	NETWORK	fepb	attempt=1	proxy=http://wiw4v7duaymysz9-session-260568b25517-lifetime-10:***@rp.scrapegw.com:6060	ConnectionTimeoutError: Connection timeout to host https://discord.com/api/v9/unique-username/username-attempt-unauthed
2026-09-01 18:27:41	NETWORK	feev	attempt=1	proxy=http://wiw4v7duaymysz9-session-402421e62aaa-lifetime-10:***@rp.scrapegw.com:6060	ConnectionTimeoutError: Connection timeout to host https://discord.com/api/v9/unique-username/username-attempt-unauthed
2026-09-01 18:27:41	NETWORK	feez	attempt=1	proxy=http://wiw4v7duaymysz9-session-76d14af7fa55-lifetime-10:***@rp.scrapegw.com:6060	ConnectionTimeoutError: Connection timeout to host https://discord.com/api/v9/unique-username/username-attempt-unauthed
2026-09-01 18:27:41	NETWORK	fenw	attempt=1	proxy=http://wiw4v7duaymysz9-session-098ed43cf8b1-lifetime-10:***@rp.scrapegw.com:6060	ConnectionTimeoutError: Connection timeout to host https://discord.com/api/v9/unique-username/username-attempt-unauthed
2026-09-01 18:27:41	NETWORK	feqy	attempt=1	proxy=http://wiw4v7duaymysz9-session-73b69e89c984-lifetime-10:***@rp.scrapegw.com:6060	ConnectionTimeoutError: Connection timeout to host https://discord.com/api/v9/unique-username/username-attempt-unauthed
2026-09-01 18:27:41	NETWORK	felx	attempt=1	proxy=http://wiw4v7duaymysz9-session-001b431dd9eb-lifetime-10:***@rp.scrapegw.com:6060	ConnectionTimeoutError: Connection timeout to host https://discord.com/api/v9/unique-username/username-attempt-unauthed
2026-09-01 18:27:41	NETWORK	fepu	attempt=1	proxy=http://wiw4v7duaymysz9-session-72ce8233ea1a-lifetime-10:***@rp.scrapegw.com:6060	ConnectionTimeoutError: Connection timeout to host https://discord.com/api/v9/unique-username/username-attempt-unauthed
2026-09-01 18:27:41	NETWORK	fedt	attempt=1	proxy=http://wiw4v7duaymysz9-session-dd2f0ee4aabf-lifetime-10:***@rp.scrapegw.com:6060	ConnectionTimeoutError: Connection timeout to host https://discord.com/api/v9/unique-username/username-attempt-unauthed
2026-09-01 18:27:41	NETWORK	feed	attempt=1	proxy=http://wiw4v7duaymysz9-session-589e34be7bb9-lifetime-10:***@rp.scrapegw.com:6060	ConnectionTimeoutError: Connection timeout to host https://discord.com/api/v9/unique-username/username-attempt-unauthed
2026-09-01 18:27:41	NETWORK	feih	attempt=1	proxy=http://wiw4v7duaymysz9-session-2ddd4c34b8ee-lifetime-10:***@rp.scrapegw.com:6060	ConnectionTimeoutError: Connection timeout to host https://discord.com/api/v9/unique-username/username-attempt-unauthed
2026-09-01 18:27:41	NETWORK	fdzz	attempt=1	proxy=http://wiw4v7duaymysz9-session-b745883ef130-lifetime-10:***@rp.scrapegw.com:6060	ConnectionTimeoutError: Connection timeout to host https://discord.com/api/v9/unique-username/username-attempt-unauthed
2026-09-01 18:27:41	HTTP_429	fmlj	attempt=1	proxy=http://wiw4v7duaymysz9-session-f27f6dd4dce6-lifetime-10:***@rp.scrapegw.com:6060	scope=shared global=False retry_after=1935.00s
2026-09-01 18:27:41	HTTP_429	fmvb	attempt=1	proxy=http://wiw4v7duaymysz9-session-d33ba0fd70bb-lifetime-10:***@rp.scrapegw.com:6060	scope=shared global=False retry_after=2110.00s
2026-09-01 18:27:42	NETWORK	fjdh	attempt=1	proxy=http://wiw4v7duaymysz9-session-2f7b0daaa578-lifetime-10:***@rp.scrapegw.com:6060	ClientConnectorError: Cannot connect to host discord.com:443 ssl:default [Connection reset by peer]
2026-09-01 18:27:42	NETWORK	fgrf	attempt=1	proxy=http://wiw4v7duaymysz9-session-f72c9d9db763-lifetime-10:***@rp.scrapegw.com:6060	ClientConnectorError: Cannot connect to host discord.com:443 ssl:default [Connection reset by peer]
2026-09-01 18:27:42	NETWORK	fgbt	attempt=1	proxy=http://wiw4v7duaymysz9-session-b304f8fcad4d-lifetime-10:***@rp.scrapegw.com:6060	ClientConnectorError: Cannot connect to host discord.com:443 ssl:default [Connection reset by peer]
2026-09-01 18:27:42	NETWORK	fgiw	attempt=1	proxy=http://wiw4v7duaymysz9-session-e11c773f5db5-lifetime-10:***@rp.scrapegw.com:6060	ClientConnectorError: Cannot connect to host discord.com:443 ssl:default [Connection reset by peer]
2026-09-01 18:27:42	NETWORK	ffdp	attempt=1	proxy=http://wiw4v7duaymysz9-session-c62622f90588-lifetime-10:***@rp.scrapegw.com:6060	ConnectionTimeoutError: Connection timeout to host https://discord.com/api/v9/unique-username/username-attempt-unauthed
2026-09-01 18:27:42	NETWORK	fexj	attempt=1	proxy=http://wiw4v7duaymysz9-session-08b7abe07b62-lifetime-10:***@rp.scrapegw.com:6060	ConnectionTimeoutError: Connection timeout to host https://discord.com/api/v9/unique-username/username-attempt-unauthed
2026-09-01 18:27:42	NETWORK	ffie	attempt=1	proxy=http://wiw4v7duaymysz9-session-d20d13e08c23-lifetime-10:***@rp.scrapegw.com:6060	ConnectionTimeoutError: Connection timeout to host https://discord.com/api/v9/unique-username/username-attempt-unauthed
2026-09-01 18:27:42	NETWORK	fexd	attempt=1	proxy=http://wiw4v7duaymysz9-session-18609679ed96-lifetime-10:***@rp.scrapegw.com:6060	ConnectionTimeoutError: Connection timeout to host https://discord.com/api/v9/unique-username/username-attempt-unauthed
2026-09-01 18:27:42	NETWORK	ffia	attempt=1	proxy=http://wiw4v7duaymysz9-session-6c9b8eb52325-lifetime-10:***@rp.scrapegw.com:6060	ConnectionTimeoutError: Connection timeout to host https://discord.com/api/v9/unique-username/username-attempt-unauthed
2026-09-01 18:27:42	NETWORK	ffkx	attempt=1	proxy=http://wiw4v7duaymysz9-session-003fba7016f3-lifetime-10:***@rp.scrapegw.com:6060	ConnectionTimeoutError: Connection timeout to host https://discord.com/api/v9/unique-username/username-attempt-unauthed
2026-09-01 18:27:42	NETWORK	ffjn	attempt=1	proxy=http://wiw4v7duaymysz9-session-f3148e2b423c-lifetime-10:***@rp.scrapegw.com:6060	ConnectionTimeoutError: Connection timeout to host https://discord.com/api/v9/unique-username/username-attempt-unauthed
2026-09-01 18:27:42	NETWORK	feym	attempt=1	proxy=http://wiw4v7duaymysz9-session-37c3a256502c-lifetime-10:***@rp.scrapegw.com:6060	ConnectionTimeoutError: Connection timeout to host https://discord.com/api/v9/unique-username/username-attempt-unauthed
2026-09-01 18:27:42	NETWORK	feyt	attempt=1	proxy=http://wiw4v7duaymysz9-session-c40e8d0eaba5-lifetime-10:***@rp.scrapegw.com:6060	ConnectionTimeoutError: Connection timeout to host https://discord.com/api/v9/unique-username/username-attempt-unauthed
2026-09-01 18:27:42	NETWORK	feuy	attempt=1	proxy=http://wiw4v7duaymysz9-session-df9eb2ebb019-lifetime-10:***@rp.scrapegw.com:6060	ConnectionTimeoutError: Connection timeout to host https://discord.com/api/v9/unique-username/username-attempt-unauthed
2026-09-01 18:27:42	NETWORK	fevq	attempt=1	proxy=http://wiw4v7duaymysz9-session-ef4ddc6ae8b4-lifetime-10:***@rp.scrapegw.com:6060	ConnectionTimeoutError: Connection timeout to host https://discord.com/api/v9/unique-username/username-attempt-unauthed
2026-09-01 18:27:42	NETWORK	ffbb	attempt=1	proxy=http://wiw4v7duaymysz9-session-6dde0cacb478-lifetime-10:***@rp.scrapegw.com:6060	ConnectionTimeoutError: Connection timeout to host https://discord.com/api/v9/unique-username/username-attempt-unauthed
2026-09-01 18:27:42	NETWORK	feya	attempt=1	proxy=http://wiw4v7duaymysz9-session-cc9a55c2cb5c-lifetime-10:***@rp.scrapegw.com:6060	ConnectionTimeoutError: Connection timeout to host https://discord.com/api/v9/unique-username/username-attempt-unauthed
2026-09-01 18:27:42	NETWORK	fffl	attempt=1	proxy=http://wiw4v7duaymysz9-session-ab20580f022f-lifetime-10:***@rp.scrapegw.com:6060	ConnectionTimeoutError: Connection timeout to host https://discord.com/api/v9/unique-username/username-attempt-unauthed
2026-09-01 18:27:42	NETWORK	fexw	attempt=1	proxy=http://wiw4v7duaymysz9-session-e951ac0ae75e-lifetime-10:***@rp.scrapegw.com:6060	ConnectionTimeoutError: Connection timeout to host https://discord.com/api/v9/unique-username/username-attempt-unauthed
2026-09-01 18:27:42	NETWORK	ffjq	attempt=1	proxy=http://wiw4v7duaymysz9-session-6d19cf0ba03c-lifetime-10:***@rp.scrapegw.com:6060	ConnectionTimeoutError: Connection timeout to host https://discord.com/api/v9/unique-username/username-attempt-unauthed
2026-09-01 18:27:42	NETWORK	feyo	attempt=1	proxy=http://wiw4v7duaymysz9-session-d8aaf6ff0033-lifetime-10:***@rp.scrapegw.com:6060	ConnectionTimeoutError: Connection timeout to host https://discord.com/api/v9/unique-username/username-attempt-unauthed
2026-09-01 18:27:42	NETWORK	fezq	attempt=1	proxy=http://wiw4v7duaymysz9-session-79200d98a28e-lifetime-10:***@rp.scrapegw.com:6060	ConnectionTimeoutError: Connection timeout to host https://discord.com/api/v9/unique-username/username-attempt-unauthed
2026-09-01 18:27:42	NETWORK	ffft	attempt=1	proxy=http://wiw4v7duaymysz9-session-5be39d59caef-lifetime-10:***@rp.scrapegw.com:6060	ConnectionTimeoutError: Connection timeout to host https://discord.com/api/v9/unique-username/username-attempt-unauthed
2026-09-01 18:27:42	NETWORK	ffcx	attempt=1	proxy=http://wiw4v7duaymysz9-session-a6d1f1fc2f9a-lifetime-10:***@rp.scrapegw.com:6060	ConnectionTimeoutError: Connection timeout to host https://discord.com/api/v9/unique-username/username-attempt-unauthed
2026-09-01 18:27:42	NETWORK	fhsc	attempt=1	proxy=http://wiw4v7duaymysz9-session-78e614cb8e4d-lifetime-10:***@rp.scrapegw.com:6060	ClientConnectorError: Cannot connect to host discord.com:443 ssl:default [Connection reset by peer]
2026-09-01 18:27:42	NETWORK	fgxo	attempt=1	proxy=http://wiw4v7duaymysz9-session-4b1d931d63d7-lifetime-10:***@rp.scrapegw.com:6060	ClientConnectorError: Cannot connect to host discord.com:443 ssl:default [Connection reset by peer]
2026-09-01 18:27:43	HTTP_429	fnfu	attempt=1	proxy=http://wiw4v7duaymysz9-session-2b6b58b26440-lifetime-10:***@rp.scrapegw.com:6060	scope=shared global=False retry_after=743.00s
2026-09-01 18:27:43	HTTP_429	fnhp	attempt=1	proxy=http://wiw4v7duaymysz9-session-fca2b843fd00-lifetime-10:***@rp.scrapegw.com:6060	scope=shared global=False retry_after=2010.00s
2026-09-01 18:27:43	HTTP_429	fnjm	attempt=1	proxy=http://wiw4v7duaymysz9-session-61e3c4914be0-lifetime-10:***@rp.scrapegw.com:6060	scope=shared global=False retry_after=848.00s
2026-09-01 18:27:43	NETWORK	fhcj	attempt=1	proxy=http://wiw4v7duaymysz9-session-66d6ea83a861-lifetime-10:***@rp.scrapegw.com:6060	ClientConnectorError: Cannot connect to host discord.com:443 ssl:default [Connection reset by peer]
2026-09-01 18:27:43	NETWORK	fhdg	attempt=1	proxy=http://wiw4v7duaymysz9-session-dec6743954fc-lifetime-10:***@rp.scrapegw.com:6060	ClientConnectorError: Cannot connect to host discord.com:443 ssl:default [Connection reset by peer]
2026-09-01 18:27:43	NETWORK	fftz	attempt=1	proxy=http://wiw4v7duaymysz9-session-05f6e56ac9b9-lifetime-10:***@rp.scrapegw.com:6060	ConnectionTimeoutError: Connection timeout to host https://discord.com/api/v9/unique-username/username-attempt-unauthed
2026-09-01 18:27:43	NETWORK	ffyo	attempt=1	proxy=http://wiw4v7duaymysz9-session-6252e0f4caa3-lifetime-10:***@rp.scrapegw.com:6060	ConnectionTimeoutError: Connection timeout to host https://discord.com/api/v9/unique-username/username-attempt-unauthed
2026-09-01 18:27:43	NETWORK	ffsk	attempt=1	proxy=http://wiw4v7duaymysz9-session-b65957c3d438-lifetime-10:***@rp.scrapegw.com:6060	ConnectionTimeoutError: Connection timeout to host https://discord.com/api/v9/unique-username/username-attempt-unauthed
2026-09-01 18:27:43	NETWORK	ffus	attempt=1	proxy=http://wiw4v7duaymysz9-session-11f78ef7dab0-lifetime-10:***@rp.scrapegw.com:6060	ConnectionTimeoutError: Connection timeout to host https://discord.com/api/v9/unique-username/username-attempt-unauthed
2026-09-01 18:27:43	NETWORK	ffsr	attempt=1	proxy=http://wiw4v7duaymysz9-session-9794e0c1d066-lifetime-10:***@rp.scrapegw.com:6060	ConnectionTimeoutError: Connection timeout to host https://discord.com/api/v9/unique-username/username-attempt-unauthed
2026-09-01 18:27:43	NETWORK	ffxf	attempt=1	proxy=http://wiw4v7duaymysz9-session-b81640df7d7c-lifetime-10:***@rp.scrapegw.com:6060	ConnectionTimeoutError: Connection timeout to host https://discord.com/api/v9/unique-username/username-attempt-unauthed
2026-09-01 18:27:43	NETWORK	ffsu	attempt=1	proxy=http://wiw4v7duaymysz9-session-4d06835ddfda-lifetime-10:***@rp.scrapegw.com:6060	ConnectionTimeoutError: Connection timeout to host https://discord.com/api/v9/unique-username/username-attempt-unauthed
2026-09-01 18:27:43	NETWORK	ffri	attempt=1	proxy=http://wiw4v7duaymysz9-session-979554ccd8f7-lifetime-10:***@rp.scrapegw.com:6060	ConnectionTimeoutError: Connection timeout to host https://discord.com/api/v9/unique-username/username-attempt-unauthed
2026-09-01 18:27:43	NETWORK	ffpg	attempt=1	proxy=http://wiw4v7duaymysz9-session-8b0b09ed58df-lifetime-10:***@rp.scrapegw.com:6060	ConnectionTimeoutError: Connection timeout to host https://discord.com/api/v9/unique-username/username-attempt-unauthed
2026-09-01 18:27:43	NETWORK	ffqx	attempt=1	proxy=http://wiw4v7duaymysz9-session-4e6d37d395eb-lifetime-10:***@rp.scrapegw.com:6060	ConnectionTimeoutError: Connection timeout to host https://discord.com/api/v9/unique-username/username-attempt-unauthed
2026-09-01 18:27:43	NETWORK	ffqq	attempt=1	proxy=http://wiw4v7duaymysz9-session-f8a3076f2bfc-lifetime-10:***@rp.scrapegw.com:6060	ConnectionTimeoutError: Connection timeout to host https://discord.com/api/v9/unique-username/username-attempt-unauthed
2026-09-01 18:27:43	NETWORK	ffnn	attempt=1	proxy=http://wiw4v7duaymysz9-session-b3cf7ee780f0-lifetime-10:***@rp.scrapegw.com:6060	ConnectionTimeoutError: Connection timeout to host https://discord.com/api/v9/unique-username/username-attempt-unauthed
2026-09-01 18:27:43	NETWORK	ffmq	attempt=1	proxy=http://wiw4v7duaymysz9-session-31a5d4802548-lifetime-10:***@rp.scrapegw.com:6060	ConnectionTimeoutError: Connection timeout to host https://discord.com/api/v9/unique-username/username-attempt-unauthed
2026-09-01 18:27:43	NETWORK	ffsm	attempt=1	proxy=http://wiw4v7duaymysz9-session-00414b06a2f8-lifetime-10:***@rp.scrapegw.com:6060	ConnectionTimeoutError: Connection timeout to host https://discord.com/api/v9/unique-username/username-attempt-unauthed
2026-09-01 18:27:43	NETWORK	ffwz	attempt=1	proxy=http://wiw4v7duaymysz9-session-e7ec117c17e4-lifetime-10:***@rp.scrapegw.com:6060	ConnectionTimeoutError: Connection timeout to host https://discord.com/api/v9/unique-username/username-attempt-unauthed
2026-09-01 18:27:43	NETWORK	ffpq	attempt=1	proxy=http://wiw4v7duaymysz9-session-214f2913a715-lifetime-10:***@rp.scrapegw.com:6060	ConnectionTimeoutError: Connection timeout to host https://discord.com/api/v9/unique-username/username-attempt-unauthed
2026-09-01 18:27:43	NETWORK	ffrn	attempt=1	proxy=http://wiw4v7duaymysz9-session-a5b39052e6a8-lifetime-10:***@rp.scrapegw.com:6060	ConnectionTimeoutError: Connection timeout to host https://discord.com/api/v9/unique-username/username-attempt-unauthed
2026-09-01 18:27:43	NETWORK	ffut	attempt=1	proxy=http://wiw4v7duaymysz9-session-8b76d142418b-lifetime-10:***@rp.scrapegw.com:6060	ConnectionTimeoutError: Connection timeout to host https://discord.com/api/v9/unique-username/username-attempt-unauthed
2026-09-01 18:27:43	NETWORK	ffxa	attempt=1	proxy=http://wiw4v7duaymysz9-session-4bf51ecee8ad-lifetime-10:***@rp.scrapegw.com:6060	ConnectionTimeoutError: Connection timeout to host https://discord.com/api/v9/unique-username/username-attempt-unauthed
2026-09-01 18:27:43	NETWORK	ffwn	attempt=1	proxy=http://wiw4v7duaymysz9-session-337fb1011b1c-lifetime-10:***@rp.scrapegw.com:6060	ConnectionTimeoutError: Connection timeout to host https://discord.com/api/v9/unique-username/username-attempt-unauthed
2026-09-01 18:27:43	NETWORK	fhph	attempt=1	proxy=http://wiw4v7duaymysz9-session-6be6131243a1-lifetime-10:***@rp.scrapegw.com:6060	ClientConnectorError: Cannot connect to host discord.com:443 ssl:default [Connection reset by peer]
2026-09-01 18:27:43	HTTP_429	fnue	attempt=1	proxy=http://wiw4v7duaymysz9-session-b1ce0569a7c5-lifetime-10:***@rp.scrapegw.com:6060	scope=shared global=False retry_after=535.00s
2026-09-01 18:27:43	NETWORK	fiuw	attempt=1	proxy=http://wiw4v7duaymysz9-session-6dde0cacb478-lifetime-10:***@rp.scrapegw.com:6060	ClientConnectorError: Cannot connect to host discord.com:443 ssl:default [Connection reset by peer]
2026-09-01 18:27:44	HTTP_429	fjza	attempt=1	proxy=http://wiw4v7duaymysz9-session-e11c773f5db5-lifetime-10:***@rp.scrapegw.com:6060	scope=shared global=False retry_after=548.00s
2026-09-01 18:27:44	HTTP_429	foen	attempt=1	proxy=http://wiw4v7duaymysz9-session-da2d8467202d-lifetime-10:***@rp.scrapegw.com:6060	scope=shared global=False retry_after=1840.00s
2026-09-01 18:27:44	NETWORK	fmhr	attempt=1	proxy=http://wiw4v7duaymysz9-session-db7e18e136dc-lifetime-10:***@rp.scrapegw.com:6060	ClientConnectorError: Cannot connect to host discord.com:443 ssl:default [Connection reset by peer]
2026-09-01 18:27:44	NETWORK	fkpw	attempt=1	proxy=http://wiw4v7duaymysz9-session-66d6ea83a861-lifetime-10:***@rp.scrapegw.com:6060	ClientConnectorError: Cannot connect to host discord.com:443 ssl:default [Connection reset by peer]
2026-09-01 18:27:44	NETWORK	fgem	attempt=1	proxy=http://wiw4v7duaymysz9-session-5c481cc561c0-lifetime-10:***@rp.scrapegw.com:6060	ClientConnectorError: Cannot connect to host discord.com:443 ssl:default [Connection reset by peer]
2026-09-01 18:27:44	NETWORK	fhjl	attempt=1	proxy=http://wiw4v7duaymysz9-session-52471bf1b07a-lifetime-10:***@rp.scrapegw.com:6060	ClientConnectorError: Cannot connect to host discord.com:443 ssl:default [Connection reset by peer]
2026-09-01 18:27:44	NETWORK	fgna	attempt=1	proxy=http://wiw4v7duaymysz9-session-6c71f97ccd63-lifetime-10:***@rp.scrapegw.com:6060	ConnectionTimeoutError: Connection timeout to host https://discord.com/api/v9/unique-username/username-attempt-unauthed
2026-09-01 18:27:44	NETWORK	fgfg	attempt=1	proxy=http://wiw4v7duaymysz9-session-146252020cbe-lifetime-10:***@rp.scrapegw.com:6060	ConnectionTimeoutError: Connection timeout to host https://discord.com/api/v9/unique-username/username-attempt-unauthed
2026-09-01 18:27:44	NETWORK	fgjc	attempt=1	proxy=http://wiw4v7duaymysz9-session-958e9881c5c3-lifetime-10:***@rp.scrapegw.com:6060	ConnectionTimeoutError: Connection timeout to host https://discord.com/api/v9/unique-username/username-attempt-unauthed
2026-09-01 18:27:44	NETWORK	fgft	attempt=1	proxy=http://wiw4v7duaymysz9-session-5414721c7ec0-lifetime-10:***@rp.scrapegw.com:6060	ConnectionTimeoutError: Connection timeout to host https://discord.com/api/v9/unique-username/username-attempt-unauthed
2026-09-01 18:27:44	NETWORK	fgqh	attempt=1	proxy=http://wiw4v7duaymysz9-session-7478738f1a78-lifetime-10:***@rp.scrapegw.com:6060	ConnectionTimeoutError: Connection timeout to host https://discord.com/api/v9/unique-username/username-attempt-unauthed
2026-09-01 18:27:44	NETWORK	fgte	attempt=1	proxy=http://wiw4v7duaymysz9-session-46703fb0f14b-lifetime-10:***@rp.scrapegw.com:6060	ConnectionTimeoutError: Connection timeout to host https://discord.com/api/v9/unique-username/username-attempt-unauthed
2026-09-01 18:27:44	NETWORK	fgim	attempt=1	proxy=http://wiw4v7duaymysz9-session-438b25a39c17-lifetime-10:***@rp.scrapegw.com:6060	ConnectionTimeoutError: Connection timeout to host https://discord.com/api/v9/unique-username/username-attempt-unauthed
2026-09-01 18:27:44	NETWORK	fgbn	attempt=1	proxy=http://wiw4v7duaymysz9-session-019cc69df8d9-lifetime-10:***@rp.scrapegw.com:6060	ConnectionTimeoutError: Connection timeout to host https://discord.com/api/v9/unique-username/username-attempt-unauthed
2026-09-01 18:27:44	NETWORK	ffzx	attempt=1	proxy=http://wiw4v7duaymysz9-session-b61b87cdac98-lifetime-10:***@rp.scrapegw.com:6060	ConnectionTimeoutError: Connection timeout to host https://discord.com/api/v9/unique-username/username-attempt-unauthed
2026-09-01 18:27:44	NETWORK	fgcd	attempt=1	proxy=http://wiw4v7duaymysz9-session-f409b20824df-lifetime-10:***@rp.scrapegw.com:6060	ConnectionTimeoutError: Connection timeout to host https://discord.com/api/v9/unique-username/username-attempt-unauthed
2026-09-01 18:27:44	NETWORK	fgin	attempt=1	proxy=http://wiw4v7duaymysz9-session-6a6b729a6a05-lifetime-10:***@rp.scrapegw.com:6060	ConnectionTimeoutError: Connection timeout to host https://discord.com/api/v9/unique-username/username-attempt-unauthed
2026-09-01 18:27:44	NETWORK	fgpu	attempt=1	proxy=http://wiw4v7duaymysz9-session-8fe944c88f10-lifetime-10:***@rp.scrapegw.com:6060	ConnectionTimeoutError: Connection timeout to host https://discord.com/api/v9/unique-username/username-attempt-unauthed
2026-09-01 18:27:44	NETWORK	fget	attempt=1	proxy=http://wiw4v7duaymysz9-session-a361489fa34e-lifetime-10:***@rp.scrapegw.com:6060	ConnectionTimeoutError: Connection timeout to host https://discord.com/api/v9/unique-username/username-attempt-unauthed
2026-09-01 18:27:44	NETWORK	fgle	attempt=1	proxy=http://wiw4v7duaymysz9-session-af98b8f7bef8-lifetime-10:***@rp.scrapegw.com:6060	ConnectionTimeoutError: Connection timeout to host https://discord.com/api/v9/unique-username/username-attempt-unauthed
2026-09-01 18:27:44	NETWORK	fgjt	attempt=1	proxy=http://wiw4v7duaymysz9-session-a70a694e4d62-lifetime-10:***@rp.scrapegw.com:6060	ConnectionTimeoutError: Connection timeout to host https://discord.com/api/v9/unique-username/username-attempt-unauthed
2026-09-01 18:27:44	NETWORK	fglt	attempt=1	proxy=http://wiw4v7duaymysz9-session-7b74daa570e8-lifetime-10:***@rp.scrapegw.com:6060	ConnectionTimeoutError: Connection timeout to host https://discord.com/api/v9/unique-username/username-attempt-unauthed
2026-09-01 18:27:44	NETWORK	fguj	attempt=1	proxy=http://wiw4v7duaymysz9-session-c83e1e8ef127-lifetime-10:***@rp.scrapegw.com:6060	ConnectionTimeoutError: Connection timeout to host https://discord.com/api/v9/unique-username/username-attempt-unauthed
2026-09-01 18:27:44	HTTP_429	fohp	attempt=1	proxy=http://wiw4v7duaymysz9-session-8a6c23a08271-lifetime-10:***@rp.scrapegw.com:6060	scope=shared global=False retry_after=1136.00s
2026-09-01 18:27:44	HTTP_429	fojp	attempt=1	proxy=http://wiw4v7duaymysz9-session-6cc9c06b9f93-lifetime-10:***@rp.scrapegw.com:6060	scope=shared global=False retry_after=1307.00s
2026-09-01 18:27:44	NETWORK	fgzq	attempt=1	proxy=http://wiw4v7duaymysz9-session-58ecf2b722c9-lifetime-10:***@rp.scrapegw.com:6060	ClientConnectorError: Cannot connect to host discord.com:443 ssl:default [Connection reset by peer]
2026-09-01 18:27:45	NETWORK	fmjg	attempt=1	proxy=http://wiw4v7duaymysz9-session-e779972e7f84-lifetime-10:***@rp.scrapegw.com:6060	ClientConnectorError: Cannot connect to host discord.com:443 ssl:default [Connection reset by peer]
2026-09-01 18:27:45	HTTP_429	foty	attempt=1	proxy=http://wiw4v7duaymysz9-session-b7f7e79ed95e-lifetime-10:***@rp.scrapegw.com:6060	scope=shared global=False retry_after=953.00s
2026-09-01 18:27:45	NETWORK	fhgu	attempt=1	proxy=http://wiw4v7duaymysz9-session-63faa0224342-lifetime-10:***@rp.scrapegw.com:6060	ConnectionTimeoutError: Connection timeout to host https://discord.com/api/v9/unique-username/username-attempt-unauthed
2026-09-01 18:27:45	NETWORK	fhgq	attempt=1	proxy=http://wiw4v7duaymysz9-session-fe91590efe5d-lifetime-10:***@rp.scrapegw.com:6060	ConnectionTimeoutError: Connection timeout to host https://discord.com/api/v9/unique-username/username-attempt-unauthed
2026-09-01 18:27:45	NETWORK	fhgb	attempt=1	proxy=http://wiw4v7duaymysz9-session-6d48733086bb-lifetime-10:***@rp.scrapegw.com:6060	ConnectionTimeoutError: Connection timeout to host https://discord.com/api/v9/unique-username/username-attempt-unauthed
2026-09-01 18:27:45	NETWORK	fhgv	attempt=1	proxy=http://wiw4v7duaymysz9-session-c6ef5ea2e592-lifetime-10:***@rp.scrapegw.com:6060	ConnectionTimeoutError: Connection timeout to host https://discord.com/api/v9/unique-username/username-attempt-unauthed
2026-09-01 18:27:45	NETWORK	fhfq	attempt=1	proxy=http://wiw4v7duaymysz9-session-ce134923aa49-lifetime-10:***@rp.scrapegw.com:6060	ConnectionTimeoutError: Connection timeout to host https://discord.com/api/v9/unique-username/username-attempt-unauthed
2026-09-01 18:27:45	NETWORK	fhfg	attempt=1	proxy=http://wiw4v7duaymysz9-session-a2751f633f6e-lifetime-10:***@rp.scrapegw.com:6060	ConnectionTimeoutError: Connection timeout to host https://discord.com/api/v9/unique-username/username-attempt-unauthed
2026-09-01 18:27:45	NETWORK	fhcu	attempt=1	proxy=http://wiw4v7duaymysz9-session-861d243bb704-lifetime-10:***@rp.scrapegw.com:6060	ConnectionTimeoutError: Connection timeout to host https://discord.com/api/v9/unique-username/username-attempt-unauthed
2026-09-01 18:27:45	NETWORK	fhaw	attempt=1	proxy=http://wiw4v7duaymysz9-session-a42fb7cdbc94-lifetime-10:***@rp.scrapegw.com:6060	ConnectionTimeoutError: Connection timeout to host https://discord.com/api/v9/unique-username/username-attempt-unauthed
2026-09-01 18:27:45	NETWORK	fhir	attempt=1	proxy=http://wiw4v7duaymysz9-session-4d9e878a22ee-lifetime-10:***@rp.scrapegw.com:6060	ConnectionTimeoutError: Connection timeout to host https://discord.com/api/v9/unique-username/username-attempt-unauthed
2026-09-01 18:27:45	NETWORK	fgzi	attempt=1	proxy=http://wiw4v7duaymysz9-session-1c7e726ebf4e-lifetime-10:***@rp.scrapegw.com:6060	ConnectionTimeoutError: Connection timeout to host https://discord.com/api/v9/unique-username/username-attempt-unauthed
2026-09-01 18:27:45	NETWORK	fgya	attempt=1	proxy=http://wiw4v7duaymysz9-session-133708a2e5a9-lifetime-10:***@rp.scrapegw.com:6060	ConnectionTimeoutError: Connection timeout to host https://discord.com/api/v9/unique-username/username-attempt-unauthed
2026-09-01 18:27:45	NETWORK	fgwv	attempt=1	proxy=http://wiw4v7duaymysz9-session-c9b13a4ead07-lifetime-10:***@rp.scrapegw.com:6060	ConnectionTimeoutError: Connection timeout to host https://discord.com/api/v9/unique-username/username-attempt-unauthed
2026-09-01 18:27:45	NETWORK	fhim	attempt=1	proxy=http://wiw4v7duaymysz9-session-82352ed77e90-lifetime-10:***@rp.scrapegw.com:6060	ConnectionTimeoutError: Connection timeout to host https://discord.com/api/v9/unique-username/username-attempt-unauthed
2026-09-01 18:27:45	NETWORK	fhib	attempt=1	proxy=http://wiw4v7duaymysz9-session-bc2ee565e431-lifetime-10:***@rp.scrapegw.com:6060	ConnectionTimeoutError: Connection timeout to host https://discord.com/api/v9/unique-username/username-attempt-unauthed
2026-09-01 18:27:45	NETWORK	fhkb	attempt=1	proxy=http://wiw4v7duaymysz9-session-4f75bbf3e752-lifetime-10:***@rp.scrapegw.com:6060	ConnectionTimeoutError: Connection timeout to host https://discord.com/api/v9/unique-username/username-attempt-unauthed
2026-09-01 18:27:45	NETWORK	fhgp	attempt=1	proxy=http://wiw4v7duaymysz9-session-e0db9eb4f9ce-lifetime-10:***@rp.scrapegw.com:6060	ConnectionTimeoutError: Connection timeout to host https://discord.com/api/v9/unique-username/username-attempt-unauthed
2026-09-01 18:27:45	NETWORK	fhha	attempt=1	proxy=http://wiw4v7duaymysz9-session-1df6389d3252-lifetime-10:***@rp.scrapegw.com:6060	ConnectionTimeoutError: Connection timeout to host https://discord.com/api/v9/unique-username/username-attempt-unauthed
2026-09-01 18:27:45	NETWORK	fhcr	attempt=1	proxy=http://wiw4v7duaymysz9-session-8a66ba8363f8-lifetime-10:***@rp.scrapegw.com:6060	ConnectionTimeoutError: Connection timeout to host https://discord.com/api/v9/unique-username/username-attempt-unauthed
2026-09-01 18:27:45	NETWORK	fhce	attempt=1	proxy=http://wiw4v7duaymysz9-session-68ce9fe3bddd-lifetime-10:***@rp.scrapegw.com:6060	ConnectionTimeoutError: Connection timeout to host https://discord.com/api/v9/unique-username/username-attempt-unauthed
2026-09-01 18:27:45	NETWORK	fhbx	attempt=1	proxy=http://wiw4v7duaymysz9-session-021a179d41fb-lifetime-10:***@rp.scrapegw.com:6060	ConnectionTimeoutError: Connection timeout to host https://discord.com/api/v9/unique-username/username-attempt-unauthed
2026-09-01 18:27:45	NETWORK	fhde	attempt=1	proxy=http://wiw4v7duaymysz9-session-4e1e25ddbb2a-lifetime-10:***@rp.scrapegw.com:6060	ConnectionTimeoutError: Connection timeout to host https://discord.com/api/v9/unique-username/username-attempt-unauthed
2026-09-01 18:27:45	NETWORK	fhat	attempt=1	proxy=http://wiw4v7duaymysz9-session-9e3755c0c014-lifetime-10:***@rp.scrapegw.com:6060	ConnectionTimeoutError: Connection timeout to host https://discord.com/api/v9/unique-username/username-attempt-unauthed
2026-09-01 18:27:45	NETWORK	fgzw	attempt=1	proxy=http://wiw4v7duaymysz9-session-862edb82850a-lifetime-10:***@rp.scrapegw.com:6060	ConnectionTimeoutError: Connection timeout to host https://discord.com/api/v9/unique-username/username-attempt-unauthed
2026-09-01 18:27:45	NETWORK	fhae	attempt=1	proxy=http://wiw4v7duaymysz9-session-79fe3db5c9f8-lifetime-10:***@rp.scrapegw.com:6060	ConnectionTimeoutError: Connection timeout to host https://discord.com/api/v9/unique-username/username-attempt-unauthed
2026-09-01 18:27:45	NETWORK	fgzr	attempt=1	proxy=http://wiw4v7duaymysz9-session-a49f0503cc0f-lifetime-10:***@rp.scrapegw.com:6060	ConnectionTimeoutError: Connection timeout to host https://discord.com/api/v9/unique-username/username-attempt-unauthed
2026-09-01 18:27:45	NETWORK	fgxt	attempt=1	proxy=http://wiw4v7duaymysz9-session-fca2b843fd00-lifetime-10:***@rp.scrapegw.com:6060	ConnectionTimeoutError: Connection timeout to host https://discord.com/api/v9/unique-username/username-attempt-unauthed
2026-09-01 18:27:45	NETWORK	fhdz	attempt=1	proxy=http://wiw4v7duaymysz9-session-505cc801a88e-lifetime-10:***@rp.scrapegw.com:6060	ConnectionTimeoutError: Connection timeout to host https://discord.com/api/v9/unique-username/username-attempt-unauthed
2026-09-01 18:27:45	NETWORK	fhhv	attempt=1	proxy=http://wiw4v7duaymysz9-session-5c49b209ede8-lifetime-10:***@rp.scrapegw.com:6060	ConnectionTimeoutError: Connection timeout to host https://discord.com/api/v9/unique-username/username-attempt-unauthed
2026-09-01 18:27:45	NETWORK	fgzh	attempt=1	proxy=http://wiw4v7duaymysz9-session-ebf11e42be67-lifetime-10:***@rp.scrapegw.com:6060	ConnectionTimeoutError: Connection timeout to host https://discord.com/api/v9/unique-username/username-attempt-unauthed
2026-09-01 18:27:45	NETWORK	fgwr	attempt=1	proxy=http://wiw4v7duaymysz9-session-31dfd71ccf62-lifetime-10:***@rp.scrapegw.com:6060	ConnectionTimeoutError: Connection timeout to host https://discord.com/api/v9/unique-username/username-attempt-unauthed
2026-09-01 18:27:45	HTTP_429	fmoa	attempt=1	proxy=http://wiw4v7duaymysz9-session-633b37c94df3-lifetime-10:***@rp.scrapegw.com:6060	scope=shared global=False retry_after=662.00s
2026-09-01 18:27:45	HTTP_429	fpcg	attempt=1	proxy=http://wiw4v7duaymysz9-session-ca194c31f473-lifetime-10:***@rp.scrapegw.com:6060	scope=shared global=False retry_after=1064.00s
2026-09-01 18:27:45	NETWORK	fnfa	attempt=1	proxy=http://wiw4v7duaymysz9-session-65bed24e3b3c-lifetime-10:***@rp.scrapegw.com:6060	ClientConnectorError: Cannot connect to host discord.com:443 ssl:default [Connection reset by peer]
2026-09-01 18:27:46	HTTP_429	fply	attempt=1	proxy=http://wiw4v7duaymysz9-session-8ceea016d938-lifetime-10:***@rp.scrapegw.com:6060	scope=shared global=False retry_after=1322.00s
2026-09-01 18:27:46	HTTP_429	fpqh	attempt=1	proxy=http://wiw4v7duaymysz9-session-c7dd67cc5fae-lifetime-10:***@rp.scrapegw.com:6060	scope=shared global=False retry_after=1341.00s
2026-09-01 18:27:46	NETWORK	fnam	attempt=1	proxy=http://wiw4v7duaymysz9-session-46b2bfadf89f-lifetime-10:***@rp.scrapegw.com:6060	ClientConnectorError: Cannot connect to host discord.com:443 ssl:default [Connection reset by peer]
2026-09-01 18:27:46	NETWORK	flpg	attempt=1	proxy=http://wiw4v7duaymysz9-session-c9af1cf6005a-lifetime-10:***@rp.scrapegw.com:6060	ClientConnectorError: Cannot connect to host discord.com:443 ssl:default [Connection reset by peer]
2026-09-01 18:27:46	NETWORK	fmvv	attempt=1	proxy=http://wiw4v7duaymysz9-session-8756d49d0c26-lifetime-10:***@rp.scrapegw.com:6060	ServerDisconnectedError: Server disconnected
2026-09-01 18:27:46	NETWORK	fhlu	attempt=1	proxy=http://wiw4v7duaymysz9-session-9805d4f5ab3f-lifetime-10:***@rp.scrapegw.com:6060	ConnectionTimeoutError: Connection timeout to host https://discord.com/api/v9/unique-username/username-attempt-unauthed
2026-09-01 18:27:46	NETWORK	fhvt	attempt=1	proxy=http://wiw4v7duaymysz9-session-54359412eac1-lifetime-10:***@rp.scrapegw.com:6060	ConnectionTimeoutError: Connection timeout to host https://discord.com/api/v9/unique-username/username-attempt-unauthed
2026-09-01 18:27:46	NETWORK	fihh	attempt=1	proxy=http://wiw4v7duaymysz9-session-b771617cef68-lifetime-10:***@rp.scrapegw.com:6060	ConnectionTimeoutError: Connection timeout to host https://discord.com/api/v9/unique-username/username-attempt-unauthed
2026-09-01 18:27:46	NETWORK	fidd	attempt=1	proxy=http://wiw4v7duaymysz9-session-6fdf19de284e-lifetime-10:***@rp.scrapegw.com:6060	ConnectionTimeoutError: Connection timeout to host https://discord.com/api/v9/unique-username/username-attempt-unauthed
2026-09-01 18:27:46	NETWORK	fiaz	attempt=1	proxy=http://wiw4v7duaymysz9-session-eff32ed6ca04-lifetime-10:***@rp.scrapegw.com:6060	ConnectionTimeoutError: Connection timeout to host https://discord.com/api/v9/unique-username/username-attempt-unauthed
2026-09-01 18:27:46	NETWORK	fiig	attempt=1	proxy=http://wiw4v7duaymysz9-session-e0512a7b4ad1-lifetime-10:***@rp.scrapegw.com:6060	ConnectionTimeoutError: Connection timeout to host https://discord.com/api/v9/unique-username/username-attempt-unauthed
2026-09-01 18:27:46	NETWORK	fiic	attempt=1	proxy=http://wiw4v7duaymysz9-session-62e1fcc4c79a-lifetime-10:***@rp.scrapegw.com:6060	ConnectionTimeoutError: Connection timeout to host https://discord.com/api/v9/unique-username/username-attempt-unauthed
2026-09-01 18:27:46	NETWORK	fhwv	attempt=1	proxy=http://wiw4v7duaymysz9-session-ebde40c22a6f-lifetime-10:***@rp.scrapegw.com:6060	ConnectionTimeoutError: Connection timeout to host https://discord.com/api/v9/unique-username/username-attempt-unauthed
2026-09-01 18:27:46	NETWORK	fhrb	attempt=1	proxy=http://wiw4v7duaymysz9-session-f7e16332f2f7-lifetime-10:***@rp.scrapegw.com:6060	ConnectionTimeoutError: Connection timeout to host https://discord.com/api/v9/unique-username/username-attempt-unauthed
2026-09-01 18:27:46	NETWORK	fifm	attempt=1	proxy=http://wiw4v7duaymysz9-session-cd910defa4da-lifetime-10:***@rp.scrapegw.com:6060	ConnectionTimeoutError: Connection timeout to host https://discord.com/api/v9/unique-username/username-attempt-unauthed
2026-09-01 18:27:46	NETWORK	fiax	attempt=1	proxy=http://wiw4v7duaymysz9-session-a161f137bd23-lifetime-10:***@rp.scrapegw.com:6060	ConnectionTimeoutError: Connection timeout to host https://discord.com/api/v9/unique-username/username-attempt-unauthed
2026-09-01 18:27:46	NETWORK	fidt	attempt=1	proxy=http://wiw4v7duaymysz9-session-589e34be7bb9-lifetime-10:***@rp.scrapegw.com:6060	ConnectionTimeoutError: Connection timeout to host https://discord.com/api/v9/unique-username/username-attempt-unauthed
2026-09-01 18:27:46	NETWORK	fhum	attempt=1	proxy=http://wiw4v7duaymysz9-session-5cad920c749c-lifetime-10:***@rp.scrapegw.com:6060	ConnectionTimeoutError: Connection timeout to host https://discord.com/api/v9/unique-username/username-attempt-unauthed
2026-09-01 18:27:46	NETWORK	fhvw	attempt=1	proxy=http://wiw4v7duaymysz9-session-48b36b3167df-lifetime-10:***@rp.scrapegw.com:6060	ConnectionTimeoutError: Connection timeout to host https://discord.com/api/v9/unique-username/username-attempt-unauthed
2026-09-01 18:27:46	NETWORK	fhuz	attempt=1	proxy=http://wiw4v7duaymysz9-session-11cc9f644ab8-lifetime-10:***@rp.scrapegw.com:6060	ConnectionTimeoutError: Connection timeout to host https://discord.com/api/v9/unique-username/username-attempt-unauthed
2026-09-01 18:27:46	NETWORK	fhtq	attempt=1	proxy=http://wiw4v7duaymysz9-session-2aedf3c22822-lifetime-10:***@rp.scrapegw.com:6060	ConnectionTimeoutError: Connection timeout to host https://discord.com/api/v9/unique-username/username-attempt-unauthed
2026-09-01 18:27:46	NETWORK	fhxw	attempt=1	proxy=http://wiw4v7duaymysz9-session-cf7a4e08fd6b-lifetime-10:***@rp.scrapegw.com:6060	ConnectionTimeoutError: Connection timeout to host https://discord.com/api/v9/unique-username/username-attempt-unauthed
2026-09-01 18:27:46	NETWORK	fhxo	attempt=1	proxy=http://wiw4v7duaymysz9-session-6eabb4a6dd7a-lifetime-10:***@rp.scrapegw.com:6060	ConnectionTimeoutError: Connection timeout to host https://discord.com/api/v9/unique-username/username-attempt-unauthed
2026-09-01 18:27:46	NETWORK	fhor	attempt=1	proxy=http://wiw4v7duaymysz9-session-af8b651ddc24-lifetime-10:***@rp.scrapegw.com:6060	ConnectionTimeoutError: Connection timeout to host https://discord.com/api/v9/unique-username/username-attempt-unauthed
2026-09-01 18:27:46	NETWORK	fija	attempt=1	proxy=http://wiw4v7duaymysz9-session-e686c8b6013b-lifetime-10:***@rp.scrapegw.com:6060	ConnectionTimeoutError: Connection timeout to host https://discord.com/api/v9/unique-username/username-attempt-unauthed
2026-09-01 18:27:46	NETWORK	figy	attempt=1	proxy=http://wiw4v7duaymysz9-session-2789df11c354-lifetime-10:***@rp.scrapegw.com:6060	ConnectionTimeoutError: Connection timeout to host https://discord.com/api/v9/unique-username/username-attempt-unauthed
2026-09-01 18:27:46	NETWORK	fhnb	attempt=1	proxy=http://wiw4v7duaymysz9-session-1ecef0aad93d-lifetime-10:***@rp.scrapegw.com:6060	ConnectionTimeoutError: Connection timeout to host https://discord.com/api/v9/unique-username/username-attempt-unauthed
2026-09-01 18:27:46	NETWORK	fifv	attempt=1	proxy=http://wiw4v7duaymysz9-session-3536b176efb0-lifetime-10:***@rp.scrapegw.com:6060	ConnectionTimeoutError: Connection timeout to host https://discord.com/api/v9/unique-username/username-attempt-unauthed
2026-09-01 18:27:46	NETWORK	fifn	attempt=1	proxy=http://wiw4v7duaymysz9-session-ae296a78d9b6-lifetime-10:***@rp.scrapegw.com:6060	ConnectionTimeoutError: Connection timeout to host https://discord.com/api/v9/unique-username/username-attempt-unauthed
2026-09-01 18:27:46	NETWORK	figc	attempt=1	proxy=http://wiw4v7duaymysz9-session-0a49ddc19d49-lifetime-10:***@rp.scrapegw.com:6060	ConnectionTimeoutError: Connection timeout to host https://discord.com/api/v9/unique-username/username-attempt-unauthed
2026-09-01 18:27:46	NETWORK	fidv	attempt=1	proxy=http://wiw4v7duaymysz9-session-402421e62aaa-lifetime-10:***@rp.scrapegw.com:6060	ConnectionTimeoutError: Connection timeout to host https://discord.com/api/v9/unique-username/username-attempt-unauthed
2026-09-01 18:27:46	NETWORK	fibc	attempt=1	proxy=http://wiw4v7duaymysz9-session-ddb23799bf39-lifetime-10:***@rp.scrapegw.com:6060	ConnectionTimeoutError: Connection timeout to host https://discord.com/api/v9/unique-username/username-attempt-unauthed
2026-09-01 18:27:46	NETWORK	fhxy	attempt=1	proxy=http://wiw4v7duaymysz9-session-2fb78d4cdad8-lifetime-10:***@rp.scrapegw.com:6060	ConnectionTimeoutError: Connection timeout to host https://discord.com/api/v9/unique-username/username-attempt-unauthed
2026-09-01 18:27:46	NETWORK	fici	attempt=1	proxy=http://wiw4v7duaymysz9-session-dd2f0ee4aabf-lifetime-10:***@rp.scrapegw.com:6060	ConnectionTimeoutError: Connection timeout to host https://discord.com/api/v9/unique-username/username-attempt-unauthed
2026-09-01 18:27:46	NETWORK	fhwx	attempt=1	proxy=http://wiw4v7duaymysz9-session-8d7bd874e0f1-lifetime-10:***@rp.scrapegw.com:6060	ConnectionTimeoutError: Connection timeout to host https://discord.com/api/v9/unique-username/username-attempt-unauthed
2026-09-01 18:27:46	NETWORK	fhtw	attempt=1	proxy=http://wiw4v7duaymysz9-session-1e1ea61b81d3-lifetime-10:***@rp.scrapegw.com:6060	ConnectionTimeoutError: Connection timeout to host https://discord.com/api/v9/unique-username/username-attempt-unauthed
2026-09-01 18:27:46	HTTP_429	fiwu	attempt=1	proxy=http://wiw4v7duaymysz9-session-c7d9801f57d4-lifetime-10:***@rp.scrapegw.com:6060	scope=shared global=False retry_after=735.00s
2026-09-01 18:27:46	NETWORK	filj	attempt=1	proxy=http://wiw4v7duaymysz9-session-061af50f64ba-lifetime-10:***@rp.scrapegw.com:6060	ClientConnectorError: Cannot connect to host discord.com:443 ssl:default [Connection reset by peer]
2026-09-01 18:27:47	HTTP_429	fqaw	attempt=1	proxy=http://wiw4v7duaymysz9-session-8d45cb597f06-lifetime-10:***@rp.scrapegw.com:6060	scope=shared global=False retry_after=1950.00s
2026-09-01 18:27:47	NETWORK	fkyb	attempt=1	proxy=http://wiw4v7duaymysz9-session-6b5a9d19e796-lifetime-10:***@rp.scrapegw.com:6060	ClientConnectorError: Cannot connect to host discord.com:443 ssl:default [Connection reset by peer]
2026-09-01 18:27:47	NETWORK	flpl	attempt=1	proxy=http://wiw4v7duaymysz9-session-0a49ddc19d49-lifetime-10:***@rp.scrapegw.com:6060	ClientConnectorError: Cannot connect to host discord.com:443 ssl:default [Connection reset by peer]
2026-09-01 18:27:47	NETWORK	fmjr	attempt=1	proxy=http://wiw4v7duaymysz9-session-92b6814b366c-lifetime-10:***@rp.scrapegw.com:6060	ClientConnectorError: Cannot connect to host discord.com:443 ssl:default [Connection reset by peer]
2026-09-01 18:27:47	HTTP_429	flcn	attempt=1	proxy=http://wiw4v7duaymysz9-session-2ec0da47e94c-lifetime-10:***@rp.scrapegw.com:6060	scope=shared global=False retry_after=777.00s
2026-09-01 18:27:47	NETWORK	flrr	attempt=1	proxy=http://wiw4v7duaymysz9-session-e00bced6372c-lifetime-10:***@rp.scrapegw.com:6060	ClientConnectorError: Cannot connect to host discord.com:443 ssl:default [Connection reset by peer]
2026-09-01 18:27:47	HTTP_429	fkpv	attempt=1	proxy=http://wiw4v7duaymysz9-session-68ce9fe3bddd-lifetime-10:***@rp.scrapegw.com:6060	scope=shared global=False retry_after=180.00s
2026-09-01 18:27:47	NETWORK	fkln	attempt=1	proxy=http://wiw4v7duaymysz9-session-0663040bbb42-lifetime-10:***@rp.scrapegw.com:6060	ClientConnectorError: Cannot connect to host discord.com:443 ssl:default [Connection reset by peer]
2026-09-01 18:27:47	NETWORK	fjgx	attempt=1	proxy=http://wiw4v7duaymysz9-session-9307311500fe-lifetime-10:***@rp.scrapegw.com:6060	ConnectionTimeoutError: Connection timeout to host https://discord.com/api/v9/unique-username/username-attempt-unauthed
2026-09-01 18:27:47	NETWORK	fjil	attempt=1	proxy=http://wiw4v7duaymysz9-session-4e6d37d395eb-lifetime-10:***@rp.scrapegw.com:6060	ConnectionTimeoutError: Connection timeout to host https://discord.com/api/v9/unique-username/username-attempt-unauthed
2026-09-01 18:27:47	NETWORK	fjgn	attempt=1	proxy=http://wiw4v7duaymysz9-session-214f2913a715-lifetime-10:***@rp.scrapegw.com:6060	ConnectionTimeoutError: Connection timeout to host https://discord.com/api/v9/unique-username/username-attempt-unauthed
2026-09-01 18:27:47	NETWORK	fiye	attempt=1	proxy=http://wiw4v7duaymysz9-session-d391115c5b28-lifetime-10:***@rp.scrapegw.com:6060	ConnectionTimeoutError: Connection timeout to host https://discord.com/api/v9/unique-username/username-attempt-unauthed
2026-09-01 18:27:47	NETWORK	fjei	attempt=1	proxy=http://wiw4v7duaymysz9-session-cd36774fcae9-lifetime-10:***@rp.scrapegw.com:6060	ConnectionTimeoutError: Connection timeout to host https://discord.com/api/v9/unique-username/username-attempt-unauthed
2026-09-01 18:27:47	NETWORK	fiyo	attempt=1	proxy=http://wiw4v7duaymysz9-session-f598cbc0bb55-lifetime-10:***@rp.scrapegw.com:6060	ConnectionTimeoutError: Connection timeout to host https://discord.com/api/v9/unique-username/username-attempt-unauthed
2026-09-01 18:27:47	NETWORK	fivi	attempt=1	proxy=http://wiw4v7duaymysz9-session-a36e10f45866-lifetime-10:***@rp.scrapegw.com:6060	ConnectionTimeoutError: Connection timeout to host https://discord.com/api/v9/unique-username/username-attempt-unauthed
2026-09-01 18:27:47	NETWORK	fjad	attempt=1	proxy=http://wiw4v7duaymysz9-session-d20d13e08c23-lifetime-10:***@rp.scrapegw.com:6060	ConnectionTimeoutError: Connection timeout to host https://discord.com/api/v9/unique-username/username-attempt-unauthed
2026-09-01 18:27:47	NETWORK	fizv	attempt=1	proxy=http://wiw4v7duaymysz9-session-6c9b8eb52325-lifetime-10:***@rp.scrapegw.com:6060	ConnectionTimeoutError: Connection timeout to host https://discord.com/api/v9/unique-username/username-attempt-unauthed
2026-09-01 18:27:47	NETWORK	firf	attempt=1	proxy=http://wiw4v7duaymysz9-session-08b7abe07b62-lifetime-10:***@rp.scrapegw.com:6060	ConnectionTimeoutError: Connection timeout to host https://discord.com/api/v9/unique-username/username-attempt-unauthed
2026-09-01 18:27:47	NETWORK	fiuj	attempt=1	proxy=http://wiw4v7duaymysz9-session-c75ea01b2d4c-lifetime-10:***@rp.scrapegw.com:6060	ConnectionTimeoutError: Connection timeout to host https://discord.com/api/v9/unique-username/username-attempt-unauthed
2026-09-01 18:27:47	NETWORK	fimv	attempt=1	proxy=http://wiw4v7duaymysz9-session-4110539dc936-lifetime-10:***@rp.scrapegw.com:6060	ConnectionTimeoutError: Connection timeout to host https://discord.com/api/v9/unique-username/username-attempt-unauthed
2026-09-01 18:27:47	NETWORK	fipa	attempt=1	proxy=http://wiw4v7duaymysz9-session-2c9382742906-lifetime-10:***@rp.scrapegw.com:6060	ConnectionTimeoutError: Connection timeout to host https://discord.com/api/v9/unique-username/username-attempt-unauthed
2026-09-01 18:27:47	NETWORK	fiok	attempt=1	proxy=http://wiw4v7duaymysz9-session-9e2ebf4eff79-lifetime-10:***@rp.scrapegw.com:6060	ConnectionTimeoutError: Connection timeout to host https://discord.com/api/v9/unique-username/username-attempt-unauthed
2026-09-01 18:27:47	NETWORK	fjhx	attempt=1	proxy=http://wiw4v7duaymysz9-session-f8a3076f2bfc-lifetime-10:***@rp.scrapegw.com:6060	ConnectionTimeoutError: Connection timeout to host https://discord.com/api/v9/unique-username/username-attempt-unauthed
2026-09-01 18:27:47	NETWORK	firh	attempt=1	proxy=http://wiw4v7duaymysz9-session-fdb2f33bd515-lifetime-10:***@rp.scrapegw.com:6060	ConnectionTimeoutError: Connection timeout to host https://discord.com/api/v9/unique-username/username-attempt-unauthed
2026-09-01 18:27:47	NETWORK	fiqr	attempt=1	proxy=http://wiw4v7duaymysz9-session-ef4ddc6ae8b4-lifetime-10:***@rp.scrapegw.com:6060	ConnectionTimeoutError: Connection timeout to host https://discord.com/api/v9/unique-username/username-attempt-unauthed
2026-09-01 18:27:47	NETWORK	fimj	attempt=1	proxy=http://wiw4v7duaymysz9-session-72ce8233ea1a-lifetime-10:***@rp.scrapegw.com:6060	ConnectionTimeoutError: Connection timeout to host https://discord.com/api/v9/unique-username/username-attempt-unauthed
2026-09-01 18:27:47	NETWORK	fjgi	attempt=1	proxy=http://wiw4v7duaymysz9-session-8b0b09ed58df-lifetime-10:***@rp.scrapegw.com:6060	ConnectionTimeoutError: Connection timeout to host https://discord.com/api/v9/unique-username/username-attempt-unauthed
2026-09-01 18:27:47	NETWORK	fjjg	attempt=1	proxy=http://wiw4v7duaymysz9-session-b65957c3d438-lifetime-10:***@rp.scrapegw.com:6060	ConnectionTimeoutError: Connection timeout to host https://discord.com/api/v9/unique-username/username-attempt-unauthed
2026-09-01 18:27:47	NETWORK	fjcw	attempt=1	proxy=http://wiw4v7duaymysz9-session-003fba7016f3-lifetime-10:***@rp.scrapegw.com:6060	ConnectionTimeoutError: Connection timeout to host https://discord.com/api/v9/unique-username/username-attempt-unauthed
2026-09-01 18:27:47	NETWORK	fjci	attempt=1	proxy=http://wiw4v7duaymysz9-session-261fac1358a0-lifetime-10:***@rp.scrapegw.com:6060	ConnectionTimeoutError: Connection timeout to host https://discord.com/api/v9/unique-username/username-attempt-unauthed
2026-09-01 18:27:47	NETWORK	fjdd	attempt=1	proxy=http://wiw4v7duaymysz9-session-d20376873b55-lifetime-10:***@rp.scrapegw.com:6060	ConnectionTimeoutError: Connection timeout to host https://discord.com/api/v9/unique-username/username-attempt-unauthed
2026-09-01 18:27:47	NETWORK	fjao	attempt=1	proxy=http://wiw4v7duaymysz9-session-19c904c5cd71-lifetime-10:***@rp.scrapegw.com:6060	ConnectionTimeoutError: Connection timeout to host https://discord.com/api/v9/unique-username/username-attempt-unauthed
2026-09-01 18:27:47	NETWORK	fixg	attempt=1	proxy=http://wiw4v7duaymysz9-session-c62622f90588-lifetime-10:***@rp.scrapegw.com:6060	ConnectionTimeoutError: Connection timeout to host https://discord.com/api/v9/unique-username/username-attempt-unauthed
2026-09-01 18:27:47	NETWORK	fizb	attempt=1	proxy=http://wiw4v7duaymysz9-session-c436b6fab163-lifetime-10:***@rp.scrapegw.com:6060	ConnectionTimeoutError: Connection timeout to host https://discord.com/api/v9/unique-username/username-attempt-unauthed
2026-09-01 18:27:47	NETWORK	fiqu	attempt=1	proxy=http://wiw4v7duaymysz9-session-11b055489618-lifetime-10:***@rp.scrapegw.com:6060	ConnectionTimeoutError: Connection timeout to host https://discord.com/api/v9/unique-username/username-attempt-unauthed
2026-09-01 18:27:47	NETWORK	fiqe	attempt=1	proxy=http://wiw4v7duaymysz9-session-df9eb2ebb019-lifetime-10:***@rp.scrapegw.com:6060	ConnectionTimeoutError: Connection timeout to host https://discord.com/api/v9/unique-username/username-attempt-unauthed
2026-09-01 18:27:47	NETWORK	finb	attempt=1	proxy=http://wiw4v7duaymysz9-session-73b69e89c984-lifetime-10:***@rp.scrapegw.com:6060	ConnectionTimeoutError: Connection timeout to host https://discord.com/api/v9/unique-username/username-attempt-unauthed
2026-09-01 18:27:47	NETWORK	finz	attempt=1	proxy=http://wiw4v7duaymysz9-session-c53c2bd27bd9-lifetime-10:***@rp.scrapegw.com:6060	ConnectionTimeoutError: Connection timeout to host https://discord.com/api/v9/unique-username/username-attempt-unauthed
2026-09-01 18:27:47	NETWORK	fimw	attempt=1	proxy=http://wiw4v7duaymysz9-session-e75ecf9be0f8-lifetime-10:***@rp.scrapegw.com:6060	ConnectionTimeoutError: Connection timeout to host https://discord.com/api/v9/unique-username/username-attempt-unauthed
2026-09-01 18:27:47	NETWORK	filx	attempt=1	proxy=http://wiw4v7duaymysz9-session-2c9dd00a574d-lifetime-10:***@rp.scrapegw.com:6060	ConnectionTimeoutError: Connection timeout to host https://discord.com/api/v9/unique-username/username-attempt-unauthed
2026-09-01 18:27:47	NETWORK	fjet	attempt=1	proxy=http://wiw4v7duaymysz9-session-5ddb98e06aa5-lifetime-10:***@rp.scrapegw.com:6060	ConnectionTimeoutError: Connection timeout to host https://discord.com/api/v9/unique-username/username-attempt-unauthed
2026-09-01 18:27:47	NETWORK	fjhf	attempt=1	proxy=http://wiw4v7duaymysz9-session-66fbc8cd253f-lifetime-10:***@rp.scrapegw.com:6060	ConnectionTimeoutError: Connection timeout to host https://discord.com/api/v9/unique-username/username-attempt-unauthed
2026-09-01 18:27:47	NETWORK	fioz	attempt=1	proxy=http://wiw4v7duaymysz9-session-8b1349c2a536-lifetime-10:***@rp.scrapegw.com:6060	ConnectionTimeoutError: Connection timeout to host https://discord.com/api/v9/unique-username/username-attempt-unauthed
2026-09-01 18:27:47	NETWORK	fioh	attempt=1	proxy=http://wiw4v7duaymysz9-session-d8b2b5fd276c-lifetime-10:***@rp.scrapegw.com:6060	ConnectionTimeoutError: Connection timeout to host https://discord.com/api/v9/unique-username/username-attempt-unauthed
2026-09-01 18:27:47	NETWORK	fiko	attempt=1	proxy=http://wiw4v7duaymysz9-session-87c0ff84b0b3-lifetime-10:***@rp.scrapegw.com:6060	ConnectionTimeoutError: Connection timeout to host https://discord.com/api/v9/unique-username/username-attempt-unauthed
2026-09-01 18:27:47	NETWORK	firv	attempt=1	proxy=http://wiw4v7duaymysz9-session-37c3a256502c-lifetime-10:***@rp.scrapegw.com:6060	ConnectionTimeoutError: Connection timeout to host https://discord.com/api/v9/unique-username/username-attempt-unauthed
2026-09-01 18:27:47	NETWORK	fjjh	attempt=1	proxy=http://wiw4v7duaymysz9-session-7a92a13c846c-lifetime-10:***@rp.scrapegw.com:6060	ConnectionTimeoutError: Connection timeout to host https://discord.com/api/v9/unique-username/username-attempt-unauthed
2026-09-01 18:27:47	HTTP_429	fqna	attempt=1	proxy=http://wiw4v7duaymysz9-session-8c31b4cefb7a-lifetime-10:***@rp.scrapegw.com:6060	scope=shared global=False retry_after=1492.00s
2026-09-01 18:27:47	HTTP_429	fqmq	attempt=1	proxy=http://wiw4v7duaymysz9-session-b08e5e8c8509-lifetime-10:***@rp.scrapegw.com:6060	scope=shared global=False retry_after=379.00s
2026-09-01 18:27:47	NETWORK	fkch	attempt=1	proxy=http://wiw4v7duaymysz9-session-f896f75f4890-lifetime-10:***@rp.scrapegw.com:6060	ClientConnectorError: Cannot connect to host discord.com:443 ssl:default [Connection reset by peer]
2026-09-01 18:27:47	HTTP_429	fqmw	attempt=1	proxy=http://wiw4v7duaymysz9-session-ad3d9c306d4c-lifetime-10:***@rp.scrapegw.com:6060	scope=shared global=False retry_after=2061.00s
2026-09-01 18:27:47	NETWORK	fmsi	attempt=1	proxy=http://wiw4v7duaymysz9-session-730f6b50288b-lifetime-10:***@rp.scrapegw.com:6060	ClientConnectorError: Cannot connect to host discord.com:443 ssl:default [Connection reset by peer]
2026-09-01 18:27:47	HTTP_429	fqsb	attempt=1	proxy=http://wiw4v7duaymysz9-session-753058c15609-lifetime-10:***@rp.scrapegw.com:6060	scope=shared global=False retry_after=920.00s
2026-09-01 18:27:48	HTTP_429	fqtp	attempt=1	proxy=http://wiw4v7duaymysz9-session-2457a0a09c68-lifetime-10:***@rp.scrapegw.com:6060	scope=shared global=False retry_after=2061.00s
2026-09-01 18:27:48	NETWORK	fkpx	attempt=1	proxy=http://wiw4v7duaymysz9-session-940cbd59d320-lifetime-10:***@rp.scrapegw.com:6060	ClientConnectorError: Cannot connect to host discord.com:443 ssl:default [Connection reset by peer]
2026-09-01 18:27:48	HTTP_429	fqtj	attempt=1	proxy=http://wiw4v7duaymysz9-session-f96e24e8b2cf-lifetime-10:***@rp.scrapegw.com:6060	scope=shared global=False retry_after=2061.00s
2026-09-01 18:27:48	NETWORK	flow	attempt=1	proxy=http://wiw4v7duaymysz9-session-5d159bee601e-lifetime-10:***@rp.scrapegw.com:6060	ClientConnectorError: Cannot connect to host discord.com:443 ssl:default [Connection reset by peer]
2026-09-01 18:27:48	NETWORK	flfs	attempt=1	proxy=http://wiw4v7duaymysz9-session-cf7a4e08fd6b-lifetime-10:***@rp.scrapegw.com:6060	ClientConnectorError: Cannot connect to host discord.com:443 ssl:default [Connection reset by peer]
2026-09-01 18:27:48	HTTP_429	fqus	attempt=1	proxy=http://wiw4v7duaymysz9-session-274f0f53b70e-lifetime-10:***@rp.scrapegw.com:6060	scope=shared global=False retry_after=2061.00s
2026-09-01 18:27:48	HTTP_429	fqts	attempt=1	proxy=http://wiw4v7duaymysz9-session-bcc776d1191a-lifetime-10:***@rp.scrapegw.com:6060	scope=shared global=False retry_after=2059.00s
2026-09-01 18:27:48	HTTP_429	fqpn	attempt=1	proxy=http://wiw4v7duaymysz9-session-460f9c1d1d48-lifetime-10:***@rp.scrapegw.com:6060	scope=shared global=False retry_after=2055.00s
2026-09-01 18:27:48	HTTP_429	fqvo	attempt=1	proxy=http://wiw4v7duaymysz9-session-be89d3be5819-lifetime-10:***@rp.scrapegw.com:6060	scope=shared global=False retry_after=1683.00s
2026-09-01 18:27:48	HTTP_429	fqyl	attempt=1	proxy=http://wiw4v7duaymysz9-session-17ca0176cb8b-lifetime-10:***@rp.scrapegw.com:6060	scope=shared global=False retry_after=2062.00s
2026-09-01 18:27:48	HTTP_429	fqtw	attempt=1	proxy=http://wiw4v7duaymysz9-session-70237ee47c4f-lifetime-10:***@rp.scrapegw.com:6060	scope=shared global=False retry_after=495.00s
2026-09-01 18:27:48	HTTP_429	frbd	attempt=1	proxy=http://wiw4v7duaymysz9-session-10a4a8ea8dd7-lifetime-10:***@rp.scrapegw.com:6060	scope=shared global=False retry_after=2061.00s
2026-09-01 18:27:48	NETWORK	fmtx	attempt=1	proxy=http://wiw4v7duaymysz9-session-d0900ec5114f-lifetime-10:***@rp.scrapegw.com:6060	ClientConnectorError: Cannot connect to host discord.com:443 ssl:default [Connection reset by peer]
2026-09-01 18:27:48	HTTP_429	fray	attempt=1	proxy=http://wiw4v7duaymysz9-session-9b7cbcc5132c-lifetime-10:***@rp.scrapegw.com:6060	scope=shared global=False retry_after=2062.00s
2026-09-01 18:27:48	HTTP_429	fqvr	attempt=1	proxy=http://wiw4v7duaymysz9-session-04264d975cb4-lifetime-10:***@rp.scrapegw.com:6060	scope=shared global=False retry_after=2058.00s
2026-09-01 18:27:48	HTTP_429	fqxa	attempt=1	proxy=http://wiw4v7duaymysz9-session-6907d6ecc09a-lifetime-10:***@rp.scrapegw.com:6060	scope=shared global=False retry_after=2054.00s
2026-09-01 18:27:48	HTTP_429	frbs	attempt=1	proxy=http://wiw4v7duaymysz9-session-fd682521aeff-lifetime-10:***@rp.scrapegw.com:6060	scope=shared global=False retry_after=2061.00s
2026-09-01 18:27:48	NETWORK	fjmr	attempt=1	proxy=http://wiw4v7duaymysz9-session-489588d74fca-lifetime-10:***@rp.scrapegw.com:6060	ConnectionTimeoutError: Connection timeout to host https://discord.com/api/v9/unique-username/username-attempt-unauthed
2026-09-01 18:27:48	NETWORK	fkes	attempt=1	proxy=http://wiw4v7duaymysz9-session-f72c9d9db763-lifetime-10:***@rp.scrapegw.com:6060	ConnectionTimeoutError: Connection timeout to host https://discord.com/api/v9/unique-username/username-attempt-unauthed
2026-09-01 18:27:48	NETWORK	fkgd	attempt=1	proxy=http://wiw4v7duaymysz9-session-0098ace9e0cb-lifetime-10:***@rp.scrapegw.com:6060	ConnectionTimeoutError: Connection timeout to host https://discord.com/api/v9/unique-username/username-attempt-unauthed
2026-09-01 18:27:48	NETWORK	fkhi	attempt=1	proxy=http://wiw4v7duaymysz9-session-72ce02905c2e-lifetime-10:***@rp.scrapegw.com:6060	ConnectionTimeoutError: Connection timeout to host https://discord.com/api/v9/unique-username/username-attempt-unauthed
2026-09-01 18:27:48	NETWORK	fkgg	attempt=1	proxy=http://wiw4v7duaymysz9-session-46703fb0f14b-lifetime-10:***@rp.scrapegw.com:6060	ConnectionTimeoutError: Connection timeout to host https://discord.com/api/v9/unique-username/username-attempt-unauthed
2026-09-01 18:27:48	NETWORK	fjyl	attempt=1	proxy=http://wiw4v7duaymysz9-session-438b25a39c17-lifetime-10:***@rp.scrapegw.com:6060	ConnectionTimeoutError: Connection timeout to host https://discord.com/api/v9/unique-username/username-attempt-unauthed
2026-09-01 18:27:48	NETWORK	fjzt	attempt=1	proxy=http://wiw4v7duaymysz9-session-a70a694e4d62-lifetime-10:***@rp.scrapegw.com:6060	ConnectionTimeoutError: Connection timeout to host https://discord.com/api/v9/unique-username/username-attempt-unauthed
2026-09-01 18:27:48	NETWORK	fjto	attempt=1	proxy=http://wiw4v7duaymysz9-session-5c481cc561c0-lifetime-10:***@rp.scrapegw.com:6060	ConnectionTimeoutError: Connection timeout to host https://discord.com/api/v9/unique-username/username-attempt-unauthed
2026-09-01 18:27:48	NETWORK	fkiw	attempt=1	proxy=http://wiw4v7duaymysz9-session-31dfd71ccf62-lifetime-10:***@rp.scrapegw.com:6060	ConnectionTimeoutError: Connection timeout to host https://discord.com/api/v9/unique-username/username-attempt-unauthed
2026-09-01 18:27:48	NETWORK	fjmv	attempt=1	proxy=http://wiw4v7duaymysz9-session-a548bf0c588e-lifetime-10:***@rp.scrapegw.com:6060	ConnectionTimeoutError: Connection timeout to host https://discord.com/api/v9/unique-username/username-attempt-unauthed
2026-09-01 18:27:48	NETWORK	fjol	attempt=1	proxy=http://wiw4v7duaymysz9-session-e717b4d5d2dc-lifetime-10:***@rp.scrapegw.com:6060	ConnectionTimeoutError: Connection timeout to host https://discord.com/api/v9/unique-username/username-attempt-unauthed
2026-09-01 18:27:48	NETWORK	fkcr	attempt=1	proxy=http://wiw4v7duaymysz9-session-f5a2e51fd6d3-lifetime-10:***@rp.scrapegw.com:6060	ConnectionTimeoutError: Connection timeout to host https://discord.com/api/v9/unique-username/username-attempt-unauthed
2026-09-01 18:27:48	NETWORK	fjru	attempt=1	proxy=http://wiw4v7duaymysz9-session-a0afb41b253d-lifetime-10:***@rp.scrapegw.com:6060	ConnectionTimeoutError: Connection timeout to host https://discord.com/api/v9/unique-username/username-attempt-unauthed
2026-09-01 18:27:48	NETWORK	fkil	attempt=1	proxy=http://wiw4v7duaymysz9-session-39ec0054b093-lifetime-10:***@rp.scrapegw.com:6060	ConnectionTimeoutError: Connection timeout to host https://discord.com/api/v9/unique-username/username-attempt-unauthed
2026-09-01 18:27:48	NETWORK	fkeb	attempt=1	proxy=http://wiw4v7duaymysz9-session-cd8ffb5312c2-lifetime-10:***@rp.scrapegw.com:6060	ConnectionTimeoutError: Connection timeout to host https://discord.com/api/v9/unique-username/username-attempt-unauthed
2026-09-01 18:27:48	NETWORK	fjwj	attempt=1	proxy=http://wiw4v7duaymysz9-session-99993ded3db8-lifetime-10:***@rp.scrapegw.com:6060	ConnectionTimeoutError: Connection timeout to host https://discord.com/api/v9/unique-username/username-attempt-unauthed
2026-09-01 18:27:48	NETWORK	fjke	attempt=1	proxy=http://wiw4v7duaymysz9-session-4d06835ddfda-lifetime-10:***@rp.scrapegw.com:6060	ConnectionTimeoutError: Connection timeout to host https://discord.com/api/v9/unique-username/username-attempt-unauthed
2026-09-01 18:27:48	NETWORK	fkbv	attempt=1	proxy=http://wiw4v7duaymysz9-session-bb89f64c3ce3-lifetime-10:***@rp.scrapegw.com:6060	ConnectionTimeoutError: Connection timeout to host https://discord.com/api/v9/unique-username/username-attempt-unauthed
2026-09-01 18:27:48	NETWORK	fjlp	attempt=1	proxy=http://wiw4v7duaymysz9-session-05f6e56ac9b9-lifetime-10:***@rp.scrapegw.com:6060	ConnectionTimeoutError: Connection timeout to host https://discord.com/api/v9/unique-username/username-attempt-unauthed
2026-09-01 18:27:48	NETWORK	fkkn	attempt=1	proxy=http://wiw4v7duaymysz9-session-49ea3bdc1303-lifetime-10:***@rp.scrapegw.com:6060	ConnectionTimeoutError: Connection timeout to host https://discord.com/api/v9/unique-username/username-attempt-unauthed
2026-09-01 18:27:48	NETWORK	fjud	attempt=1	proxy=http://wiw4v7duaymysz9-session-a361489fa34e-lifetime-10:***@rp.scrapegw.com:6060	ConnectionTimeoutError: Connection timeout to host https://discord.com/api/v9/unique-username/username-attempt-unauthed
2026-09-01 18:27:48	NETWORK	fkjj	attempt=1	proxy=http://wiw4v7duaymysz9-session-4b1d931d63d7-lifetime-10:***@rp.scrapegw.com:6060	ConnectionTimeoutError: Connection timeout to host https://discord.com/api/v9/unique-username/username-attempt-unauthed
2026-09-01 18:27:48	NETWORK	fjna	attempt=1	proxy=http://wiw4v7duaymysz9-session-633b37c94df3-lifetime-10:***@rp.scrapegw.com:6060	ConnectionTimeoutError: Connection timeout to host https://discord.com/api/v9/unique-username/username-attempt-unauthed
2026-09-01 18:27:48	NETWORK	fjzc	attempt=1	proxy=http://wiw4v7duaymysz9-session-958e9881c5c3-lifetime-10:***@rp.scrapegw.com:6060	ConnectionTimeoutError: Connection timeout to host https://discord.com/api/v9/unique-username/username-attempt-unauthed
2026-09-01 18:27:48	NETWORK	fjxe	attempt=1	proxy=http://wiw4v7duaymysz9-session-35c25585c724-lifetime-10:***@rp.scrapegw.com:6060	ConnectionTimeoutError: Connection timeout to host https://discord.com/api/v9/unique-username/username-attempt-unauthed
2026-09-01 18:27:48	NETWORK	fkdl	attempt=1	proxy=http://wiw4v7duaymysz9-session-1b62df5ec778-lifetime-10:***@rp.scrapegw.com:6060	ConnectionTimeoutError: Connection timeout to host https://discord.com/api/v9/unique-username/username-attempt-unauthed
2026-09-01 18:27:48	NETWORK	fjpd	attempt=1	proxy=http://wiw4v7duaymysz9-session-c28cac1ec6dd-lifetime-10:***@rp.scrapegw.com:6060	ConnectionTimeoutError: Connection timeout to host https://discord.com/api/v9/unique-username/username-attempt-unauthed
2026-09-01 18:27:48	NETWORK	fkgv	attempt=1	proxy=http://wiw4v7duaymysz9-session-c83e1e8ef127-lifetime-10:***@rp.scrapegw.com:6060	ConnectionTimeoutError: Connection timeout to host https://discord.com/api/v9/unique-username/username-attempt-unauthed
2026-09-01 18:27:48	NETWORK	fjxm	attempt=1	proxy=http://wiw4v7duaymysz9-session-9c4fe4fbbb4a-lifetime-10:***@rp.scrapegw.com:6060	ConnectionTimeoutError: Connection timeout to host https://discord.com/api/v9/unique-username/username-attempt-unauthed
2026-09-01 18:27:48	NETWORK	fjnf	attempt=1	proxy=http://wiw4v7duaymysz9-session-e43bab276d2a-lifetime-10:***@rp.scrapegw.com:6060	ConnectionTimeoutError: Connection timeout to host https://discord.com/api/v9/unique-username/username-attempt-unauthed
2026-09-01 18:27:48	NETWORK	fkhp	attempt=1	proxy=http://wiw4v7duaymysz9-session-27e2739e7574-lifetime-10:***@rp.scrapegw.com:6060	ConnectionTimeoutError: Connection timeout to host https://discord.com/api/v9/unique-username/username-attempt-unauthed
2026-09-01 18:27:48	NETWORK	fkbn	attempt=1	proxy=http://wiw4v7duaymysz9-session-4485bf7a5769-lifetime-10:***@rp.scrapegw.com:6060	ConnectionTimeoutError: Connection timeout to host https://discord.com/api/v9/unique-username/username-attempt-unauthed
2026-09-01 18:27:48	NETWORK	fjse	attempt=1	proxy=http://wiw4v7duaymysz9-session-ea65c90dbf2f-lifetime-10:***@rp.scrapegw.com:6060	ConnectionTimeoutError: Connection timeout to host https://discord.com/api/v9/unique-username/username-attempt-unauthed
2026-09-01 18:27:48	NETWORK	fjym	attempt=1	proxy=http://wiw4v7duaymysz9-session-6a6b729a6a05-lifetime-10:***@rp.scrapegw.com:6060	ConnectionTimeoutError: Connection timeout to host https://discord.com/api/v9/unique-username/username-attempt-unauthed
2026-09-01 18:27:48	NETWORK	fjro	attempt=1	proxy=http://wiw4v7duaymysz9-session-b304f8fcad4d-lifetime-10:***@rp.scrapegw.com:6060	ConnectionTimeoutError: Connection timeout to host https://discord.com/api/v9/unique-username/username-attempt-unauthed
2026-09-01 18:27:48	NETWORK	fjzk	attempt=1	proxy=http://wiw4v7duaymysz9-session-5525342a1dae-lifetime-10:***@rp.scrapegw.com:6060	ConnectionTimeoutError: Connection timeout to host https://discord.com/api/v9/unique-username/username-attempt-unauthed
2026-09-01 18:27:48	NETWORK	fkau	attempt=1	proxy=http://wiw4v7duaymysz9-session-46b2bfadf89f-lifetime-10:***@rp.scrapegw.com:6060	ConnectionTimeoutError: Connection timeout to host https://discord.com/api/v9/unique-username/username-attempt-unauthed
2026-09-01 18:27:48	NETWORK	fjmb	attempt=1	proxy=http://wiw4v7duaymysz9-session-8b76d142418b-lifetime-10:***@rp.scrapegw.com:6060	ConnectionTimeoutError: Connection timeout to host https://discord.com/api/v9/unique-username/username-attempt-unauthed
2026-09-01 18:27:48	NETWORK	fjqc	attempt=1	proxy=http://wiw4v7duaymysz9-session-4573b3690bb7-lifetime-10:***@rp.scrapegw.com:6060	ConnectionTimeoutError: Connection timeout to host https://discord.com/api/v9/unique-username/username-attempt-unauthed
2026-09-01 18:27:48	NETWORK	fjqa	attempt=1	proxy=http://wiw4v7duaymysz9-session-e1b940a48d2d-lifetime-10:***@rp.scrapegw.com:6060	ConnectionTimeoutError: Connection timeout to host https://discord.com/api/v9/unique-username/username-attempt-unauthed
2026-09-01 18:27:48	NETWORK	fjrz	attempt=1	proxy=http://wiw4v7duaymysz9-session-f409b20824df-lifetime-10:***@rp.scrapegw.com:6060	ConnectionTimeoutError: Connection timeout to host https://discord.com/api/v9/unique-username/username-attempt-unauthed
2026-09-01 18:27:48	NETWORK	fjtt	attempt=1	proxy=http://wiw4v7duaymysz9-session-d33ba0fd70bb-lifetime-10:***@rp.scrapegw.com:6060	ConnectionTimeoutError: Connection timeout to host https://discord.com/api/v9/unique-username/username-attempt-unauthed
2026-09-01 18:27:48	NETWORK	fjmf	attempt=1	proxy=http://wiw4v7duaymysz9-session-7df81c211b3f-lifetime-10:***@rp.scrapegw.com:6060	ConnectionTimeoutError: Connection timeout to host https://discord.com/api/v9/unique-username/username-attempt-unauthed
2026-09-01 18:27:48	NETWORK	fjot	attempt=1	proxy=http://wiw4v7duaymysz9-session-6252e0f4caa3-lifetime-10:***@rp.scrapegw.com:6060	ConnectionTimeoutError: Connection timeout to host https://discord.com/api/v9/unique-username/username-attempt-unauthed
2026-09-01 18:27:48	HTTP_429	frar	attempt=1	proxy=http://wiw4v7duaymysz9-session-9efd3cdb7ab1-lifetime-10:***@rp.scrapegw.com:6060	scope=shared global=False retry_after=2055.00s
2026-09-01 18:27:48	HTTP_429	frdr	attempt=1	proxy=http://wiw4v7duaymysz9-session-5cec27fd5623-lifetime-10:***@rp.scrapegw.com:6060	scope=shared global=False retry_after=2059.00s
2026-09-01 18:27:48	HTTP_429	frbw	attempt=1	proxy=http://wiw4v7duaymysz9-session-935800d7f53f-lifetime-10:***@rp.scrapegw.com:6060	scope=shared global=False retry_after=2062.00s
2026-09-01 18:27:48	HTTP_429	frbg	attempt=1	proxy=http://wiw4v7duaymysz9-session-961cf4ce59ef-lifetime-10:***@rp.scrapegw.com:6060	scope=shared global=False retry_after=2061.00s
2026-09-01 18:27:48	HTTP_429	frdg	attempt=1	proxy=http://wiw4v7duaymysz9-session-2edfbbb24e01-lifetime-10:***@rp.scrapegw.com:6060	scope=shared global=False retry_after=2061.00s
2026-09-01 18:27:48	HTTP_429	fraz	attempt=1	proxy=http://wiw4v7duaymysz9-session-f3ca13378a13-lifetime-10:***@rp.scrapegw.com:6060	scope=shared global=False retry_after=2054.00s
2026-09-01 18:27:48	HTTP_429	frfu	attempt=1	proxy=http://wiw4v7duaymysz9-session-33a3f9a96153-lifetime-10:***@rp.scrapegw.com:6060	scope=shared global=False retry_after=2061.00s
2026-09-01 18:27:48	NETWORK	fpko	attempt=1	proxy=http://wiw4v7duaymysz9-session-dabbbe6f5519-lifetime-10:***@rp.scrapegw.com:6060	ClientConnectorError: Cannot connect to host discord.com:443 ssl:default [Connection reset by peer]
2026-09-01 18:27:48	HTTP_429	frjz	attempt=1	proxy=http://wiw4v7duaymysz9-session-7ed03ca0624f-lifetime-10:***@rp.scrapegw.com:6060	scope=shared global=False retry_after=2053.00s
2026-09-01 18:27:49	HTTP_429	frgj	attempt=1	proxy=http://wiw4v7duaymysz9-session-5adb2dfdcde0-lifetime-10:***@rp.scrapegw.com:6060	scope=shared global=False retry_after=2061.00s
2026-09-01 18:27:49	HTTP_429	frif	attempt=1	proxy=http://wiw4v7duaymysz9-session-a34f0e570c99-lifetime-10:***@rp.scrapegw.com:6060	scope=shared global=False retry_after=2060.00s
2026-09-01 18:27:49	HTTP_429	frga	attempt=1	proxy=http://wiw4v7duaymysz9-session-c32697460896-lifetime-10:***@rp.scrapegw.com:6060	scope=shared global=False retry_after=2059.00s
2026-09-01 18:27:49	HTTP_429	frca	attempt=1	proxy=http://wiw4v7duaymysz9-session-8c5ac6aa2074-lifetime-10:***@rp.scrapegw.com:6060	scope=shared global=False retry_after=2061.00s
2026-09-01 18:27:49	HTTP_429	frkn	attempt=1	proxy=http://wiw4v7duaymysz9-session-9e334abdb6de-lifetime-10:***@rp.scrapegw.com:6060	scope=shared global=False retry_after=2060.00s
2026-09-01 18:27:49	HTTP_429	frla	attempt=1	proxy=http://wiw4v7duaymysz9-session-3048c49182ee-lifetime-10:***@rp.scrapegw.com:6060	scope=shared global=False retry_after=2060.00s
2026-09-01 18:27:49	NETWORK	fhua	attempt=1	proxy=http://wiw4v7duaymysz9-session-33ddca2d101d-lifetime-10:***@rp.scrapegw.com:6060	ServerDisconnectedError: Server disconnected
2026-09-01 18:27:49	HTTP_429	frdw	attempt=1	proxy=http://wiw4v7duaymysz9-session-878b95dff86d-lifetime-10:***@rp.scrapegw.com:6060	scope=shared global=False retry_after=1217.00s
2026-09-01 18:27:49	HTTP_429	frjk	attempt=1	proxy=http://wiw4v7duaymysz9-session-c8363269545b-lifetime-10:***@rp.scrapegw.com:6060	scope=shared global=False retry_after=2058.00s
2026-09-01 18:27:49	HTTP_429	frod	attempt=1	proxy=http://wiw4v7duaymysz9-session-2cf27f449c95-lifetime-10:***@rp.scrapegw.com:6060	scope=shared global=False retry_after=1033.00s
2026-09-01 18:27:49	HTTP_429	frqt	attempt=1	proxy=http://wiw4v7duaymysz9-session-d20579d19dbd-lifetime-10:***@rp.scrapegw.com:6060	scope=shared global=False retry_after=2059.00s
2026-09-01 18:27:49	HTTP_429	frlu	attempt=1	proxy=http://wiw4v7duaymysz9-session-516a65bce3e0-lifetime-10:***@rp.scrapegw.com:6060	scope=shared global=False retry_after=2059.00s
2026-09-01 18:27:49	NETWORK	fokg	attempt=1	proxy=http://wiw4v7duaymysz9-session-39366696563b-lifetime-10:***@rp.scrapegw.com:6060	ClientConnectorError: Cannot connect to host discord.com:443 ssl:default [Connection reset by peer]
2026-09-01 18:27:49	NETWORK	fodp	attempt=1	proxy=http://wiw4v7duaymysz9-session-700dea28b2e8-lifetime-10:***@rp.scrapegw.com:6060	ClientConnectorError: Cannot connect to host discord.com:443 ssl:default [Connection reset by peer]
2026-09-01 18:27:49	HTTP_429	fpec	attempt=1	proxy=http://wiw4v7duaymysz9-session-0f3d1b6b3de7-lifetime-10:***@rp.scrapegw.com:6060	scope=shared global=False retry_after=982.00s
2026-09-01 18:27:49	NETWORK	fpek	attempt=1	proxy=http://wiw4v7duaymysz9-session-cc1cc8e78134-lifetime-10:***@rp.scrapegw.com:6060	ClientConnectorError: Cannot connect to host discord.com:443 ssl:default [Connection reset by peer]
2026-09-01 18:27:49	HTTP_429	frsb	attempt=1	proxy=http://wiw4v7duaymysz9-session-d26f6cf5c9a6-lifetime-10:***@rp.scrapegw.com:6060	scope=shared global=False retry_after=1403.00s
2026-09-01 18:27:49	NETWORK	flht	attempt=1	proxy=http://wiw4v7duaymysz9-session-56b1f8ac3e84-lifetime-10:***@rp.scrapegw.com:6060	ClientConnectorError: Cannot connect to host discord.com:443 ssl:default [Connection reset by peer]
2026-09-01 18:27:49	HTTP_429	frnw	attempt=1	proxy=http://wiw4v7duaymysz9-session-0f3d1b6b3de7-lifetime-10:***@rp.scrapegw.com:6060	scope=shared global=False retry_after=982.00s
2026-09-01 18:27:49	HTTP_429	frsg	attempt=1	proxy=http://wiw4v7duaymysz9-session-d4d5346c9154-lifetime-10:***@rp.scrapegw.com:6060	scope=shared global=False retry_after=2061.00s
2026-09-01 18:27:49	HTTP_429	frof	attempt=1	proxy=http://wiw4v7duaymysz9-session-be3a6dd1352b-lifetime-10:***@rp.scrapegw.com:6060	scope=shared global=False retry_after=2060.00s
2026-09-01 18:27:49	HTTP_429	frow	attempt=1	proxy=http://wiw4v7duaymysz9-session-c8ebb6f9c452-lifetime-10:***@rp.scrapegw.com:6060	scope=shared global=False retry_after=2060.00s
2026-09-01 18:27:49	HTTP_429	fmbx	attempt=1	proxy=http://wiw4v7duaymysz9-session-1e1d0a8d7695-lifetime-10:***@rp.scrapegw.com:6060	scope=shared global=False retry_after=384.00s
2026-09-01 18:27:49	HTTP_429	frut	attempt=1	proxy=http://wiw4v7duaymysz9-session-8deae41f1a08-lifetime-10:***@rp.scrapegw.com:6060	scope=shared global=False retry_after=2031.00s
2026-09-01 18:27:49	HTTP_429	frrj	attempt=1	proxy=http://wiw4v7duaymysz9-session-7e1dacb8fae3-lifetime-10:***@rp.scrapegw.com:6060	scope=shared global=False retry_after=2060.00s
2026-09-01 18:27:49	HTTP_429	frtu	attempt=1	proxy=http://wiw4v7duaymysz9-session-06d9dd8c2e01-lifetime-10:***@rp.scrapegw.com:6060	scope=shared global=False retry_after=2057.00s
2026-09-01 18:27:49	NETWORK	fkmr	attempt=1	proxy=http://wiw4v7duaymysz9-session-862edb82850a-lifetime-10:***@rp.scrapegw.com:6060	ConnectionTimeoutError: Connection timeout to host https://discord.com/api/v9/unique-username/username-attempt-unauthed
2026-09-01 18:27:49	NETWORK	fkta	attempt=1	proxy=http://wiw4v7duaymysz9-session-ff3850dc1941-lifetime-10:***@rp.scrapegw.com:6060	ConnectionTimeoutError: Connection timeout to host https://discord.com/api/v9/unique-username/username-attempt-unauthed
2026-09-01 18:27:49	NETWORK	fkqs	attempt=1	proxy=http://wiw4v7duaymysz9-session-5fc6aa448be9-lifetime-10:***@rp.scrapegw.com:6060	ConnectionTimeoutError: Connection timeout to host https://discord.com/api/v9/unique-username/username-attempt-unauthed
2026-09-01 18:27:49	NETWORK	fkql	attempt=1	proxy=http://wiw4v7duaymysz9-session-861d243bb704-lifetime-10:***@rp.scrapegw.com:6060	ConnectionTimeoutError: Connection timeout to host https://discord.com/api/v9/unique-username/username-attempt-unauthed
2026-09-01 18:27:49	NETWORK	fldo	attempt=1	proxy=http://wiw4v7duaymysz9-session-11cc9f644ab8-lifetime-10:***@rp.scrapegw.com:6060	ConnectionTimeoutError: Connection timeout to host https://discord.com/api/v9/unique-username/username-attempt-unauthed
2026-09-01 18:27:49	NETWORK	fkwi	attempt=1	proxy=http://wiw4v7duaymysz9-session-b1ce0569a7c5-lifetime-10:***@rp.scrapegw.com:6060	ConnectionTimeoutError: Connection timeout to host https://discord.com/api/v9/unique-username/username-attempt-unauthed
2026-09-01 18:27:49	NETWORK	fknm	attempt=1	proxy=http://wiw4v7duaymysz9-session-e51072034bd3-lifetime-10:***@rp.scrapegw.com:6060	ConnectionTimeoutError: Connection timeout to host https://discord.com/api/v9/unique-username/username-attempt-unauthed
2026-09-01 18:27:49	NETWORK	fkqn	attempt=1	proxy=http://wiw4v7duaymysz9-session-71a9148bb564-lifetime-10:***@rp.scrapegw.com:6060	ConnectionTimeoutError: Connection timeout to host https://discord.com/api/v9/unique-username/username-attempt-unauthed
2026-09-01 18:27:49	NETWORK	fler	attempt=1	proxy=http://wiw4v7duaymysz9-session-6828726bb654-lifetime-10:***@rp.scrapegw.com:6060	ConnectionTimeoutError: Connection timeout to host https://discord.com/api/v9/unique-username/username-attempt-unauthed
2026-09-01 18:27:49	NETWORK	flef	attempt=1	proxy=http://wiw4v7duaymysz9-session-ace6c7012d92-lifetime-10:***@rp.scrapegw.com:6060	ConnectionTimeoutError: Connection timeout to host https://discord.com/api/v9/unique-username/username-attempt-unauthed
2026-09-01 18:27:49	NETWORK	flbp	attempt=1	proxy=http://wiw4v7duaymysz9-session-a6c6240c8703-lifetime-10:***@rp.scrapegw.com:6060	ConnectionTimeoutError: Connection timeout to host https://discord.com/api/v9/unique-username/username-attempt-unauthed
2026-09-01 18:27:49	NETWORK	flbi	attempt=1	proxy=http://wiw4v7duaymysz9-session-e3d752e707c2-lifetime-10:***@rp.scrapegw.com:6060	ConnectionTimeoutError: Connection timeout to host https://discord.com/api/v9/unique-username/username-attempt-unauthed
2026-09-01 18:27:49	NETWORK	fktg	attempt=1	proxy=http://wiw4v7duaymysz9-session-c6ef5ea2e592-lifetime-10:***@rp.scrapegw.com:6060	ConnectionTimeoutError: Connection timeout to host https://discord.com/api/v9/unique-username/username-attempt-unauthed
2026-09-01 18:27:49	NETWORK	fksp	attempt=1	proxy=http://wiw4v7duaymysz9-session-6d48733086bb-lifetime-10:***@rp.scrapegw.com:6060	ConnectionTimeoutError: Connection timeout to host https://discord.com/api/v9/unique-username/username-attempt-unauthed
2026-09-01 18:27:49	NETWORK	flcj	attempt=1	proxy=http://wiw4v7duaymysz9-session-d025c7794343-lifetime-10:***@rp.scrapegw.com:6060	ConnectionTimeoutError: Connection timeout to host https://discord.com/api/v9/unique-username/username-attempt-unauthed
2026-09-01 18:27:49	NETWORK	flcu	attempt=1	proxy=http://wiw4v7duaymysz9-session-3198270117f6-lifetime-10:***@rp.scrapegw.com:6060	ConnectionTimeoutError: Connection timeout to host https://discord.com/api/v9/unique-username/username-attempt-unauthed
2026-09-01 18:27:49	NETWORK	fkma	attempt=1	proxy=http://wiw4v7duaymysz9-session-1c7e726ebf4e-lifetime-10:***@rp.scrapegw.com:6060	ConnectionTimeoutError: Connection timeout to host https://discord.com/api/v9/unique-username/username-attempt-unauthed
2026-09-01 18:27:49	NETWORK	fkmy	attempt=1	proxy=http://wiw4v7duaymysz9-session-c11d80150419-lifetime-10:***@rp.scrapegw.com:6060	ConnectionTimeoutError: Connection timeout to host https://discord.com/api/v9/unique-username/username-attempt-unauthed
2026-09-01 18:27:49	NETWORK	fkru	attempt=1	proxy=http://wiw4v7duaymysz9-session-a19e43735fa7-lifetime-10:***@rp.scrapegw.com:6060	ConnectionTimeoutError: Connection timeout to host https://discord.com/api/v9/unique-username/username-attempt-unauthed
2026-09-01 18:27:49	NETWORK	fkkv	attempt=1	proxy=http://wiw4v7duaymysz9-session-fc3861fcf0a3-lifetime-10:***@rp.scrapegw.com:6060	ConnectionTimeoutError: Connection timeout to host https://discord.com/api/v9/unique-username/username-attempt-unauthed
2026-09-01 18:27:49	NETWORK	fkqt	attempt=1	proxy=http://wiw4v7duaymysz9-session-dec6743954fc-lifetime-10:***@rp.scrapegw.com:6060	ConnectionTimeoutError: Connection timeout to host https://discord.com/api/v9/unique-username/username-attempt-unauthed
2026-09-01 18:27:49	NETWORK	fklr	attempt=1	proxy=http://wiw4v7duaymysz9-session-ebf11e42be67-lifetime-10:***@rp.scrapegw.com:6060	ConnectionTimeoutError: Connection timeout to host https://discord.com/api/v9/unique-username/username-attempt-unauthed
2026-09-01 18:27:49	NETWORK	fkmt	attempt=1	proxy=http://wiw4v7duaymysz9-session-15a359e81609-lifetime-10:***@rp.scrapegw.com:6060	ConnectionTimeoutError: Connection timeout to host https://discord.com/api/v9/unique-username/username-attempt-unauthed
2026-09-01 18:27:49	NETWORK	flec	attempt=1	proxy=http://wiw4v7duaymysz9-session-48b36b3167df-lifetime-10:***@rp.scrapegw.com:6060	ConnectionTimeoutError: Connection timeout to host https://discord.com/api/v9/unique-username/username-attempt-unauthed
2026-09-01 18:27:49	NETWORK	fkre	attempt=1	proxy=http://wiw4v7duaymysz9-session-505cc801a88e-lifetime-10:***@rp.scrapegw.com:6060	ConnectionTimeoutError: Connection timeout to host https://discord.com/api/v9/unique-username/username-attempt-unauthed
2026-09-01 18:27:49	NETWORK	fkvg	attempt=1	proxy=http://wiw4v7duaymysz9-session-4d9e878a22ee-lifetime-10:***@rp.scrapegw.com:6060	ConnectionTimeoutError: Connection timeout to host https://discord.com/api/v9/unique-username/username-attempt-unauthed
2026-09-01 18:27:49	NETWORK	fkqd	attempt=1	proxy=http://wiw4v7duaymysz9-session-66a9da9e39e1-lifetime-10:***@rp.scrapegw.com:6060	ConnectionTimeoutError: Connection timeout to host https://discord.com/api/v9/unique-username/username-attempt-unauthed
2026-09-01 18:27:49	NETWORK	flcx	attempt=1	proxy=http://wiw4v7duaymysz9-session-33ddca2d101d-lifetime-10:***@rp.scrapegw.com:6060	ConnectionTimeoutError: Connection timeout to host https://discord.com/api/v9/unique-username/username-attempt-unauthed
2026-09-01 18:27:49	NETWORK	flff	attempt=1	proxy=http://wiw4v7duaymysz9-session-7a81e060a663-lifetime-10:***@rp.scrapegw.com:6060	ConnectionTimeoutError: Connection timeout to host https://discord.com/api/v9/unique-username/username-attempt-unauthed
2026-09-01 18:27:49	NETWORK	fkpn	attempt=1	proxy=http://wiw4v7duaymysz9-session-82a2c6383666-lifetime-10:***@rp.scrapegw.com:6060	ConnectionTimeoutError: Connection timeout to host https://discord.com/api/v9/unique-username/username-attempt-unauthed
2026-09-01 18:27:49	NETWORK	flah	attempt=1	proxy=http://wiw4v7duaymysz9-session-f7e16332f2f7-lifetime-10:***@rp.scrapegw.com:6060	ConnectionTimeoutError: Connection timeout to host https://discord.com/api/v9/unique-username/username-attempt-unauthed
2026-09-01 18:27:49	NETWORK	fkvc	attempt=1	proxy=http://wiw4v7duaymysz9-session-f2f6096ed5a8-lifetime-10:***@rp.scrapegw.com:6060	ConnectionTimeoutError: Connection timeout to host https://discord.com/api/v9/unique-username/username-attempt-unauthed
2026-09-01 18:27:49	NETWORK	fkvr	attempt=1	proxy=http://wiw4v7duaymysz9-session-4f75bbf3e752-lifetime-10:***@rp.scrapegw.com:6060	ConnectionTimeoutError: Connection timeout to host https://discord.com/api/v9/unique-username/username-attempt-unauthed
2026-09-01 18:27:49	NETWORK	fksu	attempt=1	proxy=http://wiw4v7duaymysz9-session-989202543cf8-lifetime-10:***@rp.scrapegw.com:6060	ConnectionTimeoutError: Connection timeout to host https://discord.com/api/v9/unique-username/username-attempt-unauthed
2026-09-01 18:27:49	HTTP_429	frvr	attempt=1	proxy=http://wiw4v7duaymysz9-session-21d10c3996c3-lifetime-10:***@rp.scrapegw.com:6060	scope=shared global=False retry_after=2054.00s
2026-09-01 18:27:49	HTTP_429	frxn	attempt=1	proxy=http://wiw4v7duaymysz9-session-b1be7a30096c-lifetime-10:***@rp.scrapegw.com:6060	scope=shared global=False retry_after=36.00s
2026-09-01 18:27:49	HTTP_429	frwo	attempt=1	proxy=http://wiw4v7duaymysz9-session-ef31e3bd4097-lifetime-10:***@rp.scrapegw.com:6060	scope=shared global=False retry_after=2061.00s
2026-09-01 18:27:49	HTTP_429	frwf	attempt=1	proxy=http://wiw4v7duaymysz9-session-411794058665-lifetime-10:***@rp.scrapegw.com:6060	scope=shared global=False retry_after=2059.00s
2026-09-01 18:27:49	HTTP_429	frvh	attempt=1	proxy=http://wiw4v7duaymysz9-session-c47cecaad44a-lifetime-10:***@rp.scrapegw.com:6060	scope=shared global=False retry_after=2060.00s
2026-09-01 18:27:49	HTTP_429	fryz	attempt=1	proxy=http://wiw4v7duaymysz9-session-9d89cbd74609-lifetime-10:***@rp.scrapegw.com:6060	scope=shared global=False retry_after=2053.00s
2026-09-01 18:27:49	HTTP_429	fsac	attempt=1	proxy=http://wiw4v7duaymysz9-session-470e3601bf35-lifetime-10:***@rp.scrapegw.com:6060	scope=shared global=False retry_after=2058.00s
2026-09-01 18:27:49	HTTP_429	fryv	attempt=1	proxy=http://wiw4v7duaymysz9-session-4ba83b4ce129-lifetime-10:***@rp.scrapegw.com:6060	scope=shared global=False retry_after=2053.00s
2026-09-01 18:27:49	HTTP_429	fsbo	attempt=1	proxy=http://wiw4v7duaymysz9-session-0dc4300ac723-lifetime-10:***@rp.scrapegw.com:6060	scope=shared global=False retry_after=2059.00s
2026-09-01 18:27:50	HTTP_429	frzv	attempt=1	proxy=http://wiw4v7duaymysz9-session-7c7a3c00bda0-lifetime-10:***@rp.scrapegw.com:6060	scope=shared global=False retry_after=2060.00s
2026-09-01 18:27:50	NETWORK	fmda	attempt=1	proxy=http://wiw4v7duaymysz9-session-dafed0f81e49-lifetime-10:***@rp.scrapegw.com:6060	ClientConnectorError: Cannot connect to host discord.com:443 ssl:default [Connection reset by peer]
2026-09-01 18:27:50	HTTP_429	fsda	attempt=1	proxy=http://wiw4v7duaymysz9-session-9bd61103629f-lifetime-10:***@rp.scrapegw.com:6060	scope=shared global=False retry_after=2060.00s
2026-09-01 18:27:50	HTTP_429	fscd	attempt=1	proxy=http://wiw4v7duaymysz9-session-41ab9b0ac0ee-lifetime-10:***@rp.scrapegw.com:6060	scope=shared global=False retry_after=122.00s
2026-09-01 18:27:50	HTTP_429	frzs	attempt=1	proxy=http://wiw4v7duaymysz9-session-cd0e30640439-lifetime-10:***@rp.scrapegw.com:6060	scope=shared global=False retry_after=2053.00s
2026-09-01 18:27:50	NETWORK	fipo	attempt=1	proxy=http://wiw4v7duaymysz9-session-9f841963b6d0-lifetime-10:***@rp.scrapegw.com:6060	ServerDisconnectedError: Server disconnected
2026-09-01 18:27:50	HTTP_429	fsbr	attempt=1	proxy=http://wiw4v7duaymysz9-session-f48016863cdb-lifetime-10:***@rp.scrapegw.com:6060	scope=shared global=False retry_after=2059.00s
2026-09-01 18:27:50	HTTP_429	fshf	attempt=1	proxy=http://wiw4v7duaymysz9-session-e6816881d28b-lifetime-10:***@rp.scrapegw.com:6060	scope=shared global=False retry_after=2052.00s
2026-09-01 18:27:50	NETWORK	fnbo	attempt=1	proxy=http://wiw4v7duaymysz9-session-4485bf7a5769-lifetime-10:***@rp.scrapegw.com:6060	ClientConnectorError: Cannot connect to host discord.com:443 ssl:default [Connection reset by peer]
2026-09-01 18:27:50	HTTP_429	fscy	attempt=1	proxy=http://wiw4v7duaymysz9-session-bc549c4ee296-lifetime-10:***@rp.scrapegw.com:6060	scope=shared global=False retry_after=2060.00s
2026-09-01 18:27:50	HTTP_429	fscn	attempt=1	proxy=http://wiw4v7duaymysz9-session-010fa4d9b1bc-lifetime-10:***@rp.scrapegw.com:6060	scope=shared global=False retry_after=2059.00s
2026-09-01 18:27:50	HTTP_429	fsjf	attempt=1	proxy=http://wiw4v7duaymysz9-session-b3d6ce4ffaf8-lifetime-10:***@rp.scrapegw.com:6060	scope=shared global=False retry_after=2058.00s
2026-09-01 18:27:50	HTTP_429	fnnl	attempt=1	proxy=http://wiw4v7duaymysz9-session-68ce9fe3bddd-lifetime-10:***@rp.scrapegw.com:6060	scope=shared global=False retry_after=178.00s
2026-09-01 18:27:50	HTTP_429	fsgz	attempt=1	proxy=http://wiw4v7duaymysz9-session-f5a3129b7901-lifetime-10:***@rp.scrapegw.com:6060	scope=shared global=False retry_after=2059.00s
2026-09-01 18:27:50	HTTP_429	fsfq	attempt=1	proxy=http://wiw4v7duaymysz9-session-f04b266a42dd-lifetime-10:***@rp.scrapegw.com:6060	scope=shared global=False retry_after=1660.00s
2026-09-01 18:27:50	HTTP_429	fsoo	attempt=1	proxy=http://wiw4v7duaymysz9-session-66af7106c7af-lifetime-10:***@rp.scrapegw.com:6060	scope=shared global=False retry_after=2060.00s
2026-09-01 18:27:50	HTTP_429	fsjy	attempt=1	proxy=http://wiw4v7duaymysz9-session-406405d02ab5-lifetime-10:***@rp.scrapegw.com:6060	scope=shared global=False retry_after=2059.00s
2026-09-01 18:27:50	HTTP_429	flwy	attempt=1	proxy=http://wiw4v7duaymysz9-session-b7f7e79ed95e-lifetime-10:***@rp.scrapegw.com:6060	scope=shared global=False retry_after=947.81s
2026-09-01 18:27:50	NETWORK	fmaj	attempt=1	proxy=http://wiw4v7duaymysz9-session-c75ea01b2d4c-lifetime-10:***@rp.scrapegw.com:6060	ConnectionTimeoutError: Connection timeout to host https://discord.com/api/v9/unique-username/username-attempt-unauthed
2026-09-01 18:27:50	NETWORK	flmb	attempt=1	proxy=http://wiw4v7duaymysz9-session-402421e62aaa-lifetime-10:***@rp.scrapegw.com:6060	ConnectionTimeoutError: Connection timeout to host https://discord.com/api/v9/unique-username/username-attempt-unauthed
2026-09-01 18:27:50	NETWORK	flyb	attempt=1	proxy=http://wiw4v7duaymysz9-session-08b7abe07b62-lifetime-10:***@rp.scrapegw.com:6060	ConnectionTimeoutError: Connection timeout to host https://discord.com/api/v9/unique-username/username-attempt-unauthed
2026-09-01 18:27:50	NETWORK	flyd	attempt=1	proxy=http://wiw4v7duaymysz9-session-4da72d264f9d-lifetime-10:***@rp.scrapegw.com:6060	ConnectionTimeoutError: Connection timeout to host https://discord.com/api/v9/unique-username/username-attempt-unauthed
2026-09-01 18:27:50	NETWORK	fmbh	attempt=1	proxy=http://wiw4v7duaymysz9-session-a7cbb79868d3-lifetime-10:***@rp.scrapegw.com:6060	ConnectionTimeoutError: Connection timeout to host https://discord.com/api/v9/unique-username/username-attempt-unauthed
2026-09-01 18:27:50	NETWORK	flwu	attempt=1	proxy=http://wiw4v7duaymysz9-session-2c9382742906-lifetime-10:***@rp.scrapegw.com:6060	ConnectionTimeoutError: Connection timeout to host https://discord.com/api/v9/unique-username/username-attempt-unauthed
2026-09-01 18:27:50	NETWORK	flya	attempt=1	proxy=http://wiw4v7duaymysz9-session-18609679ed96-lifetime-10:***@rp.scrapegw.com:6060	ConnectionTimeoutError: Connection timeout to host https://discord.com/api/v9/unique-username/username-attempt-unauthed
2026-09-01 18:27:50	NETWORK	flwt	attempt=1	proxy=http://wiw4v7duaymysz9-session-646191e8ba90-lifetime-10:***@rp.scrapegw.com:6060	ConnectionTimeoutError: Connection timeout to host https://discord.com/api/v9/unique-username/username-attempt-unauthed
2026-09-01 18:27:50	NETWORK	flqe	attempt=1	proxy=http://wiw4v7duaymysz9-session-3abaec93f3c4-lifetime-10:***@rp.scrapegw.com:6060	ConnectionTimeoutError: Connection timeout to host https://discord.com/api/v9/unique-username/username-attempt-unauthed
2026-09-01 18:27:50	NETWORK	flrg	attempt=1	proxy=http://wiw4v7duaymysz9-session-e0512a7b4ad1-lifetime-10:***@rp.scrapegw.com:6060	ConnectionTimeoutError: Connection timeout to host https://discord.com/api/v9/unique-username/username-attempt-unauthed
2026-09-01 18:27:50	NETWORK	fmbp	attempt=1	proxy=http://wiw4v7duaymysz9-session-cb1662da9284-lifetime-10:***@rp.scrapegw.com:6060	ConnectionTimeoutError: Connection timeout to host https://discord.com/api/v9/unique-username/username-attempt-unauthed
2026-09-01 18:27:50	NETWORK	flqr	attempt=1	proxy=http://wiw4v7duaymysz9-session-b771617cef68-lifetime-10:***@rp.scrapegw.com:6060	ConnectionTimeoutError: Connection timeout to host https://discord.com/api/v9/unique-username/username-attempt-unauthed
2026-09-01 18:27:50	NETWORK	flwd	attempt=1	proxy=http://wiw4v7duaymysz9-session-e7770be96f2d-lifetime-10:***@rp.scrapegw.com:6060	ConnectionTimeoutError: Connection timeout to host https://discord.com/api/v9/unique-username/username-attempt-unauthed
2026-09-01 18:27:50	NETWORK	flkz	attempt=1	proxy=http://wiw4v7duaymysz9-session-dd2f0ee4aabf-lifetime-10:***@rp.scrapegw.com:6060	ConnectionTimeoutError: Connection timeout to host https://discord.com/api/v9/unique-username/username-attempt-unauthed
2026-09-01 18:27:50	NETWORK	fltp	attempt=1	proxy=http://wiw4v7duaymysz9-session-061af50f64ba-lifetime-10:***@rp.scrapegw.com:6060	ConnectionTimeoutError: Connection timeout to host https://discord.com/api/v9/unique-username/username-attempt-unauthed
2026-09-01 18:27:50	NETWORK	fliv	attempt=1	proxy=http://wiw4v7duaymysz9-session-ba5ff1d92db3-lifetime-10:***@rp.scrapegw.com:6060	ConnectionTimeoutError: Connection timeout to host https://discord.com/api/v9/unique-username/username-attempt-unauthed
2026-09-01 18:27:50	NETWORK	flxt	attempt=1	proxy=http://wiw4v7duaymysz9-session-ef4ddc6ae8b4-lifetime-10:***@rp.scrapegw.com:6060	ConnectionTimeoutError: Connection timeout to host https://discord.com/api/v9/unique-username/username-attempt-unauthed
2026-09-01 18:27:50	NETWORK	flyf	attempt=1	proxy=http://wiw4v7duaymysz9-session-6e8c910a7b9b-lifetime-10:***@rp.scrapegw.com:6060	ConnectionTimeoutError: Connection timeout to host https://discord.com/api/v9/unique-username/username-attempt-unauthed
2026-09-01 18:27:50	NETWORK	flxw	attempt=1	proxy=http://wiw4v7duaymysz9-session-11b055489618-lifetime-10:***@rp.scrapegw.com:6060	ConnectionTimeoutError: Connection timeout to host https://discord.com/api/v9/unique-username/username-attempt-unauthed
2026-09-01 18:27:50	NETWORK	flug	attempt=1	proxy=http://wiw4v7duaymysz9-session-177f3b2f8185-lifetime-10:***@rp.scrapegw.com:6060	ConnectionTimeoutError: Connection timeout to host https://discord.com/api/v9/unique-username/username-attempt-unauthed
2026-09-01 18:27:50	NETWORK	fmbv	attempt=1	proxy=http://wiw4v7duaymysz9-session-06899b555067-lifetime-10:***@rp.scrapegw.com:6060	ConnectionTimeoutError: Connection timeout to host https://discord.com/api/v9/unique-username/username-attempt-unauthed
2026-09-01 18:27:50	NETWORK	flxc	attempt=1	proxy=http://wiw4v7duaymysz9-session-9f841963b6d0-lifetime-10:***@rp.scrapegw.com:6060	ConnectionTimeoutError: Connection timeout to host https://discord.com/api/v9/unique-username/username-attempt-unauthed
2026-09-01 18:27:50	NETWORK	flyl	attempt=1	proxy=http://wiw4v7duaymysz9-session-22859a4bd322-lifetime-10:***@rp.scrapegw.com:6060	ConnectionTimeoutError: Connection timeout to host https://discord.com/api/v9/unique-username/username-attempt-unauthed
2026-09-01 18:27:50	NETWORK	fmbd	attempt=1	proxy=http://wiw4v7duaymysz9-session-c02c704f9233-lifetime-10:***@rp.scrapegw.com:6060	ConnectionTimeoutError: Connection timeout to host https://discord.com/api/v9/unique-username/username-attempt-unauthed
2026-09-01 18:27:50	NETWORK	flyo	attempt=1	proxy=http://wiw4v7duaymysz9-session-1ed825a64501-lifetime-10:***@rp.scrapegw.com:6060	ConnectionTimeoutError: Connection timeout to host https://discord.com/api/v9/unique-username/username-attempt-unauthed
2026-09-01 18:27:50	HTTP_429	fpvw	attempt=1	proxy=http://wiw4v7duaymysz9-session-f896f75f4890-lifetime-10:***@rp.scrapegw.com:6060	scope=shared global=False retry_after=424.00s
2026-09-01 18:27:50	HTTP_429	fsmh	attempt=1	proxy=http://wiw4v7duaymysz9-session-c11b03ee9fd5-lifetime-10:***@rp.scrapegw.com:6060	scope=shared global=False retry_after=2058.00s
2026-09-01 18:27:50	HTTP_429	fsrg	attempt=1	proxy=http://wiw4v7duaymysz9-session-a06f9205fd69-lifetime-10:***@rp.scrapegw.com:6060	scope=shared global=False retry_after=2059.00s
2026-09-01 18:27:50	NETWORK	focp	attempt=1	proxy=http://wiw4v7duaymysz9-session-0a192f07df93-lifetime-10:***@rp.scrapegw.com:6060	ClientConnectorError: Cannot connect to host discord.com:443 ssl:default [Connection reset by peer]
2026-09-01 18:27:50	HTTP_429	fsra	attempt=1	proxy=http://wiw4v7duaymysz9-session-e4bc8ca52388-lifetime-10:***@rp.scrapegw.com:6060	scope=shared global=False retry_after=2058.00s
2026-09-01 18:27:50	NETWORK	fokt	attempt=1	proxy=http://wiw4v7duaymysz9-session-55389a7132ef-lifetime-10:***@rp.scrapegw.com:6060	ClientConnectorError: Cannot connect to host discord.com:443 ssl:default [Connection reset by peer]
2026-09-01 18:27:50	HTTP_429	fsrq	attempt=1	proxy=http://wiw4v7duaymysz9-session-10cd2e7c37ce-lifetime-10:***@rp.scrapegw.com:6060	scope=shared global=False retry_after=2060.00s
2026-09-01 18:27:51	HTTP_429	fsup	attempt=1	proxy=http://wiw4v7duaymysz9-session-04d8a1054451-lifetime-10:***@rp.scrapegw.com:6060	scope=shared global=False retry_after=234.00s
2026-09-01 18:27:51	HTTP_429	fssr	attempt=1	proxy=http://wiw4v7duaymysz9-session-14709282d38e-lifetime-10:***@rp.scrapegw.com:6060	scope=shared global=False retry_after=2059.00s
2026-09-01 18:27:51	HTTP_429	fsti	attempt=1	proxy=http://wiw4v7duaymysz9-session-3e7e1a8c32bf-lifetime-10:***@rp.scrapegw.com:6060	scope=shared global=False retry_after=2058.00s
2026-09-01 18:27:51	NETWORK	fmiz	attempt=1	proxy=http://wiw4v7duaymysz9-session-9307311500fe-lifetime-10:***@rp.scrapegw.com:6060	ConnectionTimeoutError: Connection timeout to host https://discord.com/api/v9/unique-username/username-attempt-unauthed
2026-09-01 18:27:51	NETWORK	fmgk	attempt=1	proxy=http://wiw4v7duaymysz9-session-2f7b0daaa578-lifetime-10:***@rp.scrapegw.com:6060	ConnectionTimeoutError: Connection timeout to host https://discord.com/api/v9/unique-username/username-attempt-unauthed
2026-09-01 18:27:51	NETWORK	fmee	attempt=1	proxy=http://wiw4v7duaymysz9-session-d20d13e08c23-lifetime-10:***@rp.scrapegw.com:6060	ConnectionTimeoutError: Connection timeout to host https://discord.com/api/v9/unique-username/username-attempt-unauthed
2026-09-01 18:27:51	NETWORK	fmix	attempt=1	proxy=http://wiw4v7duaymysz9-session-2fde5871118f-lifetime-10:***@rp.scrapegw.com:6060	ConnectionTimeoutError: Connection timeout to host https://discord.com/api/v9/unique-username/username-attempt-unauthed
2026-09-01 18:27:51	NETWORK	fmec	attempt=1	proxy=http://wiw4v7duaymysz9-session-c1adfa94d46a-lifetime-10:***@rp.scrapegw.com:6060	ConnectionTimeoutError: Connection timeout to host https://discord.com/api/v9/unique-username/username-attempt-unauthed
2026-09-01 18:27:51	NETWORK	fmrm	attempt=1	proxy=http://wiw4v7duaymysz9-session-4573b3690bb7-lifetime-10:***@rp.scrapegw.com:6060	ConnectionTimeoutError: Connection timeout to host https://discord.com/api/v9/unique-username/username-attempt-unauthed
2026-09-01 18:27:51	NETWORK	fmnx	attempt=1	proxy=http://wiw4v7duaymysz9-session-a548bf0c588e-lifetime-10:***@rp.scrapegw.com:6060	ConnectionTimeoutError: Connection timeout to host https://discord.com/api/v9/unique-username/username-attempt-unauthed
2026-09-01 18:27:51	NETWORK	fmlm	attempt=1	proxy=http://wiw4v7duaymysz9-session-dabbbe6f5519-lifetime-10:***@rp.scrapegw.com:6060	ConnectionTimeoutError: Connection timeout to host https://discord.com/api/v9/unique-username/username-attempt-unauthed
2026-09-01 18:27:51	NETWORK	fmos	attempt=1	proxy=http://wiw4v7duaymysz9-session-8deae41f1a08-lifetime-10:***@rp.scrapegw.com:6060	ConnectionTimeoutError: Connection timeout to host https://discord.com/api/v9/unique-username/username-attempt-unauthed
2026-09-01 18:27:51	NETWORK	fmkf	attempt=1	proxy=http://wiw4v7duaymysz9-session-7a92a13c846c-lifetime-10:***@rp.scrapegw.com:6060	ConnectionTimeoutError: Connection timeout to host https://discord.com/api/v9/unique-username/username-attempt-unauthed
2026-09-01 18:27:51	NETWORK	fmmd	attempt=1	proxy=http://wiw4v7duaymysz9-session-7576161f0075-lifetime-10:***@rp.scrapegw.com:6060	ConnectionTimeoutError: Connection timeout to host https://discord.com/api/v9/unique-username/username-attempt-unauthed
2026-09-01 18:27:51	NETWORK	fmgt	attempt=1	proxy=http://wiw4v7duaymysz9-session-59b53f300e7f-lifetime-10:***@rp.scrapegw.com:6060	ConnectionTimeoutError: Connection timeout to host https://discord.com/api/v9/unique-username/username-attempt-unauthed
2026-09-01 18:27:51	NETWORK	fmgq	attempt=1	proxy=http://wiw4v7duaymysz9-session-e0f7df48c1de-lifetime-10:***@rp.scrapegw.com:6060	ConnectionTimeoutError: Connection timeout to host https://discord.com/api/v9/unique-username/username-attempt-unauthed
2026-09-01 18:27:51	NETWORK	fmbz	attempt=1	proxy=http://wiw4v7duaymysz9-session-0ca1711fa63d-lifetime-10:***@rp.scrapegw.com:6060	ConnectionTimeoutError: Connection timeout to host https://discord.com/api/v9/unique-username/username-attempt-unauthed
2026-09-01 18:27:51	NETWORK	fmqz	attempt=1	proxy=http://wiw4v7duaymysz9-session-2b46903bd6cd-lifetime-10:***@rp.scrapegw.com:6060	ConnectionTimeoutError: Connection timeout to host https://discord.com/api/v9/unique-username/username-attempt-unauthed
2026-09-01 18:27:51	NETWORK	fmrb	attempt=1	proxy=http://wiw4v7duaymysz9-session-b61b87cdac98-lifetime-10:***@rp.scrapegw.com:6060	ConnectionTimeoutError: Connection timeout to host https://discord.com/api/v9/unique-username/username-attempt-unauthed
2026-09-01 18:27:51	NETWORK	fmnl	attempt=1	proxy=http://wiw4v7duaymysz9-session-489588d74fca-lifetime-10:***@rp.scrapegw.com:6060	ConnectionTimeoutError: Connection timeout to host https://discord.com/api/v9/unique-username/username-attempt-unauthed
2026-09-01 18:27:51	NETWORK	fmmi	attempt=1	proxy=http://wiw4v7duaymysz9-session-658c0c4ff850-lifetime-10:***@rp.scrapegw.com:6060	ConnectionTimeoutError: Connection timeout to host https://discord.com/api/v9/unique-username/username-attempt-unauthed
2026-09-01 18:27:51	HTTP_429	ftcy	attempt=1	proxy=http://wiw4v7duaymysz9-session-4a558d6e9180-lifetime-10:***@rp.scrapegw.com:6060	scope=shared global=False retry_after=1179.00s
2026-09-01 18:27:51	NETWORK	fnsa	attempt=1	proxy=http://wiw4v7duaymysz9-session-f5e4c3164309-lifetime-10:***@rp.scrapegw.com:6060	ClientConnectorError: Cannot connect to host discord.com:443 ssl:default [Connection reset by peer]
2026-09-01 18:27:51	NETWORK	fojt	attempt=1	proxy=http://wiw4v7duaymysz9-session-5d159bee601e-lifetime-10:***@rp.scrapegw.com:6060	ClientConnectorError: Cannot connect to host discord.com:443 ssl:default [Connection reset by peer]
2026-09-01 18:27:51	NETWORK	fpur	attempt=1	proxy=http://wiw4v7duaymysz9-session-0c5d33536971-lifetime-10:***@rp.scrapegw.com:6060	ClientConnectorError: Cannot connect to host discord.com:443 ssl:default [Connection reset by peer]
2026-09-01 18:27:52	HTTP_429	fnoe	attempt=1	proxy=http://wiw4v7duaymysz9-session-5fc6aa448be9-lifetime-10:***@rp.scrapegw.com:6060	scope=shared global=False retry_after=1052.00s
2026-09-01 18:27:52	NETWORK	foif	attempt=1	proxy=http://wiw4v7duaymysz9-session-4821ec01ec60-lifetime-10:***@rp.scrapegw.com:6060	ClientConnectorError: Cannot connect to host discord.com:443 ssl:default [Connection reset by peer]
2026-09-01 18:27:52	HTTP_429	ftne	attempt=1	proxy=http://wiw4v7duaymysz9-session-b291f55dec5b-lifetime-10:***@rp.scrapegw.com:6060	scope=shared global=False retry_after=2067.00s
2026-09-01 18:27:52	NETWORK	fsef	attempt=1	proxy=http://wiw4v7duaymysz9-session-8759a04f0707-lifetime-10:***@rp.scrapegw.com:6060	ClientConnectorError: Cannot connect to host discord.com:443 ssl:default [Connection reset by peer]
2026-09-01 18:27:52	NETWORK	fmwe	attempt=1	proxy=http://wiw4v7duaymysz9-session-1b917bf743cd-lifetime-10:***@rp.scrapegw.com:6060	ConnectionTimeoutError: Connection timeout to host https://discord.com/api/v9/unique-username/username-attempt-unauthed
2026-09-01 18:27:52	NETWORK	fmyk	attempt=1	proxy=http://wiw4v7duaymysz9-session-9c4fe4fbbb4a-lifetime-10:***@rp.scrapegw.com:6060	ConnectionTimeoutError: Connection timeout to host https://discord.com/api/v9/unique-username/username-attempt-unauthed
2026-09-01 18:27:52	NETWORK	fmxz	attempt=1	proxy=http://wiw4v7duaymysz9-session-35c25585c724-lifetime-10:***@rp.scrapegw.com:6060	ConnectionTimeoutError: Connection timeout to host https://discord.com/api/v9/unique-username/username-attempt-unauthed
2026-09-01 18:27:52	NETWORK	fnhb	attempt=1	proxy=http://wiw4v7duaymysz9-session-8b0b2080ef0b-lifetime-10:***@rp.scrapegw.com:6060	ConnectionTimeoutError: Connection timeout to host https://discord.com/api/v9/unique-username/username-attempt-unauthed
2026-09-01 18:27:52	NETWORK	fnfz	attempt=1	proxy=http://wiw4v7duaymysz9-session-9c52d5004b4c-lifetime-10:***@rp.scrapegw.com:6060	ConnectionTimeoutError: Connection timeout to host https://discord.com/api/v9/unique-username/username-attempt-unauthed
2026-09-01 18:27:52	NETWORK	fnby	attempt=1	proxy=http://wiw4v7duaymysz9-session-f5a2e51fd6d3-lifetime-10:***@rp.scrapegw.com:6060	ConnectionTimeoutError: Connection timeout to host https://discord.com/api/v9/unique-username/username-attempt-unauthed
2026-09-01 18:27:52	NETWORK	fndm	attempt=1	proxy=http://wiw4v7duaymysz9-session-cd8ffb5312c2-lifetime-10:***@rp.scrapegw.com:6060	ConnectionTimeoutError: Connection timeout to host https://discord.com/api/v9/unique-username/username-attempt-unauthed
2026-09-01 18:27:52	NETWORK	fndj	attempt=1	proxy=http://wiw4v7duaymysz9-session-ae76696e0bbb-lifetime-10:***@rp.scrapegw.com:6060	ConnectionTimeoutError: Connection timeout to host https://discord.com/api/v9/unique-username/username-attempt-unauthed
2026-09-01 18:27:52	NETWORK	fnbq	attempt=1	proxy=http://wiw4v7duaymysz9-session-bb89f64c3ce3-lifetime-10:***@rp.scrapegw.com:6060	ConnectionTimeoutError: Connection timeout to host https://discord.com/api/v9/unique-username/username-attempt-unauthed
2026-09-01 18:27:52	NETWORK	fnbe	attempt=1	proxy=http://wiw4v7duaymysz9-session-32c462ad2e77-lifetime-10:***@rp.scrapegw.com:6060	ConnectionTimeoutError: Connection timeout to host https://discord.com/api/v9/unique-username/username-attempt-unauthed
2026-09-01 18:27:52	NETWORK	fmzk	attempt=1	proxy=http://wiw4v7duaymysz9-session-e11c773f5db5-lifetime-10:***@rp.scrapegw.com:6060	ConnectionTimeoutError: Connection timeout to host https://discord.com/api/v9/unique-username/username-attempt-unauthed
2026-09-01 18:27:52	NETWORK	fmtg	attempt=1	proxy=http://wiw4v7duaymysz9-session-f409b20824df-lifetime-10:***@rp.scrapegw.com:6060	ConnectionTimeoutError: Connection timeout to host https://discord.com/api/v9/unique-username/username-attempt-unauthed
2026-09-01 18:27:52	NETWORK	fnaa	attempt=1	proxy=http://wiw4v7duaymysz9-session-0c5d33536971-lifetime-10:***@rp.scrapegw.com:6060	ConnectionTimeoutError: Connection timeout to host https://discord.com/api/v9/unique-username/username-attempt-unauthed
2026-09-01 18:27:52	NETWORK	fmtr	attempt=1	proxy=http://wiw4v7duaymysz9-session-6e7cc3831f70-lifetime-10:***@rp.scrapegw.com:6060	ConnectionTimeoutError: Connection timeout to host https://discord.com/api/v9/unique-username/username-attempt-unauthed
2026-09-01 18:27:52	NETWORK	fmss	attempt=1	proxy=http://wiw4v7duaymysz9-session-019cc69df8d9-lifetime-10:***@rp.scrapegw.com:6060	ConnectionTimeoutError: Connection timeout to host https://discord.com/api/v9/unique-username/username-attempt-unauthed
2026-09-01 18:27:52	NETWORK	fmtf	attempt=1	proxy=http://wiw4v7duaymysz9-session-a0afb41b253d-lifetime-10:***@rp.scrapegw.com:6060	ConnectionTimeoutError: Connection timeout to host https://discord.com/api/v9/unique-username/username-attempt-unauthed
2026-09-01 18:27:52	NETWORK	fmvm	attempt=1	proxy=http://wiw4v7duaymysz9-session-a361489fa34e-lifetime-10:***@rp.scrapegw.com:6060	ConnectionTimeoutError: Connection timeout to host https://discord.com/api/v9/unique-username/username-attempt-unauthed
2026-09-01 18:27:52	NETWORK	fmzi	attempt=1	proxy=http://wiw4v7duaymysz9-session-6a6b729a6a05-lifetime-10:***@rp.scrapegw.com:6060	ConnectionTimeoutError: Connection timeout to host https://discord.com/api/v9/unique-username/username-attempt-unauthed
2026-09-01 18:27:52	NETWORK	fnhe	attempt=1	proxy=http://wiw4v7duaymysz9-session-d6dba9854109-lifetime-10:***@rp.scrapegw.com:6060	ConnectionTimeoutError: Connection timeout to host https://discord.com/api/v9/unique-username/username-attempt-unauthed
2026-09-01 18:27:52	NETWORK	fnib	attempt=1	proxy=http://wiw4v7duaymysz9-session-1f9c7a247cfd-lifetime-10:***@rp.scrapegw.com:6060	ConnectionTimeoutError: Connection timeout to host https://discord.com/api/v9/unique-username/username-attempt-unauthed
2026-09-01 18:27:52	NETWORK	fnhh	attempt=1	proxy=http://wiw4v7duaymysz9-session-4b1d931d63d7-lifetime-10:***@rp.scrapegw.com:6060	ConnectionTimeoutError: Connection timeout to host https://discord.com/api/v9/unique-username/username-attempt-unauthed
2026-09-01 18:27:52	NETWORK	fnbs	attempt=1	proxy=http://wiw4v7duaymysz9-session-f896f75f4890-lifetime-10:***@rp.scrapegw.com:6060	ConnectionTimeoutError: Connection timeout to host https://discord.com/api/v9/unique-username/username-attempt-unauthed
2026-09-01 18:27:52	NETWORK	fndx	attempt=1	proxy=http://wiw4v7duaymysz9-session-8a22f830c476-lifetime-10:***@rp.scrapegw.com:6060	ConnectionTimeoutError: Connection timeout to host https://discord.com/api/v9/unique-username/username-attempt-unauthed
2026-09-01 18:27:52	NETWORK	fmzu	attempt=1	proxy=http://wiw4v7duaymysz9-session-958e9881c5c3-lifetime-10:***@rp.scrapegw.com:6060	ConnectionTimeoutError: Connection timeout to host https://discord.com/api/v9/unique-username/username-attempt-unauthed
2026-09-01 18:27:52	NETWORK	fndd	attempt=1	proxy=http://wiw4v7duaymysz9-session-a3e098cc142d-lifetime-10:***@rp.scrapegw.com:6060	ConnectionTimeoutError: Connection timeout to host https://discord.com/api/v9/unique-username/username-attempt-unauthed
2026-09-01 18:27:52	NETWORK	fmzv	attempt=1	proxy=http://wiw4v7duaymysz9-session-0023524572f2-lifetime-10:***@rp.scrapegw.com:6060	ConnectionTimeoutError: Connection timeout to host https://discord.com/api/v9/unique-username/username-attempt-unauthed
2026-09-01 18:27:52	NETWORK	fmxb	attempt=1	proxy=http://wiw4v7duaymysz9-session-99993ded3db8-lifetime-10:***@rp.scrapegw.com:6060	ConnectionTimeoutError: Connection timeout to host https://discord.com/api/v9/unique-username/username-attempt-unauthed
2026-09-01 18:27:52	NETWORK	fmur	attempt=1	proxy=http://wiw4v7duaymysz9-session-e0c1ea35eb4d-lifetime-10:***@rp.scrapegw.com:6060	ConnectionTimeoutError: Connection timeout to host https://discord.com/api/v9/unique-username/username-attempt-unauthed
2026-09-01 18:27:52	HTTP_429	ftnx	attempt=1	proxy=http://wiw4v7duaymysz9-session-35465b06ab01-lifetime-10:***@rp.scrapegw.com:6060	scope=shared global=False retry_after=2062.00s
2026-09-01 18:27:52	NETWORK	fpjv	attempt=1	proxy=http://wiw4v7duaymysz9-session-86da1e4e662b-lifetime-10:***@rp.scrapegw.com:6060	ClientConnectorError: Cannot connect to host discord.com:443 ssl:default [Connection reset by peer]
2026-09-01 18:27:53	HTTP_429	ftou	attempt=1	proxy=http://wiw4v7duaymysz9-session-f15e1ef347b9-lifetime-10:***@rp.scrapegw.com:6060	scope=shared global=False retry_after=2068.00s
2026-09-01 18:27:53	NETWORK	fprz	attempt=1	proxy=http://wiw4v7duaymysz9-session-867f87a2b5de-lifetime-10:***@rp.scrapegw.com:6060	ClientConnectorError: Cannot connect to host discord.com:443 ssl:default [Connection reset by peer]
2026-09-01 18:27:53	HTTP_429	ftra	attempt=1	proxy=http://wiw4v7duaymysz9-session-0ab236dba406-lifetime-10:***@rp.scrapegw.com:6060	scope=shared global=False retry_after=2102.00s
2026-09-01 18:27:53	NETWORK	fpua	attempt=1	proxy=http://wiw4v7duaymysz9-session-3486ac1d1e26-lifetime-10:***@rp.scrapegw.com:6060	ClientConnectorCertificateError: Cannot connect to host discord.com:443 ssl:True [SSLCertVerificationError: (1, '[SSL: CERTIFICATE_VERIFY_FAILED] certificate verify failed: self-signed certificate (_ssl.c:1081)')]
2026-09-01 18:27:53	HTTP_429	fozt	attempt=1	proxy=http://wiw4v7duaymysz9-session-1e1d0a8d7695-lifetime-10:***@rp.scrapegw.com:6060	scope=shared global=False retry_after=380.37s
2026-09-01 18:27:53	HTTP_429	ftrh	attempt=1	proxy=http://wiw4v7duaymysz9-session-43863f866716-lifetime-10:***@rp.scrapegw.com:6060	scope=shared global=False retry_after=1244.00s
2026-09-01 18:27:53	NETWORK	fqcg	attempt=1	proxy=http://wiw4v7duaymysz9-session-1f9c7a247cfd-lifetime-10:***@rp.scrapegw.com:6060	ClientConnectorError: Cannot connect to host discord.com:443 ssl:default [Connection reset by peer]
2026-09-01 18:27:53	NETWORK	fpvo	attempt=1	proxy=http://wiw4v7duaymysz9-session-32c462ad2e77-lifetime-10:***@rp.scrapegw.com:6060	ClientConnectorError: Cannot connect to host discord.com:443 ssl:default [Connection reset by peer]
2026-09-01 18:27:53	NETWORK	fonf	attempt=1	proxy=http://wiw4v7duaymysz9-session-e00bced6372c-lifetime-10:***@rp.scrapegw.com:6060	ClientConnectorError: Cannot connect to host discord.com:443 ssl:default [Connection reset by peer]
2026-09-01 18:27:53	HTTP_429	ftyb	attempt=1	proxy=http://wiw4v7duaymysz9-session-a75d53f9bbd7-lifetime-10:***@rp.scrapegw.com:6060	scope=shared global=False retry_after=2080.00s
2026-09-01 18:27:53	NETWORK	fnqo	attempt=1	proxy=http://wiw4v7duaymysz9-session-ff3850dc1941-lifetime-10:***@rp.scrapegw.com:6060	ConnectionTimeoutError: Connection timeout to host https://discord.com/api/v9/unique-username/username-attempt-unauthed
2026-09-01 18:27:53	NETWORK	fnqh	attempt=1	proxy=http://wiw4v7duaymysz9-session-989202543cf8-lifetime-10:***@rp.scrapegw.com:6060	ConnectionTimeoutError: Connection timeout to host https://discord.com/api/v9/unique-username/username-attempt-unauthed
2026-09-01 18:27:53	NETWORK	fnru	attempt=1	proxy=http://wiw4v7duaymysz9-session-6d6f7e9c8037-lifetime-10:***@rp.scrapegw.com:6060	ConnectionTimeoutError: Connection timeout to host https://discord.com/api/v9/unique-username/username-attempt-unauthed
2026-09-01 18:27:53	NETWORK	fnqg	attempt=1	proxy=http://wiw4v7duaymysz9-session-e71c27055909-lifetime-10:***@rp.scrapegw.com:6060	ConnectionTimeoutError: Connection timeout to host https://discord.com/api/v9/unique-username/username-attempt-unauthed
2026-09-01 18:27:53	NETWORK	fnpz	attempt=1	proxy=http://wiw4v7duaymysz9-session-0f12f594f558-lifetime-10:***@rp.scrapegw.com:6060	ConnectionTimeoutError: Connection timeout to host https://discord.com/api/v9/unique-username/username-attempt-unauthed
2026-09-01 18:27:53	NETWORK	fnoy	attempt=1	proxy=http://wiw4v7duaymysz9-session-19f0080539aa-lifetime-10:***@rp.scrapegw.com:6060	ConnectionTimeoutError: Connection timeout to host https://discord.com/api/v9/unique-username/username-attempt-unauthed
2026-09-01 18:27:53	NETWORK	fnnh	attempt=1	proxy=http://wiw4v7duaymysz9-session-2f8243c458b9-lifetime-10:***@rp.scrapegw.com:6060	ConnectionTimeoutError: Connection timeout to host https://discord.com/api/v9/unique-username/username-attempt-unauthed
2026-09-01 18:27:53	NETWORK	fnul	attempt=1	proxy=http://wiw4v7duaymysz9-session-dbe2800b6720-lifetime-10:***@rp.scrapegw.com:6060	ConnectionTimeoutError: Connection timeout to host https://discord.com/api/v9/unique-username/username-attempt-unauthed
2026-09-01 18:27:53	NETWORK	fnrq	attempt=1	proxy=http://wiw4v7duaymysz9-session-1f387365a665-lifetime-10:***@rp.scrapegw.com:6060	ConnectionTimeoutError: Connection timeout to host https://discord.com/api/v9/unique-username/username-attempt-unauthed
2026-09-01 18:27:53	NETWORK	fnqv	attempt=1	proxy=http://wiw4v7duaymysz9-session-44dbdd16d36d-lifetime-10:***@rp.scrapegw.com:6060	ConnectionTimeoutError: Connection timeout to host https://discord.com/api/v9/unique-username/username-attempt-unauthed
2026-09-01 18:27:53	NETWORK	fnoc	attempt=1	proxy=http://wiw4v7duaymysz9-session-71a9148bb564-lifetime-10:***@rp.scrapegw.com:6060	ConnectionTimeoutError: Connection timeout to host https://discord.com/api/v9/unique-username/username-attempt-unauthed
2026-09-01 18:27:53	NETWORK	fnkr	attempt=1	proxy=http://wiw4v7duaymysz9-session-15a359e81609-lifetime-10:***@rp.scrapegw.com:6060	ConnectionTimeoutError: Connection timeout to host https://discord.com/api/v9/unique-username/username-attempt-unauthed
2026-09-01 18:27:53	NETWORK	fnjx	attempt=1	proxy=http://wiw4v7duaymysz9-session-5b4c93e165ed-lifetime-10:***@rp.scrapegw.com:6060	ConnectionTimeoutError: Connection timeout to host https://discord.com/api/v9/unique-username/username-attempt-unauthed
2026-09-01 18:27:53	NETWORK	fnja	attempt=1	proxy=http://wiw4v7duaymysz9-session-d32306dbf489-lifetime-10:***@rp.scrapegw.com:6060	ConnectionTimeoutError: Connection timeout to host https://discord.com/api/v9/unique-username/username-attempt-unauthed
2026-09-01 18:27:53	NETWORK	fnin	attempt=1	proxy=http://wiw4v7duaymysz9-session-c6664835c230-lifetime-10:***@rp.scrapegw.com:6060	ConnectionTimeoutError: Connection timeout to host https://discord.com/api/v9/unique-username/username-attempt-unauthed
2026-09-01 18:27:53	NETWORK	fnnd	attempt=1	proxy=http://wiw4v7duaymysz9-session-64111361099e-lifetime-10:***@rp.scrapegw.com:6060	ConnectionTimeoutError: Connection timeout to host https://discord.com/api/v9/unique-username/username-attempt-unauthed
2026-09-01 18:27:53	NETWORK	fnkc	attempt=1	proxy=http://wiw4v7duaymysz9-session-f3aa0a0dbbbf-lifetime-10:***@rp.scrapegw.com:6060	ConnectionTimeoutError: Connection timeout to host https://discord.com/api/v9/unique-username/username-attempt-unauthed
2026-09-01 18:27:53	NETWORK	fnoo	attempt=1	proxy=http://wiw4v7duaymysz9-session-505cc801a88e-lifetime-10:***@rp.scrapegw.com:6060	ConnectionTimeoutError: Connection timeout to host https://discord.com/api/v9/unique-username/username-attempt-unauthed
2026-09-01 18:27:53	NETWORK	fnku	attempt=1	proxy=http://wiw4v7duaymysz9-session-c11d80150419-lifetime-10:***@rp.scrapegw.com:6060	ConnectionTimeoutError: Connection timeout to host https://discord.com/api/v9/unique-username/username-attempt-unauthed
2026-09-01 18:27:53	NETWORK	fnkf	attempt=1	proxy=http://wiw4v7duaymysz9-session-862edb82850a-lifetime-10:***@rp.scrapegw.com:6060	ConnectionTimeoutError: Connection timeout to host https://discord.com/api/v9/unique-username/username-attempt-unauthed
2026-09-01 18:27:53	NETWORK	fnmg	attempt=1	proxy=http://wiw4v7duaymysz9-session-8d2d1fd5a8d0-lifetime-10:***@rp.scrapegw.com:6060	ConnectionTimeoutError: Connection timeout to host https://discord.com/api/v9/unique-username/username-attempt-unauthed
2026-09-01 18:27:53	NETWORK	fnwa	attempt=1	proxy=http://wiw4v7duaymysz9-session-f3dce58130ed-lifetime-10:***@rp.scrapegw.com:6060	ConnectionTimeoutError: Connection timeout to host https://discord.com/api/v9/unique-username/username-attempt-unauthed
2026-09-01 18:27:53	NETWORK	fnwc	attempt=1	proxy=http://wiw4v7duaymysz9-session-6b5a9d19e796-lifetime-10:***@rp.scrapegw.com:6060	ConnectionTimeoutError: Connection timeout to host https://discord.com/api/v9/unique-username/username-attempt-unauthed
2026-09-01 18:27:53	NETWORK	fnsz	attempt=1	proxy=http://wiw4v7duaymysz9-session-64356c32d8db-lifetime-10:***@rp.scrapegw.com:6060	ConnectionTimeoutError: Connection timeout to host https://discord.com/api/v9/unique-username/username-attempt-unauthed
2026-09-01 18:27:53	NETWORK	fnsv	attempt=1	proxy=http://wiw4v7duaymysz9-session-0c416a2a2253-lifetime-10:***@rp.scrapegw.com:6060	ConnectionTimeoutError: Connection timeout to host https://discord.com/api/v9/unique-username/username-attempt-unauthed
2026-09-01 18:27:53	NETWORK	fnqr	attempt=1	proxy=http://wiw4v7duaymysz9-session-a6f52427a547-lifetime-10:***@rp.scrapegw.com:6060	ConnectionTimeoutError: Connection timeout to host https://discord.com/api/v9/unique-username/username-attempt-unauthed
2026-09-01 18:27:53	NETWORK	fnpm	attempt=1	proxy=http://wiw4v7duaymysz9-session-a19e43735fa7-lifetime-10:***@rp.scrapegw.com:6060	ConnectionTimeoutError: Connection timeout to host https://discord.com/api/v9/unique-username/username-attempt-unauthed
2026-09-01 18:27:53	NETWORK	fnog	attempt=1	proxy=http://wiw4v7duaymysz9-session-dec6743954fc-lifetime-10:***@rp.scrapegw.com:6060	ConnectionTimeoutError: Connection timeout to host https://discord.com/api/v9/unique-username/username-attempt-unauthed
2026-09-01 18:27:53	NETWORK	fqou	attempt=1	proxy=http://wiw4v7duaymysz9-session-e3d752e707c2-lifetime-10:***@rp.scrapegw.com:6060	ClientConnectorError: Cannot connect to host discord.com:443 ssl:default [Connection reset by peer]
2026-09-01 18:27:54	HTTP_429	ftzr	attempt=1	proxy=http://wiw4v7duaymysz9-session-13f3fbfd1178-lifetime-10:***@rp.scrapegw.com:6060	scope=shared global=False retry_after=1186.00s
2026-09-01 18:27:54	NETWORK	fqhd	attempt=1	proxy=http://wiw4v7duaymysz9-session-66a9da9e39e1-lifetime-10:***@rp.scrapegw.com:6060	ClientConnectorError: Cannot connect to host discord.com:443 ssl:default [Connection reset by peer]
2026-09-01 18:27:54	NETWORK	fpsn	attempt=1	proxy=http://wiw4v7duaymysz9-session-1b917bf743cd-lifetime-10:***@rp.scrapegw.com:6060	ClientConnectorError: Cannot connect to host discord.com:443 ssl:default [Connection reset by peer]
2026-09-01 18:27:54	HTTP_429	fqhg	attempt=1	proxy=http://wiw4v7duaymysz9-session-5fc6aa448be9-lifetime-10:***@rp.scrapegw.com:6060	scope=shared global=False retry_after=1050.00s
2026-09-01 18:27:54	HTTP_429	fufu	attempt=1	proxy=http://wiw4v7duaymysz9-session-abb9399e9da5-lifetime-10:***@rp.scrapegw.com:6060	scope=shared global=False retry_after=2064.00s
2026-09-01 18:27:54	HTTP_429	fplc	attempt=1	proxy=http://wiw4v7duaymysz9-session-658c0c4ff850-lifetime-10:***@rp.scrapegw.com:6060	scope=shared global=False retry_after=1325.00s
2026-09-01 18:27:54	NETWORK	fqqg	attempt=1	proxy=http://wiw4v7duaymysz9-session-085a71cde2ae-lifetime-10:***@rp.scrapegw.com:6060	ClientConnectorError: Cannot connect to host discord.com:443 ssl:default [Connection reset by peer]
2026-09-01 18:27:54	NETWORK	fpzo	attempt=1	proxy=http://wiw4v7duaymysz9-session-cb76bce92d0f-lifetime-10:***@rp.scrapegw.com:6060	ClientConnectorError: Cannot connect to host discord.com:443 ssl:default [Connection reset by peer]
2026-09-01 18:27:54	NETWORK	fsyg	attempt=1	proxy=http://wiw4v7duaymysz9-session-5fc2a07021c7-lifetime-10:***@rp.scrapegw.com:6060	ClientConnectorError: Cannot connect to host discord.com:443 ssl:default [Connection reset by peer]
2026-09-01 18:27:54	NETWORK	fnzc	attempt=1	proxy=http://wiw4v7duaymysz9-session-a079efa48361-lifetime-10:***@rp.scrapegw.com:6060	ConnectionTimeoutError: Connection timeout to host https://discord.com/api/v9/unique-username/username-attempt-unauthed
2026-09-01 18:27:54	NETWORK	foln	attempt=1	proxy=http://wiw4v7duaymysz9-session-8fdf35104b12-lifetime-10:***@rp.scrapegw.com:6060	ConnectionTimeoutError: Connection timeout to host https://discord.com/api/v9/unique-username/username-attempt-unauthed
2026-09-01 18:27:54	NETWORK	fnyn	attempt=1	proxy=http://wiw4v7duaymysz9-session-e83cf0d4d999-lifetime-10:***@rp.scrapegw.com:6060	ConnectionTimeoutError: Connection timeout to host https://discord.com/api/v9/unique-username/username-attempt-unauthed
2026-09-01 18:27:54	NETWORK	fnzz	attempt=1	proxy=http://wiw4v7duaymysz9-session-2ec0da47e94c-lifetime-10:***@rp.scrapegw.com:6060	ConnectionTimeoutError: Connection timeout to host https://discord.com/api/v9/unique-username/username-attempt-unauthed
2026-09-01 18:27:54	NETWORK	folz	attempt=1	proxy=http://wiw4v7duaymysz9-session-7a060f26f17b-lifetime-10:***@rp.scrapegw.com:6060	ConnectionTimeoutError: Connection timeout to host https://discord.com/api/v9/unique-username/username-attempt-unauthed
2026-09-01 18:27:54	NETWORK	fokc	attempt=1	proxy=http://wiw4v7duaymysz9-session-f92e699fa481-lifetime-10:***@rp.scrapegw.com:6060	ConnectionTimeoutError: Connection timeout to host https://discord.com/api/v9/unique-username/username-attempt-unauthed
2026-09-01 18:27:54	NETWORK	focz	attempt=1	proxy=http://wiw4v7duaymysz9-session-28299b0ff662-lifetime-10:***@rp.scrapegw.com:6060	ConnectionTimeoutError: Connection timeout to host https://discord.com/api/v9/unique-username/username-attempt-unauthed
2026-09-01 18:27:54	NETWORK	foka	attempt=1	proxy=http://wiw4v7duaymysz9-session-c9af1cf6005a-lifetime-10:***@rp.scrapegw.com:6060	ConnectionTimeoutError: Connection timeout to host https://discord.com/api/v9/unique-username/username-attempt-unauthed
2026-09-01 18:27:54	NETWORK	foiw	attempt=1	proxy=http://wiw4v7duaymysz9-session-8950b6682713-lifetime-10:***@rp.scrapegw.com:6060	ConnectionTimeoutError: Connection timeout to host https://discord.com/api/v9/unique-username/username-attempt-unauthed
2026-09-01 18:27:54	NETWORK	fofs	attempt=1	proxy=http://wiw4v7duaymysz9-session-24115c5b093d-lifetime-10:***@rp.scrapegw.com:6060	ConnectionTimeoutError: Connection timeout to host https://discord.com/api/v9/unique-username/username-attempt-unauthed
2026-09-01 18:27:54	NETWORK	fnyq	attempt=1	proxy=http://wiw4v7duaymysz9-session-e3d752e707c2-lifetime-10:***@rp.scrapegw.com:6060	ConnectionTimeoutError: Connection timeout to host https://discord.com/api/v9/unique-username/username-attempt-unauthed
2026-09-01 18:27:54	NETWORK	fnwo	attempt=1	proxy=http://wiw4v7duaymysz9-session-6be6131243a1-lifetime-10:***@rp.scrapegw.com:6060	ConnectionTimeoutError: Connection timeout to host https://discord.com/api/v9/unique-username/username-attempt-unauthed
2026-09-01 18:27:54	NETWORK	fohw	attempt=1	proxy=http://wiw4v7duaymysz9-session-b4cc34f5a4cf-lifetime-10:***@rp.scrapegw.com:6060	ConnectionTimeoutError: Connection timeout to host https://discord.com/api/v9/unique-username/username-attempt-unauthed
2026-09-01 18:27:54	NETWORK	foff	attempt=1	proxy=http://wiw4v7duaymysz9-session-f1e8f9895b9e-lifetime-10:***@rp.scrapegw.com:6060	ConnectionTimeoutError: Connection timeout to host https://discord.com/api/v9/unique-username/username-attempt-unauthed
2026-09-01 18:27:54	NETWORK	fomu	attempt=1	proxy=http://wiw4v7duaymysz9-session-e0512a7b4ad1-lifetime-10:***@rp.scrapegw.com:6060	ConnectionTimeoutError: Connection timeout to host https://discord.com/api/v9/unique-username/username-attempt-unauthed
2026-09-01 18:27:54	NETWORK	fodq	attempt=1	proxy=http://wiw4v7duaymysz9-session-cf7a4e08fd6b-lifetime-10:***@rp.scrapegw.com:6060	ConnectionTimeoutError: Connection timeout to host https://discord.com/api/v9/unique-username/username-attempt-unauthed
2026-09-01 18:27:54	NETWORK	fobn	attempt=1	proxy=http://wiw4v7duaymysz9-session-54359412eac1-lifetime-10:***@rp.scrapegw.com:6060	ConnectionTimeoutError: Connection timeout to host https://discord.com/api/v9/unique-username/username-attempt-unauthed
2026-09-01 18:27:54	NETWORK	fnyf	attempt=1	proxy=http://wiw4v7duaymysz9-session-f7e16332f2f7-lifetime-10:***@rp.scrapegw.com:6060	ConnectionTimeoutError: Connection timeout to host https://discord.com/api/v9/unique-username/username-attempt-unauthed
2026-09-01 18:27:54	NETWORK	fobp	attempt=1	proxy=http://wiw4v7duaymysz9-session-48b36b3167df-lifetime-10:***@rp.scrapegw.com:6060	ConnectionTimeoutError: Connection timeout to host https://discord.com/api/v9/unique-username/username-attempt-unauthed
2026-09-01 18:27:54	NETWORK	foco	attempt=1	proxy=http://wiw4v7duaymysz9-session-753058c15609-lifetime-10:***@rp.scrapegw.com:6060	ConnectionTimeoutError: Connection timeout to host https://discord.com/api/v9/unique-username/username-attempt-unauthed
2026-09-01 18:27:54	NETWORK	fobc	attempt=1	proxy=http://wiw4v7duaymysz9-session-5cad920c749c-lifetime-10:***@rp.scrapegw.com:6060	ConnectionTimeoutError: Connection timeout to host https://discord.com/api/v9/unique-username/username-attempt-unauthed
2026-09-01 18:27:54	NETWORK	fobk	attempt=1	proxy=http://wiw4v7duaymysz9-session-11cc9f644ab8-lifetime-10:***@rp.scrapegw.com:6060	ConnectionTimeoutError: Connection timeout to host https://discord.com/api/v9/unique-username/username-attempt-unauthed
2026-09-01 18:27:54	NETWORK	foap	attempt=1	proxy=http://wiw4v7duaymysz9-session-33ddca2d101d-lifetime-10:***@rp.scrapegw.com:6060	ConnectionTimeoutError: Connection timeout to host https://discord.com/api/v9/unique-username/username-attempt-unauthed
2026-09-01 18:27:54	NETWORK	fomq	attempt=1	proxy=http://wiw4v7duaymysz9-session-62e1fcc4c79a-lifetime-10:***@rp.scrapegw.com:6060	ConnectionTimeoutError: Connection timeout to host https://discord.com/api/v9/unique-username/username-attempt-unauthed
2026-09-01 18:27:54	HTTP_429	fugm	attempt=1	proxy=http://wiw4v7duaymysz9-session-98a183a9ebf6-lifetime-10:***@rp.scrapegw.com:6060	scope=shared global=False retry_after=2063.00s
2026-09-01 18:27:54	HTTP_429	fswq	attempt=1	proxy=http://wiw4v7duaymysz9-session-e83cf0d4d999-lifetime-10:***@rp.scrapegw.com:6060	scope=shared global=False retry_after=41.00s
2026-09-01 18:27:54	HTTP_429	fuli	attempt=1	proxy=http://wiw4v7duaymysz9-session-4b872e0f062e-lifetime-10:***@rp.scrapegw.com:6060	scope=shared global=False retry_after=2066.00s
2026-09-01 18:27:54	NETWORK	fque	attempt=1	proxy=http://wiw4v7duaymysz9-session-b98e8e8c26bd-lifetime-10:***@rp.scrapegw.com:6060	ClientConnectorError: Cannot connect to host discord.com:443 ssl:default [Connection reset by peer]
2026-09-01 18:27:54	HTTP_429	fumq	attempt=1	proxy=http://wiw4v7duaymysz9-session-c4dbeabc5137-lifetime-10:***@rp.scrapegw.com:6060	scope=shared global=False retry_after=2065.00s
2026-09-01 18:27:54	HTTP_429	fupo	attempt=1	proxy=http://wiw4v7duaymysz9-session-c967a17a8253-lifetime-10:***@rp.scrapegw.com:6060	scope=shared global=False retry_after=2065.00s
2026-09-01 18:27:54	HTTP_429	fumz	attempt=1	proxy=http://wiw4v7duaymysz9-session-9d1a75529b0f-lifetime-10:***@rp.scrapegw.com:6060	scope=shared global=False retry_after=2064.00s
2026-09-01 18:27:55	HTTP_429	fuoo	attempt=1	proxy=http://wiw4v7duaymysz9-session-f65a5a390abd-lifetime-10:***@rp.scrapegw.com:6060	scope=shared global=False retry_after=2066.00s
2026-09-01 18:27:55	HTTP_429	fupe	attempt=1	proxy=http://wiw4v7duaymysz9-session-44e9eb0b50e9-lifetime-10:***@rp.scrapegw.com:6060	scope=shared global=False retry_after=37.00s
2026-09-01 18:27:55	NETWORK	fqba	attempt=1	proxy=http://wiw4v7duaymysz9-session-647aa5d06b3e-lifetime-10:***@rp.scrapegw.com:6060	ClientConnectorError: Cannot connect to host discord.com:443 ssl:default [Connection reset by peer]
2026-09-01 18:27:55	HTTP_429	fuqk	attempt=1	proxy=http://wiw4v7duaymysz9-session-8f95f7dca283-lifetime-10:***@rp.scrapegw.com:6060	scope=shared global=False retry_after=1571.00s
2026-09-01 18:27:55	HTTP_429	furn	attempt=1	proxy=http://wiw4v7duaymysz9-session-1247f7e1b10a-lifetime-10:***@rp.scrapegw.com:6060	scope=shared global=False retry_after=2063.00s
2026-09-01 18:27:55	HTTP_429	furz	attempt=1	proxy=http://wiw4v7duaymysz9-session-999d961eb82c-lifetime-10:***@rp.scrapegw.com:6060	scope=shared global=False retry_after=2059.00s
2026-09-01 18:27:55	HTTP_429	fuue	attempt=1	proxy=http://wiw4v7duaymysz9-session-559402094997-lifetime-10:***@rp.scrapegw.com:6060	scope=shared global=False retry_after=2065.00s
2026-09-01 18:27:55	HTTP_429	fuuf	attempt=1	proxy=http://wiw4v7duaymysz9-session-7f2723f8210c-lifetime-10:***@rp.scrapegw.com:6060	scope=shared global=False retry_after=2064.00s
2026-09-01 18:27:55	HTTP_429	foqk	attempt=1	proxy=http://wiw4v7duaymysz9-session-db105ead61a3-lifetime-10:***@rp.scrapegw.com:6060	scope=shared global=False retry_after=540.00s
2026-09-01 18:27:55	HTTP_429	ftdw	attempt=1	proxy=http://wiw4v7duaymysz9-session-3aae397c43ec-lifetime-10:***@rp.scrapegw.com:6060	scope=shared global=False retry_after=1621.00s
2026-09-01 18:27:55	HTTP_429	furw	attempt=1	proxy=http://wiw4v7duaymysz9-session-fc294d7860f3-lifetime-10:***@rp.scrapegw.com:6060	scope=shared global=False retry_after=2066.00s
2026-09-01 18:27:55	NETWORK	fqkx	attempt=1	proxy=http://wiw4v7duaymysz9-session-f2f6096ed5a8-lifetime-10:***@rp.scrapegw.com:6060	ClientConnectorError: Cannot connect to host discord.com:443 ssl:default [Connection reset by peer]
2026-09-01 18:27:55	NETWORK	fral	attempt=1	proxy=http://wiw4v7duaymysz9-session-535213496c45-lifetime-10:***@rp.scrapegw.com:6060	ClientConnectorError: Cannot connect to host discord.com:443 ssl:default [Connection reset by peer]
2026-09-01 18:27:55	NETWORK	fpav	attempt=1	proxy=http://wiw4v7duaymysz9-session-dafed0f81e49-lifetime-10:***@rp.scrapegw.com:6060	ConnectionTimeoutError: Connection timeout to host https://discord.com/api/v9/unique-username/username-attempt-unauthed
2026-09-01 18:27:55	NETWORK	foyq	attempt=1	proxy=http://wiw4v7duaymysz9-session-c75ea01b2d4c-lifetime-10:***@rp.scrapegw.com:6060	ConnectionTimeoutError: Connection timeout to host https://discord.com/api/v9/unique-username/username-attempt-unauthed
2026-09-01 18:27:55	NETWORK	foxa	attempt=1	proxy=http://wiw4v7duaymysz9-session-18502f8e122f-lifetime-10:***@rp.scrapegw.com:6060	ConnectionTimeoutError: Connection timeout to host https://discord.com/api/v9/unique-username/username-attempt-unauthed
2026-09-01 18:27:55	NETWORK	fovj	attempt=1	proxy=http://wiw4v7duaymysz9-session-7fe9f81a6ab2-lifetime-10:***@rp.scrapegw.com:6060	ConnectionTimeoutError: Connection timeout to host https://discord.com/api/v9/unique-username/username-attempt-unauthed
2026-09-01 18:27:55	NETWORK	forh	attempt=1	proxy=http://wiw4v7duaymysz9-session-c1719c207e77-lifetime-10:***@rp.scrapegw.com:6060	ConnectionTimeoutError: Connection timeout to host https://discord.com/api/v9/unique-username/username-attempt-unauthed
2026-09-01 18:27:55	NETWORK	fove	attempt=1	proxy=http://wiw4v7duaymysz9-session-11b055489618-lifetime-10:***@rp.scrapegw.com:6060	ConnectionTimeoutError: Connection timeout to host https://discord.com/api/v9/unique-username/username-attempt-unauthed
2026-09-01 18:27:55	NETWORK	fpez	attempt=1	proxy=http://wiw4v7duaymysz9-session-e0f7df48c1de-lifetime-10:***@rp.scrapegw.com:6060	ConnectionTimeoutError: Connection timeout to host https://discord.com/api/v9/unique-username/username-attempt-unauthed
2026-09-01 18:27:55	NETWORK	fotz	attempt=1	proxy=http://wiw4v7duaymysz9-session-9f841963b6d0-lifetime-10:***@rp.scrapegw.com:6060	ConnectionTimeoutError: Connection timeout to host https://discord.com/api/v9/unique-username/username-attempt-unauthed
2026-09-01 18:27:55	NETWORK	foqx	attempt=1	proxy=http://wiw4v7duaymysz9-session-177f3b2f8185-lifetime-10:***@rp.scrapegw.com:6060	ConnectionTimeoutError: Connection timeout to host https://discord.com/api/v9/unique-username/username-attempt-unauthed
2026-09-01 18:27:55	NETWORK	fpfg	attempt=1	proxy=http://wiw4v7duaymysz9-session-59b53f300e7f-lifetime-10:***@rp.scrapegw.com:6060	ConnectionTimeoutError: Connection timeout to host https://discord.com/api/v9/unique-username/username-attempt-unauthed
2026-09-01 18:27:55	NETWORK	fpfi	attempt=1	proxy=http://wiw4v7duaymysz9-session-cc36c2266404-lifetime-10:***@rp.scrapegw.com:6060	ConnectionTimeoutError: Connection timeout to host https://discord.com/api/v9/unique-username/username-attempt-unauthed
2026-09-01 18:27:55	NETWORK	fpbp	attempt=1	proxy=http://wiw4v7duaymysz9-session-c1adfa94d46a-lifetime-10:***@rp.scrapegw.com:6060	ConnectionTimeoutError: Connection timeout to host https://discord.com/api/v9/unique-username/username-attempt-unauthed
2026-09-01 18:27:55	NETWORK	fovi	attempt=1	proxy=http://wiw4v7duaymysz9-session-95aa08abbad9-lifetime-10:***@rp.scrapegw.com:6060	ConnectionTimeoutError: Connection timeout to host https://discord.com/api/v9/unique-username/username-attempt-unauthed
2026-09-01 18:27:55	NETWORK	fotu	attempt=1	proxy=http://wiw4v7duaymysz9-session-4c30862ea68d-lifetime-10:***@rp.scrapegw.com:6060	ConnectionTimeoutError: Connection timeout to host https://discord.com/api/v9/unique-username/username-attempt-unauthed
2026-09-01 18:27:55	NETWORK	fpbr	attempt=1	proxy=http://wiw4v7duaymysz9-session-1caa1a1d666b-lifetime-10:***@rp.scrapegw.com:6060	ConnectionTimeoutError: Connection timeout to host https://discord.com/api/v9/unique-username/username-attempt-unauthed
2026-09-01 18:27:55	NETWORK	fozp	attempt=1	proxy=http://wiw4v7duaymysz9-session-c7d9801f57d4-lifetime-10:***@rp.scrapegw.com:6060	ConnectionTimeoutError: Connection timeout to host https://discord.com/api/v9/unique-username/username-attempt-unauthed
2026-09-01 18:27:55	NETWORK	foqo	attempt=1	proxy=http://wiw4v7duaymysz9-session-2c9dd00a574d-lifetime-10:***@rp.scrapegw.com:6060	ConnectionTimeoutError: Connection timeout to host https://discord.com/api/v9/unique-username/username-attempt-unauthed
2026-09-01 18:27:55	NETWORK	fouv	attempt=1	proxy=http://wiw4v7duaymysz9-session-1fe080fcf838-lifetime-10:***@rp.scrapegw.com:6060	ConnectionTimeoutError: Connection timeout to host https://discord.com/api/v9/unique-username/username-attempt-unauthed
2026-09-01 18:27:55	NETWORK	foru	attempt=1	proxy=http://wiw4v7duaymysz9-session-878b95dff86d-lifetime-10:***@rp.scrapegw.com:6060	ConnectionTimeoutError: Connection timeout to host https://discord.com/api/v9/unique-username/username-attempt-unauthed
2026-09-01 18:27:55	NETWORK	fopg	attempt=1	proxy=http://wiw4v7duaymysz9-session-96cac3b370fb-lifetime-10:***@rp.scrapegw.com:6060	ConnectionTimeoutError: Connection timeout to host https://discord.com/api/v9/unique-username/username-attempt-unauthed
2026-09-01 18:27:55	NETWORK	foqh	attempt=1	proxy=http://wiw4v7duaymysz9-session-061af50f64ba-lifetime-10:***@rp.scrapegw.com:6060	ConnectionTimeoutError: Connection timeout to host https://discord.com/api/v9/unique-username/username-attempt-unauthed
2026-09-01 18:27:55	NETWORK	foti	attempt=1	proxy=http://wiw4v7duaymysz9-session-9e2ebf4eff79-lifetime-10:***@rp.scrapegw.com:6060	ConnectionTimeoutError: Connection timeout to host https://discord.com/api/v9/unique-username/username-attempt-unauthed
2026-09-01 18:27:55	NETWORK	foof	attempt=1	proxy=http://wiw4v7duaymysz9-session-333a69690ee8-lifetime-10:***@rp.scrapegw.com:6060	ConnectionTimeoutError: Connection timeout to host https://discord.com/api/v9/unique-username/username-attempt-unauthed
2026-09-01 18:27:55	NETWORK	fopn	attempt=1	proxy=http://wiw4v7duaymysz9-session-06f1386daa97-lifetime-10:***@rp.scrapegw.com:6060	ConnectionTimeoutError: Connection timeout to host https://discord.com/api/v9/unique-username/username-attempt-unauthed
2026-09-01 18:27:55	NETWORK	fpcs	attempt=1	proxy=http://wiw4v7duaymysz9-session-1e9395b0fb72-lifetime-10:***@rp.scrapegw.com:6060	ConnectionTimeoutError: Connection timeout to host https://discord.com/api/v9/unique-username/username-attempt-unauthed
2026-09-01 18:27:55	NETWORK	fous	attempt=1	proxy=http://wiw4v7duaymysz9-session-264f26c202f9-lifetime-10:***@rp.scrapegw.com:6060	ConnectionTimeoutError: Connection timeout to host https://discord.com/api/v9/unique-username/username-attempt-unauthed
2026-09-01 18:27:55	NETWORK	fozc	attempt=1	proxy=http://wiw4v7duaymysz9-session-c02c704f9233-lifetime-10:***@rp.scrapegw.com:6060	ConnectionTimeoutError: Connection timeout to host https://discord.com/api/v9/unique-username/username-attempt-unauthed
2026-09-01 18:27:55	NETWORK	fowi	attempt=1	proxy=http://wiw4v7duaymysz9-session-020698022a0c-lifetime-10:***@rp.scrapegw.com:6060	ConnectionTimeoutError: Connection timeout to host https://discord.com/api/v9/unique-username/username-attempt-unauthed
2026-09-01 18:27:55	NETWORK	fozu	attempt=1	proxy=http://wiw4v7duaymysz9-session-0ca1711fa63d-lifetime-10:***@rp.scrapegw.com:6060	ConnectionTimeoutError: Connection timeout to host https://discord.com/api/v9/unique-username/username-attempt-unauthed
2026-09-01 18:27:55	NETWORK	foxj	attempt=1	proxy=http://wiw4v7duaymysz9-session-43863f866716-lifetime-10:***@rp.scrapegw.com:6060	ConnectionTimeoutError: Connection timeout to host https://discord.com/api/v9/unique-username/username-attempt-unauthed
2026-09-01 18:27:55	NETWORK	fovv	attempt=1	proxy=http://wiw4v7duaymysz9-session-4da72d264f9d-lifetime-10:***@rp.scrapegw.com:6060	ConnectionTimeoutError: Connection timeout to host https://discord.com/api/v9/unique-username/username-attempt-unauthed
2026-09-01 18:27:55	HTTP_429	fscl	attempt=1	proxy=http://wiw4v7duaymysz9-session-0023524572f2-lifetime-10:***@rp.scrapegw.com:6060	scope=shared global=False retry_after=564.00s
2026-09-01 18:27:55	HTTP_429	fron	attempt=1	proxy=http://wiw4v7duaymysz9-session-e0f7df48c1de-lifetime-10:***@rp.scrapegw.com:6060	scope=shared global=False retry_after=335.00s
2026-09-01 18:27:55	HTTP_429	fuyo	attempt=1	proxy=http://wiw4v7duaymysz9-session-a47a6c4e3a70-lifetime-10:***@rp.scrapegw.com:6060	scope=shared global=False retry_after=2064.00s
2026-09-01 18:27:55	HTTP_429	fvaw	attempt=1	proxy=http://wiw4v7duaymysz9-session-e7859cf0ae45-lifetime-10:***@rp.scrapegw.com:6060	scope=shared global=False retry_after=1755.00s
2026-09-01 18:27:56	HTTP_429	ftfu	attempt=1	proxy=http://wiw4v7duaymysz9-session-169b8b484533-lifetime-10:***@rp.scrapegw.com:6060	scope=shared global=False retry_after=1003.00s
2026-09-01 18:27:56	NETWORK	fqjx	attempt=1	proxy=http://wiw4v7duaymysz9-session-0628f2012adb-lifetime-10:***@rp.scrapegw.com:6060	ClientConnectorError: Cannot connect to host discord.com:443 ssl:default [Connection reset by peer]
2026-09-01 18:27:56	NETWORK	fvbf	attempt=1	proxy=http://wiw4v7duaymysz9-session-9c4192db46ee-lifetime-10:***@rp.scrapegw.com:6060	ClientConnectorCertificateError: Cannot connect to host discord.com:443 ssl:True [SSLCertVerificationError: (1, '[SSL: CERTIFICATE_VERIFY_FAILED] certificate verify failed: self-signed certificate (_ssl.c:1081)')]
2026-09-01 18:27:56	HTTP_429	fuzv	attempt=1	proxy=http://wiw4v7duaymysz9-session-59a1e2752ab9-lifetime-10:***@rp.scrapegw.com:6060	scope=shared global=False retry_after=2058.00s
2026-09-01 18:27:56	HTTP_429	fvbn	attempt=1	proxy=http://wiw4v7duaymysz9-session-73be84fbb9e9-lifetime-10:***@rp.scrapegw.com:6060	scope=shared global=False retry_after=2064.00s
2026-09-01 18:27:56	HTTP_429	fveo	attempt=1	proxy=http://wiw4v7duaymysz9-session-78ae0e2763ed-lifetime-10:***@rp.scrapegw.com:6060	scope=shared global=False retry_after=2057.00s
2026-09-01 18:27:56	HTTP_429	fvby	attempt=1	proxy=http://wiw4v7duaymysz9-session-ff8d7ee47ac8-lifetime-10:***@rp.scrapegw.com:6060	scope=shared global=False retry_after=2064.00s
2026-09-01 18:27:56	HTTP_429	fvev	attempt=1	proxy=http://wiw4v7duaymysz9-session-f463761ac05c-lifetime-10:***@rp.scrapegw.com:6060	scope=shared global=False retry_after=2057.00s
2026-09-01 18:27:56	HTTP_429	ftaw	attempt=1	proxy=http://wiw4v7duaymysz9-session-f7cdea031205-lifetime-10:***@rp.scrapegw.com:6060	scope=shared global=False retry_after=229.00s
2026-09-01 18:27:56	HTTP_429	fvge	attempt=1	proxy=http://wiw4v7duaymysz9-session-8e9ba983e38a-lifetime-10:***@rp.scrapegw.com:6060	scope=shared global=False retry_after=2064.00s
2026-09-01 18:27:56	NETWORK	fpgz	attempt=1	proxy=http://wiw4v7duaymysz9-session-4abad241ca30-lifetime-10:***@rp.scrapegw.com:6060	ClientConnectorError: Cannot connect to host discord.com:443 ssl:default [Connection reset by peer]
2026-09-01 18:27:56	HTTP_429	fvgp	attempt=1	proxy=http://wiw4v7duaymysz9-session-725658bf5015-lifetime-10:***@rp.scrapegw.com:6060	scope=shared global=False retry_after=697.00s
2026-09-01 18:27:56	HTTP_429	fvgr	attempt=1	proxy=http://wiw4v7duaymysz9-session-4cf9330a0b5f-lifetime-10:***@rp.scrapegw.com:6060	scope=shared global=False retry_after=2063.00s
2026-09-01 18:27:56	HTTP_429	fvfw	attempt=1	proxy=http://wiw4v7duaymysz9-session-18431ab284bb-lifetime-10:***@rp.scrapegw.com:6060	scope=shared global=False retry_after=2058.00s
2026-09-01 18:27:56	NETWORK	fpme	attempt=1	proxy=http://wiw4v7duaymysz9-session-e1b463ec3955-lifetime-10:***@rp.scrapegw.com:6060	ConnectionTimeoutError: Connection timeout to host https://discord.com/api/v9/unique-username/username-attempt-unauthed
2026-09-01 18:27:56	NETWORK	fptz	attempt=1	proxy=http://wiw4v7duaymysz9-session-7324224fece5-lifetime-10:***@rp.scrapegw.com:6060	ConnectionTimeoutError: Connection timeout to host https://discord.com/api/v9/unique-username/username-attempt-unauthed
2026-09-01 18:27:56	NETWORK	fpri	attempt=1	proxy=http://wiw4v7duaymysz9-session-6e7cc3831f70-lifetime-10:***@rp.scrapegw.com:6060	ConnectionTimeoutError: Connection timeout to host https://discord.com/api/v9/unique-username/username-attempt-unauthed
2026-09-01 18:27:56	NETWORK	fpqp	attempt=1	proxy=http://wiw4v7duaymysz9-session-d1b128d67dd7-lifetime-10:***@rp.scrapegw.com:6060	ConnectionTimeoutError: Connection timeout to host https://discord.com/api/v9/unique-username/username-attempt-unauthed
2026-09-01 18:27:56	NETWORK	fpsd	attempt=1	proxy=http://wiw4v7duaymysz9-session-4b0b24d76201-lifetime-10:***@rp.scrapegw.com:6060	ConnectionTimeoutError: Connection timeout to host https://discord.com/api/v9/unique-username/username-attempt-unauthed
2026-09-01 18:27:56	NETWORK	fpmr	attempt=1	proxy=http://wiw4v7duaymysz9-session-e43bab276d2a-lifetime-10:***@rp.scrapegw.com:6060	ConnectionTimeoutError: Connection timeout to host https://discord.com/api/v9/unique-username/username-attempt-unauthed
2026-09-01 18:27:56	NETWORK	fpvv	attempt=1	proxy=http://wiw4v7duaymysz9-session-bb89f64c3ce3-lifetime-10:***@rp.scrapegw.com:6060	ConnectionTimeoutError: Connection timeout to host https://discord.com/api/v9/unique-username/username-attempt-unauthed
2026-09-01 18:27:56	NETWORK	fpru	attempt=1	proxy=http://wiw4v7duaymysz9-session-e0c1ea35eb4d-lifetime-10:***@rp.scrapegw.com:6060	ConnectionTimeoutError: Connection timeout to host https://discord.com/api/v9/unique-username/username-attempt-unauthed
2026-09-01 18:27:56	NETWORK	fphy	attempt=1	proxy=http://wiw4v7duaymysz9-session-2fb3c83029c7-lifetime-10:***@rp.scrapegw.com:6060	ConnectionTimeoutError: Connection timeout to host https://discord.com/api/v9/unique-username/username-attempt-unauthed
2026-09-01 18:27:56	NETWORK	fpkz	attempt=1	proxy=http://wiw4v7duaymysz9-session-7576161f0075-lifetime-10:***@rp.scrapegw.com:6060	ConnectionTimeoutError: Connection timeout to host https://discord.com/api/v9/unique-username/username-attempt-unauthed
2026-09-01 18:27:56	NETWORK	fpjg	attempt=1	proxy=http://wiw4v7duaymysz9-session-5d8d9ccd1cfb-lifetime-10:***@rp.scrapegw.com:6060	ConnectionTimeoutError: Connection timeout to host https://discord.com/api/v9/unique-username/username-attempt-unauthed
2026-09-01 18:27:56	NETWORK	fpvu	attempt=1	proxy=http://wiw4v7duaymysz9-session-4485bf7a5769-lifetime-10:***@rp.scrapegw.com:6060	ConnectionTimeoutError: Connection timeout to host https://discord.com/api/v9/unique-username/username-attempt-unauthed
2026-09-01 18:27:56	NETWORK	fppw	attempt=1	proxy=http://wiw4v7duaymysz9-session-730f6b50288b-lifetime-10:***@rp.scrapegw.com:6060	ConnectionTimeoutError: Connection timeout to host https://discord.com/api/v9/unique-username/username-attempt-unauthed
2026-09-01 18:27:56	NETWORK	fpuo	attempt=1	proxy=http://wiw4v7duaymysz9-session-0023524572f2-lifetime-10:***@rp.scrapegw.com:6060	ConnectionTimeoutError: Connection timeout to host https://discord.com/api/v9/unique-username/username-attempt-unauthed
2026-09-01 18:27:56	NETWORK	fphq	attempt=1	proxy=http://wiw4v7duaymysz9-session-92b6814b366c-lifetime-10:***@rp.scrapegw.com:6060	ConnectionTimeoutError: Connection timeout to host https://discord.com/api/v9/unique-username/username-attempt-unauthed
2026-09-01 18:27:56	NETWORK	fpmc	attempt=1	proxy=http://wiw4v7duaymysz9-session-489588d74fca-lifetime-10:***@rp.scrapegw.com:6060	ConnectionTimeoutError: Connection timeout to host https://discord.com/api/v9/unique-username/username-attempt-unauthed
2026-09-01 18:27:56	NETWORK	fpuk	attempt=1	proxy=http://wiw4v7duaymysz9-session-15fe0122c269-lifetime-10:***@rp.scrapegw.com:6060	ConnectionTimeoutError: Connection timeout to host https://discord.com/api/v9/unique-username/username-attempt-unauthed
2026-09-01 18:27:56	NETWORK	fphx	attempt=1	proxy=http://wiw4v7duaymysz9-session-ff659b69de34-lifetime-10:***@rp.scrapegw.com:6060	ConnectionTimeoutError: Connection timeout to host https://discord.com/api/v9/unique-username/username-attempt-unauthed
2026-09-01 18:27:56	NETWORK	fpfp	attempt=1	proxy=http://wiw4v7duaymysz9-session-078bb1f2e4e2-lifetime-10:***@rp.scrapegw.com:6060	ConnectionTimeoutError: Connection timeout to host https://discord.com/api/v9/unique-username/username-attempt-unauthed
2026-09-01 18:27:56	NETWORK	fpti	attempt=1	proxy=http://wiw4v7duaymysz9-session-9c4fe4fbbb4a-lifetime-10:***@rp.scrapegw.com:6060	ConnectionTimeoutError: Connection timeout to host https://discord.com/api/v9/unique-username/username-attempt-unauthed
2026-09-01 18:27:56	NETWORK	fpxb	attempt=1	proxy=http://wiw4v7duaymysz9-session-a3e098cc142d-lifetime-10:***@rp.scrapegw.com:6060	ConnectionTimeoutError: Connection timeout to host https://discord.com/api/v9/unique-username/username-attempt-unauthed
2026-09-01 18:27:56	HTTP_429	fvhx	attempt=1	proxy=http://wiw4v7duaymysz9-session-d0ccc91f833b-lifetime-10:***@rp.scrapegw.com:6060	scope=shared global=False retry_after=283.00s
2026-09-01 18:27:56	NETWORK	fqsr	attempt=1	proxy=http://wiw4v7duaymysz9-session-1a32ec4613a2-lifetime-10:***@rp.scrapegw.com:6060	ClientConnectorError: Cannot connect to host discord.com:443 ssl:default [Connection reset by peer]
2026-09-01 18:27:56	HTTP_429	fqed	attempt=1	proxy=http://wiw4v7duaymysz9-session-d91a9baba6a3-lifetime-10:***@rp.scrapegw.com:6060	scope=shared global=False retry_after=803.00s
2026-09-01 18:27:56	HTTP_429	fvhl	attempt=1	proxy=http://wiw4v7duaymysz9-session-cadad23cf2e0-lifetime-10:***@rp.scrapegw.com:6060	scope=shared global=False retry_after=2058.00s
2026-09-01 18:27:56	HTTP_429	fvil	attempt=1	proxy=http://wiw4v7duaymysz9-session-a38dd91302d5-lifetime-10:***@rp.scrapegw.com:6060	scope=shared global=False retry_after=2057.00s
2026-09-01 18:27:57	HTTP_429	fviv	attempt=1	proxy=http://wiw4v7duaymysz9-session-969fdaa06a85-lifetime-10:***@rp.scrapegw.com:6060	scope=shared global=False retry_after=2065.00s
2026-09-01 18:27:57	NETWORK	frsx	attempt=1	proxy=http://wiw4v7duaymysz9-session-86da1e4e662b-lifetime-10:***@rp.scrapegw.com:6060	ClientConnectorError: Cannot connect to host discord.com:443 ssl:default [Connection reset by peer]
2026-09-01 18:27:57	HTTP_429	fsci	attempt=1	proxy=http://wiw4v7duaymysz9-session-15fe0122c269-lifetime-10:***@rp.scrapegw.com:6060	scope=shared global=False retry_after=753.00s
2026-09-01 18:27:57	HTTP_429	fvjx	attempt=1	proxy=http://wiw4v7duaymysz9-session-1bd23ae222a1-lifetime-10:***@rp.scrapegw.com:6060	scope=shared global=False retry_after=2063.00s
2026-09-01 18:27:57	HTTP_429	frhx	attempt=1	proxy=http://wiw4v7duaymysz9-session-43863f866716-lifetime-10:***@rp.scrapegw.com:6060	scope=shared global=False retry_after=1241.00s
2026-09-01 18:27:57	NETWORK	fqmc	attempt=1	proxy=http://wiw4v7duaymysz9-session-e3a3479f4304-lifetime-10:***@rp.scrapegw.com:6060	ConnectionTimeoutError: Connection timeout to host https://discord.com/api/v9/unique-username/username-attempt-unauthed
2026-09-01 18:27:57	NETWORK	fqdq	attempt=1	proxy=http://wiw4v7duaymysz9-session-4491bd4901eb-lifetime-10:***@rp.scrapegw.com:6060	ConnectionTimeoutError: Connection timeout to host https://discord.com/api/v9/unique-username/username-attempt-unauthed
2026-09-01 18:27:57	NETWORK	fqhn	attempt=1	proxy=http://wiw4v7duaymysz9-session-b3f3ad8ea85f-lifetime-10:***@rp.scrapegw.com:6060	ConnectionTimeoutError: Connection timeout to host https://discord.com/api/v9/unique-username/username-attempt-unauthed
2026-09-01 18:27:57	NETWORK	fqea	attempt=1	proxy=http://wiw4v7duaymysz9-session-5db989922297-lifetime-10:***@rp.scrapegw.com:6060	ConnectionTimeoutError: Connection timeout to host https://discord.com/api/v9/unique-username/username-attempt-unauthed
2026-09-01 18:27:57	NETWORK	fqdi	attempt=1	proxy=http://wiw4v7duaymysz9-session-a902b9211fe6-lifetime-10:***@rp.scrapegw.com:6060	ConnectionTimeoutError: Connection timeout to host https://discord.com/api/v9/unique-username/username-attempt-unauthed
2026-09-01 18:27:57	NETWORK	fqhf	attempt=1	proxy=http://wiw4v7duaymysz9-session-71a9148bb564-lifetime-10:***@rp.scrapegw.com:6060	ConnectionTimeoutError: Connection timeout to host https://discord.com/api/v9/unique-username/username-attempt-unauthed
2026-09-01 18:27:57	NETWORK	fqaz	attempt=1	proxy=http://wiw4v7duaymysz9-session-d6dba9854109-lifetime-10:***@rp.scrapegw.com:6060	ConnectionTimeoutError: Connection timeout to host https://discord.com/api/v9/unique-username/username-attempt-unauthed
2026-09-01 18:27:57	NETWORK	fqjy	attempt=1	proxy=http://wiw4v7duaymysz9-session-44dbdd16d36d-lifetime-10:***@rp.scrapegw.com:6060	ConnectionTimeoutError: Connection timeout to host https://discord.com/api/v9/unique-username/username-attempt-unauthed
2026-09-01 18:27:57	NETWORK	fqkj	attempt=1	proxy=http://wiw4v7duaymysz9-session-f5e4c3164309-lifetime-10:***@rp.scrapegw.com:6060	ConnectionTimeoutError: Connection timeout to host https://discord.com/api/v9/unique-username/username-attempt-unauthed
2026-09-01 18:27:57	NETWORK	fqbo	attempt=1	proxy=http://wiw4v7duaymysz9-session-af9e947ed4a0-lifetime-10:***@rp.scrapegw.com:6060	ConnectionTimeoutError: Connection timeout to host https://discord.com/api/v9/unique-username/username-attempt-unauthed
2026-09-01 18:27:57	NETWORK	fqkg	attempt=1	proxy=http://wiw4v7duaymysz9-session-505d3f606ae0-lifetime-10:***@rp.scrapegw.com:6060	ConnectionTimeoutError: Connection timeout to host https://discord.com/api/v9/unique-username/username-attempt-unauthed
2026-09-01 18:27:57	NETWORK	fqls	attempt=1	proxy=http://wiw4v7duaymysz9-session-e106127a6bba-lifetime-10:***@rp.scrapegw.com:6060	ConnectionTimeoutError: Connection timeout to host https://discord.com/api/v9/unique-username/username-attempt-unauthed
2026-09-01 18:27:57	NETWORK	fqkd	attempt=1	proxy=http://wiw4v7duaymysz9-session-1f387365a665-lifetime-10:***@rp.scrapegw.com:6060	ConnectionTimeoutError: Connection timeout to host https://discord.com/api/v9/unique-username/username-attempt-unauthed
2026-09-01 18:27:57	NETWORK	fqlo	attempt=1	proxy=http://wiw4v7duaymysz9-session-0c416a2a2253-lifetime-10:***@rp.scrapegw.com:6060	ConnectionTimeoutError: Connection timeout to host https://discord.com/api/v9/unique-username/username-attempt-unauthed
2026-09-01 18:27:57	NETWORK	fpxe	attempt=1	proxy=http://wiw4v7duaymysz9-session-cd8ffb5312c2-lifetime-10:***@rp.scrapegw.com:6060	ConnectionTimeoutError: Connection timeout to host https://discord.com/api/v9/unique-username/username-attempt-unauthed
2026-09-01 18:27:57	NETWORK	fqjt	attempt=1	proxy=http://wiw4v7duaymysz9-session-ff3850dc1941-lifetime-10:***@rp.scrapegw.com:6060	ConnectionTimeoutError: Connection timeout to host https://discord.com/api/v9/unique-username/username-attempt-unauthed
2026-09-01 18:27:57	NETWORK	fqkc	attempt=1	proxy=http://wiw4v7duaymysz9-session-24cb51a135f4-lifetime-10:***@rp.scrapegw.com:6060	ConnectionTimeoutError: Connection timeout to host https://discord.com/api/v9/unique-username/username-attempt-unauthed
2026-09-01 18:27:57	NETWORK	fqee	attempt=1	proxy=http://wiw4v7duaymysz9-session-15a359e81609-lifetime-10:***@rp.scrapegw.com:6060	ConnectionTimeoutError: Connection timeout to host https://discord.com/api/v9/unique-username/username-attempt-unauthed
2026-09-01 18:27:57	NETWORK	fqjl	attempt=1	proxy=http://wiw4v7duaymysz9-session-e71c27055909-lifetime-10:***@rp.scrapegw.com:6060	ConnectionTimeoutError: Connection timeout to host https://discord.com/api/v9/unique-username/username-attempt-unauthed
2026-09-01 18:27:57	NETWORK	fqek	attempt=1	proxy=http://wiw4v7duaymysz9-session-c11d80150419-lifetime-10:***@rp.scrapegw.com:6060	ConnectionTimeoutError: Connection timeout to host https://discord.com/api/v9/unique-username/username-attempt-unauthed
2026-09-01 18:27:57	NETWORK	fqke	attempt=1	proxy=http://wiw4v7duaymysz9-session-6d6f7e9c8037-lifetime-10:***@rp.scrapegw.com:6060	ConnectionTimeoutError: Connection timeout to host https://discord.com/api/v9/unique-username/username-attempt-unauthed
2026-09-01 18:27:57	NETWORK	fqir	attempt=1	proxy=http://wiw4v7duaymysz9-session-a19e43735fa7-lifetime-10:***@rp.scrapegw.com:6060	ConnectionTimeoutError: Connection timeout to host https://discord.com/api/v9/unique-username/username-attempt-unauthed
2026-09-01 18:27:57	NETWORK	fqfh	attempt=1	proxy=http://wiw4v7duaymysz9-session-8d2d1fd5a8d0-lifetime-10:***@rp.scrapegw.com:6060	ConnectionTimeoutError: Connection timeout to host https://discord.com/api/v9/unique-username/username-attempt-unauthed
2026-09-01 18:27:57	NETWORK	fqcb	attempt=1	proxy=http://wiw4v7duaymysz9-session-49ea3bdc1303-lifetime-10:***@rp.scrapegw.com:6060	ConnectionTimeoutError: Connection timeout to host https://discord.com/api/v9/unique-username/username-attempt-unauthed
2026-09-01 18:27:57	NETWORK	fqih	attempt=1	proxy=http://wiw4v7duaymysz9-session-19f0080539aa-lifetime-10:***@rp.scrapegw.com:6060	ConnectionTimeoutError: Connection timeout to host https://discord.com/api/v9/unique-username/username-attempt-unauthed
2026-09-01 18:27:57	NETWORK	fqcx	attempt=1	proxy=http://wiw4v7duaymysz9-session-d32306dbf489-lifetime-10:***@rp.scrapegw.com:6060	ConnectionTimeoutError: Connection timeout to host https://discord.com/api/v9/unique-username/username-attempt-unauthed
2026-09-01 18:27:57	NETWORK	fqax	attempt=1	proxy=http://wiw4v7duaymysz9-session-8b0b2080ef0b-lifetime-10:***@rp.scrapegw.com:6060	ConnectionTimeoutError: Connection timeout to host https://discord.com/api/v9/unique-username/username-attempt-unauthed
2026-09-01 18:27:57	NETWORK	fqar	attempt=1	proxy=http://wiw4v7duaymysz9-session-27e2739e7574-lifetime-10:***@rp.scrapegw.com:6060	ConnectionTimeoutError: Connection timeout to host https://discord.com/api/v9/unique-username/username-attempt-unauthed
2026-09-01 18:27:57	NETWORK	fqag	attempt=1	proxy=http://wiw4v7duaymysz9-session-a1eecd0de1c9-lifetime-10:***@rp.scrapegw.com:6060	ConnectionTimeoutError: Connection timeout to host https://discord.com/api/v9/unique-username/username-attempt-unauthed
2026-09-01 18:27:58	NETWORK	ftwf	attempt=1	proxy=http://wiw4v7duaymysz9-session-1e9395b0fb72-lifetime-10:***@rp.scrapegw.com:6060	ClientConnectorError: Cannot connect to host discord.com:443 ssl:default [Connection reset by peer]
2026-09-01 18:27:58	NETWORK	fsco	attempt=1	proxy=http://wiw4v7duaymysz9-session-0c5d33536971-lifetime-10:***@rp.scrapegw.com:6060	ClientConnectorError: Cannot connect to host discord.com:443 ssl:default [Connection reset by peer]
2026-09-01 18:27:58	HTTP_429	fsis	attempt=1	proxy=http://wiw4v7duaymysz9-session-92cb8998e25e-lifetime-10:***@rp.scrapegw.com:6060	scope=shared global=False retry_after=1764.00s
2026-09-01 18:27:58	HTTP_429	fsbi	attempt=1	proxy=http://wiw4v7duaymysz9-session-18ed94c78dc3-lifetime-10:***@rp.scrapegw.com:6060	scope=shared global=False retry_after=963.00s
2026-09-01 18:27:58	NETWORK	fudi	attempt=1	proxy=http://wiw4v7duaymysz9-session-3f6186d3fa33-lifetime-10:***@rp.scrapegw.com:6060	ClientConnectorError: Cannot connect to host discord.com:443 ssl:default [Connection reset by peer]
2026-09-01 18:27:58	NETWORK	ftlj	attempt=1	proxy=http://wiw4v7duaymysz9-session-b015229cd725-lifetime-10:***@rp.scrapegw.com:6060	ClientConnectorError: Cannot connect to host discord.com:443 ssl:default [Connection reset by peer]
2026-09-01 18:27:58	HTTP_429	fuup	attempt=1	proxy=http://wiw4v7duaymysz9-session-6fc6843cf987-lifetime-10:***@rp.scrapegw.com:6060	scope=shared global=False retry_after=337.00s
2026-09-01 18:27:58	HTTP_429	fvzj	attempt=1	proxy=http://wiw4v7duaymysz9-session-2ab71a3ef5eb-lifetime-10:***@rp.scrapegw.com:6060	scope=shared global=False retry_after=1709.00s
2026-09-01 18:27:58	NETWORK	ftqi	attempt=1	proxy=http://wiw4v7duaymysz9-session-e422e8395ab8-lifetime-10:***@rp.scrapegw.com:6060	ClientConnectorError: Cannot connect to host discord.com:443 ssl:default [Connection reset by peer]
2026-09-01 18:27:58	NETWORK	frfb	attempt=1	proxy=http://wiw4v7duaymysz9-session-646191e8ba90-lifetime-10:***@rp.scrapegw.com:6060	ConnectionTimeoutError: Connection timeout to host https://discord.com/api/v9/unique-username/username-attempt-unauthed
2026-09-01 18:27:58	NETWORK	frfo	attempt=1	proxy=http://wiw4v7duaymysz9-session-ea337fe3fa47-lifetime-10:***@rp.scrapegw.com:6060	ConnectionTimeoutError: Connection timeout to host https://discord.com/api/v9/unique-username/username-attempt-unauthed
2026-09-01 18:27:58	NETWORK	fqzs	attempt=1	proxy=http://wiw4v7duaymysz9-session-81d71b534621-lifetime-10:***@rp.scrapegw.com:6060	ConnectionTimeoutError: Connection timeout to host https://discord.com/api/v9/unique-username/username-attempt-unauthed
2026-09-01 18:27:58	NETWORK	fqyw	attempt=1	proxy=http://wiw4v7duaymysz9-session-3abaec93f3c4-lifetime-10:***@rp.scrapegw.com:6060	ConnectionTimeoutError: Connection timeout to host https://discord.com/api/v9/unique-username/username-attempt-unauthed
2026-09-01 18:27:58	NETWORK	fqtb	attempt=1	proxy=http://wiw4v7duaymysz9-session-f3b3fd86dc77-lifetime-10:***@rp.scrapegw.com:6060	ConnectionTimeoutError: Connection timeout to host https://discord.com/api/v9/unique-username/username-attempt-unauthed
2026-09-01 18:27:58	NETWORK	frbb	attempt=1	proxy=http://wiw4v7duaymysz9-session-333a69690ee8-lifetime-10:***@rp.scrapegw.com:6060	ConnectionTimeoutError: Connection timeout to host https://discord.com/api/v9/unique-username/username-attempt-unauthed
2026-09-01 18:27:58	NETWORK	fqyu	attempt=1	proxy=http://wiw4v7duaymysz9-session-55389a7132ef-lifetime-10:***@rp.scrapegw.com:6060	ConnectionTimeoutError: Connection timeout to host https://discord.com/api/v9/unique-username/username-attempt-unauthed
2026-09-01 18:27:58	NETWORK	frev	attempt=1	proxy=http://wiw4v7duaymysz9-session-d268afb476a2-lifetime-10:***@rp.scrapegw.com:6060	ConnectionTimeoutError: Connection timeout to host https://discord.com/api/v9/unique-username/username-attempt-unauthed
2026-09-01 18:27:58	NETWORK	frcw	attempt=1	proxy=http://wiw4v7duaymysz9-session-8e83f70ecb56-lifetime-10:***@rp.scrapegw.com:6060	ConnectionTimeoutError: Connection timeout to host https://discord.com/api/v9/unique-username/username-attempt-unauthed
2026-09-01 18:27:58	NETWORK	frcn	attempt=1	proxy=http://wiw4v7duaymysz9-session-29989035705c-lifetime-10:***@rp.scrapegw.com:6060	ConnectionTimeoutError: Connection timeout to host https://discord.com/api/v9/unique-username/username-attempt-unauthed
2026-09-01 18:27:58	NETWORK	frfs	attempt=1	proxy=http://wiw4v7duaymysz9-session-9f841963b6d0-lifetime-10:***@rp.scrapegw.com:6060	ConnectionTimeoutError: Connection timeout to host https://discord.com/api/v9/unique-username/username-attempt-unauthed
2026-09-01 18:27:58	NETWORK	frbu	attempt=1	proxy=http://wiw4v7duaymysz9-session-06f1386daa97-lifetime-10:***@rp.scrapegw.com:6060	ConnectionTimeoutError: Connection timeout to host https://discord.com/api/v9/unique-username/username-attempt-unauthed
2026-09-01 18:27:58	NETWORK	fqzl	attempt=1	proxy=http://wiw4v7duaymysz9-session-7a060f26f17b-lifetime-10:***@rp.scrapegw.com:6060	ConnectionTimeoutError: Connection timeout to host https://discord.com/api/v9/unique-username/username-attempt-unauthed
2026-09-01 18:27:58	NETWORK	fqst	attempt=1	proxy=http://wiw4v7duaymysz9-session-700dea28b2e8-lifetime-10:***@rp.scrapegw.com:6060	ConnectionTimeoutError: Connection timeout to host https://discord.com/api/v9/unique-username/username-attempt-unauthed
2026-09-01 18:27:58	NETWORK	fqyb	attempt=1	proxy=http://wiw4v7duaymysz9-session-f92e699fa481-lifetime-10:***@rp.scrapegw.com:6060	ConnectionTimeoutError: Connection timeout to host https://discord.com/api/v9/unique-username/username-attempt-unauthed
2026-09-01 18:27:58	NETWORK	fqrw	attempt=1	proxy=http://wiw4v7duaymysz9-session-a276b9da74cf-lifetime-10:***@rp.scrapegw.com:6060	ConnectionTimeoutError: Connection timeout to host https://discord.com/api/v9/unique-username/username-attempt-unauthed
2026-09-01 18:27:58	NETWORK	fqro	attempt=1	proxy=http://wiw4v7duaymysz9-session-eaa818ff5d92-lifetime-10:***@rp.scrapegw.com:6060	ConnectionTimeoutError: Connection timeout to host https://discord.com/api/v9/unique-username/username-attempt-unauthed
2026-09-01 18:27:58	NETWORK	fqqt	attempt=1	proxy=http://wiw4v7duaymysz9-session-33ddca2d101d-lifetime-10:***@rp.scrapegw.com:6060	ConnectionTimeoutError: Connection timeout to host https://discord.com/api/v9/unique-username/username-attempt-unauthed
2026-09-01 18:27:58	NETWORK	fqqz	attempt=1	proxy=http://wiw4v7duaymysz9-session-5fc2a07021c7-lifetime-10:***@rp.scrapegw.com:6060	ConnectionTimeoutError: Connection timeout to host https://discord.com/api/v9/unique-username/username-attempt-unauthed
2026-09-01 18:27:58	NETWORK	fqqi	attempt=1	proxy=http://wiw4v7duaymysz9-session-73a8eb645c42-lifetime-10:***@rp.scrapegw.com:6060	ConnectionTimeoutError: Connection timeout to host https://discord.com/api/v9/unique-username/username-attempt-unauthed
2026-09-01 18:27:58	NETWORK	fqul	attempt=1	proxy=http://wiw4v7duaymysz9-session-f1e8f9895b9e-lifetime-10:***@rp.scrapegw.com:6060	ConnectionTimeoutError: Connection timeout to host https://discord.com/api/v9/unique-username/username-attempt-unauthed
2026-09-01 18:27:58	NETWORK	fqup	attempt=1	proxy=http://wiw4v7duaymysz9-session-56b1f8ac3e84-lifetime-10:***@rp.scrapegw.com:6060	ConnectionTimeoutError: Connection timeout to host https://discord.com/api/v9/unique-username/username-attempt-unauthed
2026-09-01 18:27:58	NETWORK	fqun	attempt=1	proxy=http://wiw4v7duaymysz9-session-fe728c670426-lifetime-10:***@rp.scrapegw.com:6060	ConnectionTimeoutError: Connection timeout to host https://discord.com/api/v9/unique-username/username-attempt-unauthed
2026-09-01 18:27:58	NETWORK	fqxs	attempt=1	proxy=http://wiw4v7duaymysz9-session-585b43f4009a-lifetime-10:***@rp.scrapegw.com:6060	ConnectionTimeoutError: Connection timeout to host https://discord.com/api/v9/unique-username/username-attempt-unauthed
2026-09-01 18:27:58	NETWORK	fqop	attempt=1	proxy=http://wiw4v7duaymysz9-session-f9708995c42d-lifetime-10:***@rp.scrapegw.com:6060	ConnectionTimeoutError: Connection timeout to host https://discord.com/api/v9/unique-username/username-attempt-unauthed
2026-09-01 18:27:58	NETWORK	fquu	attempt=1	proxy=http://wiw4v7duaymysz9-session-24115c5b093d-lifetime-10:***@rp.scrapegw.com:6060	ConnectionTimeoutError: Connection timeout to host https://discord.com/api/v9/unique-username/username-attempt-unauthed
2026-09-01 18:27:58	NETWORK	frfi	attempt=1	proxy=http://wiw4v7duaymysz9-session-4c30862ea68d-lifetime-10:***@rp.scrapegw.com:6060	ConnectionTimeoutError: Connection timeout to host https://discord.com/api/v9/unique-username/username-attempt-unauthed
2026-09-01 18:27:58	HTTP_429	fwcv	attempt=1	proxy=http://wiw4v7duaymysz9-session-1e0ce81e3034-lifetime-10:***@rp.scrapegw.com:6060	scope=shared global=False retry_after=1713.00s
2026-09-01 18:27:58	NETWORK	frpi	attempt=1	proxy=http://wiw4v7duaymysz9-session-078bb1f2e4e2-lifetime-10:***@rp.scrapegw.com:6060	ClientConnectorError: Cannot connect to host discord.com:443 ssl:default [Connection reset by peer]
2026-09-01 18:27:58	HTTP_429	fwgp	attempt=1	proxy=http://wiw4v7duaymysz9-session-63a9a0048106-lifetime-10:***@rp.scrapegw.com:6060	scope=shared global=False retry_after=2096.00s
2026-09-01 18:27:59	HTTP_429	fwfo	attempt=1	proxy=http://wiw4v7duaymysz9-session-30fbd18d27b8-lifetime-10:***@rp.scrapegw.com:6060	scope=shared global=False retry_after=472.00s
2026-09-01 18:27:59	HTTP_429	fwev	attempt=1	proxy=http://wiw4v7duaymysz9-session-45415c70f8b5-lifetime-10:***@rp.scrapegw.com:6060	scope=shared global=False retry_after=578.00s
2026-09-01 18:27:59	HTTP_429	fwjg	attempt=1	proxy=http://wiw4v7duaymysz9-session-039d856b6671-lifetime-10:***@rp.scrapegw.com:6060	scope=shared global=False retry_after=931.00s
2026-09-01 18:27:59	HTTP_429	fwhk	attempt=1	proxy=http://wiw4v7duaymysz9-session-4f067ae90082-lifetime-10:***@rp.scrapegw.com:6060	scope=shared global=False retry_after=1794.00s
2026-09-01 18:27:59	NETWORK	ftur	attempt=1	proxy=http://wiw4v7duaymysz9-session-38aa116396aa-lifetime-10:***@rp.scrapegw.com:6060	ClientConnectorError: Cannot connect to host discord.com:443 ssl:default [Connection reset by peer]
2026-09-01 18:27:59	HTTP_429	fwnu	attempt=1	proxy=http://wiw4v7duaymysz9-session-317797486473-lifetime-10:***@rp.scrapegw.com:6060	scope=shared global=False retry_after=1931.00s
2026-09-01 18:27:59	NETWORK	fsxs	attempt=1	proxy=http://wiw4v7duaymysz9-session-085a71cde2ae-lifetime-10:***@rp.scrapegw.com:6060	ClientConnectorError: Cannot connect to host discord.com:443 ssl:default [Connection reset by peer]
2026-09-01 18:27:59	NETWORK	frwt	attempt=1	proxy=http://wiw4v7duaymysz9-session-30fbd18d27b8-lifetime-10:***@rp.scrapegw.com:6060	ConnectionTimeoutError: Connection timeout to host https://discord.com/api/v9/unique-username/username-attempt-unauthed
2026-09-01 18:27:59	NETWORK	frje	attempt=1	proxy=http://wiw4v7duaymysz9-session-4dfa0d9fa8b2-lifetime-10:***@rp.scrapegw.com:6060	ConnectionTimeoutError: Connection timeout to host https://discord.com/api/v9/unique-username/username-attempt-unauthed
2026-09-01 18:27:59	NETWORK	frvy	attempt=1	proxy=http://wiw4v7duaymysz9-session-45415c70f8b5-lifetime-10:***@rp.scrapegw.com:6060	ConnectionTimeoutError: Connection timeout to host https://discord.com/api/v9/unique-username/username-attempt-unauthed
2026-09-01 18:27:59	NETWORK	frhq	attempt=1	proxy=http://wiw4v7duaymysz9-session-4053f2046c5a-lifetime-10:***@rp.scrapegw.com:6060	ConnectionTimeoutError: Connection timeout to host https://discord.com/api/v9/unique-username/username-attempt-unauthed
2026-09-01 18:27:59	NETWORK	frtt	attempt=1	proxy=http://wiw4v7duaymysz9-session-658c0c4ff850-lifetime-10:***@rp.scrapegw.com:6060	ConnectionTimeoutError: Connection timeout to host https://discord.com/api/v9/unique-username/username-attempt-unauthed
2026-09-01 18:27:59	NETWORK	frhh	attempt=1	proxy=http://wiw4v7duaymysz9-session-22859a4bd322-lifetime-10:***@rp.scrapegw.com:6060	ConnectionTimeoutError: Connection timeout to host https://discord.com/api/v9/unique-username/username-attempt-unauthed
2026-09-01 18:27:59	NETWORK	frgp	attempt=1	proxy=http://wiw4v7duaymysz9-session-e422e8395ab8-lifetime-10:***@rp.scrapegw.com:6060	ConnectionTimeoutError: Connection timeout to host https://discord.com/api/v9/unique-username/username-attempt-unauthed
2026-09-01 18:27:59	NETWORK	frxp	attempt=1	proxy=http://wiw4v7duaymysz9-session-089cf4374942-lifetime-10:***@rp.scrapegw.com:6060	ConnectionTimeoutError: Connection timeout to host https://discord.com/api/v9/unique-username/username-attempt-unauthed
2026-09-01 18:27:59	NETWORK	frwp	attempt=1	proxy=http://wiw4v7duaymysz9-session-2b46903bd6cd-lifetime-10:***@rp.scrapegw.com:6060	ConnectionTimeoutError: Connection timeout to host https://discord.com/api/v9/unique-username/username-attempt-unauthed
2026-09-01 18:27:59	NETWORK	frtd	attempt=1	proxy=http://wiw4v7duaymysz9-session-88b8d263d282-lifetime-10:***@rp.scrapegw.com:6060	ConnectionTimeoutError: Connection timeout to host https://discord.com/api/v9/unique-username/username-attempt-unauthed
2026-09-01 18:27:59	NETWORK	frur	attempt=1	proxy=http://wiw4v7duaymysz9-session-fe13aefc624d-lifetime-10:***@rp.scrapegw.com:6060	ConnectionTimeoutError: Connection timeout to host https://discord.com/api/v9/unique-username/username-attempt-unauthed
2026-09-01 18:27:59	NETWORK	frsf	attempt=1	proxy=http://wiw4v7duaymysz9-session-5d8d9ccd1cfb-lifetime-10:***@rp.scrapegw.com:6060	ConnectionTimeoutError: Connection timeout to host https://discord.com/api/v9/unique-username/username-attempt-unauthed
2026-09-01 18:27:59	NETWORK	frqf	attempt=1	proxy=http://wiw4v7duaymysz9-session-2fde5871118f-lifetime-10:***@rp.scrapegw.com:6060	ConnectionTimeoutError: Connection timeout to host https://discord.com/api/v9/unique-username/username-attempt-unauthed
2026-09-01 18:27:59	NETWORK	frjw	attempt=1	proxy=http://wiw4v7duaymysz9-session-cb1662da9284-lifetime-10:***@rp.scrapegw.com:6060	ConnectionTimeoutError: Connection timeout to host https://discord.com/api/v9/unique-username/username-attempt-unauthed
2026-09-01 18:27:59	NETWORK	froo	attempt=1	proxy=http://wiw4v7duaymysz9-session-59b53f300e7f-lifetime-10:***@rp.scrapegw.com:6060	ConnectionTimeoutError: Connection timeout to host https://discord.com/api/v9/unique-username/username-attempt-unauthed
2026-09-01 18:27:59	NETWORK	frqh	attempt=1	proxy=http://wiw4v7duaymysz9-session-1fb8347b6ee0-lifetime-10:***@rp.scrapegw.com:6060	ConnectionTimeoutError: Connection timeout to host https://discord.com/api/v9/unique-username/username-attempt-unauthed
2026-09-01 18:27:59	NETWORK	frny	attempt=1	proxy=http://wiw4v7duaymysz9-session-cc1cc8e78134-lifetime-10:***@rp.scrapegw.com:6060	ConnectionTimeoutError: Connection timeout to host https://discord.com/api/v9/unique-username/username-attempt-unauthed
2026-09-01 18:27:59	NETWORK	frkb	attempt=1	proxy=http://wiw4v7duaymysz9-session-1e1d0a8d7695-lifetime-10:***@rp.scrapegw.com:6060	ConnectionTimeoutError: Connection timeout to host https://discord.com/api/v9/unique-username/username-attempt-unauthed
2026-09-01 18:27:59	NETWORK	frrg	attempt=1	proxy=http://wiw4v7duaymysz9-session-ff659b69de34-lifetime-10:***@rp.scrapegw.com:6060	ConnectionTimeoutError: Connection timeout to host https://discord.com/api/v9/unique-username/username-attempt-unauthed
2026-09-01 18:27:59	NETWORK	frjg	attempt=1	proxy=http://wiw4v7duaymysz9-session-8ba3a71aab81-lifetime-10:***@rp.scrapegw.com:6060	ConnectionTimeoutError: Connection timeout to host https://discord.com/api/v9/unique-username/username-attempt-unauthed
2026-09-01 18:27:59	NETWORK	frht	attempt=1	proxy=http://wiw4v7duaymysz9-session-0ab236dba406-lifetime-10:***@rp.scrapegw.com:6060	ConnectionTimeoutError: Connection timeout to host https://discord.com/api/v9/unique-username/username-attempt-unauthed
2026-09-01 18:27:59	NETWORK	frgm	attempt=1	proxy=http://wiw4v7duaymysz9-session-7fe9f81a6ab2-lifetime-10:***@rp.scrapegw.com:6060	ConnectionTimeoutError: Connection timeout to host https://discord.com/api/v9/unique-username/username-attempt-unauthed
2026-09-01 18:27:59	NETWORK	frlp	attempt=1	proxy=http://wiw4v7duaymysz9-session-dafed0f81e49-lifetime-10:***@rp.scrapegw.com:6060	ConnectionTimeoutError: Connection timeout to host https://discord.com/api/v9/unique-username/username-attempt-unauthed
2026-09-01 18:27:59	NETWORK	frme	attempt=1	proxy=http://wiw4v7duaymysz9-session-1caa1a1d666b-lifetime-10:***@rp.scrapegw.com:6060	ConnectionTimeoutError: Connection timeout to host https://discord.com/api/v9/unique-username/username-attempt-unauthed
2026-09-01 18:27:59	NETWORK	frmm	attempt=1	proxy=http://wiw4v7duaymysz9-session-ba7dab83cc9a-lifetime-10:***@rp.scrapegw.com:6060	ConnectionTimeoutError: Connection timeout to host https://discord.com/api/v9/unique-username/username-attempt-unauthed
2026-09-01 18:27:59	NETWORK	frzi	attempt=1	proxy=http://wiw4v7duaymysz9-session-867f87a2b5de-lifetime-10:***@rp.scrapegw.com:6060	ConnectionTimeoutError: Connection timeout to host https://discord.com/api/v9/unique-username/username-attempt-unauthed
2026-09-01 18:27:59	NETWORK	frun	attempt=1	proxy=http://wiw4v7duaymysz9-session-0beac87c27f9-lifetime-10:***@rp.scrapegw.com:6060	ConnectionTimeoutError: Connection timeout to host https://discord.com/api/v9/unique-username/username-attempt-unauthed
2026-09-01 18:27:59	NETWORK	frrn	attempt=1	proxy=http://wiw4v7duaymysz9-session-6d2b6adef08b-lifetime-10:***@rp.scrapegw.com:6060	ConnectionTimeoutError: Connection timeout to host https://discord.com/api/v9/unique-username/username-attempt-unauthed
2026-09-01 18:27:59	NETWORK	frvg	attempt=1	proxy=http://wiw4v7duaymysz9-session-f9fa54a9ea45-lifetime-10:***@rp.scrapegw.com:6060	ConnectionTimeoutError: Connection timeout to host https://discord.com/api/v9/unique-username/username-attempt-unauthed
2026-09-01 18:27:59	NETWORK	frmw	attempt=1	proxy=http://wiw4v7duaymysz9-session-1e9395b0fb72-lifetime-10:***@rp.scrapegw.com:6060	ConnectionTimeoutError: Connection timeout to host https://discord.com/api/v9/unique-username/username-attempt-unauthed
2026-09-01 18:27:59	NETWORK	frmd	attempt=1	proxy=http://wiw4v7duaymysz9-session-c1adfa94d46a-lifetime-10:***@rp.scrapegw.com:6060	ConnectionTimeoutError: Connection timeout to host https://discord.com/api/v9/unique-username/username-attempt-unauthed
2026-09-01 18:27:59	HTTP_429	fwpz	attempt=1	proxy=http://wiw4v7duaymysz9-session-777fe3cd80ca-lifetime-10:***@rp.scrapegw.com:6060	scope=shared global=False retry_after=2024.00s
2026-09-01 18:28:00	HTTP_429	ftfj	attempt=1	proxy=http://wiw4v7duaymysz9-session-0e7feb0a9582-lifetime-10:***@rp.scrapegw.com:6060	scope=shared global=False retry_after=142.00s
2026-09-01 18:28:00	HTTP_429	fwvp	attempt=1	proxy=http://wiw4v7duaymysz9-session-2aefe70425c8-lifetime-10:***@rp.scrapegw.com:6060	scope=shared global=False retry_after=2117.00s
2026-09-01 18:28:00	NETWORK	fvml	attempt=1	proxy=http://wiw4v7duaymysz9-session-50a51a5f1bb0-lifetime-10:***@rp.scrapegw.com:6060	ServerDisconnectedError: Server disconnected
2026-09-01 18:28:00	HTTP_429	fwxt	attempt=1	proxy=http://wiw4v7duaymysz9-session-8b28ea580980-lifetime-10:***@rp.scrapegw.com:6060	scope=shared global=False retry_after=1387.00s
2026-09-01 18:28:00	NETWORK	fttb	attempt=1	proxy=http://wiw4v7duaymysz9-session-a44f141f5f34-lifetime-10:***@rp.scrapegw.com:6060	ClientConnectorError: Cannot connect to host discord.com:443 ssl:default [Connection reset by peer]
2026-09-01 18:28:00	HTTP_429	fubq	attempt=1	proxy=http://wiw4v7duaymysz9-session-4bf8f3346a27-lifetime-10:***@rp.scrapegw.com:6060	scope=shared global=False retry_after=780.00s
2026-09-01 18:28:00	NETWORK	fsya	attempt=1	proxy=http://wiw4v7duaymysz9-session-9ca34c56b5b8-lifetime-10:***@rp.scrapegw.com:6060	ClientConnectorError: Cannot connect to host discord.com:443 ssl:default [Connection reset by peer]
2026-09-01 18:28:00	NETWORK	ftxu	attempt=1	proxy=http://wiw4v7duaymysz9-session-0e34dc2eaf55-lifetime-10:***@rp.scrapegw.com:6060	ClientConnectorError: Cannot connect to host discord.com:443 ssl:default [Connection reset by peer]
2026-09-01 18:28:00	NETWORK	fspm	attempt=1	proxy=http://wiw4v7duaymysz9-session-4d556005d290-lifetime-10:***@rp.scrapegw.com:6060	ConnectionTimeoutError: Connection timeout to host https://discord.com/api/v9/unique-username/username-attempt-unauthed
2026-09-01 18:28:00	NETWORK	fsph	attempt=1	proxy=http://wiw4v7duaymysz9-session-9d2ab41352b9-lifetime-10:***@rp.scrapegw.com:6060	ConnectionTimeoutError: Connection timeout to host https://discord.com/api/v9/unique-username/username-attempt-unauthed
2026-09-01 18:28:00	NETWORK	fsoj	attempt=1	proxy=http://wiw4v7duaymysz9-session-4881fadeec55-lifetime-10:***@rp.scrapegw.com:6060	ConnectionTimeoutError: Connection timeout to host https://discord.com/api/v9/unique-username/username-attempt-unauthed
2026-09-01 18:28:00	NETWORK	fssp	attempt=1	proxy=http://wiw4v7duaymysz9-session-0628f2012adb-lifetime-10:***@rp.scrapegw.com:6060	ConnectionTimeoutError: Connection timeout to host https://discord.com/api/v9/unique-username/username-attempt-unauthed
2026-09-01 18:28:00	NETWORK	fsqn	attempt=1	proxy=http://wiw4v7duaymysz9-session-e6ae7d2e7ef8-lifetime-10:***@rp.scrapegw.com:6060	ConnectionTimeoutError: Connection timeout to host https://discord.com/api/v9/unique-username/username-attempt-unauthed
2026-09-01 18:28:00	NETWORK	fsnu	attempt=1	proxy=http://wiw4v7duaymysz9-session-e52e97fa5913-lifetime-10:***@rp.scrapegw.com:6060	ConnectionTimeoutError: Connection timeout to host https://discord.com/api/v9/unique-username/username-attempt-unauthed
2026-09-01 18:28:00	NETWORK	fsmf	attempt=1	proxy=http://wiw4v7duaymysz9-session-d32306dbf489-lifetime-10:***@rp.scrapegw.com:6060	ConnectionTimeoutError: Connection timeout to host https://discord.com/api/v9/unique-username/username-attempt-unauthed
2026-09-01 18:28:00	NETWORK	fsdv	attempt=1	proxy=http://wiw4v7duaymysz9-session-32c462ad2e77-lifetime-10:***@rp.scrapegw.com:6060	ConnectionTimeoutError: Connection timeout to host https://discord.com/api/v9/unique-username/username-attempt-unauthed
2026-09-01 18:28:00	NETWORK	fsjh	attempt=1	proxy=http://wiw4v7duaymysz9-session-7f2173683e5d-lifetime-10:***@rp.scrapegw.com:6060	ConnectionTimeoutError: Connection timeout to host https://discord.com/api/v9/unique-username/username-attempt-unauthed
2026-09-01 18:28:00	NETWORK	fsmg	attempt=1	proxy=http://wiw4v7duaymysz9-session-a902b9211fe6-lifetime-10:***@rp.scrapegw.com:6060	ConnectionTimeoutError: Connection timeout to host https://discord.com/api/v9/unique-username/username-attempt-unauthed
2026-09-01 18:28:00	NETWORK	fsiz	attempt=1	proxy=http://wiw4v7duaymysz9-session-d6dba9854109-lifetime-10:***@rp.scrapegw.com:6060	ConnectionTimeoutError: Connection timeout to host https://discord.com/api/v9/unique-username/username-attempt-unauthed
2026-09-01 18:28:00	NETWORK	fsiw	attempt=1	proxy=http://wiw4v7duaymysz9-session-8b0b2080ef0b-lifetime-10:***@rp.scrapegw.com:6060	ConnectionTimeoutError: Connection timeout to host https://discord.com/api/v9/unique-username/username-attempt-unauthed
2026-09-01 18:28:00	NETWORK	fsmi	attempt=1	proxy=http://wiw4v7duaymysz9-session-4491bd4901eb-lifetime-10:***@rp.scrapegw.com:6060	ConnectionTimeoutError: Connection timeout to host https://discord.com/api/v9/unique-username/username-attempt-unauthed
2026-09-01 18:28:00	NETWORK	fsfg	attempt=1	proxy=http://wiw4v7duaymysz9-session-a464382fa713-lifetime-10:***@rp.scrapegw.com:6060	ConnectionTimeoutError: Connection timeout to host https://discord.com/api/v9/unique-username/username-attempt-unauthed
2026-09-01 18:28:00	NETWORK	fshz	attempt=1	proxy=http://wiw4v7duaymysz9-session-7ebd16a605b3-lifetime-10:***@rp.scrapegw.com:6060	ConnectionTimeoutError: Connection timeout to host https://discord.com/api/v9/unique-username/username-attempt-unauthed
2026-09-01 18:28:00	NETWORK	fshs	attempt=1	proxy=http://wiw4v7duaymysz9-session-cb76bce92d0f-lifetime-10:***@rp.scrapegw.com:6060	ConnectionTimeoutError: Connection timeout to host https://discord.com/api/v9/unique-username/username-attempt-unauthed
2026-09-01 18:28:00	NETWORK	fsaf	attempt=1	proxy=http://wiw4v7duaymysz9-session-768e559febe6-lifetime-10:***@rp.scrapegw.com:6060	ConnectionTimeoutError: Connection timeout to host https://discord.com/api/v9/unique-username/username-attempt-unauthed
2026-09-01 18:28:00	NETWORK	fsaa	attempt=1	proxy=http://wiw4v7duaymysz9-session-1b917bf743cd-lifetime-10:***@rp.scrapegw.com:6060	ConnectionTimeoutError: Connection timeout to host https://discord.com/api/v9/unique-username/username-attempt-unauthed
2026-09-01 18:28:00	NETWORK	frzq	attempt=1	proxy=http://wiw4v7duaymysz9-session-b07ee9e8fa97-lifetime-10:***@rp.scrapegw.com:6060	ConnectionTimeoutError: Connection timeout to host https://discord.com/api/v9/unique-username/username-attempt-unauthed
2026-09-01 18:28:00	NETWORK	fsbu	attempt=1	proxy=http://wiw4v7duaymysz9-session-3486ac1d1e26-lifetime-10:***@rp.scrapegw.com:6060	ConnectionTimeoutError: Connection timeout to host https://discord.com/api/v9/unique-username/username-attempt-unauthed
2026-09-01 18:28:00	NETWORK	frzp	attempt=1	proxy=http://wiw4v7duaymysz9-session-ab1ec19103d9-lifetime-10:***@rp.scrapegw.com:6060	ConnectionTimeoutError: Connection timeout to host https://discord.com/api/v9/unique-username/username-attempt-unauthed
2026-09-01 18:28:00	NETWORK	fsby	attempt=1	proxy=http://wiw4v7duaymysz9-session-048a0b0d4c72-lifetime-10:***@rp.scrapegw.com:6060	ConnectionTimeoutError: Connection timeout to host https://discord.com/api/v9/unique-username/username-attempt-unauthed
2026-09-01 18:28:00	NETWORK	fshp	attempt=1	proxy=http://wiw4v7duaymysz9-session-44e9eb0b50e9-lifetime-10:***@rp.scrapegw.com:6060	ConnectionTimeoutError: Connection timeout to host https://discord.com/api/v9/unique-username/username-attempt-unauthed
2026-09-01 18:28:00	NETWORK	frzj	attempt=1	proxy=http://wiw4v7duaymysz9-session-c8329a4745e4-lifetime-10:***@rp.scrapegw.com:6060	ConnectionTimeoutError: Connection timeout to host https://discord.com/api/v9/unique-username/username-attempt-unauthed
2026-09-01 18:28:00	NETWORK	fscz	attempt=1	proxy=http://wiw4v7duaymysz9-session-60cc75816716-lifetime-10:***@rp.scrapegw.com:6060	ConnectionTimeoutError: Connection timeout to host https://discord.com/api/v9/unique-username/username-attempt-unauthed
2026-09-01 18:28:00	NETWORK	fsdf	attempt=1	proxy=http://wiw4v7duaymysz9-session-f64db0d0fb9a-lifetime-10:***@rp.scrapegw.com:6060	ConnectionTimeoutError: Connection timeout to host https://discord.com/api/v9/unique-username/username-attempt-unauthed
2026-09-01 18:28:00	NETWORK	fstt	attempt=1	proxy=http://wiw4v7duaymysz9-session-6dda06c310a1-lifetime-10:***@rp.scrapegw.com:6060	ConnectionTimeoutError: Connection timeout to host https://discord.com/api/v9/unique-username/username-attempt-unauthed
2026-09-01 18:28:00	NETWORK	fspq	attempt=1	proxy=http://wiw4v7duaymysz9-session-3f3fd1db76ad-lifetime-10:***@rp.scrapegw.com:6060	ConnectionTimeoutError: Connection timeout to host https://discord.com/api/v9/unique-username/username-attempt-unauthed
2026-09-01 18:28:00	NETWORK	fskh	attempt=1	proxy=http://wiw4v7duaymysz9-session-3894153c5eb5-lifetime-10:***@rp.scrapegw.com:6060	ConnectionTimeoutError: Connection timeout to host https://discord.com/api/v9/unique-username/username-attempt-unauthed
2026-09-01 18:28:00	NETWORK	fstb	attempt=1	proxy=http://wiw4v7duaymysz9-session-f5e4c3164309-lifetime-10:***@rp.scrapegw.com:6060	ConnectionTimeoutError: Connection timeout to host https://discord.com/api/v9/unique-username/username-attempt-unauthed
2026-09-01 18:28:00	NETWORK	fsnn	attempt=1	proxy=http://wiw4v7duaymysz9-session-a8d2b4ddaa67-lifetime-10:***@rp.scrapegw.com:6060	ConnectionTimeoutError: Connection timeout to host https://discord.com/api/v9/unique-username/username-attempt-unauthed
2026-09-01 18:28:00	NETWORK	fsox	attempt=1	proxy=http://wiw4v7duaymysz9-session-0bf9c55e1027-lifetime-10:***@rp.scrapegw.com:6060	ConnectionTimeoutError: Connection timeout to host https://discord.com/api/v9/unique-username/username-attempt-unauthed
2026-09-01 18:28:00	NETWORK	frzm	attempt=1	proxy=http://wiw4v7duaymysz9-session-4b0b24d76201-lifetime-10:***@rp.scrapegw.com:6060	ConnectionTimeoutError: Connection timeout to host https://discord.com/api/v9/unique-username/username-attempt-unauthed
2026-09-01 18:28:00	NETWORK	fsgk	attempt=1	proxy=http://wiw4v7duaymysz9-session-b4ee99583fa1-lifetime-10:***@rp.scrapegw.com:6060	ConnectionTimeoutError: Connection timeout to host https://discord.com/api/v9/unique-username/username-attempt-unauthed
2026-09-01 18:28:00	NETWORK	fsqe	attempt=1	proxy=http://wiw4v7duaymysz9-session-a8161fb33b47-lifetime-10:***@rp.scrapegw.com:6060	ConnectionTimeoutError: Connection timeout to host https://discord.com/api/v9/unique-username/username-attempt-unauthed
2026-09-01 18:28:00	NETWORK	fsjw	attempt=1	proxy=http://wiw4v7duaymysz9-session-af9e947ed4a0-lifetime-10:***@rp.scrapegw.com:6060	ConnectionTimeoutError: Connection timeout to host https://discord.com/api/v9/unique-username/username-attempt-unauthed
2026-09-01 18:28:00	NETWORK	fssy	attempt=1	proxy=http://wiw4v7duaymysz9-session-6d6f7e9c8037-lifetime-10:***@rp.scrapegw.com:6060	ConnectionTimeoutError: Connection timeout to host https://discord.com/api/v9/unique-username/username-attempt-unauthed
2026-09-01 18:28:00	NETWORK	fsio	attempt=1	proxy=http://wiw4v7duaymysz9-session-6424baca00ed-lifetime-10:***@rp.scrapegw.com:6060	ConnectionTimeoutError: Connection timeout to host https://discord.com/api/v9/unique-username/username-attempt-unauthed
2026-09-01 18:28:00	NETWORK	fsih	attempt=1	proxy=http://wiw4v7duaymysz9-session-9c52d5004b4c-lifetime-10:***@rp.scrapegw.com:6060	ConnectionTimeoutError: Connection timeout to host https://discord.com/api/v9/unique-username/username-attempt-unauthed
2026-09-01 18:28:00	NETWORK	fskr	attempt=1	proxy=http://wiw4v7duaymysz9-session-1f9c7a247cfd-lifetime-10:***@rp.scrapegw.com:6060	ConnectionTimeoutError: Connection timeout to host https://discord.com/api/v9/unique-username/username-attempt-unauthed
2026-09-01 18:28:00	NETWORK	fsmz	attempt=1	proxy=http://wiw4v7duaymysz9-session-d91a9baba6a3-lifetime-10:***@rp.scrapegw.com:6060	ConnectionTimeoutError: Connection timeout to host https://discord.com/api/v9/unique-username/username-attempt-unauthed
2026-09-01 18:28:00	NETWORK	fsng	attempt=1	proxy=http://wiw4v7duaymysz9-session-ed91d1257f03-lifetime-10:***@rp.scrapegw.com:6060	ConnectionTimeoutError: Connection timeout to host https://discord.com/api/v9/unique-username/username-attempt-unauthed
2026-09-01 18:28:00	NETWORK	fssv	attempt=1	proxy=http://wiw4v7duaymysz9-session-1f387365a665-lifetime-10:***@rp.scrapegw.com:6060	ConnectionTimeoutError: Connection timeout to host https://discord.com/api/v9/unique-username/username-attempt-unauthed
2026-09-01 18:28:00	NETWORK	fsge	attempt=1	proxy=http://wiw4v7duaymysz9-session-a3e098cc142d-lifetime-10:***@rp.scrapegw.com:6060	ConnectionTimeoutError: Connection timeout to host https://discord.com/api/v9/unique-username/username-attempt-unauthed
2026-09-01 18:28:00	NETWORK	fssq	attempt=1	proxy=http://wiw4v7duaymysz9-session-44dbdd16d36d-lifetime-10:***@rp.scrapegw.com:6060	ConnectionTimeoutError: Connection timeout to host https://discord.com/api/v9/unique-username/username-attempt-unauthed
2026-09-01 18:28:00	NETWORK	fsgy	attempt=1	proxy=http://wiw4v7duaymysz9-session-8a22f830c476-lifetime-10:***@rp.scrapegw.com:6060	ConnectionTimeoutError: Connection timeout to host https://discord.com/api/v9/unique-username/username-attempt-unauthed
2026-09-01 18:28:00	NETWORK	fspw	attempt=1	proxy=http://wiw4v7duaymysz9-session-5abe845d2990-lifetime-10:***@rp.scrapegw.com:6060	ConnectionTimeoutError: Connection timeout to host https://discord.com/api/v9/unique-username/username-attempt-unauthed
2026-09-01 18:28:00	HTTP_429	ftno	attempt=1	proxy=http://wiw4v7duaymysz9-session-d268afb476a2-lifetime-10:***@rp.scrapegw.com:6060	scope=shared global=False retry_after=284.00s
2026-09-01 18:28:00	NETWORK	fubt	attempt=1	proxy=http://wiw4v7duaymysz9-session-9c8ef6cb354d-lifetime-10:***@rp.scrapegw.com:6060	ClientConnectorError: Cannot connect to host discord.com:443 ssl:default [Connection reset by peer]
2026-09-01 18:28:00	NETWORK	fuhf	attempt=1	proxy=http://wiw4v7duaymysz9-session-0e26fc73d252-lifetime-10:***@rp.scrapegw.com:6060	ClientConnectorError: Cannot connect to host discord.com:443 ssl:default [Connection reset by peer]
2026-09-01 18:28:00	NETWORK	fuak	attempt=1	proxy=http://wiw4v7duaymysz9-session-6d2b6adef08b-lifetime-10:***@rp.scrapegw.com:6060	ClientConnectorError: Cannot connect to host discord.com:443 ssl:default [Connection reset by peer]
2026-09-01 18:28:01	HTTP_429	fxfp	attempt=1	proxy=http://wiw4v7duaymysz9-session-6579ca20c12d-lifetime-10:***@rp.scrapegw.com:6060	scope=shared global=False retry_after=2064.00s
2026-09-01 18:28:01	NETWORK	fttt	attempt=1	proxy=http://wiw4v7duaymysz9-session-2f5b5bc24598-lifetime-10:***@rp.scrapegw.com:6060	ClientConnectorError: Cannot connect to host discord.com:443 ssl:default [Connection reset by peer]
2026-09-01 18:28:01	NETWORK	ftun	attempt=1	proxy=http://wiw4v7duaymysz9-session-6b594f24b984-lifetime-10:***@rp.scrapegw.com:6060	ClientConnectorError: Cannot connect to host discord.com:443 ssl:default [Connection reset by peer]
2026-09-01 18:28:01	HTTP_429	fxhk	attempt=1	proxy=http://wiw4v7duaymysz9-session-bd77dee393c8-lifetime-10:***@rp.scrapegw.com:6060	scope=shared global=False retry_after=1952.00s
2026-09-01 18:28:01	HTTP_429	fxio	attempt=1	proxy=http://wiw4v7duaymysz9-session-156972cfa90b-lifetime-10:***@rp.scrapegw.com:6060	scope=shared global=False retry_after=2071.00s
2026-09-01 18:28:01	HTTP_429	fxgx	attempt=1	proxy=http://wiw4v7duaymysz9-session-2c2905da53fc-lifetime-10:***@rp.scrapegw.com:6060	scope=shared global=False retry_after=1052.00s
2026-09-01 18:28:01	NETWORK	futy	attempt=1	proxy=http://wiw4v7duaymysz9-session-e52e97fa5913-lifetime-10:***@rp.scrapegw.com:6060	ClientConnectorError: Cannot connect to host discord.com:443 ssl:default [Connection reset by peer]
2026-09-01 18:28:01	HTTP_429	fxki	attempt=1	proxy=http://wiw4v7duaymysz9-session-e81c577b5a6c-lifetime-10:***@rp.scrapegw.com:6060	scope=shared global=False retry_after=1445.00s
2026-09-01 18:28:01	HTTP_429	fxhz	attempt=1	proxy=http://wiw4v7duaymysz9-session-c91c1af768d0-lifetime-10:***@rp.scrapegw.com:6060	scope=shared global=False retry_after=584.00s
2026-09-01 18:28:01	HTTP_429	fvvs	attempt=1	proxy=http://wiw4v7duaymysz9-session-37b7aa310fcc-lifetime-10:***@rp.scrapegw.com:6060	scope=shared global=False retry_after=666.00s
2026-09-01 18:28:01	NETWORK	ftza	attempt=1	proxy=http://wiw4v7duaymysz9-session-1fb8347b6ee0-lifetime-10:***@rp.scrapegw.com:6060	ClientConnectorError: Cannot connect to host discord.com:443 ssl:default [Connection reset by peer]
2026-09-01 18:28:01	HTTP_429	fxnb	attempt=1	proxy=http://wiw4v7duaymysz9-session-3ec494c888d3-lifetime-10:***@rp.scrapegw.com:6060	scope=shared global=False retry_after=980.00s
2026-09-01 18:28:01	NETWORK	fukd	attempt=1	proxy=http://wiw4v7duaymysz9-session-ca3307985d7f-lifetime-10:***@rp.scrapegw.com:6060	ClientConnectorError: Cannot connect to host discord.com:443 ssl:default [Connection reset by peer]
2026-09-01 18:28:01	NETWORK	fsxx	attempt=1	proxy=http://wiw4v7duaymysz9-session-c91c1af768d0-lifetime-10:***@rp.scrapegw.com:6060	ConnectionTimeoutError: Connection timeout to host https://discord.com/api/v9/unique-username/username-attempt-unauthed
2026-09-01 18:28:01	NETWORK	fsxt	attempt=1	proxy=http://wiw4v7duaymysz9-session-73a8eb645c42-lifetime-10:***@rp.scrapegw.com:6060	ConnectionTimeoutError: Connection timeout to host https://discord.com/api/v9/unique-username/username-attempt-unauthed
2026-09-01 18:28:01	NETWORK	fsuf	attempt=1	proxy=http://wiw4v7duaymysz9-session-0c416a2a2253-lifetime-10:***@rp.scrapegw.com:6060	ConnectionTimeoutError: Connection timeout to host https://discord.com/api/v9/unique-username/username-attempt-unauthed
2026-09-01 18:28:01	NETWORK	ftcc	attempt=1	proxy=http://wiw4v7duaymysz9-session-fbcccc82fab2-lifetime-10:***@rp.scrapegw.com:6060	ConnectionTimeoutError: Connection timeout to host https://discord.com/api/v9/unique-username/username-attempt-unauthed
2026-09-01 18:28:01	NETWORK	fsyd	attempt=1	proxy=http://wiw4v7duaymysz9-session-0a1221e02ef6-lifetime-10:***@rp.scrapegw.com:6060	ConnectionTimeoutError: Connection timeout to host https://discord.com/api/v9/unique-username/username-attempt-unauthed
2026-09-01 18:28:01	NETWORK	fstx	attempt=1	proxy=http://wiw4v7duaymysz9-session-fbb95937bbb9-lifetime-10:***@rp.scrapegw.com:6060	ConnectionTimeoutError: Connection timeout to host https://discord.com/api/v9/unique-username/username-attempt-unauthed
2026-09-01 18:28:01	NETWORK	fsxh	attempt=1	proxy=http://wiw4v7duaymysz9-session-a079efa48361-lifetime-10:***@rp.scrapegw.com:6060	ConnectionTimeoutError: Connection timeout to host https://discord.com/api/v9/unique-username/username-attempt-unauthed
2026-09-01 18:28:01	NETWORK	fsyv	attempt=1	proxy=http://wiw4v7duaymysz9-session-6789fe134697-lifetime-10:***@rp.scrapegw.com:6060	ConnectionTimeoutError: Connection timeout to host https://discord.com/api/v9/unique-username/username-attempt-unauthed
2026-09-01 18:28:01	NETWORK	fsws	attempt=1	proxy=http://wiw4v7duaymysz9-session-aa5a3f843d51-lifetime-10:***@rp.scrapegw.com:6060	ConnectionTimeoutError: Connection timeout to host https://discord.com/api/v9/unique-username/username-attempt-unauthed
2026-09-01 18:28:01	NETWORK	fsyb	attempt=1	proxy=http://wiw4v7duaymysz9-session-b4d015200a3f-lifetime-10:***@rp.scrapegw.com:6060	ConnectionTimeoutError: Connection timeout to host https://discord.com/api/v9/unique-username/username-attempt-unauthed
2026-09-01 18:28:01	NETWORK	fszo	attempt=1	proxy=http://wiw4v7duaymysz9-session-73cfce2073a4-lifetime-10:***@rp.scrapegw.com:6060	ConnectionTimeoutError: Connection timeout to host https://discord.com/api/v9/unique-username/username-attempt-unauthed
2026-09-01 18:28:01	NETWORK	fswk	attempt=1	proxy=http://wiw4v7duaymysz9-session-f9708995c42d-lifetime-10:***@rp.scrapegw.com:6060	ConnectionTimeoutError: Connection timeout to host https://discord.com/api/v9/unique-username/username-attempt-unauthed
2026-09-01 18:28:01	NETWORK	fsuq	attempt=1	proxy=http://wiw4v7duaymysz9-session-e3a3479f4304-lifetime-10:***@rp.scrapegw.com:6060	ConnectionTimeoutError: Connection timeout to host https://discord.com/api/v9/unique-username/username-attempt-unauthed
2026-09-01 18:28:01	NETWORK	ftek	attempt=1	proxy=http://wiw4v7duaymysz9-session-4821ec01ec60-lifetime-10:***@rp.scrapegw.com:6060	ConnectionTimeoutError: Connection timeout to host https://discord.com/api/v9/unique-username/username-attempt-unauthed
2026-09-01 18:28:01	NETWORK	fsvj	attempt=1	proxy=http://wiw4v7duaymysz9-session-aaa08ac4af63-lifetime-10:***@rp.scrapegw.com:6060	ConnectionTimeoutError: Connection timeout to host https://discord.com/api/v9/unique-username/username-attempt-unauthed
2026-09-01 18:28:01	NETWORK	ftcj	attempt=1	proxy=http://wiw4v7duaymysz9-session-77d9f3655c35-lifetime-10:***@rp.scrapegw.com:6060	ConnectionTimeoutError: Connection timeout to host https://discord.com/api/v9/unique-username/username-attempt-unauthed
2026-09-01 18:28:01	NETWORK	fsvq	attempt=1	proxy=http://wiw4v7duaymysz9-session-6c32f23b56fe-lifetime-10:***@rp.scrapegw.com:6060	ConnectionTimeoutError: Connection timeout to host https://discord.com/api/v9/unique-username/username-attempt-unauthed
2026-09-01 18:28:01	NETWORK	fsuj	attempt=1	proxy=http://wiw4v7duaymysz9-session-e106127a6bba-lifetime-10:***@rp.scrapegw.com:6060	ConnectionTimeoutError: Connection timeout to host https://discord.com/api/v9/unique-username/username-attempt-unauthed
2026-09-01 18:28:01	NETWORK	ftbs	attempt=1	proxy=http://wiw4v7duaymysz9-session-f1e8f9895b9e-lifetime-10:***@rp.scrapegw.com:6060	ConnectionTimeoutError: Connection timeout to host https://discord.com/api/v9/unique-username/username-attempt-unauthed
2026-09-01 18:28:01	NETWORK	ftep	attempt=1	proxy=http://wiw4v7duaymysz9-session-8950b6682713-lifetime-10:***@rp.scrapegw.com:6060	ConnectionTimeoutError: Connection timeout to host https://discord.com/api/v9/unique-username/username-attempt-unauthed
2026-09-01 18:28:01	NETWORK	ftae	attempt=1	proxy=http://wiw4v7duaymysz9-session-3dfb5d9df5aa-lifetime-10:***@rp.scrapegw.com:6060	ConnectionTimeoutError: Connection timeout to host https://discord.com/api/v9/unique-username/username-attempt-unauthed
2026-09-01 18:28:01	NETWORK	ftcl	attempt=1	proxy=http://wiw4v7duaymysz9-session-a90af1ad06b2-lifetime-10:***@rp.scrapegw.com:6060	ConnectionTimeoutError: Connection timeout to host https://discord.com/api/v9/unique-username/username-attempt-unauthed
2026-09-01 18:28:01	NETWORK	fszr	attempt=1	proxy=http://wiw4v7duaymysz9-session-24e7cd6d87fc-lifetime-10:***@rp.scrapegw.com:6060	ConnectionTimeoutError: Connection timeout to host https://discord.com/api/v9/unique-username/username-attempt-unauthed
2026-09-01 18:28:01	NETWORK	fsyy	attempt=1	proxy=http://wiw4v7duaymysz9-session-b6868dc2b6ac-lifetime-10:***@rp.scrapegw.com:6060	ConnectionTimeoutError: Connection timeout to host https://discord.com/api/v9/unique-username/username-attempt-unauthed
2026-09-01 18:28:01	NETWORK	fszu	attempt=1	proxy=http://wiw4v7duaymysz9-session-0060cce455ea-lifetime-10:***@rp.scrapegw.com:6060	ConnectionTimeoutError: Connection timeout to host https://discord.com/api/v9/unique-username/username-attempt-unauthed
2026-09-01 18:28:01	NETWORK	fsza	attempt=1	proxy=http://wiw4v7duaymysz9-session-eaa818ff5d92-lifetime-10:***@rp.scrapegw.com:6060	ConnectionTimeoutError: Connection timeout to host https://discord.com/api/v9/unique-username/username-attempt-unauthed
2026-09-01 18:28:01	NETWORK	fsyp	attempt=1	proxy=http://wiw4v7duaymysz9-session-63174b1f84e3-lifetime-10:***@rp.scrapegw.com:6060	ConnectionTimeoutError: Connection timeout to host https://discord.com/api/v9/unique-username/username-attempt-unauthed
2026-09-01 18:28:01	NETWORK	fsxm	attempt=1	proxy=http://wiw4v7duaymysz9-session-0808775377dc-lifetime-10:***@rp.scrapegw.com:6060	ConnectionTimeoutError: Connection timeout to host https://discord.com/api/v9/unique-username/username-attempt-unauthed
2026-09-01 18:28:01	NETWORK	fszw	attempt=1	proxy=http://wiw4v7duaymysz9-session-28299b0ff662-lifetime-10:***@rp.scrapegw.com:6060	ConnectionTimeoutError: Connection timeout to host https://discord.com/api/v9/unique-username/username-attempt-unauthed
2026-09-01 18:28:01	NETWORK	ftdy	attempt=1	proxy=http://wiw4v7duaymysz9-session-a18cb7aa0505-lifetime-10:***@rp.scrapegw.com:6060	ConnectionTimeoutError: Connection timeout to host https://discord.com/api/v9/unique-username/username-attempt-unauthed
2026-09-01 18:28:01	NETWORK	ftaf	attempt=1	proxy=http://wiw4v7duaymysz9-session-e81c577b5a6c-lifetime-10:***@rp.scrapegw.com:6060	ConnectionTimeoutError: Connection timeout to host https://discord.com/api/v9/unique-username/username-attempt-unauthed
2026-09-01 18:28:01	HTTP_429	fvzt	attempt=1	proxy=http://wiw4v7duaymysz9-session-be849aae03a2-lifetime-10:***@rp.scrapegw.com:6060	scope=shared global=False retry_after=833.00s
2026-09-01 18:28:01	NETWORK	fvma	attempt=1	proxy=http://wiw4v7duaymysz9-session-9f265fa66a08-lifetime-10:***@rp.scrapegw.com:6060	ClientConnectorError: Cannot connect to host discord.com:443 ssl:default [Connection reset by peer]
2026-09-01 18:28:01	NETWORK	fuvg	attempt=1	proxy=http://wiw4v7duaymysz9-session-c1461d83c3e5-lifetime-10:***@rp.scrapegw.com:6060	ClientConnectorError: Cannot connect to host discord.com:443 ssl:default [Connection reset by peer]
2026-09-01 18:28:01	HTTP_429	fxua	attempt=1	proxy=http://wiw4v7duaymysz9-session-ef39bfad94ab-lifetime-10:***@rp.scrapegw.com:6060	scope=shared global=False retry_after=2068.00s
2026-09-01 18:28:02	HTTP_429	fxup	attempt=1	proxy=http://wiw4v7duaymysz9-session-a098ee87335a-lifetime-10:***@rp.scrapegw.com:6060	scope=shared global=False retry_after=2064.00s
2026-09-01 18:28:02	HTTP_429	fxuu	attempt=1	proxy=http://wiw4v7duaymysz9-session-be00709bb36f-lifetime-10:***@rp.scrapegw.com:6060	scope=shared global=False retry_after=923.00s
2026-09-01 18:28:02	HTTP_429	ftue	attempt=1	proxy=http://wiw4v7duaymysz9-session-37b7aa310fcc-lifetime-10:***@rp.scrapegw.com:6060	scope=shared global=False retry_after=666.00s
2026-09-01 18:28:02	HTTP_429	fxvn	attempt=1	proxy=http://wiw4v7duaymysz9-session-73e550ec25b7-lifetime-10:***@rp.scrapegw.com:6060	scope=shared global=False retry_after=2064.00s
2026-09-01 18:28:02	NETWORK	fuks	attempt=1	proxy=http://wiw4v7duaymysz9-session-d7e4019a837d-lifetime-10:***@rp.scrapegw.com:6060	ClientConnectorError: Cannot connect to host discord.com:443 ssl:default [Connection reset by peer]
2026-09-01 18:28:02	HTTP_429	fxzo	attempt=1	proxy=http://wiw4v7duaymysz9-session-4cf74a53f708-lifetime-10:***@rp.scrapegw.com:6060	scope=shared global=False retry_after=2062.00s
2026-09-01 18:28:02	NETWORK	ftfw	attempt=1	proxy=http://wiw4v7duaymysz9-session-f92e699fa481-lifetime-10:***@rp.scrapegw.com:6060	ConnectionTimeoutError: Connection timeout to host https://discord.com/api/v9/unique-username/username-attempt-unauthed
2026-09-01 18:28:02	NETWORK	ftms	attempt=1	proxy=http://wiw4v7duaymysz9-session-405dc4a47dd9-lifetime-10:***@rp.scrapegw.com:6060	ConnectionTimeoutError: Connection timeout to host https://discord.com/api/v9/unique-username/username-attempt-unauthed
2026-09-01 18:28:02	NETWORK	ftjw	attempt=1	proxy=http://wiw4v7duaymysz9-session-50a51a5f1bb0-lifetime-10:***@rp.scrapegw.com:6060	ConnectionTimeoutError: Connection timeout to host https://discord.com/api/v9/unique-username/username-attempt-unauthed
2026-09-01 18:28:02	NETWORK	ftnn	attempt=1	proxy=http://wiw4v7duaymysz9-session-e820348416b4-lifetime-10:***@rp.scrapegw.com:6060	ConnectionTimeoutError: Connection timeout to host https://discord.com/api/v9/unique-username/username-attempt-unauthed
2026-09-01 18:28:02	NETWORK	ftmg	attempt=1	proxy=http://wiw4v7duaymysz9-session-29989035705c-lifetime-10:***@rp.scrapegw.com:6060	ConnectionTimeoutError: Connection timeout to host https://discord.com/api/v9/unique-username/username-attempt-unauthed
2026-09-01 18:28:02	NETWORK	ftjf	attempt=1	proxy=http://wiw4v7duaymysz9-session-7f25829fe79a-lifetime-10:***@rp.scrapegw.com:6060	ConnectionTimeoutError: Connection timeout to host https://discord.com/api/v9/unique-username/username-attempt-unauthed
2026-09-01 18:28:02	NETWORK	fthl	attempt=1	proxy=http://wiw4v7duaymysz9-session-7a060f26f17b-lifetime-10:***@rp.scrapegw.com:6060	ConnectionTimeoutError: Connection timeout to host https://discord.com/api/v9/unique-username/username-attempt-unauthed
2026-09-01 18:28:02	NETWORK	ftfa	attempt=1	proxy=http://wiw4v7duaymysz9-session-564a6cc973eb-lifetime-10:***@rp.scrapegw.com:6060	ConnectionTimeoutError: Connection timeout to host https://discord.com/api/v9/unique-username/username-attempt-unauthed
2026-09-01 18:28:02	NETWORK	ftpc	attempt=1	proxy=http://wiw4v7duaymysz9-session-1fe080fcf838-lifetime-10:***@rp.scrapegw.com:6060	ConnectionTimeoutError: Connection timeout to host https://discord.com/api/v9/unique-username/username-attempt-unauthed
2026-09-01 18:28:02	NETWORK	ftjj	attempt=1	proxy=http://wiw4v7duaymysz9-session-1f10979412cc-lifetime-10:***@rp.scrapegw.com:6060	ConnectionTimeoutError: Connection timeout to host https://discord.com/api/v9/unique-username/username-attempt-unauthed
2026-09-01 18:28:02	NETWORK	ftfc	attempt=1	proxy=http://wiw4v7duaymysz9-session-585b43f4009a-lifetime-10:***@rp.scrapegw.com:6060	ConnectionTimeoutError: Connection timeout to host https://discord.com/api/v9/unique-username/username-attempt-unauthed
2026-09-01 18:28:02	NETWORK	ftor	attempt=1	proxy=http://wiw4v7duaymysz9-session-da32c3965dc5-lifetime-10:***@rp.scrapegw.com:6060	ConnectionTimeoutError: Connection timeout to host https://discord.com/api/v9/unique-username/username-attempt-unauthed
2026-09-01 18:28:02	NETWORK	ftjz	attempt=1	proxy=http://wiw4v7duaymysz9-session-b634e1dd861f-lifetime-10:***@rp.scrapegw.com:6060	ConnectionTimeoutError: Connection timeout to host https://discord.com/api/v9/unique-username/username-attempt-unauthed
2026-09-01 18:28:02	NETWORK	ftnw	attempt=1	proxy=http://wiw4v7duaymysz9-session-4c30862ea68d-lifetime-10:***@rp.scrapegw.com:6060	ConnectionTimeoutError: Connection timeout to host https://discord.com/api/v9/unique-username/username-attempt-unauthed
2026-09-01 18:28:02	NETWORK	ftky	attempt=1	proxy=http://wiw4v7duaymysz9-session-879bd44a4b2e-lifetime-10:***@rp.scrapegw.com:6060	ConnectionTimeoutError: Connection timeout to host https://discord.com/api/v9/unique-username/username-attempt-unauthed
2026-09-01 18:28:02	NETWORK	ftjs	attempt=1	proxy=http://wiw4v7duaymysz9-session-9f265fa66a08-lifetime-10:***@rp.scrapegw.com:6060	ConnectionTimeoutError: Connection timeout to host https://discord.com/api/v9/unique-username/username-attempt-unauthed
2026-09-01 18:28:02	NETWORK	ftgw	attempt=1	proxy=http://wiw4v7duaymysz9-session-8fdf35104b12-lifetime-10:***@rp.scrapegw.com:6060	ConnectionTimeoutError: Connection timeout to host https://discord.com/api/v9/unique-username/username-attempt-unauthed
2026-09-01 18:28:02	NETWORK	ftnv	attempt=1	proxy=http://wiw4v7duaymysz9-session-4b56a3217bd6-lifetime-10:***@rp.scrapegw.com:6060	ConnectionTimeoutError: Connection timeout to host https://discord.com/api/v9/unique-username/username-attempt-unauthed
2026-09-01 18:28:02	NETWORK	ftgl	attempt=1	proxy=http://wiw4v7duaymysz9-session-2c4b9ae70d8d-lifetime-10:***@rp.scrapegw.com:6060	ConnectionTimeoutError: Connection timeout to host https://discord.com/api/v9/unique-username/username-attempt-unauthed
2026-09-01 18:28:02	NETWORK	ftol	attempt=1	proxy=http://wiw4v7duaymysz9-session-a1947d8c7b48-lifetime-10:***@rp.scrapegw.com:6060	ConnectionTimeoutError: Connection timeout to host https://discord.com/api/v9/unique-username/username-attempt-unauthed
2026-09-01 18:28:02	NETWORK	ftgz	attempt=1	proxy=http://wiw4v7duaymysz9-session-5e8d283ec0f4-lifetime-10:***@rp.scrapegw.com:6060	ConnectionTimeoutError: Connection timeout to host https://discord.com/api/v9/unique-username/username-attempt-unauthed
2026-09-01 18:28:02	NETWORK	ftgc	attempt=1	proxy=http://wiw4v7duaymysz9-session-6911e9339f6b-lifetime-10:***@rp.scrapegw.com:6060	ConnectionTimeoutError: Connection timeout to host https://discord.com/api/v9/unique-username/username-attempt-unauthed
2026-09-01 18:28:02	NETWORK	ftiv	attempt=1	proxy=http://wiw4v7duaymysz9-session-535213496c45-lifetime-10:***@rp.scrapegw.com:6060	ConnectionTimeoutError: Connection timeout to host https://discord.com/api/v9/unique-username/username-attempt-unauthed
2026-09-01 18:28:02	NETWORK	ftml	attempt=1	proxy=http://wiw4v7duaymysz9-session-8e83f70ecb56-lifetime-10:***@rp.scrapegw.com:6060	ConnectionTimeoutError: Connection timeout to host https://discord.com/api/v9/unique-username/username-attempt-unauthed
2026-09-01 18:28:02	NETWORK	ftiw	attempt=1	proxy=http://wiw4v7duaymysz9-session-de983d66b622-lifetime-10:***@rp.scrapegw.com:6060	ConnectionTimeoutError: Connection timeout to host https://discord.com/api/v9/unique-username/username-attempt-unauthed
2026-09-01 18:28:02	NETWORK	ftnm	attempt=1	proxy=http://wiw4v7duaymysz9-session-53355c647e38-lifetime-10:***@rp.scrapegw.com:6060	ConnectionTimeoutError: Connection timeout to host https://discord.com/api/v9/unique-username/username-attempt-unauthed
2026-09-01 18:28:02	NETWORK	fubr	attempt=1	proxy=http://wiw4v7duaymysz9-session-87bd751b1ac7-lifetime-10:***@rp.scrapegw.com:6060	ClientConnectorError: Cannot connect to host discord.com:443 ssl:default [Connection reset by peer]
2026-09-01 18:28:02	HTTP_429	fukp	attempt=1	proxy=http://wiw4v7duaymysz9-session-15fe0122c269-lifetime-10:***@rp.scrapegw.com:6060	scope=shared global=False retry_after=747.15s
2026-09-01 18:28:02	HTTP_429	fyfp	attempt=1	proxy=http://wiw4v7duaymysz9-session-a99068d7bd68-lifetime-10:***@rp.scrapegw.com:6060	scope=shared global=False retry_after=2067.00s
2026-09-01 18:28:02	HTTP_429	fyft	attempt=1	proxy=http://wiw4v7duaymysz9-session-4ecbdf552b6a-lifetime-10:***@rp.scrapegw.com:6060	scope=shared global=False retry_after=2067.00s
2026-09-01 18:28:03	HTTP_429	fyix	attempt=1	proxy=http://wiw4v7duaymysz9-session-02c6632dde3f-lifetime-10:***@rp.scrapegw.com:6060	scope=shared global=False retry_after=2067.00s
2026-09-01 18:28:03	HTTP_429	fyga	attempt=1	proxy=http://wiw4v7duaymysz9-session-2c1253be0cf5-lifetime-10:***@rp.scrapegw.com:6060	scope=shared global=False retry_after=2062.00s
2026-09-01 18:28:03	HTTP_429	fyfv	attempt=1	proxy=http://wiw4v7duaymysz9-session-dd470b1c68de-lifetime-10:***@rp.scrapegw.com:6060	scope=shared global=False retry_after=2068.00s
2026-09-01 18:28:03	HTTP_429	fyjp	attempt=1	proxy=http://wiw4v7duaymysz9-session-8bbf4265c9bb-lifetime-10:***@rp.scrapegw.com:6060	scope=shared global=False retry_after=2061.00s
2026-09-01 18:28:03	HTTP_429	fydl	attempt=1	proxy=http://wiw4v7duaymysz9-session-8798c6be57b4-lifetime-10:***@rp.scrapegw.com:6060	scope=shared global=False retry_after=2062.00s
2026-09-01 18:28:03	HTTP_429	fyic	attempt=1	proxy=http://wiw4v7duaymysz9-session-eb1d79ca990b-lifetime-10:***@rp.scrapegw.com:6060	scope=shared global=False retry_after=2068.00s
2026-09-01 18:28:03	HTTP_429	fyks	attempt=1	proxy=http://wiw4v7duaymysz9-session-edc4ffedb863-lifetime-10:***@rp.scrapegw.com:6060	scope=shared global=False retry_after=2067.00s
2026-09-01 18:28:03	HTTP_429	fvsf	attempt=1	proxy=http://wiw4v7duaymysz9-session-e422e8395ab8-lifetime-10:***@rp.scrapegw.com:6060	scope=shared global=False retry_after=137.00s
2026-09-01 18:28:03	HTTP_429	fylr	attempt=1	proxy=http://wiw4v7duaymysz9-session-7c4d88f533b7-lifetime-10:***@rp.scrapegw.com:6060	scope=shared global=False retry_after=2069.00s
2026-09-01 18:28:03	HTTP_429	fvoq	attempt=1	proxy=http://wiw4v7duaymysz9-session-405dc4a47dd9-lifetime-10:***@rp.scrapegw.com:6060	scope=shared global=False retry_after=565.00s
2026-09-01 18:28:03	NETWORK	ftss	attempt=1	proxy=http://wiw4v7duaymysz9-session-db93534aeb25-lifetime-10:***@rp.scrapegw.com:6060	ConnectionTimeoutError: Connection timeout to host https://discord.com/api/v9/unique-username/username-attempt-unauthed
2026-09-01 18:28:03	NETWORK	ftqs	attempt=1	proxy=http://wiw4v7duaymysz9-session-e1a6c4569e99-lifetime-10:***@rp.scrapegw.com:6060	ConnectionTimeoutError: Connection timeout to host https://discord.com/api/v9/unique-username/username-attempt-unauthed
2026-09-01 18:28:03	NETWORK	fuag	attempt=1	proxy=http://wiw4v7duaymysz9-session-7c74e8790ec1-lifetime-10:***@rp.scrapegw.com:6060	ConnectionTimeoutError: Connection timeout to host https://discord.com/api/v9/unique-username/username-attempt-unauthed
2026-09-01 18:28:03	NETWORK	ftxj	attempt=1	proxy=http://wiw4v7duaymysz9-session-a4dd7f1caf45-lifetime-10:***@rp.scrapegw.com:6060	ConnectionTimeoutError: Connection timeout to host https://discord.com/api/v9/unique-username/username-attempt-unauthed
2026-09-01 18:28:03	NETWORK	ftvh	attempt=1	proxy=http://wiw4v7duaymysz9-session-1caa1a1d666b-lifetime-10:***@rp.scrapegw.com:6060	ConnectionTimeoutError: Connection timeout to host https://discord.com/api/v9/unique-username/username-attempt-unauthed
2026-09-01 18:28:03	NETWORK	ftqw	attempt=1	proxy=http://wiw4v7duaymysz9-session-65c854105f0b-lifetime-10:***@rp.scrapegw.com:6060	ConnectionTimeoutError: Connection timeout to host https://discord.com/api/v9/unique-username/username-attempt-unauthed
2026-09-01 18:28:03	NETWORK	ftqo	attempt=1	proxy=http://wiw4v7duaymysz9-session-d0b70a711aa3-lifetime-10:***@rp.scrapegw.com:6060	ConnectionTimeoutError: Connection timeout to host https://discord.com/api/v9/unique-username/username-attempt-unauthed
2026-09-01 18:28:03	NETWORK	ftzw	attempt=1	proxy=http://wiw4v7duaymysz9-session-ff659b69de34-lifetime-10:***@rp.scrapegw.com:6060	ConnectionTimeoutError: Connection timeout to host https://discord.com/api/v9/unique-username/username-attempt-unauthed
2026-09-01 18:28:03	NETWORK	ftzm	attempt=1	proxy=http://wiw4v7duaymysz9-session-be849aae03a2-lifetime-10:***@rp.scrapegw.com:6060	ConnectionTimeoutError: Connection timeout to host https://discord.com/api/v9/unique-username/username-attempt-unauthed
2026-09-01 18:28:03	NETWORK	fuav	attempt=1	proxy=http://wiw4v7duaymysz9-session-ab0e5583767d-lifetime-10:***@rp.scrapegw.com:6060	ConnectionTimeoutError: Connection timeout to host https://discord.com/api/v9/unique-username/username-attempt-unauthed
2026-09-01 18:28:03	NETWORK	ftqm	attempt=1	proxy=http://wiw4v7duaymysz9-session-d48f81d33517-lifetime-10:***@rp.scrapegw.com:6060	ConnectionTimeoutError: Connection timeout to host https://discord.com/api/v9/unique-username/username-attempt-unauthed
2026-09-01 18:28:03	NETWORK	fttp	attempt=1	proxy=http://wiw4v7duaymysz9-session-1b6f2309f280-lifetime-10:***@rp.scrapegw.com:6060	ConnectionTimeoutError: Connection timeout to host https://discord.com/api/v9/unique-username/username-attempt-unauthed
2026-09-01 18:28:03	NETWORK	ftqg	attempt=1	proxy=http://wiw4v7duaymysz9-session-7fe9f81a6ab2-lifetime-10:***@rp.scrapegw.com:6060	ConnectionTimeoutError: Connection timeout to host https://discord.com/api/v9/unique-username/username-attempt-unauthed
2026-09-01 18:28:03	NETWORK	ftsh	attempt=1	proxy=http://wiw4v7duaymysz9-session-4dfa0d9fa8b2-lifetime-10:***@rp.scrapegw.com:6060	ConnectionTimeoutError: Connection timeout to host https://discord.com/api/v9/unique-username/username-attempt-unauthed
2026-09-01 18:28:03	NETWORK	ftsy	attempt=1	proxy=http://wiw4v7duaymysz9-session-96041f2ab7c9-lifetime-10:***@rp.scrapegw.com:6060	ConnectionTimeoutError: Connection timeout to host https://discord.com/api/v9/unique-username/username-attempt-unauthed
2026-09-01 18:28:03	NETWORK	ftvu	attempt=1	proxy=http://wiw4v7duaymysz9-session-528bd4cbdb56-lifetime-10:***@rp.scrapegw.com:6060	ConnectionTimeoutError: Connection timeout to host https://discord.com/api/v9/unique-username/username-attempt-unauthed
2026-09-01 18:28:03	NETWORK	ftyf	attempt=1	proxy=http://wiw4v7duaymysz9-session-078bb1f2e4e2-lifetime-10:***@rp.scrapegw.com:6060	ConnectionTimeoutError: Connection timeout to host https://discord.com/api/v9/unique-username/username-attempt-unauthed
2026-09-01 18:28:03	NETWORK	fuzm	attempt=1	proxy=http://wiw4v7duaymysz9-session-1c7d2b17d465-lifetime-10:***@rp.scrapegw.com:6060	ClientConnectorError: Cannot connect to host discord.com:443 ssl:default [Connection reset by peer]
2026-09-01 18:28:03	NETWORK	fuyy	attempt=1	proxy=http://wiw4v7duaymysz9-session-6dda06c310a1-lifetime-10:***@rp.scrapegw.com:6060	ClientConnectorError: Cannot connect to host discord.com:443 ssl:default [Connection reset by peer]
2026-09-01 18:28:03	HTTP_429	fyoe	attempt=1	proxy=http://wiw4v7duaymysz9-session-17b32d3e0a07-lifetime-10:***@rp.scrapegw.com:6060	scope=shared global=False retry_after=2061.00s
2026-09-01 18:28:03	HTTP_429	fuqp	attempt=1	proxy=http://wiw4v7duaymysz9-session-92cb8998e25e-lifetime-10:***@rp.scrapegw.com:6060	scope=shared global=False retry_after=1758.24s
2026-09-01 18:28:03	NETWORK	fvrd	attempt=1	proxy=http://wiw4v7duaymysz9-session-aa9cc1aa2573-lifetime-10:***@rp.scrapegw.com:6060	ClientConnectorError: Cannot connect to host discord.com:443 ssl:default [Connection reset by peer]
2026-09-01 18:28:04	HTTP_429	fysx	attempt=1	proxy=http://wiw4v7duaymysz9-session-00c3bd2d88b0-lifetime-10:***@rp.scrapegw.com:6060	scope=shared global=False retry_after=2061.00s
2026-09-01 18:28:04	HTTP_429	fyut	attempt=1	proxy=http://wiw4v7duaymysz9-session-9a7cba81b1e4-lifetime-10:***@rp.scrapegw.com:6060	scope=shared global=False retry_after=2067.00s
2026-09-01 18:28:04	HTTP_429	fyls	attempt=1	proxy=http://wiw4v7duaymysz9-session-8256035bad1c-lifetime-10:***@rp.scrapegw.com:6060	scope=shared global=False retry_after=2068.00s
2026-09-01 18:28:04	NETWORK	fxdk	attempt=1	proxy=http://wiw4v7duaymysz9-session-7cc0d1ef5217-lifetime-10:***@rp.scrapegw.com:6060	ClientConnectorError: Cannot connect to host discord.com:443 ssl:default [Connection reset by peer]
2026-09-01 18:28:04	HTTP_429	fyrl	attempt=1	proxy=http://wiw4v7duaymysz9-session-a6256e02685c-lifetime-10:***@rp.scrapegw.com:6060	scope=shared global=False retry_after=2067.00s
2026-09-01 18:28:04	HTTP_429	fywp	attempt=1	proxy=http://wiw4v7duaymysz9-session-87cae7bf9166-lifetime-10:***@rp.scrapegw.com:6060	scope=shared global=False retry_after=1707.00s
2026-09-01 18:28:04	HTTP_429	fywe	attempt=1	proxy=http://wiw4v7duaymysz9-session-33c46ea76c84-lifetime-10:***@rp.scrapegw.com:6060	scope=shared global=False retry_after=2062.00s
2026-09-01 18:28:04	HTTP_429	fvqm	attempt=1	proxy=http://wiw4v7duaymysz9-session-ea337fe3fa47-lifetime-10:***@rp.scrapegw.com:6060	scope=shared global=False retry_after=1986.00s
2026-09-01 18:28:04	HTTP_429	fyvs	attempt=1	proxy=http://wiw4v7duaymysz9-session-46a6c74638cc-lifetime-10:***@rp.scrapegw.com:6060	scope=shared global=False retry_after=2061.00s
2026-09-01 18:28:04	NETWORK	fxjf	attempt=1	proxy=http://wiw4v7duaymysz9-session-f641f5ff610d-lifetime-10:***@rp.scrapegw.com:6060	ClientConnectorError: Cannot connect to host discord.com:443 ssl:default [Connection reset by peer]
2026-09-01 18:28:04	HTTP_429	fwrx	attempt=1	proxy=http://wiw4v7duaymysz9-session-56e2f3014d38-lifetime-10:***@rp.scrapegw.com:6060	scope=shared global=False retry_after=529.00s
2026-09-01 18:28:04	HTTP_429	fyyu	attempt=1	proxy=http://wiw4v7duaymysz9-session-cbcd036d8493-lifetime-10:***@rp.scrapegw.com:6060	scope=shared global=False retry_after=2061.00s
2026-09-01 18:28:04	HTTP_429	fyvg	attempt=1	proxy=http://wiw4v7duaymysz9-session-1d4487342620-lifetime-10:***@rp.scrapegw.com:6060	scope=shared global=False retry_after=2068.00s
2026-09-01 18:28:04	HTTP_429	fxcy	attempt=1	proxy=http://wiw4v7duaymysz9-session-5e5e8a88734a-lifetime-10:***@rp.scrapegw.com:6060	scope=shared global=False retry_after=35.00s
2026-09-01 18:28:04	NETWORK	fzap	attempt=1	proxy=http://wiw4v7duaymysz9-session-62b17437a225-lifetime-10:***@rp.scrapegw.com:6060	ServerDisconnectedError: Server disconnected
2026-09-01 18:28:04	NETWORK	fueh	attempt=1	proxy=http://wiw4v7duaymysz9-session-f81ef98ccbe5-lifetime-10:***@rp.scrapegw.com:6060	ConnectionTimeoutError: Connection timeout to host https://discord.com/api/v9/unique-username/username-attempt-unauthed
2026-09-01 18:28:04	NETWORK	fuey	attempt=1	proxy=http://wiw4v7duaymysz9-session-30fbd18d27b8-lifetime-10:***@rp.scrapegw.com:6060	ConnectionTimeoutError: Connection timeout to host https://discord.com/api/v9/unique-username/username-attempt-unauthed
2026-09-01 18:28:04	NETWORK	fukk	attempt=1	proxy=http://wiw4v7duaymysz9-session-4ebda00d6552-lifetime-10:***@rp.scrapegw.com:6060	ConnectionTimeoutError: Connection timeout to host https://discord.com/api/v9/unique-username/username-attempt-unauthed
2026-09-01 18:28:04	NETWORK	fuif	attempt=1	proxy=http://wiw4v7duaymysz9-session-768e559febe6-lifetime-10:***@rp.scrapegw.com:6060	ConnectionTimeoutError: Connection timeout to host https://discord.com/api/v9/unique-username/username-attempt-unauthed
2026-09-01 18:28:04	NETWORK	fulb	attempt=1	proxy=http://wiw4v7duaymysz9-session-958171135f70-lifetime-10:***@rp.scrapegw.com:6060	ConnectionTimeoutError: Connection timeout to host https://discord.com/api/v9/unique-username/username-attempt-unauthed
2026-09-01 18:28:04	NETWORK	fuhp	attempt=1	proxy=http://wiw4v7duaymysz9-session-b07ee9e8fa97-lifetime-10:***@rp.scrapegw.com:6060	ConnectionTimeoutError: Connection timeout to host https://discord.com/api/v9/unique-username/username-attempt-unauthed
2026-09-01 18:28:04	NETWORK	fuhq	attempt=1	proxy=http://wiw4v7duaymysz9-session-51e8d8030746-lifetime-10:***@rp.scrapegw.com:6060	ConnectionTimeoutError: Connection timeout to host https://discord.com/api/v9/unique-username/username-attempt-unauthed
2026-09-01 18:28:04	NETWORK	fuco	attempt=1	proxy=http://wiw4v7duaymysz9-session-0beac87c27f9-lifetime-10:***@rp.scrapegw.com:6060	ConnectionTimeoutError: Connection timeout to host https://discord.com/api/v9/unique-username/username-attempt-unauthed
2026-09-01 18:28:04	NETWORK	fumg	attempt=1	proxy=http://wiw4v7duaymysz9-session-d6638e1ba89b-lifetime-10:***@rp.scrapegw.com:6060	ConnectionTimeoutError: Connection timeout to host https://discord.com/api/v9/unique-username/username-attempt-unauthed
2026-09-01 18:28:04	NETWORK	fuee	attempt=1	proxy=http://wiw4v7duaymysz9-session-8f5d2430d3c3-lifetime-10:***@rp.scrapegw.com:6060	ConnectionTimeoutError: Connection timeout to host https://discord.com/api/v9/unique-username/username-attempt-unauthed
2026-09-01 18:28:04	NETWORK	fudx	attempt=1	proxy=http://wiw4v7duaymysz9-session-45415c70f8b5-lifetime-10:***@rp.scrapegw.com:6060	ConnectionTimeoutError: Connection timeout to host https://discord.com/api/v9/unique-username/username-attempt-unauthed
2026-09-01 18:28:04	NETWORK	fugg	attempt=1	proxy=http://wiw4v7duaymysz9-session-8373edfb575f-lifetime-10:***@rp.scrapegw.com:6060	ConnectionTimeoutError: Connection timeout to host https://discord.com/api/v9/unique-username/username-attempt-unauthed
2026-09-01 18:28:04	NETWORK	fuem	attempt=1	proxy=http://wiw4v7duaymysz9-session-e4a9b1fbf5f7-lifetime-10:***@rp.scrapegw.com:6060	ConnectionTimeoutError: Connection timeout to host https://discord.com/api/v9/unique-username/username-attempt-unauthed
2026-09-01 18:28:04	NETWORK	fucw	attempt=1	proxy=http://wiw4v7duaymysz9-session-fe13aefc624d-lifetime-10:***@rp.scrapegw.com:6060	ConnectionTimeoutError: Connection timeout to host https://discord.com/api/v9/unique-username/username-attempt-unauthed
2026-09-01 18:28:04	NETWORK	fuhg	attempt=1	proxy=http://wiw4v7duaymysz9-session-c8329a4745e4-lifetime-10:***@rp.scrapegw.com:6060	ConnectionTimeoutError: Connection timeout to host https://discord.com/api/v9/unique-username/username-attempt-unauthed
2026-09-01 18:28:04	NETWORK	fujg	attempt=1	proxy=http://wiw4v7duaymysz9-session-18ed94c78dc3-lifetime-10:***@rp.scrapegw.com:6060	ConnectionTimeoutError: Connection timeout to host https://discord.com/api/v9/unique-username/username-attempt-unauthed
2026-09-01 18:28:04	NETWORK	fuia	attempt=1	proxy=http://wiw4v7duaymysz9-session-205f9927e471-lifetime-10:***@rp.scrapegw.com:6060	ConnectionTimeoutError: Connection timeout to host https://discord.com/api/v9/unique-username/username-attempt-unauthed
2026-09-01 18:28:04	NETWORK	fujx	attempt=1	proxy=http://wiw4v7duaymysz9-session-7324224fece5-lifetime-10:***@rp.scrapegw.com:6060	ConnectionTimeoutError: Connection timeout to host https://discord.com/api/v9/unique-username/username-attempt-unauthed
2026-09-01 18:28:04	NETWORK	fuhx	attempt=1	proxy=http://wiw4v7duaymysz9-session-e7ef7f978f97-lifetime-10:***@rp.scrapegw.com:6060	ConnectionTimeoutError: Connection timeout to host https://discord.com/api/v9/unique-username/username-attempt-unauthed
2026-09-01 18:28:04	NETWORK	fufz	attempt=1	proxy=http://wiw4v7duaymysz9-session-63a9a0048106-lifetime-10:***@rp.scrapegw.com:6060	ConnectionTimeoutError: Connection timeout to host https://discord.com/api/v9/unique-username/username-attempt-unauthed
2026-09-01 18:28:04	NETWORK	fugx	attempt=1	proxy=http://wiw4v7duaymysz9-session-90a746cd6182-lifetime-10:***@rp.scrapegw.com:6060	ConnectionTimeoutError: Connection timeout to host https://discord.com/api/v9/unique-username/username-attempt-unauthed
2026-09-01 18:28:04	NETWORK	fuhl	attempt=1	proxy=http://wiw4v7duaymysz9-session-4b0b24d76201-lifetime-10:***@rp.scrapegw.com:6060	ConnectionTimeoutError: Connection timeout to host https://discord.com/api/v9/unique-username/username-attempt-unauthed
2026-09-01 18:28:04	NETWORK	fuiv	attempt=1	proxy=http://wiw4v7duaymysz9-session-1bbafff0e590-lifetime-10:***@rp.scrapegw.com:6060	ConnectionTimeoutError: Connection timeout to host https://discord.com/api/v9/unique-username/username-attempt-unauthed
2026-09-01 18:28:04	NETWORK	fugn	attempt=1	proxy=http://wiw4v7duaymysz9-session-3f2c7aaaf471-lifetime-10:***@rp.scrapegw.com:6060	ConnectionTimeoutError: Connection timeout to host https://discord.com/api/v9/unique-username/username-attempt-unauthed
2026-09-01 18:28:04	NETWORK	fujp	attempt=1	proxy=http://wiw4v7duaymysz9-session-136a6c4fc167-lifetime-10:***@rp.scrapegw.com:6060	ConnectionTimeoutError: Connection timeout to host https://discord.com/api/v9/unique-username/username-attempt-unauthed
2026-09-01 18:28:04	NETWORK	fucs	attempt=1	proxy=http://wiw4v7duaymysz9-session-73d2e78aaffe-lifetime-10:***@rp.scrapegw.com:6060	ConnectionTimeoutError: Connection timeout to host https://discord.com/api/v9/unique-username/username-attempt-unauthed
2026-09-01 18:28:04	NETWORK	fubh	attempt=1	proxy=http://wiw4v7duaymysz9-session-88b8d263d282-lifetime-10:***@rp.scrapegw.com:6060	ConnectionTimeoutError: Connection timeout to host https://discord.com/api/v9/unique-username/username-attempt-unauthed
2026-09-01 18:28:04	HTTP_429	fzaw	attempt=1	proxy=http://wiw4v7duaymysz9-session-89fa216be61f-lifetime-10:***@rp.scrapegw.com:6060	scope=shared global=False retry_after=2061.00s
2026-09-01 18:28:05	HTTP_429	fzeb	attempt=1	proxy=http://wiw4v7duaymysz9-session-cccfb5d1cce4-lifetime-10:***@rp.scrapegw.com:6060	scope=shared global=False retry_after=2062.00s
2026-09-01 18:28:05	NETWORK	fyvd	attempt=1	proxy=http://wiw4v7duaymysz9-session-9ac580c5d795-lifetime-10:***@rp.scrapegw.com:6060	ClientConnectorCertificateError: Cannot connect to host discord.com:443 ssl:True [SSLCertVerificationError: (1, '[SSL: CERTIFICATE_VERIFY_FAILED] certificate verify failed: self-signed certificate in certificate chain (_ssl.c:1081)')]
2026-09-01 18:28:05	NETWORK	fvlp	attempt=1	proxy=http://wiw4v7duaymysz9-session-1f10979412cc-lifetime-10:***@rp.scrapegw.com:6060	ClientConnectorError: Cannot connect to host discord.com:443 ssl:default [Connection reset by peer]
2026-09-01 18:28:05	NETWORK	fvjm	attempt=1	proxy=http://wiw4v7duaymysz9-session-6911e9339f6b-lifetime-10:***@rp.scrapegw.com:6060	ClientConnectorError: Cannot connect to host discord.com:443 ssl:default [Connection reset by peer]
2026-09-01 18:28:05	NETWORK	fvlw	attempt=1	proxy=http://wiw4v7duaymysz9-session-f6715350a3aa-lifetime-10:***@rp.scrapegw.com:6060	ClientConnectorError: Cannot connect to host discord.com:443 ssl:default [Connection reset by peer]
2026-09-01 18:28:05	HTTP_429	fums	attempt=1	proxy=http://wiw4v7duaymysz9-session-87cae7bf9166-lifetime-10:***@rp.scrapegw.com:6060	scope=shared global=False retry_after=1705.66s
2026-09-01 18:28:05	NETWORK	fuwp	attempt=1	proxy=http://wiw4v7duaymysz9-session-1d3e87ced0f0-lifetime-10:***@rp.scrapegw.com:6060	ConnectionTimeoutError: Connection timeout to host https://discord.com/api/v9/unique-username/username-attempt-unauthed
2026-09-01 18:28:05	NETWORK	fuws	attempt=1	proxy=http://wiw4v7duaymysz9-session-f5e961b5839b-lifetime-10:***@rp.scrapegw.com:6060	ConnectionTimeoutError: Connection timeout to host https://discord.com/api/v9/unique-username/username-attempt-unauthed
2026-09-01 18:28:05	NETWORK	fuvw	attempt=1	proxy=http://wiw4v7duaymysz9-session-b3f3ad8ea85f-lifetime-10:***@rp.scrapegw.com:6060	ConnectionTimeoutError: Connection timeout to host https://discord.com/api/v9/unique-username/username-attempt-unauthed
2026-09-01 18:28:05	NETWORK	fuuj	attempt=1	proxy=http://wiw4v7duaymysz9-session-4881fadeec55-lifetime-10:***@rp.scrapegw.com:6060	ConnectionTimeoutError: Connection timeout to host https://discord.com/api/v9/unique-username/username-attempt-unauthed
2026-09-01 18:28:05	NETWORK	fusv	attempt=1	proxy=http://wiw4v7duaymysz9-session-4491bd4901eb-lifetime-10:***@rp.scrapegw.com:6060	ConnectionTimeoutError: Connection timeout to host https://discord.com/api/v9/unique-username/username-attempt-unauthed
2026-09-01 18:28:05	NETWORK	fuxh	attempt=1	proxy=http://wiw4v7duaymysz9-session-0675605ae8ea-lifetime-10:***@rp.scrapegw.com:6060	ConnectionTimeoutError: Connection timeout to host https://discord.com/api/v9/unique-username/username-attempt-unauthed
2026-09-01 18:28:05	NETWORK	fusr	attempt=1	proxy=http://wiw4v7duaymysz9-session-a902b9211fe6-lifetime-10:***@rp.scrapegw.com:6060	ConnectionTimeoutError: Connection timeout to host https://discord.com/api/v9/unique-username/username-attempt-unauthed
2026-09-01 18:28:05	NETWORK	furb	attempt=1	proxy=http://wiw4v7duaymysz9-session-579bf9f7b161-lifetime-10:***@rp.scrapegw.com:6060	ConnectionTimeoutError: Connection timeout to host https://discord.com/api/v9/unique-username/username-attempt-unauthed
2026-09-01 18:28:05	NETWORK	futi	attempt=1	proxy=http://wiw4v7duaymysz9-session-d91a9baba6a3-lifetime-10:***@rp.scrapegw.com:6060	ConnectionTimeoutError: Connection timeout to host https://discord.com/api/v9/unique-username/username-attempt-unauthed
2026-09-01 18:28:05	NETWORK	fuqe	attempt=1	proxy=http://wiw4v7duaymysz9-session-6424baca00ed-lifetime-10:***@rp.scrapegw.com:6060	ConnectionTimeoutError: Connection timeout to host https://discord.com/api/v9/unique-username/username-attempt-unauthed
2026-09-01 18:28:05	NETWORK	fuoq	attempt=1	proxy=http://wiw4v7duaymysz9-session-fe76a7dc4d85-lifetime-10:***@rp.scrapegw.com:6060	ConnectionTimeoutError: Connection timeout to host https://discord.com/api/v9/unique-username/username-attempt-unauthed
2026-09-01 18:28:05	NETWORK	funu	attempt=1	proxy=http://wiw4v7duaymysz9-session-b4ee99583fa1-lifetime-10:***@rp.scrapegw.com:6060	ConnectionTimeoutError: Connection timeout to host https://discord.com/api/v9/unique-username/username-attempt-unauthed
2026-09-01 18:28:05	NETWORK	fuqc	attempt=1	proxy=http://wiw4v7duaymysz9-session-a1bf41329a60-lifetime-10:***@rp.scrapegw.com:6060	ConnectionTimeoutError: Connection timeout to host https://discord.com/api/v9/unique-username/username-attempt-unauthed
2026-09-01 18:28:05	NETWORK	fumm	attempt=1	proxy=http://wiw4v7duaymysz9-session-a464382fa713-lifetime-10:***@rp.scrapegw.com:6060	ConnectionTimeoutError: Connection timeout to host https://discord.com/api/v9/unique-username/username-attempt-unauthed
2026-09-01 18:28:05	NETWORK	fuwr	attempt=1	proxy=http://wiw4v7duaymysz9-session-ff4cffa07d31-lifetime-10:***@rp.scrapegw.com:6060	ConnectionTimeoutError: Connection timeout to host https://discord.com/api/v9/unique-username/username-attempt-unauthed
2026-09-01 18:28:05	NETWORK	fuxp	attempt=1	proxy=http://wiw4v7duaymysz9-session-bcf8f18b7177-lifetime-10:***@rp.scrapegw.com:6060	ConnectionTimeoutError: Connection timeout to host https://discord.com/api/v9/unique-username/username-attempt-unauthed
2026-09-01 18:28:05	NETWORK	fuwo	attempt=1	proxy=http://wiw4v7duaymysz9-session-339d18e8bdfa-lifetime-10:***@rp.scrapegw.com:6060	ConnectionTimeoutError: Connection timeout to host https://discord.com/api/v9/unique-username/username-attempt-unauthed
2026-09-01 18:28:05	NETWORK	futk	attempt=1	proxy=http://wiw4v7duaymysz9-session-ed91d1257f03-lifetime-10:***@rp.scrapegw.com:6060	ConnectionTimeoutError: Connection timeout to host https://discord.com/api/v9/unique-username/username-attempt-unauthed
2026-09-01 18:28:05	NETWORK	fuvd	attempt=1	proxy=http://wiw4v7duaymysz9-session-0bf9c55e1027-lifetime-10:***@rp.scrapegw.com:6060	ConnectionTimeoutError: Connection timeout to host https://discord.com/api/v9/unique-username/username-attempt-unauthed
2026-09-01 18:28:05	NETWORK	fuuv	attempt=1	proxy=http://wiw4v7duaymysz9-session-28d804f4b232-lifetime-10:***@rp.scrapegw.com:6060	ConnectionTimeoutError: Connection timeout to host https://discord.com/api/v9/unique-username/username-attempt-unauthed
2026-09-01 18:28:05	NETWORK	fuvp	attempt=1	proxy=http://wiw4v7duaymysz9-session-5abe845d2990-lifetime-10:***@rp.scrapegw.com:6060	ConnectionTimeoutError: Connection timeout to host https://discord.com/api/v9/unique-username/username-attempt-unauthed
2026-09-01 18:28:05	NETWORK	fuwt	attempt=1	proxy=http://wiw4v7duaymysz9-session-a2dec4f057c3-lifetime-10:***@rp.scrapegw.com:6060	ConnectionTimeoutError: Connection timeout to host https://discord.com/api/v9/unique-username/username-attempt-unauthed
2026-09-01 18:28:05	NETWORK	furp	attempt=1	proxy=http://wiw4v7duaymysz9-session-3894153c5eb5-lifetime-10:***@rp.scrapegw.com:6060	ConnectionTimeoutError: Connection timeout to host https://discord.com/api/v9/unique-username/username-attempt-unauthed
2026-09-01 18:28:05	NETWORK	fuxl	attempt=1	proxy=http://wiw4v7duaymysz9-session-ea160e86e75e-lifetime-10:***@rp.scrapegw.com:6060	ConnectionTimeoutError: Connection timeout to host https://discord.com/api/v9/unique-username/username-attempt-unauthed
2026-09-01 18:28:05	NETWORK	futp	attempt=1	proxy=http://wiw4v7duaymysz9-session-a8d2b4ddaa67-lifetime-10:***@rp.scrapegw.com:6060	ConnectionTimeoutError: Connection timeout to host https://discord.com/api/v9/unique-username/username-attempt-unauthed
2026-09-01 18:28:05	NETWORK	furm	attempt=1	proxy=http://wiw4v7duaymysz9-session-852309e2dc09-lifetime-10:***@rp.scrapegw.com:6060	ConnectionTimeoutError: Connection timeout to host https://discord.com/api/v9/unique-username/username-attempt-unauthed
2026-09-01 18:28:05	NETWORK	fupz	attempt=1	proxy=http://wiw4v7duaymysz9-session-a1eecd0de1c9-lifetime-10:***@rp.scrapegw.com:6060	ConnectionTimeoutError: Connection timeout to host https://discord.com/api/v9/unique-username/username-attempt-unauthed
2026-09-01 18:28:05	NETWORK	furk	attempt=1	proxy=http://wiw4v7duaymysz9-session-af9e947ed4a0-lifetime-10:***@rp.scrapegw.com:6060	ConnectionTimeoutError: Connection timeout to host https://discord.com/api/v9/unique-username/username-attempt-unauthed
2026-09-01 18:28:05	NETWORK	fure	attempt=1	proxy=http://wiw4v7duaymysz9-session-7f2173683e5d-lifetime-10:***@rp.scrapegw.com:6060	ConnectionTimeoutError: Connection timeout to host https://discord.com/api/v9/unique-username/username-attempt-unauthed
2026-09-01 18:28:05	NETWORK	fuon	attempt=1	proxy=http://wiw4v7duaymysz9-session-5b2d6f4b61f7-lifetime-10:***@rp.scrapegw.com:6060	ConnectionTimeoutError: Connection timeout to host https://discord.com/api/v9/unique-username/username-attempt-unauthed
2026-09-01 18:28:05	NETWORK	fuol	attempt=1	proxy=http://wiw4v7duaymysz9-session-4024511f45e4-lifetime-10:***@rp.scrapegw.com:6060	ConnectionTimeoutError: Connection timeout to host https://discord.com/api/v9/unique-username/username-attempt-unauthed
2026-09-01 18:28:05	NETWORK	funp	attempt=1	proxy=http://wiw4v7duaymysz9-session-ff5cf514a3f6-lifetime-10:***@rp.scrapegw.com:6060	ConnectionTimeoutError: Connection timeout to host https://discord.com/api/v9/unique-username/username-attempt-unauthed
2026-09-01 18:28:05	NETWORK	fura	attempt=1	proxy=http://wiw4v7duaymysz9-session-647aa5d06b3e-lifetime-10:***@rp.scrapegw.com:6060	ConnectionTimeoutError: Connection timeout to host https://discord.com/api/v9/unique-username/username-attempt-unauthed
2026-09-01 18:28:05	NETWORK	fuqy	attempt=1	proxy=http://wiw4v7duaymysz9-session-109dc3d869b8-lifetime-10:***@rp.scrapegw.com:6060	ConnectionTimeoutError: Connection timeout to host https://discord.com/api/v9/unique-username/username-attempt-unauthed
2026-09-01 18:28:05	NETWORK	fuwx	attempt=1	proxy=http://wiw4v7duaymysz9-session-a81bf3ff7ae8-lifetime-10:***@rp.scrapegw.com:6060	ConnectionTimeoutError: Connection timeout to host https://discord.com/api/v9/unique-username/username-attempt-unauthed
2026-09-01 18:28:05	NETWORK	fvsk	attempt=1	proxy=http://wiw4v7duaymysz9-session-e1a6c4569e99-lifetime-10:***@rp.scrapegw.com:6060	ClientConnectorError: Cannot connect to host discord.com:443 ssl:default [Connection reset by peer]
2026-09-01 18:28:06	NETWORK	fwud	attempt=1	proxy=http://wiw4v7duaymysz9-session-e95e539f604f-lifetime-10:***@rp.scrapegw.com:6060	ClientConnectorError: Cannot connect to host discord.com:443 ssl:default [Connection reset by peer]
2026-09-01 18:28:06	HTTP_429	fzaa	attempt=1	proxy=http://wiw4v7duaymysz9-session-686c7c61d6fa-lifetime-10:***@rp.scrapegw.com:6060	scope=shared global=False retry_after=1261.00s
2026-09-01 18:28:06	NETWORK	fwzc	attempt=1	proxy=http://wiw4v7duaymysz9-session-ff4cffa07d31-lifetime-10:***@rp.scrapegw.com:6060	ClientConnectorError: Cannot connect to host discord.com:443 ssl:default [Connection reset by peer]
2026-09-01 18:28:06	NETWORK	fwsm	attempt=1	proxy=http://wiw4v7duaymysz9-session-8d72b222a67e-lifetime-10:***@rp.scrapegw.com:6060	ClientConnectorError: Cannot connect to host discord.com:443 ssl:default [Connection reset by peer]
2026-09-01 18:28:06	HTTP_429	fzqg	attempt=1	proxy=http://wiw4v7duaymysz9-session-520b0fbbbe84-lifetime-10:***@rp.scrapegw.com:6060	scope=shared global=False retry_after=1758.00s
2026-09-01 18:28:06	NETWORK	fxzz	attempt=1	proxy=http://wiw4v7duaymysz9-session-db93534aeb25-lifetime-10:***@rp.scrapegw.com:6060	ClientConnectorError: Cannot connect to host discord.com:443 ssl:default [Connection reset by peer]
2026-09-01 18:28:06	NETWORK	fvdv	attempt=1	proxy=http://wiw4v7duaymysz9-session-c91c1af768d0-lifetime-10:***@rp.scrapegw.com:6060	ConnectionTimeoutError: Connection timeout to host https://discord.com/api/v9/unique-username/username-attempt-unauthed
2026-09-01 18:28:06	NETWORK	fvdg	attempt=1	proxy=http://wiw4v7duaymysz9-session-0808775377dc-lifetime-10:***@rp.scrapegw.com:6060	ConnectionTimeoutError: Connection timeout to host https://discord.com/api/v9/unique-username/username-attempt-unauthed
2026-09-01 18:28:06	NETWORK	fvdb	attempt=1	proxy=http://wiw4v7duaymysz9-session-2c2905da53fc-lifetime-10:***@rp.scrapegw.com:6060	ConnectionTimeoutError: Connection timeout to host https://discord.com/api/v9/unique-username/username-attempt-unauthed
2026-09-01 18:28:06	NETWORK	fvdq	attempt=1	proxy=http://wiw4v7duaymysz9-session-73a8eb645c42-lifetime-10:***@rp.scrapegw.com:6060	ConnectionTimeoutError: Connection timeout to host https://discord.com/api/v9/unique-username/username-attempt-unauthed
2026-09-01 18:28:06	NETWORK	fuyr	attempt=1	proxy=http://wiw4v7duaymysz9-session-9a0011030148-lifetime-10:***@rp.scrapegw.com:6060	ConnectionTimeoutError: Connection timeout to host https://discord.com/api/v9/unique-username/username-attempt-unauthed
2026-09-01 18:28:06	NETWORK	fuyf	attempt=1	proxy=http://wiw4v7duaymysz9-session-343de70d2390-lifetime-10:***@rp.scrapegw.com:6060	ConnectionTimeoutError: Connection timeout to host https://discord.com/api/v9/unique-username/username-attempt-unauthed
2026-09-01 18:28:06	NETWORK	fvcf	attempt=1	proxy=http://wiw4v7duaymysz9-session-f9708995c42d-lifetime-10:***@rp.scrapegw.com:6060	ConnectionTimeoutError: Connection timeout to host https://discord.com/api/v9/unique-username/username-attempt-unauthed
2026-09-01 18:28:06	NETWORK	fvck	attempt=1	proxy=http://wiw4v7duaymysz9-session-aa5a3f843d51-lifetime-10:***@rp.scrapegw.com:6060	ConnectionTimeoutError: Connection timeout to host https://discord.com/api/v9/unique-username/username-attempt-unauthed
2026-09-01 18:28:06	NETWORK	fvif	attempt=1	proxy=http://wiw4v7duaymysz9-session-52003ac92f81-lifetime-10:***@rp.scrapegw.com:6060	ConnectionTimeoutError: Connection timeout to host https://discord.com/api/v9/unique-username/username-attempt-unauthed
2026-09-01 18:28:06	NETWORK	fvhd	attempt=1	proxy=http://wiw4v7duaymysz9-session-e820991d4629-lifetime-10:***@rp.scrapegw.com:6060	ConnectionTimeoutError: Connection timeout to host https://discord.com/api/v9/unique-username/username-attempt-unauthed
2026-09-01 18:28:06	NETWORK	fvhp	attempt=1	proxy=http://wiw4v7duaymysz9-session-1b135e2b0d3d-lifetime-10:***@rp.scrapegw.com:6060	ConnectionTimeoutError: Connection timeout to host https://discord.com/api/v9/unique-username/username-attempt-unauthed
2026-09-01 18:28:06	NETWORK	fvgl	attempt=1	proxy=http://wiw4v7duaymysz9-session-551c46092a83-lifetime-10:***@rp.scrapegw.com:6060	ConnectionTimeoutError: Connection timeout to host https://discord.com/api/v9/unique-username/username-attempt-unauthed
2026-09-01 18:28:06	NETWORK	fvfi	attempt=1	proxy=http://wiw4v7duaymysz9-session-f3b3fd86dc77-lifetime-10:***@rp.scrapegw.com:6060	ConnectionTimeoutError: Connection timeout to host https://discord.com/api/v9/unique-username/username-attempt-unauthed
2026-09-01 18:28:06	NETWORK	fvjf	attempt=1	proxy=http://wiw4v7duaymysz9-session-0e7feb0a9582-lifetime-10:***@rp.scrapegw.com:6060	ConnectionTimeoutError: Connection timeout to host https://discord.com/api/v9/unique-username/username-attempt-unauthed
2026-09-01 18:28:06	NETWORK	fvey	attempt=1	proxy=http://wiw4v7duaymysz9-session-73cfce2073a4-lifetime-10:***@rp.scrapegw.com:6060	ConnectionTimeoutError: Connection timeout to host https://discord.com/api/v9/unique-username/username-attempt-unauthed
2026-09-01 18:28:06	NETWORK	fvez	attempt=1	proxy=http://wiw4v7duaymysz9-session-24e7cd6d87fc-lifetime-10:***@rp.scrapegw.com:6060	ConnectionTimeoutError: Connection timeout to host https://discord.com/api/v9/unique-username/username-attempt-unauthed
2026-09-01 18:28:06	NETWORK	fvfc	attempt=1	proxy=http://wiw4v7duaymysz9-session-b7d4bea0a198-lifetime-10:***@rp.scrapegw.com:6060	ConnectionTimeoutError: Connection timeout to host https://discord.com/api/v9/unique-username/username-attempt-unauthed
2026-09-01 18:28:06	NETWORK	fvfg	attempt=1	proxy=http://wiw4v7duaymysz9-session-1a32ec4613a2-lifetime-10:***@rp.scrapegw.com:6060	ConnectionTimeoutError: Connection timeout to host https://discord.com/api/v9/unique-username/username-attempt-unauthed
2026-09-01 18:28:06	NETWORK	fvbg	attempt=1	proxy=http://wiw4v7duaymysz9-session-d22df499269e-lifetime-10:***@rp.scrapegw.com:6060	ConnectionTimeoutError: Connection timeout to host https://discord.com/api/v9/unique-username/username-attempt-unauthed
2026-09-01 18:28:06	NETWORK	fvab	attempt=1	proxy=http://wiw4v7duaymysz9-session-24044186ecc3-lifetime-10:***@rp.scrapegw.com:6060	ConnectionTimeoutError: Connection timeout to host https://discord.com/api/v9/unique-username/username-attempt-unauthed
2026-09-01 18:28:06	NETWORK	fvdc	attempt=1	proxy=http://wiw4v7duaymysz9-session-be1818c2608a-lifetime-10:***@rp.scrapegw.com:6060	ConnectionTimeoutError: Connection timeout to host https://discord.com/api/v9/unique-username/username-attempt-unauthed
2026-09-01 18:28:06	NETWORK	fvbp	attempt=1	proxy=http://wiw4v7duaymysz9-session-6c32f23b56fe-lifetime-10:***@rp.scrapegw.com:6060	ConnectionTimeoutError: Connection timeout to host https://discord.com/api/v9/unique-username/username-attempt-unauthed
2026-09-01 18:28:06	NETWORK	fuzt	attempt=1	proxy=http://wiw4v7duaymysz9-session-e106127a6bba-lifetime-10:***@rp.scrapegw.com:6060	ConnectionTimeoutError: Connection timeout to host https://discord.com/api/v9/unique-username/username-attempt-unauthed
2026-09-01 18:28:06	NETWORK	fuyb	attempt=1	proxy=http://wiw4v7duaymysz9-session-24cb51a135f4-lifetime-10:***@rp.scrapegw.com:6060	ConnectionTimeoutError: Connection timeout to host https://discord.com/api/v9/unique-username/username-attempt-unauthed
2026-09-01 18:28:06	NETWORK	fuyg	attempt=1	proxy=http://wiw4v7duaymysz9-session-505d3f606ae0-lifetime-10:***@rp.scrapegw.com:6060	ConnectionTimeoutError: Connection timeout to host https://discord.com/api/v9/unique-username/username-attempt-unauthed
2026-09-01 18:28:06	NETWORK	fuyc	attempt=1	proxy=http://wiw4v7duaymysz9-session-4d05525dc4af-lifetime-10:***@rp.scrapegw.com:6060	ConnectionTimeoutError: Connection timeout to host https://discord.com/api/v9/unique-username/username-attempt-unauthed
2026-09-01 18:28:06	NETWORK	fuzq	attempt=1	proxy=http://wiw4v7duaymysz9-session-a114e338c574-lifetime-10:***@rp.scrapegw.com:6060	ConnectionTimeoutError: Connection timeout to host https://discord.com/api/v9/unique-username/username-attempt-unauthed
2026-09-01 18:28:06	NETWORK	fuxr	attempt=1	proxy=http://wiw4v7duaymysz9-session-3156d1656427-lifetime-10:***@rp.scrapegw.com:6060	ConnectionTimeoutError: Connection timeout to host https://discord.com/api/v9/unique-username/username-attempt-unauthed
2026-09-01 18:28:06	NETWORK	fvit	attempt=1	proxy=http://wiw4v7duaymysz9-session-a4f0f4cbf4c2-lifetime-10:***@rp.scrapegw.com:6060	ConnectionTimeoutError: Connection timeout to host https://discord.com/api/v9/unique-username/username-attempt-unauthed
2026-09-01 18:28:06	NETWORK	fuyw	attempt=1	proxy=http://wiw4v7duaymysz9-session-d28a19dd7bac-lifetime-10:***@rp.scrapegw.com:6060	ConnectionTimeoutError: Connection timeout to host https://discord.com/api/v9/unique-username/username-attempt-unauthed
2026-09-01 18:28:06	NETWORK	fvjd	attempt=1	proxy=http://wiw4v7duaymysz9-session-585b43f4009a-lifetime-10:***@rp.scrapegw.com:6060	ConnectionTimeoutError: Connection timeout to host https://discord.com/api/v9/unique-username/username-attempt-unauthed
2026-09-01 18:28:06	NETWORK	fvik	attempt=1	proxy=http://wiw4v7duaymysz9-session-165a946d2fa6-lifetime-10:***@rp.scrapegw.com:6060	ConnectionTimeoutError: Connection timeout to host https://discord.com/api/v9/unique-username/username-attempt-unauthed
2026-09-01 18:28:06	NETWORK	fvij	attempt=1	proxy=http://wiw4v7duaymysz9-session-2fd46d5336a4-lifetime-10:***@rp.scrapegw.com:6060	ConnectionTimeoutError: Connection timeout to host https://discord.com/api/v9/unique-username/username-attempt-unauthed
2026-09-01 18:28:06	NETWORK	fvgg	attempt=1	proxy=http://wiw4v7duaymysz9-session-ab7a2efb6ca8-lifetime-10:***@rp.scrapegw.com:6060	ConnectionTimeoutError: Connection timeout to host https://discord.com/api/v9/unique-username/username-attempt-unauthed
2026-09-01 18:28:06	NETWORK	fvgx	attempt=1	proxy=http://wiw4v7duaymysz9-session-fbcccc82fab2-lifetime-10:***@rp.scrapegw.com:6060	ConnectionTimeoutError: Connection timeout to host https://discord.com/api/v9/unique-username/username-attempt-unauthed
2026-09-01 18:28:06	NETWORK	fvhu	attempt=1	proxy=http://wiw4v7duaymysz9-session-4d55e8f4a79d-lifetime-10:***@rp.scrapegw.com:6060	ConnectionTimeoutError: Connection timeout to host https://discord.com/api/v9/unique-username/username-attempt-unauthed
2026-09-01 18:28:06	NETWORK	fvgc	attempt=1	proxy=http://wiw4v7duaymysz9-session-f7cdea031205-lifetime-10:***@rp.scrapegw.com:6060	ConnectionTimeoutError: Connection timeout to host https://discord.com/api/v9/unique-username/username-attempt-unauthed
2026-09-01 18:28:06	NETWORK	fvgq	attempt=1	proxy=http://wiw4v7duaymysz9-session-a86317eada8f-lifetime-10:***@rp.scrapegw.com:6060	ConnectionTimeoutError: Connection timeout to host https://discord.com/api/v9/unique-username/username-attempt-unauthed
2026-09-01 18:28:06	NETWORK	fvew	attempt=1	proxy=http://wiw4v7duaymysz9-session-a276b9da74cf-lifetime-10:***@rp.scrapegw.com:6060	ConnectionTimeoutError: Connection timeout to host https://discord.com/api/v9/unique-username/username-attempt-unauthed
2026-09-01 18:28:06	NETWORK	fvam	attempt=1	proxy=http://wiw4v7duaymysz9-session-5e5e8a88734a-lifetime-10:***@rp.scrapegw.com:6060	ConnectionTimeoutError: Connection timeout to host https://discord.com/api/v9/unique-username/username-attempt-unauthed
2026-09-01 18:28:06	NETWORK	fvfm	attempt=1	proxy=http://wiw4v7duaymysz9-session-3dfb5d9df5aa-lifetime-10:***@rp.scrapegw.com:6060	ConnectionTimeoutError: Connection timeout to host https://discord.com/api/v9/unique-username/username-attempt-unauthed
2026-09-01 18:28:06	NETWORK	fvfp	attempt=1	proxy=http://wiw4v7duaymysz9-session-e81c577b5a6c-lifetime-10:***@rp.scrapegw.com:6060	ConnectionTimeoutError: Connection timeout to host https://discord.com/api/v9/unique-username/username-attempt-unauthed
2026-09-01 18:28:06	NETWORK	fvfb	attempt=1	proxy=http://wiw4v7duaymysz9-session-0060cce455ea-lifetime-10:***@rp.scrapegw.com:6060	ConnectionTimeoutError: Connection timeout to host https://discord.com/api/v9/unique-username/username-attempt-unauthed
2026-09-01 18:28:06	NETWORK	fved	attempt=1	proxy=http://wiw4v7duaymysz9-session-21a33d06b529-lifetime-10:***@rp.scrapegw.com:6060	ConnectionTimeoutError: Connection timeout to host https://discord.com/api/v9/unique-username/username-attempt-unauthed
2026-09-01 18:28:06	NETWORK	fwgo	attempt=1	proxy=http://wiw4v7duaymysz9-session-1502d8278a4a-lifetime-10:***@rp.scrapegw.com:6060	ClientConnectorError: Cannot connect to host discord.com:443 ssl:default [Connection reset by peer]
2026-09-01 18:28:07	HTTP_429	fzxd	attempt=1	proxy=http://wiw4v7duaymysz9-session-582036b4cd60-lifetime-10:***@rp.scrapegw.com:6060	scope=shared global=False retry_after=1791.00s
2026-09-01 18:28:07	NETWORK	fwkp	attempt=1	proxy=http://wiw4v7duaymysz9-session-136a6c4fc167-lifetime-10:***@rp.scrapegw.com:6060	ClientConnectorError: Cannot connect to host discord.com:443 ssl:default [Connection reset by peer]
2026-09-01 18:28:07	NETWORK	fwwk	attempt=1	proxy=http://wiw4v7duaymysz9-session-28d804f4b232-lifetime-10:***@rp.scrapegw.com:6060	ClientConnectorError: Cannot connect to host discord.com:443 ssl:default [Connection reset by peer]
2026-09-01 18:28:07	NETWORK	fwsx	attempt=1	proxy=http://wiw4v7duaymysz9-session-852309e2dc09-lifetime-10:***@rp.scrapegw.com:6060	ClientConnectorError: Cannot connect to host discord.com:443 ssl:default [Connection reset by peer]
2026-09-01 18:28:07	NETWORK	fvpi	attempt=1	proxy=http://wiw4v7duaymysz9-session-92ec8e07eacb-lifetime-10:***@rp.scrapegw.com:6060	ConnectionTimeoutError: Connection timeout to host https://discord.com/api/v9/unique-username/username-attempt-unauthed
2026-09-01 18:28:07	NETWORK	fvqj	attempt=1	proxy=http://wiw4v7duaymysz9-session-399b59b2092a-lifetime-10:***@rp.scrapegw.com:6060	ConnectionTimeoutError: Connection timeout to host https://discord.com/api/v9/unique-username/username-attempt-unauthed
2026-09-01 18:28:07	NETWORK	fvpt	attempt=1	proxy=http://wiw4v7duaymysz9-session-d268afb476a2-lifetime-10:***@rp.scrapegw.com:6060	ConnectionTimeoutError: Connection timeout to host https://discord.com/api/v9/unique-username/username-attempt-unauthed
2026-09-01 18:28:07	NETWORK	fvjv	attempt=1	proxy=http://wiw4v7duaymysz9-session-15b6199b0f89-lifetime-10:***@rp.scrapegw.com:6060	ConnectionTimeoutError: Connection timeout to host https://discord.com/api/v9/unique-username/username-attempt-unauthed
2026-09-01 18:28:07	NETWORK	fvtf	attempt=1	proxy=http://wiw4v7duaymysz9-session-f8b666d50afc-lifetime-10:***@rp.scrapegw.com:6060	ConnectionTimeoutError: Connection timeout to host https://discord.com/api/v9/unique-username/username-attempt-unauthed
2026-09-01 18:28:07	NETWORK	fvtx	attempt=1	proxy=http://wiw4v7duaymysz9-session-699e38ac2c9e-lifetime-10:***@rp.scrapegw.com:6060	ConnectionTimeoutError: Connection timeout to host https://discord.com/api/v9/unique-username/username-attempt-unauthed
2026-09-01 18:28:07	NETWORK	fvta	attempt=1	proxy=http://wiw4v7duaymysz9-session-5e642cc60ffc-lifetime-10:***@rp.scrapegw.com:6060	ConnectionTimeoutError: Connection timeout to host https://discord.com/api/v9/unique-username/username-attempt-unauthed
2026-09-01 18:28:07	NETWORK	fvjo	attempt=1	proxy=http://wiw4v7duaymysz9-session-4bd551bbb131-lifetime-10:***@rp.scrapegw.com:6060	ConnectionTimeoutError: Connection timeout to host https://discord.com/api/v9/unique-username/username-attempt-unauthed
2026-09-01 18:28:07	NETWORK	fvsq	attempt=1	proxy=http://wiw4v7duaymysz9-session-65c854105f0b-lifetime-10:***@rp.scrapegw.com:6060	ConnectionTimeoutError: Connection timeout to host https://discord.com/api/v9/unique-username/username-attempt-unauthed
2026-09-01 18:28:07	NETWORK	fvjj	attempt=1	proxy=http://wiw4v7duaymysz9-session-6bff1024b76b-lifetime-10:***@rp.scrapegw.com:6060	ConnectionTimeoutError: Connection timeout to host https://discord.com/api/v9/unique-username/username-attempt-unauthed
2026-09-01 18:28:07	NETWORK	fvsg	attempt=1	proxy=http://wiw4v7duaymysz9-session-d48f81d33517-lifetime-10:***@rp.scrapegw.com:6060	ConnectionTimeoutError: Connection timeout to host https://discord.com/api/v9/unique-username/username-attempt-unauthed
2026-09-01 18:28:07	NETWORK	fvpr	attempt=1	proxy=http://wiw4v7duaymysz9-session-e820348416b4-lifetime-10:***@rp.scrapegw.com:6060	ConnectionTimeoutError: Connection timeout to host https://discord.com/api/v9/unique-username/username-attempt-unauthed
2026-09-01 18:28:07	NETWORK	fvrt	attempt=1	proxy=http://wiw4v7duaymysz9-session-ad3b11e7345d-lifetime-10:***@rp.scrapegw.com:6060	ConnectionTimeoutError: Connection timeout to host https://discord.com/api/v9/unique-username/username-attempt-unauthed
2026-09-01 18:28:07	NETWORK	fvro	attempt=1	proxy=http://wiw4v7duaymysz9-session-6a6c2c3f1437-lifetime-10:***@rp.scrapegw.com:6060	ConnectionTimeoutError: Connection timeout to host https://discord.com/api/v9/unique-username/username-attempt-unauthed
2026-09-01 18:28:07	NETWORK	fvkx	attempt=1	proxy=http://wiw4v7duaymysz9-session-81d71b534621-lifetime-10:***@rp.scrapegw.com:6060	ConnectionTimeoutError: Connection timeout to host https://discord.com/api/v9/unique-username/username-attempt-unauthed
2026-09-01 18:28:07	NETWORK	fvnh	attempt=1	proxy=http://wiw4v7duaymysz9-session-b015229cd725-lifetime-10:***@rp.scrapegw.com:6060	ConnectionTimeoutError: Connection timeout to host https://discord.com/api/v9/unique-username/username-attempt-unauthed
2026-09-01 18:28:07	NETWORK	fvop	attempt=1	proxy=http://wiw4v7duaymysz9-session-937657ab37d3-lifetime-10:***@rp.scrapegw.com:6060	ConnectionTimeoutError: Connection timeout to host https://discord.com/api/v9/unique-username/username-attempt-unauthed
2026-09-01 18:28:07	NETWORK	fvjy	attempt=1	proxy=http://wiw4v7duaymysz9-session-a6632560891e-lifetime-10:***@rp.scrapegw.com:6060	ConnectionTimeoutError: Connection timeout to host https://discord.com/api/v9/unique-username/username-attempt-unauthed
2026-09-01 18:28:07	NETWORK	fvry	attempt=1	proxy=http://wiw4v7duaymysz9-session-4bcbb000f432-lifetime-10:***@rp.scrapegw.com:6060	ConnectionTimeoutError: Connection timeout to host https://discord.com/api/v9/unique-username/username-attempt-unauthed
2026-09-01 18:28:07	NETWORK	fvom	attempt=1	proxy=http://wiw4v7duaymysz9-session-5cec1d43f97f-lifetime-10:***@rp.scrapegw.com:6060	ConnectionTimeoutError: Connection timeout to host https://discord.com/api/v9/unique-username/username-attempt-unauthed
2026-09-01 18:28:07	NETWORK	fvll	attempt=1	proxy=http://wiw4v7duaymysz9-session-7f25829fe79a-lifetime-10:***@rp.scrapegw.com:6060	ConnectionTimeoutError: Connection timeout to host https://discord.com/api/v9/unique-username/username-attempt-unauthed
2026-09-01 18:28:07	NETWORK	fvre	attempt=1	proxy=http://wiw4v7duaymysz9-session-b9c6eb87c938-lifetime-10:***@rp.scrapegw.com:6060	ConnectionTimeoutError: Connection timeout to host https://discord.com/api/v9/unique-username/username-attempt-unauthed
2026-09-01 18:28:07	NETWORK	fvnj	attempt=1	proxy=http://wiw4v7duaymysz9-session-96b16eb62c60-lifetime-10:***@rp.scrapegw.com:6060	ConnectionTimeoutError: Connection timeout to host https://discord.com/api/v9/unique-username/username-attempt-unauthed
2026-09-01 18:28:07	NETWORK	fvpq	attempt=1	proxy=http://wiw4v7duaymysz9-session-53355c647e38-lifetime-10:***@rp.scrapegw.com:6060	ConnectionTimeoutError: Connection timeout to host https://discord.com/api/v9/unique-username/username-attempt-unauthed
2026-09-01 18:28:07	NETWORK	fvtu	attempt=1	proxy=http://wiw4v7duaymysz9-session-4dfa0d9fa8b2-lifetime-10:***@rp.scrapegw.com:6060	ConnectionTimeoutError: Connection timeout to host https://discord.com/api/v9/unique-username/username-attempt-unauthed
2026-09-01 18:28:07	NETWORK	fvjh	attempt=1	proxy=http://wiw4v7duaymysz9-session-fbe180c16258-lifetime-10:***@rp.scrapegw.com:6060	ConnectionTimeoutError: Connection timeout to host https://discord.com/api/v9/unique-username/username-attempt-unauthed
2026-09-01 18:28:07	NETWORK	fvqv	attempt=1	proxy=http://wiw4v7duaymysz9-session-a1947d8c7b48-lifetime-10:***@rp.scrapegw.com:6060	ConnectionTimeoutError: Connection timeout to host https://discord.com/api/v9/unique-username/username-attempt-unauthed
2026-09-01 18:28:07	NETWORK	fvqc	attempt=1	proxy=http://wiw4v7duaymysz9-session-4b56a3217bd6-lifetime-10:***@rp.scrapegw.com:6060	ConnectionTimeoutError: Connection timeout to host https://discord.com/api/v9/unique-username/username-attempt-unauthed
2026-09-01 18:28:07	NETWORK	fvne	attempt=1	proxy=http://wiw4v7duaymysz9-session-879bd44a4b2e-lifetime-10:***@rp.scrapegw.com:6060	ConnectionTimeoutError: Connection timeout to host https://discord.com/api/v9/unique-username/username-attempt-unauthed
2026-09-01 18:28:08	HTTP_429	gajz	attempt=1	proxy=http://wiw4v7duaymysz9-session-1c642c03981e-lifetime-10:***@rp.scrapegw.com:6060	scope=shared global=False retry_after=2070.00s
2026-09-01 18:28:08	NETWORK	fwtl	attempt=1	proxy=http://wiw4v7duaymysz9-session-141dd8bdc0f8-lifetime-10:***@rp.scrapegw.com:6060	ClientConnectorError: Cannot connect to host discord.com:443 ssl:default [Connection reset by peer]
2026-09-01 18:28:08	HTTP_429	fyzu	attempt=1	proxy=http://wiw4v7duaymysz9-session-404b3f017397-lifetime-10:***@rp.scrapegw.com:6060	scope=shared global=False retry_after=707.00s
2026-09-01 18:28:08	NETWORK	fxnw	attempt=1	proxy=http://wiw4v7duaymysz9-session-165a946d2fa6-lifetime-10:***@rp.scrapegw.com:6060	ClientConnectorError: Cannot connect to host discord.com:443 ssl:default [Connection reset by peer]
2026-09-01 18:28:08	HTTP_429	gasv	attempt=1	proxy=http://wiw4v7duaymysz9-session-2e826979f577-lifetime-10:***@rp.scrapegw.com:6060	scope=shared global=False retry_after=559.00s
2026-09-01 18:28:08	HTTP_429	gaos	attempt=1	proxy=http://wiw4v7duaymysz9-session-cf25ade0df97-lifetime-10:***@rp.scrapegw.com:6060	scope=shared global=False retry_after=2075.00s
2026-09-01 18:28:08	NETWORK	fwbm	attempt=1	proxy=http://wiw4v7duaymysz9-session-08ae191638f9-lifetime-10:***@rp.scrapegw.com:6060	ConnectionTimeoutError: Connection timeout to host https://discord.com/api/v9/unique-username/username-attempt-unauthed
2026-09-01 18:28:08	NETWORK	fvuu	attempt=1	proxy=http://wiw4v7duaymysz9-session-1b6f2309f280-lifetime-10:***@rp.scrapegw.com:6060	ConnectionTimeoutError: Connection timeout to host https://discord.com/api/v9/unique-username/username-attempt-unauthed
2026-09-01 18:28:08	NETWORK	fvue	attempt=1	proxy=http://wiw4v7duaymysz9-session-db93534aeb25-lifetime-10:***@rp.scrapegw.com:6060	ConnectionTimeoutError: Connection timeout to host https://discord.com/api/v9/unique-username/username-attempt-unauthed
2026-09-01 18:28:08	NETWORK	fvzz	attempt=1	proxy=http://wiw4v7duaymysz9-session-157bcdd9111f-lifetime-10:***@rp.scrapegw.com:6060	ConnectionTimeoutError: Connection timeout to host https://discord.com/api/v9/unique-username/username-attempt-unauthed
2026-09-01 18:28:08	NETWORK	fwde	attempt=1	proxy=http://wiw4v7duaymysz9-session-a9a8dfa11825-lifetime-10:***@rp.scrapegw.com:6060	ConnectionTimeoutError: Connection timeout to host https://discord.com/api/v9/unique-username/username-attempt-unauthed
2026-09-01 18:28:08	NETWORK	fwfm	attempt=1	proxy=http://wiw4v7duaymysz9-session-f03e16c06ca8-lifetime-10:***@rp.scrapegw.com:6060	ConnectionTimeoutError: Connection timeout to host https://discord.com/api/v9/unique-username/username-attempt-unauthed
2026-09-01 18:28:08	NETWORK	fwcl	attempt=1	proxy=http://wiw4v7duaymysz9-session-87bd751b1ac7-lifetime-10:***@rp.scrapegw.com:6060	ConnectionTimeoutError: Connection timeout to host https://discord.com/api/v9/unique-username/username-attempt-unauthed
2026-09-01 18:28:08	NETWORK	fwed	attempt=1	proxy=http://wiw4v7duaymysz9-session-1b02dac64009-lifetime-10:***@rp.scrapegw.com:6060	ConnectionTimeoutError: Connection timeout to host https://discord.com/api/v9/unique-username/username-attempt-unauthed
2026-09-01 18:28:08	NETWORK	fwdt	attempt=1	proxy=http://wiw4v7duaymysz9-session-fe13aefc624d-lifetime-10:***@rp.scrapegw.com:6060	ConnectionTimeoutError: Connection timeout to host https://discord.com/api/v9/unique-username/username-attempt-unauthed
2026-09-01 18:28:08	NETWORK	fwdw	attempt=1	proxy=http://wiw4v7duaymysz9-session-6ccc9471ab6c-lifetime-10:***@rp.scrapegw.com:6060	ConnectionTimeoutError: Connection timeout to host https://discord.com/api/v9/unique-username/username-attempt-unauthed
2026-09-01 18:28:08	NETWORK	fvxv	attempt=1	proxy=http://wiw4v7duaymysz9-session-6cd3dc2893b9-lifetime-10:***@rp.scrapegw.com:6060	ConnectionTimeoutError: Connection timeout to host https://discord.com/api/v9/unique-username/username-attempt-unauthed
2026-09-01 18:28:08	NETWORK	fwam	attempt=1	proxy=http://wiw4v7duaymysz9-session-6d2b6adef08b-lifetime-10:***@rp.scrapegw.com:6060	ConnectionTimeoutError: Connection timeout to host https://discord.com/api/v9/unique-username/username-attempt-unauthed
2026-09-01 18:28:08	NETWORK	fvzn	attempt=1	proxy=http://wiw4v7duaymysz9-session-1fb8347b6ee0-lifetime-10:***@rp.scrapegw.com:6060	ConnectionTimeoutError: Connection timeout to host https://discord.com/api/v9/unique-username/username-attempt-unauthed
2026-09-01 18:28:08	NETWORK	fwcq	attempt=1	proxy=http://wiw4v7duaymysz9-session-9c8ef6cb354d-lifetime-10:***@rp.scrapegw.com:6060	ConnectionTimeoutError: Connection timeout to host https://discord.com/api/v9/unique-username/username-attempt-unauthed
2026-09-01 18:28:08	NETWORK	fvyc	attempt=1	proxy=http://wiw4v7duaymysz9-session-a4dd7f1caf45-lifetime-10:***@rp.scrapegw.com:6060	ConnectionTimeoutError: Connection timeout to host https://discord.com/api/v9/unique-username/username-attempt-unauthed
2026-09-01 18:28:08	NETWORK	fvur	attempt=1	proxy=http://wiw4v7duaymysz9-session-0fea43b64623-lifetime-10:***@rp.scrapegw.com:6060	ConnectionTimeoutError: Connection timeout to host https://discord.com/api/v9/unique-username/username-attempt-unauthed
2026-09-01 18:28:08	NETWORK	fvuj	attempt=1	proxy=http://wiw4v7duaymysz9-session-4035bb8ef009-lifetime-10:***@rp.scrapegw.com:6060	ConnectionTimeoutError: Connection timeout to host https://discord.com/api/v9/unique-username/username-attempt-unauthed
2026-09-01 18:28:08	NETWORK	fvyf	attempt=1	proxy=http://wiw4v7duaymysz9-session-02a499057547-lifetime-10:***@rp.scrapegw.com:6060	ConnectionTimeoutError: Connection timeout to host https://discord.com/api/v9/unique-username/username-attempt-unauthed
2026-09-01 18:28:08	NETWORK	fwey	attempt=1	proxy=http://wiw4v7duaymysz9-session-f81ef98ccbe5-lifetime-10:***@rp.scrapegw.com:6060	ConnectionTimeoutError: Connection timeout to host https://discord.com/api/v9/unique-username/username-attempt-unauthed
2026-09-01 18:28:08	NETWORK	fwai	attempt=1	proxy=http://wiw4v7duaymysz9-session-7c74e8790ec1-lifetime-10:***@rp.scrapegw.com:6060	ConnectionTimeoutError: Connection timeout to host https://discord.com/api/v9/unique-username/username-attempt-unauthed
2026-09-01 18:28:08	NETWORK	fwae	attempt=1	proxy=http://wiw4v7duaymysz9-session-025e57b3f6a7-lifetime-10:***@rp.scrapegw.com:6060	ConnectionTimeoutError: Connection timeout to host https://discord.com/api/v9/unique-username/username-attempt-unauthed
2026-09-01 18:28:08	NETWORK	fwcj	attempt=1	proxy=http://wiw4v7duaymysz9-session-4bf8f3346a27-lifetime-10:***@rp.scrapegw.com:6060	ConnectionTimeoutError: Connection timeout to host https://discord.com/api/v9/unique-username/username-attempt-unauthed
2026-09-01 18:28:08	NETWORK	fvvz	attempt=1	proxy=http://wiw4v7duaymysz9-session-6b594f24b984-lifetime-10:***@rp.scrapegw.com:6060	ConnectionTimeoutError: Connection timeout to host https://discord.com/api/v9/unique-username/username-attempt-unauthed
2026-09-01 18:28:08	NETWORK	fwbc	attempt=1	proxy=http://wiw4v7duaymysz9-session-ab0e5583767d-lifetime-10:***@rp.scrapegw.com:6060	ConnectionTimeoutError: Connection timeout to host https://discord.com/api/v9/unique-username/username-attempt-unauthed
2026-09-01 18:28:08	NETWORK	fvwt	attempt=1	proxy=http://wiw4v7duaymysz9-session-528bd4cbdb56-lifetime-10:***@rp.scrapegw.com:6060	ConnectionTimeoutError: Connection timeout to host https://discord.com/api/v9/unique-username/username-attempt-unauthed
2026-09-01 18:28:08	NETWORK	fwbh	attempt=1	proxy=http://wiw4v7duaymysz9-session-a3dec87091f3-lifetime-10:***@rp.scrapegw.com:6060	ConnectionTimeoutError: Connection timeout to host https://discord.com/api/v9/unique-username/username-attempt-unauthed
2026-09-01 18:28:08	NETWORK	fvwe	attempt=1	proxy=http://wiw4v7duaymysz9-session-38aa116396aa-lifetime-10:***@rp.scrapegw.com:6060	ConnectionTimeoutError: Connection timeout to host https://discord.com/api/v9/unique-username/username-attempt-unauthed
2026-09-01 18:28:08	NETWORK	fvzr	attempt=1	proxy=http://wiw4v7duaymysz9-session-30ebf184a879-lifetime-10:***@rp.scrapegw.com:6060	ConnectionTimeoutError: Connection timeout to host https://discord.com/api/v9/unique-username/username-attempt-unauthed
2026-09-01 18:28:08	NETWORK	fwdm	attempt=1	proxy=http://wiw4v7duaymysz9-session-0beac87c27f9-lifetime-10:***@rp.scrapegw.com:6060	ConnectionTimeoutError: Connection timeout to host https://discord.com/api/v9/unique-username/username-attempt-unauthed
2026-09-01 18:28:08	NETWORK	fvyl	attempt=1	proxy=http://wiw4v7duaymysz9-session-cb213005ff85-lifetime-10:***@rp.scrapegw.com:6060	ConnectionTimeoutError: Connection timeout to host https://discord.com/api/v9/unique-username/username-attempt-unauthed
2026-09-01 18:28:08	NETWORK	fvyi	attempt=1	proxy=http://wiw4v7duaymysz9-session-0e34dc2eaf55-lifetime-10:***@rp.scrapegw.com:6060	ConnectionTimeoutError: Connection timeout to host https://discord.com/api/v9/unique-username/username-attempt-unauthed
2026-09-01 18:28:08	NETWORK	fvvh	attempt=1	proxy=http://wiw4v7duaymysz9-session-2f5b5bc24598-lifetime-10:***@rp.scrapegw.com:6060	ConnectionTimeoutError: Connection timeout to host https://discord.com/api/v9/unique-username/username-attempt-unauthed
2026-09-01 18:28:08	NETWORK	fwfl	attempt=1	proxy=http://wiw4v7duaymysz9-session-e4a9b1fbf5f7-lifetime-10:***@rp.scrapegw.com:6060	ConnectionTimeoutError: Connection timeout to host https://discord.com/api/v9/unique-username/username-attempt-unauthed
2026-09-01 18:28:08	NETWORK	fwcd	attempt=1	proxy=http://wiw4v7duaymysz9-session-88b8d263d282-lifetime-10:***@rp.scrapegw.com:6060	ConnectionTimeoutError: Connection timeout to host https://discord.com/api/v9/unique-username/username-attempt-unauthed
2026-09-01 18:28:08	HTTP_429	gawc	attempt=1	proxy=http://wiw4v7duaymysz9-session-d565fc38df05-lifetime-10:***@rp.scrapegw.com:6060	scope=shared global=False retry_after=1049.00s
2026-09-01 18:28:08	HTTP_429	gaws	attempt=1	proxy=http://wiw4v7duaymysz9-session-b98ef4ec491a-lifetime-10:***@rp.scrapegw.com:6060	scope=shared global=False retry_after=2071.00s
2026-09-01 18:28:09	NETWORK	fxbo	attempt=1	proxy=http://wiw4v7duaymysz9-session-1c7d2b17d465-lifetime-10:***@rp.scrapegw.com:6060	ClientConnectorError: Cannot connect to host discord.com:443 ssl:default [Connection reset by peer]
2026-09-01 18:28:09	HTTP_429	fxun	attempt=1	proxy=http://wiw4v7duaymysz9-session-405dc4a47dd9-lifetime-10:***@rp.scrapegw.com:6060	scope=shared global=False retry_after=560.00s
2026-09-01 18:28:09	HTTP_429	fype	attempt=1	proxy=http://wiw4v7duaymysz9-session-552f0eaeb4ff-lifetime-10:***@rp.scrapegw.com:6060	scope=shared global=False retry_after=37.00s
2026-09-01 18:28:09	HTTP_429	gaxw	attempt=1	proxy=http://wiw4v7duaymysz9-session-1062818810fa-lifetime-10:***@rp.scrapegw.com:6060	scope=shared global=False retry_after=912.00s
2026-09-01 18:28:09	HTTP_429	gazd	attempt=1	proxy=http://wiw4v7duaymysz9-session-6bd6b4084a6a-lifetime-10:***@rp.scrapegw.com:6060	scope=shared global=False retry_after=245.00s
2026-09-01 18:28:09	HTTP_429	gbdx	attempt=1	proxy=http://wiw4v7duaymysz9-session-2cb0bdebddf0-lifetime-10:***@rp.scrapegw.com:6060	scope=shared global=False retry_after=2055.00s
2026-09-01 18:28:09	HTTP_429	gbfe	attempt=1	proxy=http://wiw4v7duaymysz9-session-89a22da47f74-lifetime-10:***@rp.scrapegw.com:6060	scope=shared global=False retry_after=2065.00s
2026-09-01 18:28:09	HTTP_429	gbcn	attempt=1	proxy=http://wiw4v7duaymysz9-session-19952570e61d-lifetime-10:***@rp.scrapegw.com:6060	scope=shared global=False retry_after=49.00s
2026-09-01 18:28:09	NETWORK	fwgx	attempt=1	proxy=http://wiw4v7duaymysz9-session-8373edfb575f-lifetime-10:***@rp.scrapegw.com:6060	ClientConnectorCertificateError: Cannot connect to host discord.com:443 ssl:True [SSLCertVerificationError: (1, '[SSL: CERTIFICATE_VERIFY_FAILED] certificate verify failed: self-signed certificate (_ssl.c:1081)')]
2026-09-01 18:28:09	HTTP_429	gbeq	attempt=1	proxy=http://wiw4v7duaymysz9-session-d92c499ca9e3-lifetime-10:***@rp.scrapegw.com:6060	scope=shared global=False retry_after=1892.00s
2026-09-01 18:28:09	NETWORK	fwlg	attempt=1	proxy=http://wiw4v7duaymysz9-session-d7e4019a837d-lifetime-10:***@rp.scrapegw.com:6060	ConnectionTimeoutError: Connection timeout to host https://discord.com/api/v9/unique-username/username-attempt-unauthed
2026-09-01 18:28:09	NETWORK	fwrj	attempt=1	proxy=http://wiw4v7duaymysz9-session-6424baca00ed-lifetime-10:***@rp.scrapegw.com:6060	ConnectionTimeoutError: Connection timeout to host https://discord.com/api/v9/unique-username/username-attempt-unauthed
2026-09-01 18:28:09	NETWORK	fwll	attempt=1	proxy=http://wiw4v7duaymysz9-session-0c636cf1b64b-lifetime-10:***@rp.scrapegw.com:6060	ConnectionTimeoutError: Connection timeout to host https://discord.com/api/v9/unique-username/username-attempt-unauthed
2026-09-01 18:28:09	NETWORK	fwsn	attempt=1	proxy=http://wiw4v7duaymysz9-session-579bf9f7b161-lifetime-10:***@rp.scrapegw.com:6060	ConnectionTimeoutError: Connection timeout to host https://discord.com/api/v9/unique-username/username-attempt-unauthed
2026-09-01 18:28:09	NETWORK	fwrg	attempt=1	proxy=http://wiw4v7duaymysz9-session-a1bf41329a60-lifetime-10:***@rp.scrapegw.com:6060	ConnectionTimeoutError: Connection timeout to host https://discord.com/api/v9/unique-username/username-attempt-unauthed
2026-09-01 18:28:09	NETWORK	fwim	attempt=1	proxy=http://wiw4v7duaymysz9-session-b07ee9e8fa97-lifetime-10:***@rp.scrapegw.com:6060	ConnectionTimeoutError: Connection timeout to host https://discord.com/api/v9/unique-username/username-attempt-unauthed
2026-09-01 18:28:09	NETWORK	fwok	attempt=1	proxy=http://wiw4v7duaymysz9-session-b4ee99583fa1-lifetime-10:***@rp.scrapegw.com:6060	ConnectionTimeoutError: Connection timeout to host https://discord.com/api/v9/unique-username/username-attempt-unauthed
2026-09-01 18:28:09	NETWORK	fwih	attempt=1	proxy=http://wiw4v7duaymysz9-session-1062818810fa-lifetime-10:***@rp.scrapegw.com:6060	ConnectionTimeoutError: Connection timeout to host https://discord.com/api/v9/unique-username/username-attempt-unauthed
2026-09-01 18:28:09	NETWORK	fwqp	attempt=1	proxy=http://wiw4v7duaymysz9-session-a93e94bb1f22-lifetime-10:***@rp.scrapegw.com:6060	ConnectionTimeoutError: Connection timeout to host https://discord.com/api/v9/unique-username/username-attempt-unauthed
2026-09-01 18:28:09	NETWORK	fwic	attempt=1	proxy=http://wiw4v7duaymysz9-session-0e26fc73d252-lifetime-10:***@rp.scrapegw.com:6060	ConnectionTimeoutError: Connection timeout to host https://discord.com/api/v9/unique-username/username-attempt-unauthed
2026-09-01 18:28:09	NETWORK	fwmd	attempt=1	proxy=http://wiw4v7duaymysz9-session-3a97c861cdcf-lifetime-10:***@rp.scrapegw.com:6060	ConnectionTimeoutError: Connection timeout to host https://discord.com/api/v9/unique-username/username-attempt-unauthed
2026-09-01 18:28:09	NETWORK	fwrn	attempt=1	proxy=http://wiw4v7duaymysz9-session-404b3f017397-lifetime-10:***@rp.scrapegw.com:6060	ConnectionTimeoutError: Connection timeout to host https://discord.com/api/v9/unique-username/username-attempt-unauthed
2026-09-01 18:28:09	NETWORK	fwkq	attempt=1	proxy=http://wiw4v7duaymysz9-session-54213d9160fe-lifetime-10:***@rp.scrapegw.com:6060	ConnectionTimeoutError: Connection timeout to host https://discord.com/api/v9/unique-username/username-attempt-unauthed
2026-09-01 18:28:09	NETWORK	fwlj	attempt=1	proxy=http://wiw4v7duaymysz9-session-b2a848090588-lifetime-10:***@rp.scrapegw.com:6060	ConnectionTimeoutError: Connection timeout to host https://discord.com/api/v9/unique-username/username-attempt-unauthed
2026-09-01 18:28:09	NETWORK	fwpd	attempt=1	proxy=http://wiw4v7duaymysz9-session-4024511f45e4-lifetime-10:***@rp.scrapegw.com:6060	ConnectionTimeoutError: Connection timeout to host https://discord.com/api/v9/unique-username/username-attempt-unauthed
2026-09-01 18:28:09	NETWORK	fwko	attempt=1	proxy=http://wiw4v7duaymysz9-session-3f83b0c836f8-lifetime-10:***@rp.scrapegw.com:6060	ConnectionTimeoutError: Connection timeout to host https://discord.com/api/v9/unique-username/username-attempt-unauthed
2026-09-01 18:28:09	NETWORK	fwjd	attempt=1	proxy=http://wiw4v7duaymysz9-session-768e559febe6-lifetime-10:***@rp.scrapegw.com:6060	ConnectionTimeoutError: Connection timeout to host https://discord.com/api/v9/unique-username/username-attempt-unauthed
2026-09-01 18:28:09	NETWORK	fwoa	attempt=1	proxy=http://wiw4v7duaymysz9-session-90f81028fa46-lifetime-10:***@rp.scrapegw.com:6060	ConnectionTimeoutError: Connection timeout to host https://discord.com/api/v9/unique-username/username-attempt-unauthed
2026-09-01 18:28:09	NETWORK	fwod	attempt=1	proxy=http://wiw4v7duaymysz9-session-ff5cf514a3f6-lifetime-10:***@rp.scrapegw.com:6060	ConnectionTimeoutError: Connection timeout to host https://discord.com/api/v9/unique-username/username-attempt-unauthed
2026-09-01 18:28:09	NETWORK	fwgn	attempt=1	proxy=http://wiw4v7duaymysz9-session-19078a1dab19-lifetime-10:***@rp.scrapegw.com:6060	ConnectionTimeoutError: Connection timeout to host https://discord.com/api/v9/unique-username/username-attempt-unauthed
2026-09-01 18:28:09	NETWORK	fwmc	attempt=1	proxy=http://wiw4v7duaymysz9-session-6f880d23d305-lifetime-10:***@rp.scrapegw.com:6060	ConnectionTimeoutError: Connection timeout to host https://discord.com/api/v9/unique-username/username-attempt-unauthed
2026-09-01 18:28:09	NETWORK	fwkj	attempt=1	proxy=http://wiw4v7duaymysz9-session-7c9757d7773a-lifetime-10:***@rp.scrapegw.com:6060	ConnectionTimeoutError: Connection timeout to host https://discord.com/api/v9/unique-username/username-attempt-unauthed
2026-09-01 18:28:09	NETWORK	fwld	attempt=1	proxy=http://wiw4v7duaymysz9-session-4ebda00d6552-lifetime-10:***@rp.scrapegw.com:6060	ConnectionTimeoutError: Connection timeout to host https://discord.com/api/v9/unique-username/username-attempt-unauthed
2026-09-01 18:28:09	NETWORK	fwgh	attempt=1	proxy=http://wiw4v7duaymysz9-session-00426828a3fb-lifetime-10:***@rp.scrapegw.com:6060	ConnectionTimeoutError: Connection timeout to host https://discord.com/api/v9/unique-username/username-attempt-unauthed
2026-09-01 18:28:09	NETWORK	fwjb	attempt=1	proxy=http://wiw4v7duaymysz9-session-205f9927e471-lifetime-10:***@rp.scrapegw.com:6060	ConnectionTimeoutError: Connection timeout to host https://discord.com/api/v9/unique-username/username-attempt-unauthed
2026-09-01 18:28:09	NETWORK	fwqn	attempt=1	proxy=http://wiw4v7duaymysz9-session-c33ff0de3225-lifetime-10:***@rp.scrapegw.com:6060	ConnectionTimeoutError: Connection timeout to host https://discord.com/api/v9/unique-username/username-attempt-unauthed
2026-09-01 18:28:09	NETWORK	fwnm	attempt=1	proxy=http://wiw4v7duaymysz9-session-04cba2b6bb0f-lifetime-10:***@rp.scrapegw.com:6060	ConnectionTimeoutError: Connection timeout to host https://discord.com/api/v9/unique-username/username-attempt-unauthed
2026-09-01 18:28:09	NETWORK	fxsk	attempt=1	proxy=http://wiw4v7duaymysz9-session-1f10979412cc-lifetime-10:***@rp.scrapegw.com:6060	ClientConnectorError: Cannot connect to host discord.com:443 ssl:default [Connection reset by peer]
2026-09-01 18:28:09	NETWORK	fxjh	attempt=1	proxy=http://wiw4v7duaymysz9-session-aaa982a44165-lifetime-10:***@rp.scrapegw.com:6060	ClientConnectorError: Cannot connect to host discord.com:443 ssl:default [Connection reset by peer]
2026-09-01 18:28:10	NETWORK	fxwt	attempt=1	proxy=http://wiw4v7duaymysz9-session-6a6c2c3f1437-lifetime-10:***@rp.scrapegw.com:6060	ClientConnectorError: Cannot connect to host discord.com:443 ssl:default [Connection reset by peer]
2026-09-01 18:28:10	NETWORK	fyjq	attempt=1	proxy=http://wiw4v7duaymysz9-session-69c90690eac5-lifetime-10:***@rp.scrapegw.com:6060	ClientConnectorError: Cannot connect to host discord.com:443 ssl:default [Connection reset by peer]
2026-09-01 18:28:10	HTTP_429	fzqr	attempt=1	proxy=http://wiw4v7duaymysz9-session-c9488cb75f47-lifetime-10:***@rp.scrapegw.com:6060	scope=shared global=False retry_after=807.00s
2026-09-01 18:28:10	NETWORK	gahb	attempt=1	proxy=http://wiw4v7duaymysz9-session-5a4538ca70cb-lifetime-10:***@rp.scrapegw.com:6060	ClientConnectorError: Cannot connect to host discord.com:443 ssl:default [Connection reset by peer]
2026-09-01 18:28:10	NETWORK	fxba	attempt=1	proxy=http://wiw4v7duaymysz9-session-801e24a02b0f-lifetime-10:***@rp.scrapegw.com:6060	ConnectionTimeoutError: Connection timeout to host https://discord.com/api/v9/unique-username/username-attempt-unauthed
2026-09-01 18:28:10	NETWORK	fwul	attempt=1	proxy=http://wiw4v7duaymysz9-session-ab7e2496821e-lifetime-10:***@rp.scrapegw.com:6060	ConnectionTimeoutError: Connection timeout to host https://discord.com/api/v9/unique-username/username-attempt-unauthed
2026-09-01 18:28:10	NETWORK	fxcj	attempt=1	proxy=http://wiw4v7duaymysz9-session-afae7f07ab4d-lifetime-10:***@rp.scrapegw.com:6060	ConnectionTimeoutError: Connection timeout to host https://discord.com/api/v9/unique-username/username-attempt-unauthed
2026-09-01 18:28:10	NETWORK	fwtc	attempt=1	proxy=http://wiw4v7duaymysz9-session-3894153c5eb5-lifetime-10:***@rp.scrapegw.com:6060	ConnectionTimeoutError: Connection timeout to host https://discord.com/api/v9/unique-username/username-attempt-unauthed
2026-09-01 18:28:10	NETWORK	fwyd	attempt=1	proxy=http://wiw4v7duaymysz9-session-7d5fe49cff4e-lifetime-10:***@rp.scrapegw.com:6060	ConnectionTimeoutError: Connection timeout to host https://discord.com/api/v9/unique-username/username-attempt-unauthed
2026-09-01 18:28:10	NETWORK	fxah	attempt=1	proxy=http://wiw4v7duaymysz9-session-73c8dee5981b-lifetime-10:***@rp.scrapegw.com:6060	ConnectionTimeoutError: Connection timeout to host https://discord.com/api/v9/unique-username/username-attempt-unauthed
2026-09-01 18:28:10	NETWORK	fwth	attempt=1	proxy=http://wiw4v7duaymysz9-session-fc1d277ada42-lifetime-10:***@rp.scrapegw.com:6060	ConnectionTimeoutError: Connection timeout to host https://discord.com/api/v9/unique-username/username-attempt-unauthed
2026-09-01 18:28:10	NETWORK	fxam	attempt=1	proxy=http://wiw4v7duaymysz9-session-22c5dd045394-lifetime-10:***@rp.scrapegw.com:6060	ConnectionTimeoutError: Connection timeout to host https://discord.com/api/v9/unique-username/username-attempt-unauthed
2026-09-01 18:28:10	NETWORK	fwta	attempt=1	proxy=http://wiw4v7duaymysz9-session-507e567e90c5-lifetime-10:***@rp.scrapegw.com:6060	ConnectionTimeoutError: Connection timeout to host https://discord.com/api/v9/unique-username/username-attempt-unauthed
2026-09-01 18:28:10	NETWORK	fwsv	attempt=1	proxy=http://wiw4v7duaymysz9-session-8e195cc89c8b-lifetime-10:***@rp.scrapegw.com:6060	ConnectionTimeoutError: Connection timeout to host https://discord.com/api/v9/unique-username/username-attempt-unauthed
2026-09-01 18:28:10	NETWORK	fwvb	attempt=1	proxy=http://wiw4v7duaymysz9-session-a8d2b4ddaa67-lifetime-10:***@rp.scrapegw.com:6060	ConnectionTimeoutError: Connection timeout to host https://discord.com/api/v9/unique-username/username-attempt-unauthed
2026-09-01 18:28:10	NETWORK	fwup	attempt=1	proxy=http://wiw4v7duaymysz9-session-eb2c743800ee-lifetime-10:***@rp.scrapegw.com:6060	ConnectionTimeoutError: Connection timeout to host https://discord.com/api/v9/unique-username/username-attempt-unauthed
2026-09-01 18:28:10	NETWORK	fwvi	attempt=1	proxy=http://wiw4v7duaymysz9-session-e52e97fa5913-lifetime-10:***@rp.scrapegw.com:6060	ConnectionTimeoutError: Connection timeout to host https://discord.com/api/v9/unique-username/username-attempt-unauthed
2026-09-01 18:28:10	NETWORK	fxbt	attempt=1	proxy=http://wiw4v7duaymysz9-session-a114e338c574-lifetime-10:***@rp.scrapegw.com:6060	ConnectionTimeoutError: Connection timeout to host https://discord.com/api/v9/unique-username/username-attempt-unauthed
2026-09-01 18:28:10	NETWORK	fwxo	attempt=1	proxy=http://wiw4v7duaymysz9-session-3f3fd1db76ad-lifetime-10:***@rp.scrapegw.com:6060	ConnectionTimeoutError: Connection timeout to host https://discord.com/api/v9/unique-username/username-attempt-unauthed
2026-09-01 18:28:10	NETWORK	fwzo	attempt=1	proxy=http://wiw4v7duaymysz9-session-0675605ae8ea-lifetime-10:***@rp.scrapegw.com:6060	ConnectionTimeoutError: Connection timeout to host https://discord.com/api/v9/unique-username/username-attempt-unauthed
2026-09-01 18:28:10	NETWORK	fwvn	attempt=1	proxy=http://wiw4v7duaymysz9-session-98375f7508a9-lifetime-10:***@rp.scrapegw.com:6060	ConnectionTimeoutError: Connection timeout to host https://discord.com/api/v9/unique-username/username-attempt-unauthed
2026-09-01 18:28:10	NETWORK	fxbk	attempt=1	proxy=http://wiw4v7duaymysz9-session-6dda06c310a1-lifetime-10:***@rp.scrapegw.com:6060	ConnectionTimeoutError: Connection timeout to host https://discord.com/api/v9/unique-username/username-attempt-unauthed
2026-09-01 18:28:10	NETWORK	fxas	attempt=1	proxy=http://wiw4v7duaymysz9-session-4d05525dc4af-lifetime-10:***@rp.scrapegw.com:6060	ConnectionTimeoutError: Connection timeout to host https://discord.com/api/v9/unique-username/username-attempt-unauthed
2026-09-01 18:28:10	NETWORK	fwwf	attempt=1	proxy=http://wiw4v7duaymysz9-session-b2013d80704e-lifetime-10:***@rp.scrapegw.com:6060	ConnectionTimeoutError: Connection timeout to host https://discord.com/api/v9/unique-username/username-attempt-unauthed
2026-09-01 18:28:10	NETWORK	fxbb	attempt=1	proxy=http://wiw4v7duaymysz9-session-9a0011030148-lifetime-10:***@rp.scrapegw.com:6060	ConnectionTimeoutError: Connection timeout to host https://discord.com/api/v9/unique-username/username-attempt-unauthed
2026-09-01 18:28:10	NETWORK	fxcg	attempt=1	proxy=http://wiw4v7duaymysz9-session-e245311d1b04-lifetime-10:***@rp.scrapegw.com:6060	ConnectionTimeoutError: Connection timeout to host https://discord.com/api/v9/unique-username/username-attempt-unauthed
2026-09-01 18:28:10	NETWORK	fwux	attempt=1	proxy=http://wiw4v7duaymysz9-session-bce933f3cad8-lifetime-10:***@rp.scrapegw.com:6060	ConnectionTimeoutError: Connection timeout to host https://discord.com/api/v9/unique-username/username-attempt-unauthed
2026-09-01 18:28:10	NETWORK	fwyz	attempt=1	proxy=http://wiw4v7duaymysz9-session-339d18e8bdfa-lifetime-10:***@rp.scrapegw.com:6060	ConnectionTimeoutError: Connection timeout to host https://discord.com/api/v9/unique-username/username-attempt-unauthed
2026-09-01 18:28:10	NETWORK	fxbi	attempt=1	proxy=http://wiw4v7duaymysz9-session-d28a19dd7bac-lifetime-10:***@rp.scrapegw.com:6060	ConnectionTimeoutError: Connection timeout to host https://discord.com/api/v9/unique-username/username-attempt-unauthed
2026-09-01 18:28:10	NETWORK	fwub	attempt=1	proxy=http://wiw4v7duaymysz9-session-0f2969c88804-lifetime-10:***@rp.scrapegw.com:6060	ConnectionTimeoutError: Connection timeout to host https://discord.com/api/v9/unique-username/username-attempt-unauthed
2026-09-01 18:28:10	NETWORK	fwwy	attempt=1	proxy=http://wiw4v7duaymysz9-session-0bf9c55e1027-lifetime-10:***@rp.scrapegw.com:6060	ConnectionTimeoutError: Connection timeout to host https://discord.com/api/v9/unique-username/username-attempt-unauthed
2026-09-01 18:28:10	NETWORK	fwxe	attempt=1	proxy=http://wiw4v7duaymysz9-session-c1461d83c3e5-lifetime-10:***@rp.scrapegw.com:6060	ConnectionTimeoutError: Connection timeout to host https://discord.com/api/v9/unique-username/username-attempt-unauthed
2026-09-01 18:28:10	NETWORK	fwza	attempt=1	proxy=http://wiw4v7duaymysz9-session-1d3e87ced0f0-lifetime-10:***@rp.scrapegw.com:6060	ConnectionTimeoutError: Connection timeout to host https://discord.com/api/v9/unique-username/username-attempt-unauthed
2026-09-01 18:28:10	NETWORK	fwvk	attempt=1	proxy=http://wiw4v7duaymysz9-session-37c4bdae6f40-lifetime-10:***@rp.scrapegw.com:6060	ConnectionTimeoutError: Connection timeout to host https://discord.com/api/v9/unique-username/username-attempt-unauthed
2026-09-01 18:28:10	NETWORK	fxav	attempt=1	proxy=http://wiw4v7duaymysz9-session-343de70d2390-lifetime-10:***@rp.scrapegw.com:6060	ConnectionTimeoutError: Connection timeout to host https://discord.com/api/v9/unique-username/username-attempt-unauthed
2026-09-01 18:28:10	NETWORK	fwxq	attempt=1	proxy=http://wiw4v7duaymysz9-session-5abe845d2990-lifetime-10:***@rp.scrapegw.com:6060	ConnectionTimeoutError: Connection timeout to host https://discord.com/api/v9/unique-username/username-attempt-unauthed
2026-09-01 18:28:10	NETWORK	fwva	attempt=1	proxy=http://wiw4v7duaymysz9-session-ed91d1257f03-lifetime-10:***@rp.scrapegw.com:6060	ConnectionTimeoutError: Connection timeout to host https://discord.com/api/v9/unique-username/username-attempt-unauthed
2026-09-01 18:28:10	NETWORK	fxcc	attempt=1	proxy=http://wiw4v7duaymysz9-session-12795ca1fe52-lifetime-10:***@rp.scrapegw.com:6060	ConnectionTimeoutError: Connection timeout to host https://discord.com/api/v9/unique-username/username-attempt-unauthed
2026-09-01 18:28:10	NETWORK	fwug	attempt=1	proxy=http://wiw4v7duaymysz9-session-99c8a52db752-lifetime-10:***@rp.scrapegw.com:6060	ConnectionTimeoutError: Connection timeout to host https://discord.com/api/v9/unique-username/username-attempt-unauthed
2026-09-01 18:28:10	NETWORK	fwuy	attempt=1	proxy=http://wiw4v7duaymysz9-session-55c9375aec76-lifetime-10:***@rp.scrapegw.com:6060	ConnectionTimeoutError: Connection timeout to host https://discord.com/api/v9/unique-username/username-attempt-unauthed
2026-09-01 18:28:10	HTTP_429	gbpx	attempt=1	proxy=http://wiw4v7duaymysz9-session-5abb21769dbe-lifetime-10:***@rp.scrapegw.com:6060	scope=shared global=False retry_after=2069.00s
2026-09-01 18:28:10	HTTP_429	gbre	attempt=1	proxy=http://wiw4v7duaymysz9-session-b15c95bbee24-lifetime-10:***@rp.scrapegw.com:6060	scope=shared global=False retry_after=2064.00s
2026-09-01 18:28:11	HTTP_429	gbta	attempt=1	proxy=http://wiw4v7duaymysz9-session-6605647e16a9-lifetime-10:***@rp.scrapegw.com:6060	scope=shared global=False retry_after=2068.00s
2026-09-01 18:28:11	NETWORK	fxpq	attempt=1	proxy=http://wiw4v7duaymysz9-session-6bff1024b76b-lifetime-10:***@rp.scrapegw.com:6060	ClientConnectorError: Cannot connect to host discord.com:443 ssl:default [Connection reset by peer]
2026-09-01 18:28:11	NETWORK	fxpr	attempt=1	proxy=http://wiw4v7duaymysz9-session-6911e9339f6b-lifetime-10:***@rp.scrapegw.com:6060	ConnectionTimeoutError: Connection timeout to host https://discord.com/api/v9/unique-username/username-attempt-unauthed
2026-09-01 18:28:11	NETWORK	fxpn	attempt=1	proxy=http://wiw4v7duaymysz9-session-fbe180c16258-lifetime-10:***@rp.scrapegw.com:6060	ConnectionTimeoutError: Connection timeout to host https://discord.com/api/v9/unique-username/username-attempt-unauthed
2026-09-01 18:28:11	NETWORK	fxlu	attempt=1	proxy=http://wiw4v7duaymysz9-session-b61e205f7c28-lifetime-10:***@rp.scrapegw.com:6060	ConnectionTimeoutError: Connection timeout to host https://discord.com/api/v9/unique-username/username-attempt-unauthed
2026-09-01 18:28:11	NETWORK	fxko	attempt=1	proxy=http://wiw4v7duaymysz9-session-67c6fb203c94-lifetime-10:***@rp.scrapegw.com:6060	ConnectionTimeoutError: Connection timeout to host https://discord.com/api/v9/unique-username/username-attempt-unauthed
2026-09-01 18:28:11	NETWORK	fxik	attempt=1	proxy=http://wiw4v7duaymysz9-session-21a33d06b529-lifetime-10:***@rp.scrapegw.com:6060	ConnectionTimeoutError: Connection timeout to host https://discord.com/api/v9/unique-username/username-attempt-unauthed
2026-09-01 18:28:11	NETWORK	fxih	attempt=1	proxy=http://wiw4v7duaymysz9-session-b4d015200a3f-lifetime-10:***@rp.scrapegw.com:6060	ConnectionTimeoutError: Connection timeout to host https://discord.com/api/v9/unique-username/username-attempt-unauthed
2026-09-01 18:28:11	NETWORK	fxjl	attempt=1	proxy=http://wiw4v7duaymysz9-session-18260bf85463-lifetime-10:***@rp.scrapegw.com:6060	ConnectionTimeoutError: Connection timeout to host https://discord.com/api/v9/unique-username/username-attempt-unauthed
2026-09-01 18:28:11	NETWORK	fxfk	attempt=1	proxy=http://wiw4v7duaymysz9-session-672b5b2ba3ec-lifetime-10:***@rp.scrapegw.com:6060	ConnectionTimeoutError: Connection timeout to host https://discord.com/api/v9/unique-username/username-attempt-unauthed
2026-09-01 18:28:11	NETWORK	fxni	attempt=1	proxy=http://wiw4v7duaymysz9-session-ee19c530b4c2-lifetime-10:***@rp.scrapegw.com:6060	ConnectionTimeoutError: Connection timeout to host https://discord.com/api/v9/unique-username/username-attempt-unauthed
2026-09-01 18:28:11	NETWORK	fxif	attempt=1	proxy=http://wiw4v7duaymysz9-session-26b1f6af3583-lifetime-10:***@rp.scrapegw.com:6060	ConnectionTimeoutError: Connection timeout to host https://discord.com/api/v9/unique-username/username-attempt-unauthed
2026-09-01 18:28:11	NETWORK	fxly	attempt=1	proxy=http://wiw4v7duaymysz9-session-fbcccc82fab2-lifetime-10:***@rp.scrapegw.com:6060	ConnectionTimeoutError: Connection timeout to host https://discord.com/api/v9/unique-username/username-attempt-unauthed
2026-09-01 18:28:11	NETWORK	fxqh	attempt=1	proxy=http://wiw4v7duaymysz9-session-3d600f92122c-lifetime-10:***@rp.scrapegw.com:6060	ConnectionTimeoutError: Connection timeout to host https://discord.com/api/v9/unique-username/username-attempt-unauthed
2026-09-01 18:28:11	NETWORK	fxqo	attempt=1	proxy=http://wiw4v7duaymysz9-session-a6632560891e-lifetime-10:***@rp.scrapegw.com:6060	ConnectionTimeoutError: Connection timeout to host https://discord.com/api/v9/unique-username/username-attempt-unauthed
2026-09-01 18:28:11	NETWORK	fxeb	attempt=1	proxy=http://wiw4v7duaymysz9-session-3184d03f5d0d-lifetime-10:***@rp.scrapegw.com:6060	ConnectionTimeoutError: Connection timeout to host https://discord.com/api/v9/unique-username/username-attempt-unauthed
2026-09-01 18:28:11	NETWORK	fxns	attempt=1	proxy=http://wiw4v7duaymysz9-session-2fd46d5336a4-lifetime-10:***@rp.scrapegw.com:6060	ConnectionTimeoutError: Connection timeout to host https://discord.com/api/v9/unique-username/username-attempt-unauthed
2026-09-01 18:28:11	NETWORK	fxpy	attempt=1	proxy=http://wiw4v7duaymysz9-session-2c4b9ae70d8d-lifetime-10:***@rp.scrapegw.com:6060	ConnectionTimeoutError: Connection timeout to host https://discord.com/api/v9/unique-username/username-attempt-unauthed
2026-09-01 18:28:11	NETWORK	fxno	attempt=1	proxy=http://wiw4v7duaymysz9-session-52003ac92f81-lifetime-10:***@rp.scrapegw.com:6060	ConnectionTimeoutError: Connection timeout to host https://discord.com/api/v9/unique-username/username-attempt-unauthed
2026-09-01 18:28:11	NETWORK	fxqe	attempt=1	proxy=http://wiw4v7duaymysz9-session-15b6199b0f89-lifetime-10:***@rp.scrapegw.com:6060	ConnectionTimeoutError: Connection timeout to host https://discord.com/api/v9/unique-username/username-attempt-unauthed
2026-09-01 18:28:11	NETWORK	fxog	attempt=1	proxy=http://wiw4v7duaymysz9-session-4ff34183c04c-lifetime-10:***@rp.scrapegw.com:6060	ConnectionTimeoutError: Connection timeout to host https://discord.com/api/v9/unique-username/username-attempt-unauthed
2026-09-01 18:28:11	NETWORK	fxmp	attempt=1	proxy=http://wiw4v7duaymysz9-session-d4abda95132d-lifetime-10:***@rp.scrapegw.com:6060	ConnectionTimeoutError: Connection timeout to host https://discord.com/api/v9/unique-username/username-attempt-unauthed
2026-09-01 18:28:11	NETWORK	fxny	attempt=1	proxy=http://wiw4v7duaymysz9-session-701dcd243f2f-lifetime-10:***@rp.scrapegw.com:6060	ConnectionTimeoutError: Connection timeout to host https://discord.com/api/v9/unique-username/username-attempt-unauthed
2026-09-01 18:28:11	NETWORK	fxln	attempt=1	proxy=http://wiw4v7duaymysz9-session-5e84c15f2bb3-lifetime-10:***@rp.scrapegw.com:6060	ConnectionTimeoutError: Connection timeout to host https://discord.com/api/v9/unique-username/username-attempt-unauthed
2026-09-01 18:28:11	NETWORK	fxjv	attempt=1	proxy=http://wiw4v7duaymysz9-session-0060cce455ea-lifetime-10:***@rp.scrapegw.com:6060	ConnectionTimeoutError: Connection timeout to host https://discord.com/api/v9/unique-username/username-attempt-unauthed
2026-09-01 18:28:11	NETWORK	fxkk	attempt=1	proxy=http://wiw4v7duaymysz9-session-c9488cb75f47-lifetime-10:***@rp.scrapegw.com:6060	ConnectionTimeoutError: Connection timeout to host https://discord.com/api/v9/unique-username/username-attempt-unauthed
2026-09-01 18:28:11	NETWORK	fxkq	attempt=1	proxy=http://wiw4v7duaymysz9-session-b88c644ebaa4-lifetime-10:***@rp.scrapegw.com:6060	ConnectionTimeoutError: Connection timeout to host https://discord.com/api/v9/unique-username/username-attempt-unauthed
2026-09-01 18:28:11	NETWORK	fxke	attempt=1	proxy=http://wiw4v7duaymysz9-session-3dfb5d9df5aa-lifetime-10:***@rp.scrapegw.com:6060	ConnectionTimeoutError: Connection timeout to host https://discord.com/api/v9/unique-username/username-attempt-unauthed
2026-09-01 18:28:11	NETWORK	fxjx	attempt=1	proxy=http://wiw4v7duaymysz9-session-988e907c9836-lifetime-10:***@rp.scrapegw.com:6060	ConnectionTimeoutError: Connection timeout to host https://discord.com/api/v9/unique-username/username-attempt-unauthed
2026-09-01 18:28:11	NETWORK	fxjw	attempt=1	proxy=http://wiw4v7duaymysz9-session-b7d4bea0a198-lifetime-10:***@rp.scrapegw.com:6060	ConnectionTimeoutError: Connection timeout to host https://discord.com/api/v9/unique-username/username-attempt-unauthed
2026-09-01 18:28:11	NETWORK	fxct	attempt=1	proxy=http://wiw4v7duaymysz9-session-24044186ecc3-lifetime-10:***@rp.scrapegw.com:6060	ConnectionTimeoutError: Connection timeout to host https://discord.com/api/v9/unique-username/username-attempt-unauthed
2026-09-01 18:28:11	NETWORK	fxhj	attempt=1	proxy=http://wiw4v7duaymysz9-session-fc1bafddc2eb-lifetime-10:***@rp.scrapegw.com:6060	ConnectionTimeoutError: Connection timeout to host https://discord.com/api/v9/unique-username/username-attempt-unauthed
2026-09-01 18:28:11	NETWORK	fxhc	attempt=1	proxy=http://wiw4v7duaymysz9-session-0808775377dc-lifetime-10:***@rp.scrapegw.com:6060	ConnectionTimeoutError: Connection timeout to host https://discord.com/api/v9/unique-username/username-attempt-unauthed
2026-09-01 18:28:11	NETWORK	fxiz	attempt=1	proxy=http://wiw4v7duaymysz9-session-69cae632dc4e-lifetime-10:***@rp.scrapegw.com:6060	ConnectionTimeoutError: Connection timeout to host https://discord.com/api/v9/unique-username/username-attempt-unauthed
2026-09-01 18:28:11	NETWORK	fxgi	attempt=1	proxy=http://wiw4v7duaymysz9-session-aa5a3f843d51-lifetime-10:***@rp.scrapegw.com:6060	ConnectionTimeoutError: Connection timeout to host https://discord.com/api/v9/unique-username/username-attempt-unauthed
2026-09-01 18:28:11	NETWORK	fxrm	attempt=1	proxy=http://wiw4v7duaymysz9-session-61f511effeec-lifetime-10:***@rp.scrapegw.com:6060	ConnectionTimeoutError: Connection timeout to host https://discord.com/api/v9/unique-username/username-attempt-unauthed
2026-09-01 18:28:11	HTTP_429	gbye	attempt=1	proxy=http://wiw4v7duaymysz9-session-91d2642c2438-lifetime-10:***@rp.scrapegw.com:6060	scope=shared global=False retry_after=2064.00s
2026-09-01 18:28:11	HTTP_429	gbxg	attempt=1	proxy=http://wiw4v7duaymysz9-session-b80f99dced3d-lifetime-10:***@rp.scrapegw.com:6060	scope=shared global=False retry_after=2064.00s
2026-09-01 18:28:11	HTTP_429	gbzi	attempt=1	proxy=http://wiw4v7duaymysz9-session-0402ef9345ef-lifetime-10:***@rp.scrapegw.com:6060	scope=shared global=False retry_after=2070.00s
2026-09-01 18:28:11	NETWORK	fyfd	attempt=1	proxy=http://wiw4v7duaymysz9-session-f6b52c9bcf19-lifetime-10:***@rp.scrapegw.com:6060	ClientConnectorError: Cannot connect to host discord.com:443 ssl:default [Connection reset by peer]
2026-09-01 18:28:11	NETWORK	fykc	attempt=1	proxy=http://wiw4v7duaymysz9-session-e0e50773563f-lifetime-10:***@rp.scrapegw.com:6060	ClientConnectorError: Cannot connect to host discord.com:443 ssl:default [Connection reset by peer]
2026-09-01 18:28:11	HTTP_429	gcdg	attempt=1	proxy=http://wiw4v7duaymysz9-session-bb2362bf43f4-lifetime-10:***@rp.scrapegw.com:6060	scope=shared global=False retry_after=1014.00s
2026-09-01 18:28:12	NETWORK	fzlz	attempt=1	proxy=http://wiw4v7duaymysz9-session-7833d8fe3408-lifetime-10:***@rp.scrapegw.com:6060	ClientConnectorError: Cannot connect to host discord.com:443 ssl:default [Connection reset by peer]
2026-09-01 18:28:12	NETWORK	fwew	attempt=1	proxy=http://wiw4v7duaymysz9-session-32c52156d51c-lifetime-10:***@rp.scrapegw.com:6060	ServerDisconnectedError: Server disconnected
2026-09-01 18:28:12	NETWORK	fwfu	attempt=1	proxy=http://wiw4v7duaymysz9-session-93aa6c638f2c-lifetime-10:***@rp.scrapegw.com:6060	ServerDisconnectedError: Server disconnected
2026-09-01 18:28:12	HTTP_429	gcch	attempt=1	proxy=http://wiw4v7duaymysz9-session-a29f7d2af567-lifetime-10:***@rp.scrapegw.com:6060	scope=shared global=False retry_after=2069.00s
2026-09-01 18:28:12	HTTP_429	gcau	attempt=1	proxy=http://wiw4v7duaymysz9-session-a97235914208-lifetime-10:***@rp.scrapegw.com:6060	scope=shared global=False retry_after=2064.00s
2026-09-01 18:28:12	NETWORK	fzej	attempt=1	proxy=http://wiw4v7duaymysz9-session-9c5ba3cf14f4-lifetime-10:***@rp.scrapegw.com:6060	ClientConnectorError: Cannot connect to host discord.com:443 ssl:default [Connection reset by peer]
2026-09-01 18:28:12	NETWORK	fyzn	attempt=1	proxy=http://wiw4v7duaymysz9-session-92e67590705a-lifetime-10:***@rp.scrapegw.com:6060	ClientConnectorError: Cannot connect to host discord.com:443 ssl:default [Connection reset by peer]
2026-09-01 18:28:12	HTTP_429	gcfj	attempt=1	proxy=http://wiw4v7duaymysz9-session-1c4e529ccf7f-lifetime-10:***@rp.scrapegw.com:6060	scope=shared global=False retry_after=2064.00s
2026-09-01 18:28:12	NETWORK	fybv	attempt=1	proxy=http://wiw4v7duaymysz9-session-1b6f2309f280-lifetime-10:***@rp.scrapegw.com:6060	ConnectionTimeoutError: Connection timeout to host https://discord.com/api/v9/unique-username/username-attempt-unauthed
2026-09-01 18:28:12	NETWORK	fxxx	attempt=1	proxy=http://wiw4v7duaymysz9-session-aa041ebff68d-lifetime-10:***@rp.scrapegw.com:6060	ConnectionTimeoutError: Connection timeout to host https://discord.com/api/v9/unique-username/username-attempt-unauthed
2026-09-01 18:28:12	NETWORK	fxtf	attempt=1	proxy=http://wiw4v7duaymysz9-session-879bd44a4b2e-lifetime-10:***@rp.scrapegw.com:6060	ConnectionTimeoutError: Connection timeout to host https://discord.com/api/v9/unique-username/username-attempt-unauthed
2026-09-01 18:28:12	NETWORK	fxsz	attempt=1	proxy=http://wiw4v7duaymysz9-session-e677b73050e6-lifetime-10:***@rp.scrapegw.com:6060	ConnectionTimeoutError: Connection timeout to host https://discord.com/api/v9/unique-username/username-attempt-unauthed
2026-09-01 18:28:12	NETWORK	fxsp	attempt=1	proxy=http://wiw4v7duaymysz9-session-f6715350a3aa-lifetime-10:***@rp.scrapegw.com:6060	ConnectionTimeoutError: Connection timeout to host https://discord.com/api/v9/unique-username/username-attempt-unauthed
2026-09-01 18:28:12	NETWORK	fxum	attempt=1	proxy=http://wiw4v7duaymysz9-session-937657ab37d3-lifetime-10:***@rp.scrapegw.com:6060	ConnectionTimeoutError: Connection timeout to host https://discord.com/api/v9/unique-username/username-attempt-unauthed
2026-09-01 18:28:12	NETWORK	fxsj	attempt=1	proxy=http://wiw4v7duaymysz9-session-7f25829fe79a-lifetime-10:***@rp.scrapegw.com:6060	ConnectionTimeoutError: Connection timeout to host https://discord.com/api/v9/unique-username/username-attempt-unauthed
2026-09-01 18:28:12	NETWORK	fybi	attempt=1	proxy=http://wiw4v7duaymysz9-session-5a4538ca70cb-lifetime-10:***@rp.scrapegw.com:6060	ConnectionTimeoutError: Connection timeout to host https://discord.com/api/v9/unique-username/username-attempt-unauthed
2026-09-01 18:28:12	NETWORK	fycc	attempt=1	proxy=http://wiw4v7duaymysz9-session-d14be5296878-lifetime-10:***@rp.scrapegw.com:6060	ConnectionTimeoutError: Connection timeout to host https://discord.com/api/v9/unique-username/username-attempt-unauthed
2026-09-01 18:28:12	NETWORK	fybt	attempt=1	proxy=http://wiw4v7duaymysz9-session-0fea43b64623-lifetime-10:***@rp.scrapegw.com:6060	ConnectionTimeoutError: Connection timeout to host https://discord.com/api/v9/unique-username/username-attempt-unauthed
2026-09-01 18:28:12	NETWORK	fxzu	attempt=1	proxy=http://wiw4v7duaymysz9-session-699e38ac2c9e-lifetime-10:***@rp.scrapegw.com:6060	ConnectionTimeoutError: Connection timeout to host https://discord.com/api/v9/unique-username/username-attempt-unauthed
2026-09-01 18:28:12	NETWORK	fxxz	attempt=1	proxy=http://wiw4v7duaymysz9-session-d48f81d33517-lifetime-10:***@rp.scrapegw.com:6060	ConnectionTimeoutError: Connection timeout to host https://discord.com/api/v9/unique-username/username-attempt-unauthed
2026-09-01 18:28:12	NETWORK	fxyu	attempt=1	proxy=http://wiw4v7duaymysz9-session-b11e40e71f95-lifetime-10:***@rp.scrapegw.com:6060	ConnectionTimeoutError: Connection timeout to host https://discord.com/api/v9/unique-username/username-attempt-unauthed
2026-09-01 18:28:12	NETWORK	fxty	attempt=1	proxy=http://wiw4v7duaymysz9-session-d0ec520fe25b-lifetime-10:***@rp.scrapegw.com:6060	ConnectionTimeoutError: Connection timeout to host https://discord.com/api/v9/unique-username/username-attempt-unauthed
2026-09-01 18:28:12	NETWORK	fxwi	attempt=1	proxy=http://wiw4v7duaymysz9-session-aa9cc1aa2573-lifetime-10:***@rp.scrapegw.com:6060	ConnectionTimeoutError: Connection timeout to host https://discord.com/api/v9/unique-username/username-attempt-unauthed
2026-09-01 18:28:12	NETWORK	fxti	attempt=1	proxy=http://wiw4v7duaymysz9-session-83c25bfde7ea-lifetime-10:***@rp.scrapegw.com:6060	ConnectionTimeoutError: Connection timeout to host https://discord.com/api/v9/unique-username/username-attempt-unauthed
2026-09-01 18:28:12	NETWORK	fxwa	attempt=1	proxy=http://wiw4v7duaymysz9-session-a1947d8c7b48-lifetime-10:***@rp.scrapegw.com:6060	ConnectionTimeoutError: Connection timeout to host https://discord.com/api/v9/unique-username/username-attempt-unauthed
2026-09-01 18:28:12	NETWORK	fxyi	attempt=1	proxy=http://wiw4v7duaymysz9-session-25e8e275c110-lifetime-10:***@rp.scrapegw.com:6060	ConnectionTimeoutError: Connection timeout to host https://discord.com/api/v9/unique-username/username-attempt-unauthed
2026-09-01 18:28:12	NETWORK	fxsh	attempt=1	proxy=http://wiw4v7duaymysz9-session-de983d66b622-lifetime-10:***@rp.scrapegw.com:6060	ConnectionTimeoutError: Connection timeout to host https://discord.com/api/v9/unique-username/username-attempt-unauthed
2026-09-01 18:28:12	NETWORK	fxuw	attempt=1	proxy=http://wiw4v7duaymysz9-session-53355c647e38-lifetime-10:***@rp.scrapegw.com:6060	ConnectionTimeoutError: Connection timeout to host https://discord.com/api/v9/unique-username/username-attempt-unauthed
2026-09-01 18:28:12	NETWORK	fydp	attempt=1	proxy=http://wiw4v7duaymysz9-session-2296e3c2efd2-lifetime-10:***@rp.scrapegw.com:6060	ConnectionTimeoutError: Connection timeout to host https://discord.com/api/v9/unique-username/username-attempt-unauthed
2026-09-01 18:28:12	NETWORK	fxub	attempt=1	proxy=http://wiw4v7duaymysz9-session-91f8aa907df7-lifetime-10:***@rp.scrapegw.com:6060	ConnectionTimeoutError: Connection timeout to host https://discord.com/api/v9/unique-username/username-attempt-unauthed
2026-09-01 18:28:12	NETWORK	fxyp	attempt=1	proxy=http://wiw4v7duaymysz9-session-5e642cc60ffc-lifetime-10:***@rp.scrapegw.com:6060	ConnectionTimeoutError: Connection timeout to host https://discord.com/api/v9/unique-username/username-attempt-unauthed
2026-09-01 18:28:12	NETWORK	fxzt	attempt=1	proxy=http://wiw4v7duaymysz9-session-4eff675cb02f-lifetime-10:***@rp.scrapegw.com:6060	ConnectionTimeoutError: Connection timeout to host https://discord.com/api/v9/unique-username/username-attempt-unauthed
2026-09-01 18:28:12	NETWORK	fxzr	attempt=1	proxy=http://wiw4v7duaymysz9-session-9d96c4dacd7a-lifetime-10:***@rp.scrapegw.com:6060	ConnectionTimeoutError: Connection timeout to host https://discord.com/api/v9/unique-username/username-attempt-unauthed
2026-09-01 18:28:12	NETWORK	fxyj	attempt=1	proxy=http://wiw4v7duaymysz9-session-65c854105f0b-lifetime-10:***@rp.scrapegw.com:6060	ConnectionTimeoutError: Connection timeout to host https://discord.com/api/v9/unique-username/username-attempt-unauthed
2026-09-01 18:28:12	NETWORK	fxyh	attempt=1	proxy=http://wiw4v7duaymysz9-session-e1a6c4569e99-lifetime-10:***@rp.scrapegw.com:6060	ConnectionTimeoutError: Connection timeout to host https://discord.com/api/v9/unique-username/username-attempt-unauthed
2026-09-01 18:28:12	NETWORK	fxyn	attempt=1	proxy=http://wiw4v7duaymysz9-session-e115a7b0f795-lifetime-10:***@rp.scrapegw.com:6060	ConnectionTimeoutError: Connection timeout to host https://discord.com/api/v9/unique-username/username-attempt-unauthed
2026-09-01 18:28:12	NETWORK	fxxv	attempt=1	proxy=http://wiw4v7duaymysz9-session-4bcbb000f432-lifetime-10:***@rp.scrapegw.com:6060	ConnectionTimeoutError: Connection timeout to host https://discord.com/api/v9/unique-username/username-attempt-unauthed
2026-09-01 18:28:12	NETWORK	fxur	attempt=1	proxy=http://wiw4v7duaymysz9-session-92ec8e07eacb-lifetime-10:***@rp.scrapegw.com:6060	ConnectionTimeoutError: Connection timeout to host https://discord.com/api/v9/unique-username/username-attempt-unauthed
2026-09-01 18:28:12	NETWORK	fzsv	attempt=1	proxy=http://wiw4v7duaymysz9-session-bdf4754a9d16-lifetime-10:***@rp.scrapegw.com:6060	ClientConnectorError: Cannot connect to host discord.com:443 ssl:default [Connection reset by peer]
2026-09-01 18:28:12	HTTP_429	gchy	attempt=1	proxy=http://wiw4v7duaymysz9-session-5506d103ac55-lifetime-10:***@rp.scrapegw.com:6060	scope=shared global=False retry_after=2063.00s
2026-09-01 18:28:12	HTTP_429	gckm	attempt=1	proxy=http://wiw4v7duaymysz9-session-a7d947836fe1-lifetime-10:***@rp.scrapegw.com:6060	scope=shared global=False retry_after=2066.00s
2026-09-01 18:28:13	HTTP_429	gciy	attempt=1	proxy=http://wiw4v7duaymysz9-session-4c3e5a918702-lifetime-10:***@rp.scrapegw.com:6060	scope=shared global=False retry_after=2062.00s
2026-09-01 18:28:13	HTTP_429	gcki	attempt=1	proxy=http://wiw4v7duaymysz9-session-6e48f5d1f406-lifetime-10:***@rp.scrapegw.com:6060	scope=shared global=False retry_after=2063.00s
2026-09-01 18:28:13	NETWORK	gbbe	attempt=1	proxy=http://wiw4v7duaymysz9-session-696852bf23d9-lifetime-10:***@rp.scrapegw.com:6060	ClientConnectorError: Cannot connect to host discord.com:443 ssl:default [Connection reset by peer]
2026-09-01 18:28:13	HTTP_429	gcmd	attempt=1	proxy=http://wiw4v7duaymysz9-session-f546a03bfd4e-lifetime-10:***@rp.scrapegw.com:6060	scope=shared global=False retry_after=2068.00s
2026-09-01 18:28:13	HTTP_429	gcly	attempt=1	proxy=http://wiw4v7duaymysz9-session-2b36defc4037-lifetime-10:***@rp.scrapegw.com:6060	scope=shared global=False retry_after=2073.00s
2026-09-01 18:28:13	HTTP_429	gcjp	attempt=1	proxy=http://wiw4v7duaymysz9-session-4680b36b4349-lifetime-10:***@rp.scrapegw.com:6060	scope=shared global=False retry_after=2063.00s
2026-09-01 18:28:13	HTTP_429	fyfk	attempt=1	proxy=http://wiw4v7duaymysz9-session-06ca898c4e7c-lifetime-10:***@rp.scrapegw.com:6060	scope=shared global=False retry_after=594.00s
2026-09-01 18:28:13	NETWORK	fzfk	attempt=1	proxy=http://wiw4v7duaymysz9-session-7d5fe49cff4e-lifetime-10:***@rp.scrapegw.com:6060	ClientConnectorError: Cannot connect to host discord.com:443 ssl:default [Connection reset by peer]
2026-09-01 18:28:13	HTTP_429	gcpb	attempt=1	proxy=http://wiw4v7duaymysz9-session-0dd5232b2e68-lifetime-10:***@rp.scrapegw.com:6060	scope=shared global=False retry_after=2069.00s
2026-09-01 18:28:13	NETWORK	fyhv	attempt=1	proxy=http://wiw4v7duaymysz9-session-c6db9dff64aa-lifetime-10:***@rp.scrapegw.com:6060	ConnectionTimeoutError: Connection timeout to host https://discord.com/api/v9/unique-username/username-attempt-unauthed
2026-09-01 18:28:13	NETWORK	fyhg	attempt=1	proxy=http://wiw4v7duaymysz9-session-025e57b3f6a7-lifetime-10:***@rp.scrapegw.com:6060	ConnectionTimeoutError: Connection timeout to host https://discord.com/api/v9/unique-username/username-attempt-unauthed
2026-09-01 18:28:13	NETWORK	fygt	attempt=1	proxy=http://wiw4v7duaymysz9-session-aa0a6fc605fa-lifetime-10:***@rp.scrapegw.com:6060	ConnectionTimeoutError: Connection timeout to host https://discord.com/api/v9/unique-username/username-attempt-unauthed
2026-09-01 18:28:13	NETWORK	fyqv	attempt=1	proxy=http://wiw4v7duaymysz9-session-33c290a2f437-lifetime-10:***@rp.scrapegw.com:6060	ConnectionTimeoutError: Connection timeout to host https://discord.com/api/v9/unique-username/username-attempt-unauthed
2026-09-01 18:28:13	NETWORK	fypz	attempt=1	proxy=http://wiw4v7duaymysz9-session-ba142a05b381-lifetime-10:***@rp.scrapegw.com:6060	ConnectionTimeoutError: Connection timeout to host https://discord.com/api/v9/unique-username/username-attempt-unauthed
2026-09-01 18:28:13	NETWORK	fypb	attempt=1	proxy=http://wiw4v7duaymysz9-session-19078a1dab19-lifetime-10:***@rp.scrapegw.com:6060	ConnectionTimeoutError: Connection timeout to host https://discord.com/api/v9/unique-username/username-attempt-unauthed
2026-09-01 18:28:13	NETWORK	fypd	attempt=1	proxy=http://wiw4v7duaymysz9-session-1502d8278a4a-lifetime-10:***@rp.scrapegw.com:6060	ConnectionTimeoutError: Connection timeout to host https://discord.com/api/v9/unique-username/username-attempt-unauthed
2026-09-01 18:28:13	NETWORK	fynk	attempt=1	proxy=http://wiw4v7duaymysz9-session-93aa6c638f2c-lifetime-10:***@rp.scrapegw.com:6060	ConnectionTimeoutError: Connection timeout to host https://discord.com/api/v9/unique-username/username-attempt-unauthed
2026-09-01 18:28:13	NETWORK	fymz	attempt=1	proxy=http://wiw4v7duaymysz9-session-e4a9b1fbf5f7-lifetime-10:***@rp.scrapegw.com:6060	ConnectionTimeoutError: Connection timeout to host https://discord.com/api/v9/unique-username/username-attempt-unauthed
2026-09-01 18:28:13	NETWORK	fyju	attempt=1	proxy=http://wiw4v7duaymysz9-session-b0d8c28a404e-lifetime-10:***@rp.scrapegw.com:6060	ConnectionTimeoutError: Connection timeout to host https://discord.com/api/v9/unique-username/username-attempt-unauthed
2026-09-01 18:28:13	NETWORK	fyld	attempt=1	proxy=http://wiw4v7duaymysz9-session-e6383f19189f-lifetime-10:***@rp.scrapegw.com:6060	ConnectionTimeoutError: Connection timeout to host https://discord.com/api/v9/unique-username/username-attempt-unauthed
2026-09-01 18:28:13	NETWORK	fyji	attempt=1	proxy=http://wiw4v7duaymysz9-session-42e5f7c18ed9-lifetime-10:***@rp.scrapegw.com:6060	ConnectionTimeoutError: Connection timeout to host https://discord.com/api/v9/unique-username/username-attempt-unauthed
2026-09-01 18:28:13	NETWORK	fykq	attempt=1	proxy=http://wiw4v7duaymysz9-session-a9a8dfa11825-lifetime-10:***@rp.scrapegw.com:6060	ConnectionTimeoutError: Connection timeout to host https://discord.com/api/v9/unique-username/username-attempt-unauthed
2026-09-01 18:28:13	NETWORK	fyfe	attempt=1	proxy=http://wiw4v7duaymysz9-session-566a17ded07f-lifetime-10:***@rp.scrapegw.com:6060	ConnectionTimeoutError: Connection timeout to host https://discord.com/api/v9/unique-username/username-attempt-unauthed
2026-09-01 18:28:13	NETWORK	fykr	attempt=1	proxy=http://wiw4v7duaymysz9-session-c494991bb794-lifetime-10:***@rp.scrapegw.com:6060	ConnectionTimeoutError: Connection timeout to host https://discord.com/api/v9/unique-username/username-attempt-unauthed
2026-09-01 18:28:13	NETWORK	fyhb	attempt=1	proxy=http://wiw4v7duaymysz9-session-713bbdbf5b55-lifetime-10:***@rp.scrapegw.com:6060	ConnectionTimeoutError: Connection timeout to host https://discord.com/api/v9/unique-username/username-attempt-unauthed
2026-09-01 18:28:13	NETWORK	fyez	attempt=1	proxy=http://wiw4v7duaymysz9-session-a4dd7f1caf45-lifetime-10:***@rp.scrapegw.com:6060	ConnectionTimeoutError: Connection timeout to host https://discord.com/api/v9/unique-username/username-attempt-unauthed
2026-09-01 18:28:13	NETWORK	fygh	attempt=1	proxy=http://wiw4v7duaymysz9-session-bd45ce2ed1fa-lifetime-10:***@rp.scrapegw.com:6060	ConnectionTimeoutError: Connection timeout to host https://discord.com/api/v9/unique-username/username-attempt-unauthed
2026-09-01 18:28:13	NETWORK	fygx	attempt=1	proxy=http://wiw4v7duaymysz9-session-157bcdd9111f-lifetime-10:***@rp.scrapegw.com:6060	ConnectionTimeoutError: Connection timeout to host https://discord.com/api/v9/unique-username/username-attempt-unauthed
2026-09-01 18:28:13	NETWORK	fyri	attempt=1	proxy=http://wiw4v7duaymysz9-session-cf6c29056b3e-lifetime-10:***@rp.scrapegw.com:6060	ConnectionTimeoutError: Connection timeout to host https://discord.com/api/v9/unique-username/username-attempt-unauthed
2026-09-01 18:28:13	NETWORK	fyhk	attempt=1	proxy=http://wiw4v7duaymysz9-session-7c74e8790ec1-lifetime-10:***@rp.scrapegw.com:6060	ConnectionTimeoutError: Connection timeout to host https://discord.com/api/v9/unique-username/username-attempt-unauthed
2026-09-01 18:28:13	NETWORK	fyjv	attempt=1	proxy=http://wiw4v7duaymysz9-session-a0142fdd0eb2-lifetime-10:***@rp.scrapegw.com:6060	ConnectionTimeoutError: Connection timeout to host https://discord.com/api/v9/unique-username/username-attempt-unauthed
2026-09-01 18:28:13	NETWORK	fylh	attempt=1	proxy=http://wiw4v7duaymysz9-session-1b02dac64009-lifetime-10:***@rp.scrapegw.com:6060	ConnectionTimeoutError: Connection timeout to host https://discord.com/api/v9/unique-username/username-attempt-unauthed
2026-09-01 18:28:13	NETWORK	fyrs	attempt=1	proxy=http://wiw4v7duaymysz9-session-1a5b98ffdb26-lifetime-10:***@rp.scrapegw.com:6060	ConnectionTimeoutError: Connection timeout to host https://discord.com/api/v9/unique-username/username-attempt-unauthed
2026-09-01 18:28:13	NETWORK	fygn	attempt=1	proxy=http://wiw4v7duaymysz9-session-30ebf184a879-lifetime-10:***@rp.scrapegw.com:6060	ConnectionTimeoutError: Connection timeout to host https://discord.com/api/v9/unique-username/username-attempt-unauthed
2026-09-01 18:28:13	NETWORK	fyfj	attempt=1	proxy=http://wiw4v7duaymysz9-session-cfea5d8c1fb6-lifetime-10:***@rp.scrapegw.com:6060	ConnectionTimeoutError: Connection timeout to host https://discord.com/api/v9/unique-username/username-attempt-unauthed
2026-09-01 18:28:13	NETWORK	fyrb	attempt=1	proxy=http://wiw4v7duaymysz9-session-90a746cd6182-lifetime-10:***@rp.scrapegw.com:6060	ConnectionTimeoutError: Connection timeout to host https://discord.com/api/v9/unique-username/username-attempt-unauthed
2026-09-01 18:28:13	NETWORK	fyos	attempt=1	proxy=http://wiw4v7duaymysz9-session-805cb1c2c855-lifetime-10:***@rp.scrapegw.com:6060	ConnectionTimeoutError: Connection timeout to host https://discord.com/api/v9/unique-username/username-attempt-unauthed
2026-09-01 18:28:13	NETWORK	fyoq	attempt=1	proxy=http://wiw4v7duaymysz9-session-00426828a3fb-lifetime-10:***@rp.scrapegw.com:6060	ConnectionTimeoutError: Connection timeout to host https://discord.com/api/v9/unique-username/username-attempt-unauthed
2026-09-01 18:28:13	NETWORK	fypu	attempt=1	proxy=http://wiw4v7duaymysz9-session-8373edfb575f-lifetime-10:***@rp.scrapegw.com:6060	ConnectionTimeoutError: Connection timeout to host https://discord.com/api/v9/unique-username/username-attempt-unauthed
2026-09-01 18:28:13	NETWORK	fyil	attempt=1	proxy=http://wiw4v7duaymysz9-session-a3dec87091f3-lifetime-10:***@rp.scrapegw.com:6060	ConnectionTimeoutError: Connection timeout to host https://discord.com/api/v9/unique-username/username-attempt-unauthed
2026-09-01 18:28:13	NETWORK	fyih	attempt=1	proxy=http://wiw4v7duaymysz9-session-ab0e5583767d-lifetime-10:***@rp.scrapegw.com:6060	ConnectionTimeoutError: Connection timeout to host https://discord.com/api/v9/unique-username/username-attempt-unauthed
2026-09-01 18:28:13	HTTP_429	gcpm	attempt=1	proxy=http://wiw4v7duaymysz9-session-e850e62c6696-lifetime-10:***@rp.scrapegw.com:6060	scope=shared global=False retry_after=149.00s
2026-09-01 18:28:13	HTTP_429	gcoq	attempt=1	proxy=http://wiw4v7duaymysz9-session-9be75a9758d1-lifetime-10:***@rp.scrapegw.com:6060	scope=shared global=False retry_after=2067.00s
2026-09-01 18:28:13	HTTP_429	gctc	attempt=1	proxy=http://wiw4v7duaymysz9-session-c10fb455f07a-lifetime-10:***@rp.scrapegw.com:6060	scope=shared global=False retry_after=2069.00s
2026-09-01 18:28:14	HTTP_429	gcpx	attempt=1	proxy=http://wiw4v7duaymysz9-session-849392575b19-lifetime-10:***@rp.scrapegw.com:6060	scope=shared global=False retry_after=2070.00s
2026-09-01 18:28:14	NETWORK	gbgo	attempt=1	proxy=http://wiw4v7duaymysz9-session-9771282eb7f0-lifetime-10:***@rp.scrapegw.com:6060	ClientConnectorError: Cannot connect to host discord.com:443 ssl:default [Connection reset by peer]
2026-09-01 18:28:14	NETWORK	fxfl	attempt=1	proxy=http://wiw4v7duaymysz9-session-1b31432036d2-lifetime-10:***@rp.scrapegw.com:6060	ServerDisconnectedError: Server disconnected
2026-09-01 18:28:14	HTTP_429	gcuq	attempt=1	proxy=http://wiw4v7duaymysz9-session-e8916d5833bf-lifetime-10:***@rp.scrapegw.com:6060	scope=shared global=False retry_after=2073.00s
2026-09-01 18:28:14	HTTP_429	gcsv	attempt=1	proxy=http://wiw4v7duaymysz9-session-037bc572ade5-lifetime-10:***@rp.scrapegw.com:6060	scope=shared global=False retry_after=2070.00s
2026-09-01 18:28:14	HTTP_429	gcvf	attempt=1	proxy=http://wiw4v7duaymysz9-session-e2dce129fa89-lifetime-10:***@rp.scrapegw.com:6060	scope=shared global=False retry_after=180.00s
2026-09-01 18:28:14	NETWORK	fzjt	attempt=1	proxy=http://wiw4v7duaymysz9-session-24044186ecc3-lifetime-10:***@rp.scrapegw.com:6060	ClientConnectorError: Cannot connect to host discord.com:443 ssl:default [Connection reset by peer]
2026-09-01 18:28:14	HTTP_429	gcvh	attempt=1	proxy=http://wiw4v7duaymysz9-session-7915fc4b5b3a-lifetime-10:***@rp.scrapegw.com:6060	scope=shared global=False retry_after=2073.00s
2026-09-01 18:28:14	NETWORK	fzwv	attempt=1	proxy=http://wiw4v7duaymysz9-session-3d600f92122c-lifetime-10:***@rp.scrapegw.com:6060	ClientConnectorError: Cannot connect to host discord.com:443 ssl:default [Connection reset by peer]
2026-09-01 18:28:14	HTTP_429	gcva	attempt=1	proxy=http://wiw4v7duaymysz9-session-4bd148c9e013-lifetime-10:***@rp.scrapegw.com:6060	scope=shared global=False retry_after=2064.00s
2026-09-01 18:28:14	NETWORK	fzcj	attempt=1	proxy=http://wiw4v7duaymysz9-session-bce933f3cad8-lifetime-10:***@rp.scrapegw.com:6060	ConnectionTimeoutError: Connection timeout to host https://discord.com/api/v9/unique-username/username-attempt-unauthed
2026-09-01 18:28:14	NETWORK	fzaj	attempt=1	proxy=http://wiw4v7duaymysz9-session-109dc3d869b8-lifetime-10:***@rp.scrapegw.com:6060	ConnectionTimeoutError: Connection timeout to host https://discord.com/api/v9/unique-username/username-attempt-unauthed
2026-09-01 18:28:14	NETWORK	fzba	attempt=1	proxy=http://wiw4v7duaymysz9-session-141dd8bdc0f8-lifetime-10:***@rp.scrapegw.com:6060	ConnectionTimeoutError: Connection timeout to host https://discord.com/api/v9/unique-username/username-attempt-unauthed
2026-09-01 18:28:14	NETWORK	fyzy	attempt=1	proxy=http://wiw4v7duaymysz9-session-56e2f3014d38-lifetime-10:***@rp.scrapegw.com:6060	ConnectionTimeoutError: Connection timeout to host https://discord.com/api/v9/unique-username/username-attempt-unauthed
2026-09-01 18:28:14	NETWORK	fzbd	attempt=1	proxy=http://wiw4v7duaymysz9-session-0f2969c88804-lifetime-10:***@rp.scrapegw.com:6060	ConnectionTimeoutError: Connection timeout to host https://discord.com/api/v9/unique-username/username-attempt-unauthed
2026-09-01 18:28:14	NETWORK	fyxz	attempt=1	proxy=http://wiw4v7duaymysz9-session-fe76a7dc4d85-lifetime-10:***@rp.scrapegw.com:6060	ConnectionTimeoutError: Connection timeout to host https://discord.com/api/v9/unique-username/username-attempt-unauthed
2026-09-01 18:28:14	NETWORK	fyxq	attempt=1	proxy=http://wiw4v7duaymysz9-session-4fe6a8ccd0cb-lifetime-10:***@rp.scrapegw.com:6060	ConnectionTimeoutError: Connection timeout to host https://discord.com/api/v9/unique-username/username-attempt-unauthed
2026-09-01 18:28:14	NETWORK	fyxn	attempt=1	proxy=http://wiw4v7duaymysz9-session-5b2d6f4b61f7-lifetime-10:***@rp.scrapegw.com:6060	ConnectionTimeoutError: Connection timeout to host https://discord.com/api/v9/unique-username/username-attempt-unauthed
2026-09-01 18:28:14	NETWORK	fyxg	attempt=1	proxy=http://wiw4v7duaymysz9-session-54451d162d17-lifetime-10:***@rp.scrapegw.com:6060	ConnectionTimeoutError: Connection timeout to host https://discord.com/api/v9/unique-username/username-attempt-unauthed
2026-09-01 18:28:14	NETWORK	fytv	attempt=1	proxy=http://wiw4v7duaymysz9-session-4ebda00d6552-lifetime-10:***@rp.scrapegw.com:6060	ConnectionTimeoutError: Connection timeout to host https://discord.com/api/v9/unique-username/username-attempt-unauthed
2026-09-01 18:28:14	NETWORK	fyva	attempt=1	proxy=http://wiw4v7duaymysz9-session-6f880d23d305-lifetime-10:***@rp.scrapegw.com:6060	ConnectionTimeoutError: Connection timeout to host https://discord.com/api/v9/unique-username/username-attempt-unauthed
2026-09-01 18:28:14	NETWORK	fywq	attempt=1	proxy=http://wiw4v7duaymysz9-session-0b781477c4b9-lifetime-10:***@rp.scrapegw.com:6060	ConnectionTimeoutError: Connection timeout to host https://discord.com/api/v9/unique-username/username-attempt-unauthed
2026-09-01 18:28:14	NETWORK	fyux	attempt=1	proxy=http://wiw4v7duaymysz9-session-b07a0de35cfd-lifetime-10:***@rp.scrapegw.com:6060	ConnectionTimeoutError: Connection timeout to host https://discord.com/api/v9/unique-username/username-attempt-unauthed
2026-09-01 18:28:14	NETWORK	fysh	attempt=1	proxy=http://wiw4v7duaymysz9-session-205f9927e471-lifetime-10:***@rp.scrapegw.com:6060	ConnectionTimeoutError: Connection timeout to host https://discord.com/api/v9/unique-username/username-attempt-unauthed
2026-09-01 18:28:14	NETWORK	fyue	attempt=1	proxy=http://wiw4v7duaymysz9-session-e0878f55313b-lifetime-10:***@rp.scrapegw.com:6060	ConnectionTimeoutError: Connection timeout to host https://discord.com/api/v9/unique-username/username-attempt-unauthed
2026-09-01 18:28:14	NETWORK	fyzd	attempt=1	proxy=http://wiw4v7duaymysz9-session-8e2e6f166205-lifetime-10:***@rp.scrapegw.com:6060	ConnectionTimeoutError: Connection timeout to host https://discord.com/api/v9/unique-username/username-attempt-unauthed
2026-09-01 18:28:14	NETWORK	fyub	attempt=1	proxy=http://wiw4v7duaymysz9-session-7b3383fdfb94-lifetime-10:***@rp.scrapegw.com:6060	ConnectionTimeoutError: Connection timeout to host https://discord.com/api/v9/unique-username/username-attempt-unauthed
2026-09-01 18:28:14	NETWORK	fzbb	attempt=1	proxy=http://wiw4v7duaymysz9-session-a0c69d2a40e6-lifetime-10:***@rp.scrapegw.com:6060	ConnectionTimeoutError: Connection timeout to host https://discord.com/api/v9/unique-username/username-attempt-unauthed
2026-09-01 18:28:14	NETWORK	fyyl	attempt=1	proxy=http://wiw4v7duaymysz9-session-d92c499ca9e3-lifetime-10:***@rp.scrapegw.com:6060	ConnectionTimeoutError: Connection timeout to host https://discord.com/api/v9/unique-username/username-attempt-unauthed
2026-09-01 18:28:14	NETWORK	fywh	attempt=1	proxy=http://wiw4v7duaymysz9-session-526414cfe2b7-lifetime-10:***@rp.scrapegw.com:6060	ConnectionTimeoutError: Connection timeout to host https://discord.com/api/v9/unique-username/username-attempt-unauthed
2026-09-01 18:28:14	NETWORK	fzat	attempt=1	proxy=http://wiw4v7duaymysz9-session-507e567e90c5-lifetime-10:***@rp.scrapegw.com:6060	ConnectionTimeoutError: Connection timeout to host https://discord.com/api/v9/unique-username/username-attempt-unauthed
2026-09-01 18:28:14	NETWORK	fytl	attempt=1	proxy=http://wiw4v7duaymysz9-session-54213d9160fe-lifetime-10:***@rp.scrapegw.com:6060	ConnectionTimeoutError: Connection timeout to host https://discord.com/api/v9/unique-username/username-attempt-unauthed
2026-09-01 18:28:14	NETWORK	fzar	attempt=1	proxy=http://wiw4v7duaymysz9-session-8e195cc89c8b-lifetime-10:***@rp.scrapegw.com:6060	ConnectionTimeoutError: Connection timeout to host https://discord.com/api/v9/unique-username/username-attempt-unauthed
2026-09-01 18:28:14	NETWORK	fzav	attempt=1	proxy=http://wiw4v7duaymysz9-session-8835332c5070-lifetime-10:***@rp.scrapegw.com:6060	ConnectionTimeoutError: Connection timeout to host https://discord.com/api/v9/unique-username/username-attempt-unauthed
2026-09-01 18:28:14	NETWORK	fzam	attempt=1	proxy=http://wiw4v7duaymysz9-session-579bf9f7b161-lifetime-10:***@rp.scrapegw.com:6060	ConnectionTimeoutError: Connection timeout to host https://discord.com/api/v9/unique-username/username-attempt-unauthed
2026-09-01 18:28:14	NETWORK	fzan	attempt=1	proxy=http://wiw4v7duaymysz9-session-9771282eb7f0-lifetime-10:***@rp.scrapegw.com:6060	ConnectionTimeoutError: Connection timeout to host https://discord.com/api/v9/unique-username/username-attempt-unauthed
2026-09-01 18:28:14	NETWORK	fzas	attempt=1	proxy=http://wiw4v7duaymysz9-session-852309e2dc09-lifetime-10:***@rp.scrapegw.com:6060	ConnectionTimeoutError: Connection timeout to host https://discord.com/api/v9/unique-username/username-attempt-unauthed
2026-09-01 18:28:14	NETWORK	fysa	attempt=1	proxy=http://wiw4v7duaymysz9-session-e7ef7f978f97-lifetime-10:***@rp.scrapegw.com:6060	ConnectionTimeoutError: Connection timeout to host https://discord.com/api/v9/unique-username/username-attempt-unauthed
2026-09-01 18:28:14	NETWORK	fzbj	attempt=1	proxy=http://wiw4v7duaymysz9-session-99c8a52db752-lifetime-10:***@rp.scrapegw.com:6060	ConnectionTimeoutError: Connection timeout to host https://discord.com/api/v9/unique-username/username-attempt-unauthed
2026-09-01 18:28:14	NETWORK	fyys	attempt=1	proxy=http://wiw4v7duaymysz9-session-a93e94bb1f22-lifetime-10:***@rp.scrapegw.com:6060	ConnectionTimeoutError: Connection timeout to host https://discord.com/api/v9/unique-username/username-attempt-unauthed
2026-09-01 18:28:14	NETWORK	fyvc	attempt=1	proxy=http://wiw4v7duaymysz9-session-3a97c861cdcf-lifetime-10:***@rp.scrapegw.com:6060	ConnectionTimeoutError: Connection timeout to host https://discord.com/api/v9/unique-username/username-attempt-unauthed
2026-09-01 18:28:14	NETWORK	fyuu	attempt=1	proxy=http://wiw4v7duaymysz9-session-958171135f70-lifetime-10:***@rp.scrapegw.com:6060	ConnectionTimeoutError: Connection timeout to host https://discord.com/api/v9/unique-username/username-attempt-unauthed
2026-09-01 18:28:14	NETWORK	fysm	attempt=1	proxy=http://wiw4v7duaymysz9-session-3f13b426fe39-lifetime-10:***@rp.scrapegw.com:6060	ConnectionTimeoutError: Connection timeout to host https://discord.com/api/v9/unique-username/username-attempt-unauthed
2026-09-01 18:28:14	NETWORK	fyto	attempt=1	proxy=http://wiw4v7duaymysz9-session-696852bf23d9-lifetime-10:***@rp.scrapegw.com:6060	ConnectionTimeoutError: Connection timeout to host https://discord.com/api/v9/unique-username/username-attempt-unauthed
2026-09-01 18:28:14	NETWORK	fzbu	attempt=1	proxy=http://wiw4v7duaymysz9-session-cd26f2f75702-lifetime-10:***@rp.scrapegw.com:6060	ConnectionTimeoutError: Connection timeout to host https://discord.com/api/v9/unique-username/username-attempt-unauthed
2026-09-01 18:28:14	HTTP_429	gcyf	attempt=1	proxy=http://wiw4v7duaymysz9-session-7af1a71db055-lifetime-10:***@rp.scrapegw.com:6060	scope=shared global=False retry_after=2071.00s
2026-09-01 18:28:14	NETWORK	ganw	attempt=1	proxy=http://wiw4v7duaymysz9-session-05a7383abb79-lifetime-10:***@rp.scrapegw.com:6060	ClientConnectorError: Cannot connect to host discord.com:443 ssl:default [Connection reset by peer]
2026-09-01 18:28:14	NETWORK	fzpd	attempt=1	proxy=http://wiw4v7duaymysz9-session-3d2a6fed1a33-lifetime-10:***@rp.scrapegw.com:6060	ClientConnectorError: Cannot connect to host discord.com:443 ssl:default [Connection reset by peer]
2026-09-01 18:28:14	HTTP_429	gbcw	attempt=1	proxy=http://wiw4v7duaymysz9-session-526414cfe2b7-lifetime-10:***@rp.scrapegw.com:6060	scope=shared global=False retry_after=1050.00s
2026-09-01 18:28:15	NETWORK	gaav	attempt=1	proxy=http://wiw4v7duaymysz9-session-bb5c57c68519-lifetime-10:***@rp.scrapegw.com:6060	ClientConnectorError: Cannot connect to host discord.com:443 ssl:default [Connection reset by peer]
2026-09-01 18:28:15	HTTP_429	gcxp	attempt=1	proxy=http://wiw4v7duaymysz9-session-5c68f47d969a-lifetime-10:***@rp.scrapegw.com:6060	scope=shared global=False retry_after=2067.00s
2026-09-01 18:28:15	HTTP_429	gcqi	attempt=1	proxy=http://wiw4v7duaymysz9-session-3312547856b4-lifetime-10:***@rp.scrapegw.com:6060	scope=shared global=False retry_after=1089.00s
2026-09-01 18:28:15	HTTP_429	gcno	attempt=1	proxy=http://wiw4v7duaymysz9-session-835dec6cacc8-lifetime-10:***@rp.scrapegw.com:6060	scope=shared global=False retry_after=202.00s
2026-09-01 18:28:15	HTTP_429	gdcz	attempt=1	proxy=http://wiw4v7duaymysz9-session-b01445dba967-lifetime-10:***@rp.scrapegw.com:6060	scope=shared global=False retry_after=1905.00s
2026-09-01 18:28:15	NETWORK	gbed	attempt=1	proxy=http://wiw4v7duaymysz9-session-c79a1bdc247a-lifetime-10:***@rp.scrapegw.com:6060	ClientConnectorError: Cannot connect to host discord.com:443 ssl:default [Connection reset by peer]
2026-09-01 18:28:15	NETWORK	fzgk	attempt=1	proxy=http://wiw4v7duaymysz9-session-1d3e87ced0f0-lifetime-10:***@rp.scrapegw.com:6060	ConnectionTimeoutError: Connection timeout to host https://discord.com/api/v9/unique-username/username-attempt-unauthed
2026-09-01 18:28:15	NETWORK	fzgg	attempt=1	proxy=http://wiw4v7duaymysz9-session-339d18e8bdfa-lifetime-10:***@rp.scrapegw.com:6060	ConnectionTimeoutError: Connection timeout to host https://discord.com/api/v9/unique-username/username-attempt-unauthed
2026-09-01 18:28:15	NETWORK	fzji	attempt=1	proxy=http://wiw4v7duaymysz9-session-a114e338c574-lifetime-10:***@rp.scrapegw.com:6060	ConnectionTimeoutError: Connection timeout to host https://discord.com/api/v9/unique-username/username-attempt-unauthed
2026-09-01 18:28:15	NETWORK	fzhw	attempt=1	proxy=http://wiw4v7duaymysz9-session-801e24a02b0f-lifetime-10:***@rp.scrapegw.com:6060	ConnectionTimeoutError: Connection timeout to host https://discord.com/api/v9/unique-username/username-attempt-unauthed
2026-09-01 18:28:15	NETWORK	fzhn	attempt=1	proxy=http://wiw4v7duaymysz9-session-faeed31c3ce3-lifetime-10:***@rp.scrapegw.com:6060	ConnectionTimeoutError: Connection timeout to host https://discord.com/api/v9/unique-username/username-attempt-unauthed
2026-09-01 18:28:15	NETWORK	fzhq	attempt=1	proxy=http://wiw4v7duaymysz9-session-4d05525dc4af-lifetime-10:***@rp.scrapegw.com:6060	ConnectionTimeoutError: Connection timeout to host https://discord.com/api/v9/unique-username/username-attempt-unauthed
2026-09-01 18:28:15	NETWORK	fzlw	attempt=1	proxy=http://wiw4v7duaymysz9-session-4682c23da5d8-lifetime-10:***@rp.scrapegw.com:6060	ConnectionTimeoutError: Connection timeout to host https://discord.com/api/v9/unique-username/username-attempt-unauthed
2026-09-01 18:28:15	NETWORK	fzha	attempt=1	proxy=http://wiw4v7duaymysz9-session-a2dec4f057c3-lifetime-10:***@rp.scrapegw.com:6060	ConnectionTimeoutError: Connection timeout to host https://discord.com/api/v9/unique-username/username-attempt-unauthed
2026-09-01 18:28:15	NETWORK	fzey	attempt=1	proxy=http://wiw4v7duaymysz9-session-cb405b45e336-lifetime-10:***@rp.scrapegw.com:6060	ConnectionTimeoutError: Connection timeout to host https://discord.com/api/v9/unique-username/username-attempt-unauthed
2026-09-01 18:28:15	NETWORK	fzih	attempt=1	proxy=http://wiw4v7duaymysz9-session-d28a19dd7bac-lifetime-10:***@rp.scrapegw.com:6060	ConnectionTimeoutError: Connection timeout to host https://discord.com/api/v9/unique-username/username-attempt-unauthed
2026-09-01 18:28:15	NETWORK	fzdx	attempt=1	proxy=http://wiw4v7duaymysz9-session-5b7718be50b7-lifetime-10:***@rp.scrapegw.com:6060	ConnectionTimeoutError: Connection timeout to host https://discord.com/api/v9/unique-username/username-attempt-unauthed
2026-09-01 18:28:15	NETWORK	fzdl	attempt=1	proxy=http://wiw4v7duaymysz9-session-98375f7508a9-lifetime-10:***@rp.scrapegw.com:6060	ConnectionTimeoutError: Connection timeout to host https://discord.com/api/v9/unique-username/username-attempt-unauthed
2026-09-01 18:28:15	NETWORK	fzkz	attempt=1	proxy=http://wiw4v7duaymysz9-session-432319b10242-lifetime-10:***@rp.scrapegw.com:6060	ConnectionTimeoutError: Connection timeout to host https://discord.com/api/v9/unique-username/username-attempt-unauthed
2026-09-01 18:28:15	NETWORK	fzev	attempt=1	proxy=http://wiw4v7duaymysz9-session-30ad3076db2c-lifetime-10:***@rp.scrapegw.com:6060	ConnectionTimeoutError: Connection timeout to host https://discord.com/api/v9/unique-username/username-attempt-unauthed
2026-09-01 18:28:15	NETWORK	fzmo	attempt=1	proxy=http://wiw4v7duaymysz9-session-1b31432036d2-lifetime-10:***@rp.scrapegw.com:6060	ConnectionTimeoutError: Connection timeout to host https://discord.com/api/v9/unique-username/username-attempt-unauthed
2026-09-01 18:28:15	NETWORK	fzdc	attempt=1	proxy=http://wiw4v7duaymysz9-session-33ba714035a4-lifetime-10:***@rp.scrapegw.com:6060	ConnectionTimeoutError: Connection timeout to host https://discord.com/api/v9/unique-username/username-attempt-unauthed
2026-09-01 18:28:15	NETWORK	fzhj	attempt=1	proxy=http://wiw4v7duaymysz9-session-73c8dee5981b-lifetime-10:***@rp.scrapegw.com:6060	ConnectionTimeoutError: Connection timeout to host https://discord.com/api/v9/unique-username/username-attempt-unauthed
2026-09-01 18:28:15	NETWORK	fzec	attempt=1	proxy=http://wiw4v7duaymysz9-session-b2013d80704e-lifetime-10:***@rp.scrapegw.com:6060	ConnectionTimeoutError: Connection timeout to host https://discord.com/api/v9/unique-username/username-attempt-unauthed
2026-09-01 18:28:15	NETWORK	fzeo	attempt=1	proxy=http://wiw4v7duaymysz9-session-53682f3f7fa2-lifetime-10:***@rp.scrapegw.com:6060	ConnectionTimeoutError: Connection timeout to host https://discord.com/api/v9/unique-username/username-attempt-unauthed
2026-09-01 18:28:15	NETWORK	fzjy	attempt=1	proxy=http://wiw4v7duaymysz9-session-138206e79d02-lifetime-10:***@rp.scrapegw.com:6060	ConnectionTimeoutError: Connection timeout to host https://discord.com/api/v9/unique-username/username-attempt-unauthed
2026-09-01 18:28:15	NETWORK	fzho	attempt=1	proxy=http://wiw4v7duaymysz9-session-22c5dd045394-lifetime-10:***@rp.scrapegw.com:6060	ConnectionTimeoutError: Connection timeout to host https://discord.com/api/v9/unique-username/username-attempt-unauthed
2026-09-01 18:28:15	NETWORK	fzjl	attempt=1	proxy=http://wiw4v7duaymysz9-session-12795ca1fe52-lifetime-10:***@rp.scrapegw.com:6060	ConnectionTimeoutError: Connection timeout to host https://discord.com/api/v9/unique-username/username-attempt-unauthed
2026-09-01 18:28:15	NETWORK	fzhx	attempt=1	proxy=http://wiw4v7duaymysz9-session-9a0011030148-lifetime-10:***@rp.scrapegw.com:6060	ConnectionTimeoutError: Connection timeout to host https://discord.com/api/v9/unique-username/username-attempt-unauthed
2026-09-01 18:28:15	NETWORK	fzem	attempt=1	proxy=http://wiw4v7duaymysz9-session-1006c3dddee6-lifetime-10:***@rp.scrapegw.com:6060	ConnectionTimeoutError: Connection timeout to host https://discord.com/api/v9/unique-username/username-attempt-unauthed
2026-09-01 18:28:15	NETWORK	fzjc	attempt=1	proxy=http://wiw4v7duaymysz9-session-e359d304723d-lifetime-10:***@rp.scrapegw.com:6060	ConnectionTimeoutError: Connection timeout to host https://discord.com/api/v9/unique-username/username-attempt-unauthed
2026-09-01 18:28:15	NETWORK	fzhs	attempt=1	proxy=http://wiw4v7duaymysz9-session-1f37b289c791-lifetime-10:***@rp.scrapegw.com:6060	ConnectionTimeoutError: Connection timeout to host https://discord.com/api/v9/unique-username/username-attempt-unauthed
2026-09-01 18:28:15	NETWORK	fzhd	attempt=1	proxy=http://wiw4v7duaymysz9-session-0675605ae8ea-lifetime-10:***@rp.scrapegw.com:6060	ConnectionTimeoutError: Connection timeout to host https://discord.com/api/v9/unique-username/username-attempt-unauthed
2026-09-01 18:28:15	NETWORK	fzhi	attempt=1	proxy=http://wiw4v7duaymysz9-session-bcf8f18b7177-lifetime-10:***@rp.scrapegw.com:6060	ConnectionTimeoutError: Connection timeout to host https://discord.com/api/v9/unique-username/username-attempt-unauthed
2026-09-01 18:28:15	NETWORK	fzfu	attempt=1	proxy=http://wiw4v7duaymysz9-session-6f12ed1aa3d3-lifetime-10:***@rp.scrapegw.com:6060	ConnectionTimeoutError: Connection timeout to host https://discord.com/api/v9/unique-username/username-attempt-unauthed
2026-09-01 18:28:16	HTTP_429	gaoi	attempt=1	proxy=http://wiw4v7duaymysz9-session-835dec6cacc8-lifetime-10:***@rp.scrapegw.com:6060	scope=shared global=False retry_after=201.00s
2026-09-01 18:28:16	NETWORK	gasn	attempt=1	proxy=http://wiw4v7duaymysz9-session-5c0715cca856-lifetime-10:***@rp.scrapegw.com:6060	ClientConnectorError: Cannot connect to host discord.com:443 ssl:default [Connection reset by peer]
2026-09-01 18:28:16	NETWORK	fzpx	attempt=1	proxy=http://wiw4v7duaymysz9-session-74f201c25a8d-lifetime-10:***@rp.scrapegw.com:6060	ConnectionTimeoutError: Connection timeout to host https://discord.com/api/v9/unique-username/username-attempt-unauthed
2026-09-01 18:28:16	NETWORK	fzsr	attempt=1	proxy=http://wiw4v7duaymysz9-session-e820991d4629-lifetime-10:***@rp.scrapegw.com:6060	ConnectionTimeoutError: Connection timeout to host https://discord.com/api/v9/unique-username/username-attempt-unauthed
2026-09-01 18:28:16	NETWORK	fzsz	attempt=1	proxy=http://wiw4v7duaymysz9-session-9c80e16e9855-lifetime-10:***@rp.scrapegw.com:6060	ConnectionTimeoutError: Connection timeout to host https://discord.com/api/v9/unique-username/username-attempt-unauthed
2026-09-01 18:28:16	NETWORK	fzti	attempt=1	proxy=http://wiw4v7duaymysz9-session-d4abda95132d-lifetime-10:***@rp.scrapegw.com:6060	ConnectionTimeoutError: Connection timeout to host https://discord.com/api/v9/unique-username/username-attempt-unauthed
2026-09-01 18:28:16	NETWORK	fzsb	attempt=1	proxy=http://wiw4v7duaymysz9-session-cbf4d19355a4-lifetime-10:***@rp.scrapegw.com:6060	ConnectionTimeoutError: Connection timeout to host https://discord.com/api/v9/unique-username/username-attempt-unauthed
2026-09-01 18:28:16	NETWORK	fzpc	attempt=1	proxy=http://wiw4v7duaymysz9-session-69cae632dc4e-lifetime-10:***@rp.scrapegw.com:6060	ConnectionTimeoutError: Connection timeout to host https://discord.com/api/v9/unique-username/username-attempt-unauthed
2026-09-01 18:28:16	NETWORK	fzos	attempt=1	proxy=http://wiw4v7duaymysz9-session-4562dee29478-lifetime-10:***@rp.scrapegw.com:6060	ConnectionTimeoutError: Connection timeout to host https://discord.com/api/v9/unique-username/username-attempt-unauthed
2026-09-01 18:28:16	NETWORK	fzpg	attempt=1	proxy=http://wiw4v7duaymysz9-session-36a6f32d39e9-lifetime-10:***@rp.scrapegw.com:6060	ConnectionTimeoutError: Connection timeout to host https://discord.com/api/v9/unique-username/username-attempt-unauthed
2026-09-01 18:28:16	NETWORK	fzpk	attempt=1	proxy=http://wiw4v7duaymysz9-session-18260bf85463-lifetime-10:***@rp.scrapegw.com:6060	ConnectionTimeoutError: Connection timeout to host https://discord.com/api/v9/unique-username/username-attempt-unauthed
2026-09-01 18:28:16	NETWORK	fzmy	attempt=1	proxy=http://wiw4v7duaymysz9-session-8f1719e81728-lifetime-10:***@rp.scrapegw.com:6060	ConnectionTimeoutError: Connection timeout to host https://discord.com/api/v9/unique-username/username-attempt-unauthed
2026-09-01 18:28:16	NETWORK	fzwe	attempt=1	proxy=http://wiw4v7duaymysz9-session-fbe180c16258-lifetime-10:***@rp.scrapegw.com:6060	ConnectionTimeoutError: Connection timeout to host https://discord.com/api/v9/unique-username/username-attempt-unauthed
2026-09-01 18:28:16	NETWORK	fzut	attempt=1	proxy=http://wiw4v7duaymysz9-session-2fd46d5336a4-lifetime-10:***@rp.scrapegw.com:6060	ConnectionTimeoutError: Connection timeout to host https://discord.com/api/v9/unique-username/username-attempt-unauthed
2026-09-01 18:28:16	NETWORK	fzmw	attempt=1	proxy=http://wiw4v7duaymysz9-session-c11838affa5b-lifetime-10:***@rp.scrapegw.com:6060	ConnectionTimeoutError: Connection timeout to host https://discord.com/api/v9/unique-username/username-attempt-unauthed
2026-09-01 18:28:16	NETWORK	fzqq	attempt=1	proxy=http://wiw4v7duaymysz9-session-4b5bfaeac20f-lifetime-10:***@rp.scrapegw.com:6060	ConnectionTimeoutError: Connection timeout to host https://discord.com/api/v9/unique-username/username-attempt-unauthed
2026-09-01 18:28:16	NETWORK	fzux	attempt=1	proxy=http://wiw4v7duaymysz9-session-701dcd243f2f-lifetime-10:***@rp.scrapegw.com:6060	ConnectionTimeoutError: Connection timeout to host https://discord.com/api/v9/unique-username/username-attempt-unauthed
2026-09-01 18:28:16	NETWORK	fztv	attempt=1	proxy=http://wiw4v7duaymysz9-session-2b3e31cab85a-lifetime-10:***@rp.scrapegw.com:6060	ConnectionTimeoutError: Connection timeout to host https://discord.com/api/v9/unique-username/username-attempt-unauthed
2026-09-01 18:28:16	NETWORK	fzwh	attempt=1	proxy=http://wiw4v7duaymysz9-session-3ea109c4a7fb-lifetime-10:***@rp.scrapegw.com:6060	ConnectionTimeoutError: Connection timeout to host https://discord.com/api/v9/unique-username/username-attempt-unauthed
2026-09-01 18:28:16	NETWORK	fznn	attempt=1	proxy=http://wiw4v7duaymysz9-session-d9417961360f-lifetime-10:***@rp.scrapegw.com:6060	ConnectionTimeoutError: Connection timeout to host https://discord.com/api/v9/unique-username/username-attempt-unauthed
2026-09-01 18:28:16	NETWORK	fzpj	attempt=1	proxy=http://wiw4v7duaymysz9-session-aaa982a44165-lifetime-10:***@rp.scrapegw.com:6060	ConnectionTimeoutError: Connection timeout to host https://discord.com/api/v9/unique-username/username-attempt-unauthed
2026-09-01 18:28:16	NETWORK	fzsg	attempt=1	proxy=http://wiw4v7duaymysz9-session-b61e205f7c28-lifetime-10:***@rp.scrapegw.com:6060	ConnectionTimeoutError: Connection timeout to host https://discord.com/api/v9/unique-username/username-attempt-unauthed
2026-09-01 18:28:16	NETWORK	fzoy	attempt=1	proxy=http://wiw4v7duaymysz9-session-d41e16342be9-lifetime-10:***@rp.scrapegw.com:6060	ConnectionTimeoutError: Connection timeout to host https://discord.com/api/v9/unique-username/username-attempt-unauthed
2026-09-01 18:28:16	NETWORK	fzvi	attempt=1	proxy=http://wiw4v7duaymysz9-session-b155199c5323-lifetime-10:***@rp.scrapegw.com:6060	ConnectionTimeoutError: Connection timeout to host https://discord.com/api/v9/unique-username/username-attempt-unauthed
2026-09-01 18:28:16	NETWORK	fzwf	attempt=1	proxy=http://wiw4v7duaymysz9-session-6bff1024b76b-lifetime-10:***@rp.scrapegw.com:6060	ConnectionTimeoutError: Connection timeout to host https://discord.com/api/v9/unique-username/username-attempt-unauthed
2026-09-01 18:28:16	NETWORK	fzph	attempt=1	proxy=http://wiw4v7duaymysz9-session-7410a50c623a-lifetime-10:***@rp.scrapegw.com:6060	ConnectionTimeoutError: Connection timeout to host https://discord.com/api/v9/unique-username/username-attempt-unauthed
2026-09-01 18:28:16	NETWORK	fzns	attempt=1	proxy=http://wiw4v7duaymysz9-session-be1818c2608a-lifetime-10:***@rp.scrapegw.com:6060	ConnectionTimeoutError: Connection timeout to host https://discord.com/api/v9/unique-username/username-attempt-unauthed
2026-09-01 18:28:16	NETWORK	fzub	attempt=1	proxy=http://wiw4v7duaymysz9-session-ee19c530b4c2-lifetime-10:***@rp.scrapegw.com:6060	ConnectionTimeoutError: Connection timeout to host https://discord.com/api/v9/unique-username/username-attempt-unauthed
2026-09-01 18:28:16	NETWORK	fzvg	attempt=1	proxy=http://wiw4v7duaymysz9-session-4ff34183c04c-lifetime-10:***@rp.scrapegw.com:6060	ConnectionTimeoutError: Connection timeout to host https://discord.com/api/v9/unique-username/username-attempt-unauthed
2026-09-01 18:28:16	NETWORK	fzuw	attempt=1	proxy=http://wiw4v7duaymysz9-session-165a946d2fa6-lifetime-10:***@rp.scrapegw.com:6060	ConnectionTimeoutError: Connection timeout to host https://discord.com/api/v9/unique-username/username-attempt-unauthed
2026-09-01 18:28:16	NETWORK	fzun	attempt=1	proxy=http://wiw4v7duaymysz9-session-52003ac92f81-lifetime-10:***@rp.scrapegw.com:6060	ConnectionTimeoutError: Connection timeout to host https://discord.com/api/v9/unique-username/username-attempt-unauthed
2026-09-01 18:28:16	NETWORK	fznz	attempt=1	proxy=http://wiw4v7duaymysz9-session-2a9ef04263b0-lifetime-10:***@rp.scrapegw.com:6060	ConnectionTimeoutError: Connection timeout to host https://discord.com/api/v9/unique-username/username-attempt-unauthed
2026-09-01 18:28:16	NETWORK	fzro	attempt=1	proxy=http://wiw4v7duaymysz9-session-5e84c15f2bb3-lifetime-10:***@rp.scrapegw.com:6060	ConnectionTimeoutError: Connection timeout to host https://discord.com/api/v9/unique-username/username-attempt-unauthed
2026-09-01 18:28:16	NETWORK	fzot	attempt=1	proxy=http://wiw4v7duaymysz9-session-21a33d06b529-lifetime-10:***@rp.scrapegw.com:6060	ConnectionTimeoutError: Connection timeout to host https://discord.com/api/v9/unique-username/username-attempt-unauthed
2026-09-01 18:28:16	NETWORK	fzqh	attempt=1	proxy=http://wiw4v7duaymysz9-session-54623caf08ae-lifetime-10:***@rp.scrapegw.com:6060	ConnectionTimeoutError: Connection timeout to host https://discord.com/api/v9/unique-username/username-attempt-unauthed
2026-09-01 18:28:16	NETWORK	fzvn	attempt=1	proxy=http://wiw4v7duaymysz9-session-c4a47e8c0ee4-lifetime-10:***@rp.scrapegw.com:6060	ConnectionTimeoutError: Connection timeout to host https://discord.com/api/v9/unique-username/username-attempt-unauthed
2026-09-01 18:28:16	HTTP_429	gatz	attempt=1	proxy=http://wiw4v7duaymysz9-session-45ec72445c48-lifetime-10:***@rp.scrapegw.com:6060	scope=shared global=False retry_after=10.00s
2026-09-01 18:28:16	NETWORK	gbnh	attempt=1	proxy=http://wiw4v7duaymysz9-session-48b50d418298-lifetime-10:***@rp.scrapegw.com:6060	ClientConnectorError: Cannot connect to host discord.com:443 ssl:default [Connection reset by peer]
2026-09-01 18:28:17	HTTP_429	gdoe	attempt=1	proxy=http://wiw4v7duaymysz9-session-b6fcd12f8a18-lifetime-10:***@rp.scrapegw.com:6060	scope=shared global=False retry_after=1594.00s
2026-09-01 18:28:17	HTTP_429	gdrd	attempt=1	proxy=http://wiw4v7duaymysz9-session-d118c4b03129-lifetime-10:***@rp.scrapegw.com:6060	scope=shared global=False retry_after=2075.00s
2026-09-01 18:28:17	NETWORK	fzzj	attempt=1	proxy=http://wiw4v7duaymysz9-session-e677b73050e6-lifetime-10:***@rp.scrapegw.com:6060	ClientConnectorError: Cannot connect to host discord.com:443 ssl:default [Connection reset by peer]
2026-09-01 18:28:17	NETWORK	gbwf	attempt=1	proxy=http://wiw4v7duaymysz9-session-b58382e6a501-lifetime-10:***@rp.scrapegw.com:6060	ClientConnectorError: Cannot connect to host discord.com:443 ssl:default [Connection reset by peer]
2026-09-01 18:28:17	NETWORK	fzzl	attempt=1	proxy=http://wiw4v7duaymysz9-session-83c25bfde7ea-lifetime-10:***@rp.scrapegw.com:6060	ConnectionTimeoutError: Connection timeout to host https://discord.com/api/v9/unique-username/username-attempt-unauthed
2026-09-01 18:28:17	NETWORK	gaib	attempt=1	proxy=http://wiw4v7duaymysz9-session-7d2941c67ac3-lifetime-10:***@rp.scrapegw.com:6060	ConnectionTimeoutError: Connection timeout to host https://discord.com/api/v9/unique-username/username-attempt-unauthed
2026-09-01 18:28:17	NETWORK	fzzg	attempt=1	proxy=http://wiw4v7duaymysz9-session-f7734fc62ae5-lifetime-10:***@rp.scrapegw.com:6060	ConnectionTimeoutError: Connection timeout to host https://discord.com/api/v9/unique-username/username-attempt-unauthed
2026-09-01 18:28:17	NETWORK	fzww	attempt=1	proxy=http://wiw4v7duaymysz9-session-a6632560891e-lifetime-10:***@rp.scrapegw.com:6060	ConnectionTimeoutError: Connection timeout to host https://discord.com/api/v9/unique-username/username-attempt-unauthed
2026-09-01 18:28:17	NETWORK	fzyq	attempt=1	proxy=http://wiw4v7duaymysz9-session-b60474fea114-lifetime-10:***@rp.scrapegw.com:6060	ConnectionTimeoutError: Connection timeout to host https://discord.com/api/v9/unique-username/username-attempt-unauthed
2026-09-01 18:28:17	NETWORK	gaaj	attempt=1	proxy=http://wiw4v7duaymysz9-session-4b59b2083673-lifetime-10:***@rp.scrapegw.com:6060	ConnectionTimeoutError: Connection timeout to host https://discord.com/api/v9/unique-username/username-attempt-unauthed
2026-09-01 18:28:17	NETWORK	fzzt	attempt=1	proxy=http://wiw4v7duaymysz9-session-54070cae3513-lifetime-10:***@rp.scrapegw.com:6060	ConnectionTimeoutError: Connection timeout to host https://discord.com/api/v9/unique-username/username-attempt-unauthed
2026-09-01 18:28:17	NETWORK	gahj	attempt=1	proxy=http://wiw4v7duaymysz9-session-d14be5296878-lifetime-10:***@rp.scrapegw.com:6060	ConnectionTimeoutError: Connection timeout to host https://discord.com/api/v9/unique-username/username-attempt-unauthed
2026-09-01 18:28:17	NETWORK	gadc	attempt=1	proxy=http://wiw4v7duaymysz9-session-6a6c2c3f1437-lifetime-10:***@rp.scrapegw.com:6060	ConnectionTimeoutError: Connection timeout to host https://discord.com/api/v9/unique-username/username-attempt-unauthed
2026-09-01 18:28:17	NETWORK	gacm	attempt=1	proxy=http://wiw4v7duaymysz9-session-ef2239e583be-lifetime-10:***@rp.scrapegw.com:6060	ConnectionTimeoutError: Connection timeout to host https://discord.com/api/v9/unique-username/username-attempt-unauthed
2026-09-01 18:28:17	NETWORK	gagy	attempt=1	proxy=http://wiw4v7duaymysz9-session-af9130b13c7e-lifetime-10:***@rp.scrapegw.com:6060	ConnectionTimeoutError: Connection timeout to host https://discord.com/api/v9/unique-username/username-attempt-unauthed
2026-09-01 18:28:17	NETWORK	gahf	attempt=1	proxy=http://wiw4v7duaymysz9-session-8dda648c96d7-lifetime-10:***@rp.scrapegw.com:6060	ConnectionTimeoutError: Connection timeout to host https://discord.com/api/v9/unique-username/username-attempt-unauthed
2026-09-01 18:28:17	NETWORK	fzys	attempt=1	proxy=http://wiw4v7duaymysz9-session-5253f0253fd1-lifetime-10:***@rp.scrapegw.com:6060	ConnectionTimeoutError: Connection timeout to host https://discord.com/api/v9/unique-username/username-attempt-unauthed
2026-09-01 18:28:17	NETWORK	gaey	attempt=1	proxy=http://wiw4v7duaymysz9-session-e115a7b0f795-lifetime-10:***@rp.scrapegw.com:6060	ConnectionTimeoutError: Connection timeout to host https://discord.com/api/v9/unique-username/username-attempt-unauthed
2026-09-01 18:28:17	NETWORK	gaea	attempt=1	proxy=http://wiw4v7duaymysz9-session-3d135e1a9e09-lifetime-10:***@rp.scrapegw.com:6060	ConnectionTimeoutError: Connection timeout to host https://discord.com/api/v9/unique-username/username-attempt-unauthed
2026-09-01 18:28:17	NETWORK	gaam	attempt=1	proxy=http://wiw4v7duaymysz9-session-91f8aa907df7-lifetime-10:***@rp.scrapegw.com:6060	ConnectionTimeoutError: Connection timeout to host https://discord.com/api/v9/unique-username/username-attempt-unauthed
2026-09-01 18:28:17	NETWORK	fzzk	attempt=1	proxy=http://wiw4v7duaymysz9-session-dc119269feaf-lifetime-10:***@rp.scrapegw.com:6060	ConnectionTimeoutError: Connection timeout to host https://discord.com/api/v9/unique-username/username-attempt-unauthed
2026-09-01 18:28:17	NETWORK	fzza	attempt=1	proxy=http://wiw4v7duaymysz9-session-bdcf6843643c-lifetime-10:***@rp.scrapegw.com:6060	ConnectionTimeoutError: Connection timeout to host https://discord.com/api/v9/unique-username/username-attempt-unauthed
2026-09-01 18:28:17	NETWORK	gafv	attempt=1	proxy=http://wiw4v7duaymysz9-session-9d96c4dacd7a-lifetime-10:***@rp.scrapegw.com:6060	ConnectionTimeoutError: Connection timeout to host https://discord.com/api/v9/unique-username/username-attempt-unauthed
2026-09-01 18:28:17	NETWORK	gaig	attempt=1	proxy=http://wiw4v7duaymysz9-session-eb10c322e210-lifetime-10:***@rp.scrapegw.com:6060	ConnectionTimeoutError: Connection timeout to host https://discord.com/api/v9/unique-username/username-attempt-unauthed
2026-09-01 18:28:17	NETWORK	gadn	attempt=1	proxy=http://wiw4v7duaymysz9-session-4bcbb000f432-lifetime-10:***@rp.scrapegw.com:6060	ConnectionTimeoutError: Connection timeout to host https://discord.com/api/v9/unique-username/username-attempt-unauthed
2026-09-01 18:28:17	NETWORK	gadz	attempt=1	proxy=http://wiw4v7duaymysz9-session-0e13f35f0775-lifetime-10:***@rp.scrapegw.com:6060	ConnectionTimeoutError: Connection timeout to host https://discord.com/api/v9/unique-username/username-attempt-unauthed
2026-09-01 18:28:17	NETWORK	gacx	attempt=1	proxy=http://wiw4v7duaymysz9-session-b9c6eb87c938-lifetime-10:***@rp.scrapegw.com:6060	ConnectionTimeoutError: Connection timeout to host https://discord.com/api/v9/unique-username/username-attempt-unauthed
2026-09-01 18:28:17	NETWORK	gabr	attempt=1	proxy=http://wiw4v7duaymysz9-session-2f17f33634d9-lifetime-10:***@rp.scrapegw.com:6060	ConnectionTimeoutError: Connection timeout to host https://discord.com/api/v9/unique-username/username-attempt-unauthed
2026-09-01 18:28:17	NETWORK	gaeh	attempt=1	proxy=http://wiw4v7duaymysz9-session-93171bd5a1a9-lifetime-10:***@rp.scrapegw.com:6060	ConnectionTimeoutError: Connection timeout to host https://discord.com/api/v9/unique-username/username-attempt-unauthed
2026-09-01 18:28:17	NETWORK	gacr	attempt=1	proxy=http://wiw4v7duaymysz9-session-0fb41ea88f51-lifetime-10:***@rp.scrapegw.com:6060	ConnectionTimeoutError: Connection timeout to host https://discord.com/api/v9/unique-username/username-attempt-unauthed
2026-09-01 18:28:17	NETWORK	gacv	attempt=1	proxy=http://wiw4v7duaymysz9-session-263e5a8514c0-lifetime-10:***@rp.scrapegw.com:6060	ConnectionTimeoutError: Connection timeout to host https://discord.com/api/v9/unique-username/username-attempt-unauthed
2026-09-01 18:28:17	NETWORK	gacq	attempt=1	proxy=http://wiw4v7duaymysz9-session-399b59b2092a-lifetime-10:***@rp.scrapegw.com:6060	ConnectionTimeoutError: Connection timeout to host https://discord.com/api/v9/unique-username/username-attempt-unauthed
2026-09-01 18:28:17	NETWORK	gbbi	attempt=1	proxy=http://wiw4v7duaymysz9-session-6aece0a5900d-lifetime-10:***@rp.scrapegw.com:6060	ClientConnectorError: Cannot connect to host discord.com:443 ssl:default [Connection reset by peer]
2026-09-01 18:28:18	HTTP_429	gbgf	attempt=1	proxy=http://wiw4v7duaymysz9-session-f24a4cbb21c9-lifetime-10:***@rp.scrapegw.com:6060	scope=shared global=False retry_after=325.00s
2026-09-01 18:28:18	HTTP_429	gdvt	attempt=1	proxy=http://wiw4v7duaymysz9-session-cb1b15f4accc-lifetime-10:***@rp.scrapegw.com:6060	scope=shared global=False retry_after=799.00s
2026-09-01 18:28:18	HTTP_429	gdvi	attempt=1	proxy=http://wiw4v7duaymysz9-session-b79f1ceb35e7-lifetime-10:***@rp.scrapegw.com:6060	scope=shared global=False retry_after=2066.00s
2026-09-01 18:28:18	HTTP_429	gdvv	attempt=1	proxy=http://wiw4v7duaymysz9-session-407b909fd7cf-lifetime-10:***@rp.scrapegw.com:6060	scope=shared global=False retry_after=172.00s
2026-09-01 18:28:18	HTTP_429	gdxd	attempt=1	proxy=http://wiw4v7duaymysz9-session-80f187d6cefb-lifetime-10:***@rp.scrapegw.com:6060	scope=shared global=False retry_after=2105.00s
2026-09-01 18:28:18	HTTP_429	gdwu	attempt=1	proxy=http://wiw4v7duaymysz9-session-4afeb679dde8-lifetime-10:***@rp.scrapegw.com:6060	scope=shared global=False retry_after=2073.00s
2026-09-01 18:28:18	NETWORK	gbnb	attempt=1	proxy=http://wiw4v7duaymysz9-session-c24330cf759e-lifetime-10:***@rp.scrapegw.com:6060	ClientConnectorError: Cannot connect to host discord.com:443 ssl:default [Connection reset by peer]
2026-09-01 18:28:18	NETWORK	gaxy	attempt=1	proxy=http://wiw4v7duaymysz9-session-1a5b98ffdb26-lifetime-10:***@rp.scrapegw.com:6060	ConnectionTimeoutError: Connection timeout to host https://discord.com/api/v9/unique-username/username-attempt-unauthed
2026-09-01 18:28:18	NETWORK	gaxx	attempt=1	proxy=http://wiw4v7duaymysz9-session-1891ee41d0f6-lifetime-10:***@rp.scrapegw.com:6060	ConnectionTimeoutError: Connection timeout to host https://discord.com/api/v9/unique-username/username-attempt-unauthed
2026-09-01 18:28:18	NETWORK	gavz	attempt=1	proxy=http://wiw4v7duaymysz9-session-805cb1c2c855-lifetime-10:***@rp.scrapegw.com:6060	ConnectionTimeoutError: Connection timeout to host https://discord.com/api/v9/unique-username/username-attempt-unauthed
2026-09-01 18:28:18	NETWORK	gaxr	attempt=1	proxy=http://wiw4v7duaymysz9-session-6b3a00b6098f-lifetime-10:***@rp.scrapegw.com:6060	ConnectionTimeoutError: Connection timeout to host https://discord.com/api/v9/unique-username/username-attempt-unauthed
2026-09-01 18:28:18	NETWORK	gaxc	attempt=1	proxy=http://wiw4v7duaymysz9-session-f550369a9034-lifetime-10:***@rp.scrapegw.com:6060	ConnectionTimeoutError: Connection timeout to host https://discord.com/api/v9/unique-username/username-attempt-unauthed
2026-09-01 18:28:18	NETWORK	gaqw	attempt=1	proxy=http://wiw4v7duaymysz9-session-27200a61d796-lifetime-10:***@rp.scrapegw.com:6060	ConnectionTimeoutError: Connection timeout to host https://discord.com/api/v9/unique-username/username-attempt-unauthed
2026-09-01 18:28:18	NETWORK	gava	attempt=1	proxy=http://wiw4v7duaymysz9-session-93aa6c638f2c-lifetime-10:***@rp.scrapegw.com:6060	ConnectionTimeoutError: Connection timeout to host https://discord.com/api/v9/unique-username/username-attempt-unauthed
2026-09-01 18:28:18	NETWORK	gapp	attempt=1	proxy=http://wiw4v7duaymysz9-session-ca0acc00a386-lifetime-10:***@rp.scrapegw.com:6060	ConnectionTimeoutError: Connection timeout to host https://discord.com/api/v9/unique-username/username-attempt-unauthed
2026-09-01 18:28:18	NETWORK	gasb	attempt=1	proxy=http://wiw4v7duaymysz9-session-e6383f19189f-lifetime-10:***@rp.scrapegw.com:6060	ConnectionTimeoutError: Connection timeout to host https://discord.com/api/v9/unique-username/username-attempt-unauthed
2026-09-01 18:28:18	NETWORK	gakw	attempt=1	proxy=http://wiw4v7duaymysz9-session-f6b52c9bcf19-lifetime-10:***@rp.scrapegw.com:6060	ConnectionTimeoutError: Connection timeout to host https://discord.com/api/v9/unique-username/username-attempt-unauthed
2026-09-01 18:28:18	NETWORK	galr	attempt=1	proxy=http://wiw4v7duaymysz9-session-5d22615fa874-lifetime-10:***@rp.scrapegw.com:6060	ConnectionTimeoutError: Connection timeout to host https://discord.com/api/v9/unique-username/username-attempt-unauthed
2026-09-01 18:28:18	NETWORK	gaqt	attempt=1	proxy=http://wiw4v7duaymysz9-session-c494991bb794-lifetime-10:***@rp.scrapegw.com:6060	ConnectionTimeoutError: Connection timeout to host https://discord.com/api/v9/unique-username/username-attempt-unauthed
2026-09-01 18:28:18	NETWORK	gakq	attempt=1	proxy=http://wiw4v7duaymysz9-session-b2a283c71b7c-lifetime-10:***@rp.scrapegw.com:6060	ConnectionTimeoutError: Connection timeout to host https://discord.com/api/v9/unique-username/username-attempt-unauthed
2026-09-01 18:28:18	NETWORK	gano	attempt=1	proxy=http://wiw4v7duaymysz9-session-025e57b3f6a7-lifetime-10:***@rp.scrapegw.com:6060	ConnectionTimeoutError: Connection timeout to host https://discord.com/api/v9/unique-username/username-attempt-unauthed
2026-09-01 18:28:18	NETWORK	gaiz	attempt=1	proxy=http://wiw4v7duaymysz9-session-1b1ddd75d73f-lifetime-10:***@rp.scrapegw.com:6060	ConnectionTimeoutError: Connection timeout to host https://discord.com/api/v9/unique-username/username-attempt-unauthed
2026-09-01 18:28:18	NETWORK	gamc	attempt=1	proxy=http://wiw4v7duaymysz9-session-7e48f5317a35-lifetime-10:***@rp.scrapegw.com:6060	ConnectionTimeoutError: Connection timeout to host https://discord.com/api/v9/unique-username/username-attempt-unauthed
2026-09-01 18:28:18	NETWORK	gatr	attempt=1	proxy=http://wiw4v7duaymysz9-session-8a3e70a7b2ab-lifetime-10:***@rp.scrapegw.com:6060	ConnectionTimeoutError: Connection timeout to host https://discord.com/api/v9/unique-username/username-attempt-unauthed
2026-09-01 18:28:18	NETWORK	gavm	attempt=1	proxy=http://wiw4v7duaymysz9-session-54076fcc48a8-lifetime-10:***@rp.scrapegw.com:6060	ConnectionTimeoutError: Connection timeout to host https://discord.com/api/v9/unique-username/username-attempt-unauthed
2026-09-01 18:28:18	NETWORK	gawu	attempt=1	proxy=http://wiw4v7duaymysz9-session-05c766a0d0bd-lifetime-10:***@rp.scrapegw.com:6060	ConnectionTimeoutError: Connection timeout to host https://discord.com/api/v9/unique-username/username-attempt-unauthed
2026-09-01 18:28:18	NETWORK	gawq	attempt=1	proxy=http://wiw4v7duaymysz9-session-552f0eaeb4ff-lifetime-10:***@rp.scrapegw.com:6060	ConnectionTimeoutError: Connection timeout to host https://discord.com/api/v9/unique-username/username-attempt-unauthed
2026-09-01 18:28:18	NETWORK	gawi	attempt=1	proxy=http://wiw4v7duaymysz9-session-19078a1dab19-lifetime-10:***@rp.scrapegw.com:6060	ConnectionTimeoutError: Connection timeout to host https://discord.com/api/v9/unique-username/username-attempt-unauthed
2026-09-01 18:28:18	NETWORK	gasw	attempt=1	proxy=http://wiw4v7duaymysz9-session-7196ef244cc4-lifetime-10:***@rp.scrapegw.com:6060	ConnectionTimeoutError: Connection timeout to host https://discord.com/api/v9/unique-username/username-attempt-unauthed
2026-09-01 18:28:18	NETWORK	gasf	attempt=1	proxy=http://wiw4v7duaymysz9-session-1b02dac64009-lifetime-10:***@rp.scrapegw.com:6060	ConnectionTimeoutError: Connection timeout to host https://discord.com/api/v9/unique-username/username-attempt-unauthed
2026-09-01 18:28:18	NETWORK	gapt	attempt=1	proxy=http://wiw4v7duaymysz9-session-b0d8c28a404e-lifetime-10:***@rp.scrapegw.com:6060	ConnectionTimeoutError: Connection timeout to host https://discord.com/api/v9/unique-username/username-attempt-unauthed
2026-09-01 18:28:18	NETWORK	gaqz	attempt=1	proxy=http://wiw4v7duaymysz9-session-f7a02be35d2b-lifetime-10:***@rp.scrapegw.com:6060	ConnectionTimeoutError: Connection timeout to host https://discord.com/api/v9/unique-username/username-attempt-unauthed
2026-09-01 18:28:18	NETWORK	gaph	attempt=1	proxy=http://wiw4v7duaymysz9-session-42e5f7c18ed9-lifetime-10:***@rp.scrapegw.com:6060	ConnectionTimeoutError: Connection timeout to host https://discord.com/api/v9/unique-username/username-attempt-unauthed
2026-09-01 18:28:18	NETWORK	gaxg	attempt=1	proxy=http://wiw4v7duaymysz9-session-33c290a2f437-lifetime-10:***@rp.scrapegw.com:6060	ConnectionTimeoutError: Connection timeout to host https://discord.com/api/v9/unique-username/username-attempt-unauthed
2026-09-01 18:28:18	NETWORK	gaoz	attempt=1	proxy=http://wiw4v7duaymysz9-session-0386f1704984-lifetime-10:***@rp.scrapegw.com:6060	ConnectionTimeoutError: Connection timeout to host https://discord.com/api/v9/unique-username/username-attempt-unauthed
2026-09-01 18:28:18	NETWORK	gaoo	attempt=1	proxy=http://wiw4v7duaymysz9-session-a3dec87091f3-lifetime-10:***@rp.scrapegw.com:6060	ConnectionTimeoutError: Connection timeout to host https://discord.com/api/v9/unique-username/username-attempt-unauthed
2026-09-01 18:28:18	NETWORK	gaoe	attempt=1	proxy=http://wiw4v7duaymysz9-session-e9c1a390b88d-lifetime-10:***@rp.scrapegw.com:6060	ConnectionTimeoutError: Connection timeout to host https://discord.com/api/v9/unique-username/username-attempt-unauthed
2026-09-01 18:28:18	NETWORK	gamk	attempt=1	proxy=http://wiw4v7duaymysz9-session-f755739487c2-lifetime-10:***@rp.scrapegw.com:6060	ConnectionTimeoutError: Connection timeout to host https://discord.com/api/v9/unique-username/username-attempt-unauthed
2026-09-01 18:28:18	NETWORK	gamt	attempt=1	proxy=http://wiw4v7duaymysz9-session-30ebf184a879-lifetime-10:***@rp.scrapegw.com:6060	ConnectionTimeoutError: Connection timeout to host https://discord.com/api/v9/unique-username/username-attempt-unauthed
2026-09-01 18:28:18	NETWORK	gbvb	attempt=1	proxy=http://wiw4v7duaymysz9-session-6fa97da03e38-lifetime-10:***@rp.scrapegw.com:6060	ClientConnectorError: Cannot connect to host discord.com:443 ssl:default [Connection reset by peer]
2026-09-01 18:28:18	NETWORK	gcar	attempt=1	proxy=http://wiw4v7duaymysz9-session-3ea109c4a7fb-lifetime-10:***@rp.scrapegw.com:6060	ClientConnectorError: Cannot connect to host discord.com:443 ssl:default [Connection reset by peer]
2026-09-01 18:28:18	NETWORK	gbcm	attempt=1	proxy=http://wiw4v7duaymysz9-session-b0377daa33ec-lifetime-10:***@rp.scrapegw.com:6060	ClientConnectorError: Cannot connect to host discord.com:443 ssl:default [Connection reset by peer]
2026-09-01 18:28:18	HTTP_429	galh	attempt=1	proxy=http://wiw4v7duaymysz9-session-06ca898c4e7c-lifetime-10:***@rp.scrapegw.com:6060	scope=shared global=False retry_after=589.00s
2026-09-01 18:28:19	NETWORK	gciv	attempt=1	proxy=http://wiw4v7duaymysz9-session-8dda648c96d7-lifetime-10:***@rp.scrapegw.com:6060	ClientConnectorError: Cannot connect to host discord.com:443 ssl:default [Connection reset by peer]
2026-09-01 18:28:19	HTTP_429	gbaz	attempt=1	proxy=http://wiw4v7duaymysz9-session-e2dce129fa89-lifetime-10:***@rp.scrapegw.com:6060	scope=shared global=False retry_after=175.15s
2026-09-01 18:28:19	NETWORK	gbum	attempt=1	proxy=http://wiw4v7duaymysz9-session-2e58f06f07f7-lifetime-10:***@rp.scrapegw.com:6060	ClientConnectorError: Cannot connect to host discord.com:443 ssl:default [Connection reset by peer]
2026-09-01 18:28:19	NETWORK	gbtj	attempt=1	proxy=http://wiw4v7duaymysz9-session-4562dee29478-lifetime-10:***@rp.scrapegw.com:6060	ClientConnectorError: Cannot connect to host discord.com:443 ssl:default [Connection reset by peer]
2026-09-01 18:28:19	HTTP_429	gefs	attempt=1	proxy=http://wiw4v7duaymysz9-session-d090c1a02feb-lifetime-10:***@rp.scrapegw.com:6060	scope=shared global=False retry_after=2066.00s
2026-09-01 18:28:19	NETWORK	gbhr	attempt=1	proxy=http://wiw4v7duaymysz9-session-8835332c5070-lifetime-10:***@rp.scrapegw.com:6060	ConnectionTimeoutError: Connection timeout to host https://discord.com/api/v9/unique-username/username-attempt-unauthed
2026-09-01 18:28:19	NETWORK	gbgu	attempt=1	proxy=http://wiw4v7duaymysz9-session-6e804ae57e59-lifetime-10:***@rp.scrapegw.com:6060	ConnectionTimeoutError: Connection timeout to host https://discord.com/api/v9/unique-username/username-attempt-unauthed
2026-09-01 18:28:19	NETWORK	gbfz	attempt=1	proxy=http://wiw4v7duaymysz9-session-7705c27c2ce0-lifetime-10:***@rp.scrapegw.com:6060	ConnectionTimeoutError: Connection timeout to host https://discord.com/api/v9/unique-username/username-attempt-unauthed
2026-09-01 18:28:19	NETWORK	gbbn	attempt=1	proxy=http://wiw4v7duaymysz9-session-77fd2fd2326e-lifetime-10:***@rp.scrapegw.com:6060	ConnectionTimeoutError: Connection timeout to host https://discord.com/api/v9/unique-username/username-attempt-unauthed
2026-09-01 18:28:19	NETWORK	gbie	attempt=1	proxy=http://wiw4v7duaymysz9-session-7b00a29ceca4-lifetime-10:***@rp.scrapegw.com:6060	ConnectionTimeoutError: Connection timeout to host https://discord.com/api/v9/unique-username/username-attempt-unauthed
2026-09-01 18:28:19	NETWORK	gbgh	attempt=1	proxy=http://wiw4v7duaymysz9-session-dc3a7922648f-lifetime-10:***@rp.scrapegw.com:6060	ConnectionTimeoutError: Connection timeout to host https://discord.com/api/v9/unique-username/username-attempt-unauthed
2026-09-01 18:28:19	NETWORK	gbfa	attempt=1	proxy=http://wiw4v7duaymysz9-session-a93e94bb1f22-lifetime-10:***@rp.scrapegw.com:6060	ConnectionTimeoutError: Connection timeout to host https://discord.com/api/v9/unique-username/username-attempt-unauthed
2026-09-01 18:28:19	NETWORK	gbio	attempt=1	proxy=http://wiw4v7duaymysz9-session-1ddb0b4e9e78-lifetime-10:***@rp.scrapegw.com:6060	ConnectionTimeoutError: Connection timeout to host https://discord.com/api/v9/unique-username/username-attempt-unauthed
2026-09-01 18:28:19	NETWORK	gbbk	attempt=1	proxy=http://wiw4v7duaymysz9-session-e0878f55313b-lifetime-10:***@rp.scrapegw.com:6060	ConnectionTimeoutError: Connection timeout to host https://discord.com/api/v9/unique-username/username-attempt-unauthed
2026-09-01 18:28:19	NETWORK	gbbz	attempt=1	proxy=http://wiw4v7duaymysz9-session-ff2b6bbad1a7-lifetime-10:***@rp.scrapegw.com:6060	ConnectionTimeoutError: Connection timeout to host https://discord.com/api/v9/unique-username/username-attempt-unauthed
2026-09-01 18:28:19	NETWORK	gayi	attempt=1	proxy=http://wiw4v7duaymysz9-session-74b0c0aa240c-lifetime-10:***@rp.scrapegw.com:6060	ConnectionTimeoutError: Connection timeout to host https://discord.com/api/v9/unique-username/username-attempt-unauthed
2026-09-01 18:28:19	NETWORK	gbcb	attempt=1	proxy=http://wiw4v7duaymysz9-session-cedce8ff8276-lifetime-10:***@rp.scrapegw.com:6060	ConnectionTimeoutError: Connection timeout to host https://discord.com/api/v9/unique-username/username-attempt-unauthed
2026-09-01 18:28:19	NETWORK	gbbu	attempt=1	proxy=http://wiw4v7duaymysz9-session-b07a0de35cfd-lifetime-10:***@rp.scrapegw.com:6060	ConnectionTimeoutError: Connection timeout to host https://discord.com/api/v9/unique-username/username-attempt-unauthed
2026-09-01 18:28:19	NETWORK	gbds	attempt=1	proxy=http://wiw4v7duaymysz9-session-54451d162d17-lifetime-10:***@rp.scrapegw.com:6060	ConnectionTimeoutError: Connection timeout to host https://discord.com/api/v9/unique-username/username-attempt-unauthed
2026-09-01 18:28:19	NETWORK	gayz	attempt=1	proxy=http://wiw4v7duaymysz9-session-3f13b426fe39-lifetime-10:***@rp.scrapegw.com:6060	ConnectionTimeoutError: Connection timeout to host https://discord.com/api/v9/unique-username/username-attempt-unauthed
2026-09-01 18:28:19	NETWORK	gayv	attempt=1	proxy=http://wiw4v7duaymysz9-session-8dfd973554b9-lifetime-10:***@rp.scrapegw.com:6060	ConnectionTimeoutError: Connection timeout to host https://discord.com/api/v9/unique-username/username-attempt-unauthed
2026-09-01 18:28:19	NETWORK	gayd	attempt=1	proxy=http://wiw4v7duaymysz9-session-f1009b3b1805-lifetime-10:***@rp.scrapegw.com:6060	ConnectionTimeoutError: Connection timeout to host https://discord.com/api/v9/unique-username/username-attempt-unauthed
2026-09-01 18:28:19	NETWORK	gbjj	attempt=1	proxy=http://wiw4v7duaymysz9-session-33ba714035a4-lifetime-10:***@rp.scrapegw.com:6060	ConnectionTimeoutError: Connection timeout to host https://discord.com/api/v9/unique-username/username-attempt-unauthed
2026-09-01 18:28:19	NETWORK	gbje	attempt=1	proxy=http://wiw4v7duaymysz9-session-55c9375aec76-lifetime-10:***@rp.scrapegw.com:6060	ConnectionTimeoutError: Connection timeout to host https://discord.com/api/v9/unique-username/username-attempt-unauthed
2026-09-01 18:28:19	NETWORK	gbjd	attempt=1	proxy=http://wiw4v7duaymysz9-session-bce933f3cad8-lifetime-10:***@rp.scrapegw.com:6060	ConnectionTimeoutError: Connection timeout to host https://discord.com/api/v9/unique-username/username-attempt-unauthed
2026-09-01 18:28:19	NETWORK	gbhm	attempt=1	proxy=http://wiw4v7duaymysz9-session-507e567e90c5-lifetime-10:***@rp.scrapegw.com:6060	ConnectionTimeoutError: Connection timeout to host https://discord.com/api/v9/unique-username/username-attempt-unauthed
2026-09-01 18:28:19	NETWORK	gbhs	attempt=1	proxy=http://wiw4v7duaymysz9-session-44a92a4d0128-lifetime-10:***@rp.scrapegw.com:6060	ConnectionTimeoutError: Connection timeout to host https://discord.com/api/v9/unique-username/username-attempt-unauthed
2026-09-01 18:28:19	NETWORK	gbgm	attempt=1	proxy=http://wiw4v7duaymysz9-session-d9cff2f9f5a2-lifetime-10:***@rp.scrapegw.com:6060	ConnectionTimeoutError: Connection timeout to host https://discord.com/api/v9/unique-username/username-attempt-unauthed
2026-09-01 18:28:19	NETWORK	gbjm	attempt=1	proxy=http://wiw4v7duaymysz9-session-5ef1600cab2c-lifetime-10:***@rp.scrapegw.com:6060	ConnectionTimeoutError: Connection timeout to host https://discord.com/api/v9/unique-username/username-attempt-unauthed
2026-09-01 18:28:19	NETWORK	gbgc	attempt=1	proxy=http://wiw4v7duaymysz9-session-81cabb19afa6-lifetime-10:***@rp.scrapegw.com:6060	ConnectionTimeoutError: Connection timeout to host https://discord.com/api/v9/unique-username/username-attempt-unauthed
2026-09-01 18:28:19	NETWORK	gbff	attempt=1	proxy=http://wiw4v7duaymysz9-session-8e2e6f166205-lifetime-10:***@rp.scrapegw.com:6060	ConnectionTimeoutError: Connection timeout to host https://discord.com/api/v9/unique-username/username-attempt-unauthed
2026-09-01 18:28:19	NETWORK	gbca	attempt=1	proxy=http://wiw4v7duaymysz9-session-cffd93108f6d-lifetime-10:***@rp.scrapegw.com:6060	ConnectionTimeoutError: Connection timeout to host https://discord.com/api/v9/unique-username/username-attempt-unauthed
2026-09-01 18:28:19	NETWORK	gbby	attempt=1	proxy=http://wiw4v7duaymysz9-session-3a97c861cdcf-lifetime-10:***@rp.scrapegw.com:6060	ConnectionTimeoutError: Connection timeout to host https://discord.com/api/v9/unique-username/username-attempt-unauthed
2026-09-01 18:28:19	NETWORK	gbdr	attempt=1	proxy=http://wiw4v7duaymysz9-session-fb146d9e8019-lifetime-10:***@rp.scrapegw.com:6060	ConnectionTimeoutError: Connection timeout to host https://discord.com/api/v9/unique-username/username-attempt-unauthed
2026-09-01 18:28:19	NETWORK	gbay	attempt=1	proxy=http://wiw4v7duaymysz9-session-54213d9160fe-lifetime-10:***@rp.scrapegw.com:6060	ConnectionTimeoutError: Connection timeout to host https://discord.com/api/v9/unique-username/username-attempt-unauthed
2026-09-01 18:28:19	NETWORK	gbaq	attempt=1	proxy=http://wiw4v7duaymysz9-session-69ed0d77298a-lifetime-10:***@rp.scrapegw.com:6060	ConnectionTimeoutError: Connection timeout to host https://discord.com/api/v9/unique-username/username-attempt-unauthed
2026-09-01 18:28:19	NETWORK	gazz	attempt=1	proxy=http://wiw4v7duaymysz9-session-485e2f368be3-lifetime-10:***@rp.scrapegw.com:6060	ConnectionTimeoutError: Connection timeout to host https://discord.com/api/v9/unique-username/username-attempt-unauthed
2026-09-01 18:28:19	NETWORK	gbfv	attempt=1	proxy=http://wiw4v7duaymysz9-session-92e67590705a-lifetime-10:***@rp.scrapegw.com:6060	ConnectionTimeoutError: Connection timeout to host https://discord.com/api/v9/unique-username/username-attempt-unauthed
2026-09-01 18:28:19	NETWORK	gayt	attempt=1	proxy=http://wiw4v7duaymysz9-session-717f28ee88f1-lifetime-10:***@rp.scrapegw.com:6060	ConnectionTimeoutError: Connection timeout to host https://discord.com/api/v9/unique-username/username-attempt-unauthed
2026-09-01 18:28:19	NETWORK	gbcx	attempt=1	proxy=http://wiw4v7duaymysz9-session-04cba2b6bb0f-lifetime-10:***@rp.scrapegw.com:6060	ConnectionTimeoutError: Connection timeout to host https://discord.com/api/v9/unique-username/username-attempt-unauthed
2026-09-01 18:28:19	NETWORK	gbjp	attempt=1	proxy=http://wiw4v7duaymysz9-session-37c4bdae6f40-lifetime-10:***@rp.scrapegw.com:6060	ConnectionTimeoutError: Connection timeout to host https://discord.com/api/v9/unique-username/username-attempt-unauthed
2026-09-01 18:28:19	NETWORK	gbhd	attempt=1	proxy=http://wiw4v7duaymysz9-session-8e195cc89c8b-lifetime-10:***@rp.scrapegw.com:6060	ConnectionTimeoutError: Connection timeout to host https://discord.com/api/v9/unique-username/username-attempt-unauthed
2026-09-01 18:28:19	NETWORK	gbjq	attempt=1	proxy=http://wiw4v7duaymysz9-session-98375f7508a9-lifetime-10:***@rp.scrapegw.com:6060	ConnectionTimeoutError: Connection timeout to host https://discord.com/api/v9/unique-username/username-attempt-unauthed
2026-09-01 18:28:19	NETWORK	gbpj	attempt=1	proxy=http://wiw4v7duaymysz9-session-0c9405025ff4-lifetime-10:***@rp.scrapegw.com:6060	ClientConnectorError: Cannot connect to host discord.com:443 ssl:default [Connection reset by peer]
2026-09-01 18:28:19	HTTP_429	gehd	attempt=1	proxy=http://wiw4v7duaymysz9-session-2553e309b9ef-lifetime-10:***@rp.scrapegw.com:6060	scope=shared global=False retry_after=2073.00s
2026-09-01 18:28:20	HTTP_429	gejr	attempt=1	proxy=http://wiw4v7duaymysz9-session-1ace011ef233-lifetime-10:***@rp.scrapegw.com:6060	scope=shared global=False retry_after=2068.00s
2026-09-01 18:28:20	NETWORK	gcpi	attempt=1	proxy=http://wiw4v7duaymysz9-session-27200a61d796-lifetime-10:***@rp.scrapegw.com:6060	ClientConnectorError: Cannot connect to host discord.com:443 ssl:default [Connection reset by peer]
2026-09-01 18:28:20	NETWORK	gcew	attempt=1	proxy=http://wiw4v7duaymysz9-session-bb5c57c68519-lifetime-10:***@rp.scrapegw.com:6060	ClientConnectorError: Cannot connect to host discord.com:443 ssl:default [Connection reset by peer]
2026-09-01 18:28:20	HTTP_429	gemj	attempt=1	proxy=http://wiw4v7duaymysz9-session-641b9b32d796-lifetime-10:***@rp.scrapegw.com:6060	scope=shared global=False retry_after=2068.00s
2026-09-01 18:28:20	HTTP_429	gcpe	attempt=1	proxy=http://wiw4v7duaymysz9-session-9b7dace05629-lifetime-10:***@rp.scrapegw.com:6060	scope=shared global=False retry_after=424.00s
2026-09-01 18:28:20	NETWORK	gbnz	attempt=1	proxy=http://wiw4v7duaymysz9-session-2d648eb7a245-lifetime-10:***@rp.scrapegw.com:6060	ConnectionTimeoutError: Connection timeout to host https://discord.com/api/v9/unique-username/username-attempt-unauthed
2026-09-01 18:28:20	NETWORK	gbno	attempt=1	proxy=http://wiw4v7duaymysz9-session-e7666f5d8745-lifetime-10:***@rp.scrapegw.com:6060	ConnectionTimeoutError: Connection timeout to host https://discord.com/api/v9/unique-username/username-attempt-unauthed
2026-09-01 18:28:20	NETWORK	gbmr	attempt=1	proxy=http://wiw4v7duaymysz9-session-4ffb79afe08b-lifetime-10:***@rp.scrapegw.com:6060	ConnectionTimeoutError: Connection timeout to host https://discord.com/api/v9/unique-username/username-attempt-unauthed
2026-09-01 18:28:20	NETWORK	gbor	attempt=1	proxy=http://wiw4v7duaymysz9-session-e245311d1b04-lifetime-10:***@rp.scrapegw.com:6060	ConnectionTimeoutError: Connection timeout to host https://discord.com/api/v9/unique-username/username-attempt-unauthed
2026-09-01 18:28:20	NETWORK	gbnl	attempt=1	proxy=http://wiw4v7duaymysz9-session-22c5dd045394-lifetime-10:***@rp.scrapegw.com:6060	ConnectionTimeoutError: Connection timeout to host https://discord.com/api/v9/unique-username/username-attempt-unauthed
2026-09-01 18:28:20	NETWORK	gbne	attempt=1	proxy=http://wiw4v7duaymysz9-session-73c8dee5981b-lifetime-10:***@rp.scrapegw.com:6060	ConnectionTimeoutError: Connection timeout to host https://discord.com/api/v9/unique-username/username-attempt-unauthed
2026-09-01 18:28:20	NETWORK	gbmg	attempt=1	proxy=http://wiw4v7duaymysz9-session-bb919d117f76-lifetime-10:***@rp.scrapegw.com:6060	ConnectionTimeoutError: Connection timeout to host https://discord.com/api/v9/unique-username/username-attempt-unauthed
2026-09-01 18:28:20	NETWORK	gbkw	attempt=1	proxy=http://wiw4v7duaymysz9-session-53682f3f7fa2-lifetime-10:***@rp.scrapegw.com:6060	ConnectionTimeoutError: Connection timeout to host https://discord.com/api/v9/unique-username/username-attempt-unauthed
2026-09-01 18:28:20	NETWORK	gbkt	attempt=1	proxy=http://wiw4v7duaymysz9-session-1006c3dddee6-lifetime-10:***@rp.scrapegw.com:6060	ConnectionTimeoutError: Connection timeout to host https://discord.com/api/v9/unique-username/username-attempt-unauthed
2026-09-01 18:28:20	NETWORK	gbmy	attempt=1	proxy=http://wiw4v7duaymysz9-session-27160b434fce-lifetime-10:***@rp.scrapegw.com:6060	ConnectionTimeoutError: Connection timeout to host https://discord.com/api/v9/unique-username/username-attempt-unauthed
2026-09-01 18:28:20	NETWORK	gbme	attempt=1	proxy=http://wiw4v7duaymysz9-session-3bd073835302-lifetime-10:***@rp.scrapegw.com:6060	ConnectionTimeoutError: Connection timeout to host https://discord.com/api/v9/unique-username/username-attempt-unauthed
2026-09-01 18:28:20	NETWORK	gbmj	attempt=1	proxy=http://wiw4v7duaymysz9-session-5fb038ac62ba-lifetime-10:***@rp.scrapegw.com:6060	ConnectionTimeoutError: Connection timeout to host https://discord.com/api/v9/unique-username/username-attempt-unauthed
2026-09-01 18:28:20	NETWORK	gbqx	attempt=1	proxy=http://wiw4v7duaymysz9-session-7833d8fe3408-lifetime-10:***@rp.scrapegw.com:6060	ConnectionTimeoutError: Connection timeout to host https://discord.com/api/v9/unique-username/username-attempt-unauthed
2026-09-01 18:28:20	NETWORK	gbrl	attempt=1	proxy=http://wiw4v7duaymysz9-session-1b31432036d2-lifetime-10:***@rp.scrapegw.com:6060	ConnectionTimeoutError: Connection timeout to host https://discord.com/api/v9/unique-username/username-attempt-unauthed
2026-09-01 18:28:20	NETWORK	gbqd	attempt=1	proxy=http://wiw4v7duaymysz9-session-432319b10242-lifetime-10:***@rp.scrapegw.com:6060	ConnectionTimeoutError: Connection timeout to host https://discord.com/api/v9/unique-username/username-attempt-unauthed
2026-09-01 18:28:20	NETWORK	gbrj	attempt=1	proxy=http://wiw4v7duaymysz9-session-672b5b2ba3ec-lifetime-10:***@rp.scrapegw.com:6060	ConnectionTimeoutError: Connection timeout to host https://discord.com/api/v9/unique-username/username-attempt-unauthed
2026-09-01 18:28:20	NETWORK	gbpu	attempt=1	proxy=http://wiw4v7duaymysz9-session-138206e79d02-lifetime-10:***@rp.scrapegw.com:6060	ConnectionTimeoutError: Connection timeout to host https://discord.com/api/v9/unique-username/username-attempt-unauthed
2026-09-01 18:28:20	NETWORK	gbqi	attempt=1	proxy=http://wiw4v7duaymysz9-session-44d26afb2c8b-lifetime-10:***@rp.scrapegw.com:6060	ConnectionTimeoutError: Connection timeout to host https://discord.com/api/v9/unique-username/username-attempt-unauthed
2026-09-01 18:28:20	NETWORK	gbky	attempt=1	proxy=http://wiw4v7duaymysz9-session-cb405b45e336-lifetime-10:***@rp.scrapegw.com:6060	ConnectionTimeoutError: Connection timeout to host https://discord.com/api/v9/unique-username/username-attempt-unauthed
2026-09-01 18:28:20	NETWORK	gbmo	attempt=1	proxy=http://wiw4v7duaymysz9-session-d09302764a21-lifetime-10:***@rp.scrapegw.com:6060	ConnectionTimeoutError: Connection timeout to host https://discord.com/api/v9/unique-username/username-attempt-unauthed
2026-09-01 18:28:20	NETWORK	gbpz	attempt=1	proxy=http://wiw4v7duaymysz9-session-9f63d129b42b-lifetime-10:***@rp.scrapegw.com:6060	ConnectionTimeoutError: Connection timeout to host https://discord.com/api/v9/unique-username/username-attempt-unauthed
2026-09-01 18:28:20	NETWORK	gbod	attempt=1	proxy=http://wiw4v7duaymysz9-session-7935436410f3-lifetime-10:***@rp.scrapegw.com:6060	ConnectionTimeoutError: Connection timeout to host https://discord.com/api/v9/unique-username/username-attempt-unauthed
2026-09-01 18:28:20	NETWORK	gbln	attempt=1	proxy=http://wiw4v7duaymysz9-session-ff6835545355-lifetime-10:***@rp.scrapegw.com:6060	ConnectionTimeoutError: Connection timeout to host https://discord.com/api/v9/unique-username/username-attempt-unauthed
2026-09-01 18:28:20	NETWORK	gbly	attempt=1	proxy=http://wiw4v7duaymysz9-session-6f12ed1aa3d3-lifetime-10:***@rp.scrapegw.com:6060	ConnectionTimeoutError: Connection timeout to host https://discord.com/api/v9/unique-username/username-attempt-unauthed
2026-09-01 18:28:20	NETWORK	gboh	attempt=1	proxy=http://wiw4v7duaymysz9-session-e359d304723d-lifetime-10:***@rp.scrapegw.com:6060	ConnectionTimeoutError: Connection timeout to host https://discord.com/api/v9/unique-username/username-attempt-unauthed
2026-09-01 18:28:20	NETWORK	gbnn	attempt=1	proxy=http://wiw4v7duaymysz9-session-88680cb3b615-lifetime-10:***@rp.scrapegw.com:6060	ConnectionTimeoutError: Connection timeout to host https://discord.com/api/v9/unique-username/username-attempt-unauthed
2026-09-01 18:28:20	NETWORK	gbkc	attempt=1	proxy=http://wiw4v7duaymysz9-session-b2013d80704e-lifetime-10:***@rp.scrapegw.com:6060	ConnectionTimeoutError: Connection timeout to host https://discord.com/api/v9/unique-username/username-attempt-unauthed
2026-09-01 18:28:20	NETWORK	gbmh	attempt=1	proxy=http://wiw4v7duaymysz9-session-9a6c07fa85b5-lifetime-10:***@rp.scrapegw.com:6060	ConnectionTimeoutError: Connection timeout to host https://discord.com/api/v9/unique-username/username-attempt-unauthed
2026-09-01 18:28:21	NETWORK	gbsj	attempt=1	proxy=http://wiw4v7duaymysz9-session-d9417961360f-lifetime-10:***@rp.scrapegw.com:6060	ClientConnectorError: Cannot connect to host discord.com:443 ssl:default [Connection reset by peer]
2026-09-01 18:28:21	HTTP_429	getk	attempt=1	proxy=http://wiw4v7duaymysz9-session-49b7265f10f4-lifetime-10:***@rp.scrapegw.com:6060	scope=shared global=False retry_after=2069.00s
2026-09-01 18:28:21	HTTP_429	geti	attempt=1	proxy=http://wiw4v7duaymysz9-session-e12ecfc3bdfc-lifetime-10:***@rp.scrapegw.com:6060	scope=shared global=False retry_after=2073.00s
2026-09-01 18:28:21	NETWORK	gbwj	attempt=1	proxy=http://wiw4v7duaymysz9-session-8439a41e2a36-lifetime-10:***@rp.scrapegw.com:6060	ConnectionTimeoutError: Connection timeout to host https://discord.com/api/v9/unique-username/username-attempt-unauthed
2026-09-01 18:28:21	NETWORK	gbyo	attempt=1	proxy=http://wiw4v7duaymysz9-session-d5258a04b9f8-lifetime-10:***@rp.scrapegw.com:6060	ConnectionTimeoutError: Connection timeout to host https://discord.com/api/v9/unique-username/username-attempt-unauthed
2026-09-01 18:28:21	NETWORK	gbwv	attempt=1	proxy=http://wiw4v7duaymysz9-session-cd7fdfe52c3f-lifetime-10:***@rp.scrapegw.com:6060	ConnectionTimeoutError: Connection timeout to host https://discord.com/api/v9/unique-username/username-attempt-unauthed
2026-09-01 18:28:21	NETWORK	gbxy	attempt=1	proxy=http://wiw4v7duaymysz9-session-c5a45dbb3d87-lifetime-10:***@rp.scrapegw.com:6060	ConnectionTimeoutError: Connection timeout to host https://discord.com/api/v9/unique-username/username-attempt-unauthed
2026-09-01 18:28:21	NETWORK	gbua	attempt=1	proxy=http://wiw4v7duaymysz9-session-69cae632dc4e-lifetime-10:***@rp.scrapegw.com:6060	ConnectionTimeoutError: Connection timeout to host https://discord.com/api/v9/unique-username/username-attempt-unauthed
2026-09-01 18:28:21	NETWORK	gbwn	attempt=1	proxy=http://wiw4v7duaymysz9-session-b61e205f7c28-lifetime-10:***@rp.scrapegw.com:6060	ConnectionTimeoutError: Connection timeout to host https://discord.com/api/v9/unique-username/username-attempt-unauthed
2026-09-01 18:28:21	NETWORK	gbwi	attempt=1	proxy=http://wiw4v7duaymysz9-session-5e84c15f2bb3-lifetime-10:***@rp.scrapegw.com:6060	ConnectionTimeoutError: Connection timeout to host https://discord.com/api/v9/unique-username/username-attempt-unauthed
2026-09-01 18:28:21	NETWORK	gbuh	attempt=1	proxy=http://wiw4v7duaymysz9-session-3d2a6fed1a33-lifetime-10:***@rp.scrapegw.com:6060	ConnectionTimeoutError: Connection timeout to host https://discord.com/api/v9/unique-username/username-attempt-unauthed
2026-09-01 18:28:21	NETWORK	gbwh	attempt=1	proxy=http://wiw4v7duaymysz9-session-856911c3a55c-lifetime-10:***@rp.scrapegw.com:6060	ConnectionTimeoutError: Connection timeout to host https://discord.com/api/v9/unique-username/username-attempt-unauthed
2026-09-01 18:28:21	NETWORK	gbrp	attempt=1	proxy=http://wiw4v7duaymysz9-session-c11838affa5b-lifetime-10:***@rp.scrapegw.com:6060	ConnectionTimeoutError: Connection timeout to host https://discord.com/api/v9/unique-username/username-attempt-unauthed
2026-09-01 18:28:21	NETWORK	gbun	attempt=1	proxy=http://wiw4v7duaymysz9-session-18260bf85463-lifetime-10:***@rp.scrapegw.com:6060	ConnectionTimeoutError: Connection timeout to host https://discord.com/api/v9/unique-username/username-attempt-unauthed
2026-09-01 18:28:21	NETWORK	gbxr	attempt=1	proxy=http://wiw4v7duaymysz9-session-fb55c20a8225-lifetime-10:***@rp.scrapegw.com:6060	ConnectionTimeoutError: Connection timeout to host https://discord.com/api/v9/unique-username/username-attempt-unauthed
2026-09-01 18:28:21	NETWORK	gbzx	attempt=1	proxy=http://wiw4v7duaymysz9-session-b155199c5323-lifetime-10:***@rp.scrapegw.com:6060	ConnectionTimeoutError: Connection timeout to host https://discord.com/api/v9/unique-username/username-attempt-unauthed
2026-09-01 18:28:21	NETWORK	gbtw	attempt=1	proxy=http://wiw4v7duaymysz9-session-037cfdcf5dde-lifetime-10:***@rp.scrapegw.com:6060	ConnectionTimeoutError: Connection timeout to host https://discord.com/api/v9/unique-username/username-attempt-unauthed
2026-09-01 18:28:21	NETWORK	gbtd	attempt=1	proxy=http://wiw4v7duaymysz9-session-26b1f6af3583-lifetime-10:***@rp.scrapegw.com:6060	ConnectionTimeoutError: Connection timeout to host https://discord.com/api/v9/unique-username/username-attempt-unauthed
2026-09-01 18:28:21	NETWORK	gbzj	attempt=1	proxy=http://wiw4v7duaymysz9-session-ddbd4d0645f0-lifetime-10:***@rp.scrapegw.com:6060	ConnectionTimeoutError: Connection timeout to host https://discord.com/api/v9/unique-username/username-attempt-unauthed
2026-09-01 18:28:21	NETWORK	gbxs	attempt=1	proxy=http://wiw4v7duaymysz9-session-2b3e31cab85a-lifetime-10:***@rp.scrapegw.com:6060	ConnectionTimeoutError: Connection timeout to host https://discord.com/api/v9/unique-username/username-attempt-unauthed
2026-09-01 18:28:21	NETWORK	gbxz	attempt=1	proxy=http://wiw4v7duaymysz9-session-ee19c530b4c2-lifetime-10:***@rp.scrapegw.com:6060	ConnectionTimeoutError: Connection timeout to host https://discord.com/api/v9/unique-username/username-attempt-unauthed
2026-09-01 18:28:21	NETWORK	gbvc	attempt=1	proxy=http://wiw4v7duaymysz9-session-af82fb5be8bf-lifetime-10:***@rp.scrapegw.com:6060	ConnectionTimeoutError: Connection timeout to host https://discord.com/api/v9/unique-username/username-attempt-unauthed
2026-09-01 18:28:21	NETWORK	gbtv	attempt=1	proxy=http://wiw4v7duaymysz9-session-d41e16342be9-lifetime-10:***@rp.scrapegw.com:6060	ConnectionTimeoutError: Connection timeout to host https://discord.com/api/v9/unique-username/username-attempt-unauthed
2026-09-01 18:28:21	NETWORK	gbtp	attempt=1	proxy=http://wiw4v7duaymysz9-session-11583e1202d6-lifetime-10:***@rp.scrapegw.com:6060	ConnectionTimeoutError: Connection timeout to host https://discord.com/api/v9/unique-username/username-attempt-unauthed
2026-09-01 18:28:21	NETWORK	gbvv	attempt=1	proxy=http://wiw4v7duaymysz9-session-9e0e590178c6-lifetime-10:***@rp.scrapegw.com:6060	ConnectionTimeoutError: Connection timeout to host https://discord.com/api/v9/unique-username/username-attempt-unauthed
2026-09-01 18:28:21	NETWORK	gbsa	attempt=1	proxy=http://wiw4v7duaymysz9-session-555e48f66d50-lifetime-10:***@rp.scrapegw.com:6060	ConnectionTimeoutError: Connection timeout to host https://discord.com/api/v9/unique-username/username-attempt-unauthed
2026-09-01 18:28:21	NETWORK	gbvs	attempt=1	proxy=http://wiw4v7duaymysz9-session-4b5bfaeac20f-lifetime-10:***@rp.scrapegw.com:6060	ConnectionTimeoutError: Connection timeout to host https://discord.com/api/v9/unique-username/username-attempt-unauthed
2026-09-01 18:28:21	NETWORK	gbsv	attempt=1	proxy=http://wiw4v7duaymysz9-session-fc160e632a00-lifetime-10:***@rp.scrapegw.com:6060	ConnectionTimeoutError: Connection timeout to host https://discord.com/api/v9/unique-username/username-attempt-unauthed
2026-09-01 18:28:21	NETWORK	gbvd	attempt=1	proxy=http://wiw4v7duaymysz9-session-988e907c9836-lifetime-10:***@rp.scrapegw.com:6060	ConnectionTimeoutError: Connection timeout to host https://discord.com/api/v9/unique-username/username-attempt-unauthed
2026-09-01 18:28:21	NETWORK	gbui	attempt=1	proxy=http://wiw4v7duaymysz9-session-36a6f32d39e9-lifetime-10:***@rp.scrapegw.com:6060	ConnectionTimeoutError: Connection timeout to host https://discord.com/api/v9/unique-username/username-attempt-unauthed
2026-09-01 18:28:21	NETWORK	gbux	attempt=1	proxy=http://wiw4v7duaymysz9-session-74f201c25a8d-lifetime-10:***@rp.scrapegw.com:6060	ConnectionTimeoutError: Connection timeout to host https://discord.com/api/v9/unique-username/username-attempt-unauthed
2026-09-01 18:28:21	NETWORK	gbxi	attempt=1	proxy=http://wiw4v7duaymysz9-session-d4abda95132d-lifetime-10:***@rp.scrapegw.com:6060	ConnectionTimeoutError: Connection timeout to host https://discord.com/api/v9/unique-username/username-attempt-unauthed
2026-09-01 18:28:21	NETWORK	gbyq	attempt=1	proxy=http://wiw4v7duaymysz9-session-605d87251bec-lifetime-10:***@rp.scrapegw.com:6060	ConnectionTimeoutError: Connection timeout to host https://discord.com/api/v9/unique-username/username-attempt-unauthed
2026-09-01 18:28:21	NETWORK	gbyu	attempt=1	proxy=http://wiw4v7duaymysz9-session-701dcd243f2f-lifetime-10:***@rp.scrapegw.com:6060	ConnectionTimeoutError: Connection timeout to host https://discord.com/api/v9/unique-username/username-attempt-unauthed
2026-09-01 18:28:21	NETWORK	gbuj	attempt=1	proxy=http://wiw4v7duaymysz9-session-7410a50c623a-lifetime-10:***@rp.scrapegw.com:6060	ConnectionTimeoutError: Connection timeout to host https://discord.com/api/v9/unique-username/username-attempt-unauthed
2026-09-01 18:28:21	NETWORK	gbyl	attempt=1	proxy=http://wiw4v7duaymysz9-session-cbd788bcfd37-lifetime-10:***@rp.scrapegw.com:6060	ConnectionTimeoutError: Connection timeout to host https://discord.com/api/v9/unique-username/username-attempt-unauthed
2026-09-01 18:28:21	NETWORK	gctx	attempt=1	proxy=http://wiw4v7duaymysz9-session-74b0c0aa240c-lifetime-10:***@rp.scrapegw.com:6060	ClientConnectorError: Cannot connect to host discord.com:443 ssl:default [Connection reset by peer]
2026-09-01 18:28:22	HTTP_429	gewt	attempt=1	proxy=http://wiw4v7duaymysz9-session-c94c8bfdb87f-lifetime-10:***@rp.scrapegw.com:6060	scope=shared global=False retry_after=2064.00s
2026-09-01 18:28:22	HTTP_429	gedn	attempt=1	proxy=http://wiw4v7duaymysz9-session-e74ac783ab19-lifetime-10:***@rp.scrapegw.com:6060	scope=shared global=False retry_after=949.00s
2026-09-01 18:28:22	HTTP_429	gdpb	attempt=1	proxy=http://wiw4v7duaymysz9-session-35302099d9b1-lifetime-10:***@rp.scrapegw.com:6060	scope=shared global=False retry_after=2027.00s
2026-09-01 18:28:22	HTTP_429	geza	attempt=1	proxy=http://wiw4v7duaymysz9-session-ea4d00e7347c-lifetime-10:***@rp.scrapegw.com:6060	scope=shared global=False retry_after=606.00s
2026-09-01 18:28:22	NETWORK	gcfd	attempt=1	proxy=http://wiw4v7duaymysz9-session-2f17f33634d9-lifetime-10:***@rp.scrapegw.com:6060	ConnectionTimeoutError: Connection timeout to host https://discord.com/api/v9/unique-username/username-attempt-unauthed
2026-09-01 18:28:22	NETWORK	gcfr	attempt=1	proxy=http://wiw4v7duaymysz9-session-1abe8de42d47-lifetime-10:***@rp.scrapegw.com:6060	ConnectionTimeoutError: Connection timeout to host https://discord.com/api/v9/unique-username/username-attempt-unauthed
2026-09-01 18:28:22	NETWORK	gcbc	attempt=1	proxy=http://wiw4v7duaymysz9-session-b62c55e262e2-lifetime-10:***@rp.scrapegw.com:6060	ConnectionTimeoutError: Connection timeout to host https://discord.com/api/v9/unique-username/username-attempt-unauthed
2026-09-01 18:28:22	NETWORK	gcaw	attempt=1	proxy=http://wiw4v7duaymysz9-session-f664efa61e86-lifetime-10:***@rp.scrapegw.com:6060	ConnectionTimeoutError: Connection timeout to host https://discord.com/api/v9/unique-username/username-attempt-unauthed
2026-09-01 18:28:22	NETWORK	gcef	attempt=1	proxy=http://wiw4v7duaymysz9-session-4b59b2083673-lifetime-10:***@rp.scrapegw.com:6060	ConnectionTimeoutError: Connection timeout to host https://discord.com/api/v9/unique-username/username-attempt-unauthed
2026-09-01 18:28:22	NETWORK	gcap	attempt=1	proxy=http://wiw4v7duaymysz9-session-880a35ddc830-lifetime-10:***@rp.scrapegw.com:6060	ConnectionTimeoutError: Connection timeout to host https://discord.com/api/v9/unique-username/username-attempt-unauthed
2026-09-01 18:28:22	NETWORK	gchm	attempt=1	proxy=http://wiw4v7duaymysz9-session-93171bd5a1a9-lifetime-10:***@rp.scrapegw.com:6060	ConnectionTimeoutError: Connection timeout to host https://discord.com/api/v9/unique-username/username-attempt-unauthed
2026-09-01 18:28:22	NETWORK	gcgk	attempt=1	proxy=http://wiw4v7duaymysz9-session-b5327f816df2-lifetime-10:***@rp.scrapegw.com:6060	ConnectionTimeoutError: Connection timeout to host https://discord.com/api/v9/unique-username/username-attempt-unauthed
2026-09-01 18:28:22	NETWORK	gcdc	attempt=1	proxy=http://wiw4v7duaymysz9-session-bdcf6843643c-lifetime-10:***@rp.scrapegw.com:6060	ConnectionTimeoutError: Connection timeout to host https://discord.com/api/v9/unique-username/username-attempt-unauthed
2026-09-01 18:28:22	NETWORK	gces	attempt=1	proxy=http://wiw4v7duaymysz9-session-b4259354f7d2-lifetime-10:***@rp.scrapegw.com:6060	ConnectionTimeoutError: Connection timeout to host https://discord.com/api/v9/unique-username/username-attempt-unauthed
2026-09-01 18:28:22	NETWORK	gcdv	attempt=1	proxy=http://wiw4v7duaymysz9-session-2c7faeba6899-lifetime-10:***@rp.scrapegw.com:6060	ConnectionTimeoutError: Connection timeout to host https://discord.com/api/v9/unique-username/username-attempt-unauthed
2026-09-01 18:28:22	NETWORK	gchh	attempt=1	proxy=http://wiw4v7duaymysz9-session-60b751007487-lifetime-10:***@rp.scrapegw.com:6060	ConnectionTimeoutError: Connection timeout to host https://discord.com/api/v9/unique-username/username-attempt-unauthed
2026-09-01 18:28:22	NETWORK	gcfx	attempt=1	proxy=http://wiw4v7duaymysz9-session-da750087dff4-lifetime-10:***@rp.scrapegw.com:6060	ConnectionTimeoutError: Connection timeout to host https://discord.com/api/v9/unique-username/username-attempt-unauthed
2026-09-01 18:28:22	NETWORK	gcid	attempt=1	proxy=http://wiw4v7duaymysz9-session-4eff675cb02f-lifetime-10:***@rp.scrapegw.com:6060	ConnectionTimeoutError: Connection timeout to host https://discord.com/api/v9/unique-username/username-attempt-unauthed
2026-09-01 18:28:22	NETWORK	gcft	attempt=1	proxy=http://wiw4v7duaymysz9-session-63d57d8ab569-lifetime-10:***@rp.scrapegw.com:6060	ConnectionTimeoutError: Connection timeout to host https://discord.com/api/v9/unique-username/username-attempt-unauthed
2026-09-01 18:28:22	NETWORK	gcho	attempt=1	proxy=http://wiw4v7duaymysz9-session-e115a7b0f795-lifetime-10:***@rp.scrapegw.com:6060	ConnectionTimeoutError: Connection timeout to host https://discord.com/api/v9/unique-username/username-attempt-unauthed
2026-09-01 18:28:22	NETWORK	gchp	attempt=1	proxy=http://wiw4v7duaymysz9-session-69eb4155b844-lifetime-10:***@rp.scrapegw.com:6060	ConnectionTimeoutError: Connection timeout to host https://discord.com/api/v9/unique-username/username-attempt-unauthed
2026-09-01 18:28:22	NETWORK	gcej	attempt=1	proxy=http://wiw4v7duaymysz9-session-91f8aa907df7-lifetime-10:***@rp.scrapegw.com:6060	ConnectionTimeoutError: Connection timeout to host https://discord.com/api/v9/unique-username/username-attempt-unauthed
2026-09-01 18:28:22	NETWORK	gcif	attempt=1	proxy=http://wiw4v7duaymysz9-session-adfffb8971c1-lifetime-10:***@rp.scrapegw.com:6060	ConnectionTimeoutError: Connection timeout to host https://discord.com/api/v9/unique-username/username-attempt-unauthed
2026-09-01 18:28:22	NETWORK	gcca	attempt=1	proxy=http://wiw4v7duaymysz9-session-6db05fb06526-lifetime-10:***@rp.scrapegw.com:6060	ConnectionTimeoutError: Connection timeout to host https://discord.com/api/v9/unique-username/username-attempt-unauthed
2026-09-01 18:28:22	NETWORK	gcgr	attempt=1	proxy=http://wiw4v7duaymysz9-session-261b44992d34-lifetime-10:***@rp.scrapegw.com:6060	ConnectionTimeoutError: Connection timeout to host https://discord.com/api/v9/unique-username/username-attempt-unauthed
2026-09-01 18:28:22	NETWORK	gcfb	attempt=1	proxy=http://wiw4v7duaymysz9-session-238764aff887-lifetime-10:***@rp.scrapegw.com:6060	ConnectionTimeoutError: Connection timeout to host https://discord.com/api/v9/unique-username/username-attempt-unauthed
2026-09-01 18:28:22	NETWORK	gccy	attempt=1	proxy=http://wiw4v7duaymysz9-session-5253f0253fd1-lifetime-10:***@rp.scrapegw.com:6060	ConnectionTimeoutError: Connection timeout to host https://discord.com/api/v9/unique-username/username-attempt-unauthed
2026-09-01 18:28:22	NETWORK	gcdf	attempt=1	proxy=http://wiw4v7duaymysz9-session-83f5f8a1ee2f-lifetime-10:***@rp.scrapegw.com:6060	ConnectionTimeoutError: Connection timeout to host https://discord.com/api/v9/unique-username/username-attempt-unauthed
2026-09-01 18:28:22	NETWORK	gcay	attempt=1	proxy=http://wiw4v7duaymysz9-session-c83718732f71-lifetime-10:***@rp.scrapegw.com:6060	ConnectionTimeoutError: Connection timeout to host https://discord.com/api/v9/unique-username/username-attempt-unauthed
2026-09-01 18:28:22	NETWORK	gcdh	attempt=1	proxy=http://wiw4v7duaymysz9-session-f7734fc62ae5-lifetime-10:***@rp.scrapegw.com:6060	ConnectionTimeoutError: Connection timeout to host https://discord.com/api/v9/unique-username/username-attempt-unauthed
2026-09-01 18:28:22	NETWORK	gcez	attempt=1	proxy=http://wiw4v7duaymysz9-session-677b4bcde161-lifetime-10:***@rp.scrapegw.com:6060	ConnectionTimeoutError: Connection timeout to host https://discord.com/api/v9/unique-username/username-attempt-unauthed
2026-09-01 18:28:22	NETWORK	gcev	attempt=1	proxy=http://wiw4v7duaymysz9-session-dd300bd3a449-lifetime-10:***@rp.scrapegw.com:6060	ConnectionTimeoutError: Connection timeout to host https://discord.com/api/v9/unique-username/username-attempt-unauthed
2026-09-01 18:28:22	NETWORK	gcii	attempt=1	proxy=http://wiw4v7duaymysz9-session-407b909fd7cf-lifetime-10:***@rp.scrapegw.com:6060	ConnectionTimeoutError: Connection timeout to host https://discord.com/api/v9/unique-username/username-attempt-unauthed
2026-09-01 18:28:22	NETWORK	gcdo	attempt=1	proxy=http://wiw4v7duaymysz9-session-dc119269feaf-lifetime-10:***@rp.scrapegw.com:6060	ConnectionTimeoutError: Connection timeout to host https://discord.com/api/v9/unique-username/username-attempt-unauthed
2026-09-01 18:28:22	NETWORK	gcfl	attempt=1	proxy=http://wiw4v7duaymysz9-session-1f7455e4d809-lifetime-10:***@rp.scrapegw.com:6060	ConnectionTimeoutError: Connection timeout to host https://discord.com/api/v9/unique-username/username-attempt-unauthed
2026-09-01 18:28:22	NETWORK	gcbh	attempt=1	proxy=http://wiw4v7duaymysz9-session-35302099d9b1-lifetime-10:***@rp.scrapegw.com:6060	ConnectionTimeoutError: Connection timeout to host https://discord.com/api/v9/unique-username/username-attempt-unauthed
2026-09-01 18:28:22	NETWORK	gcib	attempt=1	proxy=http://wiw4v7duaymysz9-session-9d96c4dacd7a-lifetime-10:***@rp.scrapegw.com:6060	ConnectionTimeoutError: Connection timeout to host https://discord.com/api/v9/unique-username/username-attempt-unauthed
2026-09-01 18:28:22	NETWORK	gchg	attempt=1	proxy=http://wiw4v7duaymysz9-session-3d135e1a9e09-lifetime-10:***@rp.scrapegw.com:6060	ConnectionTimeoutError: Connection timeout to host https://discord.com/api/v9/unique-username/username-attempt-unauthed
2026-09-01 18:28:22	NETWORK	gccv	attempt=1	proxy=http://wiw4v7duaymysz9-session-5aa1a7e8c007-lifetime-10:***@rp.scrapegw.com:6060	ConnectionTimeoutError: Connection timeout to host https://discord.com/api/v9/unique-username/username-attempt-unauthed
2026-09-01 18:28:22	NETWORK	gcfu	attempt=1	proxy=http://wiw4v7duaymysz9-session-ef2239e583be-lifetime-10:***@rp.scrapegw.com:6060	ConnectionTimeoutError: Connection timeout to host https://discord.com/api/v9/unique-username/username-attempt-unauthed
2026-09-01 18:28:23	HTTP_429	gfdy	attempt=1	proxy=http://wiw4v7duaymysz9-session-215a53efc082-lifetime-10:***@rp.scrapegw.com:6060	scope=shared global=False retry_after=2066.00s
2026-09-01 18:28:23	HTTP_429	gfhg	attempt=1	proxy=http://wiw4v7duaymysz9-session-b5e0546feff0-lifetime-10:***@rp.scrapegw.com:6060	scope=shared global=False retry_after=2069.00s
2026-09-01 18:28:23	HTTP_429	gfjf	attempt=1	proxy=http://wiw4v7duaymysz9-session-af99658b9d1b-lifetime-10:***@rp.scrapegw.com:6060	scope=shared global=False retry_after=2063.00s
2026-09-01 18:28:23	NETWORK	gcmv	attempt=1	proxy=http://wiw4v7duaymysz9-session-78893483e6a0-lifetime-10:***@rp.scrapegw.com:6060	ConnectionTimeoutError: Connection timeout to host https://discord.com/api/v9/unique-username/username-attempt-unauthed
2026-09-01 18:28:23	NETWORK	gcmp	attempt=1	proxy=http://wiw4v7duaymysz9-session-1b5da2b1ca16-lifetime-10:***@rp.scrapegw.com:6060	ConnectionTimeoutError: Connection timeout to host https://discord.com/api/v9/unique-username/username-attempt-unauthed
2026-09-01 18:28:23	NETWORK	gciu	attempt=1	proxy=http://wiw4v7duaymysz9-session-750d36aec219-lifetime-10:***@rp.scrapegw.com:6060	ConnectionTimeoutError: Connection timeout to host https://discord.com/api/v9/unique-username/username-attempt-unauthed
2026-09-01 18:28:23	NETWORK	gclg	attempt=1	proxy=http://wiw4v7duaymysz9-session-b2a283c71b7c-lifetime-10:***@rp.scrapegw.com:6060	ConnectionTimeoutError: Connection timeout to host https://discord.com/api/v9/unique-username/username-attempt-unauthed
2026-09-01 18:28:23	NETWORK	gcnp	attempt=1	proxy=http://wiw4v7duaymysz9-session-64f396988e98-lifetime-10:***@rp.scrapegw.com:6060	ConnectionTimeoutError: Connection timeout to host https://discord.com/api/v9/unique-username/username-attempt-unauthed
2026-09-01 18:28:23	NETWORK	gcpu	attempt=1	proxy=http://wiw4v7duaymysz9-session-b40881c3be1c-lifetime-10:***@rp.scrapegw.com:6060	ConnectionTimeoutError: Connection timeout to host https://discord.com/api/v9/unique-username/username-attempt-unauthed
2026-09-01 18:28:23	NETWORK	gcin	attempt=1	proxy=http://wiw4v7duaymysz9-session-7c412063de9e-lifetime-10:***@rp.scrapegw.com:6060	ConnectionTimeoutError: Connection timeout to host https://discord.com/api/v9/unique-username/username-attempt-unauthed
2026-09-01 18:28:23	NETWORK	gcip	attempt=1	proxy=http://wiw4v7duaymysz9-session-af9130b13c7e-lifetime-10:***@rp.scrapegw.com:6060	ConnectionTimeoutError: Connection timeout to host https://discord.com/api/v9/unique-username/username-attempt-unauthed
2026-09-01 18:28:23	NETWORK	gcon	attempt=1	proxy=http://wiw4v7duaymysz9-session-b0d8c28a404e-lifetime-10:***@rp.scrapegw.com:6060	ConnectionTimeoutError: Connection timeout to host https://discord.com/api/v9/unique-username/username-attempt-unauthed
2026-09-01 18:28:23	NETWORK	gcjy	attempt=1	proxy=http://wiw4v7duaymysz9-session-1b1ddd75d73f-lifetime-10:***@rp.scrapegw.com:6060	ConnectionTimeoutError: Connection timeout to host https://discord.com/api/v9/unique-username/username-attempt-unauthed
2026-09-01 18:28:23	NETWORK	gckj	attempt=1	proxy=http://wiw4v7duaymysz9-session-bff6174b5de9-lifetime-10:***@rp.scrapegw.com:6060	ConnectionTimeoutError: Connection timeout to host https://discord.com/api/v9/unique-username/username-attempt-unauthed
2026-09-01 18:28:23	NETWORK	gcng	attempt=1	proxy=http://wiw4v7duaymysz9-session-c6db9dff64aa-lifetime-10:***@rp.scrapegw.com:6060	ConnectionTimeoutError: Connection timeout to host https://discord.com/api/v9/unique-username/username-attempt-unauthed
2026-09-01 18:28:23	NETWORK	gcpn	attempt=1	proxy=http://wiw4v7duaymysz9-session-7d239f025af4-lifetime-10:***@rp.scrapegw.com:6060	ConnectionTimeoutError: Connection timeout to host https://discord.com/api/v9/unique-username/username-attempt-unauthed
2026-09-01 18:28:23	NETWORK	gcoj	attempt=1	proxy=http://wiw4v7duaymysz9-session-ca0acc00a386-lifetime-10:***@rp.scrapegw.com:6060	ConnectionTimeoutError: Connection timeout to host https://discord.com/api/v9/unique-username/username-attempt-unauthed
2026-09-01 18:28:23	NETWORK	gclj	attempt=1	proxy=http://wiw4v7duaymysz9-session-d3926515fbf9-lifetime-10:***@rp.scrapegw.com:6060	ConnectionTimeoutError: Connection timeout to host https://discord.com/api/v9/unique-username/username-attempt-unauthed
2026-09-01 18:28:23	NETWORK	gcma	attempt=1	proxy=http://wiw4v7duaymysz9-session-fd990094a5d2-lifetime-10:***@rp.scrapegw.com:6060	ConnectionTimeoutError: Connection timeout to host https://discord.com/api/v9/unique-username/username-attempt-unauthed
2026-09-01 18:28:23	NETWORK	gckz	attempt=1	proxy=http://wiw4v7duaymysz9-session-3d3dbc6c1e28-lifetime-10:***@rp.scrapegw.com:6060	ConnectionTimeoutError: Connection timeout to host https://discord.com/api/v9/unique-username/username-attempt-unauthed
2026-09-01 18:28:23	NETWORK	gcqd	attempt=1	proxy=http://wiw4v7duaymysz9-session-e085ea77fed7-lifetime-10:***@rp.scrapegw.com:6060	ConnectionTimeoutError: Connection timeout to host https://discord.com/api/v9/unique-username/username-attempt-unauthed
2026-09-01 18:28:23	NETWORK	gcnd	attempt=1	proxy=http://wiw4v7duaymysz9-session-05a7383abb79-lifetime-10:***@rp.scrapegw.com:6060	ConnectionTimeoutError: Connection timeout to host https://discord.com/api/v9/unique-username/username-attempt-unauthed
2026-09-01 18:28:23	NETWORK	gcof	attempt=1	proxy=http://wiw4v7duaymysz9-session-42e5f7c18ed9-lifetime-10:***@rp.scrapegw.com:6060	ConnectionTimeoutError: Connection timeout to host https://discord.com/api/v9/unique-username/username-attempt-unauthed
2026-09-01 18:28:23	NETWORK	gcjv	attempt=1	proxy=http://wiw4v7duaymysz9-session-07a158836abe-lifetime-10:***@rp.scrapegw.com:6060	ConnectionTimeoutError: Connection timeout to host https://discord.com/api/v9/unique-username/username-attempt-unauthed
2026-09-01 18:28:23	NETWORK	gcpg	attempt=1	proxy=http://wiw4v7duaymysz9-session-c494991bb794-lifetime-10:***@rp.scrapegw.com:6060	ConnectionTimeoutError: Connection timeout to host https://discord.com/api/v9/unique-username/username-attempt-unauthed
2026-09-01 18:28:24	HTTP_429	gern	attempt=1	proxy=http://wiw4v7duaymysz9-session-2e58f2a82845-lifetime-10:***@rp.scrapegw.com:6060	scope=shared global=False retry_after=316.00s
2026-09-01 18:28:24	HTTP_429	gfms	attempt=1	proxy=http://wiw4v7duaymysz9-session-0d79e51678f0-lifetime-10:***@rp.scrapegw.com:6060	scope=shared global=False retry_after=2069.00s
2026-09-01 18:28:24	HTTP_429	gdom	attempt=1	proxy=http://wiw4v7duaymysz9-session-880a35ddc830-lifetime-10:***@rp.scrapegw.com:6060	scope=shared global=False retry_after=459.00s
2026-09-01 18:28:24	NETWORK	gcwj	attempt=1	proxy=http://wiw4v7duaymysz9-session-cffd93108f6d-lifetime-10:***@rp.scrapegw.com:6060	ConnectionTimeoutError: Connection timeout to host https://discord.com/api/v9/unique-username/username-attempt-unauthed
2026-09-01 18:28:24	NETWORK	gcsp	attempt=1	proxy=http://wiw4v7duaymysz9-session-05c766a0d0bd-lifetime-10:***@rp.scrapegw.com:6060	ConnectionTimeoutError: Connection timeout to host https://discord.com/api/v9/unique-username/username-attempt-unauthed
2026-09-01 18:28:24	NETWORK	gcrt	attempt=1	proxy=http://wiw4v7duaymysz9-session-54076fcc48a8-lifetime-10:***@rp.scrapegw.com:6060	ConnectionTimeoutError: Connection timeout to host https://discord.com/api/v9/unique-username/username-attempt-unauthed
2026-09-01 18:28:24	NETWORK	gcrw	attempt=1	proxy=http://wiw4v7duaymysz9-session-4274bdaf0a63-lifetime-10:***@rp.scrapegw.com:6060	ConnectionTimeoutError: Connection timeout to host https://discord.com/api/v9/unique-username/username-attempt-unauthed
2026-09-01 18:28:24	NETWORK	gcqy	attempt=1	proxy=http://wiw4v7duaymysz9-session-4e2993d41979-lifetime-10:***@rp.scrapegw.com:6060	ConnectionTimeoutError: Connection timeout to host https://discord.com/api/v9/unique-username/username-attempt-unauthed
2026-09-01 18:28:24	NETWORK	gcxe	attempt=1	proxy=http://wiw4v7duaymysz9-session-86607fedd4f7-lifetime-10:***@rp.scrapegw.com:6060	ConnectionTimeoutError: Connection timeout to host https://discord.com/api/v9/unique-username/username-attempt-unauthed
2026-09-01 18:28:24	NETWORK	gcvw	attempt=1	proxy=http://wiw4v7duaymysz9-session-b07a0de35cfd-lifetime-10:***@rp.scrapegw.com:6060	ConnectionTimeoutError: Connection timeout to host https://discord.com/api/v9/unique-username/username-attempt-unauthed
2026-09-01 18:28:24	NETWORK	gcvu	attempt=1	proxy=http://wiw4v7duaymysz9-session-77fd2fd2326e-lifetime-10:***@rp.scrapegw.com:6060	ConnectionTimeoutError: Connection timeout to host https://discord.com/api/v9/unique-username/username-attempt-unauthed
2026-09-01 18:28:24	NETWORK	gcso	attempt=1	proxy=http://wiw4v7duaymysz9-session-574da4f10cf0-lifetime-10:***@rp.scrapegw.com:6060	ConnectionTimeoutError: Connection timeout to host https://discord.com/api/v9/unique-username/username-attempt-unauthed
2026-09-01 18:28:24	NETWORK	gcql	attempt=1	proxy=http://wiw4v7duaymysz9-session-6ae2bdbae165-lifetime-10:***@rp.scrapegw.com:6060	ConnectionTimeoutError: Connection timeout to host https://discord.com/api/v9/unique-username/username-attempt-unauthed
2026-09-01 18:28:24	NETWORK	gctr	attempt=1	proxy=http://wiw4v7duaymysz9-session-f1009b3b1805-lifetime-10:***@rp.scrapegw.com:6060	ConnectionTimeoutError: Connection timeout to host https://discord.com/api/v9/unique-username/username-attempt-unauthed
2026-09-01 18:28:24	NETWORK	gcqs	attempt=1	proxy=http://wiw4v7duaymysz9-session-8a3e70a7b2ab-lifetime-10:***@rp.scrapegw.com:6060	ConnectionTimeoutError: Connection timeout to host https://discord.com/api/v9/unique-username/username-attempt-unauthed
2026-09-01 18:28:24	NETWORK	gcvc	attempt=1	proxy=http://wiw4v7duaymysz9-session-69ed0d77298a-lifetime-10:***@rp.scrapegw.com:6060	ConnectionTimeoutError: Connection timeout to host https://discord.com/api/v9/unique-username/username-attempt-unauthed
2026-09-01 18:28:24	NETWORK	gcuy	attempt=1	proxy=http://wiw4v7duaymysz9-session-787d56b0c8f6-lifetime-10:***@rp.scrapegw.com:6060	ConnectionTimeoutError: Connection timeout to host https://discord.com/api/v9/unique-username/username-attempt-unauthed
2026-09-01 18:28:24	NETWORK	gcui	attempt=1	proxy=http://wiw4v7duaymysz9-session-3f13b426fe39-lifetime-10:***@rp.scrapegw.com:6060	ConnectionTimeoutError: Connection timeout to host https://discord.com/api/v9/unique-username/username-attempt-unauthed
2026-09-01 18:28:24	NETWORK	gcuw	attempt=1	proxy=http://wiw4v7duaymysz9-session-53e549f8af44-lifetime-10:***@rp.scrapegw.com:6060	ConnectionTimeoutError: Connection timeout to host https://discord.com/api/v9/unique-username/username-attempt-unauthed
2026-09-01 18:28:24	NETWORK	gcxf	attempt=1	proxy=http://wiw4v7duaymysz9-session-0b781477c4b9-lifetime-10:***@rp.scrapegw.com:6060	ConnectionTimeoutError: Connection timeout to host https://discord.com/api/v9/unique-username/username-attempt-unauthed
2026-09-01 18:28:24	NETWORK	gcwo	attempt=1	proxy=http://wiw4v7duaymysz9-session-b0377daa33ec-lifetime-10:***@rp.scrapegw.com:6060	ConnectionTimeoutError: Connection timeout to host https://discord.com/api/v9/unique-username/username-attempt-unauthed
2026-09-01 18:28:24	NETWORK	gcvm	attempt=1	proxy=http://wiw4v7duaymysz9-session-e0878f55313b-lifetime-10:***@rp.scrapegw.com:6060	ConnectionTimeoutError: Connection timeout to host https://discord.com/api/v9/unique-username/username-attempt-unauthed
2026-09-01 18:28:24	NETWORK	gcwg	attempt=1	proxy=http://wiw4v7duaymysz9-session-ff2b6bbad1a7-lifetime-10:***@rp.scrapegw.com:6060	ConnectionTimeoutError: Connection timeout to host https://discord.com/api/v9/unique-username/username-attempt-unauthed
2026-09-01 18:28:24	NETWORK	gcsw	attempt=1	proxy=http://wiw4v7duaymysz9-session-797e618072d5-lifetime-10:***@rp.scrapegw.com:6060	ConnectionTimeoutError: Connection timeout to host https://discord.com/api/v9/unique-username/username-attempt-unauthed
2026-09-01 18:28:24	NETWORK	gcvj	attempt=1	proxy=http://wiw4v7duaymysz9-session-6aece0a5900d-lifetime-10:***@rp.scrapegw.com:6060	ConnectionTimeoutError: Connection timeout to host https://discord.com/api/v9/unique-username/username-attempt-unauthed
2026-09-01 18:28:24	NETWORK	gcsc	attempt=1	proxy=http://wiw4v7duaymysz9-session-a759d5b4d6b1-lifetime-10:***@rp.scrapegw.com:6060	ConnectionTimeoutError: Connection timeout to host https://discord.com/api/v9/unique-username/username-attempt-unauthed
2026-09-01 18:28:24	NETWORK	gcxk	attempt=1	proxy=http://wiw4v7duaymysz9-session-fb146d9e8019-lifetime-10:***@rp.scrapegw.com:6060	ConnectionTimeoutError: Connection timeout to host https://discord.com/api/v9/unique-username/username-attempt-unauthed
2026-09-01 18:28:24	NETWORK	gcuc	attempt=1	proxy=http://wiw4v7duaymysz9-session-8dfd973554b9-lifetime-10:***@rp.scrapegw.com:6060	ConnectionTimeoutError: Connection timeout to host https://discord.com/api/v9/unique-username/username-attempt-unauthed
2026-09-01 18:28:24	NETWORK	gcxc	attempt=1	proxy=http://wiw4v7duaymysz9-session-5be32bb82f6a-lifetime-10:***@rp.scrapegw.com:6060	ConnectionTimeoutError: Connection timeout to host https://discord.com/api/v9/unique-username/username-attempt-unauthed
2026-09-01 18:28:24	NETWORK	gcsj	attempt=1	proxy=http://wiw4v7duaymysz9-session-d57a31bd166b-lifetime-10:***@rp.scrapegw.com:6060	ConnectionTimeoutError: Connection timeout to host https://discord.com/api/v9/unique-username/username-attempt-unauthed
2026-09-01 18:28:24	NETWORK	gctq	attempt=1	proxy=http://wiw4v7duaymysz9-session-b3996280e373-lifetime-10:***@rp.scrapegw.com:6060	ConnectionTimeoutError: Connection timeout to host https://discord.com/api/v9/unique-username/username-attempt-unauthed
2026-09-01 18:28:24	NETWORK	gcve	attempt=1	proxy=http://wiw4v7duaymysz9-session-2b169f9ebc99-lifetime-10:***@rp.scrapegw.com:6060	ConnectionTimeoutError: Connection timeout to host https://discord.com/api/v9/unique-username/username-attempt-unauthed
2026-09-01 18:28:24	NETWORK	gcvv	attempt=1	proxy=http://wiw4v7duaymysz9-session-3a7e7982bf57-lifetime-10:***@rp.scrapegw.com:6060	ConnectionTimeoutError: Connection timeout to host https://discord.com/api/v9/unique-username/username-attempt-unauthed
2026-09-01 18:28:24	NETWORK	gctm	attempt=1	proxy=http://wiw4v7duaymysz9-session-98eb790de783-lifetime-10:***@rp.scrapegw.com:6060	ConnectionTimeoutError: Connection timeout to host https://discord.com/api/v9/unique-username/username-attempt-unauthed
2026-09-01 18:28:24	NETWORK	gcqx	attempt=1	proxy=http://wiw4v7duaymysz9-session-45ec72445c48-lifetime-10:***@rp.scrapegw.com:6060	ConnectionTimeoutError: Connection timeout to host https://discord.com/api/v9/unique-username/username-attempt-unauthed
2026-09-01 18:28:24	NETWORK	gcwx	attempt=1	proxy=http://wiw4v7duaymysz9-session-526414cfe2b7-lifetime-10:***@rp.scrapegw.com:6060	ConnectionTimeoutError: Connection timeout to host https://discord.com/api/v9/unique-username/username-attempt-unauthed
2026-09-01 18:28:24	NETWORK	gcuv	attempt=1	proxy=http://wiw4v7duaymysz9-session-485e2f368be3-lifetime-10:***@rp.scrapegw.com:6060	ConnectionTimeoutError: Connection timeout to host https://discord.com/api/v9/unique-username/username-attempt-unauthed
2026-09-01 18:28:24	NETWORK	gctf	attempt=1	proxy=http://wiw4v7duaymysz9-session-2e049f925c53-lifetime-10:***@rp.scrapegw.com:6060	ConnectionTimeoutError: Connection timeout to host https://discord.com/api/v9/unique-username/username-attempt-unauthed
2026-09-01 18:28:24	NETWORK	gcvp	attempt=1	proxy=http://wiw4v7duaymysz9-session-9a8a2d08f95d-lifetime-10:***@rp.scrapegw.com:6060	ConnectionTimeoutError: Connection timeout to host https://discord.com/api/v9/unique-username/username-attempt-unauthed
2026-09-01 18:28:24	NETWORK	gcwk	attempt=1	proxy=http://wiw4v7duaymysz9-session-cedce8ff8276-lifetime-10:***@rp.scrapegw.com:6060	ConnectionTimeoutError: Connection timeout to host https://discord.com/api/v9/unique-username/username-attempt-unauthed
2026-09-01 18:28:24	NETWORK	gcwq	attempt=1	proxy=http://wiw4v7duaymysz9-session-8b24b66a5d10-lifetime-10:***@rp.scrapegw.com:6060	ConnectionTimeoutError: Connection timeout to host https://discord.com/api/v9/unique-username/username-attempt-unauthed
2026-09-01 18:28:24	NETWORK	gcvx	attempt=1	proxy=http://wiw4v7duaymysz9-session-443911c911ef-lifetime-10:***@rp.scrapegw.com:6060	ConnectionTimeoutError: Connection timeout to host https://discord.com/api/v9/unique-username/username-attempt-unauthed
2026-09-01 18:28:24	NETWORK	gcwb	attempt=1	proxy=http://wiw4v7duaymysz9-session-d09114e0b35c-lifetime-10:***@rp.scrapegw.com:6060	ConnectionTimeoutError: Connection timeout to host https://discord.com/api/v9/unique-username/username-attempt-unauthed
2026-09-01 18:28:25	HTTP_429	gfqc	attempt=1	proxy=http://wiw4v7duaymysz9-session-6accc138230e-lifetime-10:***@rp.scrapegw.com:6060	scope=shared global=False retry_after=2065.00s
2026-09-01 18:28:25	HTTP_429	gfps	attempt=1	proxy=http://wiw4v7duaymysz9-session-cf8e5a0b2061-lifetime-10:***@rp.scrapegw.com:6060	scope=shared global=False retry_after=1249.00s
2026-09-01 18:28:25	HTTP_429	gdus	attempt=1	proxy=http://wiw4v7duaymysz9-session-20c4e4c3b4d8-lifetime-10:***@rp.scrapegw.com:6060	scope=shared global=False retry_after=294.00s
2026-09-01 18:28:25	HTTP_429	gfvd	attempt=1	proxy=http://wiw4v7duaymysz9-session-061fddf4653f-lifetime-10:***@rp.scrapegw.com:6060	scope=shared global=False retry_after=2066.00s
2026-09-01 18:28:25	HTTP_429	gfuh	attempt=1	proxy=http://wiw4v7duaymysz9-session-b91d8d9150f8-lifetime-10:***@rp.scrapegw.com:6060	scope=shared global=False retry_after=1780.00s
2026-09-01 18:28:25	HTTP_429	gfve	attempt=1	proxy=http://wiw4v7duaymysz9-session-326eed7dca03-lifetime-10:***@rp.scrapegw.com:6060	scope=shared global=False retry_after=2111.00s
2026-09-01 18:28:25	HTTP_429	gfpg	attempt=1	proxy=http://wiw4v7duaymysz9-session-1c58e91c9f7d-lifetime-10:***@rp.scrapegw.com:6060	scope=shared global=False retry_after=572.00s
2026-09-01 18:28:25	NETWORK	gdez	attempt=1	proxy=http://wiw4v7duaymysz9-session-0aa7aef950a8-lifetime-10:***@rp.scrapegw.com:6060	ConnectionTimeoutError: Connection timeout to host https://discord.com/api/v9/unique-username/username-attempt-unauthed
2026-09-01 18:28:25	NETWORK	gdan	attempt=1	proxy=http://wiw4v7duaymysz9-session-f0aaa075c025-lifetime-10:***@rp.scrapegw.com:6060	ConnectionTimeoutError: Connection timeout to host https://discord.com/api/v9/unique-username/username-attempt-unauthed
2026-09-01 18:28:25	NETWORK	gdai	attempt=1	proxy=http://wiw4v7duaymysz9-session-ec207d1b5c25-lifetime-10:***@rp.scrapegw.com:6060	ConnectionTimeoutError: Connection timeout to host https://discord.com/api/v9/unique-username/username-attempt-unauthed
2026-09-01 18:28:25	NETWORK	gdah	attempt=1	proxy=http://wiw4v7duaymysz9-session-1007df60f721-lifetime-10:***@rp.scrapegw.com:6060	ConnectionTimeoutError: Connection timeout to host https://discord.com/api/v9/unique-username/username-attempt-unauthed
2026-09-01 18:28:25	NETWORK	gdcl	attempt=1	proxy=http://wiw4v7duaymysz9-session-1006c3dddee6-lifetime-10:***@rp.scrapegw.com:6060	ConnectionTimeoutError: Connection timeout to host https://discord.com/api/v9/unique-username/username-attempt-unauthed
2026-09-01 18:28:25	NETWORK	gdcy	attempt=1	proxy=http://wiw4v7duaymysz9-session-125ea461c271-lifetime-10:***@rp.scrapegw.com:6060	ConnectionTimeoutError: Connection timeout to host https://discord.com/api/v9/unique-username/username-attempt-unauthed
2026-09-01 18:28:25	NETWORK	gcyx	attempt=1	proxy=http://wiw4v7duaymysz9-session-40b65bb48f64-lifetime-10:***@rp.scrapegw.com:6060	ConnectionTimeoutError: Connection timeout to host https://discord.com/api/v9/unique-username/username-attempt-unauthed
2026-09-01 18:28:25	NETWORK	gdac	attempt=1	proxy=http://wiw4v7duaymysz9-session-6e804ae57e59-lifetime-10:***@rp.scrapegw.com:6060	ConnectionTimeoutError: Connection timeout to host https://discord.com/api/v9/unique-username/username-attempt-unauthed
2026-09-01 18:28:25	NETWORK	gdeu	attempt=1	proxy=http://wiw4v7duaymysz9-session-e7666f5d8745-lifetime-10:***@rp.scrapegw.com:6060	ConnectionTimeoutError: Connection timeout to host https://discord.com/api/v9/unique-username/username-attempt-unauthed
2026-09-01 18:28:25	NETWORK	gdbc	attempt=1	proxy=http://wiw4v7duaymysz9-session-2a6132b885e0-lifetime-10:***@rp.scrapegw.com:6060	ConnectionTimeoutError: Connection timeout to host https://discord.com/api/v9/unique-username/username-attempt-unauthed
2026-09-01 18:28:25	NETWORK	gdad	attempt=1	proxy=http://wiw4v7duaymysz9-session-04a86885755e-lifetime-10:***@rp.scrapegw.com:6060	ConnectionTimeoutError: Connection timeout to host https://discord.com/api/v9/unique-username/username-attempt-unauthed
2026-09-01 18:28:25	NETWORK	gcyl	attempt=1	proxy=http://wiw4v7duaymysz9-session-11da9b935fdb-lifetime-10:***@rp.scrapegw.com:6060	ConnectionTimeoutError: Connection timeout to host https://discord.com/api/v9/unique-username/username-attempt-unauthed
2026-09-01 18:28:25	NETWORK	gcyk	attempt=1	proxy=http://wiw4v7duaymysz9-session-ca16760c26af-lifetime-10:***@rp.scrapegw.com:6060	ConnectionTimeoutError: Connection timeout to host https://discord.com/api/v9/unique-username/username-attempt-unauthed
2026-09-01 18:28:25	NETWORK	gdei	attempt=1	proxy=http://wiw4v7duaymysz9-session-4a24b26fc5ad-lifetime-10:***@rp.scrapegw.com:6060	ConnectionTimeoutError: Connection timeout to host https://discord.com/api/v9/unique-username/username-attempt-unauthed
2026-09-01 18:28:25	NETWORK	gdci	attempt=1	proxy=http://wiw4v7duaymysz9-session-6cb8fac377f2-lifetime-10:***@rp.scrapegw.com:6060	ConnectionTimeoutError: Connection timeout to host https://discord.com/api/v9/unique-username/username-attempt-unauthed
2026-09-01 18:28:25	NETWORK	gdeg	attempt=1	proxy=http://wiw4v7duaymysz9-session-c24330cf759e-lifetime-10:***@rp.scrapegw.com:6060	ConnectionTimeoutError: Connection timeout to host https://discord.com/api/v9/unique-username/username-attempt-unauthed
2026-09-01 18:28:25	NETWORK	gdec	attempt=1	proxy=http://wiw4v7duaymysz9-session-4ffb79afe08b-lifetime-10:***@rp.scrapegw.com:6060	ConnectionTimeoutError: Connection timeout to host https://discord.com/api/v9/unique-username/username-attempt-unauthed
2026-09-01 18:28:25	NETWORK	gdex	attempt=1	proxy=http://wiw4v7duaymysz9-session-75a731a037b2-lifetime-10:***@rp.scrapegw.com:6060	ConnectionTimeoutError: Connection timeout to host https://discord.com/api/v9/unique-username/username-attempt-unauthed
2026-09-01 18:28:25	NETWORK	gddb	attempt=1	proxy=http://wiw4v7duaymysz9-session-6f12ed1aa3d3-lifetime-10:***@rp.scrapegw.com:6060	ConnectionTimeoutError: Connection timeout to host https://discord.com/api/v9/unique-username/username-attempt-unauthed
2026-09-01 18:28:25	NETWORK	gdcm	attempt=1	proxy=http://wiw4v7duaymysz9-session-53682f3f7fa2-lifetime-10:***@rp.scrapegw.com:6060	ConnectionTimeoutError: Connection timeout to host https://discord.com/api/v9/unique-username/username-attempt-unauthed
2026-09-01 18:28:25	NETWORK	gddx	attempt=1	proxy=http://wiw4v7duaymysz9-session-5fb038ac62ba-lifetime-10:***@rp.scrapegw.com:6060	ConnectionTimeoutError: Connection timeout to host https://discord.com/api/v9/unique-username/username-attempt-unauthed
2026-09-01 18:28:25	NETWORK	gddw	attempt=1	proxy=http://wiw4v7duaymysz9-session-9a6c07fa85b5-lifetime-10:***@rp.scrapegw.com:6060	ConnectionTimeoutError: Connection timeout to host https://discord.com/api/v9/unique-username/username-attempt-unauthed
2026-09-01 18:28:25	NETWORK	gdds	attempt=1	proxy=http://wiw4v7duaymysz9-session-3bd073835302-lifetime-10:***@rp.scrapegw.com:6060	ConnectionTimeoutError: Connection timeout to host https://discord.com/api/v9/unique-username/username-attempt-unauthed
2026-09-01 18:28:25	NETWORK	gdar	attempt=1	proxy=http://wiw4v7duaymysz9-session-546e265ae3b0-lifetime-10:***@rp.scrapegw.com:6060	ConnectionTimeoutError: Connection timeout to host https://discord.com/api/v9/unique-username/username-attempt-unauthed
2026-09-01 18:28:25	NETWORK	gdag	attempt=1	proxy=http://wiw4v7duaymysz9-session-500f7cbbdbb9-lifetime-10:***@rp.scrapegw.com:6060	ConnectionTimeoutError: Connection timeout to host https://discord.com/api/v9/unique-username/username-attempt-unauthed
2026-09-01 18:28:25	NETWORK	gdbr	attempt=1	proxy=http://wiw4v7duaymysz9-session-466e5ea24157-lifetime-10:***@rp.scrapegw.com:6060	ConnectionTimeoutError: Connection timeout to host https://discord.com/api/v9/unique-username/username-attempt-unauthed
2026-09-01 18:28:25	NETWORK	gdcb	attempt=1	proxy=http://wiw4v7duaymysz9-session-686c5f3d6e62-lifetime-10:***@rp.scrapegw.com:6060	ConnectionTimeoutError: Connection timeout to host https://discord.com/api/v9/unique-username/username-attempt-unauthed
2026-09-01 18:28:25	NETWORK	gcza	attempt=1	proxy=http://wiw4v7duaymysz9-session-869f2c3bcfc2-lifetime-10:***@rp.scrapegw.com:6060	ConnectionTimeoutError: Connection timeout to host https://discord.com/api/v9/unique-username/username-attempt-unauthed
2026-09-01 18:28:25	NETWORK	gdbl	attempt=1	proxy=http://wiw4v7duaymysz9-session-33ba714035a4-lifetime-10:***@rp.scrapegw.com:6060	ConnectionTimeoutError: Connection timeout to host https://discord.com/api/v9/unique-username/username-attempt-unauthed
2026-09-01 18:28:25	NETWORK	gdbe	attempt=1	proxy=http://wiw4v7duaymysz9-session-118598b4708d-lifetime-10:***@rp.scrapegw.com:6060	ConnectionTimeoutError: Connection timeout to host https://discord.com/api/v9/unique-username/username-attempt-unauthed
2026-09-01 18:28:25	NETWORK	gdbg	attempt=1	proxy=http://wiw4v7duaymysz9-session-910fbc1a5688-lifetime-10:***@rp.scrapegw.com:6060	ConnectionTimeoutError: Connection timeout to host https://discord.com/api/v9/unique-username/username-attempt-unauthed
2026-09-01 18:28:25	NETWORK	gdcn	attempt=1	proxy=http://wiw4v7duaymysz9-session-30ad3076db2c-lifetime-10:***@rp.scrapegw.com:6060	ConnectionTimeoutError: Connection timeout to host https://discord.com/api/v9/unique-username/username-attempt-unauthed
2026-09-01 18:28:25	NETWORK	gdco	attempt=1	proxy=http://wiw4v7duaymysz9-session-cb405b45e336-lifetime-10:***@rp.scrapegw.com:6060	ConnectionTimeoutError: Connection timeout to host https://discord.com/api/v9/unique-username/username-attempt-unauthed
2026-09-01 18:28:25	NETWORK	gdbi	attempt=1	proxy=http://wiw4v7duaymysz9-session-930009063941-lifetime-10:***@rp.scrapegw.com:6060	ConnectionTimeoutError: Connection timeout to host https://discord.com/api/v9/unique-username/username-attempt-unauthed
2026-09-01 18:28:25	NETWORK	gday	attempt=1	proxy=http://wiw4v7duaymysz9-session-647190968d7b-lifetime-10:***@rp.scrapegw.com:6060	ConnectionTimeoutError: Connection timeout to host https://discord.com/api/v9/unique-username/username-attempt-unauthed
2026-09-01 18:28:25	NETWORK	gczy	attempt=1	proxy=http://wiw4v7duaymysz9-session-d9cff2f9f5a2-lifetime-10:***@rp.scrapegw.com:6060	ConnectionTimeoutError: Connection timeout to host https://discord.com/api/v9/unique-username/username-attempt-unauthed
2026-09-01 18:28:25	NETWORK	gczp	attempt=1	proxy=http://wiw4v7duaymysz9-session-f24a4cbb21c9-lifetime-10:***@rp.scrapegw.com:6060	ConnectionTimeoutError: Connection timeout to host https://discord.com/api/v9/unique-username/username-attempt-unauthed
2026-09-01 18:28:25	NETWORK	gczq	attempt=1	proxy=http://wiw4v7duaymysz9-session-dc3a7922648f-lifetime-10:***@rp.scrapegw.com:6060	ConnectionTimeoutError: Connection timeout to host https://discord.com/api/v9/unique-username/username-attempt-unauthed
2026-09-01 18:28:25	NETWORK	gczh	attempt=1	proxy=http://wiw4v7duaymysz9-session-81cabb19afa6-lifetime-10:***@rp.scrapegw.com:6060	ConnectionTimeoutError: Connection timeout to host https://discord.com/api/v9/unique-username/username-attempt-unauthed
2026-09-01 18:28:25	NETWORK	gcxx	attempt=1	proxy=http://wiw4v7duaymysz9-session-eb5b4bd8cf52-lifetime-10:***@rp.scrapegw.com:6060	ConnectionTimeoutError: Connection timeout to host https://discord.com/api/v9/unique-username/username-attempt-unauthed
2026-09-01 18:28:25	NETWORK	gdeq	attempt=1	proxy=http://wiw4v7duaymysz9-session-88680cb3b615-lifetime-10:***@rp.scrapegw.com:6060	ConnectionTimeoutError: Connection timeout to host https://discord.com/api/v9/unique-username/username-attempt-unauthed
2026-09-01 18:28:25	NETWORK	gcyr	attempt=1	proxy=http://wiw4v7duaymysz9-session-ef048e1cd3ca-lifetime-10:***@rp.scrapegw.com:6060	ConnectionTimeoutError: Connection timeout to host https://discord.com/api/v9/unique-username/username-attempt-unauthed
2026-09-01 18:28:25	NETWORK	gdca	attempt=1	proxy=http://wiw4v7duaymysz9-session-a7a11d65cbce-lifetime-10:***@rp.scrapegw.com:6060	ConnectionTimeoutError: Connection timeout to host https://discord.com/api/v9/unique-username/username-attempt-unauthed
2026-09-01 18:28:25	NETWORK	gcyo	attempt=1	proxy=http://wiw4v7duaymysz9-session-b209f51a6b8c-lifetime-10:***@rp.scrapegw.com:6060	ConnectionTimeoutError: Connection timeout to host https://discord.com/api/v9/unique-username/username-attempt-unauthed
2026-09-01 18:28:25	NETWORK	gdaz	attempt=1	proxy=http://wiw4v7duaymysz9-session-820334327228-lifetime-10:***@rp.scrapegw.com:6060	ConnectionTimeoutError: Connection timeout to host https://discord.com/api/v9/unique-username/username-attempt-unauthed
2026-09-01 18:28:25	NETWORK	gcxw	attempt=1	proxy=http://wiw4v7duaymysz9-session-c79a1bdc247a-lifetime-10:***@rp.scrapegw.com:6060	ConnectionTimeoutError: Connection timeout to host https://discord.com/api/v9/unique-username/username-attempt-unauthed
2026-09-01 18:28:25	NETWORK	gddu	attempt=1	proxy=http://wiw4v7duaymysz9-session-bb919d117f76-lifetime-10:***@rp.scrapegw.com:6060	ConnectionTimeoutError: Connection timeout to host https://discord.com/api/v9/unique-username/username-attempt-unauthed
2026-09-01 18:28:26	HTTP_429	gfyj	attempt=1	proxy=http://wiw4v7duaymysz9-session-74b892840f17-lifetime-10:***@rp.scrapegw.com:6060	scope=shared global=False retry_after=350.00s
2026-09-01 18:28:26	HTTP_429	gfor	attempt=1	proxy=http://wiw4v7duaymysz9-session-58a29616674c-lifetime-10:***@rp.scrapegw.com:6060	scope=shared global=False retry_after=440.00s
2026-09-01 18:28:26	HTTP_429	ggcp	attempt=1	proxy=http://wiw4v7duaymysz9-session-8b5e5b367fd3-lifetime-10:***@rp.scrapegw.com:6060	scope=shared global=False retry_after=1807.00s
2026-09-01 18:28:26	NETWORK	gdjw	attempt=1	proxy=http://wiw4v7duaymysz9-session-7753aeadfbec-lifetime-10:***@rp.scrapegw.com:6060	ConnectionTimeoutError: Connection timeout to host https://discord.com/api/v9/unique-username/username-attempt-unauthed
2026-09-01 18:28:26	NETWORK	gdix	attempt=1	proxy=http://wiw4v7duaymysz9-session-061672f65b3b-lifetime-10:***@rp.scrapegw.com:6060	ConnectionTimeoutError: Connection timeout to host https://discord.com/api/v9/unique-username/username-attempt-unauthed
2026-09-01 18:28:26	NETWORK	gdkk	attempt=1	proxy=http://wiw4v7duaymysz9-session-a3976f58bcb8-lifetime-10:***@rp.scrapegw.com:6060	ConnectionTimeoutError: Connection timeout to host https://discord.com/api/v9/unique-username/username-attempt-unauthed
2026-09-01 18:28:26	NETWORK	gdgs	attempt=1	proxy=http://wiw4v7duaymysz9-session-44d26afb2c8b-lifetime-10:***@rp.scrapegw.com:6060	ConnectionTimeoutError: Connection timeout to host https://discord.com/api/v9/unique-username/username-attempt-unauthed
2026-09-01 18:28:26	NETWORK	gdkb	attempt=1	proxy=http://wiw4v7duaymysz9-session-74f201c25a8d-lifetime-10:***@rp.scrapegw.com:6060	ConnectionTimeoutError: Connection timeout to host https://discord.com/api/v9/unique-username/username-attempt-unauthed
2026-09-01 18:28:26	NETWORK	gdjd	attempt=1	proxy=http://wiw4v7duaymysz9-session-4562dee29478-lifetime-10:***@rp.scrapegw.com:6060	ConnectionTimeoutError: Connection timeout to host https://discord.com/api/v9/unique-username/username-attempt-unauthed
2026-09-01 18:28:26	NETWORK	gdig	attempt=1	proxy=http://wiw4v7duaymysz9-session-ea4d00e7347c-lifetime-10:***@rp.scrapegw.com:6060	ConnectionTimeoutError: Connection timeout to host https://discord.com/api/v9/unique-username/username-attempt-unauthed
2026-09-01 18:28:26	NETWORK	gdjh	attempt=1	proxy=http://wiw4v7duaymysz9-session-d41e16342be9-lifetime-10:***@rp.scrapegw.com:6060	ConnectionTimeoutError: Connection timeout to host https://discord.com/api/v9/unique-username/username-attempt-unauthed
2026-09-01 18:28:26	NETWORK	gdie	attempt=1	proxy=http://wiw4v7duaymysz9-session-d9417961360f-lifetime-10:***@rp.scrapegw.com:6060	ConnectionTimeoutError: Connection timeout to host https://discord.com/api/v9/unique-username/username-attempt-unauthed
2026-09-01 18:28:26	NETWORK	gdfv	attempt=1	proxy=http://wiw4v7duaymysz9-session-95d6988401ed-lifetime-10:***@rp.scrapegw.com:6060	ConnectionTimeoutError: Connection timeout to host https://discord.com/api/v9/unique-username/username-attempt-unauthed
2026-09-01 18:28:26	NETWORK	gdgy	attempt=1	proxy=http://wiw4v7duaymysz9-session-feb451ddc10e-lifetime-10:***@rp.scrapegw.com:6060	ConnectionTimeoutError: Connection timeout to host https://discord.com/api/v9/unique-username/username-attempt-unauthed
2026-09-01 18:28:26	NETWORK	gdgf	attempt=1	proxy=http://wiw4v7duaymysz9-session-dd586b9b4470-lifetime-10:***@rp.scrapegw.com:6060	ConnectionTimeoutError: Connection timeout to host https://discord.com/api/v9/unique-username/username-attempt-unauthed
2026-09-01 18:28:26	NETWORK	gdft	attempt=1	proxy=http://wiw4v7duaymysz9-session-e69fb0b0184b-lifetime-10:***@rp.scrapegw.com:6060	ConnectionTimeoutError: Connection timeout to host https://discord.com/api/v9/unique-username/username-attempt-unauthed
2026-09-01 18:28:26	NETWORK	gdhi	attempt=1	proxy=http://wiw4v7duaymysz9-session-3ae0556b31b5-lifetime-10:***@rp.scrapegw.com:6060	ConnectionTimeoutError: Connection timeout to host https://discord.com/api/v9/unique-username/username-attempt-unauthed
2026-09-01 18:28:26	NETWORK	gdfn	attempt=1	proxy=http://wiw4v7duaymysz9-session-ed2cd44039ed-lifetime-10:***@rp.scrapegw.com:6060	ConnectionTimeoutError: Connection timeout to host https://discord.com/api/v9/unique-username/username-attempt-unauthed
2026-09-01 18:28:26	NETWORK	gdfl	attempt=1	proxy=http://wiw4v7duaymysz9-session-c8b0819ee5f0-lifetime-10:***@rp.scrapegw.com:6060	ConnectionTimeoutError: Connection timeout to host https://discord.com/api/v9/unique-username/username-attempt-unauthed
2026-09-01 18:28:26	NETWORK	gdfg	attempt=1	proxy=http://wiw4v7duaymysz9-session-7935436410f3-lifetime-10:***@rp.scrapegw.com:6060	ConnectionTimeoutError: Connection timeout to host https://discord.com/api/v9/unique-username/username-attempt-unauthed
2026-09-01 18:28:26	NETWORK	gdhu	attempt=1	proxy=http://wiw4v7duaymysz9-session-c11838affa5b-lifetime-10:***@rp.scrapegw.com:6060	ConnectionTimeoutError: Connection timeout to host https://discord.com/api/v9/unique-username/username-attempt-unauthed
2026-09-01 18:28:26	NETWORK	gdla	attempt=1	proxy=http://wiw4v7duaymysz9-session-9e0e590178c6-lifetime-10:***@rp.scrapegw.com:6060	ConnectionTimeoutError: Connection timeout to host https://discord.com/api/v9/unique-username/username-attempt-unauthed
2026-09-01 18:28:26	NETWORK	gdld	attempt=1	proxy=http://wiw4v7duaymysz9-session-8661e8e50892-lifetime-10:***@rp.scrapegw.com:6060	ConnectionTimeoutError: Connection timeout to host https://discord.com/api/v9/unique-username/username-attempt-unauthed
2026-09-01 18:28:26	NETWORK	gdju	attempt=1	proxy=http://wiw4v7duaymysz9-session-2e58f06f07f7-lifetime-10:***@rp.scrapegw.com:6060	ConnectionTimeoutError: Connection timeout to host https://discord.com/api/v9/unique-username/username-attempt-unauthed
2026-09-01 18:28:26	NETWORK	gdkd	attempt=1	proxy=http://wiw4v7duaymysz9-session-6fa97da03e38-lifetime-10:***@rp.scrapegw.com:6060	ConnectionTimeoutError: Connection timeout to host https://discord.com/api/v9/unique-username/username-attempt-unauthed
2026-09-01 18:28:26	NETWORK	gdjt	attempt=1	proxy=http://wiw4v7duaymysz9-session-7410a50c623a-lifetime-10:***@rp.scrapegw.com:6060	ConnectionTimeoutError: Connection timeout to host https://discord.com/api/v9/unique-username/username-attempt-unauthed
2026-09-01 18:28:26	NETWORK	gdjs	attempt=1	proxy=http://wiw4v7duaymysz9-session-36a6f32d39e9-lifetime-10:***@rp.scrapegw.com:6060	ConnectionTimeoutError: Connection timeout to host https://discord.com/api/v9/unique-username/username-attempt-unauthed
2026-09-01 18:28:26	NETWORK	gdiz	attempt=1	proxy=http://wiw4v7duaymysz9-session-ddab887aa416-lifetime-10:***@rp.scrapegw.com:6060	ConnectionTimeoutError: Connection timeout to host https://discord.com/api/v9/unique-username/username-attempt-unauthed
2026-09-01 18:28:26	NETWORK	gdiu	attempt=1	proxy=http://wiw4v7duaymysz9-session-fc160e632a00-lifetime-10:***@rp.scrapegw.com:6060	ConnectionTimeoutError: Connection timeout to host https://discord.com/api/v9/unique-username/username-attempt-unauthed
2026-09-01 18:28:26	NETWORK	gdir	attempt=1	proxy=http://wiw4v7duaymysz9-session-9ad4df553cf2-lifetime-10:***@rp.scrapegw.com:6060	ConnectionTimeoutError: Connection timeout to host https://discord.com/api/v9/unique-username/username-attempt-unauthed
2026-09-01 18:28:26	NETWORK	gdje	attempt=1	proxy=http://wiw4v7duaymysz9-session-11583e1202d6-lifetime-10:***@rp.scrapegw.com:6060	ConnectionTimeoutError: Connection timeout to host https://discord.com/api/v9/unique-username/username-attempt-unauthed
2026-09-01 18:28:26	NETWORK	gdgh	attempt=1	proxy=http://wiw4v7duaymysz9-session-740a855c5c32-lifetime-10:***@rp.scrapegw.com:6060	ConnectionTimeoutError: Connection timeout to host https://discord.com/api/v9/unique-username/username-attempt-unauthed
2026-09-01 18:28:26	NETWORK	gdgb	attempt=1	proxy=http://wiw4v7duaymysz9-session-0c9405025ff4-lifetime-10:***@rp.scrapegw.com:6060	ConnectionTimeoutError: Connection timeout to host https://discord.com/api/v9/unique-username/username-attempt-unauthed
2026-09-01 18:28:26	NETWORK	gdhp	attempt=1	proxy=http://wiw4v7duaymysz9-session-8c24d88e42b3-lifetime-10:***@rp.scrapegw.com:6060	ConnectionTimeoutError: Connection timeout to host https://discord.com/api/v9/unique-username/username-attempt-unauthed
2026-09-01 18:28:26	NETWORK	gdli	attempt=1	proxy=http://wiw4v7duaymysz9-session-4357c7cd2a28-lifetime-10:***@rp.scrapegw.com:6060	ConnectionTimeoutError: Connection timeout to host https://discord.com/api/v9/unique-username/username-attempt-unauthed
2026-09-01 18:28:26	NETWORK	gdku	attempt=1	proxy=http://wiw4v7duaymysz9-session-4b5bfaeac20f-lifetime-10:***@rp.scrapegw.com:6060	ConnectionTimeoutError: Connection timeout to host https://discord.com/api/v9/unique-username/username-attempt-unauthed
2026-09-01 18:28:26	HTTP_429	gdtn	attempt=1	proxy=http://wiw4v7duaymysz9-session-396a5c5d450d-lifetime-10:***@rp.scrapegw.com:6060	scope=shared global=False retry_after=292.00s
2026-09-01 18:28:26	NETWORK	gfrp	attempt=1	proxy=http://wiw4v7duaymysz9-session-4fecb11ea906-lifetime-10:***@rp.scrapegw.com:6060	ServerDisconnectedError: Server disconnected
2026-09-01 18:28:26	HTTP_429	ggfw	attempt=1	proxy=http://wiw4v7duaymysz9-session-32905420b6c8-lifetime-10:***@rp.scrapegw.com:6060	scope=shared global=False retry_after=2068.00s
2026-09-01 18:28:26	NETWORK	geeb	attempt=1	proxy=http://wiw4v7duaymysz9-session-32bbdf60ff9d-lifetime-10:***@rp.scrapegw.com:6060	ClientConnectorError: Cannot connect to host discord.com:443 ssl:default [Connection reset by peer]
2026-09-01 18:28:27	NETWORK	gehe	attempt=1	proxy=http://wiw4v7duaymysz9-session-0f4e1d877edc-lifetime-10:***@rp.scrapegw.com:6060	ClientConnectorError: Cannot connect to host discord.com:443 ssl:default [Connection reset by peer]
2026-09-01 18:28:27	NETWORK	gdsg	attempt=1	proxy=http://wiw4v7duaymysz9-session-b4259354f7d2-lifetime-10:***@rp.scrapegw.com:6060	ConnectionTimeoutError: Connection timeout to host https://discord.com/api/v9/unique-username/username-attempt-unauthed
2026-09-01 18:28:27	NETWORK	gdro	attempt=1	proxy=http://wiw4v7duaymysz9-session-2c7faeba6899-lifetime-10:***@rp.scrapegw.com:6060	ConnectionTimeoutError: Connection timeout to host https://discord.com/api/v9/unique-username/username-attempt-unauthed
2026-09-01 18:28:27	NETWORK	gdqh	attempt=1	proxy=http://wiw4v7duaymysz9-session-bdcf6843643c-lifetime-10:***@rp.scrapegw.com:6060	ConnectionTimeoutError: Connection timeout to host https://discord.com/api/v9/unique-username/username-attempt-unauthed
2026-09-01 18:28:27	NETWORK	gdrk	attempt=1	proxy=http://wiw4v7duaymysz9-session-dc119269feaf-lifetime-10:***@rp.scrapegw.com:6060	ConnectionTimeoutError: Connection timeout to host https://discord.com/api/v9/unique-username/username-attempt-unauthed
2026-09-01 18:28:27	NETWORK	gdqz	attempt=1	proxy=http://wiw4v7duaymysz9-session-d5c67f2dc229-lifetime-10:***@rp.scrapegw.com:6060	ConnectionTimeoutError: Connection timeout to host https://discord.com/api/v9/unique-username/username-attempt-unauthed
2026-09-01 18:28:27	NETWORK	gdmh	attempt=1	proxy=http://wiw4v7duaymysz9-session-fb55c20a8225-lifetime-10:***@rp.scrapegw.com:6060	ConnectionTimeoutError: Connection timeout to host https://discord.com/api/v9/unique-username/username-attempt-unauthed
2026-09-01 18:28:27	NETWORK	gdsk	attempt=1	proxy=http://wiw4v7duaymysz9-session-dd300bd3a449-lifetime-10:***@rp.scrapegw.com:6060	ConnectionTimeoutError: Connection timeout to host https://discord.com/api/v9/unique-username/username-attempt-unauthed
2026-09-01 18:28:27	NETWORK	gdpm	attempt=1	proxy=http://wiw4v7duaymysz9-session-6db05fb06526-lifetime-10:***@rp.scrapegw.com:6060	ConnectionTimeoutError: Connection timeout to host https://discord.com/api/v9/unique-username/username-attempt-unauthed
2026-09-01 18:28:27	NETWORK	gdme	attempt=1	proxy=http://wiw4v7duaymysz9-session-9d3175884701-lifetime-10:***@rp.scrapegw.com:6060	ConnectionTimeoutError: Connection timeout to host https://discord.com/api/v9/unique-username/username-attempt-unauthed
2026-09-01 18:28:27	NETWORK	gdml	attempt=1	proxy=http://wiw4v7duaymysz9-session-c5a45dbb3d87-lifetime-10:***@rp.scrapegw.com:6060	ConnectionTimeoutError: Connection timeout to host https://discord.com/api/v9/unique-username/username-attempt-unauthed
2026-09-01 18:28:27	NETWORK	gdmt	attempt=1	proxy=http://wiw4v7duaymysz9-session-cbd788bcfd37-lifetime-10:***@rp.scrapegw.com:6060	ConnectionTimeoutError: Connection timeout to host https://discord.com/api/v9/unique-username/username-attempt-unauthed
2026-09-01 18:28:27	NETWORK	gdnx	attempt=1	proxy=http://wiw4v7duaymysz9-session-15a435ccc476-lifetime-10:***@rp.scrapegw.com:6060	ConnectionTimeoutError: Connection timeout to host https://discord.com/api/v9/unique-username/username-attempt-unauthed
2026-09-01 18:28:27	NETWORK	gdqd	attempt=1	proxy=http://wiw4v7duaymysz9-session-5253f0253fd1-lifetime-10:***@rp.scrapegw.com:6060	ConnectionTimeoutError: Connection timeout to host https://discord.com/api/v9/unique-username/username-attempt-unauthed
2026-09-01 18:28:27	NETWORK	gdsw	attempt=1	proxy=http://wiw4v7duaymysz9-session-2f17f33634d9-lifetime-10:***@rp.scrapegw.com:6060	ConnectionTimeoutError: Connection timeout to host https://discord.com/api/v9/unique-username/username-attempt-unauthed
2026-09-01 18:28:27	NETWORK	gdsz	attempt=1	proxy=http://wiw4v7duaymysz9-session-f1a412d21613-lifetime-10:***@rp.scrapegw.com:6060	ConnectionTimeoutError: Connection timeout to host https://discord.com/api/v9/unique-username/username-attempt-unauthed
2026-09-01 18:28:27	NETWORK	gdsn	attempt=1	proxy=http://wiw4v7duaymysz9-session-bba01b604eac-lifetime-10:***@rp.scrapegw.com:6060	ConnectionTimeoutError: Connection timeout to host https://discord.com/api/v9/unique-username/username-attempt-unauthed
2026-09-01 18:28:27	NETWORK	gdor	attempt=1	proxy=http://wiw4v7duaymysz9-session-81d0c1e8155c-lifetime-10:***@rp.scrapegw.com:6060	ConnectionTimeoutError: Connection timeout to host https://discord.com/api/v9/unique-username/username-attempt-unauthed
2026-09-01 18:28:27	NETWORK	gdmb	attempt=1	proxy=http://wiw4v7duaymysz9-session-4535d8d45ccc-lifetime-10:***@rp.scrapegw.com:6060	ConnectionTimeoutError: Connection timeout to host https://discord.com/api/v9/unique-username/username-attempt-unauthed
2026-09-01 18:28:27	NETWORK	gdoq	attempt=1	proxy=http://wiw4v7duaymysz9-session-c13958f41d10-lifetime-10:***@rp.scrapegw.com:6060	ConnectionTimeoutError: Connection timeout to host https://discord.com/api/v9/unique-username/username-attempt-unauthed
2026-09-01 18:28:27	NETWORK	gdqb	attempt=1	proxy=http://wiw4v7duaymysz9-session-b60474fea114-lifetime-10:***@rp.scrapegw.com:6060	ConnectionTimeoutError: Connection timeout to host https://discord.com/api/v9/unique-username/username-attempt-unauthed
2026-09-01 18:28:27	NETWORK	gdpt	attempt=1	proxy=http://wiw4v7duaymysz9-session-73d8971eb0a0-lifetime-10:***@rp.scrapegw.com:6060	ConnectionTimeoutError: Connection timeout to host https://discord.com/api/v9/unique-username/username-attempt-unauthed
2026-09-01 18:28:27	NETWORK	gdoz	attempt=1	proxy=http://wiw4v7duaymysz9-session-b62c55e262e2-lifetime-10:***@rp.scrapegw.com:6060	ConnectionTimeoutError: Connection timeout to host https://discord.com/api/v9/unique-username/username-attempt-unauthed
2026-09-01 18:28:27	NETWORK	gdox	attempt=1	proxy=http://wiw4v7duaymysz9-session-c83718732f71-lifetime-10:***@rp.scrapegw.com:6060	ConnectionTimeoutError: Connection timeout to host https://discord.com/api/v9/unique-username/username-attempt-unauthed
2026-09-01 18:28:27	NETWORK	gdou	attempt=1	proxy=http://wiw4v7duaymysz9-session-f664efa61e86-lifetime-10:***@rp.scrapegw.com:6060	ConnectionTimeoutError: Connection timeout to host https://discord.com/api/v9/unique-username/username-attempt-unauthed
2026-09-01 18:28:27	NETWORK	gdlx	attempt=1	proxy=http://wiw4v7duaymysz9-session-e01748cee095-lifetime-10:***@rp.scrapegw.com:6060	ConnectionTimeoutError: Connection timeout to host https://discord.com/api/v9/unique-username/username-attempt-unauthed
2026-09-01 18:28:27	NETWORK	gdlw	attempt=1	proxy=http://wiw4v7duaymysz9-session-231f7c83b0f9-lifetime-10:***@rp.scrapegw.com:6060	ConnectionTimeoutError: Connection timeout to host https://discord.com/api/v9/unique-username/username-attempt-unauthed
2026-09-01 18:28:27	NETWORK	gdlq	attempt=1	proxy=http://wiw4v7duaymysz9-session-a8f0ea4491cd-lifetime-10:***@rp.scrapegw.com:6060	ConnectionTimeoutError: Connection timeout to host https://discord.com/api/v9/unique-username/username-attempt-unauthed
2026-09-01 18:28:27	NETWORK	gdlp	attempt=1	proxy=http://wiw4v7duaymysz9-session-86f1d7805104-lifetime-10:***@rp.scrapegw.com:6060	ConnectionTimeoutError: Connection timeout to host https://discord.com/api/v9/unique-username/username-attempt-unauthed
2026-09-01 18:28:27	NETWORK	gdlo	attempt=1	proxy=http://wiw4v7duaymysz9-session-8439a41e2a36-lifetime-10:***@rp.scrapegw.com:6060	ConnectionTimeoutError: Connection timeout to host https://discord.com/api/v9/unique-username/username-attempt-unauthed
2026-09-01 18:28:27	NETWORK	gdln	attempt=1	proxy=http://wiw4v7duaymysz9-session-20ba1da519ea-lifetime-10:***@rp.scrapegw.com:6060	ConnectionTimeoutError: Connection timeout to host https://discord.com/api/v9/unique-username/username-attempt-unauthed
2026-09-01 18:28:27	NETWORK	gdnp	attempt=1	proxy=http://wiw4v7duaymysz9-session-b4b3498adc16-lifetime-10:***@rp.scrapegw.com:6060	ConnectionTimeoutError: Connection timeout to host https://discord.com/api/v9/unique-username/username-attempt-unauthed
2026-09-01 18:28:27	NETWORK	gdnz	attempt=1	proxy=http://wiw4v7duaymysz9-session-fd71b0222eab-lifetime-10:***@rp.scrapegw.com:6060	ConnectionTimeoutError: Connection timeout to host https://discord.com/api/v9/unique-username/username-attempt-unauthed
2026-09-01 18:28:27	NETWORK	gdne	attempt=1	proxy=http://wiw4v7duaymysz9-session-605d87251bec-lifetime-10:***@rp.scrapegw.com:6060	ConnectionTimeoutError: Connection timeout to host https://discord.com/api/v9/unique-username/username-attempt-unauthed
2026-09-01 18:28:27	NETWORK	gdrg	attempt=1	proxy=http://wiw4v7duaymysz9-session-8668f86342ea-lifetime-10:***@rp.scrapegw.com:6060	ConnectionTimeoutError: Connection timeout to host https://discord.com/api/v9/unique-username/username-attempt-unauthed
2026-09-01 18:28:27	NETWORK	gdst	attempt=1	proxy=http://wiw4v7duaymysz9-session-238764aff887-lifetime-10:***@rp.scrapegw.com:6060	ConnectionTimeoutError: Connection timeout to host https://discord.com/api/v9/unique-username/username-attempt-unauthed
2026-09-01 18:28:27	NETWORK	gdry	attempt=1	proxy=http://wiw4v7duaymysz9-session-601cbc5f46d3-lifetime-10:***@rp.scrapegw.com:6060	ConnectionTimeoutError: Connection timeout to host https://discord.com/api/v9/unique-username/username-attempt-unauthed
2026-09-01 18:28:27	NETWORK	gdnl	attempt=1	proxy=http://wiw4v7duaymysz9-session-ddbd4d0645f0-lifetime-10:***@rp.scrapegw.com:6060	ConnectionTimeoutError: Connection timeout to host https://discord.com/api/v9/unique-username/username-attempt-unauthed
2026-09-01 18:28:27	NETWORK	gdru	attempt=1	proxy=http://wiw4v7duaymysz9-session-1dd53fc09a28-lifetime-10:***@rp.scrapegw.com:6060	ConnectionTimeoutError: Connection timeout to host https://discord.com/api/v9/unique-username/username-attempt-unauthed
2026-09-01 18:28:27	NETWORK	gdoi	attempt=1	proxy=http://wiw4v7duaymysz9-session-8ccb2bb32fde-lifetime-10:***@rp.scrapegw.com:6060	ConnectionTimeoutError: Connection timeout to host https://discord.com/api/v9/unique-username/username-attempt-unauthed
2026-09-01 18:28:28	HTTP_429	ggqa	attempt=1	proxy=http://wiw4v7duaymysz9-session-fc7d35600dd5-lifetime-10:***@rp.scrapegw.com:6060	scope=shared global=False retry_after=2070.00s
2026-09-01 18:28:28	HTTP_429	ggqx	attempt=1	proxy=http://wiw4v7duaymysz9-session-1cd429dd3743-lifetime-10:***@rp.scrapegw.com:6060	scope=shared global=False retry_after=1298.00s
2026-09-01 18:28:28	NETWORK	geni	attempt=1	proxy=http://wiw4v7duaymysz9-session-177ce0485f2e-lifetime-10:***@rp.scrapegw.com:6060	ClientConnectorError: Cannot connect to host discord.com:443 ssl:default [Connection reset by peer]
2026-09-01 18:28:28	HTTP_429	ggul	attempt=1	proxy=http://wiw4v7duaymysz9-session-ac23a5abb562-lifetime-10:***@rp.scrapegw.com:6060	scope=shared global=False retry_after=2072.00s
2026-09-01 18:28:28	NETWORK	gdum	attempt=1	proxy=http://wiw4v7duaymysz9-session-d8eac14ff0c5-lifetime-10:***@rp.scrapegw.com:6060	ConnectionTimeoutError: Connection timeout to host https://discord.com/api/v9/unique-username/username-attempt-unauthed
2026-09-01 18:28:28	NETWORK	gdvf	attempt=1	proxy=http://wiw4v7duaymysz9-session-d82891ae5d16-lifetime-10:***@rp.scrapegw.com:6060	ConnectionTimeoutError: Connection timeout to host https://discord.com/api/v9/unique-username/username-attempt-unauthed
2026-09-01 18:28:28	NETWORK	gdxt	attempt=1	proxy=http://wiw4v7duaymysz9-session-1b1ddd75d73f-lifetime-10:***@rp.scrapegw.com:6060	ConnectionTimeoutError: Connection timeout to host https://discord.com/api/v9/unique-username/username-attempt-unauthed
2026-09-01 18:28:28	NETWORK	gdyb	attempt=1	proxy=http://wiw4v7duaymysz9-session-bff6174b5de9-lifetime-10:***@rp.scrapegw.com:6060	ConnectionTimeoutError: Connection timeout to host https://discord.com/api/v9/unique-username/username-attempt-unauthed
2026-09-01 18:28:28	NETWORK	gdwl	attempt=1	proxy=http://wiw4v7duaymysz9-session-5b18d6b1dbb4-lifetime-10:***@rp.scrapegw.com:6060	ConnectionTimeoutError: Connection timeout to host https://discord.com/api/v9/unique-username/username-attempt-unauthed
2026-09-01 18:28:28	NETWORK	gdwe	attempt=1	proxy=http://wiw4v7duaymysz9-session-3904ba6a8428-lifetime-10:***@rp.scrapegw.com:6060	ConnectionTimeoutError: Connection timeout to host https://discord.com/api/v9/unique-username/username-attempt-unauthed
2026-09-01 18:28:28	NETWORK	gduy	attempt=1	proxy=http://wiw4v7duaymysz9-session-ce2d7eb9aa40-lifetime-10:***@rp.scrapegw.com:6060	ConnectionTimeoutError: Connection timeout to host https://discord.com/api/v9/unique-username/username-attempt-unauthed
2026-09-01 18:28:28	NETWORK	gdvr	attempt=1	proxy=http://wiw4v7duaymysz9-session-adfffb8971c1-lifetime-10:***@rp.scrapegw.com:6060	ConnectionTimeoutError: Connection timeout to host https://discord.com/api/v9/unique-username/username-attempt-unauthed
2026-09-01 18:28:28	NETWORK	gdxz	attempt=1	proxy=http://wiw4v7duaymysz9-session-32495af94327-lifetime-10:***@rp.scrapegw.com:6060	ConnectionTimeoutError: Connection timeout to host https://discord.com/api/v9/unique-username/username-attempt-unauthed
2026-09-01 18:28:28	NETWORK	gdwr	attempt=1	proxy=http://wiw4v7duaymysz9-session-59d9601fa902-lifetime-10:***@rp.scrapegw.com:6060	ConnectionTimeoutError: Connection timeout to host https://discord.com/api/v9/unique-username/username-attempt-unauthed
2026-09-01 18:28:28	NETWORK	gdub	attempt=1	proxy=http://wiw4v7duaymysz9-session-981e22d36972-lifetime-10:***@rp.scrapegw.com:6060	ConnectionTimeoutError: Connection timeout to host https://discord.com/api/v9/unique-username/username-attempt-unauthed
2026-09-01 18:28:28	NETWORK	gdtt	attempt=1	proxy=http://wiw4v7duaymysz9-session-392774f27a1c-lifetime-10:***@rp.scrapegw.com:6060	ConnectionTimeoutError: Connection timeout to host https://discord.com/api/v9/unique-username/username-attempt-unauthed
2026-09-01 18:28:28	NETWORK	gdup	attempt=1	proxy=http://wiw4v7duaymysz9-session-d5ec7b31aaec-lifetime-10:***@rp.scrapegw.com:6060	ConnectionTimeoutError: Connection timeout to host https://discord.com/api/v9/unique-username/username-attempt-unauthed
2026-09-01 18:28:28	NETWORK	gdvh	attempt=1	proxy=http://wiw4v7duaymysz9-session-1d846a5e48e1-lifetime-10:***@rp.scrapegw.com:6060	ConnectionTimeoutError: Connection timeout to host https://discord.com/api/v9/unique-username/username-attempt-unauthed
2026-09-01 18:28:28	NETWORK	gdtr	attempt=1	proxy=http://wiw4v7duaymysz9-session-da750087dff4-lifetime-10:***@rp.scrapegw.com:6060	ConnectionTimeoutError: Connection timeout to host https://discord.com/api/v9/unique-username/username-attempt-unauthed
2026-09-01 18:28:28	NETWORK	gdyz	attempt=1	proxy=http://wiw4v7duaymysz9-session-b2a283c71b7c-lifetime-10:***@rp.scrapegw.com:6060	ConnectionTimeoutError: Connection timeout to host https://discord.com/api/v9/unique-username/username-attempt-unauthed
2026-09-01 18:28:28	NETWORK	gdzc	attempt=1	proxy=http://wiw4v7duaymysz9-session-d3926515fbf9-lifetime-10:***@rp.scrapegw.com:6060	ConnectionTimeoutError: Connection timeout to host https://discord.com/api/v9/unique-username/username-attempt-unauthed
2026-09-01 18:28:28	NETWORK	gdzf	attempt=1	proxy=http://wiw4v7duaymysz9-session-a3528fce0c1d-lifetime-10:***@rp.scrapegw.com:6060	ConnectionTimeoutError: Connection timeout to host https://discord.com/api/v9/unique-username/username-attempt-unauthed
2026-09-01 18:28:28	NETWORK	gdyd	attempt=1	proxy=http://wiw4v7duaymysz9-session-b5f659e9d5ee-lifetime-10:***@rp.scrapegw.com:6060	ConnectionTimeoutError: Connection timeout to host https://discord.com/api/v9/unique-username/username-attempt-unauthed
2026-09-01 18:28:28	NETWORK	gdzg	attempt=1	proxy=http://wiw4v7duaymysz9-session-859778da9958-lifetime-10:***@rp.scrapegw.com:6060	ConnectionTimeoutError: Connection timeout to host https://discord.com/api/v9/unique-username/username-attempt-unauthed
2026-09-01 18:28:28	NETWORK	gdux	attempt=1	proxy=http://wiw4v7duaymysz9-session-c703cebf869c-lifetime-10:***@rp.scrapegw.com:6060	ConnectionTimeoutError: Connection timeout to host https://discord.com/api/v9/unique-username/username-attempt-unauthed
2026-09-01 18:28:28	NETWORK	gdur	attempt=1	proxy=http://wiw4v7duaymysz9-session-fb8d6150c600-lifetime-10:***@rp.scrapegw.com:6060	ConnectionTimeoutError: Connection timeout to host https://discord.com/api/v9/unique-username/username-attempt-unauthed
2026-09-01 18:28:28	NETWORK	gdwm	attempt=1	proxy=http://wiw4v7duaymysz9-session-7a78f690d603-lifetime-10:***@rp.scrapegw.com:6060	ConnectionTimeoutError: Connection timeout to host https://discord.com/api/v9/unique-username/username-attempt-unauthed
2026-09-01 18:28:28	NETWORK	gdxi	attempt=1	proxy=http://wiw4v7duaymysz9-session-ba5b49497f24-lifetime-10:***@rp.scrapegw.com:6060	ConnectionTimeoutError: Connection timeout to host https://discord.com/api/v9/unique-username/username-attempt-unauthed
2026-09-01 18:28:28	NETWORK	gdue	attempt=1	proxy=http://wiw4v7duaymysz9-session-c4a0987fba5c-lifetime-10:***@rp.scrapegw.com:6060	ConnectionTimeoutError: Connection timeout to host https://discord.com/api/v9/unique-username/username-attempt-unauthed
2026-09-01 18:28:28	NETWORK	gdva	attempt=1	proxy=http://wiw4v7duaymysz9-session-7060fea20e7b-lifetime-10:***@rp.scrapegw.com:6060	ConnectionTimeoutError: Connection timeout to host https://discord.com/api/v9/unique-username/username-attempt-unauthed
2026-09-01 18:28:28	NETWORK	gdwf	attempt=1	proxy=http://wiw4v7duaymysz9-session-7cd9fe56b5cd-lifetime-10:***@rp.scrapegw.com:6060	ConnectionTimeoutError: Connection timeout to host https://discord.com/api/v9/unique-username/username-attempt-unauthed
2026-09-01 18:28:28	NETWORK	gdvm	attempt=1	proxy=http://wiw4v7duaymysz9-session-c5664a2742e4-lifetime-10:***@rp.scrapegw.com:6060	ConnectionTimeoutError: Connection timeout to host https://discord.com/api/v9/unique-username/username-attempt-unauthed
2026-09-01 18:28:28	NETWORK	gduk	attempt=1	proxy=http://wiw4v7duaymysz9-session-261b44992d34-lifetime-10:***@rp.scrapegw.com:6060	ConnectionTimeoutError: Connection timeout to host https://discord.com/api/v9/unique-username/username-attempt-unauthed
2026-09-01 18:28:28	NETWORK	gdwb	attempt=1	proxy=http://wiw4v7duaymysz9-session-7c412063de9e-lifetime-10:***@rp.scrapegw.com:6060	ConnectionTimeoutError: Connection timeout to host https://discord.com/api/v9/unique-username/username-attempt-unauthed
2026-09-01 18:28:28	HTTP_429	ggoa	attempt=1	proxy=http://wiw4v7duaymysz9-session-758428548d1b-lifetime-10:***@rp.scrapegw.com:6060	scope=shared global=False retry_after=1511.00s
2026-09-01 18:28:29	NETWORK	geaa	attempt=1	proxy=http://wiw4v7duaymysz9-session-ff2b6795392d-lifetime-10:***@rp.scrapegw.com:6060	ClientConnectorError: Cannot connect to host discord.com:443 ssl:default [Connection reset by peer]
2026-09-01 18:28:29	NETWORK	gepr	attempt=1	proxy=http://wiw4v7duaymysz9-session-60743009541b-lifetime-10:***@rp.scrapegw.com:6060	ClientConnectorError: Cannot connect to host discord.com:443 ssl:default [Connection reset by peer]
2026-09-01 18:28:29	NETWORK	gfgc	attempt=1	proxy=http://wiw4v7duaymysz9-session-0e470caed97c-lifetime-10:***@rp.scrapegw.com:6060	ClientConnectorError: Cannot connect to host discord.com:443 ssl:default [Connection reset by peer]
2026-09-01 18:28:29	NETWORK	gfin	attempt=1	proxy=http://wiw4v7duaymysz9-session-d5c67f2dc229-lifetime-10:***@rp.scrapegw.com:6060	ClientConnectorError: Cannot connect to host discord.com:443 ssl:default [Connection reset by peer]
2026-09-01 18:28:29	NETWORK	geft	attempt=1	proxy=http://wiw4v7duaymysz9-session-4e35e5ec3530-lifetime-10:***@rp.scrapegw.com:6060	ConnectionTimeoutError: Connection timeout to host https://discord.com/api/v9/unique-username/username-attempt-unauthed
2026-09-01 18:28:29	NETWORK	gefp	attempt=1	proxy=http://wiw4v7duaymysz9-session-354c0713d9f0-lifetime-10:***@rp.scrapegw.com:6060	ConnectionTimeoutError: Connection timeout to host https://discord.com/api/v9/unique-username/username-attempt-unauthed
2026-09-01 18:28:29	NETWORK	gecg	attempt=1	proxy=http://wiw4v7duaymysz9-session-b4e9ebe99c59-lifetime-10:***@rp.scrapegw.com:6060	ConnectionTimeoutError: Connection timeout to host https://discord.com/api/v9/unique-username/username-attempt-unauthed
2026-09-01 18:28:29	NETWORK	gefm	attempt=1	proxy=http://wiw4v7duaymysz9-session-c85c0cc46da5-lifetime-10:***@rp.scrapegw.com:6060	ConnectionTimeoutError: Connection timeout to host https://discord.com/api/v9/unique-username/username-attempt-unauthed
2026-09-01 18:28:29	NETWORK	gefl	attempt=1	proxy=http://wiw4v7duaymysz9-session-9ca9a6764daa-lifetime-10:***@rp.scrapegw.com:6060	ConnectionTimeoutError: Connection timeout to host https://discord.com/api/v9/unique-username/username-attempt-unauthed
2026-09-01 18:28:29	NETWORK	gefa	attempt=1	proxy=http://wiw4v7duaymysz9-session-e085ea77fed7-lifetime-10:***@rp.scrapegw.com:6060	ConnectionTimeoutError: Connection timeout to host https://discord.com/api/v9/unique-username/username-attempt-unauthed
2026-09-01 18:28:29	NETWORK	geeo	attempt=1	proxy=http://wiw4v7duaymysz9-session-c7e4705b9070-lifetime-10:***@rp.scrapegw.com:6060	ConnectionTimeoutError: Connection timeout to host https://discord.com/api/v9/unique-username/username-attempt-unauthed
2026-09-01 18:28:29	NETWORK	geej	attempt=1	proxy=http://wiw4v7duaymysz9-session-d84e56c2d8e3-lifetime-10:***@rp.scrapegw.com:6060	ConnectionTimeoutError: Connection timeout to host https://discord.com/api/v9/unique-username/username-attempt-unauthed
2026-09-01 18:28:29	NETWORK	geea	attempt=1	proxy=http://wiw4v7duaymysz9-session-7d239f025af4-lifetime-10:***@rp.scrapegw.com:6060	ConnectionTimeoutError: Connection timeout to host https://discord.com/api/v9/unique-username/username-attempt-unauthed
2026-09-01 18:28:29	NETWORK	gebl	attempt=1	proxy=http://wiw4v7duaymysz9-session-ec3ae543a1cd-lifetime-10:***@rp.scrapegw.com:6060	ConnectionTimeoutError: Connection timeout to host https://discord.com/api/v9/unique-username/username-attempt-unauthed
2026-09-01 18:28:29	NETWORK	gebk	attempt=1	proxy=http://wiw4v7duaymysz9-session-1d0190f0c807-lifetime-10:***@rp.scrapegw.com:6060	ConnectionTimeoutError: Connection timeout to host https://discord.com/api/v9/unique-username/username-attempt-unauthed
2026-09-01 18:28:29	NETWORK	geav	attempt=1	proxy=http://wiw4v7duaymysz9-session-b91d8d9150f8-lifetime-10:***@rp.scrapegw.com:6060	ConnectionTimeoutError: Connection timeout to host https://discord.com/api/v9/unique-username/username-attempt-unauthed
2026-09-01 18:28:29	NETWORK	geas	attempt=1	proxy=http://wiw4v7duaymysz9-session-78893483e6a0-lifetime-10:***@rp.scrapegw.com:6060	ConnectionTimeoutError: Connection timeout to host https://discord.com/api/v9/unique-username/username-attempt-unauthed
2026-09-01 18:28:29	NETWORK	gebv	attempt=1	proxy=http://wiw4v7duaymysz9-session-bce88e1bb63a-lifetime-10:***@rp.scrapegw.com:6060	ConnectionTimeoutError: Connection timeout to host https://discord.com/api/v9/unique-username/username-attempt-unauthed
2026-09-01 18:28:29	NETWORK	gecp	attempt=1	proxy=http://wiw4v7duaymysz9-session-02dbe38c484d-lifetime-10:***@rp.scrapegw.com:6060	ConnectionTimeoutError: Connection timeout to host https://discord.com/api/v9/unique-username/username-attempt-unauthed
2026-09-01 18:28:29	NETWORK	gdzo	attempt=1	proxy=http://wiw4v7duaymysz9-session-c82544b9a7b3-lifetime-10:***@rp.scrapegw.com:6060	ConnectionTimeoutError: Connection timeout to host https://discord.com/api/v9/unique-username/username-attempt-unauthed
2026-09-01 18:28:29	NETWORK	gehi	attempt=1	proxy=http://wiw4v7duaymysz9-session-797e618072d5-lifetime-10:***@rp.scrapegw.com:6060	ConnectionTimeoutError: Connection timeout to host https://discord.com/api/v9/unique-username/username-attempt-unauthed
2026-09-01 18:28:29	NETWORK	gdzs	attempt=1	proxy=http://wiw4v7duaymysz9-session-8fb2aefeacd6-lifetime-10:***@rp.scrapegw.com:6060	ConnectionTimeoutError: Connection timeout to host https://discord.com/api/v9/unique-username/username-attempt-unauthed
2026-09-01 18:28:29	NETWORK	gehb	attempt=1	proxy=http://wiw4v7duaymysz9-session-7859db26484a-lifetime-10:***@rp.scrapegw.com:6060	ConnectionTimeoutError: Connection timeout to host https://discord.com/api/v9/unique-username/username-attempt-unauthed
2026-09-01 18:28:29	NETWORK	geec	attempt=1	proxy=http://wiw4v7duaymysz9-session-04a68d494e25-lifetime-10:***@rp.scrapegw.com:6060	ConnectionTimeoutError: Connection timeout to host https://discord.com/api/v9/unique-username/username-attempt-unauthed
2026-09-01 18:28:29	NETWORK	gecb	attempt=1	proxy=http://wiw4v7duaymysz9-session-f8f55bbdea9d-lifetime-10:***@rp.scrapegw.com:6060	ConnectionTimeoutError: Connection timeout to host https://discord.com/api/v9/unique-username/username-attempt-unauthed
2026-09-01 18:28:29	NETWORK	gebt	attempt=1	proxy=http://wiw4v7duaymysz9-session-ac4884656527-lifetime-10:***@rp.scrapegw.com:6060	ConnectionTimeoutError: Connection timeout to host https://discord.com/api/v9/unique-username/username-attempt-unauthed
2026-09-01 18:28:29	NETWORK	gefu	attempt=1	proxy=http://wiw4v7duaymysz9-session-4e2993d41979-lifetime-10:***@rp.scrapegw.com:6060	ConnectionTimeoutError: Connection timeout to host https://discord.com/api/v9/unique-username/username-attempt-unauthed
2026-09-01 18:28:29	NETWORK	geao	attempt=1	proxy=http://wiw4v7duaymysz9-session-cb2a02e8e54a-lifetime-10:***@rp.scrapegw.com:6060	ConnectionTimeoutError: Connection timeout to host https://discord.com/api/v9/unique-username/username-attempt-unauthed
2026-09-01 18:28:29	NETWORK	gedh	attempt=1	proxy=http://wiw4v7duaymysz9-session-9b7dace05629-lifetime-10:***@rp.scrapegw.com:6060	ConnectionTimeoutError: Connection timeout to host https://discord.com/api/v9/unique-username/username-attempt-unauthed
2026-09-01 18:28:29	NETWORK	geau	attempt=1	proxy=http://wiw4v7duaymysz9-session-ef15619bf2cb-lifetime-10:***@rp.scrapegw.com:6060	ConnectionTimeoutError: Connection timeout to host https://discord.com/api/v9/unique-username/username-attempt-unauthed
2026-09-01 18:28:29	NETWORK	gebc	attempt=1	proxy=http://wiw4v7duaymysz9-session-99eb92733a6e-lifetime-10:***@rp.scrapegw.com:6060	ConnectionTimeoutError: Connection timeout to host https://discord.com/api/v9/unique-username/username-attempt-unauthed
2026-09-01 18:28:29	NETWORK	geha	attempt=1	proxy=http://wiw4v7duaymysz9-session-cd2c585333bc-lifetime-10:***@rp.scrapegw.com:6060	ConnectionTimeoutError: Connection timeout to host https://discord.com/api/v9/unique-username/username-attempt-unauthed
2026-09-01 18:28:29	NETWORK	gegs	attempt=1	proxy=http://wiw4v7duaymysz9-session-d57a31bd166b-lifetime-10:***@rp.scrapegw.com:6060	ConnectionTimeoutError: Connection timeout to host https://discord.com/api/v9/unique-username/username-attempt-unauthed
2026-09-01 18:28:29	NETWORK	gebz	attempt=1	proxy=http://wiw4v7duaymysz9-session-857d0867b9ed-lifetime-10:***@rp.scrapegw.com:6060	ConnectionTimeoutError: Connection timeout to host https://discord.com/api/v9/unique-username/username-attempt-unauthed
2026-09-01 18:28:29	NETWORK	gedo	attempt=1	proxy=http://wiw4v7duaymysz9-session-12502b47508d-lifetime-10:***@rp.scrapegw.com:6060	ConnectionTimeoutError: Connection timeout to host https://discord.com/api/v9/unique-username/username-attempt-unauthed
2026-09-01 18:28:29	NETWORK	gecw	attempt=1	proxy=http://wiw4v7duaymysz9-session-439e6c551dee-lifetime-10:***@rp.scrapegw.com:6060	ConnectionTimeoutError: Connection timeout to host https://discord.com/api/v9/unique-username/username-attempt-unauthed
2026-09-01 18:28:29	NETWORK	gegp	attempt=1	proxy=http://wiw4v7duaymysz9-session-c2a0f157d921-lifetime-10:***@rp.scrapegw.com:6060	ConnectionTimeoutError: Connection timeout to host https://discord.com/api/v9/unique-username/username-attempt-unauthed
2026-09-01 18:28:29	NETWORK	gefx	attempt=1	proxy=http://wiw4v7duaymysz9-session-e77c7259e594-lifetime-10:***@rp.scrapegw.com:6060	ConnectionTimeoutError: Connection timeout to host https://discord.com/api/v9/unique-username/username-attempt-unauthed
2026-09-01 18:28:29	NETWORK	gecx	attempt=1	proxy=http://wiw4v7duaymysz9-session-82f0a1b996fc-lifetime-10:***@rp.scrapegw.com:6060	ConnectionTimeoutError: Connection timeout to host https://discord.com/api/v9/unique-username/username-attempt-unauthed
2026-09-01 18:28:29	NETWORK	gdzn	attempt=1	proxy=http://wiw4v7duaymysz9-session-b44bc7445551-lifetime-10:***@rp.scrapegw.com:6060	ConnectionTimeoutError: Connection timeout to host https://discord.com/api/v9/unique-username/username-attempt-unauthed
2026-09-01 18:28:29	NETWORK	gedk	attempt=1	proxy=http://wiw4v7duaymysz9-session-db510f7f673b-lifetime-10:***@rp.scrapegw.com:6060	ConnectionTimeoutError: Connection timeout to host https://discord.com/api/v9/unique-username/username-attempt-unauthed
2026-09-01 18:28:30	HTTP_429	gfgi	attempt=1	proxy=http://wiw4v7duaymysz9-session-f887c13ed135-lifetime-10:***@rp.scrapegw.com:6060	scope=shared global=False retry_after=1355.00s
2026-09-01 18:28:30	NETWORK	gens	attempt=1	proxy=http://wiw4v7duaymysz9-session-eb5b4bd8cf52-lifetime-10:***@rp.scrapegw.com:6060	ConnectionTimeoutError: Connection timeout to host https://discord.com/api/v9/unique-username/username-attempt-unauthed
2026-09-01 18:28:30	NETWORK	genn	attempt=1	proxy=http://wiw4v7duaymysz9-session-1a65e30b8980-lifetime-10:***@rp.scrapegw.com:6060	ConnectionTimeoutError: Connection timeout to host https://discord.com/api/v9/unique-username/username-attempt-unauthed
2026-09-01 18:28:30	NETWORK	genh	attempt=1	proxy=http://wiw4v7duaymysz9-session-1d1f6764b7b5-lifetime-10:***@rp.scrapegw.com:6060	ConnectionTimeoutError: Connection timeout to host https://discord.com/api/v9/unique-username/username-attempt-unauthed
2026-09-01 18:28:30	NETWORK	gejf	attempt=1	proxy=http://wiw4v7duaymysz9-session-77037b898e03-lifetime-10:***@rp.scrapegw.com:6060	ConnectionTimeoutError: Connection timeout to host https://discord.com/api/v9/unique-username/username-attempt-unauthed
2026-09-01 18:28:30	NETWORK	gemh	attempt=1	proxy=http://wiw4v7duaymysz9-session-63efe0fafc98-lifetime-10:***@rp.scrapegw.com:6060	ConnectionTimeoutError: Connection timeout to host https://discord.com/api/v9/unique-username/username-attempt-unauthed
2026-09-01 18:28:30	NETWORK	geio	attempt=1	proxy=http://wiw4v7duaymysz9-session-25b6ca814f84-lifetime-10:***@rp.scrapegw.com:6060	ConnectionTimeoutError: Connection timeout to host https://discord.com/api/v9/unique-username/username-attempt-unauthed
2026-09-01 18:28:30	NETWORK	geji	attempt=1	proxy=http://wiw4v7duaymysz9-session-fa3285cf200f-lifetime-10:***@rp.scrapegw.com:6060	ConnectionTimeoutError: Connection timeout to host https://discord.com/api/v9/unique-username/username-attempt-unauthed
2026-09-01 18:28:30	NETWORK	geii	attempt=1	proxy=http://wiw4v7duaymysz9-session-98eb790de783-lifetime-10:***@rp.scrapegw.com:6060	ConnectionTimeoutError: Connection timeout to host https://discord.com/api/v9/unique-username/username-attempt-unauthed
2026-09-01 18:28:30	NETWORK	geie	attempt=1	proxy=http://wiw4v7duaymysz9-session-2e049f925c53-lifetime-10:***@rp.scrapegw.com:6060	ConnectionTimeoutError: Connection timeout to host https://discord.com/api/v9/unique-username/username-attempt-unauthed
2026-09-01 18:28:30	NETWORK	gemy	attempt=1	proxy=http://wiw4v7duaymysz9-session-5be32bb82f6a-lifetime-10:***@rp.scrapegw.com:6060	ConnectionTimeoutError: Connection timeout to host https://discord.com/api/v9/unique-username/username-attempt-unauthed
2026-09-01 18:28:30	NETWORK	gehz	attempt=1	proxy=http://wiw4v7duaymysz9-session-8f8b7448e2b5-lifetime-10:***@rp.scrapegw.com:6060	ConnectionTimeoutError: Connection timeout to host https://discord.com/api/v9/unique-username/username-attempt-unauthed
2026-09-01 18:28:30	NETWORK	gekk	attempt=1	proxy=http://wiw4v7duaymysz9-session-2b169f9ebc99-lifetime-10:***@rp.scrapegw.com:6060	ConnectionTimeoutError: Connection timeout to host https://discord.com/api/v9/unique-username/username-attempt-unauthed
2026-09-01 18:28:30	NETWORK	gemk	attempt=1	proxy=http://wiw4v7duaymysz9-session-ecba78c1334f-lifetime-10:***@rp.scrapegw.com:6060	ConnectionTimeoutError: Connection timeout to host https://discord.com/api/v9/unique-username/username-attempt-unauthed
2026-09-01 18:28:30	NETWORK	gele	attempt=1	proxy=http://wiw4v7duaymysz9-session-0fb5d708c578-lifetime-10:***@rp.scrapegw.com:6060	ConnectionTimeoutError: Connection timeout to host https://discord.com/api/v9/unique-username/username-attempt-unauthed
2026-09-01 18:28:30	NETWORK	gekp	attempt=1	proxy=http://wiw4v7duaymysz9-session-11078b11b0fb-lifetime-10:***@rp.scrapegw.com:6060	ConnectionTimeoutError: Connection timeout to host https://discord.com/api/v9/unique-username/username-attempt-unauthed
2026-09-01 18:28:30	NETWORK	geje	attempt=1	proxy=http://wiw4v7duaymysz9-session-e64330e8ed05-lifetime-10:***@rp.scrapegw.com:6060	ConnectionTimeoutError: Connection timeout to host https://discord.com/api/v9/unique-username/username-attempt-unauthed
2026-09-01 18:28:30	NETWORK	gejt	attempt=1	proxy=http://wiw4v7duaymysz9-session-7ed7dbfc9e75-lifetime-10:***@rp.scrapegw.com:6060	ConnectionTimeoutError: Connection timeout to host https://discord.com/api/v9/unique-username/username-attempt-unauthed
2026-09-01 18:28:30	NETWORK	geop	attempt=1	proxy=http://wiw4v7duaymysz9-session-f6e8b7da5c0d-lifetime-10:***@rp.scrapegw.com:6060	ConnectionTimeoutError: Connection timeout to host https://discord.com/api/v9/unique-username/username-attempt-unauthed
2026-09-01 18:28:30	NETWORK	gekh	attempt=1	proxy=http://wiw4v7duaymysz9-session-8b5e5b367fd3-lifetime-10:***@rp.scrapegw.com:6060	ConnectionTimeoutError: Connection timeout to host https://discord.com/api/v9/unique-username/username-attempt-unauthed
2026-09-01 18:28:30	NETWORK	geox	attempt=1	proxy=http://wiw4v7duaymysz9-session-11da9b935fdb-lifetime-10:***@rp.scrapegw.com:6060	ConnectionTimeoutError: Connection timeout to host https://discord.com/api/v9/unique-username/username-attempt-unauthed
2026-09-01 18:28:30	NETWORK	gepm	attempt=1	proxy=http://wiw4v7duaymysz9-session-64766b51ffaa-lifetime-10:***@rp.scrapegw.com:6060	ConnectionTimeoutError: Connection timeout to host https://discord.com/api/v9/unique-username/username-attempt-unauthed
2026-09-01 18:28:30	NETWORK	gely	attempt=1	proxy=http://wiw4v7duaymysz9-session-b9811a3614a0-lifetime-10:***@rp.scrapegw.com:6060	ConnectionTimeoutError: Connection timeout to host https://discord.com/api/v9/unique-username/username-attempt-unauthed
2026-09-01 18:28:30	NETWORK	gejv	attempt=1	proxy=http://wiw4v7duaymysz9-session-be9989690c85-lifetime-10:***@rp.scrapegw.com:6060	ConnectionTimeoutError: Connection timeout to host https://discord.com/api/v9/unique-username/username-attempt-unauthed
2026-09-01 18:28:30	NETWORK	gekd	attempt=1	proxy=http://wiw4v7duaymysz9-session-787d56b0c8f6-lifetime-10:***@rp.scrapegw.com:6060	ConnectionTimeoutError: Connection timeout to host https://discord.com/api/v9/unique-username/username-attempt-unauthed
2026-09-01 18:28:30	NETWORK	gekf	attempt=1	proxy=http://wiw4v7duaymysz9-session-f66043417de8-lifetime-10:***@rp.scrapegw.com:6060	ConnectionTimeoutError: Connection timeout to host https://discord.com/api/v9/unique-username/username-attempt-unauthed
2026-09-01 18:28:30	NETWORK	gelh	attempt=1	proxy=http://wiw4v7duaymysz9-session-bf6622ffe3a2-lifetime-10:***@rp.scrapegw.com:6060	ConnectionTimeoutError: Connection timeout to host https://discord.com/api/v9/unique-username/username-attempt-unauthed
2026-09-01 18:28:30	NETWORK	genb	attempt=1	proxy=http://wiw4v7duaymysz9-session-72868aeb6721-lifetime-10:***@rp.scrapegw.com:6060	ConnectionTimeoutError: Connection timeout to host https://discord.com/api/v9/unique-username/username-attempt-unauthed
2026-09-01 18:28:30	NETWORK	geks	attempt=1	proxy=http://wiw4v7duaymysz9-session-afc7210ff1e9-lifetime-10:***@rp.scrapegw.com:6060	ConnectionTimeoutError: Connection timeout to host https://discord.com/api/v9/unique-username/username-attempt-unauthed
2026-09-01 18:28:30	NETWORK	geip	attempt=1	proxy=http://wiw4v7duaymysz9-session-b3996280e373-lifetime-10:***@rp.scrapegw.com:6060	ConnectionTimeoutError: Connection timeout to host https://discord.com/api/v9/unique-username/username-attempt-unauthed
2026-09-01 18:28:30	NETWORK	geli	attempt=1	proxy=http://wiw4v7duaymysz9-session-cfa2723cccbf-lifetime-10:***@rp.scrapegw.com:6060	ConnectionTimeoutError: Connection timeout to host https://discord.com/api/v9/unique-username/username-attempt-unauthed
2026-09-01 18:28:30	NETWORK	gehx	attempt=1	proxy=http://wiw4v7duaymysz9-session-160777ebfc70-lifetime-10:***@rp.scrapegw.com:6060	ConnectionTimeoutError: Connection timeout to host https://discord.com/api/v9/unique-username/username-attempt-unauthed
2026-09-01 18:28:30	NETWORK	geln	attempt=1	proxy=http://wiw4v7duaymysz9-session-75effa19a56c-lifetime-10:***@rp.scrapegw.com:6060	ConnectionTimeoutError: Connection timeout to host https://discord.com/api/v9/unique-username/username-attempt-unauthed
2026-09-01 18:28:30	NETWORK	gemm	attempt=1	proxy=http://wiw4v7duaymysz9-session-8b24b66a5d10-lifetime-10:***@rp.scrapegw.com:6060	ConnectionTimeoutError: Connection timeout to host https://discord.com/api/v9/unique-username/username-attempt-unauthed
2026-09-01 18:28:30	NETWORK	genm	attempt=1	proxy=http://wiw4v7duaymysz9-session-9fcdc7efb6f8-lifetime-10:***@rp.scrapegw.com:6060	ConnectionTimeoutError: Connection timeout to host https://discord.com/api/v9/unique-username/username-attempt-unauthed
2026-09-01 18:28:30	NETWORK	gelk	attempt=1	proxy=http://wiw4v7duaymysz9-session-9a8a2d08f95d-lifetime-10:***@rp.scrapegw.com:6060	ConnectionTimeoutError: Connection timeout to host https://discord.com/api/v9/unique-username/username-attempt-unauthed
2026-09-01 18:28:30	NETWORK	gekn	attempt=1	proxy=http://wiw4v7duaymysz9-session-8bca2e628f70-lifetime-10:***@rp.scrapegw.com:6060	ConnectionTimeoutError: Connection timeout to host https://discord.com/api/v9/unique-username/username-attempt-unauthed
2026-09-01 18:28:30	NETWORK	geov	attempt=1	proxy=http://wiw4v7duaymysz9-session-ca16760c26af-lifetime-10:***@rp.scrapegw.com:6060	ConnectionTimeoutError: Connection timeout to host https://discord.com/api/v9/unique-username/username-attempt-unauthed
2026-09-01 18:28:30	NETWORK	gepc	attempt=1	proxy=http://wiw4v7duaymysz9-session-ef048e1cd3ca-lifetime-10:***@rp.scrapegw.com:6060	ConnectionTimeoutError: Connection timeout to host https://discord.com/api/v9/unique-username/username-attempt-unauthed
2026-09-01 18:28:30	NETWORK	gemf	attempt=1	proxy=http://wiw4v7duaymysz9-session-e6ec930ec284-lifetime-10:***@rp.scrapegw.com:6060	ConnectionTimeoutError: Connection timeout to host https://discord.com/api/v9/unique-username/username-attempt-unauthed
2026-09-01 18:28:30	NETWORK	gemc	attempt=1	proxy=http://wiw4v7duaymysz9-session-ed5afb42dfac-lifetime-10:***@rp.scrapegw.com:6060	ConnectionTimeoutError: Connection timeout to host https://discord.com/api/v9/unique-username/username-attempt-unauthed
2026-09-01 18:28:31	NETWORK	gfsc	attempt=1	proxy=http://wiw4v7duaymysz9-session-859778da9958-lifetime-10:***@rp.scrapegw.com:6060	ClientConnectorError: Cannot connect to host discord.com:443 ssl:default [Connection reset by peer]
2026-09-01 18:28:31	HTTP_429	ghpa	attempt=1	proxy=http://wiw4v7duaymysz9-session-2cc1cd1b80b8-lifetime-10:***@rp.scrapegw.com:6060	scope=shared global=False retry_after=2070.00s
2026-09-01 18:28:31	NETWORK	gfov	attempt=1	proxy=http://wiw4v7duaymysz9-session-82f12c3a4c14-lifetime-10:***@rp.scrapegw.com:6060	ClientConnectorError: Cannot connect to host discord.com:443 ssl:default [Connection reset by peer]
2026-09-01 18:28:31	NETWORK	gfbl	attempt=1	proxy=http://wiw4v7duaymysz9-session-a3976f58bcb8-lifetime-10:***@rp.scrapegw.com:6060	ClientConnectorError: Cannot connect to host discord.com:443 ssl:default [Connection reset by peer]
2026-09-01 18:28:31	NETWORK	geut	attempt=1	proxy=http://wiw4v7duaymysz9-session-511d653b8193-lifetime-10:***@rp.scrapegw.com:6060	ConnectionTimeoutError: Connection timeout to host https://discord.com/api/v9/unique-username/username-attempt-unauthed
2026-09-01 18:28:31	NETWORK	gesq	attempt=1	proxy=http://wiw4v7duaymysz9-session-09029ee1a35b-lifetime-10:***@rp.scrapegw.com:6060	ConnectionTimeoutError: Connection timeout to host https://discord.com/api/v9/unique-username/username-attempt-unauthed
2026-09-01 18:28:31	NETWORK	geqj	attempt=1	proxy=http://wiw4v7duaymysz9-session-ec207d1b5c25-lifetime-10:***@rp.scrapegw.com:6060	ConnectionTimeoutError: Connection timeout to host https://discord.com/api/v9/unique-username/username-attempt-unauthed
2026-09-01 18:28:31	NETWORK	gesp	attempt=1	proxy=http://wiw4v7duaymysz9-session-f93a35199eb8-lifetime-10:***@rp.scrapegw.com:6060	ConnectionTimeoutError: Connection timeout to host https://discord.com/api/v9/unique-username/username-attempt-unauthed
2026-09-01 18:28:31	NETWORK	geqm	attempt=1	proxy=http://wiw4v7duaymysz9-session-f0aaa075c025-lifetime-10:***@rp.scrapegw.com:6060	ConnectionTimeoutError: Connection timeout to host https://discord.com/api/v9/unique-username/username-attempt-unauthed
2026-09-01 18:28:31	NETWORK	gerf	attempt=1	proxy=http://wiw4v7duaymysz9-session-910fbc1a5688-lifetime-10:***@rp.scrapegw.com:6060	ConnectionTimeoutError: Connection timeout to host https://discord.com/api/v9/unique-username/username-attempt-unauthed
2026-09-01 18:28:31	NETWORK	getm	attempt=1	proxy=http://wiw4v7duaymysz9-session-3b9981c75690-lifetime-10:***@rp.scrapegw.com:6060	ConnectionTimeoutError: Connection timeout to host https://discord.com/api/v9/unique-username/username-attempt-unauthed
2026-09-01 18:28:31	NETWORK	gerk	attempt=1	proxy=http://wiw4v7duaymysz9-session-76107d7ddbba-lifetime-10:***@rp.scrapegw.com:6060	ConnectionTimeoutError: Connection timeout to host https://discord.com/api/v9/unique-username/username-attempt-unauthed
2026-09-01 18:28:31	NETWORK	gdgp	attempt=1	proxy=http://wiw4v7duaymysz9-session-a7defc0ea363-lifetime-10:***@rp.scrapegw.com:6060	TimeoutError:
2026-09-01 18:28:31	NETWORK	geqv	attempt=1	proxy=http://wiw4v7duaymysz9-session-820334327228-lifetime-10:***@rp.scrapegw.com:6060	ConnectionTimeoutError: Connection timeout to host https://discord.com/api/v9/unique-username/username-attempt-unauthed
2026-09-01 18:28:31	NETWORK	geuh	attempt=1	proxy=http://wiw4v7duaymysz9-session-758428548d1b-lifetime-10:***@rp.scrapegw.com:6060	ConnectionTimeoutError: Connection timeout to host https://discord.com/api/v9/unique-username/username-attempt-unauthed
2026-09-01 18:28:31	NETWORK	geue	attempt=1	proxy=http://wiw4v7duaymysz9-session-727046b593d0-lifetime-10:***@rp.scrapegw.com:6060	ConnectionTimeoutError: Connection timeout to host https://discord.com/api/v9/unique-username/username-attempt-unauthed
2026-09-01 18:28:31	NETWORK	gepy	attempt=1	proxy=http://wiw4v7duaymysz9-session-419576f31bac-lifetime-10:***@rp.scrapegw.com:6060	ConnectionTimeoutError: Connection timeout to host https://discord.com/api/v9/unique-username/username-attempt-unauthed
2026-09-01 18:28:31	NETWORK	geqf	attempt=1	proxy=http://wiw4v7duaymysz9-session-6df5f5c564f0-lifetime-10:***@rp.scrapegw.com:6060	ConnectionTimeoutError: Connection timeout to host https://discord.com/api/v9/unique-username/username-attempt-unauthed
2026-09-01 18:28:31	NETWORK	geun	attempt=1	proxy=http://wiw4v7duaymysz9-session-e91141cc74d0-lifetime-10:***@rp.scrapegw.com:6060	ConnectionTimeoutError: Connection timeout to host https://discord.com/api/v9/unique-username/username-attempt-unauthed
2026-09-01 18:28:31	NETWORK	geqc	attempt=1	proxy=http://wiw4v7duaymysz9-session-a45ab61ac49e-lifetime-10:***@rp.scrapegw.com:6060	ConnectionTimeoutError: Connection timeout to host https://discord.com/api/v9/unique-username/username-attempt-unauthed
2026-09-01 18:28:31	NETWORK	gesn	attempt=1	proxy=http://wiw4v7duaymysz9-session-6cb8fac377f2-lifetime-10:***@rp.scrapegw.com:6060	ConnectionTimeoutError: Connection timeout to host https://discord.com/api/v9/unique-username/username-attempt-unauthed
2026-09-01 18:28:31	NETWORK	geqr	attempt=1	proxy=http://wiw4v7duaymysz9-session-8dd53a237ef9-lifetime-10:***@rp.scrapegw.com:6060	ConnectionTimeoutError: Connection timeout to host https://discord.com/api/v9/unique-username/username-attempt-unauthed
2026-09-01 18:28:31	NETWORK	gesd	attempt=1	proxy=http://wiw4v7duaymysz9-session-a7a11d65cbce-lifetime-10:***@rp.scrapegw.com:6060	ConnectionTimeoutError: Connection timeout to host https://discord.com/api/v9/unique-username/username-attempt-unauthed
2026-09-01 18:28:31	NETWORK	geqn	attempt=1	proxy=http://wiw4v7duaymysz9-session-dcd7633653ca-lifetime-10:***@rp.scrapegw.com:6060	ConnectionTimeoutError: Connection timeout to host https://discord.com/api/v9/unique-username/username-attempt-unauthed
2026-09-01 18:28:31	NETWORK	gerr	attempt=1	proxy=http://wiw4v7duaymysz9-session-5f57443795cc-lifetime-10:***@rp.scrapegw.com:6060	ConnectionTimeoutError: Connection timeout to host https://discord.com/api/v9/unique-username/username-attempt-unauthed
2026-09-01 18:28:31	NETWORK	gerq	attempt=1	proxy=http://wiw4v7duaymysz9-session-466e5ea24157-lifetime-10:***@rp.scrapegw.com:6060	ConnectionTimeoutError: Connection timeout to host https://discord.com/api/v9/unique-username/username-attempt-unauthed
2026-09-01 18:28:31	NETWORK	geqg	attempt=1	proxy=http://wiw4v7duaymysz9-session-04a86885755e-lifetime-10:***@rp.scrapegw.com:6060	ConnectionTimeoutError: Connection timeout to host https://discord.com/api/v9/unique-username/username-attempt-unauthed
2026-09-01 18:28:31	NETWORK	geub	attempt=1	proxy=http://wiw4v7duaymysz9-session-500a7078c391-lifetime-10:***@rp.scrapegw.com:6060	ConnectionTimeoutError: Connection timeout to host https://discord.com/api/v9/unique-username/username-attempt-unauthed
2026-09-01 18:28:31	NETWORK	geqi	attempt=1	proxy=http://wiw4v7duaymysz9-session-1007df60f721-lifetime-10:***@rp.scrapegw.com:6060	ConnectionTimeoutError: Connection timeout to host https://discord.com/api/v9/unique-username/username-attempt-unauthed
2026-09-01 18:28:31	NETWORK	getn	attempt=1	proxy=http://wiw4v7duaymysz9-session-1029354548f5-lifetime-10:***@rp.scrapegw.com:6060	ConnectionTimeoutError: Connection timeout to host https://discord.com/api/v9/unique-username/username-attempt-unauthed
2026-09-01 18:28:31	NETWORK	gerh	attempt=1	proxy=http://wiw4v7duaymysz9-session-930009063941-lifetime-10:***@rp.scrapegw.com:6060	ConnectionTimeoutError: Connection timeout to host https://discord.com/api/v9/unique-username/username-attempt-unauthed
2026-09-01 18:28:31	NETWORK	gesx	attempt=1	proxy=http://wiw4v7duaymysz9-session-68706afe7787-lifetime-10:***@rp.scrapegw.com:6060	ConnectionTimeoutError: Connection timeout to host https://discord.com/api/v9/unique-username/username-attempt-unauthed
2026-09-01 18:28:31	NETWORK	geuq	attempt=1	proxy=http://wiw4v7duaymysz9-session-4a24b26fc5ad-lifetime-10:***@rp.scrapegw.com:6060	ConnectionTimeoutError: Connection timeout to host https://discord.com/api/v9/unique-username/username-attempt-unauthed
2026-09-01 18:28:31	NETWORK	geqp	attempt=1	proxy=http://wiw4v7duaymysz9-session-546e265ae3b0-lifetime-10:***@rp.scrapegw.com:6060	ConnectionTimeoutError: Connection timeout to host https://discord.com/api/v9/unique-username/username-attempt-unauthed
2026-09-01 18:28:31	NETWORK	getc	attempt=1	proxy=http://wiw4v7duaymysz9-session-ff094a292aa5-lifetime-10:***@rp.scrapegw.com:6060	ConnectionTimeoutError: Connection timeout to host https://discord.com/api/v9/unique-username/username-attempt-unauthed
2026-09-01 18:28:31	NETWORK	getb	attempt=1	proxy=http://wiw4v7duaymysz9-session-125ea461c271-lifetime-10:***@rp.scrapegw.com:6060	ConnectionTimeoutError: Connection timeout to host https://discord.com/api/v9/unique-username/username-attempt-unauthed
2026-09-01 18:28:31	NETWORK	geql	attempt=1	proxy=http://wiw4v7duaymysz9-session-e81244dcd165-lifetime-10:***@rp.scrapegw.com:6060	ConnectionTimeoutError: Connection timeout to host https://discord.com/api/v9/unique-username/username-attempt-unauthed
2026-09-01 18:28:31	NETWORK	gepw	attempt=1	proxy=http://wiw4v7duaymysz9-session-95e1a54711b4-lifetime-10:***@rp.scrapegw.com:6060	ConnectionTimeoutError: Connection timeout to host https://discord.com/api/v9/unique-username/username-attempt-unauthed
2026-09-01 18:28:31	NETWORK	gggm	attempt=1	proxy=http://wiw4v7duaymysz9-session-e07c36646df8-lifetime-10:***@rp.scrapegw.com:6060	ClientConnectorError: Cannot connect to host discord.com:443 ssl:default [Connection reset by peer]
2026-09-01 18:28:32	NETWORK	gfmw	attempt=1	proxy=http://wiw4v7duaymysz9-session-d82891ae5d16-lifetime-10:***@rp.scrapegw.com:6060	ClientConnectorError: Cannot connect to host discord.com:443 ssl:default [Connection reset by peer]
2026-09-01 18:28:32	HTTP_429	gfmr	attempt=1	proxy=http://wiw4v7duaymysz9-session-ce2d7eb9aa40-lifetime-10:***@rp.scrapegw.com:6060	scope=shared global=False retry_after=1182.00s
2026-09-01 18:28:32	NETWORK	gevn	attempt=1	proxy=http://wiw4v7duaymysz9-session-1040bb71e308-lifetime-10:***@rp.scrapegw.com:6060	ClientConnectorError: Cannot connect to host discord.com:443 ssl:default [Connection reset by peer]
2026-09-01 18:28:32	HTTP_429	ggyk	attempt=1	proxy=http://wiw4v7duaymysz9-session-efc7ecffe58d-lifetime-10:***@rp.scrapegw.com:6060	scope=shared global=False retry_after=332.00s
2026-09-01 18:28:32	NETWORK	gevb	attempt=1	proxy=http://wiw4v7duaymysz9-session-c1f60f1ec48c-lifetime-10:***@rp.scrapegw.com:6060	ConnectionTimeoutError: Connection timeout to host https://discord.com/api/v9/unique-username/username-attempt-unauthed
2026-09-01 18:28:32	NETWORK	geya	attempt=1	proxy=http://wiw4v7duaymysz9-session-3ae0556b31b5-lifetime-10:***@rp.scrapegw.com:6060	ConnectionTimeoutError: Connection timeout to host https://discord.com/api/v9/unique-username/username-attempt-unauthed
2026-09-01 18:28:32	NETWORK	gfax	attempt=1	proxy=http://wiw4v7duaymysz9-session-3c8007c082ac-lifetime-10:***@rp.scrapegw.com:6060	ConnectionTimeoutError: Connection timeout to host https://discord.com/api/v9/unique-username/username-attempt-unauthed
2026-09-01 18:28:32	NETWORK	gfby	attempt=1	proxy=http://wiw4v7duaymysz9-session-8661e8e50892-lifetime-10:***@rp.scrapegw.com:6060	ConnectionTimeoutError: Connection timeout to host https://discord.com/api/v9/unique-username/username-attempt-unauthed
2026-09-01 18:28:32	NETWORK	gfbd	attempt=1	proxy=http://wiw4v7duaymysz9-session-7753aeadfbec-lifetime-10:***@rp.scrapegw.com:6060	ConnectionTimeoutError: Connection timeout to host https://discord.com/api/v9/unique-username/username-attempt-unauthed
2026-09-01 18:28:32	NETWORK	gevk	attempt=1	proxy=http://wiw4v7duaymysz9-session-eee705347357-lifetime-10:***@rp.scrapegw.com:6060	ConnectionTimeoutError: Connection timeout to host https://discord.com/api/v9/unique-username/username-attempt-unauthed
2026-09-01 18:28:32	NETWORK	geux	attempt=1	proxy=http://wiw4v7duaymysz9-session-ab1f53b1e5bc-lifetime-10:***@rp.scrapegw.com:6060	ConnectionTimeoutError: Connection timeout to host https://discord.com/api/v9/unique-username/username-attempt-unauthed
2026-09-01 18:28:32	NETWORK	geva	attempt=1	proxy=http://wiw4v7duaymysz9-session-d1b812886c17-lifetime-10:***@rp.scrapegw.com:6060	ConnectionTimeoutError: Connection timeout to host https://discord.com/api/v9/unique-username/username-attempt-unauthed
2026-09-01 18:28:32	NETWORK	gfcb	attempt=1	proxy=http://wiw4v7duaymysz9-session-4357c7cd2a28-lifetime-10:***@rp.scrapegw.com:6060	ConnectionTimeoutError: Connection timeout to host https://discord.com/api/v9/unique-username/username-attempt-unauthed
2026-09-01 18:28:32	NETWORK	gexg	attempt=1	proxy=http://wiw4v7duaymysz9-session-95b035126b3b-lifetime-10:***@rp.scrapegw.com:6060	ConnectionTimeoutError: Connection timeout to host https://discord.com/api/v9/unique-username/username-attempt-unauthed
2026-09-01 18:28:32	NETWORK	gevf	attempt=1	proxy=http://wiw4v7duaymysz9-session-75a731a037b2-lifetime-10:***@rp.scrapegw.com:6060	ConnectionTimeoutError: Connection timeout to host https://discord.com/api/v9/unique-username/username-attempt-unauthed
2026-09-01 18:28:32	NETWORK	gfaq	attempt=1	proxy=http://wiw4v7duaymysz9-session-5aab4121fd83-lifetime-10:***@rp.scrapegw.com:6060	ConnectionTimeoutError: Connection timeout to host https://discord.com/api/v9/unique-username/username-attempt-unauthed
2026-09-01 18:28:32	NETWORK	gexi	attempt=1	proxy=http://wiw4v7duaymysz9-session-8b53cf84138a-lifetime-10:***@rp.scrapegw.com:6060	ConnectionTimeoutError: Connection timeout to host https://discord.com/api/v9/unique-username/username-attempt-unauthed
2026-09-01 18:28:32	NETWORK	gfbn	attempt=1	proxy=http://wiw4v7duaymysz9-session-4511183744ca-lifetime-10:***@rp.scrapegw.com:6060	ConnectionTimeoutError: Connection timeout to host https://discord.com/api/v9/unique-username/username-attempt-unauthed
2026-09-01 18:28:32	NETWORK	gfap	attempt=1	proxy=http://wiw4v7duaymysz9-session-3091c25f04df-lifetime-10:***@rp.scrapegw.com:6060	ConnectionTimeoutError: Connection timeout to host https://discord.com/api/v9/unique-username/username-attempt-unauthed
2026-09-01 18:28:32	NETWORK	gexs	attempt=1	proxy=http://wiw4v7duaymysz9-session-feb451ddc10e-lifetime-10:***@rp.scrapegw.com:6060	ConnectionTimeoutError: Connection timeout to host https://discord.com/api/v9/unique-username/username-attempt-unauthed
2026-09-01 18:28:32	NETWORK	gfbb	attempt=1	proxy=http://wiw4v7duaymysz9-session-acb24935de68-lifetime-10:***@rp.scrapegw.com:6060	ConnectionTimeoutError: Connection timeout to host https://discord.com/api/v9/unique-username/username-attempt-unauthed
2026-09-01 18:28:32	NETWORK	gexm	attempt=1	proxy=http://wiw4v7duaymysz9-session-77e9c3a1d813-lifetime-10:***@rp.scrapegw.com:6060	ConnectionTimeoutError: Connection timeout to host https://discord.com/api/v9/unique-username/username-attempt-unauthed
2026-09-01 18:28:32	NETWORK	gexb	attempt=1	proxy=http://wiw4v7duaymysz9-session-a29d03f62d47-lifetime-10:***@rp.scrapegw.com:6060	ConnectionTimeoutError: Connection timeout to host https://discord.com/api/v9/unique-username/username-attempt-unauthed
2026-09-01 18:28:32	NETWORK	geyz	attempt=1	proxy=http://wiw4v7duaymysz9-session-e2ab98afa580-lifetime-10:***@rp.scrapegw.com:6060	ConnectionTimeoutError: Connection timeout to host https://discord.com/api/v9/unique-username/username-attempt-unauthed
2026-09-01 18:28:32	NETWORK	gfau	attempt=1	proxy=http://wiw4v7duaymysz9-session-5b6a2d6a32d9-lifetime-10:***@rp.scrapegw.com:6060	ConnectionTimeoutError: Connection timeout to host https://discord.com/api/v9/unique-username/username-attempt-unauthed
2026-09-01 18:28:32	NETWORK	gfbf	attempt=1	proxy=http://wiw4v7duaymysz9-session-28c963380c22-lifetime-10:***@rp.scrapegw.com:6060	ConnectionTimeoutError: Connection timeout to host https://discord.com/api/v9/unique-username/username-attempt-unauthed
2026-09-01 18:28:32	NETWORK	gexc	attempt=1	proxy=http://wiw4v7duaymysz9-session-a7defc0ea363-lifetime-10:***@rp.scrapegw.com:6060	ConnectionTimeoutError: Connection timeout to host https://discord.com/api/v9/unique-username/username-attempt-unauthed
2026-09-01 18:28:32	NETWORK	gewc	attempt=1	proxy=http://wiw4v7duaymysz9-session-e69fb0b0184b-lifetime-10:***@rp.scrapegw.com:6060	ConnectionTimeoutError: Connection timeout to host https://discord.com/api/v9/unique-username/username-attempt-unauthed
2026-09-01 18:28:32	NETWORK	gezj	attempt=1	proxy=http://wiw4v7duaymysz9-session-9ad4df553cf2-lifetime-10:***@rp.scrapegw.com:6060	ConnectionTimeoutError: Connection timeout to host https://discord.com/api/v9/unique-username/username-attempt-unauthed
2026-09-01 18:28:32	NETWORK	gfaw	attempt=1	proxy=http://wiw4v7duaymysz9-session-5e49526737cb-lifetime-10:***@rp.scrapegw.com:6060	ConnectionTimeoutError: Connection timeout to host https://discord.com/api/v9/unique-username/username-attempt-unauthed
2026-09-01 18:28:32	NETWORK	geyh	attempt=1	proxy=http://wiw4v7duaymysz9-session-ad6425ce5de2-lifetime-10:***@rp.scrapegw.com:6060	ConnectionTimeoutError: Connection timeout to host https://discord.com/api/v9/unique-username/username-attempt-unauthed
2026-09-01 18:28:32	NETWORK	gevx	attempt=1	proxy=http://wiw4v7duaymysz9-session-33ed20aef8b0-lifetime-10:***@rp.scrapegw.com:6060	ConnectionTimeoutError: Connection timeout to host https://discord.com/api/v9/unique-username/username-attempt-unauthed
2026-09-01 18:28:32	NETWORK	gezh	attempt=1	proxy=http://wiw4v7duaymysz9-session-9978a28ab734-lifetime-10:***@rp.scrapegw.com:6060	ConnectionTimeoutError: Connection timeout to host https://discord.com/api/v9/unique-username/username-attempt-unauthed
2026-09-01 18:28:32	NETWORK	gezs	attempt=1	proxy=http://wiw4v7duaymysz9-session-061672f65b3b-lifetime-10:***@rp.scrapegw.com:6060	ConnectionTimeoutError: Connection timeout to host https://discord.com/api/v9/unique-username/username-attempt-unauthed
2026-09-01 18:28:32	NETWORK	gexa	attempt=1	proxy=http://wiw4v7duaymysz9-session-740a855c5c32-lifetime-10:***@rp.scrapegw.com:6060	ConnectionTimeoutError: Connection timeout to host https://discord.com/api/v9/unique-username/username-attempt-unauthed
2026-09-01 18:28:32	NETWORK	gfbu	attempt=1	proxy=http://wiw4v7duaymysz9-session-f4e078d558f6-lifetime-10:***@rp.scrapegw.com:6060	ConnectionTimeoutError: Connection timeout to host https://discord.com/api/v9/unique-username/username-attempt-unauthed
2026-09-01 18:28:32	NETWORK	gfat	attempt=1	proxy=http://wiw4v7duaymysz9-session-ad11cbd47d1b-lifetime-10:***@rp.scrapegw.com:6060	ConnectionTimeoutError: Connection timeout to host https://discord.com/api/v9/unique-username/username-attempt-unauthed
2026-09-01 18:28:32	NETWORK	gfcf	attempt=1	proxy=http://wiw4v7duaymysz9-session-aab67ccb8935-lifetime-10:***@rp.scrapegw.com:6060	ConnectionTimeoutError: Connection timeout to host https://discord.com/api/v9/unique-username/username-attempt-unauthed
2026-09-01 18:28:32	NETWORK	gews	attempt=1	proxy=http://wiw4v7duaymysz9-session-8ce2df5d8bb6-lifetime-10:***@rp.scrapegw.com:6060	ConnectionTimeoutError: Connection timeout to host https://discord.com/api/v9/unique-username/username-attempt-unauthed
2026-09-01 18:28:32	NETWORK	gfbh	attempt=1	proxy=http://wiw4v7duaymysz9-session-1344a8b3187f-lifetime-10:***@rp.scrapegw.com:6060	ConnectionTimeoutError: Connection timeout to host https://discord.com/api/v9/unique-username/username-attempt-unauthed
2026-09-01 18:28:32	NETWORK	gfah	attempt=1	proxy=http://wiw4v7duaymysz9-session-ddab887aa416-lifetime-10:***@rp.scrapegw.com:6060	ConnectionTimeoutError: Connection timeout to host https://discord.com/api/v9/unique-username/username-attempt-unauthed
2026-09-01 18:28:32	NETWORK	gfbj	attempt=1	proxy=http://wiw4v7duaymysz9-session-b6a17d4bdbc7-lifetime-10:***@rp.scrapegw.com:6060	ConnectionTimeoutError: Connection timeout to host https://discord.com/api/v9/unique-username/username-attempt-unauthed
2026-09-01 18:28:32	NETWORK	gfcl	attempt=1	proxy=http://wiw4v7duaymysz9-session-20ba1da519ea-lifetime-10:***@rp.scrapegw.com:6060	ConnectionTimeoutError: Connection timeout to host https://discord.com/api/v9/unique-username/username-attempt-unauthed
2026-09-01 18:28:32	NETWORK	gfbt	attempt=1	proxy=http://wiw4v7duaymysz9-session-db9cc3ef3ac4-lifetime-10:***@rp.scrapegw.com:6060	ConnectionTimeoutError: Connection timeout to host https://discord.com/api/v9/unique-username/username-attempt-unauthed
2026-09-01 18:28:32	HTTP_429	ghzl	attempt=1	proxy=http://wiw4v7duaymysz9-session-ce58224c370c-lifetime-10:***@rp.scrapegw.com:6060	scope=shared global=False retry_after=2064.00s
2026-09-01 18:28:33	NETWORK	gfco	attempt=1	proxy=http://wiw4v7duaymysz9-session-86f1d7805104-lifetime-10:***@rp.scrapegw.com:6060	ClientConnectorError: Cannot connect to host discord.com:443 ssl:default [Connection reset by peer]
2026-09-01 18:28:33	NETWORK	gghr	attempt=1	proxy=http://wiw4v7duaymysz9-session-419576f31bac-lifetime-10:***@rp.scrapegw.com:6060	ClientConnectorSSLError: Cannot connect to host discord.com:443 ssl:default [[SSL: RECORD_LAYER_FAILURE] record layer failure (_ssl.c:1081)]
2026-09-01 18:28:33	HTTP_429	gicb	attempt=1	proxy=http://wiw4v7duaymysz9-session-b3f7e500df95-lifetime-10:***@rp.scrapegw.com:6060	scope=shared global=False retry_after=2064.00s
2026-09-01 18:28:33	NETWORK	gfxi	attempt=1	proxy=http://wiw4v7duaymysz9-session-9ca9a6764daa-lifetime-10:***@rp.scrapegw.com:6060	ClientConnectorError: Cannot connect to host discord.com:443 ssl:default [Connection reset by peer]
2026-09-01 18:28:33	NETWORK	gffu	attempt=1	proxy=http://wiw4v7duaymysz9-session-15a435ccc476-lifetime-10:***@rp.scrapegw.com:6060	ClientConnectorError: Cannot connect to host discord.com:443 ssl:default [Connection reset by peer]
2026-09-01 18:28:33	NETWORK	gfjp	attempt=1	proxy=http://wiw4v7duaymysz9-session-601cbc5f46d3-lifetime-10:***@rp.scrapegw.com:6060	ConnectionTimeoutError: Connection timeout to host https://discord.com/api/v9/unique-username/username-attempt-unauthed
2026-09-01 18:28:33	NETWORK	gfit	attempt=1	proxy=http://wiw4v7duaymysz9-session-8668f86342ea-lifetime-10:***@rp.scrapegw.com:6060	ConnectionTimeoutError: Connection timeout to host https://discord.com/api/v9/unique-username/username-attempt-unauthed
2026-09-01 18:28:33	NETWORK	gfjj	attempt=1	proxy=http://wiw4v7duaymysz9-session-5a59890e33c3-lifetime-10:***@rp.scrapegw.com:6060	ConnectionTimeoutError: Connection timeout to host https://discord.com/api/v9/unique-username/username-attempt-unauthed
2026-09-01 18:28:33	NETWORK	gfiq	attempt=1	proxy=http://wiw4v7duaymysz9-session-036b502c4d53-lifetime-10:***@rp.scrapegw.com:6060	ConnectionTimeoutError: Connection timeout to host https://discord.com/api/v9/unique-username/username-attempt-unauthed
2026-09-01 18:28:33	NETWORK	gfil	attempt=1	proxy=http://wiw4v7duaymysz9-session-86e0e0de4eb5-lifetime-10:***@rp.scrapegw.com:6060	ConnectionTimeoutError: Connection timeout to host https://discord.com/api/v9/unique-username/username-attempt-unauthed
2026-09-01 18:28:33	NETWORK	gfjb	attempt=1	proxy=http://wiw4v7duaymysz9-session-d387661bfe48-lifetime-10:***@rp.scrapegw.com:6060	ConnectionTimeoutError: Connection timeout to host https://discord.com/api/v9/unique-username/username-attempt-unauthed
2026-09-01 18:28:33	NETWORK	gfje	attempt=1	proxy=http://wiw4v7duaymysz9-session-0e4fb52ad548-lifetime-10:***@rp.scrapegw.com:6060	ConnectionTimeoutError: Connection timeout to host https://discord.com/api/v9/unique-username/username-attempt-unauthed
2026-09-01 18:28:33	NETWORK	gfie	attempt=1	proxy=http://wiw4v7duaymysz9-session-5b54b9f6c129-lifetime-10:***@rp.scrapegw.com:6060	ConnectionTimeoutError: Connection timeout to host https://discord.com/api/v9/unique-username/username-attempt-unauthed
2026-09-01 18:28:33	NETWORK	gfhv	attempt=1	proxy=http://wiw4v7duaymysz9-session-58a191d05a15-lifetime-10:***@rp.scrapegw.com:6060	ConnectionTimeoutError: Connection timeout to host https://discord.com/api/v9/unique-username/username-attempt-unauthed
2026-09-01 18:28:33	NETWORK	gfhz	attempt=1	proxy=http://wiw4v7duaymysz9-session-2308870e8b14-lifetime-10:***@rp.scrapegw.com:6060	ConnectionTimeoutError: Connection timeout to host https://discord.com/api/v9/unique-username/username-attempt-unauthed
2026-09-01 18:28:33	NETWORK	gfgr	attempt=1	proxy=http://wiw4v7duaymysz9-session-6c7c2f957054-lifetime-10:***@rp.scrapegw.com:6060	ConnectionTimeoutError: Connection timeout to host https://discord.com/api/v9/unique-username/username-attempt-unauthed
2026-09-01 18:28:33	NETWORK	gfgm	attempt=1	proxy=http://wiw4v7duaymysz9-session-c13958f41d10-lifetime-10:***@rp.scrapegw.com:6060	ConnectionTimeoutError: Connection timeout to host https://discord.com/api/v9/unique-username/username-attempt-unauthed
2026-09-01 18:28:33	NETWORK	gfju	attempt=1	proxy=http://wiw4v7duaymysz9-session-e244d4fd0810-lifetime-10:***@rp.scrapegw.com:6060	ConnectionTimeoutError: Connection timeout to host https://discord.com/api/v9/unique-username/username-attempt-unauthed
2026-09-01 18:28:33	NETWORK	gfkd	attempt=1	proxy=http://wiw4v7duaymysz9-session-95acc0437354-lifetime-10:***@rp.scrapegw.com:6060	ConnectionTimeoutError: Connection timeout to host https://discord.com/api/v9/unique-username/username-attempt-unauthed
2026-09-01 18:28:33	NETWORK	gfjx	attempt=1	proxy=http://wiw4v7duaymysz9-session-bba01b604eac-lifetime-10:***@rp.scrapegw.com:6060	ConnectionTimeoutError: Connection timeout to host https://discord.com/api/v9/unique-username/username-attempt-unauthed
2026-09-01 18:28:33	NETWORK	gfdb	attempt=1	proxy=http://wiw4v7duaymysz9-session-688c09c3a70d-lifetime-10:***@rp.scrapegw.com:6060	ConnectionTimeoutError: Connection timeout to host https://discord.com/api/v9/unique-username/username-attempt-unauthed
2026-09-01 18:28:33	NETWORK	gfjr	attempt=1	proxy=http://wiw4v7duaymysz9-session-53691cdb0f65-lifetime-10:***@rp.scrapegw.com:6060	ConnectionTimeoutError: Connection timeout to host https://discord.com/api/v9/unique-username/username-attempt-unauthed
2026-09-01 18:28:33	NETWORK	gfiz	attempt=1	proxy=http://wiw4v7duaymysz9-session-2f42f7969c90-lifetime-10:***@rp.scrapegw.com:6060	ConnectionTimeoutError: Connection timeout to host https://discord.com/api/v9/unique-username/username-attempt-unauthed
2026-09-01 18:28:33	NETWORK	gfgq	attempt=1	proxy=http://wiw4v7duaymysz9-session-81d0c1e8155c-lifetime-10:***@rp.scrapegw.com:6060	ConnectionTimeoutError: Connection timeout to host https://discord.com/api/v9/unique-username/username-attempt-unauthed
2026-09-01 18:28:33	NETWORK	gfcv	attempt=1	proxy=http://wiw4v7duaymysz9-session-b41e55c33a5d-lifetime-10:***@rp.scrapegw.com:6060	ConnectionTimeoutError: Connection timeout to host https://discord.com/api/v9/unique-username/username-attempt-unauthed
2026-09-01 18:28:33	NETWORK	gfcy	attempt=1	proxy=http://wiw4v7duaymysz9-session-e01748cee095-lifetime-10:***@rp.scrapegw.com:6060	ConnectionTimeoutError: Connection timeout to host https://discord.com/api/v9/unique-username/username-attempt-unauthed
2026-09-01 18:28:33	NETWORK	gfjn	attempt=1	proxy=http://wiw4v7duaymysz9-session-17a8abb027a0-lifetime-10:***@rp.scrapegw.com:6060	ConnectionTimeoutError: Connection timeout to host https://discord.com/api/v9/unique-username/username-attempt-unauthed
2026-09-01 18:28:33	NETWORK	gfcn	attempt=1	proxy=http://wiw4v7duaymysz9-session-48de2b4bfe3b-lifetime-10:***@rp.scrapegw.com:6060	ConnectionTimeoutError: Connection timeout to host https://discord.com/api/v9/unique-username/username-attempt-unauthed
2026-09-01 18:28:33	NETWORK	gfdg	attempt=1	proxy=http://wiw4v7duaymysz9-session-9d3175884701-lifetime-10:***@rp.scrapegw.com:6060	ConnectionTimeoutError: Connection timeout to host https://discord.com/api/v9/unique-username/username-attempt-unauthed
2026-09-01 18:28:33	NETWORK	gffg	attempt=1	proxy=http://wiw4v7duaymysz9-session-8e15cd92fa61-lifetime-10:***@rp.scrapegw.com:6060	ConnectionTimeoutError: Connection timeout to host https://discord.com/api/v9/unique-username/username-attempt-unauthed
2026-09-01 18:28:33	NETWORK	gfdc	attempt=1	proxy=http://wiw4v7duaymysz9-session-4535d8d45ccc-lifetime-10:***@rp.scrapegw.com:6060	ConnectionTimeoutError: Connection timeout to host https://discord.com/api/v9/unique-username/username-attempt-unauthed
2026-09-01 18:28:33	NETWORK	gffe	attempt=1	proxy=http://wiw4v7duaymysz9-session-9a9e0cd77681-lifetime-10:***@rp.scrapegw.com:6060	ConnectionTimeoutError: Connection timeout to host https://discord.com/api/v9/unique-username/username-attempt-unauthed
2026-09-01 18:28:33	NETWORK	gfgv	attempt=1	proxy=http://wiw4v7duaymysz9-session-283984fb34de-lifetime-10:***@rp.scrapegw.com:6060	ConnectionTimeoutError: Connection timeout to host https://discord.com/api/v9/unique-username/username-attempt-unauthed
2026-09-01 18:28:33	NETWORK	gfgy	attempt=1	proxy=http://wiw4v7duaymysz9-session-0c35b64eed02-lifetime-10:***@rp.scrapegw.com:6060	ConnectionTimeoutError: Connection timeout to host https://discord.com/api/v9/unique-username/username-attempt-unauthed
2026-09-01 18:28:33	NETWORK	gfdt	attempt=1	proxy=http://wiw4v7duaymysz9-session-aa4d47000e90-lifetime-10:***@rp.scrapegw.com:6060	ConnectionTimeoutError: Connection timeout to host https://discord.com/api/v9/unique-username/username-attempt-unauthed
2026-09-01 18:28:33	NETWORK	gfgz	attempt=1	proxy=http://wiw4v7duaymysz9-session-6fa714c3fe9a-lifetime-10:***@rp.scrapegw.com:6060	ConnectionTimeoutError: Connection timeout to host https://discord.com/api/v9/unique-username/username-attempt-unauthed
2026-09-01 18:28:33	NETWORK	gfhw	attempt=1	proxy=http://wiw4v7duaymysz9-session-5792452466da-lifetime-10:***@rp.scrapegw.com:6060	ConnectionTimeoutError: Connection timeout to host https://discord.com/api/v9/unique-username/username-attempt-unauthed
2026-09-01 18:28:33	NETWORK	gfgj	attempt=1	proxy=http://wiw4v7duaymysz9-session-8e6884ff11a8-lifetime-10:***@rp.scrapegw.com:6060	ConnectionTimeoutError: Connection timeout to host https://discord.com/api/v9/unique-username/username-attempt-unauthed
2026-09-01 18:28:33	NETWORK	gfdz	attempt=1	proxy=http://wiw4v7duaymysz9-session-fa55d2ce4259-lifetime-10:***@rp.scrapegw.com:6060	ConnectionTimeoutError: Connection timeout to host https://discord.com/api/v9/unique-username/username-attempt-unauthed
2026-09-01 18:28:33	NETWORK	gffn	attempt=1	proxy=http://wiw4v7duaymysz9-session-b4b3498adc16-lifetime-10:***@rp.scrapegw.com:6060	ConnectionTimeoutError: Connection timeout to host https://discord.com/api/v9/unique-username/username-attempt-unauthed
2026-09-01 18:28:33	NETWORK	gffv	attempt=1	proxy=http://wiw4v7duaymysz9-session-fd71b0222eab-lifetime-10:***@rp.scrapegw.com:6060	ConnectionTimeoutError: Connection timeout to host https://discord.com/api/v9/unique-username/username-attempt-unauthed
2026-09-01 18:28:33	NETWORK	gfds	attempt=1	proxy=http://wiw4v7duaymysz9-session-694f667a1185-lifetime-10:***@rp.scrapegw.com:6060	ConnectionTimeoutError: Connection timeout to host https://discord.com/api/v9/unique-username/username-attempt-unauthed
2026-09-01 18:28:33	HTTP_429	giir	attempt=1	proxy=http://wiw4v7duaymysz9-session-55c51bc52e27-lifetime-10:***@rp.scrapegw.com:6060	scope=shared global=False retry_after=534.00s
2026-09-01 18:28:34	NETWORK	gerv	attempt=1	proxy=http://wiw4v7duaymysz9-session-bcd34d8bd1f3-lifetime-10:***@rp.scrapegw.com:6060	ServerDisconnectedError: Server disconnected
2026-09-01 18:28:34	NETWORK	gfmh	attempt=1	proxy=http://wiw4v7duaymysz9-session-d5ec7b31aaec-lifetime-10:***@rp.scrapegw.com:6060	ConnectionTimeoutError: Connection timeout to host https://discord.com/api/v9/unique-username/username-attempt-unauthed
2026-09-01 18:28:34	NETWORK	gfkg	attempt=1	proxy=http://wiw4v7duaymysz9-session-deead115de06-lifetime-10:***@rp.scrapegw.com:6060	ConnectionTimeoutError: Connection timeout to host https://discord.com/api/v9/unique-username/username-attempt-unauthed
2026-09-01 18:28:34	NETWORK	gfkz	attempt=1	proxy=http://wiw4v7duaymysz9-session-1e5cd595bea7-lifetime-10:***@rp.scrapegw.com:6060	ConnectionTimeoutError: Connection timeout to host https://discord.com/api/v9/unique-username/username-attempt-unauthed
2026-09-01 18:28:34	NETWORK	gfkn	attempt=1	proxy=http://wiw4v7duaymysz9-session-9267d760bb65-lifetime-10:***@rp.scrapegw.com:6060	ConnectionTimeoutError: Connection timeout to host https://discord.com/api/v9/unique-username/username-attempt-unauthed
2026-09-01 18:28:34	NETWORK	gfkx	attempt=1	proxy=http://wiw4v7duaymysz9-session-396a5c5d450d-lifetime-10:***@rp.scrapegw.com:6060	ConnectionTimeoutError: Connection timeout to host https://discord.com/api/v9/unique-username/username-attempt-unauthed
2026-09-01 18:28:34	NETWORK	gfon	attempt=1	proxy=http://wiw4v7duaymysz9-session-4f3714d37d21-lifetime-10:***@rp.scrapegw.com:6060	ConnectionTimeoutError: Connection timeout to host https://discord.com/api/v9/unique-username/username-attempt-unauthed
2026-09-01 18:28:34	NETWORK	gfpc	attempt=1	proxy=http://wiw4v7duaymysz9-session-d581bdd04ea3-lifetime-10:***@rp.scrapegw.com:6060	ConnectionTimeoutError: Connection timeout to host https://discord.com/api/v9/unique-username/username-attempt-unauthed
2026-09-01 18:28:34	NETWORK	gfop	attempt=1	proxy=http://wiw4v7duaymysz9-session-7a78f690d603-lifetime-10:***@rp.scrapegw.com:6060	ConnectionTimeoutError: Connection timeout to host https://discord.com/api/v9/unique-username/username-attempt-unauthed
2026-09-01 18:28:34	NETWORK	gfmk	attempt=1	proxy=http://wiw4v7duaymysz9-session-fb8d6150c600-lifetime-10:***@rp.scrapegw.com:6060	ConnectionTimeoutError: Connection timeout to host https://discord.com/api/v9/unique-username/username-attempt-unauthed
2026-09-01 18:28:34	NETWORK	gfnt	attempt=1	proxy=http://wiw4v7duaymysz9-session-96afaa65eab5-lifetime-10:***@rp.scrapegw.com:6060	ConnectionTimeoutError: Connection timeout to host https://discord.com/api/v9/unique-username/username-attempt-unauthed
2026-09-01 18:28:34	NETWORK	gfnp	attempt=1	proxy=http://wiw4v7duaymysz9-session-00d3f5777064-lifetime-10:***@rp.scrapegw.com:6060	ConnectionTimeoutError: Connection timeout to host https://discord.com/api/v9/unique-username/username-attempt-unauthed
2026-09-01 18:28:34	NETWORK	gfnl	attempt=1	proxy=http://wiw4v7duaymysz9-session-96bc9cef0753-lifetime-10:***@rp.scrapegw.com:6060	ConnectionTimeoutError: Connection timeout to host https://discord.com/api/v9/unique-username/username-attempt-unauthed
2026-09-01 18:28:34	NETWORK	gfnw	attempt=1	proxy=http://wiw4v7duaymysz9-session-9b20be642563-lifetime-10:***@rp.scrapegw.com:6060	ConnectionTimeoutError: Connection timeout to host https://discord.com/api/v9/unique-username/username-attempt-unauthed
2026-09-01 18:28:34	NETWORK	gfnf	attempt=1	proxy=http://wiw4v7duaymysz9-session-c5664a2742e4-lifetime-10:***@rp.scrapegw.com:6060	ConnectionTimeoutError: Connection timeout to host https://discord.com/api/v9/unique-username/username-attempt-unauthed
2026-09-01 18:28:34	NETWORK	gflk	attempt=1	proxy=http://wiw4v7duaymysz9-session-4f39ce574164-lifetime-10:***@rp.scrapegw.com:6060	ConnectionTimeoutError: Connection timeout to host https://discord.com/api/v9/unique-username/username-attempt-unauthed
2026-09-01 18:28:34	NETWORK	gfof	attempt=1	proxy=http://wiw4v7duaymysz9-session-3904ba6a8428-lifetime-10:***@rp.scrapegw.com:6060	ConnectionTimeoutError: Connection timeout to host https://discord.com/api/v9/unique-username/username-attempt-unauthed
2026-09-01 18:28:34	NETWORK	gflh	attempt=1	proxy=http://wiw4v7duaymysz9-session-8566295d021b-lifetime-10:***@rp.scrapegw.com:6060	ConnectionTimeoutError: Connection timeout to host https://discord.com/api/v9/unique-username/username-attempt-unauthed
2026-09-01 18:28:34	NETWORK	gfoe	attempt=1	proxy=http://wiw4v7duaymysz9-session-b5cdcaf61f76-lifetime-10:***@rp.scrapegw.com:6060	ConnectionTimeoutError: Connection timeout to host https://discord.com/api/v9/unique-username/username-attempt-unauthed
2026-09-01 18:28:34	NETWORK	gfmt	attempt=1	proxy=http://wiw4v7duaymysz9-session-7060fea20e7b-lifetime-10:***@rp.scrapegw.com:6060	ConnectionTimeoutError: Connection timeout to host https://discord.com/api/v9/unique-username/username-attempt-unauthed
2026-09-01 18:28:34	NETWORK	gfmq	attempt=1	proxy=http://wiw4v7duaymysz9-session-c703cebf869c-lifetime-10:***@rp.scrapegw.com:6060	ConnectionTimeoutError: Connection timeout to host https://discord.com/api/v9/unique-username/username-attempt-unauthed
2026-09-01 18:28:34	NETWORK	gfna	attempt=1	proxy=http://wiw4v7duaymysz9-session-00be409f3387-lifetime-10:***@rp.scrapegw.com:6060	ConnectionTimeoutError: Connection timeout to host https://discord.com/api/v9/unique-username/username-attempt-unauthed
2026-09-01 18:28:34	NETWORK	gfmp	attempt=1	proxy=http://wiw4v7duaymysz9-session-35174c51fd45-lifetime-10:***@rp.scrapegw.com:6060	ConnectionTimeoutError: Connection timeout to host https://discord.com/api/v9/unique-username/username-attempt-unauthed
2026-09-01 18:28:34	NETWORK	gfmm	attempt=1	proxy=http://wiw4v7duaymysz9-session-20c4e4c3b4d8-lifetime-10:***@rp.scrapegw.com:6060	ConnectionTimeoutError: Connection timeout to host https://discord.com/api/v9/unique-username/username-attempt-unauthed
2026-09-01 18:28:34	NETWORK	gflv	attempt=1	proxy=http://wiw4v7duaymysz9-session-1a123726731b-lifetime-10:***@rp.scrapegw.com:6060	ConnectionTimeoutError: Connection timeout to host https://discord.com/api/v9/unique-username/username-attempt-unauthed
2026-09-01 18:28:35	HTTP_429	ggxs	attempt=1	proxy=http://wiw4v7duaymysz9-session-fa55d2ce4259-lifetime-10:***@rp.scrapegw.com:6060	scope=shared global=False retry_after=259.00s
2026-09-01 18:28:35	NETWORK	ggro	attempt=1	proxy=http://wiw4v7duaymysz9-session-0b9d01e2f8b7-lifetime-10:***@rp.scrapegw.com:6060	ClientConnectorCertificateError: Cannot connect to host discord.com:443 ssl:True [SSLCertVerificationError: (1, '[SSL: CERTIFICATE_VERIFY_FAILED] certificate verify failed: self-signed certificate (_ssl.c:1081)')]
2026-09-01 18:28:35	NETWORK	ggzj	attempt=1	proxy=http://wiw4v7duaymysz9-session-6fa714c3fe9a-lifetime-10:***@rp.scrapegw.com:6060	ClientConnectorError: Cannot connect to host discord.com:443 ssl:default [Connection reset by peer]
2026-09-01 18:28:35	NETWORK	gfxt	attempt=1	proxy=http://wiw4v7duaymysz9-session-354c0713d9f0-lifetime-10:***@rp.scrapegw.com:6060	ConnectionTimeoutError: Connection timeout to host https://discord.com/api/v9/unique-username/username-attempt-unauthed
2026-09-01 18:28:35	NETWORK	gfxs	attempt=1	proxy=http://wiw4v7duaymysz9-session-83f97a58ba51-lifetime-10:***@rp.scrapegw.com:6060	ConnectionTimeoutError: Connection timeout to host https://discord.com/api/v9/unique-username/username-attempt-unauthed
2026-09-01 18:28:35	NETWORK	gfxh	attempt=1	proxy=http://wiw4v7duaymysz9-session-164425765c98-lifetime-10:***@rp.scrapegw.com:6060	ConnectionTimeoutError: Connection timeout to host https://discord.com/api/v9/unique-username/username-attempt-unauthed
2026-09-01 18:28:35	NETWORK	gfvz	attempt=1	proxy=http://wiw4v7duaymysz9-session-5ca001d88af0-lifetime-10:***@rp.scrapegw.com:6060	ConnectionTimeoutError: Connection timeout to host https://discord.com/api/v9/unique-username/username-attempt-unauthed
2026-09-01 18:28:35	NETWORK	gfvm	attempt=1	proxy=http://wiw4v7duaymysz9-session-439e6c551dee-lifetime-10:***@rp.scrapegw.com:6060	ConnectionTimeoutError: Connection timeout to host https://discord.com/api/v9/unique-username/username-attempt-unauthed
2026-09-01 18:28:35	NETWORK	gfun	attempt=1	proxy=http://wiw4v7duaymysz9-session-ec3ae543a1cd-lifetime-10:***@rp.scrapegw.com:6060	ConnectionTimeoutError: Connection timeout to host https://discord.com/api/v9/unique-username/username-attempt-unauthed
2026-09-01 18:28:35	NETWORK	gfxl	attempt=1	proxy=http://wiw4v7duaymysz9-session-c85c0cc46da5-lifetime-10:***@rp.scrapegw.com:6060	ConnectionTimeoutError: Connection timeout to host https://discord.com/api/v9/unique-username/username-attempt-unauthed
2026-09-01 18:28:35	NETWORK	gftq	attempt=1	proxy=http://wiw4v7duaymysz9-session-cb2a02e8e54a-lifetime-10:***@rp.scrapegw.com:6060	ConnectionTimeoutError: Connection timeout to host https://discord.com/api/v9/unique-username/username-attempt-unauthed
2026-09-01 18:28:35	NETWORK	gfqr	attempt=1	proxy=http://wiw4v7duaymysz9-session-b5f659e9d5ee-lifetime-10:***@rp.scrapegw.com:6060	ConnectionTimeoutError: Connection timeout to host https://discord.com/api/v9/unique-username/username-attempt-unauthed
2026-09-01 18:28:35	NETWORK	gfqp	attempt=1	proxy=http://wiw4v7duaymysz9-session-b335317048a5-lifetime-10:***@rp.scrapegw.com:6060	ConnectionTimeoutError: Connection timeout to host https://discord.com/api/v9/unique-username/username-attempt-unauthed
2026-09-01 18:28:35	NETWORK	gfup	attempt=1	proxy=http://wiw4v7duaymysz9-session-ac4884656527-lifetime-10:***@rp.scrapegw.com:6060	ConnectionTimeoutError: Connection timeout to host https://discord.com/api/v9/unique-username/username-attempt-unauthed
2026-09-01 18:28:35	NETWORK	gfpx	attempt=1	proxy=http://wiw4v7duaymysz9-session-385ebb852420-lifetime-10:***@rp.scrapegw.com:6060	ConnectionTimeoutError: Connection timeout to host https://discord.com/api/v9/unique-username/username-attempt-unauthed
2026-09-01 18:28:35	NETWORK	gfpk	attempt=1	proxy=http://wiw4v7duaymysz9-session-a712caa0ca7c-lifetime-10:***@rp.scrapegw.com:6060	ConnectionTimeoutError: Connection timeout to host https://discord.com/api/v9/unique-username/username-attempt-unauthed
2026-09-01 18:28:35	NETWORK	gfso	attempt=1	proxy=http://wiw4v7duaymysz9-session-8fb2aefeacd6-lifetime-10:***@rp.scrapegw.com:6060	ConnectionTimeoutError: Connection timeout to host https://discord.com/api/v9/unique-username/username-attempt-unauthed
2026-09-01 18:28:35	NETWORK	gftd	attempt=1	proxy=http://wiw4v7duaymysz9-session-ff2b6795392d-lifetime-10:***@rp.scrapegw.com:6060	ConnectionTimeoutError: Connection timeout to host https://discord.com/api/v9/unique-username/username-attempt-unauthed
2026-09-01 18:28:35	NETWORK	gftf	attempt=1	proxy=http://wiw4v7duaymysz9-session-0e7ef3873ba1-lifetime-10:***@rp.scrapegw.com:6060	ConnectionTimeoutError: Connection timeout to host https://discord.com/api/v9/unique-username/username-attempt-unauthed
2026-09-01 18:28:35	NETWORK	gfsf	attempt=1	proxy=http://wiw4v7duaymysz9-session-b44bc7445551-lifetime-10:***@rp.scrapegw.com:6060	ConnectionTimeoutError: Connection timeout to host https://discord.com/api/v9/unique-username/username-attempt-unauthed
2026-09-01 18:28:35	NETWORK	gfxx	attempt=1	proxy=http://wiw4v7duaymysz9-session-40f8d5b3d191-lifetime-10:***@rp.scrapegw.com:6060	ConnectionTimeoutError: Connection timeout to host https://discord.com/api/v9/unique-username/username-attempt-unauthed
2026-09-01 18:28:35	NETWORK	gfwy	attempt=1	proxy=http://wiw4v7duaymysz9-session-c7e4705b9070-lifetime-10:***@rp.scrapegw.com:6060	ConnectionTimeoutError: Connection timeout to host https://discord.com/api/v9/unique-username/username-attempt-unauthed
2026-09-01 18:28:35	NETWORK	gfwk	attempt=1	proxy=http://wiw4v7duaymysz9-session-169f12fd8a97-lifetime-10:***@rp.scrapegw.com:6060	ConnectionTimeoutError: Connection timeout to host https://discord.com/api/v9/unique-username/username-attempt-unauthed
2026-09-01 18:28:35	NETWORK	gfwl	attempt=1	proxy=http://wiw4v7duaymysz9-session-2dfdec07291d-lifetime-10:***@rp.scrapegw.com:6060	ConnectionTimeoutError: Connection timeout to host https://discord.com/api/v9/unique-username/username-attempt-unauthed
2026-09-01 18:28:35	NETWORK	gfvc	attempt=1	proxy=http://wiw4v7duaymysz9-session-b4e9ebe99c59-lifetime-10:***@rp.scrapegw.com:6060	ConnectionTimeoutError: Connection timeout to host https://discord.com/api/v9/unique-username/username-attempt-unauthed
2026-09-01 18:28:35	NETWORK	gfum	attempt=1	proxy=http://wiw4v7duaymysz9-session-1d0190f0c807-lifetime-10:***@rp.scrapegw.com:6060	ConnectionTimeoutError: Connection timeout to host https://discord.com/api/v9/unique-username/username-attempt-unauthed
2026-09-01 18:28:35	NETWORK	gfwq	attempt=1	proxy=http://wiw4v7duaymysz9-session-32bbdf60ff9d-lifetime-10:***@rp.scrapegw.com:6060	ConnectionTimeoutError: Connection timeout to host https://discord.com/api/v9/unique-username/username-attempt-unauthed
2026-09-01 18:28:35	NETWORK	gfuj	attempt=1	proxy=http://wiw4v7duaymysz9-session-99eb92733a6e-lifetime-10:***@rp.scrapegw.com:6060	ConnectionTimeoutError: Connection timeout to host https://discord.com/api/v9/unique-username/username-attempt-unauthed
2026-09-01 18:28:35	NETWORK	gfye	attempt=1	proxy=http://wiw4v7duaymysz9-session-403652014d91-lifetime-10:***@rp.scrapegw.com:6060	ConnectionTimeoutError: Connection timeout to host https://discord.com/api/v9/unique-username/username-attempt-unauthed
2026-09-01 18:28:35	NETWORK	gfue	attempt=1	proxy=http://wiw4v7duaymysz9-session-ef15619bf2cb-lifetime-10:***@rp.scrapegw.com:6060	ConnectionTimeoutError: Connection timeout to host https://discord.com/api/v9/unique-username/username-attempt-unauthed
2026-09-01 18:28:35	NETWORK	gfrc	attempt=1	proxy=http://wiw4v7duaymysz9-session-3992a20f0267-lifetime-10:***@rp.scrapegw.com:6060	ConnectionTimeoutError: Connection timeout to host https://discord.com/api/v9/unique-username/username-attempt-unauthed
2026-09-01 18:28:35	NETWORK	gfya	attempt=1	proxy=http://wiw4v7duaymysz9-session-4e35e5ec3530-lifetime-10:***@rp.scrapegw.com:6060	ConnectionTimeoutError: Connection timeout to host https://discord.com/api/v9/unique-username/username-attempt-unauthed
2026-09-01 18:28:35	NETWORK	gfqn	attempt=1	proxy=http://wiw4v7duaymysz9-session-32495af94327-lifetime-10:***@rp.scrapegw.com:6060	ConnectionTimeoutError: Connection timeout to host https://discord.com/api/v9/unique-username/username-attempt-unauthed
2026-09-01 18:28:35	NETWORK	gfuy	attempt=1	proxy=http://wiw4v7duaymysz9-session-f8f55bbdea9d-lifetime-10:***@rp.scrapegw.com:6060	ConnectionTimeoutError: Connection timeout to host https://discord.com/api/v9/unique-username/username-attempt-unauthed
2026-09-01 18:28:35	NETWORK	gfsi	attempt=1	proxy=http://wiw4v7duaymysz9-session-c82544b9a7b3-lifetime-10:***@rp.scrapegw.com:6060	ConnectionTimeoutError: Connection timeout to host https://discord.com/api/v9/unique-username/username-attempt-unauthed
2026-09-01 18:28:35	NETWORK	gftu	attempt=1	proxy=http://wiw4v7duaymysz9-session-123433467187-lifetime-10:***@rp.scrapegw.com:6060	ConnectionTimeoutError: Connection timeout to host https://discord.com/api/v9/unique-username/username-attempt-unauthed
2026-09-01 18:28:35	NETWORK	gfpz	attempt=1	proxy=http://wiw4v7duaymysz9-session-b51b1729e606-lifetime-10:***@rp.scrapegw.com:6060	ConnectionTimeoutError: Connection timeout to host https://discord.com/api/v9/unique-username/username-attempt-unauthed
2026-09-01 18:28:35	NETWORK	gfss	attempt=1	proxy=http://wiw4v7duaymysz9-session-b9de7b3df311-lifetime-10:***@rp.scrapegw.com:6060	ConnectionTimeoutError: Connection timeout to host https://discord.com/api/v9/unique-username/username-attempt-unauthed
2026-09-01 18:28:35	NETWORK	gftl	attempt=1	proxy=http://wiw4v7duaymysz9-session-e83c18788c34-lifetime-10:***@rp.scrapegw.com:6060	ConnectionTimeoutError: Connection timeout to host https://discord.com/api/v9/unique-username/username-attempt-unauthed
2026-09-01 18:28:35	NETWORK	gfto	attempt=1	proxy=http://wiw4v7duaymysz9-session-f0ed1e17018b-lifetime-10:***@rp.scrapegw.com:6060	ConnectionTimeoutError: Connection timeout to host https://discord.com/api/v9/unique-username/username-attempt-unauthed
2026-09-01 18:28:35	HTTP_429	gixg	attempt=1	proxy=http://wiw4v7duaymysz9-session-fd3d2c21384f-lifetime-10:***@rp.scrapegw.com:6060	scope=shared global=False retry_after=1636.00s
2026-09-01 18:28:36	NETWORK	gggn	attempt=1	proxy=http://wiw4v7duaymysz9-session-fb3efab43609-lifetime-10:***@rp.scrapegw.com:6060	ClientConnectorError: Cannot connect to host discord.com:443 ssl:default [Connection reset by peer]
2026-09-01 18:28:36	NETWORK	gfzx	attempt=1	proxy=http://wiw4v7duaymysz9-session-7859db26484a-lifetime-10:***@rp.scrapegw.com:6060	ConnectionTimeoutError: Connection timeout to host https://discord.com/api/v9/unique-username/username-attempt-unauthed
2026-09-01 18:28:36	NETWORK	ggbz	attempt=1	proxy=http://wiw4v7duaymysz9-session-144953d66a61-lifetime-10:***@rp.scrapegw.com:6060	ConnectionTimeoutError: Connection timeout to host https://discord.com/api/v9/unique-username/username-attempt-unauthed
2026-09-01 18:28:36	NETWORK	ggcu	attempt=1	proxy=http://wiw4v7duaymysz9-session-6713c3d0146b-lifetime-10:***@rp.scrapegw.com:6060	ConnectionTimeoutError: Connection timeout to host https://discord.com/api/v9/unique-username/username-attempt-unauthed
2026-09-01 18:28:36	NETWORK	ggfu	attempt=1	proxy=http://wiw4v7duaymysz9-session-d2029e8c86e3-lifetime-10:***@rp.scrapegw.com:6060	ConnectionTimeoutError: Connection timeout to host https://discord.com/api/v9/unique-username/username-attempt-unauthed
2026-09-01 18:28:36	NETWORK	ggfo	attempt=1	proxy=http://wiw4v7duaymysz9-session-1a65e30b8980-lifetime-10:***@rp.scrapegw.com:6060	ConnectionTimeoutError: Connection timeout to host https://discord.com/api/v9/unique-username/username-attempt-unauthed
2026-09-01 18:28:36	NETWORK	ggat	attempt=1	proxy=http://wiw4v7duaymysz9-session-c52fed25dd83-lifetime-10:***@rp.scrapegw.com:6060	ConnectionTimeoutError: Connection timeout to host https://discord.com/api/v9/unique-username/username-attempt-unauthed
2026-09-01 18:28:36	NETWORK	ggey	attempt=1	proxy=http://wiw4v7duaymysz9-session-72868aeb6721-lifetime-10:***@rp.scrapegw.com:6060	ConnectionTimeoutError: Connection timeout to host https://discord.com/api/v9/unique-username/username-attempt-unauthed
2026-09-01 18:28:36	NETWORK	ggej	attempt=1	proxy=http://wiw4v7duaymysz9-session-63efe0fafc98-lifetime-10:***@rp.scrapegw.com:6060	ConnectionTimeoutError: Connection timeout to host https://discord.com/api/v9/unique-username/username-attempt-unauthed
2026-09-01 18:28:36	NETWORK	ggec	attempt=1	proxy=http://wiw4v7duaymysz9-session-686defafc2bf-lifetime-10:***@rp.scrapegw.com:6060	ConnectionTimeoutError: Connection timeout to host https://discord.com/api/v9/unique-username/username-attempt-unauthed
2026-09-01 18:28:36	NETWORK	ggdx	attempt=1	proxy=http://wiw4v7duaymysz9-session-b9811a3614a0-lifetime-10:***@rp.scrapegw.com:6060	ConnectionTimeoutError: Connection timeout to host https://discord.com/api/v9/unique-username/username-attempt-unauthed
2026-09-01 18:28:36	NETWORK	ggaz	attempt=1	proxy=http://wiw4v7duaymysz9-session-6e339ffa24ce-lifetime-10:***@rp.scrapegw.com:6060	ConnectionTimeoutError: Connection timeout to host https://discord.com/api/v9/unique-username/username-attempt-unauthed
2026-09-01 18:28:36	NETWORK	ggcb	attempt=1	proxy=http://wiw4v7duaymysz9-session-be9989690c85-lifetime-10:***@rp.scrapegw.com:6060	ConnectionTimeoutError: Connection timeout to host https://discord.com/api/v9/unique-username/username-attempt-unauthed
2026-09-01 18:28:36	NETWORK	ggar	attempt=1	proxy=http://wiw4v7duaymysz9-session-3962f9917797-lifetime-10:***@rp.scrapegw.com:6060	ConnectionTimeoutError: Connection timeout to host https://discord.com/api/v9/unique-username/username-attempt-unauthed
2026-09-01 18:28:36	NETWORK	ggac	attempt=1	proxy=http://wiw4v7duaymysz9-session-0f4e1d877edc-lifetime-10:***@rp.scrapegw.com:6060	ConnectionTimeoutError: Connection timeout to host https://discord.com/api/v9/unique-username/username-attempt-unauthed
2026-09-01 18:28:36	NETWORK	gfzj	attempt=1	proxy=http://wiw4v7duaymysz9-session-7468d0f85105-lifetime-10:***@rp.scrapegw.com:6060	ConnectionTimeoutError: Connection timeout to host https://discord.com/api/v9/unique-username/username-attempt-unauthed
2026-09-01 18:28:36	NETWORK	ggci	attempt=1	proxy=http://wiw4v7duaymysz9-session-2f9c446e6308-lifetime-10:***@rp.scrapegw.com:6060	ConnectionTimeoutError: Connection timeout to host https://discord.com/api/v9/unique-username/username-attempt-unauthed
2026-09-01 18:28:36	NETWORK	ggda	attempt=1	proxy=http://wiw4v7duaymysz9-session-8bca2e628f70-lifetime-10:***@rp.scrapegw.com:6060	ConnectionTimeoutError: Connection timeout to host https://discord.com/api/v9/unique-username/username-attempt-unauthed
2026-09-01 18:28:36	NETWORK	ggdc	attempt=1	proxy=http://wiw4v7duaymysz9-session-11078b11b0fb-lifetime-10:***@rp.scrapegw.com:6060	ConnectionTimeoutError: Connection timeout to host https://discord.com/api/v9/unique-username/username-attempt-unauthed
2026-09-01 18:28:36	NETWORK	ggde	attempt=1	proxy=http://wiw4v7duaymysz9-session-0fb5d708c578-lifetime-10:***@rp.scrapegw.com:6060	ConnectionTimeoutError: Connection timeout to host https://discord.com/api/v9/unique-username/username-attempt-unauthed
2026-09-01 18:28:36	NETWORK	ggdf	attempt=1	proxy=http://wiw4v7duaymysz9-session-bf6622ffe3a2-lifetime-10:***@rp.scrapegw.com:6060	ConnectionTimeoutError: Connection timeout to host https://discord.com/api/v9/unique-username/username-attempt-unauthed
2026-09-01 18:28:36	NETWORK	ggdp	attempt=1	proxy=http://wiw4v7duaymysz9-session-214eb4c2d1a2-lifetime-10:***@rp.scrapegw.com:6060	ConnectionTimeoutError: Connection timeout to host https://discord.com/api/v9/unique-username/username-attempt-unauthed
2026-09-01 18:28:36	NETWORK	gggv	attempt=1	proxy=http://wiw4v7duaymysz9-session-08598db4d147-lifetime-10:***@rp.scrapegw.com:6060	ConnectionTimeoutError: Connection timeout to host https://discord.com/api/v9/unique-username/username-attempt-unauthed
2026-09-01 18:28:36	NETWORK	ggap	attempt=1	proxy=http://wiw4v7duaymysz9-session-8f8b7448e2b5-lifetime-10:***@rp.scrapegw.com:6060	ConnectionTimeoutError: Connection timeout to host https://discord.com/api/v9/unique-username/username-attempt-unauthed
2026-09-01 18:28:36	NETWORK	gggy	attempt=1	proxy=http://wiw4v7duaymysz9-session-d5675e72acc5-lifetime-10:***@rp.scrapegw.com:6060	ConnectionTimeoutError: Connection timeout to host https://discord.com/api/v9/unique-username/username-attempt-unauthed
2026-09-01 18:28:36	NETWORK	ggaw	attempt=1	proxy=http://wiw4v7duaymysz9-session-25b6ca814f84-lifetime-10:***@rp.scrapegw.com:6060	ConnectionTimeoutError: Connection timeout to host https://discord.com/api/v9/unique-username/username-attempt-unauthed
2026-09-01 18:28:36	NETWORK	ggax	attempt=1	proxy=http://wiw4v7duaymysz9-session-9cbbccc6c0c7-lifetime-10:***@rp.scrapegw.com:6060	ConnectionTimeoutError: Connection timeout to host https://discord.com/api/v9/unique-username/username-attempt-unauthed
2026-09-01 18:28:36	NETWORK	ggeo	attempt=1	proxy=http://wiw4v7duaymysz9-session-18efae829e1d-lifetime-10:***@rp.scrapegw.com:6060	ConnectionTimeoutError: Connection timeout to host https://discord.com/api/v9/unique-username/username-attempt-unauthed
2026-09-01 18:28:36	NETWORK	ggeu	attempt=1	proxy=http://wiw4v7duaymysz9-session-c88cc754c578-lifetime-10:***@rp.scrapegw.com:6060	ConnectionTimeoutError: Connection timeout to host https://discord.com/api/v9/unique-username/username-attempt-unauthed
2026-09-01 18:28:36	NETWORK	ggbj	attempt=1	proxy=http://wiw4v7duaymysz9-session-77037b898e03-lifetime-10:***@rp.scrapegw.com:6060	ConnectionTimeoutError: Connection timeout to host https://discord.com/api/v9/unique-username/username-attempt-unauthed
2026-09-01 18:28:36	NETWORK	ggei	attempt=1	proxy=http://wiw4v7duaymysz9-session-e6ec930ec284-lifetime-10:***@rp.scrapegw.com:6060	ConnectionTimeoutError: Connection timeout to host https://discord.com/api/v9/unique-username/username-attempt-unauthed
2026-09-01 18:28:36	NETWORK	ggef	attempt=1	proxy=http://wiw4v7duaymysz9-session-ed5afb42dfac-lifetime-10:***@rp.scrapegw.com:6060	ConnectionTimeoutError: Connection timeout to host https://discord.com/api/v9/unique-username/username-attempt-unauthed
2026-09-01 18:28:36	NETWORK	ggbi	attempt=1	proxy=http://wiw4v7duaymysz9-session-e64330e8ed05-lifetime-10:***@rp.scrapegw.com:6060	ConnectionTimeoutError: Connection timeout to host https://discord.com/api/v9/unique-username/username-attempt-unauthed
2026-09-01 18:28:36	NETWORK	ggco	attempt=1	proxy=http://wiw4v7duaymysz9-session-f66043417de8-lifetime-10:***@rp.scrapegw.com:6060	ConnectionTimeoutError: Connection timeout to host https://discord.com/api/v9/unique-username/username-attempt-unauthed
2026-09-01 18:28:36	NETWORK	ggds	attempt=1	proxy=http://wiw4v7duaymysz9-session-e5385e48e1a4-lifetime-10:***@rp.scrapegw.com:6060	ConnectionTimeoutError: Connection timeout to host https://discord.com/api/v9/unique-username/username-attempt-unauthed
2026-09-01 18:28:36	NETWORK	ggft	attempt=1	proxy=http://wiw4v7duaymysz9-session-73ab9b95e41a-lifetime-10:***@rp.scrapegw.com:6060	ConnectionTimeoutError: Connection timeout to host https://discord.com/api/v9/unique-username/username-attempt-unauthed
2026-09-01 18:28:36	NETWORK	gfyq	attempt=1	proxy=http://wiw4v7duaymysz9-session-badaf1066b5c-lifetime-10:***@rp.scrapegw.com:6060	ConnectionTimeoutError: Connection timeout to host https://discord.com/api/v9/unique-username/username-attempt-unauthed
2026-09-01 18:28:36	NETWORK	ggev	attempt=1	proxy=http://wiw4v7duaymysz9-session-7fa599ca517f-lifetime-10:***@rp.scrapegw.com:6060	ConnectionTimeoutError: Connection timeout to host https://discord.com/api/v9/unique-username/username-attempt-unauthed
2026-09-01 18:28:36	NETWORK	ggfh	attempt=1	proxy=http://wiw4v7duaymysz9-session-177ce0485f2e-lifetime-10:***@rp.scrapegw.com:6060	ConnectionTimeoutError: Connection timeout to host https://discord.com/api/v9/unique-username/username-attempt-unauthed
2026-09-01 18:28:36	NETWORK	gfzb	attempt=1	proxy=http://wiw4v7duaymysz9-session-d97f4b6c74a0-lifetime-10:***@rp.scrapegw.com:6060	ConnectionTimeoutError: Connection timeout to host https://discord.com/api/v9/unique-username/username-attempt-unauthed
2026-09-01 18:28:36	NETWORK	gggq	attempt=1	proxy=http://wiw4v7duaymysz9-session-32227aaeef82-lifetime-10:***@rp.scrapegw.com:6060	ConnectionTimeoutError: Connection timeout to host https://discord.com/api/v9/unique-username/username-attempt-unauthed
2026-09-01 18:28:36	NETWORK	ggbo	attempt=1	proxy=http://wiw4v7duaymysz9-session-2a0800a746cf-lifetime-10:***@rp.scrapegw.com:6060	ConnectionTimeoutError: Connection timeout to host https://discord.com/api/v9/unique-username/username-attempt-unauthed
2026-09-01 18:28:36	NETWORK	ggeb	attempt=1	proxy=http://wiw4v7duaymysz9-session-e350a4211edb-lifetime-10:***@rp.scrapegw.com:6060	ConnectionTimeoutError: Connection timeout to host https://discord.com/api/v9/unique-username/username-attempt-unauthed
2026-09-01 18:28:36	NETWORK	ggal	attempt=1	proxy=http://wiw4v7duaymysz9-session-160777ebfc70-lifetime-10:***@rp.scrapegw.com:6060	ConnectionTimeoutError: Connection timeout to host https://discord.com/api/v9/unique-username/username-attempt-unauthed
2026-09-01 18:28:36	HTTP_429	gjhk	attempt=1	proxy=http://wiw4v7duaymysz9-session-cdbca21fe23c-lifetime-10:***@rp.scrapegw.com:6060	scope=shared global=False retry_after=2054.00s
2026-09-01 18:28:37	HTTP_429	gjga	attempt=1	proxy=http://wiw4v7duaymysz9-session-a7396321bb34-lifetime-10:***@rp.scrapegw.com:6060	scope=shared global=False retry_after=2071.00s
2026-09-01 18:28:37	HTTP_429	gjis	attempt=1	proxy=http://wiw4v7duaymysz9-session-ec5bb4dade31-lifetime-10:***@rp.scrapegw.com:6060	scope=shared global=False retry_after=1699.00s
2026-09-01 18:28:37	NETWORK	ghac	attempt=1	proxy=http://wiw4v7duaymysz9-session-4f0124049e5f-lifetime-10:***@rp.scrapegw.com:6060	ClientConnectorError: Cannot connect to host discord.com:443 ssl:default [Connection reset by peer]
2026-09-01 18:28:37	HTTP_429	gixv	attempt=1	proxy=http://wiw4v7duaymysz9-session-d3e6add19c77-lifetime-10:***@rp.scrapegw.com:6060	scope=shared global=False retry_after=374.00s
2026-09-01 18:28:37	HTTP_429	gjjr	attempt=1	proxy=http://wiw4v7duaymysz9-session-cb7c3f1dd5a2-lifetime-10:***@rp.scrapegw.com:6060	scope=shared global=False retry_after=1173.00s
2026-09-01 18:28:37	NETWORK	ggmb	attempt=1	proxy=http://wiw4v7duaymysz9-session-cb66cb9b8e2d-lifetime-10:***@rp.scrapegw.com:6060	ConnectionTimeoutError: Connection timeout to host https://discord.com/api/v9/unique-username/username-attempt-unauthed
2026-09-01 18:28:37	NETWORK	gglv	attempt=1	proxy=http://wiw4v7duaymysz9-session-ff094a292aa5-lifetime-10:***@rp.scrapegw.com:6060	ConnectionTimeoutError: Connection timeout to host https://discord.com/api/v9/unique-username/username-attempt-unauthed
2026-09-01 18:28:37	NETWORK	ggng	attempt=1	proxy=http://wiw4v7duaymysz9-session-500a7078c391-lifetime-10:***@rp.scrapegw.com:6060	ConnectionTimeoutError: Connection timeout to host https://discord.com/api/v9/unique-username/username-attempt-unauthed
2026-09-01 18:28:37	NETWORK	ggjf	attempt=1	proxy=http://wiw4v7duaymysz9-session-3b4de6d50c47-lifetime-10:***@rp.scrapegw.com:6060	ConnectionTimeoutError: Connection timeout to host https://discord.com/api/v9/unique-username/username-attempt-unauthed
2026-09-01 18:28:37	NETWORK	gglu	attempt=1	proxy=http://wiw4v7duaymysz9-session-de301735eaf0-lifetime-10:***@rp.scrapegw.com:6060	ConnectionTimeoutError: Connection timeout to host https://discord.com/api/v9/unique-username/username-attempt-unauthed
2026-09-01 18:28:37	NETWORK	gglr	attempt=1	proxy=http://wiw4v7duaymysz9-session-68706afe7787-lifetime-10:***@rp.scrapegw.com:6060	ConnectionTimeoutError: Connection timeout to host https://discord.com/api/v9/unique-username/username-attempt-unauthed
2026-09-01 18:28:37	NETWORK	ggmh	attempt=1	proxy=http://wiw4v7duaymysz9-session-4ad503894fab-lifetime-10:***@rp.scrapegw.com:6060	ConnectionTimeoutError: Connection timeout to host https://discord.com/api/v9/unique-username/username-attempt-unauthed
2026-09-01 18:28:37	NETWORK	ggml	attempt=1	proxy=http://wiw4v7duaymysz9-session-3bc8bd48df54-lifetime-10:***@rp.scrapegw.com:6060	ConnectionTimeoutError: Connection timeout to host https://discord.com/api/v9/unique-username/username-attempt-unauthed
2026-09-01 18:28:37	NETWORK	gglj	attempt=1	proxy=http://wiw4v7duaymysz9-session-f93a35199eb8-lifetime-10:***@rp.scrapegw.com:6060	ConnectionTimeoutError: Connection timeout to host https://discord.com/api/v9/unique-username/username-attempt-unauthed
2026-09-01 18:28:37	NETWORK	ggjd	attempt=1	proxy=http://wiw4v7duaymysz9-session-ee1b72fd574f-lifetime-10:***@rp.scrapegw.com:6060	ConnectionTimeoutError: Connection timeout to host https://discord.com/api/v9/unique-username/username-attempt-unauthed
2026-09-01 18:28:37	NETWORK	gglc	attempt=1	proxy=http://wiw4v7duaymysz9-session-b5deab51e142-lifetime-10:***@rp.scrapegw.com:6060	ConnectionTimeoutError: Connection timeout to host https://discord.com/api/v9/unique-username/username-attempt-unauthed
2026-09-01 18:28:37	NETWORK	ggim	attempt=1	proxy=http://wiw4v7duaymysz9-session-dcd7633653ca-lifetime-10:***@rp.scrapegw.com:6060	ConnectionTimeoutError: Connection timeout to host https://discord.com/api/v9/unique-username/username-attempt-unauthed
2026-09-01 18:28:37	NETWORK	ggob	attempt=1	proxy=http://wiw4v7duaymysz9-session-e91141cc74d0-lifetime-10:***@rp.scrapegw.com:6060	ConnectionTimeoutError: Connection timeout to host https://discord.com/api/v9/unique-username/username-attempt-unauthed
2026-09-01 18:28:37	NETWORK	ggil	attempt=1	proxy=http://wiw4v7duaymysz9-session-94af285290ec-lifetime-10:***@rp.scrapegw.com:6060	ConnectionTimeoutError: Connection timeout to host https://discord.com/api/v9/unique-username/username-attempt-unauthed
2026-09-01 18:28:37	NETWORK	ggig	attempt=1	proxy=http://wiw4v7duaymysz9-session-f3e99d8bb032-lifetime-10:***@rp.scrapegw.com:6060	ConnectionTimeoutError: Connection timeout to host https://discord.com/api/v9/unique-username/username-attempt-unauthed
2026-09-01 18:28:37	NETWORK	gght	attempt=1	proxy=http://wiw4v7duaymysz9-session-5751d37778ab-lifetime-10:***@rp.scrapegw.com:6060	ConnectionTimeoutError: Connection timeout to host https://discord.com/api/v9/unique-username/username-attempt-unauthed
2026-09-01 18:28:37	NETWORK	ggii	attempt=1	proxy=http://wiw4v7duaymysz9-session-11f0efca172f-lifetime-10:***@rp.scrapegw.com:6060	ConnectionTimeoutError: Connection timeout to host https://discord.com/api/v9/unique-username/username-attempt-unauthed
2026-09-01 18:28:37	NETWORK	gghx	attempt=1	proxy=http://wiw4v7duaymysz9-session-6df5f5c564f0-lifetime-10:***@rp.scrapegw.com:6060	ConnectionTimeoutError: Connection timeout to host https://discord.com/api/v9/unique-username/username-attempt-unauthed
2026-09-01 18:28:37	NETWORK	ggko	attempt=1	proxy=http://wiw4v7duaymysz9-session-e50fa38df84a-lifetime-10:***@rp.scrapegw.com:6060	ConnectionTimeoutError: Connection timeout to host https://discord.com/api/v9/unique-username/username-attempt-unauthed
2026-09-01 18:28:37	NETWORK	ggiq	attempt=1	proxy=http://wiw4v7duaymysz9-session-6edb98e01d77-lifetime-10:***@rp.scrapegw.com:6060	ConnectionTimeoutError: Connection timeout to host https://discord.com/api/v9/unique-username/username-attempt-unauthed
2026-09-01 18:28:37	NETWORK	ggjs	attempt=1	proxy=http://wiw4v7duaymysz9-session-76107d7ddbba-lifetime-10:***@rp.scrapegw.com:6060	ConnectionTimeoutError: Connection timeout to host https://discord.com/api/v9/unique-username/username-attempt-unauthed
2026-09-01 18:28:37	NETWORK	ggkr	attempt=1	proxy=http://wiw4v7duaymysz9-session-42e49fa6942e-lifetime-10:***@rp.scrapegw.com:6060	ConnectionTimeoutError: Connection timeout to host https://discord.com/api/v9/unique-username/username-attempt-unauthed
2026-09-01 18:28:37	NETWORK	ggiz	attempt=1	proxy=http://wiw4v7duaymysz9-session-f918a09215f1-lifetime-10:***@rp.scrapegw.com:6060	ConnectionTimeoutError: Connection timeout to host https://discord.com/api/v9/unique-username/username-attempt-unauthed
2026-09-01 18:28:37	NETWORK	ggoe	attempt=1	proxy=http://wiw4v7duaymysz9-session-3d24265d0688-lifetime-10:***@rp.scrapegw.com:6060	ConnectionTimeoutError: Connection timeout to host https://discord.com/api/v9/unique-username/username-attempt-unauthed
2026-09-01 18:28:37	NETWORK	gghd	attempt=1	proxy=http://wiw4v7duaymysz9-session-27fa468c4a6c-lifetime-10:***@rp.scrapegw.com:6060	ConnectionTimeoutError: Connection timeout to host https://discord.com/api/v9/unique-username/username-attempt-unauthed
2026-09-01 18:28:37	NETWORK	ggmw	attempt=1	proxy=http://wiw4v7duaymysz9-session-1029354548f5-lifetime-10:***@rp.scrapegw.com:6060	ConnectionTimeoutError: Connection timeout to host https://discord.com/api/v9/unique-username/username-attempt-unauthed
2026-09-01 18:28:37	NETWORK	ggjn	attempt=1	proxy=http://wiw4v7duaymysz9-session-756453b342f5-lifetime-10:***@rp.scrapegw.com:6060	ConnectionTimeoutError: Connection timeout to host https://discord.com/api/v9/unique-username/username-attempt-unauthed
2026-09-01 18:28:37	NETWORK	ggjo	attempt=1	proxy=http://wiw4v7duaymysz9-session-dc2cb606078f-lifetime-10:***@rp.scrapegw.com:6060	ConnectionTimeoutError: Connection timeout to host https://discord.com/api/v9/unique-username/username-attempt-unauthed
2026-09-01 18:28:37	NETWORK	gghn	attempt=1	proxy=http://wiw4v7duaymysz9-session-95e1a54711b4-lifetime-10:***@rp.scrapegw.com:6060	ConnectionTimeoutError: Connection timeout to host https://discord.com/api/v9/unique-username/username-attempt-unauthed
2026-09-01 18:28:37	NETWORK	ggmr	attempt=1	proxy=http://wiw4v7duaymysz9-session-3b9981c75690-lifetime-10:***@rp.scrapegw.com:6060	ConnectionTimeoutError: Connection timeout to host https://discord.com/api/v9/unique-username/username-attempt-unauthed
2026-09-01 18:28:37	NETWORK	ggmy	attempt=1	proxy=http://wiw4v7duaymysz9-session-55c51bc52e27-lifetime-10:***@rp.scrapegw.com:6060	ConnectionTimeoutError: Connection timeout to host https://discord.com/api/v9/unique-username/username-attempt-unauthed
2026-09-01 18:28:37	NETWORK	ggll	attempt=1	proxy=http://wiw4v7duaymysz9-session-6d4df911ce0d-lifetime-10:***@rp.scrapegw.com:6060	ConnectionTimeoutError: Connection timeout to host https://discord.com/api/v9/unique-username/username-attempt-unauthed
2026-09-01 18:28:37	NETWORK	gglk	attempt=1	proxy=http://wiw4v7duaymysz9-session-09029ee1a35b-lifetime-10:***@rp.scrapegw.com:6060	ConnectionTimeoutError: Connection timeout to host https://discord.com/api/v9/unique-username/username-attempt-unauthed
2026-09-01 18:28:37	NETWORK	ggky	attempt=1	proxy=http://wiw4v7duaymysz9-session-3ff81d491541-lifetime-10:***@rp.scrapegw.com:6060	ConnectionTimeoutError: Connection timeout to host https://discord.com/api/v9/unique-username/username-attempt-unauthed
2026-09-01 18:28:37	NETWORK	ggik	attempt=1	proxy=http://wiw4v7duaymysz9-session-e81244dcd165-lifetime-10:***@rp.scrapegw.com:6060	ConnectionTimeoutError: Connection timeout to host https://discord.com/api/v9/unique-username/username-attempt-unauthed
2026-09-01 18:28:37	NETWORK	ggju	attempt=1	proxy=http://wiw4v7duaymysz9-session-c5f7bb44d1d5-lifetime-10:***@rp.scrapegw.com:6060	ConnectionTimeoutError: Connection timeout to host https://discord.com/api/v9/unique-username/username-attempt-unauthed
2026-09-01 18:28:37	NETWORK	ggif	attempt=1	proxy=http://wiw4v7duaymysz9-session-8003edca3817-lifetime-10:***@rp.scrapegw.com:6060	ConnectionTimeoutError: Connection timeout to host https://discord.com/api/v9/unique-username/username-attempt-unauthed
2026-09-01 18:28:37	NETWORK	ggki	attempt=1	proxy=http://wiw4v7duaymysz9-session-380f2fdfd5db-lifetime-10:***@rp.scrapegw.com:6060	ConnectionTimeoutError: Connection timeout to host https://discord.com/api/v9/unique-username/username-attempt-unauthed
2026-09-01 18:28:37	NETWORK	ghpt	attempt=1	proxy=http://wiw4v7duaymysz9-session-17f041527996-lifetime-10:***@rp.scrapegw.com:6060	ClientConnectorError: Cannot connect to host discord.com:443 ssl:default [Connection reset by peer]
2026-09-01 18:28:37	HTTP_429	ggwd	attempt=1	proxy=http://wiw4v7duaymysz9-session-b41e55c33a5d-lifetime-10:***@rp.scrapegw.com:6060	scope=shared global=False retry_after=92.00s
2026-09-01 18:28:38	HTTP_429	gjng	attempt=1	proxy=http://wiw4v7duaymysz9-session-e3ec098e833e-lifetime-10:***@rp.scrapegw.com:6060	scope=shared global=False retry_after=2067.00s
2026-09-01 18:28:38	HTTP_429	gjqq	attempt=1	proxy=http://wiw4v7duaymysz9-session-fa54b39bc361-lifetime-10:***@rp.scrapegw.com:6060	scope=shared global=False retry_after=1754.00s
2026-09-01 18:28:38	NETWORK	ghra	attempt=1	proxy=http://wiw4v7duaymysz9-session-2dfdec07291d-lifetime-10:***@rp.scrapegw.com:6060	ClientConnectorError: Cannot connect to host discord.com:443 ssl:default [Connection reset by peer]
2026-09-01 18:28:38	HTTP_429	gjlk	attempt=1	proxy=http://wiw4v7duaymysz9-session-4baeb015f075-lifetime-10:***@rp.scrapegw.com:6060	scope=shared global=False retry_after=597.00s
2026-09-01 18:28:38	NETWORK	ggoi	attempt=1	proxy=http://wiw4v7duaymysz9-session-ab1f53b1e5bc-lifetime-10:***@rp.scrapegw.com:6060	ClientConnectorError: Cannot connect to host discord.com:443 ssl:default [Connection reset by peer]
2026-09-01 18:28:38	HTTP_429	gjsx	attempt=1	proxy=http://wiw4v7duaymysz9-session-aa57b2e493d0-lifetime-10:***@rp.scrapegw.com:6060	scope=shared global=False retry_after=900.00s
2026-09-01 18:28:38	NETWORK	ggpx	attempt=1	proxy=http://wiw4v7duaymysz9-session-c2b3a6a0c09b-lifetime-10:***@rp.scrapegw.com:6060	ConnectionTimeoutError: Connection timeout to host https://discord.com/api/v9/unique-username/username-attempt-unauthed
2026-09-01 18:28:38	NETWORK	ggtk	attempt=1	proxy=http://wiw4v7duaymysz9-session-50d8f897189a-lifetime-10:***@rp.scrapegw.com:6060	ConnectionTimeoutError: Connection timeout to host https://discord.com/api/v9/unique-username/username-attempt-unauthed
2026-09-01 18:28:38	NETWORK	ggow	attempt=1	proxy=http://wiw4v7duaymysz9-session-eee705347357-lifetime-10:***@rp.scrapegw.com:6060	ConnectionTimeoutError: Connection timeout to host https://discord.com/api/v9/unique-username/username-attempt-unauthed
2026-09-01 18:28:38	NETWORK	ggqr	attempt=1	proxy=http://wiw4v7duaymysz9-session-8b53cf84138a-lifetime-10:***@rp.scrapegw.com:6060	ConnectionTimeoutError: Connection timeout to host https://discord.com/api/v9/unique-username/username-attempt-unauthed
2026-09-01 18:28:38	NETWORK	ggus	attempt=1	proxy=http://wiw4v7duaymysz9-session-3c8007c082ac-lifetime-10:***@rp.scrapegw.com:6060	ConnectionTimeoutError: Connection timeout to host https://discord.com/api/v9/unique-username/username-attempt-unauthed
2026-09-01 18:28:38	NETWORK	ggqg	attempt=1	proxy=http://wiw4v7duaymysz9-session-cee7ff897b73-lifetime-10:***@rp.scrapegw.com:6060	ConnectionTimeoutError: Connection timeout to host https://discord.com/api/v9/unique-username/username-attempt-unauthed
2026-09-01 18:28:38	NETWORK	ggpw	attempt=1	proxy=http://wiw4v7duaymysz9-session-ba9e2c330f69-lifetime-10:***@rp.scrapegw.com:6060	ConnectionTimeoutError: Connection timeout to host https://discord.com/api/v9/unique-username/username-attempt-unauthed
2026-09-01 18:28:38	NETWORK	ggvp	attempt=1	proxy=http://wiw4v7duaymysz9-session-aab67ccb8935-lifetime-10:***@rp.scrapegw.com:6060	ConnectionTimeoutError: Connection timeout to host https://discord.com/api/v9/unique-username/username-attempt-unauthed
2026-09-01 18:28:38	NETWORK	ggos	attempt=1	proxy=http://wiw4v7duaymysz9-session-85b11a559353-lifetime-10:***@rp.scrapegw.com:6060	ConnectionTimeoutError: Connection timeout to host https://discord.com/api/v9/unique-username/username-attempt-unauthed
2026-09-01 18:28:38	NETWORK	ggsn	attempt=1	proxy=http://wiw4v7duaymysz9-session-e2ab98afa580-lifetime-10:***@rp.scrapegw.com:6060	ConnectionTimeoutError: Connection timeout to host https://discord.com/api/v9/unique-username/username-attempt-unauthed
2026-09-01 18:28:38	NETWORK	ggqb	attempt=1	proxy=http://wiw4v7duaymysz9-session-8ce2df5d8bb6-lifetime-10:***@rp.scrapegw.com:6060	ConnectionTimeoutError: Connection timeout to host https://discord.com/api/v9/unique-username/username-attempt-unauthed
2026-09-01 18:28:38	NETWORK	ggql	attempt=1	proxy=http://wiw4v7duaymysz9-session-a29d03f62d47-lifetime-10:***@rp.scrapegw.com:6060	ConnectionTimeoutError: Connection timeout to host https://discord.com/api/v9/unique-username/username-attempt-unauthed
2026-09-01 18:28:38	NETWORK	ggvj	attempt=1	proxy=http://wiw4v7duaymysz9-session-f4e078d558f6-lifetime-10:***@rp.scrapegw.com:6060	ConnectionTimeoutError: Connection timeout to host https://discord.com/api/v9/unique-username/username-attempt-unauthed
2026-09-01 18:28:38	NETWORK	ggud	attempt=1	proxy=http://wiw4v7duaymysz9-session-5017d95deb5c-lifetime-10:***@rp.scrapegw.com:6060	ConnectionTimeoutError: Connection timeout to host https://discord.com/api/v9/unique-username/username-attempt-unauthed
2026-09-01 18:28:38	NETWORK	ggrv	attempt=1	proxy=http://wiw4v7duaymysz9-session-5e5b8f851789-lifetime-10:***@rp.scrapegw.com:6060	ConnectionTimeoutError: Connection timeout to host https://discord.com/api/v9/unique-username/username-attempt-unauthed
2026-09-01 18:28:38	NETWORK	ggpf	attempt=1	proxy=http://wiw4v7duaymysz9-session-7ca9c6c0e750-lifetime-10:***@rp.scrapegw.com:6060	ConnectionTimeoutError: Connection timeout to host https://discord.com/api/v9/unique-username/username-attempt-unauthed
2026-09-01 18:28:38	NETWORK	ggwa	attempt=1	proxy=http://wiw4v7duaymysz9-session-c19824aaf11c-lifetime-10:***@rp.scrapegw.com:6060	ConnectionTimeoutError: Connection timeout to host https://discord.com/api/v9/unique-username/username-attempt-unauthed
2026-09-01 18:28:38	NETWORK	ggvo	attempt=1	proxy=http://wiw4v7duaymysz9-session-b8bfe2c6305b-lifetime-10:***@rp.scrapegw.com:6060	ConnectionTimeoutError: Connection timeout to host https://discord.com/api/v9/unique-username/username-attempt-unauthed
2026-09-01 18:28:38	NETWORK	ggvf	attempt=1	proxy=http://wiw4v7duaymysz9-session-4511183744ca-lifetime-10:***@rp.scrapegw.com:6060	ConnectionTimeoutError: Connection timeout to host https://discord.com/api/v9/unique-username/username-attempt-unauthed
2026-09-01 18:28:38	NETWORK	ggvb	attempt=1	proxy=http://wiw4v7duaymysz9-session-1344a8b3187f-lifetime-10:***@rp.scrapegw.com:6060	ConnectionTimeoutError: Connection timeout to host https://discord.com/api/v9/unique-username/username-attempt-unauthed
2026-09-01 18:28:38	NETWORK	ggvc	attempt=1	proxy=http://wiw4v7duaymysz9-session-b6a17d4bdbc7-lifetime-10:***@rp.scrapegw.com:6060	ConnectionTimeoutError: Connection timeout to host https://discord.com/api/v9/unique-username/username-attempt-unauthed
2026-09-01 18:28:38	NETWORK	ggoj	attempt=1	proxy=http://wiw4v7duaymysz9-session-d1b812886c17-lifetime-10:***@rp.scrapegw.com:6060	ConnectionTimeoutError: Connection timeout to host https://discord.com/api/v9/unique-username/username-attempt-unauthed
2026-09-01 18:28:38	NETWORK	ggvd	attempt=1	proxy=http://wiw4v7duaymysz9-session-972837ad5927-lifetime-10:***@rp.scrapegw.com:6060	ConnectionTimeoutError: Connection timeout to host https://discord.com/api/v9/unique-username/username-attempt-unauthed
2026-09-01 18:28:38	NETWORK	gguk	attempt=1	proxy=http://wiw4v7duaymysz9-session-5aab4121fd83-lifetime-10:***@rp.scrapegw.com:6060	ConnectionTimeoutError: Connection timeout to host https://discord.com/api/v9/unique-username/username-attempt-unauthed
2026-09-01 18:28:38	NETWORK	ggpb	attempt=1	proxy=http://wiw4v7duaymysz9-session-1040bb71e308-lifetime-10:***@rp.scrapegw.com:6060	ConnectionTimeoutError: Connection timeout to host https://discord.com/api/v9/unique-username/username-attempt-unauthed
2026-09-01 18:28:38	NETWORK	ggvt	attempt=1	proxy=http://wiw4v7duaymysz9-session-4899c3e62eaa-lifetime-10:***@rp.scrapegw.com:6060	ConnectionTimeoutError: Connection timeout to host https://discord.com/api/v9/unique-username/username-attempt-unauthed
2026-09-01 18:28:38	NETWORK	ggqm	attempt=1	proxy=http://wiw4v7duaymysz9-session-a7defc0ea363-lifetime-10:***@rp.scrapegw.com:6060	ConnectionTimeoutError: Connection timeout to host https://discord.com/api/v9/unique-username/username-attempt-unauthed
2026-09-01 18:28:38	NETWORK	ggtb	attempt=1	proxy=http://wiw4v7duaymysz9-session-9978a28ab734-lifetime-10:***@rp.scrapegw.com:6060	ConnectionTimeoutError: Connection timeout to host https://discord.com/api/v9/unique-username/username-attempt-unauthed
2026-09-01 18:28:38	NETWORK	ggpd	attempt=1	proxy=http://wiw4v7duaymysz9-session-d2e69815a665-lifetime-10:***@rp.scrapegw.com:6060	ConnectionTimeoutError: Connection timeout to host https://discord.com/api/v9/unique-username/username-attempt-unauthed
2026-09-01 18:28:38	NETWORK	ggtt	attempt=1	proxy=http://wiw4v7duaymysz9-session-95020fc31bd6-lifetime-10:***@rp.scrapegw.com:6060	ConnectionTimeoutError: Connection timeout to host https://discord.com/api/v9/unique-username/username-attempt-unauthed
2026-09-01 18:28:38	NETWORK	ggut	attempt=1	proxy=http://wiw4v7duaymysz9-session-acb24935de68-lifetime-10:***@rp.scrapegw.com:6060	ConnectionTimeoutError: Connection timeout to host https://discord.com/api/v9/unique-username/username-attempt-unauthed
2026-09-01 18:28:38	NETWORK	ggol	attempt=1	proxy=http://wiw4v7duaymysz9-session-c1f60f1ec48c-lifetime-10:***@rp.scrapegw.com:6060	ConnectionTimeoutError: Connection timeout to host https://discord.com/api/v9/unique-username/username-attempt-unauthed
2026-09-01 18:28:38	NETWORK	ggva	attempt=1	proxy=http://wiw4v7duaymysz9-session-28c963380c22-lifetime-10:***@rp.scrapegw.com:6060	ConnectionTimeoutError: Connection timeout to host https://discord.com/api/v9/unique-username/username-attempt-unauthed
2026-09-01 18:28:38	NETWORK	ggqc	attempt=1	proxy=http://wiw4v7duaymysz9-session-d92874d8dbd3-lifetime-10:***@rp.scrapegw.com:6060	ConnectionTimeoutError: Connection timeout to host https://discord.com/api/v9/unique-username/username-attempt-unauthed
2026-09-01 18:28:38	NETWORK	ggrg	attempt=1	proxy=http://wiw4v7duaymysz9-session-48b74fa32b99-lifetime-10:***@rp.scrapegw.com:6060	ConnectionTimeoutError: Connection timeout to host https://discord.com/api/v9/unique-username/username-attempt-unauthed
2026-09-01 18:28:38	NETWORK	ggqd	attempt=1	proxy=http://wiw4v7duaymysz9-session-080fa0d1c33f-lifetime-10:***@rp.scrapegw.com:6060	ConnectionTimeoutError: Connection timeout to host https://discord.com/api/v9/unique-username/username-attempt-unauthed
2026-09-01 18:28:38	NETWORK	ggsh	attempt=1	proxy=http://wiw4v7duaymysz9-session-4bc2e80f1397-lifetime-10:***@rp.scrapegw.com:6060	ConnectionTimeoutError: Connection timeout to host https://discord.com/api/v9/unique-username/username-attempt-unauthed
2026-09-01 18:28:38	NETWORK	ggtq	attempt=1	proxy=http://wiw4v7duaymysz9-session-95aa66da2b63-lifetime-10:***@rp.scrapegw.com:6060	ConnectionTimeoutError: Connection timeout to host https://discord.com/api/v9/unique-username/username-attempt-unauthed
2026-09-01 18:28:38	NETWORK	ggur	attempt=1	proxy=http://wiw4v7duaymysz9-session-5e49526737cb-lifetime-10:***@rp.scrapegw.com:6060	ConnectionTimeoutError: Connection timeout to host https://discord.com/api/v9/unique-username/username-attempt-unauthed
2026-09-01 18:28:38	HTTP_429	gjft	attempt=1	proxy=http://wiw4v7duaymysz9-session-2f661a07dc5e-lifetime-10:***@rp.scrapegw.com:6060	scope=shared global=False retry_after=401.00s
2026-09-01 18:28:38	NETWORK	ghax	attempt=1	proxy=http://wiw4v7duaymysz9-session-036b502c4d53-lifetime-10:***@rp.scrapegw.com:6060	ClientConnectorError: Cannot connect to host discord.com:443 ssl:default [Connection reset by peer]
2026-09-01 18:28:38	NETWORK	giau	attempt=1	proxy=http://wiw4v7duaymysz9-session-46fa5acc7f59-lifetime-10:***@rp.scrapegw.com:6060	ClientConnectorError: Cannot connect to host discord.com:443 ssl:default [Connection reset by peer]
2026-09-01 18:28:39	NETWORK	gimc	attempt=1	proxy=http://wiw4v7duaymysz9-session-9b1b72628813-lifetime-10:***@rp.scrapegw.com:6060	ClientConnectorError: Cannot connect to host discord.com:443 ssl:default [Connection reset by peer]
2026-09-01 18:28:39	HTTP_429	gkao	attempt=1	proxy=http://wiw4v7duaymysz9-session-2c6ac467c5fd-lifetime-10:***@rp.scrapegw.com:6060	scope=shared global=False retry_after=1284.00s
2026-09-01 18:28:39	NETWORK	ggwg	attempt=1	proxy=http://wiw4v7duaymysz9-session-fb98685e2682-lifetime-10:***@rp.scrapegw.com:6060	ConnectionTimeoutError: Connection timeout to host https://discord.com/api/v9/unique-username/username-attempt-unauthed
2026-09-01 18:28:39	NETWORK	ggxh	attempt=1	proxy=http://wiw4v7duaymysz9-session-694f667a1185-lifetime-10:***@rp.scrapegw.com:6060	ConnectionTimeoutError: Connection timeout to host https://discord.com/api/v9/unique-username/username-attempt-unauthed
2026-09-01 18:28:39	NETWORK	ghbo	attempt=1	proxy=http://wiw4v7duaymysz9-session-0e4fb52ad548-lifetime-10:***@rp.scrapegw.com:6060	ConnectionTimeoutError: Connection timeout to host https://discord.com/api/v9/unique-username/username-attempt-unauthed
2026-09-01 18:28:39	NETWORK	gflq	attempt=1	proxy=http://wiw4v7duaymysz9-session-7b7325c5a347-lifetime-10:***@rp.scrapegw.com:6060	TimeoutError:
2026-09-01 18:28:39	NETWORK	ggyr	attempt=1	proxy=http://wiw4v7duaymysz9-session-f887c13ed135-lifetime-10:***@rp.scrapegw.com:6060	ConnectionTimeoutError: Connection timeout to host https://discord.com/api/v9/unique-username/username-attempt-unauthed
2026-09-01 18:28:39	NETWORK	ghal	attempt=1	proxy=http://wiw4v7duaymysz9-session-58a191d05a15-lifetime-10:***@rp.scrapegw.com:6060	ConnectionTimeoutError: Connection timeout to host https://discord.com/api/v9/unique-username/username-attempt-unauthed
2026-09-01 18:28:39	NETWORK	ghap	attempt=1	proxy=http://wiw4v7duaymysz9-session-5b54b9f6c129-lifetime-10:***@rp.scrapegw.com:6060	ConnectionTimeoutError: Connection timeout to host https://discord.com/api/v9/unique-username/username-attempt-unauthed
2026-09-01 18:28:39	NETWORK	ggwu	attempt=1	proxy=http://wiw4v7duaymysz9-session-50a0e5f3b667-lifetime-10:***@rp.scrapegw.com:6060	ConnectionTimeoutError: Connection timeout to host https://discord.com/api/v9/unique-username/username-attempt-unauthed
2026-09-01 18:28:39	NETWORK	ggwn	attempt=1	proxy=http://wiw4v7duaymysz9-session-2f5d152a6289-lifetime-10:***@rp.scrapegw.com:6060	ConnectionTimeoutError: Connection timeout to host https://discord.com/api/v9/unique-username/username-attempt-unauthed
2026-09-01 18:28:39	NETWORK	ghao	attempt=1	proxy=http://wiw4v7duaymysz9-session-2308870e8b14-lifetime-10:***@rp.scrapegw.com:6060	ConnectionTimeoutError: Connection timeout to host https://discord.com/api/v9/unique-username/username-attempt-unauthed
2026-09-01 18:28:39	NETWORK	ggxo	attempt=1	proxy=http://wiw4v7duaymysz9-session-1d743ae35969-lifetime-10:***@rp.scrapegw.com:6060	ConnectionTimeoutError: Connection timeout to host https://discord.com/api/v9/unique-username/username-attempt-unauthed
2026-09-01 18:28:39	NETWORK	ggyx	attempt=1	proxy=http://wiw4v7duaymysz9-session-19ce542d8ef8-lifetime-10:***@rp.scrapegw.com:6060	ConnectionTimeoutError: Connection timeout to host https://discord.com/api/v9/unique-username/username-attempt-unauthed
2026-09-01 18:28:39	NETWORK	ghbs	attempt=1	proxy=http://wiw4v7duaymysz9-session-85d812dbfe7d-lifetime-10:***@rp.scrapegw.com:6060	ConnectionTimeoutError: Connection timeout to host https://discord.com/api/v9/unique-username/username-attempt-unauthed
2026-09-01 18:28:39	NETWORK	ggye	attempt=1	proxy=http://wiw4v7duaymysz9-session-8e15cd92fa61-lifetime-10:***@rp.scrapegw.com:6060	ConnectionTimeoutError: Connection timeout to host https://discord.com/api/v9/unique-username/username-attempt-unauthed
2026-09-01 18:28:39	NETWORK	ggzf	attempt=1	proxy=http://wiw4v7duaymysz9-session-0c35b64eed02-lifetime-10:***@rp.scrapegw.com:6060	ConnectionTimeoutError: Connection timeout to host https://discord.com/api/v9/unique-username/username-attempt-unauthed
2026-09-01 18:28:39	NETWORK	ghbg	attempt=1	proxy=http://wiw4v7duaymysz9-session-25f20a1898f7-lifetime-10:***@rp.scrapegw.com:6060	ConnectionTimeoutError: Connection timeout to host https://discord.com/api/v9/unique-username/username-attempt-unauthed
2026-09-01 18:28:39	NETWORK	ghai	attempt=1	proxy=http://wiw4v7duaymysz9-session-5402c0dacc66-lifetime-10:***@rp.scrapegw.com:6060	ConnectionTimeoutError: Connection timeout to host https://discord.com/api/v9/unique-username/username-attempt-unauthed
2026-09-01 18:28:39	NETWORK	ghad	attempt=1	proxy=http://wiw4v7duaymysz9-session-e995614a110f-lifetime-10:***@rp.scrapegw.com:6060	ConnectionTimeoutError: Connection timeout to host https://discord.com/api/v9/unique-username/username-attempt-unauthed
2026-09-01 18:28:39	NETWORK	ggwv	attempt=1	proxy=http://wiw4v7duaymysz9-session-670db4167cbe-lifetime-10:***@rp.scrapegw.com:6060	ConnectionTimeoutError: Connection timeout to host https://discord.com/api/v9/unique-username/username-attempt-unauthed
2026-09-01 18:28:39	NETWORK	ghbz	attempt=1	proxy=http://wiw4v7duaymysz9-session-5a59890e33c3-lifetime-10:***@rp.scrapegw.com:6060	ConnectionTimeoutError: Connection timeout to host https://discord.com/api/v9/unique-username/username-attempt-unauthed
2026-09-01 18:28:39	NETWORK	ghbe	attempt=1	proxy=http://wiw4v7duaymysz9-session-fd3d2c21384f-lifetime-10:***@rp.scrapegw.com:6060	ConnectionTimeoutError: Connection timeout to host https://discord.com/api/v9/unique-username/username-attempt-unauthed
2026-09-01 18:28:39	NETWORK	gham	attempt=1	proxy=http://wiw4v7duaymysz9-session-5792452466da-lifetime-10:***@rp.scrapegw.com:6060	ConnectionTimeoutError: Connection timeout to host https://discord.com/api/v9/unique-username/username-attempt-unauthed
2026-09-01 18:28:39	NETWORK	ggyo	attempt=1	proxy=http://wiw4v7duaymysz9-session-0e470caed97c-lifetime-10:***@rp.scrapegw.com:6060	ConnectionTimeoutError: Connection timeout to host https://discord.com/api/v9/unique-username/username-attempt-unauthed
2026-09-01 18:28:39	NETWORK	ghbj	attempt=1	proxy=http://wiw4v7duaymysz9-session-a60d042a3b52-lifetime-10:***@rp.scrapegw.com:6060	ConnectionTimeoutError: Connection timeout to host https://discord.com/api/v9/unique-username/username-attempt-unauthed
2026-09-01 18:28:39	NETWORK	ggxw	attempt=1	proxy=http://wiw4v7duaymysz9-session-a846a51294e7-lifetime-10:***@rp.scrapegw.com:6060	ConnectionTimeoutError: Connection timeout to host https://discord.com/api/v9/unique-username/username-attempt-unauthed
2026-09-01 18:28:39	NETWORK	ghby	attempt=1	proxy=http://wiw4v7duaymysz9-session-3641435525df-lifetime-10:***@rp.scrapegw.com:6060	ConnectionTimeoutError: Connection timeout to host https://discord.com/api/v9/unique-username/username-attempt-unauthed
2026-09-01 18:28:39	NETWORK	ggyl	attempt=1	proxy=http://wiw4v7duaymysz9-session-aaef0fb8cb66-lifetime-10:***@rp.scrapegw.com:6060	ConnectionTimeoutError: Connection timeout to host https://discord.com/api/v9/unique-username/username-attempt-unauthed
2026-09-01 18:28:39	NETWORK	ggyp	attempt=1	proxy=http://wiw4v7duaymysz9-session-0c4736452f2b-lifetime-10:***@rp.scrapegw.com:6060	ConnectionTimeoutError: Connection timeout to host https://discord.com/api/v9/unique-username/username-attempt-unauthed
2026-09-01 18:28:39	NETWORK	gicg	attempt=1	proxy=http://wiw4v7duaymysz9-session-d5675e72acc5-lifetime-10:***@rp.scrapegw.com:6060	ClientConnectorError: Cannot connect to host discord.com:443 ssl:default [Connection reset by peer]
2026-09-01 18:28:40	HTTP_429	gidi	attempt=1	proxy=http://wiw4v7duaymysz9-session-8003edca3817-lifetime-10:***@rp.scrapegw.com:6060	scope=shared global=False retry_after=953.00s
2026-09-01 18:28:40	NETWORK	ghcm	attempt=1	proxy=http://wiw4v7duaymysz9-session-20f1f168d9a2-lifetime-10:***@rp.scrapegw.com:6060	ClientConnectorError: Cannot connect to host discord.com:443 ssl:default [Connection reset by peer]
2026-09-01 18:28:40	HTTP_429	gijp	attempt=1	proxy=http://wiw4v7duaymysz9-session-0d5cbef59b85-lifetime-10:***@rp.scrapegw.com:6060	scope=shared global=False retry_after=80.00s
2026-09-01 18:28:40	NETWORK	ghfj	attempt=1	proxy=http://wiw4v7duaymysz9-session-1a123726731b-lifetime-10:***@rp.scrapegw.com:6060	ConnectionTimeoutError: Connection timeout to host https://discord.com/api/v9/unique-username/username-attempt-unauthed
2026-09-01 18:28:40	NETWORK	ghfl	attempt=1	proxy=http://wiw4v7duaymysz9-session-1d8bc1e85107-lifetime-10:***@rp.scrapegw.com:6060	ConnectionTimeoutError: Connection timeout to host https://discord.com/api/v9/unique-username/username-attempt-unauthed
2026-09-01 18:28:40	NETWORK	ghib	attempt=1	proxy=http://wiw4v7duaymysz9-session-96afaa65eab5-lifetime-10:***@rp.scrapegw.com:6060	ConnectionTimeoutError: Connection timeout to host https://discord.com/api/v9/unique-username/username-attempt-unauthed
2026-09-01 18:28:40	NETWORK	ghiu	attempt=1	proxy=http://wiw4v7duaymysz9-session-69d851ebf7fa-lifetime-10:***@rp.scrapegw.com:6060	ConnectionTimeoutError: Connection timeout to host https://discord.com/api/v9/unique-username/username-attempt-unauthed
2026-09-01 18:28:40	NETWORK	ghdn	attempt=1	proxy=http://wiw4v7duaymysz9-session-56dab78f6063-lifetime-10:***@rp.scrapegw.com:6060	ConnectionTimeoutError: Connection timeout to host https://discord.com/api/v9/unique-username/username-attempt-unauthed
2026-09-01 18:28:40	NETWORK	ghej	attempt=1	proxy=http://wiw4v7duaymysz9-session-8566295d021b-lifetime-10:***@rp.scrapegw.com:6060	ConnectionTimeoutError: Connection timeout to host https://discord.com/api/v9/unique-username/username-attempt-unauthed
2026-09-01 18:28:40	NETWORK	ghdk	attempt=1	proxy=http://wiw4v7duaymysz9-session-6a9a7b427765-lifetime-10:***@rp.scrapegw.com:6060	ConnectionTimeoutError: Connection timeout to host https://discord.com/api/v9/unique-username/username-attempt-unauthed
2026-09-01 18:28:40	NETWORK	ghiz	attempt=1	proxy=http://wiw4v7duaymysz9-session-96bc0c88abe1-lifetime-10:***@rp.scrapegw.com:6060	ConnectionTimeoutError: Connection timeout to host https://discord.com/api/v9/unique-username/username-attempt-unauthed
2026-09-01 18:28:40	NETWORK	ghio	attempt=1	proxy=http://wiw4v7duaymysz9-session-4dd6ed0762d8-lifetime-10:***@rp.scrapegw.com:6060	ConnectionTimeoutError: Connection timeout to host https://discord.com/api/v9/unique-username/username-attempt-unauthed
2026-09-01 18:28:40	NETWORK	ghje	attempt=1	proxy=http://wiw4v7duaymysz9-session-82f12c3a4c14-lifetime-10:***@rp.scrapegw.com:6060	ConnectionTimeoutError: Connection timeout to host https://discord.com/api/v9/unique-username/username-attempt-unauthed
2026-09-01 18:28:40	NETWORK	ghji	attempt=1	proxy=http://wiw4v7duaymysz9-session-d581bdd04ea3-lifetime-10:***@rp.scrapegw.com:6060	ConnectionTimeoutError: Connection timeout to host https://discord.com/api/v9/unique-username/username-attempt-unauthed
2026-09-01 18:28:40	NETWORK	ghev	attempt=1	proxy=http://wiw4v7duaymysz9-session-7b7325c5a347-lifetime-10:***@rp.scrapegw.com:6060	ConnectionTimeoutError: Connection timeout to host https://discord.com/api/v9/unique-username/username-attempt-unauthed
2026-09-01 18:28:40	NETWORK	ghgw	attempt=1	proxy=http://wiw4v7duaymysz9-session-00be409f3387-lifetime-10:***@rp.scrapegw.com:6060	ConnectionTimeoutError: Connection timeout to host https://discord.com/api/v9/unique-username/username-attempt-unauthed
2026-09-01 18:28:40	NETWORK	gheo	attempt=1	proxy=http://wiw4v7duaymysz9-session-b9f6eeaa0038-lifetime-10:***@rp.scrapegw.com:6060	ConnectionTimeoutError: Connection timeout to host https://discord.com/api/v9/unique-username/username-attempt-unauthed
2026-09-01 18:28:40	NETWORK	ghec	attempt=1	proxy=http://wiw4v7duaymysz9-session-ebb4337677cb-lifetime-10:***@rp.scrapegw.com:6060	ConnectionTimeoutError: Connection timeout to host https://discord.com/api/v9/unique-username/username-attempt-unauthed
2026-09-01 18:28:40	NETWORK	ghic	attempt=1	proxy=http://wiw4v7duaymysz9-session-9b20be642563-lifetime-10:***@rp.scrapegw.com:6060	ConnectionTimeoutError: Connection timeout to host https://discord.com/api/v9/unique-username/username-attempt-unauthed
2026-09-01 18:28:40	NETWORK	ghhr	attempt=1	proxy=http://wiw4v7duaymysz9-session-ffe442870163-lifetime-10:***@rp.scrapegw.com:6060	ConnectionTimeoutError: Connection timeout to host https://discord.com/api/v9/unique-username/username-attempt-unauthed
2026-09-01 18:28:40	NETWORK	ghfz	attempt=1	proxy=http://wiw4v7duaymysz9-session-739a58832295-lifetime-10:***@rp.scrapegw.com:6060	ConnectionTimeoutError: Connection timeout to host https://discord.com/api/v9/unique-username/username-attempt-unauthed
2026-09-01 18:28:40	NETWORK	ghct	attempt=1	proxy=http://wiw4v7duaymysz9-session-deead115de06-lifetime-10:***@rp.scrapegw.com:6060	ConnectionTimeoutError: Connection timeout to host https://discord.com/api/v9/unique-username/username-attempt-unauthed
2026-09-01 18:28:40	NETWORK	ghik	attempt=1	proxy=http://wiw4v7duaymysz9-session-b5cdcaf61f76-lifetime-10:***@rp.scrapegw.com:6060	ConnectionTimeoutError: Connection timeout to host https://discord.com/api/v9/unique-username/username-attempt-unauthed
2026-09-01 18:28:40	NETWORK	ghcg	attempt=1	proxy=http://wiw4v7duaymysz9-session-53691cdb0f65-lifetime-10:***@rp.scrapegw.com:6060	ConnectionTimeoutError: Connection timeout to host https://discord.com/api/v9/unique-username/username-attempt-unauthed
2026-09-01 18:28:40	NETWORK	ghiv	attempt=1	proxy=http://wiw4v7duaymysz9-session-0bddddf3fa79-lifetime-10:***@rp.scrapegw.com:6060	ConnectionTimeoutError: Connection timeout to host https://discord.com/api/v9/unique-username/username-attempt-unauthed
2026-09-01 18:28:40	NETWORK	ghdd	attempt=1	proxy=http://wiw4v7duaymysz9-session-f21abf56d2e5-lifetime-10:***@rp.scrapegw.com:6060	ConnectionTimeoutError: Connection timeout to host https://discord.com/api/v9/unique-username/username-attempt-unauthed
2026-09-01 18:28:40	NETWORK	ghim	attempt=1	proxy=http://wiw4v7duaymysz9-session-a65bbc89e3af-lifetime-10:***@rp.scrapegw.com:6060	ConnectionTimeoutError: Connection timeout to host https://discord.com/api/v9/unique-username/username-attempt-unauthed
2026-09-01 18:28:40	NETWORK	ghcl	attempt=1	proxy=http://wiw4v7duaymysz9-session-e244d4fd0810-lifetime-10:***@rp.scrapegw.com:6060	ConnectionTimeoutError: Connection timeout to host https://discord.com/api/v9/unique-username/username-attempt-unauthed
2026-09-01 18:28:40	NETWORK	ghcb	attempt=1	proxy=http://wiw4v7duaymysz9-session-cbc14e523e59-lifetime-10:***@rp.scrapegw.com:6060	ConnectionTimeoutError: Connection timeout to host https://discord.com/api/v9/unique-username/username-attempt-unauthed
2026-09-01 18:28:40	NETWORK	ghis	attempt=1	proxy=http://wiw4v7duaymysz9-session-4f3714d37d21-lifetime-10:***@rp.scrapegw.com:6060	ConnectionTimeoutError: Connection timeout to host https://discord.com/api/v9/unique-username/username-attempt-unauthed
2026-09-01 18:28:40	NETWORK	ghfw	attempt=1	proxy=http://wiw4v7duaymysz9-session-da3d56376961-lifetime-10:***@rp.scrapegw.com:6060	ConnectionTimeoutError: Connection timeout to host https://discord.com/api/v9/unique-username/username-attempt-unauthed
2026-09-01 18:28:40	NETWORK	ghdg	attempt=1	proxy=http://wiw4v7duaymysz9-session-225a70838fea-lifetime-10:***@rp.scrapegw.com:6060	ConnectionTimeoutError: Connection timeout to host https://discord.com/api/v9/unique-username/username-attempt-unauthed
2026-09-01 18:28:40	NETWORK	ghea	attempt=1	proxy=http://wiw4v7duaymysz9-session-1e5cd595bea7-lifetime-10:***@rp.scrapegw.com:6060	ConnectionTimeoutError: Connection timeout to host https://discord.com/api/v9/unique-username/username-attempt-unauthed
2026-09-01 18:28:40	NETWORK	ghfq	attempt=1	proxy=http://wiw4v7duaymysz9-session-e433f8b4a23f-lifetime-10:***@rp.scrapegw.com:6060	ConnectionTimeoutError: Connection timeout to host https://discord.com/api/v9/unique-username/username-attempt-unauthed
2026-09-01 18:28:40	NETWORK	ghga	attempt=1	proxy=http://wiw4v7duaymysz9-session-024879af65a5-lifetime-10:***@rp.scrapegw.com:6060	ConnectionTimeoutError: Connection timeout to host https://discord.com/api/v9/unique-username/username-attempt-unauthed
2026-09-01 18:28:40	NETWORK	ghgc	attempt=1	proxy=http://wiw4v7duaymysz9-session-b5e6d0807149-lifetime-10:***@rp.scrapegw.com:6060	ConnectionTimeoutError: Connection timeout to host https://discord.com/api/v9/unique-username/username-attempt-unauthed
2026-09-01 18:28:40	NETWORK	ghfs	attempt=1	proxy=http://wiw4v7duaymysz9-session-35174c51fd45-lifetime-10:***@rp.scrapegw.com:6060	ConnectionTimeoutError: Connection timeout to host https://discord.com/api/v9/unique-username/username-attempt-unauthed
2026-09-01 18:28:40	NETWORK	ghgl	attempt=1	proxy=http://wiw4v7duaymysz9-session-fcc3d8a90858-lifetime-10:***@rp.scrapegw.com:6060	ConnectionTimeoutError: Connection timeout to host https://discord.com/api/v9/unique-username/username-attempt-unauthed
2026-09-01 18:28:40	NETWORK	ghfp	attempt=1	proxy=http://wiw4v7duaymysz9-session-f74960480b4f-lifetime-10:***@rp.scrapegw.com:6060	ConnectionTimeoutError: Connection timeout to host https://discord.com/api/v9/unique-username/username-attempt-unauthed
2026-09-01 18:28:40	NETWORK	ghca	attempt=1	proxy=http://wiw4v7duaymysz9-session-17a8abb027a0-lifetime-10:***@rp.scrapegw.com:6060	ConnectionTimeoutError: Connection timeout to host https://discord.com/api/v9/unique-username/username-attempt-unauthed
2026-09-01 18:28:40	NETWORK	ghgt	attempt=1	proxy=http://wiw4v7duaymysz9-session-299caf827312-lifetime-10:***@rp.scrapegw.com:6060	ConnectionTimeoutError: Connection timeout to host https://discord.com/api/v9/unique-username/username-attempt-unauthed
2026-09-01 18:28:40	NETWORK	ghfm	attempt=1	proxy=http://wiw4v7duaymysz9-session-1e5bdea5d841-lifetime-10:***@rp.scrapegw.com:6060	ConnectionTimeoutError: Connection timeout to host https://discord.com/api/v9/unique-username/username-attempt-unauthed
2026-09-01 18:28:40	NETWORK	ghez	attempt=1	proxy=http://wiw4v7duaymysz9-session-33ca456c2c60-lifetime-10:***@rp.scrapegw.com:6060	ConnectionTimeoutError: Connection timeout to host https://discord.com/api/v9/unique-username/username-attempt-unauthed
2026-09-01 18:28:40	NETWORK	ghuf	attempt=1	proxy=http://wiw4v7duaymysz9-session-b76c7d66327c-lifetime-10:***@rp.scrapegw.com:6060	ClientConnectorError: Cannot connect to host discord.com:443 ssl:default [Connection reset by peer]
2026-09-01 18:28:41	NETWORK	ghzx	attempt=1	proxy=http://wiw4v7duaymysz9-session-3f5085f0e3c1-lifetime-10:***@rp.scrapegw.com:6060	ClientConnectorError: Cannot connect to host discord.com:443 ssl:default [Connection reset by peer]
2026-09-01 18:28:41	HTTP_429	gkol	attempt=1	proxy=http://wiw4v7duaymysz9-session-3c27157597f2-lifetime-10:***@rp.scrapegw.com:6060	scope=shared global=False retry_after=1187.00s
2026-09-01 18:28:41	NETWORK	ghks	attempt=1	proxy=http://wiw4v7duaymysz9-session-24f0c121eb42-lifetime-10:***@rp.scrapegw.com:6060	ConnectionTimeoutError: Connection timeout to host https://discord.com/api/v9/unique-username/username-attempt-unauthed
2026-09-01 18:28:41	NETWORK	ghky	attempt=1	proxy=http://wiw4v7duaymysz9-session-d47a8ac8d88f-lifetime-10:***@rp.scrapegw.com:6060	ConnectionTimeoutError: Connection timeout to host https://discord.com/api/v9/unique-username/username-attempt-unauthed
2026-09-01 18:28:41	NETWORK	ghny	attempt=1	proxy=http://wiw4v7duaymysz9-session-123433467187-lifetime-10:***@rp.scrapegw.com:6060	ConnectionTimeoutError: Connection timeout to host https://discord.com/api/v9/unique-username/username-attempt-unauthed
2026-09-01 18:28:41	NETWORK	ghrl	attempt=1	proxy=http://wiw4v7duaymysz9-session-41f0e99ab694-lifetime-10:***@rp.scrapegw.com:6060	ConnectionTimeoutError: Connection timeout to host https://discord.com/api/v9/unique-username/username-attempt-unauthed
2026-09-01 18:28:41	NETWORK	ghox	attempt=1	proxy=http://wiw4v7duaymysz9-session-393dfc68ac88-lifetime-10:***@rp.scrapegw.com:6060	ConnectionTimeoutError: Connection timeout to host https://discord.com/api/v9/unique-username/username-attempt-unauthed
2026-09-01 18:28:41	NETWORK	ghkj	attempt=1	proxy=http://wiw4v7duaymysz9-session-385ebb852420-lifetime-10:***@rp.scrapegw.com:6060	ConnectionTimeoutError: Connection timeout to host https://discord.com/api/v9/unique-username/username-attempt-unauthed
2026-09-01 18:28:41	NETWORK	ghlb	attempt=1	proxy=http://wiw4v7duaymysz9-session-7c8c82a582f9-lifetime-10:***@rp.scrapegw.com:6060	ConnectionTimeoutError: Connection timeout to host https://discord.com/api/v9/unique-username/username-attempt-unauthed
2026-09-01 18:28:41	NETWORK	ghoa	attempt=1	proxy=http://wiw4v7duaymysz9-session-a1902581b9b4-lifetime-10:***@rp.scrapegw.com:6060	ConnectionTimeoutError: Connection timeout to host https://discord.com/api/v9/unique-username/username-attempt-unauthed
2026-09-01 18:28:41	NETWORK	ghlu	attempt=1	proxy=http://wiw4v7duaymysz9-session-cdbca21fe23c-lifetime-10:***@rp.scrapegw.com:6060	ConnectionTimeoutError: Connection timeout to host https://discord.com/api/v9/unique-username/username-attempt-unauthed
2026-09-01 18:28:41	NETWORK	ghkq	attempt=1	proxy=http://wiw4v7duaymysz9-session-b51b1729e606-lifetime-10:***@rp.scrapegw.com:6060	ConnectionTimeoutError: Connection timeout to host https://discord.com/api/v9/unique-username/username-attempt-unauthed
2026-09-01 18:28:41	NETWORK	ghqu	attempt=1	proxy=http://wiw4v7duaymysz9-session-791e55752347-lifetime-10:***@rp.scrapegw.com:6060	ConnectionTimeoutError: Connection timeout to host https://discord.com/api/v9/unique-username/username-attempt-unauthed
2026-09-01 18:28:41	NETWORK	ghpq	attempt=1	proxy=http://wiw4v7duaymysz9-session-1dcc1babc793-lifetime-10:***@rp.scrapegw.com:6060	ConnectionTimeoutError: Connection timeout to host https://discord.com/api/v9/unique-username/username-attempt-unauthed
2026-09-01 18:28:41	NETWORK	ghll	attempt=1	proxy=http://wiw4v7duaymysz9-session-3992a20f0267-lifetime-10:***@rp.scrapegw.com:6060	ConnectionTimeoutError: Connection timeout to host https://discord.com/api/v9/unique-username/username-attempt-unauthed
2026-09-01 18:28:41	NETWORK	ghon	attempt=1	proxy=http://wiw4v7duaymysz9-session-b657cabd4e73-lifetime-10:***@rp.scrapegw.com:6060	ConnectionTimeoutError: Connection timeout to host https://discord.com/api/v9/unique-username/username-attempt-unauthed
2026-09-01 18:28:41	NETWORK	ghqn	attempt=1	proxy=http://wiw4v7duaymysz9-session-5ca001d88af0-lifetime-10:***@rp.scrapegw.com:6060	ConnectionTimeoutError: Connection timeout to host https://discord.com/api/v9/unique-username/username-attempt-unauthed
2026-09-01 18:28:41	NETWORK	ghou	attempt=1	proxy=http://wiw4v7duaymysz9-session-bf9572b1c22d-lifetime-10:***@rp.scrapegw.com:6060	ConnectionTimeoutError: Connection timeout to host https://discord.com/api/v9/unique-username/username-attempt-unauthed
2026-09-01 18:28:41	NETWORK	ghmd	attempt=1	proxy=http://wiw4v7duaymysz9-session-12db166f7a62-lifetime-10:***@rp.scrapegw.com:6060	ConnectionTimeoutError: Connection timeout to host https://discord.com/api/v9/unique-username/username-attempt-unauthed
2026-09-01 18:28:41	NETWORK	ghre	attempt=1	proxy=http://wiw4v7duaymysz9-session-1116d7b9a23a-lifetime-10:***@rp.scrapegw.com:6060	ConnectionTimeoutError: Connection timeout to host https://discord.com/api/v9/unique-username/username-attempt-unauthed
2026-09-01 18:28:41	NETWORK	ghsd	attempt=1	proxy=http://wiw4v7duaymysz9-session-40f8d5b3d191-lifetime-10:***@rp.scrapegw.com:6060	ConnectionTimeoutError: Connection timeout to host https://discord.com/api/v9/unique-username/username-attempt-unauthed
2026-09-01 18:28:41	NETWORK	ghrb	attempt=1	proxy=http://wiw4v7duaymysz9-session-e1e3d9798fb2-lifetime-10:***@rp.scrapegw.com:6060	ConnectionTimeoutError: Connection timeout to host https://discord.com/api/v9/unique-username/username-attempt-unauthed
2026-09-01 18:28:41	NETWORK	ghrf	attempt=1	proxy=http://wiw4v7duaymysz9-session-59b76d5a0f04-lifetime-10:***@rp.scrapegw.com:6060	ConnectionTimeoutError: Connection timeout to host https://discord.com/api/v9/unique-username/username-attempt-unauthed
2026-09-01 18:28:41	NETWORK	ghob	attempt=1	proxy=http://wiw4v7duaymysz9-session-0199309d83b1-lifetime-10:***@rp.scrapegw.com:6060	ConnectionTimeoutError: Connection timeout to host https://discord.com/api/v9/unique-username/username-attempt-unauthed
2026-09-01 18:28:41	NETWORK	ghlw	attempt=1	proxy=http://wiw4v7duaymysz9-session-112f397e8eaa-lifetime-10:***@rp.scrapegw.com:6060	ConnectionTimeoutError: Connection timeout to host https://discord.com/api/v9/unique-username/username-attempt-unauthed
2026-09-01 18:28:41	NETWORK	ghpr	attempt=1	proxy=http://wiw4v7duaymysz9-session-a549c3c846e5-lifetime-10:***@rp.scrapegw.com:6060	ConnectionTimeoutError: Connection timeout to host https://discord.com/api/v9/unique-username/username-attempt-unauthed
2026-09-01 18:28:41	NETWORK	ghqg	attempt=1	proxy=http://wiw4v7duaymysz9-session-4baeb015f075-lifetime-10:***@rp.scrapegw.com:6060	ConnectionTimeoutError: Connection timeout to host https://discord.com/api/v9/unique-username/username-attempt-unauthed
2026-09-01 18:28:41	NETWORK	ghkc	attempt=1	proxy=http://wiw4v7duaymysz9-session-694ddde12210-lifetime-10:***@rp.scrapegw.com:6060	ConnectionTimeoutError: Connection timeout to host https://discord.com/api/v9/unique-username/username-attempt-unauthed
2026-09-01 18:28:41	NETWORK	ghpc	attempt=1	proxy=http://wiw4v7duaymysz9-session-58ef22aac2c3-lifetime-10:***@rp.scrapegw.com:6060	ConnectionTimeoutError: Connection timeout to host https://discord.com/api/v9/unique-username/username-attempt-unauthed
2026-09-01 18:28:41	NETWORK	ghnr	attempt=1	proxy=http://wiw4v7duaymysz9-session-899e55b24d93-lifetime-10:***@rp.scrapegw.com:6060	ConnectionTimeoutError: Connection timeout to host https://discord.com/api/v9/unique-username/username-attempt-unauthed
2026-09-01 18:28:41	NETWORK	ghoy	attempt=1	proxy=http://wiw4v7duaymysz9-session-534ee9431689-lifetime-10:***@rp.scrapegw.com:6060	ConnectionTimeoutError: Connection timeout to host https://discord.com/api/v9/unique-username/username-attempt-unauthed
2026-09-01 18:28:41	NETWORK	ghnq	attempt=1	proxy=http://wiw4v7duaymysz9-session-f0ed1e17018b-lifetime-10:***@rp.scrapegw.com:6060	ConnectionTimeoutError: Connection timeout to host https://discord.com/api/v9/unique-username/username-attempt-unauthed
2026-09-01 18:28:41	NETWORK	ghmo	attempt=1	proxy=http://wiw4v7duaymysz9-session-5f72fd5c7596-lifetime-10:***@rp.scrapegw.com:6060	ConnectionTimeoutError: Connection timeout to host https://discord.com/api/v9/unique-username/username-attempt-unauthed
2026-09-01 18:28:41	NETWORK	ghlr	attempt=1	proxy=http://wiw4v7duaymysz9-session-407495184cd4-lifetime-10:***@rp.scrapegw.com:6060	ConnectionTimeoutError: Connection timeout to host https://discord.com/api/v9/unique-username/username-attempt-unauthed
2026-09-01 18:28:41	NETWORK	ghru	attempt=1	proxy=http://wiw4v7duaymysz9-session-1fa9e818a694-lifetime-10:***@rp.scrapegw.com:6060	ConnectionTimeoutError: Connection timeout to host https://discord.com/api/v9/unique-username/username-attempt-unauthed
2026-09-01 18:28:41	NETWORK	ghkz	attempt=1	proxy=http://wiw4v7duaymysz9-session-b335317048a5-lifetime-10:***@rp.scrapegw.com:6060	ConnectionTimeoutError: Connection timeout to host https://discord.com/api/v9/unique-username/username-attempt-unauthed
2026-09-01 18:28:41	NETWORK	ghqe	attempt=1	proxy=http://wiw4v7duaymysz9-session-f4a88acc894b-lifetime-10:***@rp.scrapegw.com:6060	ConnectionTimeoutError: Connection timeout to host https://discord.com/api/v9/unique-username/username-attempt-unauthed
2026-09-01 18:28:41	NETWORK	ghrv	attempt=1	proxy=http://wiw4v7duaymysz9-session-116d9e66dc92-lifetime-10:***@rp.scrapegw.com:6060	ConnectionTimeoutError: Connection timeout to host https://discord.com/api/v9/unique-username/username-attempt-unauthed
2026-09-01 18:28:41	NETWORK	giag	attempt=1	proxy=http://wiw4v7duaymysz9-session-cc553fd7e2b4-lifetime-10:***@rp.scrapegw.com:6060	ClientConnectorCertificateError: Cannot connect to host discord.com:443 ssl:True [SSLCertVerificationError: (1, '[SSL: CERTIFICATE_VERIFY_FAILED] certificate verify failed: unable to get local issuer certificate (_ssl.c:1081)')]
2026-09-01 18:28:42	NETWORK	gifd	attempt=1	proxy=http://wiw4v7duaymysz9-session-51a6c0dba98f-lifetime-10:***@rp.scrapegw.com:6060	ClientConnectorError: Cannot connect to host discord.com:443 ssl:default [Connection reset by peer]
2026-09-01 18:28:42	HTTP_429	gkpr	attempt=1	proxy=http://wiw4v7duaymysz9-session-f531aae7c682-lifetime-10:***@rp.scrapegw.com:6060	scope=shared global=False retry_after=564.00s
2026-09-01 18:28:42	NETWORK	ghwd	attempt=1	proxy=http://wiw4v7duaymysz9-session-c198f41e9fca-lifetime-10:***@rp.scrapegw.com:6060	ConnectionTimeoutError: Connection timeout to host https://discord.com/api/v9/unique-username/username-attempt-unauthed
2026-09-01 18:28:42	NETWORK	giaa	attempt=1	proxy=http://wiw4v7duaymysz9-session-3b844e38d437-lifetime-10:***@rp.scrapegw.com:6060	ConnectionTimeoutError: Connection timeout to host https://discord.com/api/v9/unique-username/username-attempt-unauthed
2026-09-01 18:28:42	NETWORK	ghvj	attempt=1	proxy=http://wiw4v7duaymysz9-session-3cfa8a956340-lifetime-10:***@rp.scrapegw.com:6060	ConnectionTimeoutError: Connection timeout to host https://discord.com/api/v9/unique-username/username-attempt-unauthed
2026-09-01 18:28:42	NETWORK	ghud	attempt=1	proxy=http://wiw4v7duaymysz9-session-fa54b39bc361-lifetime-10:***@rp.scrapegw.com:6060	ConnectionTimeoutError: Connection timeout to host https://discord.com/api/v9/unique-username/username-attempt-unauthed
2026-09-01 18:28:42	NETWORK	ghye	attempt=1	proxy=http://wiw4v7duaymysz9-session-4cd3d4ab7e56-lifetime-10:***@rp.scrapegw.com:6060	ConnectionTimeoutError: Connection timeout to host https://discord.com/api/v9/unique-username/username-attempt-unauthed
2026-09-01 18:28:42	NETWORK	ghxi	attempt=1	proxy=http://wiw4v7duaymysz9-session-aa82cc54773a-lifetime-10:***@rp.scrapegw.com:6060	ConnectionTimeoutError: Connection timeout to host https://discord.com/api/v9/unique-username/username-attempt-unauthed
2026-09-01 18:28:42	NETWORK	ghwz	attempt=1	proxy=http://wiw4v7duaymysz9-session-1064a344c571-lifetime-10:***@rp.scrapegw.com:6060	ConnectionTimeoutError: Connection timeout to host https://discord.com/api/v9/unique-username/username-attempt-unauthed
2026-09-01 18:28:42	NETWORK	ghwv	attempt=1	proxy=http://wiw4v7duaymysz9-session-3e667ad3abbb-lifetime-10:***@rp.scrapegw.com:6060	ConnectionTimeoutError: Connection timeout to host https://discord.com/api/v9/unique-username/username-attempt-unauthed
2026-09-01 18:28:42	NETWORK	ghsm	attempt=1	proxy=http://wiw4v7duaymysz9-session-5c497f6e3e48-lifetime-10:***@rp.scrapegw.com:6060	ConnectionTimeoutError: Connection timeout to host https://discord.com/api/v9/unique-username/username-attempt-unauthed
2026-09-01 18:28:42	NETWORK	ghun	attempt=1	proxy=http://wiw4v7duaymysz9-session-edb406d12b93-lifetime-10:***@rp.scrapegw.com:6060	ConnectionTimeoutError: Connection timeout to host https://discord.com/api/v9/unique-username/username-attempt-unauthed
2026-09-01 18:28:42	NETWORK	ghum	attempt=1	proxy=http://wiw4v7duaymysz9-session-c2d94d22bd79-lifetime-10:***@rp.scrapegw.com:6060	ConnectionTimeoutError: Connection timeout to host https://discord.com/api/v9/unique-username/username-attempt-unauthed
2026-09-01 18:28:42	NETWORK	ghyc	attempt=1	proxy=http://wiw4v7duaymysz9-session-686defafc2bf-lifetime-10:***@rp.scrapegw.com:6060	ConnectionTimeoutError: Connection timeout to host https://discord.com/api/v9/unique-username/username-attempt-unauthed
2026-09-01 18:28:42	NETWORK	ghtz	attempt=1	proxy=http://wiw4v7duaymysz9-session-aa6bdbb85025-lifetime-10:***@rp.scrapegw.com:6060	ConnectionTimeoutError: Connection timeout to host https://discord.com/api/v9/unique-username/username-attempt-unauthed
2026-09-01 18:28:42	NETWORK	ghtm	attempt=1	proxy=http://wiw4v7duaymysz9-session-d97f4b6c74a0-lifetime-10:***@rp.scrapegw.com:6060	ConnectionTimeoutError: Connection timeout to host https://discord.com/api/v9/unique-username/username-attempt-unauthed
2026-09-01 18:28:42	NETWORK	ghth	attempt=1	proxy=http://wiw4v7duaymysz9-session-b6b8de9d81dd-lifetime-10:***@rp.scrapegw.com:6060	ConnectionTimeoutError: Connection timeout to host https://discord.com/api/v9/unique-username/username-attempt-unauthed
2026-09-01 18:28:42	NETWORK	ghss	attempt=1	proxy=http://wiw4v7duaymysz9-session-badaf1066b5c-lifetime-10:***@rp.scrapegw.com:6060	ConnectionTimeoutError: Connection timeout to host https://discord.com/api/v9/unique-username/username-attempt-unauthed
2026-09-01 18:28:42	NETWORK	ghse	attempt=1	proxy=http://wiw4v7duaymysz9-session-029e8ff39644-lifetime-10:***@rp.scrapegw.com:6060	ConnectionTimeoutError: Connection timeout to host https://discord.com/api/v9/unique-username/username-attempt-unauthed
2026-09-01 18:28:42	NETWORK	ghya	attempt=1	proxy=http://wiw4v7duaymysz9-session-bdeeeff5c4a2-lifetime-10:***@rp.scrapegw.com:6060	ConnectionTimeoutError: Connection timeout to host https://discord.com/api/v9/unique-username/username-attempt-unauthed
2026-09-01 18:28:42	NETWORK	ghvw	attempt=1	proxy=http://wiw4v7duaymysz9-session-2cba103bbd01-lifetime-10:***@rp.scrapegw.com:6060	ConnectionTimeoutError: Connection timeout to host https://discord.com/api/v9/unique-username/username-attempt-unauthed
2026-09-01 18:28:42	NETWORK	ghwh	attempt=1	proxy=http://wiw4v7duaymysz9-session-aa57b2e493d0-lifetime-10:***@rp.scrapegw.com:6060	ConnectionTimeoutError: Connection timeout to host https://discord.com/api/v9/unique-username/username-attempt-unauthed
2026-09-01 18:28:42	NETWORK	ghzr	attempt=1	proxy=http://wiw4v7duaymysz9-session-aaba9b081a5c-lifetime-10:***@rp.scrapegw.com:6060	ConnectionTimeoutError: Connection timeout to host https://discord.com/api/v9/unique-username/username-attempt-unauthed
2026-09-01 18:28:42	NETWORK	ghxy	attempt=1	proxy=http://wiw4v7duaymysz9-session-f1bc3545d300-lifetime-10:***@rp.scrapegw.com:6060	ConnectionTimeoutError: Connection timeout to host https://discord.com/api/v9/unique-username/username-attempt-unauthed
2026-09-01 18:28:42	NETWORK	ghxd	attempt=1	proxy=http://wiw4v7duaymysz9-session-4c1564d6678b-lifetime-10:***@rp.scrapegw.com:6060	ConnectionTimeoutError: Connection timeout to host https://discord.com/api/v9/unique-username/username-attempt-unauthed
2026-09-01 18:28:42	NETWORK	ghwq	attempt=1	proxy=http://wiw4v7duaymysz9-session-ddd5b4fe4692-lifetime-10:***@rp.scrapegw.com:6060	ConnectionTimeoutError: Connection timeout to host https://discord.com/api/v9/unique-username/username-attempt-unauthed
2026-09-01 18:28:42	NETWORK	ghwy	attempt=1	proxy=http://wiw4v7duaymysz9-session-711d04286997-lifetime-10:***@rp.scrapegw.com:6060	ConnectionTimeoutError: Connection timeout to host https://discord.com/api/v9/unique-username/username-attempt-unauthed
2026-09-01 18:28:42	NETWORK	ghuy	attempt=1	proxy=http://wiw4v7duaymysz9-session-8f293bd50eb4-lifetime-10:***@rp.scrapegw.com:6060	ConnectionTimeoutError: Connection timeout to host https://discord.com/api/v9/unique-username/username-attempt-unauthed
2026-09-01 18:28:42	NETWORK	ghup	attempt=1	proxy=http://wiw4v7duaymysz9-session-3962f9917797-lifetime-10:***@rp.scrapegw.com:6060	ConnectionTimeoutError: Connection timeout to host https://discord.com/api/v9/unique-username/username-attempt-unauthed
2026-09-01 18:28:42	NETWORK	ghub	attempt=1	proxy=http://wiw4v7duaymysz9-session-24c2e0456b41-lifetime-10:***@rp.scrapegw.com:6060	ConnectionTimeoutError: Connection timeout to host https://discord.com/api/v9/unique-username/username-attempt-unauthed
2026-09-01 18:28:42	NETWORK	ghtx	attempt=1	proxy=http://wiw4v7duaymysz9-session-7468d0f85105-lifetime-10:***@rp.scrapegw.com:6060	ConnectionTimeoutError: Connection timeout to host https://discord.com/api/v9/unique-username/username-attempt-unauthed
2026-09-01 18:28:42	NETWORK	ghwb	attempt=1	proxy=http://wiw4v7duaymysz9-session-25c679c1b01d-lifetime-10:***@rp.scrapegw.com:6060	ConnectionTimeoutError: Connection timeout to host https://discord.com/api/v9/unique-username/username-attempt-unauthed
2026-09-01 18:28:42	NETWORK	ghsg	attempt=1	proxy=http://wiw4v7duaymysz9-session-403652014d91-lifetime-10:***@rp.scrapegw.com:6060	ConnectionTimeoutError: Connection timeout to host https://discord.com/api/v9/unique-username/username-attempt-unauthed
2026-09-01 18:28:42	NETWORK	ghzh	attempt=1	proxy=http://wiw4v7duaymysz9-session-7fa599ca517f-lifetime-10:***@rp.scrapegw.com:6060	ConnectionTimeoutError: Connection timeout to host https://discord.com/api/v9/unique-username/username-attempt-unauthed
2026-09-01 18:28:42	NETWORK	ghyf	attempt=1	proxy=http://wiw4v7duaymysz9-session-ce0fbf6726e7-lifetime-10:***@rp.scrapegw.com:6060	ConnectionTimeoutError: Connection timeout to host https://discord.com/api/v9/unique-username/username-attempt-unauthed
2026-09-01 18:28:42	NETWORK	ghyu	attempt=1	proxy=http://wiw4v7duaymysz9-session-18efae829e1d-lifetime-10:***@rp.scrapegw.com:6060	ConnectionTimeoutError: Connection timeout to host https://discord.com/api/v9/unique-username/username-attempt-unauthed
2026-09-01 18:28:42	NETWORK	ghxn	attempt=1	proxy=http://wiw4v7duaymysz9-session-214eb4c2d1a2-lifetime-10:***@rp.scrapegw.com:6060	ConnectionTimeoutError: Connection timeout to host https://discord.com/api/v9/unique-username/username-attempt-unauthed
2026-09-01 18:28:42	NETWORK	ghwo	attempt=1	proxy=http://wiw4v7duaymysz9-session-2f9c446e6308-lifetime-10:***@rp.scrapegw.com:6060	ConnectionTimeoutError: Connection timeout to host https://discord.com/api/v9/unique-username/username-attempt-unauthed
2026-09-01 18:28:42	NETWORK	ghyb	attempt=1	proxy=http://wiw4v7duaymysz9-session-e350a4211edb-lifetime-10:***@rp.scrapegw.com:6060	ConnectionTimeoutError: Connection timeout to host https://discord.com/api/v9/unique-username/username-attempt-unauthed
2026-09-01 18:28:42	NETWORK	ghwp	attempt=1	proxy=http://wiw4v7duaymysz9-session-54aec0b1a596-lifetime-10:***@rp.scrapegw.com:6060	ConnectionTimeoutError: Connection timeout to host https://discord.com/api/v9/unique-username/username-attempt-unauthed
2026-09-01 18:28:42	NETWORK	ghxg	attempt=1	proxy=http://wiw4v7duaymysz9-session-e6ca8315a8f8-lifetime-10:***@rp.scrapegw.com:6060	ConnectionTimeoutError: Connection timeout to host https://discord.com/api/v9/unique-username/username-attempt-unauthed
2026-09-01 18:28:42	NETWORK	gimg	attempt=1	proxy=http://wiw4v7duaymysz9-session-874e9c0ae175-lifetime-10:***@rp.scrapegw.com:6060	ClientConnectorError: Cannot connect to host discord.com:443 ssl:default [Connection reset by peer]
2026-09-01 18:28:43	HTTP_429	gkyi	attempt=1	proxy=http://wiw4v7duaymysz9-session-2311f842c473-lifetime-10:***@rp.scrapegw.com:6060	scope=shared global=False retry_after=858.00s
2026-09-01 18:28:43	NETWORK	gibf	attempt=1	proxy=http://wiw4v7duaymysz9-session-8007bb6d215c-lifetime-10:***@rp.scrapegw.com:6060	ConnectionTimeoutError: Connection timeout to host https://discord.com/api/v9/unique-username/username-attempt-unauthed
2026-09-01 18:28:43	NETWORK	gido	attempt=1	proxy=http://wiw4v7duaymysz9-session-ed4cc958e8e0-lifetime-10:***@rp.scrapegw.com:6060	ConnectionTimeoutError: Connection timeout to host https://discord.com/api/v9/unique-username/username-attempt-unauthed
2026-09-01 18:28:43	NETWORK	gidf	attempt=1	proxy=http://wiw4v7duaymysz9-session-c74f64e2a0f6-lifetime-10:***@rp.scrapegw.com:6060	ConnectionTimeoutError: Connection timeout to host https://discord.com/api/v9/unique-username/username-attempt-unauthed
2026-09-01 18:28:43	NETWORK	gihl	attempt=1	proxy=http://wiw4v7duaymysz9-session-8f9d1f365b05-lifetime-10:***@rp.scrapegw.com:6060	ConnectionTimeoutError: Connection timeout to host https://discord.com/api/v9/unique-username/username-attempt-unauthed
2026-09-01 18:28:43	NETWORK	gier	attempt=1	proxy=http://wiw4v7duaymysz9-session-756453b342f5-lifetime-10:***@rp.scrapegw.com:6060	ConnectionTimeoutError: Connection timeout to host https://discord.com/api/v9/unique-username/username-attempt-unauthed
2026-09-01 18:28:43	NETWORK	giio	attempt=1	proxy=http://wiw4v7duaymysz9-session-faa119f39784-lifetime-10:***@rp.scrapegw.com:6060	ConnectionTimeoutError: Connection timeout to host https://discord.com/api/v9/unique-username/username-attempt-unauthed
2026-09-01 18:28:43	NETWORK	gigj	attempt=1	proxy=http://wiw4v7duaymysz9-session-3ff81d491541-lifetime-10:***@rp.scrapegw.com:6060	ConnectionTimeoutError: Connection timeout to host https://discord.com/api/v9/unique-username/username-attempt-unauthed
2026-09-01 18:28:43	NETWORK	gidp	attempt=1	proxy=http://wiw4v7duaymysz9-session-6edb98e01d77-lifetime-10:***@rp.scrapegw.com:6060	ConnectionTimeoutError: Connection timeout to host https://discord.com/api/v9/unique-username/username-attempt-unauthed
2026-09-01 18:28:43	NETWORK	gigm	attempt=1	proxy=http://wiw4v7duaymysz9-session-b0a0f8ac7833-lifetime-10:***@rp.scrapegw.com:6060	ConnectionTimeoutError: Connection timeout to host https://discord.com/api/v9/unique-username/username-attempt-unauthed
2026-09-01 18:28:43	NETWORK	gifh	attempt=1	proxy=http://wiw4v7duaymysz9-session-c5f7bb44d1d5-lifetime-10:***@rp.scrapegw.com:6060	ConnectionTimeoutError: Connection timeout to host https://discord.com/api/v9/unique-username/username-attempt-unauthed
2026-09-01 18:28:43	NETWORK	gica	attempt=1	proxy=http://wiw4v7duaymysz9-session-08598db4d147-lifetime-10:***@rp.scrapegw.com:6060	ConnectionTimeoutError: Connection timeout to host https://discord.com/api/v9/unique-username/username-attempt-unauthed
2026-09-01 18:28:43	NETWORK	gice	attempt=1	proxy=http://wiw4v7duaymysz9-session-291ad7f74698-lifetime-10:***@rp.scrapegw.com:6060	ConnectionTimeoutError: Connection timeout to host https://discord.com/api/v9/unique-username/username-attempt-unauthed
2026-09-01 18:28:43	NETWORK	giek	attempt=1	proxy=http://wiw4v7duaymysz9-session-3b4de6d50c47-lifetime-10:***@rp.scrapegw.com:6060	ConnectionTimeoutError: Connection timeout to host https://discord.com/api/v9/unique-username/username-attempt-unauthed
2026-09-01 18:28:43	NETWORK	giid	attempt=1	proxy=http://wiw4v7duaymysz9-session-4ad503894fab-lifetime-10:***@rp.scrapegw.com:6060	ConnectionTimeoutError: Connection timeout to host https://discord.com/api/v9/unique-username/username-attempt-unauthed
2026-09-01 18:28:43	NETWORK	gidu	attempt=1	proxy=http://wiw4v7duaymysz9-session-3ab11e06d569-lifetime-10:***@rp.scrapegw.com:6060	ConnectionTimeoutError: Connection timeout to host https://discord.com/api/v9/unique-username/username-attempt-unauthed
2026-09-01 18:28:43	NETWORK	gibw	attempt=1	proxy=http://wiw4v7duaymysz9-session-32227aaeef82-lifetime-10:***@rp.scrapegw.com:6060	ConnectionTimeoutError: Connection timeout to host https://discord.com/api/v9/unique-username/username-attempt-unauthed
2026-09-01 18:28:43	NETWORK	gibr	attempt=1	proxy=http://wiw4v7duaymysz9-session-fb3efab43609-lifetime-10:***@rp.scrapegw.com:6060	ConnectionTimeoutError: Connection timeout to host https://discord.com/api/v9/unique-username/username-attempt-unauthed
2026-09-01 18:28:43	NETWORK	gics	attempt=1	proxy=http://wiw4v7duaymysz9-session-64c6d347aaa2-lifetime-10:***@rp.scrapegw.com:6060	ConnectionTimeoutError: Connection timeout to host https://discord.com/api/v9/unique-username/username-attempt-unauthed
2026-09-01 18:28:43	NETWORK	gicq	attempt=1	proxy=http://wiw4v7duaymysz9-session-6925ccb143d6-lifetime-10:***@rp.scrapegw.com:6060	ConnectionTimeoutError: Connection timeout to host https://discord.com/api/v9/unique-username/username-attempt-unauthed
2026-09-01 18:28:43	NETWORK	gidj	attempt=1	proxy=http://wiw4v7duaymysz9-session-f3e99d8bb032-lifetime-10:***@rp.scrapegw.com:6060	ConnectionTimeoutError: Connection timeout to host https://discord.com/api/v9/unique-username/username-attempt-unauthed
2026-09-01 18:28:43	NETWORK	gidn	attempt=1	proxy=http://wiw4v7duaymysz9-session-94af285290ec-lifetime-10:***@rp.scrapegw.com:6060	ConnectionTimeoutError: Connection timeout to host https://discord.com/api/v9/unique-username/username-attempt-unauthed
2026-09-01 18:28:43	NETWORK	giig	attempt=1	proxy=http://wiw4v7duaymysz9-session-3bc8bd48df54-lifetime-10:***@rp.scrapegw.com:6060	ConnectionTimeoutError: Connection timeout to host https://discord.com/api/v9/unique-username/username-attempt-unauthed
2026-09-01 18:28:43	NETWORK	gieu	attempt=1	proxy=http://wiw4v7duaymysz9-session-dc2cb606078f-lifetime-10:***@rp.scrapegw.com:6060	ConnectionTimeoutError: Connection timeout to host https://discord.com/api/v9/unique-username/username-attempt-unauthed
2026-09-01 18:28:43	NETWORK	gifi	attempt=1	proxy=http://wiw4v7duaymysz9-session-aea6cd0dc114-lifetime-10:***@rp.scrapegw.com:6060	ConnectionTimeoutError: Connection timeout to host https://discord.com/api/v9/unique-username/username-attempt-unauthed
2026-09-01 18:28:43	NETWORK	giat	attempt=1	proxy=http://wiw4v7duaymysz9-session-d2029e8c86e3-lifetime-10:***@rp.scrapegw.com:6060	ConnectionTimeoutError: Connection timeout to host https://discord.com/api/v9/unique-username/username-attempt-unauthed
2026-09-01 18:28:43	NETWORK	gidb	attempt=1	proxy=http://wiw4v7duaymysz9-session-b8750a27b3e3-lifetime-10:***@rp.scrapegw.com:6060	ConnectionTimeoutError: Connection timeout to host https://discord.com/api/v9/unique-username/username-attempt-unauthed
2026-09-01 18:28:43	NETWORK	gidk	attempt=1	proxy=http://wiw4v7duaymysz9-session-11f0efca172f-lifetime-10:***@rp.scrapegw.com:6060	ConnectionTimeoutError: Connection timeout to host https://discord.com/api/v9/unique-username/username-attempt-unauthed
2026-09-01 18:28:43	NETWORK	gigr	attempt=1	proxy=http://wiw4v7duaymysz9-session-3ce99cceb263-lifetime-10:***@rp.scrapegw.com:6060	ConnectionTimeoutError: Connection timeout to host https://discord.com/api/v9/unique-username/username-attempt-unauthed
2026-09-01 18:28:43	NETWORK	giec	attempt=1	proxy=http://wiw4v7duaymysz9-session-ee1b72fd574f-lifetime-10:***@rp.scrapegw.com:6060	ConnectionTimeoutError: Connection timeout to host https://discord.com/api/v9/unique-username/username-attempt-unauthed
2026-09-01 18:28:43	NETWORK	gihh	attempt=1	proxy=http://wiw4v7duaymysz9-session-de301735eaf0-lifetime-10:***@rp.scrapegw.com:6060	ConnectionTimeoutError: Connection timeout to host https://discord.com/api/v9/unique-username/username-attempt-unauthed
2026-09-01 18:28:43	NETWORK	gigc	attempt=1	proxy=http://wiw4v7duaymysz9-session-e50fa38df84a-lifetime-10:***@rp.scrapegw.com:6060	ConnectionTimeoutError: Connection timeout to host https://discord.com/api/v9/unique-username/username-attempt-unauthed
2026-09-01 18:28:43	NETWORK	gifp	attempt=1	proxy=http://wiw4v7duaymysz9-session-078215b6e8ea-lifetime-10:***@rp.scrapegw.com:6060	ConnectionTimeoutError: Connection timeout to host https://discord.com/api/v9/unique-username/username-attempt-unauthed
2026-09-01 18:28:43	NETWORK	gief	attempt=1	proxy=http://wiw4v7duaymysz9-session-2c6ac467c5fd-lifetime-10:***@rp.scrapegw.com:6060	ConnectionTimeoutError: Connection timeout to host https://discord.com/api/v9/unique-username/username-attempt-unauthed
2026-09-01 18:28:44	HTTP_429	gliq	attempt=1	proxy=http://wiw4v7duaymysz9-session-b74e66f4c4de-lifetime-10:***@rp.scrapegw.com:6060	scope=shared global=False retry_after=394.00s
2026-09-01 18:28:44	HTTP_429	gllc	attempt=1	proxy=http://wiw4v7duaymysz9-session-fc12470e9c06-lifetime-10:***@rp.scrapegw.com:6060	scope=shared global=False retry_after=2061.00s
2026-09-01 18:28:44	NETWORK	gjjw	attempt=1	proxy=http://wiw4v7duaymysz9-session-bf9572b1c22d-lifetime-10:***@rp.scrapegw.com:6060	ClientConnectorError: Cannot connect to host discord.com:443 ssl:default [Connection reset by peer]
2026-09-01 18:28:44	NETWORK	gjed	attempt=1	proxy=http://wiw4v7duaymysz9-session-282fb4814163-lifetime-10:***@rp.scrapegw.com:6060	ClientConnectorError: Cannot connect to host discord.com:443 ssl:default [Connection reset by peer]
2026-09-01 18:28:44	NETWORK	gioz	attempt=1	proxy=http://wiw4v7duaymysz9-session-0c4bdb6412c9-lifetime-10:***@rp.scrapegw.com:6060	ClientConnectorCertificateError: Cannot connect to host discord.com:443 ssl:True [SSLCertVerificationError: (1, '[SSL: CERTIFICATE_VERIFY_FAILED] certificate verify failed: self-signed certificate (_ssl.c:1081)')]
2026-09-01 18:28:44	NETWORK	gipl	attempt=1	proxy=http://wiw4v7duaymysz9-session-604f5e4b342e-lifetime-10:***@rp.scrapegw.com:6060	ConnectionTimeoutError: Connection timeout to host https://discord.com/api/v9/unique-username/username-attempt-unauthed
2026-09-01 18:28:44	NETWORK	giox	attempt=1	proxy=http://wiw4v7duaymysz9-session-a4bcb46583a1-lifetime-10:***@rp.scrapegw.com:6060	ConnectionTimeoutError: Connection timeout to host https://discord.com/api/v9/unique-username/username-attempt-unauthed
2026-09-01 18:28:44	NETWORK	gion	attempt=1	proxy=http://wiw4v7duaymysz9-session-95aa66da2b63-lifetime-10:***@rp.scrapegw.com:6060	ConnectionTimeoutError: Connection timeout to host https://discord.com/api/v9/unique-username/username-attempt-unauthed
2026-09-01 18:28:44	NETWORK	gioj	attempt=1	proxy=http://wiw4v7duaymysz9-session-7ae4e3d15445-lifetime-10:***@rp.scrapegw.com:6060	ConnectionTimeoutError: Connection timeout to host https://discord.com/api/v9/unique-username/username-attempt-unauthed
2026-09-01 18:28:44	NETWORK	gijb	attempt=1	proxy=http://wiw4v7duaymysz9-session-43f506ad478e-lifetime-10:***@rp.scrapegw.com:6060	ConnectionTimeoutError: Connection timeout to host https://discord.com/api/v9/unique-username/username-attempt-unauthed
2026-09-01 18:28:44	NETWORK	gikh	attempt=1	proxy=http://wiw4v7duaymysz9-session-7ca9c6c0e750-lifetime-10:***@rp.scrapegw.com:6060	ConnectionTimeoutError: Connection timeout to host https://discord.com/api/v9/unique-username/username-attempt-unauthed
2026-09-01 18:28:44	NETWORK	giof	attempt=1	proxy=http://wiw4v7duaymysz9-session-3e8aac0350cc-lifetime-10:***@rp.scrapegw.com:6060	ConnectionTimeoutError: Connection timeout to host https://discord.com/api/v9/unique-username/username-attempt-unauthed
2026-09-01 18:28:44	NETWORK	giiw	attempt=1	proxy=http://wiw4v7duaymysz9-session-28cc3c5a3f30-lifetime-10:***@rp.scrapegw.com:6060	ConnectionTimeoutError: Connection timeout to host https://discord.com/api/v9/unique-username/username-attempt-unauthed
2026-09-01 18:28:44	NETWORK	giqe	attempt=1	proxy=http://wiw4v7duaymysz9-session-972837ad5927-lifetime-10:***@rp.scrapegw.com:6060	ConnectionTimeoutError: Connection timeout to host https://discord.com/api/v9/unique-username/username-attempt-unauthed
2026-09-01 18:28:44	NETWORK	gilw	attempt=1	proxy=http://wiw4v7duaymysz9-session-cee7ff897b73-lifetime-10:***@rp.scrapegw.com:6060	ConnectionTimeoutError: Connection timeout to host https://discord.com/api/v9/unique-username/username-attempt-unauthed
2026-09-01 18:28:44	NETWORK	gikg	attempt=1	proxy=http://wiw4v7duaymysz9-session-d2e69815a665-lifetime-10:***@rp.scrapegw.com:6060	ConnectionTimeoutError: Connection timeout to host https://discord.com/api/v9/unique-username/username-attempt-unauthed
2026-09-01 18:28:44	NETWORK	gijj	attempt=1	proxy=http://wiw4v7duaymysz9-session-6c041b07234b-lifetime-10:***@rp.scrapegw.com:6060	ConnectionTimeoutError: Connection timeout to host https://discord.com/api/v9/unique-username/username-attempt-unauthed
2026-09-01 18:28:44	NETWORK	gild	attempt=1	proxy=http://wiw4v7duaymysz9-session-b27e39991c0e-lifetime-10:***@rp.scrapegw.com:6060	ConnectionTimeoutError: Connection timeout to host https://discord.com/api/v9/unique-username/username-attempt-unauthed
2026-09-01 18:28:44	NETWORK	gilq	attempt=1	proxy=http://wiw4v7duaymysz9-session-080fa0d1c33f-lifetime-10:***@rp.scrapegw.com:6060	ConnectionTimeoutError: Connection timeout to host https://discord.com/api/v9/unique-username/username-attempt-unauthed
2026-09-01 18:28:44	NETWORK	gima	attempt=1	proxy=http://wiw4v7duaymysz9-session-322cf994d1ea-lifetime-10:***@rp.scrapegw.com:6060	ConnectionTimeoutError: Connection timeout to host https://discord.com/api/v9/unique-username/username-attempt-unauthed
2026-09-01 18:28:44	NETWORK	gime	attempt=1	proxy=http://wiw4v7duaymysz9-session-a2ad53d44668-lifetime-10:***@rp.scrapegw.com:6060	ConnectionTimeoutError: Connection timeout to host https://discord.com/api/v9/unique-username/username-attempt-unauthed
2026-09-01 18:28:44	NETWORK	gilk	attempt=1	proxy=http://wiw4v7duaymysz9-session-d92874d8dbd3-lifetime-10:***@rp.scrapegw.com:6060	ConnectionTimeoutError: Connection timeout to host https://discord.com/api/v9/unique-username/username-attempt-unauthed
2026-09-01 18:28:44	NETWORK	giph	attempt=1	proxy=http://wiw4v7duaymysz9-session-3239e43c39e7-lifetime-10:***@rp.scrapegw.com:6060	ConnectionTimeoutError: Connection timeout to host https://discord.com/api/v9/unique-username/username-attempt-unauthed
2026-09-01 18:28:44	NETWORK	gilf	attempt=1	proxy=http://wiw4v7duaymysz9-session-482953ee0652-lifetime-10:***@rp.scrapegw.com:6060	ConnectionTimeoutError: Connection timeout to host https://discord.com/api/v9/unique-username/username-attempt-unauthed
2026-09-01 18:28:44	NETWORK	gipz	attempt=1	proxy=http://wiw4v7duaymysz9-session-447a966f2995-lifetime-10:***@rp.scrapegw.com:6060	ConnectionTimeoutError: Connection timeout to host https://discord.com/api/v9/unique-username/username-attempt-unauthed
2026-09-01 18:28:44	NETWORK	gipo	attempt=1	proxy=http://wiw4v7duaymysz9-session-1694bfc52f53-lifetime-10:***@rp.scrapegw.com:6060	ConnectionTimeoutError: Connection timeout to host https://discord.com/api/v9/unique-username/username-attempt-unauthed
2026-09-01 18:28:44	NETWORK	gipw	attempt=1	proxy=http://wiw4v7duaymysz9-session-b592f0d4cca8-lifetime-10:***@rp.scrapegw.com:6060	ConnectionTimeoutError: Connection timeout to host https://discord.com/api/v9/unique-username/username-attempt-unauthed
2026-09-01 18:28:44	NETWORK	giqd	attempt=1	proxy=http://wiw4v7duaymysz9-session-455a2ea5f844-lifetime-10:***@rp.scrapegw.com:6060	ConnectionTimeoutError: Connection timeout to host https://discord.com/api/v9/unique-username/username-attempt-unauthed
2026-09-01 18:28:44	NETWORK	giow	attempt=1	proxy=http://wiw4v7duaymysz9-session-ad008b14e174-lifetime-10:***@rp.scrapegw.com:6060	ConnectionTimeoutError: Connection timeout to host https://discord.com/api/v9/unique-username/username-attempt-unauthed
2026-09-01 18:28:44	NETWORK	gimn	attempt=1	proxy=http://wiw4v7duaymysz9-session-48b74fa32b99-lifetime-10:***@rp.scrapegw.com:6060	ConnectionTimeoutError: Connection timeout to host https://discord.com/api/v9/unique-username/username-attempt-unauthed
2026-09-01 18:28:44	NETWORK	gimj	attempt=1	proxy=http://wiw4v7duaymysz9-session-7ad26aa723f4-lifetime-10:***@rp.scrapegw.com:6060	ConnectionTimeoutError: Connection timeout to host https://discord.com/api/v9/unique-username/username-attempt-unauthed
2026-09-01 18:28:44	NETWORK	gijo	attempt=1	proxy=http://wiw4v7duaymysz9-session-f1c59a1e2f63-lifetime-10:***@rp.scrapegw.com:6060	ConnectionTimeoutError: Connection timeout to host https://discord.com/api/v9/unique-username/username-attempt-unauthed
2026-09-01 18:28:44	NETWORK	gijf	attempt=1	proxy=http://wiw4v7duaymysz9-session-885c4b2917a1-lifetime-10:***@rp.scrapegw.com:6060	ConnectionTimeoutError: Connection timeout to host https://discord.com/api/v9/unique-username/username-attempt-unauthed
2026-09-01 18:28:44	NETWORK	giiz	attempt=1	proxy=http://wiw4v7duaymysz9-session-fcc180dd7d6d-lifetime-10:***@rp.scrapegw.com:6060	ConnectionTimeoutError: Connection timeout to host https://discord.com/api/v9/unique-username/username-attempt-unauthed
2026-09-01 18:28:44	NETWORK	ginv	attempt=1	proxy=http://wiw4v7duaymysz9-session-ad126d9a0b06-lifetime-10:***@rp.scrapegw.com:6060	ConnectionTimeoutError: Connection timeout to host https://discord.com/api/v9/unique-username/username-attempt-unauthed
2026-09-01 18:28:44	NETWORK	gijn	attempt=1	proxy=http://wiw4v7duaymysz9-session-0d780017047e-lifetime-10:***@rp.scrapegw.com:6060	ConnectionTimeoutError: Connection timeout to host https://discord.com/api/v9/unique-username/username-attempt-unauthed
2026-09-01 18:28:44	NETWORK	gikn	attempt=1	proxy=http://wiw4v7duaymysz9-session-716334805b78-lifetime-10:***@rp.scrapegw.com:6060	ConnectionTimeoutError: Connection timeout to host https://discord.com/api/v9/unique-username/username-attempt-unauthed
2026-09-01 18:28:44	NETWORK	gipm	attempt=1	proxy=http://wiw4v7duaymysz9-session-f6b95a329bf3-lifetime-10:***@rp.scrapegw.com:6060	ConnectionTimeoutError: Connection timeout to host https://discord.com/api/v9/unique-username/username-attempt-unauthed
2026-09-01 18:28:44	NETWORK	ginb	attempt=1	proxy=http://wiw4v7duaymysz9-session-3768505845c4-lifetime-10:***@rp.scrapegw.com:6060	ConnectionTimeoutError: Connection timeout to host https://discord.com/api/v9/unique-username/username-attempt-unauthed
2026-09-01 18:28:44	HTTP_429	gijw	attempt=1	proxy=http://wiw4v7duaymysz9-session-8bfd6a7fe559-lifetime-10:***@rp.scrapegw.com:6060	scope=shared global=False retry_after=1393.00s
2026-09-01 18:28:45	HTTP_429	glqh	attempt=1	proxy=http://wiw4v7duaymysz9-session-5db1fefccd86-lifetime-10:***@rp.scrapegw.com:6060	scope=shared global=False retry_after=2062.00s
2026-09-01 18:28:45	NETWORK	girv	attempt=1	proxy=http://wiw4v7duaymysz9-session-4cf59e7ce9df-lifetime-10:***@rp.scrapegw.com:6060	ClientConnectorError: Cannot connect to host discord.com:443 ssl:default [Connection reset by peer]
2026-09-01 18:28:45	HTTP_429	glpd	attempt=1	proxy=http://wiw4v7duaymysz9-session-f61bbd54e3ad-lifetime-10:***@rp.scrapegw.com:6060	scope=shared global=False retry_after=586.00s
2026-09-01 18:28:45	NETWORK	giss	attempt=1	proxy=http://wiw4v7duaymysz9-session-4c6a29091872-lifetime-10:***@rp.scrapegw.com:6060	ConnectionTimeoutError: Connection timeout to host https://discord.com/api/v9/unique-username/username-attempt-unauthed
2026-09-01 18:28:45	NETWORK	girp	attempt=1	proxy=http://wiw4v7duaymysz9-session-c19824aaf11c-lifetime-10:***@rp.scrapegw.com:6060	ConnectionTimeoutError: Connection timeout to host https://discord.com/api/v9/unique-username/username-attempt-unauthed
2026-09-01 18:28:45	NETWORK	gisi	attempt=1	proxy=http://wiw4v7duaymysz9-session-50a0e5f3b667-lifetime-10:***@rp.scrapegw.com:6060	ConnectionTimeoutError: Connection timeout to host https://discord.com/api/v9/unique-username/username-attempt-unauthed
2026-09-01 18:28:45	NETWORK	giud	attempt=1	proxy=http://wiw4v7duaymysz9-session-070349f61646-lifetime-10:***@rp.scrapegw.com:6060	ConnectionTimeoutError: Connection timeout to host https://discord.com/api/v9/unique-username/username-attempt-unauthed
2026-09-01 18:28:45	NETWORK	giqu	attempt=1	proxy=http://wiw4v7duaymysz9-session-ceb6b27a8c1e-lifetime-10:***@rp.scrapegw.com:6060	ConnectionTimeoutError: Connection timeout to host https://discord.com/api/v9/unique-username/username-attempt-unauthed
2026-09-01 18:28:45	NETWORK	givj	attempt=1	proxy=http://wiw4v7duaymysz9-session-207dfe325e73-lifetime-10:***@rp.scrapegw.com:6060	ConnectionTimeoutError: Connection timeout to host https://discord.com/api/v9/unique-username/username-attempt-unauthed
2026-09-01 18:28:45	NETWORK	gitx	attempt=1	proxy=http://wiw4v7duaymysz9-session-491d10937cbb-lifetime-10:***@rp.scrapegw.com:6060	ConnectionTimeoutError: Connection timeout to host https://discord.com/api/v9/unique-username/username-attempt-unauthed
2026-09-01 18:28:45	NETWORK	giqp	attempt=1	proxy=http://wiw4v7duaymysz9-session-4bbdfb5ec581-lifetime-10:***@rp.scrapegw.com:6060	ConnectionTimeoutError: Connection timeout to host https://discord.com/api/v9/unique-username/username-attempt-unauthed
2026-09-01 18:28:45	NETWORK	giuy	attempt=1	proxy=http://wiw4v7duaymysz9-session-c3abe59f4a7e-lifetime-10:***@rp.scrapegw.com:6060	ConnectionTimeoutError: Connection timeout to host https://discord.com/api/v9/unique-username/username-attempt-unauthed
2026-09-01 18:28:45	NETWORK	gisl	attempt=1	proxy=http://wiw4v7duaymysz9-session-670db4167cbe-lifetime-10:***@rp.scrapegw.com:6060	ConnectionTimeoutError: Connection timeout to host https://discord.com/api/v9/unique-username/username-attempt-unauthed
2026-09-01 18:28:45	NETWORK	giqq	attempt=1	proxy=http://wiw4v7duaymysz9-session-d84c031a0b8f-lifetime-10:***@rp.scrapegw.com:6060	ConnectionTimeoutError: Connection timeout to host https://discord.com/api/v9/unique-username/username-attempt-unauthed
2026-09-01 18:28:45	NETWORK	giwd	attempt=1	proxy=http://wiw4v7duaymysz9-session-4f0124049e5f-lifetime-10:***@rp.scrapegw.com:6060	ConnectionTimeoutError: Connection timeout to host https://discord.com/api/v9/unique-username/username-attempt-unauthed
2026-09-01 18:28:45	NETWORK	giqx	attempt=1	proxy=http://wiw4v7duaymysz9-session-b8bfe2c6305b-lifetime-10:***@rp.scrapegw.com:6060	ConnectionTimeoutError: Connection timeout to host https://discord.com/api/v9/unique-username/username-attempt-unauthed
2026-09-01 18:28:45	NETWORK	girm	attempt=1	proxy=http://wiw4v7duaymysz9-session-4899c3e62eaa-lifetime-10:***@rp.scrapegw.com:6060	ConnectionTimeoutError: Connection timeout to host https://discord.com/api/v9/unique-username/username-attempt-unauthed
2026-09-01 18:28:45	NETWORK	gite	attempt=1	proxy=http://wiw4v7duaymysz9-session-5869ffa01a81-lifetime-10:***@rp.scrapegw.com:6060	ConnectionTimeoutError: Connection timeout to host https://discord.com/api/v9/unique-username/username-attempt-unauthed
2026-09-01 18:28:45	NETWORK	giqk	attempt=1	proxy=http://wiw4v7duaymysz9-session-b80f83da8696-lifetime-10:***@rp.scrapegw.com:6060	ConnectionTimeoutError: Connection timeout to host https://discord.com/api/v9/unique-username/username-attempt-unauthed
2026-09-01 18:28:45	NETWORK	giry	attempt=1	proxy=http://wiw4v7duaymysz9-session-2f5d152a6289-lifetime-10:***@rp.scrapegw.com:6060	ConnectionTimeoutError: Connection timeout to host https://discord.com/api/v9/unique-username/username-attempt-unauthed
2026-09-01 18:28:45	NETWORK	givk	attempt=1	proxy=http://wiw4v7duaymysz9-session-25c8f409e4d9-lifetime-10:***@rp.scrapegw.com:6060	ConnectionTimeoutError: Connection timeout to host https://discord.com/api/v9/unique-username/username-attempt-unauthed
2026-09-01 18:28:45	NETWORK	giur	attempt=1	proxy=http://wiw4v7duaymysz9-session-f1f3e524e311-lifetime-10:***@rp.scrapegw.com:6060	ConnectionTimeoutError: Connection timeout to host https://discord.com/api/v9/unique-username/username-attempt-unauthed
2026-09-01 18:28:45	NETWORK	giul	attempt=1	proxy=http://wiw4v7duaymysz9-session-f531aae7c682-lifetime-10:***@rp.scrapegw.com:6060	ConnectionTimeoutError: Connection timeout to host https://discord.com/api/v9/unique-username/username-attempt-unauthed
2026-09-01 18:28:45	NETWORK	girq	attempt=1	proxy=http://wiw4v7duaymysz9-session-d90e8bbb526e-lifetime-10:***@rp.scrapegw.com:6060	ConnectionTimeoutError: Connection timeout to host https://discord.com/api/v9/unique-username/username-attempt-unauthed
2026-09-01 18:28:45	NETWORK	giui	attempt=1	proxy=http://wiw4v7duaymysz9-session-aaef0fb8cb66-lifetime-10:***@rp.scrapegw.com:6060	ConnectionTimeoutError: Connection timeout to host https://discord.com/api/v9/unique-username/username-attempt-unauthed
2026-09-01 18:28:45	NETWORK	gish	attempt=1	proxy=http://wiw4v7duaymysz9-session-4800282d27dd-lifetime-10:***@rp.scrapegw.com:6060	ConnectionTimeoutError: Connection timeout to host https://discord.com/api/v9/unique-username/username-attempt-unauthed
2026-09-01 18:28:45	NETWORK	giun	attempt=1	proxy=http://wiw4v7duaymysz9-session-0c4736452f2b-lifetime-10:***@rp.scrapegw.com:6060	ConnectionTimeoutError: Connection timeout to host https://discord.com/api/v9/unique-username/username-attempt-unauthed
2026-09-01 18:28:45	NETWORK	gjcx	attempt=1	proxy=http://wiw4v7duaymysz9-session-a0cda2f39501-lifetime-10:***@rp.scrapegw.com:6060	ClientConnectorError: Cannot connect to host discord.com:443 ssl:default [Connection reset by peer]
2026-09-01 18:28:45	NETWORK	gkap	attempt=1	proxy=http://wiw4v7duaymysz9-session-9aeb1b9b211b-lifetime-10:***@rp.scrapegw.com:6060	ClientConnectorError: Cannot connect to host discord.com:443 ssl:default [Connection reset by peer]
2026-09-01 18:28:46	HTTP_429	gluz	attempt=1	proxy=http://wiw4v7duaymysz9-session-e2ab4879ca4a-lifetime-10:***@rp.scrapegw.com:6060	scope=shared global=False retry_after=1517.00s
2026-09-01 18:28:46	NETWORK	gjit	attempt=1	proxy=http://wiw4v7duaymysz9-session-bf1778e403cf-lifetime-10:***@rp.scrapegw.com:6060	ClientConnectorError: Cannot connect to host discord.com:443 ssl:default [Connection reset by peer]
2026-09-01 18:28:46	HTTP_429	glwz	attempt=1	proxy=http://wiw4v7duaymysz9-session-c0a589158b3f-lifetime-10:***@rp.scrapegw.com:6060	scope=shared global=False retry_after=2061.00s
2026-09-01 18:28:46	HTTP_429	glzz	attempt=1	proxy=http://wiw4v7duaymysz9-session-5add82402bf9-lifetime-10:***@rp.scrapegw.com:6060	scope=shared global=False retry_after=2061.00s
2026-09-01 18:28:46	HTTP_429	glwk	attempt=1	proxy=http://wiw4v7duaymysz9-session-f1329e6908a3-lifetime-10:***@rp.scrapegw.com:6060	scope=shared global=False retry_after=1625.00s
2026-09-01 18:28:46	NETWORK	gjix	attempt=1	proxy=http://wiw4v7duaymysz9-session-866e2b4d62b0-lifetime-10:***@rp.scrapegw.com:6060	ClientConnectorError: Cannot connect to host discord.com:443 ssl:default [Connection reset by peer]
2026-09-01 18:28:46	HTTP_429	gjpp	attempt=1	proxy=http://wiw4v7duaymysz9-session-b6b8de9d81dd-lifetime-10:***@rp.scrapegw.com:6060	scope=shared global=False retry_after=11.00s
2026-09-01 18:28:46	NETWORK	gjeh	attempt=1	proxy=http://wiw4v7duaymysz9-session-a65bbc89e3af-lifetime-10:***@rp.scrapegw.com:6060	ConnectionTimeoutError: Connection timeout to host https://discord.com/api/v9/unique-username/username-attempt-unauthed
2026-09-01 18:28:46	NETWORK	gjbv	attempt=1	proxy=http://wiw4v7duaymysz9-session-f74960480b4f-lifetime-10:***@rp.scrapegw.com:6060	ConnectionTimeoutError: Connection timeout to host https://discord.com/api/v9/unique-username/username-attempt-unauthed
2026-09-01 18:28:46	NETWORK	gjcu	attempt=1	proxy=http://wiw4v7duaymysz9-session-fcc3d8a90858-lifetime-10:***@rp.scrapegw.com:6060	ConnectionTimeoutError: Connection timeout to host https://discord.com/api/v9/unique-username/username-attempt-unauthed
2026-09-01 18:28:46	NETWORK	gjce	attempt=1	proxy=http://wiw4v7duaymysz9-session-da3d56376961-lifetime-10:***@rp.scrapegw.com:6060	ConnectionTimeoutError: Connection timeout to host https://discord.com/api/v9/unique-username/username-attempt-unauthed
2026-09-01 18:28:46	NETWORK	gjdl	attempt=1	proxy=http://wiw4v7duaymysz9-session-83395eabb38c-lifetime-10:***@rp.scrapegw.com:6060	ConnectionTimeoutError: Connection timeout to host https://discord.com/api/v9/unique-username/username-attempt-unauthed
2026-09-01 18:28:46	NETWORK	gjbn	attempt=1	proxy=http://wiw4v7duaymysz9-session-1e5bdea5d841-lifetime-10:***@rp.scrapegw.com:6060	ConnectionTimeoutError: Connection timeout to host https://discord.com/api/v9/unique-username/username-attempt-unauthed
2026-09-01 18:28:46	NETWORK	gjbm	attempt=1	proxy=http://wiw4v7duaymysz9-session-1d8bc1e85107-lifetime-10:***@rp.scrapegw.com:6060	ConnectionTimeoutError: Connection timeout to host https://discord.com/api/v9/unique-username/username-attempt-unauthed
2026-09-01 18:28:46	NETWORK	gjag	attempt=1	proxy=http://wiw4v7duaymysz9-session-56dab78f6063-lifetime-10:***@rp.scrapegw.com:6060	ConnectionTimeoutError: Connection timeout to host https://discord.com/api/v9/unique-username/username-attempt-unauthed
2026-09-01 18:28:46	NETWORK	gjcp	attempt=1	proxy=http://wiw4v7duaymysz9-session-b5e6d0807149-lifetime-10:***@rp.scrapegw.com:6060	ConnectionTimeoutError: Connection timeout to host https://discord.com/api/v9/unique-username/username-attempt-unauthed
2026-09-01 18:28:46	NETWORK	gjaz	attempt=1	proxy=http://wiw4v7duaymysz9-session-7b7325c5a347-lifetime-10:***@rp.scrapegw.com:6060	ConnectionTimeoutError: Connection timeout to host https://discord.com/api/v9/unique-username/username-attempt-unauthed
2026-09-01 18:28:46	NETWORK	gjdd	attempt=1	proxy=http://wiw4v7duaymysz9-session-ffe442870163-lifetime-10:***@rp.scrapegw.com:6060	ConnectionTimeoutError: Connection timeout to host https://discord.com/api/v9/unique-username/username-attempt-unauthed
2026-09-01 18:28:46	NETWORK	gjas	attempt=1	proxy=http://wiw4v7duaymysz9-session-bbc2ad74b2f2-lifetime-10:***@rp.scrapegw.com:6060	ConnectionTimeoutError: Connection timeout to host https://discord.com/api/v9/unique-username/username-attempt-unauthed
2026-09-01 18:28:46	NETWORK	giyf	attempt=1	proxy=http://wiw4v7duaymysz9-session-bba331ccf6cf-lifetime-10:***@rp.scrapegw.com:6060	ConnectionTimeoutError: Connection timeout to host https://discord.com/api/v9/unique-username/username-attempt-unauthed
2026-09-01 18:28:46	NETWORK	giwx	attempt=1	proxy=http://wiw4v7duaymysz9-session-04a7351e7a0e-lifetime-10:***@rp.scrapegw.com:6060	ConnectionTimeoutError: Connection timeout to host https://discord.com/api/v9/unique-username/username-attempt-unauthed
2026-09-01 18:28:46	NETWORK	gjaj	attempt=1	proxy=http://wiw4v7duaymysz9-session-549efa7ce005-lifetime-10:***@rp.scrapegw.com:6060	ConnectionTimeoutError: Connection timeout to host https://discord.com/api/v9/unique-username/username-attempt-unauthed
2026-09-01 18:28:46	NETWORK	giwu	attempt=1	proxy=http://wiw4v7duaymysz9-session-45a5243d4290-lifetime-10:***@rp.scrapegw.com:6060	ConnectionTimeoutError: Connection timeout to host https://discord.com/api/v9/unique-username/username-attempt-unauthed
2026-09-01 18:28:46	NETWORK	gixu	attempt=1	proxy=http://wiw4v7duaymysz9-session-c5312709691c-lifetime-10:***@rp.scrapegw.com:6060	ConnectionTimeoutError: Connection timeout to host https://discord.com/api/v9/unique-username/username-attempt-unauthed
2026-09-01 18:28:46	NETWORK	gjcj	attempt=1	proxy=http://wiw4v7duaymysz9-session-024879af65a5-lifetime-10:***@rp.scrapegw.com:6060	ConnectionTimeoutError: Connection timeout to host https://discord.com/api/v9/unique-username/username-attempt-unauthed
2026-09-01 18:28:46	NETWORK	gjbd	attempt=1	proxy=http://wiw4v7duaymysz9-session-33ca456c2c60-lifetime-10:***@rp.scrapegw.com:6060	ConnectionTimeoutError: Connection timeout to host https://discord.com/api/v9/unique-username/username-attempt-unauthed
2026-09-01 18:28:46	NETWORK	giyr	attempt=1	proxy=http://wiw4v7duaymysz9-session-7fcdf24aa04f-lifetime-10:***@rp.scrapegw.com:6060	ConnectionTimeoutError: Connection timeout to host https://discord.com/api/v9/unique-username/username-attempt-unauthed
2026-09-01 18:28:46	NETWORK	gjci	attempt=1	proxy=http://wiw4v7duaymysz9-session-739a58832295-lifetime-10:***@rp.scrapegw.com:6060	ConnectionTimeoutError: Connection timeout to host https://discord.com/api/v9/unique-username/username-attempt-unauthed
2026-09-01 18:28:46	NETWORK	gjax	attempt=1	proxy=http://wiw4v7duaymysz9-session-b9f6eeaa0038-lifetime-10:***@rp.scrapegw.com:6060	ConnectionTimeoutError: Connection timeout to host https://discord.com/api/v9/unique-username/username-attempt-unauthed
2026-09-01 18:28:46	NETWORK	gjav	attempt=1	proxy=http://wiw4v7duaymysz9-session-8ae8d21e6a8c-lifetime-10:***@rp.scrapegw.com:6060	ConnectionTimeoutError: Connection timeout to host https://discord.com/api/v9/unique-username/username-attempt-unauthed
2026-09-01 18:28:46	NETWORK	giya	attempt=1	proxy=http://wiw4v7duaymysz9-session-3641435525df-lifetime-10:***@rp.scrapegw.com:6060	ConnectionTimeoutError: Connection timeout to host https://discord.com/api/v9/unique-username/username-attempt-unauthed
2026-09-01 18:28:46	NETWORK	gjak	attempt=1	proxy=http://wiw4v7duaymysz9-session-ebb4337677cb-lifetime-10:***@rp.scrapegw.com:6060	ConnectionTimeoutError: Connection timeout to host https://discord.com/api/v9/unique-username/username-attempt-unauthed
2026-09-01 18:28:46	NETWORK	gixj	attempt=1	proxy=http://wiw4v7duaymysz9-session-25f20a1898f7-lifetime-10:***@rp.scrapegw.com:6060	ConnectionTimeoutError: Connection timeout to host https://discord.com/api/v9/unique-username/username-attempt-unauthed
2026-09-01 18:28:46	NETWORK	gixf	attempt=1	proxy=http://wiw4v7duaymysz9-session-6e66ced9d9d8-lifetime-10:***@rp.scrapegw.com:6060	ConnectionTimeoutError: Connection timeout to host https://discord.com/api/v9/unique-username/username-attempt-unauthed
2026-09-01 18:28:46	NETWORK	giyb	attempt=1	proxy=http://wiw4v7duaymysz9-session-f2f7c6c2a967-lifetime-10:***@rp.scrapegw.com:6060	ConnectionTimeoutError: Connection timeout to host https://discord.com/api/v9/unique-username/username-attempt-unauthed
2026-09-01 18:28:46	NETWORK	gjcw	attempt=1	proxy=http://wiw4v7duaymysz9-session-299caf827312-lifetime-10:***@rp.scrapegw.com:6060	ConnectionTimeoutError: Connection timeout to host https://discord.com/api/v9/unique-username/username-attempt-unauthed
2026-09-01 18:28:46	NETWORK	giww	attempt=1	proxy=http://wiw4v7duaymysz9-session-2fd6fcb57cab-lifetime-10:***@rp.scrapegw.com:6060	ConnectionTimeoutError: Connection timeout to host https://discord.com/api/v9/unique-username/username-attempt-unauthed
2026-09-01 18:28:46	NETWORK	giyg	attempt=1	proxy=http://wiw4v7duaymysz9-session-cbc14e523e59-lifetime-10:***@rp.scrapegw.com:6060	ConnectionTimeoutError: Connection timeout to host https://discord.com/api/v9/unique-username/username-attempt-unauthed
2026-09-01 18:28:46	NETWORK	giwm	attempt=1	proxy=http://wiw4v7duaymysz9-session-5402c0dacc66-lifetime-10:***@rp.scrapegw.com:6060	ConnectionTimeoutError: Connection timeout to host https://discord.com/api/v9/unique-username/username-attempt-unauthed
2026-09-01 18:28:46	NETWORK	gizg	attempt=1	proxy=http://wiw4v7duaymysz9-session-e5f899993fc2-lifetime-10:***@rp.scrapegw.com:6060	ConnectionTimeoutError: Connection timeout to host https://discord.com/api/v9/unique-username/username-attempt-unauthed
2026-09-01 18:28:46	NETWORK	gizq	attempt=1	proxy=http://wiw4v7duaymysz9-session-225a70838fea-lifetime-10:***@rp.scrapegw.com:6060	ConnectionTimeoutError: Connection timeout to host https://discord.com/api/v9/unique-username/username-attempt-unauthed
2026-09-01 18:28:46	NETWORK	gizr	attempt=1	proxy=http://wiw4v7duaymysz9-session-87e3b14d9ae0-lifetime-10:***@rp.scrapegw.com:6060	ConnectionTimeoutError: Connection timeout to host https://discord.com/api/v9/unique-username/username-attempt-unauthed
2026-09-01 18:28:46	NETWORK	gjca	attempt=1	proxy=http://wiw4v7duaymysz9-session-ad00bc8a2c55-lifetime-10:***@rp.scrapegw.com:6060	ConnectionTimeoutError: Connection timeout to host https://discord.com/api/v9/unique-username/username-attempt-unauthed
2026-09-01 18:28:46	NETWORK	gjdq	attempt=1	proxy=http://wiw4v7duaymysz9-session-545a0fd203b2-lifetime-10:***@rp.scrapegw.com:6060	ConnectionTimeoutError: Connection timeout to host https://discord.com/api/v9/unique-username/username-attempt-unauthed
2026-09-01 18:28:46	NETWORK	gjbj	attempt=1	proxy=http://wiw4v7duaymysz9-session-c8a4c702400c-lifetime-10:***@rp.scrapegw.com:6060	ConnectionTimeoutError: Connection timeout to host https://discord.com/api/v9/unique-username/username-attempt-unauthed
2026-09-01 18:28:46	NETWORK	gjdp	attempt=1	proxy=http://wiw4v7duaymysz9-session-1f8118095dc6-lifetime-10:***@rp.scrapegw.com:6060	ConnectionTimeoutError: Connection timeout to host https://discord.com/api/v9/unique-username/username-attempt-unauthed
2026-09-01 18:28:47	HTTP_429	gkfo	attempt=1	proxy=http://wiw4v7duaymysz9-session-8bfd6a7fe559-lifetime-10:***@rp.scrapegw.com:6060	scope=shared global=False retry_after=1391.00s
2026-09-01 18:28:47	NETWORK	gjgj	attempt=1	proxy=http://wiw4v7duaymysz9-session-522072a900b9-lifetime-10:***@rp.scrapegw.com:6060	ConnectionTimeoutError: Connection timeout to host https://discord.com/api/v9/unique-username/username-attempt-unauthed
2026-09-01 18:28:47	NETWORK	gjmm	attempt=1	proxy=http://wiw4v7duaymysz9-session-8dd5b52adae3-lifetime-10:***@rp.scrapegw.com:6060	ConnectionTimeoutError: Connection timeout to host https://discord.com/api/v9/unique-username/username-attempt-unauthed
2026-09-01 18:28:47	NETWORK	gjhf	attempt=1	proxy=http://wiw4v7duaymysz9-session-407495184cd4-lifetime-10:***@rp.scrapegw.com:6060	ConnectionTimeoutError: Connection timeout to host https://discord.com/api/v9/unique-username/username-attempt-unauthed
2026-09-01 18:28:47	NETWORK	gjly	attempt=1	proxy=http://wiw4v7duaymysz9-session-28ad7ea8781b-lifetime-10:***@rp.scrapegw.com:6060	ConnectionTimeoutError: Connection timeout to host https://discord.com/api/v9/unique-username/username-attempt-unauthed
2026-09-01 18:28:47	NETWORK	gjew	attempt=1	proxy=http://wiw4v7duaymysz9-session-2311f842c473-lifetime-10:***@rp.scrapegw.com:6060	ConnectionTimeoutError: Connection timeout to host https://discord.com/api/v9/unique-username/username-attempt-unauthed
2026-09-01 18:28:47	NETWORK	gjjq	attempt=1	proxy=http://wiw4v7duaymysz9-session-b657cabd4e73-lifetime-10:***@rp.scrapegw.com:6060	ConnectionTimeoutError: Connection timeout to host https://discord.com/api/v9/unique-username/username-attempt-unauthed
2026-09-01 18:28:47	NETWORK	gjku	attempt=1	proxy=http://wiw4v7duaymysz9-session-1dcc1babc793-lifetime-10:***@rp.scrapegw.com:6060	ConnectionTimeoutError: Connection timeout to host https://discord.com/api/v9/unique-username/username-attempt-unauthed
2026-09-01 18:28:47	NETWORK	gjjg	attempt=1	proxy=http://wiw4v7duaymysz9-session-0199309d83b1-lifetime-10:***@rp.scrapegw.com:6060	ConnectionTimeoutError: Connection timeout to host https://discord.com/api/v9/unique-username/username-attempt-unauthed
2026-09-01 18:28:47	NETWORK	gjez	attempt=1	proxy=http://wiw4v7duaymysz9-session-96bc0c88abe1-lifetime-10:***@rp.scrapegw.com:6060	ConnectionTimeoutError: Connection timeout to host https://discord.com/api/v9/unique-username/username-attempt-unauthed
2026-09-01 18:28:47	NETWORK	gjgp	attempt=1	proxy=http://wiw4v7duaymysz9-session-d47a8ac8d88f-lifetime-10:***@rp.scrapegw.com:6060	ConnectionTimeoutError: Connection timeout to host https://discord.com/api/v9/unique-username/username-attempt-unauthed
2026-09-01 18:28:47	NETWORK	gjgs	attempt=1	proxy=http://wiw4v7duaymysz9-session-7c8c82a582f9-lifetime-10:***@rp.scrapegw.com:6060	ConnectionTimeoutError: Connection timeout to host https://discord.com/api/v9/unique-username/username-attempt-unauthed
2026-09-01 18:28:47	NETWORK	gjht	attempt=1	proxy=http://wiw4v7duaymysz9-session-e433032e17b1-lifetime-10:***@rp.scrapegw.com:6060	ConnectionTimeoutError: Connection timeout to host https://discord.com/api/v9/unique-username/username-attempt-unauthed
2026-09-01 18:28:47	NETWORK	gjid	attempt=1	proxy=http://wiw4v7duaymysz9-session-12db166f7a62-lifetime-10:***@rp.scrapegw.com:6060	ConnectionTimeoutError: Connection timeout to host https://discord.com/api/v9/unique-username/username-attempt-unauthed
2026-09-01 18:28:47	NETWORK	gjmn	attempt=1	proxy=http://wiw4v7duaymysz9-session-e1e3d9798fb2-lifetime-10:***@rp.scrapegw.com:6060	ConnectionTimeoutError: Connection timeout to host https://discord.com/api/v9/unique-username/username-attempt-unauthed
2026-09-01 18:28:47	NETWORK	gjmj	attempt=1	proxy=http://wiw4v7duaymysz9-session-e45f277bf32a-lifetime-10:***@rp.scrapegw.com:6060	ConnectionTimeoutError: Connection timeout to host https://discord.com/api/v9/unique-username/username-attempt-unauthed
2026-09-01 18:28:47	NETWORK	gjgq	attempt=1	proxy=http://wiw4v7duaymysz9-session-c3b1766dd72f-lifetime-10:***@rp.scrapegw.com:6060	ConnectionTimeoutError: Connection timeout to host https://discord.com/api/v9/unique-username/username-attempt-unauthed
2026-09-01 18:28:47	NETWORK	gjjj	attempt=1	proxy=http://wiw4v7duaymysz9-session-ed26f1c8b79f-lifetime-10:***@rp.scrapegw.com:6060	ConnectionTimeoutError: Connection timeout to host https://discord.com/api/v9/unique-username/username-attempt-unauthed
2026-09-01 18:28:47	NETWORK	gjgg	attempt=1	proxy=http://wiw4v7duaymysz9-session-55c5c97d2423-lifetime-10:***@rp.scrapegw.com:6060	ConnectionTimeoutError: Connection timeout to host https://discord.com/api/v9/unique-username/username-attempt-unauthed
2026-09-01 18:28:47	NETWORK	gjep	attempt=1	proxy=http://wiw4v7duaymysz9-session-69d851ebf7fa-lifetime-10:***@rp.scrapegw.com:6060	ConnectionTimeoutError: Connection timeout to host https://discord.com/api/v9/unique-username/username-attempt-unauthed
2026-09-01 18:28:47	NETWORK	gjfy	attempt=1	proxy=http://wiw4v7duaymysz9-session-077a98f1f6c0-lifetime-10:***@rp.scrapegw.com:6060	ConnectionTimeoutError: Connection timeout to host https://discord.com/api/v9/unique-username/username-attempt-unauthed
2026-09-01 18:28:47	NETWORK	gjhc	attempt=1	proxy=http://wiw4v7duaymysz9-session-947268b28bae-lifetime-10:***@rp.scrapegw.com:6060	ConnectionTimeoutError: Connection timeout to host https://discord.com/api/v9/unique-username/username-attempt-unauthed
2026-09-01 18:28:47	NETWORK	gjkg	attempt=1	proxy=http://wiw4v7duaymysz9-session-58ef22aac2c3-lifetime-10:***@rp.scrapegw.com:6060	ConnectionTimeoutError: Connection timeout to host https://discord.com/api/v9/unique-username/username-attempt-unauthed
2026-09-01 18:28:47	NETWORK	gjlj	attempt=1	proxy=http://wiw4v7duaymysz9-session-f4a88acc894b-lifetime-10:***@rp.scrapegw.com:6060	ConnectionTimeoutError: Connection timeout to host https://discord.com/api/v9/unique-username/username-attempt-unauthed
2026-09-01 18:28:47	NETWORK	gjmu	attempt=1	proxy=http://wiw4v7duaymysz9-session-8f0ec581eb4f-lifetime-10:***@rp.scrapegw.com:6060	ConnectionTimeoutError: Connection timeout to host https://discord.com/api/v9/unique-username/username-attempt-unauthed
2026-09-01 18:28:47	NETWORK	gjmk	attempt=1	proxy=http://wiw4v7duaymysz9-session-4d3c63245d44-lifetime-10:***@rp.scrapegw.com:6060	ConnectionTimeoutError: Connection timeout to host https://discord.com/api/v9/unique-username/username-attempt-unauthed
2026-09-01 18:28:47	NETWORK	gjmf	attempt=1	proxy=http://wiw4v7duaymysz9-session-cbc7d0b59abd-lifetime-10:***@rp.scrapegw.com:6060	ConnectionTimeoutError: Connection timeout to host https://discord.com/api/v9/unique-username/username-attempt-unauthed
2026-09-01 18:28:47	NETWORK	gjfd	attempt=1	proxy=http://wiw4v7duaymysz9-session-0d4ddc38637a-lifetime-10:***@rp.scrapegw.com:6060	ConnectionTimeoutError: Connection timeout to host https://discord.com/api/v9/unique-username/username-attempt-unauthed
2026-09-01 18:28:47	NETWORK	gjkc	attempt=1	proxy=http://wiw4v7duaymysz9-session-534ee9431689-lifetime-10:***@rp.scrapegw.com:6060	ConnectionTimeoutError: Connection timeout to host https://discord.com/api/v9/unique-username/username-attempt-unauthed
2026-09-01 18:28:47	NETWORK	gjkw	attempt=1	proxy=http://wiw4v7duaymysz9-session-17f041527996-lifetime-10:***@rp.scrapegw.com:6060	ConnectionTimeoutError: Connection timeout to host https://discord.com/api/v9/unique-username/username-attempt-unauthed
2026-09-01 18:28:47	NETWORK	gjgb	attempt=1	proxy=http://wiw4v7duaymysz9-session-694ddde12210-lifetime-10:***@rp.scrapegw.com:6060	ConnectionTimeoutError: Connection timeout to host https://discord.com/api/v9/unique-username/username-attempt-unauthed
2026-09-01 18:28:47	NETWORK	gjky	attempt=1	proxy=http://wiw4v7duaymysz9-session-60f310e52daf-lifetime-10:***@rp.scrapegw.com:6060	ConnectionTimeoutError: Connection timeout to host https://discord.com/api/v9/unique-username/username-attempt-unauthed
2026-09-01 18:28:47	NETWORK	gjem	attempt=1	proxy=http://wiw4v7duaymysz9-session-c1a45b1de57c-lifetime-10:***@rp.scrapegw.com:6060	ConnectionTimeoutError: Connection timeout to host https://discord.com/api/v9/unique-username/username-attempt-unauthed
2026-09-01 18:28:47	NETWORK	gjkd	attempt=1	proxy=http://wiw4v7duaymysz9-session-ce86b47b0a6d-lifetime-10:***@rp.scrapegw.com:6060	ConnectionTimeoutError: Connection timeout to host https://discord.com/api/v9/unique-username/username-attempt-unauthed
2026-09-01 18:28:47	NETWORK	gjif	attempt=1	proxy=http://wiw4v7duaymysz9-session-8a255846fc7e-lifetime-10:***@rp.scrapegw.com:6060	ConnectionTimeoutError: Connection timeout to host https://discord.com/api/v9/unique-username/username-attempt-unauthed
2026-09-01 18:28:47	NETWORK	gjfv	attempt=1	proxy=http://wiw4v7duaymysz9-session-6ba658cf7ad7-lifetime-10:***@rp.scrapegw.com:6060	ConnectionTimeoutError: Connection timeout to host https://discord.com/api/v9/unique-username/username-attempt-unauthed
2026-09-01 18:28:47	NETWORK	gjer	attempt=1	proxy=http://wiw4v7duaymysz9-session-0bddddf3fa79-lifetime-10:***@rp.scrapegw.com:6060	ConnectionTimeoutError: Connection timeout to host https://discord.com/api/v9/unique-username/username-attempt-unauthed
2026-09-01 18:28:47	HTTP_429	gkwb	attempt=1	proxy=http://wiw4v7duaymysz9-session-0a75876e2565-lifetime-10:***@rp.scrapegw.com:6060	scope=shared global=False retry_after=928.00s
2026-09-01 18:28:47	NETWORK	gkcl	attempt=1	proxy=http://wiw4v7duaymysz9-session-4ffadfb41079-lifetime-10:***@rp.scrapegw.com:6060	ClientConnectorError: Cannot connect to host discord.com:443 ssl:default [Connection reset by peer]
2026-09-01 18:28:48	HTTP_429	gmmd	attempt=1	proxy=http://wiw4v7duaymysz9-session-a1cf15bea490-lifetime-10:***@rp.scrapegw.com:6060	scope=shared global=False retry_after=975.00s
2026-09-01 18:28:48	NETWORK	gkpj	attempt=1	proxy=http://wiw4v7duaymysz9-session-e4675009c7b1-lifetime-10:***@rp.scrapegw.com:6060	ClientConnectorError: Cannot connect to host discord.com:443 ssl:default [Connection reset by peer]
2026-09-01 18:28:48	NETWORK	gkvz	attempt=1	proxy=http://wiw4v7duaymysz9-session-4e44f9e4d309-lifetime-10:***@rp.scrapegw.com:6060	ClientConnectorError: Cannot connect to host discord.com:443 ssl:default [Connection reset by peer]
2026-09-01 18:28:48	HTTP_429	gmgt	attempt=1	proxy=http://wiw4v7duaymysz9-session-bd1c4958ff91-lifetime-10:***@rp.scrapegw.com:6060	scope=shared global=False retry_after=231.00s
2026-09-01 18:28:48	NETWORK	glnc	attempt=1	proxy=http://wiw4v7duaymysz9-session-dcce1bfc9cda-lifetime-10:***@rp.scrapegw.com:6060	ClientConnectorError: Cannot connect to host discord.com:443 ssl:default [Connection reset by peer]
2026-09-01 18:28:48	NETWORK	gjul	attempt=1	proxy=http://wiw4v7duaymysz9-session-e0ced4221674-lifetime-10:***@rp.scrapegw.com:6060	ConnectionTimeoutError: Connection timeout to host https://discord.com/api/v9/unique-username/username-attempt-unauthed
2026-09-01 18:28:48	NETWORK	gjnj	attempt=1	proxy=http://wiw4v7duaymysz9-session-a0a82d7f7e36-lifetime-10:***@rp.scrapegw.com:6060	ConnectionTimeoutError: Connection timeout to host https://discord.com/api/v9/unique-username/username-attempt-unauthed
2026-09-01 18:28:48	NETWORK	gjuo	attempt=1	proxy=http://wiw4v7duaymysz9-session-ce0fbf6726e7-lifetime-10:***@rp.scrapegw.com:6060	ConnectionTimeoutError: Connection timeout to host https://discord.com/api/v9/unique-username/username-attempt-unauthed
2026-09-01 18:28:48	NETWORK	gjum	attempt=1	proxy=http://wiw4v7duaymysz9-session-4cd3d4ab7e56-lifetime-10:***@rp.scrapegw.com:6060	ConnectionTimeoutError: Connection timeout to host https://discord.com/api/v9/unique-username/username-attempt-unauthed
2026-09-01 18:28:48	NETWORK	gjuk	attempt=1	proxy=http://wiw4v7duaymysz9-session-52b2ae369ca3-lifetime-10:***@rp.scrapegw.com:6060	ConnectionTimeoutError: Connection timeout to host https://discord.com/api/v9/unique-username/username-attempt-unauthed
2026-09-01 18:28:48	NETWORK	gjts	attempt=1	proxy=http://wiw4v7duaymysz9-session-e6ca8315a8f8-lifetime-10:***@rp.scrapegw.com:6060	ConnectionTimeoutError: Connection timeout to host https://discord.com/api/v9/unique-username/username-attempt-unauthed
2026-09-01 18:28:48	NETWORK	gjvc	attempt=1	proxy=http://wiw4v7duaymysz9-session-0464bf91cf38-lifetime-10:***@rp.scrapegw.com:6060	ConnectionTimeoutError: Connection timeout to host https://discord.com/api/v9/unique-username/username-attempt-unauthed
2026-09-01 18:28:48	NETWORK	gjqf	attempt=1	proxy=http://wiw4v7duaymysz9-session-41562a2dac67-lifetime-10:***@rp.scrapegw.com:6060	ConnectionTimeoutError: Connection timeout to host https://discord.com/api/v9/unique-username/username-attempt-unauthed
2026-09-01 18:28:48	NETWORK	gjsw	attempt=1	proxy=http://wiw4v7duaymysz9-session-c198f41e9fca-lifetime-10:***@rp.scrapegw.com:6060	ConnectionTimeoutError: Connection timeout to host https://discord.com/api/v9/unique-username/username-attempt-unauthed
2026-09-01 18:28:48	NETWORK	gjtl	attempt=1	proxy=http://wiw4v7duaymysz9-session-711d04286997-lifetime-10:***@rp.scrapegw.com:6060	ConnectionTimeoutError: Connection timeout to host https://discord.com/api/v9/unique-username/username-attempt-unauthed
2026-09-01 18:28:48	NETWORK	gjqm	attempt=1	proxy=http://wiw4v7duaymysz9-session-aa6bdbb85025-lifetime-10:***@rp.scrapegw.com:6060	ConnectionTimeoutError: Connection timeout to host https://discord.com/api/v9/unique-username/username-attempt-unauthed
2026-09-01 18:28:48	NETWORK	gjvk	attempt=1	proxy=http://wiw4v7duaymysz9-session-d48e5a6808c2-lifetime-10:***@rp.scrapegw.com:6060	ConnectionTimeoutError: Connection timeout to host https://discord.com/api/v9/unique-username/username-attempt-unauthed
2026-09-01 18:28:48	NETWORK	gjtw	attempt=1	proxy=http://wiw4v7duaymysz9-session-aa82cc54773a-lifetime-10:***@rp.scrapegw.com:6060	ConnectionTimeoutError: Connection timeout to host https://discord.com/api/v9/unique-username/username-attempt-unauthed
2026-09-01 18:28:48	NETWORK	gjur	attempt=1	proxy=http://wiw4v7duaymysz9-session-eee44c27ccee-lifetime-10:***@rp.scrapegw.com:6060	ConnectionTimeoutError: Connection timeout to host https://discord.com/api/v9/unique-username/username-attempt-unauthed
2026-09-01 18:28:48	NETWORK	gjty	attempt=1	proxy=http://wiw4v7duaymysz9-session-cd8f637d8fe5-lifetime-10:***@rp.scrapegw.com:6060	ConnectionTimeoutError: Connection timeout to host https://discord.com/api/v9/unique-username/username-attempt-unauthed
2026-09-01 18:28:48	NETWORK	gjtz	attempt=1	proxy=http://wiw4v7duaymysz9-session-dcce1bfc9cda-lifetime-10:***@rp.scrapegw.com:6060	ConnectionTimeoutError: Connection timeout to host https://discord.com/api/v9/unique-username/username-attempt-unauthed
2026-09-01 18:28:48	NETWORK	gjsc	attempt=1	proxy=http://wiw4v7duaymysz9-session-f6fc3bc86834-lifetime-10:***@rp.scrapegw.com:6060	ConnectionTimeoutError: Connection timeout to host https://discord.com/api/v9/unique-username/username-attempt-unauthed
2026-09-01 18:28:48	NETWORK	gjta	attempt=1	proxy=http://wiw4v7duaymysz9-session-0f2ac2e24f9d-lifetime-10:***@rp.scrapegw.com:6060	ConnectionTimeoutError: Connection timeout to host https://discord.com/api/v9/unique-username/username-attempt-unauthed
2026-09-01 18:28:48	NETWORK	gjoh	attempt=1	proxy=http://wiw4v7duaymysz9-session-5c497f6e3e48-lifetime-10:***@rp.scrapegw.com:6060	ConnectionTimeoutError: Connection timeout to host https://discord.com/api/v9/unique-username/username-attempt-unauthed
2026-09-01 18:28:48	NETWORK	gjnw	attempt=1	proxy=http://wiw4v7duaymysz9-session-15e84143a255-lifetime-10:***@rp.scrapegw.com:6060	ConnectionTimeoutError: Connection timeout to host https://discord.com/api/v9/unique-username/username-attempt-unauthed
2026-09-01 18:28:48	NETWORK	gjqs	attempt=1	proxy=http://wiw4v7duaymysz9-session-b76c7d66327c-lifetime-10:***@rp.scrapegw.com:6060	ConnectionTimeoutError: Connection timeout to host https://discord.com/api/v9/unique-username/username-attempt-unauthed
2026-09-01 18:28:48	NETWORK	gjtb	attempt=1	proxy=http://wiw4v7duaymysz9-session-54aec0b1a596-lifetime-10:***@rp.scrapegw.com:6060	ConnectionTimeoutError: Connection timeout to host https://discord.com/api/v9/unique-username/username-attempt-unauthed
2026-09-01 18:28:48	NETWORK	gjqn	attempt=1	proxy=http://wiw4v7duaymysz9-session-24c2e0456b41-lifetime-10:***@rp.scrapegw.com:6060	ConnectionTimeoutError: Connection timeout to host https://discord.com/api/v9/unique-username/username-attempt-unauthed
2026-09-01 18:28:48	NETWORK	gjru	attempt=1	proxy=http://wiw4v7duaymysz9-session-8f293bd50eb4-lifetime-10:***@rp.scrapegw.com:6060	ConnectionTimeoutError: Connection timeout to host https://discord.com/api/v9/unique-username/username-attempt-unauthed
2026-09-01 18:28:48	NETWORK	gjpd	attempt=1	proxy=http://wiw4v7duaymysz9-session-27439d397a5a-lifetime-10:***@rp.scrapegw.com:6060	ConnectionTimeoutError: Connection timeout to host https://discord.com/api/v9/unique-username/username-attempt-unauthed
2026-09-01 18:28:48	NETWORK	gjpw	attempt=1	proxy=http://wiw4v7duaymysz9-session-4d06809d4434-lifetime-10:***@rp.scrapegw.com:6060	ConnectionTimeoutError: Connection timeout to host https://discord.com/api/v9/unique-username/username-attempt-unauthed
2026-09-01 18:28:48	NETWORK	gjse	attempt=1	proxy=http://wiw4v7duaymysz9-session-6356858a0d4e-lifetime-10:***@rp.scrapegw.com:6060	ConnectionTimeoutError: Connection timeout to host https://discord.com/api/v9/unique-username/username-attempt-unauthed
2026-09-01 18:28:48	NETWORK	gjrv	attempt=1	proxy=http://wiw4v7duaymysz9-session-64f569cfd090-lifetime-10:***@rp.scrapegw.com:6060	ConnectionTimeoutError: Connection timeout to host https://discord.com/api/v9/unique-username/username-attempt-unauthed
2026-09-01 18:28:48	NETWORK	gjte	attempt=1	proxy=http://wiw4v7duaymysz9-session-ddd5b4fe4692-lifetime-10:***@rp.scrapegw.com:6060	ConnectionTimeoutError: Connection timeout to host https://discord.com/api/v9/unique-username/username-attempt-unauthed
2026-09-01 18:28:48	NETWORK	gjue	attempt=1	proxy=http://wiw4v7duaymysz9-session-0bda033a28d0-lifetime-10:***@rp.scrapegw.com:6060	ConnectionTimeoutError: Connection timeout to host https://discord.com/api/v9/unique-username/username-attempt-unauthed
2026-09-01 18:28:48	NETWORK	gjoe	attempt=1	proxy=http://wiw4v7duaymysz9-session-b509011ff9fc-lifetime-10:***@rp.scrapegw.com:6060	ConnectionTimeoutError: Connection timeout to host https://discord.com/api/v9/unique-username/username-attempt-unauthed
2026-09-01 18:28:48	NETWORK	gjny	attempt=1	proxy=http://wiw4v7duaymysz9-session-3338925b0610-lifetime-10:***@rp.scrapegw.com:6060	ConnectionTimeoutError: Connection timeout to host https://discord.com/api/v9/unique-username/username-attempt-unauthed
2026-09-01 18:28:48	NETWORK	gjno	attempt=1	proxy=http://wiw4v7duaymysz9-session-1fa9e818a694-lifetime-10:***@rp.scrapegw.com:6060	ConnectionTimeoutError: Connection timeout to host https://discord.com/api/v9/unique-username/username-attempt-unauthed
2026-09-01 18:28:48	NETWORK	gjrk	attempt=1	proxy=http://wiw4v7duaymysz9-session-74f40e629c24-lifetime-10:***@rp.scrapegw.com:6060	ConnectionTimeoutError: Connection timeout to host https://discord.com/api/v9/unique-username/username-attempt-unauthed
2026-09-01 18:28:48	NETWORK	gjnf	attempt=1	proxy=http://wiw4v7duaymysz9-session-41f0e99ab694-lifetime-10:***@rp.scrapegw.com:6060	ConnectionTimeoutError: Connection timeout to host https://discord.com/api/v9/unique-username/username-attempt-unauthed
2026-09-01 18:28:48	NETWORK	gjto	attempt=1	proxy=http://wiw4v7duaymysz9-session-1064a344c571-lifetime-10:***@rp.scrapegw.com:6060	ConnectionTimeoutError: Connection timeout to host https://discord.com/api/v9/unique-username/username-attempt-unauthed
2026-09-01 18:28:48	NETWORK	gjrf	attempt=1	proxy=http://wiw4v7duaymysz9-session-c2d94d22bd79-lifetime-10:***@rp.scrapegw.com:6060	ConnectionTimeoutError: Connection timeout to host https://discord.com/api/v9/unique-username/username-attempt-unauthed
2026-09-01 18:28:48	NETWORK	gjrw	attempt=1	proxy=http://wiw4v7duaymysz9-session-00b0e9a89fde-lifetime-10:***@rp.scrapegw.com:6060	ConnectionTimeoutError: Connection timeout to host https://discord.com/api/v9/unique-username/username-attempt-unauthed
2026-09-01 18:28:49	NETWORK	gjyb	attempt=1	proxy=http://wiw4v7duaymysz9-session-c12e02c95d88-lifetime-10:***@rp.scrapegw.com:6060	ConnectionTimeoutError: Connection timeout to host https://discord.com/api/v9/unique-username/username-attempt-unauthed
2026-09-01 18:28:49	NETWORK	gjws	attempt=1	proxy=http://wiw4v7duaymysz9-session-f61bbd54e3ad-lifetime-10:***@rp.scrapegw.com:6060	ConnectionTimeoutError: Connection timeout to host https://discord.com/api/v9/unique-username/username-attempt-unauthed
2026-09-01 18:28:49	NETWORK	gjvl	attempt=1	proxy=http://wiw4v7duaymysz9-session-3701aacb37c7-lifetime-10:***@rp.scrapegw.com:6060	ConnectionTimeoutError: Connection timeout to host https://discord.com/api/v9/unique-username/username-attempt-unauthed
2026-09-01 18:28:49	NETWORK	gjzb	attempt=1	proxy=http://wiw4v7duaymysz9-session-1ff687bab82e-lifetime-10:***@rp.scrapegw.com:6060	ConnectionTimeoutError: Connection timeout to host https://discord.com/api/v9/unique-username/username-attempt-unauthed
2026-09-01 18:28:49	NETWORK	gkcm	attempt=1	proxy=http://wiw4v7duaymysz9-session-b0a0f8ac7833-lifetime-10:***@rp.scrapegw.com:6060	ConnectionTimeoutError: Connection timeout to host https://discord.com/api/v9/unique-username/username-attempt-unauthed
2026-09-01 18:28:49	NETWORK	gkbm	attempt=1	proxy=http://wiw4v7duaymysz9-session-078215b6e8ea-lifetime-10:***@rp.scrapegw.com:6060	ConnectionTimeoutError: Connection timeout to host https://discord.com/api/v9/unique-username/username-attempt-unauthed
2026-09-01 18:28:49	NETWORK	gjwj	attempt=1	proxy=http://wiw4v7duaymysz9-session-3f5085f0e3c1-lifetime-10:***@rp.scrapegw.com:6060	ConnectionTimeoutError: Connection timeout to host https://discord.com/api/v9/unique-username/username-attempt-unauthed
2026-09-01 18:28:49	NETWORK	gjwk	attempt=1	proxy=http://wiw4v7duaymysz9-session-3b844e38d437-lifetime-10:***@rp.scrapegw.com:6060	ConnectionTimeoutError: Connection timeout to host https://discord.com/api/v9/unique-username/username-attempt-unauthed
2026-09-01 18:28:49	NETWORK	gkde	attempt=1	proxy=http://wiw4v7duaymysz9-session-afeb648c5061-lifetime-10:***@rp.scrapegw.com:6060	ConnectionTimeoutError: Connection timeout to host https://discord.com/api/v9/unique-username/username-attempt-unauthed
2026-09-01 18:28:49	NETWORK	gkdh	attempt=1	proxy=http://wiw4v7duaymysz9-session-1f95eca2f896-lifetime-10:***@rp.scrapegw.com:6060	ConnectionTimeoutError: Connection timeout to host https://discord.com/api/v9/unique-username/username-attempt-unauthed
2026-09-01 18:28:49	NETWORK	gkdl	attempt=1	proxy=http://wiw4v7duaymysz9-session-95f5fb0e5c2a-lifetime-10:***@rp.scrapegw.com:6060	ConnectionTimeoutError: Connection timeout to host https://discord.com/api/v9/unique-username/username-attempt-unauthed
2026-09-01 18:28:49	NETWORK	gkcf	attempt=1	proxy=http://wiw4v7duaymysz9-session-7a1be7bdcdaf-lifetime-10:***@rp.scrapegw.com:6060	ConnectionTimeoutError: Connection timeout to host https://discord.com/api/v9/unique-username/username-attempt-unauthed
2026-09-01 18:28:49	NETWORK	gkbr	attempt=1	proxy=http://wiw4v7duaymysz9-session-ae622b2b7f7a-lifetime-10:***@rp.scrapegw.com:6060	ConnectionTimeoutError: Connection timeout to host https://discord.com/api/v9/unique-username/username-attempt-unauthed
2026-09-01 18:28:49	NETWORK	gkav	attempt=1	proxy=http://wiw4v7duaymysz9-session-b143f44bdce6-lifetime-10:***@rp.scrapegw.com:6060	ConnectionTimeoutError: Connection timeout to host https://discord.com/api/v9/unique-username/username-attempt-unauthed
2026-09-01 18:28:49	NETWORK	gkah	attempt=1	proxy=http://wiw4v7duaymysz9-session-3ab11e06d569-lifetime-10:***@rp.scrapegw.com:6060	ConnectionTimeoutError: Connection timeout to host https://discord.com/api/v9/unique-username/username-attempt-unauthed
2026-09-01 18:28:49	NETWORK	gkcy	attempt=1	proxy=http://wiw4v7duaymysz9-session-8f9d1f365b05-lifetime-10:***@rp.scrapegw.com:6060	ConnectionTimeoutError: Connection timeout to host https://discord.com/api/v9/unique-username/username-attempt-unauthed
2026-09-01 18:28:49	NETWORK	gjyh	attempt=1	proxy=http://wiw4v7duaymysz9-session-e7bc3aa72130-lifetime-10:***@rp.scrapegw.com:6060	ConnectionTimeoutError: Connection timeout to host https://discord.com/api/v9/unique-username/username-attempt-unauthed
2026-09-01 18:28:49	NETWORK	gkaa	attempt=1	proxy=http://wiw4v7duaymysz9-session-e7d31a1f900e-lifetime-10:***@rp.scrapegw.com:6060	ConnectionTimeoutError: Connection timeout to host https://discord.com/api/v9/unique-username/username-attempt-unauthed
2026-09-01 18:28:49	NETWORK	gjzx	attempt=1	proxy=http://wiw4v7duaymysz9-session-74aa49b6dccd-lifetime-10:***@rp.scrapegw.com:6060	ConnectionTimeoutError: Connection timeout to host https://discord.com/api/v9/unique-username/username-attempt-unauthed
2026-09-01 18:28:49	NETWORK	gjyl	attempt=1	proxy=http://wiw4v7duaymysz9-session-5d1f341c72b8-lifetime-10:***@rp.scrapegw.com:6060	ConnectionTimeoutError: Connection timeout to host https://discord.com/api/v9/unique-username/username-attempt-unauthed
2026-09-01 18:28:49	NETWORK	gjxc	attempt=1	proxy=http://wiw4v7duaymysz9-session-b2198a0248c9-lifetime-10:***@rp.scrapegw.com:6060	ConnectionTimeoutError: Connection timeout to host https://discord.com/api/v9/unique-username/username-attempt-unauthed
2026-09-01 18:28:49	NETWORK	gjwz	attempt=1	proxy=http://wiw4v7duaymysz9-session-93a32d9d38ef-lifetime-10:***@rp.scrapegw.com:6060	ConnectionTimeoutError: Connection timeout to host https://discord.com/api/v9/unique-username/username-attempt-unauthed
2026-09-01 18:28:49	NETWORK	gjwm	attempt=1	proxy=http://wiw4v7duaymysz9-session-cc553fd7e2b4-lifetime-10:***@rp.scrapegw.com:6060	ConnectionTimeoutError: Connection timeout to host https://discord.com/api/v9/unique-username/username-attempt-unauthed
2026-09-01 18:28:49	NETWORK	gjvu	attempt=1	proxy=http://wiw4v7duaymysz9-session-700be5315a27-lifetime-10:***@rp.scrapegw.com:6060	ConnectionTimeoutError: Connection timeout to host https://discord.com/api/v9/unique-username/username-attempt-unauthed
2026-09-01 18:28:49	NETWORK	gjyu	attempt=1	proxy=http://wiw4v7duaymysz9-session-6925ccb143d6-lifetime-10:***@rp.scrapegw.com:6060	ConnectionTimeoutError: Connection timeout to host https://discord.com/api/v9/unique-username/username-attempt-unauthed
2026-09-01 18:28:49	NETWORK	gjvm	attempt=1	proxy=http://wiw4v7duaymysz9-session-db54b43bbf9e-lifetime-10:***@rp.scrapegw.com:6060	ConnectionTimeoutError: Connection timeout to host https://discord.com/api/v9/unique-username/username-attempt-unauthed
2026-09-01 18:28:49	NETWORK	gjzm	attempt=1	proxy=http://wiw4v7duaymysz9-session-b8750a27b3e3-lifetime-10:***@rp.scrapegw.com:6060	ConnectionTimeoutError: Connection timeout to host https://discord.com/api/v9/unique-username/username-attempt-unauthed
2026-09-01 18:28:49	NETWORK	gjxk	attempt=1	proxy=http://wiw4v7duaymysz9-session-8007bb6d215c-lifetime-10:***@rp.scrapegw.com:6060	ConnectionTimeoutError: Connection timeout to host https://discord.com/api/v9/unique-username/username-attempt-unauthed
2026-09-01 18:28:49	NETWORK	gkcx	attempt=1	proxy=http://wiw4v7duaymysz9-session-09edc05120b3-lifetime-10:***@rp.scrapegw.com:6060	ConnectionTimeoutError: Connection timeout to host https://discord.com/api/v9/unique-username/username-attempt-unauthed
2026-09-01 18:28:49	NETWORK	gkcw	attempt=1	proxy=http://wiw4v7duaymysz9-session-f1329e6908a3-lifetime-10:***@rp.scrapegw.com:6060	ConnectionTimeoutError: Connection timeout to host https://discord.com/api/v9/unique-username/username-attempt-unauthed
2026-09-01 18:28:49	NETWORK	gkcn	attempt=1	proxy=http://wiw4v7duaymysz9-session-3ce99cceb263-lifetime-10:***@rp.scrapegw.com:6060	ConnectionTimeoutError: Connection timeout to host https://discord.com/api/v9/unique-username/username-attempt-unauthed
2026-09-01 18:28:49	NETWORK	gkck	attempt=1	proxy=http://wiw4v7duaymysz9-session-d106e885eda1-lifetime-10:***@rp.scrapegw.com:6060	ConnectionTimeoutError: Connection timeout to host https://discord.com/api/v9/unique-username/username-attempt-unauthed
2026-09-01 18:28:49	NETWORK	gjxv	attempt=1	proxy=http://wiw4v7duaymysz9-session-2f8134a7b7c5-lifetime-10:***@rp.scrapegw.com:6060	ConnectionTimeoutError: Connection timeout to host https://discord.com/api/v9/unique-username/username-attempt-unauthed
2026-09-01 18:28:49	NETWORK	gkau	attempt=1	proxy=http://wiw4v7duaymysz9-session-6cfc9e5eed11-lifetime-10:***@rp.scrapegw.com:6060	ConnectionTimeoutError: Connection timeout to host https://discord.com/api/v9/unique-username/username-attempt-unauthed
2026-09-01 18:28:49	NETWORK	gkan	attempt=1	proxy=http://wiw4v7duaymysz9-session-1d6bc450cabd-lifetime-10:***@rp.scrapegw.com:6060	ConnectionTimeoutError: Connection timeout to host https://discord.com/api/v9/unique-username/username-attempt-unauthed
2026-09-01 18:28:49	NETWORK	gjyw	attempt=1	proxy=http://wiw4v7duaymysz9-session-64c6d347aaa2-lifetime-10:***@rp.scrapegw.com:6060	ConnectionTimeoutError: Connection timeout to host https://discord.com/api/v9/unique-username/username-attempt-unauthed
2026-09-01 18:28:49	NETWORK	gkal	attempt=1	proxy=http://wiw4v7duaymysz9-session-d6918497483b-lifetime-10:***@rp.scrapegw.com:6060	ConnectionTimeoutError: Connection timeout to host https://discord.com/api/v9/unique-username/username-attempt-unauthed
2026-09-01 18:28:49	NETWORK	gkbe	attempt=1	proxy=http://wiw4v7duaymysz9-session-a65bf07e8d54-lifetime-10:***@rp.scrapegw.com:6060	ConnectionTimeoutError: Connection timeout to host https://discord.com/api/v9/unique-username/username-attempt-unauthed
2026-09-01 18:28:49	NETWORK	gjyc	attempt=1	proxy=http://wiw4v7duaymysz9-session-900b192b57b9-lifetime-10:***@rp.scrapegw.com:6060	ConnectionTimeoutError: Connection timeout to host https://discord.com/api/v9/unique-username/username-attempt-unauthed
2026-09-01 18:28:49	NETWORK	gkad	attempt=1	proxy=http://wiw4v7duaymysz9-session-d6a6d14020dd-lifetime-10:***@rp.scrapegw.com:6060	ConnectionTimeoutError: Connection timeout to host https://discord.com/api/v9/unique-username/username-attempt-unauthed
2026-09-01 18:28:49	NETWORK	gloz	attempt=1	proxy=http://wiw4v7duaymysz9-session-d0b6d9378f9a-lifetime-10:***@rp.scrapegw.com:6060	ClientConnectorError: Cannot connect to host discord.com:443 ssl:default [Connection reset by peer]
2026-09-01 18:28:50	NETWORK	glfh	attempt=1	proxy=http://wiw4v7duaymysz9-session-ce86b47b0a6d-lifetime-10:***@rp.scrapegw.com:6060	ClientConnectorError: Cannot connect to host discord.com:443 ssl:default [Connection reset by peer]
2026-09-01 18:28:50	HTTP_429	gmwr	attempt=1	proxy=http://wiw4v7duaymysz9-session-d515d0a1df5f-lifetime-10:***@rp.scrapegw.com:6060	scope=shared global=False retry_after=904.00s
2026-09-01 18:28:50	NETWORK	gkwd	attempt=1	proxy=http://wiw4v7duaymysz9-session-d1fb8c4d4dad-lifetime-10:***@rp.scrapegw.com:6060	ClientConnectorError: Cannot connect to host discord.com:443 ssl:default [Connection reset by peer]
2026-09-01 18:28:50	HTTP_429	gnot	attempt=1	proxy=http://wiw4v7duaymysz9-session-ef80ef24c9a7-lifetime-10:***@rp.scrapegw.com:6060	scope=shared global=False retry_after=209.00s
2026-09-01 18:28:50	HTTP_429	gmwq	attempt=1	proxy=http://wiw4v7duaymysz9-session-020b571dd650-lifetime-10:***@rp.scrapegw.com:6060	scope=shared global=False retry_after=487.00s
2026-09-01 18:28:50	NETWORK	gkxr	attempt=1	proxy=http://wiw4v7duaymysz9-session-7faf490a3df9-lifetime-10:***@rp.scrapegw.com:6060	ClientConnectorError: Cannot connect to host discord.com:443 ssl:default [Connection reset by peer]
2026-09-01 18:28:50	NETWORK	gmew	attempt=1	proxy=http://wiw4v7duaymysz9-session-bd1cd85663f7-lifetime-10:***@rp.scrapegw.com:6060	ClientConnectorError: Cannot connect to host discord.com:443 ssl:default [Connection reset by peer]
2026-09-01 18:28:50	NETWORK	gkjb	attempt=1	proxy=http://wiw4v7duaymysz9-session-647a94ea569b-lifetime-10:***@rp.scrapegw.com:6060	ConnectionTimeoutError: Connection timeout to host https://discord.com/api/v9/unique-username/username-attempt-unauthed
2026-09-01 18:28:50	NETWORK	gkez	attempt=1	proxy=http://wiw4v7duaymysz9-session-6c041b07234b-lifetime-10:***@rp.scrapegw.com:6060	ConnectionTimeoutError: Connection timeout to host https://discord.com/api/v9/unique-username/username-attempt-unauthed
2026-09-01 18:28:50	NETWORK	gkjc	attempt=1	proxy=http://wiw4v7duaymysz9-session-3768505845c4-lifetime-10:***@rp.scrapegw.com:6060	ConnectionTimeoutError: Connection timeout to host https://discord.com/api/v9/unique-username/username-attempt-unauthed
2026-09-01 18:28:50	NETWORK	gkht	attempt=1	proxy=http://wiw4v7duaymysz9-session-322cf994d1ea-lifetime-10:***@rp.scrapegw.com:6060	ConnectionTimeoutError: Connection timeout to host https://discord.com/api/v9/unique-username/username-attempt-unauthed
2026-09-01 18:28:50	NETWORK	gkho	attempt=1	proxy=http://wiw4v7duaymysz9-session-60be38ba3948-lifetime-10:***@rp.scrapegw.com:6060	ConnectionTimeoutError: Connection timeout to host https://discord.com/api/v9/unique-username/username-attempt-unauthed
2026-09-01 18:28:50	NETWORK	gkew	attempt=1	proxy=http://wiw4v7duaymysz9-session-8a969686686b-lifetime-10:***@rp.scrapegw.com:6060	ConnectionTimeoutError: Connection timeout to host https://discord.com/api/v9/unique-username/username-attempt-unauthed
2026-09-01 18:28:50	NETWORK	gkid	attempt=1	proxy=http://wiw4v7duaymysz9-session-874e9c0ae175-lifetime-10:***@rp.scrapegw.com:6060	ConnectionTimeoutError: Connection timeout to host https://discord.com/api/v9/unique-username/username-attempt-unauthed
2026-09-01 18:28:50	NETWORK	gkic	attempt=1	proxy=http://wiw4v7duaymysz9-session-a2ad53d44668-lifetime-10:***@rp.scrapegw.com:6060	ConnectionTimeoutError: Connection timeout to host https://discord.com/api/v9/unique-username/username-attempt-unauthed
2026-09-01 18:28:50	NETWORK	gker	attempt=1	proxy=http://wiw4v7duaymysz9-session-43f506ad478e-lifetime-10:***@rp.scrapegw.com:6060	ConnectionTimeoutError: Connection timeout to host https://discord.com/api/v9/unique-username/username-attempt-unauthed
2026-09-01 18:28:50	NETWORK	gkix	attempt=1	proxy=http://wiw4v7duaymysz9-session-702e18486e24-lifetime-10:***@rp.scrapegw.com:6060	ConnectionTimeoutError: Connection timeout to host https://discord.com/api/v9/unique-username/username-attempt-unauthed
2026-09-01 18:28:50	NETWORK	gkel	attempt=1	proxy=http://wiw4v7duaymysz9-session-fcc180dd7d6d-lifetime-10:***@rp.scrapegw.com:6060	ConnectionTimeoutError: Connection timeout to host https://discord.com/api/v9/unique-username/username-attempt-unauthed
2026-09-01 18:28:50	NETWORK	gkff	attempt=1	proxy=http://wiw4v7duaymysz9-session-f1c59a1e2f63-lifetime-10:***@rp.scrapegw.com:6060	ConnectionTimeoutError: Connection timeout to host https://discord.com/api/v9/unique-username/username-attempt-unauthed
2026-09-01 18:28:50	NETWORK	gkfk	attempt=1	proxy=http://wiw4v7duaymysz9-session-8472f02ba48a-lifetime-10:***@rp.scrapegw.com:6060	ConnectionTimeoutError: Connection timeout to host https://discord.com/api/v9/unique-username/username-attempt-unauthed
2026-09-01 18:28:50	NETWORK	gkfx	attempt=1	proxy=http://wiw4v7duaymysz9-session-a8fc27645c17-lifetime-10:***@rp.scrapegw.com:6060	ConnectionTimeoutError: Connection timeout to host https://discord.com/api/v9/unique-username/username-attempt-unauthed
2026-09-01 18:28:50	NETWORK	gkgd	attempt=1	proxy=http://wiw4v7duaymysz9-session-fddeb86ef99f-lifetime-10:***@rp.scrapegw.com:6060	ConnectionTimeoutError: Connection timeout to host https://discord.com/api/v9/unique-username/username-attempt-unauthed
2026-09-01 18:28:50	NETWORK	gkfd	attempt=1	proxy=http://wiw4v7duaymysz9-session-0d780017047e-lifetime-10:***@rp.scrapegw.com:6060	ConnectionTimeoutError: Connection timeout to host https://discord.com/api/v9/unique-username/username-attempt-unauthed
2026-09-01 18:28:50	NETWORK	gkia	attempt=1	proxy=http://wiw4v7duaymysz9-session-663c7b6ed63e-lifetime-10:***@rp.scrapegw.com:6060	ConnectionTimeoutError: Connection timeout to host https://discord.com/api/v9/unique-username/username-attempt-unauthed
2026-09-01 18:28:50	NETWORK	gkhm	attempt=1	proxy=http://wiw4v7duaymysz9-session-6a3b302ef2ea-lifetime-10:***@rp.scrapegw.com:6060	ConnectionTimeoutError: Connection timeout to host https://discord.com/api/v9/unique-username/username-attempt-unauthed
2026-09-01 18:28:50	NETWORK	gkhp	attempt=1	proxy=http://wiw4v7duaymysz9-session-af6832cbdfa3-lifetime-10:***@rp.scrapegw.com:6060	ConnectionTimeoutError: Connection timeout to host https://discord.com/api/v9/unique-username/username-attempt-unauthed
2026-09-01 18:28:50	NETWORK	gkeg	attempt=1	proxy=http://wiw4v7duaymysz9-session-28cc3c5a3f30-lifetime-10:***@rp.scrapegw.com:6060	ConnectionTimeoutError: Connection timeout to host https://discord.com/api/v9/unique-username/username-attempt-unauthed
2026-09-01 18:28:50	NETWORK	gkfs	attempt=1	proxy=http://wiw4v7duaymysz9-session-acba150b04bd-lifetime-10:***@rp.scrapegw.com:6060	ConnectionTimeoutError: Connection timeout to host https://discord.com/api/v9/unique-username/username-attempt-unauthed
2026-09-01 18:28:50	NETWORK	gkgi	attempt=1	proxy=http://wiw4v7duaymysz9-session-716334805b78-lifetime-10:***@rp.scrapegw.com:6060	ConnectionTimeoutError: Connection timeout to host https://discord.com/api/v9/unique-username/username-attempt-unauthed
2026-09-01 18:28:50	NETWORK	gkjr	attempt=1	proxy=http://wiw4v7duaymysz9-session-3cd47830465d-lifetime-10:***@rp.scrapegw.com:6060	ConnectionTimeoutError: Connection timeout to host https://discord.com/api/v9/unique-username/username-attempt-unauthed
2026-09-01 18:28:50	NETWORK	gkkd	attempt=1	proxy=http://wiw4v7duaymysz9-session-ad126d9a0b06-lifetime-10:***@rp.scrapegw.com:6060	ConnectionTimeoutError: Connection timeout to host https://discord.com/api/v9/unique-username/username-attempt-unauthed
2026-09-01 18:28:50	NETWORK	gkhf	attempt=1	proxy=http://wiw4v7duaymysz9-session-482953ee0652-lifetime-10:***@rp.scrapegw.com:6060	ConnectionTimeoutError: Connection timeout to host https://discord.com/api/v9/unique-username/username-attempt-unauthed
2026-09-01 18:28:50	HTTP_429	gnro	attempt=1	proxy=http://wiw4v7duaymysz9-session-4338830b9095-lifetime-10:***@rp.scrapegw.com:6060	scope=shared global=False retry_after=2063.00s
2026-09-01 18:28:51	NETWORK	gljy	attempt=1	proxy=http://wiw4v7duaymysz9-session-1cf1a728c97f-lifetime-10:***@rp.scrapegw.com:6060	ClientConnectorError: Cannot connect to host discord.com:443 ssl:default [Connection reset by peer]
2026-09-01 18:28:51	HTTP_429	gkzs	attempt=1	proxy=http://wiw4v7duaymysz9-session-522072a900b9-lifetime-10:***@rp.scrapegw.com:6060	scope=shared global=False retry_after=309.00s
2026-09-01 18:28:51	NETWORK	glol	attempt=1	proxy=http://wiw4v7duaymysz9-session-fddb54d778d5-lifetime-10:***@rp.scrapegw.com:6060	ClientConnectorError: Cannot connect to host discord.com:443 ssl:default [None]
2026-09-01 18:28:51	NETWORK	gkmk	attempt=1	proxy=http://wiw4v7duaymysz9-session-b80f83da8696-lifetime-10:***@rp.scrapegw.com:6060	ConnectionTimeoutError: Connection timeout to host https://discord.com/api/v9/unique-username/username-attempt-unauthed
2026-09-01 18:28:51	NETWORK	gkps	attempt=1	proxy=http://wiw4v7duaymysz9-session-9ce420c73ea4-lifetime-10:***@rp.scrapegw.com:6060	ConnectionTimeoutError: Connection timeout to host https://discord.com/api/v9/unique-username/username-attempt-unauthed
2026-09-01 18:28:51	NETWORK	gkqe	attempt=1	proxy=http://wiw4v7duaymysz9-session-a1cf15bea490-lifetime-10:***@rp.scrapegw.com:6060	ConnectionTimeoutError: Connection timeout to host https://discord.com/api/v9/unique-username/username-attempt-unauthed
2026-09-01 18:28:51	NETWORK	gkqh	attempt=1	proxy=http://wiw4v7duaymysz9-session-a62d01f6250e-lifetime-10:***@rp.scrapegw.com:6060	ConnectionTimeoutError: Connection timeout to host https://discord.com/api/v9/unique-username/username-attempt-unauthed
2026-09-01 18:28:51	NETWORK	gkrc	attempt=1	proxy=http://wiw4v7duaymysz9-session-b163c0b03b3f-lifetime-10:***@rp.scrapegw.com:6060	ConnectionTimeoutError: Connection timeout to host https://discord.com/api/v9/unique-username/username-attempt-unauthed
2026-09-01 18:28:51	NETWORK	gkri	attempt=1	proxy=http://wiw4v7duaymysz9-session-45a5243d4290-lifetime-10:***@rp.scrapegw.com:6060	ConnectionTimeoutError: Connection timeout to host https://discord.com/api/v9/unique-username/username-attempt-unauthed
2026-09-01 18:28:51	NETWORK	gkms	attempt=1	proxy=http://wiw4v7duaymysz9-session-d84c031a0b8f-lifetime-10:***@rp.scrapegw.com:6060	ConnectionTimeoutError: Connection timeout to host https://discord.com/api/v9/unique-username/username-attempt-unauthed
2026-09-01 18:28:51	NETWORK	gkow	attempt=1	proxy=http://wiw4v7duaymysz9-session-93c9d938701c-lifetime-10:***@rp.scrapegw.com:6060	ConnectionTimeoutError: Connection timeout to host https://discord.com/api/v9/unique-username/username-attempt-unauthed
2026-09-01 18:28:51	NETWORK	gkkw	attempt=1	proxy=http://wiw4v7duaymysz9-session-8509c49074cf-lifetime-10:***@rp.scrapegw.com:6060	ConnectionTimeoutError: Connection timeout to host https://discord.com/api/v9/unique-username/username-attempt-unauthed
2026-09-01 18:28:51	NETWORK	gknq	attempt=1	proxy=http://wiw4v7duaymysz9-session-75af2e2fe872-lifetime-10:***@rp.scrapegw.com:6060	ConnectionTimeoutError: Connection timeout to host https://discord.com/api/v9/unique-username/username-attempt-unauthed
2026-09-01 18:28:51	NETWORK	gkmw	attempt=1	proxy=http://wiw4v7duaymysz9-session-533604b9f96a-lifetime-10:***@rp.scrapegw.com:6060	ConnectionTimeoutError: Connection timeout to host https://discord.com/api/v9/unique-username/username-attempt-unauthed
2026-09-01 18:28:51	NETWORK	gknv	attempt=1	proxy=http://wiw4v7duaymysz9-session-77a3e6fe6943-lifetime-10:***@rp.scrapegw.com:6060	ConnectionTimeoutError: Connection timeout to host https://discord.com/api/v9/unique-username/username-attempt-unauthed
2026-09-01 18:28:51	NETWORK	gklw	attempt=1	proxy=http://wiw4v7duaymysz9-session-f6b95a329bf3-lifetime-10:***@rp.scrapegw.com:6060	ConnectionTimeoutError: Connection timeout to host https://discord.com/api/v9/unique-username/username-attempt-unauthed
2026-09-01 18:28:51	NETWORK	gkrm	attempt=1	proxy=http://wiw4v7duaymysz9-session-04a7351e7a0e-lifetime-10:***@rp.scrapegw.com:6060	ConnectionTimeoutError: Connection timeout to host https://discord.com/api/v9/unique-username/username-attempt-unauthed
2026-09-01 18:28:51	NETWORK	gkqx	attempt=1	proxy=http://wiw4v7duaymysz9-session-b7203c7c5803-lifetime-10:***@rp.scrapegw.com:6060	ConnectionTimeoutError: Connection timeout to host https://discord.com/api/v9/unique-username/username-attempt-unauthed
2026-09-01 18:28:51	NETWORK	gkpt	attempt=1	proxy=http://wiw4v7duaymysz9-session-dee23fabd744-lifetime-10:***@rp.scrapegw.com:6060	ConnectionTimeoutError: Connection timeout to host https://discord.com/api/v9/unique-username/username-attempt-unauthed
2026-09-01 18:28:51	NETWORK	gkmb	attempt=1	proxy=http://wiw4v7duaymysz9-session-b592f0d4cca8-lifetime-10:***@rp.scrapegw.com:6060	ConnectionTimeoutError: Connection timeout to host https://discord.com/api/v9/unique-username/username-attempt-unauthed
2026-09-01 18:28:51	NETWORK	gkqb	attempt=1	proxy=http://wiw4v7duaymysz9-session-f1f3e524e311-lifetime-10:***@rp.scrapegw.com:6060	ConnectionTimeoutError: Connection timeout to host https://discord.com/api/v9/unique-username/username-attempt-unauthed
2026-09-01 18:28:51	NETWORK	gkmi	attempt=1	proxy=http://wiw4v7duaymysz9-session-28961f589030-lifetime-10:***@rp.scrapegw.com:6060	ConnectionTimeoutError: Connection timeout to host https://discord.com/api/v9/unique-username/username-attempt-unauthed
2026-09-01 18:28:51	NETWORK	gkmf	attempt=1	proxy=http://wiw4v7duaymysz9-session-447a966f2995-lifetime-10:***@rp.scrapegw.com:6060	ConnectionTimeoutError: Connection timeout to host https://discord.com/api/v9/unique-username/username-attempt-unauthed
2026-09-01 18:28:51	NETWORK	gkmo	attempt=1	proxy=http://wiw4v7duaymysz9-session-4bbdfb5ec581-lifetime-10:***@rp.scrapegw.com:6060	ConnectionTimeoutError: Connection timeout to host https://discord.com/api/v9/unique-username/username-attempt-unauthed
2026-09-01 18:28:51	NETWORK	gkoe	attempt=1	proxy=http://wiw4v7duaymysz9-session-4c6a29091872-lifetime-10:***@rp.scrapegw.com:6060	ConnectionTimeoutError: Connection timeout to host https://discord.com/api/v9/unique-username/username-attempt-unauthed
2026-09-01 18:28:51	NETWORK	gklc	attempt=1	proxy=http://wiw4v7duaymysz9-session-97aa77cfebe5-lifetime-10:***@rp.scrapegw.com:6060	ConnectionTimeoutError: Connection timeout to host https://discord.com/api/v9/unique-username/username-attempt-unauthed
2026-09-01 18:28:51	NETWORK	gkks	attempt=1	proxy=http://wiw4v7duaymysz9-session-b83cfdd723b5-lifetime-10:***@rp.scrapegw.com:6060	ConnectionTimeoutError: Connection timeout to host https://discord.com/api/v9/unique-username/username-attempt-unauthed
2026-09-01 18:28:51	NETWORK	gkng	attempt=1	proxy=http://wiw4v7duaymysz9-session-27596b695b3e-lifetime-10:***@rp.scrapegw.com:6060	ConnectionTimeoutError: Connection timeout to host https://discord.com/api/v9/unique-username/username-attempt-unauthed
2026-09-01 18:28:51	NETWORK	gkns	attempt=1	proxy=http://wiw4v7duaymysz9-session-4800282d27dd-lifetime-10:***@rp.scrapegw.com:6060	ConnectionTimeoutError: Connection timeout to host https://discord.com/api/v9/unique-username/username-attempt-unauthed
2026-09-01 18:28:51	NETWORK	gkoj	attempt=1	proxy=http://wiw4v7duaymysz9-session-d9755bc170bc-lifetime-10:***@rp.scrapegw.com:6060	ConnectionTimeoutError: Connection timeout to host https://discord.com/api/v9/unique-username/username-attempt-unauthed
2026-09-01 18:28:51	NETWORK	gkqi	attempt=1	proxy=http://wiw4v7duaymysz9-session-207dfe325e73-lifetime-10:***@rp.scrapegw.com:6060	ConnectionTimeoutError: Connection timeout to host https://discord.com/api/v9/unique-username/username-attempt-unauthed
2026-09-01 18:28:51	NETWORK	gkok	attempt=1	proxy=http://wiw4v7duaymysz9-session-5869ffa01a81-lifetime-10:***@rp.scrapegw.com:6060	ConnectionTimeoutError: Connection timeout to host https://discord.com/api/v9/unique-username/username-attempt-unauthed
2026-09-01 18:28:51	NETWORK	gkqm	attempt=1	proxy=http://wiw4v7duaymysz9-session-25c8f409e4d9-lifetime-10:***@rp.scrapegw.com:6060	ConnectionTimeoutError: Connection timeout to host https://discord.com/api/v9/unique-username/username-attempt-unauthed
2026-09-01 18:28:51	NETWORK	gklv	attempt=1	proxy=http://wiw4v7duaymysz9-session-604f5e4b342e-lifetime-10:***@rp.scrapegw.com:6060	ConnectionTimeoutError: Connection timeout to host https://discord.com/api/v9/unique-username/username-attempt-unauthed
2026-09-01 18:28:51	NETWORK	gkls	attempt=1	proxy=http://wiw4v7duaymysz9-session-0c4bdb6412c9-lifetime-10:***@rp.scrapegw.com:6060	ConnectionTimeoutError: Connection timeout to host https://discord.com/api/v9/unique-username/username-attempt-unauthed
2026-09-01 18:28:51	NETWORK	gklr	attempt=1	proxy=http://wiw4v7duaymysz9-session-26663184ddc1-lifetime-10:***@rp.scrapegw.com:6060	ConnectionTimeoutError: Connection timeout to host https://discord.com/api/v9/unique-username/username-attempt-unauthed
2026-09-01 18:28:51	NETWORK	gklq	attempt=1	proxy=http://wiw4v7duaymysz9-session-a4bcb46583a1-lifetime-10:***@rp.scrapegw.com:6060	ConnectionTimeoutError: Connection timeout to host https://discord.com/api/v9/unique-username/username-attempt-unauthed
2026-09-01 18:28:51	NETWORK	gklj	attempt=1	proxy=http://wiw4v7duaymysz9-session-458026f44845-lifetime-10:***@rp.scrapegw.com:6060	ConnectionTimeoutError: Connection timeout to host https://discord.com/api/v9/unique-username/username-attempt-unauthed
2026-09-01 18:28:51	NETWORK	gknj	attempt=1	proxy=http://wiw4v7duaymysz9-session-4cf59e7ce9df-lifetime-10:***@rp.scrapegw.com:6060	ConnectionTimeoutError: Connection timeout to host https://discord.com/api/v9/unique-username/username-attempt-unauthed
2026-09-01 18:28:51	NETWORK	gknl	attempt=1	proxy=http://wiw4v7duaymysz9-session-7229a9122d4a-lifetime-10:***@rp.scrapegw.com:6060	ConnectionTimeoutError: Connection timeout to host https://discord.com/api/v9/unique-username/username-attempt-unauthed
2026-09-01 18:28:51	NETWORK	gknu	attempt=1	proxy=http://wiw4v7duaymysz9-session-62b771b6c3fe-lifetime-10:***@rp.scrapegw.com:6060	ConnectionTimeoutError: Connection timeout to host https://discord.com/api/v9/unique-username/username-attempt-unauthed
2026-09-01 18:28:51	NETWORK	gkqy	attempt=1	proxy=http://wiw4v7duaymysz9-session-450c0cb47a58-lifetime-10:***@rp.scrapegw.com:6060	ConnectionTimeoutError: Connection timeout to host https://discord.com/api/v9/unique-username/username-attempt-unauthed
2026-09-01 18:28:51	NETWORK	gkrh	attempt=1	proxy=http://wiw4v7duaymysz9-session-d6f78d52eaf7-lifetime-10:***@rp.scrapegw.com:6060	ConnectionTimeoutError: Connection timeout to host https://discord.com/api/v9/unique-username/username-attempt-unauthed
2026-09-01 18:28:51	NETWORK	gkza	attempt=1	proxy=http://wiw4v7duaymysz9-session-325cd71152a9-lifetime-10:***@rp.scrapegw.com:6060	ClientConnectorError: Cannot connect to host discord.com:443 ssl:default [Connection reset by peer]
2026-09-01 18:28:51	NETWORK	gmfb	attempt=1	proxy=http://wiw4v7duaymysz9-session-8509c49074cf-lifetime-10:***@rp.scrapegw.com:6060	ClientConnectorError: Cannot connect to host discord.com:443 ssl:default [Connection reset by peer]
2026-09-01 18:28:51	NETWORK	glgr	attempt=1	proxy=http://wiw4v7duaymysz9-session-28ad7ea8781b-lifetime-10:***@rp.scrapegw.com:6060	ClientConnectorError: Cannot connect to host discord.com:443 ssl:default [Connection reset by peer]
2026-09-01 18:28:52	NETWORK	gksf	attempt=1	proxy=http://wiw4v7duaymysz9-session-8cab66fb8d8d-lifetime-10:***@rp.scrapegw.com:6060	ClientConnectorError: Cannot connect to host discord.com:443 ssl:default [Connection reset by peer]
2026-09-01 18:28:52	NETWORK	glgu	attempt=1	proxy=http://wiw4v7duaymysz9-session-d6978dd054cf-lifetime-10:***@rp.scrapegw.com:6060	ClientConnectorError: Cannot connect to host discord.com:443 ssl:default [Connection reset by peer]
2026-09-01 18:28:52	HTTP_429	gojw	attempt=1	proxy=http://wiw4v7duaymysz9-session-7c814a8e5453-lifetime-10:***@rp.scrapegw.com:6060	scope=shared global=False retry_after=2059.00s
2026-09-01 18:28:52	NETWORK	glmg	attempt=1	proxy=http://wiw4v7duaymysz9-session-7dc1f046754b-lifetime-10:***@rp.scrapegw.com:6060	ClientConnectorError: Cannot connect to host discord.com:443 ssl:default [Connection reset by peer]
2026-09-01 18:28:52	NETWORK	gode	attempt=1	proxy=http://wiw4v7duaymysz9-session-098817bfa506-lifetime-10:***@rp.scrapegw.com:6060	ClientConnectorSSLError: Cannot connect to host discord.com:443 ssl:default [[SSL: RECORD_LAYER_FAILURE] record layer failure (_ssl.c:1081)]
2026-09-01 18:28:52	HTTP_429	gltq	attempt=1	proxy=http://wiw4v7duaymysz9-session-72cb74cf519b-lifetime-10:***@rp.scrapegw.com:6060	scope=shared global=False retry_after=906.00s
2026-09-01 18:28:52	NETWORK	gkvy	attempt=1	proxy=http://wiw4v7duaymysz9-session-906f0aa99ee9-lifetime-10:***@rp.scrapegw.com:6060	ConnectionTimeoutError: Connection timeout to host https://discord.com/api/v9/unique-username/username-attempt-unauthed
2026-09-01 18:28:52	NETWORK	gkss	attempt=1	proxy=http://wiw4v7duaymysz9-session-81422dc4fdab-lifetime-10:***@rp.scrapegw.com:6060	ConnectionTimeoutError: Connection timeout to host https://discord.com/api/v9/unique-username/username-attempt-unauthed
2026-09-01 18:28:52	NETWORK	gkut	attempt=1	proxy=http://wiw4v7duaymysz9-session-8f6821ffa64e-lifetime-10:***@rp.scrapegw.com:6060	ConnectionTimeoutError: Connection timeout to host https://discord.com/api/v9/unique-username/username-attempt-unauthed
2026-09-01 18:28:52	NETWORK	gkwe	attempt=1	proxy=http://wiw4v7duaymysz9-session-ad00bc8a2c55-lifetime-10:***@rp.scrapegw.com:6060	ConnectionTimeoutError: Connection timeout to host https://discord.com/api/v9/unique-username/username-attempt-unauthed
2026-09-01 18:28:52	NETWORK	gkve	attempt=1	proxy=http://wiw4v7duaymysz9-session-bbc2ad74b2f2-lifetime-10:***@rp.scrapegw.com:6060	ConnectionTimeoutError: Connection timeout to host https://discord.com/api/v9/unique-username/username-attempt-unauthed
2026-09-01 18:28:52	NETWORK	gkxg	attempt=1	proxy=http://wiw4v7duaymysz9-session-83395eabb38c-lifetime-10:***@rp.scrapegw.com:6060	ConnectionTimeoutError: Connection timeout to host https://discord.com/api/v9/unique-username/username-attempt-unauthed
2026-09-01 18:28:52	NETWORK	gkuc	attempt=1	proxy=http://wiw4v7duaymysz9-session-e5f899993fc2-lifetime-10:***@rp.scrapegw.com:6060	ConnectionTimeoutError: Connection timeout to host https://discord.com/api/v9/unique-username/username-attempt-unauthed
2026-09-01 18:28:52	NETWORK	gkxq	attempt=1	proxy=http://wiw4v7duaymysz9-session-282fb4814163-lifetime-10:***@rp.scrapegw.com:6060	ConnectionTimeoutError: Connection timeout to host https://discord.com/api/v9/unique-username/username-attempt-unauthed
2026-09-01 18:28:52	NETWORK	gkwy	attempt=1	proxy=http://wiw4v7duaymysz9-session-6b500a550596-lifetime-10:***@rp.scrapegw.com:6060	ConnectionTimeoutError: Connection timeout to host https://discord.com/api/v9/unique-username/username-attempt-unauthed
2026-09-01 18:28:52	NETWORK	gkwi	attempt=1	proxy=http://wiw4v7duaymysz9-session-59bf8e83d613-lifetime-10:***@rp.scrapegw.com:6060	ConnectionTimeoutError: Connection timeout to host https://discord.com/api/v9/unique-username/username-attempt-unauthed
2026-09-01 18:28:52	NETWORK	gkwo	attempt=1	proxy=http://wiw4v7duaymysz9-session-359bd204dd15-lifetime-10:***@rp.scrapegw.com:6060	ConnectionTimeoutError: Connection timeout to host https://discord.com/api/v9/unique-username/username-attempt-unauthed
2026-09-01 18:28:52	NETWORK	gkui	attempt=1	proxy=http://wiw4v7duaymysz9-session-87e3b14d9ae0-lifetime-10:***@rp.scrapegw.com:6060	ConnectionTimeoutError: Connection timeout to host https://discord.com/api/v9/unique-username/username-attempt-unauthed
2026-09-01 18:28:52	NETWORK	gktx	attempt=1	proxy=http://wiw4v7duaymysz9-session-d78135050584-lifetime-10:***@rp.scrapegw.com:6060	ConnectionTimeoutError: Connection timeout to host https://discord.com/api/v9/unique-username/username-attempt-unauthed
2026-09-01 18:28:52	NETWORK	gksp	attempt=1	proxy=http://wiw4v7duaymysz9-session-826e2a667f43-lifetime-10:***@rp.scrapegw.com:6060	ConnectionTimeoutError: Connection timeout to host https://discord.com/api/v9/unique-username/username-attempt-unauthed
2026-09-01 18:28:52	NETWORK	gksn	attempt=1	proxy=http://wiw4v7duaymysz9-session-c5312709691c-lifetime-10:***@rp.scrapegw.com:6060	ConnectionTimeoutError: Connection timeout to host https://discord.com/api/v9/unique-username/username-attempt-unauthed
2026-09-01 18:28:52	NETWORK	gksk	attempt=1	proxy=http://wiw4v7duaymysz9-session-1702d6c37ab9-lifetime-10:***@rp.scrapegw.com:6060	ConnectionTimeoutError: Connection timeout to host https://discord.com/api/v9/unique-username/username-attempt-unauthed
2026-09-01 18:28:52	NETWORK	gkwp	attempt=1	proxy=http://wiw4v7duaymysz9-session-43f80ae41a0d-lifetime-10:***@rp.scrapegw.com:6060	ConnectionTimeoutError: Connection timeout to host https://discord.com/api/v9/unique-username/username-attempt-unauthed
2026-09-01 18:28:52	NETWORK	gksy	attempt=1	proxy=http://wiw4v7duaymysz9-session-bba331ccf6cf-lifetime-10:***@rp.scrapegw.com:6060	ConnectionTimeoutError: Connection timeout to host https://discord.com/api/v9/unique-username/username-attempt-unauthed
2026-09-01 18:28:52	NETWORK	gkuu	attempt=1	proxy=http://wiw4v7duaymysz9-session-f3017fb8e21a-lifetime-10:***@rp.scrapegw.com:6060	ConnectionTimeoutError: Connection timeout to host https://discord.com/api/v9/unique-username/username-attempt-unauthed
2026-09-01 18:28:52	NETWORK	gkuw	attempt=1	proxy=http://wiw4v7duaymysz9-session-549efa7ce005-lifetime-10:***@rp.scrapegw.com:6060	ConnectionTimeoutError: Connection timeout to host https://discord.com/api/v9/unique-username/username-attempt-unauthed
2026-09-01 18:28:52	NETWORK	gkvh	attempt=1	proxy=http://wiw4v7duaymysz9-session-8ae8d21e6a8c-lifetime-10:***@rp.scrapegw.com:6060	ConnectionTimeoutError: Connection timeout to host https://discord.com/api/v9/unique-username/username-attempt-unauthed
2026-09-01 18:28:52	NETWORK	gkti	attempt=1	proxy=http://wiw4v7duaymysz9-session-a4020c624e27-lifetime-10:***@rp.scrapegw.com:6060	ConnectionTimeoutError: Connection timeout to host https://discord.com/api/v9/unique-username/username-attempt-unauthed
2026-09-01 18:28:52	NETWORK	gkvj	attempt=1	proxy=http://wiw4v7duaymysz9-session-31e4fe3ea843-lifetime-10:***@rp.scrapegw.com:6060	ConnectionTimeoutError: Connection timeout to host https://discord.com/api/v9/unique-username/username-attempt-unauthed
2026-09-01 18:28:52	NETWORK	gkwh	attempt=1	proxy=http://wiw4v7duaymysz9-session-85eb413a1116-lifetime-10:***@rp.scrapegw.com:6060	ConnectionTimeoutError: Connection timeout to host https://discord.com/api/v9/unique-username/username-attempt-unauthed
2026-09-01 18:28:52	NETWORK	gktm	attempt=1	proxy=http://wiw4v7duaymysz9-session-7fcdf24aa04f-lifetime-10:***@rp.scrapegw.com:6060	ConnectionTimeoutError: Connection timeout to host https://discord.com/api/v9/unique-username/username-attempt-unauthed
2026-09-01 18:28:52	NETWORK	gkto	attempt=1	proxy=http://wiw4v7duaymysz9-session-3e70b612f330-lifetime-10:***@rp.scrapegw.com:6060	ConnectionTimeoutError: Connection timeout to host https://discord.com/api/v9/unique-username/username-attempt-unauthed
2026-09-01 18:28:52	NETWORK	gkxt	attempt=1	proxy=http://wiw4v7duaymysz9-session-3adc5ef1b12d-lifetime-10:***@rp.scrapegw.com:6060	ConnectionTimeoutError: Connection timeout to host https://discord.com/api/v9/unique-username/username-attempt-unauthed
2026-09-01 18:28:52	NETWORK	gkvw	attempt=1	proxy=http://wiw4v7duaymysz9-session-c8a4c702400c-lifetime-10:***@rp.scrapegw.com:6060	ConnectionTimeoutError: Connection timeout to host https://discord.com/api/v9/unique-username/username-attempt-unauthed
2026-09-01 18:28:52	NETWORK	gkwj	attempt=1	proxy=http://wiw4v7duaymysz9-session-dd1fdeccb326-lifetime-10:***@rp.scrapegw.com:6060	ConnectionTimeoutError: Connection timeout to host https://discord.com/api/v9/unique-username/username-attempt-unauthed
2026-09-01 18:28:52	NETWORK	gkxj	attempt=1	proxy=http://wiw4v7duaymysz9-session-545a0fd203b2-lifetime-10:***@rp.scrapegw.com:6060	ConnectionTimeoutError: Connection timeout to host https://discord.com/api/v9/unique-username/username-attempt-unauthed
2026-09-01 18:28:52	NETWORK	glqt	attempt=1	proxy=http://wiw4v7duaymysz9-session-3e820a7186f5-lifetime-10:***@rp.scrapegw.com:6060	ClientConnectorError: Cannot connect to host discord.com:443 ssl:default [Connection reset by peer]
2026-09-01 18:28:52	HTTP_429	govh	attempt=1	proxy=http://wiw4v7duaymysz9-session-e34751426785-lifetime-10:***@rp.scrapegw.com:6060	scope=shared global=False retry_after=142.00s
2026-09-01 18:28:53	HTTP_429	govr	attempt=1	proxy=http://wiw4v7duaymysz9-session-e4d72fc24729-lifetime-10:***@rp.scrapegw.com:6060	scope=shared global=False retry_after=55.00s
2026-09-01 18:28:53	HTTP_429	goul	attempt=1	proxy=http://wiw4v7duaymysz9-session-c5b834dde154-lifetime-10:***@rp.scrapegw.com:6060	scope=shared global=False retry_after=1083.00s
2026-09-01 18:28:53	HTTP_429	gpak	attempt=1	proxy=http://wiw4v7duaymysz9-session-9bcc8139b75a-lifetime-10:***@rp.scrapegw.com:6060	scope=shared global=False retry_after=527.00s
2026-09-01 18:28:53	NETWORK	gmet	attempt=1	proxy=http://wiw4v7duaymysz9-session-82fdaae967d2-lifetime-10:***@rp.scrapegw.com:6060	ClientConnectorError: Cannot connect to host discord.com:443 ssl:default [Connection reset by peer]
2026-09-01 18:28:53	NETWORK	glyz	attempt=1	proxy=http://wiw4v7duaymysz9-session-098817bfa506-lifetime-10:***@rp.scrapegw.com:6060	ClientConnectorSSLError: Cannot connect to host discord.com:443 ssl:default [[SSL: RECORD_LAYER_FAILURE] record layer failure (_ssl.c:1081)]
2026-09-01 18:28:53	NETWORK	glha	attempt=1	proxy=http://wiw4v7duaymysz9-session-8dd5b52adae3-lifetime-10:***@rp.scrapegw.com:6060	ConnectionTimeoutError: Connection timeout to host https://discord.com/api/v9/unique-username/username-attempt-unauthed
2026-09-01 18:28:53	NETWORK	glfg	attempt=1	proxy=http://wiw4v7duaymysz9-session-39b72aea1c8d-lifetime-10:***@rp.scrapegw.com:6060	ConnectionTimeoutError: Connection timeout to host https://discord.com/api/v9/unique-username/username-attempt-unauthed
2026-09-01 18:28:53	NETWORK	glgj	attempt=1	proxy=http://wiw4v7duaymysz9-session-9b14c10671cd-lifetime-10:***@rp.scrapegw.com:6060	ConnectionTimeoutError: Connection timeout to host https://discord.com/api/v9/unique-username/username-attempt-unauthed
2026-09-01 18:28:53	NETWORK	glgh	attempt=1	proxy=http://wiw4v7duaymysz9-session-d2b67527764a-lifetime-10:***@rp.scrapegw.com:6060	ConnectionTimeoutError: Connection timeout to host https://discord.com/api/v9/unique-username/username-attempt-unauthed
2026-09-01 18:28:53	NETWORK	glft	attempt=1	proxy=http://wiw4v7duaymysz9-session-6134b96b88bf-lifetime-10:***@rp.scrapegw.com:6060	ConnectionTimeoutError: Connection timeout to host https://discord.com/api/v9/unique-username/username-attempt-unauthed
2026-09-01 18:28:53	NETWORK	glfx	attempt=1	proxy=http://wiw4v7duaymysz9-session-3864e024e2b8-lifetime-10:***@rp.scrapegw.com:6060	ConnectionTimeoutError: Connection timeout to host https://discord.com/api/v9/unique-username/username-attempt-unauthed
2026-09-01 18:28:53	NETWORK	glfw	attempt=1	proxy=http://wiw4v7duaymysz9-session-55300acdab88-lifetime-10:***@rp.scrapegw.com:6060	ConnectionTimeoutError: Connection timeout to host https://discord.com/api/v9/unique-username/username-attempt-unauthed
2026-09-01 18:28:53	NETWORK	gkzl	attempt=1	proxy=http://wiw4v7duaymysz9-session-55c5c97d2423-lifetime-10:***@rp.scrapegw.com:6060	ConnectionTimeoutError: Connection timeout to host https://discord.com/api/v9/unique-username/username-attempt-unauthed
2026-09-01 18:28:53	NETWORK	glcz	attempt=1	proxy=http://wiw4v7duaymysz9-session-5e310bced5c5-lifetime-10:***@rp.scrapegw.com:6060	ConnectionTimeoutError: Connection timeout to host https://discord.com/api/v9/unique-username/username-attempt-unauthed
2026-09-01 18:28:53	NETWORK	gkzw	attempt=1	proxy=http://wiw4v7duaymysz9-session-7eaf6513e73e-lifetime-10:***@rp.scrapegw.com:6060	ConnectionTimeoutError: Connection timeout to host https://discord.com/api/v9/unique-username/username-attempt-unauthed
2026-09-01 18:28:53	NETWORK	gkyj	attempt=1	proxy=http://wiw4v7duaymysz9-session-d515d0a1df5f-lifetime-10:***@rp.scrapegw.com:6060	ConnectionTimeoutError: Connection timeout to host https://discord.com/api/v9/unique-username/username-attempt-unauthed
2026-09-01 18:28:53	NETWORK	gldk	attempt=1	proxy=http://wiw4v7duaymysz9-session-12fbc28a6448-lifetime-10:***@rp.scrapegw.com:6060	ConnectionTimeoutError: Connection timeout to host https://discord.com/api/v9/unique-username/username-attempt-unauthed
2026-09-01 18:28:53	NETWORK	gkyc	attempt=1	proxy=http://wiw4v7duaymysz9-session-63058b42506b-lifetime-10:***@rp.scrapegw.com:6060	ConnectionTimeoutError: Connection timeout to host https://discord.com/api/v9/unique-username/username-attempt-unauthed
2026-09-01 18:28:53	NETWORK	glex	attempt=1	proxy=http://wiw4v7duaymysz9-session-1f312c46035a-lifetime-10:***@rp.scrapegw.com:6060	ConnectionTimeoutError: Connection timeout to host https://discord.com/api/v9/unique-username/username-attempt-unauthed
2026-09-01 18:28:53	NETWORK	gldl	attempt=1	proxy=http://wiw4v7duaymysz9-session-78ff16cc59b7-lifetime-10:***@rp.scrapegw.com:6060	ConnectionTimeoutError: Connection timeout to host https://discord.com/api/v9/unique-username/username-attempt-unauthed
2026-09-01 18:28:53	NETWORK	glbc	attempt=1	proxy=http://wiw4v7duaymysz9-session-947268b28bae-lifetime-10:***@rp.scrapegw.com:6060	ConnectionTimeoutError: Connection timeout to host https://discord.com/api/v9/unique-username/username-attempt-unauthed
2026-09-01 18:28:53	NETWORK	glei	attempt=1	proxy=http://wiw4v7duaymysz9-session-15ecf8c444d0-lifetime-10:***@rp.scrapegw.com:6060	ConnectionTimeoutError: Connection timeout to host https://discord.com/api/v9/unique-username/username-attempt-unauthed
2026-09-01 18:28:53	NETWORK	gleh	attempt=1	proxy=http://wiw4v7duaymysz9-session-70de7b366949-lifetime-10:***@rp.scrapegw.com:6060	ConnectionTimeoutError: Connection timeout to host https://discord.com/api/v9/unique-username/username-attempt-unauthed
2026-09-01 18:28:53	NETWORK	glaf	attempt=1	proxy=http://wiw4v7duaymysz9-session-c3b1766dd72f-lifetime-10:***@rp.scrapegw.com:6060	ConnectionTimeoutError: Connection timeout to host https://discord.com/api/v9/unique-username/username-attempt-unauthed
2026-09-01 18:28:53	NETWORK	gkze	attempt=1	proxy=http://wiw4v7duaymysz9-session-66096d657099-lifetime-10:***@rp.scrapegw.com:6060	ConnectionTimeoutError: Connection timeout to host https://discord.com/api/v9/unique-username/username-attempt-unauthed
2026-09-01 18:28:53	NETWORK	gkzc	attempt=1	proxy=http://wiw4v7duaymysz9-session-077a98f1f6c0-lifetime-10:***@rp.scrapegw.com:6060	ConnectionTimeoutError: Connection timeout to host https://discord.com/api/v9/unique-username/username-attempt-unauthed
2026-09-01 18:28:53	NETWORK	gkyu	attempt=1	proxy=http://wiw4v7duaymysz9-session-3f683a9b5a9c-lifetime-10:***@rp.scrapegw.com:6060	ConnectionTimeoutError: Connection timeout to host https://discord.com/api/v9/unique-username/username-attempt-unauthed
2026-09-01 18:28:53	NETWORK	gkyo	attempt=1	proxy=http://wiw4v7duaymysz9-session-0d4ddc38637a-lifetime-10:***@rp.scrapegw.com:6060	ConnectionTimeoutError: Connection timeout to host https://discord.com/api/v9/unique-username/username-attempt-unauthed
2026-09-01 18:28:53	NETWORK	glea	attempt=1	proxy=http://wiw4v7duaymysz9-session-866e2b4d62b0-lifetime-10:***@rp.scrapegw.com:6060	ConnectionTimeoutError: Connection timeout to host https://discord.com/api/v9/unique-username/username-attempt-unauthed
2026-09-01 18:28:53	NETWORK	glah	attempt=1	proxy=http://wiw4v7duaymysz9-session-0ba566037248-lifetime-10:***@rp.scrapegw.com:6060	ConnectionTimeoutError: Connection timeout to host https://discord.com/api/v9/unique-username/username-attempt-unauthed
2026-09-01 18:28:53	NETWORK	glac	attempt=1	proxy=http://wiw4v7duaymysz9-session-d5b155d93849-lifetime-10:***@rp.scrapegw.com:6060	ConnectionTimeoutError: Connection timeout to host https://discord.com/api/v9/unique-username/username-attempt-unauthed
2026-09-01 18:28:53	NETWORK	glcd	attempt=1	proxy=http://wiw4v7duaymysz9-session-777c7c7bc6e6-lifetime-10:***@rp.scrapegw.com:6060	ConnectionTimeoutError: Connection timeout to host https://discord.com/api/v9/unique-username/username-attempt-unauthed
2026-09-01 18:28:53	HTTP_429	gkyd	attempt=1	proxy=http://wiw4v7duaymysz9-session-688b1348e301-lifetime-10:***@rp.scrapegw.com:6060	scope=shared global=False retry_after=745.00s
2026-09-01 18:28:54	HTTP_429	gpee	attempt=1	proxy=http://wiw4v7duaymysz9-session-907db9de05a3-lifetime-10:***@rp.scrapegw.com:6060	scope=shared global=False retry_after=7.00s
2026-09-01 18:28:54	HTTP_429	glwr	attempt=1	proxy=http://wiw4v7duaymysz9-session-1f95eca2f896-lifetime-10:***@rp.scrapegw.com:6060	scope=shared global=False retry_after=1620.00s
2026-09-01 18:28:54	HTTP_429	gpgr	attempt=1	proxy=http://wiw4v7duaymysz9-session-7363fbdcdf57-lifetime-10:***@rp.scrapegw.com:6060	scope=shared global=False retry_after=1286.00s
2026-09-01 18:28:54	HTTP_429	gpjm	attempt=1	proxy=http://wiw4v7duaymysz9-session-e9c49641fe15-lifetime-10:***@rp.scrapegw.com:6060	scope=shared global=False retry_after=2062.00s
2026-09-01 18:28:54	NETWORK	glhd	attempt=1	proxy=http://wiw4v7duaymysz9-session-51f2abffd579-lifetime-10:***@rp.scrapegw.com:6060	ConnectionTimeoutError: Connection timeout to host https://discord.com/api/v9/unique-username/username-attempt-unauthed
2026-09-01 18:28:54	NETWORK	gljw	attempt=1	proxy=http://wiw4v7duaymysz9-session-fdb8118b953f-lifetime-10:***@rp.scrapegw.com:6060	ConnectionTimeoutError: Connection timeout to host https://discord.com/api/v9/unique-username/username-attempt-unauthed
2026-09-01 18:28:54	NETWORK	glmd	attempt=1	proxy=http://wiw4v7duaymysz9-session-0f2ac2e24f9d-lifetime-10:***@rp.scrapegw.com:6060	ConnectionTimeoutError: Connection timeout to host https://discord.com/api/v9/unique-username/username-attempt-unauthed
2026-09-01 18:28:54	NETWORK	glms	attempt=1	proxy=http://wiw4v7duaymysz9-session-773fac8b2423-lifetime-10:***@rp.scrapegw.com:6060	ConnectionTimeoutError: Connection timeout to host https://discord.com/api/v9/unique-username/username-attempt-unauthed
2026-09-01 18:28:54	NETWORK	glnl	attempt=1	proxy=http://wiw4v7duaymysz9-session-e0ced4221674-lifetime-10:***@rp.scrapegw.com:6060	ConnectionTimeoutError: Connection timeout to host https://discord.com/api/v9/unique-username/username-attempt-unauthed
2026-09-01 18:28:54	NETWORK	gllz	attempt=1	proxy=http://wiw4v7duaymysz9-session-ea394a775da7-lifetime-10:***@rp.scrapegw.com:6060	ConnectionTimeoutError: Connection timeout to host https://discord.com/api/v9/unique-username/username-attempt-unauthed
2026-09-01 18:28:54	NETWORK	glhy	attempt=1	proxy=http://wiw4v7duaymysz9-session-08f9ed10d67d-lifetime-10:***@rp.scrapegw.com:6060	ConnectionTimeoutError: Connection timeout to host https://discord.com/api/v9/unique-username/username-attempt-unauthed
2026-09-01 18:28:54	NETWORK	glmu	attempt=1	proxy=http://wiw4v7duaymysz9-session-3f2530707926-lifetime-10:***@rp.scrapegw.com:6060	ConnectionTimeoutError: Connection timeout to host https://discord.com/api/v9/unique-username/username-attempt-unauthed
2026-09-01 18:28:54	NETWORK	glnk	attempt=1	proxy=http://wiw4v7duaymysz9-session-52b2ae369ca3-lifetime-10:***@rp.scrapegw.com:6060	ConnectionTimeoutError: Connection timeout to host https://discord.com/api/v9/unique-username/username-attempt-unauthed
2026-09-01 18:28:54	NETWORK	glno	attempt=1	proxy=http://wiw4v7duaymysz9-session-92fbd0ed62fa-lifetime-10:***@rp.scrapegw.com:6060	ConnectionTimeoutError: Connection timeout to host https://discord.com/api/v9/unique-username/username-attempt-unauthed
2026-09-01 18:28:54	NETWORK	gllr	attempt=1	proxy=http://wiw4v7duaymysz9-session-3198fb99ff09-lifetime-10:***@rp.scrapegw.com:6060	ConnectionTimeoutError: Connection timeout to host https://discord.com/api/v9/unique-username/username-attempt-unauthed
2026-09-01 18:28:54	NETWORK	glih	attempt=1	proxy=http://wiw4v7duaymysz9-session-3338925b0610-lifetime-10:***@rp.scrapegw.com:6060	ConnectionTimeoutError: Connection timeout to host https://discord.com/api/v9/unique-username/username-attempt-unauthed
2026-09-01 18:28:54	NETWORK	gljt	attempt=1	proxy=http://wiw4v7duaymysz9-session-41562a2dac67-lifetime-10:***@rp.scrapegw.com:6060	ConnectionTimeoutError: Connection timeout to host https://discord.com/api/v9/unique-username/username-attempt-unauthed
2026-09-01 18:28:54	NETWORK	glhu	attempt=1	proxy=http://wiw4v7duaymysz9-session-a0a82d7f7e36-lifetime-10:***@rp.scrapegw.com:6060	ConnectionTimeoutError: Connection timeout to host https://discord.com/api/v9/unique-username/username-attempt-unauthed
2026-09-01 18:28:54	NETWORK	glhs	attempt=1	proxy=http://wiw4v7duaymysz9-session-a56aaf7d1b11-lifetime-10:***@rp.scrapegw.com:6060	ConnectionTimeoutError: Connection timeout to host https://discord.com/api/v9/unique-username/username-attempt-unauthed
2026-09-01 18:28:54	NETWORK	glni	attempt=1	proxy=http://wiw4v7duaymysz9-session-e7a6e97bcda8-lifetime-10:***@rp.scrapegw.com:6060	ConnectionTimeoutError: Connection timeout to host https://discord.com/api/v9/unique-username/username-attempt-unauthed
2026-09-01 18:28:54	NETWORK	glkk	attempt=1	proxy=http://wiw4v7duaymysz9-session-f0dd9233e452-lifetime-10:***@rp.scrapegw.com:6060	ConnectionTimeoutError: Connection timeout to host https://discord.com/api/v9/unique-username/username-attempt-unauthed
2026-09-01 18:28:54	NETWORK	gljx	attempt=1	proxy=http://wiw4v7duaymysz9-session-09cd4803f566-lifetime-10:***@rp.scrapegw.com:6060	ConnectionTimeoutError: Connection timeout to host https://discord.com/api/v9/unique-username/username-attempt-unauthed
2026-09-01 18:28:54	NETWORK	gllp	attempt=1	proxy=http://wiw4v7duaymysz9-session-5ee9f3894357-lifetime-10:***@rp.scrapegw.com:6060	ConnectionTimeoutError: Connection timeout to host https://discord.com/api/v9/unique-username/username-attempt-unauthed
2026-09-01 18:28:54	NETWORK	glii	attempt=1	proxy=http://wiw4v7duaymysz9-session-436ce4b5eead-lifetime-10:***@rp.scrapegw.com:6060	ConnectionTimeoutError: Connection timeout to host https://discord.com/api/v9/unique-username/username-attempt-unauthed
2026-09-01 18:28:54	NETWORK	glkb	attempt=1	proxy=http://wiw4v7duaymysz9-session-91782bcf1247-lifetime-10:***@rp.scrapegw.com:6060	ConnectionTimeoutError: Connection timeout to host https://discord.com/api/v9/unique-username/username-attempt-unauthed
2026-09-01 18:28:54	NETWORK	glng	attempt=1	proxy=http://wiw4v7duaymysz9-session-0bda033a28d0-lifetime-10:***@rp.scrapegw.com:6060	ConnectionTimeoutError: Connection timeout to host https://discord.com/api/v9/unique-username/username-attempt-unauthed
2026-09-01 18:28:54	NETWORK	glhr	attempt=1	proxy=http://wiw4v7duaymysz9-session-7b5627b8b3e9-lifetime-10:***@rp.scrapegw.com:6060	ConnectionTimeoutError: Connection timeout to host https://discord.com/api/v9/unique-username/username-attempt-unauthed
2026-09-01 18:28:54	NETWORK	gllt	attempt=1	proxy=http://wiw4v7duaymysz9-session-cff2720a5cc2-lifetime-10:***@rp.scrapegw.com:6060	ConnectionTimeoutError: Connection timeout to host https://discord.com/api/v9/unique-username/username-attempt-unauthed
2026-09-01 18:28:54	NETWORK	glmh	attempt=1	proxy=http://wiw4v7duaymysz9-session-325a5209892d-lifetime-10:***@rp.scrapegw.com:6060	ConnectionTimeoutError: Connection timeout to host https://discord.com/api/v9/unique-username/username-attempt-unauthed
2026-09-01 18:28:54	NETWORK	glnn	attempt=1	proxy=http://wiw4v7duaymysz9-session-fdb626e010a0-lifetime-10:***@rp.scrapegw.com:6060	ConnectionTimeoutError: Connection timeout to host https://discord.com/api/v9/unique-username/username-attempt-unauthed
2026-09-01 18:28:54	NETWORK	glik	attempt=1	proxy=http://wiw4v7duaymysz9-session-b509011ff9fc-lifetime-10:***@rp.scrapegw.com:6060	ConnectionTimeoutError: Connection timeout to host https://discord.com/api/v9/unique-username/username-attempt-unauthed
2026-09-01 18:28:54	NETWORK	gljo	attempt=1	proxy=http://wiw4v7duaymysz9-session-affe1e5caf7e-lifetime-10:***@rp.scrapegw.com:6060	ConnectionTimeoutError: Connection timeout to host https://discord.com/api/v9/unique-username/username-attempt-unauthed
2026-09-01 18:28:54	NETWORK	glkr	attempt=1	proxy=http://wiw4v7duaymysz9-session-80c1188f7a95-lifetime-10:***@rp.scrapegw.com:6060	ConnectionTimeoutError: Connection timeout to host https://discord.com/api/v9/unique-username/username-attempt-unauthed
2026-09-01 18:28:54	NETWORK	glkn	attempt=1	proxy=http://wiw4v7duaymysz9-session-74f40e629c24-lifetime-10:***@rp.scrapegw.com:6060	ConnectionTimeoutError: Connection timeout to host https://discord.com/api/v9/unique-username/username-attempt-unauthed
2026-09-01 18:28:54	NETWORK	gllk	attempt=1	proxy=http://wiw4v7duaymysz9-session-db74baef6ea1-lifetime-10:***@rp.scrapegw.com:6060	ConnectionTimeoutError: Connection timeout to host https://discord.com/api/v9/unique-username/username-attempt-unauthed
2026-09-01 18:28:54	NETWORK	glmw	attempt=1	proxy=http://wiw4v7duaymysz9-session-cd4edc7f54c6-lifetime-10:***@rp.scrapegw.com:6060	ConnectionTimeoutError: Connection timeout to host https://discord.com/api/v9/unique-username/username-attempt-unauthed
2026-09-01 18:28:54	NETWORK	glkx	attempt=1	proxy=http://wiw4v7duaymysz9-session-be361928bd50-lifetime-10:***@rp.scrapegw.com:6060	ConnectionTimeoutError: Connection timeout to host https://discord.com/api/v9/unique-username/username-attempt-unauthed
2026-09-01 18:28:54	NETWORK	glhg	attempt=1	proxy=http://wiw4v7duaymysz9-session-ee3967308ae6-lifetime-10:***@rp.scrapegw.com:6060	ConnectionTimeoutError: Connection timeout to host https://discord.com/api/v9/unique-username/username-attempt-unauthed
2026-09-01 18:28:54	NETWORK	glnj	attempt=1	proxy=http://wiw4v7duaymysz9-session-b3b2281f574b-lifetime-10:***@rp.scrapegw.com:6060	ConnectionTimeoutError: Connection timeout to host https://discord.com/api/v9/unique-username/username-attempt-unauthed
2026-09-01 18:28:54	NETWORK	glhj	attempt=1	proxy=http://wiw4v7duaymysz9-session-72f06e8da996-lifetime-10:***@rp.scrapegw.com:6060	ConnectionTimeoutError: Connection timeout to host https://discord.com/api/v9/unique-username/username-attempt-unauthed
2026-09-01 18:28:54	HTTP_429	gnux	attempt=1	proxy=http://wiw4v7duaymysz9-session-ae16817cc499-lifetime-10:***@rp.scrapegw.com:6060	scope=shared global=False retry_after=1320.00s
2026-09-01 18:28:54	NETWORK	gmna	attempt=1	proxy=http://wiw4v7duaymysz9-session-b7203c7c5803-lifetime-10:***@rp.scrapegw.com:6060	ClientConnectorError: Cannot connect to host discord.com:443 ssl:default [Connection reset by peer]
2026-09-01 18:28:55	NETWORK	gmhl	attempt=1	proxy=http://wiw4v7duaymysz9-session-47f61fc08f3d-lifetime-10:***@rp.scrapegw.com:6060	ClientConnectorError: Cannot connect to host discord.com:443 ssl:default [Connection reset by peer]
2026-09-01 18:28:55	NETWORK	gmqm	attempt=1	proxy=http://wiw4v7duaymysz9-session-fe76fa54619c-lifetime-10:***@rp.scrapegw.com:6060	ClientConnectorError: Cannot connect to host discord.com:443 ssl:default [Connection reset by peer]
2026-09-01 18:28:55	NETWORK	gokr	attempt=1	proxy=http://wiw4v7duaymysz9-session-1098534c94cb-lifetime-10:***@rp.scrapegw.com:6060	ClientConnectorCertificateError: Cannot connect to host discord.com:443 ssl:True [SSLCertVerificationError: (1, '[SSL: CERTIFICATE_VERIFY_FAILED] certificate verify failed: self-signed certificate (_ssl.c:1081)')]
2026-09-01 18:28:55	HTTP_429	gpkv	attempt=1	proxy=http://wiw4v7duaymysz9-session-4a94eca68c9c-lifetime-10:***@rp.scrapegw.com:6060	scope=shared global=False retry_after=347.00s
2026-09-01 18:28:55	NETWORK	gmvi	attempt=1	proxy=http://wiw4v7duaymysz9-session-26ff533db7e5-lifetime-10:***@rp.scrapegw.com:6060	ClientConnectorError: Cannot connect to host discord.com:443 ssl:default [Connection reset by peer]
2026-09-01 18:28:55	NETWORK	glsz	attempt=1	proxy=http://wiw4v7duaymysz9-session-1d6bc450cabd-lifetime-10:***@rp.scrapegw.com:6060	ConnectionTimeoutError: Connection timeout to host https://discord.com/api/v9/unique-username/username-attempt-unauthed
2026-09-01 18:28:55	NETWORK	glua	attempt=1	proxy=http://wiw4v7duaymysz9-session-e8adb1184e9b-lifetime-10:***@rp.scrapegw.com:6060	ConnectionTimeoutError: Connection timeout to host https://discord.com/api/v9/unique-username/username-attempt-unauthed
2026-09-01 18:28:55	NETWORK	gloq	attempt=1	proxy=http://wiw4v7duaymysz9-session-062d4b9dbd51-lifetime-10:***@rp.scrapegw.com:6060	ConnectionTimeoutError: Connection timeout to host https://discord.com/api/v9/unique-username/username-attempt-unauthed
2026-09-01 18:28:55	NETWORK	gluh	attempt=1	proxy=http://wiw4v7duaymysz9-session-6d75c8ce1176-lifetime-10:***@rp.scrapegw.com:6060	ConnectionTimeoutError: Connection timeout to host https://discord.com/api/v9/unique-username/username-attempt-unauthed
2026-09-01 18:28:55	NETWORK	gloi	attempt=1	proxy=http://wiw4v7duaymysz9-session-3701aacb37c7-lifetime-10:***@rp.scrapegw.com:6060	ConnectionTimeoutError: Connection timeout to host https://discord.com/api/v9/unique-username/username-attempt-unauthed
2026-09-01 18:28:55	NETWORK	glvt	attempt=1	proxy=http://wiw4v7duaymysz9-session-d106e885eda1-lifetime-10:***@rp.scrapegw.com:6060	ConnectionTimeoutError: Connection timeout to host https://discord.com/api/v9/unique-username/username-attempt-unauthed
2026-09-01 18:28:55	NETWORK	glre	attempt=1	proxy=http://wiw4v7duaymysz9-session-f0f46e418aae-lifetime-10:***@rp.scrapegw.com:6060	ConnectionTimeoutError: Connection timeout to host https://discord.com/api/v9/unique-username/username-attempt-unauthed
2026-09-01 18:28:55	NETWORK	glus	attempt=1	proxy=http://wiw4v7duaymysz9-session-7a1be7bdcdaf-lifetime-10:***@rp.scrapegw.com:6060	ConnectionTimeoutError: Connection timeout to host https://discord.com/api/v9/unique-username/username-attempt-unauthed
2026-09-01 18:28:55	NETWORK	gltk	attempt=1	proxy=http://wiw4v7duaymysz9-session-6cfc9e5eed11-lifetime-10:***@rp.scrapegw.com:6060	ConnectionTimeoutError: Connection timeout to host https://discord.com/api/v9/unique-username/username-attempt-unauthed
2026-09-01 18:28:55	NETWORK	gloj	attempt=1	proxy=http://wiw4v7duaymysz9-session-db54b43bbf9e-lifetime-10:***@rp.scrapegw.com:6060	ConnectionTimeoutError: Connection timeout to host https://discord.com/api/v9/unique-username/username-attempt-unauthed
2026-09-01 18:28:55	NETWORK	gloc	attempt=1	proxy=http://wiw4v7duaymysz9-session-0464bf91cf38-lifetime-10:***@rp.scrapegw.com:6060	ConnectionTimeoutError: Connection timeout to host https://discord.com/api/v9/unique-username/username-attempt-unauthed
2026-09-01 18:28:55	NETWORK	gltz	attempt=1	proxy=http://wiw4v7duaymysz9-session-9ea993c58b5e-lifetime-10:***@rp.scrapegw.com:6060	ConnectionTimeoutError: Connection timeout to host https://discord.com/api/v9/unique-username/username-attempt-unauthed
2026-09-01 18:28:55	NETWORK	glrh	attempt=1	proxy=http://wiw4v7duaymysz9-session-fe535b9f8c69-lifetime-10:***@rp.scrapegw.com:6060	ConnectionTimeoutError: Connection timeout to host https://discord.com/api/v9/unique-username/username-attempt-unauthed
2026-09-01 18:28:55	NETWORK	glrr	attempt=1	proxy=http://wiw4v7duaymysz9-session-df5fb9b35b78-lifetime-10:***@rp.scrapegw.com:6060	ConnectionTimeoutError: Connection timeout to host https://discord.com/api/v9/unique-username/username-attempt-unauthed
2026-09-01 18:28:55	NETWORK	gltd	attempt=1	proxy=http://wiw4v7duaymysz9-session-9aeb1b9b211b-lifetime-10:***@rp.scrapegw.com:6060	ConnectionTimeoutError: Connection timeout to host https://discord.com/api/v9/unique-username/username-attempt-unauthed
2026-09-01 18:28:55	NETWORK	glpj	attempt=1	proxy=http://wiw4v7duaymysz9-session-93a32d9d38ef-lifetime-10:***@rp.scrapegw.com:6060	ConnectionTimeoutError: Connection timeout to host https://discord.com/api/v9/unique-username/username-attempt-unauthed
2026-09-01 18:28:55	NETWORK	glqy	attempt=1	proxy=http://wiw4v7duaymysz9-session-e7bc3aa72130-lifetime-10:***@rp.scrapegw.com:6060	ConnectionTimeoutError: Connection timeout to host https://discord.com/api/v9/unique-username/username-attempt-unauthed
2026-09-01 18:28:55	NETWORK	glpr	attempt=1	proxy=http://wiw4v7duaymysz9-session-bbb42772d029-lifetime-10:***@rp.scrapegw.com:6060	ConnectionTimeoutError: Connection timeout to host https://discord.com/api/v9/unique-username/username-attempt-unauthed
2026-09-01 18:28:55	NETWORK	glqe	attempt=1	proxy=http://wiw4v7duaymysz9-session-a01c3ce0bb32-lifetime-10:***@rp.scrapegw.com:6060	ConnectionTimeoutError: Connection timeout to host https://discord.com/api/v9/unique-username/username-attempt-unauthed
2026-09-01 18:28:55	NETWORK	glrp	attempt=1	proxy=http://wiw4v7duaymysz9-session-15c66a957ffd-lifetime-10:***@rp.scrapegw.com:6060	ConnectionTimeoutError: Connection timeout to host https://discord.com/api/v9/unique-username/username-attempt-unauthed
2026-09-01 18:28:55	NETWORK	glsi	attempt=1	proxy=http://wiw4v7duaymysz9-session-d6a6d14020dd-lifetime-10:***@rp.scrapegw.com:6060	ConnectionTimeoutError: Connection timeout to host https://discord.com/api/v9/unique-username/username-attempt-unauthed
2026-09-01 18:28:55	NETWORK	glrx	attempt=1	proxy=http://wiw4v7duaymysz9-session-dced6e07ec13-lifetime-10:***@rp.scrapegw.com:6060	ConnectionTimeoutError: Connection timeout to host https://discord.com/api/v9/unique-username/username-attempt-unauthed
2026-09-01 18:28:55	NETWORK	glqj	attempt=1	proxy=http://wiw4v7duaymysz9-session-e3f8ccfcd936-lifetime-10:***@rp.scrapegw.com:6060	ConnectionTimeoutError: Connection timeout to host https://discord.com/api/v9/unique-username/username-attempt-unauthed
2026-09-01 18:28:55	NETWORK	glpl	attempt=1	proxy=http://wiw4v7duaymysz9-session-b2198a0248c9-lifetime-10:***@rp.scrapegw.com:6060	ConnectionTimeoutError: Connection timeout to host https://discord.com/api/v9/unique-username/username-attempt-unauthed
2026-09-01 18:28:55	NETWORK	glou	attempt=1	proxy=http://wiw4v7duaymysz9-session-988a1bad14f8-lifetime-10:***@rp.scrapegw.com:6060	ConnectionTimeoutError: Connection timeout to host https://discord.com/api/v9/unique-username/username-attempt-unauthed
2026-09-01 18:28:55	NETWORK	glsy	attempt=1	proxy=http://wiw4v7duaymysz9-session-d6918497483b-lifetime-10:***@rp.scrapegw.com:6060	ConnectionTimeoutError: Connection timeout to host https://discord.com/api/v9/unique-username/username-attempt-unauthed
2026-09-01 18:28:55	NETWORK	glqs	attempt=1	proxy=http://wiw4v7duaymysz9-session-900b192b57b9-lifetime-10:***@rp.scrapegw.com:6060	ConnectionTimeoutError: Connection timeout to host https://discord.com/api/v9/unique-username/username-attempt-unauthed
2026-09-01 18:28:55	NETWORK	glul	attempt=1	proxy=http://wiw4v7duaymysz9-session-ae622b2b7f7a-lifetime-10:***@rp.scrapegw.com:6060	ConnectionTimeoutError: Connection timeout to host https://discord.com/api/v9/unique-username/username-attempt-unauthed
2026-09-01 18:28:56	NETWORK	gnhh	attempt=1	proxy=http://wiw4v7duaymysz9-session-8f5a624a3b5f-lifetime-10:***@rp.scrapegw.com:6060	ClientConnectorError: Cannot connect to host discord.com:443 ssl:default [Connection reset by peer]
2026-09-01 18:28:56	HTTP_429	gmtq	attempt=1	proxy=http://wiw4v7duaymysz9-session-907db9de05a3-lifetime-10:***@rp.scrapegw.com:6060	scope=shared global=False retry_after=5.00s
2026-09-01 18:28:56	NETWORK	gmvx	attempt=1	proxy=http://wiw4v7duaymysz9-session-3adc5ef1b12d-lifetime-10:***@rp.scrapegw.com:6060	ClientConnectorError: Cannot connect to host discord.com:443 ssl:default [Connection reset by peer]
2026-09-01 18:28:56	NETWORK	gnlp	attempt=1	proxy=http://wiw4v7duaymysz9-session-8585c42afc04-lifetime-10:***@rp.scrapegw.com:6060	ClientConnectorError: Cannot connect to host discord.com:443 ssl:default [Connection reset by peer]
2026-09-01 18:28:56	NETWORK	glzp	attempt=1	proxy=http://wiw4v7duaymysz9-session-4ada50c4d436-lifetime-10:***@rp.scrapegw.com:6060	ConnectionTimeoutError: Connection timeout to host https://discord.com/api/v9/unique-username/username-attempt-unauthed
2026-09-01 18:28:56	NETWORK	gmci	attempt=1	proxy=http://wiw4v7duaymysz9-session-a842b7f66ae5-lifetime-10:***@rp.scrapegw.com:6060	ConnectionTimeoutError: Connection timeout to host https://discord.com/api/v9/unique-username/username-attempt-unauthed
2026-09-01 18:28:56	NETWORK	glzh	attempt=1	proxy=http://wiw4v7duaymysz9-session-acfc67e15d7c-lifetime-10:***@rp.scrapegw.com:6060	ConnectionTimeoutError: Connection timeout to host https://discord.com/api/v9/unique-username/username-attempt-unauthed
2026-09-01 18:28:56	NETWORK	gmcb	attempt=1	proxy=http://wiw4v7duaymysz9-session-458628a61a2e-lifetime-10:***@rp.scrapegw.com:6060	ConnectionTimeoutError: Connection timeout to host https://discord.com/api/v9/unique-username/username-attempt-unauthed
2026-09-01 18:28:56	NETWORK	glyp	attempt=1	proxy=http://wiw4v7duaymysz9-session-a2342e9d9dde-lifetime-10:***@rp.scrapegw.com:6060	ConnectionTimeoutError: Connection timeout to host https://discord.com/api/v9/unique-username/username-attempt-unauthed
2026-09-01 18:28:56	NETWORK	gmal	attempt=1	proxy=http://wiw4v7duaymysz9-session-a8fc27645c17-lifetime-10:***@rp.scrapegw.com:6060	ConnectionTimeoutError: Connection timeout to host https://discord.com/api/v9/unique-username/username-attempt-unauthed
2026-09-01 18:28:56	NETWORK	glwo	attempt=1	proxy=http://wiw4v7duaymysz9-session-afeb648c5061-lifetime-10:***@rp.scrapegw.com:6060	ConnectionTimeoutError: Connection timeout to host https://discord.com/api/v9/unique-username/username-attempt-unauthed
2026-09-01 18:28:56	NETWORK	gmcc	attempt=1	proxy=http://wiw4v7duaymysz9-session-663c7b6ed63e-lifetime-10:***@rp.scrapegw.com:6060	ConnectionTimeoutError: Connection timeout to host https://discord.com/api/v9/unique-username/username-attempt-unauthed
2026-09-01 18:28:56	NETWORK	glvy	attempt=1	proxy=http://wiw4v7duaymysz9-session-d7465e8cc8f3-lifetime-10:***@rp.scrapegw.com:6060	ConnectionTimeoutError: Connection timeout to host https://discord.com/api/v9/unique-username/username-attempt-unauthed
2026-09-01 18:28:56	NETWORK	glxj	attempt=1	proxy=http://wiw4v7duaymysz9-session-a410d775e726-lifetime-10:***@rp.scrapegw.com:6060	ConnectionTimeoutError: Connection timeout to host https://discord.com/api/v9/unique-username/username-attempt-unauthed
2026-09-01 18:28:56	NETWORK	gmaa	attempt=1	proxy=http://wiw4v7duaymysz9-session-2e302e5f0398-lifetime-10:***@rp.scrapegw.com:6060	ConnectionTimeoutError: Connection timeout to host https://discord.com/api/v9/unique-username/username-attempt-unauthed
2026-09-01 18:28:56	NETWORK	gmbi	attempt=1	proxy=http://wiw4v7duaymysz9-session-ea4e5fbc27aa-lifetime-10:***@rp.scrapegw.com:6060	ConnectionTimeoutError: Connection timeout to host https://discord.com/api/v9/unique-username/username-attempt-unauthed
2026-09-01 18:28:56	NETWORK	gmbj	attempt=1	proxy=http://wiw4v7duaymysz9-session-8a887e74cdcd-lifetime-10:***@rp.scrapegw.com:6060	ConnectionTimeoutError: Connection timeout to host https://discord.com/api/v9/unique-username/username-attempt-unauthed
2026-09-01 18:28:56	NETWORK	glwt	attempt=1	proxy=http://wiw4v7duaymysz9-session-95f5fb0e5c2a-lifetime-10:***@rp.scrapegw.com:6060	ConnectionTimeoutError: Connection timeout to host https://discord.com/api/v9/unique-username/username-attempt-unauthed
2026-09-01 18:28:56	NETWORK	gmbf	attempt=1	proxy=http://wiw4v7duaymysz9-session-c3c5db3a7e4e-lifetime-10:***@rp.scrapegw.com:6060	ConnectionTimeoutError: Connection timeout to host https://discord.com/api/v9/unique-username/username-attempt-unauthed
2026-09-01 18:28:56	NETWORK	gmas	attempt=1	proxy=http://wiw4v7duaymysz9-session-9b2a445a1006-lifetime-10:***@rp.scrapegw.com:6060	ConnectionTimeoutError: Connection timeout to host https://discord.com/api/v9/unique-username/username-attempt-unauthed
2026-09-01 18:28:56	NETWORK	gmbp	attempt=1	proxy=http://wiw4v7duaymysz9-session-9377766f0765-lifetime-10:***@rp.scrapegw.com:6060	ConnectionTimeoutError: Connection timeout to host https://discord.com/api/v9/unique-username/username-attempt-unauthed
2026-09-01 18:28:56	NETWORK	glwa	attempt=1	proxy=http://wiw4v7duaymysz9-session-cc4a4da15b87-lifetime-10:***@rp.scrapegw.com:6060	ConnectionTimeoutError: Connection timeout to host https://discord.com/api/v9/unique-username/username-attempt-unauthed
2026-09-01 18:28:56	NETWORK	glzq	attempt=1	proxy=http://wiw4v7duaymysz9-session-8c6892be65fb-lifetime-10:***@rp.scrapegw.com:6060	ConnectionTimeoutError: Connection timeout to host https://discord.com/api/v9/unique-username/username-attempt-unauthed
2026-09-01 18:28:56	NETWORK	gmcm	attempt=1	proxy=http://wiw4v7duaymysz9-session-2588a7a0c729-lifetime-10:***@rp.scrapegw.com:6060	ConnectionTimeoutError: Connection timeout to host https://discord.com/api/v9/unique-username/username-attempt-unauthed
2026-09-01 18:28:56	NETWORK	glvw	attempt=1	proxy=http://wiw4v7duaymysz9-session-4ffadfb41079-lifetime-10:***@rp.scrapegw.com:6060	ConnectionTimeoutError: Connection timeout to host https://discord.com/api/v9/unique-username/username-attempt-unauthed
2026-09-01 18:28:56	NETWORK	glwl	attempt=1	proxy=http://wiw4v7duaymysz9-session-09edc05120b3-lifetime-10:***@rp.scrapegw.com:6060	ConnectionTimeoutError: Connection timeout to host https://discord.com/api/v9/unique-username/username-attempt-unauthed
2026-09-01 18:28:56	NETWORK	glxy	attempt=1	proxy=http://wiw4v7duaymysz9-session-41f4d86f5a9c-lifetime-10:***@rp.scrapegw.com:6060	ConnectionTimeoutError: Connection timeout to host https://discord.com/api/v9/unique-username/username-attempt-unauthed
2026-09-01 18:28:56	NETWORK	glzt	attempt=1	proxy=http://wiw4v7duaymysz9-session-8472f02ba48a-lifetime-10:***@rp.scrapegw.com:6060	ConnectionTimeoutError: Connection timeout to host https://discord.com/api/v9/unique-username/username-attempt-unauthed
2026-09-01 18:28:56	NETWORK	glys	attempt=1	proxy=http://wiw4v7duaymysz9-session-ef13d972df21-lifetime-10:***@rp.scrapegw.com:6060	ConnectionTimeoutError: Connection timeout to host https://discord.com/api/v9/unique-username/username-attempt-unauthed
2026-09-01 18:28:56	NETWORK	glwm	attempt=1	proxy=http://wiw4v7duaymysz9-session-39d3a5b3d995-lifetime-10:***@rp.scrapegw.com:6060	ConnectionTimeoutError: Connection timeout to host https://discord.com/api/v9/unique-username/username-attempt-unauthed
2026-09-01 18:28:56	NETWORK	glyh	attempt=1	proxy=http://wiw4v7duaymysz9-session-5879463e9d8e-lifetime-10:***@rp.scrapegw.com:6060	ConnectionTimeoutError: Connection timeout to host https://discord.com/api/v9/unique-username/username-attempt-unauthed
2026-09-01 18:28:56	NETWORK	gmcj	attempt=1	proxy=http://wiw4v7duaymysz9-session-a89113b5b7d2-lifetime-10:***@rp.scrapegw.com:6060	ConnectionTimeoutError: Connection timeout to host https://discord.com/api/v9/unique-username/username-attempt-unauthed
2026-09-01 18:28:56	NETWORK	gmbu	attempt=1	proxy=http://wiw4v7duaymysz9-session-6a3b302ef2ea-lifetime-10:***@rp.scrapegw.com:6060	ConnectionTimeoutError: Connection timeout to host https://discord.com/api/v9/unique-username/username-attempt-unauthed
2026-09-01 18:28:56	NETWORK	gmaq	attempt=1	proxy=http://wiw4v7duaymysz9-session-fddeb86ef99f-lifetime-10:***@rp.scrapegw.com:6060	ConnectionTimeoutError: Connection timeout to host https://discord.com/api/v9/unique-username/username-attempt-unauthed
2026-09-01 18:28:56	NETWORK	gngd	attempt=1	proxy=http://wiw4v7duaymysz9-session-51f2abffd579-lifetime-10:***@rp.scrapegw.com:6060	ClientConnectorError: Cannot connect to host discord.com:443 ssl:default [Connection reset by peer]
2026-09-01 18:28:56	NETWORK	gmvj	attempt=1	proxy=http://wiw4v7duaymysz9-session-ec985d1f7d89-lifetime-10:***@rp.scrapegw.com:6060	ClientConnectorError: Cannot connect to host discord.com:443 ssl:default [Connection reset by peer]
2026-09-01 18:28:57	HTTP_429	gnpe	attempt=1	proxy=http://wiw4v7duaymysz9-session-e7a6e97bcda8-lifetime-10:***@rp.scrapegw.com:6060	scope=shared global=False retry_after=1939.00s
2026-09-01 18:28:57	HTTP_429	gqfo	attempt=1	proxy=http://wiw4v7duaymysz9-session-56ddc284d741-lifetime-10:***@rp.scrapegw.com:6060	scope=shared global=False retry_after=2148.00s
2026-09-01 18:28:57	NETWORK	gngf	attempt=1	proxy=http://wiw4v7duaymysz9-session-72f06e8da996-lifetime-10:***@rp.scrapegw.com:6060	ClientConnectorError: Cannot connect to host discord.com:443 ssl:default [Connection reset by peer]
2026-09-01 18:28:57	NETWORK	gmwh	attempt=1	proxy=http://wiw4v7duaymysz9-session-63058b42506b-lifetime-10:***@rp.scrapegw.com:6060	ClientConnectorError: Cannot connect to host discord.com:443 ssl:default [Connection reset by peer]
2026-09-01 18:28:57	NETWORK	gohd	attempt=1	proxy=http://wiw4v7duaymysz9-session-d95f785bacbb-lifetime-10:***@rp.scrapegw.com:6060	ClientConnectorError: Cannot connect to host discord.com:443 ssl:default [Connection reset by peer]
2026-09-01 18:28:57	NETWORK	gmcz	attempt=1	proxy=http://wiw4v7duaymysz9-session-702e18486e24-lifetime-10:***@rp.scrapegw.com:6060	ConnectionTimeoutError: Connection timeout to host https://discord.com/api/v9/unique-username/username-attempt-unauthed
2026-09-01 18:28:57	NETWORK	gmhz	attempt=1	proxy=http://wiw4v7duaymysz9-session-f6e8ba2b2527-lifetime-10:***@rp.scrapegw.com:6060	ConnectionTimeoutError: Connection timeout to host https://discord.com/api/v9/unique-username/username-attempt-unauthed
2026-09-01 18:28:57	NETWORK	gmey	attempt=1	proxy=http://wiw4v7duaymysz9-session-b83cfdd723b5-lifetime-10:***@rp.scrapegw.com:6060	ConnectionTimeoutError: Connection timeout to host https://discord.com/api/v9/unique-username/username-attempt-unauthed
2026-09-01 18:28:57	NETWORK	gmdd	attempt=1	proxy=http://wiw4v7duaymysz9-session-647a94ea569b-lifetime-10:***@rp.scrapegw.com:6060	ConnectionTimeoutError: Connection timeout to host https://discord.com/api/v9/unique-username/username-attempt-unauthed
2026-09-01 18:28:57	NETWORK	gmia	attempt=1	proxy=http://wiw4v7duaymysz9-session-071b71b7fcac-lifetime-10:***@rp.scrapegw.com:6060	ConnectionTimeoutError: Connection timeout to host https://discord.com/api/v9/unique-username/username-attempt-unauthed
2026-09-01 18:28:57	NETWORK	gmlj	attempt=1	proxy=http://wiw4v7duaymysz9-session-b9484b946c1a-lifetime-10:***@rp.scrapegw.com:6060	ConnectionTimeoutError: Connection timeout to host https://discord.com/api/v9/unique-username/username-attempt-unauthed
2026-09-01 18:28:57	NETWORK	gmjr	attempt=1	proxy=http://wiw4v7duaymysz9-session-77a3e6fe6943-lifetime-10:***@rp.scrapegw.com:6060	ConnectionTimeoutError: Connection timeout to host https://discord.com/api/v9/unique-username/username-attempt-unauthed
2026-09-01 18:28:57	NETWORK	gmjm	attempt=1	proxy=http://wiw4v7duaymysz9-session-75af2e2fe872-lifetime-10:***@rp.scrapegw.com:6060	ConnectionTimeoutError: Connection timeout to host https://discord.com/api/v9/unique-username/username-attempt-unauthed
2026-09-01 18:28:57	NETWORK	gmgk	attempt=1	proxy=http://wiw4v7duaymysz9-session-ccd06e1d6f85-lifetime-10:***@rp.scrapegw.com:6060	ConnectionTimeoutError: Connection timeout to host https://discord.com/api/v9/unique-username/username-attempt-unauthed
2026-09-01 18:28:57	NETWORK	gmjj	attempt=1	proxy=http://wiw4v7duaymysz9-session-dedf2c3d545c-lifetime-10:***@rp.scrapegw.com:6060	ConnectionTimeoutError: Connection timeout to host https://discord.com/api/v9/unique-username/username-attempt-unauthed
2026-09-01 18:28:57	NETWORK	gmks	attempt=1	proxy=http://wiw4v7duaymysz9-session-d9755bc170bc-lifetime-10:***@rp.scrapegw.com:6060	ConnectionTimeoutError: Connection timeout to host https://discord.com/api/v9/unique-username/username-attempt-unauthed
2026-09-01 18:28:57	NETWORK	gmlx	attempt=1	proxy=http://wiw4v7duaymysz9-session-71ff1e3d81ea-lifetime-10:***@rp.scrapegw.com:6060	ConnectionTimeoutError: Connection timeout to host https://discord.com/api/v9/unique-username/username-attempt-unauthed
2026-09-01 18:28:57	NETWORK	gmfr	attempt=1	proxy=http://wiw4v7duaymysz9-session-97aa77cfebe5-lifetime-10:***@rp.scrapegw.com:6060	ConnectionTimeoutError: Connection timeout to host https://discord.com/api/v9/unique-username/username-attempt-unauthed
2026-09-01 18:28:57	NETWORK	gmej	attempt=1	proxy=http://wiw4v7duaymysz9-session-a0d0e783040f-lifetime-10:***@rp.scrapegw.com:6060	ConnectionTimeoutError: Connection timeout to host https://discord.com/api/v9/unique-username/username-attempt-unauthed
2026-09-01 18:28:57	NETWORK	gmgi	attempt=1	proxy=http://wiw4v7duaymysz9-session-beb0ca81d78d-lifetime-10:***@rp.scrapegw.com:6060	ConnectionTimeoutError: Connection timeout to host https://discord.com/api/v9/unique-username/username-attempt-unauthed
2026-09-01 18:28:57	NETWORK	gmky	attempt=1	proxy=http://wiw4v7duaymysz9-session-74a90138818e-lifetime-10:***@rp.scrapegw.com:6060	ConnectionTimeoutError: Connection timeout to host https://discord.com/api/v9/unique-username/username-attempt-unauthed
2026-09-01 18:28:57	NETWORK	gmmb	attempt=1	proxy=http://wiw4v7duaymysz9-session-acc34af6f545-lifetime-10:***@rp.scrapegw.com:6060	ConnectionTimeoutError: Connection timeout to host https://discord.com/api/v9/unique-username/username-attempt-unauthed
2026-09-01 18:28:57	NETWORK	gmgr	attempt=1	proxy=http://wiw4v7duaymysz9-session-c822866ec602-lifetime-10:***@rp.scrapegw.com:6060	ConnectionTimeoutError: Connection timeout to host https://discord.com/api/v9/unique-username/username-attempt-unauthed
2026-09-01 18:28:57	NETWORK	gmhf	attempt=1	proxy=http://wiw4v7duaymysz9-session-8dc97a62b4dc-lifetime-10:***@rp.scrapegw.com:6060	ConnectionTimeoutError: Connection timeout to host https://discord.com/api/v9/unique-username/username-attempt-unauthed
2026-09-01 18:28:57	NETWORK	gmdt	attempt=1	proxy=http://wiw4v7duaymysz9-session-3cd47830465d-lifetime-10:***@rp.scrapegw.com:6060	ConnectionTimeoutError: Connection timeout to host https://discord.com/api/v9/unique-username/username-attempt-unauthed
2026-09-01 18:28:57	NETWORK	gmhs	attempt=1	proxy=http://wiw4v7duaymysz9-session-a83e18fbc2c3-lifetime-10:***@rp.scrapegw.com:6060	ConnectionTimeoutError: Connection timeout to host https://discord.com/api/v9/unique-username/username-attempt-unauthed
2026-09-01 18:28:57	NETWORK	gmjb	attempt=1	proxy=http://wiw4v7duaymysz9-session-27596b695b3e-lifetime-10:***@rp.scrapegw.com:6060	ConnectionTimeoutError: Connection timeout to host https://discord.com/api/v9/unique-username/username-attempt-unauthed
2026-09-01 18:28:57	NETWORK	gmjc	attempt=1	proxy=http://wiw4v7duaymysz9-session-09eeb9253ade-lifetime-10:***@rp.scrapegw.com:6060	ConnectionTimeoutError: Connection timeout to host https://discord.com/api/v9/unique-username/username-attempt-unauthed
2026-09-01 18:28:57	NETWORK	gmgl	attempt=1	proxy=http://wiw4v7duaymysz9-session-d2397d30f743-lifetime-10:***@rp.scrapegw.com:6060	ConnectionTimeoutError: Connection timeout to host https://discord.com/api/v9/unique-username/username-attempt-unauthed
2026-09-01 18:28:57	NETWORK	gmln	attempt=1	proxy=http://wiw4v7duaymysz9-session-9ce420c73ea4-lifetime-10:***@rp.scrapegw.com:6060	ConnectionTimeoutError: Connection timeout to host https://discord.com/api/v9/unique-username/username-attempt-unauthed
2026-09-01 18:28:57	NETWORK	gmlk	attempt=1	proxy=http://wiw4v7duaymysz9-session-e4675009c7b1-lifetime-10:***@rp.scrapegw.com:6060	ConnectionTimeoutError: Connection timeout to host https://discord.com/api/v9/unique-username/username-attempt-unauthed
2026-09-01 18:28:57	NETWORK	gmkw	attempt=1	proxy=http://wiw4v7duaymysz9-session-43eea47e2da1-lifetime-10:***@rp.scrapegw.com:6060	ConnectionTimeoutError: Connection timeout to host https://discord.com/api/v9/unique-username/username-attempt-unauthed
2026-09-01 18:28:57	NETWORK	gmjl	attempt=1	proxy=http://wiw4v7duaymysz9-session-7229a9122d4a-lifetime-10:***@rp.scrapegw.com:6060	ConnectionTimeoutError: Connection timeout to host https://discord.com/api/v9/unique-username/username-attempt-unauthed
2026-09-01 18:28:57	NETWORK	gmiu	attempt=1	proxy=http://wiw4v7duaymysz9-session-38753ce720dc-lifetime-10:***@rp.scrapegw.com:6060	ConnectionTimeoutError: Connection timeout to host https://discord.com/api/v9/unique-username/username-attempt-unauthed
2026-09-01 18:28:57	NETWORK	gmfu	attempt=1	proxy=http://wiw4v7duaymysz9-session-458026f44845-lifetime-10:***@rp.scrapegw.com:6060	ConnectionTimeoutError: Connection timeout to host https://discord.com/api/v9/unique-username/username-attempt-unauthed
2026-09-01 18:28:57	NETWORK	gnkx	attempt=1	proxy=http://wiw4v7duaymysz9-session-be361928bd50-lifetime-10:***@rp.scrapegw.com:6060	ClientConnectorError: Cannot connect to host discord.com:443 ssl:default [Connection reset by peer]
2026-09-01 18:28:58	NETWORK	gnoj	attempt=1	proxy=http://wiw4v7duaymysz9-session-773fac8b2423-lifetime-10:***@rp.scrapegw.com:6060	ClientConnectorError: Cannot connect to host discord.com:443 ssl:default [Connection reset by peer]
2026-09-01 18:28:58	NETWORK	goqj	attempt=1	proxy=http://wiw4v7duaymysz9-session-0a956a0d302e-lifetime-10:***@rp.scrapegw.com:6060	ClientConnectorError: Cannot connect to host discord.com:443 ssl:default [Connection reset by peer]
2026-09-01 18:28:58	NETWORK	gmth	attempt=1	proxy=http://wiw4v7duaymysz9-session-4e44f9e4d309-lifetime-10:***@rp.scrapegw.com:6060	ClientConnectorError: Cannot connect to host discord.com:443 ssl:default [Connection reset by peer]
2026-09-01 18:28:58	HTTP_429	gqkz	attempt=1	proxy=http://wiw4v7duaymysz9-session-c65c13595a99-lifetime-10:***@rp.scrapegw.com:6060	scope=shared global=False retry_after=1605.00s
2026-09-01 18:28:58	NETWORK	gmrj	attempt=1	proxy=http://wiw4v7duaymysz9-session-f3017fb8e21a-lifetime-10:***@rp.scrapegw.com:6060	ConnectionTimeoutError: Connection timeout to host https://discord.com/api/v9/unique-username/username-attempt-unauthed
2026-09-01 18:28:58	NETWORK	gmnc	attempt=1	proxy=http://wiw4v7duaymysz9-session-450c0cb47a58-lifetime-10:***@rp.scrapegw.com:6060	ConnectionTimeoutError: Connection timeout to host https://discord.com/api/v9/unique-username/username-attempt-unauthed
2026-09-01 18:28:58	NETWORK	gmvc	attempt=1	proxy=http://wiw4v7duaymysz9-session-ea945b95234f-lifetime-10:***@rp.scrapegw.com:6060	ConnectionTimeoutError: Connection timeout to host https://discord.com/api/v9/unique-username/username-attempt-unauthed
2026-09-01 18:28:58	NETWORK	gmov	attempt=1	proxy=http://wiw4v7duaymysz9-session-81422dc4fdab-lifetime-10:***@rp.scrapegw.com:6060	ConnectionTimeoutError: Connection timeout to host https://discord.com/api/v9/unique-username/username-attempt-unauthed
2026-09-01 18:28:58	NETWORK	gmpi	attempt=1	proxy=http://wiw4v7duaymysz9-session-9f4ff041793f-lifetime-10:***@rp.scrapegw.com:6060	ConnectionTimeoutError: Connection timeout to host https://discord.com/api/v9/unique-username/username-attempt-unauthed
2026-09-01 18:28:58	NETWORK	gmuc	attempt=1	proxy=http://wiw4v7duaymysz9-session-359bd204dd15-lifetime-10:***@rp.scrapegw.com:6060	ConnectionTimeoutError: Connection timeout to host https://discord.com/api/v9/unique-username/username-attempt-unauthed
2026-09-01 18:28:58	NETWORK	gmtj	attempt=1	proxy=http://wiw4v7duaymysz9-session-746059e5b67f-lifetime-10:***@rp.scrapegw.com:6060	ConnectionTimeoutError: Connection timeout to host https://discord.com/api/v9/unique-username/username-attempt-unauthed
2026-09-01 18:28:58	NETWORK	gmrl	attempt=1	proxy=http://wiw4v7duaymysz9-session-799a58b65b73-lifetime-10:***@rp.scrapegw.com:6060	ConnectionTimeoutError: Connection timeout to host https://discord.com/api/v9/unique-username/username-attempt-unauthed
2026-09-01 18:28:58	NETWORK	gmsp	attempt=1	proxy=http://wiw4v7duaymysz9-session-f2e3cb925042-lifetime-10:***@rp.scrapegw.com:6060	ConnectionTimeoutError: Connection timeout to host https://discord.com/api/v9/unique-username/username-attempt-unauthed
2026-09-01 18:28:58	NETWORK	gmqo	attempt=1	proxy=http://wiw4v7duaymysz9-session-9af2eab32a6d-lifetime-10:***@rp.scrapegw.com:6060	ConnectionTimeoutError: Connection timeout to host https://discord.com/api/v9/unique-username/username-attempt-unauthed
2026-09-01 18:28:58	NETWORK	gmql	attempt=1	proxy=http://wiw4v7duaymysz9-session-9bcc8139b75a-lifetime-10:***@rp.scrapegw.com:6060	ConnectionTimeoutError: Connection timeout to host https://discord.com/api/v9/unique-username/username-attempt-unauthed
2026-09-01 18:28:58	NETWORK	gmqg	attempt=1	proxy=http://wiw4v7duaymysz9-session-f62160e188e4-lifetime-10:***@rp.scrapegw.com:6060	ConnectionTimeoutError: Connection timeout to host https://discord.com/api/v9/unique-username/username-attempt-unauthed
2026-09-01 18:28:58	NETWORK	gmos	attempt=1	proxy=http://wiw4v7duaymysz9-session-826e2a667f43-lifetime-10:***@rp.scrapegw.com:6060	ConnectionTimeoutError: Connection timeout to host https://discord.com/api/v9/unique-username/username-attempt-unauthed
2026-09-01 18:28:58	NETWORK	gmqa	attempt=1	proxy=http://wiw4v7duaymysz9-session-3e70b612f330-lifetime-10:***@rp.scrapegw.com:6060	ConnectionTimeoutError: Connection timeout to host https://discord.com/api/v9/unique-username/username-attempt-unauthed
2026-09-01 18:28:58	NETWORK	gmvv	attempt=1	proxy=http://wiw4v7duaymysz9-session-7faf490a3df9-lifetime-10:***@rp.scrapegw.com:6060	ConnectionTimeoutError: Connection timeout to host https://discord.com/api/v9/unique-username/username-attempt-unauthed
2026-09-01 18:28:58	NETWORK	gmwd	attempt=1	proxy=http://wiw4v7duaymysz9-session-6fffab466770-lifetime-10:***@rp.scrapegw.com:6060	ConnectionTimeoutError: Connection timeout to host https://discord.com/api/v9/unique-username/username-attempt-unauthed
2026-09-01 18:28:58	NETWORK	gmsu	attempt=1	proxy=http://wiw4v7duaymysz9-session-b4ff3c85cd1b-lifetime-10:***@rp.scrapegw.com:6060	ConnectionTimeoutError: Connection timeout to host https://discord.com/api/v9/unique-username/username-attempt-unauthed
2026-09-01 18:28:58	NETWORK	gmnv	attempt=1	proxy=http://wiw4v7duaymysz9-session-260b7880e8e1-lifetime-10:***@rp.scrapegw.com:6060	ConnectionTimeoutError: Connection timeout to host https://discord.com/api/v9/unique-username/username-attempt-unauthed
2026-09-01 18:28:58	NETWORK	gmod	attempt=1	proxy=http://wiw4v7duaymysz9-session-905b1a32ed53-lifetime-10:***@rp.scrapegw.com:6060	ConnectionTimeoutError: Connection timeout to host https://discord.com/api/v9/unique-username/username-attempt-unauthed
2026-09-01 18:28:58	NETWORK	gmrp	attempt=1	proxy=http://wiw4v7duaymysz9-session-f9f09d916707-lifetime-10:***@rp.scrapegw.com:6060	ConnectionTimeoutError: Connection timeout to host https://discord.com/api/v9/unique-username/username-attempt-unauthed
2026-09-01 18:28:58	NETWORK	gmri	attempt=1	proxy=http://wiw4v7duaymysz9-session-8f6821ffa64e-lifetime-10:***@rp.scrapegw.com:6060	ConnectionTimeoutError: Connection timeout to host https://discord.com/api/v9/unique-username/username-attempt-unauthed
2026-09-01 18:28:58	NETWORK	gmob	attempt=1	proxy=http://wiw4v7duaymysz9-session-aced725fb263-lifetime-10:***@rp.scrapegw.com:6060	ConnectionTimeoutError: Connection timeout to host https://discord.com/api/v9/unique-username/username-attempt-unauthed
2026-09-01 18:28:58	NETWORK	gmnn	attempt=1	proxy=http://wiw4v7duaymysz9-session-b163c0b03b3f-lifetime-10:***@rp.scrapegw.com:6060	ConnectionTimeoutError: Connection timeout to host https://discord.com/api/v9/unique-username/username-attempt-unauthed
2026-09-01 18:28:58	NETWORK	gmoi	attempt=1	proxy=http://wiw4v7duaymysz9-session-b8d777bd70b2-lifetime-10:***@rp.scrapegw.com:6060	ConnectionTimeoutError: Connection timeout to host https://discord.com/api/v9/unique-username/username-attempt-unauthed
2026-09-01 18:28:58	NETWORK	gmtt	attempt=1	proxy=http://wiw4v7duaymysz9-session-dd1fdeccb326-lifetime-10:***@rp.scrapegw.com:6060	ConnectionTimeoutError: Connection timeout to host https://discord.com/api/v9/unique-username/username-attempt-unauthed
2026-09-01 18:28:58	NETWORK	gmry	attempt=1	proxy=http://wiw4v7duaymysz9-session-16849d0a4388-lifetime-10:***@rp.scrapegw.com:6060	ConnectionTimeoutError: Connection timeout to host https://discord.com/api/v9/unique-username/username-attempt-unauthed
2026-09-01 18:28:58	NETWORK	gmpy	attempt=1	proxy=http://wiw4v7duaymysz9-session-fabd9e4377fd-lifetime-10:***@rp.scrapegw.com:6060	ConnectionTimeoutError: Connection timeout to host https://discord.com/api/v9/unique-username/username-attempt-unauthed
2026-09-01 18:28:58	NETWORK	gmoo	attempt=1	proxy=http://wiw4v7duaymysz9-session-93bf24355b96-lifetime-10:***@rp.scrapegw.com:6060	ConnectionTimeoutError: Connection timeout to host https://discord.com/api/v9/unique-username/username-attempt-unauthed
2026-09-01 18:28:58	NETWORK	gmsq	attempt=1	proxy=http://wiw4v7duaymysz9-session-31e4fe3ea843-lifetime-10:***@rp.scrapegw.com:6060	ConnectionTimeoutError: Connection timeout to host https://discord.com/api/v9/unique-username/username-attempt-unauthed
2026-09-01 18:28:58	NETWORK	gmty	attempt=1	proxy=http://wiw4v7duaymysz9-session-3394525db139-lifetime-10:***@rp.scrapegw.com:6060	ConnectionTimeoutError: Connection timeout to host https://discord.com/api/v9/unique-username/username-attempt-unauthed
2026-09-01 18:28:58	NETWORK	gmtm	attempt=1	proxy=http://wiw4v7duaymysz9-session-a8d537eb072b-lifetime-10:***@rp.scrapegw.com:6060	ConnectionTimeoutError: Connection timeout to host https://discord.com/api/v9/unique-username/username-attempt-unauthed
2026-09-01 18:28:58	NETWORK	gmvt	attempt=1	proxy=http://wiw4v7duaymysz9-session-0831db876cc7-lifetime-10:***@rp.scrapegw.com:6060	ConnectionTimeoutError: Connection timeout to host https://discord.com/api/v9/unique-username/username-attempt-unauthed
2026-09-01 18:28:58	NETWORK	gmvk	attempt=1	proxy=http://wiw4v7duaymysz9-session-4234d865c6ad-lifetime-10:***@rp.scrapegw.com:6060	ConnectionTimeoutError: Connection timeout to host https://discord.com/api/v9/unique-username/username-attempt-unauthed
2026-09-01 18:28:58	NETWORK	gotf	attempt=1	proxy=http://wiw4v7duaymysz9-session-9965ad7bb9f9-lifetime-10:***@rp.scrapegw.com:6060	ClientConnectorError: Cannot connect to host discord.com:443 ssl:default [Connection reset by peer]
2026-09-01 18:28:59	NETWORK	gnsp	attempt=1	proxy=http://wiw4v7duaymysz9-session-5c8a4db39978-lifetime-10:***@rp.scrapegw.com:6060	ClientConnectorError: Cannot connect to host discord.com:443 ssl:default [Connection reset by peer]
2026-09-01 18:28:59	NETWORK	gobg	attempt=1	proxy=http://wiw4v7duaymysz9-session-39d3a5b3d995-lifetime-10:***@rp.scrapegw.com:6060	ClientConnectorError: Cannot connect to host discord.com:443 ssl:default [Connection reset by peer]
2026-09-01 18:28:59	NETWORK	gowj	attempt=1	proxy=http://wiw4v7duaymysz9-session-a769e88c1ced-lifetime-10:***@rp.scrapegw.com:6060	ClientConnectorError: Cannot connect to host discord.com:443 ssl:default [Connection reset by peer]
2026-09-01 18:28:59	HTTP_429	grov	attempt=1	proxy=http://wiw4v7duaymysz9-session-99485e1ef061-lifetime-10:***@rp.scrapegw.com:6060	scope=shared global=False retry_after=2069.00s
2026-09-01 18:28:59	HTTP_429	grju	attempt=1	proxy=http://wiw4v7duaymysz9-session-493461565630-lifetime-10:***@rp.scrapegw.com:6060	scope=shared global=False retry_after=249.00s
2026-09-01 18:28:59	HTTP_429	gror	attempt=1	proxy=http://wiw4v7duaymysz9-session-a0068f256133-lifetime-10:***@rp.scrapegw.com:6060	scope=shared global=False retry_after=2059.00s
2026-09-01 18:28:59	NETWORK	gmyd	attempt=1	proxy=http://wiw4v7duaymysz9-session-52eee727f5fa-lifetime-10:***@rp.scrapegw.com:6060	ClientConnectorError: Cannot connect to host discord.com:443 ssl:default [Connection reset by peer]
2026-09-01 18:28:59	NETWORK	gnrp	attempt=1	proxy=http://wiw4v7duaymysz9-session-396579b449b8-lifetime-10:***@rp.scrapegw.com:6060	ClientConnectorError: Cannot connect to host discord.com:443 ssl:default [Connection reset by peer]
2026-09-01 18:28:59	NETWORK	gnds	attempt=1	proxy=http://wiw4v7duaymysz9-session-39b72aea1c8d-lifetime-10:***@rp.scrapegw.com:6060	ConnectionTimeoutError: Connection timeout to host https://discord.com/api/v9/unique-username/username-attempt-unauthed
2026-09-01 18:28:59	NETWORK	gnga	attempt=1	proxy=http://wiw4v7duaymysz9-session-9745313a1dfb-lifetime-10:***@rp.scrapegw.com:6060	ConnectionTimeoutError: Connection timeout to host https://discord.com/api/v9/unique-username/username-attempt-unauthed
2026-09-01 18:28:59	NETWORK	gnai	attempt=1	proxy=http://wiw4v7duaymysz9-session-a3244022830d-lifetime-10:***@rp.scrapegw.com:6060	ConnectionTimeoutError: Connection timeout to host https://discord.com/api/v9/unique-username/username-attempt-unauthed
2026-09-01 18:28:59	NETWORK	gngb	attempt=1	proxy=http://wiw4v7duaymysz9-session-e48d11764ba0-lifetime-10:***@rp.scrapegw.com:6060	ConnectionTimeoutError: Connection timeout to host https://discord.com/api/v9/unique-username/username-attempt-unauthed
2026-09-01 18:28:59	NETWORK	gnba	attempt=1	proxy=http://wiw4v7duaymysz9-session-f9b4450415a7-lifetime-10:***@rp.scrapegw.com:6060	ConnectionTimeoutError: Connection timeout to host https://discord.com/api/v9/unique-username/username-attempt-unauthed
2026-09-01 18:28:59	NETWORK	gmzj	attempt=1	proxy=http://wiw4v7duaymysz9-session-0ba566037248-lifetime-10:***@rp.scrapegw.com:6060	ConnectionTimeoutError: Connection timeout to host https://discord.com/api/v9/unique-username/username-attempt-unauthed
2026-09-01 18:28:59	NETWORK	gnfl	attempt=1	proxy=http://wiw4v7duaymysz9-session-9b14c10671cd-lifetime-10:***@rp.scrapegw.com:6060	ConnectionTimeoutError: Connection timeout to host https://discord.com/api/v9/unique-username/username-attempt-unauthed
2026-09-01 18:28:59	NETWORK	gnfw	attempt=1	proxy=http://wiw4v7duaymysz9-session-d6978dd054cf-lifetime-10:***@rp.scrapegw.com:6060	ConnectionTimeoutError: Connection timeout to host https://discord.com/api/v9/unique-username/username-attempt-unauthed
2026-09-01 18:28:59	NETWORK	gngn	attempt=1	proxy=http://wiw4v7duaymysz9-session-a56aaf7d1b11-lifetime-10:***@rp.scrapegw.com:6060	ConnectionTimeoutError: Connection timeout to host https://discord.com/api/v9/unique-username/username-attempt-unauthed
2026-09-01 18:28:59	NETWORK	gngg	attempt=1	proxy=http://wiw4v7duaymysz9-session-745fec0bd272-lifetime-10:***@rp.scrapegw.com:6060	ConnectionTimeoutError: Connection timeout to host https://discord.com/api/v9/unique-username/username-attempt-unauthed
2026-09-01 18:28:59	NETWORK	gnfb	attempt=1	proxy=http://wiw4v7duaymysz9-session-3864e024e2b8-lifetime-10:***@rp.scrapegw.com:6060	ConnectionTimeoutError: Connection timeout to host https://discord.com/api/v9/unique-username/username-attempt-unauthed
2026-09-01 18:28:59	NETWORK	gnfk	attempt=1	proxy=http://wiw4v7duaymysz9-session-d2b67527764a-lifetime-10:***@rp.scrapegw.com:6060	ConnectionTimeoutError: Connection timeout to host https://discord.com/api/v9/unique-username/username-attempt-unauthed
2026-09-01 18:28:59	NETWORK	gndf	attempt=1	proxy=http://wiw4v7duaymysz9-session-7e94be49b02a-lifetime-10:***@rp.scrapegw.com:6060	ConnectionTimeoutError: Connection timeout to host https://discord.com/api/v9/unique-username/username-attempt-unauthed
2026-09-01 18:28:59	NETWORK	gndi	attempt=1	proxy=http://wiw4v7duaymysz9-session-1f312c46035a-lifetime-10:***@rp.scrapegw.com:6060	ConnectionTimeoutError: Connection timeout to host https://discord.com/api/v9/unique-username/username-attempt-unauthed
2026-09-01 18:28:59	NETWORK	gnab	attempt=1	proxy=http://wiw4v7duaymysz9-session-f2a54947433f-lifetime-10:***@rp.scrapegw.com:6060	ConnectionTimeoutError: Connection timeout to host https://discord.com/api/v9/unique-username/username-attempt-unauthed
2026-09-01 18:28:59	NETWORK	gnci	attempt=1	proxy=http://wiw4v7duaymysz9-session-4efbc7475582-lifetime-10:***@rp.scrapegw.com:6060	ConnectionTimeoutError: Connection timeout to host https://discord.com/api/v9/unique-username/username-attempt-unauthed
2026-09-01 18:28:59	NETWORK	gmzb	attempt=1	proxy=http://wiw4v7duaymysz9-session-d5b155d93849-lifetime-10:***@rp.scrapegw.com:6060	ConnectionTimeoutError: Connection timeout to host https://discord.com/api/v9/unique-username/username-attempt-unauthed
2026-09-01 18:28:59	NETWORK	gncf	attempt=1	proxy=http://wiw4v7duaymysz9-session-78ff16cc59b7-lifetime-10:***@rp.scrapegw.com:6060	ConnectionTimeoutError: Connection timeout to host https://discord.com/api/v9/unique-username/username-attempt-unauthed
2026-09-01 18:28:59	NETWORK	gngj	attempt=1	proxy=http://wiw4v7duaymysz9-session-7b5627b8b3e9-lifetime-10:***@rp.scrapegw.com:6060	ConnectionTimeoutError: Connection timeout to host https://discord.com/api/v9/unique-username/username-attempt-unauthed
2026-09-01 18:28:59	NETWORK	gmxs	attempt=1	proxy=http://wiw4v7duaymysz9-session-07ceb45c371a-lifetime-10:***@rp.scrapegw.com:6060	ConnectionTimeoutError: Connection timeout to host https://discord.com/api/v9/unique-username/username-attempt-unauthed
2026-09-01 18:28:59	NETWORK	gmxo	attempt=1	proxy=http://wiw4v7duaymysz9-session-66096d657099-lifetime-10:***@rp.scrapegw.com:6060	ConnectionTimeoutError: Connection timeout to host https://discord.com/api/v9/unique-username/username-attempt-unauthed
2026-09-01 18:28:59	NETWORK	gmws	attempt=1	proxy=http://wiw4v7duaymysz9-session-a9684149d0cc-lifetime-10:***@rp.scrapegw.com:6060	ConnectionTimeoutError: Connection timeout to host https://discord.com/api/v9/unique-username/username-attempt-unauthed
2026-09-01 18:28:59	NETWORK	gmzh	attempt=1	proxy=http://wiw4v7duaymysz9-session-5dff8c7f562f-lifetime-10:***@rp.scrapegw.com:6060	ConnectionTimeoutError: Connection timeout to host https://discord.com/api/v9/unique-username/username-attempt-unauthed
2026-09-01 18:28:59	NETWORK	gmzq	attempt=1	proxy=http://wiw4v7duaymysz9-session-08b6e5732067-lifetime-10:***@rp.scrapegw.com:6060	ConnectionTimeoutError: Connection timeout to host https://discord.com/api/v9/unique-username/username-attempt-unauthed
2026-09-01 18:28:59	NETWORK	gnbh	attempt=1	proxy=http://wiw4v7duaymysz9-session-22b183473ad9-lifetime-10:***@rp.scrapegw.com:6060	ConnectionTimeoutError: Connection timeout to host https://discord.com/api/v9/unique-username/username-attempt-unauthed
2026-09-01 18:28:59	NETWORK	gnau	attempt=1	proxy=http://wiw4v7duaymysz9-session-777c7c7bc6e6-lifetime-10:***@rp.scrapegw.com:6060	ConnectionTimeoutError: Connection timeout to host https://discord.com/api/v9/unique-username/username-attempt-unauthed
2026-09-01 18:28:59	NETWORK	gney	attempt=1	proxy=http://wiw4v7duaymysz9-session-6134b96b88bf-lifetime-10:***@rp.scrapegw.com:6060	ConnectionTimeoutError: Connection timeout to host https://discord.com/api/v9/unique-username/username-attempt-unauthed
2026-09-01 18:28:59	NETWORK	gnda	attempt=1	proxy=http://wiw4v7duaymysz9-session-80d0542e7fb4-lifetime-10:***@rp.scrapegw.com:6060	ConnectionTimeoutError: Connection timeout to host https://discord.com/api/v9/unique-username/username-attempt-unauthed
2026-09-01 18:28:59	NETWORK	gndj	attempt=1	proxy=http://wiw4v7duaymysz9-session-112516323e37-lifetime-10:***@rp.scrapegw.com:6060	ConnectionTimeoutError: Connection timeout to host https://discord.com/api/v9/unique-username/username-attempt-unauthed
2026-09-01 18:28:59	NETWORK	gncg	attempt=1	proxy=http://wiw4v7duaymysz9-session-4d834491774b-lifetime-10:***@rp.scrapegw.com:6060	ConnectionTimeoutError: Connection timeout to host https://discord.com/api/v9/unique-username/username-attempt-unauthed
2026-09-01 18:28:59	NETWORK	gmyb	attempt=1	proxy=http://wiw4v7duaymysz9-session-39a941f15f28-lifetime-10:***@rp.scrapegw.com:6060	ConnectionTimeoutError: Connection timeout to host https://discord.com/api/v9/unique-username/username-attempt-unauthed
2026-09-01 18:28:59	NETWORK	gmxl	attempt=1	proxy=http://wiw4v7duaymysz9-session-8093e1db991d-lifetime-10:***@rp.scrapegw.com:6060	ConnectionTimeoutError: Connection timeout to host https://discord.com/api/v9/unique-username/username-attempt-unauthed
2026-09-01 18:28:59	NETWORK	gnez	attempt=1	proxy=http://wiw4v7duaymysz9-session-55300acdab88-lifetime-10:***@rp.scrapegw.com:6060	ConnectionTimeoutError: Connection timeout to host https://discord.com/api/v9/unique-username/username-attempt-unauthed
2026-09-01 18:28:59	NETWORK	gnad	attempt=1	proxy=http://wiw4v7duaymysz9-session-c1e1b1148d50-lifetime-10:***@rp.scrapegw.com:6060	ConnectionTimeoutError: Connection timeout to host https://discord.com/api/v9/unique-username/username-attempt-unauthed
2026-09-01 18:28:59	NETWORK	gnfv	attempt=1	proxy=http://wiw4v7duaymysz9-session-583ed03cce6c-lifetime-10:***@rp.scrapegw.com:6060	ConnectionTimeoutError: Connection timeout to host https://discord.com/api/v9/unique-username/username-attempt-unauthed
2026-09-01 18:28:59	NETWORK	gmwn	attempt=1	proxy=http://wiw4v7duaymysz9-session-688b1348e301-lifetime-10:***@rp.scrapegw.com:6060	ConnectionTimeoutError: Connection timeout to host https://discord.com/api/v9/unique-username/username-attempt-unauthed
2026-09-01 18:28:59	NETWORK	gnfy	attempt=1	proxy=http://wiw4v7duaymysz9-session-626f2a7ba5f1-lifetime-10:***@rp.scrapegw.com:6060	ConnectionTimeoutError: Connection timeout to host https://discord.com/api/v9/unique-username/username-attempt-unauthed
2026-09-01 18:28:59	NETWORK	gnge	attempt=1	proxy=http://wiw4v7duaymysz9-session-ee3967308ae6-lifetime-10:***@rp.scrapegw.com:6060	ConnectionTimeoutError: Connection timeout to host https://discord.com/api/v9/unique-username/username-attempt-unauthed
2026-09-01 18:28:59	NETWORK	gnft	attempt=1	proxy=http://wiw4v7duaymysz9-session-1e2f41d9bed8-lifetime-10:***@rp.scrapegw.com:6060	ConnectionTimeoutError: Connection timeout to host https://discord.com/api/v9/unique-username/username-attempt-unauthed
2026-09-01 18:28:59	HTTP_429	gobq	attempt=1	proxy=http://wiw4v7duaymysz9-session-c65c13595a99-lifetime-10:***@rp.scrapegw.com:6060	scope=shared global=False retry_after=1603.71s
2026-09-01 18:28:59	HTTP_429	gsae	attempt=1	proxy=http://wiw4v7duaymysz9-session-2e860db26ce6-lifetime-10:***@rp.scrapegw.com:6060	scope=shared global=False retry_after=752.00s
2026-09-01 18:29:00	NETWORK	gsam	attempt=1	proxy=http://wiw4v7duaymysz9-session-d63ab175979c-lifetime-10:***@rp.scrapegw.com:6060	ServerDisconnectedError: Server disconnected
2026-09-01 18:29:00	NETWORK	goxz	attempt=1	proxy=http://wiw4v7duaymysz9-session-93bf24355b96-lifetime-10:***@rp.scrapegw.com:6060	ClientConnectorCertificateError: Cannot connect to host discord.com:443 ssl:True [SSLCertVerificationError: (1, '[SSL: CERTIFICATE_VERIFY_FAILED] certificate verify failed: self-signed certificate (_ssl.c:1081)')]
2026-09-01 18:29:00	HTTP_429	gryk	attempt=1	proxy=http://wiw4v7duaymysz9-session-fc9f6496e8f7-lifetime-10:***@rp.scrapegw.com:6060	scope=shared global=False retry_after=108.00s
2026-09-01 18:29:00	NETWORK	gnsc	attempt=1	proxy=http://wiw4v7duaymysz9-session-b4cd58220f94-lifetime-10:***@rp.scrapegw.com:6060	ClientConnectorError: Cannot connect to host discord.com:443 ssl:default [Connection reset by peer]
2026-09-01 18:29:00	HTTP_429	grbi	attempt=1	proxy=http://wiw4v7duaymysz9-session-062d4cd19918-lifetime-10:***@rp.scrapegw.com:6060	scope=shared global=False retry_after=195.00s
2026-09-01 18:29:00	NETWORK	gnlk	attempt=1	proxy=http://wiw4v7duaymysz9-session-5c400e28d436-lifetime-10:***@rp.scrapegw.com:6060	ConnectionTimeoutError: Connection timeout to host https://discord.com/api/v9/unique-username/username-attempt-unauthed
2026-09-01 18:29:00	NETWORK	gnqz	attempt=1	proxy=http://wiw4v7duaymysz9-session-99bcc7d98588-lifetime-10:***@rp.scrapegw.com:6060	ConnectionTimeoutError: Connection timeout to host https://discord.com/api/v9/unique-username/username-attempt-unauthed
2026-09-01 18:29:00	NETWORK	gnqw	attempt=1	proxy=http://wiw4v7duaymysz9-session-fddb54d778d5-lifetime-10:***@rp.scrapegw.com:6060	ConnectionTimeoutError: Connection timeout to host https://discord.com/api/v9/unique-username/username-attempt-unauthed
2026-09-01 18:29:00	NETWORK	gnpk	attempt=1	proxy=http://wiw4v7duaymysz9-session-973c763e5c1c-lifetime-10:***@rp.scrapegw.com:6060	ConnectionTimeoutError: Connection timeout to host https://discord.com/api/v9/unique-username/username-attempt-unauthed
2026-09-01 18:29:00	NETWORK	gnor	attempt=1	proxy=http://wiw4v7duaymysz9-session-eae732dbe82c-lifetime-10:***@rp.scrapegw.com:6060	ConnectionTimeoutError: Connection timeout to host https://discord.com/api/v9/unique-username/username-attempt-unauthed
2026-09-01 18:29:00	NETWORK	gnnr	attempt=1	proxy=http://wiw4v7duaymysz9-session-4bc06004f4e6-lifetime-10:***@rp.scrapegw.com:6060	ConnectionTimeoutError: Connection timeout to host https://discord.com/api/v9/unique-username/username-attempt-unauthed
2026-09-01 18:29:00	NETWORK	gnps	attempt=1	proxy=http://wiw4v7duaymysz9-session-6eb4b0014888-lifetime-10:***@rp.scrapegw.com:6060	ConnectionTimeoutError: Connection timeout to host https://discord.com/api/v9/unique-username/username-attempt-unauthed
2026-09-01 18:29:00	NETWORK	gnqe	attempt=1	proxy=http://wiw4v7duaymysz9-session-28975f961925-lifetime-10:***@rp.scrapegw.com:6060	ConnectionTimeoutError: Connection timeout to host https://discord.com/api/v9/unique-username/username-attempt-unauthed
2026-09-01 18:29:00	NETWORK	gnpb	attempt=1	proxy=http://wiw4v7duaymysz9-session-00e969532ae2-lifetime-10:***@rp.scrapegw.com:6060	ConnectionTimeoutError: Connection timeout to host https://discord.com/api/v9/unique-username/username-attempt-unauthed
2026-09-01 18:29:00	NETWORK	gnnh	attempt=1	proxy=http://wiw4v7duaymysz9-session-325a5209892d-lifetime-10:***@rp.scrapegw.com:6060	ConnectionTimeoutError: Connection timeout to host https://discord.com/api/v9/unique-username/username-attempt-unauthed
2026-09-01 18:29:00	NETWORK	gnoh	attempt=1	proxy=http://wiw4v7duaymysz9-session-8408540076cf-lifetime-10:***@rp.scrapegw.com:6060	ConnectionTimeoutError: Connection timeout to host https://discord.com/api/v9/unique-username/username-attempt-unauthed
2026-09-01 18:29:00	NETWORK	gnne	attempt=1	proxy=http://wiw4v7duaymysz9-session-7dc1f046754b-lifetime-10:***@rp.scrapegw.com:6060	ConnectionTimeoutError: Connection timeout to host https://discord.com/api/v9/unique-username/username-attempt-unauthed
2026-09-01 18:29:00	NETWORK	gnna	attempt=1	proxy=http://wiw4v7duaymysz9-session-4a8aa8804d64-lifetime-10:***@rp.scrapegw.com:6060	ConnectionTimeoutError: Connection timeout to host https://discord.com/api/v9/unique-username/username-attempt-unauthed
2026-09-01 18:29:00	NETWORK	gnmw	attempt=1	proxy=http://wiw4v7duaymysz9-session-ea394a775da7-lifetime-10:***@rp.scrapegw.com:6060	ConnectionTimeoutError: Connection timeout to host https://discord.com/api/v9/unique-username/username-attempt-unauthed
2026-09-01 18:29:00	NETWORK	gnjb	attempt=1	proxy=http://wiw4v7duaymysz9-session-4064a37fd216-lifetime-10:***@rp.scrapegw.com:6060	ConnectionTimeoutError: Connection timeout to host https://discord.com/api/v9/unique-username/username-attempt-unauthed
2026-09-01 18:29:00	NETWORK	gnme	attempt=1	proxy=http://wiw4v7duaymysz9-session-a45d8c5dcdba-lifetime-10:***@rp.scrapegw.com:6060	ConnectionTimeoutError: Connection timeout to host https://discord.com/api/v9/unique-username/username-attempt-unauthed
2026-09-01 18:29:00	NETWORK	gnol	attempt=1	proxy=http://wiw4v7duaymysz9-session-3f2530707926-lifetime-10:***@rp.scrapegw.com:6060	ConnectionTimeoutError: Connection timeout to host https://discord.com/api/v9/unique-username/username-attempt-unauthed
2026-09-01 18:29:00	NETWORK	gnjt	attempt=1	proxy=http://wiw4v7duaymysz9-session-1cf1a728c97f-lifetime-10:***@rp.scrapegw.com:6060	ConnectionTimeoutError: Connection timeout to host https://discord.com/api/v9/unique-username/username-attempt-unauthed
2026-09-01 18:29:00	NETWORK	gnhr	attempt=1	proxy=http://wiw4v7duaymysz9-session-436ce4b5eead-lifetime-10:***@rp.scrapegw.com:6060	ConnectionTimeoutError: Connection timeout to host https://discord.com/api/v9/unique-username/username-attempt-unauthed
2026-09-01 18:29:00	NETWORK	gnka	attempt=1	proxy=http://wiw4v7duaymysz9-session-91782bcf1247-lifetime-10:***@rp.scrapegw.com:6060	ConnectionTimeoutError: Connection timeout to host https://discord.com/api/v9/unique-username/username-attempt-unauthed
2026-09-01 18:29:00	NETWORK	gnhb	attempt=1	proxy=http://wiw4v7duaymysz9-session-08f9ed10d67d-lifetime-10:***@rp.scrapegw.com:6060	ConnectionTimeoutError: Connection timeout to host https://discord.com/api/v9/unique-username/username-attempt-unauthed
2026-09-01 18:29:00	NETWORK	gnlf	attempt=1	proxy=http://wiw4v7duaymysz9-session-19030404d4d3-lifetime-10:***@rp.scrapegw.com:6060	ConnectionTimeoutError: Connection timeout to host https://discord.com/api/v9/unique-username/username-attempt-unauthed
2026-09-01 18:29:00	NETWORK	gnlm	attempt=1	proxy=http://wiw4v7duaymysz9-session-3f69df89dedf-lifetime-10:***@rp.scrapegw.com:6060	ConnectionTimeoutError: Connection timeout to host https://discord.com/api/v9/unique-username/username-attempt-unauthed
2026-09-01 18:29:00	NETWORK	gnjr	attempt=1	proxy=http://wiw4v7duaymysz9-session-09cd4803f566-lifetime-10:***@rp.scrapegw.com:6060	ConnectionTimeoutError: Connection timeout to host https://discord.com/api/v9/unique-username/username-attempt-unauthed
2026-09-01 18:29:00	NETWORK	gnkm	attempt=1	proxy=http://wiw4v7duaymysz9-session-f0dd9233e452-lifetime-10:***@rp.scrapegw.com:6060	ConnectionTimeoutError: Connection timeout to host https://discord.com/api/v9/unique-username/username-attempt-unauthed
2026-09-01 18:29:00	NETWORK	gnrs	attempt=1	proxy=http://wiw4v7duaymysz9-session-0b3fd8121e7d-lifetime-10:***@rp.scrapegw.com:6060	ConnectionTimeoutError: Connection timeout to host https://discord.com/api/v9/unique-username/username-attempt-unauthed
2026-09-01 18:29:00	NETWORK	gnrn	attempt=1	proxy=http://wiw4v7duaymysz9-session-988a1bad14f8-lifetime-10:***@rp.scrapegw.com:6060	ConnectionTimeoutError: Connection timeout to host https://discord.com/api/v9/unique-username/username-attempt-unauthed
2026-09-01 18:29:00	NETWORK	gnpi	attempt=1	proxy=http://wiw4v7duaymysz9-session-b3b2281f574b-lifetime-10:***@rp.scrapegw.com:6060	ConnectionTimeoutError: Connection timeout to host https://discord.com/api/v9/unique-username/username-attempt-unauthed
2026-09-01 18:29:00	NETWORK	gnos	attempt=1	proxy=http://wiw4v7duaymysz9-session-b2770eed71d9-lifetime-10:***@rp.scrapegw.com:6060	ConnectionTimeoutError: Connection timeout to host https://discord.com/api/v9/unique-username/username-attempt-unauthed
2026-09-01 18:29:00	NETWORK	gnom	attempt=1	proxy=http://wiw4v7duaymysz9-session-cd4edc7f54c6-lifetime-10:***@rp.scrapegw.com:6060	ConnectionTimeoutError: Connection timeout to host https://discord.com/api/v9/unique-username/username-attempt-unauthed
2026-09-01 18:29:00	NETWORK	gnlt	attempt=1	proxy=http://wiw4v7duaymysz9-session-56dad142644e-lifetime-10:***@rp.scrapegw.com:6060	ConnectionTimeoutError: Connection timeout to host https://discord.com/api/v9/unique-username/username-attempt-unauthed
2026-09-01 18:29:00	NETWORK	gnhs	attempt=1	proxy=http://wiw4v7duaymysz9-session-88b965a95798-lifetime-10:***@rp.scrapegw.com:6060	ConnectionTimeoutError: Connection timeout to host https://discord.com/api/v9/unique-username/username-attempt-unauthed
2026-09-01 18:29:00	NETWORK	gnho	attempt=1	proxy=http://wiw4v7duaymysz9-session-f32881a2566c-lifetime-10:***@rp.scrapegw.com:6060	ConnectionTimeoutError: Connection timeout to host https://discord.com/api/v9/unique-username/username-attempt-unauthed
2026-09-01 18:29:00	NETWORK	gnpm	attempt=1	proxy=http://wiw4v7duaymysz9-session-fdb626e010a0-lifetime-10:***@rp.scrapegw.com:6060	ConnectionTimeoutError: Connection timeout to host https://discord.com/api/v9/unique-username/username-attempt-unauthed
2026-09-01 18:29:00	NETWORK	gnpj	attempt=1	proxy=http://wiw4v7duaymysz9-session-51c30906b474-lifetime-10:***@rp.scrapegw.com:6060	ConnectionTimeoutError: Connection timeout to host https://discord.com/api/v9/unique-username/username-attempt-unauthed
2026-09-01 18:29:00	NETWORK	gnik	attempt=1	proxy=http://wiw4v7duaymysz9-session-f1c48f30ea6e-lifetime-10:***@rp.scrapegw.com:6060	ConnectionTimeoutError: Connection timeout to host https://discord.com/api/v9/unique-username/username-attempt-unauthed
2026-09-01 18:29:00	NETWORK	gnmn	attempt=1	proxy=http://wiw4v7duaymysz9-session-5ee9f3894357-lifetime-10:***@rp.scrapegw.com:6060	ConnectionTimeoutError: Connection timeout to host https://discord.com/api/v9/unique-username/username-attempt-unauthed
2026-09-01 18:29:00	NETWORK	gnkj	attempt=1	proxy=http://wiw4v7duaymysz9-session-141038751a16-lifetime-10:***@rp.scrapegw.com:6060	ConnectionTimeoutError: Connection timeout to host https://discord.com/api/v9/unique-username/username-attempt-unauthed
2026-09-01 18:29:00	NETWORK	gnko	attempt=1	proxy=http://wiw4v7duaymysz9-session-7e866c786784-lifetime-10:***@rp.scrapegw.com:6060	ConnectionTimeoutError: Connection timeout to host https://discord.com/api/v9/unique-username/username-attempt-unauthed
2026-09-01 18:29:00	HTTP_429	gobd	attempt=1	proxy=http://wiw4v7duaymysz9-session-5ed7c2b282aa-lifetime-10:***@rp.scrapegw.com:6060	scope=shared global=False retry_after=1274.00s
2026-09-01 18:29:00	NETWORK	gpmi	attempt=1	proxy=http://wiw4v7duaymysz9-session-bb662281f8d2-lifetime-10:***@rp.scrapegw.com:6060	ClientConnectorError: Cannot connect to host discord.com:443 ssl:default [Connection reset by peer]
2026-09-01 18:29:01	NETWORK	gply	attempt=1	proxy=http://wiw4v7duaymysz9-session-c2f99d318803-lifetime-10:***@rp.scrapegw.com:6060	ClientConnectorError: Cannot connect to host discord.com:443 ssl:default [Connection reset by peer]
2026-09-01 18:29:01	NETWORK	gpgz	attempt=1	proxy=http://wiw4v7duaymysz9-session-5e1da66e835b-lifetime-10:***@rp.scrapegw.com:6060	ClientConnectorError: Cannot connect to host discord.com:443 ssl:default [Connection reset by peer]
2026-09-01 18:29:01	HTTP_429	gsqx	attempt=1	proxy=http://wiw4v7duaymysz9-session-e4dbb26b796c-lifetime-10:***@rp.scrapegw.com:6060	scope=shared global=False retry_after=2059.00s
2026-09-01 18:29:01	NETWORK	gnze	attempt=1	proxy=http://wiw4v7duaymysz9-session-4ccefcb05ac8-lifetime-10:***@rp.scrapegw.com:6060	ConnectionTimeoutError: Connection timeout to host https://discord.com/api/v9/unique-username/username-attempt-unauthed
2026-09-01 18:29:01	NETWORK	gntp	attempt=1	proxy=http://wiw4v7duaymysz9-session-3e820a7186f5-lifetime-10:***@rp.scrapegw.com:6060	ConnectionTimeoutError: Connection timeout to host https://discord.com/api/v9/unique-username/username-attempt-unauthed
2026-09-01 18:29:01	NETWORK	gnyt	attempt=1	proxy=http://wiw4v7duaymysz9-session-9ea993c58b5e-lifetime-10:***@rp.scrapegw.com:6060	ConnectionTimeoutError: Connection timeout to host https://discord.com/api/v9/unique-username/username-attempt-unauthed
2026-09-01 18:29:01	NETWORK	gnzz	attempt=1	proxy=http://wiw4v7duaymysz9-session-966d5a168071-lifetime-10:***@rp.scrapegw.com:6060	ConnectionTimeoutError: Connection timeout to host https://discord.com/api/v9/unique-username/username-attempt-unauthed
2026-09-01 18:29:01	NETWORK	gnsn	attempt=1	proxy=http://wiw4v7duaymysz9-session-a01c3ce0bb32-lifetime-10:***@rp.scrapegw.com:6060	ConnectionTimeoutError: Connection timeout to host https://discord.com/api/v9/unique-username/username-attempt-unauthed
2026-09-01 18:29:01	NETWORK	gobc	attempt=1	proxy=http://wiw4v7duaymysz9-session-2c8c235c2f26-lifetime-10:***@rp.scrapegw.com:6060	ConnectionTimeoutError: Connection timeout to host https://discord.com/api/v9/unique-username/username-attempt-unauthed
2026-09-01 18:29:01	NETWORK	gnva	attempt=1	proxy=http://wiw4v7duaymysz9-session-6d8b5e40e0dd-lifetime-10:***@rp.scrapegw.com:6060	ConnectionTimeoutError: Connection timeout to host https://discord.com/api/v9/unique-username/username-attempt-unauthed
2026-09-01 18:29:01	NETWORK	gnxh	attempt=1	proxy=http://wiw4v7duaymysz9-session-e2d08ac1740b-lifetime-10:***@rp.scrapegw.com:6060	ConnectionTimeoutError: Connection timeout to host https://discord.com/api/v9/unique-username/username-attempt-unauthed
2026-09-01 18:29:01	NETWORK	gobm	attempt=1	proxy=http://wiw4v7duaymysz9-session-a9c6c49d20b9-lifetime-10:***@rp.scrapegw.com:6060	ConnectionTimeoutError: Connection timeout to host https://discord.com/api/v9/unique-username/username-attempt-unauthed
2026-09-01 18:29:01	NETWORK	gnsh	attempt=1	proxy=http://wiw4v7duaymysz9-session-d4006aad20ad-lifetime-10:***@rp.scrapegw.com:6060	ConnectionTimeoutError: Connection timeout to host https://discord.com/api/v9/unique-username/username-attempt-unauthed
2026-09-01 18:29:01	NETWORK	gntf	attempt=1	proxy=http://wiw4v7duaymysz9-session-9ae18cce30df-lifetime-10:***@rp.scrapegw.com:6060	ConnectionTimeoutError: Connection timeout to host https://discord.com/api/v9/unique-username/username-attempt-unauthed
2026-09-01 18:29:01	NETWORK	gnzt	attempt=1	proxy=http://wiw4v7duaymysz9-session-771ef9ba841d-lifetime-10:***@rp.scrapegw.com:6060	ConnectionTimeoutError: Connection timeout to host https://discord.com/api/v9/unique-username/username-attempt-unauthed
2026-09-01 18:29:01	NETWORK	gnuu	attempt=1	proxy=http://wiw4v7duaymysz9-session-fe535b9f8c69-lifetime-10:***@rp.scrapegw.com:6060	ConnectionTimeoutError: Connection timeout to host https://discord.com/api/v9/unique-username/username-attempt-unauthed
2026-09-01 18:29:01	NETWORK	goay	attempt=1	proxy=http://wiw4v7duaymysz9-session-7bb88e1ea8ec-lifetime-10:***@rp.scrapegw.com:6060	ConnectionTimeoutError: Connection timeout to host https://discord.com/api/v9/unique-username/username-attempt-unauthed
2026-09-01 18:29:01	NETWORK	goap	attempt=1	proxy=http://wiw4v7duaymysz9-session-cc4a4da15b87-lifetime-10:***@rp.scrapegw.com:6060	ConnectionTimeoutError: Connection timeout to host https://discord.com/api/v9/unique-username/username-attempt-unauthed
2026-09-01 18:29:01	NETWORK	gnse	attempt=1	proxy=http://wiw4v7duaymysz9-session-9ebae1e947e0-lifetime-10:***@rp.scrapegw.com:6060	ConnectionTimeoutError: Connection timeout to host https://discord.com/api/v9/unique-username/username-attempt-unauthed
2026-09-01 18:29:01	NETWORK	gnwe	attempt=1	proxy=http://wiw4v7duaymysz9-session-ba1cab433672-lifetime-10:***@rp.scrapegw.com:6060	ConnectionTimeoutError: Connection timeout to host https://discord.com/api/v9/unique-username/username-attempt-unauthed
2026-09-01 18:29:01	NETWORK	gntm	attempt=1	proxy=http://wiw4v7duaymysz9-session-59f6cef757bc-lifetime-10:***@rp.scrapegw.com:6060	ConnectionTimeoutError: Connection timeout to host https://discord.com/api/v9/unique-username/username-attempt-unauthed
2026-09-01 18:29:01	NETWORK	gnyo	attempt=1	proxy=http://wiw4v7duaymysz9-session-72cb74cf519b-lifetime-10:***@rp.scrapegw.com:6060	ConnectionTimeoutError: Connection timeout to host https://discord.com/api/v9/unique-username/username-attempt-unauthed
2026-09-01 18:29:01	NETWORK	gnue	attempt=1	proxy=http://wiw4v7duaymysz9-session-3d913ccdf4db-lifetime-10:***@rp.scrapegw.com:6060	ConnectionTimeoutError: Connection timeout to host https://discord.com/api/v9/unique-username/username-attempt-unauthed
2026-09-01 18:29:01	NETWORK	gnsf	attempt=1	proxy=http://wiw4v7duaymysz9-session-bbb42772d029-lifetime-10:***@rp.scrapegw.com:6060	ConnectionTimeoutError: Connection timeout to host https://discord.com/api/v9/unique-username/username-attempt-unauthed
2026-09-01 18:29:01	NETWORK	gnuo	attempt=1	proxy=http://wiw4v7duaymysz9-session-f0f46e418aae-lifetime-10:***@rp.scrapegw.com:6060	ConnectionTimeoutError: Connection timeout to host https://discord.com/api/v9/unique-username/username-attempt-unauthed
2026-09-01 18:29:01	NETWORK	gnyq	attempt=1	proxy=http://wiw4v7duaymysz9-session-1c2f3b620547-lifetime-10:***@rp.scrapegw.com:6060	ConnectionTimeoutError: Connection timeout to host https://discord.com/api/v9/unique-username/username-attempt-unauthed
2026-09-01 18:29:02	NETWORK	gpuj	attempt=1	proxy=http://wiw4v7duaymysz9-session-f82971fabe14-lifetime-10:***@rp.scrapegw.com:6060	ClientConnectorError: Cannot connect to host discord.com:443 ssl:default [Connection reset by peer]
2026-09-01 18:29:02	HTTP_429	gqpr	attempt=1	proxy=http://wiw4v7duaymysz9-session-9e51e351c538-lifetime-10:***@rp.scrapegw.com:6060	scope=shared global=False retry_after=468.00s
2026-09-01 18:29:02	NETWORK	goic	attempt=1	proxy=http://wiw4v7duaymysz9-session-dc296ff1dfa1-lifetime-10:***@rp.scrapegw.com:6060	ConnectionTimeoutError: Connection timeout to host https://discord.com/api/v9/unique-username/username-attempt-unauthed
2026-09-01 18:29:02	NETWORK	gocz	attempt=1	proxy=http://wiw4v7duaymysz9-session-ef13d972df21-lifetime-10:***@rp.scrapegw.com:6060	ConnectionTimeoutError: Connection timeout to host https://discord.com/api/v9/unique-username/username-attempt-unauthed
2026-09-01 18:29:02	NETWORK	golp	attempt=1	proxy=http://wiw4v7duaymysz9-session-203d04066db3-lifetime-10:***@rp.scrapegw.com:6060	ConnectionTimeoutError: Connection timeout to host https://discord.com/api/v9/unique-username/username-attempt-unauthed
2026-09-01 18:29:02	NETWORK	godw	attempt=1	proxy=http://wiw4v7duaymysz9-session-c7f42e740b8f-lifetime-10:***@rp.scrapegw.com:6060	ConnectionTimeoutError: Connection timeout to host https://discord.com/api/v9/unique-username/username-attempt-unauthed
2026-09-01 18:29:02	NETWORK	goqn	attempt=1	proxy=http://wiw4v7duaymysz9-session-60d0df31f0f8-lifetime-10:***@rp.scrapegw.com:6060	ConnectionTimeoutError: Connection timeout to host https://discord.com/api/v9/unique-username/username-attempt-unauthed
2026-09-01 18:29:02	NETWORK	gocn	attempt=1	proxy=http://wiw4v7duaymysz9-session-5879463e9d8e-lifetime-10:***@rp.scrapegw.com:6060	ConnectionTimeoutError: Connection timeout to host https://discord.com/api/v9/unique-username/username-attempt-unauthed
2026-09-01 18:29:02	NETWORK	goqo	attempt=1	proxy=http://wiw4v7duaymysz9-session-ac188ee60ada-lifetime-10:***@rp.scrapegw.com:6060	ConnectionTimeoutError: Connection timeout to host https://discord.com/api/v9/unique-username/username-attempt-unauthed
2026-09-01 18:29:02	NETWORK	goey	attempt=1	proxy=http://wiw4v7duaymysz9-session-9b2a445a1006-lifetime-10:***@rp.scrapegw.com:6060	ConnectionTimeoutError: Connection timeout to host https://discord.com/api/v9/unique-username/username-attempt-unauthed
2026-09-01 18:29:02	NETWORK	goet	attempt=1	proxy=http://wiw4v7duaymysz9-session-bbb665073ac0-lifetime-10:***@rp.scrapegw.com:6060	ConnectionTimeoutError: Connection timeout to host https://discord.com/api/v9/unique-username/username-attempt-unauthed
2026-09-01 18:29:02	NETWORK	gonp	attempt=1	proxy=http://wiw4v7duaymysz9-session-47f61fc08f3d-lifetime-10:***@rp.scrapegw.com:6060	ConnectionTimeoutError: Connection timeout to host https://discord.com/api/v9/unique-username/username-attempt-unauthed
2026-09-01 18:29:02	NETWORK	gobw	attempt=1	proxy=http://wiw4v7duaymysz9-session-c8c61f9cf02b-lifetime-10:***@rp.scrapegw.com:6060	ConnectionTimeoutError: Connection timeout to host https://discord.com/api/v9/unique-username/username-attempt-unauthed
2026-09-01 18:29:02	NETWORK	gogl	attempt=1	proxy=http://wiw4v7duaymysz9-session-8a887e74cdcd-lifetime-10:***@rp.scrapegw.com:6060	ConnectionTimeoutError: Connection timeout to host https://discord.com/api/v9/unique-username/username-attempt-unauthed
2026-09-01 18:29:02	NETWORK	gohl	attempt=1	proxy=http://wiw4v7duaymysz9-session-f9fd714a88f0-lifetime-10:***@rp.scrapegw.com:6060	ConnectionTimeoutError: Connection timeout to host https://discord.com/api/v9/unique-username/username-attempt-unauthed
2026-09-01 18:29:02	NETWORK	gohs	attempt=1	proxy=http://wiw4v7duaymysz9-session-a89113b5b7d2-lifetime-10:***@rp.scrapegw.com:6060	ConnectionTimeoutError: Connection timeout to host https://discord.com/api/v9/unique-username/username-attempt-unauthed
2026-09-01 18:29:02	NETWORK	goop	attempt=1	proxy=http://wiw4v7duaymysz9-session-a83e18fbc2c3-lifetime-10:***@rp.scrapegw.com:6060	ConnectionTimeoutError: Connection timeout to host https://discord.com/api/v9/unique-username/username-attempt-unauthed
2026-09-01 18:29:02	NETWORK	gonj	attempt=1	proxy=http://wiw4v7duaymysz9-session-c06d5f7505e9-lifetime-10:***@rp.scrapegw.com:6060	ConnectionTimeoutError: Connection timeout to host https://discord.com/api/v9/unique-username/username-attempt-unauthed
2026-09-01 18:29:02	NETWORK	goeo	attempt=1	proxy=http://wiw4v7duaymysz9-session-6f5d2ca0a960-lifetime-10:***@rp.scrapegw.com:6060	ConnectionTimeoutError: Connection timeout to host https://discord.com/api/v9/unique-username/username-attempt-unauthed
2026-09-01 18:29:02	NETWORK	gons	attempt=1	proxy=http://wiw4v7duaymysz9-session-77628548d1b5-lifetime-10:***@rp.scrapegw.com:6060	ConnectionTimeoutError: Connection timeout to host https://discord.com/api/v9/unique-username/username-attempt-unauthed
2026-09-01 18:29:02	NETWORK	gohc	attempt=1	proxy=http://wiw4v7duaymysz9-session-9e51e351c538-lifetime-10:***@rp.scrapegw.com:6060	ConnectionTimeoutError: Connection timeout to host https://discord.com/api/v9/unique-username/username-attempt-unauthed
2026-09-01 18:29:02	NETWORK	gohh	attempt=1	proxy=http://wiw4v7duaymysz9-session-458628a61a2e-lifetime-10:***@rp.scrapegw.com:6060	ConnectionTimeoutError: Connection timeout to host https://discord.com/api/v9/unique-username/username-attempt-unauthed
2026-09-01 18:29:02	NETWORK	gobu	attempt=1	proxy=http://wiw4v7duaymysz9-session-b17a5e992df4-lifetime-10:***@rp.scrapegw.com:6060	ConnectionTimeoutError: Connection timeout to host https://discord.com/api/v9/unique-username/username-attempt-unauthed
2026-09-01 18:29:02	NETWORK	goqi	attempt=1	proxy=http://wiw4v7duaymysz9-session-dedf2c3d545c-lifetime-10:***@rp.scrapegw.com:6060	ConnectionTimeoutError: Connection timeout to host https://discord.com/api/v9/unique-username/username-attempt-unauthed
2026-09-01 18:29:02	NETWORK	goqy	attempt=1	proxy=http://wiw4v7duaymysz9-session-7f036bf2f8f3-lifetime-10:***@rp.scrapegw.com:6060	ConnectionTimeoutError: Connection timeout to host https://discord.com/api/v9/unique-username/username-attempt-unauthed
2026-09-01 18:29:02	NETWORK	gonq	attempt=1	proxy=http://wiw4v7duaymysz9-session-9e9ae3030506-lifetime-10:***@rp.scrapegw.com:6060	ConnectionTimeoutError: Connection timeout to host https://discord.com/api/v9/unique-username/username-attempt-unauthed
2026-09-01 18:29:02	NETWORK	gopg	attempt=1	proxy=http://wiw4v7duaymysz9-session-979da902e8fa-lifetime-10:***@rp.scrapegw.com:6060	ConnectionTimeoutError: Connection timeout to host https://discord.com/api/v9/unique-username/username-attempt-unauthed
2026-09-01 18:29:02	NETWORK	gocv	attempt=1	proxy=http://wiw4v7duaymysz9-session-26ea39d3f7a8-lifetime-10:***@rp.scrapegw.com:6060	ConnectionTimeoutError: Connection timeout to host https://discord.com/api/v9/unique-username/username-attempt-unauthed
2026-09-01 18:29:02	NETWORK	gopb	attempt=1	proxy=http://wiw4v7duaymysz9-session-f6e8ba2b2527-lifetime-10:***@rp.scrapegw.com:6060	ConnectionTimeoutError: Connection timeout to host https://discord.com/api/v9/unique-username/username-attempt-unauthed
2026-09-01 18:29:02	NETWORK	gomd	attempt=1	proxy=http://wiw4v7duaymysz9-session-beb0ca81d78d-lifetime-10:***@rp.scrapegw.com:6060	ConnectionTimeoutError: Connection timeout to host https://discord.com/api/v9/unique-username/username-attempt-unauthed
2026-09-01 18:29:02	NETWORK	gogu	attempt=1	proxy=http://wiw4v7duaymysz9-session-c7bceaec6970-lifetime-10:***@rp.scrapegw.com:6060	ConnectionTimeoutError: Connection timeout to host https://discord.com/api/v9/unique-username/username-attempt-unauthed
2026-09-01 18:29:02	NETWORK	gocs	attempt=1	proxy=http://wiw4v7duaymysz9-session-a2342e9d9dde-lifetime-10:***@rp.scrapegw.com:6060	ConnectionTimeoutError: Connection timeout to host https://discord.com/api/v9/unique-username/username-attempt-unauthed
2026-09-01 18:29:02	NETWORK	godr	attempt=1	proxy=http://wiw4v7duaymysz9-session-8c6892be65fb-lifetime-10:***@rp.scrapegw.com:6060	ConnectionTimeoutError: Connection timeout to host https://discord.com/api/v9/unique-username/username-attempt-unauthed
2026-09-01 18:29:02	NETWORK	goni	attempt=1	proxy=http://wiw4v7duaymysz9-session-c822866ec602-lifetime-10:***@rp.scrapegw.com:6060	ConnectionTimeoutError: Connection timeout to host https://discord.com/api/v9/unique-username/username-attempt-unauthed
2026-09-01 18:29:02	NETWORK	gopk	attempt=1	proxy=http://wiw4v7duaymysz9-session-da30eee47fd8-lifetime-10:***@rp.scrapegw.com:6060	ConnectionTimeoutError: Connection timeout to host https://discord.com/api/v9/unique-username/username-attempt-unauthed
2026-09-01 18:29:02	NETWORK	godp	attempt=1	proxy=http://wiw4v7duaymysz9-session-4ada50c4d436-lifetime-10:***@rp.scrapegw.com:6060	ConnectionTimeoutError: Connection timeout to host https://discord.com/api/v9/unique-username/username-attempt-unauthed
2026-09-01 18:29:02	NETWORK	goqa	attempt=1	proxy=http://wiw4v7duaymysz9-session-09eeb9253ade-lifetime-10:***@rp.scrapegw.com:6060	ConnectionTimeoutError: Connection timeout to host https://discord.com/api/v9/unique-username/username-attempt-unauthed
2026-09-01 18:29:02	NETWORK	gomc	attempt=1	proxy=http://wiw4v7duaymysz9-session-d7a74ec8e8f8-lifetime-10:***@rp.scrapegw.com:6060	ConnectionTimeoutError: Connection timeout to host https://discord.com/api/v9/unique-username/username-attempt-unauthed
2026-09-01 18:29:02	NETWORK	goir	attempt=1	proxy=http://wiw4v7duaymysz9-session-8aa9711f90b8-lifetime-10:***@rp.scrapegw.com:6060	ConnectionTimeoutError: Connection timeout to host https://discord.com/api/v9/unique-username/username-attempt-unauthed
2026-09-01 18:29:02	HTTP_429	gshd	attempt=1	proxy=http://wiw4v7duaymysz9-session-56dad142644e-lifetime-10:***@rp.scrapegw.com:6060	scope=shared global=False retry_after=253.00s
2026-09-01 18:29:02	NETWORK	gpwq	attempt=1	proxy=http://wiw4v7duaymysz9-session-9fa4607bb41e-lifetime-10:***@rp.scrapegw.com:6060	ClientConnectorError: Cannot connect to host discord.com:443 ssl:default [Connection reset by peer]
2026-09-01 18:29:02	NETWORK	gpyq	attempt=1	proxy=http://wiw4v7duaymysz9-session-51c30906b474-lifetime-10:***@rp.scrapegw.com:6060	ClientConnectorError: Cannot connect to host discord.com:443 ssl:default [Connection reset by peer]
2026-09-01 18:29:02	HTTP_429	gtdt	attempt=1	proxy=http://wiw4v7duaymysz9-session-0a9c8ba9cca6-lifetime-10:***@rp.scrapegw.com:6060	scope=shared global=False retry_after=59.00s
2026-09-01 18:29:03	HTTP_429	gtii	attempt=1	proxy=http://wiw4v7duaymysz9-session-bf197fbb63b0-lifetime-10:***@rp.scrapegw.com:6060	scope=shared global=False retry_after=1363.00s
2026-09-01 18:29:03	NETWORK	gosk	attempt=1	proxy=http://wiw4v7duaymysz9-session-c18e2c879f74-lifetime-10:***@rp.scrapegw.com:6060	ClientConnectorError: Cannot connect to host discord.com:443 ssl:default [Connection reset by peer]
2026-09-01 18:29:03	NETWORK	gqst	attempt=1	proxy=http://wiw4v7duaymysz9-session-479ac71bf091-lifetime-10:***@rp.scrapegw.com:6060	ClientConnectorError: Cannot connect to host discord.com:443 ssl:default [Connection reset by peer]
2026-09-01 18:29:03	NETWORK	gqfc	attempt=1	proxy=http://wiw4v7duaymysz9-session-0ccebc7d364b-lifetime-10:***@rp.scrapegw.com:6060	ClientConnectorError: Cannot connect to host discord.com:443 ssl:default [Connection reset by peer]
2026-09-01 18:29:03	HTTP_429	gped	attempt=1	proxy=http://wiw4v7duaymysz9-session-a8d537eb072b-lifetime-10:***@rp.scrapegw.com:6060	scope=shared global=False retry_after=1975.00s
2026-09-01 18:29:03	NETWORK	gqow	attempt=1	proxy=http://wiw4v7duaymysz9-session-7bdd04da9a7a-lifetime-10:***@rp.scrapegw.com:6060	ClientConnectorError: Cannot connect to host discord.com:443 ssl:default [Connection reset by peer]
2026-09-01 18:29:03	NETWORK	gqhc	attempt=1	proxy=http://wiw4v7duaymysz9-session-e2d08ac1740b-lifetime-10:***@rp.scrapegw.com:6060	ClientConnectorError: Cannot connect to host discord.com:443 ssl:default [Connection reset by peer]
2026-09-01 18:29:03	NETWORK	gouu	attempt=1	proxy=http://wiw4v7duaymysz9-session-5860290f2cf3-lifetime-10:***@rp.scrapegw.com:6060	ClientConnectorError: Cannot connect to host discord.com:443 ssl:default [Connection reset by peer]
2026-09-01 18:29:03	NETWORK	gpag	attempt=1	proxy=http://wiw4v7duaymysz9-session-f62160e188e4-lifetime-10:***@rp.scrapegw.com:6060	ConnectionTimeoutError: Connection timeout to host https://discord.com/api/v9/unique-username/username-attempt-unauthed
2026-09-01 18:29:03	NETWORK	goue	attempt=1	proxy=http://wiw4v7duaymysz9-session-441c37fea4ca-lifetime-10:***@rp.scrapegw.com:6060	ConnectionTimeoutError: Connection timeout to host https://discord.com/api/v9/unique-username/username-attempt-unauthed
2026-09-01 18:29:03	NETWORK	goxn	attempt=1	proxy=http://wiw4v7duaymysz9-session-aced725fb263-lifetime-10:***@rp.scrapegw.com:6060	ConnectionTimeoutError: Connection timeout to host https://discord.com/api/v9/unique-username/username-attempt-unauthed
2026-09-01 18:29:03	NETWORK	goxt	attempt=1	proxy=http://wiw4v7duaymysz9-session-cce8e43a5170-lifetime-10:***@rp.scrapegw.com:6060	ConnectionTimeoutError: Connection timeout to host https://discord.com/api/v9/unique-username/username-attempt-unauthed
2026-09-01 18:29:03	NETWORK	gpbf	attempt=1	proxy=http://wiw4v7duaymysz9-session-0e8aa5b8e8da-lifetime-10:***@rp.scrapegw.com:6060	ConnectionTimeoutError: Connection timeout to host https://discord.com/api/v9/unique-username/username-attempt-unauthed
2026-09-01 18:29:03	NETWORK	gpcl	attempt=1	proxy=http://wiw4v7duaymysz9-session-16849d0a4388-lifetime-10:***@rp.scrapegw.com:6060	ConnectionTimeoutError: Connection timeout to host https://discord.com/api/v9/unique-username/username-attempt-unauthed
2026-09-01 18:29:03	NETWORK	gove	attempt=1	proxy=http://wiw4v7duaymysz9-session-1f3d1a8d93c1-lifetime-10:***@rp.scrapegw.com:6060	ConnectionTimeoutError: Connection timeout to host https://discord.com/api/v9/unique-username/username-attempt-unauthed
2026-09-01 18:29:03	NETWORK	gpbp	attempt=1	proxy=http://wiw4v7duaymysz9-session-799a58b65b73-lifetime-10:***@rp.scrapegw.com:6060	ConnectionTimeoutError: Connection timeout to host https://discord.com/api/v9/unique-username/username-attempt-unauthed
2026-09-01 18:29:03	NETWORK	gosu	attempt=1	proxy=http://wiw4v7duaymysz9-session-b9484b946c1a-lifetime-10:***@rp.scrapegw.com:6060	ConnectionTimeoutError: Connection timeout to host https://discord.com/api/v9/unique-username/username-attempt-unauthed
2026-09-01 18:29:03	NETWORK	gpeg	attempt=1	proxy=http://wiw4v7duaymysz9-session-342c85b99605-lifetime-10:***@rp.scrapegw.com:6060	ConnectionTimeoutError: Connection timeout to host https://discord.com/api/v9/unique-username/username-attempt-unauthed
2026-09-01 18:29:03	NETWORK	goxv	attempt=1	proxy=http://wiw4v7duaymysz9-session-8ce9036825f1-lifetime-10:***@rp.scrapegw.com:6060	ConnectionTimeoutError: Connection timeout to host https://discord.com/api/v9/unique-username/username-attempt-unauthed
2026-09-01 18:29:03	NETWORK	gork	attempt=1	proxy=http://wiw4v7duaymysz9-session-8e234dd6628e-lifetime-10:***@rp.scrapegw.com:6060	ConnectionTimeoutError: Connection timeout to host https://discord.com/api/v9/unique-username/username-attempt-unauthed
2026-09-01 18:29:03	NETWORK	gosl	attempt=1	proxy=http://wiw4v7duaymysz9-session-7fbaa889a977-lifetime-10:***@rp.scrapegw.com:6060	ConnectionTimeoutError: Connection timeout to host https://discord.com/api/v9/unique-username/username-attempt-unauthed
2026-09-01 18:29:03	NETWORK	gozw	attempt=1	proxy=http://wiw4v7duaymysz9-session-8e803f27396d-lifetime-10:***@rp.scrapegw.com:6060	ConnectionTimeoutError: Connection timeout to host https://discord.com/api/v9/unique-username/username-attempt-unauthed
2026-09-01 18:29:03	NETWORK	goyf	attempt=1	proxy=http://wiw4v7duaymysz9-session-8a79de861fd4-lifetime-10:***@rp.scrapegw.com:6060	ConnectionTimeoutError: Connection timeout to host https://discord.com/api/v9/unique-username/username-attempt-unauthed
2026-09-01 18:29:03	NETWORK	gozv	attempt=1	proxy=http://wiw4v7duaymysz9-session-fabd9e4377fd-lifetime-10:***@rp.scrapegw.com:6060	ConnectionTimeoutError: Connection timeout to host https://discord.com/api/v9/unique-username/username-attempt-unauthed
2026-09-01 18:29:03	NETWORK	goru	attempt=1	proxy=http://wiw4v7duaymysz9-session-81ffdcc76b9e-lifetime-10:***@rp.scrapegw.com:6060	ConnectionTimeoutError: Connection timeout to host https://discord.com/api/v9/unique-username/username-attempt-unauthed
2026-09-01 18:29:03	NETWORK	gpdy	attempt=1	proxy=http://wiw4v7duaymysz9-session-049be48d6ca8-lifetime-10:***@rp.scrapegw.com:6060	ConnectionTimeoutError: Connection timeout to host https://discord.com/api/v9/unique-username/username-attempt-unauthed
2026-09-01 18:29:03	NETWORK	gpen	attempt=1	proxy=http://wiw4v7duaymysz9-session-e5d3af80cb2b-lifetime-10:***@rp.scrapegw.com:6060	ConnectionTimeoutError: Connection timeout to host https://discord.com/api/v9/unique-username/username-attempt-unauthed
2026-09-01 18:29:03	NETWORK	goxe	attempt=1	proxy=http://wiw4v7duaymysz9-session-522de28e9154-lifetime-10:***@rp.scrapegw.com:6060	ConnectionTimeoutError: Connection timeout to host https://discord.com/api/v9/unique-username/username-attempt-unauthed
2026-09-01 18:29:03	NETWORK	goww	attempt=1	proxy=http://wiw4v7duaymysz9-session-8319e142c749-lifetime-10:***@rp.scrapegw.com:6060	ConnectionTimeoutError: Connection timeout to host https://discord.com/api/v9/unique-username/username-attempt-unauthed
2026-09-01 18:29:03	NETWORK	gpcs	attempt=1	proxy=http://wiw4v7duaymysz9-session-2a11cf4a7081-lifetime-10:***@rp.scrapegw.com:6060	ConnectionTimeoutError: Connection timeout to host https://discord.com/api/v9/unique-username/username-attempt-unauthed
2026-09-01 18:29:03	NETWORK	gpdr	attempt=1	proxy=http://wiw4v7duaymysz9-session-98f21860234f-lifetime-10:***@rp.scrapegw.com:6060	ConnectionTimeoutError: Connection timeout to host https://discord.com/api/v9/unique-username/username-attempt-unauthed
2026-09-01 18:29:03	NETWORK	govy	attempt=1	proxy=http://wiw4v7duaymysz9-session-84720c5fb162-lifetime-10:***@rp.scrapegw.com:6060	ConnectionTimeoutError: Connection timeout to host https://discord.com/api/v9/unique-username/username-attempt-unauthed
2026-09-01 18:29:03	NETWORK	goux	attempt=1	proxy=http://wiw4v7duaymysz9-session-1118d462fb65-lifetime-10:***@rp.scrapegw.com:6060	ConnectionTimeoutError: Connection timeout to host https://discord.com/api/v9/unique-username/username-attempt-unauthed
2026-09-01 18:29:03	NETWORK	goyr	attempt=1	proxy=http://wiw4v7duaymysz9-session-55c5ef43fd51-lifetime-10:***@rp.scrapegw.com:6060	ConnectionTimeoutError: Connection timeout to host https://discord.com/api/v9/unique-username/username-attempt-unauthed
2026-09-01 18:29:03	NETWORK	goyv	attempt=1	proxy=http://wiw4v7duaymysz9-session-2bb7035f0064-lifetime-10:***@rp.scrapegw.com:6060	ConnectionTimeoutError: Connection timeout to host https://discord.com/api/v9/unique-username/username-attempt-unauthed
2026-09-01 18:29:03	NETWORK	goty	attempt=1	proxy=http://wiw4v7duaymysz9-session-a37a68e822c1-lifetime-10:***@rp.scrapegw.com:6060	ConnectionTimeoutError: Connection timeout to host https://discord.com/api/v9/unique-username/username-attempt-unauthed
2026-09-01 18:29:03	NETWORK	goxg	attempt=1	proxy=http://wiw4v7duaymysz9-session-260b7880e8e1-lifetime-10:***@rp.scrapegw.com:6060	ConnectionTimeoutError: Connection timeout to host https://discord.com/api/v9/unique-username/username-attempt-unauthed
2026-09-01 18:29:03	NETWORK	gosb	attempt=1	proxy=http://wiw4v7duaymysz9-session-1e3244248285-lifetime-10:***@rp.scrapegw.com:6060	ConnectionTimeoutError: Connection timeout to host https://discord.com/api/v9/unique-username/username-attempt-unauthed
2026-09-01 18:29:03	NETWORK	gorw	attempt=1	proxy=http://wiw4v7duaymysz9-session-da0bfdd76213-lifetime-10:***@rp.scrapegw.com:6060	ConnectionTimeoutError: Connection timeout to host https://discord.com/api/v9/unique-username/username-attempt-unauthed
2026-09-01 18:29:03	NETWORK	gpeb	attempt=1	proxy=http://wiw4v7duaymysz9-session-d4bd81e77bf7-lifetime-10:***@rp.scrapegw.com:6060	ConnectionTimeoutError: Connection timeout to host https://discord.com/api/v9/unique-username/username-attempt-unauthed
2026-09-01 18:29:03	NETWORK	gpdi	attempt=1	proxy=http://wiw4v7duaymysz9-session-e17548dee26d-lifetime-10:***@rp.scrapegw.com:6060	ConnectionTimeoutError: Connection timeout to host https://discord.com/api/v9/unique-username/username-attempt-unauthed
2026-09-01 18:29:03	NETWORK	gozz	attempt=1	proxy=http://wiw4v7duaymysz9-session-135624b7d96b-lifetime-10:***@rp.scrapegw.com:6060	ConnectionTimeoutError: Connection timeout to host https://discord.com/api/v9/unique-username/username-attempt-unauthed
2026-09-01 18:29:03	NETWORK	goyg	attempt=1	proxy=http://wiw4v7duaymysz9-session-4867725f2026-lifetime-10:***@rp.scrapegw.com:6060	ConnectionTimeoutError: Connection timeout to host https://discord.com/api/v9/unique-username/username-attempt-unauthed
2026-09-01 18:29:03	NETWORK	gorx	attempt=1	proxy=http://wiw4v7duaymysz9-session-43eea47e2da1-lifetime-10:***@rp.scrapegw.com:6060	ConnectionTimeoutError: Connection timeout to host https://discord.com/api/v9/unique-username/username-attempt-unauthed
2026-09-01 18:29:03	NETWORK	gous	attempt=1	proxy=http://wiw4v7duaymysz9-session-c64e0a7d40c0-lifetime-10:***@rp.scrapegw.com:6060	ConnectionTimeoutError: Connection timeout to host https://discord.com/api/v9/unique-username/username-attempt-unauthed
2026-09-01 18:29:03	HTTP_429	gtnv	attempt=1	proxy=http://wiw4v7duaymysz9-session-2441aaaa12dd-lifetime-10:***@rp.scrapegw.com:6060	scope=shared global=False retry_after=1672.00s
2026-09-01 18:29:03	NETWORK	gqsk	attempt=1	proxy=http://wiw4v7duaymysz9-session-4bc0063c4532-lifetime-10:***@rp.scrapegw.com:6060	ClientConnectorError: Cannot connect to host discord.com:443 ssl:default [Connection reset by peer]
2026-09-01 18:29:04	HTTP_429	gtrc	attempt=1	proxy=http://wiw4v7duaymysz9-session-5e9a1b87c0bf-lifetime-10:***@rp.scrapegw.com:6060	scope=shared global=False retry_after=381.00s
2026-09-01 18:29:04	HTTP_429	gttl	attempt=1	proxy=http://wiw4v7duaymysz9-session-a78183ba7eb6-lifetime-10:***@rp.scrapegw.com:6060	scope=shared global=False retry_after=819.00s
2026-09-01 18:29:04	NETWORK	gqkh	attempt=1	proxy=http://wiw4v7duaymysz9-session-5ed7c2b282aa-lifetime-10:***@rp.scrapegw.com:6060	ClientConnectorError: Cannot connect to host discord.com:443 ssl:default [Connection reset by peer]
2026-09-01 18:29:04	NETWORK	gpic	attempt=1	proxy=http://wiw4v7duaymysz9-session-8f2bf92eedc3-lifetime-10:***@rp.scrapegw.com:6060	ClientConnectorError: Cannot connect to host discord.com:443 ssl:default [Connection reset by peer]
2026-09-01 18:29:04	NETWORK	gpha	attempt=1	proxy=http://wiw4v7duaymysz9-session-688b1348e301-lifetime-10:***@rp.scrapegw.com:6060	ConnectionTimeoutError: Connection timeout to host https://discord.com/api/v9/unique-username/username-attempt-unauthed
2026-09-01 18:29:04	NETWORK	gpht	attempt=1	proxy=http://wiw4v7duaymysz9-session-4f8a4a04bbbf-lifetime-10:***@rp.scrapegw.com:6060	ConnectionTimeoutError: Connection timeout to host https://discord.com/api/v9/unique-username/username-attempt-unauthed
2026-09-01 18:29:04	NETWORK	gpjb	attempt=1	proxy=http://wiw4v7duaymysz9-session-5dff8c7f562f-lifetime-10:***@rp.scrapegw.com:6060	ConnectionTimeoutError: Connection timeout to host https://discord.com/api/v9/unique-username/username-attempt-unauthed
2026-09-01 18:29:04	NETWORK	gpip	attempt=1	proxy=http://wiw4v7duaymysz9-session-7c0c7fe60c38-lifetime-10:***@rp.scrapegw.com:6060	ConnectionTimeoutError: Connection timeout to host https://discord.com/api/v9/unique-username/username-attempt-unauthed
2026-09-01 18:29:04	NETWORK	gpje	attempt=1	proxy=http://wiw4v7duaymysz9-session-c0a7d5da4015-lifetime-10:***@rp.scrapegw.com:6060	ConnectionTimeoutError: Connection timeout to host https://discord.com/api/v9/unique-username/username-attempt-unauthed
2026-09-01 18:29:04	NETWORK	gpgb	attempt=1	proxy=http://wiw4v7duaymysz9-session-ec985d1f7d89-lifetime-10:***@rp.scrapegw.com:6060	ConnectionTimeoutError: Connection timeout to host https://discord.com/api/v9/unique-username/username-attempt-unauthed
2026-09-01 18:29:04	NETWORK	gphs	attempt=1	proxy=http://wiw4v7duaymysz9-session-4638ce8d7fa2-lifetime-10:***@rp.scrapegw.com:6060	ConnectionTimeoutError: Connection timeout to host https://discord.com/api/v9/unique-username/username-attempt-unauthed
2026-09-01 18:29:04	NETWORK	gphe	attempt=1	proxy=http://wiw4v7duaymysz9-session-a9684149d0cc-lifetime-10:***@rp.scrapegw.com:6060	ConnectionTimeoutError: Connection timeout to host https://discord.com/api/v9/unique-username/username-attempt-unauthed
2026-09-01 18:29:04	NETWORK	gphc	attempt=1	proxy=http://wiw4v7duaymysz9-session-6f7cd6691d8f-lifetime-10:***@rp.scrapegw.com:6060	ConnectionTimeoutError: Connection timeout to host https://discord.com/api/v9/unique-username/username-attempt-unauthed
2026-09-01 18:29:04	NETWORK	gpfe	attempt=1	proxy=http://wiw4v7duaymysz9-session-ae47cb28858b-lifetime-10:***@rp.scrapegw.com:6060	ConnectionTimeoutError: Connection timeout to host https://discord.com/api/v9/unique-username/username-attempt-unauthed
2026-09-01 18:29:04	NETWORK	gpmj	attempt=1	proxy=http://wiw4v7duaymysz9-session-4d834491774b-lifetime-10:***@rp.scrapegw.com:6060	ConnectionTimeoutError: Connection timeout to host https://discord.com/api/v9/unique-username/username-attempt-unauthed
2026-09-01 18:29:04	NETWORK	gpil	attempt=1	proxy=http://wiw4v7duaymysz9-session-39a941f15f28-lifetime-10:***@rp.scrapegw.com:6060	ConnectionTimeoutError: Connection timeout to host https://discord.com/api/v9/unique-username/username-attempt-unauthed
2026-09-01 18:29:04	NETWORK	gpgy	attempt=1	proxy=http://wiw4v7duaymysz9-session-6fffab466770-lifetime-10:***@rp.scrapegw.com:6060	ConnectionTimeoutError: Connection timeout to host https://discord.com/api/v9/unique-username/username-attempt-unauthed
2026-09-01 18:29:04	NETWORK	gpmd	attempt=1	proxy=http://wiw4v7duaymysz9-session-d22c38bac643-lifetime-10:***@rp.scrapegw.com:6060	ConnectionTimeoutError: Connection timeout to host https://discord.com/api/v9/unique-username/username-attempt-unauthed
2026-09-01 18:29:04	NETWORK	gpia	attempt=1	proxy=http://wiw4v7duaymysz9-session-8093e1db991d-lifetime-10:***@rp.scrapegw.com:6060	ConnectionTimeoutError: Connection timeout to host https://discord.com/api/v9/unique-username/username-attempt-unauthed
2026-09-01 18:29:04	NETWORK	gpgm	attempt=1	proxy=http://wiw4v7duaymysz9-session-0831db876cc7-lifetime-10:***@rp.scrapegw.com:6060	ConnectionTimeoutError: Connection timeout to host https://discord.com/api/v9/unique-username/username-attempt-unauthed
2026-09-01 18:29:04	NETWORK	gpkr	attempt=1	proxy=http://wiw4v7duaymysz9-session-a3244022830d-lifetime-10:***@rp.scrapegw.com:6060	ConnectionTimeoutError: Connection timeout to host https://discord.com/api/v9/unique-username/username-attempt-unauthed
2026-09-01 18:29:04	NETWORK	gplf	attempt=1	proxy=http://wiw4v7duaymysz9-session-f9b4450415a7-lifetime-10:***@rp.scrapegw.com:6060	ConnectionTimeoutError: Connection timeout to host https://discord.com/api/v9/unique-username/username-attempt-unauthed
2026-09-01 18:29:04	HTTP_429	gudy	attempt=1	proxy=http://wiw4v7duaymysz9-session-d330bf00836d-lifetime-10:***@rp.scrapegw.com:6060	scope=shared global=False retry_after=2069.00s
2026-09-01 18:29:04	NETWORK	gqdz	attempt=1	proxy=http://wiw4v7duaymysz9-session-92af13308a29-lifetime-10:***@rp.scrapegw.com:6060	ClientConnectorError: Cannot connect to host discord.com:443 ssl:default [Connection reset by peer]
2026-09-01 18:29:05	HTTP_429	gudn	attempt=1	proxy=http://wiw4v7duaymysz9-session-b7bdf263422b-lifetime-10:***@rp.scrapegw.com:6060	scope=shared global=False retry_after=1150.00s
2026-09-01 18:29:05	NETWORK	gqyx	attempt=1	proxy=http://wiw4v7duaymysz9-session-c1b4f7922abf-lifetime-10:***@rp.scrapegw.com:6060	ClientConnectorError: Cannot connect to host discord.com:443 ssl:default [Connection reset by peer]
2026-09-01 18:29:05	NETWORK	gppy	attempt=1	proxy=http://wiw4v7duaymysz9-session-f3b892612857-lifetime-10:***@rp.scrapegw.com:6060	ClientConnectorError: Cannot connect to host discord.com:443 ssl:default [Connection reset by peer]
2026-09-01 18:29:05	NETWORK	gpwu	attempt=1	proxy=http://wiw4v7duaymysz9-session-187cedacd77b-lifetime-10:***@rp.scrapegw.com:6060	ConnectionTimeoutError: Connection timeout to host https://discord.com/api/v9/unique-username/username-attempt-unauthed
2026-09-01 18:29:05	NETWORK	gppc	attempt=1	proxy=http://wiw4v7duaymysz9-session-0d29b7062c7f-lifetime-10:***@rp.scrapegw.com:6060	ConnectionTimeoutError: Connection timeout to host https://discord.com/api/v9/unique-username/username-attempt-unauthed
2026-09-01 18:29:05	NETWORK	gpwy	attempt=1	proxy=http://wiw4v7duaymysz9-session-4a8aa8804d64-lifetime-10:***@rp.scrapegw.com:6060	ConnectionTimeoutError: Connection timeout to host https://discord.com/api/v9/unique-username/username-attempt-unauthed
2026-09-01 18:29:05	NETWORK	gpwi	attempt=1	proxy=http://wiw4v7duaymysz9-session-be134e6d0e33-lifetime-10:***@rp.scrapegw.com:6060	ConnectionTimeoutError: Connection timeout to host https://discord.com/api/v9/unique-username/username-attempt-unauthed
2026-09-01 18:29:05	NETWORK	gpuc	attempt=1	proxy=http://wiw4v7duaymysz9-session-1da3bedae2ba-lifetime-10:***@rp.scrapegw.com:6060	ConnectionTimeoutError: Connection timeout to host https://discord.com/api/v9/unique-username/username-attempt-unauthed
2026-09-01 18:29:05	NETWORK	gptp	attempt=1	proxy=http://wiw4v7duaymysz9-session-fa4635b6180f-lifetime-10:***@rp.scrapegw.com:6060	ConnectionTimeoutError: Connection timeout to host https://discord.com/api/v9/unique-username/username-attempt-unauthed
2026-09-01 18:29:05	NETWORK	gpxk	attempt=1	proxy=http://wiw4v7duaymysz9-session-974b2a36df12-lifetime-10:***@rp.scrapegw.com:6060	ConnectionTimeoutError: Connection timeout to host https://discord.com/api/v9/unique-username/username-attempt-unauthed
2026-09-01 18:29:05	NETWORK	gpqm	attempt=1	proxy=http://wiw4v7duaymysz9-session-583ed03cce6c-lifetime-10:***@rp.scrapegw.com:6060	ConnectionTimeoutError: Connection timeout to host https://discord.com/api/v9/unique-username/username-attempt-unauthed
2026-09-01 18:29:05	NETWORK	gpqu	attempt=1	proxy=http://wiw4v7duaymysz9-session-9745313a1dfb-lifetime-10:***@rp.scrapegw.com:6060	ConnectionTimeoutError: Connection timeout to host https://discord.com/api/v9/unique-username/username-attempt-unauthed
2026-09-01 18:29:05	NETWORK	gpwd	attempt=1	proxy=http://wiw4v7duaymysz9-session-56dad142644e-lifetime-10:***@rp.scrapegw.com:6060	ConnectionTimeoutError: Connection timeout to host https://discord.com/api/v9/unique-username/username-attempt-unauthed
2026-09-01 18:29:05	NETWORK	gpwr	attempt=1	proxy=http://wiw4v7duaymysz9-session-486660b197a1-lifetime-10:***@rp.scrapegw.com:6060	ConnectionTimeoutError: Connection timeout to host https://discord.com/api/v9/unique-username/username-attempt-unauthed
2026-09-01 18:29:05	NETWORK	gpui	attempt=1	proxy=http://wiw4v7duaymysz9-session-e5576df8e639-lifetime-10:***@rp.scrapegw.com:6060	ConnectionTimeoutError: Connection timeout to host https://discord.com/api/v9/unique-username/username-attempt-unauthed
2026-09-01 18:29:05	NETWORK	gptf	attempt=1	proxy=http://wiw4v7duaymysz9-session-f1c48f30ea6e-lifetime-10:***@rp.scrapegw.com:6060	ConnectionTimeoutError: Connection timeout to host https://discord.com/api/v9/unique-username/username-attempt-unauthed
2026-09-01 18:29:05	NETWORK	gpoj	attempt=1	proxy=http://wiw4v7duaymysz9-session-14feea9c4ae2-lifetime-10:***@rp.scrapegw.com:6060	ConnectionTimeoutError: Connection timeout to host https://discord.com/api/v9/unique-username/username-attempt-unauthed
2026-09-01 18:29:05	NETWORK	gpnf	attempt=1	proxy=http://wiw4v7duaymysz9-session-80d0542e7fb4-lifetime-10:***@rp.scrapegw.com:6060	ConnectionTimeoutError: Connection timeout to host https://discord.com/api/v9/unique-username/username-attempt-unauthed
2026-09-01 18:29:05	NETWORK	gpqx	attempt=1	proxy=http://wiw4v7duaymysz9-session-df2996227909-lifetime-10:***@rp.scrapegw.com:6060	ConnectionTimeoutError: Connection timeout to host https://discord.com/api/v9/unique-username/username-attempt-unauthed
2026-09-01 18:29:05	NETWORK	gprd	attempt=1	proxy=http://wiw4v7duaymysz9-session-745fec0bd272-lifetime-10:***@rp.scrapegw.com:6060	ConnectionTimeoutError: Connection timeout to host https://discord.com/api/v9/unique-username/username-attempt-unauthed
2026-09-01 18:29:05	NETWORK	gpvx	attempt=1	proxy=http://wiw4v7duaymysz9-session-5c400e28d436-lifetime-10:***@rp.scrapegw.com:6060	ConnectionTimeoutError: Connection timeout to host https://discord.com/api/v9/unique-username/username-attempt-unauthed
2026-09-01 18:29:05	NETWORK	gpxr	attempt=1	proxy=http://wiw4v7duaymysz9-session-8f97416b5c4a-lifetime-10:***@rp.scrapegw.com:6060	ConnectionTimeoutError: Connection timeout to host https://discord.com/api/v9/unique-username/username-attempt-unauthed
2026-09-01 18:29:05	NETWORK	gpvr	attempt=1	proxy=http://wiw4v7duaymysz9-session-19030404d4d3-lifetime-10:***@rp.scrapegw.com:6060	ConnectionTimeoutError: Connection timeout to host https://discord.com/api/v9/unique-username/username-attempt-unauthed
2026-09-01 18:29:05	NETWORK	gpvo	attempt=1	proxy=http://wiw4v7duaymysz9-session-b2e33821703f-lifetime-10:***@rp.scrapegw.com:6060	ConnectionTimeoutError: Connection timeout to host https://discord.com/api/v9/unique-username/username-attempt-unauthed
2026-09-01 18:29:05	NETWORK	gpvc	attempt=1	proxy=http://wiw4v7duaymysz9-session-7e866c786784-lifetime-10:***@rp.scrapegw.com:6060	ConnectionTimeoutError: Connection timeout to host https://discord.com/api/v9/unique-username/username-attempt-unauthed
2026-09-01 18:29:05	NETWORK	gpuz	attempt=1	proxy=http://wiw4v7duaymysz9-session-81c5cb86f81a-lifetime-10:***@rp.scrapegw.com:6060	ConnectionTimeoutError: Connection timeout to host https://discord.com/api/v9/unique-username/username-attempt-unauthed
2026-09-01 18:29:05	NETWORK	gpph	attempt=1	proxy=http://wiw4v7duaymysz9-session-a1110cf73e3c-lifetime-10:***@rp.scrapegw.com:6060	ConnectionTimeoutError: Connection timeout to host https://discord.com/api/v9/unique-username/username-attempt-unauthed
2026-09-01 18:29:05	NETWORK	gptn	attempt=1	proxy=http://wiw4v7duaymysz9-session-49c9dedac36c-lifetime-10:***@rp.scrapegw.com:6060	ConnectionTimeoutError: Connection timeout to host https://discord.com/api/v9/unique-username/username-attempt-unauthed
2026-09-01 18:29:05	NETWORK	gpwn	attempt=1	proxy=http://wiw4v7duaymysz9-session-081ff0c2d64d-lifetime-10:***@rp.scrapegw.com:6060	ConnectionTimeoutError: Connection timeout to host https://discord.com/api/v9/unique-username/username-attempt-unauthed
2026-09-01 18:29:05	NETWORK	gpty	attempt=1	proxy=http://wiw4v7duaymysz9-session-2b57ed1919a1-lifetime-10:***@rp.scrapegw.com:6060	ConnectionTimeoutError: Connection timeout to host https://discord.com/api/v9/unique-username/username-attempt-unauthed
2026-09-01 18:29:05	NETWORK	gpqv	attempt=1	proxy=http://wiw4v7duaymysz9-session-e48d11764ba0-lifetime-10:***@rp.scrapegw.com:6060	ConnectionTimeoutError: Connection timeout to host https://discord.com/api/v9/unique-username/username-attempt-unauthed
2026-09-01 18:29:05	NETWORK	gppl	attempt=1	proxy=http://wiw4v7duaymysz9-session-93aad5433449-lifetime-10:***@rp.scrapegw.com:6060	ConnectionTimeoutError: Connection timeout to host https://discord.com/api/v9/unique-username/username-attempt-unauthed
2026-09-01 18:29:05	NETWORK	gpol	attempt=1	proxy=http://wiw4v7duaymysz9-session-85186c6573d8-lifetime-10:***@rp.scrapegw.com:6060	ConnectionTimeoutError: Connection timeout to host https://discord.com/api/v9/unique-username/username-attempt-unauthed
2026-09-01 18:29:05	NETWORK	gpnz	attempt=1	proxy=http://wiw4v7duaymysz9-session-ac6dad6c5b32-lifetime-10:***@rp.scrapegw.com:6060	ConnectionTimeoutError: Connection timeout to host https://discord.com/api/v9/unique-username/username-attempt-unauthed
2026-09-01 18:29:05	NETWORK	gpqp	attempt=1	proxy=http://wiw4v7duaymysz9-session-b7d54ce83136-lifetime-10:***@rp.scrapegw.com:6060	ConnectionTimeoutError: Connection timeout to host https://discord.com/api/v9/unique-username/username-attempt-unauthed
2026-09-01 18:29:05	NETWORK	gpmn	attempt=1	proxy=http://wiw4v7duaymysz9-session-fc9f6496e8f7-lifetime-10:***@rp.scrapegw.com:6060	ConnectionTimeoutError: Connection timeout to host https://discord.com/api/v9/unique-username/username-attempt-unauthed
2026-09-01 18:29:05	NETWORK	gprb	attempt=1	proxy=http://wiw4v7duaymysz9-session-f2d41f1a2363-lifetime-10:***@rp.scrapegw.com:6060	ConnectionTimeoutError: Connection timeout to host https://discord.com/api/v9/unique-username/username-attempt-unauthed
2026-09-01 18:29:05	NETWORK	gprf	attempt=1	proxy=http://wiw4v7duaymysz9-session-7603973a495a-lifetime-10:***@rp.scrapegw.com:6060	ConnectionTimeoutError: Connection timeout to host https://discord.com/api/v9/unique-username/username-attempt-unauthed
2026-09-01 18:29:05	NETWORK	gprg	attempt=1	proxy=http://wiw4v7duaymysz9-session-b9fd3a31179d-lifetime-10:***@rp.scrapegw.com:6060	ConnectionTimeoutError: Connection timeout to host https://discord.com/api/v9/unique-username/username-attempt-unauthed
2026-09-01 18:29:06	HTTP_429	gupk	attempt=1	proxy=http://wiw4v7duaymysz9-session-b2334deafd18-lifetime-10:***@rp.scrapegw.com:6060	scope=shared global=False retry_after=1817.00s
2026-09-01 18:29:06	HTTP_429	guuq	attempt=1	proxy=http://wiw4v7duaymysz9-session-a744998591e5-lifetime-10:***@rp.scrapegw.com:6060	scope=shared global=False retry_after=1073.00s
2026-09-01 18:29:06	NETWORK	gryb	attempt=1	proxy=http://wiw4v7duaymysz9-session-bb662281f8d2-lifetime-10:***@rp.scrapegw.com:6060	ClientConnectorError: Cannot connect to host discord.com:443 ssl:default [Connection reset by peer]
2026-09-01 18:29:06	NETWORK	grcy	attempt=1	proxy=http://wiw4v7duaymysz9-session-e09dc6b60dbe-lifetime-10:***@rp.scrapegw.com:6060	ClientConnectorError: Cannot connect to host discord.com:443 ssl:default [Connection reset by peer]
2026-09-01 18:29:06	NETWORK	gpyv	attempt=1	proxy=http://wiw4v7duaymysz9-session-6eb4b0014888-lifetime-10:***@rp.scrapegw.com:6060	ConnectionTimeoutError: Connection timeout to host https://discord.com/api/v9/unique-username/username-attempt-unauthed
2026-09-01 18:29:06	NETWORK	gpya	attempt=1	proxy=http://wiw4v7duaymysz9-session-00e969532ae2-lifetime-10:***@rp.scrapegw.com:6060	ConnectionTimeoutError: Connection timeout to host https://discord.com/api/v9/unique-username/username-attempt-unauthed
2026-09-01 18:29:06	NETWORK	gqhv	attempt=1	proxy=http://wiw4v7duaymysz9-session-1c2f3b620547-lifetime-10:***@rp.scrapegw.com:6060	ConnectionTimeoutError: Connection timeout to host https://discord.com/api/v9/unique-username/username-attempt-unauthed
2026-09-01 18:29:06	NETWORK	gqcx	attempt=1	proxy=http://wiw4v7duaymysz9-session-9ae18cce30df-lifetime-10:***@rp.scrapegw.com:6060	ConnectionTimeoutError: Connection timeout to host https://discord.com/api/v9/unique-username/username-attempt-unauthed
2026-09-01 18:29:06	NETWORK	gqce	attempt=1	proxy=http://wiw4v7duaymysz9-session-d9736a13bee2-lifetime-10:***@rp.scrapegw.com:6060	ConnectionTimeoutError: Connection timeout to host https://discord.com/api/v9/unique-username/username-attempt-unauthed
2026-09-01 18:29:06	NETWORK	gqch	attempt=1	proxy=http://wiw4v7duaymysz9-session-5c8a4db39978-lifetime-10:***@rp.scrapegw.com:6060	ConnectionTimeoutError: Connection timeout to host https://discord.com/api/v9/unique-username/username-attempt-unauthed
2026-09-01 18:29:06	NETWORK	gqab	attempt=1	proxy=http://wiw4v7duaymysz9-session-99bcc7d98588-lifetime-10:***@rp.scrapegw.com:6060	ConnectionTimeoutError: Connection timeout to host https://discord.com/api/v9/unique-username/username-attempt-unauthed
2026-09-01 18:29:06	NETWORK	gqan	attempt=1	proxy=http://wiw4v7duaymysz9-session-cdb5ee6a3c53-lifetime-10:***@rp.scrapegw.com:6060	ConnectionTimeoutError: Connection timeout to host https://discord.com/api/v9/unique-username/username-attempt-unauthed
2026-09-01 18:29:06	NETWORK	gqid	attempt=1	proxy=http://wiw4v7duaymysz9-session-1c47edc6ec4a-lifetime-10:***@rp.scrapegw.com:6060	ConnectionTimeoutError: Connection timeout to host https://discord.com/api/v9/unique-username/username-attempt-unauthed
2026-09-01 18:29:06	NETWORK	gqfz	attempt=1	proxy=http://wiw4v7duaymysz9-session-308fc5c8d925-lifetime-10:***@rp.scrapegw.com:6060	ConnectionTimeoutError: Connection timeout to host https://discord.com/api/v9/unique-username/username-attempt-unauthed
2026-09-01 18:29:06	NETWORK	gqer	attempt=1	proxy=http://wiw4v7duaymysz9-session-b014963fccba-lifetime-10:***@rp.scrapegw.com:6060	ConnectionTimeoutError: Connection timeout to host https://discord.com/api/v9/unique-username/username-attempt-unauthed
2026-09-01 18:29:06	NETWORK	gqfs	attempt=1	proxy=http://wiw4v7duaymysz9-session-ba1cab433672-lifetime-10:***@rp.scrapegw.com:6060	ConnectionTimeoutError: Connection timeout to host https://discord.com/api/v9/unique-username/username-attempt-unauthed
2026-09-01 18:29:06	NETWORK	gqdt	attempt=1	proxy=http://wiw4v7duaymysz9-session-3d913ccdf4db-lifetime-10:***@rp.scrapegw.com:6060	ConnectionTimeoutError: Connection timeout to host https://discord.com/api/v9/unique-username/username-attempt-unauthed
2026-09-01 18:29:06	NETWORK	gqeq	attempt=1	proxy=http://wiw4v7duaymysz9-session-f5d0acc99d8b-lifetime-10:***@rp.scrapegw.com:6060	ConnectionTimeoutError: Connection timeout to host https://discord.com/api/v9/unique-username/username-attempt-unauthed
2026-09-01 18:29:06	NETWORK	gqdj	attempt=1	proxy=http://wiw4v7duaymysz9-session-70ab31fa4682-lifetime-10:***@rp.scrapegw.com:6060	ConnectionTimeoutError: Connection timeout to host https://discord.com/api/v9/unique-username/username-attempt-unauthed
2026-09-01 18:29:06	NETWORK	gqjf	attempt=1	proxy=http://wiw4v7duaymysz9-session-771ef9ba841d-lifetime-10:***@rp.scrapegw.com:6060	ConnectionTimeoutError: Connection timeout to host https://discord.com/api/v9/unique-username/username-attempt-unauthed
2026-09-01 18:29:06	NETWORK	gqda	attempt=1	proxy=http://wiw4v7duaymysz9-session-dbbf0c45b135-lifetime-10:***@rp.scrapegw.com:6060	ConnectionTimeoutError: Connection timeout to host https://discord.com/api/v9/unique-username/username-attempt-unauthed
2026-09-01 18:29:06	NETWORK	gqay	attempt=1	proxy=http://wiw4v7duaymysz9-session-396579b449b8-lifetime-10:***@rp.scrapegw.com:6060	ConnectionTimeoutError: Connection timeout to host https://discord.com/api/v9/unique-username/username-attempt-unauthed
2026-09-01 18:29:06	NETWORK	gpyu	attempt=1	proxy=http://wiw4v7duaymysz9-session-163dbf115cea-lifetime-10:***@rp.scrapegw.com:6060	ConnectionTimeoutError: Connection timeout to host https://discord.com/api/v9/unique-username/username-attempt-unauthed
2026-09-01 18:29:06	NETWORK	gpyt	attempt=1	proxy=http://wiw4v7duaymysz9-session-c31e0b101d90-lifetime-10:***@rp.scrapegw.com:6060	ConnectionTimeoutError: Connection timeout to host https://discord.com/api/v9/unique-username/username-attempt-unauthed
2026-09-01 18:29:06	NETWORK	gpxy	attempt=1	proxy=http://wiw4v7duaymysz9-session-b2770eed71d9-lifetime-10:***@rp.scrapegw.com:6060	ConnectionTimeoutError: Connection timeout to host https://discord.com/api/v9/unique-username/username-attempt-unauthed
2026-09-01 18:29:06	NETWORK	gqci	attempt=1	proxy=http://wiw4v7duaymysz9-session-ab6573b9acc3-lifetime-10:***@rp.scrapegw.com:6060	ConnectionTimeoutError: Connection timeout to host https://discord.com/api/v9/unique-username/username-attempt-unauthed
2026-09-01 18:29:06	NETWORK	gqhl	attempt=1	proxy=http://wiw4v7duaymysz9-session-6914f90ed82b-lifetime-10:***@rp.scrapegw.com:6060	ConnectionTimeoutError: Connection timeout to host https://discord.com/api/v9/unique-username/username-attempt-unauthed
2026-09-01 18:29:06	NETWORK	gpyc	attempt=1	proxy=http://wiw4v7duaymysz9-session-e12247420f30-lifetime-10:***@rp.scrapegw.com:6060	ConnectionTimeoutError: Connection timeout to host https://discord.com/api/v9/unique-username/username-attempt-unauthed
2026-09-01 18:29:06	NETWORK	gqef	attempt=1	proxy=http://wiw4v7duaymysz9-session-75d7daa36834-lifetime-10:***@rp.scrapegw.com:6060	ConnectionTimeoutError: Connection timeout to host https://discord.com/api/v9/unique-username/username-attempt-unauthed
2026-09-01 18:29:06	NETWORK	gqig	attempt=1	proxy=http://wiw4v7duaymysz9-session-7eadbf6298bc-lifetime-10:***@rp.scrapegw.com:6060	ConnectionTimeoutError: Connection timeout to host https://discord.com/api/v9/unique-username/username-attempt-unauthed
2026-09-01 18:29:06	NETWORK	gpyh	attempt=1	proxy=http://wiw4v7duaymysz9-session-7d86559ae74b-lifetime-10:***@rp.scrapegw.com:6060	ConnectionTimeoutError: Connection timeout to host https://discord.com/api/v9/unique-username/username-attempt-unauthed
2026-09-01 18:29:06	NETWORK	gqfe	attempt=1	proxy=http://wiw4v7duaymysz9-session-e621fae5230b-lifetime-10:***@rp.scrapegw.com:6060	ConnectionTimeoutError: Connection timeout to host https://discord.com/api/v9/unique-username/username-attempt-unauthed
2026-09-01 18:29:06	NETWORK	gqbe	attempt=1	proxy=http://wiw4v7duaymysz9-session-b4cd58220f94-lifetime-10:***@rp.scrapegw.com:6060	ConnectionTimeoutError: Connection timeout to host https://discord.com/api/v9/unique-username/username-attempt-unauthed
2026-09-01 18:29:06	HTTP_429	guwg	attempt=1	proxy=http://wiw4v7duaymysz9-session-01d33f4319bb-lifetime-10:***@rp.scrapegw.com:6060	scope=shared global=False retry_after=416.00s
2026-09-01 18:29:07	NETWORK	grmn	attempt=1	proxy=http://wiw4v7duaymysz9-session-04b6ff23641a-lifetime-10:***@rp.scrapegw.com:6060	ClientConnectorError: Cannot connect to host discord.com:443 ssl:default [Connection reset by peer]
2026-09-01 18:29:07	HTTP_429	gsdf	attempt=1	proxy=http://wiw4v7duaymysz9-session-681fc46a6460-lifetime-10:***@rp.scrapegw.com:6060	scope=shared global=False retry_after=1554.00s
2026-09-01 18:29:07	HTTP_429	gtbn	attempt=1	proxy=http://wiw4v7duaymysz9-session-29f9b6be33ce-lifetime-10:***@rp.scrapegw.com:6060	scope=shared global=False retry_after=1631.00s
2026-09-01 18:29:07	NETWORK	gqjs	attempt=1	proxy=http://wiw4v7duaymysz9-session-48452f02d323-lifetime-10:***@rp.scrapegw.com:6060	ClientConnectorError: Cannot connect to host discord.com:443 ssl:default [Connection reset by peer]
2026-09-01 18:29:07	NETWORK	gqlx	attempt=1	proxy=http://wiw4v7duaymysz9-session-8e7ac70dfab6-lifetime-10:***@rp.scrapegw.com:6060	ClientConnectorError: Cannot connect to host discord.com:443 ssl:default [Connection reset by peer]
2026-09-01 18:29:07	HTTP_429	gvfi	attempt=1	proxy=http://wiw4v7duaymysz9-session-14dbea75bbc0-lifetime-10:***@rp.scrapegw.com:6060	scope=shared global=False retry_after=2069.00s
2026-09-01 18:29:07	NETWORK	grzl	attempt=1	proxy=http://wiw4v7duaymysz9-session-9bf50ce439bd-lifetime-10:***@rp.scrapegw.com:6060	ClientConnectorError: Cannot connect to host discord.com:443 ssl:default [Connection reset by peer]
2026-09-01 18:29:07	NETWORK	gqne	attempt=1	proxy=http://wiw4v7duaymysz9-session-c2d9660d1957-lifetime-10:***@rp.scrapegw.com:6060	ConnectionTimeoutError: Connection timeout to host https://discord.com/api/v9/unique-username/username-attempt-unauthed
2026-09-01 18:29:07	NETWORK	gqoh	attempt=1	proxy=http://wiw4v7duaymysz9-session-6af14f706bc5-lifetime-10:***@rp.scrapegw.com:6060	ConnectionTimeoutError: Connection timeout to host https://discord.com/api/v9/unique-username/username-attempt-unauthed
2026-09-01 18:29:07	NETWORK	gqqc	attempt=1	proxy=http://wiw4v7duaymysz9-session-426c669d4508-lifetime-10:***@rp.scrapegw.com:6060	ConnectionTimeoutError: Connection timeout to host https://discord.com/api/v9/unique-username/username-attempt-unauthed
2026-09-01 18:29:07	NETWORK	gqnz	attempt=1	proxy=http://wiw4v7duaymysz9-session-bbb665073ac0-lifetime-10:***@rp.scrapegw.com:6060	ConnectionTimeoutError: Connection timeout to host https://discord.com/api/v9/unique-username/username-attempt-unauthed
2026-09-01 18:29:07	NETWORK	gqqa	attempt=1	proxy=http://wiw4v7duaymysz9-session-53453d65fe24-lifetime-10:***@rp.scrapegw.com:6060	ConnectionTimeoutError: Connection timeout to host https://discord.com/api/v9/unique-username/username-attempt-unauthed
2026-09-01 18:29:07	NETWORK	gqln	attempt=1	proxy=http://wiw4v7duaymysz9-session-97f0c67cd66c-lifetime-10:***@rp.scrapegw.com:6060	ConnectionTimeoutError: Connection timeout to host https://discord.com/api/v9/unique-username/username-attempt-unauthed
2026-09-01 18:29:07	NETWORK	gqkv	attempt=1	proxy=http://wiw4v7duaymysz9-session-a9c6c49d20b9-lifetime-10:***@rp.scrapegw.com:6060	ConnectionTimeoutError: Connection timeout to host https://discord.com/api/v9/unique-username/username-attempt-unauthed
2026-09-01 18:29:07	NETWORK	gqnf	attempt=1	proxy=http://wiw4v7duaymysz9-session-c7f42e740b8f-lifetime-10:***@rp.scrapegw.com:6060	ConnectionTimeoutError: Connection timeout to host https://discord.com/api/v9/unique-username/username-attempt-unauthed
2026-09-01 18:29:07	NETWORK	gqni	attempt=1	proxy=http://wiw4v7duaymysz9-session-dd062ffc48c8-lifetime-10:***@rp.scrapegw.com:6060	ConnectionTimeoutError: Connection timeout to host https://discord.com/api/v9/unique-username/username-attempt-unauthed
2026-09-01 18:29:07	NETWORK	gqnp	attempt=1	proxy=http://wiw4v7duaymysz9-session-6f5d2ca0a960-lifetime-10:***@rp.scrapegw.com:6060	ConnectionTimeoutError: Connection timeout to host https://discord.com/api/v9/unique-username/username-attempt-unauthed
2026-09-01 18:29:07	NETWORK	gqtd	attempt=1	proxy=http://wiw4v7duaymysz9-session-aecff59c6962-lifetime-10:***@rp.scrapegw.com:6060	ConnectionTimeoutError: Connection timeout to host https://discord.com/api/v9/unique-username/username-attempt-unauthed
2026-09-01 18:29:07	NETWORK	gqsa	attempt=1	proxy=http://wiw4v7duaymysz9-session-fb7cde860c11-lifetime-10:***@rp.scrapegw.com:6060	ConnectionTimeoutError: Connection timeout to host https://discord.com/api/v9/unique-username/username-attempt-unauthed
2026-09-01 18:29:07	NETWORK	gqrf	attempt=1	proxy=http://wiw4v7duaymysz9-session-dc296ff1dfa1-lifetime-10:***@rp.scrapegw.com:6060	ConnectionTimeoutError: Connection timeout to host https://discord.com/api/v9/unique-username/username-attempt-unauthed
2026-09-01 18:29:07	NETWORK	gqqg	attempt=1	proxy=http://wiw4v7duaymysz9-session-29f9b6be33ce-lifetime-10:***@rp.scrapegw.com:6060	ConnectionTimeoutError: Connection timeout to host https://discord.com/api/v9/unique-username/username-attempt-unauthed
2026-09-01 18:29:07	NETWORK	gqpt	attempt=1	proxy=http://wiw4v7duaymysz9-session-d95f785bacbb-lifetime-10:***@rp.scrapegw.com:6060	ConnectionTimeoutError: Connection timeout to host https://discord.com/api/v9/unique-username/username-attempt-unauthed
2026-09-01 18:29:07	NETWORK	gqmb	attempt=1	proxy=http://wiw4v7duaymysz9-session-341268cb4513-lifetime-10:***@rp.scrapegw.com:6060	ConnectionTimeoutError: Connection timeout to host https://discord.com/api/v9/unique-username/username-attempt-unauthed
2026-09-01 18:29:07	NETWORK	gqta	attempt=1	proxy=http://wiw4v7duaymysz9-session-0a9c8ba9cca6-lifetime-10:***@rp.scrapegw.com:6060	ConnectionTimeoutError: Connection timeout to host https://discord.com/api/v9/unique-username/username-attempt-unauthed
2026-09-01 18:29:07	NETWORK	gqls	attempt=1	proxy=http://wiw4v7duaymysz9-session-ef3cc125ffae-lifetime-10:***@rp.scrapegw.com:6060	ConnectionTimeoutError: Connection timeout to host https://discord.com/api/v9/unique-username/username-attempt-unauthed
2026-09-01 18:29:07	NETWORK	gqle	attempt=1	proxy=http://wiw4v7duaymysz9-session-1d562500d155-lifetime-10:***@rp.scrapegw.com:6060	ConnectionTimeoutError: Connection timeout to host https://discord.com/api/v9/unique-username/username-attempt-unauthed
2026-09-01 18:29:07	NETWORK	gqla	attempt=1	proxy=http://wiw4v7duaymysz9-session-b8dca1126e01-lifetime-10:***@rp.scrapegw.com:6060	ConnectionTimeoutError: Connection timeout to host https://discord.com/api/v9/unique-username/username-attempt-unauthed
2026-09-01 18:29:07	NETWORK	gqkg	attempt=1	proxy=http://wiw4v7duaymysz9-session-2c8c235c2f26-lifetime-10:***@rp.scrapegw.com:6060	ConnectionTimeoutError: Connection timeout to host https://discord.com/api/v9/unique-username/username-attempt-unauthed
2026-09-01 18:29:07	NETWORK	gqjn	attempt=1	proxy=http://wiw4v7duaymysz9-session-5c1c64b32a53-lifetime-10:***@rp.scrapegw.com:6060	ConnectionTimeoutError: Connection timeout to host https://discord.com/api/v9/unique-username/username-attempt-unauthed
2026-09-01 18:29:07	NETWORK	gqjj	attempt=1	proxy=http://wiw4v7duaymysz9-session-966d5a168071-lifetime-10:***@rp.scrapegw.com:6060	ConnectionTimeoutError: Connection timeout to host https://discord.com/api/v9/unique-username/username-attempt-unauthed
2026-09-01 18:29:07	NETWORK	gqnh	attempt=1	proxy=http://wiw4v7duaymysz9-session-73550c99f8e1-lifetime-10:***@rp.scrapegw.com:6060	ConnectionTimeoutError: Connection timeout to host https://discord.com/api/v9/unique-username/username-attempt-unauthed
2026-09-01 18:29:07	NETWORK	gqso	attempt=1	proxy=http://wiw4v7duaymysz9-session-a0d0e783040f-lifetime-10:***@rp.scrapegw.com:6060	ConnectionTimeoutError: Connection timeout to host https://discord.com/api/v9/unique-username/username-attempt-unauthed
2026-09-01 18:29:07	NETWORK	gqtj	attempt=1	proxy=http://wiw4v7duaymysz9-session-2cf94e38f0f9-lifetime-10:***@rp.scrapegw.com:6060	ConnectionTimeoutError: Connection timeout to host https://discord.com/api/v9/unique-username/username-attempt-unauthed
2026-09-01 18:29:07	NETWORK	gqoy	attempt=1	proxy=http://wiw4v7duaymysz9-session-e59c804cfd3e-lifetime-10:***@rp.scrapegw.com:6060	ConnectionTimeoutError: Connection timeout to host https://discord.com/api/v9/unique-username/username-attempt-unauthed
2026-09-01 18:29:07	NETWORK	gqro	attempt=1	proxy=http://wiw4v7duaymysz9-session-d196a81e037b-lifetime-10:***@rp.scrapegw.com:6060	ConnectionTimeoutError: Connection timeout to host https://discord.com/api/v9/unique-username/username-attempt-unauthed
2026-09-01 18:29:07	NETWORK	gqpx	attempt=1	proxy=http://wiw4v7duaymysz9-session-f9fd714a88f0-lifetime-10:***@rp.scrapegw.com:6060	ConnectionTimeoutError: Connection timeout to host https://discord.com/api/v9/unique-username/username-attempt-unauthed
2026-09-01 18:29:07	NETWORK	gqpv	attempt=1	proxy=http://wiw4v7duaymysz9-session-b3e76937ac45-lifetime-10:***@rp.scrapegw.com:6060	ConnectionTimeoutError: Connection timeout to host https://discord.com/api/v9/unique-username/username-attempt-unauthed
2026-09-01 18:29:07	NETWORK	gqly	attempt=1	proxy=http://wiw4v7duaymysz9-session-26ea39d3f7a8-lifetime-10:***@rp.scrapegw.com:6060	ConnectionTimeoutError: Connection timeout to host https://discord.com/api/v9/unique-username/username-attempt-unauthed
2026-09-01 18:29:07	NETWORK	gqna	attempt=1	proxy=http://wiw4v7duaymysz9-session-b474f41e8f6f-lifetime-10:***@rp.scrapegw.com:6060	ConnectionTimeoutError: Connection timeout to host https://discord.com/api/v9/unique-username/username-attempt-unauthed
2026-09-01 18:29:07	NETWORK	gqks	attempt=1	proxy=http://wiw4v7duaymysz9-session-37b8a74a66b1-lifetime-10:***@rp.scrapegw.com:6060	ConnectionTimeoutError: Connection timeout to host https://discord.com/api/v9/unique-username/username-attempt-unauthed
2026-09-01 18:29:07	NETWORK	gqmg	attempt=1	proxy=http://wiw4v7duaymysz9-session-4e13dcfed32c-lifetime-10:***@rp.scrapegw.com:6060	ConnectionTimeoutError: Connection timeout to host https://discord.com/api/v9/unique-username/username-attempt-unauthed
2026-09-01 18:29:07	NETWORK	gqou	attempt=1	proxy=http://wiw4v7duaymysz9-session-bb070a87d3e2-lifetime-10:***@rp.scrapegw.com:6060	ConnectionTimeoutError: Connection timeout to host https://discord.com/api/v9/unique-username/username-attempt-unauthed
2026-09-01 18:29:07	HTTP_429	gvis	attempt=1	proxy=http://wiw4v7duaymysz9-session-b468691aea32-lifetime-10:***@rp.scrapegw.com:6060	scope=shared global=False retry_after=2059.00s
2026-09-01 18:29:08	NETWORK	gsms	attempt=1	proxy=http://wiw4v7duaymysz9-session-5d9b231d4d8b-lifetime-10:***@rp.scrapegw.com:6060	ClientConnectorError: Cannot connect to host discord.com:443 ssl:default [Connection reset by peer]
2026-09-01 18:29:08	HTTP_429	grzh	attempt=1	proxy=http://wiw4v7duaymysz9-session-17396ca454ca-lifetime-10:***@rp.scrapegw.com:6060	scope=shared global=False retry_after=325.00s
2026-09-01 18:29:08	NETWORK	gqxf	attempt=1	proxy=http://wiw4v7duaymysz9-session-da30eee47fd8-lifetime-10:***@rp.scrapegw.com:6060	ClientConnectorError: Cannot connect to host discord.com:443 ssl:default [Connection reset by peer]
2026-09-01 18:29:08	HTTP_429	gvri	attempt=1	proxy=http://wiw4v7duaymysz9-session-64d53e143f1f-lifetime-10:***@rp.scrapegw.com:6060	scope=shared global=False retry_after=2068.00s
2026-09-01 18:29:08	HTTP_429	gvtv	attempt=1	proxy=http://wiw4v7duaymysz9-session-97d4a8ffe47c-lifetime-10:***@rp.scrapegw.com:6060	scope=shared global=False retry_after=155.00s
2026-09-01 18:29:08	NETWORK	gqui	attempt=1	proxy=http://wiw4v7duaymysz9-session-ae8319dbb604-lifetime-10:***@rp.scrapegw.com:6060	ConnectionTimeoutError: Connection timeout to host https://discord.com/api/v9/unique-username/username-attempt-unauthed
2026-09-01 18:29:08	NETWORK	grft	attempt=1	proxy=http://wiw4v7duaymysz9-session-8ad0a9867bc0-lifetime-10:***@rp.scrapegw.com:6060	ConnectionTimeoutError: Connection timeout to host https://discord.com/api/v9/unique-username/username-attempt-unauthed
2026-09-01 18:29:08	NETWORK	gqyc	attempt=1	proxy=http://wiw4v7duaymysz9-session-250fecfe0326-lifetime-10:***@rp.scrapegw.com:6060	ConnectionTimeoutError: Connection timeout to host https://discord.com/api/v9/unique-username/username-attempt-unauthed
2026-09-01 18:29:08	NETWORK	gqzd	attempt=1	proxy=http://wiw4v7duaymysz9-session-0a956a0d302e-lifetime-10:***@rp.scrapegw.com:6060	ConnectionTimeoutError: Connection timeout to host https://discord.com/api/v9/unique-username/username-attempt-unauthed
2026-09-01 18:29:08	NETWORK	grgi	attempt=1	proxy=http://wiw4v7duaymysz9-session-2441aaaa12dd-lifetime-10:***@rp.scrapegw.com:6060	ConnectionTimeoutError: Connection timeout to host https://discord.com/api/v9/unique-username/username-attempt-unauthed
2026-09-01 18:29:08	NETWORK	grez	attempt=1	proxy=http://wiw4v7duaymysz9-session-c64e0a7d40c0-lifetime-10:***@rp.scrapegw.com:6060	ConnectionTimeoutError: Connection timeout to host https://discord.com/api/v9/unique-username/username-attempt-unauthed
2026-09-01 18:29:08	NETWORK	gqur	attempt=1	proxy=http://wiw4v7duaymysz9-session-8f1f27fff3ac-lifetime-10:***@rp.scrapegw.com:6060	ConnectionTimeoutError: Connection timeout to host https://discord.com/api/v9/unique-username/username-attempt-unauthed
2026-09-01 18:29:08	NETWORK	grek	attempt=1	proxy=http://wiw4v7duaymysz9-session-598546131668-lifetime-10:***@rp.scrapegw.com:6060	ConnectionTimeoutError: Connection timeout to host https://discord.com/api/v9/unique-username/username-attempt-unauthed
2026-09-01 18:29:08	NETWORK	grfk	attempt=1	proxy=http://wiw4v7duaymysz9-session-e3ba727a5cc1-lifetime-10:***@rp.scrapegw.com:6060	ConnectionTimeoutError: Connection timeout to host https://discord.com/api/v9/unique-username/username-attempt-unauthed
2026-09-01 18:29:08	NETWORK	gqxl	attempt=1	proxy=http://wiw4v7duaymysz9-session-0dcad61592e7-lifetime-10:***@rp.scrapegw.com:6060	ConnectionTimeoutError: Connection timeout to host https://discord.com/api/v9/unique-username/username-attempt-unauthed
2026-09-01 18:29:08	NETWORK	gqyl	attempt=1	proxy=http://wiw4v7duaymysz9-session-b31a2c687b0c-lifetime-10:***@rp.scrapegw.com:6060	ConnectionTimeoutError: Connection timeout to host https://discord.com/api/v9/unique-username/username-attempt-unauthed
2026-09-01 18:29:08	NETWORK	gqut	attempt=1	proxy=http://wiw4v7duaymysz9-session-c6eb462f2f5c-lifetime-10:***@rp.scrapegw.com:6060	ConnectionTimeoutError: Connection timeout to host https://discord.com/api/v9/unique-username/username-attempt-unauthed
2026-09-01 18:29:08	NETWORK	grcd	attempt=1	proxy=http://wiw4v7duaymysz9-session-c18e2c879f74-lifetime-10:***@rp.scrapegw.com:6060	ConnectionTimeoutError: Connection timeout to host https://discord.com/api/v9/unique-username/username-attempt-unauthed
2026-09-01 18:29:08	NETWORK	gqzi	attempt=1	proxy=http://wiw4v7duaymysz9-session-60d0df31f0f8-lifetime-10:***@rp.scrapegw.com:6060	ConnectionTimeoutError: Connection timeout to host https://discord.com/api/v9/unique-username/username-attempt-unauthed
2026-09-01 18:29:08	NETWORK	gqtr	attempt=1	proxy=http://wiw4v7duaymysz9-session-57e01ee3e152-lifetime-10:***@rp.scrapegw.com:6060	ConnectionTimeoutError: Connection timeout to host https://discord.com/api/v9/unique-username/username-attempt-unauthed
2026-09-01 18:29:08	NETWORK	gqvj	attempt=1	proxy=http://wiw4v7duaymysz9-session-77628548d1b5-lifetime-10:***@rp.scrapegw.com:6060	ConnectionTimeoutError: Connection timeout to host https://discord.com/api/v9/unique-username/username-attempt-unauthed
2026-09-01 18:29:08	NETWORK	grer	attempt=1	proxy=http://wiw4v7duaymysz9-session-fa5273558215-lifetime-10:***@rp.scrapegw.com:6060	ConnectionTimeoutError: Connection timeout to host https://discord.com/api/v9/unique-username/username-attempt-unauthed
2026-09-01 18:29:08	NETWORK	grbn	attempt=1	proxy=http://wiw4v7duaymysz9-session-1e3244248285-lifetime-10:***@rp.scrapegw.com:6060	ConnectionTimeoutError: Connection timeout to host https://discord.com/api/v9/unique-username/username-attempt-unauthed
2026-09-01 18:29:08	NETWORK	gqug	attempt=1	proxy=http://wiw4v7duaymysz9-session-ffe041a786d8-lifetime-10:***@rp.scrapegw.com:6060	ConnectionTimeoutError: Connection timeout to host https://discord.com/api/v9/unique-username/username-attempt-unauthed
2026-09-01 18:29:08	NETWORK	grgb	attempt=1	proxy=http://wiw4v7duaymysz9-session-a769e88c1ced-lifetime-10:***@rp.scrapegw.com:6060	ConnectionTimeoutError: Connection timeout to host https://discord.com/api/v9/unique-username/username-attempt-unauthed
2026-09-01 18:29:08	NETWORK	grax	attempt=1	proxy=http://wiw4v7duaymysz9-session-81ffdcc76b9e-lifetime-10:***@rp.scrapegw.com:6060	ConnectionTimeoutError: Connection timeout to host https://discord.com/api/v9/unique-username/username-attempt-unauthed
2026-09-01 18:29:08	NETWORK	grfo	attempt=1	proxy=http://wiw4v7duaymysz9-session-b0b9c4479a01-lifetime-10:***@rp.scrapegw.com:6060	ConnectionTimeoutError: Connection timeout to host https://discord.com/api/v9/unique-username/username-attempt-unauthed
2026-09-01 18:29:08	NETWORK	grfb	attempt=1	proxy=http://wiw4v7duaymysz9-session-5860290f2cf3-lifetime-10:***@rp.scrapegw.com:6060	ConnectionTimeoutError: Connection timeout to host https://discord.com/api/v9/unique-username/username-attempt-unauthed
2026-09-01 18:29:08	NETWORK	gqwn	attempt=1	proxy=http://wiw4v7duaymysz9-session-98e5344c60e4-lifetime-10:***@rp.scrapegw.com:6060	ConnectionTimeoutError: Connection timeout to host https://discord.com/api/v9/unique-username/username-attempt-unauthed
2026-09-01 18:29:08	NETWORK	gquu	attempt=1	proxy=http://wiw4v7duaymysz9-session-c06d5f7505e9-lifetime-10:***@rp.scrapegw.com:6060	ConnectionTimeoutError: Connection timeout to host https://discord.com/api/v9/unique-username/username-attempt-unauthed
2026-09-01 18:29:08	NETWORK	grgp	attempt=1	proxy=http://wiw4v7duaymysz9-session-260b7880e8e1-lifetime-10:***@rp.scrapegw.com:6060	ConnectionTimeoutError: Connection timeout to host https://discord.com/api/v9/unique-username/username-attempt-unauthed
2026-09-01 18:29:08	NETWORK	grbl	attempt=1	proxy=http://wiw4v7duaymysz9-session-8f9eccac36ec-lifetime-10:***@rp.scrapegw.com:6060	ConnectionTimeoutError: Connection timeout to host https://discord.com/api/v9/unique-username/username-attempt-unauthed
2026-09-01 18:29:08	NETWORK	grfp	attempt=1	proxy=http://wiw4v7duaymysz9-session-84720c5fb162-lifetime-10:***@rp.scrapegw.com:6060	ConnectionTimeoutError: Connection timeout to host https://discord.com/api/v9/unique-username/username-attempt-unauthed
2026-09-01 18:29:08	NETWORK	grec	attempt=1	proxy=http://wiw4v7duaymysz9-session-4d4692c916c6-lifetime-10:***@rp.scrapegw.com:6060	ConnectionTimeoutError: Connection timeout to host https://discord.com/api/v9/unique-username/username-attempt-unauthed
2026-09-01 18:29:08	NETWORK	grea	attempt=1	proxy=http://wiw4v7duaymysz9-session-441c37fea4ca-lifetime-10:***@rp.scrapegw.com:6060	ConnectionTimeoutError: Connection timeout to host https://discord.com/api/v9/unique-username/username-attempt-unauthed
2026-09-01 18:29:08	NETWORK	grqt	attempt=1	proxy=http://wiw4v7duaymysz9-session-cac52226e134-lifetime-10:***@rp.scrapegw.com:6060	ClientConnectorError: Cannot connect to host discord.com:443 ssl:default [Connection reset by peer]
2026-09-01 18:29:09	HTTP_429	gvuo	attempt=1	proxy=http://wiw4v7duaymysz9-session-696d1d5b71c5-lifetime-10:***@rp.scrapegw.com:6060	scope=shared global=False retry_after=1826.00s
2026-09-01 18:29:09	HTTP_429	gvvf	attempt=1	proxy=http://wiw4v7duaymysz9-session-1020febd0690-lifetime-10:***@rp.scrapegw.com:6060	scope=shared global=False retry_after=2060.00s
2026-09-01 18:29:09	HTTP_429	gsqi	attempt=1	proxy=http://wiw4v7duaymysz9-session-007dd3bbe6c6-lifetime-10:***@rp.scrapegw.com:6060	scope=shared global=False retry_after=2156.00s
2026-09-01 18:29:09	HTTP_429	gvyy	attempt=1	proxy=http://wiw4v7duaymysz9-session-c8a88269b351-lifetime-10:***@rp.scrapegw.com:6060	scope=shared global=False retry_after=2066.00s
2026-09-01 18:29:09	HTTP_429	gvza	attempt=1	proxy=http://wiw4v7duaymysz9-session-f94a083f603e-lifetime-10:***@rp.scrapegw.com:6060	scope=shared global=False retry_after=2065.00s
2026-09-01 18:29:09	NETWORK	grtl	attempt=1	proxy=http://wiw4v7duaymysz9-session-39a941f15f28-lifetime-10:***@rp.scrapegw.com:6060	ConnectionTimeoutError: Connection timeout to host https://discord.com/api/v9/unique-username/username-attempt-unauthed
2026-09-01 18:29:09	NETWORK	grnx	attempt=1	proxy=http://wiw4v7duaymysz9-session-368294cd6c6b-lifetime-10:***@rp.scrapegw.com:6060	ConnectionTimeoutError: Connection timeout to host https://discord.com/api/v9/unique-username/username-attempt-unauthed
2026-09-01 18:29:09	NETWORK	grmd	attempt=1	proxy=http://wiw4v7duaymysz9-session-a6d1002e453a-lifetime-10:***@rp.scrapegw.com:6060	ConnectionTimeoutError: Connection timeout to host https://discord.com/api/v9/unique-username/username-attempt-unauthed
2026-09-01 18:29:09	NETWORK	grrv	attempt=1	proxy=http://wiw4v7duaymysz9-session-dc2a858b4946-lifetime-10:***@rp.scrapegw.com:6060	ConnectionTimeoutError: Connection timeout to host https://discord.com/api/v9/unique-username/username-attempt-unauthed
2026-09-01 18:29:09	NETWORK	grnr	attempt=1	proxy=http://wiw4v7duaymysz9-session-2522fa5c9ac0-lifetime-10:***@rp.scrapegw.com:6060	ConnectionTimeoutError: Connection timeout to host https://discord.com/api/v9/unique-username/username-attempt-unauthed
2026-09-01 18:29:09	NETWORK	grnj	attempt=1	proxy=http://wiw4v7duaymysz9-session-98f21860234f-lifetime-10:***@rp.scrapegw.com:6060	ConnectionTimeoutError: Connection timeout to host https://discord.com/api/v9/unique-username/username-attempt-unauthed
2026-09-01 18:29:09	NETWORK	grol	attempt=1	proxy=http://wiw4v7duaymysz9-session-b6b014591e98-lifetime-10:***@rp.scrapegw.com:6060	ConnectionTimeoutError: Connection timeout to host https://discord.com/api/v9/unique-username/username-attempt-unauthed
2026-09-01 18:29:09	NETWORK	grob	attempt=1	proxy=http://wiw4v7duaymysz9-session-a78183ba7eb6-lifetime-10:***@rp.scrapegw.com:6060	ConnectionTimeoutError: Connection timeout to host https://discord.com/api/v9/unique-username/username-attempt-unauthed
2026-09-01 18:29:09	NETWORK	groy	attempt=1	proxy=http://wiw4v7duaymysz9-session-0d345baec533-lifetime-10:***@rp.scrapegw.com:6060	ConnectionTimeoutError: Connection timeout to host https://discord.com/api/v9/unique-username/username-attempt-unauthed
2026-09-01 18:29:09	NETWORK	grje	attempt=1	proxy=http://wiw4v7duaymysz9-session-19b03ae6c9bc-lifetime-10:***@rp.scrapegw.com:6060	ConnectionTimeoutError: Connection timeout to host https://discord.com/api/v9/unique-username/username-attempt-unauthed
2026-09-01 18:29:09	NETWORK	grts	attempt=1	proxy=http://wiw4v7duaymysz9-session-7c0c7fe60c38-lifetime-10:***@rp.scrapegw.com:6060	ConnectionTimeoutError: Connection timeout to host https://discord.com/api/v9/unique-username/username-attempt-unauthed
2026-09-01 18:29:09	NETWORK	grhn	attempt=1	proxy=http://wiw4v7duaymysz9-session-8ce9036825f1-lifetime-10:***@rp.scrapegw.com:6060	ConnectionTimeoutError: Connection timeout to host https://discord.com/api/v9/unique-username/username-attempt-unauthed
2026-09-01 18:29:09	NETWORK	grmx	attempt=1	proxy=http://wiw4v7duaymysz9-session-2a11cf4a7081-lifetime-10:***@rp.scrapegw.com:6060	ConnectionTimeoutError: Connection timeout to host https://discord.com/api/v9/unique-username/username-attempt-unauthed
2026-09-01 18:29:09	NETWORK	grmg	attempt=1	proxy=http://wiw4v7duaymysz9-session-07eb550ae75f-lifetime-10:***@rp.scrapegw.com:6060	ConnectionTimeoutError: Connection timeout to host https://discord.com/api/v9/unique-username/username-attempt-unauthed
2026-09-01 18:29:09	NETWORK	grhg	attempt=1	proxy=http://wiw4v7duaymysz9-session-cce8e43a5170-lifetime-10:***@rp.scrapegw.com:6060	ConnectionTimeoutError: Connection timeout to host https://discord.com/api/v9/unique-username/username-attempt-unauthed
2026-09-01 18:29:09	NETWORK	grut	attempt=1	proxy=http://wiw4v7duaymysz9-session-c0a7d5da4015-lifetime-10:***@rp.scrapegw.com:6060	ConnectionTimeoutError: Connection timeout to host https://discord.com/api/v9/unique-username/username-attempt-unauthed
2026-09-01 18:29:09	NETWORK	grkg	attempt=1	proxy=http://wiw4v7duaymysz9-session-55484b7b4c63-lifetime-10:***@rp.scrapegw.com:6060	ConnectionTimeoutError: Connection timeout to host https://discord.com/api/v9/unique-username/username-attempt-unauthed
2026-09-01 18:29:09	NETWORK	grur	attempt=1	proxy=http://wiw4v7duaymysz9-session-5dff8c7f562f-lifetime-10:***@rp.scrapegw.com:6060	ConnectionTimeoutError: Connection timeout to host https://discord.com/api/v9/unique-username/username-attempt-unauthed
2026-09-01 18:29:09	NETWORK	grlk	attempt=1	proxy=http://wiw4v7duaymysz9-session-5bc6e8e03e19-lifetime-10:***@rp.scrapegw.com:6060	ConnectionTimeoutError: Connection timeout to host https://discord.com/api/v9/unique-username/username-attempt-unauthed
2026-09-01 18:29:09	NETWORK	grji	attempt=1	proxy=http://wiw4v7duaymysz9-session-cb098c3f755f-lifetime-10:***@rp.scrapegw.com:6060	ConnectionTimeoutError: Connection timeout to host https://discord.com/api/v9/unique-username/username-attempt-unauthed
2026-09-01 18:29:09	NETWORK	grpl	attempt=1	proxy=http://wiw4v7duaymysz9-session-5bb1256761c8-lifetime-10:***@rp.scrapegw.com:6060	ConnectionTimeoutError: Connection timeout to host https://discord.com/api/v9/unique-username/username-attempt-unauthed
2026-09-01 18:29:09	NETWORK	grnw	attempt=1	proxy=http://wiw4v7duaymysz9-session-337eaf8b68c6-lifetime-10:***@rp.scrapegw.com:6060	ConnectionTimeoutError: Connection timeout to host https://discord.com/api/v9/unique-username/username-attempt-unauthed
2026-09-01 18:29:09	NETWORK	grtq	attempt=1	proxy=http://wiw4v7duaymysz9-session-f80841d79eb5-lifetime-10:***@rp.scrapegw.com:6060	ConnectionTimeoutError: Connection timeout to host https://discord.com/api/v9/unique-username/username-attempt-unauthed
2026-09-01 18:29:09	NETWORK	grhw	attempt=1	proxy=http://wiw4v7duaymysz9-session-8a79de861fd4-lifetime-10:***@rp.scrapegw.com:6060	ConnectionTimeoutError: Connection timeout to host https://discord.com/api/v9/unique-username/username-attempt-unauthed
2026-09-01 18:29:09	NETWORK	grqo	attempt=1	proxy=http://wiw4v7duaymysz9-session-3f61fdbfabac-lifetime-10:***@rp.scrapegw.com:6060	ConnectionTimeoutError: Connection timeout to host https://discord.com/api/v9/unique-username/username-attempt-unauthed
2026-09-01 18:29:09	NETWORK	grqm	attempt=1	proxy=http://wiw4v7duaymysz9-session-01ad38830efa-lifetime-10:***@rp.scrapegw.com:6060	ConnectionTimeoutError: Connection timeout to host https://discord.com/api/v9/unique-username/username-attempt-unauthed
2026-09-01 18:29:09	NETWORK	grrl	attempt=1	proxy=http://wiw4v7duaymysz9-session-bf0f36b3de36-lifetime-10:***@rp.scrapegw.com:6060	ConnectionTimeoutError: Connection timeout to host https://discord.com/api/v9/unique-username/username-attempt-unauthed
2026-09-01 18:29:09	NETWORK	grmq	attempt=1	proxy=http://wiw4v7duaymysz9-session-76ef30ae8e1d-lifetime-10:***@rp.scrapegw.com:6060	ConnectionTimeoutError: Connection timeout to host https://discord.com/api/v9/unique-username/username-attempt-unauthed
2026-09-01 18:29:09	NETWORK	grrk	attempt=1	proxy=http://wiw4v7duaymysz9-session-6f7cd6691d8f-lifetime-10:***@rp.scrapegw.com:6060	ConnectionTimeoutError: Connection timeout to host https://discord.com/api/v9/unique-username/username-attempt-unauthed
2026-09-01 18:29:09	NETWORK	grhe	attempt=1	proxy=http://wiw4v7duaymysz9-session-55e637ed19f5-lifetime-10:***@rp.scrapegw.com:6060	ConnectionTimeoutError: Connection timeout to host https://discord.com/api/v9/unique-username/username-attempt-unauthed
2026-09-01 18:29:09	NETWORK	groe	attempt=1	proxy=http://wiw4v7duaymysz9-session-908e4df9f73d-lifetime-10:***@rp.scrapegw.com:6060	ConnectionTimeoutError: Connection timeout to host https://discord.com/api/v9/unique-username/username-attempt-unauthed
2026-09-01 18:29:09	NETWORK	grrh	attempt=1	proxy=http://wiw4v7duaymysz9-session-65db57b03ad3-lifetime-10:***@rp.scrapegw.com:6060	ConnectionTimeoutError: Connection timeout to host https://discord.com/api/v9/unique-username/username-attempt-unauthed
2026-09-01 18:29:09	NETWORK	grnb	attempt=1	proxy=http://wiw4v7duaymysz9-session-65bf2bf029b0-lifetime-10:***@rp.scrapegw.com:6060	ConnectionTimeoutError: Connection timeout to host https://discord.com/api/v9/unique-username/username-attempt-unauthed
2026-09-01 18:29:09	NETWORK	grpx	attempt=1	proxy=http://wiw4v7duaymysz9-session-09cedf8db3ce-lifetime-10:***@rp.scrapegw.com:6060	ConnectionTimeoutError: Connection timeout to host https://discord.com/api/v9/unique-username/username-attempt-unauthed
2026-09-01 18:29:09	NETWORK	grhk	attempt=1	proxy=http://wiw4v7duaymysz9-session-06b81be04a1c-lifetime-10:***@rp.scrapegw.com:6060	ConnectionTimeoutError: Connection timeout to host https://discord.com/api/v9/unique-username/username-attempt-unauthed
2026-09-01 18:29:09	NETWORK	grul	attempt=1	proxy=http://wiw4v7duaymysz9-session-9c25f872a0d6-lifetime-10:***@rp.scrapegw.com:6060	ConnectionTimeoutError: Connection timeout to host https://discord.com/api/v9/unique-username/username-attempt-unauthed
2026-09-01 18:29:09	NETWORK	grnm	attempt=1	proxy=http://wiw4v7duaymysz9-session-049be48d6ca8-lifetime-10:***@rp.scrapegw.com:6060	ConnectionTimeoutError: Connection timeout to host https://discord.com/api/v9/unique-username/username-attempt-unauthed
2026-09-01 18:29:09	NETWORK	grqe	attempt=1	proxy=http://wiw4v7duaymysz9-session-8701a6a8821d-lifetime-10:***@rp.scrapegw.com:6060	ConnectionTimeoutError: Connection timeout to host https://discord.com/api/v9/unique-username/username-attempt-unauthed
2026-09-01 18:29:09	NETWORK	grln	attempt=1	proxy=http://wiw4v7duaymysz9-session-1d15326f2663-lifetime-10:***@rp.scrapegw.com:6060	ConnectionTimeoutError: Connection timeout to host https://discord.com/api/v9/unique-username/username-attempt-unauthed
2026-09-01 18:29:09	NETWORK	grrm	attempt=1	proxy=http://wiw4v7duaymysz9-session-a9684149d0cc-lifetime-10:***@rp.scrapegw.com:6060	ConnectionTimeoutError: Connection timeout to host https://discord.com/api/v9/unique-username/username-attempt-unauthed
2026-09-01 18:29:09	NETWORK	grma	attempt=1	proxy=http://wiw4v7duaymysz9-session-22da5138cb89-lifetime-10:***@rp.scrapegw.com:6060	ConnectionTimeoutError: Connection timeout to host https://discord.com/api/v9/unique-username/username-attempt-unauthed
2026-09-01 18:29:09	NETWORK	grpo	attempt=1	proxy=http://wiw4v7duaymysz9-session-35762da0fee5-lifetime-10:***@rp.scrapegw.com:6060	ConnectionTimeoutError: Connection timeout to host https://discord.com/api/v9/unique-username/username-attempt-unauthed
2026-09-01 18:29:09	NETWORK	grse	attempt=1	proxy=http://wiw4v7duaymysz9-session-8f2bf92eedc3-lifetime-10:***@rp.scrapegw.com:6060	ConnectionTimeoutError: Connection timeout to host https://discord.com/api/v9/unique-username/username-attempt-unauthed
2026-09-01 18:29:09	NETWORK	grod	attempt=1	proxy=http://wiw4v7duaymysz9-session-e5d3af80cb2b-lifetime-10:***@rp.scrapegw.com:6060	ConnectionTimeoutError: Connection timeout to host https://discord.com/api/v9/unique-username/username-attempt-unauthed
2026-09-01 18:29:09	NETWORK	grrg	attempt=1	proxy=http://wiw4v7duaymysz9-session-5e1da66e835b-lifetime-10:***@rp.scrapegw.com:6060	ConnectionTimeoutError: Connection timeout to host https://discord.com/api/v9/unique-username/username-attempt-unauthed
2026-09-01 18:29:09	NETWORK	gthw	attempt=1	proxy=http://wiw4v7duaymysz9-session-86f65e2b0b80-lifetime-10:***@rp.scrapegw.com:6060	ClientConnectorError: Cannot connect to host discord.com:443 ssl:default [Connection reset by peer]
2026-09-01 18:29:09	HTTP_429	gwbw	attempt=1	proxy=http://wiw4v7duaymysz9-session-2b0f06d45ef6-lifetime-10:***@rp.scrapegw.com:6060	scope=shared global=False retry_after=2060.00s
2026-09-01 18:29:10	HTTP_429	gwdr	attempt=1	proxy=http://wiw4v7duaymysz9-session-ba4b8155e7b7-lifetime-10:***@rp.scrapegw.com:6060	scope=shared global=False retry_after=1636.00s
2026-09-01 18:29:10	NETWORK	guxb	attempt=1	proxy=http://wiw4v7duaymysz9-session-870e3e1b18a9-lifetime-10:***@rp.scrapegw.com:6060	ClientConnectorError: Cannot connect to host discord.com:443 ssl:default [Connection reset by peer]
2026-09-01 18:29:10	NETWORK	gsxb	attempt=1	proxy=http://wiw4v7duaymysz9-session-65aeff3f15ac-lifetime-10:***@rp.scrapegw.com:6060	ClientConnectorError: Cannot connect to host discord.com:443 ssl:default [Connection reset by peer]
2026-09-01 18:29:10	HTTP_429	gwbx	attempt=1	proxy=http://wiw4v7duaymysz9-session-7958d72c3544-lifetime-10:***@rp.scrapegw.com:6060	scope=shared global=False retry_after=2066.00s
2026-09-01 18:29:10	NETWORK	gtsg	attempt=1	proxy=http://wiw4v7duaymysz9-session-f025df5792e0-lifetime-10:***@rp.scrapegw.com:6060	ClientConnectorError: Cannot connect to host discord.com:443 ssl:default [Connection reset by peer]
2026-09-01 18:29:10	NETWORK	gtvu	attempt=1	proxy=http://wiw4v7duaymysz9-session-65db57b03ad3-lifetime-10:***@rp.scrapegw.com:6060	ClientConnectorError: Cannot connect to host discord.com:443 ssl:default [Connection reset by peer]
2026-09-01 18:29:10	NETWORK	guev	attempt=1	proxy=http://wiw4v7duaymysz9-session-14feea9c4ae2-lifetime-10:***@rp.scrapegw.com:6060	ClientConnectorError: Cannot connect to host discord.com:443 ssl:default [Connection reset by peer]
2026-09-01 18:29:10	NETWORK	gtvz	attempt=1	proxy=http://wiw4v7duaymysz9-session-3279b87c5221-lifetime-10:***@rp.scrapegw.com:6060	ClientConnectorError: Cannot connect to host discord.com:443 ssl:default [Connection reset by peer]
2026-09-01 18:29:10	NETWORK	gsbw	attempt=1	proxy=http://wiw4v7duaymysz9-session-df2996227909-lifetime-10:***@rp.scrapegw.com:6060	ConnectionTimeoutError: Connection timeout to host https://discord.com/api/v9/unique-username/username-attempt-unauthed
2026-09-01 18:29:10	NETWORK	gscb	attempt=1	proxy=http://wiw4v7duaymysz9-session-9aea4525129b-lifetime-10:***@rp.scrapegw.com:6060	ConnectionTimeoutError: Connection timeout to host https://discord.com/api/v9/unique-username/username-attempt-unauthed
2026-09-01 18:29:10	NETWORK	grxz	attempt=1	proxy=http://wiw4v7duaymysz9-session-d22c38bac643-lifetime-10:***@rp.scrapegw.com:6060	ConnectionTimeoutError: Connection timeout to host https://discord.com/api/v9/unique-username/username-attempt-unauthed
2026-09-01 18:29:10	NETWORK	gseq	attempt=1	proxy=http://wiw4v7duaymysz9-session-49c9dedac36c-lifetime-10:***@rp.scrapegw.com:6060	ConnectionTimeoutError: Connection timeout to host https://discord.com/api/v9/unique-username/username-attempt-unauthed
2026-09-01 18:29:10	NETWORK	gsha	attempt=1	proxy=http://wiw4v7duaymysz9-session-469abbc28434-lifetime-10:***@rp.scrapegw.com:6060	ConnectionTimeoutError: Connection timeout to host https://discord.com/api/v9/unique-username/username-attempt-unauthed
2026-09-01 18:29:10	NETWORK	gsaj	attempt=1	proxy=http://wiw4v7duaymysz9-session-a1110cf73e3c-lifetime-10:***@rp.scrapegw.com:6060	ConnectionTimeoutError: Connection timeout to host https://discord.com/api/v9/unique-username/username-attempt-unauthed
2026-09-01 18:29:10	NETWORK	gsbx	attempt=1	proxy=http://wiw4v7duaymysz9-session-f2d41f1a2363-lifetime-10:***@rp.scrapegw.com:6060	ConnectionTimeoutError: Connection timeout to host https://discord.com/api/v9/unique-username/username-attempt-unauthed
2026-09-01 18:29:10	NETWORK	grwt	attempt=1	proxy=http://wiw4v7duaymysz9-session-6a9a6ef06645-lifetime-10:***@rp.scrapegw.com:6060	ConnectionTimeoutError: Connection timeout to host https://discord.com/api/v9/unique-username/username-attempt-unauthed
2026-09-01 18:29:10	NETWORK	grvz	attempt=1	proxy=http://wiw4v7duaymysz9-session-83a0a9b169aa-lifetime-10:***@rp.scrapegw.com:6060	ConnectionTimeoutError: Connection timeout to host https://discord.com/api/v9/unique-username/username-attempt-unauthed
2026-09-01 18:29:10	NETWORK	gsgl	attempt=1	proxy=http://wiw4v7duaymysz9-session-5c400e28d436-lifetime-10:***@rp.scrapegw.com:6060	ConnectionTimeoutError: Connection timeout to host https://discord.com/api/v9/unique-username/username-attempt-unauthed
2026-09-01 18:29:10	NETWORK	gsgf	attempt=1	proxy=http://wiw4v7duaymysz9-session-56158c1e6a6b-lifetime-10:***@rp.scrapegw.com:6060	ConnectionTimeoutError: Connection timeout to host https://discord.com/api/v9/unique-username/username-attempt-unauthed
2026-09-01 18:29:10	NETWORK	grzp	attempt=1	proxy=http://wiw4v7duaymysz9-session-14feea9c4ae2-lifetime-10:***@rp.scrapegw.com:6060	ConnectionTimeoutError: Connection timeout to host https://discord.com/api/v9/unique-username/username-attempt-unauthed
2026-09-01 18:29:10	NETWORK	gsas	attempt=1	proxy=http://wiw4v7duaymysz9-session-f3b892612857-lifetime-10:***@rp.scrapegw.com:6060	ConnectionTimeoutError: Connection timeout to host https://discord.com/api/v9/unique-username/username-attempt-unauthed
2026-09-01 18:29:10	NETWORK	grvm	attempt=1	proxy=http://wiw4v7duaymysz9-session-4dfd4c367293-lifetime-10:***@rp.scrapegw.com:6060	ConnectionTimeoutError: Connection timeout to host https://discord.com/api/v9/unique-username/username-attempt-unauthed
2026-09-01 18:29:10	NETWORK	gsei	attempt=1	proxy=http://wiw4v7duaymysz9-session-f1c48f30ea6e-lifetime-10:***@rp.scrapegw.com:6060	ConnectionTimeoutError: Connection timeout to host https://discord.com/api/v9/unique-username/username-attempt-unauthed
2026-09-01 18:29:10	NETWORK	gsag	attempt=1	proxy=http://wiw4v7duaymysz9-session-e178c285f2be-lifetime-10:***@rp.scrapegw.com:6060	ConnectionTimeoutError: Connection timeout to host https://discord.com/api/v9/unique-username/username-attempt-unauthed
2026-09-01 18:29:10	NETWORK	gsfi	attempt=1	proxy=http://wiw4v7duaymysz9-session-e5576df8e639-lifetime-10:***@rp.scrapegw.com:6060	ConnectionTimeoutError: Connection timeout to host https://discord.com/api/v9/unique-username/username-attempt-unauthed
2026-09-01 18:29:10	NETWORK	grxr	attempt=1	proxy=http://wiw4v7duaymysz9-session-c2f99d318803-lifetime-10:***@rp.scrapegw.com:6060	ConnectionTimeoutError: Connection timeout to host https://discord.com/api/v9/unique-username/username-attempt-unauthed
2026-09-01 18:29:10	NETWORK	grxc	attempt=1	proxy=http://wiw4v7duaymysz9-session-d33d2cccecea-lifetime-10:***@rp.scrapegw.com:6060	ConnectionTimeoutError: Connection timeout to host https://discord.com/api/v9/unique-username/username-attempt-unauthed
2026-09-01 18:29:10	NETWORK	gsbo	attempt=1	proxy=http://wiw4v7duaymysz9-session-b7d54ce83136-lifetime-10:***@rp.scrapegw.com:6060	ConnectionTimeoutError: Connection timeout to host https://discord.com/api/v9/unique-username/username-attempt-unauthed
2026-09-01 18:29:10	NETWORK	grzj	attempt=1	proxy=http://wiw4v7duaymysz9-session-ac6dad6c5b32-lifetime-10:***@rp.scrapegw.com:6060	ConnectionTimeoutError: Connection timeout to host https://discord.com/api/v9/unique-username/username-attempt-unauthed
2026-09-01 18:29:10	NETWORK	gshy	attempt=1	proxy=http://wiw4v7duaymysz9-session-4a8aa8804d64-lifetime-10:***@rp.scrapegw.com:6060	ConnectionTimeoutError: Connection timeout to host https://discord.com/api/v9/unique-username/username-attempt-unauthed
2026-09-01 18:29:10	NETWORK	gshp	attempt=1	proxy=http://wiw4v7duaymysz9-session-486660b197a1-lifetime-10:***@rp.scrapegw.com:6060	ConnectionTimeoutError: Connection timeout to host https://discord.com/api/v9/unique-username/username-attempt-unauthed
2026-09-01 18:29:10	NETWORK	gsfl	attempt=1	proxy=http://wiw4v7duaymysz9-session-f82971fabe14-lifetime-10:***@rp.scrapegw.com:6060	ConnectionTimeoutError: Connection timeout to host https://discord.com/api/v9/unique-username/username-attempt-unauthed
2026-09-01 18:29:10	NETWORK	gsgi	attempt=1	proxy=http://wiw4v7duaymysz9-session-19030404d4d3-lifetime-10:***@rp.scrapegw.com:6060	ConnectionTimeoutError: Connection timeout to host https://discord.com/api/v9/unique-username/username-attempt-unauthed
2026-09-01 18:29:10	NETWORK	grwn	attempt=1	proxy=http://wiw4v7duaymysz9-session-49f11b622d88-lifetime-10:***@rp.scrapegw.com:6060	ConnectionTimeoutError: Connection timeout to host https://discord.com/api/v9/unique-username/username-attempt-unauthed
2026-09-01 18:29:10	NETWORK	gsfb	attempt=1	proxy=http://wiw4v7duaymysz9-session-1da3bedae2ba-lifetime-10:***@rp.scrapegw.com:6060	ConnectionTimeoutError: Connection timeout to host https://discord.com/api/v9/unique-username/username-attempt-unauthed
2026-09-01 18:29:10	NETWORK	grzb	attempt=1	proxy=http://wiw4v7duaymysz9-session-ba1261163800-lifetime-10:***@rp.scrapegw.com:6060	ConnectionTimeoutError: Connection timeout to host https://discord.com/api/v9/unique-username/username-attempt-unauthed
2026-09-01 18:29:10	NETWORK	gshm	attempt=1	proxy=http://wiw4v7duaymysz9-session-9fa4607bb41e-lifetime-10:***@rp.scrapegw.com:6060	ConnectionTimeoutError: Connection timeout to host https://discord.com/api/v9/unique-username/username-attempt-unauthed
2026-09-01 18:29:10	NETWORK	gsbi	attempt=1	proxy=http://wiw4v7duaymysz9-session-fd67a07dabd9-lifetime-10:***@rp.scrapegw.com:6060	ConnectionTimeoutError: Connection timeout to host https://discord.com/api/v9/unique-username/username-attempt-unauthed
2026-09-01 18:29:10	NETWORK	gsbs	attempt=1	proxy=http://wiw4v7duaymysz9-session-79e7220278fd-lifetime-10:***@rp.scrapegw.com:6060	ConnectionTimeoutError: Connection timeout to host https://discord.com/api/v9/unique-username/username-attempt-unauthed
2026-09-01 18:29:10	NETWORK	gscg	attempt=1	proxy=http://wiw4v7duaymysz9-session-b9fd3a31179d-lifetime-10:***@rp.scrapegw.com:6060	ConnectionTimeoutError: Connection timeout to host https://discord.com/api/v9/unique-username/username-attempt-unauthed
2026-09-01 18:29:10	NETWORK	gsbp	attempt=1	proxy=http://wiw4v7duaymysz9-session-7785caa5dc24-lifetime-10:***@rp.scrapegw.com:6060	ConnectionTimeoutError: Connection timeout to host https://discord.com/api/v9/unique-username/username-attempt-unauthed
2026-09-01 18:29:10	NETWORK	gshk	attempt=1	proxy=http://wiw4v7duaymysz9-session-081ff0c2d64d-lifetime-10:***@rp.scrapegw.com:6060	ConnectionTimeoutError: Connection timeout to host https://discord.com/api/v9/unique-username/username-attempt-unauthed
2026-09-01 18:29:10	NETWORK	gsfy	attempt=1	proxy=http://wiw4v7duaymysz9-session-7e866c786784-lifetime-10:***@rp.scrapegw.com:6060	ConnectionTimeoutError: Connection timeout to host https://discord.com/api/v9/unique-username/username-attempt-unauthed
2026-09-01 18:29:10	NETWORK	gsce	attempt=1	proxy=http://wiw4v7duaymysz9-session-7603973a495a-lifetime-10:***@rp.scrapegw.com:6060	ConnectionTimeoutError: Connection timeout to host https://discord.com/api/v9/unique-username/username-attempt-unauthed
2026-09-01 18:29:10	NETWORK	gsdq	attempt=1	proxy=http://wiw4v7duaymysz9-session-88b965a95798-lifetime-10:***@rp.scrapegw.com:6060	ConnectionTimeoutError: Connection timeout to host https://discord.com/api/v9/unique-username/username-attempt-unauthed
2026-09-01 18:29:10	NETWORK	gsdn	attempt=1	proxy=http://wiw4v7duaymysz9-session-87ae8341cf0e-lifetime-10:***@rp.scrapegw.com:6060	ConnectionTimeoutError: Connection timeout to host https://discord.com/api/v9/unique-username/username-attempt-unauthed
2026-09-01 18:29:10	NETWORK	gruy	attempt=1	proxy=http://wiw4v7duaymysz9-session-d10c6545cd68-lifetime-10:***@rp.scrapegw.com:6060	ConnectionTimeoutError: Connection timeout to host https://discord.com/api/v9/unique-username/username-attempt-unauthed
2026-09-01 18:29:10	NETWORK	gsbt	attempt=1	proxy=http://wiw4v7duaymysz9-session-468beb6c99bc-lifetime-10:***@rp.scrapegw.com:6060	ConnectionTimeoutError: Connection timeout to host https://discord.com/api/v9/unique-username/username-attempt-unauthed
2026-09-01 18:29:10	NETWORK	gshr	attempt=1	proxy=http://wiw4v7duaymysz9-session-187cedacd77b-lifetime-10:***@rp.scrapegw.com:6060	ConnectionTimeoutError: Connection timeout to host https://discord.com/api/v9/unique-username/username-attempt-unauthed
2026-09-01 18:29:10	NETWORK	gshg	attempt=1	proxy=http://wiw4v7duaymysz9-session-be134e6d0e33-lifetime-10:***@rp.scrapegw.com:6060	ConnectionTimeoutError: Connection timeout to host https://discord.com/api/v9/unique-username/username-attempt-unauthed
2026-09-01 18:29:10	NETWORK	grvq	attempt=1	proxy=http://wiw4v7duaymysz9-session-f1483785ffbf-lifetime-10:***@rp.scrapegw.com:6060	ConnectionTimeoutError: Connection timeout to host https://discord.com/api/v9/unique-username/username-attempt-unauthed
2026-09-01 18:29:10	NETWORK	gscy	attempt=1	proxy=http://wiw4v7duaymysz9-session-ef2ad3177276-lifetime-10:***@rp.scrapegw.com:6060	ConnectionTimeoutError: Connection timeout to host https://discord.com/api/v9/unique-username/username-attempt-unauthed
2026-09-01 18:29:10	HTTP_429	gwqc	attempt=1	proxy=http://wiw4v7duaymysz9-session-d6562f2c16bb-lifetime-10:***@rp.scrapegw.com:6060	scope=shared global=False retry_after=2065.00s
2026-09-01 18:29:11	HTTP_429	gryr	attempt=1	proxy=http://wiw4v7duaymysz9-session-b7bdf263422b-lifetime-10:***@rp.scrapegw.com:6060	scope=shared global=False retry_after=1144.00s
2026-09-01 18:29:11	HTTP_429	gwqh	attempt=1	proxy=http://wiw4v7duaymysz9-session-1e90649f8a5c-lifetime-10:***@rp.scrapegw.com:6060	scope=shared global=False retry_after=1471.00s
2026-09-01 18:29:11	NETWORK	gtjp	attempt=1	proxy=http://wiw4v7duaymysz9-session-81ffdcc76b9e-lifetime-10:***@rp.scrapegw.com:6060	ClientConnectorError: Cannot connect to host discord.com:443 ssl:default [Connection reset by peer]
2026-09-01 18:29:11	HTTP_429	gwxa	attempt=1	proxy=http://wiw4v7duaymysz9-session-6dc53426e564-lifetime-10:***@rp.scrapegw.com:6060	scope=shared global=False retry_after=1941.00s
2026-09-01 18:29:11	NETWORK	gsnd	attempt=1	proxy=http://wiw4v7duaymysz9-session-fc1017cd4760-lifetime-10:***@rp.scrapegw.com:6060	ClientConnectorCertificateError: Cannot connect to host discord.com:443 ssl:True [SSLCertVerificationError: (1, '[SSL: CERTIFICATE_VERIFY_FAILED] certificate verify failed: self-signed certificate (_ssl.c:1081)')]
2026-09-01 18:29:11	NETWORK	gsqo	attempt=1	proxy=http://wiw4v7duaymysz9-session-75d7daa36834-lifetime-10:***@rp.scrapegw.com:6060	ConnectionTimeoutError: Connection timeout to host https://discord.com/api/v9/unique-username/username-attempt-unauthed
2026-09-01 18:29:11	NETWORK	gsle	attempt=1	proxy=http://wiw4v7duaymysz9-session-fc19551561be-lifetime-10:***@rp.scrapegw.com:6060	ConnectionTimeoutError: Connection timeout to host https://discord.com/api/v9/unique-username/username-attempt-unauthed
2026-09-01 18:29:11	NETWORK	gsra	attempt=1	proxy=http://wiw4v7duaymysz9-session-f5d0acc99d8b-lifetime-10:***@rp.scrapegw.com:6060	ConnectionTimeoutError: Connection timeout to host https://discord.com/api/v9/unique-username/username-attempt-unauthed
2026-09-01 18:29:11	NETWORK	gsph	attempt=1	proxy=http://wiw4v7duaymysz9-session-dbbf0c45b135-lifetime-10:***@rp.scrapegw.com:6060	ConnectionTimeoutError: Connection timeout to host https://discord.com/api/v9/unique-username/username-attempt-unauthed
2026-09-01 18:29:11	NETWORK	gsmx	attempt=1	proxy=http://wiw4v7duaymysz9-session-e7b8cac03fdd-lifetime-10:***@rp.scrapegw.com:6060	ConnectionTimeoutError: Connection timeout to host https://discord.com/api/v9/unique-username/username-attempt-unauthed
2026-09-01 18:29:11	NETWORK	gsvj	attempt=1	proxy=http://wiw4v7duaymysz9-session-f7317c73f9f2-lifetime-10:***@rp.scrapegw.com:6060	ConnectionTimeoutError: Connection timeout to host https://discord.com/api/v9/unique-username/username-attempt-unauthed
2026-09-01 18:29:11	NETWORK	gsno	attempt=1	proxy=http://wiw4v7duaymysz9-session-228f53a6ec41-lifetime-10:***@rp.scrapegw.com:6060	ConnectionTimeoutError: Connection timeout to host https://discord.com/api/v9/unique-username/username-attempt-unauthed
2026-09-01 18:29:11	NETWORK	gssy	attempt=1	proxy=http://wiw4v7duaymysz9-session-e2d08ac1740b-lifetime-10:***@rp.scrapegw.com:6060	ConnectionTimeoutError: Connection timeout to host https://discord.com/api/v9/unique-username/username-attempt-unauthed
2026-09-01 18:29:11	NETWORK	gsnw	attempt=1	proxy=http://wiw4v7duaymysz9-session-d9736a13bee2-lifetime-10:***@rp.scrapegw.com:6060	ConnectionTimeoutError: Connection timeout to host https://discord.com/api/v9/unique-username/username-attempt-unauthed
2026-09-01 18:29:11	NETWORK	gspc	attempt=1	proxy=http://wiw4v7duaymysz9-session-9ae18cce30df-lifetime-10:***@rp.scrapegw.com:6060	ConnectionTimeoutError: Connection timeout to host https://discord.com/api/v9/unique-username/username-attempt-unauthed
2026-09-01 18:29:11	NETWORK	gsre	attempt=1	proxy=http://wiw4v7duaymysz9-session-b014963fccba-lifetime-10:***@rp.scrapegw.com:6060	ConnectionTimeoutError: Connection timeout to host https://discord.com/api/v9/unique-username/username-attempt-unauthed
2026-09-01 18:29:11	NETWORK	gsla	attempt=1	proxy=http://wiw4v7duaymysz9-session-e5115065de81-lifetime-10:***@rp.scrapegw.com:6060	ConnectionTimeoutError: Connection timeout to host https://discord.com/api/v9/unique-username/username-attempt-unauthed
2026-09-01 18:29:11	NETWORK	gsvs	attempt=1	proxy=http://wiw4v7duaymysz9-session-48452f02d323-lifetime-10:***@rp.scrapegw.com:6060	ConnectionTimeoutError: Connection timeout to host https://discord.com/api/v9/unique-username/username-attempt-unauthed
2026-09-01 18:29:11	NETWORK	gslc	attempt=1	proxy=http://wiw4v7duaymysz9-session-163dbf115cea-lifetime-10:***@rp.scrapegw.com:6060	ConnectionTimeoutError: Connection timeout to host https://discord.com/api/v9/unique-username/username-attempt-unauthed
2026-09-01 18:29:11	NETWORK	gskt	attempt=1	proxy=http://wiw4v7duaymysz9-session-107918e6906e-lifetime-10:***@rp.scrapegw.com:6060	ConnectionTimeoutError: Connection timeout to host https://discord.com/api/v9/unique-username/username-attempt-unauthed
2026-09-01 18:29:11	NETWORK	gsqk	attempt=1	proxy=http://wiw4v7duaymysz9-session-92af13308a29-lifetime-10:***@rp.scrapegw.com:6060	ConnectionTimeoutError: Connection timeout to host https://discord.com/api/v9/unique-username/username-attempt-unauthed
2026-09-01 18:29:11	NETWORK	gsmn	attempt=1	proxy=http://wiw4v7duaymysz9-session-cdb5ee6a3c53-lifetime-10:***@rp.scrapegw.com:6060	ConnectionTimeoutError: Connection timeout to host https://discord.com/api/v9/unique-username/username-attempt-unauthed
2026-09-01 18:29:11	NETWORK	gskg	attempt=1	proxy=http://wiw4v7duaymysz9-session-cf7c5c71c1af-lifetime-10:***@rp.scrapegw.com:6060	ConnectionTimeoutError: Connection timeout to host https://discord.com/api/v9/unique-username/username-attempt-unauthed
2026-09-01 18:29:11	NETWORK	gsmq	attempt=1	proxy=http://wiw4v7duaymysz9-session-f73303918ade-lifetime-10:***@rp.scrapegw.com:6060	ConnectionTimeoutError: Connection timeout to host https://discord.com/api/v9/unique-username/username-attempt-unauthed
2026-09-01 18:29:11	NETWORK	gsim	attempt=1	proxy=http://wiw4v7duaymysz9-session-974b2a36df12-lifetime-10:***@rp.scrapegw.com:6060	ConnectionTimeoutError: Connection timeout to host https://discord.com/api/v9/unique-username/username-attempt-unauthed
2026-09-01 18:29:11	NETWORK	gsid	attempt=1	proxy=http://wiw4v7duaymysz9-session-1e90649f8a5c-lifetime-10:***@rp.scrapegw.com:6060	ConnectionTimeoutError: Connection timeout to host https://discord.com/api/v9/unique-username/username-attempt-unauthed
2026-09-01 18:29:11	NETWORK	gstn	attempt=1	proxy=http://wiw4v7duaymysz9-session-1c2f3b620547-lifetime-10:***@rp.scrapegw.com:6060	ConnectionTimeoutError: Connection timeout to host https://discord.com/api/v9/unique-username/username-attempt-unauthed
2026-09-01 18:29:11	NETWORK	gssd	attempt=1	proxy=http://wiw4v7duaymysz9-session-308fc5c8d925-lifetime-10:***@rp.scrapegw.com:6060	ConnectionTimeoutError: Connection timeout to host https://discord.com/api/v9/unique-username/username-attempt-unauthed
2026-09-01 18:29:11	NETWORK	gstj	attempt=1	proxy=http://wiw4v7duaymysz9-session-6914f90ed82b-lifetime-10:***@rp.scrapegw.com:6060	ConnectionTimeoutError: Connection timeout to host https://discord.com/api/v9/unique-username/username-attempt-unauthed
2026-09-01 18:29:11	NETWORK	gsij	attempt=1	proxy=http://wiw4v7duaymysz9-session-5e1cb193bf20-lifetime-10:***@rp.scrapegw.com:6060	ConnectionTimeoutError: Connection timeout to host https://discord.com/api/v9/unique-username/username-attempt-unauthed
2026-09-01 18:29:11	NETWORK	gsug	attempt=1	proxy=http://wiw4v7duaymysz9-session-771ef9ba841d-lifetime-10:***@rp.scrapegw.com:6060	ConnectionTimeoutError: Connection timeout to host https://discord.com/api/v9/unique-username/username-attempt-unauthed
2026-09-01 18:29:11	NETWORK	gspv	attempt=1	proxy=http://wiw4v7duaymysz9-session-3d913ccdf4db-lifetime-10:***@rp.scrapegw.com:6060	ConnectionTimeoutError: Connection timeout to host https://discord.com/api/v9/unique-username/username-attempt-unauthed
2026-09-01 18:29:11	NETWORK	gsuw	attempt=1	proxy=http://wiw4v7duaymysz9-session-966d5a168071-lifetime-10:***@rp.scrapegw.com:6060	ConnectionTimeoutError: Connection timeout to host https://discord.com/api/v9/unique-username/username-attempt-unauthed
2026-09-01 18:29:11	NETWORK	gskr	attempt=1	proxy=http://wiw4v7duaymysz9-session-7d86559ae74b-lifetime-10:***@rp.scrapegw.com:6060	ConnectionTimeoutError: Connection timeout to host https://discord.com/api/v9/unique-username/username-attempt-unauthed
2026-09-01 18:29:11	NETWORK	gsma	attempt=1	proxy=http://wiw4v7duaymysz9-session-c224af530506-lifetime-10:***@rp.scrapegw.com:6060	ConnectionTimeoutError: Connection timeout to host https://discord.com/api/v9/unique-username/username-attempt-unauthed
2026-09-01 18:29:11	NETWORK	gsju	attempt=1	proxy=http://wiw4v7duaymysz9-session-1db77bff947a-lifetime-10:***@rp.scrapegw.com:6060	ConnectionTimeoutError: Connection timeout to host https://discord.com/api/v9/unique-username/username-attempt-unauthed
2026-09-01 18:29:11	NETWORK	gsod	attempt=1	proxy=http://wiw4v7duaymysz9-session-ab6573b9acc3-lifetime-10:***@rp.scrapegw.com:6060	ConnectionTimeoutError: Connection timeout to host https://discord.com/api/v9/unique-username/username-attempt-unauthed
2026-09-01 18:29:11	NETWORK	gstq	attempt=1	proxy=http://wiw4v7duaymysz9-session-273efe19de11-lifetime-10:***@rp.scrapegw.com:6060	ConnectionTimeoutError: Connection timeout to host https://discord.com/api/v9/unique-username/username-attempt-unauthed
2026-09-01 18:29:11	HTTP_429	gtqa	attempt=1	proxy=http://wiw4v7duaymysz9-session-c99d416e0c30-lifetime-10:***@rp.scrapegw.com:6060	scope=shared global=False retry_after=140.00s
2026-09-01 18:29:12	HTTP_429	gxed	attempt=1	proxy=http://wiw4v7duaymysz9-session-5654461d79be-lifetime-10:***@rp.scrapegw.com:6060	scope=shared global=False retry_after=2064.00s
2026-09-01 18:29:12	NETWORK	gueb	attempt=1	proxy=http://wiw4v7duaymysz9-session-ba1261163800-lifetime-10:***@rp.scrapegw.com:6060	ClientConnectorError: Cannot connect to host discord.com:443 ssl:default [Connection reset by peer]
2026-09-01 18:29:12	NETWORK	gtay	attempt=1	proxy=http://wiw4v7duaymysz9-session-ebd84bb49995-lifetime-10:***@rp.scrapegw.com:6060	ConnectionTimeoutError: Connection timeout to host https://discord.com/api/v9/unique-username/username-attempt-unauthed
2026-09-01 18:29:12	NETWORK	gtca	attempt=1	proxy=http://wiw4v7duaymysz9-session-dc296ff1dfa1-lifetime-10:***@rp.scrapegw.com:6060	ConnectionTimeoutError: Connection timeout to host https://discord.com/api/v9/unique-username/username-attempt-unauthed
2026-09-01 18:29:12	NETWORK	gtam	attempt=1	proxy=http://wiw4v7duaymysz9-session-7bdd04da9a7a-lifetime-10:***@rp.scrapegw.com:6060	ConnectionTimeoutError: Connection timeout to host https://discord.com/api/v9/unique-username/username-attempt-unauthed
2026-09-01 18:29:12	NETWORK	gtdb	attempt=1	proxy=http://wiw4v7duaymysz9-session-4bc0063c4532-lifetime-10:***@rp.scrapegw.com:6060	ConnectionTimeoutError: Connection timeout to host https://discord.com/api/v9/unique-username/username-attempt-unauthed
2026-09-01 18:29:12	NETWORK	gszf	attempt=1	proxy=http://wiw4v7duaymysz9-session-c2d9660d1957-lifetime-10:***@rp.scrapegw.com:6060	ConnectionTimeoutError: Connection timeout to host https://discord.com/api/v9/unique-username/username-attempt-unauthed
2026-09-01 18:29:12	NETWORK	gswi	attempt=1	proxy=http://wiw4v7duaymysz9-session-19b97e6ab83c-lifetime-10:***@rp.scrapegw.com:6060	ConnectionTimeoutError: Connection timeout to host https://discord.com/api/v9/unique-username/username-attempt-unauthed
2026-09-01 18:29:12	NETWORK	gszb	attempt=1	proxy=http://wiw4v7duaymysz9-session-b474f41e8f6f-lifetime-10:***@rp.scrapegw.com:6060	ConnectionTimeoutError: Connection timeout to host https://discord.com/api/v9/unique-username/username-attempt-unauthed
2026-09-01 18:29:12	NETWORK	gtap	attempt=1	proxy=http://wiw4v7duaymysz9-session-c7bceaec6970-lifetime-10:***@rp.scrapegw.com:6060	ConnectionTimeoutError: Connection timeout to host https://discord.com/api/v9/unique-username/username-attempt-unauthed
2026-09-01 18:29:12	NETWORK	gtdw	attempt=1	proxy=http://wiw4v7duaymysz9-session-aecff59c6962-lifetime-10:***@rp.scrapegw.com:6060	ConnectionTimeoutError: Connection timeout to host https://discord.com/api/v9/unique-username/username-attempt-unauthed
2026-09-01 18:29:12	NETWORK	gtbk	attempt=1	proxy=http://wiw4v7duaymysz9-session-426c669d4508-lifetime-10:***@rp.scrapegw.com:6060	ConnectionTimeoutError: Connection timeout to host https://discord.com/api/v9/unique-username/username-attempt-unauthed
2026-09-01 18:29:12	NETWORK	gtbi	attempt=1	proxy=http://wiw4v7duaymysz9-session-53453d65fe24-lifetime-10:***@rp.scrapegw.com:6060	ConnectionTimeoutError: Connection timeout to host https://discord.com/api/v9/unique-username/username-attempt-unauthed
2026-09-01 18:29:12	NETWORK	gtaw	attempt=1	proxy=http://wiw4v7duaymysz9-session-9e51e351c538-lifetime-10:***@rp.scrapegw.com:6060	ConnectionTimeoutError: Connection timeout to host https://discord.com/api/v9/unique-username/username-attempt-unauthed
2026-09-01 18:29:12	NETWORK	gtae	attempt=1	proxy=http://wiw4v7duaymysz9-session-ce7c13812b09-lifetime-10:***@rp.scrapegw.com:6060	ConnectionTimeoutError: Connection timeout to host https://discord.com/api/v9/unique-username/username-attempt-unauthed
2026-09-01 18:29:12	NETWORK	gtan	attempt=1	proxy=http://wiw4v7duaymysz9-session-e59c804cfd3e-lifetime-10:***@rp.scrapegw.com:6060	ConnectionTimeoutError: Connection timeout to host https://discord.com/api/v9/unique-username/username-attempt-unauthed
2026-09-01 18:29:12	NETWORK	gszv	attempt=1	proxy=http://wiw4v7duaymysz9-session-bbb665073ac0-lifetime-10:***@rp.scrapegw.com:6060	ConnectionTimeoutError: Connection timeout to host https://discord.com/api/v9/unique-username/username-attempt-unauthed
2026-09-01 18:29:12	NETWORK	gsyd	attempt=1	proxy=http://wiw4v7duaymysz9-session-ef3cc125ffae-lifetime-10:***@rp.scrapegw.com:6060	ConnectionTimeoutError: Connection timeout to host https://discord.com/api/v9/unique-username/username-attempt-unauthed
2026-09-01 18:29:12	NETWORK	gsyi	attempt=1	proxy=http://wiw4v7duaymysz9-session-8e7ac70dfab6-lifetime-10:***@rp.scrapegw.com:6060	ConnectionTimeoutError: Connection timeout to host https://discord.com/api/v9/unique-username/username-attempt-unauthed
2026-09-01 18:29:12	NETWORK	gswa	attempt=1	proxy=http://wiw4v7duaymysz9-session-15523f818c5e-lifetime-10:***@rp.scrapegw.com:6060	ConnectionTimeoutError: Connection timeout to host https://discord.com/api/v9/unique-username/username-attempt-unauthed
2026-09-01 18:29:12	NETWORK	gtdk	attempt=1	proxy=http://wiw4v7duaymysz9-session-69357d7f4ae9-lifetime-10:***@rp.scrapegw.com:6060	ConnectionTimeoutError: Connection timeout to host https://discord.com/api/v9/unique-username/username-attempt-unauthed
2026-09-01 18:29:12	NETWORK	gszy	attempt=1	proxy=http://wiw4v7duaymysz9-session-6af14f706bc5-lifetime-10:***@rp.scrapegw.com:6060	ConnectionTimeoutError: Connection timeout to host https://discord.com/api/v9/unique-username/username-attempt-unauthed
2026-09-01 18:29:12	NETWORK	gtdr	attempt=1	proxy=http://wiw4v7duaymysz9-session-479ac71bf091-lifetime-10:***@rp.scrapegw.com:6060	ConnectionTimeoutError: Connection timeout to host https://discord.com/api/v9/unique-username/username-attempt-unauthed
2026-09-01 18:29:12	NETWORK	gtbe	attempt=1	proxy=http://wiw4v7duaymysz9-session-f9fd714a88f0-lifetime-10:***@rp.scrapegw.com:6060	ConnectionTimeoutError: Connection timeout to host https://discord.com/api/v9/unique-username/username-attempt-unauthed
2026-09-01 18:29:12	NETWORK	gsyk	attempt=1	proxy=http://wiw4v7duaymysz9-session-341268cb4513-lifetime-10:***@rp.scrapegw.com:6060	ConnectionTimeoutError: Connection timeout to host https://discord.com/api/v9/unique-username/username-attempt-unauthed
2026-09-01 18:29:12	NETWORK	gszr	attempt=1	proxy=http://wiw4v7duaymysz9-session-6f5d2ca0a960-lifetime-10:***@rp.scrapegw.com:6060	ConnectionTimeoutError: Connection timeout to host https://discord.com/api/v9/unique-username/username-attempt-unauthed
2026-09-01 18:29:12	NETWORK	gszl	attempt=1	proxy=http://wiw4v7duaymysz9-session-dd062ffc48c8-lifetime-10:***@rp.scrapegw.com:6060	ConnectionTimeoutError: Connection timeout to host https://discord.com/api/v9/unique-username/username-attempt-unauthed
2026-09-01 18:29:12	HTTP_429	gxid	attempt=1	proxy=http://wiw4v7duaymysz9-session-4d6d9009fb6a-lifetime-10:***@rp.scrapegw.com:6060	scope=shared global=False retry_after=2065.00s
2026-09-01 18:29:12	HTTP_429	gxlk	attempt=1	proxy=http://wiw4v7duaymysz9-session-fee8ca6dfaa4-lifetime-10:***@rp.scrapegw.com:6060	scope=shared global=False retry_after=2113.00s
2026-09-01 18:29:13	NETWORK	guxo	attempt=1	proxy=http://wiw4v7duaymysz9-session-3c2cfc2d1562-lifetime-10:***@rp.scrapegw.com:6060	ClientConnectorError: Cannot connect to host discord.com:443 ssl:default [Connection reset by peer]
2026-09-01 18:29:13	NETWORK	guqk	attempt=1	proxy=http://wiw4v7duaymysz9-session-cf7c5c71c1af-lifetime-10:***@rp.scrapegw.com:6060	ClientConnectorError: Cannot connect to host discord.com:443 ssl:default [Connection reset by peer]
2026-09-01 18:29:13	HTTP_429	gxnd	attempt=1	proxy=http://wiw4v7duaymysz9-session-4f2b46ba2544-lifetime-10:***@rp.scrapegw.com:6060	scope=shared global=False retry_after=2064.00s
2026-09-01 18:29:13	NETWORK	gvtb	attempt=1	proxy=http://wiw4v7duaymysz9-session-331917dd1726-lifetime-10:***@rp.scrapegw.com:6060	ClientConnectorError: Cannot connect to host discord.com:443 ssl:default [Connection reset by peer]
2026-09-01 18:29:13	NETWORK	gtrj	attempt=1	proxy=http://wiw4v7duaymysz9-session-a6d1002e453a-lifetime-10:***@rp.scrapegw.com:6060	ConnectionTimeoutError: Connection timeout to host https://discord.com/api/v9/unique-username/username-attempt-unauthed
2026-09-01 18:29:13	NETWORK	gtox	attempt=1	proxy=http://wiw4v7duaymysz9-session-8ce9036825f1-lifetime-10:***@rp.scrapegw.com:6060	ConnectionTimeoutError: Connection timeout to host https://discord.com/api/v9/unique-username/username-attempt-unauthed
2026-09-01 18:29:13	NETWORK	gtqt	attempt=1	proxy=http://wiw4v7duaymysz9-session-5bc6e8e03e19-lifetime-10:***@rp.scrapegw.com:6060	ConnectionTimeoutError: Connection timeout to host https://discord.com/api/v9/unique-username/username-attempt-unauthed
2026-09-01 18:29:13	NETWORK	gtoi	attempt=1	proxy=http://wiw4v7duaymysz9-session-1aa7a59958fd-lifetime-10:***@rp.scrapegw.com:6060	ConnectionTimeoutError: Connection timeout to host https://discord.com/api/v9/unique-username/username-attempt-unauthed
2026-09-01 18:29:13	NETWORK	gtnh	attempt=1	proxy=http://wiw4v7duaymysz9-session-84720c5fb162-lifetime-10:***@rp.scrapegw.com:6060	ConnectionTimeoutError: Connection timeout to host https://discord.com/api/v9/unique-username/username-attempt-unauthed
2026-09-01 18:29:13	NETWORK	gthb	attempt=1	proxy=http://wiw4v7duaymysz9-session-dec97f37b7ea-lifetime-10:***@rp.scrapegw.com:6060	ConnectionTimeoutError: Connection timeout to host https://discord.com/api/v9/unique-username/username-attempt-unauthed
2026-09-01 18:29:13	NETWORK	gtjy	attempt=1	proxy=http://wiw4v7duaymysz9-session-6534b3150bf8-lifetime-10:***@rp.scrapegw.com:6060	ConnectionTimeoutError: Connection timeout to host https://discord.com/api/v9/unique-username/username-attempt-unauthed
2026-09-01 18:29:13	NETWORK	gtfp	attempt=1	proxy=http://wiw4v7duaymysz9-session-c6eb462f2f5c-lifetime-10:***@rp.scrapegw.com:6060	ConnectionTimeoutError: Connection timeout to host https://discord.com/api/v9/unique-username/username-attempt-unauthed
2026-09-01 18:29:13	NETWORK	gtev	attempt=1	proxy=http://wiw4v7duaymysz9-session-599e4ef8bf37-lifetime-10:***@rp.scrapegw.com:6060	ConnectionTimeoutError: Connection timeout to host https://discord.com/api/v9/unique-username/username-attempt-unauthed
2026-09-01 18:29:13	NETWORK	gthh	attempt=1	proxy=http://wiw4v7duaymysz9-session-98e5344c60e4-lifetime-10:***@rp.scrapegw.com:6060	ConnectionTimeoutError: Connection timeout to host https://discord.com/api/v9/unique-username/username-attempt-unauthed
2026-09-01 18:29:13	NETWORK	gtio	attempt=1	proxy=http://wiw4v7duaymysz9-session-07beadb26347-lifetime-10:***@rp.scrapegw.com:6060	ConnectionTimeoutError: Connection timeout to host https://discord.com/api/v9/unique-username/username-attempt-unauthed
2026-09-01 18:29:13	NETWORK	gtis	attempt=1	proxy=http://wiw4v7duaymysz9-session-8eec6bf93298-lifetime-10:***@rp.scrapegw.com:6060	ConnectionTimeoutError: Connection timeout to host https://discord.com/api/v9/unique-username/username-attempt-unauthed
2026-09-01 18:29:13	NETWORK	gtpl	attempt=1	proxy=http://wiw4v7duaymysz9-session-19b03ae6c9bc-lifetime-10:***@rp.scrapegw.com:6060	ConnectionTimeoutError: Connection timeout to host https://discord.com/api/v9/unique-username/username-attempt-unauthed
2026-09-01 18:29:13	NETWORK	gtpc	attempt=1	proxy=http://wiw4v7duaymysz9-session-4867725f2026-lifetime-10:***@rp.scrapegw.com:6060	ConnectionTimeoutError: Connection timeout to host https://discord.com/api/v9/unique-username/username-attempt-unauthed
2026-09-01 18:29:13	NETWORK	gtoy	attempt=1	proxy=http://wiw4v7duaymysz9-session-c8d553a20db6-lifetime-10:***@rp.scrapegw.com:6060	ConnectionTimeoutError: Connection timeout to host https://discord.com/api/v9/unique-username/username-attempt-unauthed
2026-09-01 18:29:13	NETWORK	gtnu	attempt=1	proxy=http://wiw4v7duaymysz9-session-8319e142c749-lifetime-10:***@rp.scrapegw.com:6060	ConnectionTimeoutError: Connection timeout to host https://discord.com/api/v9/unique-username/username-attempt-unauthed
2026-09-01 18:29:13	NETWORK	gtqp	attempt=1	proxy=http://wiw4v7duaymysz9-session-0c5f4a16a251-lifetime-10:***@rp.scrapegw.com:6060	ConnectionTimeoutError: Connection timeout to host https://discord.com/api/v9/unique-username/username-attempt-unauthed
2026-09-01 18:29:13	NETWORK	gtos	attempt=1	proxy=http://wiw4v7duaymysz9-session-06b81be04a1c-lifetime-10:***@rp.scrapegw.com:6060	ConnectionTimeoutError: Connection timeout to host https://discord.com/api/v9/unique-username/username-attempt-unauthed
2026-09-01 18:29:13	NETWORK	gtoj	attempt=1	proxy=http://wiw4v7duaymysz9-session-55e637ed19f5-lifetime-10:***@rp.scrapegw.com:6060	ConnectionTimeoutError: Connection timeout to host https://discord.com/api/v9/unique-username/username-attempt-unauthed
2026-09-01 18:29:13	NETWORK	gtnq	attempt=1	proxy=http://wiw4v7duaymysz9-session-773feb2a2878-lifetime-10:***@rp.scrapegw.com:6060	ConnectionTimeoutError: Connection timeout to host https://discord.com/api/v9/unique-username/username-attempt-unauthed
2026-09-01 18:29:13	NETWORK	gtnz	attempt=1	proxy=http://wiw4v7duaymysz9-session-e6a0e090c842-lifetime-10:***@rp.scrapegw.com:6060	ConnectionTimeoutError: Connection timeout to host https://discord.com/api/v9/unique-username/username-attempt-unauthed
2026-09-01 18:29:13	NETWORK	gtnc	attempt=1	proxy=http://wiw4v7duaymysz9-session-e3ba727a5cc1-lifetime-10:***@rp.scrapegw.com:6060	ConnectionTimeoutError: Connection timeout to host https://discord.com/api/v9/unique-username/username-attempt-unauthed
2026-09-01 18:29:13	NETWORK	gtrk	attempt=1	proxy=http://wiw4v7duaymysz9-session-07eb550ae75f-lifetime-10:***@rp.scrapegw.com:6060	ConnectionTimeoutError: Connection timeout to host https://discord.com/api/v9/unique-username/username-attempt-unauthed
2026-09-01 18:29:13	NETWORK	gtmp	attempt=1	proxy=http://wiw4v7duaymysz9-session-fa5273558215-lifetime-10:***@rp.scrapegw.com:6060	ConnectionTimeoutError: Connection timeout to host https://discord.com/api/v9/unique-username/username-attempt-unauthed
2026-09-01 18:29:13	NETWORK	gtmn	attempt=1	proxy=http://wiw4v7duaymysz9-session-598546131668-lifetime-10:***@rp.scrapegw.com:6060	ConnectionTimeoutError: Connection timeout to host https://discord.com/api/v9/unique-username/username-attempt-unauthed
2026-09-01 18:29:13	NETWORK	gtij	attempt=1	proxy=http://wiw4v7duaymysz9-session-c1b4f7922abf-lifetime-10:***@rp.scrapegw.com:6060	ConnectionTimeoutError: Connection timeout to host https://discord.com/api/v9/unique-username/username-attempt-unauthed
2026-09-01 18:29:13	NETWORK	gtkn	attempt=1	proxy=http://wiw4v7duaymysz9-session-1e3244248285-lifetime-10:***@rp.scrapegw.com:6060	ConnectionTimeoutError: Connection timeout to host https://discord.com/api/v9/unique-username/username-attempt-unauthed
2026-09-01 18:29:13	NETWORK	gtlw	attempt=1	proxy=http://wiw4v7duaymysz9-session-441c37fea4ca-lifetime-10:***@rp.scrapegw.com:6060	ConnectionTimeoutError: Connection timeout to host https://discord.com/api/v9/unique-username/username-attempt-unauthed
2026-09-01 18:29:13	NETWORK	gtfj	attempt=1	proxy=http://wiw4v7duaymysz9-session-8f1f27fff3ac-lifetime-10:***@rp.scrapegw.com:6060	ConnectionTimeoutError: Connection timeout to host https://discord.com/api/v9/unique-username/username-attempt-unauthed
2026-09-01 18:29:13	NETWORK	gtfi	attempt=1	proxy=http://wiw4v7duaymysz9-session-ae8319dbb604-lifetime-10:***@rp.scrapegw.com:6060	ConnectionTimeoutError: Connection timeout to host https://discord.com/api/v9/unique-username/username-attempt-unauthed
2026-09-01 18:29:13	NETWORK	gthi	attempt=1	proxy=http://wiw4v7duaymysz9-session-e99126062f8c-lifetime-10:***@rp.scrapegw.com:6060	ConnectionTimeoutError: Connection timeout to host https://discord.com/api/v9/unique-username/username-attempt-unauthed
2026-09-01 18:29:13	NETWORK	gtqv	attempt=1	proxy=http://wiw4v7duaymysz9-session-1d15326f2663-lifetime-10:***@rp.scrapegw.com:6060	ConnectionTimeoutError: Connection timeout to host https://discord.com/api/v9/unique-username/username-attempt-unauthed
2026-09-01 18:29:13	NETWORK	gtqe	attempt=1	proxy=http://wiw4v7duaymysz9-session-135624b7d96b-lifetime-10:***@rp.scrapegw.com:6060	ConnectionTimeoutError: Connection timeout to host https://discord.com/api/v9/unique-username/username-attempt-unauthed
2026-09-01 18:29:13	NETWORK	gtre	attempt=1	proxy=http://wiw4v7duaymysz9-session-0e8aa5b8e8da-lifetime-10:***@rp.scrapegw.com:6060	ConnectionTimeoutError: Connection timeout to host https://discord.com/api/v9/unique-username/username-attempt-unauthed
2026-09-01 18:29:13	NETWORK	gtie	attempt=1	proxy=http://wiw4v7duaymysz9-session-0dcad61592e7-lifetime-10:***@rp.scrapegw.com:6060	ConnectionTimeoutError: Connection timeout to host https://discord.com/api/v9/unique-username/username-attempt-unauthed
2026-09-01 18:29:13	NETWORK	gtgg	attempt=1	proxy=http://wiw4v7duaymysz9-session-6e7ee3cbd48c-lifetime-10:***@rp.scrapegw.com:6060	ConnectionTimeoutError: Connection timeout to host https://discord.com/api/v9/unique-username/username-attempt-unauthed
2026-09-01 18:29:13	NETWORK	gtlh	attempt=1	proxy=http://wiw4v7duaymysz9-session-353437c66b49-lifetime-10:***@rp.scrapegw.com:6060	ConnectionTimeoutError: Connection timeout to host https://discord.com/api/v9/unique-username/username-attempt-unauthed
2026-09-01 18:29:13	NETWORK	gtmq	attempt=1	proxy=http://wiw4v7duaymysz9-session-c64e0a7d40c0-lifetime-10:***@rp.scrapegw.com:6060	ConnectionTimeoutError: Connection timeout to host https://discord.com/api/v9/unique-username/username-attempt-unauthed
2026-09-01 18:29:13	NETWORK	gtfg	attempt=1	proxy=http://wiw4v7duaymysz9-session-ffe041a786d8-lifetime-10:***@rp.scrapegw.com:6060	ConnectionTimeoutError: Connection timeout to host https://discord.com/api/v9/unique-username/username-attempt-unauthed
2026-09-01 18:29:13	NETWORK	gtpb	attempt=1	proxy=http://wiw4v7duaymysz9-session-8a79de861fd4-lifetime-10:***@rp.scrapegw.com:6060	ConnectionTimeoutError: Connection timeout to host https://discord.com/api/v9/unique-username/username-attempt-unauthed
2026-09-01 18:29:13	NETWORK	gtkk	attempt=1	proxy=http://wiw4v7duaymysz9-session-8f9eccac36ec-lifetime-10:***@rp.scrapegw.com:6060	ConnectionTimeoutError: Connection timeout to host https://discord.com/api/v9/unique-username/username-attempt-unauthed
2026-09-01 18:29:13	NETWORK	guyz	attempt=1	proxy=http://wiw4v7duaymysz9-session-caeeadc77d0f-lifetime-10:***@rp.scrapegw.com:6060	ClientConnectorError: Cannot connect to host discord.com:443 ssl:default [Connection reset by peer]
2026-09-01 18:29:14	HTTP_429	gtme	attempt=1	proxy=http://wiw4v7duaymysz9-session-4d4692c916c6-lifetime-10:***@rp.scrapegw.com:6060	scope=shared global=False retry_after=952.00s
2026-09-01 18:29:14	NETWORK	guyr	attempt=1	proxy=http://wiw4v7duaymysz9-session-4d3da2f26946-lifetime-10:***@rp.scrapegw.com:6060	ClientConnectorError: Cannot connect to host discord.com:443 ssl:default [Connection reset by peer]
2026-09-01 18:29:14	NETWORK	gtry	attempt=1	proxy=http://wiw4v7duaymysz9-session-f7af5c65525f-lifetime-10:***@rp.scrapegw.com:6060	ClientConnectorError: Cannot connect to host discord.com:443 ssl:default [Connection reset by peer]
2026-09-01 18:29:14	NETWORK	guek	attempt=1	proxy=http://wiw4v7duaymysz9-session-17396ca454ca-lifetime-10:***@rp.scrapegw.com:6060	ConnectionTimeoutError: Connection timeout to host https://discord.com/api/v9/unique-username/username-attempt-unauthed
2026-09-01 18:29:14	NETWORK	gttn	attempt=1	proxy=http://wiw4v7duaymysz9-session-2243f894a4c9-lifetime-10:***@rp.scrapegw.com:6060	ConnectionTimeoutError: Connection timeout to host https://discord.com/api/v9/unique-username/username-attempt-unauthed
2026-09-01 18:29:14	NETWORK	gueq	attempt=1	proxy=http://wiw4v7duaymysz9-session-9bf50ce439bd-lifetime-10:***@rp.scrapegw.com:6060	ConnectionTimeoutError: Connection timeout to host https://discord.com/api/v9/unique-username/username-attempt-unauthed
2026-09-01 18:29:14	NETWORK	gucs	attempt=1	proxy=http://wiw4v7duaymysz9-session-66a1fffff132-lifetime-10:***@rp.scrapegw.com:6060	ConnectionTimeoutError: Connection timeout to host https://discord.com/api/v9/unique-username/username-attempt-unauthed
2026-09-01 18:29:14	NETWORK	gucr	attempt=1	proxy=http://wiw4v7duaymysz9-session-0b8cdfddfa94-lifetime-10:***@rp.scrapegw.com:6060	ConnectionTimeoutError: Connection timeout to host https://discord.com/api/v9/unique-username/username-attempt-unauthed
2026-09-01 18:29:14	NETWORK	guco	attempt=1	proxy=http://wiw4v7duaymysz9-session-d22c38bac643-lifetime-10:***@rp.scrapegw.com:6060	ConnectionTimeoutError: Connection timeout to host https://discord.com/api/v9/unique-username/username-attempt-unauthed
2026-09-01 18:29:14	NETWORK	guem	attempt=1	proxy=http://wiw4v7duaymysz9-session-ac6dad6c5b32-lifetime-10:***@rp.scrapegw.com:6060	ConnectionTimeoutError: Connection timeout to host https://discord.com/api/v9/unique-username/username-attempt-unauthed
2026-09-01 18:29:14	NETWORK	gtzw	attempt=1	proxy=http://wiw4v7duaymysz9-session-f1483785ffbf-lifetime-10:***@rp.scrapegw.com:6060	ConnectionTimeoutError: Connection timeout to host https://discord.com/api/v9/unique-username/username-attempt-unauthed
2026-09-01 18:29:14	NETWORK	gtur	attempt=1	proxy=http://wiw4v7duaymysz9-session-09cedf8db3ce-lifetime-10:***@rp.scrapegw.com:6060	ConnectionTimeoutError: Connection timeout to host https://discord.com/api/v9/unique-username/username-attempt-unauthed
2026-09-01 18:29:14	NETWORK	gtxx	attempt=1	proxy=http://wiw4v7duaymysz9-session-7c0c7fe60c38-lifetime-10:***@rp.scrapegw.com:6060	ConnectionTimeoutError: Connection timeout to host https://discord.com/api/v9/unique-username/username-attempt-unauthed
2026-09-01 18:29:14	NETWORK	gtzk	attempt=1	proxy=http://wiw4v7duaymysz9-session-d10c6545cd68-lifetime-10:***@rp.scrapegw.com:6060	ConnectionTimeoutError: Connection timeout to host https://discord.com/api/v9/unique-username/username-attempt-unauthed
2026-09-01 18:29:14	NETWORK	gtto	attempt=1	proxy=http://wiw4v7duaymysz9-session-908e4df9f73d-lifetime-10:***@rp.scrapegw.com:6060	ConnectionTimeoutError: Connection timeout to host https://discord.com/api/v9/unique-username/username-attempt-unauthed
2026-09-01 18:29:14	NETWORK	gtuu	attempt=1	proxy=http://wiw4v7duaymysz9-session-8ba5f5cb840f-lifetime-10:***@rp.scrapegw.com:6060	ConnectionTimeoutError: Connection timeout to host https://discord.com/api/v9/unique-username/username-attempt-unauthed
2026-09-01 18:29:14	NETWORK	gtup	attempt=1	proxy=http://wiw4v7duaymysz9-session-5bb1256761c8-lifetime-10:***@rp.scrapegw.com:6060	ConnectionTimeoutError: Connection timeout to host https://discord.com/api/v9/unique-username/username-attempt-unauthed
2026-09-01 18:29:14	NETWORK	guct	attempt=1	proxy=http://wiw4v7duaymysz9-session-9da167f59002-lifetime-10:***@rp.scrapegw.com:6060	ConnectionTimeoutError: Connection timeout to host https://discord.com/api/v9/unique-username/username-attempt-unauthed
2026-09-01 18:29:14	NETWORK	gubd	attempt=1	proxy=http://wiw4v7duaymysz9-session-49f11b622d88-lifetime-10:***@rp.scrapegw.com:6060	ConnectionTimeoutError: Connection timeout to host https://discord.com/api/v9/unique-username/username-attempt-unauthed
2026-09-01 18:29:14	NETWORK	gubl	attempt=1	proxy=http://wiw4v7duaymysz9-session-6a9a6ef06645-lifetime-10:***@rp.scrapegw.com:6060	ConnectionTimeoutError: Connection timeout to host https://discord.com/api/v9/unique-username/username-attempt-unauthed
2026-09-01 18:29:14	NETWORK	gtwt	attempt=1	proxy=http://wiw4v7duaymysz9-session-8f2bf92eedc3-lifetime-10:***@rp.scrapegw.com:6060	ConnectionTimeoutError: Connection timeout to host https://discord.com/api/v9/unique-username/username-attempt-unauthed
2026-09-01 18:29:14	NETWORK	gtsu	attempt=1	proxy=http://wiw4v7duaymysz9-session-1995f7f45c27-lifetime-10:***@rp.scrapegw.com:6060	ConnectionTimeoutError: Connection timeout to host https://discord.com/api/v9/unique-username/username-attempt-unauthed
2026-09-01 18:29:14	NETWORK	gtsd	attempt=1	proxy=http://wiw4v7duaymysz9-session-65bf2bf029b0-lifetime-10:***@rp.scrapegw.com:6060	ConnectionTimeoutError: Connection timeout to host https://discord.com/api/v9/unique-username/username-attempt-unauthed
2026-09-01 18:29:14	NETWORK	gtrv	attempt=1	proxy=http://wiw4v7duaymysz9-session-76ef30ae8e1d-lifetime-10:***@rp.scrapegw.com:6060	ConnectionTimeoutError: Connection timeout to host https://discord.com/api/v9/unique-username/username-attempt-unauthed
2026-09-01 18:29:14	NETWORK	gtvv	attempt=1	proxy=http://wiw4v7duaymysz9-session-6f7cd6691d8f-lifetime-10:***@rp.scrapegw.com:6060	ConnectionTimeoutError: Connection timeout to host https://discord.com/api/v9/unique-username/username-attempt-unauthed
2026-09-01 18:29:14	NETWORK	gtty	attempt=1	proxy=http://wiw4v7duaymysz9-session-49378d9a1f1f-lifetime-10:***@rp.scrapegw.com:6060	ConnectionTimeoutError: Connection timeout to host https://discord.com/api/v9/unique-username/username-attempt-unauthed
2026-09-01 18:29:14	NETWORK	gudf	attempt=1	proxy=http://wiw4v7duaymysz9-session-4a5aefd6d2ff-lifetime-10:***@rp.scrapegw.com:6060	ConnectionTimeoutError: Connection timeout to host https://discord.com/api/v9/unique-username/username-attempt-unauthed
2026-09-01 18:29:14	NETWORK	gubu	attempt=1	proxy=http://wiw4v7duaymysz9-session-d33d2cccecea-lifetime-10:***@rp.scrapegw.com:6060	ConnectionTimeoutError: Connection timeout to host https://discord.com/api/v9/unique-username/username-attempt-unauthed
2026-09-01 18:29:14	NETWORK	gucf	attempt=1	proxy=http://wiw4v7duaymysz9-session-319b406351b3-lifetime-10:***@rp.scrapegw.com:6060	ConnectionTimeoutError: Connection timeout to host https://discord.com/api/v9/unique-username/username-attempt-unauthed
2026-09-01 18:29:14	NETWORK	gtzt	attempt=1	proxy=http://wiw4v7duaymysz9-session-4dfd4c367293-lifetime-10:***@rp.scrapegw.com:6060	ConnectionTimeoutError: Connection timeout to host https://discord.com/api/v9/unique-username/username-attempt-unauthed
2026-09-01 18:29:14	NETWORK	gtuc	attempt=1	proxy=http://wiw4v7duaymysz9-session-25e4d172413a-lifetime-10:***@rp.scrapegw.com:6060	ConnectionTimeoutError: Connection timeout to host https://discord.com/api/v9/unique-username/username-attempt-unauthed
2026-09-01 18:29:14	NETWORK	gttr	attempt=1	proxy=http://wiw4v7duaymysz9-session-ae47cb28858b-lifetime-10:***@rp.scrapegw.com:6060	ConnectionTimeoutError: Connection timeout to host https://discord.com/api/v9/unique-username/username-attempt-unauthed
2026-09-01 18:29:14	NETWORK	gtws	attempt=1	proxy=http://wiw4v7duaymysz9-session-a1af8fa0fac0-lifetime-10:***@rp.scrapegw.com:6060	ConnectionTimeoutError: Connection timeout to host https://discord.com/api/v9/unique-username/username-attempt-unauthed
2026-09-01 18:29:14	NETWORK	gtyq	attempt=1	proxy=http://wiw4v7duaymysz9-session-c0a7d5da4015-lifetime-10:***@rp.scrapegw.com:6060	ConnectionTimeoutError: Connection timeout to host https://discord.com/api/v9/unique-username/username-attempt-unauthed
2026-09-01 18:29:14	NETWORK	gttk	attempt=1	proxy=http://wiw4v7duaymysz9-session-933dd1ca27fe-lifetime-10:***@rp.scrapegw.com:6060	ConnectionTimeoutError: Connection timeout to host https://discord.com/api/v9/unique-username/username-attempt-unauthed
2026-09-01 18:29:14	NETWORK	gtth	attempt=1	proxy=http://wiw4v7duaymysz9-session-368294cd6c6b-lifetime-10:***@rp.scrapegw.com:6060	ConnectionTimeoutError: Connection timeout to host https://discord.com/api/v9/unique-username/username-attempt-unauthed
2026-09-01 18:29:14	NETWORK	gtsw	attempt=1	proxy=http://wiw4v7duaymysz9-session-2522fa5c9ac0-lifetime-10:***@rp.scrapegw.com:6060	ConnectionTimeoutError: Connection timeout to host https://discord.com/api/v9/unique-username/username-attempt-unauthed
2026-09-01 18:29:14	NETWORK	guog	attempt=1	proxy=http://wiw4v7duaymysz9-session-b4005996bbe2-lifetime-10:***@rp.scrapegw.com:6060	ClientConnectorError: Cannot connect to host discord.com:443 ssl:default [Connection reset by peer]
2026-09-01 18:29:14	NETWORK	gvid	attempt=1	proxy=http://wiw4v7duaymysz9-session-abbfa284bce6-lifetime-10:***@rp.scrapegw.com:6060	ClientConnectorError: Cannot connect to host discord.com:443 ssl:default [Connection reset by peer]
2026-09-01 18:29:15	NETWORK	gvru	attempt=1	proxy=http://wiw4v7duaymysz9-session-2c1c03cba5c7-lifetime-10:***@rp.scrapegw.com:6060	ClientConnectorError: Cannot connect to host discord.com:443 ssl:default [Connection reset by peer]
2026-09-01 18:29:15	NETWORK	gumr	attempt=1	proxy=http://wiw4v7duaymysz9-session-b9231889c5bf-lifetime-10:***@rp.scrapegw.com:6060	ClientConnectorError: Cannot connect to host discord.com:443 ssl:default [Connection reset by peer]
2026-09-01 18:29:15	HTTP_429	gvpr	attempt=1	proxy=http://wiw4v7duaymysz9-session-4d4692c916c6-lifetime-10:***@rp.scrapegw.com:6060	scope=shared global=False retry_after=951.00s
2026-09-01 18:29:15	NETWORK	gvpk	attempt=1	proxy=http://wiw4v7duaymysz9-session-06cd9934111a-lifetime-10:***@rp.scrapegw.com:6060	ClientConnectorError: Cannot connect to host discord.com:443 ssl:default [Connection reset by peer]
2026-09-01 18:29:15	HTTP_429	gvmi	attempt=1	proxy=http://wiw4v7duaymysz9-session-98e5344c60e4-lifetime-10:***@rp.scrapegw.com:6060	scope=shared global=False retry_after=554.00s
2026-09-01 18:29:15	NETWORK	gvqq	attempt=1	proxy=http://wiw4v7duaymysz9-session-e3ba727a5cc1-lifetime-10:***@rp.scrapegw.com:6060	ClientConnectorError: Cannot connect to host discord.com:443 ssl:default [Connection reset by peer]
2026-09-01 18:29:15	NETWORK	gukk	attempt=1	proxy=http://wiw4v7duaymysz9-session-2b62ee4047d1-lifetime-10:***@rp.scrapegw.com:6060	ConnectionTimeoutError: Connection timeout to host https://discord.com/api/v9/unique-username/username-attempt-unauthed
2026-09-01 18:29:15	NETWORK	gujj	attempt=1	proxy=http://wiw4v7duaymysz9-session-336bbcdbacf1-lifetime-10:***@rp.scrapegw.com:6060	ConnectionTimeoutError: Connection timeout to host https://discord.com/api/v9/unique-username/username-attempt-unauthed
2026-09-01 18:29:15	NETWORK	guif	attempt=1	proxy=http://wiw4v7duaymysz9-session-b9fd3a31179d-lifetime-10:***@rp.scrapegw.com:6060	ConnectionTimeoutError: Connection timeout to host https://discord.com/api/v9/unique-username/username-attempt-unauthed
2026-09-01 18:29:15	NETWORK	guhw	attempt=1	proxy=http://wiw4v7duaymysz9-session-f2d41f1a2363-lifetime-10:***@rp.scrapegw.com:6060	ConnectionTimeoutError: Connection timeout to host https://discord.com/api/v9/unique-username/username-attempt-unauthed
2026-09-01 18:29:15	NETWORK	gumm	attempt=1	proxy=http://wiw4v7duaymysz9-session-00c54e574022-lifetime-10:***@rp.scrapegw.com:6060	ConnectionTimeoutError: Connection timeout to host https://discord.com/api/v9/unique-username/username-attempt-unauthed
2026-09-01 18:29:15	NETWORK	guhu	attempt=1	proxy=http://wiw4v7duaymysz9-session-df2996227909-lifetime-10:***@rp.scrapegw.com:6060	ConnectionTimeoutError: Connection timeout to host https://discord.com/api/v9/unique-username/username-attempt-unauthed
2026-09-01 18:29:15	NETWORK	guhq	attempt=1	proxy=http://wiw4v7duaymysz9-session-79e7220278fd-lifetime-10:***@rp.scrapegw.com:6060	ConnectionTimeoutError: Connection timeout to host https://discord.com/api/v9/unique-username/username-attempt-unauthed
2026-09-01 18:29:15	NETWORK	guhj	attempt=1	proxy=http://wiw4v7duaymysz9-session-d4f3d99466d9-lifetime-10:***@rp.scrapegw.com:6060	ConnectionTimeoutError: Connection timeout to host https://discord.com/api/v9/unique-username/username-attempt-unauthed
2026-09-01 18:29:15	NETWORK	gugh	attempt=1	proxy=http://wiw4v7duaymysz9-session-db40df3b3f5d-lifetime-10:***@rp.scrapegw.com:6060	ConnectionTimeoutError: Connection timeout to host https://discord.com/api/v9/unique-username/username-attempt-unauthed
2026-09-01 18:29:15	NETWORK	gugk	attempt=1	proxy=http://wiw4v7duaymysz9-session-f3b892612857-lifetime-10:***@rp.scrapegw.com:6060	ConnectionTimeoutError: Connection timeout to host https://discord.com/api/v9/unique-username/username-attempt-unauthed
2026-09-01 18:29:15	NETWORK	guid	attempt=1	proxy=http://wiw4v7duaymysz9-session-9aea4525129b-lifetime-10:***@rp.scrapegw.com:6060	ConnectionTimeoutError: Connection timeout to host https://discord.com/api/v9/unique-username/username-attempt-unauthed
2026-09-01 18:29:15	NETWORK	gulp	attempt=1	proxy=http://wiw4v7duaymysz9-session-2b57ed1919a1-lifetime-10:***@rp.scrapegw.com:6060	ConnectionTimeoutError: Connection timeout to host https://discord.com/api/v9/unique-username/username-attempt-unauthed
2026-09-01 18:29:15	NETWORK	gult	attempt=1	proxy=http://wiw4v7duaymysz9-session-1da3bedae2ba-lifetime-10:***@rp.scrapegw.com:6060	ConnectionTimeoutError: Connection timeout to host https://discord.com/api/v9/unique-username/username-attempt-unauthed
2026-09-01 18:29:15	NETWORK	guie	attempt=1	proxy=http://wiw4v7duaymysz9-session-7603973a495a-lifetime-10:***@rp.scrapegw.com:6060	ConnectionTimeoutError: Connection timeout to host https://discord.com/api/v9/unique-username/username-attempt-unauthed
2026-09-01 18:29:15	NETWORK	gulv	attempt=1	proxy=http://wiw4v7duaymysz9-session-e5576df8e639-lifetime-10:***@rp.scrapegw.com:6060	ConnectionTimeoutError: Connection timeout to host https://discord.com/api/v9/unique-username/username-attempt-unauthed
2026-09-01 18:29:15	NETWORK	guli	attempt=1	proxy=http://wiw4v7duaymysz9-session-e0834172b1ef-lifetime-10:***@rp.scrapegw.com:6060	ConnectionTimeoutError: Connection timeout to host https://discord.com/api/v9/unique-username/username-attempt-unauthed
2026-09-01 18:29:15	NETWORK	gujg	attempt=1	proxy=http://wiw4v7duaymysz9-session-681fc46a6460-lifetime-10:***@rp.scrapegw.com:6060	ConnectionTimeoutError: Connection timeout to host https://discord.com/api/v9/unique-username/username-attempt-unauthed
2026-09-01 18:29:15	NETWORK	gufm	attempt=1	proxy=http://wiw4v7duaymysz9-session-a53a395eedd2-lifetime-10:***@rp.scrapegw.com:6060	ConnectionTimeoutError: Connection timeout to host https://discord.com/api/v9/unique-username/username-attempt-unauthed
2026-09-01 18:29:15	NETWORK	gumn	attempt=1	proxy=http://wiw4v7duaymysz9-session-81c5cb86f81a-lifetime-10:***@rp.scrapegw.com:6060	ConnectionTimeoutError: Connection timeout to host https://discord.com/api/v9/unique-username/username-attempt-unauthed
2026-09-01 18:29:15	NETWORK	guku	attempt=1	proxy=http://wiw4v7duaymysz9-session-49c9dedac36c-lifetime-10:***@rp.scrapegw.com:6060	ConnectionTimeoutError: Connection timeout to host https://discord.com/api/v9/unique-username/username-attempt-unauthed
2026-09-01 18:29:15	NETWORK	gulw	attempt=1	proxy=http://wiw4v7duaymysz9-session-216fea39e52c-lifetime-10:***@rp.scrapegw.com:6060	ConnectionTimeoutError: Connection timeout to host https://discord.com/api/v9/unique-username/username-attempt-unauthed
2026-09-01 18:29:15	HTTP_429	gyeu	attempt=1	proxy=http://wiw4v7duaymysz9-session-e7da0e36d842-lifetime-10:***@rp.scrapegw.com:6060	scope=shared global=False retry_after=2066.00s
2026-09-01 18:29:15	HTTP_429	gygi	attempt=1	proxy=http://wiw4v7duaymysz9-session-b2a15ef7138f-lifetime-10:***@rp.scrapegw.com:6060	scope=shared global=False retry_after=1710.00s
2026-09-01 18:29:16	HTTP_429	gxqw	attempt=1	proxy=http://wiw4v7duaymysz9-session-e7458e69cfb5-lifetime-10:***@rp.scrapegw.com:6060	scope=shared global=False retry_after=172.00s
2026-09-01 18:29:16	HTTP_429	gyga	attempt=1	proxy=http://wiw4v7duaymysz9-session-309da460fbb2-lifetime-10:***@rp.scrapegw.com:6060	scope=shared global=False retry_after=1331.00s
2026-09-01 18:29:16	NETWORK	gvqt	attempt=1	proxy=http://wiw4v7duaymysz9-session-ff6aaf5a5d87-lifetime-10:***@rp.scrapegw.com:6060	ClientConnectorError: Cannot connect to host discord.com:443 ssl:default [Connection reset by peer]
2026-09-01 18:29:16	NETWORK	guqw	attempt=1	proxy=http://wiw4v7duaymysz9-session-107918e6906e-lifetime-10:***@rp.scrapegw.com:6060	ConnectionTimeoutError: Connection timeout to host https://discord.com/api/v9/unique-username/username-attempt-unauthed
2026-09-01 18:29:16	NETWORK	guuk	attempt=1	proxy=http://wiw4v7duaymysz9-session-3fca89ea6101-lifetime-10:***@rp.scrapegw.com:6060	ConnectionTimeoutError: Connection timeout to host https://discord.com/api/v9/unique-username/username-attempt-unauthed
2026-09-01 18:29:16	NETWORK	guxk	attempt=1	proxy=http://wiw4v7duaymysz9-session-b014963fccba-lifetime-10:***@rp.scrapegw.com:6060	ConnectionTimeoutError: Connection timeout to host https://discord.com/api/v9/unique-username/username-attempt-unauthed
2026-09-01 18:29:16	NETWORK	guuc	attempt=1	proxy=http://wiw4v7duaymysz9-session-5d9b231d4d8b-lifetime-10:***@rp.scrapegw.com:6060	ConnectionTimeoutError: Connection timeout to host https://discord.com/api/v9/unique-username/username-attempt-unauthed
2026-09-01 18:29:16	NETWORK	gurc	attempt=1	proxy=http://wiw4v7duaymysz9-session-e5115065de81-lifetime-10:***@rp.scrapegw.com:6060	ConnectionTimeoutError: Connection timeout to host https://discord.com/api/v9/unique-username/username-attempt-unauthed
2026-09-01 18:29:16	NETWORK	guwr	attempt=1	proxy=http://wiw4v7duaymysz9-session-cd46d024ffde-lifetime-10:***@rp.scrapegw.com:6060	ConnectionTimeoutError: Connection timeout to host https://discord.com/api/v9/unique-username/username-attempt-unauthed
2026-09-01 18:29:16	NETWORK	guvz	attempt=1	proxy=http://wiw4v7duaymysz9-session-8dc4523a2d01-lifetime-10:***@rp.scrapegw.com:6060	ConnectionTimeoutError: Connection timeout to host https://discord.com/api/v9/unique-username/username-attempt-unauthed
2026-09-01 18:29:16	NETWORK	guwz	attempt=1	proxy=http://wiw4v7duaymysz9-session-70870a43a041-lifetime-10:***@rp.scrapegw.com:6060	ConnectionTimeoutError: Connection timeout to host https://discord.com/api/v9/unique-username/username-attempt-unauthed
2026-09-01 18:29:16	NETWORK	guth	attempt=1	proxy=http://wiw4v7duaymysz9-session-c224af530506-lifetime-10:***@rp.scrapegw.com:6060	ConnectionTimeoutError: Connection timeout to host https://discord.com/api/v9/unique-username/username-attempt-unauthed
2026-09-01 18:29:16	NETWORK	gurd	attempt=1	proxy=http://wiw4v7duaymysz9-session-c31e0b101d90-lifetime-10:***@rp.scrapegw.com:6060	ConnectionTimeoutError: Connection timeout to host https://discord.com/api/v9/unique-username/username-attempt-unauthed
2026-09-01 18:29:16	NETWORK	guny	attempt=1	proxy=http://wiw4v7duaymysz9-session-0b0c716d328b-lifetime-10:***@rp.scrapegw.com:6060	ConnectionTimeoutError: Connection timeout to host https://discord.com/api/v9/unique-username/username-attempt-unauthed
2026-09-01 18:29:16	NETWORK	guwa	attempt=1	proxy=http://wiw4v7duaymysz9-session-d8ec08f97688-lifetime-10:***@rp.scrapegw.com:6060	ConnectionTimeoutError: Connection timeout to host https://discord.com/api/v9/unique-username/username-attempt-unauthed
2026-09-01 18:29:16	NETWORK	guoq	attempt=1	proxy=http://wiw4v7duaymysz9-session-d605cbe159d4-lifetime-10:***@rp.scrapegw.com:6060	ConnectionTimeoutError: Connection timeout to host https://discord.com/api/v9/unique-username/username-attempt-unauthed
2026-09-01 18:29:16	NETWORK	guoj	attempt=1	proxy=http://wiw4v7duaymysz9-session-c8210c0f0e4b-lifetime-10:***@rp.scrapegw.com:6060	ConnectionTimeoutError: Connection timeout to host https://discord.com/api/v9/unique-username/username-attempt-unauthed
2026-09-01 18:29:16	NETWORK	guwb	attempt=1	proxy=http://wiw4v7duaymysz9-session-dbbf0c45b135-lifetime-10:***@rp.scrapegw.com:6060	ConnectionTimeoutError: Connection timeout to host https://discord.com/api/v9/unique-username/username-attempt-unauthed
2026-09-01 18:29:16	NETWORK	guop	attempt=1	proxy=http://wiw4v7duaymysz9-session-8507aa2144d6-lifetime-10:***@rp.scrapegw.com:6060	ConnectionTimeoutError: Connection timeout to host https://discord.com/api/v9/unique-username/username-attempt-unauthed
2026-09-01 18:29:16	NETWORK	guoi	attempt=1	proxy=http://wiw4v7duaymysz9-session-4f91028a9848-lifetime-10:***@rp.scrapegw.com:6060	ConnectionTimeoutError: Connection timeout to host https://discord.com/api/v9/unique-username/username-attempt-unauthed
2026-09-01 18:29:16	NETWORK	guvb	attempt=1	proxy=http://wiw4v7duaymysz9-session-02c79c3b1edc-lifetime-10:***@rp.scrapegw.com:6060	ConnectionTimeoutError: Connection timeout to host https://discord.com/api/v9/unique-username/username-attempt-unauthed
2026-09-01 18:29:16	NETWORK	gusd	attempt=1	proxy=http://wiw4v7duaymysz9-session-682719b03197-lifetime-10:***@rp.scrapegw.com:6060	ConnectionTimeoutError: Connection timeout to host https://discord.com/api/v9/unique-username/username-attempt-unauthed
2026-09-01 18:29:16	NETWORK	guom	attempt=1	proxy=http://wiw4v7duaymysz9-session-68f9224160f7-lifetime-10:***@rp.scrapegw.com:6060	ConnectionTimeoutError: Connection timeout to host https://discord.com/api/v9/unique-username/username-attempt-unauthed
2026-09-01 18:29:16	NETWORK	guqe	attempt=1	proxy=http://wiw4v7duaymysz9-session-3ebfde25c262-lifetime-10:***@rp.scrapegw.com:6060	ConnectionTimeoutError: Connection timeout to host https://discord.com/api/v9/unique-username/username-attempt-unauthed
2026-09-01 18:29:16	NETWORK	gupx	attempt=1	proxy=http://wiw4v7duaymysz9-session-c7888dced8e3-lifetime-10:***@rp.scrapegw.com:6060	ConnectionTimeoutError: Connection timeout to host https://discord.com/api/v9/unique-username/username-attempt-unauthed
2026-09-01 18:29:16	NETWORK	guvd	attempt=1	proxy=http://wiw4v7duaymysz9-session-ab6573b9acc3-lifetime-10:***@rp.scrapegw.com:6060	ConnectionTimeoutError: Connection timeout to host https://discord.com/api/v9/unique-username/username-attempt-unauthed
2026-09-01 18:29:16	NETWORK	guns	attempt=1	proxy=http://wiw4v7duaymysz9-session-9595bbd53923-lifetime-10:***@rp.scrapegw.com:6060	ConnectionTimeoutError: Connection timeout to host https://discord.com/api/v9/unique-username/username-attempt-unauthed
2026-09-01 18:29:16	NETWORK	guum	attempt=1	proxy=http://wiw4v7duaymysz9-session-924aae8270a8-lifetime-10:***@rp.scrapegw.com:6060	ConnectionTimeoutError: Connection timeout to host https://discord.com/api/v9/unique-username/username-attempt-unauthed
2026-09-01 18:29:16	NETWORK	guxd	attempt=1	proxy=http://wiw4v7duaymysz9-session-f5d0acc99d8b-lifetime-10:***@rp.scrapegw.com:6060	ConnectionTimeoutError: Connection timeout to host https://discord.com/api/v9/unique-username/username-attempt-unauthed
2026-09-01 18:29:16	NETWORK	guqf	attempt=1	proxy=http://wiw4v7duaymysz9-session-1db77bff947a-lifetime-10:***@rp.scrapegw.com:6060	ConnectionTimeoutError: Connection timeout to host https://discord.com/api/v9/unique-username/username-attempt-unauthed
2026-09-01 18:29:16	NETWORK	guqo	attempt=1	proxy=http://wiw4v7duaymysz9-session-e12247420f30-lifetime-10:***@rp.scrapegw.com:6060	ConnectionTimeoutError: Connection timeout to host https://discord.com/api/v9/unique-username/username-attempt-unauthed
2026-09-01 18:29:16	NETWORK	gupc	attempt=1	proxy=http://wiw4v7duaymysz9-session-57e2145f056b-lifetime-10:***@rp.scrapegw.com:6060	ConnectionTimeoutError: Connection timeout to host https://discord.com/api/v9/unique-username/username-attempt-unauthed
2026-09-01 18:29:16	NETWORK	guxx	attempt=1	proxy=http://wiw4v7duaymysz9-session-db287a535700-lifetime-10:***@rp.scrapegw.com:6060	ConnectionTimeoutError: Connection timeout to host https://discord.com/api/v9/unique-username/username-attempt-unauthed
2026-09-01 18:29:16	NETWORK	guuh	attempt=1	proxy=http://wiw4v7duaymysz9-session-fc1017cd4760-lifetime-10:***@rp.scrapegw.com:6060	ConnectionTimeoutError: Connection timeout to host https://discord.com/api/v9/unique-username/username-attempt-unauthed
2026-09-01 18:29:16	NETWORK	gurf	attempt=1	proxy=http://wiw4v7duaymysz9-session-163dbf115cea-lifetime-10:***@rp.scrapegw.com:6060	ConnectionTimeoutError: Connection timeout to host https://discord.com/api/v9/unique-username/username-attempt-unauthed
2026-09-01 18:29:16	NETWORK	guud	attempt=1	proxy=http://wiw4v7duaymysz9-session-e7b8cac03fdd-lifetime-10:***@rp.scrapegw.com:6060	ConnectionTimeoutError: Connection timeout to host https://discord.com/api/v9/unique-username/username-attempt-unauthed
2026-09-01 18:29:17	HTTP_429	gups	attempt=1	proxy=http://wiw4v7duaymysz9-session-93f7e7500523-lifetime-10:***@rp.scrapegw.com:6060	scope=shared global=False retry_after=1180.00s
2026-09-01 18:29:17	NETWORK	gwfc	attempt=1	proxy=http://wiw4v7duaymysz9-session-4a5aefd6d2ff-lifetime-10:***@rp.scrapegw.com:6060	ClientConnectorError: Cannot connect to host discord.com:443 ssl:default [Connection reset by peer]
2026-09-01 18:29:17	NETWORK	gwpr	attempt=1	proxy=http://wiw4v7duaymysz9-session-68f9224160f7-lifetime-10:***@rp.scrapegw.com:6060	ClientConnectorError: Cannot connect to host discord.com:443 ssl:default [Connection reset by peer]
2026-09-01 18:29:17	NETWORK	gwtb	attempt=1	proxy=http://wiw4v7duaymysz9-session-e61c10cd6d01-lifetime-10:***@rp.scrapegw.com:6060	ClientConnectorError: Cannot connect to host discord.com:443 ssl:default [Connection reset by peer]
2026-09-01 18:29:17	HTTP_429	gysa	attempt=1	proxy=http://wiw4v7duaymysz9-session-416713259ae6-lifetime-10:***@rp.scrapegw.com:6060	scope=shared global=False retry_after=2067.00s
2026-09-01 18:29:17	NETWORK	guzu	attempt=1	proxy=http://wiw4v7duaymysz9-session-721a15899993-lifetime-10:***@rp.scrapegw.com:6060	ConnectionTimeoutError: Connection timeout to host https://discord.com/api/v9/unique-username/username-attempt-unauthed
2026-09-01 18:29:17	NETWORK	guzo	attempt=1	proxy=http://wiw4v7duaymysz9-session-2e0365ef689d-lifetime-10:***@rp.scrapegw.com:6060	ConnectionTimeoutError: Connection timeout to host https://discord.com/api/v9/unique-username/username-attempt-unauthed
2026-09-01 18:29:17	NETWORK	gvfj	attempt=1	proxy=http://wiw4v7duaymysz9-session-6af14f706bc5-lifetime-10:***@rp.scrapegw.com:6060	ConnectionTimeoutError: Connection timeout to host https://discord.com/api/v9/unique-username/username-attempt-unauthed
2026-09-01 18:29:17	NETWORK	gvgd	attempt=1	proxy=http://wiw4v7duaymysz9-session-e59c804cfd3e-lifetime-10:***@rp.scrapegw.com:6060	ConnectionTimeoutError: Connection timeout to host https://discord.com/api/v9/unique-username/username-attempt-unauthed
2026-09-01 18:29:17	NETWORK	gvgj	attempt=1	proxy=http://wiw4v7duaymysz9-session-90ef22d46e3a-lifetime-10:***@rp.scrapegw.com:6060	ConnectionTimeoutError: Connection timeout to host https://discord.com/api/v9/unique-username/username-attempt-unauthed
2026-09-01 18:29:17	NETWORK	gvbl	attempt=1	proxy=http://wiw4v7duaymysz9-session-48452f02d323-lifetime-10:***@rp.scrapegw.com:6060	ConnectionTimeoutError: Connection timeout to host https://discord.com/api/v9/unique-username/username-attempt-unauthed
2026-09-01 18:29:17	NETWORK	gvao	attempt=1	proxy=http://wiw4v7duaymysz9-session-5ec205ad737b-lifetime-10:***@rp.scrapegw.com:6060	ConnectionTimeoutError: Connection timeout to host https://discord.com/api/v9/unique-username/username-attempt-unauthed
2026-09-01 18:29:17	NETWORK	gvgz	attempt=1	proxy=http://wiw4v7duaymysz9-session-426c669d4508-lifetime-10:***@rp.scrapegw.com:6060	ConnectionTimeoutError: Connection timeout to host https://discord.com/api/v9/unique-username/username-attempt-unauthed
2026-09-01 18:29:17	NETWORK	gviz	attempt=1	proxy=http://wiw4v7duaymysz9-session-69357d7f4ae9-lifetime-10:***@rp.scrapegw.com:6060	ConnectionTimeoutError: Connection timeout to host https://discord.com/api/v9/unique-username/username-attempt-unauthed
2026-09-01 18:29:17	NETWORK	gveb	attempt=1	proxy=http://wiw4v7duaymysz9-session-a1d0b880b700-lifetime-10:***@rp.scrapegw.com:6060	ConnectionTimeoutError: Connection timeout to host https://discord.com/api/v9/unique-username/username-attempt-unauthed
2026-09-01 18:29:17	NETWORK	gvds	attempt=1	proxy=http://wiw4v7duaymysz9-session-97f0c67cd66c-lifetime-10:***@rp.scrapegw.com:6060	ConnectionTimeoutError: Connection timeout to host https://discord.com/api/v9/unique-username/username-attempt-unauthed
2026-09-01 18:29:17	NETWORK	gvee	attempt=1	proxy=http://wiw4v7duaymysz9-session-4e13dcfed32c-lifetime-10:***@rp.scrapegw.com:6060	ConnectionTimeoutError: Connection timeout to host https://discord.com/api/v9/unique-username/username-attempt-unauthed
2026-09-01 18:29:17	NETWORK	gvax	attempt=1	proxy=http://wiw4v7duaymysz9-session-f24292973926-lifetime-10:***@rp.scrapegw.com:6060	ConnectionTimeoutError: Connection timeout to host https://discord.com/api/v9/unique-username/username-attempt-unauthed
2026-09-01 18:29:17	NETWORK	gvfy	attempt=1	proxy=http://wiw4v7duaymysz9-session-5dbd8bf1b6e0-lifetime-10:***@rp.scrapegw.com:6060	ConnectionTimeoutError: Connection timeout to host https://discord.com/api/v9/unique-username/username-attempt-unauthed
2026-09-01 18:29:17	NETWORK	gveu	attempt=1	proxy=http://wiw4v7duaymysz9-session-dd062ffc48c8-lifetime-10:***@rp.scrapegw.com:6060	ConnectionTimeoutError: Connection timeout to host https://discord.com/api/v9/unique-username/username-attempt-unauthed
2026-09-01 18:29:17	NETWORK	gviw	attempt=1	proxy=http://wiw4v7duaymysz9-session-039286af2ceb-lifetime-10:***@rp.scrapegw.com:6060	ConnectionTimeoutError: Connection timeout to host https://discord.com/api/v9/unique-username/username-attempt-unauthed
2026-09-01 18:29:17	NETWORK	gvdk	attempt=1	proxy=http://wiw4v7duaymysz9-session-1d562500d155-lifetime-10:***@rp.scrapegw.com:6060	ConnectionTimeoutError: Connection timeout to host https://discord.com/api/v9/unique-username/username-attempt-unauthed
2026-09-01 18:29:17	NETWORK	gvex	attempt=1	proxy=http://wiw4v7duaymysz9-session-2acc80f664dc-lifetime-10:***@rp.scrapegw.com:6060	ConnectionTimeoutError: Connection timeout to host https://discord.com/api/v9/unique-username/username-attempt-unauthed
2026-09-01 18:29:17	NETWORK	gvgu	attempt=1	proxy=http://wiw4v7duaymysz9-session-a494b042977a-lifetime-10:***@rp.scrapegw.com:6060	ConnectionTimeoutError: Connection timeout to host https://discord.com/api/v9/unique-username/username-attempt-unauthed
2026-09-01 18:29:17	NETWORK	gvep	attempt=1	proxy=http://wiw4v7duaymysz9-session-c2d9660d1957-lifetime-10:***@rp.scrapegw.com:6060	ConnectionTimeoutError: Connection timeout to host https://discord.com/api/v9/unique-username/username-attempt-unauthed
2026-09-01 18:29:17	NETWORK	gvdu	attempt=1	proxy=http://wiw4v7duaymysz9-session-ef3cc125ffae-lifetime-10:***@rp.scrapegw.com:6060	ConnectionTimeoutError: Connection timeout to host https://discord.com/api/v9/unique-username/username-attempt-unauthed
2026-09-01 18:29:17	NETWORK	gvgw	attempt=1	proxy=http://wiw4v7duaymysz9-session-53453d65fe24-lifetime-10:***@rp.scrapegw.com:6060	ConnectionTimeoutError: Connection timeout to host https://discord.com/api/v9/unique-username/username-attempt-unauthed
2026-09-01 18:29:17	NETWORK	gvdz	attempt=1	proxy=http://wiw4v7duaymysz9-session-8e7ac70dfab6-lifetime-10:***@rp.scrapegw.com:6060	ConnectionTimeoutError: Connection timeout to host https://discord.com/api/v9/unique-username/username-attempt-unauthed
2026-09-01 18:29:17	NETWORK	gvbp	attempt=1	proxy=http://wiw4v7duaymysz9-session-15523f818c5e-lifetime-10:***@rp.scrapegw.com:6060	ConnectionTimeoutError: Connection timeout to host https://discord.com/api/v9/unique-username/username-attempt-unauthed
2026-09-01 18:29:17	NETWORK	gvjk	attempt=1	proxy=http://wiw4v7duaymysz9-session-aecff59c6962-lifetime-10:***@rp.scrapegw.com:6060	ConnectionTimeoutError: Connection timeout to host https://discord.com/api/v9/unique-username/username-attempt-unauthed
2026-09-01 18:29:17	NETWORK	gvcf	attempt=1	proxy=http://wiw4v7duaymysz9-session-fdda8a2bee81-lifetime-10:***@rp.scrapegw.com:6060	ConnectionTimeoutError: Connection timeout to host https://discord.com/api/v9/unique-username/username-attempt-unauthed
2026-09-01 18:29:17	NETWORK	gvii	attempt=1	proxy=http://wiw4v7duaymysz9-session-41fad87aa055-lifetime-10:***@rp.scrapegw.com:6060	ConnectionTimeoutError: Connection timeout to host https://discord.com/api/v9/unique-username/username-attempt-unauthed
2026-09-01 18:29:17	NETWORK	gvji	attempt=1	proxy=http://wiw4v7duaymysz9-session-b5c837780020-lifetime-10:***@rp.scrapegw.com:6060	ConnectionTimeoutError: Connection timeout to host https://discord.com/api/v9/unique-username/username-attempt-unauthed
2026-09-01 18:29:17	NETWORK	guzq	attempt=1	proxy=http://wiw4v7duaymysz9-session-70c81356e5a3-lifetime-10:***@rp.scrapegw.com:6060	ConnectionTimeoutError: Connection timeout to host https://discord.com/api/v9/unique-username/username-attempt-unauthed
2026-09-01 18:29:17	NETWORK	gvge	attempt=1	proxy=http://wiw4v7duaymysz9-session-512f7a5fd5ac-lifetime-10:***@rp.scrapegw.com:6060	ConnectionTimeoutError: Connection timeout to host https://discord.com/api/v9/unique-username/username-attempt-unauthed
2026-09-01 18:29:17	NETWORK	gvfx	attempt=1	proxy=http://wiw4v7duaymysz9-session-bb070a87d3e2-lifetime-10:***@rp.scrapegw.com:6060	ConnectionTimeoutError: Connection timeout to host https://discord.com/api/v9/unique-username/username-attempt-unauthed
2026-09-01 18:29:17	NETWORK	gvdb	attempt=1	proxy=http://wiw4v7duaymysz9-session-5372e381f6cd-lifetime-10:***@rp.scrapegw.com:6060	ConnectionTimeoutError: Connection timeout to host https://discord.com/api/v9/unique-username/username-attempt-unauthed
2026-09-01 18:29:17	NETWORK	gvcr	attempt=1	proxy=http://wiw4v7duaymysz9-session-f3a5fb7fb1b1-lifetime-10:***@rp.scrapegw.com:6060	ConnectionTimeoutError: Connection timeout to host https://discord.com/api/v9/unique-username/username-attempt-unauthed
2026-09-01 18:29:17	NETWORK	gvgk	attempt=1	proxy=http://wiw4v7duaymysz9-session-ebd84bb49995-lifetime-10:***@rp.scrapegw.com:6060	ConnectionTimeoutError: Connection timeout to host https://discord.com/api/v9/unique-username/username-attempt-unauthed
2026-09-01 18:29:17	NETWORK	gvhk	attempt=1	proxy=http://wiw4v7duaymysz9-session-41215376b045-lifetime-10:***@rp.scrapegw.com:6060	ConnectionTimeoutError: Connection timeout to host https://discord.com/api/v9/unique-username/username-attempt-unauthed
2026-09-01 18:29:17	NETWORK	gvec	attempt=1	proxy=http://wiw4v7duaymysz9-session-341268cb4513-lifetime-10:***@rp.scrapegw.com:6060	ConnectionTimeoutError: Connection timeout to host https://discord.com/api/v9/unique-username/username-attempt-unauthed
2026-09-01 18:29:17	NETWORK	gveh	attempt=1	proxy=http://wiw4v7duaymysz9-session-b474f41e8f6f-lifetime-10:***@rp.scrapegw.com:6060	ConnectionTimeoutError: Connection timeout to host https://discord.com/api/v9/unique-username/username-attempt-unauthed
2026-09-01 18:29:17	HTTP_429	gvnz	attempt=1	proxy=http://wiw4v7duaymysz9-session-b8ee78189284-lifetime-10:***@rp.scrapegw.com:6060	scope=shared global=False retry_after=32.00s
2026-09-01 18:29:18	HTTP_429	gyue	attempt=1	proxy=http://wiw4v7duaymysz9-session-b45f2540be4f-lifetime-10:***@rp.scrapegw.com:6060	scope=shared global=False retry_after=296.00s
2026-09-01 18:29:18	HTTP_429	gywu	attempt=1	proxy=http://wiw4v7duaymysz9-session-3555a486c306-lifetime-10:***@rp.scrapegw.com:6060	scope=shared global=False retry_after=2067.00s
2026-09-01 18:29:18	HTTP_429	gyto	attempt=1	proxy=http://wiw4v7duaymysz9-session-655a7784aae5-lifetime-10:***@rp.scrapegw.com:6060	scope=shared global=False retry_after=1994.00s
2026-09-01 18:29:18	HTTP_429	gyyh	attempt=1	proxy=http://wiw4v7duaymysz9-session-a7fcf6991a7e-lifetime-10:***@rp.scrapegw.com:6060	scope=shared global=False retry_after=2059.00s
2026-09-01 18:29:18	NETWORK	gwkf	attempt=1	proxy=http://wiw4v7duaymysz9-session-b9d21eb77b29-lifetime-10:***@rp.scrapegw.com:6060	ClientConnectorError: Cannot connect to host discord.com:443 ssl:default [Connection reset by peer]
2026-09-01 18:29:18	HTTP_429	gyyw	attempt=1	proxy=http://wiw4v7duaymysz9-session-3a18ff601e11-lifetime-10:***@rp.scrapegw.com:6060	scope=shared global=False retry_after=2060.00s
2026-09-01 18:29:18	NETWORK	gxao	attempt=1	proxy=http://wiw4v7duaymysz9-session-07956a149598-lifetime-10:***@rp.scrapegw.com:6060	ClientConnectorError: Cannot connect to host discord.com:443 ssl:default [Connection reset by peer]
2026-09-01 18:29:18	HTTP_429	gvrn	attempt=1	proxy=http://wiw4v7duaymysz9-session-773feb2a2878-lifetime-10:***@rp.scrapegw.com:6060	scope=shared global=False retry_after=1632.00s
2026-09-01 18:29:18	NETWORK	gwva	attempt=1	proxy=http://wiw4v7duaymysz9-session-83af173a9f47-lifetime-10:***@rp.scrapegw.com:6060	ClientConnectorError: Cannot connect to host discord.com:443 ssl:default [Connection reset by peer]
2026-09-01 18:29:18	HTTP_429	gyzg	attempt=1	proxy=http://wiw4v7duaymysz9-session-7f6e1ccb58a3-lifetime-10:***@rp.scrapegw.com:6060	scope=shared global=False retry_after=2066.00s
2026-09-01 18:29:18	NETWORK	gvpv	attempt=1	proxy=http://wiw4v7duaymysz9-session-fa5273558215-lifetime-10:***@rp.scrapegw.com:6060	ConnectionTimeoutError: Connection timeout to host https://discord.com/api/v9/unique-username/username-attempt-unauthed
2026-09-01 18:29:18	NETWORK	gvmq	attempt=1	proxy=http://wiw4v7duaymysz9-session-86f65e2b0b80-lifetime-10:***@rp.scrapegw.com:6060	ConnectionTimeoutError: Connection timeout to host https://discord.com/api/v9/unique-username/username-attempt-unauthed
2026-09-01 18:29:18	NETWORK	gvlu	attempt=1	proxy=http://wiw4v7duaymysz9-session-6e7ee3cbd48c-lifetime-10:***@rp.scrapegw.com:6060	ConnectionTimeoutError: Connection timeout to host https://discord.com/api/v9/unique-username/username-attempt-unauthed
2026-09-01 18:29:18	NETWORK	gvrt	attempt=1	proxy=http://wiw4v7duaymysz9-session-0300776953b5-lifetime-10:***@rp.scrapegw.com:6060	ConnectionTimeoutError: Connection timeout to host https://discord.com/api/v9/unique-username/username-attempt-unauthed
2026-09-01 18:29:18	NETWORK	gvve	attempt=1	proxy=http://wiw4v7duaymysz9-session-55484b7b4c63-lifetime-10:***@rp.scrapegw.com:6060	ConnectionTimeoutError: Connection timeout to host https://discord.com/api/v9/unique-username/username-attempt-unauthed
2026-09-01 18:29:18	NETWORK	gvnm	attempt=1	proxy=http://wiw4v7duaymysz9-session-fee8ca6dfaa4-lifetime-10:***@rp.scrapegw.com:6060	ConnectionTimeoutError: Connection timeout to host https://discord.com/api/v9/unique-username/username-attempt-unauthed
2026-09-01 18:29:18	NETWORK	gvtw	attempt=1	proxy=http://wiw4v7duaymysz9-session-20a1f0e8d1b1-lifetime-10:***@rp.scrapegw.com:6060	ConnectionTimeoutError: Connection timeout to host https://discord.com/api/v9/unique-username/username-attempt-unauthed
2026-09-01 18:29:18	NETWORK	gvux	attempt=1	proxy=http://wiw4v7duaymysz9-session-a4537534a767-lifetime-10:***@rp.scrapegw.com:6060	ConnectionTimeoutError: Connection timeout to host https://discord.com/api/v9/unique-username/username-attempt-unauthed
2026-09-01 18:29:18	NETWORK	gvst	attempt=1	proxy=http://wiw4v7duaymysz9-session-55e637ed19f5-lifetime-10:***@rp.scrapegw.com:6060	ConnectionTimeoutError: Connection timeout to host https://discord.com/api/v9/unique-username/username-attempt-unauthed
2026-09-01 18:29:18	NETWORK	gvvb	attempt=1	proxy=http://wiw4v7duaymysz9-session-5fc4e7b3fae0-lifetime-10:***@rp.scrapegw.com:6060	ConnectionTimeoutError: Connection timeout to host https://discord.com/api/v9/unique-username/username-attempt-unauthed
2026-09-01 18:29:18	NETWORK	gvku	attempt=1	proxy=http://wiw4v7duaymysz9-session-c6eb462f2f5c-lifetime-10:***@rp.scrapegw.com:6060	ConnectionTimeoutError: Connection timeout to host https://discord.com/api/v9/unique-username/username-attempt-unauthed
2026-09-01 18:29:18	NETWORK	gvrw	attempt=1	proxy=http://wiw4v7duaymysz9-session-42d65a6f8f61-lifetime-10:***@rp.scrapegw.com:6060	ConnectionTimeoutError: Connection timeout to host https://discord.com/api/v9/unique-username/username-attempt-unauthed
2026-09-01 18:29:18	NETWORK	gvps	attempt=1	proxy=http://wiw4v7duaymysz9-session-598546131668-lifetime-10:***@rp.scrapegw.com:6060	ConnectionTimeoutError: Connection timeout to host https://discord.com/api/v9/unique-username/username-attempt-unauthed
2026-09-01 18:29:18	NETWORK	gvoh	attempt=1	proxy=http://wiw4v7duaymysz9-session-98d9119a3f09-lifetime-10:***@rp.scrapegw.com:6060	ConnectionTimeoutError: Connection timeout to host https://discord.com/api/v9/unique-username/username-attempt-unauthed
2026-09-01 18:29:18	NETWORK	gvnq	attempt=1	proxy=http://wiw4v7duaymysz9-session-8eec6bf93298-lifetime-10:***@rp.scrapegw.com:6060	ConnectionTimeoutError: Connection timeout to host https://discord.com/api/v9/unique-username/username-attempt-unauthed
2026-09-01 18:29:18	NETWORK	gvnh	attempt=1	proxy=http://wiw4v7duaymysz9-session-e10a02495b6f-lifetime-10:***@rp.scrapegw.com:6060	ConnectionTimeoutError: Connection timeout to host https://discord.com/api/v9/unique-username/username-attempt-unauthed
2026-09-01 18:29:18	NETWORK	gvml	attempt=1	proxy=http://wiw4v7duaymysz9-session-e99126062f8c-lifetime-10:***@rp.scrapegw.com:6060	ConnectionTimeoutError: Connection timeout to host https://discord.com/api/v9/unique-username/username-attempt-unauthed
2026-09-01 18:29:18	NETWORK	gvoe	attempt=1	proxy=http://wiw4v7duaymysz9-session-6534b3150bf8-lifetime-10:***@rp.scrapegw.com:6060	ConnectionTimeoutError: Connection timeout to host https://discord.com/api/v9/unique-username/username-attempt-unauthed
2026-09-01 18:29:18	NETWORK	gvkv	attempt=1	proxy=http://wiw4v7duaymysz9-session-2b63ae5f3d36-lifetime-10:***@rp.scrapegw.com:6060	ConnectionTimeoutError: Connection timeout to host https://discord.com/api/v9/unique-username/username-attempt-unauthed
2026-09-01 18:29:18	NETWORK	gvks	attempt=1	proxy=http://wiw4v7duaymysz9-session-8f1f27fff3ac-lifetime-10:***@rp.scrapegw.com:6060	ConnectionTimeoutError: Connection timeout to host https://discord.com/api/v9/unique-username/username-attempt-unauthed
2026-09-01 18:29:18	NETWORK	gvkk	attempt=1	proxy=http://wiw4v7duaymysz9-session-ffe041a786d8-lifetime-10:***@rp.scrapegw.com:6060	ConnectionTimeoutError: Connection timeout to host https://discord.com/api/v9/unique-username/username-attempt-unauthed
2026-09-01 18:29:18	NETWORK	gvty	attempt=1	proxy=http://wiw4v7duaymysz9-session-8fe4b1d75f57-lifetime-10:***@rp.scrapegw.com:6060	ConnectionTimeoutError: Connection timeout to host https://discord.com/api/v9/unique-username/username-attempt-unauthed
2026-09-01 18:29:18	NETWORK	gvti	attempt=1	proxy=http://wiw4v7duaymysz9-session-ba1cfdaffb59-lifetime-10:***@rp.scrapegw.com:6060	ConnectionTimeoutError: Connection timeout to host https://discord.com/api/v9/unique-username/username-attempt-unauthed
2026-09-01 18:29:18	NETWORK	gvsy	attempt=1	proxy=http://wiw4v7duaymysz9-session-06b81be04a1c-lifetime-10:***@rp.scrapegw.com:6060	ConnectionTimeoutError: Connection timeout to host https://discord.com/api/v9/unique-username/username-attempt-unauthed
2026-09-01 18:29:18	NETWORK	gvqg	attempt=1	proxy=http://wiw4v7duaymysz9-session-8748594d6337-lifetime-10:***@rp.scrapegw.com:6060	ConnectionTimeoutError: Connection timeout to host https://discord.com/api/v9/unique-username/username-attempt-unauthed
2026-09-01 18:29:18	NETWORK	gvpp	attempt=1	proxy=http://wiw4v7duaymysz9-session-831ef49d4619-lifetime-10:***@rp.scrapegw.com:6060	ConnectionTimeoutError: Connection timeout to host https://discord.com/api/v9/unique-username/username-attempt-unauthed
2026-09-01 18:29:18	NETWORK	gvpe	attempt=1	proxy=http://wiw4v7duaymysz9-session-353437c66b49-lifetime-10:***@rp.scrapegw.com:6060	ConnectionTimeoutError: Connection timeout to host https://discord.com/api/v9/unique-username/username-attempt-unauthed
2026-09-01 18:29:18	NETWORK	gvpb	attempt=1	proxy=http://wiw4v7duaymysz9-session-8cb90bcd2bac-lifetime-10:***@rp.scrapegw.com:6060	ConnectionTimeoutError: Connection timeout to host https://discord.com/api/v9/unique-username/username-attempt-unauthed
2026-09-01 18:29:18	NETWORK	gvqs	attempt=1	proxy=http://wiw4v7duaymysz9-session-b0b9c4479a01-lifetime-10:***@rp.scrapegw.com:6060	ConnectionTimeoutError: Connection timeout to host https://discord.com/api/v9/unique-username/username-attempt-unauthed
2026-09-01 18:29:18	NETWORK	gvoy	attempt=1	proxy=http://wiw4v7duaymysz9-session-65a86d77feb8-lifetime-10:***@rp.scrapegw.com:6060	ConnectionTimeoutError: Connection timeout to host https://discord.com/api/v9/unique-username/username-attempt-unauthed
2026-09-01 18:29:18	NETWORK	gvof	attempt=1	proxy=http://wiw4v7duaymysz9-session-8f9eccac36ec-lifetime-10:***@rp.scrapegw.com:6060	ConnectionTimeoutError: Connection timeout to host https://discord.com/api/v9/unique-username/username-attempt-unauthed
2026-09-01 18:29:18	NETWORK	gvoc	attempt=1	proxy=http://wiw4v7duaymysz9-session-b84b63fdcd80-lifetime-10:***@rp.scrapegw.com:6060	ConnectionTimeoutError: Connection timeout to host https://discord.com/api/v9/unique-username/username-attempt-unauthed
2026-09-01 18:29:18	NETWORK	gvno	attempt=1	proxy=http://wiw4v7duaymysz9-session-07beadb26347-lifetime-10:***@rp.scrapegw.com:6060	ConnectionTimeoutError: Connection timeout to host https://discord.com/api/v9/unique-username/username-attempt-unauthed
2026-09-01 18:29:18	NETWORK	gvni	attempt=1	proxy=http://wiw4v7duaymysz9-session-a1038c6012fd-lifetime-10:***@rp.scrapegw.com:6060	ConnectionTimeoutError: Connection timeout to host https://discord.com/api/v9/unique-username/username-attempt-unauthed
2026-09-01 18:29:18	NETWORK	gvue	attempt=1	proxy=http://wiw4v7duaymysz9-session-19b03ae6c9bc-lifetime-10:***@rp.scrapegw.com:6060	ConnectionTimeoutError: Connection timeout to host https://discord.com/api/v9/unique-username/username-attempt-unauthed
2026-09-01 18:29:18	NETWORK	gvou	attempt=1	proxy=http://wiw4v7duaymysz9-session-e9924f22945b-lifetime-10:***@rp.scrapegw.com:6060	ConnectionTimeoutError: Connection timeout to host https://discord.com/api/v9/unique-username/username-attempt-unauthed
2026-09-01 18:29:18	NETWORK	gvod	attempt=1	proxy=http://wiw4v7duaymysz9-session-581afb83ef18-lifetime-10:***@rp.scrapegw.com:6060	ConnectionTimeoutError: Connection timeout to host https://discord.com/api/v9/unique-username/username-attempt-unauthed
2026-09-01 18:29:18	NETWORK	gvkp	attempt=1	proxy=http://wiw4v7duaymysz9-session-ae8319dbb604-lifetime-10:***@rp.scrapegw.com:6060	ConnectionTimeoutError: Connection timeout to host https://discord.com/api/v9/unique-username/username-attempt-unauthed
2026-09-01 18:29:18	NETWORK	gvjz	attempt=1	proxy=http://wiw4v7duaymysz9-session-599e4ef8bf37-lifetime-10:***@rp.scrapegw.com:6060	ConnectionTimeoutError: Connection timeout to host https://discord.com/api/v9/unique-username/username-attempt-unauthed
2026-09-01 18:29:18	NETWORK	gvuy	attempt=1	proxy=http://wiw4v7duaymysz9-session-c99d416e0c30-lifetime-10:***@rp.scrapegw.com:6060	ConnectionTimeoutError: Connection timeout to host https://discord.com/api/v9/unique-username/username-attempt-unauthed
2026-09-01 18:29:18	NETWORK	gvyu	attempt=1	proxy=http://wiw4v7duaymysz9-session-35762da0fee5-lifetime-10:***@rp.scrapegw.com:6060	ClientConnectorError: Cannot connect to host discord.com:443 ssl:default [Connection reset by peer]
2026-09-01 18:29:18	NETWORK	gvxt	attempt=1	proxy=http://wiw4v7duaymysz9-session-14e4d651cc2b-lifetime-10:***@rp.scrapegw.com:6060	ClientConnectorError: Cannot connect to host discord.com:443 ssl:default [Connection reset by peer]
2026-09-01 18:29:19	NETWORK	gxob	attempt=1	proxy=http://wiw4v7duaymysz9-session-38b48786bac8-lifetime-10:***@rp.scrapegw.com:6060	ClientConnectorError: Cannot connect to host discord.com:443 ssl:default [Connection reset by peer]
2026-09-01 18:29:19	NETWORK	gxlh	attempt=1	proxy=http://wiw4v7duaymysz9-session-e10a02495b6f-lifetime-10:***@rp.scrapegw.com:6060	ClientConnectorError: Cannot connect to host discord.com:443 ssl:default [Connection reset by peer]
2026-09-01 18:29:19	HTTP_429	gxqu	attempt=1	proxy=http://wiw4v7duaymysz9-session-20a1f0e8d1b1-lifetime-10:***@rp.scrapegw.com:6060	scope=shared global=False retry_after=769.00s
2026-09-01 18:29:19	NETWORK	gxgo	attempt=1	proxy=http://wiw4v7duaymysz9-session-abbfa284bce6-lifetime-10:***@rp.scrapegw.com:6060	ClientConnectorError: Cannot connect to host discord.com:443 ssl:default [Connection reset by peer]
2026-09-01 18:29:19	NETWORK	gxmh	attempt=1	proxy=http://wiw4v7duaymysz9-session-b8ee78189284-lifetime-10:***@rp.scrapegw.com:6060	ClientConnectorError: Cannot connect to host discord.com:443 ssl:default [Connection reset by peer]
2026-09-01 18:29:19	NETWORK	gwap	attempt=1	proxy=http://wiw4v7duaymysz9-session-a1af8fa0fac0-lifetime-10:***@rp.scrapegw.com:6060	ConnectionTimeoutError: Connection timeout to host https://discord.com/api/v9/unique-username/username-attempt-unauthed
2026-09-01 18:29:19	NETWORK	gvys	attempt=1	proxy=http://wiw4v7duaymysz9-session-5bb1256761c8-lifetime-10:***@rp.scrapegw.com:6060	ConnectionTimeoutError: Connection timeout to host https://discord.com/api/v9/unique-username/username-attempt-unauthed
2026-09-01 18:29:19	NETWORK	gvxg	attempt=1	proxy=http://wiw4v7duaymysz9-session-17aa9d4156b9-lifetime-10:***@rp.scrapegw.com:6060	ConnectionTimeoutError: Connection timeout to host https://discord.com/api/v9/unique-username/username-attempt-unauthed
2026-09-01 18:29:19	NETWORK	gvyj	attempt=1	proxy=http://wiw4v7duaymysz9-session-25e4d172413a-lifetime-10:***@rp.scrapegw.com:6060	ConnectionTimeoutError: Connection timeout to host https://discord.com/api/v9/unique-username/username-attempt-unauthed
2026-09-01 18:29:19	NETWORK	gvxj	attempt=1	proxy=http://wiw4v7duaymysz9-session-2522fa5c9ac0-lifetime-10:***@rp.scrapegw.com:6060	ConnectionTimeoutError: Connection timeout to host https://discord.com/api/v9/unique-username/username-attempt-unauthed
2026-09-01 18:29:19	NETWORK	gvvy	attempt=1	proxy=http://wiw4v7duaymysz9-session-a6d1002e453a-lifetime-10:***@rp.scrapegw.com:6060	ConnectionTimeoutError: Connection timeout to host https://discord.com/api/v9/unique-username/username-attempt-unauthed
2026-09-01 18:29:19	NETWORK	gvzr	attempt=1	proxy=http://wiw4v7duaymysz9-session-a316e41fcaf9-lifetime-10:***@rp.scrapegw.com:6060	ConnectionTimeoutError: Connection timeout to host https://discord.com/api/v9/unique-username/username-attempt-unauthed
2026-09-01 18:29:19	NETWORK	gvxq	attempt=1	proxy=http://wiw4v7duaymysz9-session-933dd1ca27fe-lifetime-10:***@rp.scrapegw.com:6060	ConnectionTimeoutError: Connection timeout to host https://discord.com/api/v9/unique-username/username-attempt-unauthed
2026-09-01 18:29:19	NETWORK	gvyw	attempt=1	proxy=http://wiw4v7duaymysz9-session-09cedf8db3ce-lifetime-10:***@rp.scrapegw.com:6060	ConnectionTimeoutError: Connection timeout to host https://discord.com/api/v9/unique-username/username-attempt-unauthed
2026-09-01 18:29:19	NETWORK	gwar	attempt=1	proxy=http://wiw4v7duaymysz9-session-a418b2f5f82d-lifetime-10:***@rp.scrapegw.com:6060	ConnectionTimeoutError: Connection timeout to host https://discord.com/api/v9/unique-username/username-attempt-unauthed
2026-09-01 18:29:19	NETWORK	gvxh	attempt=1	proxy=http://wiw4v7duaymysz9-session-1995f7f45c27-lifetime-10:***@rp.scrapegw.com:6060	ConnectionTimeoutError: Connection timeout to host https://discord.com/api/v9/unique-username/username-attempt-unauthed
2026-09-01 18:29:19	NETWORK	gvxu	attempt=1	proxy=http://wiw4v7duaymysz9-session-2243f894a4c9-lifetime-10:***@rp.scrapegw.com:6060	ConnectionTimeoutError: Connection timeout to host https://discord.com/api/v9/unique-username/username-attempt-unauthed
2026-09-01 18:29:19	NETWORK	gvxv	attempt=1	proxy=http://wiw4v7duaymysz9-session-908e4df9f73d-lifetime-10:***@rp.scrapegw.com:6060	ConnectionTimeoutError: Connection timeout to host https://discord.com/api/v9/unique-username/username-attempt-unauthed
2026-09-01 18:29:19	NETWORK	gwaq	attempt=1	proxy=http://wiw4v7duaymysz9-session-930ae3cad9fb-lifetime-10:***@rp.scrapegw.com:6060	ConnectionTimeoutError: Connection timeout to host https://discord.com/api/v9/unique-username/username-attempt-unauthed
2026-09-01 18:29:19	NETWORK	gvzj	attempt=1	proxy=http://wiw4v7duaymysz9-session-3f61fdbfabac-lifetime-10:***@rp.scrapegw.com:6060	ConnectionTimeoutError: Connection timeout to host https://discord.com/api/v9/unique-username/username-attempt-unauthed
2026-09-01 18:29:19	NETWORK	gvzu	attempt=1	proxy=http://wiw4v7duaymysz9-session-3279b87c5221-lifetime-10:***@rp.scrapegw.com:6060	ConnectionTimeoutError: Connection timeout to host https://discord.com/api/v9/unique-username/username-attempt-unauthed
2026-09-01 18:29:19	NETWORK	gwaj	attempt=1	proxy=http://wiw4v7duaymysz9-session-798b2e6ae34f-lifetime-10:***@rp.scrapegw.com:6060	ConnectionTimeoutError: Connection timeout to host https://discord.com/api/v9/unique-username/username-attempt-unauthed
2026-09-01 18:29:19	NETWORK	gvzp	attempt=1	proxy=http://wiw4v7duaymysz9-session-65db57b03ad3-lifetime-10:***@rp.scrapegw.com:6060	ConnectionTimeoutError: Connection timeout to host https://discord.com/api/v9/unique-username/username-attempt-unauthed
2026-09-01 18:29:19	NETWORK	gvxc	attempt=1	proxy=http://wiw4v7duaymysz9-session-f025df5792e0-lifetime-10:***@rp.scrapegw.com:6060	ConnectionTimeoutError: Connection timeout to host https://discord.com/api/v9/unique-username/username-attempt-unauthed
2026-09-01 18:29:19	NETWORK	gwbu	attempt=1	proxy=http://wiw4v7duaymysz9-session-aedd68df2979-lifetime-10:***@rp.scrapegw.com:6060	ConnectionTimeoutError: Connection timeout to host https://discord.com/api/v9/unique-username/username-attempt-unauthed
2026-09-01 18:29:19	NETWORK	gvxm	attempt=1	proxy=http://wiw4v7duaymysz9-session-337eaf8b68c6-lifetime-10:***@rp.scrapegw.com:6060	ConnectionTimeoutError: Connection timeout to host https://discord.com/api/v9/unique-username/username-attempt-unauthed
2026-09-01 18:29:19	NETWORK	gvzn	attempt=1	proxy=http://wiw4v7duaymysz9-session-d8b742b5f779-lifetime-10:***@rp.scrapegw.com:6060	ConnectionTimeoutError: Connection timeout to host https://discord.com/api/v9/unique-username/username-attempt-unauthed
2026-09-01 18:29:19	NETWORK	gvze	attempt=1	proxy=http://wiw4v7duaymysz9-session-8701a6a8821d-lifetime-10:***@rp.scrapegw.com:6060	ConnectionTimeoutError: Connection timeout to host https://discord.com/api/v9/unique-username/username-attempt-unauthed
2026-09-01 18:29:19	NETWORK	gvwu	attempt=1	proxy=http://wiw4v7duaymysz9-session-65bf2bf029b0-lifetime-10:***@rp.scrapegw.com:6060	ConnectionTimeoutError: Connection timeout to host https://discord.com/api/v9/unique-username/username-attempt-unauthed
2026-09-01 18:29:19	NETWORK	gvwl	attempt=1	proxy=http://wiw4v7duaymysz9-session-e878d32ff514-lifetime-10:***@rp.scrapegw.com:6060	ConnectionTimeoutError: Connection timeout to host https://discord.com/api/v9/unique-username/username-attempt-unauthed
2026-09-01 18:29:19	NETWORK	gvwg	attempt=1	proxy=http://wiw4v7duaymysz9-session-07eb550ae75f-lifetime-10:***@rp.scrapegw.com:6060	ConnectionTimeoutError: Connection timeout to host https://discord.com/api/v9/unique-username/username-attempt-unauthed
2026-09-01 18:29:19	NETWORK	gvvo	attempt=1	proxy=http://wiw4v7duaymysz9-session-df2fbf67cf2f-lifetime-10:***@rp.scrapegw.com:6060	ConnectionTimeoutError: Connection timeout to host https://discord.com/api/v9/unique-username/username-attempt-unauthed
2026-09-01 18:29:19	NETWORK	gvvj	attempt=1	proxy=http://wiw4v7duaymysz9-session-5bc6e8e03e19-lifetime-10:***@rp.scrapegw.com:6060	ConnectionTimeoutError: Connection timeout to host https://discord.com/api/v9/unique-username/username-attempt-unauthed
2026-09-01 18:29:19	NETWORK	gwak	attempt=1	proxy=http://wiw4v7duaymysz9-session-ad2fcaa5fa34-lifetime-10:***@rp.scrapegw.com:6060	ConnectionTimeoutError: Connection timeout to host https://discord.com/api/v9/unique-username/username-attempt-unauthed
2026-09-01 18:29:19	NETWORK	gvxx	attempt=1	proxy=http://wiw4v7duaymysz9-session-715a23fecf8e-lifetime-10:***@rp.scrapegw.com:6060	ConnectionTimeoutError: Connection timeout to host https://discord.com/api/v9/unique-username/username-attempt-unauthed
2026-09-01 18:29:19	NETWORK	gvyg	attempt=1	proxy=http://wiw4v7duaymysz9-session-49378d9a1f1f-lifetime-10:***@rp.scrapegw.com:6060	ConnectionTimeoutError: Connection timeout to host https://discord.com/api/v9/unique-username/username-attempt-unauthed
2026-09-01 18:29:19	NETWORK	gwbe	attempt=1	proxy=http://wiw4v7duaymysz9-session-1a27f87c2604-lifetime-10:***@rp.scrapegw.com:6060	ConnectionTimeoutError: Connection timeout to host https://discord.com/api/v9/unique-username/username-attempt-unauthed
2026-09-01 18:29:19	NETWORK	gwbs	attempt=1	proxy=http://wiw4v7duaymysz9-session-cd0a8590cad5-lifetime-10:***@rp.scrapegw.com:6060	ConnectionTimeoutError: Connection timeout to host https://discord.com/api/v9/unique-username/username-attempt-unauthed
2026-09-01 18:29:19	NETWORK	gwbj	attempt=1	proxy=http://wiw4v7duaymysz9-session-5afb47b0b0d2-lifetime-10:***@rp.scrapegw.com:6060	ConnectionTimeoutError: Connection timeout to host https://discord.com/api/v9/unique-username/username-attempt-unauthed
2026-09-01 18:29:19	NETWORK	gwbi	attempt=1	proxy=http://wiw4v7duaymysz9-session-f80841d79eb5-lifetime-10:***@rp.scrapegw.com:6060	ConnectionTimeoutError: Connection timeout to host https://discord.com/api/v9/unique-username/username-attempt-unauthed
2026-09-01 18:29:19	HTTP_429	gzji	attempt=1	proxy=http://wiw4v7duaymysz9-session-efecba1572ef-lifetime-10:***@rp.scrapegw.com:6060	scope=shared global=False retry_after=2059.00s
2026-09-01 18:29:20	HTTP_429	gzmx	attempt=1	proxy=http://wiw4v7duaymysz9-session-ec862d59a62a-lifetime-10:***@rp.scrapegw.com:6060	scope=shared global=False retry_after=2064.00s
2026-09-01 18:29:20	HTTP_429	gzld	attempt=1	proxy=http://wiw4v7duaymysz9-session-17aa9d4156b9-lifetime-10:***@rp.scrapegw.com:6060	scope=shared global=False retry_after=909.00s
2026-09-01 18:29:20	HTTP_429	gzpf	attempt=1	proxy=http://wiw4v7duaymysz9-session-e5847553309f-lifetime-10:***@rp.scrapegw.com:6060	scope=shared global=False retry_after=2065.00s
2026-09-01 18:29:20	NETWORK	gycs	attempt=1	proxy=http://wiw4v7duaymysz9-session-eec95738cc01-lifetime-10:***@rp.scrapegw.com:6060	ClientConnectorError: Cannot connect to host discord.com:443 ssl:default [Connection reset by peer]
2026-09-01 18:29:20	HTTP_429	gyxi	attempt=1	proxy=http://wiw4v7duaymysz9-session-1a56e214cc4a-lifetime-10:***@rp.scrapegw.com:6060	scope=shared global=False retry_after=504.00s
2026-09-01 18:29:20	NETWORK	gwps	attempt=1	proxy=http://wiw4v7duaymysz9-session-8507aa2144d6-lifetime-10:***@rp.scrapegw.com:6060	ClientConnectorError: Cannot connect to host discord.com:443 ssl:default [Connection reset by peer]
2026-09-01 18:29:20	NETWORK	gwmo	attempt=1	proxy=http://wiw4v7duaymysz9-session-e0834172b1ef-lifetime-10:***@rp.scrapegw.com:6060	ConnectionTimeoutError: Connection timeout to host https://discord.com/api/v9/unique-username/username-attempt-unauthed
2026-09-01 18:29:20	NETWORK	gwhx	attempt=1	proxy=http://wiw4v7duaymysz9-session-f68af4427daf-lifetime-10:***@rp.scrapegw.com:6060	ConnectionTimeoutError: Connection timeout to host https://discord.com/api/v9/unique-username/username-attempt-unauthed
2026-09-01 18:29:20	NETWORK	gwfg	attempt=1	proxy=http://wiw4v7duaymysz9-session-5ea451ff1883-lifetime-10:***@rp.scrapegw.com:6060	ConnectionTimeoutError: Connection timeout to host https://discord.com/api/v9/unique-username/username-attempt-unauthed
2026-09-01 18:29:20	NETWORK	gwiw	attempt=1	proxy=http://wiw4v7duaymysz9-session-79e7220278fd-lifetime-10:***@rp.scrapegw.com:6060	ConnectionTimeoutError: Connection timeout to host https://discord.com/api/v9/unique-username/username-attempt-unauthed
2026-09-01 18:29:20	NETWORK	gwgy	attempt=1	proxy=http://wiw4v7duaymysz9-session-a53a395eedd2-lifetime-10:***@rp.scrapegw.com:6060	ConnectionTimeoutError: Connection timeout to host https://discord.com/api/v9/unique-username/username-attempt-unauthed
2026-09-01 18:29:20	NETWORK	gwja	attempt=1	proxy=http://wiw4v7duaymysz9-session-468beb6c99bc-lifetime-10:***@rp.scrapegw.com:6060	ConnectionTimeoutError: Connection timeout to host https://discord.com/api/v9/unique-username/username-attempt-unauthed
2026-09-01 18:29:20	NETWORK	gwep	attempt=1	proxy=http://wiw4v7duaymysz9-session-ba6dca92c3c9-lifetime-10:***@rp.scrapegw.com:6060	ConnectionTimeoutError: Connection timeout to host https://discord.com/api/v9/unique-username/username-attempt-unauthed
2026-09-01 18:29:20	NETWORK	gwea	attempt=1	proxy=http://wiw4v7duaymysz9-session-d33d2cccecea-lifetime-10:***@rp.scrapegw.com:6060	ConnectionTimeoutError: Connection timeout to host https://discord.com/api/v9/unique-username/username-attempt-unauthed
2026-09-01 18:29:20	NETWORK	gwhp	attempt=1	proxy=http://wiw4v7duaymysz9-session-9c1922590220-lifetime-10:***@rp.scrapegw.com:6060	ConnectionTimeoutError: Connection timeout to host https://discord.com/api/v9/unique-username/username-attempt-unauthed
2026-09-01 18:29:20	NETWORK	gwdb	attempt=1	proxy=http://wiw4v7duaymysz9-session-83a0a9b169aa-lifetime-10:***@rp.scrapegw.com:6060	ConnectionTimeoutError: Connection timeout to host https://discord.com/api/v9/unique-username/username-attempt-unauthed
2026-09-01 18:29:20	NETWORK	gwdq	attempt=1	proxy=http://wiw4v7duaymysz9-session-49f11b622d88-lifetime-10:***@rp.scrapegw.com:6060	ConnectionTimeoutError: Connection timeout to host https://discord.com/api/v9/unique-username/username-attempt-unauthed
2026-09-01 18:29:20	NETWORK	gwcy	attempt=1	proxy=http://wiw4v7duaymysz9-session-f1483785ffbf-lifetime-10:***@rp.scrapegw.com:6060	ConnectionTimeoutError: Connection timeout to host https://discord.com/api/v9/unique-username/username-attempt-unauthed
2026-09-01 18:29:20	NETWORK	gwgo	attempt=1	proxy=http://wiw4v7duaymysz9-session-224bab95d9a3-lifetime-10:***@rp.scrapegw.com:6060	ConnectionTimeoutError: Connection timeout to host https://discord.com/api/v9/unique-username/username-attempt-unauthed
2026-09-01 18:29:20	NETWORK	gwok	attempt=1	proxy=http://wiw4v7duaymysz9-session-b9231889c5bf-lifetime-10:***@rp.scrapegw.com:6060	ConnectionTimeoutError: Connection timeout to host https://discord.com/api/v9/unique-username/username-attempt-unauthed
2026-09-01 18:29:20	NETWORK	gwmz	attempt=1	proxy=http://wiw4v7duaymysz9-session-216fea39e52c-lifetime-10:***@rp.scrapegw.com:6060	ConnectionTimeoutError: Connection timeout to host https://discord.com/api/v9/unique-username/username-attempt-unauthed
2026-09-01 18:29:20	NETWORK	gwmx	attempt=1	proxy=http://wiw4v7duaymysz9-session-bb73178e3ee9-lifetime-10:***@rp.scrapegw.com:6060	ConnectionTimeoutError: Connection timeout to host https://discord.com/api/v9/unique-username/username-attempt-unauthed
2026-09-01 18:29:20	NETWORK	gwes	attempt=1	proxy=http://wiw4v7duaymysz9-session-66a1fffff132-lifetime-10:***@rp.scrapegw.com:6060	ConnectionTimeoutError: Connection timeout to host https://discord.com/api/v9/unique-username/username-attempt-unauthed
2026-09-01 18:29:20	NETWORK	gwju	attempt=1	proxy=http://wiw4v7duaymysz9-session-9aea4525129b-lifetime-10:***@rp.scrapegw.com:6060	ConnectionTimeoutError: Connection timeout to host https://discord.com/api/v9/unique-username/username-attempt-unauthed
2026-09-01 18:29:20	NETWORK	gwkp	attempt=1	proxy=http://wiw4v7duaymysz9-session-d6d53d60d767-lifetime-10:***@rp.scrapegw.com:6060	ConnectionTimeoutError: Connection timeout to host https://discord.com/api/v9/unique-username/username-attempt-unauthed
2026-09-01 18:29:20	NETWORK	gwjl	attempt=1	proxy=http://wiw4v7duaymysz9-session-cd1b526e5f8a-lifetime-10:***@rp.scrapegw.com:6060	ConnectionTimeoutError: Connection timeout to host https://discord.com/api/v9/unique-username/username-attempt-unauthed
2026-09-01 18:29:20	NETWORK	gwfp	attempt=1	proxy=http://wiw4v7duaymysz9-session-ba1261163800-lifetime-10:***@rp.scrapegw.com:6060	ConnectionTimeoutError: Connection timeout to host https://discord.com/api/v9/unique-username/username-attempt-unauthed
2026-09-01 18:29:20	NETWORK	gwio	attempt=1	proxy=http://wiw4v7duaymysz9-session-d4f3d99466d9-lifetime-10:***@rp.scrapegw.com:6060	ConnectionTimeoutError: Connection timeout to host https://discord.com/api/v9/unique-username/username-attempt-unauthed
2026-09-01 18:29:20	NETWORK	gwih	attempt=1	proxy=http://wiw4v7duaymysz9-session-fd67a07dabd9-lifetime-10:***@rp.scrapegw.com:6060	ConnectionTimeoutError: Connection timeout to host https://discord.com/api/v9/unique-username/username-attempt-unauthed
2026-09-01 18:29:20	NETWORK	gwge	attempt=1	proxy=http://wiw4v7duaymysz9-session-3ab0735dbfe8-lifetime-10:***@rp.scrapegw.com:6060	ConnectionTimeoutError: Connection timeout to host https://discord.com/api/v9/unique-username/username-attempt-unauthed
2026-09-01 18:29:20	NETWORK	gwcw	attempt=1	proxy=http://wiw4v7duaymysz9-session-4dfd4c367293-lifetime-10:***@rp.scrapegw.com:6060	ConnectionTimeoutError: Connection timeout to host https://discord.com/api/v9/unique-username/username-attempt-unauthed
2026-09-01 18:29:20	NETWORK	gwbz	attempt=1	proxy=http://wiw4v7duaymysz9-session-d10c6545cd68-lifetime-10:***@rp.scrapegw.com:6060	ConnectionTimeoutError: Connection timeout to host https://discord.com/api/v9/unique-username/username-attempt-unauthed
2026-09-01 18:29:20	NETWORK	gweh	attempt=1	proxy=http://wiw4v7duaymysz9-session-319b406351b3-lifetime-10:***@rp.scrapegw.com:6060	ConnectionTimeoutError: Connection timeout to host https://discord.com/api/v9/unique-username/username-attempt-unauthed
2026-09-01 18:29:20	NETWORK	gwhq	attempt=1	proxy=http://wiw4v7duaymysz9-session-41f43a4dd548-lifetime-10:***@rp.scrapegw.com:6060	ConnectionTimeoutError: Connection timeout to host https://discord.com/api/v9/unique-username/username-attempt-unauthed
2026-09-01 18:29:20	NETWORK	gwou	attempt=1	proxy=http://wiw4v7duaymysz9-session-144f6f398c0f-lifetime-10:***@rp.scrapegw.com:6060	ConnectionTimeoutError: Connection timeout to host https://discord.com/api/v9/unique-username/username-attempt-unauthed
2026-09-01 18:29:20	NETWORK	gwgb	attempt=1	proxy=http://wiw4v7duaymysz9-session-e3882ac82d7a-lifetime-10:***@rp.scrapegw.com:6060	ConnectionTimeoutError: Connection timeout to host https://discord.com/api/v9/unique-username/username-attempt-unauthed
2026-09-01 18:29:20	NETWORK	gwov	attempt=1	proxy=http://wiw4v7duaymysz9-session-badbd62c5a1d-lifetime-10:***@rp.scrapegw.com:6060	ConnectionTimeoutError: Connection timeout to host https://discord.com/api/v9/unique-username/username-attempt-unauthed
2026-09-01 18:29:20	NETWORK	gwoy	attempt=1	proxy=http://wiw4v7duaymysz9-session-9595bbd53923-lifetime-10:***@rp.scrapegw.com:6060	ConnectionTimeoutError: Connection timeout to host https://discord.com/api/v9/unique-username/username-attempt-unauthed
2026-09-01 18:29:20	NETWORK	gwnx	attempt=1	proxy=http://wiw4v7duaymysz9-session-00c54e574022-lifetime-10:***@rp.scrapegw.com:6060	ConnectionTimeoutError: Connection timeout to host https://discord.com/api/v9/unique-username/username-attempt-unauthed
2026-09-01 18:29:20	NETWORK	gwog	attempt=1	proxy=http://wiw4v7duaymysz9-session-dda0383c7bf3-lifetime-10:***@rp.scrapegw.com:6060	ConnectionTimeoutError: Connection timeout to host https://discord.com/api/v9/unique-username/username-attempt-unauthed
2026-09-01 18:29:20	NETWORK	gwmv	attempt=1	proxy=http://wiw4v7duaymysz9-session-8d302d0dbc54-lifetime-10:***@rp.scrapegw.com:6060	ConnectionTimeoutError: Connection timeout to host https://discord.com/api/v9/unique-username/username-attempt-unauthed
2026-09-01 18:29:20	NETWORK	gwlr	attempt=1	proxy=http://wiw4v7duaymysz9-session-2b62ee4047d1-lifetime-10:***@rp.scrapegw.com:6060	ConnectionTimeoutError: Connection timeout to host https://discord.com/api/v9/unique-username/username-attempt-unauthed
2026-09-01 18:29:20	NETWORK	gwma	attempt=1	proxy=http://wiw4v7duaymysz9-session-dd5fb65199b6-lifetime-10:***@rp.scrapegw.com:6060	ConnectionTimeoutError: Connection timeout to host https://discord.com/api/v9/unique-username/username-attempt-unauthed
2026-09-01 18:29:21	HTTP_429	gzvh	attempt=1	proxy=http://wiw4v7duaymysz9-session-b9488fc49fa6-lifetime-10:***@rp.scrapegw.com:6060	scope=shared global=False retry_after=2065.00s
2026-09-01 18:29:21	HTTP_429	gzys	attempt=1	proxy=http://wiw4v7duaymysz9-session-7677079ae705-lifetime-10:***@rp.scrapegw.com:6060	scope=shared global=False retry_after=186.00s
2026-09-01 18:29:21	NETWORK	gwtm	attempt=1	proxy=http://wiw4v7duaymysz9-session-3fca89ea6101-lifetime-10:***@rp.scrapegw.com:6060	ClientConnectorError: Cannot connect to host discord.com:443 ssl:default [Connection reset by peer]
2026-09-01 18:29:21	NETWORK	gwwg	attempt=1	proxy=http://wiw4v7duaymysz9-session-be85a771bddd-lifetime-10:***@rp.scrapegw.com:6060	ClientConnectorError: Cannot connect to host discord.com:443 ssl:default [Connection reset by peer]
2026-09-01 18:29:21	NETWORK	gwzm	attempt=1	proxy=http://wiw4v7duaymysz9-session-721a15899993-lifetime-10:***@rp.scrapegw.com:6060	ConnectionTimeoutError: Connection timeout to host https://discord.com/api/v9/unique-username/username-attempt-unauthed
2026-09-01 18:29:21	NETWORK	gwyr	attempt=1	proxy=http://wiw4v7duaymysz9-session-caeeadc77d0f-lifetime-10:***@rp.scrapegw.com:6060	ConnectionTimeoutError: Connection timeout to host https://discord.com/api/v9/unique-username/username-attempt-unauthed
2026-09-01 18:29:21	NETWORK	gwyi	attempt=1	proxy=http://wiw4v7duaymysz9-session-4d3da2f26946-lifetime-10:***@rp.scrapegw.com:6060	ConnectionTimeoutError: Connection timeout to host https://discord.com/api/v9/unique-username/username-attempt-unauthed
2026-09-01 18:29:21	NETWORK	gwxs	attempt=1	proxy=http://wiw4v7duaymysz9-session-607db56aeaa9-lifetime-10:***@rp.scrapegw.com:6060	ConnectionTimeoutError: Connection timeout to host https://discord.com/api/v9/unique-username/username-attempt-unauthed
2026-09-01 18:29:21	NETWORK	gwwq	attempt=1	proxy=http://wiw4v7duaymysz9-session-3c2cfc2d1562-lifetime-10:***@rp.scrapegw.com:6060	ConnectionTimeoutError: Connection timeout to host https://discord.com/api/v9/unique-username/username-attempt-unauthed
2026-09-01 18:29:21	NETWORK	gwvu	attempt=1	proxy=http://wiw4v7duaymysz9-session-cd46d024ffde-lifetime-10:***@rp.scrapegw.com:6060	ConnectionTimeoutError: Connection timeout to host https://discord.com/api/v9/unique-username/username-attempt-unauthed
2026-09-01 18:29:21	NETWORK	gwvp	attempt=1	proxy=http://wiw4v7duaymysz9-session-7d668bf1c7e6-lifetime-10:***@rp.scrapegw.com:6060	ConnectionTimeoutError: Connection timeout to host https://discord.com/api/v9/unique-username/username-attempt-unauthed
2026-09-01 18:29:21	NETWORK	gwuz	attempt=1	proxy=http://wiw4v7duaymysz9-session-2ce9532fc273-lifetime-10:***@rp.scrapegw.com:6060	ConnectionTimeoutError: Connection timeout to host https://discord.com/api/v9/unique-username/username-attempt-unauthed
2026-09-01 18:29:21	NETWORK	gwtv	attempt=1	proxy=http://wiw4v7duaymysz9-session-a62419483886-lifetime-10:***@rp.scrapegw.com:6060	ConnectionTimeoutError: Connection timeout to host https://discord.com/api/v9/unique-username/username-attempt-unauthed
2026-09-01 18:29:21	NETWORK	gwuy	attempt=1	proxy=http://wiw4v7duaymysz9-session-d8ec08f97688-lifetime-10:***@rp.scrapegw.com:6060	ConnectionTimeoutError: Connection timeout to host https://discord.com/api/v9/unique-username/username-attempt-unauthed
2026-09-01 18:29:21	NETWORK	gwtp	attempt=1	proxy=http://wiw4v7duaymysz9-session-924aae8270a8-lifetime-10:***@rp.scrapegw.com:6060	ConnectionTimeoutError: Connection timeout to host https://discord.com/api/v9/unique-username/username-attempt-unauthed
2026-09-01 18:29:21	NETWORK	gwua	attempt=1	proxy=http://wiw4v7duaymysz9-session-0e8d98a135f6-lifetime-10:***@rp.scrapegw.com:6060	ConnectionTimeoutError: Connection timeout to host https://discord.com/api/v9/unique-username/username-attempt-unauthed
2026-09-01 18:29:21	NETWORK	gwpt	attempt=1	proxy=http://wiw4v7duaymysz9-session-d605cbe159d4-lifetime-10:***@rp.scrapegw.com:6060	ConnectionTimeoutError: Connection timeout to host https://discord.com/api/v9/unique-username/username-attempt-unauthed
2026-09-01 18:29:21	NETWORK	gwpq	attempt=1	proxy=http://wiw4v7duaymysz9-session-c8210c0f0e4b-lifetime-10:***@rp.scrapegw.com:6060	ConnectionTimeoutError: Connection timeout to host https://discord.com/api/v9/unique-username/username-attempt-unauthed
2026-09-01 18:29:21	NETWORK	gwrq	attempt=1	proxy=http://wiw4v7duaymysz9-session-cd8599d14fab-lifetime-10:***@rp.scrapegw.com:6060	ConnectionTimeoutError: Connection timeout to host https://discord.com/api/v9/unique-username/username-attempt-unauthed
2026-09-01 18:29:21	NETWORK	gwqp	attempt=1	proxy=http://wiw4v7duaymysz9-session-93f7e7500523-lifetime-10:***@rp.scrapegw.com:6060	ConnectionTimeoutError: Connection timeout to host https://discord.com/api/v9/unique-username/username-attempt-unauthed
2026-09-01 18:29:21	NETWORK	gwzz	attempt=1	proxy=http://wiw4v7duaymysz9-session-5ec205ad737b-lifetime-10:***@rp.scrapegw.com:6060	ConnectionTimeoutError: Connection timeout to host https://discord.com/api/v9/unique-username/username-attempt-unauthed
2026-09-01 18:29:21	NETWORK	gxag	attempt=1	proxy=http://wiw4v7duaymysz9-session-f24292973926-lifetime-10:***@rp.scrapegw.com:6060	ConnectionTimeoutError: Connection timeout to host https://discord.com/api/v9/unique-username/username-attempt-unauthed
2026-09-01 18:29:21	NETWORK	gwyw	attempt=1	proxy=http://wiw4v7duaymysz9-session-ebba162480ae-lifetime-10:***@rp.scrapegw.com:6060	ConnectionTimeoutError: Connection timeout to host https://discord.com/api/v9/unique-username/username-attempt-unauthed
2026-09-01 18:29:21	NETWORK	gxah	attempt=1	proxy=http://wiw4v7duaymysz9-session-005ed1f11c2d-lifetime-10:***@rp.scrapegw.com:6060	ConnectionTimeoutError: Connection timeout to host https://discord.com/api/v9/unique-username/username-attempt-unauthed
2026-09-01 18:29:21	NETWORK	gwrr	attempt=1	proxy=http://wiw4v7duaymysz9-session-fc19551561be-lifetime-10:***@rp.scrapegw.com:6060	ConnectionTimeoutError: Connection timeout to host https://discord.com/api/v9/unique-username/username-attempt-unauthed
2026-09-01 18:29:21	NETWORK	gwrg	attempt=1	proxy=http://wiw4v7duaymysz9-session-4e75e94a8759-lifetime-10:***@rp.scrapegw.com:6060	ConnectionTimeoutError: Connection timeout to host https://discord.com/api/v9/unique-username/username-attempt-unauthed
2026-09-01 18:29:21	NETWORK	gwwk	attempt=1	proxy=http://wiw4v7duaymysz9-session-8d71519f7b73-lifetime-10:***@rp.scrapegw.com:6060	ConnectionTimeoutError: Connection timeout to host https://discord.com/api/v9/unique-username/username-attempt-unauthed
2026-09-01 18:29:21	NETWORK	gwwj	attempt=1	proxy=http://wiw4v7duaymysz9-session-0d9af1aab80e-lifetime-10:***@rp.scrapegw.com:6060	ConnectionTimeoutError: Connection timeout to host https://discord.com/api/v9/unique-username/username-attempt-unauthed
2026-09-01 18:29:21	NETWORK	gwwr	attempt=1	proxy=http://wiw4v7duaymysz9-session-2a113d5abb4a-lifetime-10:***@rp.scrapegw.com:6060	ConnectionTimeoutError: Connection timeout to host https://discord.com/api/v9/unique-username/username-attempt-unauthed
2026-09-01 18:29:21	NETWORK	gwwd	attempt=1	proxy=http://wiw4v7duaymysz9-session-70870a43a041-lifetime-10:***@rp.scrapegw.com:6060	ConnectionTimeoutError: Connection timeout to host https://discord.com/api/v9/unique-username/username-attempt-unauthed
2026-09-01 18:29:21	NETWORK	gwwb	attempt=1	proxy=http://wiw4v7duaymysz9-session-d20f980afbcf-lifetime-10:***@rp.scrapegw.com:6060	ConnectionTimeoutError: Connection timeout to host https://discord.com/api/v9/unique-username/username-attempt-unauthed
2026-09-01 18:29:21	NETWORK	gwvk	attempt=1	proxy=http://wiw4v7duaymysz9-session-ffd298becdbc-lifetime-10:***@rp.scrapegw.com:6060	ConnectionTimeoutError: Connection timeout to host https://discord.com/api/v9/unique-username/username-attempt-unauthed
2026-09-01 18:29:21	NETWORK	gwtq	attempt=1	proxy=http://wiw4v7duaymysz9-session-a0e322f34175-lifetime-10:***@rp.scrapegw.com:6060	ConnectionTimeoutError: Connection timeout to host https://discord.com/api/v9/unique-username/username-attempt-unauthed
2026-09-01 18:29:21	NETWORK	gwux	attempt=1	proxy=http://wiw4v7duaymysz9-session-8dc4523a2d01-lifetime-10:***@rp.scrapegw.com:6060	ConnectionTimeoutError: Connection timeout to host https://discord.com/api/v9/unique-username/username-attempt-unauthed
2026-09-01 18:29:21	NETWORK	gwpu	attempt=1	proxy=http://wiw4v7duaymysz9-session-b20930d39a82-lifetime-10:***@rp.scrapegw.com:6060	ConnectionTimeoutError: Connection timeout to host https://discord.com/api/v9/unique-username/username-attempt-unauthed
2026-09-01 18:29:21	NETWORK	gwpl	attempt=1	proxy=http://wiw4v7duaymysz9-session-b4005996bbe2-lifetime-10:***@rp.scrapegw.com:6060	ConnectionTimeoutError: Connection timeout to host https://discord.com/api/v9/unique-username/username-attempt-unauthed
2026-09-01 18:29:21	NETWORK	gwpj	attempt=1	proxy=http://wiw4v7duaymysz9-session-3d06053b695b-lifetime-10:***@rp.scrapegw.com:6060	ConnectionTimeoutError: Connection timeout to host https://discord.com/api/v9/unique-username/username-attempt-unauthed
2026-09-01 18:29:21	NETWORK	gwtk	attempt=1	proxy=http://wiw4v7duaymysz9-session-fc1017cd4760-lifetime-10:***@rp.scrapegw.com:6060	ConnectionTimeoutError: Connection timeout to host https://discord.com/api/v9/unique-username/username-attempt-unauthed
2026-09-01 18:29:21	NETWORK	gwpd	attempt=1	proxy=http://wiw4v7duaymysz9-session-0b0c716d328b-lifetime-10:***@rp.scrapegw.com:6060	ConnectionTimeoutError: Connection timeout to host https://discord.com/api/v9/unique-username/username-attempt-unauthed
2026-09-01 18:29:21	NETWORK	gwpo	attempt=1	proxy=http://wiw4v7duaymysz9-session-4f91028a9848-lifetime-10:***@rp.scrapegw.com:6060	ConnectionTimeoutError: Connection timeout to host https://discord.com/api/v9/unique-username/username-attempt-unauthed
2026-09-01 18:29:21	NETWORK	gwql	attempt=1	proxy=http://wiw4v7duaymysz9-session-5e1cb193bf20-lifetime-10:***@rp.scrapegw.com:6060	ConnectionTimeoutError: Connection timeout to host https://discord.com/api/v9/unique-username/username-attempt-unauthed
2026-09-01 18:29:21	NETWORK	gwrj	attempt=1	proxy=http://wiw4v7duaymysz9-session-107918e6906e-lifetime-10:***@rp.scrapegw.com:6060	ConnectionTimeoutError: Connection timeout to host https://discord.com/api/v9/unique-username/username-attempt-unauthed
2026-09-01 18:29:21	NETWORK	gwqx	attempt=1	proxy=http://wiw4v7duaymysz9-session-c7888dced8e3-lifetime-10:***@rp.scrapegw.com:6060	ConnectionTimeoutError: Connection timeout to host https://discord.com/api/v9/unique-username/username-attempt-unauthed
2026-09-01 18:29:21	NETWORK	gwsu	attempt=1	proxy=http://wiw4v7duaymysz9-session-c224af530506-lifetime-10:***@rp.scrapegw.com:6060	ConnectionTimeoutError: Connection timeout to host https://discord.com/api/v9/unique-username/username-attempt-unauthed
2026-09-01 18:29:21	HTTP_429	hadd	attempt=1	proxy=http://wiw4v7duaymysz9-session-b20930d39a82-lifetime-10:***@rp.scrapegw.com:6060	scope=shared global=False retry_after=167.00s
2026-09-01 18:29:22	HTTP_429	hajq	attempt=1	proxy=http://wiw4v7duaymysz9-session-f25410d2e98c-lifetime-10:***@rp.scrapegw.com:6060	scope=shared global=False retry_after=2065.00s
2026-09-01 18:29:22	HTTP_429	hakm	attempt=1	proxy=http://wiw4v7duaymysz9-session-507a60ee7290-lifetime-10:***@rp.scrapegw.com:6060	scope=shared global=False retry_after=414.00s
2026-09-01 18:29:22	HTTP_429	hanm	attempt=1	proxy=http://wiw4v7duaymysz9-session-2d8666802e75-lifetime-10:***@rp.scrapegw.com:6060	scope=shared global=False retry_after=2058.00s
2026-09-01 18:29:22	HTTP_429	gxym	attempt=1	proxy=http://wiw4v7duaymysz9-session-aedd68df2979-lifetime-10:***@rp.scrapegw.com:6060	scope=shared global=False retry_after=192.00s
2026-09-01 18:29:22	NETWORK	gxbn	attempt=1	proxy=http://wiw4v7duaymysz9-session-f89602b8df8a-lifetime-10:***@rp.scrapegw.com:6060	ConnectionTimeoutError: Connection timeout to host https://discord.com/api/v9/unique-username/username-attempt-unauthed
2026-09-01 18:29:22	NETWORK	gxbk	attempt=1	proxy=http://wiw4v7duaymysz9-session-cce48556a030-lifetime-10:***@rp.scrapegw.com:6060	ConnectionTimeoutError: Connection timeout to host https://discord.com/api/v9/unique-username/username-attempt-unauthed
2026-09-01 18:29:22	NETWORK	gxih	attempt=1	proxy=http://wiw4v7duaymysz9-session-690f5994aadb-lifetime-10:***@rp.scrapegw.com:6060	ConnectionTimeoutError: Connection timeout to host https://discord.com/api/v9/unique-username/username-attempt-unauthed
2026-09-01 18:29:22	NETWORK	gxci	attempt=1	proxy=http://wiw4v7duaymysz9-session-1e3de605b8cc-lifetime-10:***@rp.scrapegw.com:6060	ConnectionTimeoutError: Connection timeout to host https://discord.com/api/v9/unique-username/username-attempt-unauthed
2026-09-01 18:29:22	NETWORK	gxay	attempt=1	proxy=http://wiw4v7duaymysz9-session-19b97e6ab83c-lifetime-10:***@rp.scrapegw.com:6060	ConnectionTimeoutError: Connection timeout to host https://discord.com/api/v9/unique-username/username-attempt-unauthed
2026-09-01 18:29:22	NETWORK	gxdd	attempt=1	proxy=http://wiw4v7duaymysz9-session-d1f761cc7194-lifetime-10:***@rp.scrapegw.com:6060	ConnectionTimeoutError: Connection timeout to host https://discord.com/api/v9/unique-username/username-attempt-unauthed
2026-09-01 18:29:22	NETWORK	gxcc	attempt=1	proxy=http://wiw4v7duaymysz9-session-9a84208bc066-lifetime-10:***@rp.scrapegw.com:6060	ConnectionTimeoutError: Connection timeout to host https://discord.com/api/v9/unique-username/username-attempt-unauthed
2026-09-01 18:29:22	NETWORK	gxfo	attempt=1	proxy=http://wiw4v7duaymysz9-session-a494b042977a-lifetime-10:***@rp.scrapegw.com:6060	ConnectionTimeoutError: Connection timeout to host https://discord.com/api/v9/unique-username/username-attempt-unauthed
2026-09-01 18:29:22	NETWORK	gxho	attempt=1	proxy=http://wiw4v7duaymysz9-session-b13467af1272-lifetime-10:***@rp.scrapegw.com:6060	ConnectionTimeoutError: Connection timeout to host https://discord.com/api/v9/unique-username/username-attempt-unauthed
2026-09-01 18:29:22	NETWORK	gxfn	attempt=1	proxy=http://wiw4v7duaymysz9-session-1d455aa21eaf-lifetime-10:***@rp.scrapegw.com:6060	ConnectionTimeoutError: Connection timeout to host https://discord.com/api/v9/unique-username/username-attempt-unauthed
2026-09-01 18:29:22	NETWORK	gxhr	attempt=1	proxy=http://wiw4v7duaymysz9-session-69357d7f4ae9-lifetime-10:***@rp.scrapegw.com:6060	ConnectionTimeoutError: Connection timeout to host https://discord.com/api/v9/unique-username/username-attempt-unauthed
2026-09-01 18:29:22	NETWORK	gxfj	attempt=1	proxy=http://wiw4v7duaymysz9-session-90ef22d46e3a-lifetime-10:***@rp.scrapegw.com:6060	ConnectionTimeoutError: Connection timeout to host https://discord.com/api/v9/unique-username/username-attempt-unauthed
2026-09-01 18:29:22	NETWORK	gxgu	attempt=1	proxy=http://wiw4v7duaymysz9-session-b8413c430b07-lifetime-10:***@rp.scrapegw.com:6060	ConnectionTimeoutError: Connection timeout to host https://discord.com/api/v9/unique-username/username-attempt-unauthed
2026-09-01 18:29:22	NETWORK	gxew	attempt=1	proxy=http://wiw4v7duaymysz9-session-cb72157a429f-lifetime-10:***@rp.scrapegw.com:6060	ConnectionTimeoutError: Connection timeout to host https://discord.com/api/v9/unique-username/username-attempt-unauthed
2026-09-01 18:29:22	NETWORK	gxej	attempt=1	proxy=http://wiw4v7duaymysz9-session-78f9f0c0d407-lifetime-10:***@rp.scrapegw.com:6060	ConnectionTimeoutError: Connection timeout to host https://discord.com/api/v9/unique-username/username-attempt-unauthed
2026-09-01 18:29:22	NETWORK	gxdx	attempt=1	proxy=http://wiw4v7duaymysz9-session-d6bea712ffd5-lifetime-10:***@rp.scrapegw.com:6060	ConnectionTimeoutError: Connection timeout to host https://discord.com/api/v9/unique-username/username-attempt-unauthed
2026-09-01 18:29:22	NETWORK	gxfx	attempt=1	proxy=http://wiw4v7duaymysz9-session-e1e2f82e007e-lifetime-10:***@rp.scrapegw.com:6060	ConnectionTimeoutError: Connection timeout to host https://discord.com/api/v9/unique-username/username-attempt-unauthed
2026-09-01 18:29:22	NETWORK	gxft	attempt=1	proxy=http://wiw4v7duaymysz9-session-e1f615b19f22-lifetime-10:***@rp.scrapegw.com:6060	ConnectionTimeoutError: Connection timeout to host https://discord.com/api/v9/unique-username/username-attempt-unauthed
2026-09-01 18:29:22	NETWORK	gxel	attempt=1	proxy=http://wiw4v7duaymysz9-session-627682c88018-lifetime-10:***@rp.scrapegw.com:6060	ConnectionTimeoutError: Connection timeout to host https://discord.com/api/v9/unique-username/username-attempt-unauthed
2026-09-01 18:29:22	NETWORK	gxdu	attempt=1	proxy=http://wiw4v7duaymysz9-session-f5b939b58264-lifetime-10:***@rp.scrapegw.com:6060	ConnectionTimeoutError: Connection timeout to host https://discord.com/api/v9/unique-username/username-attempt-unauthed
2026-09-01 18:29:22	NETWORK	gxjk	attempt=1	proxy=http://wiw4v7duaymysz9-session-420d778547d3-lifetime-10:***@rp.scrapegw.com:6060	ConnectionTimeoutError: Connection timeout to host https://discord.com/api/v9/unique-username/username-attempt-unauthed
2026-09-01 18:29:22	NETWORK	gxhw	attempt=1	proxy=http://wiw4v7duaymysz9-session-748c01e69f59-lifetime-10:***@rp.scrapegw.com:6060	ConnectionTimeoutError: Connection timeout to host https://discord.com/api/v9/unique-username/username-attempt-unauthed
2026-09-01 18:29:22	NETWORK	gxju	attempt=1	proxy=http://wiw4v7duaymysz9-session-2b63ae5f3d36-lifetime-10:***@rp.scrapegw.com:6060	ConnectionTimeoutError: Connection timeout to host https://discord.com/api/v9/unique-username/username-attempt-unauthed
2026-09-01 18:29:22	NETWORK	gxiv	attempt=1	proxy=http://wiw4v7duaymysz9-session-44854615c2a0-lifetime-10:***@rp.scrapegw.com:6060	ConnectionTimeoutError: Connection timeout to host https://discord.com/api/v9/unique-username/username-attempt-unauthed
2026-09-01 18:29:22	NETWORK	gxin	attempt=1	proxy=http://wiw4v7duaymysz9-session-779bb4a09f72-lifetime-10:***@rp.scrapegw.com:6060	ConnectionTimeoutError: Connection timeout to host https://discord.com/api/v9/unique-username/username-attempt-unauthed
2026-09-01 18:29:22	NETWORK	gxhp	attempt=1	proxy=http://wiw4v7duaymysz9-session-fb6e2b983fba-lifetime-10:***@rp.scrapegw.com:6060	ConnectionTimeoutError: Connection timeout to host https://discord.com/api/v9/unique-username/username-attempt-unauthed
2026-09-01 18:29:22	NETWORK	gxie	attempt=1	proxy=http://wiw4v7duaymysz9-session-b5c837780020-lifetime-10:***@rp.scrapegw.com:6060	ConnectionTimeoutError: Connection timeout to host https://discord.com/api/v9/unique-username/username-attempt-unauthed
2026-09-01 18:29:22	NETWORK	gxhq	attempt=1	proxy=http://wiw4v7duaymysz9-session-039286af2ceb-lifetime-10:***@rp.scrapegw.com:6060	ConnectionTimeoutError: Connection timeout to host https://discord.com/api/v9/unique-username/username-attempt-unauthed
2026-09-01 18:29:22	NETWORK	gxjd	attempt=1	proxy=http://wiw4v7duaymysz9-session-599e4ef8bf37-lifetime-10:***@rp.scrapegw.com:6060	ConnectionTimeoutError: Connection timeout to host https://discord.com/api/v9/unique-username/username-attempt-unauthed
2026-09-01 18:29:22	NETWORK	gxbp	attempt=1	proxy=http://wiw4v7duaymysz9-session-655a7784aae5-lifetime-10:***@rp.scrapegw.com:6060	ConnectionTimeoutError: Connection timeout to host https://discord.com/api/v9/unique-username/username-attempt-unauthed
2026-09-01 18:29:22	NETWORK	gxfz	attempt=1	proxy=http://wiw4v7duaymysz9-session-41215376b045-lifetime-10:***@rp.scrapegw.com:6060	ConnectionTimeoutError: Connection timeout to host https://discord.com/api/v9/unique-username/username-attempt-unauthed
2026-09-01 18:29:22	NETWORK	gxfg	attempt=1	proxy=http://wiw4v7duaymysz9-session-512f7a5fd5ac-lifetime-10:***@rp.scrapegw.com:6060	ConnectionTimeoutError: Connection timeout to host https://discord.com/api/v9/unique-username/username-attempt-unauthed
2026-09-01 18:29:22	NETWORK	gxfk	attempt=1	proxy=http://wiw4v7duaymysz9-session-ebd84bb49995-lifetime-10:***@rp.scrapegw.com:6060	ConnectionTimeoutError: Connection timeout to host https://discord.com/api/v9/unique-username/username-attempt-unauthed
2026-09-01 18:29:22	NETWORK	gxex	attempt=1	proxy=http://wiw4v7duaymysz9-session-5dbd8bf1b6e0-lifetime-10:***@rp.scrapegw.com:6060	ConnectionTimeoutError: Connection timeout to host https://discord.com/api/v9/unique-username/username-attempt-unauthed
2026-09-01 18:29:22	NETWORK	gxfe	attempt=1	proxy=http://wiw4v7duaymysz9-session-bbbe0beca63f-lifetime-10:***@rp.scrapegw.com:6060	ConnectionTimeoutError: Connection timeout to host https://discord.com/api/v9/unique-username/username-attempt-unauthed
2026-09-01 18:29:22	HTTP_429	gyez	attempt=1	proxy=http://wiw4v7duaymysz9-session-d68321157ba4-lifetime-10:***@rp.scrapegw.com:6060	scope=shared global=False retry_after=1189.00s
2026-09-01 18:29:23	HTTP_429	hauv	attempt=1	proxy=http://wiw4v7duaymysz9-session-ad223bcac5e5-lifetime-10:***@rp.scrapegw.com:6060	scope=shared global=False retry_after=2063.00s
2026-09-01 18:29:23	HTTP_429	gyip	attempt=1	proxy=http://wiw4v7duaymysz9-session-8507aa2144d6-lifetime-10:***@rp.scrapegw.com:6060	scope=shared global=False retry_after=753.00s
2026-09-01 18:29:23	NETWORK	gwdy	attempt=1	proxy=http://wiw4v7duaymysz9-session-45c3b9ad0717-lifetime-10:***@rp.scrapegw.com:6060	ServerDisconnectedError: Server disconnected
2026-09-01 18:29:23	NETWORK	gxqp	attempt=1	proxy=http://wiw4v7duaymysz9-session-a3ca6c62528b-lifetime-10:***@rp.scrapegw.com:6060	ConnectionTimeoutError: Connection timeout to host https://discord.com/api/v9/unique-username/username-attempt-unauthed
2026-09-01 18:29:23	NETWORK	gxoi	attempt=1	proxy=http://wiw4v7duaymysz9-session-a50785cacefa-lifetime-10:***@rp.scrapegw.com:6060	ConnectionTimeoutError: Connection timeout to host https://discord.com/api/v9/unique-username/username-attempt-unauthed
2026-09-01 18:29:23	NETWORK	gxqs	attempt=1	proxy=http://wiw4v7duaymysz9-session-b8eed3110744-lifetime-10:***@rp.scrapegw.com:6060	ConnectionTimeoutError: Connection timeout to host https://discord.com/api/v9/unique-username/username-attempt-unauthed
2026-09-01 18:29:23	NETWORK	gxnw	attempt=1	proxy=http://wiw4v7duaymysz9-session-8f7c2d10549d-lifetime-10:***@rp.scrapegw.com:6060	ConnectionTimeoutError: Connection timeout to host https://discord.com/api/v9/unique-username/username-attempt-unauthed
2026-09-01 18:29:23	NETWORK	gxpw	attempt=1	proxy=http://wiw4v7duaymysz9-session-91dcaa6eeaae-lifetime-10:***@rp.scrapegw.com:6060	ConnectionTimeoutError: Connection timeout to host https://discord.com/api/v9/unique-username/username-attempt-unauthed
2026-09-01 18:29:23	NETWORK	gxmq	attempt=1	proxy=http://wiw4v7duaymysz9-session-b38a2e2525fd-lifetime-10:***@rp.scrapegw.com:6060	ConnectionTimeoutError: Connection timeout to host https://discord.com/api/v9/unique-username/username-attempt-unauthed
2026-09-01 18:29:23	NETWORK	gxqg	attempt=1	proxy=http://wiw4v7duaymysz9-session-1008b5c95772-lifetime-10:***@rp.scrapegw.com:6060	ConnectionTimeoutError: Connection timeout to host https://discord.com/api/v9/unique-username/username-attempt-unauthed
2026-09-01 18:29:23	NETWORK	gxqd	attempt=1	proxy=http://wiw4v7duaymysz9-session-d077041f611e-lifetime-10:***@rp.scrapegw.com:6060	ConnectionTimeoutError: Connection timeout to host https://discord.com/api/v9/unique-username/username-attempt-unauthed
2026-09-01 18:29:23	NETWORK	gxpe	attempt=1	proxy=http://wiw4v7duaymysz9-session-773feb2a2878-lifetime-10:***@rp.scrapegw.com:6060	ConnectionTimeoutError: Connection timeout to host https://discord.com/api/v9/unique-username/username-attempt-unauthed
2026-09-01 18:29:23	NETWORK	gxog	attempt=1	proxy=http://wiw4v7duaymysz9-session-8748594d6337-lifetime-10:***@rp.scrapegw.com:6060	ConnectionTimeoutError: Connection timeout to host https://discord.com/api/v9/unique-username/username-attempt-unauthed
2026-09-01 18:29:23	NETWORK	gxkv	attempt=1	proxy=http://wiw4v7duaymysz9-session-e99126062f8c-lifetime-10:***@rp.scrapegw.com:6060	ConnectionTimeoutError: Connection timeout to host https://discord.com/api/v9/unique-username/username-attempt-unauthed
2026-09-01 18:29:23	NETWORK	gxor	attempt=1	proxy=http://wiw4v7duaymysz9-session-b8cf940ae71b-lifetime-10:***@rp.scrapegw.com:6060	ConnectionTimeoutError: Connection timeout to host https://discord.com/api/v9/unique-username/username-attempt-unauthed
2026-09-01 18:29:23	NETWORK	gxou	attempt=1	proxy=http://wiw4v7duaymysz9-session-ff6aaf5a5d87-lifetime-10:***@rp.scrapegw.com:6060	ConnectionTimeoutError: Connection timeout to host https://discord.com/api/v9/unique-username/username-attempt-unauthed
2026-09-01 18:29:23	NETWORK	gxnt	attempt=1	proxy=http://wiw4v7duaymysz9-session-e4cbd7bc20ed-lifetime-10:***@rp.scrapegw.com:6060	ConnectionTimeoutError: Connection timeout to host https://discord.com/api/v9/unique-username/username-attempt-unauthed
2026-09-01 18:29:23	NETWORK	gxne	attempt=1	proxy=http://wiw4v7duaymysz9-session-8cb90bcd2bac-lifetime-10:***@rp.scrapegw.com:6060	ConnectionTimeoutError: Connection timeout to host https://discord.com/api/v9/unique-username/username-attempt-unauthed
2026-09-01 18:29:23	NETWORK	gxmr	attempt=1	proxy=http://wiw4v7duaymysz9-session-98d9119a3f09-lifetime-10:***@rp.scrapegw.com:6060	ConnectionTimeoutError: Connection timeout to host https://discord.com/api/v9/unique-username/username-attempt-unauthed
2026-09-01 18:29:23	NETWORK	gxmn	attempt=1	proxy=http://wiw4v7duaymysz9-session-b84b63fdcd80-lifetime-10:***@rp.scrapegw.com:6060	ConnectionTimeoutError: Connection timeout to host https://discord.com/api/v9/unique-username/username-attempt-unauthed
2026-09-01 18:29:23	NETWORK	gxpm	attempt=1	proxy=http://wiw4v7duaymysz9-session-0300776953b5-lifetime-10:***@rp.scrapegw.com:6060	ConnectionTimeoutError: Connection timeout to host https://discord.com/api/v9/unique-username/username-attempt-unauthed
2026-09-01 18:29:23	NETWORK	gxmx	attempt=1	proxy=http://wiw4v7duaymysz9-session-e9924f22945b-lifetime-10:***@rp.scrapegw.com:6060	ConnectionTimeoutError: Connection timeout to host https://discord.com/api/v9/unique-username/username-attempt-unauthed
2026-09-01 18:29:23	NETWORK	gxku	attempt=1	proxy=http://wiw4v7duaymysz9-session-55c1ad998dd7-lifetime-10:***@rp.scrapegw.com:6060	ConnectionTimeoutError: Connection timeout to host https://discord.com/api/v9/unique-username/username-attempt-unauthed
2026-09-01 18:29:23	NETWORK	gxov	attempt=1	proxy=http://wiw4v7duaymysz9-session-532b4290675f-lifetime-10:***@rp.scrapegw.com:6060	ConnectionTimeoutError: Connection timeout to host https://discord.com/api/v9/unique-username/username-attempt-unauthed
2026-09-01 18:29:23	NETWORK	gxom	attempt=1	proxy=http://wiw4v7duaymysz9-session-f4dab427ee56-lifetime-10:***@rp.scrapegw.com:6060	ConnectionTimeoutError: Connection timeout to host https://discord.com/api/v9/unique-username/username-attempt-unauthed
2026-09-01 18:29:23	NETWORK	gxpn	attempt=1	proxy=http://wiw4v7duaymysz9-session-2c1c03cba5c7-lifetime-10:***@rp.scrapegw.com:6060	ConnectionTimeoutError: Connection timeout to host https://discord.com/api/v9/unique-username/username-attempt-unauthed
2026-09-01 18:29:23	NETWORK	gxny	attempt=1	proxy=http://wiw4v7duaymysz9-session-c742e6f698c8-lifetime-10:***@rp.scrapegw.com:6060	ConnectionTimeoutError: Connection timeout to host https://discord.com/api/v9/unique-username/username-attempt-unauthed
2026-09-01 18:29:23	NETWORK	gxkf	attempt=1	proxy=http://wiw4v7duaymysz9-session-6e7ee3cbd48c-lifetime-10:***@rp.scrapegw.com:6060	ConnectionTimeoutError: Connection timeout to host https://discord.com/api/v9/unique-username/username-attempt-unauthed
2026-09-01 18:29:23	NETWORK	gxlm	attempt=1	proxy=http://wiw4v7duaymysz9-session-07beadb26347-lifetime-10:***@rp.scrapegw.com:6060	ConnectionTimeoutError: Connection timeout to host https://discord.com/api/v9/unique-username/username-attempt-unauthed
2026-09-01 18:29:23	NETWORK	gxle	attempt=1	proxy=http://wiw4v7duaymysz9-session-951eb87dd8de-lifetime-10:***@rp.scrapegw.com:6060	ConnectionTimeoutError: Connection timeout to host https://discord.com/api/v9/unique-username/username-attempt-unauthed
2026-09-01 18:29:23	NETWORK	gxnn	attempt=1	proxy=http://wiw4v7duaymysz9-session-06cd9934111a-lifetime-10:***@rp.scrapegw.com:6060	ConnectionTimeoutError: Connection timeout to host https://discord.com/api/v9/unique-username/username-attempt-unauthed
2026-09-01 18:29:23	NETWORK	gxnf	attempt=1	proxy=http://wiw4v7duaymysz9-session-353437c66b49-lifetime-10:***@rp.scrapegw.com:6060	ConnectionTimeoutError: Connection timeout to host https://discord.com/api/v9/unique-username/username-attempt-unauthed
2026-09-01 18:29:23	NETWORK	gxmp	attempt=1	proxy=http://wiw4v7duaymysz9-session-6534b3150bf8-lifetime-10:***@rp.scrapegw.com:6060	ConnectionTimeoutError: Connection timeout to host https://discord.com/api/v9/unique-username/username-attempt-unauthed
2026-09-01 18:29:23	NETWORK	gxkg	attempt=1	proxy=http://wiw4v7duaymysz9-session-7ffc4197547a-lifetime-10:***@rp.scrapegw.com:6060	ConnectionTimeoutError: Connection timeout to host https://discord.com/api/v9/unique-username/username-attempt-unauthed
2026-09-01 18:29:23	NETWORK	gxmo	attempt=1	proxy=http://wiw4v7duaymysz9-session-581afb83ef18-lifetime-10:***@rp.scrapegw.com:6060	ConnectionTimeoutError: Connection timeout to host https://discord.com/api/v9/unique-username/username-attempt-unauthed
2026-09-01 18:29:23	NETWORK	gxlb	attempt=1	proxy=http://wiw4v7duaymysz9-session-b1ca475e721d-lifetime-10:***@rp.scrapegw.com:6060	ConnectionTimeoutError: Connection timeout to host https://discord.com/api/v9/unique-username/username-attempt-unauthed
2026-09-01 18:29:23	NETWORK	gxld	attempt=1	proxy=http://wiw4v7duaymysz9-session-4eb82221eb2c-lifetime-10:***@rp.scrapegw.com:6060	ConnectionTimeoutError: Connection timeout to host https://discord.com/api/v9/unique-username/username-attempt-unauthed
2026-09-01 18:29:23	NETWORK	gxmy	attempt=1	proxy=http://wiw4v7duaymysz9-session-65a86d77feb8-lifetime-10:***@rp.scrapegw.com:6060	ConnectionTimeoutError: Connection timeout to host https://discord.com/api/v9/unique-username/username-attempt-unauthed
2026-09-01 18:29:23	NETWORK	gxqn	attempt=1	proxy=http://wiw4v7duaymysz9-session-ba1cfdaffb59-lifetime-10:***@rp.scrapegw.com:6060	ConnectionTimeoutError: Connection timeout to host https://discord.com/api/v9/unique-username/username-attempt-unauthed
2026-09-01 18:29:24	HTTP_429	gzuj	attempt=1	proxy=http://wiw4v7duaymysz9-session-486c621ea4df-lifetime-10:***@rp.scrapegw.com:6060	scope=shared global=False retry_after=1992.00s
2026-09-01 18:29:24	HTTP_429	hbfp	attempt=1	proxy=http://wiw4v7duaymysz9-session-2539e541bdad-lifetime-10:***@rp.scrapegw.com:6060	scope=shared global=False retry_after=2060.00s
2026-09-01 18:29:24	HTTP_429	hbbt	attempt=1	proxy=http://wiw4v7duaymysz9-session-ffbd43222612-lifetime-10:***@rp.scrapegw.com:6060	scope=shared global=False retry_after=2060.00s
2026-09-01 18:29:24	NETWORK	gysi	attempt=1	proxy=http://wiw4v7duaymysz9-session-124544c5edad-lifetime-10:***@rp.scrapegw.com:6060	ClientConnectorCertificateError: Cannot connect to host discord.com:443 ssl:True [SSLCertVerificationError: (1, '[SSL: CERTIFICATE_VERIFY_FAILED] certificate verify failed: self-signed certificate (_ssl.c:1081)')]
2026-09-01 18:29:24	NETWORK	gxvy	attempt=1	proxy=http://wiw4v7duaymysz9-session-6f74c3ac6ed8-lifetime-10:***@rp.scrapegw.com:6060	ConnectionTimeoutError: Connection timeout to host https://discord.com/api/v9/unique-username/username-attempt-unauthed
2026-09-01 18:29:24	NETWORK	gxxh	attempt=1	proxy=http://wiw4v7duaymysz9-session-930ae3cad9fb-lifetime-10:***@rp.scrapegw.com:6060	ConnectionTimeoutError: Connection timeout to host https://discord.com/api/v9/unique-username/username-attempt-unauthed
2026-09-01 18:29:24	NETWORK	gxsf	attempt=1	proxy=http://wiw4v7duaymysz9-session-df2fbf67cf2f-lifetime-10:***@rp.scrapegw.com:6060	ConnectionTimeoutError: Connection timeout to host https://discord.com/api/v9/unique-username/username-attempt-unauthed
2026-09-01 18:29:24	NETWORK	gxva	attempt=1	proxy=http://wiw4v7duaymysz9-session-de15522ac676-lifetime-10:***@rp.scrapegw.com:6060	ConnectionTimeoutError: Connection timeout to host https://discord.com/api/v9/unique-username/username-attempt-unauthed
2026-09-01 18:29:24	NETWORK	gxwg	attempt=1	proxy=http://wiw4v7duaymysz9-session-a316e41fcaf9-lifetime-10:***@rp.scrapegw.com:6060	ConnectionTimeoutError: Connection timeout to host https://discord.com/api/v9/unique-username/username-attempt-unauthed
2026-09-01 18:29:24	NETWORK	gxrg	attempt=1	proxy=http://wiw4v7duaymysz9-session-a4537534a767-lifetime-10:***@rp.scrapegw.com:6060	ConnectionTimeoutError: Connection timeout to host https://discord.com/api/v9/unique-username/username-attempt-unauthed
2026-09-01 18:29:24	NETWORK	gxuv	attempt=1	proxy=http://wiw4v7duaymysz9-session-eabb3ed65e6d-lifetime-10:***@rp.scrapegw.com:6060	ConnectionTimeoutError: Connection timeout to host https://discord.com/api/v9/unique-username/username-attempt-unauthed
2026-09-01 18:29:24	NETWORK	gxtp	attempt=1	proxy=http://wiw4v7duaymysz9-session-b63844c7529e-lifetime-10:***@rp.scrapegw.com:6060	ConnectionTimeoutError: Connection timeout to host https://discord.com/api/v9/unique-username/username-attempt-unauthed
2026-09-01 18:29:24	NETWORK	gxus	attempt=1	proxy=http://wiw4v7duaymysz9-session-2243f894a4c9-lifetime-10:***@rp.scrapegw.com:6060	ConnectionTimeoutError: Connection timeout to host https://discord.com/api/v9/unique-username/username-attempt-unauthed
2026-09-01 18:29:24	NETWORK	gxwa	attempt=1	proxy=http://wiw4v7duaymysz9-session-d8b742b5f779-lifetime-10:***@rp.scrapegw.com:6060	ConnectionTimeoutError: Connection timeout to host https://discord.com/api/v9/unique-username/username-attempt-unauthed
2026-09-01 18:29:24	NETWORK	gxsk	attempt=1	proxy=http://wiw4v7duaymysz9-session-a77150ed7f27-lifetime-10:***@rp.scrapegw.com:6060	ConnectionTimeoutError: Connection timeout to host https://discord.com/api/v9/unique-username/username-attempt-unauthed
2026-09-01 18:29:24	NETWORK	gxrl	attempt=1	proxy=http://wiw4v7duaymysz9-session-5fc4e7b3fae0-lifetime-10:***@rp.scrapegw.com:6060	ConnectionTimeoutError: Connection timeout to host https://discord.com/api/v9/unique-username/username-attempt-unauthed
2026-09-01 18:29:24	NETWORK	gxvm	attempt=1	proxy=http://wiw4v7duaymysz9-session-e535c5b0c8da-lifetime-10:***@rp.scrapegw.com:6060	ConnectionTimeoutError: Connection timeout to host https://discord.com/api/v9/unique-username/username-attempt-unauthed
2026-09-01 18:29:24	NETWORK	gxqv	attempt=1	proxy=http://wiw4v7duaymysz9-session-8fe4b1d75f57-lifetime-10:***@rp.scrapegw.com:6060	ConnectionTimeoutError: Connection timeout to host https://discord.com/api/v9/unique-username/username-attempt-unauthed
2026-09-01 18:29:24	NETWORK	gxrw	attempt=1	proxy=http://wiw4v7duaymysz9-session-a38dfebd8663-lifetime-10:***@rp.scrapegw.com:6060	ConnectionTimeoutError: Connection timeout to host https://discord.com/api/v9/unique-username/username-attempt-unauthed
2026-09-01 18:29:24	NETWORK	gxwf	attempt=1	proxy=http://wiw4v7duaymysz9-session-4fb1500b3529-lifetime-10:***@rp.scrapegw.com:6060	ConnectionTimeoutError: Connection timeout to host https://discord.com/api/v9/unique-username/username-attempt-unauthed
2026-09-01 18:29:24	NETWORK	gxxd	attempt=1	proxy=http://wiw4v7duaymysz9-session-ad2fcaa5fa34-lifetime-10:***@rp.scrapegw.com:6060	ConnectionTimeoutError: Connection timeout to host https://discord.com/api/v9/unique-username/username-attempt-unauthed
2026-09-01 18:29:24	NETWORK	gxvc	attempt=1	proxy=http://wiw4v7duaymysz9-session-49378d9a1f1f-lifetime-10:***@rp.scrapegw.com:6060	ConnectionTimeoutError: Connection timeout to host https://discord.com/api/v9/unique-username/username-attempt-unauthed
2026-09-01 18:29:24	NETWORK	gxxg	attempt=1	proxy=http://wiw4v7duaymysz9-session-a1af8fa0fac0-lifetime-10:***@rp.scrapegw.com:6060	ConnectionTimeoutError: Connection timeout to host https://discord.com/api/v9/unique-username/username-attempt-unauthed
2026-09-01 18:29:24	NETWORK	gxtm	attempt=1	proxy=http://wiw4v7duaymysz9-session-f7af5c65525f-lifetime-10:***@rp.scrapegw.com:6060	ConnectionTimeoutError: Connection timeout to host https://discord.com/api/v9/unique-username/username-attempt-unauthed
2026-09-01 18:29:24	NETWORK	gxre	attempt=1	proxy=http://wiw4v7duaymysz9-session-19e564d0bfda-lifetime-10:***@rp.scrapegw.com:6060	ConnectionTimeoutError: Connection timeout to host https://discord.com/api/v9/unique-username/username-attempt-unauthed
2026-09-01 18:29:24	NETWORK	gxsm	attempt=1	proxy=http://wiw4v7duaymysz9-session-7bf0c985981c-lifetime-10:***@rp.scrapegw.com:6060	ConnectionTimeoutError: Connection timeout to host https://discord.com/api/v9/unique-username/username-attempt-unauthed
2026-09-01 18:29:24	NETWORK	gxsb	attempt=1	proxy=http://wiw4v7duaymysz9-session-4861b2e0d51c-lifetime-10:***@rp.scrapegw.com:6060	ConnectionTimeoutError: Connection timeout to host https://discord.com/api/v9/unique-username/username-attempt-unauthed
2026-09-01 18:29:24	NETWORK	gxuz	attempt=1	proxy=http://wiw4v7duaymysz9-session-715a23fecf8e-lifetime-10:***@rp.scrapegw.com:6060	ConnectionTimeoutError: Connection timeout to host https://discord.com/api/v9/unique-username/username-attempt-unauthed
2026-09-01 18:29:24	NETWORK	gxtk	attempt=1	proxy=http://wiw4v7duaymysz9-session-5759de0af664-lifetime-10:***@rp.scrapegw.com:6060	ConnectionTimeoutError: Connection timeout to host https://discord.com/api/v9/unique-username/username-attempt-unauthed
2026-09-01 18:29:24	NETWORK	gxru	attempt=1	proxy=http://wiw4v7duaymysz9-session-2898ba9fcadc-lifetime-10:***@rp.scrapegw.com:6060	ConnectionTimeoutError: Connection timeout to host https://discord.com/api/v9/unique-username/username-attempt-unauthed
2026-09-01 18:29:24	NETWORK	gxrv	attempt=1	proxy=http://wiw4v7duaymysz9-session-b0c13235972e-lifetime-10:***@rp.scrapegw.com:6060	ConnectionTimeoutError: Connection timeout to host https://discord.com/api/v9/unique-username/username-attempt-unauthed
2026-09-01 18:29:24	NETWORK	gxwz	attempt=1	proxy=http://wiw4v7duaymysz9-session-798b2e6ae34f-lifetime-10:***@rp.scrapegw.com:6060	ConnectionTimeoutError: Connection timeout to host https://discord.com/api/v9/unique-username/username-attempt-unauthed
2026-09-01 18:29:24	NETWORK	gxvl	attempt=1	proxy=http://wiw4v7duaymysz9-session-41482f3ec65b-lifetime-10:***@rp.scrapegw.com:6060	ConnectionTimeoutError: Connection timeout to host https://discord.com/api/v9/unique-username/username-attempt-unauthed
2026-09-01 18:29:24	NETWORK	gxum	attempt=1	proxy=http://wiw4v7duaymysz9-session-e48f5b871ad7-lifetime-10:***@rp.scrapegw.com:6060	ConnectionTimeoutError: Connection timeout to host https://discord.com/api/v9/unique-username/username-attempt-unauthed
2026-09-01 18:29:24	NETWORK	gxuk	attempt=1	proxy=http://wiw4v7duaymysz9-session-d2e17d81a89b-lifetime-10:***@rp.scrapegw.com:6060	ConnectionTimeoutError: Connection timeout to host https://discord.com/api/v9/unique-username/username-attempt-unauthed
2026-09-01 18:29:24	NETWORK	gxst	attempt=1	proxy=http://wiw4v7duaymysz9-session-bf3afab851fd-lifetime-10:***@rp.scrapegw.com:6060	ConnectionTimeoutError: Connection timeout to host https://discord.com/api/v9/unique-username/username-attempt-unauthed
2026-09-01 18:29:24	NETWORK	gxup	attempt=1	proxy=http://wiw4v7duaymysz9-session-14e4d651cc2b-lifetime-10:***@rp.scrapegw.com:6060	ConnectionTimeoutError: Connection timeout to host https://discord.com/api/v9/unique-username/username-attempt-unauthed
2026-09-01 18:29:25	HTTP_429	hbnx	attempt=1	proxy=http://wiw4v7duaymysz9-session-4eafe11a82c4-lifetime-10:***@rp.scrapegw.com:6060	scope=shared global=False retry_after=12.00s
2026-09-01 18:29:25	NETWORK	gyer	attempt=1	proxy=http://wiw4v7duaymysz9-session-363679267ced-lifetime-10:***@rp.scrapegw.com:6060	ConnectionTimeoutError: Connection timeout to host https://discord.com/api/v9/unique-username/username-attempt-unauthed
2026-09-01 18:29:25	NETWORK	gxzm	attempt=1	proxy=http://wiw4v7duaymysz9-session-91a9b658f44e-lifetime-10:***@rp.scrapegw.com:6060	ConnectionTimeoutError: Connection timeout to host https://discord.com/api/v9/unique-username/username-attempt-unauthed
2026-09-01 18:29:25	NETWORK	gybi	attempt=1	proxy=http://wiw4v7duaymysz9-session-5ea451ff1883-lifetime-10:***@rp.scrapegw.com:6060	ConnectionTimeoutError: Connection timeout to host https://discord.com/api/v9/unique-username/username-attempt-unauthed
2026-09-01 18:29:25	NETWORK	gydx	attempt=1	proxy=http://wiw4v7duaymysz9-session-e3be81d5341b-lifetime-10:***@rp.scrapegw.com:6060	ConnectionTimeoutError: Connection timeout to host https://discord.com/api/v9/unique-username/username-attempt-unauthed
2026-09-01 18:29:25	NETWORK	gydt	attempt=1	proxy=http://wiw4v7duaymysz9-session-e7eeae1eeaef-lifetime-10:***@rp.scrapegw.com:6060	ConnectionTimeoutError: Connection timeout to host https://discord.com/api/v9/unique-username/username-attempt-unauthed
2026-09-01 18:29:25	NETWORK	gyaw	attempt=1	proxy=http://wiw4v7duaymysz9-session-65583859991b-lifetime-10:***@rp.scrapegw.com:6060	ConnectionTimeoutError: Connection timeout to host https://discord.com/api/v9/unique-username/username-attempt-unauthed
2026-09-01 18:29:25	NETWORK	gydg	attempt=1	proxy=http://wiw4v7duaymysz9-session-db40df3b3f5d-lifetime-10:***@rp.scrapegw.com:6060	ConnectionTimeoutError: Connection timeout to host https://discord.com/api/v9/unique-username/username-attempt-unauthed
2026-09-01 18:29:25	NETWORK	gyee	attempt=1	proxy=http://wiw4v7duaymysz9-session-66d60f9e348a-lifetime-10:***@rp.scrapegw.com:6060	ConnectionTimeoutError: Connection timeout to host https://discord.com/api/v9/unique-username/username-attempt-unauthed
2026-09-01 18:29:25	NETWORK	gyet	attempt=1	proxy=http://wiw4v7duaymysz9-session-d6d53d60d767-lifetime-10:***@rp.scrapegw.com:6060	ConnectionTimeoutError: Connection timeout to host https://discord.com/api/v9/unique-username/username-attempt-unauthed
2026-09-01 18:29:25	NETWORK	gyao	attempt=1	proxy=http://wiw4v7duaymysz9-session-ba6dca92c3c9-lifetime-10:***@rp.scrapegw.com:6060	ConnectionTimeoutError: Connection timeout to host https://discord.com/api/v9/unique-username/username-attempt-unauthed
2026-09-01 18:29:25	NETWORK	gyac	attempt=1	proxy=http://wiw4v7duaymysz9-session-6c665cbac6be-lifetime-10:***@rp.scrapegw.com:6060	ConnectionTimeoutError: Connection timeout to host https://discord.com/api/v9/unique-username/username-attempt-unauthed
2026-09-01 18:29:25	NETWORK	gyar	attempt=1	proxy=http://wiw4v7duaymysz9-session-90266f3b69cb-lifetime-10:***@rp.scrapegw.com:6060	ConnectionTimeoutError: Connection timeout to host https://discord.com/api/v9/unique-username/username-attempt-unauthed
2026-09-01 18:29:25	NETWORK	gycj	attempt=1	proxy=http://wiw4v7duaymysz9-session-eb38044553ca-lifetime-10:***@rp.scrapegw.com:6060	ConnectionTimeoutError: Connection timeout to host https://discord.com/api/v9/unique-username/username-attempt-unauthed
2026-09-01 18:29:25	NETWORK	gycn	attempt=1	proxy=http://wiw4v7duaymysz9-session-a53a395eedd2-lifetime-10:***@rp.scrapegw.com:6060	ConnectionTimeoutError: Connection timeout to host https://discord.com/api/v9/unique-username/username-attempt-unauthed
2026-09-01 18:29:25	NETWORK	gxzh	attempt=1	proxy=http://wiw4v7duaymysz9-session-b953cd9d3774-lifetime-10:***@rp.scrapegw.com:6060	ConnectionTimeoutError: Connection timeout to host https://discord.com/api/v9/unique-username/username-attempt-unauthed
2026-09-01 18:29:25	NETWORK	gybp	attempt=1	proxy=http://wiw4v7duaymysz9-session-179d3ca6bdbc-lifetime-10:***@rp.scrapegw.com:6060	ConnectionTimeoutError: Connection timeout to host https://discord.com/api/v9/unique-username/username-attempt-unauthed
2026-09-01 18:29:25	NETWORK	gycx	attempt=1	proxy=http://wiw4v7duaymysz9-session-9c1922590220-lifetime-10:***@rp.scrapegw.com:6060	ConnectionTimeoutError: Connection timeout to host https://discord.com/api/v9/unique-username/username-attempt-unauthed
2026-09-01 18:29:25	NETWORK	gxzf	attempt=1	proxy=http://wiw4v7duaymysz9-session-81b00fd8c5a6-lifetime-10:***@rp.scrapegw.com:6060	ConnectionTimeoutError: Connection timeout to host https://discord.com/api/v9/unique-username/username-attempt-unauthed
2026-09-01 18:29:25	NETWORK	gyct	attempt=1	proxy=http://wiw4v7duaymysz9-session-dd61badc0234-lifetime-10:***@rp.scrapegw.com:6060	ConnectionTimeoutError: Connection timeout to host https://discord.com/api/v9/unique-username/username-attempt-unauthed
2026-09-01 18:29:25	NETWORK	gydz	attempt=1	proxy=http://wiw4v7duaymysz9-session-f92bc30a0066-lifetime-10:***@rp.scrapegw.com:6060	ConnectionTimeoutError: Connection timeout to host https://discord.com/api/v9/unique-username/username-attempt-unauthed
2026-09-01 18:29:25	NETWORK	gycy	attempt=1	proxy=http://wiw4v7duaymysz9-session-41f43a4dd548-lifetime-10:***@rp.scrapegw.com:6060	ConnectionTimeoutError: Connection timeout to host https://discord.com/api/v9/unique-username/username-attempt-unauthed
2026-09-01 18:29:25	NETWORK	gyad	attempt=1	proxy=http://wiw4v7duaymysz9-session-45c3b9ad0717-lifetime-10:***@rp.scrapegw.com:6060	ConnectionTimeoutError: Connection timeout to host https://discord.com/api/v9/unique-username/username-attempt-unauthed
2026-09-01 18:29:25	NETWORK	gxxw	attempt=1	proxy=http://wiw4v7duaymysz9-session-9eb0aef2bbb1-lifetime-10:***@rp.scrapegw.com:6060	ConnectionTimeoutError: Connection timeout to host https://discord.com/api/v9/unique-username/username-attempt-unauthed
2026-09-01 18:29:25	NETWORK	gyev	attempt=1	proxy=http://wiw4v7duaymysz9-session-336bbcdbacf1-lifetime-10:***@rp.scrapegw.com:6060	ConnectionTimeoutError: Connection timeout to host https://discord.com/api/v9/unique-username/username-attempt-unauthed
2026-09-01 18:29:25	NETWORK	gyap	attempt=1	proxy=http://wiw4v7duaymysz9-session-fb0a5c3aaa8b-lifetime-10:***@rp.scrapegw.com:6060	ConnectionTimeoutError: Connection timeout to host https://discord.com/api/v9/unique-username/username-attempt-unauthed
2026-09-01 18:29:25	NETWORK	gybg	attempt=1	proxy=http://wiw4v7duaymysz9-session-ed9748614e11-lifetime-10:***@rp.scrapegw.com:6060	ConnectionTimeoutError: Connection timeout to host https://discord.com/api/v9/unique-username/username-attempt-unauthed
2026-09-01 18:29:25	NETWORK	gydh	attempt=1	proxy=http://wiw4v7duaymysz9-session-f68af4427daf-lifetime-10:***@rp.scrapegw.com:6060	ConnectionTimeoutError: Connection timeout to host https://discord.com/api/v9/unique-username/username-attempt-unauthed
2026-09-01 18:29:25	NETWORK	gycc	attempt=1	proxy=http://wiw4v7duaymysz9-session-a5c0431ce1d2-lifetime-10:***@rp.scrapegw.com:6060	ConnectionTimeoutError: Connection timeout to host https://discord.com/api/v9/unique-username/username-attempt-unauthed
2026-09-01 18:29:25	NETWORK	gydp	attempt=1	proxy=http://wiw4v7duaymysz9-session-8558686ab44e-lifetime-10:***@rp.scrapegw.com:6060	ConnectionTimeoutError: Connection timeout to host https://discord.com/api/v9/unique-username/username-attempt-unauthed
2026-09-01 18:29:25	NETWORK	gyec	attempt=1	proxy=http://wiw4v7duaymysz9-session-cd1b526e5f8a-lifetime-10:***@rp.scrapegw.com:6060	ConnectionTimeoutError: Connection timeout to host https://discord.com/api/v9/unique-username/username-attempt-unauthed
2026-09-01 18:29:25	NETWORK	gybn	attempt=1	proxy=http://wiw4v7duaymysz9-session-51189ce0ea4c-lifetime-10:***@rp.scrapegw.com:6060	ConnectionTimeoutError: Connection timeout to host https://discord.com/api/v9/unique-username/username-attempt-unauthed
2026-09-01 18:29:25	NETWORK	gxyv	attempt=1	proxy=http://wiw4v7duaymysz9-session-9df4e06b5eb5-lifetime-10:***@rp.scrapegw.com:6060	ConnectionTimeoutError: Connection timeout to host https://discord.com/api/v9/unique-username/username-attempt-unauthed
2026-09-01 18:29:25	NETWORK	gyeg	attempt=1	proxy=http://wiw4v7duaymysz9-session-efd806d93da8-lifetime-10:***@rp.scrapegw.com:6060	ConnectionTimeoutError: Connection timeout to host https://discord.com/api/v9/unique-username/username-attempt-unauthed
2026-09-01 18:29:25	NETWORK	gxxy	attempt=1	proxy=http://wiw4v7duaymysz9-session-5afb47b0b0d2-lifetime-10:***@rp.scrapegw.com:6060	ConnectionTimeoutError: Connection timeout to host https://discord.com/api/v9/unique-username/username-attempt-unauthed
2026-09-01 18:29:25	NETWORK	gyci	attempt=1	proxy=http://wiw4v7duaymysz9-session-224bab95d9a3-lifetime-10:***@rp.scrapegw.com:6060	ConnectionTimeoutError: Connection timeout to host https://discord.com/api/v9/unique-username/username-attempt-unauthed
2026-09-01 18:29:25	NETWORK	gyca	attempt=1	proxy=http://wiw4v7duaymysz9-session-3ab0735dbfe8-lifetime-10:***@rp.scrapegw.com:6060	ConnectionTimeoutError: Connection timeout to host https://discord.com/api/v9/unique-username/username-attempt-unauthed
2026-09-01 18:29:25	NETWORK	gyaa	attempt=1	proxy=http://wiw4v7duaymysz9-session-650447596bb7-lifetime-10:***@rp.scrapegw.com:6060	ConnectionTimeoutError: Connection timeout to host https://discord.com/api/v9/unique-username/username-attempt-unauthed
2026-09-01 18:29:25	NETWORK	gxys	attempt=1	proxy=http://wiw4v7duaymysz9-session-c86f321b6f7b-lifetime-10:***@rp.scrapegw.com:6060	ConnectionTimeoutError: Connection timeout to host https://discord.com/api/v9/unique-username/username-attempt-unauthed
2026-09-01 18:29:25	NETWORK	gxzs	attempt=1	proxy=http://wiw4v7duaymysz9-session-3f96416b95bd-lifetime-10:***@rp.scrapegw.com:6060	ConnectionTimeoutError: Connection timeout to host https://discord.com/api/v9/unique-username/username-attempt-unauthed
2026-09-01 18:29:25	NETWORK	gyel	attempt=1	proxy=http://wiw4v7duaymysz9-session-b9d21eb77b29-lifetime-10:***@rp.scrapegw.com:6060	ConnectionTimeoutError: Connection timeout to host https://discord.com/api/v9/unique-username/username-attempt-unauthed
2026-09-01 18:29:25	HTTP_429	hbpk	attempt=1	proxy=http://wiw4v7duaymysz9-session-780ef146c158-lifetime-10:***@rp.scrapegw.com:6060	scope=shared global=False retry_after=371.00s
2026-09-01 18:29:25	HTTP_429	hbpe	attempt=1	proxy=http://wiw4v7duaymysz9-session-4b2a63195d0a-lifetime-10:***@rp.scrapegw.com:6060	scope=shared global=False retry_after=2059.00s
2026-09-01 18:29:25	HTTP_429	hbsq	attempt=1	proxy=http://wiw4v7duaymysz9-session-833ffca8ac03-lifetime-10:***@rp.scrapegw.com:6060	scope=shared global=False retry_after=1535.00s
2026-09-01 18:29:26	HTTP_429	hbrg	attempt=1	proxy=http://wiw4v7duaymysz9-session-8d11fd77b3e5-lifetime-10:***@rp.scrapegw.com:6060	scope=shared global=False retry_after=2063.00s
2026-09-01 18:29:26	HTTP_429	hbpu	attempt=1	proxy=http://wiw4v7duaymysz9-session-c62d10ed6186-lifetime-10:***@rp.scrapegw.com:6060	scope=shared global=False retry_after=2057.00s
2026-09-01 18:29:26	HTTP_429	hbpw	attempt=1	proxy=http://wiw4v7duaymysz9-session-1836a6a9537f-lifetime-10:***@rp.scrapegw.com:6060	scope=shared global=False retry_after=2059.00s
2026-09-01 18:29:26	HTTP_429	hbsd	attempt=1	proxy=http://wiw4v7duaymysz9-session-2397385af488-lifetime-10:***@rp.scrapegw.com:6060	scope=shared global=False retry_after=2058.00s
2026-09-01 18:29:26	HTTP_429	hbpz	attempt=1	proxy=http://wiw4v7duaymysz9-session-a25d86d7003b-lifetime-10:***@rp.scrapegw.com:6060	scope=shared global=False retry_after=2059.00s
2026-09-01 18:29:26	HTTP_429	hbvh	attempt=1	proxy=http://wiw4v7duaymysz9-session-315174d62ddb-lifetime-10:***@rp.scrapegw.com:6060	scope=shared global=False retry_after=2061.00s
2026-09-01 18:29:26	NETWORK	gzfs	attempt=1	proxy=http://wiw4v7duaymysz9-session-6dbf3ba35f02-lifetime-10:***@rp.scrapegw.com:6060	ClientConnectorSSLError: Cannot connect to host discord.com:443 ssl:default [[SSL: RECORD_LAYER_FAILURE] record layer failure (_ssl.c:1081)]
2026-09-01 18:29:26	HTTP_429	gyph	attempt=1	proxy=http://wiw4v7duaymysz9-session-be85a771bddd-lifetime-10:***@rp.scrapegw.com:6060	scope=shared global=False retry_after=332.00s
2026-09-01 18:29:26	NETWORK	gyfw	attempt=1	proxy=http://wiw4v7duaymysz9-session-0c42a65c361e-lifetime-10:***@rp.scrapegw.com:6060	ConnectionTimeoutError: Connection timeout to host https://discord.com/api/v9/unique-username/username-attempt-unauthed
2026-09-01 18:29:26	NETWORK	gynb	attempt=1	proxy=http://wiw4v7duaymysz9-session-7eecff915403-lifetime-10:***@rp.scrapegw.com:6060	ConnectionTimeoutError: Connection timeout to host https://discord.com/api/v9/unique-username/username-attempt-unauthed
2026-09-01 18:29:26	NETWORK	gyhu	attempt=1	proxy=http://wiw4v7duaymysz9-session-9595bbd53923-lifetime-10:***@rp.scrapegw.com:6060	ConnectionTimeoutError: Connection timeout to host https://discord.com/api/v9/unique-username/username-attempt-unauthed
2026-09-01 18:29:26	NETWORK	gykx	attempt=1	proxy=http://wiw4v7duaymysz9-session-4e52916edaee-lifetime-10:***@rp.scrapegw.com:6060	ConnectionTimeoutError: Connection timeout to host https://discord.com/api/v9/unique-username/username-attempt-unauthed
2026-09-01 18:29:26	NETWORK	gyji	attempt=1	proxy=http://wiw4v7duaymysz9-session-93f7e7500523-lifetime-10:***@rp.scrapegw.com:6060	ConnectionTimeoutError: Connection timeout to host https://discord.com/api/v9/unique-username/username-attempt-unauthed
2026-09-01 18:29:26	NETWORK	gyjh	attempt=1	proxy=http://wiw4v7duaymysz9-session-32f812a99e17-lifetime-10:***@rp.scrapegw.com:6060	ConnectionTimeoutError: Connection timeout to host https://discord.com/api/v9/unique-username/username-attempt-unauthed
2026-09-01 18:29:26	NETWORK	gyjd	attempt=1	proxy=http://wiw4v7duaymysz9-session-952713c54acc-lifetime-10:***@rp.scrapegw.com:6060	ConnectionTimeoutError: Connection timeout to host https://discord.com/api/v9/unique-username/username-attempt-unauthed
2026-09-01 18:29:26	NETWORK	gykf	attempt=1	proxy=http://wiw4v7duaymysz9-session-5fc08aa5f2d6-lifetime-10:***@rp.scrapegw.com:6060	ConnectionTimeoutError: Connection timeout to host https://discord.com/api/v9/unique-username/username-attempt-unauthed
2026-09-01 18:29:26	NETWORK	gyio	attempt=1	proxy=http://wiw4v7duaymysz9-session-68f9224160f7-lifetime-10:***@rp.scrapegw.com:6060	ConnectionTimeoutError: Connection timeout to host https://discord.com/api/v9/unique-username/username-attempt-unauthed
2026-09-01 18:29:26	NETWORK	gyij	attempt=1	proxy=http://wiw4v7duaymysz9-session-4f91028a9848-lifetime-10:***@rp.scrapegw.com:6060	ConnectionTimeoutError: Connection timeout to host https://discord.com/api/v9/unique-username/username-attempt-unauthed
2026-09-01 18:29:26	NETWORK	gygz	attempt=1	proxy=http://wiw4v7duaymysz9-session-c65ce3ec19eb-lifetime-10:***@rp.scrapegw.com:6060	ConnectionTimeoutError: Connection timeout to host https://discord.com/api/v9/unique-username/username-attempt-unauthed
2026-09-01 18:29:26	NETWORK	gygv	attempt=1	proxy=http://wiw4v7duaymysz9-session-574cf93cd7bb-lifetime-10:***@rp.scrapegw.com:6060	ConnectionTimeoutError: Connection timeout to host https://discord.com/api/v9/unique-username/username-attempt-unauthed
2026-09-01 18:29:26	NETWORK	gygg	attempt=1	proxy=http://wiw4v7duaymysz9-session-b54be34df7ce-lifetime-10:***@rp.scrapegw.com:6060	ConnectionTimeoutError: Connection timeout to host https://discord.com/api/v9/unique-username/username-attempt-unauthed
2026-09-01 18:29:26	NETWORK	gyge	attempt=1	proxy=http://wiw4v7duaymysz9-session-157308b53ac8-lifetime-10:***@rp.scrapegw.com:6060	ConnectionTimeoutError: Connection timeout to host https://discord.com/api/v9/unique-username/username-attempt-unauthed
2026-09-01 18:29:26	NETWORK	gylh	attempt=1	proxy=http://wiw4v7duaymysz9-session-f6772ae212a6-lifetime-10:***@rp.scrapegw.com:6060	ConnectionTimeoutError: Connection timeout to host https://discord.com/api/v9/unique-username/username-attempt-unauthed
2026-09-01 18:29:26	NETWORK	gyhx	attempt=1	proxy=http://wiw4v7duaymysz9-session-3d06053b695b-lifetime-10:***@rp.scrapegw.com:6060	ConnectionTimeoutError: Connection timeout to host https://discord.com/api/v9/unique-username/username-attempt-unauthed
2026-09-01 18:29:26	NETWORK	gyhn	attempt=1	proxy=http://wiw4v7duaymysz9-session-144f6f398c0f-lifetime-10:***@rp.scrapegw.com:6060	ConnectionTimeoutError: Connection timeout to host https://discord.com/api/v9/unique-username/username-attempt-unauthed
2026-09-01 18:29:26	NETWORK	gyhj	attempt=1	proxy=http://wiw4v7duaymysz9-session-a023ae9bf0d3-lifetime-10:***@rp.scrapegw.com:6060	ConnectionTimeoutError: Connection timeout to host https://discord.com/api/v9/unique-username/username-attempt-unauthed
2026-09-01 18:29:26	NETWORK	gyju	attempt=1	proxy=http://wiw4v7duaymysz9-session-c7888dced8e3-lifetime-10:***@rp.scrapegw.com:6060	ConnectionTimeoutError: Connection timeout to host https://discord.com/api/v9/unique-username/username-attempt-unauthed
2026-09-01 18:29:26	NETWORK	gyit	attempt=1	proxy=http://wiw4v7duaymysz9-session-28d16d34ffd7-lifetime-10:***@rp.scrapegw.com:6060	ConnectionTimeoutError: Connection timeout to host https://discord.com/api/v9/unique-username/username-attempt-unauthed
2026-09-01 18:29:26	NETWORK	gyiq	attempt=1	proxy=http://wiw4v7duaymysz9-session-d605cbe159d4-lifetime-10:***@rp.scrapegw.com:6060	ConnectionTimeoutError: Connection timeout to host https://discord.com/api/v9/unique-username/username-attempt-unauthed
2026-09-01 18:29:26	NETWORK	gyhb	attempt=1	proxy=http://wiw4v7duaymysz9-session-dda0383c7bf3-lifetime-10:***@rp.scrapegw.com:6060	ConnectionTimeoutError: Connection timeout to host https://discord.com/api/v9/unique-username/username-attempt-unauthed
2026-09-01 18:29:26	NETWORK	gygl	attempt=1	proxy=http://wiw4v7duaymysz9-session-8d302d0dbc54-lifetime-10:***@rp.scrapegw.com:6060	ConnectionTimeoutError: Connection timeout to host https://discord.com/api/v9/unique-username/username-attempt-unauthed
2026-09-01 18:29:26	NETWORK	gync	attempt=1	proxy=http://wiw4v7duaymysz9-session-d2d7485ceb4c-lifetime-10:***@rp.scrapegw.com:6060	ConnectionTimeoutError: Connection timeout to host https://discord.com/api/v9/unique-username/username-attempt-unauthed
2026-09-01 18:29:26	NETWORK	gyna	attempt=1	proxy=http://wiw4v7duaymysz9-session-e61c10cd6d01-lifetime-10:***@rp.scrapegw.com:6060	ConnectionTimeoutError: Connection timeout to host https://discord.com/api/v9/unique-username/username-attempt-unauthed
2026-09-01 18:29:26	NETWORK	gyks	attempt=1	proxy=http://wiw4v7duaymysz9-session-5253cbf4ea04-lifetime-10:***@rp.scrapegw.com:6060	ConnectionTimeoutError: Connection timeout to host https://discord.com/api/v9/unique-username/username-attempt-unauthed
2026-09-01 18:29:26	NETWORK	gyko	attempt=1	proxy=http://wiw4v7duaymysz9-session-f30061e97785-lifetime-10:***@rp.scrapegw.com:6060	ConnectionTimeoutError: Connection timeout to host https://discord.com/api/v9/unique-username/username-attempt-unauthed
2026-09-01 18:29:26	NETWORK	gykg	attempt=1	proxy=http://wiw4v7duaymysz9-session-4e75e94a8759-lifetime-10:***@rp.scrapegw.com:6060	ConnectionTimeoutError: Connection timeout to host https://discord.com/api/v9/unique-username/username-attempt-unauthed
2026-09-01 18:29:26	NETWORK	gyje	attempt=1	proxy=http://wiw4v7duaymysz9-session-a6fff77230f9-lifetime-10:***@rp.scrapegw.com:6060	ConnectionTimeoutError: Connection timeout to host https://discord.com/api/v9/unique-username/username-attempt-unauthed
2026-09-01 18:29:26	NETWORK	gyhm	attempt=1	proxy=http://wiw4v7duaymysz9-session-021beb4ddecb-lifetime-10:***@rp.scrapegw.com:6060	ConnectionTimeoutError: Connection timeout to host https://discord.com/api/v9/unique-username/username-attempt-unauthed
2026-09-01 18:29:27	HTTP_429	hbyw	attempt=1	proxy=http://wiw4v7duaymysz9-session-82694808dbe2-lifetime-10:***@rp.scrapegw.com:6060	scope=shared global=False retry_after=1386.00s
2026-09-01 18:29:27	HTTP_429	hcbc	attempt=1	proxy=http://wiw4v7duaymysz9-session-11d51196b444-lifetime-10:***@rp.scrapegw.com:6060	scope=shared global=False retry_after=1040.00s
2026-09-01 18:29:27	NETWORK	gyox	attempt=1	proxy=http://wiw4v7duaymysz9-session-ffd298becdbc-lifetime-10:***@rp.scrapegw.com:6060	ClientConnectorError: Cannot connect to host discord.com:443 ssl:default [Connection reset by peer]
2026-09-01 18:29:27	NETWORK	gysj	attempt=1	proxy=http://wiw4v7duaymysz9-session-07956a149598-lifetime-10:***@rp.scrapegw.com:6060	ConnectionTimeoutError: Connection timeout to host https://discord.com/api/v9/unique-username/username-attempt-unauthed
2026-09-01 18:29:27	NETWORK	gypf	attempt=1	proxy=http://wiw4v7duaymysz9-session-d20f980afbcf-lifetime-10:***@rp.scrapegw.com:6060	ConnectionTimeoutError: Connection timeout to host https://discord.com/api/v9/unique-username/username-attempt-unauthed
2026-09-01 18:29:27	NETWORK	gynu	attempt=1	proxy=http://wiw4v7duaymysz9-session-8181a370a576-lifetime-10:***@rp.scrapegw.com:6060	ConnectionTimeoutError: Connection timeout to host https://discord.com/api/v9/unique-username/username-attempt-unauthed
2026-09-01 18:29:27	NETWORK	gytt	attempt=1	proxy=http://wiw4v7duaymysz9-session-a490b5bd55c2-lifetime-10:***@rp.scrapegw.com:6060	ConnectionTimeoutError: Connection timeout to host https://discord.com/api/v9/unique-username/username-attempt-unauthed
2026-09-01 18:29:27	NETWORK	gysc	attempt=1	proxy=http://wiw4v7duaymysz9-session-f24292973926-lifetime-10:***@rp.scrapegw.com:6060	ConnectionTimeoutError: Connection timeout to host https://discord.com/api/v9/unique-username/username-attempt-unauthed
2026-09-01 18:29:27	NETWORK	gyrk	attempt=1	proxy=http://wiw4v7duaymysz9-session-70c81356e5a3-lifetime-10:***@rp.scrapegw.com:6060	ConnectionTimeoutError: Connection timeout to host https://discord.com/api/v9/unique-username/username-attempt-unauthed
2026-09-01 18:29:27	NETWORK	gyqa	attempt=1	proxy=http://wiw4v7duaymysz9-session-607db56aeaa9-lifetime-10:***@rp.scrapegw.com:6060	ConnectionTimeoutError: Connection timeout to host https://discord.com/api/v9/unique-username/username-attempt-unauthed
2026-09-01 18:29:27	NETWORK	gyof	attempt=1	proxy=http://wiw4v7duaymysz9-session-cbb9f36e9855-lifetime-10:***@rp.scrapegw.com:6060	ConnectionTimeoutError: Connection timeout to host https://discord.com/api/v9/unique-username/username-attempt-unauthed
2026-09-01 18:29:27	NETWORK	gypj	attempt=1	proxy=http://wiw4v7duaymysz9-session-8d71519f7b73-lifetime-10:***@rp.scrapegw.com:6060	ConnectionTimeoutError: Connection timeout to host https://discord.com/api/v9/unique-username/username-attempt-unauthed
2026-09-01 18:29:27	NETWORK	gytd	attempt=1	proxy=http://wiw4v7duaymysz9-session-cce48556a030-lifetime-10:***@rp.scrapegw.com:6060	ConnectionTimeoutError: Connection timeout to host https://discord.com/api/v9/unique-username/username-attempt-unauthed
2026-09-01 18:29:27	NETWORK	gytk	attempt=1	proxy=http://wiw4v7duaymysz9-session-f89602b8df8a-lifetime-10:***@rp.scrapegw.com:6060	ConnectionTimeoutError: Connection timeout to host https://discord.com/api/v9/unique-username/username-attempt-unauthed
2026-09-01 18:29:27	NETWORK	gyss	attempt=1	proxy=http://wiw4v7duaymysz9-session-08cbe10271bd-lifetime-10:***@rp.scrapegw.com:6060	ConnectionTimeoutError: Connection timeout to host https://discord.com/api/v9/unique-username/username-attempt-unauthed
2026-09-01 18:29:27	NETWORK	gysp	attempt=1	proxy=http://wiw4v7duaymysz9-session-e39026c23523-lifetime-10:***@rp.scrapegw.com:6060	ConnectionTimeoutError: Connection timeout to host https://discord.com/api/v9/unique-username/username-attempt-unauthed
2026-09-01 18:29:27	NETWORK	gyry	attempt=1	proxy=http://wiw4v7duaymysz9-session-5ec205ad737b-lifetime-10:***@rp.scrapegw.com:6060	ConnectionTimeoutError: Connection timeout to host https://discord.com/api/v9/unique-username/username-attempt-unauthed
2026-09-01 18:29:27	NETWORK	gyrl	attempt=1	proxy=http://wiw4v7duaymysz9-session-721a15899993-lifetime-10:***@rp.scrapegw.com:6060	ConnectionTimeoutError: Connection timeout to host https://discord.com/api/v9/unique-username/username-attempt-unauthed
2026-09-01 18:29:27	NETWORK	gyqr	attempt=1	proxy=http://wiw4v7duaymysz9-session-57be82d3c5da-lifetime-10:***@rp.scrapegw.com:6060	ConnectionTimeoutError: Connection timeout to host https://discord.com/api/v9/unique-username/username-attempt-unauthed
2026-09-01 18:29:27	NETWORK	gyrh	attempt=1	proxy=http://wiw4v7duaymysz9-session-2e0365ef689d-lifetime-10:***@rp.scrapegw.com:6060	ConnectionTimeoutError: Connection timeout to host https://discord.com/api/v9/unique-username/username-attempt-unauthed
2026-09-01 18:29:27	NETWORK	gysd	attempt=1	proxy=http://wiw4v7duaymysz9-session-005ed1f11c2d-lifetime-10:***@rp.scrapegw.com:6060	ConnectionTimeoutError: Connection timeout to host https://discord.com/api/v9/unique-username/username-attempt-unauthed
2026-09-01 18:29:27	NETWORK	gypc	attempt=1	proxy=http://wiw4v7duaymysz9-session-08026cec489f-lifetime-10:***@rp.scrapegw.com:6060	ConnectionTimeoutError: Connection timeout to host https://discord.com/api/v9/unique-username/username-attempt-unauthed
2026-09-01 18:29:27	NETWORK	gyts	attempt=1	proxy=http://wiw4v7duaymysz9-session-5372e381f6cd-lifetime-10:***@rp.scrapegw.com:6060	ConnectionTimeoutError: Connection timeout to host https://discord.com/api/v9/unique-username/username-attempt-unauthed
2026-09-01 18:29:27	NETWORK	gypd	attempt=1	proxy=http://wiw4v7duaymysz9-session-5900bdb8a047-lifetime-10:***@rp.scrapegw.com:6060	ConnectionTimeoutError: Connection timeout to host https://discord.com/api/v9/unique-username/username-attempt-unauthed
2026-09-01 18:29:27	NETWORK	gyns	attempt=1	proxy=http://wiw4v7duaymysz9-session-81903af7cd5e-lifetime-10:***@rp.scrapegw.com:6060	ConnectionTimeoutError: Connection timeout to host https://discord.com/api/v9/unique-username/username-attempt-unauthed
2026-09-01 18:29:27	NETWORK	gynm	attempt=1	proxy=http://wiw4v7duaymysz9-session-45057e829b7d-lifetime-10:***@rp.scrapegw.com:6060	ConnectionTimeoutError: Connection timeout to host https://discord.com/api/v9/unique-username/username-attempt-unauthed
2026-09-01 18:29:27	NETWORK	gypr	attempt=1	proxy=http://wiw4v7duaymysz9-session-4fe0a544b1ea-lifetime-10:***@rp.scrapegw.com:6060	ConnectionTimeoutError: Connection timeout to host https://discord.com/api/v9/unique-username/username-attempt-unauthed
2026-09-01 18:29:27	NETWORK	gypx	attempt=1	proxy=http://wiw4v7duaymysz9-session-61f9e09f9f7f-lifetime-10:***@rp.scrapegw.com:6060	ConnectionTimeoutError: Connection timeout to host https://discord.com/api/v9/unique-username/username-attempt-unauthed
2026-09-01 18:29:27	NETWORK	gypn	attempt=1	proxy=http://wiw4v7duaymysz9-session-2a113d5abb4a-lifetime-10:***@rp.scrapegw.com:6060	ConnectionTimeoutError: Connection timeout to host https://discord.com/api/v9/unique-username/username-attempt-unauthed
2026-09-01 18:29:28	HTTP_429	hcgu	attempt=1	proxy=http://wiw4v7duaymysz9-session-75f6a6084c8c-lifetime-10:***@rp.scrapegw.com:6060	scope=shared global=False retry_after=2059.00s
2026-09-01 18:29:28	HTTP_429	hcgn	attempt=1	proxy=http://wiw4v7duaymysz9-session-e68f3249e5a2-lifetime-10:***@rp.scrapegw.com:6060	scope=shared global=False retry_after=1414.00s
2026-09-01 18:29:28	HTTP_429	hchx	attempt=1	proxy=http://wiw4v7duaymysz9-session-773b17d2a16d-lifetime-10:***@rp.scrapegw.com:6060	scope=shared global=False retry_after=2056.00s
2026-09-01 18:29:28	HTTP_429	hcjl	attempt=1	proxy=http://wiw4v7duaymysz9-session-eaa3dab96574-lifetime-10:***@rp.scrapegw.com:6060	scope=shared global=False retry_after=2062.00s
2026-09-01 18:29:28	NETWORK	gzap	attempt=1	proxy=http://wiw4v7duaymysz9-session-420d778547d3-lifetime-10:***@rp.scrapegw.com:6060	ConnectionTimeoutError: Connection timeout to host https://discord.com/api/v9/unique-username/username-attempt-unauthed
2026-09-01 18:29:28	NETWORK	gyzq	attempt=1	proxy=http://wiw4v7duaymysz9-session-707bdcc954f1-lifetime-10:***@rp.scrapegw.com:6060	ConnectionTimeoutError: Connection timeout to host https://discord.com/api/v9/unique-username/username-attempt-unauthed
2026-09-01 18:29:28	NETWORK	gyzu	attempt=1	proxy=http://wiw4v7duaymysz9-session-7ea8e279ccb0-lifetime-10:***@rp.scrapegw.com:6060	ConnectionTimeoutError: Connection timeout to host https://discord.com/api/v9/unique-username/username-attempt-unauthed
2026-09-01 18:29:28	NETWORK	gyze	attempt=1	proxy=http://wiw4v7duaymysz9-session-6eab3bd9a600-lifetime-10:***@rp.scrapegw.com:6060	ConnectionTimeoutError: Connection timeout to host https://discord.com/api/v9/unique-username/username-attempt-unauthed
2026-09-01 18:29:28	NETWORK	gywd	attempt=1	proxy=http://wiw4v7duaymysz9-session-1254f3caa3cf-lifetime-10:***@rp.scrapegw.com:6060	ConnectionTimeoutError: Connection timeout to host https://discord.com/api/v9/unique-username/username-attempt-unauthed
2026-09-01 18:29:28	NETWORK	gzab	attempt=1	proxy=http://wiw4v7duaymysz9-session-779bb4a09f72-lifetime-10:***@rp.scrapegw.com:6060	ConnectionTimeoutError: Connection timeout to host https://discord.com/api/v9/unique-username/username-attempt-unauthed
2026-09-01 18:29:28	NETWORK	gyxt	attempt=1	proxy=http://wiw4v7duaymysz9-session-1d455aa21eaf-lifetime-10:***@rp.scrapegw.com:6060	ConnectionTimeoutError: Connection timeout to host https://discord.com/api/v9/unique-username/username-attempt-unauthed
2026-09-01 18:29:28	NETWORK	gyxu	attempt=1	proxy=http://wiw4v7duaymysz9-session-b2b2cfee375f-lifetime-10:***@rp.scrapegw.com:6060	ConnectionTimeoutError: Connection timeout to host https://discord.com/api/v9/unique-username/username-attempt-unauthed
2026-09-01 18:29:28	NETWORK	gyxy	attempt=1	proxy=http://wiw4v7duaymysz9-session-e1f615b19f22-lifetime-10:***@rp.scrapegw.com:6060	ConnectionTimeoutError: Connection timeout to host https://discord.com/api/v9/unique-username/username-attempt-unauthed
2026-09-01 18:29:28	NETWORK	gzcb	attempt=1	proxy=http://wiw4v7duaymysz9-session-55c1ad998dd7-lifetime-10:***@rp.scrapegw.com:6060	ConnectionTimeoutError: Connection timeout to host https://discord.com/api/v9/unique-username/username-attempt-unauthed
2026-09-01 18:29:28	NETWORK	gzcl	attempt=1	proxy=http://wiw4v7duaymysz9-session-4f8e61ee2e54-lifetime-10:***@rp.scrapegw.com:6060	ConnectionTimeoutError: Connection timeout to host https://discord.com/api/v9/unique-username/username-attempt-unauthed
2026-09-01 18:29:28	NETWORK	gyxc	attempt=1	proxy=http://wiw4v7duaymysz9-session-58f86e287b2d-lifetime-10:***@rp.scrapegw.com:6060	ConnectionTimeoutError: Connection timeout to host https://discord.com/api/v9/unique-username/username-attempt-unauthed
2026-09-01 18:29:28	NETWORK	gyzy	attempt=1	proxy=http://wiw4v7duaymysz9-session-690f5994aadb-lifetime-10:***@rp.scrapegw.com:6060	ConnectionTimeoutError: Connection timeout to host https://discord.com/api/v9/unique-username/username-attempt-unauthed
2026-09-01 18:29:28	NETWORK	gyxq	attempt=1	proxy=http://wiw4v7duaymysz9-session-053604479e84-lifetime-10:***@rp.scrapegw.com:6060	ConnectionTimeoutError: Connection timeout to host https://discord.com/api/v9/unique-username/username-attempt-unauthed
2026-09-01 18:29:28	NETWORK	gyzc	attempt=1	proxy=http://wiw4v7duaymysz9-session-fb6e2b983fba-lifetime-10:***@rp.scrapegw.com:6060	ConnectionTimeoutError: Connection timeout to host https://discord.com/api/v9/unique-username/username-attempt-unauthed
2026-09-01 18:29:28	NETWORK	gyyt	attempt=1	proxy=http://wiw4v7duaymysz9-session-b8413c430b07-lifetime-10:***@rp.scrapegw.com:6060	ConnectionTimeoutError: Connection timeout to host https://discord.com/api/v9/unique-username/username-attempt-unauthed
2026-09-01 18:29:28	NETWORK	gyxm	attempt=1	proxy=http://wiw4v7duaymysz9-session-b72355bcbadb-lifetime-10:***@rp.scrapegw.com:6060	ConnectionTimeoutError: Connection timeout to host https://discord.com/api/v9/unique-username/username-attempt-unauthed
2026-09-01 18:29:28	NETWORK	gyvv	attempt=1	proxy=http://wiw4v7duaymysz9-session-f4abaaaccdf6-lifetime-10:***@rp.scrapegw.com:6060	ConnectionTimeoutError: Connection timeout to host https://discord.com/api/v9/unique-username/username-attempt-unauthed
2026-09-01 18:29:28	NETWORK	gyvi	attempt=1	proxy=http://wiw4v7duaymysz9-session-ab33ca5abe37-lifetime-10:***@rp.scrapegw.com:6060	ConnectionTimeoutError: Connection timeout to host https://discord.com/api/v9/unique-username/username-attempt-unauthed
2026-09-01 18:29:28	NETWORK	gyvg	attempt=1	proxy=http://wiw4v7duaymysz9-session-d1f761cc7194-lifetime-10:***@rp.scrapegw.com:6060	ConnectionTimeoutError: Connection timeout to host https://discord.com/api/v9/unique-username/username-attempt-unauthed
2026-09-01 18:29:28	NETWORK	gyul	attempt=1	proxy=http://wiw4v7duaymysz9-session-14d9489360a3-lifetime-10:***@rp.scrapegw.com:6060	ConnectionTimeoutError: Connection timeout to host https://discord.com/api/v9/unique-username/username-attempt-unauthed
2026-09-01 18:29:28	NETWORK	gyud	attempt=1	proxy=http://wiw4v7duaymysz9-session-9a84208bc066-lifetime-10:***@rp.scrapegw.com:6060	ConnectionTimeoutError: Connection timeout to host https://discord.com/api/v9/unique-username/username-attempt-unauthed
2026-09-01 18:29:28	NETWORK	gyxs	attempt=1	proxy=http://wiw4v7duaymysz9-session-8f0effa089e1-lifetime-10:***@rp.scrapegw.com:6060	ConnectionTimeoutError: Connection timeout to host https://discord.com/api/v9/unique-username/username-attempt-unauthed
2026-09-01 18:29:28	NETWORK	gyya	attempt=1	proxy=http://wiw4v7duaymysz9-session-e1e2f82e007e-lifetime-10:***@rp.scrapegw.com:6060	ConnectionTimeoutError: Connection timeout to host https://discord.com/api/v9/unique-username/username-attempt-unauthed
2026-09-01 18:29:28	NETWORK	gzbo	attempt=1	proxy=http://wiw4v7duaymysz9-session-3f0ec15db9a6-lifetime-10:***@rp.scrapegw.com:6060	ConnectionTimeoutError: Connection timeout to host https://discord.com/api/v9/unique-username/username-attempt-unauthed
2026-09-01 18:29:28	NETWORK	gzaq	attempt=1	proxy=http://wiw4v7duaymysz9-session-76ecba63266e-lifetime-10:***@rp.scrapegw.com:6060	ConnectionTimeoutError: Connection timeout to host https://discord.com/api/v9/unique-username/username-attempt-unauthed
2026-09-01 18:29:28	NETWORK	gzam	attempt=1	proxy=http://wiw4v7duaymysz9-session-2b0bf49bc388-lifetime-10:***@rp.scrapegw.com:6060	ConnectionTimeoutError: Connection timeout to host https://discord.com/api/v9/unique-username/username-attempt-unauthed
2026-09-01 18:29:28	NETWORK	gzai	attempt=1	proxy=http://wiw4v7duaymysz9-session-44854615c2a0-lifetime-10:***@rp.scrapegw.com:6060	ConnectionTimeoutError: Connection timeout to host https://discord.com/api/v9/unique-username/username-attempt-unauthed
2026-09-01 18:29:28	NETWORK	gzca	attempt=1	proxy=http://wiw4v7duaymysz9-session-ef89d271fd5a-lifetime-10:***@rp.scrapegw.com:6060	ConnectionTimeoutError: Connection timeout to host https://discord.com/api/v9/unique-username/username-attempt-unauthed
2026-09-01 18:29:28	NETWORK	gyyv	attempt=1	proxy=http://wiw4v7duaymysz9-session-0afd766e45a3-lifetime-10:***@rp.scrapegw.com:6060	ConnectionTimeoutError: Connection timeout to host https://discord.com/api/v9/unique-username/username-attempt-unauthed
2026-09-01 18:29:28	NETWORK	gzau	attempt=1	proxy=http://wiw4v7duaymysz9-session-8fb5134c6240-lifetime-10:***@rp.scrapegw.com:6060	ConnectionTimeoutError: Connection timeout to host https://discord.com/api/v9/unique-username/username-attempt-unauthed
2026-09-01 18:29:28	NETWORK	gyun	attempt=1	proxy=http://wiw4v7duaymysz9-session-394fb10abb96-lifetime-10:***@rp.scrapegw.com:6060	ConnectionTimeoutError: Connection timeout to host https://discord.com/api/v9/unique-username/username-attempt-unauthed
2026-09-01 18:29:28	NETWORK	gzar	attempt=1	proxy=http://wiw4v7duaymysz9-session-6152ae7ed2d1-lifetime-10:***@rp.scrapegw.com:6060	ConnectionTimeoutError: Connection timeout to host https://discord.com/api/v9/unique-username/username-attempt-unauthed
2026-09-01 18:29:28	NETWORK	gzcr	attempt=1	proxy=http://wiw4v7duaymysz9-session-dfcc7c4d1d0f-lifetime-10:***@rp.scrapegw.com:6060	ConnectionTimeoutError: Connection timeout to host https://discord.com/api/v9/unique-username/username-attempt-unauthed
2026-09-01 18:29:28	NETWORK	gyut	attempt=1	proxy=http://wiw4v7duaymysz9-session-995604989419-lifetime-10:***@rp.scrapegw.com:6060	ConnectionTimeoutError: Connection timeout to host https://discord.com/api/v9/unique-username/username-attempt-unauthed
2026-09-01 18:29:28	HTTP_429	hcnv	attempt=1	proxy=http://wiw4v7duaymysz9-session-480f57556d5d-lifetime-10:***@rp.scrapegw.com:6060	scope=shared global=False retry_after=2056.00s
2026-09-01 18:29:29	NETWORK	gzws	attempt=1	proxy=http://wiw4v7duaymysz9-session-01522e59a7d0-lifetime-10:***@rp.scrapegw.com:6060	ClientConnectorError: Cannot connect to host discord.com:443 ssl:default [Connection reset by peer]
2026-09-01 18:29:29	HTTP_429	hcnk	attempt=1	proxy=http://wiw4v7duaymysz9-session-baf5ea4dcedd-lifetime-10:***@rp.scrapegw.com:6060	scope=shared global=False retry_after=2056.00s
2026-09-01 18:29:29	NETWORK	hbdo	attempt=1	proxy=http://wiw4v7duaymysz9-session-6dbf3ba35f02-lifetime-10:***@rp.scrapegw.com:6060	ClientConnectorSSLError: Cannot connect to host discord.com:443 ssl:default [[SSL: RECORD_LAYER_FAILURE] record layer failure (_ssl.c:1081)]
2026-09-01 18:29:29	HTTP_429	hcpz	attempt=1	proxy=http://wiw4v7duaymysz9-session-207a0d4e4d6f-lifetime-10:***@rp.scrapegw.com:6060	scope=shared global=False retry_after=1215.00s
2026-09-01 18:29:29	NETWORK	hasj	attempt=1	proxy=http://wiw4v7duaymysz9-session-394fb10abb96-lifetime-10:***@rp.scrapegw.com:6060	ClientConnectorError: Cannot connect to host discord.com:443 ssl:default [Connection reset by peer]
2026-09-01 18:29:29	NETWORK	gzdk	attempt=1	proxy=http://wiw4v7duaymysz9-session-f7ea8327ed3b-lifetime-10:***@rp.scrapegw.com:6060	ClientConnectorError: Cannot connect to host discord.com:443 ssl:default [Connection reset by peer]
2026-09-01 18:29:29	NETWORK	gzlg	attempt=1	proxy=http://wiw4v7duaymysz9-session-d6042ec2c295-lifetime-10:***@rp.scrapegw.com:6060	ClientConnectorError: Cannot connect to host discord.com:443 ssl:default [Connection reset by peer]
2026-09-01 18:29:29	NETWORK	gzhi	attempt=1	proxy=http://wiw4v7duaymysz9-session-a8cc8cd66cdc-lifetime-10:***@rp.scrapegw.com:6060	ConnectionTimeoutError: Connection timeout to host https://discord.com/api/v9/unique-username/username-attempt-unauthed
2026-09-01 18:29:29	NETWORK	gziv	attempt=1	proxy=http://wiw4v7duaymysz9-session-4966ecee2c12-lifetime-10:***@rp.scrapegw.com:6060	ConnectionTimeoutError: Connection timeout to host https://discord.com/api/v9/unique-username/username-attempt-unauthed
2026-09-01 18:29:29	NETWORK	gzit	attempt=1	proxy=http://wiw4v7duaymysz9-session-b8eed3110744-lifetime-10:***@rp.scrapegw.com:6060	ConnectionTimeoutError: Connection timeout to host https://discord.com/api/v9/unique-username/username-attempt-unauthed
2026-09-01 18:29:29	NETWORK	gzli	attempt=1	proxy=http://wiw4v7duaymysz9-session-411a9702b01d-lifetime-10:***@rp.scrapegw.com:6060	ConnectionTimeoutError: Connection timeout to host https://discord.com/api/v9/unique-username/username-attempt-unauthed
2026-09-01 18:29:29	NETWORK	gzjr	attempt=1	proxy=http://wiw4v7duaymysz9-session-df2fbf67cf2f-lifetime-10:***@rp.scrapegw.com:6060	ConnectionTimeoutError: Connection timeout to host https://discord.com/api/v9/unique-username/username-attempt-unauthed
2026-09-01 18:29:29	NETWORK	gzkr	attempt=1	proxy=http://wiw4v7duaymysz9-session-b63844c7529e-lifetime-10:***@rp.scrapegw.com:6060	ConnectionTimeoutError: Connection timeout to host https://discord.com/api/v9/unique-username/username-attempt-unauthed
2026-09-01 18:29:29	NETWORK	gzjo	attempt=1	proxy=http://wiw4v7duaymysz9-session-4861b2e0d51c-lifetime-10:***@rp.scrapegw.com:6060	ConnectionTimeoutError: Connection timeout to host https://discord.com/api/v9/unique-username/username-attempt-unauthed
2026-09-01 18:29:29	NETWORK	gzjn	attempt=1	proxy=http://wiw4v7duaymysz9-session-a38dfebd8663-lifetime-10:***@rp.scrapegw.com:6060	ConnectionTimeoutError: Connection timeout to host https://discord.com/api/v9/unique-username/username-attempt-unauthed
2026-09-01 18:29:29	NETWORK	gzjk	attempt=1	proxy=http://wiw4v7duaymysz9-session-2898ba9fcadc-lifetime-10:***@rp.scrapegw.com:6060	ConnectionTimeoutError: Connection timeout to host https://discord.com/api/v9/unique-username/username-attempt-unauthed
2026-09-01 18:29:29	NETWORK	gzja	attempt=1	proxy=http://wiw4v7duaymysz9-session-bbec1d8a7c42-lifetime-10:***@rp.scrapegw.com:6060	ConnectionTimeoutError: Connection timeout to host https://discord.com/api/v9/unique-username/username-attempt-unauthed
2026-09-01 18:29:29	NETWORK	gzdh	attempt=1	proxy=http://wiw4v7duaymysz9-session-c738abacf8c6-lifetime-10:***@rp.scrapegw.com:6060	ConnectionTimeoutError: Connection timeout to host https://discord.com/api/v9/unique-username/username-attempt-unauthed
2026-09-01 18:29:29	NETWORK	gzjh	attempt=1	proxy=http://wiw4v7duaymysz9-session-83836994d1ee-lifetime-10:***@rp.scrapegw.com:6060	ConnectionTimeoutError: Connection timeout to host https://discord.com/api/v9/unique-username/username-attempt-unauthed
2026-09-01 18:29:29	NETWORK	gzje	attempt=1	proxy=http://wiw4v7duaymysz9-session-a795c139b004-lifetime-10:***@rp.scrapegw.com:6060	ConnectionTimeoutError: Connection timeout to host https://discord.com/api/v9/unique-username/username-attempt-unauthed
2026-09-01 18:29:29	NETWORK	gzft	attempt=1	proxy=http://wiw4v7duaymysz9-session-e4cbd7bc20ed-lifetime-10:***@rp.scrapegw.com:6060	ConnectionTimeoutError: Connection timeout to host https://discord.com/api/v9/unique-username/username-attempt-unauthed
2026-09-01 18:29:29	NETWORK	gzif	attempt=1	proxy=http://wiw4v7duaymysz9-session-1008b5c95772-lifetime-10:***@rp.scrapegw.com:6060	ConnectionTimeoutError: Connection timeout to host https://discord.com/api/v9/unique-username/username-attempt-unauthed
2026-09-01 18:29:29	NETWORK	gzfy	attempt=1	proxy=http://wiw4v7duaymysz9-session-c742e6f698c8-lifetime-10:***@rp.scrapegw.com:6060	ConnectionTimeoutError: Connection timeout to host https://discord.com/api/v9/unique-username/username-attempt-unauthed
2026-09-01 18:29:29	NETWORK	gzia	attempt=1	proxy=http://wiw4v7duaymysz9-session-68601f565026-lifetime-10:***@rp.scrapegw.com:6060	ConnectionTimeoutError: Connection timeout to host https://discord.com/api/v9/unique-username/username-attempt-unauthed
2026-09-01 18:29:29	NETWORK	gzei	attempt=1	proxy=http://wiw4v7duaymysz9-session-6c0429cac918-lifetime-10:***@rp.scrapegw.com:6060	ConnectionTimeoutError: Connection timeout to host https://discord.com/api/v9/unique-username/username-attempt-unauthed
2026-09-01 18:29:29	NETWORK	gzdm	attempt=1	proxy=http://wiw4v7duaymysz9-session-170c05c86dde-lifetime-10:***@rp.scrapegw.com:6060	ConnectionTimeoutError: Connection timeout to host https://discord.com/api/v9/unique-username/username-attempt-unauthed
2026-09-01 18:29:29	NETWORK	gzgm	attempt=1	proxy=http://wiw4v7duaymysz9-session-f4dab427ee56-lifetime-10:***@rp.scrapegw.com:6060	ConnectionTimeoutError: Connection timeout to host https://discord.com/api/v9/unique-username/username-attempt-unauthed
2026-09-01 18:29:29	NETWORK	gzhc	attempt=1	proxy=http://wiw4v7duaymysz9-session-e3c3e7dc409f-lifetime-10:***@rp.scrapegw.com:6060	ConnectionTimeoutError: Connection timeout to host https://discord.com/api/v9/unique-username/username-attempt-unauthed
2026-09-01 18:29:29	NETWORK	gzkw	attempt=1	proxy=http://wiw4v7duaymysz9-session-dcb44fa1e477-lifetime-10:***@rp.scrapegw.com:6060	ConnectionTimeoutError: Connection timeout to host https://discord.com/api/v9/unique-username/username-attempt-unauthed
2026-09-01 18:29:29	NETWORK	gzkl	attempt=1	proxy=http://wiw4v7duaymysz9-session-5759de0af664-lifetime-10:***@rp.scrapegw.com:6060	ConnectionTimeoutError: Connection timeout to host https://discord.com/api/v9/unique-username/username-attempt-unauthed
2026-09-01 18:29:29	NETWORK	gzgz	attempt=1	proxy=http://wiw4v7duaymysz9-session-532b4290675f-lifetime-10:***@rp.scrapegw.com:6060	ConnectionTimeoutError: Connection timeout to host https://discord.com/api/v9/unique-username/username-attempt-unauthed
2026-09-01 18:29:29	NETWORK	gzjw	attempt=1	proxy=http://wiw4v7duaymysz9-session-7bf0c985981c-lifetime-10:***@rp.scrapegw.com:6060	ConnectionTimeoutError: Connection timeout to host https://discord.com/api/v9/unique-username/username-attempt-unauthed
2026-09-01 18:29:29	NETWORK	gzgp	attempt=1	proxy=http://wiw4v7duaymysz9-session-b8cf940ae71b-lifetime-10:***@rp.scrapegw.com:6060	ConnectionTimeoutError: Connection timeout to host https://discord.com/api/v9/unique-username/username-attempt-unauthed
2026-09-01 18:29:29	NETWORK	gzfb	attempt=1	proxy=http://wiw4v7duaymysz9-session-1bd79ead8bb7-lifetime-10:***@rp.scrapegw.com:6060	ConnectionTimeoutError: Connection timeout to host https://discord.com/api/v9/unique-username/username-attempt-unauthed
2026-09-01 18:29:29	NETWORK	gziy	attempt=1	proxy=http://wiw4v7duaymysz9-session-53944bc1040b-lifetime-10:***@rp.scrapegw.com:6060	ConnectionTimeoutError: Connection timeout to host https://discord.com/api/v9/unique-username/username-attempt-unauthed
2026-09-01 18:29:29	NETWORK	gzix	attempt=1	proxy=http://wiw4v7duaymysz9-session-25956f9a922c-lifetime-10:***@rp.scrapegw.com:6060	ConnectionTimeoutError: Connection timeout to host https://discord.com/api/v9/unique-username/username-attempt-unauthed
2026-09-01 18:29:29	NETWORK	gzet	attempt=1	proxy=http://wiw4v7duaymysz9-session-5d9d67638cdb-lifetime-10:***@rp.scrapegw.com:6060	ConnectionTimeoutError: Connection timeout to host https://discord.com/api/v9/unique-username/username-attempt-unauthed
2026-09-01 18:29:29	NETWORK	gzjm	attempt=1	proxy=http://wiw4v7duaymysz9-session-b0c13235972e-lifetime-10:***@rp.scrapegw.com:6060	ConnectionTimeoutError: Connection timeout to host https://discord.com/api/v9/unique-username/username-attempt-unauthed
2026-09-01 18:29:29	NETWORK	gzju	attempt=1	proxy=http://wiw4v7duaymysz9-session-a77150ed7f27-lifetime-10:***@rp.scrapegw.com:6060	ConnectionTimeoutError: Connection timeout to host https://discord.com/api/v9/unique-username/username-attempt-unauthed
2026-09-01 18:29:29	NETWORK	gzcw	attempt=1	proxy=http://wiw4v7duaymysz9-session-b1ca475e721d-lifetime-10:***@rp.scrapegw.com:6060	ConnectionTimeoutError: Connection timeout to host https://discord.com/api/v9/unique-username/username-attempt-unauthed
2026-09-01 18:29:29	NETWORK	gzdc	attempt=1	proxy=http://wiw4v7duaymysz9-session-4eb82221eb2c-lifetime-10:***@rp.scrapegw.com:6060	ConnectionTimeoutError: Connection timeout to host https://discord.com/api/v9/unique-username/username-attempt-unauthed
2026-09-01 18:29:29	NETWORK	gzic	attempt=1	proxy=http://wiw4v7duaymysz9-session-91dcaa6eeaae-lifetime-10:***@rp.scrapegw.com:6060	ConnectionTimeoutError: Connection timeout to host https://discord.com/api/v9/unique-username/username-attempt-unauthed
2026-09-01 18:29:29	NETWORK	gzdg	attempt=1	proxy=http://wiw4v7duaymysz9-session-951eb87dd8de-lifetime-10:***@rp.scrapegw.com:6060	ConnectionTimeoutError: Connection timeout to host https://discord.com/api/v9/unique-username/username-attempt-unauthed
2026-09-01 18:29:29	NETWORK	gzfw	attempt=1	proxy=http://wiw4v7duaymysz9-session-8f7c2d10549d-lifetime-10:***@rp.scrapegw.com:6060	ConnectionTimeoutError: Connection timeout to host https://discord.com/api/v9/unique-username/username-attempt-unauthed
2026-09-01 18:29:29	NETWORK	gzih	attempt=1	proxy=http://wiw4v7duaymysz9-session-69debd78f368-lifetime-10:***@rp.scrapegw.com:6060	ConnectionTimeoutError: Connection timeout to host https://discord.com/api/v9/unique-username/username-attempt-unauthed
2026-09-01 18:29:29	NETWORK	gzil	attempt=1	proxy=http://wiw4v7duaymysz9-session-5a3cc2d23c2a-lifetime-10:***@rp.scrapegw.com:6060	ConnectionTimeoutError: Connection timeout to host https://discord.com/api/v9/unique-username/username-attempt-unauthed
2026-09-01 18:29:29	NETWORK	gzjd	attempt=1	proxy=http://wiw4v7duaymysz9-session-19e564d0bfda-lifetime-10:***@rp.scrapegw.com:6060	ConnectionTimeoutError: Connection timeout to host https://discord.com/api/v9/unique-username/username-attempt-unauthed
2026-09-01 18:29:29	NETWORK	gzgg	attempt=1	proxy=http://wiw4v7duaymysz9-session-ed41e0842462-lifetime-10:***@rp.scrapegw.com:6060	ConnectionTimeoutError: Connection timeout to host https://discord.com/api/v9/unique-username/username-attempt-unauthed
2026-09-01 18:29:29	NETWORK	gzek	attempt=1	proxy=http://wiw4v7duaymysz9-session-b38a2e2525fd-lifetime-10:***@rp.scrapegw.com:6060	ConnectionTimeoutError: Connection timeout to host https://discord.com/api/v9/unique-username/username-attempt-unauthed
2026-09-01 18:29:29	NETWORK	gzec	attempt=1	proxy=http://wiw4v7duaymysz9-session-1ae37b885f7e-lifetime-10:***@rp.scrapegw.com:6060	ConnectionTimeoutError: Connection timeout to host https://discord.com/api/v9/unique-username/username-attempt-unauthed
2026-09-01 18:29:29	NETWORK	gzdl	attempt=1	proxy=http://wiw4v7duaymysz9-session-4b9e37878de3-lifetime-10:***@rp.scrapegw.com:6060	ConnectionTimeoutError: Connection timeout to host https://discord.com/api/v9/unique-username/username-attempt-unauthed
2026-09-01 18:29:30	HTTP_429	hbbg	attempt=1	proxy=http://wiw4v7duaymysz9-session-f7ea8327ed3b-lifetime-10:***@rp.scrapegw.com:6060	scope=shared global=False retry_after=769.00s
2026-09-01 18:29:30	NETWORK	gzua	attempt=1	proxy=http://wiw4v7duaymysz9-session-5ea451ff1883-lifetime-10:***@rp.scrapegw.com:6060	ConnectionTimeoutError: Connection timeout to host https://discord.com/api/v9/unique-username/username-attempt-unauthed
2026-09-01 18:29:30	NETWORK	gzth	attempt=1	proxy=http://wiw4v7duaymysz9-session-d7b726ceacee-lifetime-10:***@rp.scrapegw.com:6060	ConnectionTimeoutError: Connection timeout to host https://discord.com/api/v9/unique-username/username-attempt-unauthed
2026-09-01 18:29:30	NETWORK	gznb	attempt=1	proxy=http://wiw4v7duaymysz9-session-41482f3ec65b-lifetime-10:***@rp.scrapegw.com:6060	ConnectionTimeoutError: Connection timeout to host https://discord.com/api/v9/unique-username/username-attempt-unauthed
2026-09-01 18:29:30	NETWORK	gzsw	attempt=1	proxy=http://wiw4v7duaymysz9-session-45c3b9ad0717-lifetime-10:***@rp.scrapegw.com:6060	ConnectionTimeoutError: Connection timeout to host https://discord.com/api/v9/unique-username/username-attempt-unauthed
2026-09-01 18:29:30	NETWORK	gzsv	attempt=1	proxy=http://wiw4v7duaymysz9-session-6c665cbac6be-lifetime-10:***@rp.scrapegw.com:6060	ConnectionTimeoutError: Connection timeout to host https://discord.com/api/v9/unique-username/username-attempt-unauthed
2026-09-01 18:29:30	NETWORK	gzng	attempt=1	proxy=http://wiw4v7duaymysz9-session-5a4ca4c973f0-lifetime-10:***@rp.scrapegw.com:6060	ConnectionTimeoutError: Connection timeout to host https://discord.com/api/v9/unique-username/username-attempt-unauthed
2026-09-01 18:29:30	NETWORK	gzqw	attempt=1	proxy=http://wiw4v7duaymysz9-session-780ef146c158-lifetime-10:***@rp.scrapegw.com:6060	ConnectionTimeoutError: Connection timeout to host https://discord.com/api/v9/unique-username/username-attempt-unauthed
2026-09-01 18:29:30	NETWORK	gznn	attempt=1	proxy=http://wiw4v7duaymysz9-session-6bddbc1bdcda-lifetime-10:***@rp.scrapegw.com:6060	ConnectionTimeoutError: Connection timeout to host https://discord.com/api/v9/unique-username/username-attempt-unauthed
2026-09-01 18:29:30	NETWORK	gzql	attempt=1	proxy=http://wiw4v7duaymysz9-session-67cfc8580036-lifetime-10:***@rp.scrapegw.com:6060	ConnectionTimeoutError: Connection timeout to host https://discord.com/api/v9/unique-username/username-attempt-unauthed
2026-09-01 18:29:30	NETWORK	gznr	attempt=1	proxy=http://wiw4v7duaymysz9-session-c53f487fa168-lifetime-10:***@rp.scrapegw.com:6060	ConnectionTimeoutError: Connection timeout to host https://discord.com/api/v9/unique-username/username-attempt-unauthed
2026-09-01 18:29:30	NETWORK	gzmo	attempt=1	proxy=http://wiw4v7duaymysz9-session-4ed81957a8ef-lifetime-10:***@rp.scrapegw.com:6060	ConnectionTimeoutError: Connection timeout to host https://discord.com/api/v9/unique-username/username-attempt-unauthed
2026-09-01 18:29:30	NETWORK	gzmm	attempt=1	proxy=http://wiw4v7duaymysz9-session-1ec0af51a0b8-lifetime-10:***@rp.scrapegw.com:6060	ConnectionTimeoutError: Connection timeout to host https://discord.com/api/v9/unique-username/username-attempt-unauthed
2026-09-01 18:29:30	NETWORK	gzoi	attempt=1	proxy=http://wiw4v7duaymysz9-session-b3cbac124332-lifetime-10:***@rp.scrapegw.com:6060	ConnectionTimeoutError: Connection timeout to host https://discord.com/api/v9/unique-username/username-attempt-unauthed
2026-09-01 18:29:30	NETWORK	gzlw	attempt=1	proxy=http://wiw4v7duaymysz9-session-43e582e0d7e6-lifetime-10:***@rp.scrapegw.com:6060	ConnectionTimeoutError: Connection timeout to host https://discord.com/api/v9/unique-username/username-attempt-unauthed
2026-09-01 18:29:30	NETWORK	gzpg	attempt=1	proxy=http://wiw4v7duaymysz9-session-f870060d7ab4-lifetime-10:***@rp.scrapegw.com:6060	ConnectionTimeoutError: Connection timeout to host https://discord.com/api/v9/unique-username/username-attempt-unauthed
2026-09-01 18:29:30	NETWORK	gztt	attempt=1	proxy=http://wiw4v7duaymysz9-session-65583859991b-lifetime-10:***@rp.scrapegw.com:6060	ConnectionTimeoutError: Connection timeout to host https://discord.com/api/v9/unique-username/username-attempt-unauthed
2026-09-01 18:29:30	NETWORK	gzpj	attempt=1	proxy=http://wiw4v7duaymysz9-session-143e3c5cee72-lifetime-10:***@rp.scrapegw.com:6060	ConnectionTimeoutError: Connection timeout to host https://discord.com/api/v9/unique-username/username-attempt-unauthed
2026-09-01 18:29:30	NETWORK	gztx	attempt=1	proxy=http://wiw4v7duaymysz9-session-ed9748614e11-lifetime-10:***@rp.scrapegw.com:6060	ConnectionTimeoutError: Connection timeout to host https://discord.com/api/v9/unique-username/username-attempt-unauthed
2026-09-01 18:29:30	NETWORK	gzon	attempt=1	proxy=http://wiw4v7duaymysz9-session-4fb1500b3529-lifetime-10:***@rp.scrapegw.com:6060	ConnectionTimeoutError: Connection timeout to host https://discord.com/api/v9/unique-username/username-attempt-unauthed
2026-09-01 18:29:30	NETWORK	gznf	attempt=1	proxy=http://wiw4v7duaymysz9-session-4e28a288ca8d-lifetime-10:***@rp.scrapegw.com:6060	ConnectionTimeoutError: Connection timeout to host https://discord.com/api/v9/unique-username/username-attempt-unauthed
2026-09-01 18:29:30	NETWORK	gzso	attempt=1	proxy=http://wiw4v7duaymysz9-session-8884853769a4-lifetime-10:***@rp.scrapegw.com:6060	ConnectionTimeoutError: Connection timeout to host https://discord.com/api/v9/unique-username/username-attempt-unauthed
2026-09-01 18:29:30	NETWORK	gzsc	attempt=1	proxy=http://wiw4v7duaymysz9-session-91a9b658f44e-lifetime-10:***@rp.scrapegw.com:6060	ConnectionTimeoutError: Connection timeout to host https://discord.com/api/v9/unique-username/username-attempt-unauthed
2026-09-01 18:29:30	NETWORK	gzss	attempt=1	proxy=http://wiw4v7duaymysz9-session-650447596bb7-lifetime-10:***@rp.scrapegw.com:6060	ConnectionTimeoutError: Connection timeout to host https://discord.com/api/v9/unique-username/username-attempt-unauthed
2026-09-01 18:29:30	NETWORK	gzne	attempt=1	proxy=http://wiw4v7duaymysz9-session-e535c5b0c8da-lifetime-10:***@rp.scrapegw.com:6060	ConnectionTimeoutError: Connection timeout to host https://discord.com/api/v9/unique-username/username-attempt-unauthed
2026-09-01 18:29:30	NETWORK	gzmc	attempt=1	proxy=http://wiw4v7duaymysz9-session-eabb3ed65e6d-lifetime-10:***@rp.scrapegw.com:6060	ConnectionTimeoutError: Connection timeout to host https://discord.com/api/v9/unique-username/username-attempt-unauthed
2026-09-01 18:29:30	NETWORK	gzqv	attempt=1	proxy=http://wiw4v7duaymysz9-session-0a2b2d548aa9-lifetime-10:***@rp.scrapegw.com:6060	ConnectionTimeoutError: Connection timeout to host https://discord.com/api/v9/unique-username/username-attempt-unauthed
2026-09-01 18:29:30	NETWORK	gzqa	attempt=1	proxy=http://wiw4v7duaymysz9-session-1524f22defe3-lifetime-10:***@rp.scrapegw.com:6060	ConnectionTimeoutError: Connection timeout to host https://discord.com/api/v9/unique-username/username-attempt-unauthed
2026-09-01 18:29:30	NETWORK	gzqo	attempt=1	proxy=http://wiw4v7duaymysz9-session-f565588cf3ec-lifetime-10:***@rp.scrapegw.com:6060	ConnectionTimeoutError: Connection timeout to host https://discord.com/api/v9/unique-username/username-attempt-unauthed
2026-09-01 18:29:30	NETWORK	gzmj	attempt=1	proxy=http://wiw4v7duaymysz9-session-de15522ac676-lifetime-10:***@rp.scrapegw.com:6060	ConnectionTimeoutError: Connection timeout to host https://discord.com/api/v9/unique-username/username-attempt-unauthed
2026-09-01 18:29:30	NETWORK	gzqe	attempt=1	proxy=http://wiw4v7duaymysz9-session-9eb0aef2bbb1-lifetime-10:***@rp.scrapegw.com:6060	ConnectionTimeoutError: Connection timeout to host https://discord.com/api/v9/unique-username/username-attempt-unauthed
2026-09-01 18:29:30	NETWORK	gzoo	attempt=1	proxy=http://wiw4v7duaymysz9-session-10103abdfd40-lifetime-10:***@rp.scrapegw.com:6060	ConnectionTimeoutError: Connection timeout to host https://discord.com/api/v9/unique-username/username-attempt-unauthed
2026-09-01 18:29:30	NETWORK	gzph	attempt=1	proxy=http://wiw4v7duaymysz9-session-7e1e04ca2804-lifetime-10:***@rp.scrapegw.com:6060	ConnectionTimeoutError: Connection timeout to host https://discord.com/api/v9/unique-username/username-attempt-unauthed
2026-09-01 18:29:30	NETWORK	gzrd	attempt=1	proxy=http://wiw4v7duaymysz9-session-c86f321b6f7b-lifetime-10:***@rp.scrapegw.com:6060	ConnectionTimeoutError: Connection timeout to host https://discord.com/api/v9/unique-username/username-attempt-unauthed
2026-09-01 18:29:30	NETWORK	gztk	attempt=1	proxy=http://wiw4v7duaymysz9-session-fb0a5c3aaa8b-lifetime-10:***@rp.scrapegw.com:6060	ConnectionTimeoutError: Connection timeout to host https://discord.com/api/v9/unique-username/username-attempt-unauthed
2026-09-01 18:29:30	NETWORK	gztj	attempt=1	proxy=http://wiw4v7duaymysz9-session-ba6dca92c3c9-lifetime-10:***@rp.scrapegw.com:6060	ConnectionTimeoutError: Connection timeout to host https://discord.com/api/v9/unique-username/username-attempt-unauthed
2026-09-01 18:29:30	HTTP_429	hdey	attempt=1	proxy=http://wiw4v7duaymysz9-session-113bb0d64732-lifetime-10:***@rp.scrapegw.com:6060	scope=shared global=False retry_after=2056.00s
2026-09-01 18:29:31	HTTP_429	hdav	attempt=1	proxy=http://wiw4v7duaymysz9-session-602baa46f341-lifetime-10:***@rp.scrapegw.com:6060	scope=shared global=False retry_after=648.00s
2026-09-01 18:29:31	HTTP_429	halw	attempt=1	proxy=http://wiw4v7duaymysz9-session-4fe0a544b1ea-lifetime-10:***@rp.scrapegw.com:6060	scope=shared global=False retry_after=754.00s
2026-09-01 18:29:31	HTTP_429	hdch	attempt=1	proxy=http://wiw4v7duaymysz9-session-87339fdd8ebf-lifetime-10:***@rp.scrapegw.com:6060	scope=shared global=False retry_after=1178.00s
2026-09-01 18:29:31	HTTP_429	hdgj	attempt=1	proxy=http://wiw4v7duaymysz9-session-773a61f2668c-lifetime-10:***@rp.scrapegw.com:6060	scope=shared global=False retry_after=2022.00s
2026-09-01 18:29:31	NETWORK	gzvv	attempt=1	proxy=http://wiw4v7duaymysz9-session-5726ca3c496b-lifetime-10:***@rp.scrapegw.com:6060	ClientConnectorError: Cannot connect to host discord.com:443 ssl:default [Connection reset by peer]
2026-09-01 18:29:31	HTTP_429	hdhp	attempt=1	proxy=http://wiw4v7duaymysz9-session-550d506a4130-lifetime-10:***@rp.scrapegw.com:6060	scope=shared global=False retry_after=1313.00s
2026-09-01 18:29:31	HTTP_429	hbkn	attempt=1	proxy=http://wiw4v7duaymysz9-session-7ed3654f0e00-lifetime-10:***@rp.scrapegw.com:6060	scope=shared global=False retry_after=1248.00s
2026-09-01 18:29:31	NETWORK	gzwq	attempt=1	proxy=http://wiw4v7duaymysz9-session-8558686ab44e-lifetime-10:***@rp.scrapegw.com:6060	ConnectionTimeoutError: Connection timeout to host https://discord.com/api/v9/unique-username/username-attempt-unauthed
2026-09-01 18:29:31	NETWORK	gzzv	attempt=1	proxy=http://wiw4v7duaymysz9-session-b54be34df7ce-lifetime-10:***@rp.scrapegw.com:6060	ConnectionTimeoutError: Connection timeout to host https://discord.com/api/v9/unique-username/username-attempt-unauthed
2026-09-01 18:29:31	NETWORK	gzvz	attempt=1	proxy=http://wiw4v7duaymysz9-session-71c34073774b-lifetime-10:***@rp.scrapegw.com:6060	ConnectionTimeoutError: Connection timeout to host https://discord.com/api/v9/unique-username/username-attempt-unauthed
2026-09-01 18:29:31	NETWORK	haal	attempt=1	proxy=http://wiw4v7duaymysz9-session-574cf93cd7bb-lifetime-10:***@rp.scrapegw.com:6060	ConnectionTimeoutError: Connection timeout to host https://discord.com/api/v9/unique-username/username-attempt-unauthed
2026-09-01 18:29:31	NETWORK	gzvu	attempt=1	proxy=http://wiw4v7duaymysz9-session-9dbd45dfa147-lifetime-10:***@rp.scrapegw.com:6060	ConnectionTimeoutError: Connection timeout to host https://discord.com/api/v9/unique-username/username-attempt-unauthed
2026-09-01 18:29:31	NETWORK	gzxo	attempt=1	proxy=http://wiw4v7duaymysz9-session-dd3500f68fd3-lifetime-10:***@rp.scrapegw.com:6060	ConnectionTimeoutError: Connection timeout to host https://discord.com/api/v9/unique-username/username-attempt-unauthed
2026-09-01 18:29:31	NETWORK	gzyf	attempt=1	proxy=http://wiw4v7duaymysz9-session-0d9edeca470a-lifetime-10:***@rp.scrapegw.com:6060	ConnectionTimeoutError: Connection timeout to host https://discord.com/api/v9/unique-username/username-attempt-unauthed
2026-09-01 18:29:31	NETWORK	gzyg	attempt=1	proxy=http://wiw4v7duaymysz9-session-d68321157ba4-lifetime-10:***@rp.scrapegw.com:6060	ConnectionTimeoutError: Connection timeout to host https://discord.com/api/v9/unique-username/username-attempt-unauthed
2026-09-01 18:29:31	NETWORK	gzuk	attempt=1	proxy=http://wiw4v7duaymysz9-session-0df789bb1e16-lifetime-10:***@rp.scrapegw.com:6060	ConnectionTimeoutError: Connection timeout to host https://discord.com/api/v9/unique-username/username-attempt-unauthed
2026-09-01 18:29:31	NETWORK	hadr	attempt=1	proxy=http://wiw4v7duaymysz9-session-448fef119d67-lifetime-10:***@rp.scrapegw.com:6060	ConnectionTimeoutError: Connection timeout to host https://discord.com/api/v9/unique-username/username-attempt-unauthed
2026-09-01 18:29:31	NETWORK	hada	attempt=1	proxy=http://wiw4v7duaymysz9-session-369c6a814f2b-lifetime-10:***@rp.scrapegw.com:6060	ConnectionTimeoutError: Connection timeout to host https://discord.com/api/v9/unique-username/username-attempt-unauthed
2026-09-01 18:29:31	NETWORK	hact	attempt=1	proxy=http://wiw4v7duaymysz9-session-ef0b925f4315-lifetime-10:***@rp.scrapegw.com:6060	ConnectionTimeoutError: Connection timeout to host https://discord.com/api/v9/unique-username/username-attempt-unauthed
2026-09-01 18:29:31	NETWORK	gzze	attempt=1	proxy=http://wiw4v7duaymysz9-session-0c42a65c361e-lifetime-10:***@rp.scrapegw.com:6060	ConnectionTimeoutError: Connection timeout to host https://discord.com/api/v9/unique-username/username-attempt-unauthed
2026-09-01 18:29:31	NETWORK	hado	attempt=1	proxy=http://wiw4v7duaymysz9-session-32f812a99e17-lifetime-10:***@rp.scrapegw.com:6060	ConnectionTimeoutError: Connection timeout to host https://discord.com/api/v9/unique-username/username-attempt-unauthed
2026-09-01 18:29:31	NETWORK	hadt	attempt=1	proxy=http://wiw4v7duaymysz9-session-69f9ead419f4-lifetime-10:***@rp.scrapegw.com:6060	ConnectionTimeoutError: Connection timeout to host https://discord.com/api/v9/unique-username/username-attempt-unauthed
2026-09-01 18:29:31	NETWORK	hacs	attempt=1	proxy=http://wiw4v7duaymysz9-session-0d8f9aeefbc7-lifetime-10:***@rp.scrapegw.com:6060	ConnectionTimeoutError: Connection timeout to host https://discord.com/api/v9/unique-username/username-attempt-unauthed
2026-09-01 18:29:31	NETWORK	habs	attempt=1	proxy=http://wiw4v7duaymysz9-session-9b808cc4f3c2-lifetime-10:***@rp.scrapegw.com:6060	ConnectionTimeoutError: Connection timeout to host https://discord.com/api/v9/unique-username/username-attempt-unauthed
2026-09-01 18:29:31	NETWORK	haca	attempt=1	proxy=http://wiw4v7duaymysz9-session-8a84ca81ce9a-lifetime-10:***@rp.scrapegw.com:6060	ConnectionTimeoutError: Connection timeout to host https://discord.com/api/v9/unique-username/username-attempt-unauthed
2026-09-01 18:29:31	NETWORK	gzzy	attempt=1	proxy=http://wiw4v7duaymysz9-session-f8bc76ccf6bc-lifetime-10:***@rp.scrapegw.com:6060	ConnectionTimeoutError: Connection timeout to host https://discord.com/api/v9/unique-username/username-attempt-unauthed
2026-09-01 18:29:31	NETWORK	habq	attempt=1	proxy=http://wiw4v7duaymysz9-session-34ac1c6a92ce-lifetime-10:***@rp.scrapegw.com:6060	ConnectionTimeoutError: Connection timeout to host https://discord.com/api/v9/unique-username/username-attempt-unauthed
2026-09-01 18:29:31	NETWORK	hadi	attempt=1	proxy=http://wiw4v7duaymysz9-session-952713c54acc-lifetime-10:***@rp.scrapegw.com:6060	ConnectionTimeoutError: Connection timeout to host https://discord.com/api/v9/unique-username/username-attempt-unauthed
2026-09-01 18:29:31	NETWORK	gzvl	attempt=1	proxy=http://wiw4v7duaymysz9-session-c48c06f62c50-lifetime-10:***@rp.scrapegw.com:6060	ConnectionTimeoutError: Connection timeout to host https://discord.com/api/v9/unique-username/username-attempt-unauthed
2026-09-01 18:29:31	NETWORK	gzvf	attempt=1	proxy=http://wiw4v7duaymysz9-session-0cc1f7360cf9-lifetime-10:***@rp.scrapegw.com:6060	ConnectionTimeoutError: Connection timeout to host https://discord.com/api/v9/unique-username/username-attempt-unauthed
2026-09-01 18:29:31	NETWORK	gzuz	attempt=1	proxy=http://wiw4v7duaymysz9-session-eb38044553ca-lifetime-10:***@rp.scrapegw.com:6060	ConnectionTimeoutError: Connection timeout to host https://discord.com/api/v9/unique-username/username-attempt-unauthed
2026-09-01 18:29:31	NETWORK	hacy	attempt=1	proxy=http://wiw4v7duaymysz9-session-0551fbc15b7b-lifetime-10:***@rp.scrapegw.com:6060	ConnectionTimeoutError: Connection timeout to host https://discord.com/api/v9/unique-username/username-attempt-unauthed
2026-09-01 18:29:31	NETWORK	hadg	attempt=1	proxy=http://wiw4v7duaymysz9-session-e7bf818566b1-lifetime-10:***@rp.scrapegw.com:6060	ConnectionTimeoutError: Connection timeout to host https://discord.com/api/v9/unique-username/username-attempt-unauthed
2026-09-01 18:29:31	NETWORK	gzue	attempt=1	proxy=http://wiw4v7duaymysz9-session-179d3ca6bdbc-lifetime-10:***@rp.scrapegw.com:6060	ConnectionTimeoutError: Connection timeout to host https://discord.com/api/v9/unique-username/username-attempt-unauthed
2026-09-01 18:29:31	NETWORK	gzxz	attempt=1	proxy=http://wiw4v7duaymysz9-session-363679267ced-lifetime-10:***@rp.scrapegw.com:6060	ConnectionTimeoutError: Connection timeout to host https://discord.com/api/v9/unique-username/username-attempt-unauthed
2026-09-01 18:29:31	NETWORK	gzyc	attempt=1	proxy=http://wiw4v7duaymysz9-session-85de98e71e70-lifetime-10:***@rp.scrapegw.com:6060	ConnectionTimeoutError: Connection timeout to host https://discord.com/api/v9/unique-username/username-attempt-unauthed
2026-09-01 18:29:31	NETWORK	haai	attempt=1	proxy=http://wiw4v7duaymysz9-session-c208faea7d91-lifetime-10:***@rp.scrapegw.com:6060	ConnectionTimeoutError: Connection timeout to host https://discord.com/api/v9/unique-username/username-attempt-unauthed
2026-09-01 18:29:31	NETWORK	gzwy	attempt=1	proxy=http://wiw4v7duaymysz9-session-c200e27a082a-lifetime-10:***@rp.scrapegw.com:6060	ConnectionTimeoutError: Connection timeout to host https://discord.com/api/v9/unique-username/username-attempt-unauthed
2026-09-01 18:29:31	NETWORK	gzxj	attempt=1	proxy=http://wiw4v7duaymysz9-session-66d60f9e348a-lifetime-10:***@rp.scrapegw.com:6060	ConnectionTimeoutError: Connection timeout to host https://discord.com/api/v9/unique-username/username-attempt-unauthed
2026-09-01 18:29:31	NETWORK	gzxb	attempt=1	proxy=http://wiw4v7duaymysz9-session-e3be81d5341b-lifetime-10:***@rp.scrapegw.com:6060	ConnectionTimeoutError: Connection timeout to host https://discord.com/api/v9/unique-username/username-attempt-unauthed
2026-09-01 18:29:31	NETWORK	haay	attempt=1	proxy=http://wiw4v7duaymysz9-session-c65ce3ec19eb-lifetime-10:***@rp.scrapegw.com:6060	ConnectionTimeoutError: Connection timeout to host https://discord.com/api/v9/unique-username/username-attempt-unauthed
2026-09-01 18:29:31	NETWORK	habp	attempt=1	proxy=http://wiw4v7duaymysz9-session-021beb4ddecb-lifetime-10:***@rp.scrapegw.com:6060	ConnectionTimeoutError: Connection timeout to host https://discord.com/api/v9/unique-username/username-attempt-unauthed
2026-09-01 18:29:31	NETWORK	habd	attempt=1	proxy=http://wiw4v7duaymysz9-session-a023ae9bf0d3-lifetime-10:***@rp.scrapegw.com:6060	ConnectionTimeoutError: Connection timeout to host https://discord.com/api/v9/unique-username/username-attempt-unauthed
2026-09-01 18:29:31	NETWORK	hacp	attempt=1	proxy=http://wiw4v7duaymysz9-session-429ec393c01c-lifetime-10:***@rp.scrapegw.com:6060	ConnectionTimeoutError: Connection timeout to host https://discord.com/api/v9/unique-username/username-attempt-unauthed
2026-09-01 18:29:31	NETWORK	haci	attempt=1	proxy=http://wiw4v7duaymysz9-session-3d06053b695b-lifetime-10:***@rp.scrapegw.com:6060	ConnectionTimeoutError: Connection timeout to host https://discord.com/api/v9/unique-username/username-attempt-unauthed
2026-09-01 18:29:31	NETWORK	hadw	attempt=1	proxy=http://wiw4v7duaymysz9-session-77e733d40631-lifetime-10:***@rp.scrapegw.com:6060	ConnectionTimeoutError: Connection timeout to host https://discord.com/api/v9/unique-username/username-attempt-unauthed
2026-09-01 18:29:32	NETWORK	hbgo	attempt=1	proxy=http://wiw4v7duaymysz9-session-7a9db4106f2e-lifetime-10:***@rp.scrapegw.com:6060	ClientConnectorError: Cannot connect to host discord.com:443 ssl:default [Connection reset by peer]
2026-09-01 18:29:32	HTTP_429	hdpf	attempt=1	proxy=http://wiw4v7duaymysz9-session-bea371b4707f-lifetime-10:***@rp.scrapegw.com:6060	scope=shared global=False retry_after=2061.00s
2026-09-01 18:29:32	HTTP_429	hdlh	attempt=1	proxy=http://wiw4v7duaymysz9-session-a70404b5a854-lifetime-10:***@rp.scrapegw.com:6060	scope=shared global=False retry_after=405.00s
2026-09-01 18:29:32	NETWORK	hbta	attempt=1	proxy=http://wiw4v7duaymysz9-session-f2a32c15aca9-lifetime-10:***@rp.scrapegw.com:6060	ClientConnectorError: Cannot connect to host discord.com:443 ssl:default [Connection reset by peer]
2026-09-01 18:29:32	NETWORK	hbqd	attempt=1	proxy=http://wiw4v7duaymysz9-session-2a2382ad69a2-lifetime-10:***@rp.scrapegw.com:6060	ClientConnectorError: Cannot connect to host discord.com:443 ssl:default [Connection reset by peer]
2026-09-01 18:29:32	HTTP_429	hdaz	attempt=1	proxy=http://wiw4v7duaymysz9-session-7ed3654f0e00-lifetime-10:***@rp.scrapegw.com:6060	scope=shared global=False retry_after=1247.03s
2026-09-01 18:29:32	HTTP_429	haen	attempt=1	proxy=http://wiw4v7duaymysz9-session-11d51196b444-lifetime-10:***@rp.scrapegw.com:6060	scope=shared global=False retry_after=1035.00s
2026-09-01 18:29:32	NETWORK	haep	attempt=1	proxy=http://wiw4v7duaymysz9-session-5253cbf4ea04-lifetime-10:***@rp.scrapegw.com:6060	ConnectionTimeoutError: Connection timeout to host https://discord.com/api/v9/unique-username/username-attempt-unauthed
2026-09-01 18:29:32	NETWORK	hanl	attempt=1	proxy=http://wiw4v7duaymysz9-session-57be82d3c5da-lifetime-10:***@rp.scrapegw.com:6060	ConnectionTimeoutError: Connection timeout to host https://discord.com/api/v9/unique-username/username-attempt-unauthed
2026-09-01 18:29:32	NETWORK	hagz	attempt=1	proxy=http://wiw4v7duaymysz9-session-15e590782847-lifetime-10:***@rp.scrapegw.com:6060	ConnectionTimeoutError: Connection timeout to host https://discord.com/api/v9/unique-username/username-attempt-unauthed
2026-09-01 18:29:32	NETWORK	haic	attempt=1	proxy=http://wiw4v7duaymysz9-session-174dc70934d5-lifetime-10:***@rp.scrapegw.com:6060	ConnectionTimeoutError: Connection timeout to host https://discord.com/api/v9/unique-username/username-attempt-unauthed
2026-09-01 18:29:32	NETWORK	haop	attempt=1	proxy=http://wiw4v7duaymysz9-session-44bf0179a9db-lifetime-10:***@rp.scrapegw.com:6060	ConnectionTimeoutError: Connection timeout to host https://discord.com/api/v9/unique-username/username-attempt-unauthed
2026-09-01 18:29:32	NETWORK	hapj	attempt=1	proxy=http://wiw4v7duaymysz9-session-e39026c23523-lifetime-10:***@rp.scrapegw.com:6060	ConnectionTimeoutError: Connection timeout to host https://discord.com/api/v9/unique-username/username-attempt-unauthed
2026-09-01 18:29:32	NETWORK	haoq	attempt=1	proxy=http://wiw4v7duaymysz9-session-5efcdf49ddc3-lifetime-10:***@rp.scrapegw.com:6060	ConnectionTimeoutError: Connection timeout to host https://discord.com/api/v9/unique-username/username-attempt-unauthed
2026-09-01 18:29:32	NETWORK	hapd	attempt=1	proxy=http://wiw4v7duaymysz9-session-acdbad89ace2-lifetime-10:***@rp.scrapegw.com:6060	ConnectionTimeoutError: Connection timeout to host https://discord.com/api/v9/unique-username/username-attempt-unauthed
2026-09-01 18:29:32	NETWORK	haot	attempt=1	proxy=http://wiw4v7duaymysz9-session-124544c5edad-lifetime-10:***@rp.scrapegw.com:6060	ConnectionTimeoutError: Connection timeout to host https://discord.com/api/v9/unique-username/username-attempt-unauthed
2026-09-01 18:29:32	NETWORK	haol	attempt=1	proxy=http://wiw4v7duaymysz9-session-98586c209306-lifetime-10:***@rp.scrapegw.com:6060	ConnectionTimeoutError: Connection timeout to host https://discord.com/api/v9/unique-username/username-attempt-unauthed
2026-09-01 18:29:32	NETWORK	hajd	attempt=1	proxy=http://wiw4v7duaymysz9-session-2c3074f47fbb-lifetime-10:***@rp.scrapegw.com:6060	ConnectionTimeoutError: Connection timeout to host https://discord.com/api/v9/unique-username/username-attempt-unauthed
2026-09-01 18:29:32	NETWORK	haei	attempt=1	proxy=http://wiw4v7duaymysz9-session-f30061e97785-lifetime-10:***@rp.scrapegw.com:6060	ConnectionTimeoutError: Connection timeout to host https://discord.com/api/v9/unique-username/username-attempt-unauthed
2026-09-01 18:29:32	NETWORK	hapl	attempt=1	proxy=http://wiw4v7duaymysz9-session-08cbe10271bd-lifetime-10:***@rp.scrapegw.com:6060	ConnectionTimeoutError: Connection timeout to host https://discord.com/api/v9/unique-username/username-attempt-unauthed
2026-09-01 18:29:32	NETWORK	haky	attempt=1	proxy=http://wiw4v7duaymysz9-session-f4b214d6719d-lifetime-10:***@rp.scrapegw.com:6060	ConnectionTimeoutError: Connection timeout to host https://discord.com/api/v9/unique-username/username-attempt-unauthed
2026-09-01 18:29:32	NETWORK	haiv	attempt=1	proxy=http://wiw4v7duaymysz9-session-c9074afc1e4b-lifetime-10:***@rp.scrapegw.com:6060	ConnectionTimeoutError: Connection timeout to host https://discord.com/api/v9/unique-username/username-attempt-unauthed
2026-09-01 18:29:32	NETWORK	haoa	attempt=1	proxy=http://wiw4v7duaymysz9-session-de6f62fe834c-lifetime-10:***@rp.scrapegw.com:6060	ConnectionTimeoutError: Connection timeout to host https://discord.com/api/v9/unique-username/username-attempt-unauthed
2026-09-01 18:29:32	NETWORK	hahq	attempt=1	proxy=http://wiw4v7duaymysz9-session-2264a954d0cc-lifetime-10:***@rp.scrapegw.com:6060	ConnectionTimeoutError: Connection timeout to host https://discord.com/api/v9/unique-username/username-attempt-unauthed
2026-09-01 18:29:32	NETWORK	hadx	attempt=1	proxy=http://wiw4v7duaymysz9-session-3d3c985d2672-lifetime-10:***@rp.scrapegw.com:6060	ConnectionTimeoutError: Connection timeout to host https://discord.com/api/v9/unique-username/username-attempt-unauthed
2026-09-01 18:29:32	NETWORK	haew	attempt=1	proxy=http://wiw4v7duaymysz9-session-4eb3f2ebc4fb-lifetime-10:***@rp.scrapegw.com:6060	ConnectionTimeoutError: Connection timeout to host https://discord.com/api/v9/unique-username/username-attempt-unauthed
2026-09-01 18:29:32	NETWORK	haln	attempt=1	proxy=http://wiw4v7duaymysz9-session-760a36a5cf43-lifetime-10:***@rp.scrapegw.com:6060	ConnectionTimeoutError: Connection timeout to host https://discord.com/api/v9/unique-username/username-attempt-unauthed
2026-09-01 18:29:32	NETWORK	haia	attempt=1	proxy=http://wiw4v7duaymysz9-session-cbb9f36e9855-lifetime-10:***@rp.scrapegw.com:6060	ConnectionTimeoutError: Connection timeout to host https://discord.com/api/v9/unique-username/username-attempt-unauthed
2026-09-01 18:29:32	NETWORK	hamg	attempt=1	proxy=http://wiw4v7duaymysz9-session-61f9e09f9f7f-lifetime-10:***@rp.scrapegw.com:6060	ConnectionTimeoutError: Connection timeout to host https://discord.com/api/v9/unique-username/username-attempt-unauthed
2026-09-01 18:29:32	NETWORK	haka	attempt=1	proxy=http://wiw4v7duaymysz9-session-5900bdb8a047-lifetime-10:***@rp.scrapegw.com:6060	ConnectionTimeoutError: Connection timeout to host https://discord.com/api/v9/unique-username/username-attempt-unauthed
2026-09-01 18:29:32	NETWORK	hajf	attempt=1	proxy=http://wiw4v7duaymysz9-session-d9a1c541b2af-lifetime-10:***@rp.scrapegw.com:6060	ConnectionTimeoutError: Connection timeout to host https://discord.com/api/v9/unique-username/username-attempt-unauthed
2026-09-01 18:29:32	NETWORK	haex	attempt=1	proxy=http://wiw4v7duaymysz9-session-f6772ae212a6-lifetime-10:***@rp.scrapegw.com:6060	ConnectionTimeoutError: Connection timeout to host https://discord.com/api/v9/unique-username/username-attempt-unauthed
2026-09-01 18:29:32	NETWORK	hajb	attempt=1	proxy=http://wiw4v7duaymysz9-session-afec53255477-lifetime-10:***@rp.scrapegw.com:6060	ConnectionTimeoutError: Connection timeout to host https://discord.com/api/v9/unique-username/username-attempt-unauthed
2026-09-01 18:29:32	NETWORK	hakj	attempt=1	proxy=http://wiw4v7duaymysz9-session-41537fd7e906-lifetime-10:***@rp.scrapegw.com:6060	ConnectionTimeoutError: Connection timeout to host https://discord.com/api/v9/unique-username/username-attempt-unauthed
2026-09-01 18:29:32	NETWORK	hahm	attempt=1	proxy=http://wiw4v7duaymysz9-session-81903af7cd5e-lifetime-10:***@rp.scrapegw.com:6060	ConnectionTimeoutError: Connection timeout to host https://discord.com/api/v9/unique-username/username-attempt-unauthed
2026-09-01 18:29:32	NETWORK	halj	attempt=1	proxy=http://wiw4v7duaymysz9-session-6764babbc6e8-lifetime-10:***@rp.scrapegw.com:6060	ConnectionTimeoutError: Connection timeout to host https://discord.com/api/v9/unique-username/username-attempt-unauthed
2026-09-01 18:29:32	NETWORK	hagh	attempt=1	proxy=http://wiw4v7duaymysz9-session-32e6bb66ad19-lifetime-10:***@rp.scrapegw.com:6060	ConnectionTimeoutError: Connection timeout to host https://discord.com/api/v9/unique-username/username-attempt-unauthed
2026-09-01 18:29:32	NETWORK	hahp	attempt=1	proxy=http://wiw4v7duaymysz9-session-8181a370a576-lifetime-10:***@rp.scrapegw.com:6060	ConnectionTimeoutError: Connection timeout to host https://discord.com/api/v9/unique-username/username-attempt-unauthed
2026-09-01 18:29:32	NETWORK	haqg	attempt=1	proxy=http://wiw4v7duaymysz9-session-f89602b8df8a-lifetime-10:***@rp.scrapegw.com:6060	ConnectionTimeoutError: Connection timeout to host https://discord.com/api/v9/unique-username/username-attempt-unauthed
2026-09-01 18:29:32	NETWORK	haqb	attempt=1	proxy=http://wiw4v7duaymysz9-session-4aaf987bb1e6-lifetime-10:***@rp.scrapegw.com:6060	ConnectionTimeoutError: Connection timeout to host https://discord.com/api/v9/unique-username/username-attempt-unauthed
2026-09-01 18:29:32	NETWORK	hapx	attempt=1	proxy=http://wiw4v7duaymysz9-session-cce48556a030-lifetime-10:***@rp.scrapegw.com:6060	ConnectionTimeoutError: Connection timeout to host https://discord.com/api/v9/unique-username/username-attempt-unauthed
2026-09-01 18:29:32	NETWORK	haqh	attempt=1	proxy=http://wiw4v7duaymysz9-session-e29374a17df6-lifetime-10:***@rp.scrapegw.com:6060	ConnectionTimeoutError: Connection timeout to host https://discord.com/api/v9/unique-username/username-attempt-unauthed
2026-09-01 18:29:32	NETWORK	hanz	attempt=1	proxy=http://wiw4v7duaymysz9-session-459750a386c0-lifetime-10:***@rp.scrapegw.com:6060	ConnectionTimeoutError: Connection timeout to host https://discord.com/api/v9/unique-username/username-attempt-unauthed
2026-09-01 18:29:32	NETWORK	hahz	attempt=1	proxy=http://wiw4v7duaymysz9-session-8be11ff92410-lifetime-10:***@rp.scrapegw.com:6060	ConnectionTimeoutError: Connection timeout to host https://discord.com/api/v9/unique-username/username-attempt-unauthed
2026-09-01 18:29:32	NETWORK	haon	attempt=1	proxy=http://wiw4v7duaymysz9-session-28bac123b792-lifetime-10:***@rp.scrapegw.com:6060	ConnectionTimeoutError: Connection timeout to host https://discord.com/api/v9/unique-username/username-attempt-unauthed
2026-09-01 18:29:32	NETWORK	haeb	attempt=1	proxy=http://wiw4v7duaymysz9-session-5fc08aa5f2d6-lifetime-10:***@rp.scrapegw.com:6060	ConnectionTimeoutError: Connection timeout to host https://discord.com/api/v9/unique-username/username-attempt-unauthed
2026-09-01 18:29:32	NETWORK	hakn	attempt=1	proxy=http://wiw4v7duaymysz9-session-74e41304d592-lifetime-10:***@rp.scrapegw.com:6060	ConnectionTimeoutError: Connection timeout to host https://discord.com/api/v9/unique-username/username-attempt-unauthed
2026-09-01 18:29:32	NETWORK	hakz	attempt=1	proxy=http://wiw4v7duaymysz9-session-4242c3afeeec-lifetime-10:***@rp.scrapegw.com:6060	ConnectionTimeoutError: Connection timeout to host https://discord.com/api/v9/unique-username/username-attempt-unauthed
2026-09-01 18:29:32	NETWORK	hany	attempt=1	proxy=http://wiw4v7duaymysz9-session-99a09f45eb34-lifetime-10:***@rp.scrapegw.com:6060	ConnectionTimeoutError: Connection timeout to host https://discord.com/api/v9/unique-username/username-attempt-unauthed
2026-09-01 18:29:32	NETWORK	hamn	attempt=1	proxy=http://wiw4v7duaymysz9-session-888217107d58-lifetime-10:***@rp.scrapegw.com:6060	ConnectionTimeoutError: Connection timeout to host https://discord.com/api/v9/unique-username/username-attempt-unauthed
2026-09-01 18:29:32	NETWORK	hapr	attempt=1	proxy=http://wiw4v7duaymysz9-session-1b0922114ae2-lifetime-10:***@rp.scrapegw.com:6060	ConnectionTimeoutError: Connection timeout to host https://discord.com/api/v9/unique-username/username-attempt-unauthed
2026-09-01 18:29:32	NETWORK	hbdw	attempt=1	proxy=http://wiw4v7duaymysz9-session-5400ebb02b10-lifetime-10:***@rp.scrapegw.com:6060	ClientConnectorError: Cannot connect to host discord.com:443 ssl:default [Connection reset by peer]
2026-09-01 18:29:32	HTTP_429	hdrk	attempt=1	proxy=http://wiw4v7duaymysz9-session-47dc68775795-lifetime-10:***@rp.scrapegw.com:6060	scope=shared global=False retry_after=1156.00s
2026-09-01 18:29:33	HTTP_429	hdwg	attempt=1	proxy=http://wiw4v7duaymysz9-session-738711981afe-lifetime-10:***@rp.scrapegw.com:6060	scope=shared global=False retry_after=1619.00s
2026-09-01 18:29:33	HTTP_429	hdvj	attempt=1	proxy=http://wiw4v7duaymysz9-session-c2bdf7c95ab2-lifetime-10:***@rp.scrapegw.com:6060	scope=shared global=False retry_after=208.00s
2026-09-01 18:29:33	HTTP_429	hdwy	attempt=1	proxy=http://wiw4v7duaymysz9-session-a598eaf0cdfc-lifetime-10:***@rp.scrapegw.com:6060	scope=shared global=False retry_after=75.00s
2026-09-01 18:29:33	NETWORK	hbiw	attempt=1	proxy=http://wiw4v7duaymysz9-session-fabba18eaff1-lifetime-10:***@rp.scrapegw.com:6060	ClientConnectorError: Cannot connect to host discord.com:443 ssl:default [Connection reset by peer]
2026-09-01 18:29:33	NETWORK	haud	attempt=1	proxy=http://wiw4v7duaymysz9-session-f693ba1bbee8-lifetime-10:***@rp.scrapegw.com:6060	ConnectionTimeoutError: Connection timeout to host https://discord.com/api/v9/unique-username/username-attempt-unauthed
2026-09-01 18:29:33	NETWORK	havz	attempt=1	proxy=http://wiw4v7duaymysz9-session-c3d2abdf2e11-lifetime-10:***@rp.scrapegw.com:6060	ConnectionTimeoutError: Connection timeout to host https://discord.com/api/v9/unique-username/username-attempt-unauthed
2026-09-01 18:29:33	NETWORK	haxb	attempt=1	proxy=http://wiw4v7duaymysz9-session-a26e3ef4d3b5-lifetime-10:***@rp.scrapegw.com:6060	ConnectionTimeoutError: Connection timeout to host https://discord.com/api/v9/unique-username/username-attempt-unauthed
2026-09-01 18:29:33	NETWORK	hauo	attempt=1	proxy=http://wiw4v7duaymysz9-session-4fa67fcd0892-lifetime-10:***@rp.scrapegw.com:6060	ConnectionTimeoutError: Connection timeout to host https://discord.com/api/v9/unique-username/username-attempt-unauthed
2026-09-01 18:29:33	NETWORK	hasw	attempt=1	proxy=http://wiw4v7duaymysz9-session-754c071c180a-lifetime-10:***@rp.scrapegw.com:6060	ConnectionTimeoutError: Connection timeout to host https://discord.com/api/v9/unique-username/username-attempt-unauthed
2026-09-01 18:29:33	NETWORK	haux	attempt=1	proxy=http://wiw4v7duaymysz9-session-053604479e84-lifetime-10:***@rp.scrapegw.com:6060	ConnectionTimeoutError: Connection timeout to host https://discord.com/api/v9/unique-username/username-attempt-unauthed
2026-09-01 18:29:33	NETWORK	hark	attempt=1	proxy=http://wiw4v7duaymysz9-session-1706fb4a3962-lifetime-10:***@rp.scrapegw.com:6060	ConnectionTimeoutError: Connection timeout to host https://discord.com/api/v9/unique-username/username-attempt-unauthed
2026-09-01 18:29:33	NETWORK	hawf	attempt=1	proxy=http://wiw4v7duaymysz9-session-0afd766e45a3-lifetime-10:***@rp.scrapegw.com:6060	ConnectionTimeoutError: Connection timeout to host https://discord.com/api/v9/unique-username/username-attempt-unauthed
2026-09-01 18:29:33	NETWORK	hawd	attempt=1	proxy=http://wiw4v7duaymysz9-session-2728d33655a3-lifetime-10:***@rp.scrapegw.com:6060	ConnectionTimeoutError: Connection timeout to host https://discord.com/api/v9/unique-username/username-attempt-unauthed
2026-09-01 18:29:33	NETWORK	hatp	attempt=1	proxy=http://wiw4v7duaymysz9-session-fb22194ce70b-lifetime-10:***@rp.scrapegw.com:6060	ConnectionTimeoutError: Connection timeout to host https://discord.com/api/v9/unique-username/username-attempt-unauthed
2026-09-01 18:29:33	NETWORK	haxh	attempt=1	proxy=http://wiw4v7duaymysz9-session-4063c2b7eeef-lifetime-10:***@rp.scrapegw.com:6060	ConnectionTimeoutError: Connection timeout to host https://discord.com/api/v9/unique-username/username-attempt-unauthed
2026-09-01 18:29:33	NETWORK	haty	attempt=1	proxy=http://wiw4v7duaymysz9-session-1254f3caa3cf-lifetime-10:***@rp.scrapegw.com:6060	ConnectionTimeoutError: Connection timeout to host https://discord.com/api/v9/unique-username/username-attempt-unauthed
2026-09-01 18:29:33	NETWORK	hatw	attempt=1	proxy=http://wiw4v7duaymysz9-session-f4abaaaccdf6-lifetime-10:***@rp.scrapegw.com:6060	ConnectionTimeoutError: Connection timeout to host https://discord.com/api/v9/unique-username/username-attempt-unauthed
2026-09-01 18:29:33	NETWORK	hauz	attempt=1	proxy=http://wiw4v7duaymysz9-session-a384637fb209-lifetime-10:***@rp.scrapegw.com:6060	ConnectionTimeoutError: Connection timeout to host https://discord.com/api/v9/unique-username/username-attempt-unauthed
2026-09-01 18:29:33	NETWORK	hawu	attempt=1	proxy=http://wiw4v7duaymysz9-session-ad1aa076d12c-lifetime-10:***@rp.scrapegw.com:6060	ConnectionTimeoutError: Connection timeout to host https://discord.com/api/v9/unique-username/username-attempt-unauthed
2026-09-01 18:29:33	NETWORK	hatl	attempt=1	proxy=http://wiw4v7duaymysz9-session-5a466d5e781c-lifetime-10:***@rp.scrapegw.com:6060	ConnectionTimeoutError: Connection timeout to host https://discord.com/api/v9/unique-username/username-attempt-unauthed
2026-09-01 18:29:33	NETWORK	harh	attempt=1	proxy=http://wiw4v7duaymysz9-session-a3320aac223f-lifetime-10:***@rp.scrapegw.com:6060	ConnectionTimeoutError: Connection timeout to host https://discord.com/api/v9/unique-username/username-attempt-unauthed
2026-09-01 18:29:33	NETWORK	haqq	attempt=1	proxy=http://wiw4v7duaymysz9-session-cce3aba68abd-lifetime-10:***@rp.scrapegw.com:6060	ConnectionTimeoutError: Connection timeout to host https://discord.com/api/v9/unique-username/username-attempt-unauthed
2026-09-01 18:29:33	NETWORK	havh	attempt=1	proxy=http://wiw4v7duaymysz9-session-513f956b13d2-lifetime-10:***@rp.scrapegw.com:6060	ConnectionTimeoutError: Connection timeout to host https://discord.com/api/v9/unique-username/username-attempt-unauthed
2026-09-01 18:29:33	NETWORK	haxt	attempt=1	proxy=http://wiw4v7duaymysz9-session-b5b70ef01e47-lifetime-10:***@rp.scrapegw.com:6060	ConnectionTimeoutError: Connection timeout to host https://discord.com/api/v9/unique-username/username-attempt-unauthed
2026-09-01 18:29:33	NETWORK	hawj	attempt=1	proxy=http://wiw4v7duaymysz9-session-78bbcba92aa4-lifetime-10:***@rp.scrapegw.com:6060	ConnectionTimeoutError: Connection timeout to host https://discord.com/api/v9/unique-username/username-attempt-unauthed
2026-09-01 18:29:33	NETWORK	hatj	attempt=1	proxy=http://wiw4v7duaymysz9-session-ab33ca5abe37-lifetime-10:***@rp.scrapegw.com:6060	ConnectionTimeoutError: Connection timeout to host https://discord.com/api/v9/unique-username/username-attempt-unauthed
2026-09-01 18:29:33	NETWORK	hauy	attempt=1	proxy=http://wiw4v7duaymysz9-session-8f0effa089e1-lifetime-10:***@rp.scrapegw.com:6060	ConnectionTimeoutError: Connection timeout to host https://discord.com/api/v9/unique-username/username-attempt-unauthed
2026-09-01 18:29:33	NETWORK	haup	attempt=1	proxy=http://wiw4v7duaymysz9-session-fc26d7ffd180-lifetime-10:***@rp.scrapegw.com:6060	ConnectionTimeoutError: Connection timeout to host https://discord.com/api/v9/unique-username/username-attempt-unauthed
2026-09-01 18:29:33	NETWORK	haxo	attempt=1	proxy=http://wiw4v7duaymysz9-session-707bdcc954f1-lifetime-10:***@rp.scrapegw.com:6060	ConnectionTimeoutError: Connection timeout to host https://discord.com/api/v9/unique-username/username-attempt-unauthed
2026-09-01 18:29:33	NETWORK	haww	attempt=1	proxy=http://wiw4v7duaymysz9-session-8462f7b948d6-lifetime-10:***@rp.scrapegw.com:6060	ConnectionTimeoutError: Connection timeout to host https://discord.com/api/v9/unique-username/username-attempt-unauthed
2026-09-01 18:29:33	NETWORK	hayk	attempt=1	proxy=http://wiw4v7duaymysz9-session-2b0bf49bc388-lifetime-10:***@rp.scrapegw.com:6060	ConnectionTimeoutError: Connection timeout to host https://discord.com/api/v9/unique-username/username-attempt-unauthed
2026-09-01 18:29:33	NETWORK	haxm	attempt=1	proxy=http://wiw4v7duaymysz9-session-7e1c65a81841-lifetime-10:***@rp.scrapegw.com:6060	ConnectionTimeoutError: Connection timeout to host https://discord.com/api/v9/unique-username/username-attempt-unauthed
2026-09-01 18:29:33	NETWORK	haza	attempt=1	proxy=http://wiw4v7duaymysz9-session-7de1bd62e39c-lifetime-10:***@rp.scrapegw.com:6060	ConnectionTimeoutError: Connection timeout to host https://discord.com/api/v9/unique-username/username-attempt-unauthed
2026-09-01 18:29:33	NETWORK	hayg	attempt=1	proxy=http://wiw4v7duaymysz9-session-e89055467b50-lifetime-10:***@rp.scrapegw.com:6060	ConnectionTimeoutError: Connection timeout to host https://discord.com/api/v9/unique-username/username-attempt-unauthed
2026-09-01 18:29:33	NETWORK	haul	attempt=1	proxy=http://wiw4v7duaymysz9-session-573e55d29e34-lifetime-10:***@rp.scrapegw.com:6060	ConnectionTimeoutError: Connection timeout to host https://discord.com/api/v9/unique-username/username-attempt-unauthed
2026-09-01 18:29:33	NETWORK	haur	attempt=1	proxy=http://wiw4v7duaymysz9-session-b72355bcbadb-lifetime-10:***@rp.scrapegw.com:6060	ConnectionTimeoutError: Connection timeout to host https://discord.com/api/v9/unique-username/username-attempt-unauthed
2026-09-01 18:29:33	NETWORK	haxx	attempt=1	proxy=http://wiw4v7duaymysz9-session-e3ebd3be0dec-lifetime-10:***@rp.scrapegw.com:6060	ConnectionTimeoutError: Connection timeout to host https://discord.com/api/v9/unique-username/username-attempt-unauthed
2026-09-01 18:29:34	NETWORK	hazj	attempt=1	proxy=http://wiw4v7duaymysz9-session-21b870d24655-lifetime-10:***@rp.scrapegw.com:6060	ClientConnectorError: Cannot connect to host discord.com:443 ssl:default [Connection reset by peer]
2026-09-01 18:29:34	NETWORK	hbxp	attempt=1	proxy=http://wiw4v7duaymysz9-session-574cf93cd7bb-lifetime-10:***@rp.scrapegw.com:6060	ClientConnectorError: Cannot connect to host discord.com:443 ssl:default [Connection reset by peer]
2026-09-01 18:29:34	NETWORK	hbzr	attempt=1	proxy=http://wiw4v7duaymysz9-session-7f1740dfee78-lifetime-10:***@rp.scrapegw.com:6060	ClientConnectorCertificateError: Cannot connect to host discord.com:443 ssl:True [SSLCertVerificationError: (1, '[SSL: CERTIFICATE_VERIFY_FAILED] certificate verify failed: self-signed certificate (_ssl.c:1081)')]
2026-09-01 18:29:34	NETWORK	hbas	attempt=1	proxy=http://wiw4v7duaymysz9-session-9869fba26925-lifetime-10:***@rp.scrapegw.com:6060	ConnectionTimeoutError: Connection timeout to host https://discord.com/api/v9/unique-username/username-attempt-unauthed
2026-09-01 18:29:34	NETWORK	hbho	attempt=1	proxy=http://wiw4v7duaymysz9-session-4966ecee2c12-lifetime-10:***@rp.scrapegw.com:6060	ConnectionTimeoutError: Connection timeout to host https://discord.com/api/v9/unique-username/username-attempt-unauthed
2026-09-01 18:29:34	NETWORK	hbds	attempt=1	proxy=http://wiw4v7duaymysz9-session-248e03057c54-lifetime-10:***@rp.scrapegw.com:6060	ConnectionTimeoutError: Connection timeout to host https://discord.com/api/v9/unique-username/username-attempt-unauthed
2026-09-01 18:29:34	NETWORK	hbdp	attempt=1	proxy=http://wiw4v7duaymysz9-session-26c7455e3fd1-lifetime-10:***@rp.scrapegw.com:6060	ConnectionTimeoutError: Connection timeout to host https://discord.com/api/v9/unique-username/username-attempt-unauthed
2026-09-01 18:29:34	NETWORK	hbcw	attempt=1	proxy=http://wiw4v7duaymysz9-session-a1d1e026e501-lifetime-10:***@rp.scrapegw.com:6060	ConnectionTimeoutError: Connection timeout to host https://discord.com/api/v9/unique-username/username-attempt-unauthed
2026-09-01 18:29:34	NETWORK	hbcm	attempt=1	proxy=http://wiw4v7duaymysz9-session-39397ebe83d7-lifetime-10:***@rp.scrapegw.com:6060	ConnectionTimeoutError: Connection timeout to host https://discord.com/api/v9/unique-username/username-attempt-unauthed
2026-09-01 18:29:34	NETWORK	hbcj	attempt=1	proxy=http://wiw4v7duaymysz9-session-8e96818bb214-lifetime-10:***@rp.scrapegw.com:6060	ConnectionTimeoutError: Connection timeout to host https://discord.com/api/v9/unique-username/username-attempt-unauthed
2026-09-01 18:29:34	NETWORK	hbcc	attempt=1	proxy=http://wiw4v7duaymysz9-session-de1576b2eb47-lifetime-10:***@rp.scrapegw.com:6060	ConnectionTimeoutError: Connection timeout to host https://discord.com/api/v9/unique-username/username-attempt-unauthed
2026-09-01 18:29:34	NETWORK	hbgn	attempt=1	proxy=http://wiw4v7duaymysz9-session-7ad50fa6978d-lifetime-10:***@rp.scrapegw.com:6060	ConnectionTimeoutError: Connection timeout to host https://discord.com/api/v9/unique-username/username-attempt-unauthed
2026-09-01 18:29:34	NETWORK	hazz	attempt=1	proxy=http://wiw4v7duaymysz9-session-4f8e61ee2e54-lifetime-10:***@rp.scrapegw.com:6060	ConnectionTimeoutError: Connection timeout to host https://discord.com/api/v9/unique-username/username-attempt-unauthed
2026-09-01 18:29:34	NETWORK	hbhr	attempt=1	proxy=http://wiw4v7duaymysz9-session-53944bc1040b-lifetime-10:***@rp.scrapegw.com:6060	ConnectionTimeoutError: Connection timeout to host https://discord.com/api/v9/unique-username/username-attempt-unauthed
2026-09-01 18:29:34	NETWORK	hbbf	attempt=1	proxy=http://wiw4v7duaymysz9-session-bfdab8276858-lifetime-10:***@rp.scrapegw.com:6060	ConnectionTimeoutError: Connection timeout to host https://discord.com/api/v9/unique-username/username-attempt-unauthed
2026-09-01 18:29:34	NETWORK	hazi	attempt=1	proxy=http://wiw4v7duaymysz9-session-3f0ec15db9a6-lifetime-10:***@rp.scrapegw.com:6060	ConnectionTimeoutError: Connection timeout to host https://discord.com/api/v9/unique-username/username-attempt-unauthed
2026-09-01 18:29:34	NETWORK	hbft	attempt=1	proxy=http://wiw4v7duaymysz9-session-126f7d0a42c7-lifetime-10:***@rp.scrapegw.com:6060	ConnectionTimeoutError: Connection timeout to host https://discord.com/api/v9/unique-username/username-attempt-unauthed
2026-09-01 18:29:34	NETWORK	hbgu	attempt=1	proxy=http://wiw4v7duaymysz9-session-69debd78f368-lifetime-10:***@rp.scrapegw.com:6060	ConnectionTimeoutError: Connection timeout to host https://discord.com/api/v9/unique-username/username-attempt-unauthed
2026-09-01 18:29:34	NETWORK	hbfa	attempt=1	proxy=http://wiw4v7duaymysz9-session-541815f37a2d-lifetime-10:***@rp.scrapegw.com:6060	ConnectionTimeoutError: Connection timeout to host https://discord.com/api/v9/unique-username/username-attempt-unauthed
2026-09-01 18:29:34	NETWORK	hber	attempt=1	proxy=http://wiw4v7duaymysz9-session-37462b7b6ebc-lifetime-10:***@rp.scrapegw.com:6060	ConnectionTimeoutError: Connection timeout to host https://discord.com/api/v9/unique-username/username-attempt-unauthed
2026-09-01 18:29:34	NETWORK	hbhd	attempt=1	proxy=http://wiw4v7duaymysz9-session-96b4320fd247-lifetime-10:***@rp.scrapegw.com:6060	ConnectionTimeoutError: Connection timeout to host https://discord.com/api/v9/unique-username/username-attempt-unauthed
2026-09-01 18:29:34	NETWORK	hbdi	attempt=1	proxy=http://wiw4v7duaymysz9-session-bed0b3385653-lifetime-10:***@rp.scrapegw.com:6060	ConnectionTimeoutError: Connection timeout to host https://discord.com/api/v9/unique-username/username-attempt-unauthed
2026-09-01 18:29:34	NETWORK	hbgm	attempt=1	proxy=http://wiw4v7duaymysz9-session-e91fa0ef2e1e-lifetime-10:***@rp.scrapegw.com:6060	ConnectionTimeoutError: Connection timeout to host https://discord.com/api/v9/unique-username/username-attempt-unauthed
2026-09-01 18:29:34	NETWORK	hbdg	attempt=1	proxy=http://wiw4v7duaymysz9-session-1bd79ead8bb7-lifetime-10:***@rp.scrapegw.com:6060	ConnectionTimeoutError: Connection timeout to host https://discord.com/api/v9/unique-username/username-attempt-unauthed
2026-09-01 18:29:34	NETWORK	hbdc	attempt=1	proxy=http://wiw4v7duaymysz9-session-977e3703e79c-lifetime-10:***@rp.scrapegw.com:6060	ConnectionTimeoutError: Connection timeout to host https://discord.com/api/v9/unique-username/username-attempt-unauthed
2026-09-01 18:29:34	NETWORK	hbfw	attempt=1	proxy=http://wiw4v7duaymysz9-session-b3077944b5d8-lifetime-10:***@rp.scrapegw.com:6060	ConnectionTimeoutError: Connection timeout to host https://discord.com/api/v9/unique-username/username-attempt-unauthed
2026-09-01 18:29:34	NETWORK	hbee	attempt=1	proxy=http://wiw4v7duaymysz9-session-4b209376c993-lifetime-10:***@rp.scrapegw.com:6060	ConnectionTimeoutError: Connection timeout to host https://discord.com/api/v9/unique-username/username-attempt-unauthed
2026-09-01 18:29:34	NETWORK	hbfr	attempt=1	proxy=http://wiw4v7duaymysz9-session-03072c1272b5-lifetime-10:***@rp.scrapegw.com:6060	ConnectionTimeoutError: Connection timeout to host https://discord.com/api/v9/unique-username/username-attempt-unauthed
2026-09-01 18:29:34	NETWORK	hbck	attempt=1	proxy=http://wiw4v7duaymysz9-session-6c0429cac918-lifetime-10:***@rp.scrapegw.com:6060	ConnectionTimeoutError: Connection timeout to host https://discord.com/api/v9/unique-username/username-attempt-unauthed
2026-09-01 18:29:34	NETWORK	hbbi	attempt=1	proxy=http://wiw4v7duaymysz9-session-4b9e37878de3-lifetime-10:***@rp.scrapegw.com:6060	ConnectionTimeoutError: Connection timeout to host https://discord.com/api/v9/unique-username/username-attempt-unauthed
2026-09-01 18:29:34	NETWORK	hbfh	attempt=1	proxy=http://wiw4v7duaymysz9-session-a8cc8cd66cdc-lifetime-10:***@rp.scrapegw.com:6060	ConnectionTimeoutError: Connection timeout to host https://discord.com/api/v9/unique-username/username-attempt-unauthed
2026-09-01 18:29:34	NETWORK	hbba	attempt=1	proxy=http://wiw4v7duaymysz9-session-c738abacf8c6-lifetime-10:***@rp.scrapegw.com:6060	ConnectionTimeoutError: Connection timeout to host https://discord.com/api/v9/unique-username/username-attempt-unauthed
2026-09-01 18:29:34	NETWORK	hbaz	attempt=1	proxy=http://wiw4v7duaymysz9-session-d3936125c1c1-lifetime-10:***@rp.scrapegw.com:6060	ConnectionTimeoutError: Connection timeout to host https://discord.com/api/v9/unique-username/username-attempt-unauthed
2026-09-01 18:29:34	NETWORK	hbes	attempt=1	proxy=http://wiw4v7duaymysz9-session-6e78d583c715-lifetime-10:***@rp.scrapegw.com:6060	ConnectionTimeoutError: Connection timeout to host https://discord.com/api/v9/unique-username/username-attempt-unauthed
2026-09-01 18:29:34	NETWORK	hbau	attempt=1	proxy=http://wiw4v7duaymysz9-session-47d23e9134a9-lifetime-10:***@rp.scrapegw.com:6060	ConnectionTimeoutError: Connection timeout to host https://discord.com/api/v9/unique-username/username-attempt-unauthed
2026-09-01 18:29:34	NETWORK	hbih	attempt=1	proxy=http://wiw4v7duaymysz9-session-a795c139b004-lifetime-10:***@rp.scrapegw.com:6060	ConnectionTimeoutError: Connection timeout to host https://discord.com/api/v9/unique-username/username-attempt-unauthed
2026-09-01 18:29:34	NETWORK	hazr	attempt=1	proxy=http://wiw4v7duaymysz9-session-7c33bed1d110-lifetime-10:***@rp.scrapegw.com:6060	ConnectionTimeoutError: Connection timeout to host https://discord.com/api/v9/unique-username/username-attempt-unauthed
2026-09-01 18:29:34	NETWORK	hbhn	attempt=1	proxy=http://wiw4v7duaymysz9-session-07600c9b1775-lifetime-10:***@rp.scrapegw.com:6060	ConnectionTimeoutError: Connection timeout to host https://discord.com/api/v9/unique-username/username-attempt-unauthed
2026-09-01 18:29:34	NETWORK	hbch	attempt=1	proxy=http://wiw4v7duaymysz9-session-1ae37b885f7e-lifetime-10:***@rp.scrapegw.com:6060	ConnectionTimeoutError: Connection timeout to host https://discord.com/api/v9/unique-username/username-attempt-unauthed
2026-09-01 18:29:34	NETWORK	hbia	attempt=1	proxy=http://wiw4v7duaymysz9-session-19e564d0bfda-lifetime-10:***@rp.scrapegw.com:6060	ConnectionTimeoutError: Connection timeout to host https://discord.com/api/v9/unique-username/username-attempt-unauthed
2026-09-01 18:29:34	NETWORK	hemb	attempt=1	proxy=http://wiw4v7duaymysz9-session-789b0749d6a0-lifetime-10:***@rp.scrapegw.com:6060	ServerDisconnectedError: Server disconnected
2026-09-01 18:29:34	NETWORK	hcfr	attempt=1	proxy=http://wiw4v7duaymysz9-session-d2678eea67e1-lifetime-10:***@rp.scrapegw.com:6060	ClientConnectorError: Cannot connect to host discord.com:443 ssl:default [Connection reset by peer]
2026-09-01 18:29:35	HTTP_429	hemj	attempt=1	proxy=http://wiw4v7duaymysz9-session-82f5d9b2b5ff-lifetime-10:***@rp.scrapegw.com:6060	scope=shared global=False retry_after=1246.00s
2026-09-01 18:29:35	HTTP_429	hekf	attempt=1	proxy=http://wiw4v7duaymysz9-session-7d02c9df132e-lifetime-10:***@rp.scrapegw.com:6060	scope=shared global=False retry_after=2087.00s
2026-09-01 18:29:35	HTTP_429	hepo	attempt=1	proxy=http://wiw4v7duaymysz9-session-13cbcfcd3167-lifetime-10:***@rp.scrapegw.com:6060	scope=shared global=False retry_after=2060.00s
2026-09-01 18:29:35	HTTP_429	heqw	attempt=1	proxy=http://wiw4v7duaymysz9-session-81b306cbefb4-lifetime-10:***@rp.scrapegw.com:6060	scope=shared global=False retry_after=2054.00s
2026-09-01 18:29:35	NETWORK	hboh	attempt=1	proxy=http://wiw4v7duaymysz9-session-4efe34970cde-lifetime-10:***@rp.scrapegw.com:6060	ConnectionTimeoutError: Connection timeout to host https://discord.com/api/v9/unique-username/username-attempt-unauthed
2026-09-01 18:29:35	NETWORK	hbmw	attempt=1	proxy=http://wiw4v7duaymysz9-session-5a4ca4c973f0-lifetime-10:***@rp.scrapegw.com:6060	ConnectionTimeoutError: Connection timeout to host https://discord.com/api/v9/unique-username/username-attempt-unauthed
2026-09-01 18:29:35	NETWORK	hbmb	attempt=1	proxy=http://wiw4v7duaymysz9-session-87339fdd8ebf-lifetime-10:***@rp.scrapegw.com:6060	ConnectionTimeoutError: Connection timeout to host https://discord.com/api/v9/unique-username/username-attempt-unauthed
2026-09-01 18:29:35	NETWORK	hblo	attempt=1	proxy=http://wiw4v7duaymysz9-session-d7ee36d4296d-lifetime-10:***@rp.scrapegw.com:6060	ConnectionTimeoutError: Connection timeout to host https://discord.com/api/v9/unique-username/username-attempt-unauthed
2026-09-01 18:29:35	NETWORK	hbpr	attempt=1	proxy=http://wiw4v7duaymysz9-session-9df4e06b5eb5-lifetime-10:***@rp.scrapegw.com:6060	ConnectionTimeoutError: Connection timeout to host https://discord.com/api/v9/unique-username/username-attempt-unauthed
2026-09-01 18:29:35	NETWORK	hbnl	attempt=1	proxy=http://wiw4v7duaymysz9-session-81cb2dbd28d5-lifetime-10:***@rp.scrapegw.com:6060	ConnectionTimeoutError: Connection timeout to host https://discord.com/api/v9/unique-username/username-attempt-unauthed
2026-09-01 18:29:35	NETWORK	hbiz	attempt=1	proxy=http://wiw4v7duaymysz9-session-8f0adba67b00-lifetime-10:***@rp.scrapegw.com:6060	ConnectionTimeoutError: Connection timeout to host https://discord.com/api/v9/unique-username/username-attempt-unauthed
2026-09-01 18:29:35	NETWORK	hbpg	attempt=1	proxy=http://wiw4v7duaymysz9-session-773a61f2668c-lifetime-10:***@rp.scrapegw.com:6060	ConnectionTimeoutError: Connection timeout to host https://discord.com/api/v9/unique-username/username-attempt-unauthed
2026-09-01 18:29:35	NETWORK	hbov	attempt=1	proxy=http://wiw4v7duaymysz9-session-9eb0aef2bbb1-lifetime-10:***@rp.scrapegw.com:6060	ConnectionTimeoutError: Connection timeout to host https://discord.com/api/v9/unique-username/username-attempt-unauthed
2026-09-01 18:29:35	NETWORK	hbof	attempt=1	proxy=http://wiw4v7duaymysz9-session-7e1e04ca2804-lifetime-10:***@rp.scrapegw.com:6060	ConnectionTimeoutError: Connection timeout to host https://discord.com/api/v9/unique-username/username-attempt-unauthed
2026-09-01 18:29:35	NETWORK	hboe	attempt=1	proxy=http://wiw4v7duaymysz9-session-f870060d7ab4-lifetime-10:***@rp.scrapegw.com:6060	ConnectionTimeoutError: Connection timeout to host https://discord.com/api/v9/unique-username/username-attempt-unauthed
2026-09-01 18:29:35	NETWORK	hboc	attempt=1	proxy=http://wiw4v7duaymysz9-session-30513ffacc29-lifetime-10:***@rp.scrapegw.com:6060	ConnectionTimeoutError: Connection timeout to host https://discord.com/api/v9/unique-username/username-attempt-unauthed
2026-09-01 18:29:35	NETWORK	hbol	attempt=1	proxy=http://wiw4v7duaymysz9-session-59c912118cdc-lifetime-10:***@rp.scrapegw.com:6060	ConnectionTimeoutError: Connection timeout to host https://discord.com/api/v9/unique-username/username-attempt-unauthed
2026-09-01 18:29:35	NETWORK	hbnr	attempt=1	proxy=http://wiw4v7duaymysz9-session-10103abdfd40-lifetime-10:***@rp.scrapegw.com:6060	ConnectionTimeoutError: Connection timeout to host https://discord.com/api/v9/unique-username/username-attempt-unauthed
2026-09-01 18:29:35	NETWORK	hbjd	attempt=1	proxy=http://wiw4v7duaymysz9-session-38fee7f5b17d-lifetime-10:***@rp.scrapegw.com:6060	ConnectionTimeoutError: Connection timeout to host https://discord.com/api/v9/unique-username/username-attempt-unauthed
2026-09-01 18:29:35	NETWORK	hbjb	attempt=1	proxy=http://wiw4v7duaymysz9-session-ecf43a6f08ea-lifetime-10:***@rp.scrapegw.com:6060	ConnectionTimeoutError: Connection timeout to host https://discord.com/api/v9/unique-username/username-attempt-unauthed
2026-09-01 18:29:35	NETWORK	hboy	attempt=1	proxy=http://wiw4v7duaymysz9-session-67cfc8580036-lifetime-10:***@rp.scrapegw.com:6060	ConnectionTimeoutError: Connection timeout to host https://discord.com/api/v9/unique-username/username-attempt-unauthed
2026-09-01 18:29:35	NETWORK	hbjf	attempt=1	proxy=http://wiw4v7duaymysz9-session-5363cd9742fc-lifetime-10:***@rp.scrapegw.com:6060	ConnectionTimeoutError: Connection timeout to host https://discord.com/api/v9/unique-username/username-attempt-unauthed
2026-09-01 18:29:35	NETWORK	hbkp	attempt=1	proxy=http://wiw4v7duaymysz9-session-d6042ec2c295-lifetime-10:***@rp.scrapegw.com:6060	ConnectionTimeoutError: Connection timeout to host https://discord.com/api/v9/unique-username/username-attempt-unauthed
2026-09-01 18:29:35	NETWORK	hblr	attempt=1	proxy=http://wiw4v7duaymysz9-session-3b58b7782b53-lifetime-10:***@rp.scrapegw.com:6060	ConnectionTimeoutError: Connection timeout to host https://discord.com/api/v9/unique-username/username-attempt-unauthed
2026-09-01 18:29:35	NETWORK	hbll	attempt=1	proxy=http://wiw4v7duaymysz9-session-9c5b89358768-lifetime-10:***@rp.scrapegw.com:6060	ConnectionTimeoutError: Connection timeout to host https://discord.com/api/v9/unique-username/username-attempt-unauthed
2026-09-01 18:29:35	NETWORK	hbpi	attempt=1	proxy=http://wiw4v7duaymysz9-session-0a2b2d548aa9-lifetime-10:***@rp.scrapegw.com:6060	ConnectionTimeoutError: Connection timeout to host https://discord.com/api/v9/unique-username/username-attempt-unauthed
2026-09-01 18:29:35	NETWORK	hblj	attempt=1	proxy=http://wiw4v7duaymysz9-session-66ffe3066b7a-lifetime-10:***@rp.scrapegw.com:6060	ConnectionTimeoutError: Connection timeout to host https://discord.com/api/v9/unique-username/username-attempt-unauthed
2026-09-01 18:29:35	NETWORK	hbor	attempt=1	proxy=http://wiw4v7duaymysz9-session-1524f22defe3-lifetime-10:***@rp.scrapegw.com:6060	ConnectionTimeoutError: Connection timeout to host https://discord.com/api/v9/unique-username/username-attempt-unauthed
2026-09-01 18:29:35	NETWORK	hbpl	attempt=1	proxy=http://wiw4v7duaymysz9-session-c86f321b6f7b-lifetime-10:***@rp.scrapegw.com:6060	ConnectionTimeoutError: Connection timeout to host https://discord.com/api/v9/unique-username/username-attempt-unauthed
2026-09-01 18:29:35	NETWORK	hbjo	attempt=1	proxy=http://wiw4v7duaymysz9-session-a53a4d3d131f-lifetime-10:***@rp.scrapegw.com:6060	ConnectionTimeoutError: Connection timeout to host https://discord.com/api/v9/unique-username/username-attempt-unauthed
2026-09-01 18:29:35	NETWORK	hboj	attempt=1	proxy=http://wiw4v7duaymysz9-session-143e3c5cee72-lifetime-10:***@rp.scrapegw.com:6060	ConnectionTimeoutError: Connection timeout to host https://discord.com/api/v9/unique-username/username-attempt-unauthed
2026-09-01 18:29:35	NETWORK	hbno	attempt=1	proxy=http://wiw4v7duaymysz9-session-b3cbac124332-lifetime-10:***@rp.scrapegw.com:6060	ConnectionTimeoutError: Connection timeout to host https://discord.com/api/v9/unique-username/username-attempt-unauthed
2026-09-01 18:29:35	NETWORK	hbmt	attempt=1	proxy=http://wiw4v7duaymysz9-session-cd319013e31e-lifetime-10:***@rp.scrapegw.com:6060	ConnectionTimeoutError: Connection timeout to host https://discord.com/api/v9/unique-username/username-attempt-unauthed
2026-09-01 18:29:35	NETWORK	hbkf	attempt=1	proxy=http://wiw4v7duaymysz9-session-a0d680d6cb3d-lifetime-10:***@rp.scrapegw.com:6060	ConnectionTimeoutError: Connection timeout to host https://discord.com/api/v9/unique-username/username-attempt-unauthed
2026-09-01 18:29:35	NETWORK	hbmi	attempt=1	proxy=http://wiw4v7duaymysz9-session-d9b4a877636e-lifetime-10:***@rp.scrapegw.com:6060	ConnectionTimeoutError: Connection timeout to host https://discord.com/api/v9/unique-username/username-attempt-unauthed
2026-09-01 18:29:35	NETWORK	hbiv	attempt=1	proxy=http://wiw4v7duaymysz9-session-632dcc013c1c-lifetime-10:***@rp.scrapegw.com:6060	ConnectionTimeoutError: Connection timeout to host https://discord.com/api/v9/unique-username/username-attempt-unauthed
2026-09-01 18:29:35	NETWORK	hbio	attempt=1	proxy=http://wiw4v7duaymysz9-session-a4568dd2c896-lifetime-10:***@rp.scrapegw.com:6060	ConnectionTimeoutError: Connection timeout to host https://discord.com/api/v9/unique-username/username-attempt-unauthed
2026-09-01 18:29:35	NETWORK	hblh	attempt=1	proxy=http://wiw4v7duaymysz9-session-43e582e0d7e6-lifetime-10:***@rp.scrapegw.com:6060	ConnectionTimeoutError: Connection timeout to host https://discord.com/api/v9/unique-username/username-attempt-unauthed
2026-09-01 18:29:36	NETWORK	hcfs	attempt=1	proxy=http://wiw4v7duaymysz9-session-74e41304d592-lifetime-10:***@rp.scrapegw.com:6060	ClientConnectorError: Cannot connect to host discord.com:443 ssl:default [Connection reset by peer]
2026-09-01 18:29:36	NETWORK	hcti	attempt=1	proxy=http://wiw4v7duaymysz9-session-3f28771f32fc-lifetime-10:***@rp.scrapegw.com:6060	ClientConnectorError: Cannot connect to host discord.com:443 ssl:default [Connection reset by peer]
2026-09-01 18:29:36	NETWORK	hdwd	attempt=1	proxy=http://wiw4v7duaymysz9-session-3a6ceae62414-lifetime-10:***@rp.scrapegw.com:6060	ClientConnectorError: Cannot connect to host discord.com:443 ssl:default [Connection reset by peer]
2026-09-01 18:29:36	NETWORK	hcqt	attempt=1	proxy=http://wiw4v7duaymysz9-session-21b870d24655-lifetime-10:***@rp.scrapegw.com:6060	ClientConnectorError: Cannot connect to host discord.com:443 ssl:default [Connection reset by peer]
2026-09-01 18:29:36	HTTP_429	hexl	attempt=1	proxy=http://wiw4v7duaymysz9-session-1453f2f41fd4-lifetime-10:***@rp.scrapegw.com:6060	scope=shared global=False retry_after=2054.00s
2026-09-01 18:29:36	NETWORK	hbup	attempt=1	proxy=http://wiw4v7duaymysz9-session-3c5f7b2111da-lifetime-10:***@rp.scrapegw.com:6060	ConnectionTimeoutError: Connection timeout to host https://discord.com/api/v9/unique-username/username-attempt-unauthed
2026-09-01 18:29:36	NETWORK	hbxg	attempt=1	proxy=http://wiw4v7duaymysz9-session-b54be34df7ce-lifetime-10:***@rp.scrapegw.com:6060	ConnectionTimeoutError: Connection timeout to host https://discord.com/api/v9/unique-username/username-attempt-unauthed
2026-09-01 18:29:36	NETWORK	hbti	attempt=1	proxy=http://wiw4v7duaymysz9-session-c48c06f62c50-lifetime-10:***@rp.scrapegw.com:6060	ConnectionTimeoutError: Connection timeout to host https://discord.com/api/v9/unique-username/username-attempt-unauthed
2026-09-01 18:29:36	NETWORK	hbxm	attempt=1	proxy=http://wiw4v7duaymysz9-session-f8bc76ccf6bc-lifetime-10:***@rp.scrapegw.com:6060	ConnectionTimeoutError: Connection timeout to host https://discord.com/api/v9/unique-username/username-attempt-unauthed
2026-09-01 18:29:36	NETWORK	hbsx	attempt=1	proxy=http://wiw4v7duaymysz9-session-2778f2020406-lifetime-10:***@rp.scrapegw.com:6060	ConnectionTimeoutError: Connection timeout to host https://discord.com/api/v9/unique-username/username-attempt-unauthed
2026-09-01 18:29:36	NETWORK	hbxc	attempt=1	proxy=http://wiw4v7duaymysz9-session-da757dfb45c6-lifetime-10:***@rp.scrapegw.com:6060	ConnectionTimeoutError: Connection timeout to host https://discord.com/api/v9/unique-username/username-attempt-unauthed
2026-09-01 18:29:36	NETWORK	hbwn	attempt=1	proxy=http://wiw4v7duaymysz9-session-53fd50f9c6d8-lifetime-10:***@rp.scrapegw.com:6060	ConnectionTimeoutError: Connection timeout to host https://discord.com/api/v9/unique-username/username-attempt-unauthed
2026-09-01 18:29:36	NETWORK	hbuz	attempt=1	proxy=http://wiw4v7duaymysz9-session-7a57585675f7-lifetime-10:***@rp.scrapegw.com:6060	ConnectionTimeoutError: Connection timeout to host https://discord.com/api/v9/unique-username/username-attempt-unauthed
2026-09-01 18:29:36	NETWORK	hbva	attempt=1	proxy=http://wiw4v7duaymysz9-session-dd3500f68fd3-lifetime-10:***@rp.scrapegw.com:6060	ConnectionTimeoutError: Connection timeout to host https://discord.com/api/v9/unique-username/username-attempt-unauthed
2026-09-01 18:29:36	NETWORK	hbuj	attempt=1	proxy=http://wiw4v7duaymysz9-session-01522e59a7d0-lifetime-10:***@rp.scrapegw.com:6060	ConnectionTimeoutError: Connection timeout to host https://discord.com/api/v9/unique-username/username-attempt-unauthed
2026-09-01 18:29:36	NETWORK	hbus	attempt=1	proxy=http://wiw4v7duaymysz9-session-94b96388469a-lifetime-10:***@rp.scrapegw.com:6060	ConnectionTimeoutError: Connection timeout to host https://discord.com/api/v9/unique-username/username-attempt-unauthed
2026-09-01 18:29:36	NETWORK	hbra	attempt=1	proxy=http://wiw4v7duaymysz9-session-ebce25584023-lifetime-10:***@rp.scrapegw.com:6060	ConnectionTimeoutError: Connection timeout to host https://discord.com/api/v9/unique-username/username-attempt-unauthed
2026-09-01 18:29:36	NETWORK	hbuo	attempt=1	proxy=http://wiw4v7duaymysz9-session-38ea75af13b1-lifetime-10:***@rp.scrapegw.com:6060	ConnectionTimeoutError: Connection timeout to host https://discord.com/api/v9/unique-username/username-attempt-unauthed
2026-09-01 18:29:36	NETWORK	hbxo	attempt=1	proxy=http://wiw4v7duaymysz9-session-c208faea7d91-lifetime-10:***@rp.scrapegw.com:6060	ConnectionTimeoutError: Connection timeout to host https://discord.com/api/v9/unique-username/username-attempt-unauthed
2026-09-01 18:29:36	NETWORK	hbsc	attempt=1	proxy=http://wiw4v7duaymysz9-session-7d081580c368-lifetime-10:***@rp.scrapegw.com:6060	ConnectionTimeoutError: Connection timeout to host https://discord.com/api/v9/unique-username/username-attempt-unauthed
2026-09-01 18:29:36	NETWORK	hbsg	attempt=1	proxy=http://wiw4v7duaymysz9-session-42ddd5a84865-lifetime-10:***@rp.scrapegw.com:6060	ConnectionTimeoutError: Connection timeout to host https://discord.com/api/v9/unique-username/username-attempt-unauthed
2026-09-01 18:29:36	NETWORK	hbtf	attempt=1	proxy=http://wiw4v7duaymysz9-session-0cc1f7360cf9-lifetime-10:***@rp.scrapegw.com:6060	ConnectionTimeoutError: Connection timeout to host https://discord.com/api/v9/unique-username/username-attempt-unauthed
2026-09-01 18:29:36	NETWORK	hbsk	attempt=1	proxy=http://wiw4v7duaymysz9-session-1e0a904c115b-lifetime-10:***@rp.scrapegw.com:6060	ConnectionTimeoutError: Connection timeout to host https://discord.com/api/v9/unique-username/username-attempt-unauthed
2026-09-01 18:29:36	NETWORK	hbso	attempt=1	proxy=http://wiw4v7duaymysz9-session-cdae5e3931af-lifetime-10:***@rp.scrapegw.com:6060	ConnectionTimeoutError: Connection timeout to host https://discord.com/api/v9/unique-username/username-attempt-unauthed
2026-09-01 18:29:36	NETWORK	hbsu	attempt=1	proxy=http://wiw4v7duaymysz9-session-c3065f52d59b-lifetime-10:***@rp.scrapegw.com:6060	ConnectionTimeoutError: Connection timeout to host https://discord.com/api/v9/unique-username/username-attempt-unauthed
2026-09-01 18:29:36	NETWORK	hbsw	attempt=1	proxy=http://wiw4v7duaymysz9-session-0df789bb1e16-lifetime-10:***@rp.scrapegw.com:6060	ConnectionTimeoutError: Connection timeout to host https://discord.com/api/v9/unique-username/username-attempt-unauthed
2026-09-01 18:29:36	NETWORK	hbwa	attempt=1	proxy=http://wiw4v7duaymysz9-session-0d9edeca470a-lifetime-10:***@rp.scrapegw.com:6060	ConnectionTimeoutError: Connection timeout to host https://discord.com/api/v9/unique-username/username-attempt-unauthed
2026-09-01 18:29:36	NETWORK	hbwy	attempt=1	proxy=http://wiw4v7duaymysz9-session-0c42a65c361e-lifetime-10:***@rp.scrapegw.com:6060	ConnectionTimeoutError: Connection timeout to host https://discord.com/api/v9/unique-username/username-attempt-unauthed
2026-09-01 18:29:36	NETWORK	hbvv	attempt=1	proxy=http://wiw4v7duaymysz9-session-85de98e71e70-lifetime-10:***@rp.scrapegw.com:6060	ConnectionTimeoutError: Connection timeout to host https://discord.com/api/v9/unique-username/username-attempt-unauthed
2026-09-01 18:29:36	NETWORK	hbrk	attempt=1	proxy=http://wiw4v7duaymysz9-session-d7b726ceacee-lifetime-10:***@rp.scrapegw.com:6060	ConnectionTimeoutError: Connection timeout to host https://discord.com/api/v9/unique-username/username-attempt-unauthed
2026-09-01 18:29:36	NETWORK	hbwb	attempt=1	proxy=http://wiw4v7duaymysz9-session-1375c9da93f5-lifetime-10:***@rp.scrapegw.com:6060	ConnectionTimeoutError: Connection timeout to host https://discord.com/api/v9/unique-username/username-attempt-unauthed
2026-09-01 18:29:36	NETWORK	hbvp	attempt=1	proxy=http://wiw4v7duaymysz9-session-55d1d2766465-lifetime-10:***@rp.scrapegw.com:6060	ConnectionTimeoutError: Connection timeout to host https://discord.com/api/v9/unique-username/username-attempt-unauthed
2026-09-01 18:29:36	NETWORK	hbtv	attempt=1	proxy=http://wiw4v7duaymysz9-session-71c34073774b-lifetime-10:***@rp.scrapegw.com:6060	ConnectionTimeoutError: Connection timeout to host https://discord.com/api/v9/unique-username/username-attempt-unauthed
2026-09-01 18:29:36	NETWORK	hbtt	attempt=1	proxy=http://wiw4v7duaymysz9-session-a70404b5a854-lifetime-10:***@rp.scrapegw.com:6060	ConnectionTimeoutError: Connection timeout to host https://discord.com/api/v9/unique-username/username-attempt-unauthed
2026-09-01 18:29:36	NETWORK	hbqk	attempt=1	proxy=http://wiw4v7duaymysz9-session-f93da64af168-lifetime-10:***@rp.scrapegw.com:6060	ConnectionTimeoutError: Connection timeout to host https://discord.com/api/v9/unique-username/username-attempt-unauthed
2026-09-01 18:29:36	NETWORK	hbqs	attempt=1	proxy=http://wiw4v7duaymysz9-session-b83516b34af1-lifetime-10:***@rp.scrapegw.com:6060	ConnectionTimeoutError: Connection timeout to host https://discord.com/api/v9/unique-username/username-attempt-unauthed
2026-09-01 18:29:36	NETWORK	hbrt	attempt=1	proxy=http://wiw4v7duaymysz9-session-3640b7ef4d40-lifetime-10:***@rp.scrapegw.com:6060	ConnectionTimeoutError: Connection timeout to host https://discord.com/api/v9/unique-username/username-attempt-unauthed
2026-09-01 18:29:36	NETWORK	hbsi	attempt=1	proxy=http://wiw4v7duaymysz9-session-607864523046-lifetime-10:***@rp.scrapegw.com:6060	ConnectionTimeoutError: Connection timeout to host https://discord.com/api/v9/unique-username/username-attempt-unauthed
2026-09-01 18:29:36	NETWORK	hbth	attempt=1	proxy=http://wiw4v7duaymysz9-session-3cd84d9f4d95-lifetime-10:***@rp.scrapegw.com:6060	ConnectionTimeoutError: Connection timeout to host https://discord.com/api/v9/unique-username/username-attempt-unauthed
2026-09-01 18:29:36	NETWORK	hbux	attempt=1	proxy=http://wiw4v7duaymysz9-session-cb134864f424-lifetime-10:***@rp.scrapegw.com:6060	ConnectionTimeoutError: Connection timeout to host https://discord.com/api/v9/unique-username/username-attempt-unauthed
2026-09-01 18:29:36	NETWORK	hbtj	attempt=1	proxy=http://wiw4v7duaymysz9-session-b87de1e56489-lifetime-10:***@rp.scrapegw.com:6060	ConnectionTimeoutError: Connection timeout to host https://discord.com/api/v9/unique-username/username-attempt-unauthed
2026-09-01 18:29:36	NETWORK	hbtn	attempt=1	proxy=http://wiw4v7duaymysz9-session-5726ca3c496b-lifetime-10:***@rp.scrapegw.com:6060	ConnectionTimeoutError: Connection timeout to host https://discord.com/api/v9/unique-username/username-attempt-unauthed
2026-09-01 18:29:36	NETWORK	hbsz	attempt=1	proxy=http://wiw4v7duaymysz9-session-4420aab6e8fb-lifetime-10:***@rp.scrapegw.com:6060	ConnectionTimeoutError: Connection timeout to host https://discord.com/api/v9/unique-username/username-attempt-unauthed
2026-09-01 18:29:36	HTTP_429	hfax	attempt=1	proxy=http://wiw4v7duaymysz9-session-471fc61e7219-lifetime-10:***@rp.scrapegw.com:6060	scope=shared global=False retry_after=907.00s
2026-09-01 18:29:37	NETWORK	hbaj	attempt=1	proxy=http://wiw4v7duaymysz9-session-cbc38216f992-lifetime-10:***@rp.scrapegw.com:6060	ServerDisconnectedError: Server disconnected
2026-09-01 18:29:37	HTTP_429	hcxo	attempt=1	proxy=http://wiw4v7duaymysz9-session-7ad50fa6978d-lifetime-10:***@rp.scrapegw.com:6060	scope=shared global=False retry_after=66.00s
2026-09-01 18:29:37	HTTP_429	hfef	attempt=1	proxy=http://wiw4v7duaymysz9-session-87ba0c55fc95-lifetime-10:***@rp.scrapegw.com:6060	scope=shared global=False retry_after=2055.00s
2026-09-01 18:29:37	NETWORK	hddh	attempt=1	proxy=http://wiw4v7duaymysz9-session-73faea04784a-lifetime-10:***@rp.scrapegw.com:6060	ClientConnectorError: Cannot connect to host discord.com:443 ssl:default [Connection reset by peer]
2026-09-01 18:29:37	NETWORK	hcbe	attempt=1	proxy=http://wiw4v7duaymysz9-session-dd3578d44b14-lifetime-10:***@rp.scrapegw.com:6060	ClientConnectorError: Cannot connect to host discord.com:443 ssl:default [Connection reset by peer]
2026-09-01 18:29:37	NETWORK	hcxx	attempt=1	proxy=http://wiw4v7duaymysz9-session-96b4320fd247-lifetime-10:***@rp.scrapegw.com:6060	ClientConnectorError: Cannot connect to host discord.com:443 ssl:default [Connection reset by peer]
2026-09-01 18:29:37	NETWORK	hcct	attempt=1	proxy=http://wiw4v7duaymysz9-session-c9dd32d4823a-lifetime-10:***@rp.scrapegw.com:6060	ConnectionTimeoutError: Connection timeout to host https://discord.com/api/v9/unique-username/username-attempt-unauthed
2026-09-01 18:29:37	NETWORK	hcdu	attempt=1	proxy=http://wiw4v7duaymysz9-session-8181a370a576-lifetime-10:***@rp.scrapegw.com:6060	ConnectionTimeoutError: Connection timeout to host https://discord.com/api/v9/unique-username/username-attempt-unauthed
2026-09-01 18:29:37	NETWORK	hcez	attempt=1	proxy=http://wiw4v7duaymysz9-session-d9a1c541b2af-lifetime-10:***@rp.scrapegw.com:6060	ConnectionTimeoutError: Connection timeout to host https://discord.com/api/v9/unique-username/username-attempt-unauthed
2026-09-01 18:29:37	NETWORK	hccy	attempt=1	proxy=http://wiw4v7duaymysz9-session-54cee189cc95-lifetime-10:***@rp.scrapegw.com:6060	ConnectionTimeoutError: Connection timeout to host https://discord.com/api/v9/unique-username/username-attempt-unauthed
2026-09-01 18:29:37	NETWORK	hcbh	attempt=1	proxy=http://wiw4v7duaymysz9-session-4eb3f2ebc4fb-lifetime-10:***@rp.scrapegw.com:6060	ConnectionTimeoutError: Connection timeout to host https://discord.com/api/v9/unique-username/username-attempt-unauthed
2026-09-01 18:29:37	NETWORK	hbzl	attempt=1	proxy=http://wiw4v7duaymysz9-session-369c6a814f2b-lifetime-10:***@rp.scrapegw.com:6060	ConnectionTimeoutError: Connection timeout to host https://discord.com/api/v9/unique-username/username-attempt-unauthed
2026-09-01 18:29:37	NETWORK	hcdy	attempt=1	proxy=http://wiw4v7duaymysz9-session-8be11ff92410-lifetime-10:***@rp.scrapegw.com:6060	ConnectionTimeoutError: Connection timeout to host https://discord.com/api/v9/unique-username/username-attempt-unauthed
2026-09-01 18:29:37	NETWORK	hcbg	attempt=1	proxy=http://wiw4v7duaymysz9-session-477e208555c5-lifetime-10:***@rp.scrapegw.com:6060	ConnectionTimeoutError: Connection timeout to host https://discord.com/api/v9/unique-username/username-attempt-unauthed
2026-09-01 18:29:37	NETWORK	hbym	attempt=1	proxy=http://wiw4v7duaymysz9-session-9b808cc4f3c2-lifetime-10:***@rp.scrapegw.com:6060	ConnectionTimeoutError: Connection timeout to host https://discord.com/api/v9/unique-username/username-attempt-unauthed
2026-09-01 18:29:37	NETWORK	hcay	attempt=1	proxy=http://wiw4v7duaymysz9-session-1e99beb6462d-lifetime-10:***@rp.scrapegw.com:6060	ConnectionTimeoutError: Connection timeout to host https://discord.com/api/v9/unique-username/username-attempt-unauthed
2026-09-01 18:29:37	NETWORK	hbyi	attempt=1	proxy=http://wiw4v7duaymysz9-session-34ac1c6a92ce-lifetime-10:***@rp.scrapegw.com:6060	ConnectionTimeoutError: Connection timeout to host https://discord.com/api/v9/unique-username/username-attempt-unauthed
2026-09-01 18:29:37	NETWORK	hbyb	attempt=1	proxy=http://wiw4v7duaymysz9-session-89b4217e2c3d-lifetime-10:***@rp.scrapegw.com:6060	ConnectionTimeoutError: Connection timeout to host https://discord.com/api/v9/unique-username/username-attempt-unauthed
2026-09-01 18:29:37	NETWORK	hbxz	attempt=1	proxy=http://wiw4v7duaymysz9-session-91009b2dbc29-lifetime-10:***@rp.scrapegw.com:6060	ConnectionTimeoutError: Connection timeout to host https://discord.com/api/v9/unique-username/username-attempt-unauthed
2026-09-01 18:29:37	NETWORK	hbzs	attempt=1	proxy=http://wiw4v7duaymysz9-session-e7bf818566b1-lifetime-10:***@rp.scrapegw.com:6060	ConnectionTimeoutError: Connection timeout to host https://discord.com/api/v9/unique-username/username-attempt-unauthed
2026-09-01 18:29:37	NETWORK	hbzu	attempt=1	proxy=http://wiw4v7duaymysz9-session-a4505ec62e83-lifetime-10:***@rp.scrapegw.com:6060	ConnectionTimeoutError: Connection timeout to host https://discord.com/api/v9/unique-username/username-attempt-unauthed
2026-09-01 18:29:37	NETWORK	hcab	attempt=1	proxy=http://wiw4v7duaymysz9-session-448fef119d67-lifetime-10:***@rp.scrapegw.com:6060	ConnectionTimeoutError: Connection timeout to host https://discord.com/api/v9/unique-username/username-attempt-unauthed
2026-09-01 18:29:37	NETWORK	hcad	attempt=1	proxy=http://wiw4v7duaymysz9-session-69f9ead419f4-lifetime-10:***@rp.scrapegw.com:6060	ConnectionTimeoutError: Connection timeout to host https://discord.com/api/v9/unique-username/username-attempt-unauthed
2026-09-01 18:29:37	NETWORK	hcex	attempt=1	proxy=http://wiw4v7duaymysz9-session-2c3074f47fbb-lifetime-10:***@rp.scrapegw.com:6060	ConnectionTimeoutError: Connection timeout to host https://discord.com/api/v9/unique-username/username-attempt-unauthed
2026-09-01 18:29:37	NETWORK	hbys	attempt=1	proxy=http://wiw4v7duaymysz9-session-3470933ad01f-lifetime-10:***@rp.scrapegw.com:6060	ConnectionTimeoutError: Connection timeout to host https://discord.com/api/v9/unique-username/username-attempt-unauthed
2026-09-01 18:29:37	NETWORK	hbzi	attempt=1	proxy=http://wiw4v7duaymysz9-session-0551fbc15b7b-lifetime-10:***@rp.scrapegw.com:6060	ConnectionTimeoutError: Connection timeout to host https://discord.com/api/v9/unique-username/username-attempt-unauthed
2026-09-01 18:29:37	NETWORK	hbyh	attempt=1	proxy=http://wiw4v7duaymysz9-session-b0fe266c74e6-lifetime-10:***@rp.scrapegw.com:6060	ConnectionTimeoutError: Connection timeout to host https://discord.com/api/v9/unique-username/username-attempt-unauthed
2026-09-01 18:29:37	NETWORK	hbzw	attempt=1	proxy=http://wiw4v7duaymysz9-session-87eaf652a989-lifetime-10:***@rp.scrapegw.com:6060	ConnectionTimeoutError: Connection timeout to host https://discord.com/api/v9/unique-username/username-attempt-unauthed
2026-09-01 18:29:37	NETWORK	hcev	attempt=1	proxy=http://wiw4v7duaymysz9-session-afec53255477-lifetime-10:***@rp.scrapegw.com:6060	ConnectionTimeoutError: Connection timeout to host https://discord.com/api/v9/unique-username/username-attempt-unauthed
2026-09-01 18:29:37	NETWORK	hcdo	attempt=1	proxy=http://wiw4v7duaymysz9-session-81903af7cd5e-lifetime-10:***@rp.scrapegw.com:6060	ConnectionTimeoutError: Connection timeout to host https://discord.com/api/v9/unique-username/username-attempt-unauthed
2026-09-01 18:29:37	NETWORK	hcbb	attempt=1	proxy=http://wiw4v7duaymysz9-session-651de0a97e34-lifetime-10:***@rp.scrapegw.com:6060	ConnectionTimeoutError: Connection timeout to host https://discord.com/api/v9/unique-username/username-attempt-unauthed
2026-09-01 18:29:37	NETWORK	hcba	attempt=1	proxy=http://wiw4v7duaymysz9-session-fa5a85f093d2-lifetime-10:***@rp.scrapegw.com:6060	ConnectionTimeoutError: Connection timeout to host https://discord.com/api/v9/unique-username/username-attempt-unauthed
2026-09-01 18:29:37	HTTP_429	hfej	attempt=1	proxy=http://wiw4v7duaymysz9-session-95026cd4c9c8-lifetime-10:***@rp.scrapegw.com:6060	scope=shared global=False retry_after=2061.00s
2026-09-01 18:29:37	HTTP_429	hfhe	attempt=1	proxy=http://wiw4v7duaymysz9-session-84ca1893be9f-lifetime-10:***@rp.scrapegw.com:6060	scope=shared global=False retry_after=2061.00s
2026-09-01 18:29:37	HTTP_429	hfhb	attempt=1	proxy=http://wiw4v7duaymysz9-session-cf64864d10d9-lifetime-10:***@rp.scrapegw.com:6060	scope=shared global=False retry_after=2060.00s
2026-09-01 18:29:38	NETWORK	hdcs	attempt=1	proxy=http://wiw4v7duaymysz9-session-d9b4a877636e-lifetime-10:***@rp.scrapegw.com:6060	ClientConnectorError: Cannot connect to host discord.com:443 ssl:default [Connection reset by peer]
2026-09-01 18:29:38	HTTP_429	hfmh	attempt=1	proxy=http://wiw4v7duaymysz9-session-1b113e892690-lifetime-10:***@rp.scrapegw.com:6060	scope=shared global=False retry_after=2059.00s
2026-09-01 18:29:38	NETWORK	hdgq	attempt=1	proxy=http://wiw4v7duaymysz9-session-2597e8e2a948-lifetime-10:***@rp.scrapegw.com:6060	ClientConnectorError: Cannot connect to host discord.com:443 ssl:default [Connection reset by peer]
2026-09-01 18:29:38	NETWORK	hckj	attempt=1	proxy=http://wiw4v7duaymysz9-session-9a84de534992-lifetime-10:***@rp.scrapegw.com:6060	ConnectionTimeoutError: Connection timeout to host https://discord.com/api/v9/unique-username/username-attempt-unauthed
2026-09-01 18:29:38	NETWORK	hcki	attempt=1	proxy=http://wiw4v7duaymysz9-session-a3320aac223f-lifetime-10:***@rp.scrapegw.com:6060	ConnectionTimeoutError: Connection timeout to host https://discord.com/api/v9/unique-username/username-attempt-unauthed
2026-09-01 18:29:38	NETWORK	hcjy	attempt=1	proxy=http://wiw4v7duaymysz9-session-cce3aba68abd-lifetime-10:***@rp.scrapegw.com:6060	ConnectionTimeoutError: Connection timeout to host https://discord.com/api/v9/unique-username/username-attempt-unauthed
2026-09-01 18:29:38	NETWORK	hcjt	attempt=1	proxy=http://wiw4v7duaymysz9-session-e29374a17df6-lifetime-10:***@rp.scrapegw.com:6060	ConnectionTimeoutError: Connection timeout to host https://discord.com/api/v9/unique-username/username-attempt-unauthed
2026-09-01 18:29:38	NETWORK	hcka	attempt=1	proxy=http://wiw4v7duaymysz9-session-5edf9174d66d-lifetime-10:***@rp.scrapegw.com:6060	ConnectionTimeoutError: Connection timeout to host https://discord.com/api/v9/unique-username/username-attempt-unauthed
2026-09-01 18:29:38	NETWORK	hciw	attempt=1	proxy=http://wiw4v7duaymysz9-session-ff0b3c5936bb-lifetime-10:***@rp.scrapegw.com:6060	ConnectionTimeoutError: Connection timeout to host https://discord.com/api/v9/unique-username/username-attempt-unauthed
2026-09-01 18:29:38	NETWORK	hcgo	attempt=1	proxy=http://wiw4v7duaymysz9-session-e67d49305701-lifetime-10:***@rp.scrapegw.com:6060	ConnectionTimeoutError: Connection timeout to host https://discord.com/api/v9/unique-username/username-attempt-unauthed
2026-09-01 18:29:38	NETWORK	hckl	attempt=1	proxy=http://wiw4v7duaymysz9-session-1706fb4a3962-lifetime-10:***@rp.scrapegw.com:6060	ConnectionTimeoutError: Connection timeout to host https://discord.com/api/v9/unique-username/username-attempt-unauthed
2026-09-01 18:29:38	NETWORK	hcij	attempt=1	proxy=http://wiw4v7duaymysz9-session-692ba96573ec-lifetime-10:***@rp.scrapegw.com:6060	ConnectionTimeoutError: Connection timeout to host https://discord.com/api/v9/unique-username/username-attempt-unauthed
2026-09-01 18:29:38	NETWORK	hcgj	attempt=1	proxy=http://wiw4v7duaymysz9-session-760a36a5cf43-lifetime-10:***@rp.scrapegw.com:6060	ConnectionTimeoutError: Connection timeout to host https://discord.com/api/v9/unique-username/username-attempt-unauthed
2026-09-01 18:29:38	NETWORK	hcfu	attempt=1	proxy=http://wiw4v7duaymysz9-session-f4b214d6719d-lifetime-10:***@rp.scrapegw.com:6060	ConnectionTimeoutError: Connection timeout to host https://discord.com/api/v9/unique-username/username-attempt-unauthed
2026-09-01 18:29:38	NETWORK	hchu	attempt=1	proxy=http://wiw4v7duaymysz9-session-0cf9f8bfb056-lifetime-10:***@rp.scrapegw.com:6060	ConnectionTimeoutError: Connection timeout to host https://discord.com/api/v9/unique-username/username-attempt-unauthed
2026-09-01 18:29:38	NETWORK	hcht	attempt=1	proxy=http://wiw4v7duaymysz9-session-de6f62fe834c-lifetime-10:***@rp.scrapegw.com:6060	ConnectionTimeoutError: Connection timeout to host https://discord.com/api/v9/unique-username/username-attempt-unauthed
2026-09-01 18:29:38	NETWORK	hcie	attempt=1	proxy=http://wiw4v7duaymysz9-session-44bf0179a9db-lifetime-10:***@rp.scrapegw.com:6060	ConnectionTimeoutError: Connection timeout to host https://discord.com/api/v9/unique-username/username-attempt-unauthed
2026-09-01 18:29:38	NETWORK	hcfk	attempt=1	proxy=http://wiw4v7duaymysz9-session-1fd69f418646-lifetime-10:***@rp.scrapegw.com:6060	ConnectionTimeoutError: Connection timeout to host https://discord.com/api/v9/unique-username/username-attempt-unauthed
2026-09-01 18:29:38	NETWORK	hcfh	attempt=1	proxy=http://wiw4v7duaymysz9-session-f4bbe544e286-lifetime-10:***@rp.scrapegw.com:6060	ConnectionTimeoutError: Connection timeout to host https://discord.com/api/v9/unique-username/username-attempt-unauthed
2026-09-01 18:29:38	NETWORK	hcho	attempt=1	proxy=http://wiw4v7duaymysz9-session-135a5153f951-lifetime-10:***@rp.scrapegw.com:6060	ConnectionTimeoutError: Connection timeout to host https://discord.com/api/v9/unique-username/username-attempt-unauthed
2026-09-01 18:29:38	NETWORK	hchp	attempt=1	proxy=http://wiw4v7duaymysz9-session-0a47124f29c9-lifetime-10:***@rp.scrapegw.com:6060	ConnectionTimeoutError: Connection timeout to host https://discord.com/api/v9/unique-username/username-attempt-unauthed
2026-09-01 18:29:38	NETWORK	hcjc	attempt=1	proxy=http://wiw4v7duaymysz9-session-1b0922114ae2-lifetime-10:***@rp.scrapegw.com:6060	ConnectionTimeoutError: Connection timeout to host https://discord.com/api/v9/unique-username/username-attempt-unauthed
2026-09-01 18:29:38	NETWORK	hcih	attempt=1	proxy=http://wiw4v7duaymysz9-session-5efcdf49ddc3-lifetime-10:***@rp.scrapegw.com:6060	ConnectionTimeoutError: Connection timeout to host https://discord.com/api/v9/unique-username/username-attempt-unauthed
2026-09-01 18:29:38	NETWORK	hcjm	attempt=1	proxy=http://wiw4v7duaymysz9-session-6db54b27c748-lifetime-10:***@rp.scrapegw.com:6060	ConnectionTimeoutError: Connection timeout to host https://discord.com/api/v9/unique-username/username-attempt-unauthed
2026-09-01 18:29:38	NETWORK	hcgm	attempt=1	proxy=http://wiw4v7duaymysz9-session-29dbf787922a-lifetime-10:***@rp.scrapegw.com:6060	ConnectionTimeoutError: Connection timeout to host https://discord.com/api/v9/unique-username/username-attempt-unauthed
2026-09-01 18:29:38	NETWORK	hcjq	attempt=1	proxy=http://wiw4v7duaymysz9-session-4aaf987bb1e6-lifetime-10:***@rp.scrapegw.com:6060	ConnectionTimeoutError: Connection timeout to host https://discord.com/api/v9/unique-username/username-attempt-unauthed
2026-09-01 18:29:38	NETWORK	hcix	attempt=1	proxy=http://wiw4v7duaymysz9-session-0e28f997f3d1-lifetime-10:***@rp.scrapegw.com:6060	ConnectionTimeoutError: Connection timeout to host https://discord.com/api/v9/unique-username/username-attempt-unauthed
2026-09-01 18:29:38	NETWORK	hcli	attempt=1	proxy=http://wiw4v7duaymysz9-session-754c071c180a-lifetime-10:***@rp.scrapegw.com:6060	ConnectionTimeoutError: Connection timeout to host https://discord.com/api/v9/unique-username/username-attempt-unauthed
2026-09-01 18:29:38	NETWORK	hcib	attempt=1	proxy=http://wiw4v7duaymysz9-session-28bac123b792-lifetime-10:***@rp.scrapegw.com:6060	ConnectionTimeoutError: Connection timeout to host https://discord.com/api/v9/unique-username/username-attempt-unauthed
2026-09-01 18:29:38	NETWORK	hchk	attempt=1	proxy=http://wiw4v7duaymysz9-session-f5794f6185f1-lifetime-10:***@rp.scrapegw.com:6060	ConnectionTimeoutError: Connection timeout to host https://discord.com/api/v9/unique-username/username-attempt-unauthed
2026-09-01 18:29:38	NETWORK	hclr	attempt=1	proxy=http://wiw4v7duaymysz9-session-5a466d5e781c-lifetime-10:***@rp.scrapegw.com:6060	ConnectionTimeoutError: Connection timeout to host https://discord.com/api/v9/unique-username/username-attempt-unauthed
2026-09-01 18:29:38	HTTP_429	hdqb	attempt=1	proxy=http://wiw4v7duaymysz9-session-35e71d037612-lifetime-10:***@rp.scrapegw.com:6060	scope=shared global=False retry_after=410.00s
2026-09-01 18:29:39	NETWORK	hdst	attempt=1	proxy=http://wiw4v7duaymysz9-session-fbbd149c7b18-lifetime-10:***@rp.scrapegw.com:6060	ClientConnectorError: Cannot connect to host discord.com:443 ssl:default [None]
2026-09-01 18:29:39	NETWORK	hdwj	attempt=1	proxy=http://wiw4v7duaymysz9-session-767986cd949b-lifetime-10:***@rp.scrapegw.com:6060	ClientConnectorError: Cannot connect to host discord.com:443 ssl:default [Connection reset by peer]
2026-09-01 18:29:39	NETWORK	hdzp	attempt=1	proxy=http://wiw4v7duaymysz9-session-4c68c3747bc8-lifetime-10:***@rp.scrapegw.com:6060	ClientConnectorError: Cannot connect to host discord.com:443 ssl:default [Connection reset by peer]
2026-09-01 18:29:39	HTTP_429	hfpt	attempt=1	proxy=http://wiw4v7duaymysz9-session-448d9c276c33-lifetime-10:***@rp.scrapegw.com:6060	scope=shared global=False retry_after=1573.00s
2026-09-01 18:29:39	HTTP_429	hfrm	attempt=1	proxy=http://wiw4v7duaymysz9-session-d047f3104825-lifetime-10:***@rp.scrapegw.com:6060	scope=shared global=False retry_after=1783.00s
2026-09-01 18:29:39	NETWORK	hcmq	attempt=1	proxy=http://wiw4v7duaymysz9-session-4fa67fcd0892-lifetime-10:***@rp.scrapegw.com:6060	ClientConnectorError: Cannot connect to host discord.com:443 ssl:default [Connection reset by peer]
2026-09-01 18:29:39	NETWORK	hdqc	attempt=1	proxy=http://wiw4v7duaymysz9-session-561e86424f56-lifetime-10:***@rp.scrapegw.com:6060	ClientConnectorError: Cannot connect to host discord.com:443 ssl:default [Connection reset by peer]
2026-09-01 18:29:39	HTTP_429	hfuf	attempt=1	proxy=http://wiw4v7duaymysz9-session-b7f1596e61d3-lifetime-10:***@rp.scrapegw.com:6060	scope=shared global=False retry_after=2052.00s
2026-09-01 18:29:39	NETWORK	hcnx	attempt=1	proxy=http://wiw4v7duaymysz9-session-2728d33655a3-lifetime-10:***@rp.scrapegw.com:6060	ConnectionTimeoutError: Connection timeout to host https://discord.com/api/v9/unique-username/username-attempt-unauthed
2026-09-01 18:29:39	NETWORK	hcoe	attempt=1	proxy=http://wiw4v7duaymysz9-session-ad1aa076d12c-lifetime-10:***@rp.scrapegw.com:6060	ConnectionTimeoutError: Connection timeout to host https://discord.com/api/v9/unique-username/username-attempt-unauthed
2026-09-01 18:29:39	NETWORK	hcqa	attempt=1	proxy=http://wiw4v7duaymysz9-session-4f04b51014f5-lifetime-10:***@rp.scrapegw.com:6060	ConnectionTimeoutError: Connection timeout to host https://discord.com/api/v9/unique-username/username-attempt-unauthed
2026-09-01 18:29:39	NETWORK	hcmf	attempt=1	proxy=http://wiw4v7duaymysz9-session-de37f2946682-lifetime-10:***@rp.scrapegw.com:6060	ConnectionTimeoutError: Connection timeout to host https://discord.com/api/v9/unique-username/username-attempt-unauthed
2026-09-01 18:29:39	NETWORK	hcmm	attempt=1	proxy=http://wiw4v7duaymysz9-session-f73eed40b9b5-lifetime-10:***@rp.scrapegw.com:6060	ConnectionTimeoutError: Connection timeout to host https://discord.com/api/v9/unique-username/username-attempt-unauthed
2026-09-01 18:29:39	NETWORK	hcoh	attempt=1	proxy=http://wiw4v7duaymysz9-session-8462f7b948d6-lifetime-10:***@rp.scrapegw.com:6060	ConnectionTimeoutError: Connection timeout to host https://discord.com/api/v9/unique-username/username-attempt-unauthed
2026-09-01 18:29:39	NETWORK	hcme	attempt=1	proxy=http://wiw4v7duaymysz9-session-f693ba1bbee8-lifetime-10:***@rp.scrapegw.com:6060	ConnectionTimeoutError: Connection timeout to host https://discord.com/api/v9/unique-username/username-attempt-unauthed
2026-09-01 18:29:39	NETWORK	hcrh	attempt=1	proxy=http://wiw4v7duaymysz9-session-5050a4b08e6b-lifetime-10:***@rp.scrapegw.com:6060	ConnectionTimeoutError: Connection timeout to host https://discord.com/api/v9/unique-username/username-attempt-unauthed
2026-09-01 18:29:39	NETWORK	hcmw	attempt=1	proxy=http://wiw4v7duaymysz9-session-ef356b1e9d76-lifetime-10:***@rp.scrapegw.com:6060	ConnectionTimeoutError: Connection timeout to host https://discord.com/api/v9/unique-username/username-attempt-unauthed
2026-09-01 18:29:39	NETWORK	hcpd	attempt=1	proxy=http://wiw4v7duaymysz9-session-79d6292ed643-lifetime-10:***@rp.scrapegw.com:6060	ConnectionTimeoutError: Connection timeout to host https://discord.com/api/v9/unique-username/username-attempt-unauthed
2026-09-01 18:29:39	NETWORK	hcqb	attempt=1	proxy=http://wiw4v7duaymysz9-session-f3df31124b70-lifetime-10:***@rp.scrapegw.com:6060	ConnectionTimeoutError: Connection timeout to host https://discord.com/api/v9/unique-username/username-attempt-unauthed
2026-09-01 18:29:39	NETWORK	hclx	attempt=1	proxy=http://wiw4v7duaymysz9-session-fb22194ce70b-lifetime-10:***@rp.scrapegw.com:6060	ConnectionTimeoutError: Connection timeout to host https://discord.com/api/v9/unique-username/username-attempt-unauthed
2026-09-01 18:29:39	NETWORK	hcon	attempt=1	proxy=http://wiw4v7duaymysz9-session-93a936d31580-lifetime-10:***@rp.scrapegw.com:6060	ConnectionTimeoutError: Connection timeout to host https://discord.com/api/v9/unique-username/username-attempt-unauthed
2026-09-01 18:29:39	NETWORK	hcne	attempt=1	proxy=http://wiw4v7duaymysz9-session-884be22648ae-lifetime-10:***@rp.scrapegw.com:6060	ConnectionTimeoutError: Connection timeout to host https://discord.com/api/v9/unique-username/username-attempt-unauthed
2026-09-01 18:29:39	NETWORK	hcna	attempt=1	proxy=http://wiw4v7duaymysz9-session-189acf50ccea-lifetime-10:***@rp.scrapegw.com:6060	ConnectionTimeoutError: Connection timeout to host https://discord.com/api/v9/unique-username/username-attempt-unauthed
2026-09-01 18:29:39	NETWORK	hcny	attempt=1	proxy=http://wiw4v7duaymysz9-session-304bbb8cbafe-lifetime-10:***@rp.scrapegw.com:6060	ConnectionTimeoutError: Connection timeout to host https://discord.com/api/v9/unique-username/username-attempt-unauthed
2026-09-01 18:29:39	NETWORK	hcqe	attempt=1	proxy=http://wiw4v7duaymysz9-session-7de1bd62e39c-lifetime-10:***@rp.scrapegw.com:6060	ConnectionTimeoutError: Connection timeout to host https://discord.com/api/v9/unique-username/username-attempt-unauthed
2026-09-01 18:29:39	NETWORK	hclz	attempt=1	proxy=http://wiw4v7duaymysz9-session-969af85de322-lifetime-10:***@rp.scrapegw.com:6060	ConnectionTimeoutError: Connection timeout to host https://discord.com/api/v9/unique-username/username-attempt-unauthed
2026-09-01 18:29:39	NETWORK	hcph	attempt=1	proxy=http://wiw4v7duaymysz9-session-b5b70ef01e47-lifetime-10:***@rp.scrapegw.com:6060	ConnectionTimeoutError: Connection timeout to host https://discord.com/api/v9/unique-username/username-attempt-unauthed
2026-09-01 18:29:39	NETWORK	hcmg	attempt=1	proxy=http://wiw4v7duaymysz9-session-9ed7521f476d-lifetime-10:***@rp.scrapegw.com:6060	ConnectionTimeoutError: Connection timeout to host https://discord.com/api/v9/unique-username/username-attempt-unauthed
2026-09-01 18:29:39	NETWORK	hcno	attempt=1	proxy=http://wiw4v7duaymysz9-session-a0afafe0a1df-lifetime-10:***@rp.scrapegw.com:6060	ConnectionTimeoutError: Connection timeout to host https://discord.com/api/v9/unique-username/username-attempt-unauthed
2026-09-01 18:29:39	NETWORK	hcrs	attempt=1	proxy=http://wiw4v7duaymysz9-session-d3936125c1c1-lifetime-10:***@rp.scrapegw.com:6060	ConnectionTimeoutError: Connection timeout to host https://discord.com/api/v9/unique-username/username-attempt-unauthed
2026-09-01 18:29:39	NETWORK	hcmr	attempt=1	proxy=http://wiw4v7duaymysz9-session-fc26d7ffd180-lifetime-10:***@rp.scrapegw.com:6060	ConnectionTimeoutError: Connection timeout to host https://discord.com/api/v9/unique-username/username-attempt-unauthed
2026-09-01 18:29:39	NETWORK	hcoa	attempt=1	proxy=http://wiw4v7duaymysz9-session-78bbcba92aa4-lifetime-10:***@rp.scrapegw.com:6060	ConnectionTimeoutError: Connection timeout to host https://discord.com/api/v9/unique-username/username-attempt-unauthed
2026-09-01 18:29:39	NETWORK	hcqr	attempt=1	proxy=http://wiw4v7duaymysz9-session-888953da185b-lifetime-10:***@rp.scrapegw.com:6060	ConnectionTimeoutError: Connection timeout to host https://discord.com/api/v9/unique-username/username-attempt-unauthed
2026-09-01 18:29:39	NETWORK	hcri	attempt=1	proxy=http://wiw4v7duaymysz9-session-cbc38216f992-lifetime-10:***@rp.scrapegw.com:6060	ConnectionTimeoutError: Connection timeout to host https://discord.com/api/v9/unique-username/username-attempt-unauthed
2026-09-01 18:29:39	NETWORK	hcrt	attempt=1	proxy=http://wiw4v7duaymysz9-session-c738abacf8c6-lifetime-10:***@rp.scrapegw.com:6060	ConnectionTimeoutError: Connection timeout to host https://discord.com/api/v9/unique-username/username-attempt-unauthed
2026-09-01 18:29:39	NETWORK	hcro	attempt=1	proxy=http://wiw4v7duaymysz9-session-9869fba26925-lifetime-10:***@rp.scrapegw.com:6060	ConnectionTimeoutError: Connection timeout to host https://discord.com/api/v9/unique-username/username-attempt-unauthed
2026-09-01 18:29:39	NETWORK	hcrr	attempt=1	proxy=http://wiw4v7duaymysz9-session-47d23e9134a9-lifetime-10:***@rp.scrapegw.com:6060	ConnectionTimeoutError: Connection timeout to host https://discord.com/api/v9/unique-username/username-attempt-unauthed
2026-09-01 18:29:39	NETWORK	hcpt	attempt=1	proxy=http://wiw4v7duaymysz9-session-2524c8cecb7b-lifetime-10:***@rp.scrapegw.com:6060	ConnectionTimeoutError: Connection timeout to host https://discord.com/api/v9/unique-username/username-attempt-unauthed
2026-09-01 18:29:39	NETWORK	hcpa	attempt=1	proxy=http://wiw4v7duaymysz9-session-7e1c65a81841-lifetime-10:***@rp.scrapegw.com:6060	ConnectionTimeoutError: Connection timeout to host https://discord.com/api/v9/unique-username/username-attempt-unauthed
2026-09-01 18:29:39	NETWORK	hcqy	attempt=1	proxy=http://wiw4v7duaymysz9-session-7c33bed1d110-lifetime-10:***@rp.scrapegw.com:6060	ConnectionTimeoutError: Connection timeout to host https://discord.com/api/v9/unique-username/username-attempt-unauthed
2026-09-01 18:29:39	NETWORK	hddi	attempt=1	proxy=http://wiw4v7duaymysz9-session-1cfd23c29997-lifetime-10:***@rp.scrapegw.com:6060	ClientConnectorError: Cannot connect to host discord.com:443 ssl:default [Connection reset by peer]
2026-09-01 18:29:40	HTTP_429	hdrw	attempt=1	proxy=http://wiw4v7duaymysz9-session-8f7fce9eb4b9-lifetime-10:***@rp.scrapegw.com:6060	scope=shared global=False retry_after=1486.00s
2026-09-01 18:29:40	NETWORK	hczq	attempt=1	proxy=http://wiw4v7duaymysz9-session-ecf43a6f08ea-lifetime-10:***@rp.scrapegw.com:6060	ConnectionTimeoutError: Connection timeout to host https://discord.com/api/v9/unique-username/username-attempt-unauthed
2026-09-01 18:29:40	NETWORK	hczb	attempt=1	proxy=http://wiw4v7duaymysz9-session-a4568dd2c896-lifetime-10:***@rp.scrapegw.com:6060	ConnectionTimeoutError: Connection timeout to host https://discord.com/api/v9/unique-username/username-attempt-unauthed
2026-09-01 18:29:40	NETWORK	hdbh	attempt=1	proxy=http://wiw4v7duaymysz9-session-b3a48544227e-lifetime-10:***@rp.scrapegw.com:6060	ConnectionTimeoutError: Connection timeout to host https://discord.com/api/v9/unique-username/username-attempt-unauthed
2026-09-01 18:29:40	NETWORK	hdbl	attempt=1	proxy=http://wiw4v7duaymysz9-session-66ffe3066b7a-lifetime-10:***@rp.scrapegw.com:6060	ConnectionTimeoutError: Connection timeout to host https://discord.com/api/v9/unique-username/username-attempt-unauthed
2026-09-01 18:29:40	NETWORK	hdaa	attempt=1	proxy=http://wiw4v7duaymysz9-session-38fee7f5b17d-lifetime-10:***@rp.scrapegw.com:6060	ConnectionTimeoutError: Connection timeout to host https://discord.com/api/v9/unique-username/username-attempt-unauthed
2026-09-01 18:29:40	NETWORK	hcvm	attempt=1	proxy=http://wiw4v7duaymysz9-session-0f6f817df1e5-lifetime-10:***@rp.scrapegw.com:6060	ConnectionTimeoutError: Connection timeout to host https://discord.com/api/v9/unique-username/username-attempt-unauthed
2026-09-01 18:29:40	NETWORK	hdbc	attempt=1	proxy=http://wiw4v7duaymysz9-session-928000ceec00-lifetime-10:***@rp.scrapegw.com:6060	ConnectionTimeoutError: Connection timeout to host https://discord.com/api/v9/unique-username/username-attempt-unauthed
2026-09-01 18:29:40	NETWORK	hcve	attempt=1	proxy=http://wiw4v7duaymysz9-session-248e03057c54-lifetime-10:***@rp.scrapegw.com:6060	ConnectionTimeoutError: Connection timeout to host https://discord.com/api/v9/unique-username/username-attempt-unauthed
2026-09-01 18:29:40	NETWORK	hcvu	attempt=1	proxy=http://wiw4v7duaymysz9-session-37462b7b6ebc-lifetime-10:***@rp.scrapegw.com:6060	ConnectionTimeoutError: Connection timeout to host https://discord.com/api/v9/unique-username/username-attempt-unauthed
2026-09-01 18:29:40	NETWORK	hcuz	attempt=1	proxy=http://wiw4v7duaymysz9-session-26c7455e3fd1-lifetime-10:***@rp.scrapegw.com:6060	ConnectionTimeoutError: Connection timeout to host https://discord.com/api/v9/unique-username/username-attempt-unauthed
2026-09-01 18:29:40	NETWORK	hczp	attempt=1	proxy=http://wiw4v7duaymysz9-session-8f0adba67b00-lifetime-10:***@rp.scrapegw.com:6060	ConnectionTimeoutError: Connection timeout to host https://discord.com/api/v9/unique-username/username-attempt-unauthed
2026-09-01 18:29:40	NETWORK	hcyn	attempt=1	proxy=http://wiw4v7duaymysz9-session-df99d54f92ea-lifetime-10:***@rp.scrapegw.com:6060	ConnectionTimeoutError: Connection timeout to host https://discord.com/api/v9/unique-username/username-attempt-unauthed
2026-09-01 18:29:40	NETWORK	hcxu	attempt=1	proxy=http://wiw4v7duaymysz9-session-59a15eca0457-lifetime-10:***@rp.scrapegw.com:6060	ConnectionTimeoutError: Connection timeout to host https://discord.com/api/v9/unique-username/username-attempt-unauthed
2026-09-01 18:29:40	NETWORK	hcyy	attempt=1	proxy=http://wiw4v7duaymysz9-session-2433be4858a4-lifetime-10:***@rp.scrapegw.com:6060	ConnectionTimeoutError: Connection timeout to host https://discord.com/api/v9/unique-username/username-attempt-unauthed
2026-09-01 18:29:40	NETWORK	hcxq	attempt=1	proxy=http://wiw4v7duaymysz9-session-7a9db4106f2e-lifetime-10:***@rp.scrapegw.com:6060	ConnectionTimeoutError: Connection timeout to host https://discord.com/api/v9/unique-username/username-attempt-unauthed
2026-09-01 18:29:40	NETWORK	hcyb	attempt=1	proxy=http://wiw4v7duaymysz9-session-deecfeb6db5e-lifetime-10:***@rp.scrapegw.com:6060	ConnectionTimeoutError: Connection timeout to host https://discord.com/api/v9/unique-username/username-attempt-unauthed
2026-09-01 18:29:40	NETWORK	hcwl	attempt=1	proxy=http://wiw4v7duaymysz9-session-92adba577184-lifetime-10:***@rp.scrapegw.com:6060	ConnectionTimeoutError: Connection timeout to host https://discord.com/api/v9/unique-username/username-attempt-unauthed
2026-09-01 18:29:40	NETWORK	hcye	attempt=1	proxy=http://wiw4v7duaymysz9-session-68f0c6a6cb36-lifetime-10:***@rp.scrapegw.com:6060	ConnectionTimeoutError: Connection timeout to host https://discord.com/api/v9/unique-username/username-attempt-unauthed
2026-09-01 18:29:40	NETWORK	hcwr	attempt=1	proxy=http://wiw4v7duaymysz9-session-126f7d0a42c7-lifetime-10:***@rp.scrapegw.com:6060	ConnectionTimeoutError: Connection timeout to host https://discord.com/api/v9/unique-username/username-attempt-unauthed
2026-09-01 18:29:40	NETWORK	hcxn	attempt=1	proxy=http://wiw4v7duaymysz9-session-e91fa0ef2e1e-lifetime-10:***@rp.scrapegw.com:6060	ConnectionTimeoutError: Connection timeout to host https://discord.com/api/v9/unique-username/username-attempt-unauthed
2026-09-01 18:29:40	NETWORK	hcws	attempt=1	proxy=http://wiw4v7duaymysz9-session-b3077944b5d8-lifetime-10:***@rp.scrapegw.com:6060	ConnectionTimeoutError: Connection timeout to host https://discord.com/api/v9/unique-username/username-attempt-unauthed
2026-09-01 18:29:40	NETWORK	hcsa	attempt=1	proxy=http://wiw4v7duaymysz9-session-e2b6a7d622ac-lifetime-10:***@rp.scrapegw.com:6060	ConnectionTimeoutError: Connection timeout to host https://discord.com/api/v9/unique-username/username-attempt-unauthed
2026-09-01 18:29:40	NETWORK	hdac	attempt=1	proxy=http://wiw4v7duaymysz9-session-5363cd9742fc-lifetime-10:***@rp.scrapegw.com:6060	ConnectionTimeoutError: Connection timeout to host https://discord.com/api/v9/unique-username/username-attempt-unauthed
2026-09-01 18:29:40	NETWORK	hdaj	attempt=1	proxy=http://wiw4v7duaymysz9-session-5a6634ed2012-lifetime-10:***@rp.scrapegw.com:6060	ConnectionTimeoutError: Connection timeout to host https://discord.com/api/v9/unique-username/username-attempt-unauthed
2026-09-01 18:29:40	NETWORK	hcyf	attempt=1	proxy=http://wiw4v7duaymysz9-session-8e4c05f1b9c8-lifetime-10:***@rp.scrapegw.com:6060	ConnectionTimeoutError: Connection timeout to host https://discord.com/api/v9/unique-username/username-attempt-unauthed
2026-09-01 18:29:40	NETWORK	hdan	attempt=1	proxy=http://wiw4v7duaymysz9-session-b4f322b56589-lifetime-10:***@rp.scrapegw.com:6060	ConnectionTimeoutError: Connection timeout to host https://discord.com/api/v9/unique-username/username-attempt-unauthed
2026-09-01 18:29:40	NETWORK	hdag	attempt=1	proxy=http://wiw4v7duaymysz9-session-a53a4d3d131f-lifetime-10:***@rp.scrapegw.com:6060	ConnectionTimeoutError: Connection timeout to host https://discord.com/api/v9/unique-username/username-attempt-unauthed
2026-09-01 18:29:40	NETWORK	hdbf	attempt=1	proxy=http://wiw4v7duaymysz9-session-c14e24511113-lifetime-10:***@rp.scrapegw.com:6060	ConnectionTimeoutError: Connection timeout to host https://discord.com/api/v9/unique-username/username-attempt-unauthed
2026-09-01 18:29:40	NETWORK	hdaw	attempt=1	proxy=http://wiw4v7duaymysz9-session-80e076924e96-lifetime-10:***@rp.scrapegw.com:6060	ConnectionTimeoutError: Connection timeout to host https://discord.com/api/v9/unique-username/username-attempt-unauthed
2026-09-01 18:29:40	NETWORK	hcvf	attempt=1	proxy=http://wiw4v7duaymysz9-session-5400ebb02b10-lifetime-10:***@rp.scrapegw.com:6060	ConnectionTimeoutError: Connection timeout to host https://discord.com/api/v9/unique-username/username-attempt-unauthed
2026-09-01 18:29:40	NETWORK	hcwi	attempt=1	proxy=http://wiw4v7duaymysz9-session-6d2a8203a747-lifetime-10:***@rp.scrapegw.com:6060	ConnectionTimeoutError: Connection timeout to host https://discord.com/api/v9/unique-username/username-attempt-unauthed
2026-09-01 18:29:40	NETWORK	hcxv	attempt=1	proxy=http://wiw4v7duaymysz9-session-6df9b3c6815f-lifetime-10:***@rp.scrapegw.com:6060	ConnectionTimeoutError: Connection timeout to host https://discord.com/api/v9/unique-username/username-attempt-unauthed
2026-09-01 18:29:40	NETWORK	hcur	attempt=1	proxy=http://wiw4v7duaymysz9-session-e352b1ee57be-lifetime-10:***@rp.scrapegw.com:6060	ConnectionTimeoutError: Connection timeout to host https://discord.com/api/v9/unique-username/username-attempt-unauthed
2026-09-01 18:29:40	NETWORK	hcuq	attempt=1	proxy=http://wiw4v7duaymysz9-session-977e3703e79c-lifetime-10:***@rp.scrapegw.com:6060	ConnectionTimeoutError: Connection timeout to host https://discord.com/api/v9/unique-username/username-attempt-unauthed
2026-09-01 18:29:40	NETWORK	hcya	attempt=1	proxy=http://wiw4v7duaymysz9-session-07600c9b1775-lifetime-10:***@rp.scrapegw.com:6060	ConnectionTimeoutError: Connection timeout to host https://discord.com/api/v9/unique-username/username-attempt-unauthed
2026-09-01 18:29:40	NETWORK	hcsk	attempt=1	proxy=http://wiw4v7duaymysz9-session-5fbf5cf732bb-lifetime-10:***@rp.scrapegw.com:6060	ConnectionTimeoutError: Connection timeout to host https://discord.com/api/v9/unique-username/username-attempt-unauthed
2026-09-01 18:29:40	NETWORK	hcxj	attempt=1	proxy=http://wiw4v7duaymysz9-session-86611ba4923b-lifetime-10:***@rp.scrapegw.com:6060	ConnectionTimeoutError: Connection timeout to host https://discord.com/api/v9/unique-username/username-attempt-unauthed
2026-09-01 18:29:40	NETWORK	hcty	attempt=1	proxy=http://wiw4v7duaymysz9-session-e1f3c571487c-lifetime-10:***@rp.scrapegw.com:6060	ConnectionTimeoutError: Connection timeout to host https://discord.com/api/v9/unique-username/username-attempt-unauthed
2026-09-01 18:29:40	NETWORK	hdbk	attempt=1	proxy=http://wiw4v7duaymysz9-session-43e582e0d7e6-lifetime-10:***@rp.scrapegw.com:6060	ConnectionTimeoutError: Connection timeout to host https://discord.com/api/v9/unique-username/username-attempt-unauthed
2026-09-01 18:29:40	NETWORK	hcwc	attempt=1	proxy=http://wiw4v7duaymysz9-session-541815f37a2d-lifetime-10:***@rp.scrapegw.com:6060	ConnectionTimeoutError: Connection timeout to host https://discord.com/api/v9/unique-username/username-attempt-unauthed
2026-09-01 18:29:40	NETWORK	hdbb	attempt=1	proxy=http://wiw4v7duaymysz9-session-1c331f483635-lifetime-10:***@rp.scrapegw.com:6060	ConnectionTimeoutError: Connection timeout to host https://discord.com/api/v9/unique-username/username-attempt-unauthed
2026-09-01 18:29:40	NETWORK	hdyn	attempt=1	proxy=http://wiw4v7duaymysz9-session-e1767e4ee37b-lifetime-10:***@rp.scrapegw.com:6060	ClientConnectorSSLError: Cannot connect to host discord.com:443 ssl:default [[SSL: RECORD_LAYER_FAILURE] record layer failure (_ssl.c:1081)]
2026-09-01 18:29:41	HTTP_429	hgfs	attempt=1	proxy=http://wiw4v7duaymysz9-session-78718ca00998-lifetime-10:***@rp.scrapegw.com:6060	scope=shared global=False retry_after=1635.00s
2026-09-01 18:29:41	NETWORK	hemm	attempt=1	proxy=http://wiw4v7duaymysz9-session-3f28771f32fc-lifetime-10:***@rp.scrapegw.com:6060	ClientConnectorError: Cannot connect to host discord.com:443 ssl:default [Connection reset by peer]
2026-09-01 18:29:41	NETWORK	hebz	attempt=1	proxy=http://wiw4v7duaymysz9-session-8172aad69b85-lifetime-10:***@rp.scrapegw.com:6060	ClientConnectorError: Cannot connect to host discord.com:443 ssl:default [Connection reset by peer]
2026-09-01 18:29:41	NETWORK	hemo	attempt=1	proxy=http://wiw4v7duaymysz9-session-14d8668de6be-lifetime-10:***@rp.scrapegw.com:6060	ClientConnectorError: Cannot connect to host discord.com:443 ssl:default [Connection reset by peer]
2026-09-01 18:29:41	HTTP_429	hghe	attempt=1	proxy=http://wiw4v7duaymysz9-session-2842d35c6a75-lifetime-10:***@rp.scrapegw.com:6060	scope=shared global=False retry_after=2055.00s
2026-09-01 18:29:41	HTTP_429	hgix	attempt=1	proxy=http://wiw4v7duaymysz9-session-4c7776289a3d-lifetime-10:***@rp.scrapegw.com:6060	scope=shared global=False retry_after=2054.00s
2026-09-01 18:29:41	NETWORK	hdft	attempt=1	proxy=http://wiw4v7duaymysz9-session-59c912118cdc-lifetime-10:***@rp.scrapegw.com:6060	ConnectionTimeoutError: Connection timeout to host https://discord.com/api/v9/unique-username/username-attempt-unauthed
2026-09-01 18:29:41	NETWORK	hdig	attempt=1	proxy=http://wiw4v7duaymysz9-session-471fc61e7219-lifetime-10:***@rp.scrapegw.com:6060	ConnectionTimeoutError: Connection timeout to host https://discord.com/api/v9/unique-username/username-attempt-unauthed
2026-09-01 18:29:41	NETWORK	hdko	attempt=1	proxy=http://wiw4v7duaymysz9-session-2778f2020406-lifetime-10:***@rp.scrapegw.com:6060	ConnectionTimeoutError: Connection timeout to host https://discord.com/api/v9/unique-username/username-attempt-unauthed
2026-09-01 18:29:41	NETWORK	hddo	attempt=1	proxy=http://wiw4v7duaymysz9-session-eb4f77295279-lifetime-10:***@rp.scrapegw.com:6060	ConnectionTimeoutError: Connection timeout to host https://discord.com/api/v9/unique-username/username-attempt-unauthed
2026-09-01 18:29:41	NETWORK	hdgo	attempt=1	proxy=http://wiw4v7duaymysz9-session-b18e3e955e9e-lifetime-10:***@rp.scrapegw.com:6060	ConnectionTimeoutError: Connection timeout to host https://discord.com/api/v9/unique-username/username-attempt-unauthed
2026-09-01 18:29:41	NETWORK	hdkm	attempt=1	proxy=http://wiw4v7duaymysz9-session-0df789bb1e16-lifetime-10:***@rp.scrapegw.com:6060	ConnectionTimeoutError: Connection timeout to host https://discord.com/api/v9/unique-username/username-attempt-unauthed
2026-09-01 18:29:41	NETWORK	hdhd	attempt=1	proxy=http://wiw4v7duaymysz9-session-f79c8cb7465d-lifetime-10:***@rp.scrapegw.com:6060	ConnectionTimeoutError: Connection timeout to host https://discord.com/api/v9/unique-username/username-attempt-unauthed
2026-09-01 18:29:41	NETWORK	hdjy	attempt=1	proxy=http://wiw4v7duaymysz9-session-cdae5e3931af-lifetime-10:***@rp.scrapegw.com:6060	ConnectionTimeoutError: Connection timeout to host https://discord.com/api/v9/unique-username/username-attempt-unauthed
2026-09-01 18:29:41	NETWORK	hdjf	attempt=1	proxy=http://wiw4v7duaymysz9-session-7d081580c368-lifetime-10:***@rp.scrapegw.com:6060	ConnectionTimeoutError: Connection timeout to host https://discord.com/api/v9/unique-username/username-attempt-unauthed
2026-09-01 18:29:41	NETWORK	hdfr	attempt=1	proxy=http://wiw4v7duaymysz9-session-2d87667816f2-lifetime-10:***@rp.scrapegw.com:6060	ConnectionTimeoutError: Connection timeout to host https://discord.com/api/v9/unique-username/username-attempt-unauthed
2026-09-01 18:29:41	NETWORK	hdji	attempt=1	proxy=http://wiw4v7duaymysz9-session-6fce324bd590-lifetime-10:***@rp.scrapegw.com:6060	ConnectionTimeoutError: Connection timeout to host https://discord.com/api/v9/unique-username/username-attempt-unauthed
2026-09-01 18:29:41	NETWORK	hdja	attempt=1	proxy=http://wiw4v7duaymysz9-session-3640b7ef4d40-lifetime-10:***@rp.scrapegw.com:6060	ConnectionTimeoutError: Connection timeout to host https://discord.com/api/v9/unique-username/username-attempt-unauthed
2026-09-01 18:29:41	NETWORK	hdfz	attempt=1	proxy=http://wiw4v7duaymysz9-session-bec4c31fbb93-lifetime-10:***@rp.scrapegw.com:6060	ConnectionTimeoutError: Connection timeout to host https://discord.com/api/v9/unique-username/username-attempt-unauthed
2026-09-01 18:29:41	NETWORK	hdie	attempt=1	proxy=http://wiw4v7duaymysz9-session-ebce25584023-lifetime-10:***@rp.scrapegw.com:6060	ConnectionTimeoutError: Connection timeout to host https://discord.com/api/v9/unique-username/username-attempt-unauthed
2026-09-01 18:29:41	NETWORK	hdgs	attempt=1	proxy=http://wiw4v7duaymysz9-session-5a7b14fc6d27-lifetime-10:***@rp.scrapegw.com:6060	ConnectionTimeoutError: Connection timeout to host https://discord.com/api/v9/unique-username/username-attempt-unauthed
2026-09-01 18:29:41	NETWORK	hddy	attempt=1	proxy=http://wiw4v7duaymysz9-session-81cb2dbd28d5-lifetime-10:***@rp.scrapegw.com:6060	ConnectionTimeoutError: Connection timeout to host https://discord.com/api/v9/unique-username/username-attempt-unauthed
2026-09-01 18:29:41	NETWORK	hddt	attempt=1	proxy=http://wiw4v7duaymysz9-session-2065318a679a-lifetime-10:***@rp.scrapegw.com:6060	ConnectionTimeoutError: Connection timeout to host https://discord.com/api/v9/unique-username/username-attempt-unauthed
2026-09-01 18:29:41	NETWORK	hdgl	attempt=1	proxy=http://wiw4v7duaymysz9-session-62ea507564de-lifetime-10:***@rp.scrapegw.com:6060	ConnectionTimeoutError: Connection timeout to host https://discord.com/api/v9/unique-username/username-attempt-unauthed
2026-09-01 18:29:41	NETWORK	hdhl	attempt=1	proxy=http://wiw4v7duaymysz9-session-55c0f4ffab11-lifetime-10:***@rp.scrapegw.com:6060	ConnectionTimeoutError: Connection timeout to host https://discord.com/api/v9/unique-username/username-attempt-unauthed
2026-09-01 18:29:41	NETWORK	hdje	attempt=1	proxy=http://wiw4v7duaymysz9-session-86c91d7dfb58-lifetime-10:***@rp.scrapegw.com:6060	ConnectionTimeoutError: Connection timeout to host https://discord.com/api/v9/unique-username/username-attempt-unauthed
2026-09-01 18:29:41	NETWORK	hdhx	attempt=1	proxy=http://wiw4v7duaymysz9-session-615298e9ee2a-lifetime-10:***@rp.scrapegw.com:6060	ConnectionTimeoutError: Connection timeout to host https://discord.com/api/v9/unique-username/username-attempt-unauthed
2026-09-01 18:29:41	NETWORK	hdhy	attempt=1	proxy=http://wiw4v7duaymysz9-session-483e8ba361d8-lifetime-10:***@rp.scrapegw.com:6060	ConnectionTimeoutError: Connection timeout to host https://discord.com/api/v9/unique-username/username-attempt-unauthed
2026-09-01 18:29:41	NETWORK	hdhn	attempt=1	proxy=http://wiw4v7duaymysz9-session-2a2382ad69a2-lifetime-10:***@rp.scrapegw.com:6060	ConnectionTimeoutError: Connection timeout to host https://discord.com/api/v9/unique-username/username-attempt-unauthed
2026-09-01 18:29:41	NETWORK	hdid	attempt=1	proxy=http://wiw4v7duaymysz9-session-b83516b34af1-lifetime-10:***@rp.scrapegw.com:6060	ConnectionTimeoutError: Connection timeout to host https://discord.com/api/v9/unique-username/username-attempt-unauthed
2026-09-01 18:29:41	NETWORK	hdju	attempt=1	proxy=http://wiw4v7duaymysz9-session-607864523046-lifetime-10:***@rp.scrapegw.com:6060	ConnectionTimeoutError: Connection timeout to host https://discord.com/api/v9/unique-username/username-attempt-unauthed
2026-09-01 18:29:41	NETWORK	hdfm	attempt=1	proxy=http://wiw4v7duaymysz9-session-ec9f8d44de83-lifetime-10:***@rp.scrapegw.com:6060	ConnectionTimeoutError: Connection timeout to host https://discord.com/api/v9/unique-username/username-attempt-unauthed
2026-09-01 18:29:41	NETWORK	hdgc	attempt=1	proxy=http://wiw4v7duaymysz9-session-2c1814ac46a5-lifetime-10:***@rp.scrapegw.com:6060	ConnectionTimeoutError: Connection timeout to host https://discord.com/api/v9/unique-username/username-attempt-unauthed
2026-09-01 18:29:41	NETWORK	hdge	attempt=1	proxy=http://wiw4v7duaymysz9-session-5cb7f37bbf06-lifetime-10:***@rp.scrapegw.com:6060	ConnectionTimeoutError: Connection timeout to host https://discord.com/api/v9/unique-username/username-attempt-unauthed
2026-09-01 18:29:41	NETWORK	hdbx	attempt=1	proxy=http://wiw4v7duaymysz9-session-3b58b7782b53-lifetime-10:***@rp.scrapegw.com:6060	ConnectionTimeoutError: Connection timeout to host https://discord.com/api/v9/unique-username/username-attempt-unauthed
2026-09-01 18:29:41	NETWORK	hddd	attempt=1	proxy=http://wiw4v7duaymysz9-session-cd319013e31e-lifetime-10:***@rp.scrapegw.com:6060	ConnectionTimeoutError: Connection timeout to host https://discord.com/api/v9/unique-username/username-attempt-unauthed
2026-09-01 18:29:41	NETWORK	hdjm	attempt=1	proxy=http://wiw4v7duaymysz9-session-42ddd5a84865-lifetime-10:***@rp.scrapegw.com:6060	ConnectionTimeoutError: Connection timeout to host https://discord.com/api/v9/unique-username/username-attempt-unauthed
2026-09-01 18:29:41	NETWORK	hdem	attempt=1	proxy=http://wiw4v7duaymysz9-session-df45e88d9ea2-lifetime-10:***@rp.scrapegw.com:6060	ConnectionTimeoutError: Connection timeout to host https://discord.com/api/v9/unique-username/username-attempt-unauthed
2026-09-01 18:29:41	HTTP_429	hgip	attempt=1	proxy=http://wiw4v7duaymysz9-session-15ea4dde54ec-lifetime-10:***@rp.scrapegw.com:6060	scope=shared global=False retry_after=1449.00s
2026-09-01 18:29:42	NETWORK	heur	attempt=1	proxy=http://wiw4v7duaymysz9-session-cbc65ded4df3-lifetime-10:***@rp.scrapegw.com:6060	ClientConnectorError: Cannot connect to host discord.com:443 ssl:default [Connection reset by peer]
2026-09-01 18:29:42	HTTP_429	hgmb	attempt=1	proxy=http://wiw4v7duaymysz9-session-a543dd1a3098-lifetime-10:***@rp.scrapegw.com:6060	scope=shared global=False retry_after=2056.00s
2026-09-01 18:29:42	HTTP_429	hgnq	attempt=1	proxy=http://wiw4v7duaymysz9-session-173d4d47a429-lifetime-10:***@rp.scrapegw.com:6060	scope=shared global=False retry_after=2059.00s
2026-09-01 18:29:42	NETWORK	hefj	attempt=1	proxy=http://wiw4v7duaymysz9-session-ded8d80cd788-lifetime-10:***@rp.scrapegw.com:6060	ClientConnectorError: Cannot connect to host discord.com:443 ssl:default [Connection reset by peer]
2026-09-01 18:29:42	NETWORK	hfpo	attempt=1	proxy=http://wiw4v7duaymysz9-session-e1767e4ee37b-lifetime-10:***@rp.scrapegw.com:6060	ClientConnectorSSLError: Cannot connect to host discord.com:443 ssl:default [[SSL: RECORD_LAYER_FAILURE] record layer failure (_ssl.c:1081)]
2026-09-01 18:29:42	NETWORK	hdpd	attempt=1	proxy=http://wiw4v7duaymysz9-session-7b96f9264f27-lifetime-10:***@rp.scrapegw.com:6060	ConnectionTimeoutError: Connection timeout to host https://discord.com/api/v9/unique-username/username-attempt-unauthed
2026-09-01 18:29:42	NETWORK	hdnk	attempt=1	proxy=http://wiw4v7duaymysz9-session-55d1d2766465-lifetime-10:***@rp.scrapegw.com:6060	ConnectionTimeoutError: Connection timeout to host https://discord.com/api/v9/unique-username/username-attempt-unauthed
2026-09-01 18:29:42	NETWORK	hdry	attempt=1	proxy=http://wiw4v7duaymysz9-session-843c8b5da777-lifetime-10:***@rp.scrapegw.com:6060	ConnectionTimeoutError: Connection timeout to host https://discord.com/api/v9/unique-username/username-attempt-unauthed
2026-09-01 18:29:42	NETWORK	hdrm	attempt=1	proxy=http://wiw4v7duaymysz9-session-3470933ad01f-lifetime-10:***@rp.scrapegw.com:6060	ConnectionTimeoutError: Connection timeout to host https://discord.com/api/v9/unique-username/username-attempt-unauthed
2026-09-01 18:29:42	NETWORK	hdng	attempt=1	proxy=http://wiw4v7duaymysz9-session-55f5e4160bdc-lifetime-10:***@rp.scrapegw.com:6060	ConnectionTimeoutError: Connection timeout to host https://discord.com/api/v9/unique-username/username-attempt-unauthed
2026-09-01 18:29:42	NETWORK	hdsx	attempt=1	proxy=http://wiw4v7duaymysz9-session-67781bc3d0e3-lifetime-10:***@rp.scrapegw.com:6060	ConnectionTimeoutError: Connection timeout to host https://discord.com/api/v9/unique-username/username-attempt-unauthed
2026-09-01 18:29:42	NETWORK	hdom	attempt=1	proxy=http://wiw4v7duaymysz9-session-53fd50f9c6d8-lifetime-10:***@rp.scrapegw.com:6060	ConnectionTimeoutError: Connection timeout to host https://discord.com/api/v9/unique-username/username-attempt-unauthed
2026-09-01 18:29:42	NETWORK	hdrc	attempt=1	proxy=http://wiw4v7duaymysz9-session-b0fe266c74e6-lifetime-10:***@rp.scrapegw.com:6060	ConnectionTimeoutError: Connection timeout to host https://discord.com/api/v9/unique-username/username-attempt-unauthed
2026-09-01 18:29:42	NETWORK	hdns	attempt=1	proxy=http://wiw4v7duaymysz9-session-1375c9da93f5-lifetime-10:***@rp.scrapegw.com:6060	ConnectionTimeoutError: Connection timeout to host https://discord.com/api/v9/unique-username/username-attempt-unauthed
2026-09-01 18:29:42	NETWORK	hdou	attempt=1	proxy=http://wiw4v7duaymysz9-session-d7ccbab61e6b-lifetime-10:***@rp.scrapegw.com:6060	ConnectionTimeoutError: Connection timeout to host https://discord.com/api/v9/unique-username/username-attempt-unauthed
2026-09-01 18:29:42	NETWORK	hdqq	attempt=1	proxy=http://wiw4v7duaymysz9-session-e54607b149ba-lifetime-10:***@rp.scrapegw.com:6060	ConnectionTimeoutError: Connection timeout to host https://discord.com/api/v9/unique-username/username-attempt-unauthed
2026-09-01 18:29:42	NETWORK	hdkv	attempt=1	proxy=http://wiw4v7duaymysz9-session-9fc4952ff803-lifetime-10:***@rp.scrapegw.com:6060	ConnectionTimeoutError: Connection timeout to host https://discord.com/api/v9/unique-username/username-attempt-unauthed
2026-09-01 18:29:42	NETWORK	hdnf	attempt=1	proxy=http://wiw4v7duaymysz9-session-bcc521ca2350-lifetime-10:***@rp.scrapegw.com:6060	ConnectionTimeoutError: Connection timeout to host https://discord.com/api/v9/unique-username/username-attempt-unauthed
2026-09-01 18:29:42	NETWORK	hdsk	attempt=1	proxy=http://wiw4v7duaymysz9-session-a4505ec62e83-lifetime-10:***@rp.scrapegw.com:6060	ConnectionTimeoutError: Connection timeout to host https://discord.com/api/v9/unique-username/username-attempt-unauthed
2026-09-01 18:29:42	NETWORK	hdkz	attempt=1	proxy=http://wiw4v7duaymysz9-session-3cd84d9f4d95-lifetime-10:***@rp.scrapegw.com:6060	ConnectionTimeoutError: Connection timeout to host https://discord.com/api/v9/unique-username/username-attempt-unauthed
2026-09-01 18:29:42	NETWORK	hdru	attempt=1	proxy=http://wiw4v7duaymysz9-session-a916e0241694-lifetime-10:***@rp.scrapegw.com:6060	ConnectionTimeoutError: Connection timeout to host https://discord.com/api/v9/unique-username/username-attempt-unauthed
2026-09-01 18:29:42	NETWORK	hdmr	attempt=1	proxy=http://wiw4v7duaymysz9-session-e6237bcd0660-lifetime-10:***@rp.scrapegw.com:6060	ConnectionTimeoutError: Connection timeout to host https://discord.com/api/v9/unique-username/username-attempt-unauthed
2026-09-01 18:29:42	NETWORK	hdlv	attempt=1	proxy=http://wiw4v7duaymysz9-session-b23b3ea67480-lifetime-10:***@rp.scrapegw.com:6060	ConnectionTimeoutError: Connection timeout to host https://discord.com/api/v9/unique-username/username-attempt-unauthed
2026-09-01 18:29:42	NETWORK	hdpr	attempt=1	proxy=http://wiw4v7duaymysz9-session-e762d7b15e58-lifetime-10:***@rp.scrapegw.com:6060	ConnectionTimeoutError: Connection timeout to host https://discord.com/api/v9/unique-username/username-attempt-unauthed
2026-09-01 18:29:42	NETWORK	hdmj	attempt=1	proxy=http://wiw4v7duaymysz9-session-17aba5885d2b-lifetime-10:***@rp.scrapegw.com:6060	ConnectionTimeoutError: Connection timeout to host https://discord.com/api/v9/unique-username/username-attempt-unauthed
2026-09-01 18:29:42	NETWORK	hdti	attempt=1	proxy=http://wiw4v7duaymysz9-session-1e99beb6462d-lifetime-10:***@rp.scrapegw.com:6060	ConnectionTimeoutError: Connection timeout to host https://discord.com/api/v9/unique-username/username-attempt-unauthed
2026-09-01 18:29:42	NETWORK	hdle	attempt=1	proxy=http://wiw4v7duaymysz9-session-9e367bb4ba55-lifetime-10:***@rp.scrapegw.com:6060	ConnectionTimeoutError: Connection timeout to host https://discord.com/api/v9/unique-username/username-attempt-unauthed
2026-09-01 18:29:42	NETWORK	hdta	attempt=1	proxy=http://wiw4v7duaymysz9-session-db4442ebba8d-lifetime-10:***@rp.scrapegw.com:6060	ConnectionTimeoutError: Connection timeout to host https://discord.com/api/v9/unique-username/username-attempt-unauthed
2026-09-01 18:29:42	NETWORK	hdld	attempt=1	proxy=http://wiw4v7duaymysz9-session-8b2cf5980a8e-lifetime-10:***@rp.scrapegw.com:6060	ConnectionTimeoutError: Connection timeout to host https://discord.com/api/v9/unique-username/username-attempt-unauthed
2026-09-01 18:29:42	NETWORK	hdnp	attempt=1	proxy=http://wiw4v7duaymysz9-session-a01b3a836c40-lifetime-10:***@rp.scrapegw.com:6060	ConnectionTimeoutError: Connection timeout to host https://discord.com/api/v9/unique-username/username-attempt-unauthed
2026-09-01 18:29:42	NETWORK	hdsb	attempt=1	proxy=http://wiw4v7duaymysz9-session-7f1740dfee78-lifetime-10:***@rp.scrapegw.com:6060	ConnectionTimeoutError: Connection timeout to host https://discord.com/api/v9/unique-username/username-attempt-unauthed
2026-09-01 18:29:42	NETWORK	hdsc	attempt=1	proxy=http://wiw4v7duaymysz9-session-75e6564c6c44-lifetime-10:***@rp.scrapegw.com:6060	ConnectionTimeoutError: Connection timeout to host https://discord.com/api/v9/unique-username/username-attempt-unauthed
2026-09-01 18:29:42	NETWORK	hdsl	attempt=1	proxy=http://wiw4v7duaymysz9-session-87eaf652a989-lifetime-10:***@rp.scrapegw.com:6060	ConnectionTimeoutError: Connection timeout to host https://discord.com/api/v9/unique-username/username-attempt-unauthed
2026-09-01 18:29:42	NETWORK	hdrz	attempt=1	proxy=http://wiw4v7duaymysz9-session-af0c31bc6ed3-lifetime-10:***@rp.scrapegw.com:6060	ConnectionTimeoutError: Connection timeout to host https://discord.com/api/v9/unique-username/username-attempt-unauthed
2026-09-01 18:29:42	NETWORK	hdro	attempt=1	proxy=http://wiw4v7duaymysz9-session-72c12e1235b2-lifetime-10:***@rp.scrapegw.com:6060	ConnectionTimeoutError: Connection timeout to host https://discord.com/api/v9/unique-username/username-attempt-unauthed
2026-09-01 18:29:42	NETWORK	hdrf	attempt=1	proxy=http://wiw4v7duaymysz9-session-b90aa7e5d816-lifetime-10:***@rp.scrapegw.com:6060	ConnectionTimeoutError: Connection timeout to host https://discord.com/api/v9/unique-username/username-attempt-unauthed
2026-09-01 18:29:42	NETWORK	hdrd	attempt=1	proxy=http://wiw4v7duaymysz9-session-a9061939b1c3-lifetime-10:***@rp.scrapegw.com:6060	ConnectionTimeoutError: Connection timeout to host https://discord.com/api/v9/unique-username/username-attempt-unauthed
2026-09-01 18:29:42	NETWORK	hdmw	attempt=1	proxy=http://wiw4v7duaymysz9-session-cb134864f424-lifetime-10:***@rp.scrapegw.com:6060	ConnectionTimeoutError: Connection timeout to host https://discord.com/api/v9/unique-username/username-attempt-unauthed
2026-09-01 18:29:42	NETWORK	hdqs	attempt=1	proxy=http://wiw4v7duaymysz9-session-89b4217e2c3d-lifetime-10:***@rp.scrapegw.com:6060	ConnectionTimeoutError: Connection timeout to host https://discord.com/api/v9/unique-username/username-attempt-unauthed
2026-09-01 18:29:42	NETWORK	hdmt	attempt=1	proxy=http://wiw4v7duaymysz9-session-3c5f7b2111da-lifetime-10:***@rp.scrapegw.com:6060	ConnectionTimeoutError: Connection timeout to host https://discord.com/api/v9/unique-username/username-attempt-unauthed
2026-09-01 18:29:42	NETWORK	hdlz	attempt=1	proxy=http://wiw4v7duaymysz9-session-9e0de891cc53-lifetime-10:***@rp.scrapegw.com:6060	ConnectionTimeoutError: Connection timeout to host https://discord.com/api/v9/unique-username/username-attempt-unauthed
2026-09-01 18:29:42	NETWORK	hdla	attempt=1	proxy=http://wiw4v7duaymysz9-session-9671153ac3e9-lifetime-10:***@rp.scrapegw.com:6060	ConnectionTimeoutError: Connection timeout to host https://discord.com/api/v9/unique-username/username-attempt-unauthed
2026-09-01 18:29:42	NETWORK	hdms	attempt=1	proxy=http://wiw4v7duaymysz9-session-38ea75af13b1-lifetime-10:***@rp.scrapegw.com:6060	ConnectionTimeoutError: Connection timeout to host https://discord.com/api/v9/unique-username/username-attempt-unauthed
2026-09-01 18:29:42	NETWORK	hdnr	attempt=1	proxy=http://wiw4v7duaymysz9-session-5175d9672956-lifetime-10:***@rp.scrapegw.com:6060	ConnectionTimeoutError: Connection timeout to host https://discord.com/api/v9/unique-username/username-attempt-unauthed
2026-09-01 18:29:42	NETWORK	hdnc	attempt=1	proxy=http://wiw4v7duaymysz9-session-7a57585675f7-lifetime-10:***@rp.scrapegw.com:6060	ConnectionTimeoutError: Connection timeout to host https://discord.com/api/v9/unique-username/username-attempt-unauthed
2026-09-01 18:29:42	HTTP_429	hgqj	attempt=1	proxy=http://wiw4v7duaymysz9-session-63027a62f7a5-lifetime-10:***@rp.scrapegw.com:6060	scope=shared global=False retry_after=679.00s
2026-09-01 18:29:43	HTTP_429	hgru	attempt=1	proxy=http://wiw4v7duaymysz9-session-72bd4ef881eb-lifetime-10:***@rp.scrapegw.com:6060	scope=shared global=False retry_after=2053.00s
2026-09-01 18:29:43	HTTP_429	hgun	attempt=1	proxy=http://wiw4v7duaymysz9-session-60ab2dec9455-lifetime-10:***@rp.scrapegw.com:6060	scope=shared global=False retry_after=186.00s
2026-09-01 18:29:43	NETWORK	hewg	attempt=1	proxy=http://wiw4v7duaymysz9-session-f339948ac751-lifetime-10:***@rp.scrapegw.com:6060	ClientConnectorError: Cannot connect to host discord.com:443 ssl:default [Connection reset by peer]
2026-09-01 18:29:43	NETWORK	hevx	attempt=1	proxy=http://wiw4v7duaymysz9-session-555c688a10af-lifetime-10:***@rp.scrapegw.com:6060	ClientConnectorError: Cannot connect to host discord.com:443 ssl:default [Connection reset by peer]
2026-09-01 18:29:43	HTTP_429	hgxu	attempt=1	proxy=http://wiw4v7duaymysz9-session-6b6e81c3dd46-lifetime-10:***@rp.scrapegw.com:6060	scope=shared global=False retry_after=2052.00s
2026-09-01 18:29:43	NETWORK	hdwp	attempt=1	proxy=http://wiw4v7duaymysz9-session-2ab222d6eafe-lifetime-10:***@rp.scrapegw.com:6060	ConnectionTimeoutError: Connection timeout to host https://discord.com/api/v9/unique-username/username-attempt-unauthed
2026-09-01 18:29:43	NETWORK	hebw	attempt=1	proxy=http://wiw4v7duaymysz9-session-6db54b27c748-lifetime-10:***@rp.scrapegw.com:6060	ConnectionTimeoutError: Connection timeout to host https://discord.com/api/v9/unique-username/username-attempt-unauthed
2026-09-01 18:29:43	NETWORK	hecb	attempt=1	proxy=http://wiw4v7duaymysz9-session-1e7f9ff700ef-lifetime-10:***@rp.scrapegw.com:6060	ConnectionTimeoutError: Connection timeout to host https://discord.com/api/v9/unique-username/username-attempt-unauthed
2026-09-01 18:29:43	NETWORK	heby	attempt=1	proxy=http://wiw4v7duaymysz9-session-c082ade83048-lifetime-10:***@rp.scrapegw.com:6060	ConnectionTimeoutError: Connection timeout to host https://discord.com/api/v9/unique-username/username-attempt-unauthed
2026-09-01 18:29:43	NETWORK	hecv	attempt=1	proxy=http://wiw4v7duaymysz9-session-a3320aac223f-lifetime-10:***@rp.scrapegw.com:6060	ConnectionTimeoutError: Connection timeout to host https://discord.com/api/v9/unique-username/username-attempt-unauthed
2026-09-01 18:29:43	NETWORK	heag	attempt=1	proxy=http://wiw4v7duaymysz9-session-ed32151ad8c3-lifetime-10:***@rp.scrapegw.com:6060	ConnectionTimeoutError: Connection timeout to host https://discord.com/api/v9/unique-username/username-attempt-unauthed
2026-09-01 18:29:43	NETWORK	hear	attempt=1	proxy=http://wiw4v7duaymysz9-session-3cc31a91ee09-lifetime-10:***@rp.scrapegw.com:6060	ConnectionTimeoutError: Connection timeout to host https://discord.com/api/v9/unique-username/username-attempt-unauthed
2026-09-01 18:29:43	NETWORK	hdyk	attempt=1	proxy=http://wiw4v7duaymysz9-session-36fbd2c5c041-lifetime-10:***@rp.scrapegw.com:6060	ConnectionTimeoutError: Connection timeout to host https://discord.com/api/v9/unique-username/username-attempt-unauthed
2026-09-01 18:29:43	NETWORK	hduk	attempt=1	proxy=http://wiw4v7duaymysz9-session-030db6300b5e-lifetime-10:***@rp.scrapegw.com:6060	ConnectionTimeoutError: Connection timeout to host https://discord.com/api/v9/unique-username/username-attempt-unauthed
2026-09-01 18:29:43	NETWORK	hdxr	attempt=1	proxy=http://wiw4v7duaymysz9-session-d08e4737ec20-lifetime-10:***@rp.scrapegw.com:6060	ConnectionTimeoutError: Connection timeout to host https://discord.com/api/v9/unique-username/username-attempt-unauthed
2026-09-01 18:29:43	NETWORK	hdye	attempt=1	proxy=http://wiw4v7duaymysz9-session-1fd69f418646-lifetime-10:***@rp.scrapegw.com:6060	ConnectionTimeoutError: Connection timeout to host https://discord.com/api/v9/unique-username/username-attempt-unauthed
2026-09-01 18:29:43	NETWORK	hebb	attempt=1	proxy=http://wiw4v7duaymysz9-session-f30d87ed8129-lifetime-10:***@rp.scrapegw.com:6060	ConnectionTimeoutError: Connection timeout to host https://discord.com/api/v9/unique-username/username-attempt-unauthed
2026-09-01 18:29:43	NETWORK	hebv	attempt=1	proxy=http://wiw4v7duaymysz9-session-83c17fbf499d-lifetime-10:***@rp.scrapegw.com:6060	ConnectionTimeoutError: Connection timeout to host https://discord.com/api/v9/unique-username/username-attempt-unauthed
2026-09-01 18:29:43	NETWORK	hebn	attempt=1	proxy=http://wiw4v7duaymysz9-session-ff0b3c5936bb-lifetime-10:***@rp.scrapegw.com:6060	ConnectionTimeoutError: Connection timeout to host https://discord.com/api/v9/unique-username/username-attempt-unauthed
2026-09-01 18:29:43	NETWORK	hdyh	attempt=1	proxy=http://wiw4v7duaymysz9-session-0e1926ba7d97-lifetime-10:***@rp.scrapegw.com:6060	ConnectionTimeoutError: Connection timeout to host https://discord.com/api/v9/unique-username/username-attempt-unauthed
2026-09-01 18:29:43	NETWORK	hdwc	attempt=1	proxy=http://wiw4v7duaymysz9-session-1507a9475266-lifetime-10:***@rp.scrapegw.com:6060	ConnectionTimeoutError: Connection timeout to host https://discord.com/api/v9/unique-username/username-attempt-unauthed
2026-09-01 18:29:43	NETWORK	hebh	attempt=1	proxy=http://wiw4v7duaymysz9-session-692ba96573ec-lifetime-10:***@rp.scrapegw.com:6060	ConnectionTimeoutError: Connection timeout to host https://discord.com/api/v9/unique-username/username-attempt-unauthed
2026-09-01 18:29:43	NETWORK	heai	attempt=1	proxy=http://wiw4v7duaymysz9-session-d2b86a2f01e4-lifetime-10:***@rp.scrapegw.com:6060	ConnectionTimeoutError: Connection timeout to host https://discord.com/api/v9/unique-username/username-attempt-unauthed
2026-09-01 18:29:43	NETWORK	hebi	attempt=1	proxy=http://wiw4v7duaymysz9-session-5e29f38d452c-lifetime-10:***@rp.scrapegw.com:6060	ConnectionTimeoutError: Connection timeout to host https://discord.com/api/v9/unique-username/username-attempt-unauthed
2026-09-01 18:29:43	NETWORK	heah	attempt=1	proxy=http://wiw4v7duaymysz9-session-f5edcc0af5aa-lifetime-10:***@rp.scrapegw.com:6060	ConnectionTimeoutError: Connection timeout to host https://discord.com/api/v9/unique-username/username-attempt-unauthed
2026-09-01 18:29:43	NETWORK	hdzo	attempt=1	proxy=http://wiw4v7duaymysz9-session-962176f82dc6-lifetime-10:***@rp.scrapegw.com:6060	ConnectionTimeoutError: Connection timeout to host https://discord.com/api/v9/unique-username/username-attempt-unauthed
2026-09-01 18:29:43	NETWORK	heac	attempt=1	proxy=http://wiw4v7duaymysz9-session-135a5153f951-lifetime-10:***@rp.scrapegw.com:6060	ConnectionTimeoutError: Connection timeout to host https://discord.com/api/v9/unique-username/username-attempt-unauthed
2026-09-01 18:29:43	NETWORK	hdzg	attempt=1	proxy=http://wiw4v7duaymysz9-session-29dbf787922a-lifetime-10:***@rp.scrapegw.com:6060	ConnectionTimeoutError: Connection timeout to host https://discord.com/api/v9/unique-username/username-attempt-unauthed
2026-09-01 18:29:43	NETWORK	hdyv	attempt=1	proxy=http://wiw4v7duaymysz9-session-6b1cb31a94cb-lifetime-10:***@rp.scrapegw.com:6060	ConnectionTimeoutError: Connection timeout to host https://discord.com/api/v9/unique-username/username-attempt-unauthed
2026-09-01 18:29:43	NETWORK	hdud	attempt=1	proxy=http://wiw4v7duaymysz9-session-5b53f2505528-lifetime-10:***@rp.scrapegw.com:6060	ConnectionTimeoutError: Connection timeout to host https://discord.com/api/v9/unique-username/username-attempt-unauthed
2026-09-01 18:29:43	NETWORK	hdtt	attempt=1	proxy=http://wiw4v7duaymysz9-session-651de0a97e34-lifetime-10:***@rp.scrapegw.com:6060	ConnectionTimeoutError: Connection timeout to host https://discord.com/api/v9/unique-username/username-attempt-unauthed
2026-09-01 18:29:43	NETWORK	hdwk	attempt=1	proxy=http://wiw4v7duaymysz9-session-e128a850b189-lifetime-10:***@rp.scrapegw.com:6060	ConnectionTimeoutError: Connection timeout to host https://discord.com/api/v9/unique-username/username-attempt-unauthed
2026-09-01 18:29:43	NETWORK	hdvo	attempt=1	proxy=http://wiw4v7duaymysz9-session-1c2ad4d11000-lifetime-10:***@rp.scrapegw.com:6060	ConnectionTimeoutError: Connection timeout to host https://discord.com/api/v9/unique-username/username-attempt-unauthed
2026-09-01 18:29:43	NETWORK	heaz	attempt=1	proxy=http://wiw4v7duaymysz9-session-632bccb203e1-lifetime-10:***@rp.scrapegw.com:6060	ConnectionTimeoutError: Connection timeout to host https://discord.com/api/v9/unique-username/username-attempt-unauthed
2026-09-01 18:29:43	NETWORK	hebc	attempt=1	proxy=http://wiw4v7duaymysz9-session-b475b187bf07-lifetime-10:***@rp.scrapegw.com:6060	ConnectionTimeoutError: Connection timeout to host https://discord.com/api/v9/unique-username/username-attempt-unauthed
2026-09-01 18:29:43	NETWORK	hdyd	attempt=1	proxy=http://wiw4v7duaymysz9-session-f4bbe544e286-lifetime-10:***@rp.scrapegw.com:6060	ConnectionTimeoutError: Connection timeout to host https://discord.com/api/v9/unique-username/username-attempt-unauthed
2026-09-01 18:29:43	NETWORK	hdxl	attempt=1	proxy=http://wiw4v7duaymysz9-session-062ebd34e510-lifetime-10:***@rp.scrapegw.com:6060	ConnectionTimeoutError: Connection timeout to host https://discord.com/api/v9/unique-username/username-attempt-unauthed
2026-09-01 18:29:43	NETWORK	heaw	attempt=1	proxy=http://wiw4v7duaymysz9-session-fd343f4a82b0-lifetime-10:***@rp.scrapegw.com:6060	ConnectionTimeoutError: Connection timeout to host https://discord.com/api/v9/unique-username/username-attempt-unauthed
2026-09-01 18:29:43	NETWORK	hecf	attempt=1	proxy=http://wiw4v7duaymysz9-session-cce3aba68abd-lifetime-10:***@rp.scrapegw.com:6060	ConnectionTimeoutError: Connection timeout to host https://discord.com/api/v9/unique-username/username-attempt-unauthed
2026-09-01 18:29:43	NETWORK	hdwo	attempt=1	proxy=http://wiw4v7duaymysz9-session-f825c88c0ed4-lifetime-10:***@rp.scrapegw.com:6060	ConnectionTimeoutError: Connection timeout to host https://discord.com/api/v9/unique-username/username-attempt-unauthed
2026-09-01 18:29:43	NETWORK	hdvl	attempt=1	proxy=http://wiw4v7duaymysz9-session-531bf6eab1fb-lifetime-10:***@rp.scrapegw.com:6060	ConnectionTimeoutError: Connection timeout to host https://discord.com/api/v9/unique-username/username-attempt-unauthed
2026-09-01 18:29:43	HTTP_429	hgxb	attempt=1	proxy=http://wiw4v7duaymysz9-session-82e0aaeb5f0d-lifetime-10:***@rp.scrapegw.com:6060	scope=shared global=False retry_after=2053.00s
2026-09-01 18:29:43	HTTP_429	hgux	attempt=1	proxy=http://wiw4v7duaymysz9-session-3014f8d90974-lifetime-10:***@rp.scrapegw.com:6060	scope=shared global=False retry_after=150.00s
2026-09-01 18:29:43	HTTP_429	hhaj	attempt=1	proxy=http://wiw4v7duaymysz9-session-3e6ac3848b9f-lifetime-10:***@rp.scrapegw.com:6060	scope=shared global=False retry_after=2059.00s
2026-09-01 18:29:44	HTTP_429	helf	attempt=1	proxy=http://wiw4v7duaymysz9-session-b432936ea8c7-lifetime-10:***@rp.scrapegw.com:6060	scope=shared global=False retry_after=1854.00s
2026-09-01 18:29:44	NETWORK	hedt	attempt=1	proxy=http://wiw4v7duaymysz9-session-62bcb3d7bf28-lifetime-10:***@rp.scrapegw.com:6060	ClientConnectorError: Cannot connect to host discord.com:443 ssl:default [Connection reset by peer]
2026-09-01 18:29:44	HTTP_429	hfhx	attempt=1	proxy=http://wiw4v7duaymysz9-session-35e71d037612-lifetime-10:***@rp.scrapegw.com:6060	scope=shared global=False retry_after=404.63s
2026-09-01 18:29:44	NETWORK	hfcr	attempt=1	proxy=http://wiw4v7duaymysz9-session-a9ef6c10d3e7-lifetime-10:***@rp.scrapegw.com:6060	ClientConnectorError: Cannot connect to host discord.com:443 ssl:default [Connection reset by peer]
2026-09-01 18:29:44	NETWORK	hehz	attempt=1	proxy=http://wiw4v7duaymysz9-session-66a20a976fe1-lifetime-10:***@rp.scrapegw.com:6060	ClientConnectorError: Cannot connect to host discord.com:443 ssl:default [Connection reset by peer]
2026-09-01 18:29:44	HTTP_429	hgel	attempt=1	proxy=http://wiw4v7duaymysz9-session-810b58193959-lifetime-10:***@rp.scrapegw.com:6060	scope=shared global=False retry_after=464.00s
2026-09-01 18:29:44	NETWORK	hegc	attempt=1	proxy=http://wiw4v7duaymysz9-session-867511e95d98-lifetime-10:***@rp.scrapegw.com:6060	ConnectionTimeoutError: Connection timeout to host https://discord.com/api/v9/unique-username/username-attempt-unauthed
2026-09-01 18:29:44	NETWORK	hegu	attempt=1	proxy=http://wiw4v7duaymysz9-session-304bbb8cbafe-lifetime-10:***@rp.scrapegw.com:6060	ConnectionTimeoutError: Connection timeout to host https://discord.com/api/v9/unique-username/username-attempt-unauthed
2026-09-01 18:29:44	NETWORK	hejk	attempt=1	proxy=http://wiw4v7duaymysz9-session-ad9545456b8f-lifetime-10:***@rp.scrapegw.com:6060	ConnectionTimeoutError: Connection timeout to host https://discord.com/api/v9/unique-username/username-attempt-unauthed
2026-09-01 18:29:44	NETWORK	hefl	attempt=1	proxy=http://wiw4v7duaymysz9-session-28ea5f6d7d63-lifetime-10:***@rp.scrapegw.com:6060	ConnectionTimeoutError: Connection timeout to host https://discord.com/api/v9/unique-username/username-attempt-unauthed
2026-09-01 18:29:44	NETWORK	hefc	attempt=1	proxy=http://wiw4v7duaymysz9-session-4310430dc3b2-lifetime-10:***@rp.scrapegw.com:6060	ConnectionTimeoutError: Connection timeout to host https://discord.com/api/v9/unique-username/username-attempt-unauthed
2026-09-01 18:29:44	NETWORK	hefm	attempt=1	proxy=http://wiw4v7duaymysz9-session-9b67a4810687-lifetime-10:***@rp.scrapegw.com:6060	ConnectionTimeoutError: Connection timeout to host https://discord.com/api/v9/unique-username/username-attempt-unauthed
2026-09-01 18:29:44	NETWORK	heji	attempt=1	proxy=http://wiw4v7duaymysz9-session-f3df31124b70-lifetime-10:***@rp.scrapegw.com:6060	ConnectionTimeoutError: Connection timeout to host https://discord.com/api/v9/unique-username/username-attempt-unauthed
2026-09-01 18:29:44	NETWORK	hejd	attempt=1	proxy=http://wiw4v7duaymysz9-session-2524c8cecb7b-lifetime-10:***@rp.scrapegw.com:6060	ConnectionTimeoutError: Connection timeout to host https://discord.com/api/v9/unique-username/username-attempt-unauthed
2026-09-01 18:29:44	NETWORK	hehr	attempt=1	proxy=http://wiw4v7duaymysz9-session-7d83414303e9-lifetime-10:***@rp.scrapegw.com:6060	ConnectionTimeoutError: Connection timeout to host https://discord.com/api/v9/unique-username/username-attempt-unauthed
2026-09-01 18:29:44	NETWORK	hefr	attempt=1	proxy=http://wiw4v7duaymysz9-session-1f13749cff06-lifetime-10:***@rp.scrapegw.com:6060	ConnectionTimeoutError: Connection timeout to host https://discord.com/api/v9/unique-username/username-attempt-unauthed
2026-09-01 18:29:44	NETWORK	heeb	attempt=1	proxy=http://wiw4v7duaymysz9-session-cb232fab50eb-lifetime-10:***@rp.scrapegw.com:6060	ConnectionTimeoutError: Connection timeout to host https://discord.com/api/v9/unique-username/username-attempt-unauthed
2026-09-01 18:29:44	NETWORK	hehg	attempt=1	proxy=http://wiw4v7duaymysz9-session-ee349c2ae2bb-lifetime-10:***@rp.scrapegw.com:6060	ConnectionTimeoutError: Connection timeout to host https://discord.com/api/v9/unique-username/username-attempt-unauthed
2026-09-01 18:29:44	NETWORK	hegy	attempt=1	proxy=http://wiw4v7duaymysz9-session-a684f2ecf3bd-lifetime-10:***@rp.scrapegw.com:6060	ConnectionTimeoutError: Connection timeout to host https://discord.com/api/v9/unique-username/username-attempt-unauthed
2026-09-01 18:29:44	NETWORK	heez	attempt=1	proxy=http://wiw4v7duaymysz9-session-f73eed40b9b5-lifetime-10:***@rp.scrapegw.com:6060	ConnectionTimeoutError: Connection timeout to host https://discord.com/api/v9/unique-username/username-attempt-unauthed
2026-09-01 18:29:44	NETWORK	heeg	attempt=1	proxy=http://wiw4v7duaymysz9-session-969af85de322-lifetime-10:***@rp.scrapegw.com:6060	ConnectionTimeoutError: Connection timeout to host https://discord.com/api/v9/unique-username/username-attempt-unauthed
2026-09-01 18:29:44	NETWORK	hegr	attempt=1	proxy=http://wiw4v7duaymysz9-session-e8dd5a0265e7-lifetime-10:***@rp.scrapegw.com:6060	ConnectionTimeoutError: Connection timeout to host https://discord.com/api/v9/unique-username/username-attempt-unauthed
2026-09-01 18:29:44	NETWORK	hedg	attempt=1	proxy=http://wiw4v7duaymysz9-session-5a7aed41cc35-lifetime-10:***@rp.scrapegw.com:6060	ConnectionTimeoutError: Connection timeout to host https://discord.com/api/v9/unique-username/username-attempt-unauthed
2026-09-01 18:29:44	NETWORK	hejh	attempt=1	proxy=http://wiw4v7duaymysz9-session-4f04b51014f5-lifetime-10:***@rp.scrapegw.com:6060	ConnectionTimeoutError: Connection timeout to host https://discord.com/api/v9/unique-username/username-attempt-unauthed
2026-09-01 18:29:44	NETWORK	heiw	attempt=1	proxy=http://wiw4v7duaymysz9-session-ea7533aa644e-lifetime-10:***@rp.scrapegw.com:6060	ConnectionTimeoutError: Connection timeout to host https://discord.com/api/v9/unique-username/username-attempt-unauthed
2026-09-01 18:29:44	NETWORK	hehs	attempt=1	proxy=http://wiw4v7duaymysz9-session-2f1f9e46616e-lifetime-10:***@rp.scrapegw.com:6060	ConnectionTimeoutError: Connection timeout to host https://discord.com/api/v9/unique-username/username-attempt-unauthed
2026-09-01 18:29:44	NETWORK	heeu	attempt=1	proxy=http://wiw4v7duaymysz9-session-11d68203f1d1-lifetime-10:***@rp.scrapegw.com:6060	ConnectionTimeoutError: Connection timeout to host https://discord.com/api/v9/unique-username/username-attempt-unauthed
2026-09-01 18:29:44	NETWORK	hegl	attempt=1	proxy=http://wiw4v7duaymysz9-session-9877873a8095-lifetime-10:***@rp.scrapegw.com:6060	ConnectionTimeoutError: Connection timeout to host https://discord.com/api/v9/unique-username/username-attempt-unauthed
2026-09-01 18:29:44	NETWORK	heem	attempt=1	proxy=http://wiw4v7duaymysz9-session-54805ffe08c5-lifetime-10:***@rp.scrapegw.com:6060	ConnectionTimeoutError: Connection timeout to host https://discord.com/api/v9/unique-username/username-attempt-unauthed
2026-09-01 18:29:44	NETWORK	heew	attempt=1	proxy=http://wiw4v7duaymysz9-session-9ed7521f476d-lifetime-10:***@rp.scrapegw.com:6060	ConnectionTimeoutError: Connection timeout to host https://discord.com/api/v9/unique-username/username-attempt-unauthed
2026-09-01 18:29:44	NETWORK	hejg	attempt=1	proxy=http://wiw4v7duaymysz9-session-af7413617ae4-lifetime-10:***@rp.scrapegw.com:6060	ConnectionTimeoutError: Connection timeout to host https://discord.com/api/v9/unique-username/username-attempt-unauthed
2026-09-01 18:29:44	NETWORK	hecy	attempt=1	proxy=http://wiw4v7duaymysz9-session-f31ba5597c33-lifetime-10:***@rp.scrapegw.com:6060	ConnectionTimeoutError: Connection timeout to host https://discord.com/api/v9/unique-username/username-attempt-unauthed
2026-09-01 18:29:44	NETWORK	hehw	attempt=1	proxy=http://wiw4v7duaymysz9-session-7171ef86c355-lifetime-10:***@rp.scrapegw.com:6060	ConnectionTimeoutError: Connection timeout to host https://discord.com/api/v9/unique-username/username-attempt-unauthed
2026-09-01 18:29:44	NETWORK	hehf	attempt=1	proxy=http://wiw4v7duaymysz9-session-2f449af48e82-lifetime-10:***@rp.scrapegw.com:6060	ConnectionTimeoutError: Connection timeout to host https://discord.com/api/v9/unique-username/username-attempt-unauthed
2026-09-01 18:29:44	HTTP_429	hhff	attempt=1	proxy=http://wiw4v7duaymysz9-session-cbd325d6017a-lifetime-10:***@rp.scrapegw.com:6060	scope=shared global=False retry_after=2057.00s
2026-09-01 18:29:44	HTTP_429	hfex	attempt=1	proxy=http://wiw4v7duaymysz9-session-3fed235a8276-lifetime-10:***@rp.scrapegw.com:6060	scope=shared global=False retry_after=1191.00s
2026-09-01 18:29:45	NETWORK	helx	attempt=1	proxy=http://wiw4v7duaymysz9-session-e2b6a7d622ac-lifetime-10:***@rp.scrapegw.com:6060	ClientConnectorError: Cannot connect to host discord.com:443 ssl:default [Connection reset by peer]
2026-09-01 18:29:45	NETWORK	hemi	attempt=1	proxy=http://wiw4v7duaymysz9-session-2e0c2684ab05-lifetime-10:***@rp.scrapegw.com:6060	ClientConnectorError: Cannot connect to host discord.com:443 ssl:default [Connection reset by peer]
2026-09-01 18:29:45	NETWORK	hfjg	attempt=1	proxy=http://wiw4v7duaymysz9-session-b90aa7e5d816-lifetime-10:***@rp.scrapegw.com:6060	ClientConnectorError: Cannot connect to host discord.com:443 ssl:default [Connection reset by peer]
2026-09-01 18:29:45	NETWORK	heln	attempt=1	proxy=http://wiw4v7duaymysz9-session-d88e84afc226-lifetime-10:***@rp.scrapegw.com:6060	ConnectionTimeoutError: Connection timeout to host https://discord.com/api/v9/unique-username/username-attempt-unauthed
2026-09-01 18:29:45	NETWORK	hesd	attempt=1	proxy=http://wiw4v7duaymysz9-session-df99d54f92ea-lifetime-10:***@rp.scrapegw.com:6060	ConnectionTimeoutError: Connection timeout to host https://discord.com/api/v9/unique-username/username-attempt-unauthed
2026-09-01 18:29:45	NETWORK	hepp	attempt=1	proxy=http://wiw4v7duaymysz9-session-6d2a8203a747-lifetime-10:***@rp.scrapegw.com:6060	ConnectionTimeoutError: Connection timeout to host https://discord.com/api/v9/unique-username/username-attempt-unauthed
2026-09-01 18:29:45	NETWORK	heps	attempt=1	proxy=http://wiw4v7duaymysz9-session-92adba577184-lifetime-10:***@rp.scrapegw.com:6060	ConnectionTimeoutError: Connection timeout to host https://discord.com/api/v9/unique-username/username-attempt-unauthed
2026-09-01 18:29:45	NETWORK	hepu	attempt=1	proxy=http://wiw4v7duaymysz9-session-39e6a03ef52e-lifetime-10:***@rp.scrapegw.com:6060	ConnectionTimeoutError: Connection timeout to host https://discord.com/api/v9/unique-username/username-attempt-unauthed
2026-09-01 18:29:45	NETWORK	hemc	attempt=1	proxy=http://wiw4v7duaymysz9-session-5fbf5cf732bb-lifetime-10:***@rp.scrapegw.com:6060	ConnectionTimeoutError: Connection timeout to host https://discord.com/api/v9/unique-username/username-attempt-unauthed
2026-09-01 18:29:45	NETWORK	hepx	attempt=1	proxy=http://wiw4v7duaymysz9-session-0e2acf22a5c7-lifetime-10:***@rp.scrapegw.com:6060	ConnectionTimeoutError: Connection timeout to host https://discord.com/api/v9/unique-username/username-attempt-unauthed
2026-09-01 18:29:45	NETWORK	hepd	attempt=1	proxy=http://wiw4v7duaymysz9-session-97f98aedbcd3-lifetime-10:***@rp.scrapegw.com:6060	ConnectionTimeoutError: Connection timeout to host https://discord.com/api/v9/unique-username/username-attempt-unauthed
2026-09-01 18:29:45	NETWORK	hepc	attempt=1	proxy=http://wiw4v7duaymysz9-session-0f6f817df1e5-lifetime-10:***@rp.scrapegw.com:6060	ConnectionTimeoutError: Connection timeout to host https://discord.com/api/v9/unique-username/username-attempt-unauthed
2026-09-01 18:29:45	NETWORK	helq	attempt=1	proxy=http://wiw4v7duaymysz9-session-7e4a7fe90dcb-lifetime-10:***@rp.scrapegw.com:6060	ConnectionTimeoutError: Connection timeout to host https://discord.com/api/v9/unique-username/username-attempt-unauthed
2026-09-01 18:29:45	NETWORK	hell	attempt=1	proxy=http://wiw4v7duaymysz9-session-f3d8c02f0a71-lifetime-10:***@rp.scrapegw.com:6060	ConnectionTimeoutError: Connection timeout to host https://discord.com/api/v9/unique-username/username-attempt-unauthed
2026-09-01 18:29:45	NETWORK	hekh	attempt=1	proxy=http://wiw4v7duaymysz9-session-5050a4b08e6b-lifetime-10:***@rp.scrapegw.com:6060	ConnectionTimeoutError: Connection timeout to host https://discord.com/api/v9/unique-username/username-attempt-unauthed
2026-09-01 18:29:45	NETWORK	hekd	attempt=1	proxy=http://wiw4v7duaymysz9-session-36e2cbe58188-lifetime-10:***@rp.scrapegw.com:6060	ConnectionTimeoutError: Connection timeout to host https://discord.com/api/v9/unique-username/username-attempt-unauthed
2026-09-01 18:29:45	NETWORK	heng	attempt=1	proxy=http://wiw4v7duaymysz9-session-d66d49477946-lifetime-10:***@rp.scrapegw.com:6060	ConnectionTimeoutError: Connection timeout to host https://discord.com/api/v9/unique-username/username-attempt-unauthed
2026-09-01 18:29:45	NETWORK	hena	attempt=1	proxy=http://wiw4v7duaymysz9-session-e1f3c571487c-lifetime-10:***@rp.scrapegw.com:6060	ConnectionTimeoutError: Connection timeout to host https://discord.com/api/v9/unique-username/username-attempt-unauthed
2026-09-01 18:29:45	NETWORK	heqq	attempt=1	proxy=http://wiw4v7duaymysz9-session-daf7ae704faf-lifetime-10:***@rp.scrapegw.com:6060	ConnectionTimeoutError: Connection timeout to host https://discord.com/api/v9/unique-username/username-attempt-unauthed
2026-09-01 18:29:45	NETWORK	herh	attempt=1	proxy=http://wiw4v7duaymysz9-session-88513ba3731e-lifetime-10:***@rp.scrapegw.com:6060	ConnectionTimeoutError: Connection timeout to host https://discord.com/api/v9/unique-username/username-attempt-unauthed
2026-09-01 18:29:45	NETWORK	heqm	attempt=1	proxy=http://wiw4v7duaymysz9-session-59a15eca0457-lifetime-10:***@rp.scrapegw.com:6060	ConnectionTimeoutError: Connection timeout to host https://discord.com/api/v9/unique-username/username-attempt-unauthed
2026-09-01 18:29:45	NETWORK	heqh	attempt=1	proxy=http://wiw4v7duaymysz9-session-993389e1ea9e-lifetime-10:***@rp.scrapegw.com:6060	ConnectionTimeoutError: Connection timeout to host https://discord.com/api/v9/unique-username/username-attempt-unauthed
2026-09-01 18:29:45	NETWORK	hepq	attempt=1	proxy=http://wiw4v7duaymysz9-session-44cf57daab87-lifetime-10:***@rp.scrapegw.com:6060	ConnectionTimeoutError: Connection timeout to host https://discord.com/api/v9/unique-username/username-attempt-unauthed
2026-09-01 18:29:45	NETWORK	heow	attempt=1	proxy=http://wiw4v7duaymysz9-session-efac57bd79a5-lifetime-10:***@rp.scrapegw.com:6060	ConnectionTimeoutError: Connection timeout to host https://discord.com/api/v9/unique-username/username-attempt-unauthed
2026-09-01 18:29:45	NETWORK	hekn	attempt=1	proxy=http://wiw4v7duaymysz9-session-cbc38216f992-lifetime-10:***@rp.scrapegw.com:6060	ConnectionTimeoutError: Connection timeout to host https://discord.com/api/v9/unique-username/username-attempt-unauthed
2026-09-01 18:29:45	NETWORK	heqn	attempt=1	proxy=http://wiw4v7duaymysz9-session-6df9b3c6815f-lifetime-10:***@rp.scrapegw.com:6060	ConnectionTimeoutError: Connection timeout to host https://discord.com/api/v9/unique-username/username-attempt-unauthed
2026-09-01 18:29:45	NETWORK	herj	attempt=1	proxy=http://wiw4v7duaymysz9-session-deecfeb6db5e-lifetime-10:***@rp.scrapegw.com:6060	ConnectionTimeoutError: Connection timeout to host https://discord.com/api/v9/unique-username/username-attempt-unauthed
2026-09-01 18:29:45	NETWORK	hepl	attempt=1	proxy=http://wiw4v7duaymysz9-session-800ae9f338bc-lifetime-10:***@rp.scrapegw.com:6060	ConnectionTimeoutError: Connection timeout to host https://discord.com/api/v9/unique-username/username-attempt-unauthed
2026-09-01 18:29:45	NETWORK	heph	attempt=1	proxy=http://wiw4v7duaymysz9-session-d7c79d47b260-lifetime-10:***@rp.scrapegw.com:6060	ConnectionTimeoutError: Connection timeout to host https://discord.com/api/v9/unique-username/username-attempt-unauthed
2026-09-01 18:29:45	NETWORK	herm	attempt=1	proxy=http://wiw4v7duaymysz9-session-8e4c05f1b9c8-lifetime-10:***@rp.scrapegw.com:6060	ConnectionTimeoutError: Connection timeout to host https://discord.com/api/v9/unique-username/username-attempt-unauthed
2026-09-01 18:29:45	NETWORK	heqg	attempt=1	proxy=http://wiw4v7duaymysz9-session-dd1b13efd0f1-lifetime-10:***@rp.scrapegw.com:6060	ConnectionTimeoutError: Connection timeout to host https://discord.com/api/v9/unique-username/username-attempt-unauthed
2026-09-01 18:29:45	NETWORK	hepy	attempt=1	proxy=http://wiw4v7duaymysz9-session-70608f03f713-lifetime-10:***@rp.scrapegw.com:6060	ConnectionTimeoutError: Connection timeout to host https://discord.com/api/v9/unique-username/username-attempt-unauthed
2026-09-01 18:29:45	NETWORK	heov	attempt=1	proxy=http://wiw4v7duaymysz9-session-65debacc428a-lifetime-10:***@rp.scrapegw.com:6060	ConnectionTimeoutError: Connection timeout to host https://discord.com/api/v9/unique-username/username-attempt-unauthed
2026-09-01 18:29:45	NETWORK	heom	attempt=1	proxy=http://wiw4v7duaymysz9-session-85039a9dd217-lifetime-10:***@rp.scrapegw.com:6060	ConnectionTimeoutError: Connection timeout to host https://discord.com/api/v9/unique-username/username-attempt-unauthed
2026-09-01 18:29:45	NETWORK	helm	attempt=1	proxy=http://wiw4v7duaymysz9-session-6814f0bb1074-lifetime-10:***@rp.scrapegw.com:6060	ConnectionTimeoutError: Connection timeout to host https://discord.com/api/v9/unique-username/username-attempt-unauthed
2026-09-01 18:29:45	NETWORK	herz	attempt=1	proxy=http://wiw4v7duaymysz9-session-e453f2a059a3-lifetime-10:***@rp.scrapegw.com:6060	ConnectionTimeoutError: Connection timeout to host https://discord.com/api/v9/unique-username/username-attempt-unauthed
2026-09-01 18:29:45	NETWORK	hese	attempt=1	proxy=http://wiw4v7duaymysz9-session-9c1eab0c895e-lifetime-10:***@rp.scrapegw.com:6060	ConnectionTimeoutError: Connection timeout to host https://discord.com/api/v9/unique-username/username-attempt-unauthed
2026-09-01 18:29:45	NETWORK	hejv	attempt=1	proxy=http://wiw4v7duaymysz9-session-888953da185b-lifetime-10:***@rp.scrapegw.com:6060	ConnectionTimeoutError: Connection timeout to host https://discord.com/api/v9/unique-username/username-attempt-unauthed
2026-09-01 18:29:45	NETWORK	henl	attempt=1	proxy=http://wiw4v7duaymysz9-session-b48b8b4a26fb-lifetime-10:***@rp.scrapegw.com:6060	ConnectionTimeoutError: Connection timeout to host https://discord.com/api/v9/unique-username/username-attempt-unauthed
2026-09-01 18:29:45	HTTP_429	hhnd	attempt=1	proxy=http://wiw4v7duaymysz9-session-e67f65c6aac3-lifetime-10:***@rp.scrapegw.com:6060	scope=shared global=False retry_after=2059.00s
2026-09-01 18:29:46	NETWORK	hfqb	attempt=1	proxy=http://wiw4v7duaymysz9-session-19fe4c9b0963-lifetime-10:***@rp.scrapegw.com:6060	ClientConnectorError: Cannot connect to host discord.com:443 ssl:default [Connection reset by peer]
2026-09-01 18:29:46	HTTP_429	heku	attempt=1	proxy=http://wiw4v7duaymysz9-session-f77f9ca08fe6-lifetime-10:***@rp.scrapegw.com:6060	scope=shared global=False retry_after=73.00s
2026-09-01 18:29:46	HTTP_429	hhsh	attempt=1	proxy=http://wiw4v7duaymysz9-session-fe65f9b3a2b5-lifetime-10:***@rp.scrapegw.com:6060	scope=shared global=False retry_after=2055.00s
2026-09-01 18:29:46	HTTP_429	hhud	attempt=1	proxy=http://wiw4v7duaymysz9-session-45bc8e35b064-lifetime-10:***@rp.scrapegw.com:6060	scope=shared global=False retry_after=2052.00s
2026-09-01 18:29:46	NETWORK	hesu	attempt=1	proxy=http://wiw4v7duaymysz9-session-73970080425d-lifetime-10:***@rp.scrapegw.com:6060	ConnectionTimeoutError: Connection timeout to host https://discord.com/api/v9/unique-username/username-attempt-unauthed
2026-09-01 18:29:46	NETWORK	hevr	attempt=1	proxy=http://wiw4v7duaymysz9-session-9ff17fb8baa5-lifetime-10:***@rp.scrapegw.com:6060	ConnectionTimeoutError: Connection timeout to host https://discord.com/api/v9/unique-username/username-attempt-unauthed
2026-09-01 18:29:46	NETWORK	hewp	attempt=1	proxy=http://wiw4v7duaymysz9-session-2065318a679a-lifetime-10:***@rp.scrapegw.com:6060	ConnectionTimeoutError: Connection timeout to host https://discord.com/api/v9/unique-username/username-attempt-unauthed
2026-09-01 18:29:46	NETWORK	hevs	attempt=1	proxy=http://wiw4v7duaymysz9-session-0648193e2118-lifetime-10:***@rp.scrapegw.com:6060	ConnectionTimeoutError: Connection timeout to host https://discord.com/api/v9/unique-username/username-attempt-unauthed
2026-09-01 18:29:46	NETWORK	hevj	attempt=1	proxy=http://wiw4v7duaymysz9-session-913a09d6f22a-lifetime-10:***@rp.scrapegw.com:6060	ConnectionTimeoutError: Connection timeout to host https://discord.com/api/v9/unique-username/username-attempt-unauthed
2026-09-01 18:29:46	NETWORK	hezs	attempt=1	proxy=http://wiw4v7duaymysz9-session-139997253e6f-lifetime-10:***@rp.scrapegw.com:6060	ConnectionTimeoutError: Connection timeout to host https://discord.com/api/v9/unique-username/username-attempt-unauthed
2026-09-01 18:29:46	NETWORK	hesv	attempt=1	proxy=http://wiw4v7duaymysz9-session-3538d766f7c1-lifetime-10:***@rp.scrapegw.com:6060	ConnectionTimeoutError: Connection timeout to host https://discord.com/api/v9/unique-username/username-attempt-unauthed
2026-09-01 18:29:46	NETWORK	hezp	attempt=1	proxy=http://wiw4v7duaymysz9-session-2597e8e2a948-lifetime-10:***@rp.scrapegw.com:6060	ConnectionTimeoutError: Connection timeout to host https://discord.com/api/v9/unique-username/username-attempt-unauthed
2026-09-01 18:29:46	NETWORK	hezr	attempt=1	proxy=http://wiw4v7duaymysz9-session-5a7b14fc6d27-lifetime-10:***@rp.scrapegw.com:6060	ConnectionTimeoutError: Connection timeout to host https://discord.com/api/v9/unique-username/username-attempt-unauthed
2026-09-01 18:29:46	NETWORK	hewm	attempt=1	proxy=http://wiw4v7duaymysz9-session-eb4f77295279-lifetime-10:***@rp.scrapegw.com:6060	ConnectionTimeoutError: Connection timeout to host https://discord.com/api/v9/unique-username/username-attempt-unauthed
2026-09-01 18:29:46	NETWORK	hetc	attempt=1	proxy=http://wiw4v7duaymysz9-session-bfee97f691d0-lifetime-10:***@rp.scrapegw.com:6060	ConnectionTimeoutError: Connection timeout to host https://discord.com/api/v9/unique-username/username-attempt-unauthed
2026-09-01 18:29:46	NETWORK	heze	attempt=1	proxy=http://wiw4v7duaymysz9-session-62ea507564de-lifetime-10:***@rp.scrapegw.com:6060	ConnectionTimeoutError: Connection timeout to host https://discord.com/api/v9/unique-username/username-attempt-unauthed
2026-09-01 18:29:46	NETWORK	heyb	attempt=1	proxy=http://wiw4v7duaymysz9-session-ec9f8d44de83-lifetime-10:***@rp.scrapegw.com:6060	ConnectionTimeoutError: Connection timeout to host https://discord.com/api/v9/unique-username/username-attempt-unauthed
2026-09-01 18:29:46	NETWORK	heyp	attempt=1	proxy=http://wiw4v7duaymysz9-session-bec4c31fbb93-lifetime-10:***@rp.scrapegw.com:6060	ConnectionTimeoutError: Connection timeout to host https://discord.com/api/v9/unique-username/username-attempt-unauthed
2026-09-01 18:29:46	NETWORK	hezd	attempt=1	proxy=http://wiw4v7duaymysz9-session-b0337518adad-lifetime-10:***@rp.scrapegw.com:6060	ConnectionTimeoutError: Connection timeout to host https://discord.com/api/v9/unique-username/username-attempt-unauthed
2026-09-01 18:29:46	NETWORK	heyg	attempt=1	proxy=http://wiw4v7duaymysz9-session-2d87667816f2-lifetime-10:***@rp.scrapegw.com:6060	ConnectionTimeoutError: Connection timeout to host https://discord.com/api/v9/unique-username/username-attempt-unauthed
2026-09-01 18:29:46	NETWORK	hezu	attempt=1	proxy=http://wiw4v7duaymysz9-session-eab2b03144e5-lifetime-10:***@rp.scrapegw.com:6060	ConnectionTimeoutError: Connection timeout to host https://discord.com/api/v9/unique-username/username-attempt-unauthed
2026-09-01 18:29:46	NETWORK	hetd	attempt=1	proxy=http://wiw4v7duaymysz9-session-673f630b465b-lifetime-10:***@rp.scrapegw.com:6060	ConnectionTimeoutError: Connection timeout to host https://discord.com/api/v9/unique-username/username-attempt-unauthed
2026-09-01 18:29:46	NETWORK	heza	attempt=1	proxy=http://wiw4v7duaymysz9-session-657854b2e484-lifetime-10:***@rp.scrapegw.com:6060	ConnectionTimeoutError: Connection timeout to host https://discord.com/api/v9/unique-username/username-attempt-unauthed
2026-09-01 18:29:46	NETWORK	heye	attempt=1	proxy=http://wiw4v7duaymysz9-session-671b83cb7666-lifetime-10:***@rp.scrapegw.com:6060	ConnectionTimeoutError: Connection timeout to host https://discord.com/api/v9/unique-username/username-attempt-unauthed
2026-09-01 18:29:46	NETWORK	hewv	attempt=1	proxy=http://wiw4v7duaymysz9-session-0fda468b0e19-lifetime-10:***@rp.scrapegw.com:6060	ConnectionTimeoutError: Connection timeout to host https://discord.com/api/v9/unique-username/username-attempt-unauthed
2026-09-01 18:29:46	NETWORK	heyw	attempt=1	proxy=http://wiw4v7duaymysz9-session-5cb7f37bbf06-lifetime-10:***@rp.scrapegw.com:6060	ConnectionTimeoutError: Connection timeout to host https://discord.com/api/v9/unique-username/username-attempt-unauthed
2026-09-01 18:29:46	NETWORK	hevn	attempt=1	proxy=http://wiw4v7duaymysz9-session-aaf6ae61b379-lifetime-10:***@rp.scrapegw.com:6060	ConnectionTimeoutError: Connection timeout to host https://discord.com/api/v9/unique-username/username-attempt-unauthed
2026-09-01 18:29:46	NETWORK	hevq	attempt=1	proxy=http://wiw4v7duaymysz9-session-1d86487ccbf2-lifetime-10:***@rp.scrapegw.com:6060	ConnectionTimeoutError: Connection timeout to host https://discord.com/api/v9/unique-username/username-attempt-unauthed
2026-09-01 18:29:46	NETWORK	hevo	attempt=1	proxy=http://wiw4v7duaymysz9-session-d30832545541-lifetime-10:***@rp.scrapegw.com:6060	ConnectionTimeoutError: Connection timeout to host https://discord.com/api/v9/unique-username/username-attempt-unauthed
2026-09-01 18:29:46	NETWORK	hesx	attempt=1	proxy=http://wiw4v7duaymysz9-session-5dfa23ab9a8d-lifetime-10:***@rp.scrapegw.com:6060	ConnectionTimeoutError: Connection timeout to host https://discord.com/api/v9/unique-username/username-attempt-unauthed
2026-09-01 18:29:46	NETWORK	heyk	attempt=1	proxy=http://wiw4v7duaymysz9-session-765e1a67e2f2-lifetime-10:***@rp.scrapegw.com:6060	ConnectionTimeoutError: Connection timeout to host https://discord.com/api/v9/unique-username/username-attempt-unauthed
2026-09-01 18:29:46	NETWORK	heya	attempt=1	proxy=http://wiw4v7duaymysz9-session-6cb6917fa3c3-lifetime-10:***@rp.scrapegw.com:6060	ConnectionTimeoutError: Connection timeout to host https://discord.com/api/v9/unique-username/username-attempt-unauthed
2026-09-01 18:29:46	NETWORK	hexv	attempt=1	proxy=http://wiw4v7duaymysz9-session-21c4509e6546-lifetime-10:***@rp.scrapegw.com:6060	ConnectionTimeoutError: Connection timeout to host https://discord.com/api/v9/unique-username/username-attempt-unauthed
2026-09-01 18:29:46	NETWORK	hewx	attempt=1	proxy=http://wiw4v7duaymysz9-session-3e989124501c-lifetime-10:***@rp.scrapegw.com:6060	ConnectionTimeoutError: Connection timeout to host https://discord.com/api/v9/unique-username/username-attempt-unauthed
2026-09-01 18:29:46	NETWORK	hexk	attempt=1	proxy=http://wiw4v7duaymysz9-session-c3f2ed55055c-lifetime-10:***@rp.scrapegw.com:6060	ConnectionTimeoutError: Connection timeout to host https://discord.com/api/v9/unique-username/username-attempt-unauthed
2026-09-01 18:29:46	NETWORK	hevc	attempt=1	proxy=http://wiw4v7duaymysz9-session-928000ceec00-lifetime-10:***@rp.scrapegw.com:6060	ConnectionTimeoutError: Connection timeout to host https://discord.com/api/v9/unique-username/username-attempt-unauthed
2026-09-01 18:29:46	NETWORK	hewl	attempt=1	proxy=http://wiw4v7duaymysz9-session-1cfd23c29997-lifetime-10:***@rp.scrapegw.com:6060	ConnectionTimeoutError: Connection timeout to host https://discord.com/api/v9/unique-username/username-attempt-unauthed
2026-09-01 18:29:46	NETWORK	heus	attempt=1	proxy=http://wiw4v7duaymysz9-session-80e076924e96-lifetime-10:***@rp.scrapegw.com:6060	ConnectionTimeoutError: Connection timeout to host https://discord.com/api/v9/unique-username/username-attempt-unauthed
2026-09-01 18:29:46	NETWORK	heul	attempt=1	proxy=http://wiw4v7duaymysz9-session-1073099fe192-lifetime-10:***@rp.scrapegw.com:6060	ConnectionTimeoutError: Connection timeout to host https://discord.com/api/v9/unique-username/username-attempt-unauthed
2026-09-01 18:29:46	NETWORK	hgaw	attempt=1	proxy=http://wiw4v7duaymysz9-session-0fe1dd82d6a3-lifetime-10:***@rp.scrapegw.com:6060	ClientConnectorError: Cannot connect to host discord.com:443 ssl:default [Connection reset by peer]
2026-09-01 18:29:46	HTTP_429	hhxz	attempt=1	proxy=http://wiw4v7duaymysz9-session-ede399d8f014-lifetime-10:***@rp.scrapegw.com:6060	scope=shared global=False retry_after=2057.00s
2026-09-01 18:29:47	NETWORK	hglv	attempt=1	proxy=http://wiw4v7duaymysz9-session-026eb0c676f0-lifetime-10:***@rp.scrapegw.com:6060	ClientConnectorError: Cannot connect to host discord.com:443 ssl:default [Connection reset by peer]
2026-09-01 18:29:47	NETWORK	hfoe	attempt=1	proxy=http://wiw4v7duaymysz9-session-2ab222d6eafe-lifetime-10:***@rp.scrapegw.com:6060	ClientConnectorError: Cannot connect to host discord.com:443 ssl:default [Connection reset by peer]
2026-09-01 18:29:47	HTTP_429	hhyz	attempt=1	proxy=http://wiw4v7duaymysz9-session-e182ba26a668-lifetime-10:***@rp.scrapegw.com:6060	scope=shared global=False retry_after=2052.00s
2026-09-01 18:29:47	HTTP_429	hiac	attempt=1	proxy=http://wiw4v7duaymysz9-session-effe6a606682-lifetime-10:***@rp.scrapegw.com:6060	scope=shared global=False retry_after=2057.00s
2026-09-01 18:29:47	NETWORK	hibw	attempt=1	proxy=http://wiw4v7duaymysz9-session-1d71674fdcf7-lifetime-10:***@rp.scrapegw.com:6060	ServerDisconnectedError: Server disconnected
2026-09-01 18:29:47	HTTP_429	hfze	attempt=1	proxy=http://wiw4v7duaymysz9-session-b50c1b3648ab-lifetime-10:***@rp.scrapegw.com:6060	scope=shared global=False retry_after=673.00s
2026-09-01 18:29:47	NETWORK	hgey	attempt=1	proxy=http://wiw4v7duaymysz9-session-800ae9f338bc-lifetime-10:***@rp.scrapegw.com:6060	ClientConnectorCertificateError: Cannot connect to host discord.com:443 ssl:True [SSLCertVerificationError: (1, '[SSL: CERTIFICATE_VERIFY_FAILED] certificate verify failed: self-signed certificate (_ssl.c:1081)')]
2026-09-01 18:29:47	NETWORK	hgfw	attempt=1	proxy=http://wiw4v7duaymysz9-session-70608f03f713-lifetime-10:***@rp.scrapegw.com:6060	ClientConnectorError: Cannot connect to host discord.com:443 ssl:default [Connection reset by peer]
2026-09-01 18:29:47	NETWORK	hfak	attempt=1	proxy=http://wiw4v7duaymysz9-session-67e25d9f1c7d-lifetime-10:***@rp.scrapegw.com:6060	ConnectionTimeoutError: Connection timeout to host https://discord.com/api/v9/unique-username/username-attempt-unauthed
2026-09-01 18:29:47	NETWORK	hffb	attempt=1	proxy=http://wiw4v7duaymysz9-session-d5b2359467af-lifetime-10:***@rp.scrapegw.com:6060	ConnectionTimeoutError: Connection timeout to host https://discord.com/api/v9/unique-username/username-attempt-unauthed
2026-09-01 18:29:47	NETWORK	hfav	attempt=1	proxy=http://wiw4v7duaymysz9-session-3e364dff975b-lifetime-10:***@rp.scrapegw.com:6060	ConnectionTimeoutError: Connection timeout to host https://discord.com/api/v9/unique-username/username-attempt-unauthed
2026-09-01 18:29:47	NETWORK	hfel	attempt=1	proxy=http://wiw4v7duaymysz9-session-9e0de891cc53-lifetime-10:***@rp.scrapegw.com:6060	ConnectionTimeoutError: Connection timeout to host https://discord.com/api/v9/unique-username/username-attempt-unauthed
2026-09-01 18:29:47	NETWORK	hffo	attempt=1	proxy=http://wiw4v7duaymysz9-session-55f5e4160bdc-lifetime-10:***@rp.scrapegw.com:6060	ConnectionTimeoutError: Connection timeout to host https://discord.com/api/v9/unique-username/username-attempt-unauthed
2026-09-01 18:29:47	NETWORK	hfcg	attempt=1	proxy=http://wiw4v7duaymysz9-session-c887c42f1019-lifetime-10:***@rp.scrapegw.com:6060	ConnectionTimeoutError: Connection timeout to host https://discord.com/api/v9/unique-username/username-attempt-unauthed
2026-09-01 18:29:47	NETWORK	hfdv	attempt=1	proxy=http://wiw4v7duaymysz9-session-6d71b1e3e008-lifetime-10:***@rp.scrapegw.com:6060	ConnectionTimeoutError: Connection timeout to host https://discord.com/api/v9/unique-username/username-attempt-unauthed
2026-09-01 18:29:47	NETWORK	hfab	attempt=1	proxy=http://wiw4v7duaymysz9-session-f79c8cb7465d-lifetime-10:***@rp.scrapegw.com:6060	ConnectionTimeoutError: Connection timeout to host https://discord.com/api/v9/unique-username/username-attempt-unauthed
2026-09-01 18:29:47	NETWORK	hfgy	attempt=1	proxy=http://wiw4v7duaymysz9-session-6d193ce31002-lifetime-10:***@rp.scrapegw.com:6060	ConnectionTimeoutError: Connection timeout to host https://discord.com/api/v9/unique-username/username-attempt-unauthed
2026-09-01 18:29:47	NETWORK	hfbo	attempt=1	proxy=http://wiw4v7duaymysz9-session-cda1e48746fe-lifetime-10:***@rp.scrapegw.com:6060	ConnectionTimeoutError: Connection timeout to host https://discord.com/api/v9/unique-username/username-attempt-unauthed
2026-09-01 18:29:47	NETWORK	hfdg	attempt=1	proxy=http://wiw4v7duaymysz9-session-8b2cf5980a8e-lifetime-10:***@rp.scrapegw.com:6060	ConnectionTimeoutError: Connection timeout to host https://discord.com/api/v9/unique-username/username-attempt-unauthed
2026-09-01 18:29:47	NETWORK	hfcb	attempt=1	proxy=http://wiw4v7duaymysz9-session-16f14037e664-lifetime-10:***@rp.scrapegw.com:6060	ConnectionTimeoutError: Connection timeout to host https://discord.com/api/v9/unique-username/username-attempt-unauthed
2026-09-01 18:29:47	NETWORK	hffk	attempt=1	proxy=http://wiw4v7duaymysz9-session-bcc521ca2350-lifetime-10:***@rp.scrapegw.com:6060	ConnectionTimeoutError: Connection timeout to host https://discord.com/api/v9/unique-username/username-attempt-unauthed
2026-09-01 18:29:47	NETWORK	hfhj	attempt=1	proxy=http://wiw4v7duaymysz9-session-01dd73b8d363-lifetime-10:***@rp.scrapegw.com:6060	ConnectionTimeoutError: Connection timeout to host https://discord.com/api/v9/unique-username/username-attempt-unauthed
2026-09-01 18:29:47	NETWORK	hffi	attempt=1	proxy=http://wiw4v7duaymysz9-session-fd323f2b1c62-lifetime-10:***@rp.scrapegw.com:6060	ConnectionTimeoutError: Connection timeout to host https://discord.com/api/v9/unique-username/username-attempt-unauthed
2026-09-01 18:29:47	NETWORK	hfdd	attempt=1	proxy=http://wiw4v7duaymysz9-session-0e887b0df343-lifetime-10:***@rp.scrapegw.com:6060	ConnectionTimeoutError: Connection timeout to host https://discord.com/api/v9/unique-username/username-attempt-unauthed
2026-09-01 18:29:47	NETWORK	hfgk	attempt=1	proxy=http://wiw4v7duaymysz9-session-a49b0a22e391-lifetime-10:***@rp.scrapegw.com:6060	ConnectionTimeoutError: Connection timeout to host https://discord.com/api/v9/unique-username/username-attempt-unauthed
2026-09-01 18:29:47	NETWORK	hfgj	attempt=1	proxy=http://wiw4v7duaymysz9-session-5175d9672956-lifetime-10:***@rp.scrapegw.com:6060	ConnectionTimeoutError: Connection timeout to host https://discord.com/api/v9/unique-username/username-attempt-unauthed
2026-09-01 18:29:47	NETWORK	hfhv	attempt=1	proxy=http://wiw4v7duaymysz9-session-e762d7b15e58-lifetime-10:***@rp.scrapegw.com:6060	ConnectionTimeoutError: Connection timeout to host https://discord.com/api/v9/unique-username/username-attempt-unauthed
2026-09-01 18:29:47	NETWORK	hfdc	attempt=1	proxy=http://wiw4v7duaymysz9-session-9671153ac3e9-lifetime-10:***@rp.scrapegw.com:6060	ConnectionTimeoutError: Connection timeout to host https://discord.com/api/v9/unique-username/username-attempt-unauthed
2026-09-01 18:29:47	NETWORK	hfbz	attempt=1	proxy=http://wiw4v7duaymysz9-session-47fd6536e8aa-lifetime-10:***@rp.scrapegw.com:6060	ConnectionTimeoutError: Connection timeout to host https://discord.com/api/v9/unique-username/username-attempt-unauthed
2026-09-01 18:29:47	NETWORK	hfez	attempt=1	proxy=http://wiw4v7duaymysz9-session-fd77b428e385-lifetime-10:***@rp.scrapegw.com:6060	ConnectionTimeoutError: Connection timeout to host https://discord.com/api/v9/unique-username/username-attempt-unauthed
2026-09-01 18:29:47	NETWORK	hfcf	attempt=1	proxy=http://wiw4v7duaymysz9-session-47aea880bde6-lifetime-10:***@rp.scrapegw.com:6060	ConnectionTimeoutError: Connection timeout to host https://discord.com/api/v9/unique-username/username-attempt-unauthed
2026-09-01 18:29:47	NETWORK	hfep	attempt=1	proxy=http://wiw4v7duaymysz9-session-e6237bcd0660-lifetime-10:***@rp.scrapegw.com:6060	ConnectionTimeoutError: Connection timeout to host https://discord.com/api/v9/unique-username/username-attempt-unauthed
2026-09-01 18:29:47	NETWORK	hfcw	attempt=1	proxy=http://wiw4v7duaymysz9-session-9fc4952ff803-lifetime-10:***@rp.scrapegw.com:6060	ConnectionTimeoutError: Connection timeout to host https://discord.com/api/v9/unique-username/username-attempt-unauthed
2026-09-01 18:29:47	NETWORK	hfah	attempt=1	proxy=http://wiw4v7duaymysz9-session-720d8cfef727-lifetime-10:***@rp.scrapegw.com:6060	ConnectionTimeoutError: Connection timeout to host https://discord.com/api/v9/unique-username/username-attempt-unauthed
2026-09-01 18:29:47	NETWORK	hfgg	attempt=1	proxy=http://wiw4v7duaymysz9-session-a01b3a836c40-lifetime-10:***@rp.scrapegw.com:6060	ConnectionTimeoutError: Connection timeout to host https://discord.com/api/v9/unique-username/username-attempt-unauthed
2026-09-01 18:29:47	NETWORK	hfar	attempt=1	proxy=http://wiw4v7duaymysz9-session-d8e3dde477f6-lifetime-10:***@rp.scrapegw.com:6060	ConnectionTimeoutError: Connection timeout to host https://discord.com/api/v9/unique-username/username-attempt-unauthed
2026-09-01 18:29:47	NETWORK	hfbe	attempt=1	proxy=http://wiw4v7duaymysz9-session-143095a524e8-lifetime-10:***@rp.scrapegw.com:6060	ConnectionTimeoutError: Connection timeout to host https://discord.com/api/v9/unique-username/username-attempt-unauthed
2026-09-01 18:29:47	NETWORK	hfbu	attempt=1	proxy=http://wiw4v7duaymysz9-session-0e4d38ec57c4-lifetime-10:***@rp.scrapegw.com:6060	ConnectionTimeoutError: Connection timeout to host https://discord.com/api/v9/unique-username/username-attempt-unauthed
2026-09-01 18:29:47	NETWORK	hfbf	attempt=1	proxy=http://wiw4v7duaymysz9-session-bf13f822a8c9-lifetime-10:***@rp.scrapegw.com:6060	ConnectionTimeoutError: Connection timeout to host https://discord.com/api/v9/unique-username/username-attempt-unauthed
2026-09-01 18:29:47	NETWORK	hfea	attempt=1	proxy=http://wiw4v7duaymysz9-session-098047a87bfc-lifetime-10:***@rp.scrapegw.com:6060	ConnectionTimeoutError: Connection timeout to host https://discord.com/api/v9/unique-username/username-attempt-unauthed
2026-09-01 18:29:47	NETWORK	hfcq	attempt=1	proxy=http://wiw4v7duaymysz9-session-3fb6fc82b737-lifetime-10:***@rp.scrapegw.com:6060	ConnectionTimeoutError: Connection timeout to host https://discord.com/api/v9/unique-username/username-attempt-unauthed
2026-09-01 18:29:47	NETWORK	hfbx	attempt=1	proxy=http://wiw4v7duaymysz9-session-5c52ac5b282a-lifetime-10:***@rp.scrapegw.com:6060	ConnectionTimeoutError: Connection timeout to host https://discord.com/api/v9/unique-username/username-attempt-unauthed
2026-09-01 18:29:47	NETWORK	hfbp	attempt=1	proxy=http://wiw4v7duaymysz9-session-6fce324bd590-lifetime-10:***@rp.scrapegw.com:6060	ConnectionTimeoutError: Connection timeout to host https://discord.com/api/v9/unique-username/username-attempt-unauthed
2026-09-01 18:29:47	NETWORK	hfbq	attempt=1	proxy=http://wiw4v7duaymysz9-session-60f6e6488893-lifetime-10:***@rp.scrapegw.com:6060	ConnectionTimeoutError: Connection timeout to host https://discord.com/api/v9/unique-username/username-attempt-unauthed
2026-09-01 18:29:47	NETWORK	hfap	attempt=1	proxy=http://wiw4v7duaymysz9-session-483e8ba361d8-lifetime-10:***@rp.scrapegw.com:6060	ConnectionTimeoutError: Connection timeout to host https://discord.com/api/v9/unique-username/username-attempt-unauthed
2026-09-01 18:29:47	HTTP_429	hfwy	attempt=1	proxy=http://wiw4v7duaymysz9-session-311b25102171-lifetime-10:***@rp.scrapegw.com:6060	scope=shared global=False retry_after=1129.00s
2026-09-01 18:29:47	NETWORK	heje	attempt=1	proxy=http://wiw4v7duaymysz9-session-a3476c64711b-lifetime-10:***@rp.scrapegw.com:6060	ServerDisconnectedError: Server disconnected
2026-09-01 18:29:48	HTTP_429	hidj	attempt=1	proxy=http://wiw4v7duaymysz9-session-f60517d6eff9-lifetime-10:***@rp.scrapegw.com:6060	scope=shared global=False retry_after=2054.00s
2026-09-01 18:29:48	HTTP_429	hiea	attempt=1	proxy=http://wiw4v7duaymysz9-session-dd9894fbdbd8-lifetime-10:***@rp.scrapegw.com:6060	scope=shared global=False retry_after=2054.00s
2026-09-01 18:29:48	HTTP_429	hiiy	attempt=1	proxy=http://wiw4v7duaymysz9-session-b2edd071d994-lifetime-10:***@rp.scrapegw.com:6060	scope=shared global=False retry_after=1582.00s
2026-09-01 18:29:48	NETWORK	hfvo	attempt=1	proxy=http://wiw4v7duaymysz9-session-11d68203f1d1-lifetime-10:***@rp.scrapegw.com:6060	ClientConnectorError: Cannot connect to host discord.com:443 ssl:default [Connection reset by peer]
2026-09-01 18:29:48	NETWORK	hfjz	attempt=1	proxy=http://wiw4v7duaymysz9-session-8f7fce9eb4b9-lifetime-10:***@rp.scrapegw.com:6060	ConnectionTimeoutError: Connection timeout to host https://discord.com/api/v9/unique-username/username-attempt-unauthed
2026-09-01 18:29:48	NETWORK	hfkk	attempt=1	proxy=http://wiw4v7duaymysz9-session-5dceb9b29902-lifetime-10:***@rp.scrapegw.com:6060	ConnectionTimeoutError: Connection timeout to host https://discord.com/api/v9/unique-username/username-attempt-unauthed
2026-09-01 18:29:48	NETWORK	hfkn	attempt=1	proxy=http://wiw4v7duaymysz9-session-b3b106b064f0-lifetime-10:***@rp.scrapegw.com:6060	ConnectionTimeoutError: Connection timeout to host https://discord.com/api/v9/unique-username/username-attempt-unauthed
2026-09-01 18:29:48	NETWORK	hfhy	attempt=1	proxy=http://wiw4v7duaymysz9-session-561e86424f56-lifetime-10:***@rp.scrapegw.com:6060	ConnectionTimeoutError: Connection timeout to host https://discord.com/api/v9/unique-username/username-attempt-unauthed
2026-09-01 18:29:48	NETWORK	hflk	attempt=1	proxy=http://wiw4v7duaymysz9-session-e70204611189-lifetime-10:***@rp.scrapegw.com:6060	ConnectionTimeoutError: Connection timeout to host https://discord.com/api/v9/unique-username/username-attempt-unauthed
2026-09-01 18:29:48	NETWORK	hfnd	attempt=1	proxy=http://wiw4v7duaymysz9-session-fc3e8908597f-lifetime-10:***@rp.scrapegw.com:6060	ConnectionTimeoutError: Connection timeout to host https://discord.com/api/v9/unique-username/username-attempt-unauthed
2026-09-01 18:29:48	NETWORK	hfll	attempt=1	proxy=http://wiw4v7duaymysz9-session-168cbd94b96b-lifetime-10:***@rp.scrapegw.com:6060	ConnectionTimeoutError: Connection timeout to host https://discord.com/api/v9/unique-username/username-attempt-unauthed
2026-09-01 18:29:48	NETWORK	hfpa	attempt=1	proxy=http://wiw4v7duaymysz9-session-290eaa07a3bd-lifetime-10:***@rp.scrapegw.com:6060	ConnectionTimeoutError: Connection timeout to host https://discord.com/api/v9/unique-username/username-attempt-unauthed
2026-09-01 18:29:48	NETWORK	hflq	attempt=1	proxy=http://wiw4v7duaymysz9-session-5b53f2505528-lifetime-10:***@rp.scrapegw.com:6060	ConnectionTimeoutError: Connection timeout to host https://discord.com/api/v9/unique-username/username-attempt-unauthed
2026-09-01 18:29:48	NETWORK	hfkg	attempt=1	proxy=http://wiw4v7duaymysz9-session-af0c31bc6ed3-lifetime-10:***@rp.scrapegw.com:6060	ConnectionTimeoutError: Connection timeout to host https://discord.com/api/v9/unique-username/username-attempt-unauthed
2026-09-01 18:29:48	NETWORK	hfna	attempt=1	proxy=http://wiw4v7duaymysz9-session-b6943e15d7bf-lifetime-10:***@rp.scrapegw.com:6060	ConnectionTimeoutError: Connection timeout to host https://discord.com/api/v9/unique-username/username-attempt-unauthed
2026-09-01 18:29:48	NETWORK	hflj	attempt=1	proxy=http://wiw4v7duaymysz9-session-cf33e58cedd6-lifetime-10:***@rp.scrapegw.com:6060	ConnectionTimeoutError: Connection timeout to host https://discord.com/api/v9/unique-username/username-attempt-unauthed
2026-09-01 18:29:48	NETWORK	hfnj	attempt=1	proxy=http://wiw4v7duaymysz9-session-1c2ad4d11000-lifetime-10:***@rp.scrapegw.com:6060	ConnectionTimeoutError: Connection timeout to host https://discord.com/api/v9/unique-username/username-attempt-unauthed
2026-09-01 18:29:48	NETWORK	hfob	attempt=1	proxy=http://wiw4v7duaymysz9-session-f825c88c0ed4-lifetime-10:***@rp.scrapegw.com:6060	ConnectionTimeoutError: Connection timeout to host https://discord.com/api/v9/unique-username/username-attempt-unauthed
2026-09-01 18:29:48	NETWORK	hfjj	attempt=1	proxy=http://wiw4v7duaymysz9-session-d4bd3fc8773b-lifetime-10:***@rp.scrapegw.com:6060	ConnectionTimeoutError: Connection timeout to host https://discord.com/api/v9/unique-username/username-attempt-unauthed
2026-09-01 18:29:48	NETWORK	hfjy	attempt=1	proxy=http://wiw4v7duaymysz9-session-a916e0241694-lifetime-10:***@rp.scrapegw.com:6060	ConnectionTimeoutError: Connection timeout to host https://discord.com/api/v9/unique-username/username-attempt-unauthed
2026-09-01 18:29:48	NETWORK	hfjl	attempt=1	proxy=http://wiw4v7duaymysz9-session-08a94933ad4d-lifetime-10:***@rp.scrapegw.com:6060	ConnectionTimeoutError: Connection timeout to host https://discord.com/api/v9/unique-username/username-attempt-unauthed
2026-09-01 18:29:48	NETWORK	hflc	attempt=1	proxy=http://wiw4v7duaymysz9-session-db4442ebba8d-lifetime-10:***@rp.scrapegw.com:6060	ConnectionTimeoutError: Connection timeout to host https://discord.com/api/v9/unique-username/username-attempt-unauthed
2026-09-01 18:29:48	NETWORK	hfji	attempt=1	proxy=http://wiw4v7duaymysz9-session-ed597e8dbfab-lifetime-10:***@rp.scrapegw.com:6060	ConnectionTimeoutError: Connection timeout to host https://discord.com/api/v9/unique-username/username-attempt-unauthed
2026-09-01 18:29:48	NETWORK	hfjr	attempt=1	proxy=http://wiw4v7duaymysz9-session-72c12e1235b2-lifetime-10:***@rp.scrapegw.com:6060	ConnectionTimeoutError: Connection timeout to host https://discord.com/api/v9/unique-username/username-attempt-unauthed
2026-09-01 18:29:48	NETWORK	hfoj	attempt=1	proxy=http://wiw4v7duaymysz9-session-87d1e37f7e4f-lifetime-10:***@rp.scrapegw.com:6060	ConnectionTimeoutError: Connection timeout to host https://discord.com/api/v9/unique-username/username-attempt-unauthed
2026-09-01 18:29:48	NETWORK	hfkz	attempt=1	proxy=http://wiw4v7duaymysz9-session-67781bc3d0e3-lifetime-10:***@rp.scrapegw.com:6060	ConnectionTimeoutError: Connection timeout to host https://discord.com/api/v9/unique-username/username-attempt-unauthed
2026-09-01 18:29:48	NETWORK	hfiy	attempt=1	proxy=http://wiw4v7duaymysz9-session-ed4f13ebdcf8-lifetime-10:***@rp.scrapegw.com:6060	ConnectionTimeoutError: Connection timeout to host https://discord.com/api/v9/unique-username/username-attempt-unauthed
2026-09-01 18:29:48	NETWORK	hfmw	attempt=1	proxy=http://wiw4v7duaymysz9-session-62305caf9f26-lifetime-10:***@rp.scrapegw.com:6060	ConnectionTimeoutError: Connection timeout to host https://discord.com/api/v9/unique-username/username-attempt-unauthed
2026-09-01 18:29:48	NETWORK	hfle	attempt=1	proxy=http://wiw4v7duaymysz9-session-24dd373473bb-lifetime-10:***@rp.scrapegw.com:6060	ConnectionTimeoutError: Connection timeout to host https://discord.com/api/v9/unique-username/username-attempt-unauthed
2026-09-01 18:29:48	NETWORK	hfln	attempt=1	proxy=http://wiw4v7duaymysz9-session-72609fdbed43-lifetime-10:***@rp.scrapegw.com:6060	ConnectionTimeoutError: Connection timeout to host https://discord.com/api/v9/unique-username/username-attempt-unauthed
2026-09-01 18:29:48	NETWORK	hfio	attempt=1	proxy=http://wiw4v7duaymysz9-session-3cbca20bec93-lifetime-10:***@rp.scrapegw.com:6060	ConnectionTimeoutError: Connection timeout to host https://discord.com/api/v9/unique-username/username-attempt-unauthed
2026-09-01 18:29:48	NETWORK	hfow	attempt=1	proxy=http://wiw4v7duaymysz9-session-062ebd34e510-lifetime-10:***@rp.scrapegw.com:6060	ConnectionTimeoutError: Connection timeout to host https://discord.com/api/v9/unique-username/username-attempt-unauthed
2026-09-01 18:29:48	NETWORK	hfkc	attempt=1	proxy=http://wiw4v7duaymysz9-session-843c8b5da777-lifetime-10:***@rp.scrapegw.com:6060	ConnectionTimeoutError: Connection timeout to host https://discord.com/api/v9/unique-username/username-attempt-unauthed
2026-09-01 18:29:48	NETWORK	hfnn	attempt=1	proxy=http://wiw4v7duaymysz9-session-24c5903ca5fd-lifetime-10:***@rp.scrapegw.com:6060	ConnectionTimeoutError: Connection timeout to host https://discord.com/api/v9/unique-username/username-attempt-unauthed
2026-09-01 18:29:48	NETWORK	hfni	attempt=1	proxy=http://wiw4v7duaymysz9-session-f0e1631e8aea-lifetime-10:***@rp.scrapegw.com:6060	ConnectionTimeoutError: Connection timeout to host https://discord.com/api/v9/unique-username/username-attempt-unauthed
2026-09-01 18:29:48	NETWORK	hfnr	attempt=1	proxy=http://wiw4v7duaymysz9-session-767986cd949b-lifetime-10:***@rp.scrapegw.com:6060	ConnectionTimeoutError: Connection timeout to host https://discord.com/api/v9/unique-username/username-attempt-unauthed
2026-09-01 18:29:48	NETWORK	hfnm	attempt=1	proxy=http://wiw4v7duaymysz9-session-1507a9475266-lifetime-10:***@rp.scrapegw.com:6060	ConnectionTimeoutError: Connection timeout to host https://discord.com/api/v9/unique-username/username-attempt-unauthed
2026-09-01 18:29:49	NETWORK	hgan	attempt=1	proxy=http://wiw4v7duaymysz9-session-a9ac0d29064e-lifetime-10:***@rp.scrapegw.com:6060	ClientConnectorError: Cannot connect to host discord.com:443 ssl:default [Connection reset by peer]
2026-09-01 18:29:49	NETWORK	hftz	attempt=1	proxy=http://wiw4v7duaymysz9-session-cf9fe431a636-lifetime-10:***@rp.scrapegw.com:6060	ConnectionTimeoutError: Connection timeout to host https://discord.com/api/v9/unique-username/username-attempt-unauthed
2026-09-01 18:29:49	NETWORK	hfub	attempt=1	proxy=http://wiw4v7duaymysz9-session-883c65a67730-lifetime-10:***@rp.scrapegw.com:6060	ConnectionTimeoutError: Connection timeout to host https://discord.com/api/v9/unique-username/username-attempt-unauthed
2026-09-01 18:29:49	NETWORK	hfuv	attempt=1	proxy=http://wiw4v7duaymysz9-session-207c7c228af4-lifetime-10:***@rp.scrapegw.com:6060	ConnectionTimeoutError: Connection timeout to host https://discord.com/api/v9/unique-username/username-attempt-unauthed
2026-09-01 18:29:49	NETWORK	hfsb	attempt=1	proxy=http://wiw4v7duaymysz9-session-f30d87ed8129-lifetime-10:***@rp.scrapegw.com:6060	ConnectionTimeoutError: Connection timeout to host https://discord.com/api/v9/unique-username/username-attempt-unauthed
2026-09-01 18:29:49	NETWORK	hfpc	attempt=1	proxy=http://wiw4v7duaymysz9-session-d08e4737ec20-lifetime-10:***@rp.scrapegw.com:6060	ConnectionTimeoutError: Connection timeout to host https://discord.com/api/v9/unique-username/username-attempt-unauthed
2026-09-01 18:29:49	NETWORK	hftl	attempt=1	proxy=http://wiw4v7duaymysz9-session-5a2b9b99c1e0-lifetime-10:***@rp.scrapegw.com:6060	ConnectionTimeoutError: Connection timeout to host https://discord.com/api/v9/unique-username/username-attempt-unauthed
2026-09-01 18:29:49	NETWORK	hfsd	attempt=1	proxy=http://wiw4v7duaymysz9-session-b475b187bf07-lifetime-10:***@rp.scrapegw.com:6060	ConnectionTimeoutError: Connection timeout to host https://discord.com/api/v9/unique-username/username-attempt-unauthed
2026-09-01 18:29:49	NETWORK	hfuk	attempt=1	proxy=http://wiw4v7duaymysz9-session-55f16ddc94be-lifetime-10:***@rp.scrapegw.com:6060	ConnectionTimeoutError: Connection timeout to host https://discord.com/api/v9/unique-username/username-attempt-unauthed
2026-09-01 18:29:49	NETWORK	hfrl	attempt=1	proxy=http://wiw4v7duaymysz9-session-c4a8eaafdffc-lifetime-10:***@rp.scrapegw.com:6060	ConnectionTimeoutError: Connection timeout to host https://discord.com/api/v9/unique-username/username-attempt-unauthed
2026-09-01 18:29:49	NETWORK	hfru	attempt=1	proxy=http://wiw4v7duaymysz9-session-fd343f4a82b0-lifetime-10:***@rp.scrapegw.com:6060	ConnectionTimeoutError: Connection timeout to host https://discord.com/api/v9/unique-username/username-attempt-unauthed
2026-09-01 18:29:49	NETWORK	hfrg	attempt=1	proxy=http://wiw4v7duaymysz9-session-9154bf870b5e-lifetime-10:***@rp.scrapegw.com:6060	ConnectionTimeoutError: Connection timeout to host https://discord.com/api/v9/unique-username/username-attempt-unauthed
2026-09-01 18:29:49	NETWORK	hfsq	attempt=1	proxy=http://wiw4v7duaymysz9-session-9f5cacb5c5ec-lifetime-10:***@rp.scrapegw.com:6060	ConnectionTimeoutError: Connection timeout to host https://discord.com/api/v9/unique-username/username-attempt-unauthed
2026-09-01 18:29:49	NETWORK	hfvf	attempt=1	proxy=http://wiw4v7duaymysz9-session-969af85de322-lifetime-10:***@rp.scrapegw.com:6060	ConnectionTimeoutError: Connection timeout to host https://discord.com/api/v9/unique-username/username-attempt-unauthed
2026-09-01 18:29:49	NETWORK	hfus	attempt=1	proxy=http://wiw4v7duaymysz9-session-62bcb3d7bf28-lifetime-10:***@rp.scrapegw.com:6060	ConnectionTimeoutError: Connection timeout to host https://discord.com/api/v9/unique-username/username-attempt-unauthed
2026-09-01 18:29:49	NETWORK	hfpw	attempt=1	proxy=http://wiw4v7duaymysz9-session-6b1cb31a94cb-lifetime-10:***@rp.scrapegw.com:6060	ConnectionTimeoutError: Connection timeout to host https://discord.com/api/v9/unique-username/username-attempt-unauthed
2026-09-01 18:29:49	NETWORK	hfpn	attempt=1	proxy=http://wiw4v7duaymysz9-session-78a67e6e7065-lifetime-10:***@rp.scrapegw.com:6060	ConnectionTimeoutError: Connection timeout to host https://discord.com/api/v9/unique-username/username-attempt-unauthed
2026-09-01 18:29:49	NETWORK	hfpm	attempt=1	proxy=http://wiw4v7duaymysz9-session-36fbd2c5c041-lifetime-10:***@rp.scrapegw.com:6060	ConnectionTimeoutError: Connection timeout to host https://discord.com/api/v9/unique-username/username-attempt-unauthed
2026-09-01 18:29:49	NETWORK	hfsg	attempt=1	proxy=http://wiw4v7duaymysz9-session-5e29f38d452c-lifetime-10:***@rp.scrapegw.com:6060	ConnectionTimeoutError: Connection timeout to host https://discord.com/api/v9/unique-username/username-attempt-unauthed
2026-09-01 18:29:49	NETWORK	hfse	attempt=1	proxy=http://wiw4v7duaymysz9-session-4da04e8a6a31-lifetime-10:***@rp.scrapegw.com:6060	ConnectionTimeoutError: Connection timeout to host https://discord.com/api/v9/unique-username/username-attempt-unauthed
2026-09-01 18:29:49	NETWORK	hfsm	attempt=1	proxy=http://wiw4v7duaymysz9-session-72c1e825f050-lifetime-10:***@rp.scrapegw.com:6060	ConnectionTimeoutError: Connection timeout to host https://discord.com/api/v9/unique-username/username-attempt-unauthed
2026-09-01 18:29:49	NETWORK	hftj	attempt=1	proxy=http://wiw4v7duaymysz9-session-1e7f9ff700ef-lifetime-10:***@rp.scrapegw.com:6060	ConnectionTimeoutError: Connection timeout to host https://discord.com/api/v9/unique-username/username-attempt-unauthed
2026-09-01 18:29:49	NETWORK	hfta	attempt=1	proxy=http://wiw4v7duaymysz9-session-8ada52d71a72-lifetime-10:***@rp.scrapegw.com:6060	ConnectionTimeoutError: Connection timeout to host https://discord.com/api/v9/unique-username/username-attempt-unauthed
2026-09-01 18:29:49	NETWORK	hftp	attempt=1	proxy=http://wiw4v7duaymysz9-session-af94e14bd2d5-lifetime-10:***@rp.scrapegw.com:6060	ConnectionTimeoutError: Connection timeout to host https://discord.com/api/v9/unique-username/username-attempt-unauthed
2026-09-01 18:29:49	NETWORK	hfrw	attempt=1	proxy=http://wiw4v7duaymysz9-session-632bccb203e1-lifetime-10:***@rp.scrapegw.com:6060	ConnectionTimeoutError: Connection timeout to host https://discord.com/api/v9/unique-username/username-attempt-unauthed
2026-09-01 18:29:49	NETWORK	hfrj	attempt=1	proxy=http://wiw4v7duaymysz9-session-f5edcc0af5aa-lifetime-10:***@rp.scrapegw.com:6060	ConnectionTimeoutError: Connection timeout to host https://discord.com/api/v9/unique-username/username-attempt-unauthed
2026-09-01 18:29:49	NETWORK	hfue	attempt=1	proxy=http://wiw4v7duaymysz9-session-f31ba5597c33-lifetime-10:***@rp.scrapegw.com:6060	ConnectionTimeoutError: Connection timeout to host https://discord.com/api/v9/unique-username/username-attempt-unauthed
2026-09-01 18:29:49	NETWORK	hfvc	attempt=1	proxy=http://wiw4v7duaymysz9-session-53d54d618ebe-lifetime-10:***@rp.scrapegw.com:6060	ConnectionTimeoutError: Connection timeout to host https://discord.com/api/v9/unique-username/username-attempt-unauthed
2026-09-01 18:29:49	NETWORK	hfqe	attempt=1	proxy=http://wiw4v7duaymysz9-session-897613a0ab29-lifetime-10:***@rp.scrapegw.com:6060	ConnectionTimeoutError: Connection timeout to host https://discord.com/api/v9/unique-username/username-attempt-unauthed
2026-09-01 18:29:49	NETWORK	hfqk	attempt=1	proxy=http://wiw4v7duaymysz9-session-4c68c3747bc8-lifetime-10:***@rp.scrapegw.com:6060	ConnectionTimeoutError: Connection timeout to host https://discord.com/api/v9/unique-username/username-attempt-unauthed
2026-09-01 18:29:49	NETWORK	hfpi	attempt=1	proxy=http://wiw4v7duaymysz9-session-97ea9f3e0370-lifetime-10:***@rp.scrapegw.com:6060	ConnectionTimeoutError: Connection timeout to host https://discord.com/api/v9/unique-username/username-attempt-unauthed
2026-09-01 18:29:49	HTTP_429	hfpb	attempt=1	proxy=http://wiw4v7duaymysz9-session-14471be08439-lifetime-10:***@rp.scrapegw.com:6060	scope=shared global=False retry_after=912.00s
2026-09-01 18:29:49	NETWORK	hhln	attempt=1	proxy=http://wiw4v7duaymysz9-session-e4d17524101f-lifetime-10:***@rp.scrapegw.com:6060	ClientConnectorError: Cannot connect to host discord.com:443 ssl:default [Connection reset by peer]
2026-09-01 18:29:50	NETWORK	hgro	attempt=1	proxy=http://wiw4v7duaymysz9-session-4d436c3fcb13-lifetime-10:***@rp.scrapegw.com:6060	ClientConnectorError: Cannot connect to host discord.com:443 ssl:default [Connection reset by peer]
2026-09-01 18:29:50	HTTP_429	hiuy	attempt=1	proxy=http://wiw4v7duaymysz9-session-621a4d032347-lifetime-10:***@rp.scrapegw.com:6060	scope=shared global=False retry_after=2057.00s
2026-09-01 18:29:50	HTTP_429	hitf	attempt=1	proxy=http://wiw4v7duaymysz9-session-f2b9d8616fe4-lifetime-10:***@rp.scrapegw.com:6060	scope=shared global=False retry_after=2053.00s
2026-09-01 18:29:50	HTTP_429	hgky	attempt=1	proxy=http://wiw4v7duaymysz9-session-9ff17fb8baa5-lifetime-10:***@rp.scrapegw.com:6060	scope=shared global=False retry_after=639.00s
2026-09-01 18:29:50	NETWORK	hhim	attempt=1	proxy=http://wiw4v7duaymysz9-session-cf9fe431a636-lifetime-10:***@rp.scrapegw.com:6060	ClientConnectorError: Cannot connect to host discord.com:443 ssl:default [Connection reset by peer]
2026-09-01 18:29:50	HTTP_429	hiwt	attempt=1	proxy=http://wiw4v7duaymysz9-session-89bc2d2a76ef-lifetime-10:***@rp.scrapegw.com:6060	scope=shared global=False retry_after=1385.00s
2026-09-01 18:29:50	NETWORK	hhys	attempt=1	proxy=http://wiw4v7duaymysz9-session-46a60e0310b4-lifetime-10:***@rp.scrapegw.com:6060	ClientConnectorError: Cannot connect to host discord.com:443 ssl:default [Connection reset by peer]
2026-09-01 18:29:50	NETWORK	hgbz	attempt=1	proxy=http://wiw4v7duaymysz9-session-e2b6a7d622ac-lifetime-10:***@rp.scrapegw.com:6060	ConnectionTimeoutError: Connection timeout to host https://discord.com/api/v9/unique-username/username-attempt-unauthed
2026-09-01 18:29:50	NETWORK	hfxw	attempt=1	proxy=http://wiw4v7duaymysz9-session-a684f2ecf3bd-lifetime-10:***@rp.scrapegw.com:6060	ConnectionTimeoutError: Connection timeout to host https://discord.com/api/v9/unique-username/username-attempt-unauthed
2026-09-01 18:29:50	NETWORK	hfya	attempt=1	proxy=http://wiw4v7duaymysz9-session-794c06999079-lifetime-10:***@rp.scrapegw.com:6060	ConnectionTimeoutError: Connection timeout to host https://discord.com/api/v9/unique-username/username-attempt-unauthed
2026-09-01 18:29:50	NETWORK	hfwx	attempt=1	proxy=http://wiw4v7duaymysz9-session-867511e95d98-lifetime-10:***@rp.scrapegw.com:6060	ConnectionTimeoutError: Connection timeout to host https://discord.com/api/v9/unique-username/username-attempt-unauthed
2026-09-01 18:29:50	NETWORK	hfyo	attempt=1	proxy=http://wiw4v7duaymysz9-session-9f56cb6a4704-lifetime-10:***@rp.scrapegw.com:6060	ConnectionTimeoutError: Connection timeout to host https://discord.com/api/v9/unique-username/username-attempt-unauthed
2026-09-01 18:29:50	NETWORK	hfyj	attempt=1	proxy=http://wiw4v7duaymysz9-session-7d83414303e9-lifetime-10:***@rp.scrapegw.com:6060	ConnectionTimeoutError: Connection timeout to host https://discord.com/api/v9/unique-username/username-attempt-unauthed
2026-09-01 18:29:50	NETWORK	hfyk	attempt=1	proxy=http://wiw4v7duaymysz9-session-2f1f9e46616e-lifetime-10:***@rp.scrapegw.com:6060	ConnectionTimeoutError: Connection timeout to host https://discord.com/api/v9/unique-username/username-attempt-unauthed
2026-09-01 18:29:50	NETWORK	hfyc	attempt=1	proxy=http://wiw4v7duaymysz9-session-ee349c2ae2bb-lifetime-10:***@rp.scrapegw.com:6060	ConnectionTimeoutError: Connection timeout to host https://discord.com/api/v9/unique-username/username-attempt-unauthed
2026-09-01 18:29:50	NETWORK	hfvu	attempt=1	proxy=http://wiw4v7duaymysz9-session-c4ecbf1bfe72-lifetime-10:***@rp.scrapegw.com:6060	ConnectionTimeoutError: Connection timeout to host https://discord.com/api/v9/unique-username/username-attempt-unauthed
2026-09-01 18:29:50	NETWORK	hgbq	attempt=1	proxy=http://wiw4v7duaymysz9-session-6814f0bb1074-lifetime-10:***@rp.scrapegw.com:6060	ConnectionTimeoutError: Connection timeout to host https://discord.com/api/v9/unique-username/username-attempt-unauthed
2026-09-01 18:29:50	NETWORK	hgcr	attempt=1	proxy=http://wiw4v7duaymysz9-session-2e0c2684ab05-lifetime-10:***@rp.scrapegw.com:6060	ConnectionTimeoutError: Connection timeout to host https://discord.com/api/v9/unique-username/username-attempt-unauthed
2026-09-01 18:29:50	NETWORK	hgav	attempt=1	proxy=http://wiw4v7duaymysz9-session-36e2cbe58188-lifetime-10:***@rp.scrapegw.com:6060	ConnectionTimeoutError: Connection timeout to host https://discord.com/api/v9/unique-username/username-attempt-unauthed
2026-09-01 18:29:50	NETWORK	hfzt	attempt=1	proxy=http://wiw4v7duaymysz9-session-f2147652ae4f-lifetime-10:***@rp.scrapegw.com:6060	ConnectionTimeoutError: Connection timeout to host https://discord.com/api/v9/unique-username/username-attempt-unauthed
2026-09-01 18:29:50	NETWORK	hfzm	attempt=1	proxy=http://wiw4v7duaymysz9-session-af7413617ae4-lifetime-10:***@rp.scrapegw.com:6060	ConnectionTimeoutError: Connection timeout to host https://discord.com/api/v9/unique-username/username-attempt-unauthed
2026-09-01 18:29:50	NETWORK	hfzf	attempt=1	proxy=http://wiw4v7duaymysz9-session-a3476c64711b-lifetime-10:***@rp.scrapegw.com:6060	ConnectionTimeoutError: Connection timeout to host https://discord.com/api/v9/unique-username/username-attempt-unauthed
2026-09-01 18:29:50	NETWORK	hgbu	attempt=1	proxy=http://wiw4v7duaymysz9-session-7e4a7fe90dcb-lifetime-10:***@rp.scrapegw.com:6060	ConnectionTimeoutError: Connection timeout to host https://discord.com/api/v9/unique-username/username-attempt-unauthed
2026-09-01 18:29:50	NETWORK	hgaa	attempt=1	proxy=http://wiw4v7duaymysz9-session-ad9545456b8f-lifetime-10:***@rp.scrapegw.com:6060	ConnectionTimeoutError: Connection timeout to host https://discord.com/api/v9/unique-username/username-attempt-unauthed
2026-09-01 18:29:50	NETWORK	hfza	attempt=1	proxy=http://wiw4v7duaymysz9-session-ea7533aa644e-lifetime-10:***@rp.scrapegw.com:6060	ConnectionTimeoutError: Connection timeout to host https://discord.com/api/v9/unique-username/username-attempt-unauthed
2026-09-01 18:29:50	NETWORK	hfyu	attempt=1	proxy=http://wiw4v7duaymysz9-session-66a20a976fe1-lifetime-10:***@rp.scrapegw.com:6060	ConnectionTimeoutError: Connection timeout to host https://discord.com/api/v9/unique-username/username-attempt-unauthed
2026-09-01 18:29:50	NETWORK	hfwo	attempt=1	proxy=http://wiw4v7duaymysz9-session-1f13749cff06-lifetime-10:***@rp.scrapegw.com:6060	ConnectionTimeoutError: Connection timeout to host https://discord.com/api/v9/unique-username/username-attempt-unauthed
2026-09-01 18:29:50	NETWORK	hgcy	attempt=1	proxy=http://wiw4v7duaymysz9-session-734abadb1d39-lifetime-10:***@rp.scrapegw.com:6060	ConnectionTimeoutError: Connection timeout to host https://discord.com/api/v9/unique-username/username-attempt-unauthed
2026-09-01 18:29:50	NETWORK	hfwd	attempt=1	proxy=http://wiw4v7duaymysz9-session-eefd6928e8a1-lifetime-10:***@rp.scrapegw.com:6060	ConnectionTimeoutError: Connection timeout to host https://discord.com/api/v9/unique-username/username-attempt-unauthed
2026-09-01 18:29:50	NETWORK	hfwc	attempt=1	proxy=http://wiw4v7duaymysz9-session-4310430dc3b2-lifetime-10:***@rp.scrapegw.com:6060	ConnectionTimeoutError: Connection timeout to host https://discord.com/api/v9/unique-username/username-attempt-unauthed
2026-09-01 18:29:50	NETWORK	hfvq	attempt=1	proxy=http://wiw4v7duaymysz9-session-eaf533d27293-lifetime-10:***@rp.scrapegw.com:6060	ConnectionTimeoutError: Connection timeout to host https://discord.com/api/v9/unique-username/username-attempt-unauthed
2026-09-01 18:29:50	NETWORK	hfyb	attempt=1	proxy=http://wiw4v7duaymysz9-session-2f449af48e82-lifetime-10:***@rp.scrapegw.com:6060	ConnectionTimeoutError: Connection timeout to host https://discord.com/api/v9/unique-username/username-attempt-unauthed
2026-09-01 18:29:50	NETWORK	hfyd	attempt=1	proxy=http://wiw4v7duaymysz9-session-6111d3d79d32-lifetime-10:***@rp.scrapegw.com:6060	ConnectionTimeoutError: Connection timeout to host https://discord.com/api/v9/unique-username/username-attempt-unauthed
2026-09-01 18:29:50	NETWORK	hfxv	attempt=1	proxy=http://wiw4v7duaymysz9-session-fa25efcf979b-lifetime-10:***@rp.scrapegw.com:6060	ConnectionTimeoutError: Connection timeout to host https://discord.com/api/v9/unique-username/username-attempt-unauthed
2026-09-01 18:29:50	NETWORK	hgcv	attempt=1	proxy=http://wiw4v7duaymysz9-session-4ebf6009bcbc-lifetime-10:***@rp.scrapegw.com:6060	ConnectionTimeoutError: Connection timeout to host https://discord.com/api/v9/unique-username/username-attempt-unauthed
2026-09-01 18:29:50	NETWORK	hfxb	attempt=1	proxy=http://wiw4v7duaymysz9-session-0b14e805484e-lifetime-10:***@rp.scrapegw.com:6060	ConnectionTimeoutError: Connection timeout to host https://discord.com/api/v9/unique-username/username-attempt-unauthed
2026-09-01 18:29:50	NETWORK	hgcj	attempt=1	proxy=http://wiw4v7duaymysz9-session-5fbf5cf732bb-lifetime-10:***@rp.scrapegw.com:6060	ConnectionTimeoutError: Connection timeout to host https://discord.com/api/v9/unique-username/username-attempt-unauthed
2026-09-01 18:29:50	NETWORK	hgch	attempt=1	proxy=http://wiw4v7duaymysz9-session-7af93b29e8de-lifetime-10:***@rp.scrapegw.com:6060	ConnectionTimeoutError: Connection timeout to host https://discord.com/api/v9/unique-username/username-attempt-unauthed
2026-09-01 18:29:50	NETWORK	hgbc	attempt=1	proxy=http://wiw4v7duaymysz9-session-a8e75844c5d0-lifetime-10:***@rp.scrapegw.com:6060	ConnectionTimeoutError: Connection timeout to host https://discord.com/api/v9/unique-username/username-attempt-unauthed
2026-09-01 18:29:50	NETWORK	hfwl	attempt=1	proxy=http://wiw4v7duaymysz9-session-e3f4c4c25cb7-lifetime-10:***@rp.scrapegw.com:6060	ConnectionTimeoutError: Connection timeout to host https://discord.com/api/v9/unique-username/username-attempt-unauthed
2026-09-01 18:29:50	NETWORK	hgba	attempt=1	proxy=http://wiw4v7duaymysz9-session-9a7a3349ee83-lifetime-10:***@rp.scrapegw.com:6060	ConnectionTimeoutError: Connection timeout to host https://discord.com/api/v9/unique-username/username-attempt-unauthed
2026-09-01 18:29:50	NETWORK	hfzy	attempt=1	proxy=http://wiw4v7duaymysz9-session-d5e86c3ea639-lifetime-10:***@rp.scrapegw.com:6060	ConnectionTimeoutError: Connection timeout to host https://discord.com/api/v9/unique-username/username-attempt-unauthed
2026-09-01 18:29:50	NETWORK	hfwp	attempt=1	proxy=http://wiw4v7duaymysz9-session-a1d59080caba-lifetime-10:***@rp.scrapegw.com:6060	ConnectionTimeoutError: Connection timeout to host https://discord.com/api/v9/unique-username/username-attempt-unauthed
2026-09-01 18:29:50	NETWORK	hfwe	attempt=1	proxy=http://wiw4v7duaymysz9-session-ded8d80cd788-lifetime-10:***@rp.scrapegw.com:6060	ConnectionTimeoutError: Connection timeout to host https://discord.com/api/v9/unique-username/username-attempt-unauthed
2026-09-01 18:29:50	NETWORK	hfvr	attempt=1	proxy=http://wiw4v7duaymysz9-session-bd30c96aad58-lifetime-10:***@rp.scrapegw.com:6060	ConnectionTimeoutError: Connection timeout to host https://discord.com/api/v9/unique-username/username-attempt-unauthed
2026-09-01 18:29:50	NETWORK	hfxk	attempt=1	proxy=http://wiw4v7duaymysz9-session-9877873a8095-lifetime-10:***@rp.scrapegw.com:6060	ConnectionTimeoutError: Connection timeout to host https://discord.com/api/v9/unique-username/username-attempt-unauthed
2026-09-01 18:29:50	HTTP_429	hizk	attempt=1	proxy=http://wiw4v7duaymysz9-session-b815582e1edd-lifetime-10:***@rp.scrapegw.com:6060	scope=shared global=False retry_after=1156.00s
2026-09-01 18:29:50	NETWORK	hgwx	attempt=1	proxy=http://wiw4v7duaymysz9-session-e1be64a98db7-lifetime-10:***@rp.scrapegw.com:6060	ClientConnectorError: Cannot connect to host discord.com:443 ssl:default [Connection reset by peer]
2026-09-01 18:29:51	HTTP_429	hjar	attempt=1	proxy=http://wiw4v7duaymysz9-session-b421362d99b3-lifetime-10:***@rp.scrapegw.com:6060	scope=shared global=False retry_after=1962.00s
2026-09-01 18:29:51	NETWORK	hhfr	attempt=1	proxy=http://wiw4v7duaymysz9-session-9d28c138b74c-lifetime-10:***@rp.scrapegw.com:6060	ClientConnectorError: Cannot connect to host discord.com:443 ssl:default [Connection reset by peer]
2026-09-01 18:29:51	HTTP_429	hjdn	attempt=1	proxy=http://wiw4v7duaymysz9-session-f243a624ad48-lifetime-10:***@rp.scrapegw.com:6060	scope=shared global=False retry_after=2058.00s
2026-09-01 18:29:51	NETWORK	hghp	attempt=1	proxy=http://wiw4v7duaymysz9-session-edab41def0d4-lifetime-10:***@rp.scrapegw.com:6060	ClientConnectorError: Cannot connect to host discord.com:443 ssl:default [Connection reset by peer]
2026-09-01 18:29:51	NETWORK	hhed	attempt=1	proxy=http://wiw4v7duaymysz9-session-0caad7a4156a-lifetime-10:***@rp.scrapegw.com:6060	ClientConnectorError: Cannot connect to host discord.com:443 ssl:default [Connection reset by peer]
2026-09-01 18:29:51	NETWORK	hhgt	attempt=1	proxy=http://wiw4v7duaymysz9-session-babe4a21b9f6-lifetime-10:***@rp.scrapegw.com:6060	ClientConnectorError: Cannot connect to host discord.com:443 ssl:default [Connection reset by peer]
2026-09-01 18:29:51	NETWORK	hhdm	attempt=1	proxy=http://wiw4v7duaymysz9-session-97ea9f3e0370-lifetime-10:***@rp.scrapegw.com:6060	ClientConnectorError: Cannot connect to host discord.com:443 ssl:default [Connection reset by peer]
2026-09-01 18:29:51	NETWORK	hhmr	attempt=1	proxy=http://wiw4v7duaymysz9-session-8ea2a8f67ac4-lifetime-10:***@rp.scrapegw.com:6060	ClientConnectorError: Cannot connect to host discord.com:443 ssl:default [Connection reset by peer]
2026-09-01 18:29:51	NETWORK	hhab	attempt=1	proxy=http://wiw4v7duaymysz9-session-168cbd94b96b-lifetime-10:***@rp.scrapegw.com:6060	ClientConnectorError: Cannot connect to host discord.com:443 ssl:default [Connection reset by peer]
2026-09-01 18:29:51	NETWORK	hhmb	attempt=1	proxy=http://wiw4v7duaymysz9-session-02226b75da6a-lifetime-10:***@rp.scrapegw.com:6060	ClientConnectorError: Cannot connect to host discord.com:443 ssl:default [None]
2026-09-01 18:29:51	NETWORK	hgko	attempt=1	proxy=http://wiw4v7duaymysz9-session-87edabe0af6b-lifetime-10:***@rp.scrapegw.com:6060	ConnectionTimeoutError: Connection timeout to host https://discord.com/api/v9/unique-username/username-attempt-unauthed
2026-09-01 18:29:51	NETWORK	hgkl	attempt=1	proxy=http://wiw4v7duaymysz9-session-913a09d6f22a-lifetime-10:***@rp.scrapegw.com:6060	ConnectionTimeoutError: Connection timeout to host https://discord.com/api/v9/unique-username/username-attempt-unauthed
2026-09-01 18:29:51	NETWORK	hggw	attempt=1	proxy=http://wiw4v7duaymysz9-session-daf7ae704faf-lifetime-10:***@rp.scrapegw.com:6060	ConnectionTimeoutError: Connection timeout to host https://discord.com/api/v9/unique-username/username-attempt-unauthed
2026-09-01 18:29:51	NETWORK	hgez	attempt=1	proxy=http://wiw4v7duaymysz9-session-c7d4a621f454-lifetime-10:***@rp.scrapegw.com:6060	ConnectionTimeoutError: Connection timeout to host https://discord.com/api/v9/unique-username/username-attempt-unauthed
2026-09-01 18:29:51	NETWORK	hgkg	attempt=1	proxy=http://wiw4v7duaymysz9-session-4d6084a5f473-lifetime-10:***@rp.scrapegw.com:6060	ConnectionTimeoutError: Connection timeout to host https://discord.com/api/v9/unique-username/username-attempt-unauthed
2026-09-01 18:29:51	NETWORK	hgft	attempt=1	proxy=http://wiw4v7duaymysz9-session-39e6a03ef52e-lifetime-10:***@rp.scrapegw.com:6060	ConnectionTimeoutError: Connection timeout to host https://discord.com/api/v9/unique-username/username-attempt-unauthed
2026-09-01 18:29:51	NETWORK	hgdj	attempt=1	proxy=http://wiw4v7duaymysz9-session-d66d49477946-lifetime-10:***@rp.scrapegw.com:6060	ConnectionTimeoutError: Connection timeout to host https://discord.com/api/v9/unique-username/username-attempt-unauthed
2026-09-01 18:29:51	NETWORK	hgdf	attempt=1	proxy=http://wiw4v7duaymysz9-session-e803814bfeb3-lifetime-10:***@rp.scrapegw.com:6060	ConnectionTimeoutError: Connection timeout to host https://discord.com/api/v9/unique-username/username-attempt-unauthed
2026-09-01 18:29:51	NETWORK	hgjn	attempt=1	proxy=http://wiw4v7duaymysz9-session-cbc65ded4df3-lifetime-10:***@rp.scrapegw.com:6060	ConnectionTimeoutError: Connection timeout to host https://discord.com/api/v9/unique-username/username-attempt-unauthed
2026-09-01 18:29:51	NETWORK	hgkb	attempt=1	proxy=http://wiw4v7duaymysz9-session-0b7426961499-lifetime-10:***@rp.scrapegw.com:6060	ConnectionTimeoutError: Connection timeout to host https://discord.com/api/v9/unique-username/username-attempt-unauthed
2026-09-01 18:29:51	NETWORK	hgka	attempt=1	proxy=http://wiw4v7duaymysz9-session-1c56077e4e6d-lifetime-10:***@rp.scrapegw.com:6060	ConnectionTimeoutError: Connection timeout to host https://discord.com/api/v9/unique-username/username-attempt-unauthed
2026-09-01 18:29:51	NETWORK	hgio	attempt=1	proxy=http://wiw4v7duaymysz9-session-673f630b465b-lifetime-10:***@rp.scrapegw.com:6060	ConnectionTimeoutError: Connection timeout to host https://discord.com/api/v9/unique-username/username-attempt-unauthed
2026-09-01 18:29:51	NETWORK	hgig	attempt=1	proxy=http://wiw4v7duaymysz9-session-25f16fa090e9-lifetime-10:***@rp.scrapegw.com:6060	ConnectionTimeoutError: Connection timeout to host https://discord.com/api/v9/unique-username/username-attempt-unauthed
2026-09-01 18:29:51	NETWORK	hgif	attempt=1	proxy=http://wiw4v7duaymysz9-session-5dfa23ab9a8d-lifetime-10:***@rp.scrapegw.com:6060	ConnectionTimeoutError: Connection timeout to host https://discord.com/api/v9/unique-username/username-attempt-unauthed
2026-09-01 18:29:51	NETWORK	hgie	attempt=1	proxy=http://wiw4v7duaymysz9-session-3538d766f7c1-lifetime-10:***@rp.scrapegw.com:6060	ConnectionTimeoutError: Connection timeout to host https://discord.com/api/v9/unique-username/username-attempt-unauthed
2026-09-01 18:29:51	NETWORK	hgid	attempt=1	proxy=http://wiw4v7duaymysz9-session-73970080425d-lifetime-10:***@rp.scrapegw.com:6060	ConnectionTimeoutError: Connection timeout to host https://discord.com/api/v9/unique-username/username-attempt-unauthed
2026-09-01 18:29:51	NETWORK	hghd	attempt=1	proxy=http://wiw4v7duaymysz9-session-2492767e7a89-lifetime-10:***@rp.scrapegw.com:6060	ConnectionTimeoutError: Connection timeout to host https://discord.com/api/v9/unique-username/username-attempt-unauthed
2026-09-01 18:29:51	NETWORK	hghb	attempt=1	proxy=http://wiw4v7duaymysz9-session-3f816b68ebd4-lifetime-10:***@rp.scrapegw.com:6060	ConnectionTimeoutError: Connection timeout to host https://discord.com/api/v9/unique-username/username-attempt-unauthed
2026-09-01 18:29:51	NETWORK	hggz	attempt=1	proxy=http://wiw4v7duaymysz9-session-c3b8be4c96f7-lifetime-10:***@rp.scrapegw.com:6060	ConnectionTimeoutError: Connection timeout to host https://discord.com/api/v9/unique-username/username-attempt-unauthed
2026-09-01 18:29:51	NETWORK	hght	attempt=1	proxy=http://wiw4v7duaymysz9-session-ec25734b2b45-lifetime-10:***@rp.scrapegw.com:6060	ConnectionTimeoutError: Connection timeout to host https://discord.com/api/v9/unique-username/username-attempt-unauthed
2026-09-01 18:29:51	NETWORK	hggv	attempt=1	proxy=http://wiw4v7duaymysz9-session-f1b737967968-lifetime-10:***@rp.scrapegw.com:6060	ConnectionTimeoutError: Connection timeout to host https://discord.com/api/v9/unique-username/username-attempt-unauthed
2026-09-01 18:29:51	NETWORK	hghw	attempt=1	proxy=http://wiw4v7duaymysz9-session-03c0dfb88dae-lifetime-10:***@rp.scrapegw.com:6060	ConnectionTimeoutError: Connection timeout to host https://discord.com/api/v9/unique-username/username-attempt-unauthed
2026-09-01 18:29:51	NETWORK	hggu	attempt=1	proxy=http://wiw4v7duaymysz9-session-e749b3d39fd0-lifetime-10:***@rp.scrapegw.com:6060	ConnectionTimeoutError: Connection timeout to host https://discord.com/api/v9/unique-username/username-attempt-unauthed
2026-09-01 18:29:51	NETWORK	hgeu	attempt=1	proxy=http://wiw4v7duaymysz9-session-d7c79d47b260-lifetime-10:***@rp.scrapegw.com:6060	ConnectionTimeoutError: Connection timeout to host https://discord.com/api/v9/unique-username/username-attempt-unauthed
2026-09-01 18:29:51	NETWORK	hgfh	attempt=1	proxy=http://wiw4v7duaymysz9-session-9cfcef221fca-lifetime-10:***@rp.scrapegw.com:6060	ConnectionTimeoutError: Connection timeout to host https://discord.com/api/v9/unique-username/username-attempt-unauthed
2026-09-01 18:29:51	NETWORK	hgfv	attempt=1	proxy=http://wiw4v7duaymysz9-session-0e2acf22a5c7-lifetime-10:***@rp.scrapegw.com:6060	ConnectionTimeoutError: Connection timeout to host https://discord.com/api/v9/unique-username/username-attempt-unauthed
2026-09-01 18:29:51	NETWORK	hgfj	attempt=1	proxy=http://wiw4v7duaymysz9-session-45898a0c70b7-lifetime-10:***@rp.scrapegw.com:6060	ConnectionTimeoutError: Connection timeout to host https://discord.com/api/v9/unique-username/username-attempt-unauthed
2026-09-01 18:29:51	NETWORK	hgkh	attempt=1	proxy=http://wiw4v7duaymysz9-session-7848d6058418-lifetime-10:***@rp.scrapegw.com:6060	ConnectionTimeoutError: Connection timeout to host https://discord.com/api/v9/unique-username/username-attempt-unauthed
2026-09-01 18:29:51	NETWORK	hgkd	attempt=1	proxy=http://wiw4v7duaymysz9-session-decf0655eb26-lifetime-10:***@rp.scrapegw.com:6060	ConnectionTimeoutError: Connection timeout to host https://discord.com/api/v9/unique-username/username-attempt-unauthed
2026-09-01 18:29:51	NETWORK	hgdc	attempt=1	proxy=http://wiw4v7duaymysz9-session-4b72b1e44cd1-lifetime-10:***@rp.scrapegw.com:6060	ConnectionTimeoutError: Connection timeout to host https://discord.com/api/v9/unique-username/username-attempt-unauthed
2026-09-01 18:29:51	NETWORK	hgcz	attempt=1	proxy=http://wiw4v7duaymysz9-session-14d8668de6be-lifetime-10:***@rp.scrapegw.com:6060	ConnectionTimeoutError: Connection timeout to host https://discord.com/api/v9/unique-username/username-attempt-unauthed
2026-09-01 18:29:51	NETWORK	hgfg	attempt=1	proxy=http://wiw4v7duaymysz9-session-af8e9d586120-lifetime-10:***@rp.scrapegw.com:6060	ConnectionTimeoutError: Connection timeout to host https://discord.com/api/v9/unique-username/username-attempt-unauthed
2026-09-01 18:29:51	NETWORK	hgen	attempt=1	proxy=http://wiw4v7duaymysz9-session-97f98aedbcd3-lifetime-10:***@rp.scrapegw.com:6060	ConnectionTimeoutError: Connection timeout to host https://discord.com/api/v9/unique-username/username-attempt-unauthed
2026-09-01 18:29:51	NETWORK	hggm	attempt=1	proxy=http://wiw4v7duaymysz9-session-993389e1ea9e-lifetime-10:***@rp.scrapegw.com:6060	ConnectionTimeoutError: Connection timeout to host https://discord.com/api/v9/unique-username/username-attempt-unauthed
2026-09-01 18:29:51	NETWORK	hgja	attempt=1	proxy=http://wiw4v7duaymysz9-session-6565b5efc9e8-lifetime-10:***@rp.scrapegw.com:6060	ConnectionTimeoutError: Connection timeout to host https://discord.com/api/v9/unique-username/username-attempt-unauthed
2026-09-01 18:29:51	NETWORK	hgjq	attempt=1	proxy=http://wiw4v7duaymysz9-session-360d079420ce-lifetime-10:***@rp.scrapegw.com:6060	ConnectionTimeoutError: Connection timeout to host https://discord.com/api/v9/unique-username/username-attempt-unauthed
2026-09-01 18:29:51	HTTP_429	hjgz	attempt=1	proxy=http://wiw4v7duaymysz9-session-d9bbc2d11be6-lifetime-10:***@rp.scrapegw.com:6060	scope=shared global=False retry_after=2053.00s
2026-09-01 18:29:51	HTTP_429	hjgu	attempt=1	proxy=http://wiw4v7duaymysz9-session-a61f62b8dda1-lifetime-10:***@rp.scrapegw.com:6060	scope=shared global=False retry_after=773.00s
2026-09-01 18:29:51	HTTP_429	hjhm	attempt=1	proxy=http://wiw4v7duaymysz9-session-702e0a6bef31-lifetime-10:***@rp.scrapegw.com:6060	scope=shared global=False retry_after=500.00s
2026-09-01 18:29:51	HTTP_429	hjjs	attempt=1	proxy=http://wiw4v7duaymysz9-session-e1931183da98-lifetime-10:***@rp.scrapegw.com:6060	scope=shared global=False retry_after=2056.00s
2026-09-01 18:29:52	HTTP_429	hjmf	attempt=1	proxy=http://wiw4v7duaymysz9-session-393f201ac744-lifetime-10:***@rp.scrapegw.com:6060	scope=shared global=False retry_after=1561.00s
2026-09-01 18:29:52	HTTP_429	higp	attempt=1	proxy=http://wiw4v7duaymysz9-session-31d4c2450cfa-lifetime-10:***@rp.scrapegw.com:6060	scope=shared global=False retry_after=569.00s
2026-09-01 18:29:52	HTTP_429	hjmk	attempt=1	proxy=http://wiw4v7duaymysz9-session-14470ee5a4de-lifetime-10:***@rp.scrapegw.com:6060	scope=shared global=False retry_after=2055.00s
2026-09-01 18:29:52	HTTP_429	hjov	attempt=1	proxy=http://wiw4v7duaymysz9-session-29b8236ec03d-lifetime-10:***@rp.scrapegw.com:6060	scope=shared global=False retry_after=1198.00s
2026-09-01 18:29:52	HTTP_429	hjoq	attempt=1	proxy=http://wiw4v7duaymysz9-session-daa267b0adce-lifetime-10:***@rp.scrapegw.com:6060	scope=shared global=False retry_after=1061.00s
2026-09-01 18:29:52	NETWORK	hhkn	attempt=1	proxy=http://wiw4v7duaymysz9-session-931f3c8f2575-lifetime-10:***@rp.scrapegw.com:6060	ClientConnectorCertificateError: Cannot connect to host discord.com:443 ssl:True [SSLCertVerificationError: (1, '[SSL: CERTIFICATE_VERIFY_FAILED] certificate verify failed: self-signed certificate (_ssl.c:1081)')]
2026-09-01 18:29:52	NETWORK	hgoz	attempt=1	proxy=http://wiw4v7duaymysz9-session-720d8cfef727-lifetime-10:***@rp.scrapegw.com:6060	ConnectionTimeoutError: Connection timeout to host https://discord.com/api/v9/unique-username/username-attempt-unauthed
2026-09-01 18:29:52	NETWORK	hgox	attempt=1	proxy=http://wiw4v7duaymysz9-session-515262d8d4c5-lifetime-10:***@rp.scrapegw.com:6060	ConnectionTimeoutError: Connection timeout to host https://discord.com/api/v9/unique-username/username-attempt-unauthed
2026-09-01 18:29:52	NETWORK	hgno	attempt=1	proxy=http://wiw4v7duaymysz9-session-70b9076ae528-lifetime-10:***@rp.scrapegw.com:6060	ConnectionTimeoutError: Connection timeout to host https://discord.com/api/v9/unique-username/username-attempt-unauthed
2026-09-01 18:29:52	NETWORK	hgoo	attempt=1	proxy=http://wiw4v7duaymysz9-session-5cf2a73647b5-lifetime-10:***@rp.scrapegw.com:6060	ConnectionTimeoutError: Connection timeout to host https://discord.com/api/v9/unique-username/username-attempt-unauthed
2026-09-01 18:29:52	NETWORK	hglj	attempt=1	proxy=http://wiw4v7duaymysz9-session-3b8efb57a0ce-lifetime-10:***@rp.scrapegw.com:6060	ConnectionTimeoutError: Connection timeout to host https://discord.com/api/v9/unique-username/username-attempt-unauthed
2026-09-01 18:29:52	NETWORK	hgon	attempt=1	proxy=http://wiw4v7duaymysz9-session-e9624dd8603d-lifetime-10:***@rp.scrapegw.com:6060	ConnectionTimeoutError: Connection timeout to host https://discord.com/api/v9/unique-username/username-attempt-unauthed
2026-09-01 18:29:52	NETWORK	hgnv	attempt=1	proxy=http://wiw4v7duaymysz9-session-8101610c8d09-lifetime-10:***@rp.scrapegw.com:6060	ConnectionTimeoutError: Connection timeout to host https://discord.com/api/v9/unique-username/username-attempt-unauthed
2026-09-01 18:29:52	NETWORK	hgoq	attempt=1	proxy=http://wiw4v7duaymysz9-session-33c2c5bc0d1d-lifetime-10:***@rp.scrapegw.com:6060	ConnectionTimeoutError: Connection timeout to host https://discord.com/api/v9/unique-username/username-attempt-unauthed
2026-09-01 18:29:52	NETWORK	hglx	attempt=1	proxy=http://wiw4v7duaymysz9-session-0fda468b0e19-lifetime-10:***@rp.scrapegw.com:6060	ConnectionTimeoutError: Connection timeout to host https://discord.com/api/v9/unique-username/username-attempt-unauthed
2026-09-01 18:29:52	NETWORK	hgmm	attempt=1	proxy=http://wiw4v7duaymysz9-session-da6463ac2a60-lifetime-10:***@rp.scrapegw.com:6060	ConnectionTimeoutError: Connection timeout to host https://discord.com/api/v9/unique-username/username-attempt-unauthed
2026-09-01 18:29:52	NETWORK	hgmx	attempt=1	proxy=http://wiw4v7duaymysz9-session-21c4509e6546-lifetime-10:***@rp.scrapegw.com:6060	ConnectionTimeoutError: Connection timeout to host https://discord.com/api/v9/unique-username/username-attempt-unauthed
2026-09-01 18:29:52	NETWORK	hgnb	attempt=1	proxy=http://wiw4v7duaymysz9-session-6cb6917fa3c3-lifetime-10:***@rp.scrapegw.com:6060	ConnectionTimeoutError: Connection timeout to host https://discord.com/api/v9/unique-username/username-attempt-unauthed
2026-09-01 18:29:52	NETWORK	hgnc	attempt=1	proxy=http://wiw4v7duaymysz9-session-99336c2102de-lifetime-10:***@rp.scrapegw.com:6060	ConnectionTimeoutError: Connection timeout to host https://discord.com/api/v9/unique-username/username-attempt-unauthed
2026-09-01 18:29:52	NETWORK	hglm	attempt=1	proxy=http://wiw4v7duaymysz9-session-43c382eb7229-lifetime-10:***@rp.scrapegw.com:6060	ConnectionTimeoutError: Connection timeout to host https://discord.com/api/v9/unique-username/username-attempt-unauthed
2026-09-01 18:29:52	NETWORK	hgmu	attempt=1	proxy=http://wiw4v7duaymysz9-session-9af70bfc9809-lifetime-10:***@rp.scrapegw.com:6060	ConnectionTimeoutError: Connection timeout to host https://discord.com/api/v9/unique-username/username-attempt-unauthed
2026-09-01 18:29:52	NETWORK	hgqd	attempt=1	proxy=http://wiw4v7duaymysz9-session-3a86263a89f7-lifetime-10:***@rp.scrapegw.com:6060	ConnectionTimeoutError: Connection timeout to host https://discord.com/api/v9/unique-username/username-attempt-unauthed
2026-09-01 18:29:52	NETWORK	hgqo	attempt=1	proxy=http://wiw4v7duaymysz9-session-6e5a83fcba73-lifetime-10:***@rp.scrapegw.com:6060	ConnectionTimeoutError: Connection timeout to host https://discord.com/api/v9/unique-username/username-attempt-unauthed
2026-09-01 18:29:52	NETWORK	hgps	attempt=1	proxy=http://wiw4v7duaymysz9-session-31d4c2450cfa-lifetime-10:***@rp.scrapegw.com:6060	ConnectionTimeoutError: Connection timeout to host https://discord.com/api/v9/unique-username/username-attempt-unauthed
2026-09-01 18:29:52	NETWORK	hgpk	attempt=1	proxy=http://wiw4v7duaymysz9-session-29a46878fde7-lifetime-10:***@rp.scrapegw.com:6060	ConnectionTimeoutError: Connection timeout to host https://discord.com/api/v9/unique-username/username-attempt-unauthed
2026-09-01 18:29:52	NETWORK	hgll	attempt=1	proxy=http://wiw4v7duaymysz9-session-017b6cc92018-lifetime-10:***@rp.scrapegw.com:6060	ConnectionTimeoutError: Connection timeout to host https://discord.com/api/v9/unique-username/username-attempt-unauthed
2026-09-01 18:29:52	NETWORK	hgkr	attempt=1	proxy=http://wiw4v7duaymysz9-session-aaf6ae61b379-lifetime-10:***@rp.scrapegw.com:6060	ConnectionTimeoutError: Connection timeout to host https://discord.com/api/v9/unique-username/username-attempt-unauthed
2026-09-01 18:29:52	NETWORK	hgqr	attempt=1	proxy=http://wiw4v7duaymysz9-session-60f6e6488893-lifetime-10:***@rp.scrapegw.com:6060	ConnectionTimeoutError: Connection timeout to host https://discord.com/api/v9/unique-username/username-attempt-unauthed
2026-09-01 18:29:52	NETWORK	hgpn	attempt=1	proxy=http://wiw4v7duaymysz9-session-3e364dff975b-lifetime-10:***@rp.scrapegw.com:6060	ConnectionTimeoutError: Connection timeout to host https://discord.com/api/v9/unique-username/username-attempt-unauthed
2026-09-01 18:29:52	NETWORK	hgpl	attempt=1	proxy=http://wiw4v7duaymysz9-session-d8e3dde477f6-lifetime-10:***@rp.scrapegw.com:6060	ConnectionTimeoutError: Connection timeout to host https://discord.com/api/v9/unique-username/username-attempt-unauthed
2026-09-01 18:29:52	NETWORK	hgow	attempt=1	proxy=http://wiw4v7duaymysz9-session-223d4c08d1b6-lifetime-10:***@rp.scrapegw.com:6060	ConnectionTimeoutError: Connection timeout to host https://discord.com/api/v9/unique-username/username-attempt-unauthed
2026-09-01 18:29:52	NETWORK	hgoa	attempt=1	proxy=http://wiw4v7duaymysz9-session-061cb4ed29cc-lifetime-10:***@rp.scrapegw.com:6060	ConnectionTimeoutError: Connection timeout to host https://discord.com/api/v9/unique-username/username-attempt-unauthed
2026-09-01 18:29:52	NETWORK	hgoc	attempt=1	proxy=http://wiw4v7duaymysz9-session-10371a7e1179-lifetime-10:***@rp.scrapegw.com:6060	ConnectionTimeoutError: Connection timeout to host https://discord.com/api/v9/unique-username/username-attempt-unauthed
2026-09-01 18:29:52	NETWORK	hgnn	attempt=1	proxy=http://wiw4v7duaymysz9-session-671b83cb7666-lifetime-10:***@rp.scrapegw.com:6060	ConnectionTimeoutError: Connection timeout to host https://discord.com/api/v9/unique-username/username-attempt-unauthed
2026-09-01 18:29:52	NETWORK	hgpa	attempt=1	proxy=http://wiw4v7duaymysz9-session-f2d40b2984ac-lifetime-10:***@rp.scrapegw.com:6060	ConnectionTimeoutError: Connection timeout to host https://discord.com/api/v9/unique-username/username-attempt-unauthed
2026-09-01 18:29:52	HTTP_429	hhhx	attempt=1	proxy=http://wiw4v7duaymysz9-session-e7da7823ae53-lifetime-10:***@rp.scrapegw.com:6060	scope=shared global=False retry_after=549.00s
2026-09-01 18:29:52	NETWORK	hhqa	attempt=1	proxy=http://wiw4v7duaymysz9-session-0fe1dd82d6a3-lifetime-10:***@rp.scrapegw.com:6060	ClientConnectorError: Cannot connect to host discord.com:443 ssl:default [Connection reset by peer]
2026-09-01 18:29:53	HTTP_429	hjrv	attempt=1	proxy=http://wiw4v7duaymysz9-session-a31ab271130c-lifetime-10:***@rp.scrapegw.com:6060	scope=shared global=False retry_after=749.00s
2026-09-01 18:29:53	NETWORK	hhxy	attempt=1	proxy=http://wiw4v7duaymysz9-session-d35b33a5c3e8-lifetime-10:***@rp.scrapegw.com:6060	ClientConnectorError: Cannot connect to host discord.com:443 ssl:default [Connection reset by peer]
2026-09-01 18:29:53	NETWORK	hhti	attempt=1	proxy=http://wiw4v7duaymysz9-session-42fabdbe5080-lifetime-10:***@rp.scrapegw.com:6060	ClientConnectorError: Cannot connect to host discord.com:443 ssl:default [Connection reset by peer]
2026-09-01 18:29:53	NETWORK	hgse	attempt=1	proxy=http://wiw4v7duaymysz9-session-0e887b0df343-lifetime-10:***@rp.scrapegw.com:6060	ConnectionTimeoutError: Connection timeout to host https://discord.com/api/v9/unique-username/username-attempt-unauthed
2026-09-01 18:29:53	NETWORK	hgxf	attempt=1	proxy=http://wiw4v7duaymysz9-session-42735037602c-lifetime-10:***@rp.scrapegw.com:6060	ConnectionTimeoutError: Connection timeout to host https://discord.com/api/v9/unique-username/username-attempt-unauthed
2026-09-01 18:29:53	NETWORK	hgsf	attempt=1	proxy=http://wiw4v7duaymysz9-session-a06090ea26e3-lifetime-10:***@rp.scrapegw.com:6060	ConnectionTimeoutError: Connection timeout to host https://discord.com/api/v9/unique-username/username-attempt-unauthed
2026-09-01 18:29:53	NETWORK	hgwz	attempt=1	proxy=http://wiw4v7duaymysz9-session-c5a0eb43fb9a-lifetime-10:***@rp.scrapegw.com:6060	ConnectionTimeoutError: Connection timeout to host https://discord.com/api/v9/unique-username/username-attempt-unauthed
2026-09-01 18:29:53	NETWORK	hgrs	attempt=1	proxy=http://wiw4v7duaymysz9-session-a9ef6c10d3e7-lifetime-10:***@rp.scrapegw.com:6060	ConnectionTimeoutError: Connection timeout to host https://discord.com/api/v9/unique-username/username-attempt-unauthed
2026-09-01 18:29:53	NETWORK	hgvx	attempt=1	proxy=http://wiw4v7duaymysz9-session-01dd73b8d363-lifetime-10:***@rp.scrapegw.com:6060	ConnectionTimeoutError: Connection timeout to host https://discord.com/api/v9/unique-username/username-attempt-unauthed
2026-09-01 18:29:53	NETWORK	hgvk	attempt=1	proxy=http://wiw4v7duaymysz9-session-d50936a6032f-lifetime-10:***@rp.scrapegw.com:6060	ConnectionTimeoutError: Connection timeout to host https://discord.com/api/v9/unique-username/username-attempt-unauthed
2026-09-01 18:29:53	NETWORK	hgvj	attempt=1	proxy=http://wiw4v7duaymysz9-session-c086386b0311-lifetime-10:***@rp.scrapegw.com:6060	ConnectionTimeoutError: Connection timeout to host https://discord.com/api/v9/unique-username/username-attempt-unauthed
2026-09-01 18:29:53	NETWORK	hgss	attempt=1	proxy=http://wiw4v7duaymysz9-session-6d71b1e3e008-lifetime-10:***@rp.scrapegw.com:6060	ConnectionTimeoutError: Connection timeout to host https://discord.com/api/v9/unique-username/username-attempt-unauthed
2026-09-01 18:29:53	NETWORK	hgvc	attempt=1	proxy=http://wiw4v7duaymysz9-session-6d193ce31002-lifetime-10:***@rp.scrapegw.com:6060	ConnectionTimeoutError: Connection timeout to host https://discord.com/api/v9/unique-username/username-attempt-unauthed
2026-09-01 18:29:53	NETWORK	hgsn	attempt=1	proxy=http://wiw4v7duaymysz9-session-01db0362659e-lifetime-10:***@rp.scrapegw.com:6060	ConnectionTimeoutError: Connection timeout to host https://discord.com/api/v9/unique-username/username-attempt-unauthed
2026-09-01 18:29:53	NETWORK	hgyh	attempt=1	proxy=http://wiw4v7duaymysz9-session-231271a2bcf3-lifetime-10:***@rp.scrapegw.com:6060	ConnectionTimeoutError: Connection timeout to host https://discord.com/api/v9/unique-username/username-attempt-unauthed
2026-09-01 18:29:53	NETWORK	hgtl	attempt=1	proxy=http://wiw4v7duaymysz9-session-da04586a2522-lifetime-10:***@rp.scrapegw.com:6060	ConnectionTimeoutError: Connection timeout to host https://discord.com/api/v9/unique-username/username-attempt-unauthed
2026-09-01 18:29:53	NETWORK	hgre	attempt=1	proxy=http://wiw4v7duaymysz9-session-47fd6536e8aa-lifetime-10:***@rp.scrapegw.com:6060	ConnectionTimeoutError: Connection timeout to host https://discord.com/api/v9/unique-username/username-attempt-unauthed
2026-09-01 18:29:53	NETWORK	hgrb	attempt=1	proxy=http://wiw4v7duaymysz9-session-5c52ac5b282a-lifetime-10:***@rp.scrapegw.com:6060	ConnectionTimeoutError: Connection timeout to host https://discord.com/api/v9/unique-username/username-attempt-unauthed
2026-09-01 18:29:53	NETWORK	hgqy	attempt=1	proxy=http://wiw4v7duaymysz9-session-0e4d38ec57c4-lifetime-10:***@rp.scrapegw.com:6060	ConnectionTimeoutError: Connection timeout to host https://discord.com/api/v9/unique-username/username-attempt-unauthed
2026-09-01 18:29:53	NETWORK	hgub	attempt=1	proxy=http://wiw4v7duaymysz9-session-d5b2359467af-lifetime-10:***@rp.scrapegw.com:6060	ConnectionTimeoutError: Connection timeout to host https://discord.com/api/v9/unique-username/username-attempt-unauthed
2026-09-01 18:29:53	NETWORK	hguf	attempt=1	proxy=http://wiw4v7duaymysz9-session-ea8371bf8f9e-lifetime-10:***@rp.scrapegw.com:6060	ConnectionTimeoutError: Connection timeout to host https://discord.com/api/v9/unique-username/username-attempt-unauthed
2026-09-01 18:29:53	NETWORK	hguc	attempt=1	proxy=http://wiw4v7duaymysz9-session-fd323f2b1c62-lifetime-10:***@rp.scrapegw.com:6060	ConnectionTimeoutError: Connection timeout to host https://discord.com/api/v9/unique-username/username-attempt-unauthed
2026-09-01 18:29:53	NETWORK	hgrn	attempt=1	proxy=http://wiw4v7duaymysz9-session-c887c42f1019-lifetime-10:***@rp.scrapegw.com:6060	ConnectionTimeoutError: Connection timeout to host https://discord.com/api/v9/unique-username/username-attempt-unauthed
2026-09-01 18:29:53	NETWORK	hgtd	attempt=1	proxy=http://wiw4v7duaymysz9-session-f84c56a1ade1-lifetime-10:***@rp.scrapegw.com:6060	ConnectionTimeoutError: Connection timeout to host https://discord.com/api/v9/unique-username/username-attempt-unauthed
2026-09-01 18:29:53	NETWORK	hgtr	attempt=1	proxy=http://wiw4v7duaymysz9-session-3fed235a8276-lifetime-10:***@rp.scrapegw.com:6060	ConnectionTimeoutError: Connection timeout to host https://discord.com/api/v9/unique-username/username-attempt-unauthed
2026-09-01 18:29:53	NETWORK	hgyr	attempt=1	proxy=http://wiw4v7duaymysz9-session-2f495870f7ad-lifetime-10:***@rp.scrapegw.com:6060	ConnectionTimeoutError: Connection timeout to host https://discord.com/api/v9/unique-username/username-attempt-unauthed
2026-09-01 18:29:53	NETWORK	hgyq	attempt=1	proxy=http://wiw4v7duaymysz9-session-5dceb9b29902-lifetime-10:***@rp.scrapegw.com:6060	ConnectionTimeoutError: Connection timeout to host https://discord.com/api/v9/unique-username/username-attempt-unauthed
2026-09-01 18:29:53	NETWORK	hgyl	attempt=1	proxy=http://wiw4v7duaymysz9-session-441cdfb07ff0-lifetime-10:***@rp.scrapegw.com:6060	ConnectionTimeoutError: Connection timeout to host https://discord.com/api/v9/unique-username/username-attempt-unauthed
2026-09-01 18:29:53	NETWORK	hgyc	attempt=1	proxy=http://wiw4v7duaymysz9-session-08a94933ad4d-lifetime-10:***@rp.scrapegw.com:6060	ConnectionTimeoutError: Connection timeout to host https://discord.com/api/v9/unique-username/username-attempt-unauthed
2026-09-01 18:29:53	NETWORK	hgxo	attempt=1	proxy=http://wiw4v7duaymysz9-session-ed4f13ebdcf8-lifetime-10:***@rp.scrapegw.com:6060	ConnectionTimeoutError: Connection timeout to host https://discord.com/api/v9/unique-username/username-attempt-unauthed
2026-09-01 18:29:53	NETWORK	hgsd	attempt=1	proxy=http://wiw4v7duaymysz9-session-b018aa961b6d-lifetime-10:***@rp.scrapegw.com:6060	ConnectionTimeoutError: Connection timeout to host https://discord.com/api/v9/unique-username/username-attempt-unauthed
2026-09-01 18:29:53	NETWORK	hgsa	attempt=1	proxy=http://wiw4v7duaymysz9-session-b2edd071d994-lifetime-10:***@rp.scrapegw.com:6060	ConnectionTimeoutError: Connection timeout to host https://discord.com/api/v9/unique-username/username-attempt-unauthed
2026-09-01 18:29:53	NETWORK	hgwq	attempt=1	proxy=http://wiw4v7duaymysz9-session-f063e4c08fc0-lifetime-10:***@rp.scrapegw.com:6060	ConnectionTimeoutError: Connection timeout to host https://discord.com/api/v9/unique-username/username-attempt-unauthed
2026-09-01 18:29:53	NETWORK	hgwl	attempt=1	proxy=http://wiw4v7duaymysz9-session-620d4fb110f6-lifetime-10:***@rp.scrapegw.com:6060	ConnectionTimeoutError: Connection timeout to host https://discord.com/api/v9/unique-username/username-attempt-unauthed
2026-09-01 18:29:53	NETWORK	hgup	attempt=1	proxy=http://wiw4v7duaymysz9-session-f28d1cccb79a-lifetime-10:***@rp.scrapegw.com:6060	ConnectionTimeoutError: Connection timeout to host https://discord.com/api/v9/unique-username/username-attempt-unauthed
2026-09-01 18:29:53	NETWORK	hgxt	attempt=1	proxy=http://wiw4v7duaymysz9-session-df736aaed432-lifetime-10:***@rp.scrapegw.com:6060	ConnectionTimeoutError: Connection timeout to host https://discord.com/api/v9/unique-username/username-attempt-unauthed
2026-09-01 18:29:53	NETWORK	hgto	attempt=1	proxy=http://wiw4v7duaymysz9-session-9d7d719ab86e-lifetime-10:***@rp.scrapegw.com:6060	ConnectionTimeoutError: Connection timeout to host https://discord.com/api/v9/unique-username/username-attempt-unauthed
2026-09-01 18:29:53	NETWORK	hgrm	attempt=1	proxy=http://wiw4v7duaymysz9-session-47aea880bde6-lifetime-10:***@rp.scrapegw.com:6060	ConnectionTimeoutError: Connection timeout to host https://discord.com/api/v9/unique-username/username-attempt-unauthed
2026-09-01 18:29:53	NETWORK	hgtt	attempt=1	proxy=http://wiw4v7duaymysz9-session-fd77b428e385-lifetime-10:***@rp.scrapegw.com:6060	ConnectionTimeoutError: Connection timeout to host https://discord.com/api/v9/unique-username/username-attempt-unauthed
2026-09-01 18:29:53	NETWORK	hgrr	attempt=1	proxy=http://wiw4v7duaymysz9-session-3fb6fc82b737-lifetime-10:***@rp.scrapegw.com:6060	ConnectionTimeoutError: Connection timeout to host https://discord.com/api/v9/unique-username/username-attempt-unauthed
2026-09-01 18:29:53	NETWORK	hgul	attempt=1	proxy=http://wiw4v7duaymysz9-session-32ed67eeae2d-lifetime-10:***@rp.scrapegw.com:6060	ConnectionTimeoutError: Connection timeout to host https://discord.com/api/v9/unique-username/username-attempt-unauthed
2026-09-01 18:29:53	NETWORK	hgte	attempt=1	proxy=http://wiw4v7duaymysz9-session-6769312c73f5-lifetime-10:***@rp.scrapegw.com:6060	ConnectionTimeoutError: Connection timeout to host https://discord.com/api/v9/unique-username/username-attempt-unauthed
2026-09-01 18:29:53	NETWORK	hgrv	attempt=1	proxy=http://wiw4v7duaymysz9-session-e3d8f50f271a-lifetime-10:***@rp.scrapegw.com:6060	ConnectionTimeoutError: Connection timeout to host https://discord.com/api/v9/unique-username/username-attempt-unauthed
2026-09-01 18:29:53	NETWORK	hgyd	attempt=1	proxy=http://wiw4v7duaymysz9-session-41e0302d2a14-lifetime-10:***@rp.scrapegw.com:6060	ConnectionTimeoutError: Connection timeout to host https://discord.com/api/v9/unique-username/username-attempt-unauthed
2026-09-01 18:29:53	NETWORK	hgyg	attempt=1	proxy=http://wiw4v7duaymysz9-session-7880166f8a77-lifetime-10:***@rp.scrapegw.com:6060	ConnectionTimeoutError: Connection timeout to host https://discord.com/api/v9/unique-username/username-attempt-unauthed
2026-09-01 18:29:53	NETWORK	hgxp	attempt=1	proxy=http://wiw4v7duaymysz9-session-b9eefaf57d46-lifetime-10:***@rp.scrapegw.com:6060	ConnectionTimeoutError: Connection timeout to host https://discord.com/api/v9/unique-username/username-attempt-unauthed
2026-09-01 18:29:53	HTTP_429	hhem	attempt=1	proxy=http://wiw4v7duaymysz9-session-89bc2d2a76ef-lifetime-10:***@rp.scrapegw.com:6060	scope=shared global=False retry_after=1382.00s
2026-09-01 18:29:54	NETWORK	hhux	attempt=1	proxy=http://wiw4v7duaymysz9-session-ffb7fc092c3f-lifetime-10:***@rp.scrapegw.com:6060	ClientConnectorError: Cannot connect to host discord.com:443 ssl:default [Connection reset by peer]
2026-09-01 18:29:54	HTTP_429	hjxr	attempt=1	proxy=http://wiw4v7duaymysz9-session-46653af20ff3-lifetime-10:***@rp.scrapegw.com:6060	scope=shared global=False retry_after=2050.00s
2026-09-01 18:29:54	NETWORK	hhbq	attempt=1	proxy=http://wiw4v7duaymysz9-session-3ef263c8ffe0-lifetime-10:***@rp.scrapegw.com:6060	ClientConnectorError: Cannot connect to host discord.com:443 ssl:default [Connection reset by peer]
2026-09-01 18:29:54	NETWORK	hheq	attempt=1	proxy=http://wiw4v7duaymysz9-session-897613a0ab29-lifetime-10:***@rp.scrapegw.com:6060	ConnectionTimeoutError: Connection timeout to host https://discord.com/api/v9/unique-username/username-attempt-unauthed
2026-09-01 18:29:54	NETWORK	hgzs	attempt=1	proxy=http://wiw4v7duaymysz9-session-24dd373473bb-lifetime-10:***@rp.scrapegw.com:6060	ConnectionTimeoutError: Connection timeout to host https://discord.com/api/v9/unique-username/username-attempt-unauthed
2026-09-01 18:29:54	NETWORK	hhet	attempt=1	proxy=http://wiw4v7duaymysz9-session-0cd111c9308c-lifetime-10:***@rp.scrapegw.com:6060	ConnectionTimeoutError: Connection timeout to host https://discord.com/api/v9/unique-username/username-attempt-unauthed
2026-09-01 18:29:54	NETWORK	hhgs	attempt=1	proxy=http://wiw4v7duaymysz9-session-9ed38358fba9-lifetime-10:***@rp.scrapegw.com:6060	ConnectionTimeoutError: Connection timeout to host https://discord.com/api/v9/unique-username/username-attempt-unauthed
2026-09-01 18:29:54	NETWORK	hhge	attempt=1	proxy=http://wiw4v7duaymysz9-session-c4a8eaafdffc-lifetime-10:***@rp.scrapegw.com:6060	ConnectionTimeoutError: Connection timeout to host https://discord.com/api/v9/unique-username/username-attempt-unauthed
2026-09-01 18:29:54	NETWORK	hhga	attempt=1	proxy=http://wiw4v7duaymysz9-session-0c1eb1500104-lifetime-10:***@rp.scrapegw.com:6060	ConnectionTimeoutError: Connection timeout to host https://discord.com/api/v9/unique-username/username-attempt-unauthed
2026-09-01 18:29:54	NETWORK	hhfw	attempt=1	proxy=http://wiw4v7duaymysz9-session-b3ec962fc2d6-lifetime-10:***@rp.scrapegw.com:6060	ConnectionTimeoutError: Connection timeout to host https://discord.com/api/v9/unique-username/username-attempt-unauthed
2026-09-01 18:29:54	NETWORK	hhai	attempt=1	proxy=http://wiw4v7duaymysz9-session-b7744f554a4e-lifetime-10:***@rp.scrapegw.com:6060	ConnectionTimeoutError: Connection timeout to host https://discord.com/api/v9/unique-username/username-attempt-unauthed
2026-09-01 18:29:54	NETWORK	hfsx	attempt=1	proxy=http://wiw4v7duaymysz9-session-da3440258365-lifetime-10:***@rp.scrapegw.com:6060	TimeoutError:
2026-09-01 18:29:54	NETWORK	hhdo	attempt=1	proxy=http://wiw4v7duaymysz9-session-dac1dcf8f8de-lifetime-10:***@rp.scrapegw.com:6060	ConnectionTimeoutError: Connection timeout to host https://discord.com/api/v9/unique-username/username-attempt-unauthed
2026-09-01 18:29:54	NETWORK	hhbv	attempt=1	proxy=http://wiw4v7duaymysz9-session-95a68f89c9ae-lifetime-10:***@rp.scrapegw.com:6060	ConnectionTimeoutError: Connection timeout to host https://discord.com/api/v9/unique-username/username-attempt-unauthed
2026-09-01 18:29:54	NETWORK	hhdh	attempt=1	proxy=http://wiw4v7duaymysz9-session-757202f625b1-lifetime-10:***@rp.scrapegw.com:6060	ConnectionTimeoutError: Connection timeout to host https://discord.com/api/v9/unique-username/username-attempt-unauthed
2026-09-01 18:29:54	NETWORK	hgyz	attempt=1	proxy=http://wiw4v7duaymysz9-session-b3b106b064f0-lifetime-10:***@rp.scrapegw.com:6060	ConnectionTimeoutError: Connection timeout to host https://discord.com/api/v9/unique-username/username-attempt-unauthed
2026-09-01 18:29:54	NETWORK	hhgh	attempt=1	proxy=http://wiw4v7duaymysz9-session-1328c1d81072-lifetime-10:***@rp.scrapegw.com:6060	ConnectionTimeoutError: Connection timeout to host https://discord.com/api/v9/unique-username/username-attempt-unauthed
2026-09-01 18:29:54	NETWORK	hhfq	attempt=1	proxy=http://wiw4v7duaymysz9-session-9154bf870b5e-lifetime-10:***@rp.scrapegw.com:6060	ConnectionTimeoutError: Connection timeout to host https://discord.com/api/v9/unique-username/username-attempt-unauthed
2026-09-01 18:29:54	NETWORK	hhfp	attempt=1	proxy=http://wiw4v7duaymysz9-session-f22f6d930ab4-lifetime-10:***@rp.scrapegw.com:6060	ConnectionTimeoutError: Connection timeout to host https://discord.com/api/v9/unique-username/username-attempt-unauthed
2026-09-01 18:29:54	NETWORK	hhbj	attempt=1	proxy=http://wiw4v7duaymysz9-session-fc3e8908597f-lifetime-10:***@rp.scrapegw.com:6060	ConnectionTimeoutError: Connection timeout to host https://discord.com/api/v9/unique-username/username-attempt-unauthed
2026-09-01 18:29:54	NETWORK	hhbt	attempt=1	proxy=http://wiw4v7duaymysz9-session-0694d350c569-lifetime-10:***@rp.scrapegw.com:6060	ConnectionTimeoutError: Connection timeout to host https://discord.com/api/v9/unique-username/username-attempt-unauthed
2026-09-01 18:29:54	NETWORK	hhby	attempt=1	proxy=http://wiw4v7duaymysz9-session-24c5903ca5fd-lifetime-10:***@rp.scrapegw.com:6060	ConnectionTimeoutError: Connection timeout to host https://discord.com/api/v9/unique-username/username-attempt-unauthed
2026-09-01 18:29:54	NETWORK	hheu	attempt=1	proxy=http://wiw4v7duaymysz9-session-f1f707b85cb0-lifetime-10:***@rp.scrapegw.com:6060	ConnectionTimeoutError: Connection timeout to host https://discord.com/api/v9/unique-username/username-attempt-unauthed
2026-09-01 18:29:54	NETWORK	hhcg	attempt=1	proxy=http://wiw4v7duaymysz9-session-0dffa1e4390e-lifetime-10:***@rp.scrapegw.com:6060	ConnectionTimeoutError: Connection timeout to host https://discord.com/api/v9/unique-username/username-attempt-unauthed
2026-09-01 18:29:54	NETWORK	hhdt	attempt=1	proxy=http://wiw4v7duaymysz9-session-92c46b2740f7-lifetime-10:***@rp.scrapegw.com:6060	ConnectionTimeoutError: Connection timeout to host https://discord.com/api/v9/unique-username/username-attempt-unauthed
2026-09-01 18:29:54	NETWORK	hhgp	attempt=1	proxy=http://wiw4v7duaymysz9-session-e43cd212214e-lifetime-10:***@rp.scrapegw.com:6060	ConnectionTimeoutError: Connection timeout to host https://discord.com/api/v9/unique-username/username-attempt-unauthed
2026-09-01 18:29:54	NETWORK	hhea	attempt=1	proxy=http://wiw4v7duaymysz9-session-14e461ab5384-lifetime-10:***@rp.scrapegw.com:6060	ConnectionTimeoutError: Connection timeout to host https://discord.com/api/v9/unique-username/username-attempt-unauthed
2026-09-01 18:29:54	NETWORK	hhgf	attempt=1	proxy=http://wiw4v7duaymysz9-session-b23a69604825-lifetime-10:***@rp.scrapegw.com:6060	ConnectionTimeoutError: Connection timeout to host https://discord.com/api/v9/unique-username/username-attempt-unauthed
2026-09-01 18:29:54	NETWORK	hhfn	attempt=1	proxy=http://wiw4v7duaymysz9-session-2515fc89c145-lifetime-10:***@rp.scrapegw.com:6060	ConnectionTimeoutError: Connection timeout to host https://discord.com/api/v9/unique-username/username-attempt-unauthed
2026-09-01 18:29:54	NETWORK	hhdw	attempt=1	proxy=http://wiw4v7duaymysz9-session-79cba4aa6d04-lifetime-10:***@rp.scrapegw.com:6060	ConnectionTimeoutError: Connection timeout to host https://discord.com/api/v9/unique-username/username-attempt-unauthed
2026-09-01 18:29:54	NETWORK	hhcw	attempt=1	proxy=http://wiw4v7duaymysz9-session-43fcae8f829c-lifetime-10:***@rp.scrapegw.com:6060	ConnectionTimeoutError: Connection timeout to host https://discord.com/api/v9/unique-username/username-attempt-unauthed
2026-09-01 18:29:54	NETWORK	hhco	attempt=1	proxy=http://wiw4v7duaymysz9-session-87d1e37f7e4f-lifetime-10:***@rp.scrapegw.com:6060	ConnectionTimeoutError: Connection timeout to host https://discord.com/api/v9/unique-username/username-attempt-unauthed
2026-09-01 18:29:54	NETWORK	hgzy	attempt=1	proxy=http://wiw4v7duaymysz9-session-9f835a9fb4ca-lifetime-10:***@rp.scrapegw.com:6060	ConnectionTimeoutError: Connection timeout to host https://discord.com/api/v9/unique-username/username-attempt-unauthed
2026-09-01 18:29:54	HTTP_429	hkdp	attempt=1	proxy=http://wiw4v7duaymysz9-session-b059ee142e41-lifetime-10:***@rp.scrapegw.com:6060	scope=shared global=False retry_after=1432.00s
2026-09-01 18:29:55	NETWORK	hhiq	attempt=1	proxy=http://wiw4v7duaymysz9-session-554c26700d49-lifetime-10:***@rp.scrapegw.com:6060	ClientConnectorError: Cannot connect to host discord.com:443 ssl:default [Connection reset by peer]
2026-09-01 18:29:55	NETWORK	hhno	attempt=1	proxy=http://wiw4v7duaymysz9-session-f59424cecadf-lifetime-10:***@rp.scrapegw.com:6060	ConnectionTimeoutError: Connection timeout to host https://discord.com/api/v9/unique-username/username-attempt-unauthed
2026-09-01 18:29:55	NETWORK	hhni	attempt=1	proxy=http://wiw4v7duaymysz9-session-321cadecd187-lifetime-10:***@rp.scrapegw.com:6060	ConnectionTimeoutError: Connection timeout to host https://discord.com/api/v9/unique-username/username-attempt-unauthed
2026-09-01 18:29:55	NETWORK	hhmd	attempt=1	proxy=http://wiw4v7duaymysz9-session-311b25102171-lifetime-10:***@rp.scrapegw.com:6060	ConnectionTimeoutError: Connection timeout to host https://discord.com/api/v9/unique-username/username-attempt-unauthed
2026-09-01 18:29:55	NETWORK	hhjt	attempt=1	proxy=http://wiw4v7duaymysz9-session-f70ba29193bc-lifetime-10:***@rp.scrapegw.com:6060	ConnectionTimeoutError: Connection timeout to host https://discord.com/api/v9/unique-username/username-attempt-unauthed
2026-09-01 18:29:55	NETWORK	hhlj	attempt=1	proxy=http://wiw4v7duaymysz9-session-1c07633f7be4-lifetime-10:***@rp.scrapegw.com:6060	ConnectionTimeoutError: Connection timeout to host https://discord.com/api/v9/unique-username/username-attempt-unauthed
2026-09-01 18:29:55	NETWORK	hhkg	attempt=1	proxy=http://wiw4v7duaymysz9-session-eaf533d27293-lifetime-10:***@rp.scrapegw.com:6060	ConnectionTimeoutError: Connection timeout to host https://discord.com/api/v9/unique-username/username-attempt-unauthed
2026-09-01 18:29:55	NETWORK	hhnm	attempt=1	proxy=http://wiw4v7duaymysz9-session-6111d3d79d32-lifetime-10:***@rp.scrapegw.com:6060	ConnectionTimeoutError: Connection timeout to host https://discord.com/api/v9/unique-username/username-attempt-unauthed
2026-09-01 18:29:55	NETWORK	hhli	attempt=1	proxy=http://wiw4v7duaymysz9-session-535eba6c87c4-lifetime-10:***@rp.scrapegw.com:6060	ConnectionTimeoutError: Connection timeout to host https://discord.com/api/v9/unique-username/username-attempt-unauthed
2026-09-01 18:29:55	NETWORK	hhhp	attempt=1	proxy=http://wiw4v7duaymysz9-session-da3440258365-lifetime-10:***@rp.scrapegw.com:6060	ConnectionTimeoutError: Connection timeout to host https://discord.com/api/v9/unique-username/username-attempt-unauthed
2026-09-01 18:29:55	NETWORK	hhlo	attempt=1	proxy=http://wiw4v7duaymysz9-session-a1d59080caba-lifetime-10:***@rp.scrapegw.com:6060	ConnectionTimeoutError: Connection timeout to host https://discord.com/api/v9/unique-username/username-attempt-unauthed
2026-09-01 18:29:55	NETWORK	hhhv	attempt=1	proxy=http://wiw4v7duaymysz9-session-8ada52d71a72-lifetime-10:***@rp.scrapegw.com:6060	ConnectionTimeoutError: Connection timeout to host https://discord.com/api/v9/unique-username/username-attempt-unauthed
2026-09-01 18:29:55	NETWORK	hhkl	attempt=1	proxy=http://wiw4v7duaymysz9-session-c4ecbf1bfe72-lifetime-10:***@rp.scrapegw.com:6060	ConnectionTimeoutError: Connection timeout to host https://discord.com/api/v9/unique-username/username-attempt-unauthed
2026-09-01 18:29:55	NETWORK	hhlq	attempt=1	proxy=http://wiw4v7duaymysz9-session-488d15bb812c-lifetime-10:***@rp.scrapegw.com:6060	ConnectionTimeoutError: Connection timeout to host https://discord.com/api/v9/unique-username/username-attempt-unauthed
2026-09-01 18:29:55	NETWORK	hhkh	attempt=1	proxy=http://wiw4v7duaymysz9-session-bd30c96aad58-lifetime-10:***@rp.scrapegw.com:6060	ConnectionTimeoutError: Connection timeout to host https://discord.com/api/v9/unique-username/username-attempt-unauthed
2026-09-01 18:29:55	NETWORK	hhih	attempt=1	proxy=http://wiw4v7duaymysz9-session-af94e14bd2d5-lifetime-10:***@rp.scrapegw.com:6060	ConnectionTimeoutError: Connection timeout to host https://discord.com/api/v9/unique-username/username-attempt-unauthed
2026-09-01 18:29:55	NETWORK	hhgv	attempt=1	proxy=http://wiw4v7duaymysz9-session-4da04e8a6a31-lifetime-10:***@rp.scrapegw.com:6060	ConnectionTimeoutError: Connection timeout to host https://discord.com/api/v9/unique-username/username-attempt-unauthed
2026-09-01 18:29:55	NETWORK	hgbf	attempt=1	proxy=http://wiw4v7duaymysz9-session-f77f9ca08fe6-lifetime-10:***@rp.scrapegw.com:6060	TimeoutError:
2026-09-01 18:29:55	NETWORK	hhnj	attempt=1	proxy=http://wiw4v7duaymysz9-session-bf97ab5c3186-lifetime-10:***@rp.scrapegw.com:6060	ConnectionTimeoutError: Connection timeout to host https://discord.com/api/v9/unique-username/username-attempt-unauthed
2026-09-01 18:29:55	NETWORK	hhio	attempt=1	proxy=http://wiw4v7duaymysz9-session-d81300468da8-lifetime-10:***@rp.scrapegw.com:6060	ConnectionTimeoutError: Connection timeout to host https://discord.com/api/v9/unique-username/username-attempt-unauthed
2026-09-01 18:29:55	NETWORK	hhje	attempt=1	proxy=http://wiw4v7duaymysz9-session-31140314795c-lifetime-10:***@rp.scrapegw.com:6060	ConnectionTimeoutError: Connection timeout to host https://discord.com/api/v9/unique-username/username-attempt-unauthed
2026-09-01 18:29:55	NETWORK	hhie	attempt=1	proxy=http://wiw4v7duaymysz9-session-5a2b9b99c1e0-lifetime-10:***@rp.scrapegw.com:6060	ConnectionTimeoutError: Connection timeout to host https://discord.com/api/v9/unique-username/username-attempt-unauthed
2026-09-01 18:29:55	NETWORK	hhia	attempt=1	proxy=http://wiw4v7duaymysz9-session-79262963c3ec-lifetime-10:***@rp.scrapegw.com:6060	ConnectionTimeoutError: Connection timeout to host https://discord.com/api/v9/unique-username/username-attempt-unauthed
2026-09-01 18:29:55	NETWORK	hhof	attempt=1	proxy=http://wiw4v7duaymysz9-session-46f22072a874-lifetime-10:***@rp.scrapegw.com:6060	ConnectionTimeoutError: Connection timeout to host https://discord.com/api/v9/unique-username/username-attempt-unauthed
2026-09-01 18:29:55	NETWORK	hhmt	attempt=1	proxy=http://wiw4v7duaymysz9-session-fa25efcf979b-lifetime-10:***@rp.scrapegw.com:6060	ConnectionTimeoutError: Connection timeout to host https://discord.com/api/v9/unique-username/username-attempt-unauthed
2026-09-01 18:29:55	NETWORK	hhoa	attempt=1	proxy=http://wiw4v7duaymysz9-session-1139735e712d-lifetime-10:***@rp.scrapegw.com:6060	ConnectionTimeoutError: Connection timeout to host https://discord.com/api/v9/unique-username/username-attempt-unauthed
2026-09-01 18:29:55	NETWORK	hhhk	attempt=1	proxy=http://wiw4v7duaymysz9-session-72c1e825f050-lifetime-10:***@rp.scrapegw.com:6060	ConnectionTimeoutError: Connection timeout to host https://discord.com/api/v9/unique-username/username-attempt-unauthed
2026-09-01 18:29:55	HTTP_429	hkko	attempt=1	proxy=http://wiw4v7duaymysz9-session-dc287fa951b8-lifetime-10:***@rp.scrapegw.com:6060	scope=shared global=False retry_after=2052.00s
2026-09-01 18:29:56	HTTP_429	hkom	attempt=1	proxy=http://wiw4v7duaymysz9-session-08f852a130b4-lifetime-10:***@rp.scrapegw.com:6060	scope=shared global=False retry_after=2053.00s
2026-09-01 18:29:56	NETWORK	hiow	attempt=1	proxy=http://wiw4v7duaymysz9-session-783ee8f30758-lifetime-10:***@rp.scrapegw.com:6060	ClientConnectorError: Cannot connect to host discord.com:443 ssl:default [Connection reset by peer]
2026-09-01 18:29:56	HTTP_429	hknf	attempt=1	proxy=http://wiw4v7duaymysz9-session-fe5cab9ad356-lifetime-10:***@rp.scrapegw.com:6060	scope=shared global=False retry_after=300.00s
2026-09-01 18:29:56	HTTP_429	hkqb	attempt=1	proxy=http://wiw4v7duaymysz9-session-22a937984422-lifetime-10:***@rp.scrapegw.com:6060	scope=shared global=False retry_after=2053.00s
2026-09-01 18:29:56	NETWORK	hhpl	attempt=1	proxy=http://wiw4v7duaymysz9-session-a9ac0d29064e-lifetime-10:***@rp.scrapegw.com:6060	ClientConnectorError: Cannot connect to host discord.com:443 ssl:default [Connection reset by peer]
2026-09-01 18:29:56	NETWORK	hhrd	attempt=1	proxy=http://wiw4v7duaymysz9-session-7321d377ace2-lifetime-10:***@rp.scrapegw.com:6060	ConnectionTimeoutError: Connection timeout to host https://discord.com/api/v9/unique-username/username-attempt-unauthed
2026-09-01 18:29:56	NETWORK	hhwr	attempt=1	proxy=http://wiw4v7duaymysz9-session-2492767e7a89-lifetime-10:***@rp.scrapegw.com:6060	ConnectionTimeoutError: Connection timeout to host https://discord.com/api/v9/unique-username/username-attempt-unauthed
2026-09-01 18:29:56	NETWORK	hhvw	attempt=1	proxy=http://wiw4v7duaymysz9-session-fc48c4170b04-lifetime-10:***@rp.scrapegw.com:6060	ConnectionTimeoutError: Connection timeout to host https://discord.com/api/v9/unique-username/username-attempt-unauthed
2026-09-01 18:29:56	NETWORK	hhqo	attempt=1	proxy=http://wiw4v7duaymysz9-session-057020a05c2d-lifetime-10:***@rp.scrapegw.com:6060	ConnectionTimeoutError: Connection timeout to host https://discord.com/api/v9/unique-username/username-attempt-unauthed
2026-09-01 18:29:56	NETWORK	hhrk	attempt=1	proxy=http://wiw4v7duaymysz9-session-7af93b29e8de-lifetime-10:***@rp.scrapegw.com:6060	ConnectionTimeoutError: Connection timeout to host https://discord.com/api/v9/unique-username/username-attempt-unauthed
2026-09-01 18:29:56	NETWORK	hhvu	attempt=1	proxy=http://wiw4v7duaymysz9-session-1a5f3aaf9117-lifetime-10:***@rp.scrapegw.com:6060	ConnectionTimeoutError: Connection timeout to host https://discord.com/api/v9/unique-username/username-attempt-unauthed
2026-09-01 18:29:56	NETWORK	hhqf	attempt=1	proxy=http://wiw4v7duaymysz9-session-9a7a3349ee83-lifetime-10:***@rp.scrapegw.com:6060	ConnectionTimeoutError: Connection timeout to host https://discord.com/api/v9/unique-username/username-attempt-unauthed
2026-09-01 18:29:56	NETWORK	hhvh	attempt=1	proxy=http://wiw4v7duaymysz9-session-2accf987b952-lifetime-10:***@rp.scrapegw.com:6060	ConnectionTimeoutError: Connection timeout to host https://discord.com/api/v9/unique-username/username-attempt-unauthed
2026-09-01 18:29:56	NETWORK	hhrx	attempt=1	proxy=http://wiw4v7duaymysz9-session-4ebf6009bcbc-lifetime-10:***@rp.scrapegw.com:6060	ConnectionTimeoutError: Connection timeout to host https://discord.com/api/v9/unique-username/username-attempt-unauthed
2026-09-01 18:29:56	NETWORK	hhpx	attempt=1	proxy=http://wiw4v7duaymysz9-session-40c746dcc4fa-lifetime-10:***@rp.scrapegw.com:6060	ConnectionTimeoutError: Connection timeout to host https://discord.com/api/v9/unique-username/username-attempt-unauthed
2026-09-01 18:29:56	NETWORK	hhwf	attempt=1	proxy=http://wiw4v7duaymysz9-session-f1b737967968-lifetime-10:***@rp.scrapegw.com:6060	ConnectionTimeoutError: Connection timeout to host https://discord.com/api/v9/unique-username/username-attempt-unauthed
2026-09-01 18:29:56	NETWORK	hhva	attempt=1	proxy=http://wiw4v7duaymysz9-session-9c0b5d5f2e37-lifetime-10:***@rp.scrapegw.com:6060	ConnectionTimeoutError: Connection timeout to host https://discord.com/api/v9/unique-username/username-attempt-unauthed
2026-09-01 18:29:56	NETWORK	hhwu	attempt=1	proxy=http://wiw4v7duaymysz9-session-21c2f0b74f71-lifetime-10:***@rp.scrapegw.com:6060	ConnectionTimeoutError: Connection timeout to host https://discord.com/api/v9/unique-username/username-attempt-unauthed
2026-09-01 18:29:56	NETWORK	hhsj	attempt=1	proxy=http://wiw4v7duaymysz9-session-e1fd60093792-lifetime-10:***@rp.scrapegw.com:6060	ConnectionTimeoutError: Connection timeout to host https://discord.com/api/v9/unique-username/username-attempt-unauthed
2026-09-01 18:29:56	NETWORK	hhvg	attempt=1	proxy=http://wiw4v7duaymysz9-session-d5a0f17d0bcd-lifetime-10:***@rp.scrapegw.com:6060	ConnectionTimeoutError: Connection timeout to host https://discord.com/api/v9/unique-username/username-attempt-unauthed
2026-09-01 18:29:56	NETWORK	hhos	attempt=1	proxy=http://wiw4v7duaymysz9-session-360c8f987dcd-lifetime-10:***@rp.scrapegw.com:6060	ConnectionTimeoutError: Connection timeout to host https://discord.com/api/v9/unique-username/username-attempt-unauthed
2026-09-01 18:29:56	NETWORK	hhrw	attempt=1	proxy=http://wiw4v7duaymysz9-session-0ccfaba9ab31-lifetime-10:***@rp.scrapegw.com:6060	ConnectionTimeoutError: Connection timeout to host https://discord.com/api/v9/unique-username/username-attempt-unauthed
2026-09-01 18:29:56	NETWORK	hhur	attempt=1	proxy=http://wiw4v7duaymysz9-session-45898a0c70b7-lifetime-10:***@rp.scrapegw.com:6060	ConnectionTimeoutError: Connection timeout to host https://discord.com/api/v9/unique-username/username-attempt-unauthed
2026-09-01 18:29:56	NETWORK	hhum	attempt=1	proxy=http://wiw4v7duaymysz9-session-c85674155fa8-lifetime-10:***@rp.scrapegw.com:6060	ConnectionTimeoutError: Connection timeout to host https://discord.com/api/v9/unique-username/username-attempt-unauthed
2026-09-01 18:29:56	NETWORK	hhot	attempt=1	proxy=http://wiw4v7duaymysz9-session-f2147652ae4f-lifetime-10:***@rp.scrapegw.com:6060	ConnectionTimeoutError: Connection timeout to host https://discord.com/api/v9/unique-username/username-attempt-unauthed
2026-09-01 18:29:56	NETWORK	hhoq	attempt=1	proxy=http://wiw4v7duaymysz9-session-a3476c64711b-lifetime-10:***@rp.scrapegw.com:6060	ConnectionTimeoutError: Connection timeout to host https://discord.com/api/v9/unique-username/username-attempt-unauthed
2026-09-01 18:29:56	NETWORK	hhsa	attempt=1	proxy=http://wiw4v7duaymysz9-session-24582550e856-lifetime-10:***@rp.scrapegw.com:6060	ConnectionTimeoutError: Connection timeout to host https://discord.com/api/v9/unique-username/username-attempt-unauthed
2026-09-01 18:29:56	NETWORK	hhrz	attempt=1	proxy=http://wiw4v7duaymysz9-session-734abadb1d39-lifetime-10:***@rp.scrapegw.com:6060	ConnectionTimeoutError: Connection timeout to host https://discord.com/api/v9/unique-username/username-attempt-unauthed
2026-09-01 18:29:56	NETWORK	hhom	attempt=1	proxy=http://wiw4v7duaymysz9-session-b50c1b3648ab-lifetime-10:***@rp.scrapegw.com:6060	ConnectionTimeoutError: Connection timeout to host https://discord.com/api/v9/unique-username/username-attempt-unauthed
2026-09-01 18:29:56	NETWORK	hhqi	attempt=1	proxy=http://wiw4v7duaymysz9-session-a8e75844c5d0-lifetime-10:***@rp.scrapegw.com:6060	ConnectionTimeoutError: Connection timeout to host https://discord.com/api/v9/unique-username/username-attempt-unauthed
2026-09-01 18:29:56	NETWORK	hhsi	attempt=1	proxy=http://wiw4v7duaymysz9-session-60040b0e042c-lifetime-10:***@rp.scrapegw.com:6060	ConnectionTimeoutError: Connection timeout to host https://discord.com/api/v9/unique-username/username-attempt-unauthed
2026-09-01 18:29:56	NETWORK	hhqx	attempt=1	proxy=http://wiw4v7duaymysz9-session-cab166fe1a7f-lifetime-10:***@rp.scrapegw.com:6060	ConnectionTimeoutError: Connection timeout to host https://discord.com/api/v9/unique-username/username-attempt-unauthed
2026-09-01 18:29:56	NETWORK	hhsw	attempt=1	proxy=http://wiw4v7duaymysz9-session-393f201ac744-lifetime-10:***@rp.scrapegw.com:6060	ConnectionTimeoutError: Connection timeout to host https://discord.com/api/v9/unique-username/username-attempt-unauthed
2026-09-01 18:29:56	NETWORK	hhvt	attempt=1	proxy=http://wiw4v7duaymysz9-session-daa267b0adce-lifetime-10:***@rp.scrapegw.com:6060	ConnectionTimeoutError: Connection timeout to host https://discord.com/api/v9/unique-username/username-attempt-unauthed
2026-09-01 18:29:56	NETWORK	hhwt	attempt=1	proxy=http://wiw4v7duaymysz9-session-735847b7ca4f-lifetime-10:***@rp.scrapegw.com:6060	ConnectionTimeoutError: Connection timeout to host https://discord.com/api/v9/unique-username/username-attempt-unauthed
2026-09-01 18:29:56	NETWORK	hhuk	attempt=1	proxy=http://wiw4v7duaymysz9-session-af8e9d586120-lifetime-10:***@rp.scrapegw.com:6060	ConnectionTimeoutError: Connection timeout to host https://discord.com/api/v9/unique-username/username-attempt-unauthed
2026-09-01 18:29:56	NETWORK	hhue	attempt=1	proxy=http://wiw4v7duaymysz9-session-85957a19a60d-lifetime-10:***@rp.scrapegw.com:6060	ConnectionTimeoutError: Connection timeout to host https://discord.com/api/v9/unique-username/username-attempt-unauthed
2026-09-01 18:29:56	NETWORK	hhty	attempt=1	proxy=http://wiw4v7duaymysz9-session-92ab5ab1fb85-lifetime-10:***@rp.scrapegw.com:6060	ConnectionTimeoutError: Connection timeout to host https://discord.com/api/v9/unique-username/username-attempt-unauthed
2026-09-01 18:29:56	NETWORK	hhtp	attempt=1	proxy=http://wiw4v7duaymysz9-session-fe8194b75e28-lifetime-10:***@rp.scrapegw.com:6060	ConnectionTimeoutError: Connection timeout to host https://discord.com/api/v9/unique-username/username-attempt-unauthed
2026-09-01 18:29:56	NETWORK	hhwe	attempt=1	proxy=http://wiw4v7duaymysz9-session-e749b3d39fd0-lifetime-10:***@rp.scrapegw.com:6060	ConnectionTimeoutError: Connection timeout to host https://discord.com/api/v9/unique-username/username-attempt-unauthed
2026-09-01 18:29:56	NETWORK	hhtv	attempt=1	proxy=http://wiw4v7duaymysz9-session-0433af1bc90e-lifetime-10:***@rp.scrapegw.com:6060	ConnectionTimeoutError: Connection timeout to host https://discord.com/api/v9/unique-username/username-attempt-unauthed
2026-09-01 18:29:56	NETWORK	hhtl	attempt=1	proxy=http://wiw4v7duaymysz9-session-d0167fa5f866-lifetime-10:***@rp.scrapegw.com:6060	ConnectionTimeoutError: Connection timeout to host https://discord.com/api/v9/unique-username/username-attempt-unauthed
2026-09-01 18:29:56	NETWORK	hhug	attempt=1	proxy=http://wiw4v7duaymysz9-session-7834e53bc64c-lifetime-10:***@rp.scrapegw.com:6060	ConnectionTimeoutError: Connection timeout to host https://discord.com/api/v9/unique-username/username-attempt-unauthed
2026-09-01 18:29:56	NETWORK	hhwj	attempt=1	proxy=http://wiw4v7duaymysz9-session-1860dd411c8d-lifetime-10:***@rp.scrapegw.com:6060	ConnectionTimeoutError: Connection timeout to host https://discord.com/api/v9/unique-username/username-attempt-unauthed
2026-09-01 18:29:56	NETWORK	hhul	attempt=1	proxy=http://wiw4v7duaymysz9-session-9cfcef221fca-lifetime-10:***@rp.scrapegw.com:6060	ConnectionTimeoutError: Connection timeout to host https://discord.com/api/v9/unique-username/username-attempt-unauthed
2026-09-01 18:29:56	NETWORK	hhqm	attempt=1	proxy=http://wiw4v7duaymysz9-session-f77f9ca08fe6-lifetime-10:***@rp.scrapegw.com:6060	ConnectionTimeoutError: Connection timeout to host https://discord.com/api/v9/unique-username/username-attempt-unauthed
2026-09-01 18:29:56	NETWORK	hhsx	attempt=1	proxy=http://wiw4v7duaymysz9-session-f16b32c42737-lifetime-10:***@rp.scrapegw.com:6060	ConnectionTimeoutError: Connection timeout to host https://discord.com/api/v9/unique-username/username-attempt-unauthed
2026-09-01 18:29:56	NETWORK	hhwl	attempt=1	proxy=http://wiw4v7duaymysz9-session-f23951d5ba47-lifetime-10:***@rp.scrapegw.com:6060	ConnectionTimeoutError: Connection timeout to host https://discord.com/api/v9/unique-username/username-attempt-unauthed
2026-09-01 18:29:56	NETWORK	hhwo	attempt=1	proxy=http://wiw4v7duaymysz9-session-c3b8be4c96f7-lifetime-10:***@rp.scrapegw.com:6060	ConnectionTimeoutError: Connection timeout to host https://discord.com/api/v9/unique-username/username-attempt-unauthed
2026-09-01 18:29:57	HTTP_429	hitm	attempt=1	proxy=http://wiw4v7duaymysz9-session-3ef263c8ffe0-lifetime-10:***@rp.scrapegw.com:6060	scope=shared global=False retry_after=755.00s
2026-09-01 18:29:57	NETWORK	hjpl	attempt=1	proxy=http://wiw4v7duaymysz9-session-44fbefdc3c33-lifetime-10:***@rp.scrapegw.com:6060	ClientConnectorError: Cannot connect to host discord.com:443 ssl:default [Connection reset by peer]
2026-09-01 18:29:57	HTTP_429	hkuv	attempt=1	proxy=http://wiw4v7duaymysz9-session-6b5d8e965f6a-lifetime-10:***@rp.scrapegw.com:6060	scope=shared global=False retry_after=908.00s
2026-09-01 18:29:57	HTTP_429	hkst	attempt=1	proxy=http://wiw4v7duaymysz9-session-dda041c7b40a-lifetime-10:***@rp.scrapegw.com:6060	scope=shared global=False retry_after=2050.00s
2026-09-01 18:29:57	HTTP_429	hkwk	attempt=1	proxy=http://wiw4v7duaymysz9-session-b89e1cf76855-lifetime-10:***@rp.scrapegw.com:6060	scope=shared global=False retry_after=2053.00s
2026-09-01 18:29:57	HTTP_429	hhxp	attempt=1	proxy=http://wiw4v7duaymysz9-session-b1301fb9891c-lifetime-10:***@rp.scrapegw.com:6060	scope=shared global=False retry_after=848.00s
2026-09-01 18:29:57	HTTP_429	hkxh	attempt=1	proxy=http://wiw4v7duaymysz9-session-579247c8e2b7-lifetime-10:***@rp.scrapegw.com:6060	scope=shared global=False retry_after=2059.00s
2026-09-01 18:29:57	HTTP_429	hkvk	attempt=1	proxy=http://wiw4v7duaymysz9-session-f835ae4709b1-lifetime-10:***@rp.scrapegw.com:6060	scope=shared global=False retry_after=1266.00s
2026-09-01 18:29:57	HTTP_429	hkxz	attempt=1	proxy=http://wiw4v7duaymysz9-session-e41858af265f-lifetime-10:***@rp.scrapegw.com:6060	scope=shared global=False retry_after=2054.00s
2026-09-01 18:29:57	NETWORK	hhyd	attempt=1	proxy=http://wiw4v7duaymysz9-session-e75acd272346-lifetime-10:***@rp.scrapegw.com:6060	ConnectionTimeoutError: Connection timeout to host https://discord.com/api/v9/unique-username/username-attempt-unauthed
2026-09-01 18:29:57	NETWORK	hhxv	attempt=1	proxy=http://wiw4v7duaymysz9-session-e0e1a4add0dc-lifetime-10:***@rp.scrapegw.com:6060	ConnectionTimeoutError: Connection timeout to host https://discord.com/api/v9/unique-username/username-attempt-unauthed
2026-09-01 18:29:57	NETWORK	hhxc	attempt=1	proxy=http://wiw4v7duaymysz9-session-ec25734b2b45-lifetime-10:***@rp.scrapegw.com:6060	ConnectionTimeoutError: Connection timeout to host https://discord.com/api/v9/unique-username/username-attempt-unauthed
2026-09-01 18:29:57	NETWORK	hhwy	attempt=1	proxy=http://wiw4v7duaymysz9-session-edab41def0d4-lifetime-10:***@rp.scrapegw.com:6060	ConnectionTimeoutError: Connection timeout to host https://discord.com/api/v9/unique-username/username-attempt-unauthed
2026-09-01 18:29:57	NETWORK	hidb	attempt=1	proxy=http://wiw4v7duaymysz9-session-d3f09b253ff3-lifetime-10:***@rp.scrapegw.com:6060	ConnectionTimeoutError: Connection timeout to host https://discord.com/api/v9/unique-username/username-attempt-unauthed
2026-09-01 18:29:57	NETWORK	hicy	attempt=1	proxy=http://wiw4v7duaymysz9-session-70b9076ae528-lifetime-10:***@rp.scrapegw.com:6060	ConnectionTimeoutError: Connection timeout to host https://discord.com/api/v9/unique-username/username-attempt-unauthed
2026-09-01 18:29:57	NETWORK	hicb	attempt=1	proxy=http://wiw4v7duaymysz9-session-48029dbe17eb-lifetime-10:***@rp.scrapegw.com:6060	ConnectionTimeoutError: Connection timeout to host https://discord.com/api/v9/unique-username/username-attempt-unauthed
2026-09-01 18:29:57	NETWORK	hibg	attempt=1	proxy=http://wiw4v7duaymysz9-session-893d71fc8ea2-lifetime-10:***@rp.scrapegw.com:6060	ConnectionTimeoutError: Connection timeout to host https://discord.com/api/v9/unique-username/username-attempt-unauthed
2026-09-01 18:29:57	NETWORK	hicf	attempt=1	proxy=http://wiw4v7duaymysz9-session-da6463ac2a60-lifetime-10:***@rp.scrapegw.com:6060	ConnectionTimeoutError: Connection timeout to host https://discord.com/api/v9/unique-username/username-attempt-unauthed
2026-09-01 18:29:57	NETWORK	hicr	attempt=1	proxy=http://wiw4v7duaymysz9-session-99336c2102de-lifetime-10:***@rp.scrapegw.com:6060	ConnectionTimeoutError: Connection timeout to host https://discord.com/api/v9/unique-username/username-attempt-unauthed
2026-09-01 18:29:57	NETWORK	hidi	attempt=1	proxy=http://wiw4v7duaymysz9-session-8a96b5d01f45-lifetime-10:***@rp.scrapegw.com:6060	ConnectionTimeoutError: Connection timeout to host https://discord.com/api/v9/unique-username/username-attempt-unauthed
2026-09-01 18:29:57	NETWORK	hicn	attempt=1	proxy=http://wiw4v7duaymysz9-session-d9f920a26b9d-lifetime-10:***@rp.scrapegw.com:6060	ConnectionTimeoutError: Connection timeout to host https://discord.com/api/v9/unique-username/username-attempt-unauthed
2026-09-01 18:29:57	NETWORK	hiby	attempt=1	proxy=http://wiw4v7duaymysz9-session-31249c0a3973-lifetime-10:***@rp.scrapegw.com:6060	ConnectionTimeoutError: Connection timeout to host https://discord.com/api/v9/unique-username/username-attempt-unauthed
2026-09-01 18:29:57	NETWORK	hibz	attempt=1	proxy=http://wiw4v7duaymysz9-session-082e14b3ec9b-lifetime-10:***@rp.scrapegw.com:6060	ConnectionTimeoutError: Connection timeout to host https://discord.com/api/v9/unique-username/username-attempt-unauthed
2026-09-01 18:29:57	NETWORK	hibp	attempt=1	proxy=http://wiw4v7duaymysz9-session-43c382eb7229-lifetime-10:***@rp.scrapegw.com:6060	ConnectionTimeoutError: Connection timeout to host https://discord.com/api/v9/unique-username/username-attempt-unauthed
2026-09-01 18:29:57	NETWORK	hibu	attempt=1	proxy=http://wiw4v7duaymysz9-session-b42a5beb0d0e-lifetime-10:***@rp.scrapegw.com:6060	ConnectionTimeoutError: Connection timeout to host https://discord.com/api/v9/unique-username/username-attempt-unauthed
2026-09-01 18:29:57	NETWORK	hidk	attempt=1	proxy=http://wiw4v7duaymysz9-session-8101610c8d09-lifetime-10:***@rp.scrapegw.com:6060	ConnectionTimeoutError: Connection timeout to host https://discord.com/api/v9/unique-username/username-attempt-unauthed
2026-09-01 18:29:57	NETWORK	hibl	attempt=1	proxy=http://wiw4v7duaymysz9-session-017b6cc92018-lifetime-10:***@rp.scrapegw.com:6060	ConnectionTimeoutError: Connection timeout to host https://discord.com/api/v9/unique-username/username-attempt-unauthed
2026-09-01 18:29:57	NETWORK	hhzy	attempt=1	proxy=http://wiw4v7duaymysz9-session-cb5d5c002880-lifetime-10:***@rp.scrapegw.com:6060	ConnectionTimeoutError: Connection timeout to host https://discord.com/api/v9/unique-username/username-attempt-unauthed
2026-09-01 18:29:57	NETWORK	hhyr	attempt=1	proxy=http://wiw4v7duaymysz9-session-5b751a55cc1a-lifetime-10:***@rp.scrapegw.com:6060	ConnectionTimeoutError: Connection timeout to host https://discord.com/api/v9/unique-username/username-attempt-unauthed
2026-09-01 18:29:57	NETWORK	hidu	attempt=1	proxy=http://wiw4v7duaymysz9-session-061cb4ed29cc-lifetime-10:***@rp.scrapegw.com:6060	ConnectionTimeoutError: Connection timeout to host https://discord.com/api/v9/unique-username/username-attempt-unauthed
2026-09-01 18:29:57	NETWORK	hhyf	attempt=1	proxy=http://wiw4v7duaymysz9-session-953ae5ac9c58-lifetime-10:***@rp.scrapegw.com:6060	ConnectionTimeoutError: Connection timeout to host https://discord.com/api/v9/unique-username/username-attempt-unauthed
2026-09-01 18:29:57	NETWORK	hidy	attempt=1	proxy=http://wiw4v7duaymysz9-session-10371a7e1179-lifetime-10:***@rp.scrapegw.com:6060	ConnectionTimeoutError: Connection timeout to host https://discord.com/api/v9/unique-username/username-attempt-unauthed
2026-09-01 18:29:57	NETWORK	hhxw	attempt=1	proxy=http://wiw4v7duaymysz9-session-9d54f67b3f9d-lifetime-10:***@rp.scrapegw.com:6060	ConnectionTimeoutError: Connection timeout to host https://discord.com/api/v9/unique-username/username-attempt-unauthed
2026-09-01 18:29:57	NETWORK	hhxm	attempt=1	proxy=http://wiw4v7duaymysz9-session-f09e2738015c-lifetime-10:***@rp.scrapegw.com:6060	ConnectionTimeoutError: Connection timeout to host https://discord.com/api/v9/unique-username/username-attempt-unauthed
2026-09-01 18:29:57	NETWORK	hhxl	attempt=1	proxy=http://wiw4v7duaymysz9-session-c369ebbd0d55-lifetime-10:***@rp.scrapegw.com:6060	ConnectionTimeoutError: Connection timeout to host https://discord.com/api/v9/unique-username/username-attempt-unauthed
2026-09-01 18:29:57	NETWORK	hhxe	attempt=1	proxy=http://wiw4v7duaymysz9-session-03c0dfb88dae-lifetime-10:***@rp.scrapegw.com:6060	ConnectionTimeoutError: Connection timeout to host https://discord.com/api/v9/unique-username/username-attempt-unauthed
2026-09-01 18:29:57	NETWORK	hiaz	attempt=1	proxy=http://wiw4v7duaymysz9-session-e7f8017801f5-lifetime-10:***@rp.scrapegw.com:6060	ConnectionTimeoutError: Connection timeout to host https://discord.com/api/v9/unique-username/username-attempt-unauthed
2026-09-01 18:29:57	NETWORK	hhwz	attempt=1	proxy=http://wiw4v7duaymysz9-session-b08c260ff93c-lifetime-10:***@rp.scrapegw.com:6060	ConnectionTimeoutError: Connection timeout to host https://discord.com/api/v9/unique-username/username-attempt-unauthed
2026-09-01 18:29:57	NETWORK	hiar	attempt=1	proxy=http://wiw4v7duaymysz9-session-3172ada4c202-lifetime-10:***@rp.scrapegw.com:6060	ConnectionTimeoutError: Connection timeout to host https://discord.com/api/v9/unique-username/username-attempt-unauthed
2026-09-01 18:29:57	NETWORK	hhyj	attempt=1	proxy=http://wiw4v7duaymysz9-session-6565b5efc9e8-lifetime-10:***@rp.scrapegw.com:6060	ConnectionTimeoutError: Connection timeout to host https://discord.com/api/v9/unique-username/username-attempt-unauthed
2026-09-01 18:29:57	NETWORK	hiec	attempt=1	proxy=http://wiw4v7duaymysz9-session-74fbde07d452-lifetime-10:***@rp.scrapegw.com:6060	ConnectionTimeoutError: Connection timeout to host https://discord.com/api/v9/unique-username/username-attempt-unauthed
2026-09-01 18:29:57	NETWORK	hicx	attempt=1	proxy=http://wiw4v7duaymysz9-session-b5d0a729e05f-lifetime-10:***@rp.scrapegw.com:6060	ConnectionTimeoutError: Connection timeout to host https://discord.com/api/v9/unique-username/username-attempt-unauthed
2026-09-01 18:29:57	NETWORK	hjcu	attempt=1	proxy=http://wiw4v7duaymysz9-session-f70ba29193bc-lifetime-10:***@rp.scrapegw.com:6060	ClientConnectorError: Cannot connect to host discord.com:443 ssl:default [Connection reset by peer]
2026-09-01 18:29:58	HTTP_429	hlcb	attempt=1	proxy=http://wiw4v7duaymysz9-session-8a8082542b21-lifetime-10:***@rp.scrapegw.com:6060	scope=shared global=False retry_after=2050.00s
2026-09-01 18:29:58	NETWORK	hiho	attempt=1	proxy=http://wiw4v7duaymysz9-session-b3499a75a141-lifetime-10:***@rp.scrapegw.com:6060	ClientConnectorError: Cannot connect to host discord.com:443 ssl:default [Connection reset by peer]
2026-09-01 18:29:58	HTTP_429	hldh	attempt=1	proxy=http://wiw4v7duaymysz9-session-c3e135d02724-lifetime-10:***@rp.scrapegw.com:6060	scope=shared global=False retry_after=2053.00s
2026-09-01 18:29:58	HTTP_429	hlfv	attempt=1	proxy=http://wiw4v7duaymysz9-session-cdb6bb069fba-lifetime-10:***@rp.scrapegw.com:6060	scope=shared global=False retry_after=2057.00s
2026-09-01 18:29:58	NETWORK	hikd	attempt=1	proxy=http://wiw4v7duaymysz9-session-da04586a2522-lifetime-10:***@rp.scrapegw.com:6060	ConnectionTimeoutError: Connection timeout to host https://discord.com/api/v9/unique-username/username-attempt-unauthed
2026-09-01 18:29:58	NETWORK	higm	attempt=1	proxy=http://wiw4v7duaymysz9-session-f5413f2c70d9-lifetime-10:***@rp.scrapegw.com:6060	ConnectionTimeoutError: Connection timeout to host https://discord.com/api/v9/unique-username/username-attempt-unauthed
2026-09-01 18:29:58	NETWORK	hikm	attempt=1	proxy=http://wiw4v7duaymysz9-session-9d7d719ab86e-lifetime-10:***@rp.scrapegw.com:6060	ConnectionTimeoutError: Connection timeout to host https://discord.com/api/v9/unique-username/username-attempt-unauthed
2026-09-01 18:29:58	NETWORK	hijz	attempt=1	proxy=http://wiw4v7duaymysz9-session-f84c56a1ade1-lifetime-10:***@rp.scrapegw.com:6060	ConnectionTimeoutError: Connection timeout to host https://discord.com/api/v9/unique-username/username-attempt-unauthed
2026-09-01 18:29:58	NETWORK	hijf	attempt=1	proxy=http://wiw4v7duaymysz9-session-7dfa6edaf5cb-lifetime-10:***@rp.scrapegw.com:6060	ConnectionTimeoutError: Connection timeout to host https://discord.com/api/v9/unique-username/username-attempt-unauthed
2026-09-01 18:29:58	NETWORK	hijd	attempt=1	proxy=http://wiw4v7duaymysz9-session-b018aa961b6d-lifetime-10:***@rp.scrapegw.com:6060	ConnectionTimeoutError: Connection timeout to host https://discord.com/api/v9/unique-username/username-attempt-unauthed
2026-09-01 18:29:58	NETWORK	higi	attempt=1	proxy=http://wiw4v7duaymysz9-session-fd9396d18006-lifetime-10:***@rp.scrapegw.com:6060	ConnectionTimeoutError: Connection timeout to host https://discord.com/api/v9/unique-username/username-attempt-unauthed
2026-09-01 18:29:58	NETWORK	hifz	attempt=1	proxy=http://wiw4v7duaymysz9-session-f2d40b2984ac-lifetime-10:***@rp.scrapegw.com:6060	ConnectionTimeoutError: Connection timeout to host https://discord.com/api/v9/unique-username/username-attempt-unauthed
2026-09-01 18:29:58	NETWORK	hikz	attempt=1	proxy=http://wiw4v7duaymysz9-session-ea8371bf8f9e-lifetime-10:***@rp.scrapegw.com:6060	ConnectionTimeoutError: Connection timeout to host https://discord.com/api/v9/unique-username/username-attempt-unauthed
2026-09-01 18:29:58	NETWORK	hifp	attempt=1	proxy=http://wiw4v7duaymysz9-session-223d4c08d1b6-lifetime-10:***@rp.scrapegw.com:6060	ConnectionTimeoutError: Connection timeout to host https://discord.com/api/v9/unique-username/username-attempt-unauthed
2026-09-01 18:29:58	NETWORK	hiev	attempt=1	proxy=http://wiw4v7duaymysz9-session-7d647b92693e-lifetime-10:***@rp.scrapegw.com:6060	ConnectionTimeoutError: Connection timeout to host https://discord.com/api/v9/unique-username/username-attempt-unauthed
2026-09-01 18:29:58	NETWORK	hihk	attempt=1	proxy=http://wiw4v7duaymysz9-session-760d03f57a9f-lifetime-10:***@rp.scrapegw.com:6060	ConnectionTimeoutError: Connection timeout to host https://discord.com/api/v9/unique-username/username-attempt-unauthed
2026-09-01 18:29:58	NETWORK	hihn	attempt=1	proxy=http://wiw4v7duaymysz9-session-6e5a83fcba73-lifetime-10:***@rp.scrapegw.com:6060	ConnectionTimeoutError: Connection timeout to host https://discord.com/api/v9/unique-username/username-attempt-unauthed
2026-09-01 18:29:58	NETWORK	higo	attempt=1	proxy=http://wiw4v7duaymysz9-session-fccdffabe8a6-lifetime-10:***@rp.scrapegw.com:6060	ConnectionTimeoutError: Connection timeout to host https://discord.com/api/v9/unique-username/username-attempt-unauthed
2026-09-01 18:29:58	NETWORK	hiky	attempt=1	proxy=http://wiw4v7duaymysz9-session-b4395e5c13a7-lifetime-10:***@rp.scrapegw.com:6060	ConnectionTimeoutError: Connection timeout to host https://discord.com/api/v9/unique-username/username-attempt-unauthed
2026-09-01 18:29:58	NETWORK	hiik	attempt=1	proxy=http://wiw4v7duaymysz9-session-c1af8600021a-lifetime-10:***@rp.scrapegw.com:6060	ConnectionTimeoutError: Connection timeout to host https://discord.com/api/v9/unique-username/username-attempt-unauthed
2026-09-01 18:29:58	NETWORK	hikb	attempt=1	proxy=http://wiw4v7duaymysz9-session-6769312c73f5-lifetime-10:***@rp.scrapegw.com:6060	ConnectionTimeoutError: Connection timeout to host https://discord.com/api/v9/unique-username/username-attempt-unauthed
2026-09-01 18:29:58	NETWORK	hijh	attempt=1	proxy=http://wiw4v7duaymysz9-session-a06090ea26e3-lifetime-10:***@rp.scrapegw.com:6060	ConnectionTimeoutError: Connection timeout to host https://discord.com/api/v9/unique-username/username-attempt-unauthed
2026-09-01 18:29:58	NETWORK	higk	attempt=1	proxy=http://wiw4v7duaymysz9-session-29a46878fde7-lifetime-10:***@rp.scrapegw.com:6060	ConnectionTimeoutError: Connection timeout to host https://discord.com/api/v9/unique-username/username-attempt-unauthed
2026-09-01 18:29:58	NETWORK	hiir	attempt=1	proxy=http://wiw4v7duaymysz9-session-9eb75eead082-lifetime-10:***@rp.scrapegw.com:6060	ConnectionTimeoutError: Connection timeout to host https://discord.com/api/v9/unique-username/username-attempt-unauthed
2026-09-01 18:29:58	NETWORK	hifq	attempt=1	proxy=http://wiw4v7duaymysz9-session-515262d8d4c5-lifetime-10:***@rp.scrapegw.com:6060	ConnectionTimeoutError: Connection timeout to host https://discord.com/api/v9/unique-username/username-attempt-unauthed
2026-09-01 18:29:58	NETWORK	hiet	attempt=1	proxy=http://wiw4v7duaymysz9-session-33c2c5bc0d1d-lifetime-10:***@rp.scrapegw.com:6060	ConnectionTimeoutError: Connection timeout to host https://discord.com/api/v9/unique-username/username-attempt-unauthed
2026-09-01 18:29:58	NETWORK	hikx	attempt=1	proxy=http://wiw4v7duaymysz9-session-e39233e7122a-lifetime-10:***@rp.scrapegw.com:6060	ConnectionTimeoutError: Connection timeout to host https://discord.com/api/v9/unique-username/username-attempt-unauthed
2026-09-01 18:29:58	NETWORK	hikr	attempt=1	proxy=http://wiw4v7duaymysz9-session-0e0c889fd0e2-lifetime-10:***@rp.scrapegw.com:6060	ConnectionTimeoutError: Connection timeout to host https://discord.com/api/v9/unique-username/username-attempt-unauthed
2026-09-01 18:29:58	NETWORK	hikn	attempt=1	proxy=http://wiw4v7duaymysz9-session-03d329d10f98-lifetime-10:***@rp.scrapegw.com:6060	ConnectionTimeoutError: Connection timeout to host https://discord.com/api/v9/unique-username/username-attempt-unauthed
2026-09-01 18:29:58	NETWORK	hiji	attempt=1	proxy=http://wiw4v7duaymysz9-session-01db0362659e-lifetime-10:***@rp.scrapegw.com:6060	ConnectionTimeoutError: Connection timeout to host https://discord.com/api/v9/unique-username/username-attempt-unauthed
2026-09-01 18:29:58	NETWORK	hijn	attempt=1	proxy=http://wiw4v7duaymysz9-session-e87a6a026b93-lifetime-10:***@rp.scrapegw.com:6060	ConnectionTimeoutError: Connection timeout to host https://discord.com/api/v9/unique-username/username-attempt-unauthed
2026-09-01 18:29:58	NETWORK	hiiv	attempt=1	proxy=http://wiw4v7duaymysz9-session-241eff1b00bd-lifetime-10:***@rp.scrapegw.com:6060	ConnectionTimeoutError: Connection timeout to host https://discord.com/api/v9/unique-username/username-attempt-unauthed
2026-09-01 18:29:58	NETWORK	hiiq	attempt=1	proxy=http://wiw4v7duaymysz9-session-186b787575c7-lifetime-10:***@rp.scrapegw.com:6060	ConnectionTimeoutError: Connection timeout to host https://discord.com/api/v9/unique-username/username-attempt-unauthed
2026-09-01 18:29:58	NETWORK	higa	attempt=1	proxy=http://wiw4v7duaymysz9-session-46ed2536e916-lifetime-10:***@rp.scrapegw.com:6060	ConnectionTimeoutError: Connection timeout to host https://discord.com/api/v9/unique-username/username-attempt-unauthed
2026-09-01 18:29:58	NETWORK	hifx	attempt=1	proxy=http://wiw4v7duaymysz9-session-fa581cd9883e-lifetime-10:***@rp.scrapegw.com:6060	ConnectionTimeoutError: Connection timeout to host https://discord.com/api/v9/unique-username/username-attempt-unauthed
2026-09-01 18:29:58	NETWORK	higx	attempt=1	proxy=http://wiw4v7duaymysz9-session-d6629ae92a8d-lifetime-10:***@rp.scrapegw.com:6060	ConnectionTimeoutError: Connection timeout to host https://discord.com/api/v9/unique-username/username-attempt-unauthed
2026-09-01 18:29:58	NETWORK	hife	attempt=1	proxy=http://wiw4v7duaymysz9-session-8b54684ffcce-lifetime-10:***@rp.scrapegw.com:6060	ConnectionTimeoutError: Connection timeout to host https://discord.com/api/v9/unique-username/username-attempt-unauthed
2026-09-01 18:29:58	NETWORK	hieo	attempt=1	proxy=http://wiw4v7duaymysz9-session-5cf2a73647b5-lifetime-10:***@rp.scrapegw.com:6060	ConnectionTimeoutError: Connection timeout to host https://discord.com/api/v9/unique-username/username-attempt-unauthed
2026-09-01 18:29:58	NETWORK	hiek	attempt=1	proxy=http://wiw4v7duaymysz9-session-e9624dd8603d-lifetime-10:***@rp.scrapegw.com:6060	ConnectionTimeoutError: Connection timeout to host https://discord.com/api/v9/unique-username/username-attempt-unauthed
2026-09-01 18:29:58	NETWORK	hihp	attempt=1	proxy=http://wiw4v7duaymysz9-session-f50e5b23aaa1-lifetime-10:***@rp.scrapegw.com:6060	ConnectionTimeoutError: Connection timeout to host https://discord.com/api/v9/unique-username/username-attempt-unauthed
2026-09-01 18:29:58	NETWORK	hiic	attempt=1	proxy=http://wiw4v7duaymysz9-session-246964168aaa-lifetime-10:***@rp.scrapegw.com:6060	ConnectionTimeoutError: Connection timeout to host https://discord.com/api/v9/unique-username/username-attempt-unauthed
2026-09-01 18:29:58	NETWORK	hikq	attempt=1	proxy=http://wiw4v7duaymysz9-session-4a2e651935be-lifetime-10:***@rp.scrapegw.com:6060	ConnectionTimeoutError: Connection timeout to host https://discord.com/api/v9/unique-username/username-attempt-unauthed
2026-09-01 18:29:58	HTTP_429	hlgw	attempt=1	proxy=http://wiw4v7duaymysz9-session-c29755fe57b0-lifetime-10:***@rp.scrapegw.com:6060	scope=shared global=False retry_after=2049.00s
2026-09-01 18:29:59	NETWORK	hknu	attempt=1	proxy=http://wiw4v7duaymysz9-session-dd1a2745d261-lifetime-10:***@rp.scrapegw.com:6060	ClientConnectorError: Cannot connect to host discord.com:443 ssl:default [Connection reset by peer]
2026-09-01 18:29:59	HTTP_429	hlja	attempt=1	proxy=http://wiw4v7duaymysz9-session-d65cafc0deab-lifetime-10:***@rp.scrapegw.com:6060	scope=shared global=False retry_after=2050.00s
2026-09-01 18:29:59	NETWORK	hjfe	attempt=1	proxy=http://wiw4v7duaymysz9-session-2a1c1a75fd49-lifetime-10:***@rp.scrapegw.com:6060	ClientConnectorError: Cannot connect to host discord.com:443 ssl:default [Connection reset by peer]
2026-09-01 18:29:59	NETWORK	hjqi	attempt=1	proxy=http://wiw4v7duaymysz9-session-b1301fb9891c-lifetime-10:***@rp.scrapegw.com:6060	ClientConnectorError: Cannot connect to host discord.com:443 ssl:default [Connection reset by peer]
2026-09-01 18:29:59	HTTP_429	hjos	attempt=1	proxy=http://wiw4v7duaymysz9-session-fc48c4170b04-lifetime-10:***@rp.scrapegw.com:6060	scope=shared global=False retry_after=1127.00s
2026-09-01 18:29:59	NETWORK	hira	attempt=1	proxy=http://wiw4v7duaymysz9-session-c180462b7fdf-lifetime-10:***@rp.scrapegw.com:6060	ConnectionTimeoutError: Connection timeout to host https://discord.com/api/v9/unique-username/username-attempt-unauthed
2026-09-01 18:29:59	NETWORK	hinm	attempt=1	proxy=http://wiw4v7duaymysz9-session-f063e4c08fc0-lifetime-10:***@rp.scrapegw.com:6060	ConnectionTimeoutError: Connection timeout to host https://discord.com/api/v9/unique-username/username-attempt-unauthed
2026-09-01 18:29:59	NETWORK	hiph	attempt=1	proxy=http://wiw4v7duaymysz9-session-231271a2bcf3-lifetime-10:***@rp.scrapegw.com:6060	ConnectionTimeoutError: Connection timeout to host https://discord.com/api/v9/unique-username/username-attempt-unauthed
2026-09-01 18:29:59	NETWORK	hiog	attempt=1	proxy=http://wiw4v7duaymysz9-session-54f366c6ade6-lifetime-10:***@rp.scrapegw.com:6060	ConnectionTimeoutError: Connection timeout to host https://discord.com/api/v9/unique-username/username-attempt-unauthed
2026-09-01 18:29:59	NETWORK	himl	attempt=1	proxy=http://wiw4v7duaymysz9-session-c086386b0311-lifetime-10:***@rp.scrapegw.com:6060	ConnectionTimeoutError: Connection timeout to host https://discord.com/api/v9/unique-username/username-attempt-unauthed
2026-09-01 18:29:59	NETWORK	himb	attempt=1	proxy=http://wiw4v7duaymysz9-session-43221bda4e4d-lifetime-10:***@rp.scrapegw.com:6060	ConnectionTimeoutError: Connection timeout to host https://discord.com/api/v9/unique-username/username-attempt-unauthed
2026-09-01 18:29:59	NETWORK	hioo	attempt=1	proxy=http://wiw4v7duaymysz9-session-df736aaed432-lifetime-10:***@rp.scrapegw.com:6060	ConnectionTimeoutError: Connection timeout to host https://discord.com/api/v9/unique-username/username-attempt-unauthed
2026-09-01 18:29:59	NETWORK	hiom	attempt=1	proxy=http://wiw4v7duaymysz9-session-b9eefaf57d46-lifetime-10:***@rp.scrapegw.com:6060	ConnectionTimeoutError: Connection timeout to host https://discord.com/api/v9/unique-username/username-attempt-unauthed
2026-09-01 18:29:59	NETWORK	hios	attempt=1	proxy=http://wiw4v7duaymysz9-session-f57d328f14f3-lifetime-10:***@rp.scrapegw.com:6060	ConnectionTimeoutError: Connection timeout to host https://discord.com/api/v9/unique-username/username-attempt-unauthed
2026-09-01 18:29:59	NETWORK	hiqj	attempt=1	proxy=http://wiw4v7duaymysz9-session-2fbf1ef1f9e3-lifetime-10:***@rp.scrapegw.com:6060	ConnectionTimeoutError: Connection timeout to host https://discord.com/api/v9/unique-username/username-attempt-unauthed
2026-09-01 18:29:59	NETWORK	hipn	attempt=1	proxy=http://wiw4v7duaymysz9-session-441cdfb07ff0-lifetime-10:***@rp.scrapegw.com:6060	ConnectionTimeoutError: Connection timeout to host https://discord.com/api/v9/unique-username/username-attempt-unauthed
2026-09-01 18:29:59	NETWORK	hinx	attempt=1	proxy=http://wiw4v7duaymysz9-session-c5a0eb43fb9a-lifetime-10:***@rp.scrapegw.com:6060	ConnectionTimeoutError: Connection timeout to host https://discord.com/api/v9/unique-username/username-attempt-unauthed
2026-09-01 18:29:59	NETWORK	hiof	attempt=1	proxy=http://wiw4v7duaymysz9-session-42735037602c-lifetime-10:***@rp.scrapegw.com:6060	ConnectionTimeoutError: Connection timeout to host https://discord.com/api/v9/unique-username/username-attempt-unauthed
2026-09-01 18:29:59	NETWORK	hiqd	attempt=1	proxy=http://wiw4v7duaymysz9-session-25a7ddc11a54-lifetime-10:***@rp.scrapegw.com:6060	ConnectionTimeoutError: Connection timeout to host https://discord.com/api/v9/unique-username/username-attempt-unauthed
2026-09-01 18:29:59	NETWORK	hipg	attempt=1	proxy=http://wiw4v7duaymysz9-session-7880166f8a77-lifetime-10:***@rp.scrapegw.com:6060	ConnectionTimeoutError: Connection timeout to host https://discord.com/api/v9/unique-username/username-attempt-unauthed
2026-09-01 18:29:59	NETWORK	hirk	attempt=1	proxy=http://wiw4v7duaymysz9-session-d29da3a88177-lifetime-10:***@rp.scrapegw.com:6060	ConnectionTimeoutError: Connection timeout to host https://discord.com/api/v9/unique-username/username-attempt-unauthed
2026-09-01 18:29:59	NETWORK	hipz	attempt=1	proxy=http://wiw4v7duaymysz9-session-2f495870f7ad-lifetime-10:***@rp.scrapegw.com:6060	ConnectionTimeoutError: Connection timeout to host https://discord.com/api/v9/unique-username/username-attempt-unauthed
2026-09-01 18:29:59	NETWORK	himm	attempt=1	proxy=http://wiw4v7duaymysz9-session-d50936a6032f-lifetime-10:***@rp.scrapegw.com:6060	ConnectionTimeoutError: Connection timeout to host https://discord.com/api/v9/unique-username/username-attempt-unauthed
2026-09-01 18:29:59	NETWORK	himg	attempt=1	proxy=http://wiw4v7duaymysz9-session-c1dfa543aa9a-lifetime-10:***@rp.scrapegw.com:6060	ConnectionTimeoutError: Connection timeout to host https://discord.com/api/v9/unique-username/username-attempt-unauthed
2026-09-01 18:29:59	NETWORK	hinw	attempt=1	proxy=http://wiw4v7duaymysz9-session-e1be64a98db7-lifetime-10:***@rp.scrapegw.com:6060	ConnectionTimeoutError: Connection timeout to host https://discord.com/api/v9/unique-username/username-attempt-unauthed
2026-09-01 18:29:59	NETWORK	hilw	attempt=1	proxy=http://wiw4v7duaymysz9-session-8d8f18ba0267-lifetime-10:***@rp.scrapegw.com:6060	ConnectionTimeoutError: Connection timeout to host https://discord.com/api/v9/unique-username/username-attempt-unauthed
2026-09-01 18:29:59	NETWORK	hilq	attempt=1	proxy=http://wiw4v7duaymysz9-session-7d3700222d8d-lifetime-10:***@rp.scrapegw.com:6060	ConnectionTimeoutError: Connection timeout to host https://discord.com/api/v9/unique-username/username-attempt-unauthed
2026-09-01 18:29:59	NETWORK	hilk	attempt=1	proxy=http://wiw4v7duaymysz9-session-ea23c72c6e54-lifetime-10:***@rp.scrapegw.com:6060	ConnectionTimeoutError: Connection timeout to host https://discord.com/api/v9/unique-username/username-attempt-unauthed
2026-09-01 18:29:59	NETWORK	hiln	attempt=1	proxy=http://wiw4v7duaymysz9-session-f28d1cccb79a-lifetime-10:***@rp.scrapegw.com:6060	ConnectionTimeoutError: Connection timeout to host https://discord.com/api/v9/unique-username/username-attempt-unauthed
2026-09-01 18:29:59	NETWORK	hirl	attempt=1	proxy=http://wiw4v7duaymysz9-session-7b0483bd0b8a-lifetime-10:***@rp.scrapegw.com:6060	ConnectionTimeoutError: Connection timeout to host https://discord.com/api/v9/unique-username/username-attempt-unauthed
2026-09-01 18:29:59	NETWORK	hipx	attempt=1	proxy=http://wiw4v7duaymysz9-session-c2c54d71eb95-lifetime-10:***@rp.scrapegw.com:6060	ConnectionTimeoutError: Connection timeout to host https://discord.com/api/v9/unique-username/username-attempt-unauthed
2026-09-01 18:29:59	NETWORK	hioz	attempt=1	proxy=http://wiw4v7duaymysz9-session-41e0302d2a14-lifetime-10:***@rp.scrapegw.com:6060	ConnectionTimeoutError: Connection timeout to host https://discord.com/api/v9/unique-username/username-attempt-unauthed
2026-09-01 18:29:59	NETWORK	hirs	attempt=1	proxy=http://wiw4v7duaymysz9-session-e3d1061def5c-lifetime-10:***@rp.scrapegw.com:6060	ConnectionTimeoutError: Connection timeout to host https://discord.com/api/v9/unique-username/username-attempt-unauthed
2026-09-01 18:29:59	NETWORK	hiqv	attempt=1	proxy=http://wiw4v7duaymysz9-session-b53f15e43294-lifetime-10:***@rp.scrapegw.com:6060	ConnectionTimeoutError: Connection timeout to host https://discord.com/api/v9/unique-username/username-attempt-unauthed
2026-09-01 18:29:59	NETWORK	hipm	attempt=1	proxy=http://wiw4v7duaymysz9-session-abb254aff2d3-lifetime-10:***@rp.scrapegw.com:6060	ConnectionTimeoutError: Connection timeout to host https://discord.com/api/v9/unique-username/username-attempt-unauthed
2026-09-01 18:29:59	NETWORK	hirp	attempt=1	proxy=http://wiw4v7duaymysz9-session-2b56645941bd-lifetime-10:***@rp.scrapegw.com:6060	ConnectionTimeoutError: Connection timeout to host https://discord.com/api/v9/unique-username/username-attempt-unauthed
2026-09-01 18:29:59	HTTP_429	hioy	attempt=1	proxy=http://wiw4v7duaymysz9-session-c202621896c4-lifetime-10:***@rp.scrapegw.com:6060	scope=shared global=False retry_after=517.00s
2026-09-01 18:30:00	NETWORK	hirw	attempt=1	proxy=http://wiw4v7duaymysz9-session-7a6ca57b9b6e-lifetime-10:***@rp.scrapegw.com:6060	ClientConnectorError: Cannot connect to host discord.com:443 ssl:default [Connection reset by peer]
2026-09-01 18:30:00	NETWORK	hiwd	attempt=1	proxy=http://wiw4v7duaymysz9-session-92c46b2740f7-lifetime-10:***@rp.scrapegw.com:6060	ConnectionTimeoutError: Connection timeout to host https://discord.com/api/v9/unique-username/username-attempt-unauthed
2026-09-01 18:30:00	NETWORK	hjax	attempt=1	proxy=http://wiw4v7duaymysz9-session-e7da7823ae53-lifetime-10:***@rp.scrapegw.com:6060	ConnectionTimeoutError: Connection timeout to host https://discord.com/api/v9/unique-username/username-attempt-unauthed
2026-09-01 18:30:00	NETWORK	hjal	attempt=1	proxy=http://wiw4v7duaymysz9-session-da3440258365-lifetime-10:***@rp.scrapegw.com:6060	ConnectionTimeoutError: Connection timeout to host https://discord.com/api/v9/unique-username/username-attempt-unauthed
2026-09-01 18:30:00	NETWORK	hizf	attempt=1	proxy=http://wiw4v7duaymysz9-session-e43cd212214e-lifetime-10:***@rp.scrapegw.com:6060	ConnectionTimeoutError: Connection timeout to host https://discord.com/api/v9/unique-username/username-attempt-unauthed
2026-09-01 18:30:00	NETWORK	hiyj	attempt=1	proxy=http://wiw4v7duaymysz9-session-0c1eb1500104-lifetime-10:***@rp.scrapegw.com:6060	ConnectionTimeoutError: Connection timeout to host https://discord.com/api/v9/unique-username/username-attempt-unauthed
2026-09-01 18:30:00	NETWORK	hizv	attempt=1	proxy=http://wiw4v7duaymysz9-session-7d63ab4bf206-lifetime-10:***@rp.scrapegw.com:6060	ConnectionTimeoutError: Connection timeout to host https://discord.com/api/v9/unique-username/username-attempt-unauthed
2026-09-01 18:30:00	NETWORK	hixb	attempt=1	proxy=http://wiw4v7duaymysz9-session-f1f707b85cb0-lifetime-10:***@rp.scrapegw.com:6060	ConnectionTimeoutError: Connection timeout to host https://discord.com/api/v9/unique-username/username-attempt-unauthed
2026-09-01 18:30:00	NETWORK	hiuc	attempt=1	proxy=http://wiw4v7duaymysz9-session-35fd0f098220-lifetime-10:***@rp.scrapegw.com:6060	ConnectionTimeoutError: Connection timeout to host https://discord.com/api/v9/unique-username/username-attempt-unauthed
2026-09-01 18:30:00	NETWORK	hitr	attempt=1	proxy=http://wiw4v7duaymysz9-session-d44139a37cda-lifetime-10:***@rp.scrapegw.com:6060	ConnectionTimeoutError: Connection timeout to host https://discord.com/api/v9/unique-username/username-attempt-unauthed
2026-09-01 18:30:00	NETWORK	hiwk	attempt=1	proxy=http://wiw4v7duaymysz9-session-14e461ab5384-lifetime-10:***@rp.scrapegw.com:6060	ConnectionTimeoutError: Connection timeout to host https://discord.com/api/v9/unique-username/username-attempt-unauthed
2026-09-01 18:30:00	NETWORK	hixa	attempt=1	proxy=http://wiw4v7duaymysz9-session-0cd111c9308c-lifetime-10:***@rp.scrapegw.com:6060	ConnectionTimeoutError: Connection timeout to host https://discord.com/api/v9/unique-username/username-attempt-unauthed
2026-09-01 18:30:00	NETWORK	hjaf	attempt=1	proxy=http://wiw4v7duaymysz9-session-d5a2360c07f5-lifetime-10:***@rp.scrapegw.com:6060	ConnectionTimeoutError: Connection timeout to host https://discord.com/api/v9/unique-username/username-attempt-unauthed
2026-09-01 18:30:00	NETWORK	hitj	attempt=1	proxy=http://wiw4v7duaymysz9-session-df1038f0973e-lifetime-10:***@rp.scrapegw.com:6060	ConnectionTimeoutError: Connection timeout to host https://discord.com/api/v9/unique-username/username-attempt-unauthed
2026-09-01 18:30:00	NETWORK	hitc	attempt=1	proxy=http://wiw4v7duaymysz9-session-a0cdbefe887b-lifetime-10:***@rp.scrapegw.com:6060	ConnectionTimeoutError: Connection timeout to host https://discord.com/api/v9/unique-username/username-attempt-unauthed
2026-09-01 18:30:00	NETWORK	hitq	attempt=1	proxy=http://wiw4v7duaymysz9-session-95a68f89c9ae-lifetime-10:***@rp.scrapegw.com:6060	ConnectionTimeoutError: Connection timeout to host https://discord.com/api/v9/unique-username/username-attempt-unauthed
2026-09-01 18:30:00	NETWORK	hito	attempt=1	proxy=http://wiw4v7duaymysz9-session-0694d350c569-lifetime-10:***@rp.scrapegw.com:6060	ConnectionTimeoutError: Connection timeout to host https://discord.com/api/v9/unique-username/username-attempt-unauthed
2026-09-01 18:30:00	NETWORK	hizo	attempt=1	proxy=http://wiw4v7duaymysz9-session-9ed38358fba9-lifetime-10:***@rp.scrapegw.com:6060	ConnectionTimeoutError: Connection timeout to host https://discord.com/api/v9/unique-username/username-attempt-unauthed
2026-09-01 18:30:00	NETWORK	hjao	attempt=1	proxy=http://wiw4v7duaymysz9-session-f3469f875863-lifetime-10:***@rp.scrapegw.com:6060	ConnectionTimeoutError: Connection timeout to host https://discord.com/api/v9/unique-username/username-attempt-unauthed
2026-09-01 18:30:00	NETWORK	hiyk	attempt=1	proxy=http://wiw4v7duaymysz9-session-eef13c04ece6-lifetime-10:***@rp.scrapegw.com:6060	ConnectionTimeoutError: Connection timeout to host https://discord.com/api/v9/unique-username/username-attempt-unauthed
2026-09-01 18:30:00	NETWORK	hiyh	attempt=1	proxy=http://wiw4v7duaymysz9-session-9d28c138b74c-lifetime-10:***@rp.scrapegw.com:6060	ConnectionTimeoutError: Connection timeout to host https://discord.com/api/v9/unique-username/username-attempt-unauthed
2026-09-01 18:30:00	NETWORK	hiyc	attempt=1	proxy=http://wiw4v7duaymysz9-session-8e334de73f94-lifetime-10:***@rp.scrapegw.com:6060	ConnectionTimeoutError: Connection timeout to host https://discord.com/api/v9/unique-username/username-attempt-unauthed
2026-09-01 18:30:00	NETWORK	hius	attempt=1	proxy=http://wiw4v7duaymysz9-session-c00f8eea690e-lifetime-10:***@rp.scrapegw.com:6060	ConnectionTimeoutError: Connection timeout to host https://discord.com/api/v9/unique-username/username-attempt-unauthed
2026-09-01 18:30:00	NETWORK	hiww	attempt=1	proxy=http://wiw4v7duaymysz9-session-09e7b9f41979-lifetime-10:***@rp.scrapegw.com:6060	ConnectionTimeoutError: Connection timeout to host https://discord.com/api/v9/unique-username/username-attempt-unauthed
2026-09-01 18:30:00	NETWORK	hivz	attempt=1	proxy=http://wiw4v7duaymysz9-session-adad772e1e9b-lifetime-10:***@rp.scrapegw.com:6060	ConnectionTimeoutError: Connection timeout to host https://discord.com/api/v9/unique-username/username-attempt-unauthed
2026-09-01 18:30:00	NETWORK	hisk	attempt=1	proxy=http://wiw4v7duaymysz9-session-7493d7b61c72-lifetime-10:***@rp.scrapegw.com:6060	ConnectionTimeoutError: Connection timeout to host https://discord.com/api/v9/unique-username/username-attempt-unauthed
2026-09-01 18:30:00	NETWORK	hjae	attempt=1	proxy=http://wiw4v7duaymysz9-session-e1851b4eb08b-lifetime-10:***@rp.scrapegw.com:6060	ConnectionTimeoutError: Connection timeout to host https://discord.com/api/v9/unique-username/username-attempt-unauthed
2026-09-01 18:30:00	NETWORK	hiwv	attempt=1	proxy=http://wiw4v7duaymysz9-session-683649511e9c-lifetime-10:***@rp.scrapegw.com:6060	ConnectionTimeoutError: Connection timeout to host https://discord.com/api/v9/unique-username/username-attempt-unauthed
2026-09-01 18:30:00	NETWORK	hiyp	attempt=1	proxy=http://wiw4v7duaymysz9-session-1328c1d81072-lifetime-10:***@rp.scrapegw.com:6060	ConnectionTimeoutError: Connection timeout to host https://discord.com/api/v9/unique-username/username-attempt-unauthed
2026-09-01 18:30:00	NETWORK	hiyl	attempt=1	proxy=http://wiw4v7duaymysz9-session-b23a69604825-lifetime-10:***@rp.scrapegw.com:6060	ConnectionTimeoutError: Connection timeout to host https://discord.com/api/v9/unique-username/username-attempt-unauthed
2026-09-01 18:30:00	NETWORK	hizs	attempt=1	proxy=http://wiw4v7duaymysz9-session-babe4a21b9f6-lifetime-10:***@rp.scrapegw.com:6060	ConnectionTimeoutError: Connection timeout to host https://discord.com/api/v9/unique-username/username-attempt-unauthed
2026-09-01 18:30:00	NETWORK	hivi	attempt=1	proxy=http://wiw4v7duaymysz9-session-5b433d737056-lifetime-10:***@rp.scrapegw.com:6060	ConnectionTimeoutError: Connection timeout to host https://discord.com/api/v9/unique-username/username-attempt-unauthed
2026-09-01 18:30:00	NETWORK	hjay	attempt=1	proxy=http://wiw4v7duaymysz9-session-1b860d03c73c-lifetime-10:***@rp.scrapegw.com:6060	ConnectionTimeoutError: Connection timeout to host https://discord.com/api/v9/unique-username/username-attempt-unauthed
2026-09-01 18:30:00	NETWORK	hiwi	attempt=1	proxy=http://wiw4v7duaymysz9-session-79cba4aa6d04-lifetime-10:***@rp.scrapegw.com:6060	ConnectionTimeoutError: Connection timeout to host https://discord.com/api/v9/unique-username/username-attempt-unauthed
2026-09-01 18:30:00	HTTP_429	hluf	attempt=1	proxy=http://wiw4v7duaymysz9-session-21d57946b526-lifetime-10:***@rp.scrapegw.com:6060	scope=shared global=False retry_after=2057.00s
2026-09-01 18:30:00	HTTP_429	hlte	attempt=1	proxy=http://wiw4v7duaymysz9-session-d8e905ead29a-lifetime-10:***@rp.scrapegw.com:6060	scope=shared global=False retry_after=2058.00s
2026-09-01 18:30:01	NETWORK	hjnr	attempt=1	proxy=http://wiw4v7duaymysz9-session-6e6d693a7787-lifetime-10:***@rp.scrapegw.com:6060	ClientConnectorError: Cannot connect to host discord.com:443 ssl:default [Connection reset by peer]
2026-09-01 18:30:01	HTTP_429	hlxn	attempt=1	proxy=http://wiw4v7duaymysz9-session-0b83bb92d86f-lifetime-10:***@rp.scrapegw.com:6060	scope=shared global=False retry_after=1276.00s
2026-09-01 18:30:01	HTTP_429	hltz	attempt=1	proxy=http://wiw4v7duaymysz9-session-655dc74bdd60-lifetime-10:***@rp.scrapegw.com:6060	scope=shared global=False retry_after=2053.00s
2026-09-01 18:30:01	HTTP_429	hlxy	attempt=1	proxy=http://wiw4v7duaymysz9-session-5713e918ad3c-lifetime-10:***@rp.scrapegw.com:6060	scope=shared global=False retry_after=2050.00s
2026-09-01 18:30:01	HTTP_429	hlzc	attempt=1	proxy=http://wiw4v7duaymysz9-session-ade741b65f77-lifetime-10:***@rp.scrapegw.com:6060	scope=shared global=False retry_after=2055.00s
2026-09-01 18:30:01	NETWORK	hjef	attempt=1	proxy=http://wiw4v7duaymysz9-session-535eba6c87c4-lifetime-10:***@rp.scrapegw.com:6060	ClientConnectorError: Cannot connect to host discord.com:443 ssl:default [Connection reset by peer]
2026-09-01 18:30:01	NETWORK	hjif	attempt=1	proxy=http://wiw4v7duaymysz9-session-d651052b6d4d-lifetime-10:***@rp.scrapegw.com:6060	ConnectionTimeoutError: Connection timeout to host https://discord.com/api/v9/unique-username/username-attempt-unauthed
2026-09-01 18:30:01	NETWORK	hjgv	attempt=1	proxy=http://wiw4v7duaymysz9-session-f581754b79d7-lifetime-10:***@rp.scrapegw.com:6060	ConnectionTimeoutError: Connection timeout to host https://discord.com/api/v9/unique-username/username-attempt-unauthed
2026-09-01 18:30:01	NETWORK	hjbw	attempt=1	proxy=http://wiw4v7duaymysz9-session-0460a3447768-lifetime-10:***@rp.scrapegw.com:6060	ConnectionTimeoutError: Connection timeout to host https://discord.com/api/v9/unique-username/username-attempt-unauthed
2026-09-01 18:30:01	NETWORK	hjfj	attempt=1	proxy=http://wiw4v7duaymysz9-session-d67cbe2cb283-lifetime-10:***@rp.scrapegw.com:6060	ConnectionTimeoutError: Connection timeout to host https://discord.com/api/v9/unique-username/username-attempt-unauthed
2026-09-01 18:30:01	NETWORK	hjfc	attempt=1	proxy=http://wiw4v7duaymysz9-session-02226b75da6a-lifetime-10:***@rp.scrapegw.com:6060	ConnectionTimeoutError: Connection timeout to host https://discord.com/api/v9/unique-username/username-attempt-unauthed
2026-09-01 18:30:01	NETWORK	hjbq	attempt=1	proxy=http://wiw4v7duaymysz9-session-d81300468da8-lifetime-10:***@rp.scrapegw.com:6060	ConnectionTimeoutError: Connection timeout to host https://discord.com/api/v9/unique-username/username-attempt-unauthed
2026-09-01 18:30:01	NETWORK	hjcl	attempt=1	proxy=http://wiw4v7duaymysz9-session-8987d29cf7ed-lifetime-10:***@rp.scrapegw.com:6060	ConnectionTimeoutError: Connection timeout to host https://discord.com/api/v9/unique-username/username-attempt-unauthed
2026-09-01 18:30:01	NETWORK	hjdb	attempt=1	proxy=http://wiw4v7duaymysz9-session-c17a62d33672-lifetime-10:***@rp.scrapegw.com:6060	ConnectionTimeoutError: Connection timeout to host https://discord.com/api/v9/unique-username/username-attempt-unauthed
2026-09-01 18:30:01	NETWORK	hjeg	attempt=1	proxy=http://wiw4v7duaymysz9-session-1c07633f7be4-lifetime-10:***@rp.scrapegw.com:6060	ConnectionTimeoutError: Connection timeout to host https://discord.com/api/v9/unique-username/username-attempt-unauthed
2026-09-01 18:30:01	NETWORK	hjdh	attempt=1	proxy=http://wiw4v7duaymysz9-session-9dbe32850d9c-lifetime-10:***@rp.scrapegw.com:6060	ConnectionTimeoutError: Connection timeout to host https://discord.com/api/v9/unique-username/username-attempt-unauthed
2026-09-01 18:30:01	NETWORK	hjjr	attempt=1	proxy=http://wiw4v7duaymysz9-session-db1cff0198ec-lifetime-10:***@rp.scrapegw.com:6060	ConnectionTimeoutError: Connection timeout to host https://discord.com/api/v9/unique-username/username-attempt-unauthed
2026-09-01 18:30:01	NETWORK	hjdf	attempt=1	proxy=http://wiw4v7duaymysz9-session-2b801e65b31d-lifetime-10:***@rp.scrapegw.com:6060	ConnectionTimeoutError: Connection timeout to host https://discord.com/api/v9/unique-username/username-attempt-unauthed
2026-09-01 18:30:01	NETWORK	hjds	attempt=1	proxy=http://wiw4v7duaymysz9-session-931f3c8f2575-lifetime-10:***@rp.scrapegw.com:6060	ConnectionTimeoutError: Connection timeout to host https://discord.com/api/v9/unique-username/username-attempt-unauthed
2026-09-01 18:30:01	NETWORK	hjjz	attempt=1	proxy=http://wiw4v7duaymysz9-session-a1b6f11fc9fe-lifetime-10:***@rp.scrapegw.com:6060	ConnectionTimeoutError: Connection timeout to host https://discord.com/api/v9/unique-username/username-attempt-unauthed
2026-09-01 18:30:01	NETWORK	hjiu	attempt=1	proxy=http://wiw4v7duaymysz9-session-f0957565daf5-lifetime-10:***@rp.scrapegw.com:6060	ConnectionTimeoutError: Connection timeout to host https://discord.com/api/v9/unique-username/username-attempt-unauthed
2026-09-01 18:30:01	NETWORK	hjgr	attempt=1	proxy=http://wiw4v7duaymysz9-session-fa8eb3b2aa89-lifetime-10:***@rp.scrapegw.com:6060	ConnectionTimeoutError: Connection timeout to host https://discord.com/api/v9/unique-username/username-attempt-unauthed
2026-09-01 18:30:01	NETWORK	hjbu	attempt=1	proxy=http://wiw4v7duaymysz9-session-a686d0e0e97b-lifetime-10:***@rp.scrapegw.com:6060	ConnectionTimeoutError: Connection timeout to host https://discord.com/api/v9/unique-username/username-attempt-unauthed
2026-09-01 18:30:01	NETWORK	hjgg	attempt=1	proxy=http://wiw4v7duaymysz9-session-bf97ab5c3186-lifetime-10:***@rp.scrapegw.com:6060	ConnectionTimeoutError: Connection timeout to host https://discord.com/api/v9/unique-username/username-attempt-unauthed
2026-09-01 18:30:01	NETWORK	hjfy	attempt=1	proxy=http://wiw4v7duaymysz9-session-8f38e4ee7001-lifetime-10:***@rp.scrapegw.com:6060	ConnectionTimeoutError: Connection timeout to host https://discord.com/api/v9/unique-username/username-attempt-unauthed
2026-09-01 18:30:01	NETWORK	hjep	attempt=1	proxy=http://wiw4v7duaymysz9-session-9f4f6bc39591-lifetime-10:***@rp.scrapegw.com:6060	ConnectionTimeoutError: Connection timeout to host https://discord.com/api/v9/unique-username/username-attempt-unauthed
2026-09-01 18:30:01	NETWORK	hjjn	attempt=1	proxy=http://wiw4v7duaymysz9-session-40c746dcc4fa-lifetime-10:***@rp.scrapegw.com:6060	ConnectionTimeoutError: Connection timeout to host https://discord.com/api/v9/unique-username/username-attempt-unauthed
2026-09-01 18:30:01	NETWORK	hjdl	attempt=1	proxy=http://wiw4v7duaymysz9-session-b546cc3a833c-lifetime-10:***@rp.scrapegw.com:6060	ConnectionTimeoutError: Connection timeout to host https://discord.com/api/v9/unique-username/username-attempt-unauthed
2026-09-01 18:30:01	NETWORK	hjgk	attempt=1	proxy=http://wiw4v7duaymysz9-session-d59284dbe1f3-lifetime-10:***@rp.scrapegw.com:6060	ConnectionTimeoutError: Connection timeout to host https://discord.com/api/v9/unique-username/username-attempt-unauthed
2026-09-01 18:30:01	NETWORK	hjhe	attempt=1	proxy=http://wiw4v7duaymysz9-session-1139735e712d-lifetime-10:***@rp.scrapegw.com:6060	ConnectionTimeoutError: Connection timeout to host https://discord.com/api/v9/unique-username/username-attempt-unauthed
2026-09-01 18:30:01	NETWORK	hjhn	attempt=1	proxy=http://wiw4v7duaymysz9-session-46f22072a874-lifetime-10:***@rp.scrapegw.com:6060	ConnectionTimeoutError: Connection timeout to host https://discord.com/api/v9/unique-username/username-attempt-unauthed
2026-09-01 18:30:01	NETWORK	hjjy	attempt=1	proxy=http://wiw4v7duaymysz9-session-998663dded08-lifetime-10:***@rp.scrapegw.com:6060	ConnectionTimeoutError: Connection timeout to host https://discord.com/api/v9/unique-username/username-attempt-unauthed
2026-09-01 18:30:01	NETWORK	hjik	attempt=1	proxy=http://wiw4v7duaymysz9-session-61b916aa3757-lifetime-10:***@rp.scrapegw.com:6060	ConnectionTimeoutError: Connection timeout to host https://discord.com/api/v9/unique-username/username-attempt-unauthed
2026-09-01 18:30:01	NETWORK	hjfu	attempt=1	proxy=http://wiw4v7duaymysz9-session-7b4a650fe072-lifetime-10:***@rp.scrapegw.com:6060	ConnectionTimeoutError: Connection timeout to host https://discord.com/api/v9/unique-username/username-attempt-unauthed
2026-09-01 18:30:01	NETWORK	hjfv	attempt=1	proxy=http://wiw4v7duaymysz9-session-f835ae4709b1-lifetime-10:***@rp.scrapegw.com:6060	ConnectionTimeoutError: Connection timeout to host https://discord.com/api/v9/unique-username/username-attempt-unauthed
2026-09-01 18:30:01	NETWORK	hjbv	attempt=1	proxy=http://wiw4v7duaymysz9-session-554c26700d49-lifetime-10:***@rp.scrapegw.com:6060	ConnectionTimeoutError: Connection timeout to host https://discord.com/api/v9/unique-username/username-attempt-unauthed
2026-09-01 18:30:01	NETWORK	hjbo	attempt=1	proxy=http://wiw4v7duaymysz9-session-7d3b68050e2e-lifetime-10:***@rp.scrapegw.com:6060	ConnectionTimeoutError: Connection timeout to host https://discord.com/api/v9/unique-username/username-attempt-unauthed
2026-09-01 18:30:01	NETWORK	hjfn	attempt=1	proxy=http://wiw4v7duaymysz9-session-8ea2a8f67ac4-lifetime-10:***@rp.scrapegw.com:6060	ConnectionTimeoutError: Connection timeout to host https://discord.com/api/v9/unique-username/username-attempt-unauthed
2026-09-01 18:30:01	NETWORK	hjci	attempt=1	proxy=http://wiw4v7duaymysz9-session-31140314795c-lifetime-10:***@rp.scrapegw.com:6060	ConnectionTimeoutError: Connection timeout to host https://discord.com/api/v9/unique-username/username-attempt-unauthed
2026-09-01 18:30:01	NETWORK	hjdz	attempt=1	proxy=http://wiw4v7duaymysz9-session-9ef4766d94e3-lifetime-10:***@rp.scrapegw.com:6060	ConnectionTimeoutError: Connection timeout to host https://discord.com/api/v9/unique-username/username-attempt-unauthed
2026-09-01 18:30:02	HTTP_429	hmgk	attempt=1	proxy=http://wiw4v7duaymysz9-session-356d35eed233-lifetime-10:***@rp.scrapegw.com:6060	scope=shared global=False retry_after=1574.00s
2026-09-01 18:30:02	HTTP_429	hmfx	attempt=1	proxy=http://wiw4v7duaymysz9-session-3a1d95fe0979-lifetime-10:***@rp.scrapegw.com:6060	scope=shared global=False retry_after=2059.00s
2026-09-01 18:30:02	NETWORK	hjuj	attempt=1	proxy=http://wiw4v7duaymysz9-session-48029dbe17eb-lifetime-10:***@rp.scrapegw.com:6060	ClientConnectorError: Cannot connect to host discord.com:443 ssl:default [None]
2026-09-01 18:30:02	HTTP_429	hmdt	attempt=1	proxy=http://wiw4v7duaymysz9-session-51c16861a5a6-lifetime-10:***@rp.scrapegw.com:6060	scope=shared global=False retry_after=2053.00s
2026-09-01 18:30:02	HTTP_429	hmhb	attempt=1	proxy=http://wiw4v7duaymysz9-session-5931d029e061-lifetime-10:***@rp.scrapegw.com:6060	scope=shared global=False retry_after=636.00s
2026-09-01 18:30:02	HTTP_429	hluc	attempt=1	proxy=http://wiw4v7duaymysz9-session-50a663e2ee27-lifetime-10:***@rp.scrapegw.com:6060	scope=shared global=False retry_after=1924.00s
2026-09-01 18:30:02	NETWORK	hjqa	attempt=1	proxy=http://wiw4v7duaymysz9-session-894c53362f65-lifetime-10:***@rp.scrapegw.com:6060	ConnectionTimeoutError: Connection timeout to host https://discord.com/api/v9/unique-username/username-attempt-unauthed
2026-09-01 18:30:02	NETWORK	hjpq	attempt=1	proxy=http://wiw4v7duaymysz9-session-21c2f0b74f71-lifetime-10:***@rp.scrapegw.com:6060	ConnectionTimeoutError: Connection timeout to host https://discord.com/api/v9/unique-username/username-attempt-unauthed
2026-09-01 18:30:02	NETWORK	hjpp	attempt=1	proxy=http://wiw4v7duaymysz9-session-735847b7ca4f-lifetime-10:***@rp.scrapegw.com:6060	ConnectionTimeoutError: Connection timeout to host https://discord.com/api/v9/unique-username/username-attempt-unauthed
2026-09-01 18:30:02	NETWORK	hjkz	attempt=1	proxy=http://wiw4v7duaymysz9-session-f2569497a4e4-lifetime-10:***@rp.scrapegw.com:6060	ConnectionTimeoutError: Connection timeout to host https://discord.com/api/v9/unique-username/username-attempt-unauthed
2026-09-01 18:30:02	NETWORK	hjod	attempt=1	proxy=http://wiw4v7duaymysz9-session-ffb7fc092c3f-lifetime-10:***@rp.scrapegw.com:6060	ConnectionTimeoutError: Connection timeout to host https://discord.com/api/v9/unique-username/username-attempt-unauthed
2026-09-01 18:30:02	NETWORK	hjlh	attempt=1	proxy=http://wiw4v7duaymysz9-session-0ccfaba9ab31-lifetime-10:***@rp.scrapegw.com:6060	ConnectionTimeoutError: Connection timeout to host https://discord.com/api/v9/unique-username/username-attempt-unauthed
2026-09-01 18:30:02	NETWORK	hjnu	attempt=1	proxy=http://wiw4v7duaymysz9-session-c85674155fa8-lifetime-10:***@rp.scrapegw.com:6060	ConnectionTimeoutError: Connection timeout to host https://discord.com/api/v9/unique-username/username-attempt-unauthed
2026-09-01 18:30:02	NETWORK	hjnk	attempt=1	proxy=http://wiw4v7duaymysz9-session-6b8f9d87d365-lifetime-10:***@rp.scrapegw.com:6060	ConnectionTimeoutError: Connection timeout to host https://discord.com/api/v9/unique-username/username-attempt-unauthed
2026-09-01 18:30:02	NETWORK	hjok	attempt=1	proxy=http://wiw4v7duaymysz9-session-2accf987b952-lifetime-10:***@rp.scrapegw.com:6060	ConnectionTimeoutError: Connection timeout to host https://discord.com/api/v9/unique-username/username-attempt-unauthed
2026-09-01 18:30:02	NETWORK	hjkq	attempt=1	proxy=http://wiw4v7duaymysz9-session-5b5f08b448aa-lifetime-10:***@rp.scrapegw.com:6060	ConnectionTimeoutError: Connection timeout to host https://discord.com/api/v9/unique-username/username-attempt-unauthed
2026-09-01 18:30:02	NETWORK	hjqo	attempt=1	proxy=http://wiw4v7duaymysz9-session-e0e1a4add0dc-lifetime-10:***@rp.scrapegw.com:6060	ConnectionTimeoutError: Connection timeout to host https://discord.com/api/v9/unique-username/username-attempt-unauthed
2026-09-01 18:30:02	NETWORK	hjkp	attempt=1	proxy=http://wiw4v7duaymysz9-session-cab166fe1a7f-lifetime-10:***@rp.scrapegw.com:6060	ConnectionTimeoutError: Connection timeout to host https://discord.com/api/v9/unique-username/username-attempt-unauthed
2026-09-01 18:30:02	NETWORK	hjki	attempt=1	proxy=http://wiw4v7duaymysz9-session-057020a05c2d-lifetime-10:***@rp.scrapegw.com:6060	ConnectionTimeoutError: Connection timeout to host https://discord.com/api/v9/unique-username/username-attempt-unauthed
2026-09-01 18:30:02	NETWORK	hjln	attempt=1	proxy=http://wiw4v7duaymysz9-session-24582550e856-lifetime-10:***@rp.scrapegw.com:6060	ConnectionTimeoutError: Connection timeout to host https://discord.com/api/v9/unique-username/username-attempt-unauthed
2026-09-01 18:30:02	NETWORK	hjmx	attempt=1	proxy=http://wiw4v7duaymysz9-session-0433af1bc90e-lifetime-10:***@rp.scrapegw.com:6060	ConnectionTimeoutError: Connection timeout to host https://discord.com/api/v9/unique-username/username-attempt-unauthed
2026-09-01 18:30:02	NETWORK	hjri	attempt=1	proxy=http://wiw4v7duaymysz9-session-24a76c4cf36b-lifetime-10:***@rp.scrapegw.com:6060	ConnectionTimeoutError: Connection timeout to host https://discord.com/api/v9/unique-username/username-attempt-unauthed
2026-09-01 18:30:02	NETWORK	hjnj	attempt=1	proxy=http://wiw4v7duaymysz9-session-7834e53bc64c-lifetime-10:***@rp.scrapegw.com:6060	ConnectionTimeoutError: Connection timeout to host https://discord.com/api/v9/unique-username/username-attempt-unauthed
2026-09-01 18:30:02	NETWORK	hjrj	attempt=1	proxy=http://wiw4v7duaymysz9-session-7806bea41198-lifetime-10:***@rp.scrapegw.com:6060	ConnectionTimeoutError: Connection timeout to host https://discord.com/api/v9/unique-username/username-attempt-unauthed
2026-09-01 18:30:02	NETWORK	hjqh	attempt=1	proxy=http://wiw4v7duaymysz9-session-f09e2738015c-lifetime-10:***@rp.scrapegw.com:6060	ConnectionTimeoutError: Connection timeout to host https://discord.com/api/v9/unique-username/username-attempt-unauthed
2026-09-01 18:30:02	NETWORK	hjqp	attempt=1	proxy=http://wiw4v7duaymysz9-session-9d54f67b3f9d-lifetime-10:***@rp.scrapegw.com:6060	ConnectionTimeoutError: Connection timeout to host https://discord.com/api/v9/unique-username/username-attempt-unauthed
2026-09-01 18:30:02	NETWORK	hjqc	attempt=1	proxy=http://wiw4v7duaymysz9-session-f01b20a49343-lifetime-10:***@rp.scrapegw.com:6060	ConnectionTimeoutError: Connection timeout to host https://discord.com/api/v9/unique-username/username-attempt-unauthed
2026-09-01 18:30:02	NETWORK	hjqs	attempt=1	proxy=http://wiw4v7duaymysz9-session-f990b0178c73-lifetime-10:***@rp.scrapegw.com:6060	ConnectionTimeoutError: Connection timeout to host https://discord.com/api/v9/unique-username/username-attempt-unauthed
2026-09-01 18:30:02	NETWORK	hjoh	attempt=1	proxy=http://wiw4v7duaymysz9-session-d5a0f17d0bcd-lifetime-10:***@rp.scrapegw.com:6060	ConnectionTimeoutError: Connection timeout to host https://discord.com/api/v9/unique-username/username-attempt-unauthed
2026-09-01 18:30:02	NETWORK	hjpx	attempt=1	proxy=http://wiw4v7duaymysz9-session-b08c260ff93c-lifetime-10:***@rp.scrapegw.com:6060	ConnectionTimeoutError: Connection timeout to host https://discord.com/api/v9/unique-username/username-attempt-unauthed
2026-09-01 18:30:02	NETWORK	hjpi	attempt=1	proxy=http://wiw4v7duaymysz9-session-f9ae4c600eb8-lifetime-10:***@rp.scrapegw.com:6060	ConnectionTimeoutError: Connection timeout to host https://discord.com/api/v9/unique-username/username-attempt-unauthed
2026-09-01 18:30:02	NETWORK	hjqv	attempt=1	proxy=http://wiw4v7duaymysz9-session-953ae5ac9c58-lifetime-10:***@rp.scrapegw.com:6060	ConnectionTimeoutError: Connection timeout to host https://discord.com/api/v9/unique-username/username-attempt-unauthed
2026-09-01 18:30:02	NETWORK	hjlt	attempt=1	proxy=http://wiw4v7duaymysz9-session-e589af1cf739-lifetime-10:***@rp.scrapegw.com:6060	ConnectionTimeoutError: Connection timeout to host https://discord.com/api/v9/unique-username/username-attempt-unauthed
2026-09-01 18:30:02	NETWORK	hjmt	attempt=1	proxy=http://wiw4v7duaymysz9-session-d0167fa5f866-lifetime-10:***@rp.scrapegw.com:6060	ConnectionTimeoutError: Connection timeout to host https://discord.com/api/v9/unique-username/username-attempt-unauthed
2026-09-01 18:30:02	NETWORK	hjkv	attempt=1	proxy=http://wiw4v7duaymysz9-session-7321d377ace2-lifetime-10:***@rp.scrapegw.com:6060	ConnectionTimeoutError: Connection timeout to host https://discord.com/api/v9/unique-username/username-attempt-unauthed
2026-09-01 18:30:02	NETWORK	hjny	attempt=1	proxy=http://wiw4v7duaymysz9-session-b249ce2fc604-lifetime-10:***@rp.scrapegw.com:6060	ConnectionTimeoutError: Connection timeout to host https://discord.com/api/v9/unique-username/username-attempt-unauthed
2026-09-01 18:30:02	NETWORK	hjof	attempt=1	proxy=http://wiw4v7duaymysz9-session-9c0b5d5f2e37-lifetime-10:***@rp.scrapegw.com:6060	ConnectionTimeoutError: Connection timeout to host https://discord.com/api/v9/unique-username/username-attempt-unauthed
2026-09-01 18:30:02	NETWORK	hjpa	attempt=1	proxy=http://wiw4v7duaymysz9-session-e498cff32360-lifetime-10:***@rp.scrapegw.com:6060	ConnectionTimeoutError: Connection timeout to host https://discord.com/api/v9/unique-username/username-attempt-unauthed
2026-09-01 18:30:02	NETWORK	hjlp	attempt=1	proxy=http://wiw4v7duaymysz9-session-abe5ac6c8d21-lifetime-10:***@rp.scrapegw.com:6060	ConnectionTimeoutError: Connection timeout to host https://discord.com/api/v9/unique-username/username-attempt-unauthed
2026-09-01 18:30:02	NETWORK	hjor	attempt=1	proxy=http://wiw4v7duaymysz9-session-1a5f3aaf9117-lifetime-10:***@rp.scrapegw.com:6060	ConnectionTimeoutError: Connection timeout to host https://discord.com/api/v9/unique-username/username-attempt-unauthed
2026-09-01 18:30:02	NETWORK	hjre	attempt=1	proxy=http://wiw4v7duaymysz9-session-5b751a55cc1a-lifetime-10:***@rp.scrapegw.com:6060	ConnectionTimeoutError: Connection timeout to host https://discord.com/api/v9/unique-username/username-attempt-unauthed
2026-09-01 18:30:02	NETWORK	hjoz	attempt=1	proxy=http://wiw4v7duaymysz9-session-d66a0a7d190d-lifetime-10:***@rp.scrapegw.com:6060	ConnectionTimeoutError: Connection timeout to host https://discord.com/api/v9/unique-username/username-attempt-unauthed
2026-09-01 18:30:02	NETWORK	hjqq	attempt=1	proxy=http://wiw4v7duaymysz9-session-d35b33a5c3e8-lifetime-10:***@rp.scrapegw.com:6060	ConnectionTimeoutError: Connection timeout to host https://discord.com/api/v9/unique-username/username-attempt-unauthed
2026-09-01 18:30:02	NETWORK	hjnh	attempt=1	proxy=http://wiw4v7duaymysz9-session-cce44aa78d82-lifetime-10:***@rp.scrapegw.com:6060	ConnectionTimeoutError: Connection timeout to host https://discord.com/api/v9/unique-username/username-attempt-unauthed
2026-09-01 18:30:02	NETWORK	hjlj	attempt=1	proxy=http://wiw4v7duaymysz9-session-1a82a570578a-lifetime-10:***@rp.scrapegw.com:6060	ConnectionTimeoutError: Connection timeout to host https://discord.com/api/v9/unique-username/username-attempt-unauthed
2026-09-01 18:30:02	NETWORK	hjrg	attempt=1	proxy=http://wiw4v7duaymysz9-session-5d9256dcd7fd-lifetime-10:***@rp.scrapegw.com:6060	ConnectionTimeoutError: Connection timeout to host https://discord.com/api/v9/unique-username/username-attempt-unauthed
2026-09-01 18:30:02	NETWORK	hjqk	attempt=1	proxy=http://wiw4v7duaymysz9-session-6e0f48a6f710-lifetime-10:***@rp.scrapegw.com:6060	ConnectionTimeoutError: Connection timeout to host https://discord.com/api/v9/unique-username/username-attempt-unauthed
2026-09-01 18:30:02	NETWORK	hjpj	attempt=1	proxy=http://wiw4v7duaymysz9-session-7cd155f7b10d-lifetime-10:***@rp.scrapegw.com:6060	ConnectionTimeoutError: Connection timeout to host https://discord.com/api/v9/unique-username/username-attempt-unauthed
2026-09-01 18:30:03	NETWORK	hkju	attempt=1	proxy=http://wiw4v7duaymysz9-session-1d6e1da51f09-lifetime-10:***@rp.scrapegw.com:6060	ClientConnectorError: Cannot connect to host discord.com:443 ssl:default [Connection reset by peer]
2026-09-01 18:30:03	HTTP_429	hmne	attempt=1	proxy=http://wiw4v7duaymysz9-session-e02ad68792f2-lifetime-10:***@rp.scrapegw.com:6060	scope=shared global=False retry_after=2052.00s
2026-09-01 18:30:03	NETWORK	hjtv	attempt=1	proxy=http://wiw4v7duaymysz9-session-5f8f5931ba67-lifetime-10:***@rp.scrapegw.com:6060	ConnectionTimeoutError: Connection timeout to host https://discord.com/api/v9/unique-username/username-attempt-unauthed
2026-09-01 18:30:03	NETWORK	hjru	attempt=1	proxy=http://wiw4v7duaymysz9-session-afbacdda4266-lifetime-10:***@rp.scrapegw.com:6060	ConnectionTimeoutError: Connection timeout to host https://discord.com/api/v9/unique-username/username-attempt-unauthed
2026-09-01 18:30:03	NETWORK	hjwn	attempt=1	proxy=http://wiw4v7duaymysz9-session-09eef3e9fb52-lifetime-10:***@rp.scrapegw.com:6060	ConnectionTimeoutError: Connection timeout to host https://discord.com/api/v9/unique-username/username-attempt-unauthed
2026-09-01 18:30:03	NETWORK	hjtt	attempt=1	proxy=http://wiw4v7duaymysz9-session-893d71fc8ea2-lifetime-10:***@rp.scrapegw.com:6060	ConnectionTimeoutError: Connection timeout to host https://discord.com/api/v9/unique-username/username-attempt-unauthed
2026-09-01 18:30:03	NETWORK	hjwu	attempt=1	proxy=http://wiw4v7duaymysz9-session-7f7ffa43c77c-lifetime-10:***@rp.scrapegw.com:6060	ConnectionTimeoutError: Connection timeout to host https://discord.com/api/v9/unique-username/username-attempt-unauthed
2026-09-01 18:30:03	NETWORK	hjrl	attempt=1	proxy=http://wiw4v7duaymysz9-session-5c425b537a61-lifetime-10:***@rp.scrapegw.com:6060	ConnectionTimeoutError: Connection timeout to host https://discord.com/api/v9/unique-username/username-attempt-unauthed
2026-09-01 18:30:03	NETWORK	hjss	attempt=1	proxy=http://wiw4v7duaymysz9-session-fddfb52c377d-lifetime-10:***@rp.scrapegw.com:6060	ConnectionTimeoutError: Connection timeout to host https://discord.com/api/v9/unique-username/username-attempt-unauthed
2026-09-01 18:30:03	NETWORK	hjut	attempt=1	proxy=http://wiw4v7duaymysz9-session-4f103f148214-lifetime-10:***@rp.scrapegw.com:6060	ConnectionTimeoutError: Connection timeout to host https://discord.com/api/v9/unique-username/username-attempt-unauthed
2026-09-01 18:30:03	NETWORK	hjwt	attempt=1	proxy=http://wiw4v7duaymysz9-session-1a8c79b2ea28-lifetime-10:***@rp.scrapegw.com:6060	ConnectionTimeoutError: Connection timeout to host https://discord.com/api/v9/unique-username/username-attempt-unauthed
2026-09-01 18:30:03	NETWORK	hjwk	attempt=1	proxy=http://wiw4v7duaymysz9-session-c76b545a4d17-lifetime-10:***@rp.scrapegw.com:6060	ConnectionTimeoutError: Connection timeout to host https://discord.com/api/v9/unique-username/username-attempt-unauthed
2026-09-01 18:30:03	NETWORK	hjux	attempt=1	proxy=http://wiw4v7duaymysz9-session-409b8df428bb-lifetime-10:***@rp.scrapegw.com:6060	ConnectionTimeoutError: Connection timeout to host https://discord.com/api/v9/unique-username/username-attempt-unauthed
2026-09-01 18:30:03	NETWORK	hjuv	attempt=1	proxy=http://wiw4v7duaymysz9-session-d9f920a26b9d-lifetime-10:***@rp.scrapegw.com:6060	ConnectionTimeoutError: Connection timeout to host https://discord.com/api/v9/unique-username/username-attempt-unauthed
2026-09-01 18:30:03	NETWORK	hjsp	attempt=1	proxy=http://wiw4v7duaymysz9-session-735cc7de98b2-lifetime-10:***@rp.scrapegw.com:6060	ConnectionTimeoutError: Connection timeout to host https://discord.com/api/v9/unique-username/username-attempt-unauthed
2026-09-01 18:30:03	NETWORK	hjvw	attempt=1	proxy=http://wiw4v7duaymysz9-session-043333b284c7-lifetime-10:***@rp.scrapegw.com:6060	ConnectionTimeoutError: Connection timeout to host https://discord.com/api/v9/unique-username/username-attempt-unauthed
2026-09-01 18:30:03	NETWORK	hjsm	attempt=1	proxy=http://wiw4v7duaymysz9-session-9736d748074f-lifetime-10:***@rp.scrapegw.com:6060	ConnectionTimeoutError: Connection timeout to host https://discord.com/api/v9/unique-username/username-attempt-unauthed
2026-09-01 18:30:03	NETWORK	hjuq	attempt=1	proxy=http://wiw4v7duaymysz9-session-984dee6bf12d-lifetime-10:***@rp.scrapegw.com:6060	ConnectionTimeoutError: Connection timeout to host https://discord.com/api/v9/unique-username/username-attempt-unauthed
2026-09-01 18:30:03	NETWORK	hjsr	attempt=1	proxy=http://wiw4v7duaymysz9-session-ce0ac81f06f4-lifetime-10:***@rp.scrapegw.com:6060	ConnectionTimeoutError: Connection timeout to host https://discord.com/api/v9/unique-username/username-attempt-unauthed
2026-09-01 18:30:03	NETWORK	hjua	attempt=1	proxy=http://wiw4v7duaymysz9-session-020d0e44e23e-lifetime-10:***@rp.scrapegw.com:6060	ConnectionTimeoutError: Connection timeout to host https://discord.com/api/v9/unique-username/username-attempt-unauthed
2026-09-01 18:30:03	NETWORK	hjwo	attempt=1	proxy=http://wiw4v7duaymysz9-session-7d647b92693e-lifetime-10:***@rp.scrapegw.com:6060	ConnectionTimeoutError: Connection timeout to host https://discord.com/api/v9/unique-username/username-attempt-unauthed
2026-09-01 18:30:03	NETWORK	hjuf	attempt=1	proxy=http://wiw4v7duaymysz9-session-31f54505ad6c-lifetime-10:***@rp.scrapegw.com:6060	ConnectionTimeoutError: Connection timeout to host https://discord.com/api/v9/unique-username/username-attempt-unauthed
2026-09-01 18:30:03	NETWORK	hjvn	attempt=1	proxy=http://wiw4v7duaymysz9-session-65803c3a7209-lifetime-10:***@rp.scrapegw.com:6060	ConnectionTimeoutError: Connection timeout to host https://discord.com/api/v9/unique-username/username-attempt-unauthed
2026-09-01 18:30:03	NETWORK	hjrw	attempt=1	proxy=http://wiw4v7duaymysz9-session-cb5d5c002880-lifetime-10:***@rp.scrapegw.com:6060	ConnectionTimeoutError: Connection timeout to host https://discord.com/api/v9/unique-username/username-attempt-unauthed
2026-09-01 18:30:03	NETWORK	hjvm	attempt=1	proxy=http://wiw4v7duaymysz9-session-8a96b5d01f45-lifetime-10:***@rp.scrapegw.com:6060	ConnectionTimeoutError: Connection timeout to host https://discord.com/api/v9/unique-username/username-attempt-unauthed
2026-09-01 18:30:03	NETWORK	hjsj	attempt=1	proxy=http://wiw4v7duaymysz9-session-52d2a29b22c4-lifetime-10:***@rp.scrapegw.com:6060	ConnectionTimeoutError: Connection timeout to host https://discord.com/api/v9/unique-username/username-attempt-unauthed
2026-09-01 18:30:03	NETWORK	hjuh	attempt=1	proxy=http://wiw4v7duaymysz9-session-082e14b3ec9b-lifetime-10:***@rp.scrapegw.com:6060	ConnectionTimeoutError: Connection timeout to host https://discord.com/api/v9/unique-username/username-attempt-unauthed
2026-09-01 18:30:03	NETWORK	hjva	attempt=1	proxy=http://wiw4v7duaymysz9-session-d818edee107d-lifetime-10:***@rp.scrapegw.com:6060	ConnectionTimeoutError: Connection timeout to host https://discord.com/api/v9/unique-username/username-attempt-unauthed
2026-09-01 18:30:03	NETWORK	hjud	attempt=1	proxy=http://wiw4v7duaymysz9-session-b42a5beb0d0e-lifetime-10:***@rp.scrapegw.com:6060	ConnectionTimeoutError: Connection timeout to host https://discord.com/api/v9/unique-username/username-attempt-unauthed
2026-09-01 18:30:03	HTTP_429	hmgc	attempt=1	proxy=http://wiw4v7duaymysz9-session-c92056eb752a-lifetime-10:***@rp.scrapegw.com:6060	scope=shared global=False retry_after=521.00s
2026-09-01 18:30:03	NETWORK	hlae	attempt=1	proxy=http://wiw4v7duaymysz9-session-e589af1cf739-lifetime-10:***@rp.scrapegw.com:6060	ClientConnectorError: Cannot connect to host discord.com:443 ssl:default [Connection reset by peer]
2026-09-01 18:30:04	HTTP_429	hmyc	attempt=1	proxy=http://wiw4v7duaymysz9-session-cd93092c8e68-lifetime-10:***@rp.scrapegw.com:6060	scope=shared global=False retry_after=2124.00s
2026-09-01 18:30:04	NETWORK	hjyd	attempt=1	proxy=http://wiw4v7duaymysz9-session-b3499a75a141-lifetime-10:***@rp.scrapegw.com:6060	ClientConnectorError: Cannot connect to host discord.com:443 ssl:default [Connection reset by peer]
2026-09-01 18:30:04	NETWORK	hkdq	attempt=1	proxy=http://wiw4v7duaymysz9-session-24f01302f5e3-lifetime-10:***@rp.scrapegw.com:6060	ConnectionTimeoutError: Connection timeout to host https://discord.com/api/v9/unique-username/username-attempt-unauthed
2026-09-01 18:30:04	NETWORK	hjzk	attempt=1	proxy=http://wiw4v7duaymysz9-session-2efe505d4f08-lifetime-10:***@rp.scrapegw.com:6060	ConnectionTimeoutError: Connection timeout to host https://discord.com/api/v9/unique-username/username-attempt-unauthed
2026-09-01 18:30:04	NETWORK	hjxq	attempt=1	proxy=http://wiw4v7duaymysz9-session-d6629ae92a8d-lifetime-10:***@rp.scrapegw.com:6060	ConnectionTimeoutError: Connection timeout to host https://discord.com/api/v9/unique-username/username-attempt-unauthed
2026-09-01 18:30:04	NETWORK	hjzc	attempt=1	proxy=http://wiw4v7duaymysz9-session-9eb75eead082-lifetime-10:***@rp.scrapegw.com:6060	ConnectionTimeoutError: Connection timeout to host https://discord.com/api/v9/unique-username/username-attempt-unauthed
2026-09-01 18:30:04	NETWORK	hjxo	attempt=1	proxy=http://wiw4v7duaymysz9-session-e1742cd3553c-lifetime-10:***@rp.scrapegw.com:6060	ConnectionTimeoutError: Connection timeout to host https://discord.com/api/v9/unique-username/username-attempt-unauthed
2026-09-01 18:30:04	NETWORK	hjym	attempt=1	proxy=http://wiw4v7duaymysz9-session-8d17265cb831-lifetime-10:***@rp.scrapegw.com:6060	ConnectionTimeoutError: Connection timeout to host https://discord.com/api/v9/unique-username/username-attempt-unauthed
2026-09-01 18:30:04	NETWORK	hjwv	attempt=1	proxy=http://wiw4v7duaymysz9-session-fa581cd9883e-lifetime-10:***@rp.scrapegw.com:6060	ConnectionTimeoutError: Connection timeout to host https://discord.com/api/v9/unique-username/username-attempt-unauthed
2026-09-01 18:30:04	NETWORK	hkcz	attempt=1	proxy=http://wiw4v7duaymysz9-session-d524a4a540c6-lifetime-10:***@rp.scrapegw.com:6060	ConnectionTimeoutError: Connection timeout to host https://discord.com/api/v9/unique-username/username-attempt-unauthed
2026-09-01 18:30:04	NETWORK	hkco	attempt=1	proxy=http://wiw4v7duaymysz9-session-43221bda4e4d-lifetime-10:***@rp.scrapegw.com:6060	ConnectionTimeoutError: Connection timeout to host https://discord.com/api/v9/unique-username/username-attempt-unauthed
2026-09-01 18:30:04	NETWORK	hkdm	attempt=1	proxy=http://wiw4v7duaymysz9-session-a7d968586879-lifetime-10:***@rp.scrapegw.com:6060	ConnectionTimeoutError: Connection timeout to host https://discord.com/api/v9/unique-username/username-attempt-unauthed
2026-09-01 18:30:04	NETWORK	hkch	attempt=1	proxy=http://wiw4v7duaymysz9-session-bcb1d4325e55-lifetime-10:***@rp.scrapegw.com:6060	ConnectionTimeoutError: Connection timeout to host https://discord.com/api/v9/unique-username/username-attempt-unauthed
2026-09-01 18:30:04	NETWORK	hjyb	attempt=1	proxy=http://wiw4v7duaymysz9-session-863316356ded-lifetime-10:***@rp.scrapegw.com:6060	ConnectionTimeoutError: Connection timeout to host https://discord.com/api/v9/unique-username/username-attempt-unauthed
2026-09-01 18:30:04	NETWORK	hjyz	attempt=1	proxy=http://wiw4v7duaymysz9-session-80e1d1caf1ae-lifetime-10:***@rp.scrapegw.com:6060	ConnectionTimeoutError: Connection timeout to host https://discord.com/api/v9/unique-username/username-attempt-unauthed
2026-09-01 18:30:04	NETWORK	hjxy	attempt=1	proxy=http://wiw4v7duaymysz9-session-760d03f57a9f-lifetime-10:***@rp.scrapegw.com:6060	ConnectionTimeoutError: Connection timeout to host https://discord.com/api/v9/unique-username/username-attempt-unauthed
2026-09-01 18:30:04	NETWORK	hkaz	attempt=1	proxy=http://wiw4v7duaymysz9-session-4a2e651935be-lifetime-10:***@rp.scrapegw.com:6060	ConnectionTimeoutError: Connection timeout to host https://discord.com/api/v9/unique-username/username-attempt-unauthed
2026-09-01 18:30:04	NETWORK	hjxi	attempt=1	proxy=http://wiw4v7duaymysz9-session-afccab082415-lifetime-10:***@rp.scrapegw.com:6060	ConnectionTimeoutError: Connection timeout to host https://discord.com/api/v9/unique-username/username-attempt-unauthed
2026-09-01 18:30:04	NETWORK	hkbt	attempt=1	proxy=http://wiw4v7duaymysz9-session-5eb74cfde815-lifetime-10:***@rp.scrapegw.com:6060	ConnectionTimeoutError: Connection timeout to host https://discord.com/api/v9/unique-username/username-attempt-unauthed
2026-09-01 18:30:04	NETWORK	hjxf	attempt=1	proxy=http://wiw4v7duaymysz9-session-fccdffabe8a6-lifetime-10:***@rp.scrapegw.com:6060	ConnectionTimeoutError: Connection timeout to host https://discord.com/api/v9/unique-username/username-attempt-unauthed
2026-09-01 18:30:04	NETWORK	hkah	attempt=1	proxy=http://wiw4v7duaymysz9-session-e1e7f0fd293f-lifetime-10:***@rp.scrapegw.com:6060	ConnectionTimeoutError: Connection timeout to host https://discord.com/api/v9/unique-username/username-attempt-unauthed
2026-09-01 18:30:04	NETWORK	hjyg	attempt=1	proxy=http://wiw4v7duaymysz9-session-0b035125baa8-lifetime-10:***@rp.scrapegw.com:6060	ConnectionTimeoutError: Connection timeout to host https://discord.com/api/v9/unique-username/username-attempt-unauthed
2026-09-01 18:30:04	NETWORK	hkbm	attempt=1	proxy=http://wiw4v7duaymysz9-session-c7bc86bbfb5e-lifetime-10:***@rp.scrapegw.com:6060	ConnectionTimeoutError: Connection timeout to host https://discord.com/api/v9/unique-username/username-attempt-unauthed
2026-09-01 18:30:04	NETWORK	hjzo	attempt=1	proxy=http://wiw4v7duaymysz9-session-7dfa6edaf5cb-lifetime-10:***@rp.scrapegw.com:6060	ConnectionTimeoutError: Connection timeout to host https://discord.com/api/v9/unique-username/username-attempt-unauthed
2026-09-01 18:30:04	NETWORK	hjzt	attempt=1	proxy=http://wiw4v7duaymysz9-session-853bc50b28ec-lifetime-10:***@rp.scrapegw.com:6060	ConnectionTimeoutError: Connection timeout to host https://discord.com/api/v9/unique-username/username-attempt-unauthed
2026-09-01 18:30:04	NETWORK	hjyy	attempt=1	proxy=http://wiw4v7duaymysz9-session-ca3766c9b0f7-lifetime-10:***@rp.scrapegw.com:6060	ConnectionTimeoutError: Connection timeout to host https://discord.com/api/v9/unique-username/username-attempt-unauthed
2026-09-01 18:30:04	NETWORK	hkaa	attempt=1	proxy=http://wiw4v7duaymysz9-session-bbecbd52cbd4-lifetime-10:***@rp.scrapegw.com:6060	ConnectionTimeoutError: Connection timeout to host https://discord.com/api/v9/unique-username/username-attempt-unauthed
2026-09-01 18:30:04	NETWORK	hkcu	attempt=1	proxy=http://wiw4v7duaymysz9-session-74401afcc22d-lifetime-10:***@rp.scrapegw.com:6060	ConnectionTimeoutError: Connection timeout to host https://discord.com/api/v9/unique-username/username-attempt-unauthed
2026-09-01 18:30:04	NETWORK	hkbw	attempt=1	proxy=http://wiw4v7duaymysz9-session-ea23c72c6e54-lifetime-10:***@rp.scrapegw.com:6060	ConnectionTimeoutError: Connection timeout to host https://discord.com/api/v9/unique-username/username-attempt-unauthed
2026-09-01 18:30:04	NETWORK	hkcq	attempt=1	proxy=http://wiw4v7duaymysz9-session-c1dfa543aa9a-lifetime-10:***@rp.scrapegw.com:6060	ConnectionTimeoutError: Connection timeout to host https://discord.com/api/v9/unique-username/username-attempt-unauthed
2026-09-01 18:30:04	NETWORK	hkak	attempt=1	proxy=http://wiw4v7duaymysz9-session-69b068501b21-lifetime-10:***@rp.scrapegw.com:6060	ConnectionTimeoutError: Connection timeout to host https://discord.com/api/v9/unique-username/username-attempt-unauthed
2026-09-01 18:30:04	NETWORK	hjzn	attempt=1	proxy=http://wiw4v7duaymysz9-session-8302f13c580c-lifetime-10:***@rp.scrapegw.com:6060	ConnectionTimeoutError: Connection timeout to host https://discord.com/api/v9/unique-username/username-attempt-unauthed
2026-09-01 18:30:04	NETWORK	hkbb	attempt=1	proxy=http://wiw4v7duaymysz9-session-0e0c889fd0e2-lifetime-10:***@rp.scrapegw.com:6060	ConnectionTimeoutError: Connection timeout to host https://discord.com/api/v9/unique-username/username-attempt-unauthed
2026-09-01 18:30:04	NETWORK	hjxd	attempt=1	proxy=http://wiw4v7duaymysz9-session-f5413f2c70d9-lifetime-10:***@rp.scrapegw.com:6060	ConnectionTimeoutError: Connection timeout to host https://discord.com/api/v9/unique-username/username-attempt-unauthed
2026-09-01 18:30:04	NETWORK	hjzh	attempt=1	proxy=http://wiw4v7duaymysz9-session-241eff1b00bd-lifetime-10:***@rp.scrapegw.com:6060	ConnectionTimeoutError: Connection timeout to host https://discord.com/api/v9/unique-username/username-attempt-unauthed
2026-09-01 18:30:04	NETWORK	hjzi	attempt=1	proxy=http://wiw4v7duaymysz9-session-81ce0405654d-lifetime-10:***@rp.scrapegw.com:6060	ConnectionTimeoutError: Connection timeout to host https://discord.com/api/v9/unique-username/username-attempt-unauthed
2026-09-01 18:30:04	NETWORK	hkbf	attempt=1	proxy=http://wiw4v7duaymysz9-session-e39233e7122a-lifetime-10:***@rp.scrapegw.com:6060	ConnectionTimeoutError: Connection timeout to host https://discord.com/api/v9/unique-username/username-attempt-unauthed
2026-09-01 18:30:04	HTTP_429	hncm	attempt=1	proxy=http://wiw4v7duaymysz9-session-5be8e4e2edb5-lifetime-10:***@rp.scrapegw.com:6060	scope=shared global=False retry_after=375.00s
2026-09-01 18:30:04	NETWORK	hlko	attempt=1	proxy=http://wiw4v7duaymysz9-session-089f6349b106-lifetime-10:***@rp.scrapegw.com:6060	ClientConnectorError: Cannot connect to host discord.com:443 ssl:default [Connection reset by peer]
2026-09-01 18:30:05	HTTP_429	hkfq	attempt=1	proxy=http://wiw4v7duaymysz9-session-c202621896c4-lifetime-10:***@rp.scrapegw.com:6060	scope=shared global=False retry_after=511.32s
2026-09-01 18:30:05	NETWORK	hkeg	attempt=1	proxy=http://wiw4v7duaymysz9-session-21eac50356c8-lifetime-10:***@rp.scrapegw.com:6060	ConnectionTimeoutError: Connection timeout to host https://discord.com/api/v9/unique-username/username-attempt-unauthed
2026-09-01 18:30:05	NETWORK	hkjp	attempt=1	proxy=http://wiw4v7duaymysz9-session-1525d3ae974b-lifetime-10:***@rp.scrapegw.com:6060	ConnectionTimeoutError: Connection timeout to host https://discord.com/api/v9/unique-username/username-attempt-unauthed
2026-09-01 18:30:05	NETWORK	hkfa	attempt=1	proxy=http://wiw4v7duaymysz9-session-ab591c3d15df-lifetime-10:***@rp.scrapegw.com:6060	ConnectionTimeoutError: Connection timeout to host https://discord.com/api/v9/unique-username/username-attempt-unauthed
2026-09-01 18:30:05	NETWORK	hkkq	attempt=1	proxy=http://wiw4v7duaymysz9-session-4706f5a06092-lifetime-10:***@rp.scrapegw.com:6060	ConnectionTimeoutError: Connection timeout to host https://discord.com/api/v9/unique-username/username-attempt-unauthed
2026-09-01 18:30:05	NETWORK	hkia	attempt=1	proxy=http://wiw4v7duaymysz9-session-d29da3a88177-lifetime-10:***@rp.scrapegw.com:6060	ConnectionTimeoutError: Connection timeout to host https://discord.com/api/v9/unique-username/username-attempt-unauthed
2026-09-01 18:30:05	NETWORK	hkhs	attempt=1	proxy=http://wiw4v7duaymysz9-session-c180462b7fdf-lifetime-10:***@rp.scrapegw.com:6060	ConnectionTimeoutError: Connection timeout to host https://discord.com/api/v9/unique-username/username-attempt-unauthed
2026-09-01 18:30:05	NETWORK	hkjx	attempt=1	proxy=http://wiw4v7duaymysz9-session-65eb10e3788f-lifetime-10:***@rp.scrapegw.com:6060	ConnectionTimeoutError: Connection timeout to host https://discord.com/api/v9/unique-username/username-attempt-unauthed
2026-09-01 18:30:05	NETWORK	hkgv	attempt=1	proxy=http://wiw4v7duaymysz9-session-2fbf1ef1f9e3-lifetime-10:***@rp.scrapegw.com:6060	ConnectionTimeoutError: Connection timeout to host https://discord.com/api/v9/unique-username/username-attempt-unauthed
2026-09-01 18:30:05	NETWORK	hkif	attempt=1	proxy=http://wiw4v7duaymysz9-session-0b83bb92d86f-lifetime-10:***@rp.scrapegw.com:6060	ConnectionTimeoutError: Connection timeout to host https://discord.com/api/v9/unique-username/username-attempt-unauthed
2026-09-01 18:30:05	NETWORK	hkfr	attempt=1	proxy=http://wiw4v7duaymysz9-session-cd9f5808197c-lifetime-10:***@rp.scrapegw.com:6060	ConnectionTimeoutError: Connection timeout to host https://discord.com/api/v9/unique-username/username-attempt-unauthed
2026-09-01 18:30:05	NETWORK	hkib	attempt=1	proxy=http://wiw4v7duaymysz9-session-7b0483bd0b8a-lifetime-10:***@rp.scrapegw.com:6060	ConnectionTimeoutError: Connection timeout to host https://discord.com/api/v9/unique-username/username-attempt-unauthed
2026-09-01 18:30:05	NETWORK	hkem	attempt=1	proxy=http://wiw4v7duaymysz9-session-f3108770e8f8-lifetime-10:***@rp.scrapegw.com:6060	ConnectionTimeoutError: Connection timeout to host https://discord.com/api/v9/unique-username/username-attempt-unauthed
2026-09-01 18:30:05	NETWORK	hkfu	attempt=1	proxy=http://wiw4v7duaymysz9-session-34735f9495cf-lifetime-10:***@rp.scrapegw.com:6060	ConnectionTimeoutError: Connection timeout to host https://discord.com/api/v9/unique-username/username-attempt-unauthed
2026-09-01 18:30:05	NETWORK	hkhy	attempt=1	proxy=http://wiw4v7duaymysz9-session-3cec833c2e05-lifetime-10:***@rp.scrapegw.com:6060	ConnectionTimeoutError: Connection timeout to host https://discord.com/api/v9/unique-username/username-attempt-unauthed
2026-09-01 18:30:05	NETWORK	hkeq	attempt=1	proxy=http://wiw4v7duaymysz9-session-9e9b83f6b74d-lifetime-10:***@rp.scrapegw.com:6060	ConnectionTimeoutError: Connection timeout to host https://discord.com/api/v9/unique-username/username-attempt-unauthed
2026-09-01 18:30:05	NETWORK	hkii	attempt=1	proxy=http://wiw4v7duaymysz9-session-b1ce456b3aa6-lifetime-10:***@rp.scrapegw.com:6060	ConnectionTimeoutError: Connection timeout to host https://discord.com/api/v9/unique-username/username-attempt-unauthed
2026-09-01 18:30:05	NETWORK	hkft	attempt=1	proxy=http://wiw4v7duaymysz9-session-2523283fea21-lifetime-10:***@rp.scrapegw.com:6060	ConnectionTimeoutError: Connection timeout to host https://discord.com/api/v9/unique-username/username-attempt-unauthed
2026-09-01 18:30:05	NETWORK	hkfb	attempt=1	proxy=http://wiw4v7duaymysz9-session-0c3ac87411af-lifetime-10:***@rp.scrapegw.com:6060	ConnectionTimeoutError: Connection timeout to host https://discord.com/api/v9/unique-username/username-attempt-unauthed
2026-09-01 18:30:05	NETWORK	hkjv	attempt=1	proxy=http://wiw4v7duaymysz9-session-04d4b16ce435-lifetime-10:***@rp.scrapegw.com:6060	ConnectionTimeoutError: Connection timeout to host https://discord.com/api/v9/unique-username/username-attempt-unauthed
2026-09-01 18:30:05	NETWORK	hkjk	attempt=1	proxy=http://wiw4v7duaymysz9-session-a0cdbefe887b-lifetime-10:***@rp.scrapegw.com:6060	ConnectionTimeoutError: Connection timeout to host https://discord.com/api/v9/unique-username/username-attempt-unauthed
2026-09-01 18:30:05	NETWORK	hkjt	attempt=1	proxy=http://wiw4v7duaymysz9-session-df1038f0973e-lifetime-10:***@rp.scrapegw.com:6060	ConnectionTimeoutError: Connection timeout to host https://discord.com/api/v9/unique-username/username-attempt-unauthed
2026-09-01 18:30:05	NETWORK	hkid	attempt=1	proxy=http://wiw4v7duaymysz9-session-2b56645941bd-lifetime-10:***@rp.scrapegw.com:6060	ConnectionTimeoutError: Connection timeout to host https://discord.com/api/v9/unique-username/username-attempt-unauthed
2026-09-01 18:30:05	NETWORK	hkky	attempt=1	proxy=http://wiw4v7duaymysz9-session-c00f8eea690e-lifetime-10:***@rp.scrapegw.com:6060	ConnectionTimeoutError: Connection timeout to host https://discord.com/api/v9/unique-username/username-attempt-unauthed
2026-09-01 18:30:05	NETWORK	hkfh	attempt=1	proxy=http://wiw4v7duaymysz9-session-d14ac6bf19f6-lifetime-10:***@rp.scrapegw.com:6060	ConnectionTimeoutError: Connection timeout to host https://discord.com/api/v9/unique-username/username-attempt-unauthed
2026-09-01 18:30:06	HTTP_429	hnki	attempt=1	proxy=http://wiw4v7duaymysz9-session-1f2688c17d29-lifetime-10:***@rp.scrapegw.com:6060	scope=shared global=False retry_after=2052.00s
2026-09-01 18:30:06	NETWORK	hmja	attempt=1	proxy=http://wiw4v7duaymysz9-session-45784b3f8513-lifetime-10:***@rp.scrapegw.com:6060	ClientConnectorError: Cannot connect to host discord.com:443 ssl:default [Connection reset by peer]
2026-09-01 18:30:06	HTTP_429	hnet	attempt=1	proxy=http://wiw4v7duaymysz9-session-49bfa797efd7-lifetime-10:***@rp.scrapegw.com:6060	scope=shared global=False retry_after=108.00s
2026-09-01 18:30:06	NETWORK	hljl	attempt=1	proxy=http://wiw4v7duaymysz9-session-5f8f5931ba67-lifetime-10:***@rp.scrapegw.com:6060	ClientConnectorError: Cannot connect to host discord.com:443 ssl:default [Connection reset by peer]
2026-09-01 18:30:06	NETWORK	hlch	attempt=1	proxy=http://wiw4v7duaymysz9-session-bce899261861-lifetime-10:***@rp.scrapegw.com:6060	ClientConnectorError: Cannot connect to host discord.com:443 ssl:default [Connection reset by peer]
2026-09-01 18:30:06	NETWORK	hkon	attempt=1	proxy=http://wiw4v7duaymysz9-session-d875a09963dc-lifetime-10:***@rp.scrapegw.com:6060	ConnectionTimeoutError: Connection timeout to host https://discord.com/api/v9/unique-username/username-attempt-unauthed
2026-09-01 18:30:06	NETWORK	hkmd	attempt=1	proxy=http://wiw4v7duaymysz9-session-adad772e1e9b-lifetime-10:***@rp.scrapegw.com:6060	ConnectionTimeoutError: Connection timeout to host https://discord.com/api/v9/unique-username/username-attempt-unauthed
2026-09-01 18:30:06	NETWORK	hkoo	attempt=1	proxy=http://wiw4v7duaymysz9-session-790d6548fbef-lifetime-10:***@rp.scrapegw.com:6060	ConnectionTimeoutError: Connection timeout to host https://discord.com/api/v9/unique-username/username-attempt-unauthed
2026-09-01 18:30:06	NETWORK	hkqp	attempt=1	proxy=http://wiw4v7duaymysz9-session-0e8249525117-lifetime-10:***@rp.scrapegw.com:6060	ConnectionTimeoutError: Connection timeout to host https://discord.com/api/v9/unique-username/username-attempt-unauthed
2026-09-01 18:30:06	NETWORK	hkmk	attempt=1	proxy=http://wiw4v7duaymysz9-session-5a8798ebd58d-lifetime-10:***@rp.scrapegw.com:6060	ConnectionTimeoutError: Connection timeout to host https://discord.com/api/v9/unique-username/username-attempt-unauthed
2026-09-01 18:30:06	NETWORK	hknw	attempt=1	proxy=http://wiw4v7duaymysz9-session-3dcc81b5a58f-lifetime-10:***@rp.scrapegw.com:6060	ConnectionTimeoutError: Connection timeout to host https://discord.com/api/v9/unique-username/username-attempt-unauthed
2026-09-01 18:30:06	NETWORK	hkqq	attempt=1	proxy=http://wiw4v7duaymysz9-session-f7eaa11ad082-lifetime-10:***@rp.scrapegw.com:6060	ConnectionTimeoutError: Connection timeout to host https://discord.com/api/v9/unique-username/username-attempt-unauthed
2026-09-01 18:30:06	NETWORK	hkrw	attempt=1	proxy=http://wiw4v7duaymysz9-session-9f0607e0f4e3-lifetime-10:***@rp.scrapegw.com:6060	ConnectionTimeoutError: Connection timeout to host https://discord.com/api/v9/unique-username/username-attempt-unauthed
2026-09-01 18:30:06	NETWORK	hkrk	attempt=1	proxy=http://wiw4v7duaymysz9-session-8fb94315806c-lifetime-10:***@rp.scrapegw.com:6060	ConnectionTimeoutError: Connection timeout to host https://discord.com/api/v9/unique-username/username-attempt-unauthed
2026-09-01 18:30:06	NETWORK	hkqo	attempt=1	proxy=http://wiw4v7duaymysz9-session-f3469f875863-lifetime-10:***@rp.scrapegw.com:6060	ConnectionTimeoutError: Connection timeout to host https://discord.com/api/v9/unique-username/username-attempt-unauthed
2026-09-01 18:30:06	NETWORK	hkpo	attempt=1	proxy=http://wiw4v7duaymysz9-session-7a476276bb61-lifetime-10:***@rp.scrapegw.com:6060	ConnectionTimeoutError: Connection timeout to host https://discord.com/api/v9/unique-username/username-attempt-unauthed
2026-09-01 18:30:06	NETWORK	hkrr	attempt=1	proxy=http://wiw4v7duaymysz9-session-6feb75aaaf27-lifetime-10:***@rp.scrapegw.com:6060	ConnectionTimeoutError: Connection timeout to host https://discord.com/api/v9/unique-username/username-attempt-unauthed
2026-09-01 18:30:06	NETWORK	hkpi	attempt=1	proxy=http://wiw4v7duaymysz9-session-f94fd41f4384-lifetime-10:***@rp.scrapegw.com:6060	ConnectionTimeoutError: Connection timeout to host https://discord.com/api/v9/unique-username/username-attempt-unauthed
2026-09-01 18:30:06	NETWORK	hkmv	attempt=1	proxy=http://wiw4v7duaymysz9-session-4ebd57909edf-lifetime-10:***@rp.scrapegw.com:6060	ConnectionTimeoutError: Connection timeout to host https://discord.com/api/v9/unique-username/username-attempt-unauthed
2026-09-01 18:30:06	NETWORK	hkmz	attempt=1	proxy=http://wiw4v7duaymysz9-session-08b9e792aafd-lifetime-10:***@rp.scrapegw.com:6060	ConnectionTimeoutError: Connection timeout to host https://discord.com/api/v9/unique-username/username-attempt-unauthed
2026-09-01 18:30:06	NETWORK	hkpn	attempt=1	proxy=http://wiw4v7duaymysz9-session-3beb14d06a71-lifetime-10:***@rp.scrapegw.com:6060	ConnectionTimeoutError: Connection timeout to host https://discord.com/api/v9/unique-username/username-attempt-unauthed
2026-09-01 18:30:06	NETWORK	hknk	attempt=1	proxy=http://wiw4v7duaymysz9-session-c11e85e0638e-lifetime-10:***@rp.scrapegw.com:6060	ConnectionTimeoutError: Connection timeout to host https://discord.com/api/v9/unique-username/username-attempt-unauthed
2026-09-01 18:30:06	NETWORK	hkos	attempt=1	proxy=http://wiw4v7duaymysz9-session-355e26b69ae0-lifetime-10:***@rp.scrapegw.com:6060	ConnectionTimeoutError: Connection timeout to host https://discord.com/api/v9/unique-username/username-attempt-unauthed
2026-09-01 18:30:06	NETWORK	hkrq	attempt=1	proxy=http://wiw4v7duaymysz9-session-7d3b68050e2e-lifetime-10:***@rp.scrapegw.com:6060	ConnectionTimeoutError: Connection timeout to host https://discord.com/api/v9/unique-username/username-attempt-unauthed
2026-09-01 18:30:06	NETWORK	hklz	attempt=1	proxy=http://wiw4v7duaymysz9-session-9c579270134c-lifetime-10:***@rp.scrapegw.com:6060	ConnectionTimeoutError: Connection timeout to host https://discord.com/api/v9/unique-username/username-attempt-unauthed
2026-09-01 18:30:06	NETWORK	hkoi	attempt=1	proxy=http://wiw4v7duaymysz9-session-c53760eb33d0-lifetime-10:***@rp.scrapegw.com:6060	ConnectionTimeoutError: Connection timeout to host https://discord.com/api/v9/unique-username/username-attempt-unauthed
2026-09-01 18:30:06	NETWORK	hkqy	attempt=1	proxy=http://wiw4v7duaymysz9-session-c6e657d3af05-lifetime-10:***@rp.scrapegw.com:6060	ConnectionTimeoutError: Connection timeout to host https://discord.com/api/v9/unique-username/username-attempt-unauthed
2026-09-01 18:30:06	NETWORK	hkqg	attempt=1	proxy=http://wiw4v7duaymysz9-session-e1851b4eb08b-lifetime-10:***@rp.scrapegw.com:6060	ConnectionTimeoutError: Connection timeout to host https://discord.com/api/v9/unique-username/username-attempt-unauthed
2026-09-01 18:30:06	NETWORK	hkpv	attempt=1	proxy=http://wiw4v7duaymysz9-session-7d63ab4bf206-lifetime-10:***@rp.scrapegw.com:6060	ConnectionTimeoutError: Connection timeout to host https://discord.com/api/v9/unique-username/username-attempt-unauthed
2026-09-01 18:30:06	NETWORK	hkpg	attempt=1	proxy=http://wiw4v7duaymysz9-session-c7f42e8b06a6-lifetime-10:***@rp.scrapegw.com:6060	ConnectionTimeoutError: Connection timeout to host https://discord.com/api/v9/unique-username/username-attempt-unauthed
2026-09-01 18:30:06	NETWORK	hkne	attempt=1	proxy=http://wiw4v7duaymysz9-session-90d4de31348a-lifetime-10:***@rp.scrapegw.com:6060	ConnectionTimeoutError: Connection timeout to host https://discord.com/api/v9/unique-username/username-attempt-unauthed
2026-09-01 18:30:06	NETWORK	hkpa	attempt=1	proxy=http://wiw4v7duaymysz9-session-eef13c04ece6-lifetime-10:***@rp.scrapegw.com:6060	ConnectionTimeoutError: Connection timeout to host https://discord.com/api/v9/unique-username/username-attempt-unauthed
2026-09-01 18:30:06	NETWORK	hknq	attempt=1	proxy=http://wiw4v7duaymysz9-session-09e7b9f41979-lifetime-10:***@rp.scrapegw.com:6060	ConnectionTimeoutError: Connection timeout to host https://discord.com/api/v9/unique-username/username-attempt-unauthed
2026-09-01 18:30:06	NETWORK	hkox	attempt=1	proxy=http://wiw4v7duaymysz9-session-05b3757adb58-lifetime-10:***@rp.scrapegw.com:6060	ConnectionTimeoutError: Connection timeout to host https://discord.com/api/v9/unique-username/username-attempt-unauthed
2026-09-01 18:30:06	NETWORK	hkmh	attempt=1	proxy=http://wiw4v7duaymysz9-session-a8e8a96125cc-lifetime-10:***@rp.scrapegw.com:6060	ConnectionTimeoutError: Connection timeout to host https://discord.com/api/v9/unique-username/username-attempt-unauthed
2026-09-01 18:30:06	NETWORK	hkps	attempt=1	proxy=http://wiw4v7duaymysz9-session-9a82bea567fd-lifetime-10:***@rp.scrapegw.com:6060	ConnectionTimeoutError: Connection timeout to host https://discord.com/api/v9/unique-username/username-attempt-unauthed
2026-09-01 18:30:06	HTTP_429	hnpx	attempt=1	proxy=http://wiw4v7duaymysz9-session-568fc370df9f-lifetime-10:***@rp.scrapegw.com:6060	scope=shared global=False retry_after=2056.00s
2026-09-01 18:30:07	NETWORK	hnql	attempt=1	proxy=http://wiw4v7duaymysz9-session-f1f1be9cd691-lifetime-10:***@rp.scrapegw.com:6060	ServerDisconnectedError: Server disconnected
2026-09-01 18:30:07	HTTP_429	hnrd	attempt=1	proxy=http://wiw4v7duaymysz9-session-ff0548860c63-lifetime-10:***@rp.scrapegw.com:6060	scope=shared global=False retry_after=2050.00s
2026-09-01 18:30:07	NETWORK	hlrb	attempt=1	proxy=http://wiw4v7duaymysz9-session-57e6c3aefc68-lifetime-10:***@rp.scrapegw.com:6060	ClientConnectorError: Cannot connect to host discord.com:443 ssl:default [Connection reset by peer]
2026-09-01 18:30:07	NETWORK	hkwi	attempt=1	proxy=http://wiw4v7duaymysz9-session-019ecc31b714-lifetime-10:***@rp.scrapegw.com:6060	ConnectionTimeoutError: Connection timeout to host https://discord.com/api/v9/unique-username/username-attempt-unauthed
2026-09-01 18:30:07	NETWORK	hkxp	attempt=1	proxy=http://wiw4v7duaymysz9-session-f0957565daf5-lifetime-10:***@rp.scrapegw.com:6060	ConnectionTimeoutError: Connection timeout to host https://discord.com/api/v9/unique-username/username-attempt-unauthed
2026-09-01 18:30:07	NETWORK	hksj	attempt=1	proxy=http://wiw4v7duaymysz9-session-ca230942369e-lifetime-10:***@rp.scrapegw.com:6060	ConnectionTimeoutError: Connection timeout to host https://discord.com/api/v9/unique-username/username-attempt-unauthed
2026-09-01 18:30:07	NETWORK	hktc	attempt=1	proxy=http://wiw4v7duaymysz9-session-9dbe32850d9c-lifetime-10:***@rp.scrapegw.com:6060	ConnectionTimeoutError: Connection timeout to host https://discord.com/api/v9/unique-username/username-attempt-unauthed
2026-09-01 18:30:07	NETWORK	hkuu	attempt=1	proxy=http://wiw4v7duaymysz9-session-2a1c1a75fd49-lifetime-10:***@rp.scrapegw.com:6060	ConnectionTimeoutError: Connection timeout to host https://discord.com/api/v9/unique-username/username-attempt-unauthed
2026-09-01 18:30:07	NETWORK	hkvc	attempt=1	proxy=http://wiw4v7duaymysz9-session-50261b9f8a65-lifetime-10:***@rp.scrapegw.com:6060	ConnectionTimeoutError: Connection timeout to host https://discord.com/api/v9/unique-username/username-attempt-unauthed
2026-09-01 18:30:07	NETWORK	hkyv	attempt=1	proxy=http://wiw4v7duaymysz9-session-3da2f240e5f2-lifetime-10:***@rp.scrapegw.com:6060	ConnectionTimeoutError: Connection timeout to host https://discord.com/api/v9/unique-username/username-attempt-unauthed
2026-09-01 18:30:07	NETWORK	hkvq	attempt=1	proxy=http://wiw4v7duaymysz9-session-ca6354534388-lifetime-10:***@rp.scrapegw.com:6060	ConnectionTimeoutError: Connection timeout to host https://discord.com/api/v9/unique-username/username-attempt-unauthed
2026-09-01 18:30:07	NETWORK	hkyr	attempt=1	proxy=http://wiw4v7duaymysz9-session-bde5fd1e6f72-lifetime-10:***@rp.scrapegw.com:6060	ConnectionTimeoutError: Connection timeout to host https://discord.com/api/v9/unique-username/username-attempt-unauthed
2026-09-01 18:30:07	NETWORK	hkyg	attempt=1	proxy=http://wiw4v7duaymysz9-session-db1cff0198ec-lifetime-10:***@rp.scrapegw.com:6060	ConnectionTimeoutError: Connection timeout to host https://discord.com/api/v9/unique-username/username-attempt-unauthed
2026-09-01 18:30:07	NETWORK	hkyf	attempt=1	proxy=http://wiw4v7duaymysz9-session-b281e4a81494-lifetime-10:***@rp.scrapegw.com:6060	ConnectionTimeoutError: Connection timeout to host https://discord.com/api/v9/unique-username/username-attempt-unauthed
2026-09-01 18:30:07	NETWORK	hkwu	attempt=1	proxy=http://wiw4v7duaymysz9-session-6cc69b53d048-lifetime-10:***@rp.scrapegw.com:6060	ConnectionTimeoutError: Connection timeout to host https://discord.com/api/v9/unique-username/username-attempt-unauthed
2026-09-01 18:30:07	NETWORK	hkwc	attempt=1	proxy=http://wiw4v7duaymysz9-session-f581754b79d7-lifetime-10:***@rp.scrapegw.com:6060	ConnectionTimeoutError: Connection timeout to host https://discord.com/api/v9/unique-username/username-attempt-unauthed
2026-09-01 18:30:07	NETWORK	hkwb	attempt=1	proxy=http://wiw4v7duaymysz9-session-ad370e2c3213-lifetime-10:***@rp.scrapegw.com:6060	ConnectionTimeoutError: Connection timeout to host https://discord.com/api/v9/unique-username/username-attempt-unauthed
2026-09-01 18:30:07	NETWORK	hkvu	attempt=1	proxy=http://wiw4v7duaymysz9-session-d59284dbe1f3-lifetime-10:***@rp.scrapegw.com:6060	ConnectionTimeoutError: Connection timeout to host https://discord.com/api/v9/unique-username/username-attempt-unauthed
2026-09-01 18:30:07	NETWORK	hkvy	attempt=1	proxy=http://wiw4v7duaymysz9-session-2807e8615cb8-lifetime-10:***@rp.scrapegw.com:6060	ConnectionTimeoutError: Connection timeout to host https://discord.com/api/v9/unique-username/username-attempt-unauthed
2026-09-01 18:30:07	NETWORK	hktq	attempt=1	proxy=http://wiw4v7duaymysz9-session-45784b3f8513-lifetime-10:***@rp.scrapegw.com:6060	ConnectionTimeoutError: Connection timeout to host https://discord.com/api/v9/unique-username/username-attempt-unauthed
2026-09-01 18:30:07	NETWORK	hktl	attempt=1	proxy=http://wiw4v7duaymysz9-session-c28921840a59-lifetime-10:***@rp.scrapegw.com:6060	ConnectionTimeoutError: Connection timeout to host https://discord.com/api/v9/unique-username/username-attempt-unauthed
2026-09-01 18:30:07	NETWORK	hktg	attempt=1	proxy=http://wiw4v7duaymysz9-session-b546cc3a833c-lifetime-10:***@rp.scrapegw.com:6060	ConnectionTimeoutError: Connection timeout to host https://discord.com/api/v9/unique-username/username-attempt-unauthed
2026-09-01 18:30:07	NETWORK	hkua	attempt=1	proxy=http://wiw4v7duaymysz9-session-d739771c38a3-lifetime-10:***@rp.scrapegw.com:6060	ConnectionTimeoutError: Connection timeout to host https://discord.com/api/v9/unique-username/username-attempt-unauthed
2026-09-01 18:30:07	NETWORK	hksv	attempt=1	proxy=http://wiw4v7duaymysz9-session-2e9622fd7292-lifetime-10:***@rp.scrapegw.com:6060	ConnectionTimeoutError: Connection timeout to host https://discord.com/api/v9/unique-username/username-attempt-unauthed
2026-09-01 18:30:07	NETWORK	hkut	attempt=1	proxy=http://wiw4v7duaymysz9-session-0b5f2077b354-lifetime-10:***@rp.scrapegw.com:6060	ConnectionTimeoutError: Connection timeout to host https://discord.com/api/v9/unique-username/username-attempt-unauthed
2026-09-01 18:30:07	NETWORK	hkva	attempt=1	proxy=http://wiw4v7duaymysz9-session-d67cbe2cb283-lifetime-10:***@rp.scrapegw.com:6060	ConnectionTimeoutError: Connection timeout to host https://discord.com/api/v9/unique-username/username-attempt-unauthed
2026-09-01 18:30:07	NETWORK	hkvp	attempt=1	proxy=http://wiw4v7duaymysz9-session-8f38e4ee7001-lifetime-10:***@rp.scrapegw.com:6060	ConnectionTimeoutError: Connection timeout to host https://discord.com/api/v9/unique-username/username-attempt-unauthed
2026-09-01 18:30:07	NETWORK	hkyj	attempt=1	proxy=http://wiw4v7duaymysz9-session-cd0d68fca2d0-lifetime-10:***@rp.scrapegw.com:6060	ConnectionTimeoutError: Connection timeout to host https://discord.com/api/v9/unique-username/username-attempt-unauthed
2026-09-01 18:30:07	NETWORK	hkyo	attempt=1	proxy=http://wiw4v7duaymysz9-session-bb7c75533e68-lifetime-10:***@rp.scrapegw.com:6060	ConnectionTimeoutError: Connection timeout to host https://discord.com/api/v9/unique-username/username-attempt-unauthed
2026-09-01 18:30:07	NETWORK	hkxb	attempt=1	proxy=http://wiw4v7duaymysz9-session-d651052b6d4d-lifetime-10:***@rp.scrapegw.com:6060	ConnectionTimeoutError: Connection timeout to host https://discord.com/api/v9/unique-username/username-attempt-unauthed
2026-09-01 18:30:07	NETWORK	hkxa	attempt=1	proxy=http://wiw4v7duaymysz9-session-94a333c51e3b-lifetime-10:***@rp.scrapegw.com:6060	ConnectionTimeoutError: Connection timeout to host https://discord.com/api/v9/unique-username/username-attempt-unauthed
2026-09-01 18:30:07	NETWORK	hkwz	attempt=1	proxy=http://wiw4v7duaymysz9-session-31b1dad48d95-lifetime-10:***@rp.scrapegw.com:6060	ConnectionTimeoutError: Connection timeout to host https://discord.com/api/v9/unique-username/username-attempt-unauthed
2026-09-01 18:30:07	NETWORK	hkwf	attempt=1	proxy=http://wiw4v7duaymysz9-session-963b662dca21-lifetime-10:***@rp.scrapegw.com:6060	ConnectionTimeoutError: Connection timeout to host https://discord.com/api/v9/unique-username/username-attempt-unauthed
2026-09-01 18:30:07	NETWORK	hkvs	attempt=1	proxy=http://wiw4v7duaymysz9-session-716169841183-lifetime-10:***@rp.scrapegw.com:6060	ConnectionTimeoutError: Connection timeout to host https://discord.com/api/v9/unique-username/username-attempt-unauthed
2026-09-01 18:30:07	NETWORK	hkzb	attempt=1	proxy=http://wiw4v7duaymysz9-session-d1ff1f326bf2-lifetime-10:***@rp.scrapegw.com:6060	ConnectionTimeoutError: Connection timeout to host https://discord.com/api/v9/unique-username/username-attempt-unauthed
2026-09-01 18:30:07	NETWORK	hkss	attempt=1	proxy=http://wiw4v7duaymysz9-session-6ed46f1b9440-lifetime-10:***@rp.scrapegw.com:6060	ConnectionTimeoutError: Connection timeout to host https://discord.com/api/v9/unique-username/username-attempt-unauthed
2026-09-01 18:30:07	NETWORK	hkwm	attempt=1	proxy=http://wiw4v7duaymysz9-session-82adc7be4278-lifetime-10:***@rp.scrapegw.com:6060	ConnectionTimeoutError: Connection timeout to host https://discord.com/api/v9/unique-username/username-attempt-unauthed
2026-09-01 18:30:07	NETWORK	hkuc	attempt=1	proxy=http://wiw4v7duaymysz9-session-9f4f6bc39591-lifetime-10:***@rp.scrapegw.com:6060	ConnectionTimeoutError: Connection timeout to host https://discord.com/api/v9/unique-username/username-attempt-unauthed
2026-09-01 18:30:07	NETWORK	hkry	attempt=1	proxy=http://wiw4v7duaymysz9-session-0460a3447768-lifetime-10:***@rp.scrapegw.com:6060	ConnectionTimeoutError: Connection timeout to host https://discord.com/api/v9/unique-username/username-attempt-unauthed
2026-09-01 18:30:07	NETWORK	hkvg	attempt=1	proxy=http://wiw4v7duaymysz9-session-7b4a650fe072-lifetime-10:***@rp.scrapegw.com:6060	ConnectionTimeoutError: Connection timeout to host https://discord.com/api/v9/unique-username/username-attempt-unauthed
2026-09-01 18:30:07	NETWORK	hkzi	attempt=1	proxy=http://wiw4v7duaymysz9-session-f2569497a4e4-lifetime-10:***@rp.scrapegw.com:6060	ConnectionTimeoutError: Connection timeout to host https://discord.com/api/v9/unique-username/username-attempt-unauthed
2026-09-01 18:30:07	NETWORK	hktu	attempt=1	proxy=http://wiw4v7duaymysz9-session-4bfa1a5ef64b-lifetime-10:***@rp.scrapegw.com:6060	ConnectionTimeoutError: Connection timeout to host https://discord.com/api/v9/unique-username/username-attempt-unauthed
2026-09-01 18:30:07	NETWORK	hlpa	attempt=1	proxy=http://wiw4v7duaymysz9-session-80e1d1caf1ae-lifetime-10:***@rp.scrapegw.com:6060	ClientConnectorError: Cannot connect to host discord.com:443 ssl:default [Connection reset by peer]
2026-09-01 18:30:07	NETWORK	hlym	attempt=1	proxy=http://wiw4v7duaymysz9-session-04d4b16ce435-lifetime-10:***@rp.scrapegw.com:6060	ClientConnectorError: Cannot connect to host discord.com:443 ssl:default [Connection reset by peer]
2026-09-01 18:30:08	HTTP_429	hobz	attempt=1	proxy=http://wiw4v7duaymysz9-session-17bdeac8d826-lifetime-10:***@rp.scrapegw.com:6060	scope=shared global=False retry_after=2056.00s
2026-09-01 18:30:08	NETWORK	hmgt	attempt=1	proxy=http://wiw4v7duaymysz9-session-b83ef56e4c88-lifetime-10:***@rp.scrapegw.com:6060	ClientConnectorError: Cannot connect to host discord.com:443 ssl:default [Connection reset by peer]
2026-09-01 18:30:08	HTTP_429	hnyj	attempt=1	proxy=http://wiw4v7duaymysz9-session-42120e583358-lifetime-10:***@rp.scrapegw.com:6060	scope=shared global=False retry_after=2054.00s
2026-09-01 18:30:08	HTTP_429	hobx	attempt=1	proxy=http://wiw4v7duaymysz9-session-3540a9b148ff-lifetime-10:***@rp.scrapegw.com:6060	scope=shared global=False retry_after=1136.00s
2026-09-01 18:30:08	NETWORK	hlbz	attempt=1	proxy=http://wiw4v7duaymysz9-session-13cec2d723bc-lifetime-10:***@rp.scrapegw.com:6060	ClientConnectorError: Cannot connect to host discord.com:443 ssl:default [Connection reset by peer]
2026-09-01 18:30:08	NETWORK	hlco	attempt=1	proxy=http://wiw4v7duaymysz9-session-6e6d693a7787-lifetime-10:***@rp.scrapegw.com:6060	ConnectionTimeoutError: Connection timeout to host https://discord.com/api/v9/unique-username/username-attempt-unauthed
2026-09-01 18:30:08	NETWORK	hlcy	attempt=1	proxy=http://wiw4v7duaymysz9-session-b249ce2fc604-lifetime-10:***@rp.scrapegw.com:6060	ConnectionTimeoutError: Connection timeout to host https://discord.com/api/v9/unique-username/username-attempt-unauthed
2026-09-01 18:30:08	NETWORK	hlgy	attempt=1	proxy=http://wiw4v7duaymysz9-session-ca713d7426da-lifetime-10:***@rp.scrapegw.com:6060	ConnectionTimeoutError: Connection timeout to host https://discord.com/api/v9/unique-username/username-attempt-unauthed
2026-09-01 18:30:08	NETWORK	hlei	attempt=1	proxy=http://wiw4v7duaymysz9-session-7cd155f7b10d-lifetime-10:***@rp.scrapegw.com:6060	ConnectionTimeoutError: Connection timeout to host https://discord.com/api/v9/unique-username/username-attempt-unauthed
2026-09-01 18:30:08	NETWORK	hlfr	attempt=1	proxy=http://wiw4v7duaymysz9-session-ab0f7eecd699-lifetime-10:***@rp.scrapegw.com:6060	ConnectionTimeoutError: Connection timeout to host https://discord.com/api/v9/unique-username/username-attempt-unauthed
2026-09-01 18:30:08	NETWORK	hlfe	attempt=1	proxy=http://wiw4v7duaymysz9-session-f01b20a49343-lifetime-10:***@rp.scrapegw.com:6060	ConnectionTimeoutError: Connection timeout to host https://discord.com/api/v9/unique-username/username-attempt-unauthed
2026-09-01 18:30:08	NETWORK	hleq	attempt=1	proxy=http://wiw4v7duaymysz9-session-7bd7e4f4e3a2-lifetime-10:***@rp.scrapegw.com:6060	ConnectionTimeoutError: Connection timeout to host https://discord.com/api/v9/unique-username/username-attempt-unauthed
2026-09-01 18:30:08	NETWORK	hlec	attempt=1	proxy=http://wiw4v7duaymysz9-session-d274073d8469-lifetime-10:***@rp.scrapegw.com:6060	ConnectionTimeoutError: Connection timeout to host https://discord.com/api/v9/unique-username/username-attempt-unauthed
2026-09-01 18:30:08	NETWORK	hlea	attempt=1	proxy=http://wiw4v7duaymysz9-session-d66a0a7d190d-lifetime-10:***@rp.scrapegw.com:6060	ConnectionTimeoutError: Connection timeout to host https://discord.com/api/v9/unique-username/username-attempt-unauthed
2026-09-01 18:30:08	NETWORK	hlbv	attempt=1	proxy=http://wiw4v7duaymysz9-session-9593ceddd637-lifetime-10:***@rp.scrapegw.com:6060	ConnectionTimeoutError: Connection timeout to host https://discord.com/api/v9/unique-username/username-attempt-unauthed
2026-09-01 18:30:08	NETWORK	hlbw	attempt=1	proxy=http://wiw4v7duaymysz9-session-8ba2491e265f-lifetime-10:***@rp.scrapegw.com:6060	ConnectionTimeoutError: Connection timeout to host https://discord.com/api/v9/unique-username/username-attempt-unauthed
2026-09-01 18:30:08	NETWORK	hldm	attempt=1	proxy=http://wiw4v7duaymysz9-session-3288a2779b77-lifetime-10:***@rp.scrapegw.com:6060	ConnectionTimeoutError: Connection timeout to host https://discord.com/api/v9/unique-username/username-attempt-unauthed
2026-09-01 18:30:08	NETWORK	hlap	attempt=1	proxy=http://wiw4v7duaymysz9-session-cac2a465bb7c-lifetime-10:***@rp.scrapegw.com:6060	ConnectionTimeoutError: Connection timeout to host https://discord.com/api/v9/unique-username/username-attempt-unauthed
2026-09-01 18:30:08	NETWORK	hlak	attempt=1	proxy=http://wiw4v7duaymysz9-session-beaa8ec620ca-lifetime-10:***@rp.scrapegw.com:6060	ConnectionTimeoutError: Connection timeout to host https://discord.com/api/v9/unique-username/username-attempt-unauthed
2026-09-01 18:30:08	NETWORK	hldd	attempt=1	proxy=http://wiw4v7duaymysz9-session-98dade165825-lifetime-10:***@rp.scrapegw.com:6060	ConnectionTimeoutError: Connection timeout to host https://discord.com/api/v9/unique-username/username-attempt-unauthed
2026-09-01 18:30:08	NETWORK	hkzx	attempt=1	proxy=http://wiw4v7duaymysz9-session-ed2cc52c968f-lifetime-10:***@rp.scrapegw.com:6060	ConnectionTimeoutError: Connection timeout to host https://discord.com/api/v9/unique-username/username-attempt-unauthed
2026-09-01 18:30:08	NETWORK	hlcl	attempt=1	proxy=http://wiw4v7duaymysz9-session-6b8f9d87d365-lifetime-10:***@rp.scrapegw.com:6060	ConnectionTimeoutError: Connection timeout to host https://discord.com/api/v9/unique-username/username-attempt-unauthed
2026-09-01 18:30:08	NETWORK	hlcr	attempt=1	proxy=http://wiw4v7duaymysz9-session-324aba97d7c1-lifetime-10:***@rp.scrapegw.com:6060	ConnectionTimeoutError: Connection timeout to host https://discord.com/api/v9/unique-username/username-attempt-unauthed
2026-09-01 18:30:08	NETWORK	hlaa	attempt=1	proxy=http://wiw4v7duaymysz9-session-abe5ac6c8d21-lifetime-10:***@rp.scrapegw.com:6060	ConnectionTimeoutError: Connection timeout to host https://discord.com/api/v9/unique-username/username-attempt-unauthed
2026-09-01 18:30:08	NETWORK	hlgb	attempt=1	proxy=http://wiw4v7duaymysz9-session-e27d892061b2-lifetime-10:***@rp.scrapegw.com:6060	ConnectionTimeoutError: Connection timeout to host https://discord.com/api/v9/unique-username/username-attempt-unauthed
2026-09-01 18:30:08	NETWORK	hlfo	attempt=1	proxy=http://wiw4v7duaymysz9-session-fe93f0a31122-lifetime-10:***@rp.scrapegw.com:6060	ConnectionTimeoutError: Connection timeout to host https://discord.com/api/v9/unique-username/username-attempt-unauthed
2026-09-01 18:30:08	NETWORK	hlfd	attempt=1	proxy=http://wiw4v7duaymysz9-session-894c53362f65-lifetime-10:***@rp.scrapegw.com:6060	ConnectionTimeoutError: Connection timeout to host https://discord.com/api/v9/unique-username/username-attempt-unauthed
2026-09-01 18:30:08	NETWORK	hlem	attempt=1	proxy=http://wiw4v7duaymysz9-session-be3eed4a3927-lifetime-10:***@rp.scrapegw.com:6060	ConnectionTimeoutError: Connection timeout to host https://discord.com/api/v9/unique-username/username-attempt-unauthed
2026-09-01 18:30:08	NETWORK	hley	attempt=1	proxy=http://wiw4v7duaymysz9-session-1e83aec5aa63-lifetime-10:***@rp.scrapegw.com:6060	ConnectionTimeoutError: Connection timeout to host https://discord.com/api/v9/unique-username/username-attempt-unauthed
2026-09-01 18:30:08	NETWORK	hleh	attempt=1	proxy=http://wiw4v7duaymysz9-session-f9ae4c600eb8-lifetime-10:***@rp.scrapegw.com:6060	ConnectionTimeoutError: Connection timeout to host https://discord.com/api/v9/unique-username/username-attempt-unauthed
2026-09-01 18:30:08	NETWORK	hlgc	attempt=1	proxy=http://wiw4v7duaymysz9-session-409ecc3aae1d-lifetime-10:***@rp.scrapegw.com:6060	ConnectionTimeoutError: Connection timeout to host https://discord.com/api/v9/unique-username/username-attempt-unauthed
2026-09-01 18:30:08	NETWORK	hlgs	attempt=1	proxy=http://wiw4v7duaymysz9-session-21dfdcc42694-lifetime-10:***@rp.scrapegw.com:6060	ConnectionTimeoutError: Connection timeout to host https://discord.com/api/v9/unique-username/username-attempt-unauthed
2026-09-01 18:30:08	NETWORK	hlgp	attempt=1	proxy=http://wiw4v7duaymysz9-session-3e21a81b8c87-lifetime-10:***@rp.scrapegw.com:6060	ConnectionTimeoutError: Connection timeout to host https://discord.com/api/v9/unique-username/username-attempt-unauthed
2026-09-01 18:30:08	NETWORK	hlaw	attempt=1	proxy=http://wiw4v7duaymysz9-session-fc2ba29526b4-lifetime-10:***@rp.scrapegw.com:6060	ConnectionTimeoutError: Connection timeout to host https://discord.com/api/v9/unique-username/username-attempt-unauthed
2026-09-01 18:30:08	NETWORK	hlcf	attempt=1	proxy=http://wiw4v7duaymysz9-session-cce44aa78d82-lifetime-10:***@rp.scrapegw.com:6060	ConnectionTimeoutError: Connection timeout to host https://discord.com/api/v9/unique-username/username-attempt-unauthed
2026-09-01 18:30:08	NETWORK	hlfz	attempt=1	proxy=http://wiw4v7duaymysz9-session-95f85c2b699b-lifetime-10:***@rp.scrapegw.com:6060	ConnectionTimeoutError: Connection timeout to host https://discord.com/api/v9/unique-username/username-attempt-unauthed
2026-09-01 18:30:08	NETWORK	hlde	attempt=1	proxy=http://wiw4v7duaymysz9-session-97b98005eedf-lifetime-10:***@rp.scrapegw.com:6060	ConnectionTimeoutError: Connection timeout to host https://discord.com/api/v9/unique-username/username-attempt-unauthed
2026-09-01 18:30:08	NETWORK	hkzt	attempt=1	proxy=http://wiw4v7duaymysz9-session-1a82a570578a-lifetime-10:***@rp.scrapegw.com:6060	ConnectionTimeoutError: Connection timeout to host https://discord.com/api/v9/unique-username/username-attempt-unauthed
2026-09-01 18:30:08	NETWORK	hlel	attempt=1	proxy=http://wiw4v7duaymysz9-session-b65c41b62f29-lifetime-10:***@rp.scrapegw.com:6060	ConnectionTimeoutError: Connection timeout to host https://discord.com/api/v9/unique-username/username-attempt-unauthed
2026-09-01 18:30:08	NETWORK	hleb	attempt=1	proxy=http://wiw4v7duaymysz9-session-e498cff32360-lifetime-10:***@rp.scrapegw.com:6060	ConnectionTimeoutError: Connection timeout to host https://discord.com/api/v9/unique-username/username-attempt-unauthed
2026-09-01 18:30:08	NETWORK	hldo	attempt=1	proxy=http://wiw4v7duaymysz9-session-b4cba51e758c-lifetime-10:***@rp.scrapegw.com:6060	ConnectionTimeoutError: Connection timeout to host https://discord.com/api/v9/unique-username/username-attempt-unauthed
2026-09-01 18:30:08	NETWORK	hleg	attempt=1	proxy=http://wiw4v7duaymysz9-session-09186e167c8a-lifetime-10:***@rp.scrapegw.com:6060	ConnectionTimeoutError: Connection timeout to host https://discord.com/api/v9/unique-username/username-attempt-unauthed
2026-09-01 18:30:08	NETWORK	hkjg	attempt=1	proxy=http://wiw4v7duaymysz9-session-225d954e12b8-lifetime-10:***@rp.scrapegw.com:6060	ServerDisconnectedError: Server disconnected
2026-09-01 18:30:09	NETWORK	hogz	attempt=1	proxy=http://wiw4v7duaymysz9-session-b40c84d63f46-lifetime-10:***@rp.scrapegw.com:6060	ServerDisconnectedError: Server disconnected
2026-09-01 18:30:09	HTTP_429	hohv	attempt=1	proxy=http://wiw4v7duaymysz9-session-b6b63b324b13-lifetime-10:***@rp.scrapegw.com:6060	scope=shared global=False retry_after=2057.00s
2026-09-01 18:30:09	HTTP_429	homi	attempt=1	proxy=http://wiw4v7duaymysz9-session-a77477161c02-lifetime-10:***@rp.scrapegw.com:6060	scope=shared global=False retry_after=360.00s
2026-09-01 18:30:09	NETWORK	hlhj	attempt=1	proxy=http://wiw4v7duaymysz9-session-24a76c4cf36b-lifetime-10:***@rp.scrapegw.com:6060	ConnectionTimeoutError: Connection timeout to host https://discord.com/api/v9/unique-username/username-attempt-unauthed
2026-09-01 18:30:09	NETWORK	hljd	attempt=1	proxy=http://wiw4v7duaymysz9-session-9acb481718db-lifetime-10:***@rp.scrapegw.com:6060	ConnectionTimeoutError: Connection timeout to host https://discord.com/api/v9/unique-username/username-attempt-unauthed
2026-09-01 18:30:09	NETWORK	hlme	attempt=1	proxy=http://wiw4v7duaymysz9-session-09eef3e9fb52-lifetime-10:***@rp.scrapegw.com:6060	ConnectionTimeoutError: Connection timeout to host https://discord.com/api/v9/unique-username/username-attempt-unauthed
2026-09-01 18:30:09	NETWORK	hlih	attempt=1	proxy=http://wiw4v7duaymysz9-session-b25b53ccadb2-lifetime-10:***@rp.scrapegw.com:6060	ConnectionTimeoutError: Connection timeout to host https://discord.com/api/v9/unique-username/username-attempt-unauthed
2026-09-01 18:30:09	NETWORK	hlky	attempt=1	proxy=http://wiw4v7duaymysz9-session-1cc250a8b5eb-lifetime-10:***@rp.scrapegw.com:6060	ConnectionTimeoutError: Connection timeout to host https://discord.com/api/v9/unique-username/username-attempt-unauthed
2026-09-01 18:30:09	NETWORK	hlmb	attempt=1	proxy=http://wiw4v7duaymysz9-session-38a3e64ed0f2-lifetime-10:***@rp.scrapegw.com:6060	ConnectionTimeoutError: Connection timeout to host https://discord.com/api/v9/unique-username/username-attempt-unauthed
2026-09-01 18:30:09	NETWORK	hlnn	attempt=1	proxy=http://wiw4v7duaymysz9-session-5cdba3589532-lifetime-10:***@rp.scrapegw.com:6060	ConnectionTimeoutError: Connection timeout to host https://discord.com/api/v9/unique-username/username-attempt-unauthed
2026-09-01 18:30:09	NETWORK	hlhf	attempt=1	proxy=http://wiw4v7duaymysz9-session-5d9256dcd7fd-lifetime-10:***@rp.scrapegw.com:6060	ConnectionTimeoutError: Connection timeout to host https://discord.com/api/v9/unique-username/username-attempt-unauthed
2026-09-01 18:30:09	NETWORK	hlmn	attempt=1	proxy=http://wiw4v7duaymysz9-session-54992df540c8-lifetime-10:***@rp.scrapegw.com:6060	ConnectionTimeoutError: Connection timeout to host https://discord.com/api/v9/unique-username/username-attempt-unauthed
2026-09-01 18:30:09	NETWORK	hljt	attempt=1	proxy=http://wiw4v7duaymysz9-session-442440cc3a4b-lifetime-10:***@rp.scrapegw.com:6060	ConnectionTimeoutError: Connection timeout to host https://discord.com/api/v9/unique-username/username-attempt-unauthed
2026-09-01 18:30:09	NETWORK	hlkr	attempt=1	proxy=http://wiw4v7duaymysz9-session-d818edee107d-lifetime-10:***@rp.scrapegw.com:6060	ConnectionTimeoutError: Connection timeout to host https://discord.com/api/v9/unique-username/username-attempt-unauthed
2026-09-01 18:30:09	NETWORK	hllb	attempt=1	proxy=http://wiw4v7duaymysz9-session-65803c3a7209-lifetime-10:***@rp.scrapegw.com:6060	ConnectionTimeoutError: Connection timeout to host https://discord.com/api/v9/unique-username/username-attempt-unauthed
2026-09-01 18:30:09	NETWORK	hlmq	attempt=1	proxy=http://wiw4v7duaymysz9-session-4a8e9c4b363a-lifetime-10:***@rp.scrapegw.com:6060	ConnectionTimeoutError: Connection timeout to host https://discord.com/api/v9/unique-username/username-attempt-unauthed
2026-09-01 18:30:09	NETWORK	hlmc	attempt=1	proxy=http://wiw4v7duaymysz9-session-c76b545a4d17-lifetime-10:***@rp.scrapegw.com:6060	ConnectionTimeoutError: Connection timeout to host https://discord.com/api/v9/unique-username/username-attempt-unauthed
2026-09-01 18:30:09	NETWORK	hlid	attempt=1	proxy=http://wiw4v7duaymysz9-session-7fe894f122dc-lifetime-10:***@rp.scrapegw.com:6060	ConnectionTimeoutError: Connection timeout to host https://discord.com/api/v9/unique-username/username-attempt-unauthed
2026-09-01 18:30:09	NETWORK	hljy	attempt=1	proxy=http://wiw4v7duaymysz9-session-6b67d303cb12-lifetime-10:***@rp.scrapegw.com:6060	ConnectionTimeoutError: Connection timeout to host https://discord.com/api/v9/unique-username/username-attempt-unauthed
2026-09-01 18:30:09	NETWORK	hlns	attempt=1	proxy=http://wiw4v7duaymysz9-session-6077e42d17ba-lifetime-10:***@rp.scrapegw.com:6060	ConnectionTimeoutError: Connection timeout to host https://discord.com/api/v9/unique-username/username-attempt-unauthed
2026-09-01 18:30:09	NETWORK	hllq	attempt=1	proxy=http://wiw4v7duaymysz9-session-062b1357961b-lifetime-10:***@rp.scrapegw.com:6060	ConnectionTimeoutError: Connection timeout to host https://discord.com/api/v9/unique-username/username-attempt-unauthed
2026-09-01 18:30:09	NETWORK	hlmm	attempt=1	proxy=http://wiw4v7duaymysz9-session-7f7ffa43c77c-lifetime-10:***@rp.scrapegw.com:6060	ConnectionTimeoutError: Connection timeout to host https://discord.com/api/v9/unique-username/username-attempt-unauthed
2026-09-01 18:30:09	NETWORK	hlhq	attempt=1	proxy=http://wiw4v7duaymysz9-session-5c425b537a61-lifetime-10:***@rp.scrapegw.com:6060	ConnectionTimeoutError: Connection timeout to host https://discord.com/api/v9/unique-username/username-attempt-unauthed
2026-09-01 18:30:09	NETWORK	hlht	attempt=1	proxy=http://wiw4v7duaymysz9-session-cd93092c8e68-lifetime-10:***@rp.scrapegw.com:6060	ConnectionTimeoutError: Connection timeout to host https://discord.com/api/v9/unique-username/username-attempt-unauthed
2026-09-01 18:30:09	NETWORK	hlia	attempt=1	proxy=http://wiw4v7duaymysz9-session-31eaee16090b-lifetime-10:***@rp.scrapegw.com:6060	ConnectionTimeoutError: Connection timeout to host https://discord.com/api/v9/unique-username/username-attempt-unauthed
2026-09-01 18:30:09	NETWORK	hlla	attempt=1	proxy=http://wiw4v7duaymysz9-session-4a2396c2ae98-lifetime-10:***@rp.scrapegw.com:6060	ConnectionTimeoutError: Connection timeout to host https://discord.com/api/v9/unique-username/username-attempt-unauthed
2026-09-01 18:30:09	NETWORK	hlkv	attempt=1	proxy=http://wiw4v7duaymysz9-session-a9cb2c00a6e2-lifetime-10:***@rp.scrapegw.com:6060	ConnectionTimeoutError: Connection timeout to host https://discord.com/api/v9/unique-username/username-attempt-unauthed
2026-09-01 18:30:09	NETWORK	hljk	attempt=1	proxy=http://wiw4v7duaymysz9-session-cdb65f018577-lifetime-10:***@rp.scrapegw.com:6060	ConnectionTimeoutError: Connection timeout to host https://discord.com/api/v9/unique-username/username-attempt-unauthed
2026-09-01 18:30:09	NETWORK	hllc	attempt=1	proxy=http://wiw4v7duaymysz9-session-5be8e4e2edb5-lifetime-10:***@rp.scrapegw.com:6060	ConnectionTimeoutError: Connection timeout to host https://discord.com/api/v9/unique-username/username-attempt-unauthed
2026-09-01 18:30:09	NETWORK	hljm	attempt=1	proxy=http://wiw4v7duaymysz9-session-fb1ae045abb1-lifetime-10:***@rp.scrapegw.com:6060	ConnectionTimeoutError: Connection timeout to host https://discord.com/api/v9/unique-username/username-attempt-unauthed
2026-09-01 18:30:09	NETWORK	hlmy	attempt=1	proxy=http://wiw4v7duaymysz9-session-da4f0fb5420e-lifetime-10:***@rp.scrapegw.com:6060	ConnectionTimeoutError: Connection timeout to host https://discord.com/api/v9/unique-username/username-attempt-unauthed
2026-09-01 18:30:09	NETWORK	hlju	attempt=1	proxy=http://wiw4v7duaymysz9-session-31f54505ad6c-lifetime-10:***@rp.scrapegw.com:6060	ConnectionTimeoutError: Connection timeout to host https://discord.com/api/v9/unique-username/username-attempt-unauthed
2026-09-01 18:30:09	NETWORK	hljo	attempt=1	proxy=http://wiw4v7duaymysz9-session-020d0e44e23e-lifetime-10:***@rp.scrapegw.com:6060	ConnectionTimeoutError: Connection timeout to host https://discord.com/api/v9/unique-username/username-attempt-unauthed
2026-09-01 18:30:09	NETWORK	hlki	attempt=1	proxy=http://wiw4v7duaymysz9-session-4f103f148214-lifetime-10:***@rp.scrapegw.com:6060	ConnectionTimeoutError: Connection timeout to host https://discord.com/api/v9/unique-username/username-attempt-unauthed
2026-09-01 18:30:09	NETWORK	hlhe	attempt=1	proxy=http://wiw4v7duaymysz9-session-9115ae3ce486-lifetime-10:***@rp.scrapegw.com:6060	ConnectionTimeoutError: Connection timeout to host https://discord.com/api/v9/unique-username/username-attempt-unauthed
2026-09-01 18:30:09	NETWORK	hlmx	attempt=1	proxy=http://wiw4v7duaymysz9-session-182af0ceff5c-lifetime-10:***@rp.scrapegw.com:6060	ConnectionTimeoutError: Connection timeout to host https://discord.com/api/v9/unique-username/username-attempt-unauthed
2026-09-01 18:30:10	HTTP_429	hotu	attempt=1	proxy=http://wiw4v7duaymysz9-session-b77fdaf56c88-lifetime-10:***@rp.scrapegw.com:6060	scope=shared global=False retry_after=2055.00s
2026-09-01 18:30:10	HTTP_429	hljx	attempt=1	proxy=http://wiw4v7duaymysz9-session-8020e17cff68-lifetime-10:***@rp.scrapegw.com:6060	scope=shared global=False retry_after=885.00s
2026-09-01 18:30:10	NETWORK	hltt	attempt=1	proxy=http://wiw4v7duaymysz9-session-7e1b2bb710c3-lifetime-10:***@rp.scrapegw.com:6060	ConnectionTimeoutError: Connection timeout to host https://discord.com/api/v9/unique-username/username-attempt-unauthed
2026-09-01 18:30:10	NETWORK	hltu	attempt=1	proxy=http://wiw4v7duaymysz9-session-21eac50356c8-lifetime-10:***@rp.scrapegw.com:6060	ConnectionTimeoutError: Connection timeout to host https://discord.com/api/v9/unique-username/username-attempt-unauthed
2026-09-01 18:30:10	NETWORK	hlsp	attempt=1	proxy=http://wiw4v7duaymysz9-session-0ed6b30a63a0-lifetime-10:***@rp.scrapegw.com:6060	ConnectionTimeoutError: Connection timeout to host https://discord.com/api/v9/unique-username/username-attempt-unauthed
2026-09-01 18:30:10	NETWORK	hlpl	attempt=1	proxy=http://wiw4v7duaymysz9-session-35c5db758f8c-lifetime-10:***@rp.scrapegw.com:6060	ConnectionTimeoutError: Connection timeout to host https://discord.com/api/v9/unique-username/username-attempt-unauthed
2026-09-01 18:30:10	NETWORK	hlqp	attempt=1	proxy=http://wiw4v7duaymysz9-session-70165af6fd63-lifetime-10:***@rp.scrapegw.com:6060	ConnectionTimeoutError: Connection timeout to host https://discord.com/api/v9/unique-username/username-attempt-unauthed
2026-09-01 18:30:10	NETWORK	hlqw	attempt=1	proxy=http://wiw4v7duaymysz9-session-ba4c6399b099-lifetime-10:***@rp.scrapegw.com:6060	ConnectionTimeoutError: Connection timeout to host https://discord.com/api/v9/unique-username/username-attempt-unauthed
2026-09-01 18:30:10	NETWORK	hlre	attempt=1	proxy=http://wiw4v7duaymysz9-session-60584fcf725f-lifetime-10:***@rp.scrapegw.com:6060	ConnectionTimeoutError: Connection timeout to host https://discord.com/api/v9/unique-username/username-attempt-unauthed
2026-09-01 18:30:10	NETWORK	hlqa	attempt=1	proxy=http://wiw4v7duaymysz9-session-104ca0e345cb-lifetime-10:***@rp.scrapegw.com:6060	ConnectionTimeoutError: Connection timeout to host https://discord.com/api/v9/unique-username/username-attempt-unauthed
2026-09-01 18:30:10	NETWORK	hltm	attempt=1	proxy=http://wiw4v7duaymysz9-session-24f01302f5e3-lifetime-10:***@rp.scrapegw.com:6060	ConnectionTimeoutError: Connection timeout to host https://discord.com/api/v9/unique-username/username-attempt-unauthed
2026-09-01 18:30:10	NETWORK	hlpn	attempt=1	proxy=http://wiw4v7duaymysz9-session-81ce0405654d-lifetime-10:***@rp.scrapegw.com:6060	ConnectionTimeoutError: Connection timeout to host https://discord.com/api/v9/unique-username/username-attempt-unauthed
2026-09-01 18:30:10	NETWORK	hlqn	attempt=1	proxy=http://wiw4v7duaymysz9-session-e1e7f0fd293f-lifetime-10:***@rp.scrapegw.com:6060	ConnectionTimeoutError: Connection timeout to host https://discord.com/api/v9/unique-username/username-attempt-unauthed
2026-09-01 18:30:10	NETWORK	hlpp	attempt=1	proxy=http://wiw4v7duaymysz9-session-2efe505d4f08-lifetime-10:***@rp.scrapegw.com:6060	ConnectionTimeoutError: Connection timeout to host https://discord.com/api/v9/unique-username/username-attempt-unauthed
2026-09-01 18:30:10	NETWORK	hluj	attempt=1	proxy=http://wiw4v7duaymysz9-session-0c3ac87411af-lifetime-10:***@rp.scrapegw.com:6060	ConnectionTimeoutError: Connection timeout to host https://discord.com/api/v9/unique-username/username-attempt-unauthed
2026-09-01 18:30:10	NETWORK	hlru	attempt=1	proxy=http://wiw4v7duaymysz9-session-5eb74cfde815-lifetime-10:***@rp.scrapegw.com:6060	ConnectionTimeoutError: Connection timeout to host https://discord.com/api/v9/unique-username/username-attempt-unauthed
2026-09-01 18:30:10	NETWORK	hlnw	attempt=1	proxy=http://wiw4v7duaymysz9-session-73cdc960634b-lifetime-10:***@rp.scrapegw.com:6060	ConnectionTimeoutError: Connection timeout to host https://discord.com/api/v9/unique-username/username-attempt-unauthed
2026-09-01 18:30:10	NETWORK	hlro	attempt=1	proxy=http://wiw4v7duaymysz9-session-fe4ddf39e587-lifetime-10:***@rp.scrapegw.com:6060	ConnectionTimeoutError: Connection timeout to host https://discord.com/api/v9/unique-username/username-attempt-unauthed
2026-09-01 18:30:10	NETWORK	hlqs	attempt=1	proxy=http://wiw4v7duaymysz9-session-69b068501b21-lifetime-10:***@rp.scrapegw.com:6060	ConnectionTimeoutError: Connection timeout to host https://discord.com/api/v9/unique-username/username-attempt-unauthed
2026-09-01 18:30:10	NETWORK	hlpt	attempt=1	proxy=http://wiw4v7duaymysz9-session-8302f13c580c-lifetime-10:***@rp.scrapegw.com:6060	ConnectionTimeoutError: Connection timeout to host https://discord.com/api/v9/unique-username/username-attempt-unauthed
2026-09-01 18:30:10	NETWORK	hlpx	attempt=1	proxy=http://wiw4v7duaymysz9-session-7682b03515f5-lifetime-10:***@rp.scrapegw.com:6060	ConnectionTimeoutError: Connection timeout to host https://discord.com/api/v9/unique-username/username-attempt-unauthed
2026-09-01 18:30:10	NETWORK	hlso	attempt=1	proxy=http://wiw4v7duaymysz9-session-0c9863789e5d-lifetime-10:***@rp.scrapegw.com:6060	ConnectionTimeoutError: Connection timeout to host https://discord.com/api/v9/unique-username/username-attempt-unauthed
2026-09-01 18:30:10	NETWORK	hlox	attempt=1	proxy=http://wiw4v7duaymysz9-session-397d8ba1b7d3-lifetime-10:***@rp.scrapegw.com:6060	ConnectionTimeoutError: Connection timeout to host https://discord.com/api/v9/unique-username/username-attempt-unauthed
2026-09-01 18:30:10	NETWORK	hlov	attempt=1	proxy=http://wiw4v7duaymysz9-session-bf28a7349b85-lifetime-10:***@rp.scrapegw.com:6060	ConnectionTimeoutError: Connection timeout to host https://discord.com/api/v9/unique-username/username-attempt-unauthed
2026-09-01 18:30:10	NETWORK	hlnx	attempt=1	proxy=http://wiw4v7duaymysz9-session-dd0fa8cfc6b1-lifetime-10:***@rp.scrapegw.com:6060	ConnectionTimeoutError: Connection timeout to host https://discord.com/api/v9/unique-username/username-attempt-unauthed
2026-09-01 18:30:10	NETWORK	hlsu	attempt=1	proxy=http://wiw4v7duaymysz9-session-74401afcc22d-lifetime-10:***@rp.scrapegw.com:6060	ConnectionTimeoutError: Connection timeout to host https://discord.com/api/v9/unique-username/username-attempt-unauthed
2026-09-01 18:30:10	NETWORK	hltg	attempt=1	proxy=http://wiw4v7duaymysz9-session-d96acbda1a88-lifetime-10:***@rp.scrapegw.com:6060	ConnectionTimeoutError: Connection timeout to host https://discord.com/api/v9/unique-username/username-attempt-unauthed
2026-09-01 18:30:10	NETWORK	hlsj	attempt=1	proxy=http://wiw4v7duaymysz9-session-a6db7024b943-lifetime-10:***@rp.scrapegw.com:6060	ConnectionTimeoutError: Connection timeout to host https://discord.com/api/v9/unique-username/username-attempt-unauthed
2026-09-01 18:30:10	HTTP_429	hoyi	attempt=1	proxy=http://wiw4v7duaymysz9-session-da5f7019f2d4-lifetime-10:***@rp.scrapegw.com:6060	scope=shared global=False retry_after=557.00s
2026-09-01 18:30:10	HTTP_429	hozx	attempt=1	proxy=http://wiw4v7duaymysz9-session-1c1abc033a96-lifetime-10:***@rp.scrapegw.com:6060	scope=shared global=False retry_after=2059.00s
2026-09-01 18:30:11	NETWORK	hmme	attempt=1	proxy=http://wiw4v7duaymysz9-session-684920df66d1-lifetime-10:***@rp.scrapegw.com:6060	ClientConnectorError: Cannot connect to host discord.com:443 ssl:default [Connection reset by peer]
2026-09-01 18:30:11	HTTP_429	hpci	attempt=1	proxy=http://wiw4v7duaymysz9-session-be232a82bb86-lifetime-10:***@rp.scrapegw.com:6060	scope=shared global=False retry_after=2053.00s
2026-09-01 18:30:11	HTTP_429	hpcu	attempt=1	proxy=http://wiw4v7duaymysz9-session-811accf285b5-lifetime-10:***@rp.scrapegw.com:6060	scope=shared global=False retry_after=2053.00s
2026-09-01 18:30:11	HTTP_429	hnbx	attempt=1	proxy=http://wiw4v7duaymysz9-session-1c5848e59074-lifetime-10:***@rp.scrapegw.com:6060	scope=shared global=False retry_after=396.00s
2026-09-01 18:30:11	HTTP_429	hpen	attempt=1	proxy=http://wiw4v7duaymysz9-session-f06086e8c848-lifetime-10:***@rp.scrapegw.com:6060	scope=shared global=False retry_after=914.00s
2026-09-01 18:30:11	NETWORK	hlvo	attempt=1	proxy=http://wiw4v7duaymysz9-session-f1c4faf60c17-lifetime-10:***@rp.scrapegw.com:6060	ClientConnectorError: Cannot connect to host discord.com:443 ssl:default [Connection reset by peer]
2026-09-01 18:30:11	NETWORK	hmcm	attempt=1	proxy=http://wiw4v7duaymysz9-session-cbb39360d14c-lifetime-10:***@rp.scrapegw.com:6060	ConnectionTimeoutError: Connection timeout to host https://discord.com/api/v9/unique-username/username-attempt-unauthed
2026-09-01 18:30:11	NETWORK	hluk	attempt=1	proxy=http://wiw4v7duaymysz9-session-0c82699e0c33-lifetime-10:***@rp.scrapegw.com:6060	ConnectionTimeoutError: Connection timeout to host https://discord.com/api/v9/unique-username/username-attempt-unauthed
2026-09-01 18:30:11	NETWORK	hmdf	attempt=1	proxy=http://wiw4v7duaymysz9-session-df4da664c876-lifetime-10:***@rp.scrapegw.com:6060	ConnectionTimeoutError: Connection timeout to host https://discord.com/api/v9/unique-username/username-attempt-unauthed
2026-09-01 18:30:11	NETWORK	hmac	attempt=1	proxy=http://wiw4v7duaymysz9-session-6bca89563548-lifetime-10:***@rp.scrapegw.com:6060	ConnectionTimeoutError: Connection timeout to host https://discord.com/api/v9/unique-username/username-attempt-unauthed
2026-09-01 18:30:11	NETWORK	hlwx	attempt=1	proxy=http://wiw4v7duaymysz9-session-77dd5f2606f6-lifetime-10:***@rp.scrapegw.com:6060	ConnectionTimeoutError: Connection timeout to host https://discord.com/api/v9/unique-username/username-attempt-unauthed
2026-09-01 18:30:11	NETWORK	hlxm	attempt=1	proxy=http://wiw4v7duaymysz9-session-a37ab39f9a8b-lifetime-10:***@rp.scrapegw.com:6060	ConnectionTimeoutError: Connection timeout to host https://discord.com/api/v9/unique-username/username-attempt-unauthed
2026-09-01 18:30:11	NETWORK	hlxr	attempt=1	proxy=http://wiw4v7duaymysz9-session-755a70fb317f-lifetime-10:***@rp.scrapegw.com:6060	ConnectionTimeoutError: Connection timeout to host https://discord.com/api/v9/unique-username/username-attempt-unauthed
2026-09-01 18:30:11	NETWORK	hlvl	attempt=1	proxy=http://wiw4v7duaymysz9-session-2523283fea21-lifetime-10:***@rp.scrapegw.com:6060	ConnectionTimeoutError: Connection timeout to host https://discord.com/api/v9/unique-username/username-attempt-unauthed
2026-09-01 18:30:11	NETWORK	hlyg	attempt=1	proxy=http://wiw4v7duaymysz9-session-1525d3ae974b-lifetime-10:***@rp.scrapegw.com:6060	ConnectionTimeoutError: Connection timeout to host https://discord.com/api/v9/unique-username/username-attempt-unauthed
2026-09-01 18:30:11	NETWORK	hmbd	attempt=1	proxy=http://wiw4v7duaymysz9-session-a8e8a96125cc-lifetime-10:***@rp.scrapegw.com:6060	ConnectionTimeoutError: Connection timeout to host https://discord.com/api/v9/unique-username/username-attempt-unauthed
2026-09-01 18:30:11	NETWORK	hmao	attempt=1	proxy=http://wiw4v7duaymysz9-session-e2eeb7f20a8d-lifetime-10:***@rp.scrapegw.com:6060	ConnectionTimeoutError: Connection timeout to host https://discord.com/api/v9/unique-username/username-attempt-unauthed
2026-09-01 18:30:11	NETWORK	hlzd	attempt=1	proxy=http://wiw4v7duaymysz9-session-f1f1be9cd691-lifetime-10:***@rp.scrapegw.com:6060	ConnectionTimeoutError: Connection timeout to host https://discord.com/api/v9/unique-username/username-attempt-unauthed
2026-09-01 18:30:11	NETWORK	hlvy	attempt=1	proxy=http://wiw4v7duaymysz9-session-1dbd4aa35370-lifetime-10:***@rp.scrapegw.com:6060	ConnectionTimeoutError: Connection timeout to host https://discord.com/api/v9/unique-username/username-attempt-unauthed
2026-09-01 18:30:11	NETWORK	hlvm	attempt=1	proxy=http://wiw4v7duaymysz9-session-34735f9495cf-lifetime-10:***@rp.scrapegw.com:6060	ConnectionTimeoutError: Connection timeout to host https://discord.com/api/v9/unique-username/username-attempt-unauthed
2026-09-01 18:30:11	NETWORK	hlvv	attempt=1	proxy=http://wiw4v7duaymysz9-session-8db0885a64d5-lifetime-10:***@rp.scrapegw.com:6060	ConnectionTimeoutError: Connection timeout to host https://discord.com/api/v9/unique-username/username-attempt-unauthed
2026-09-01 18:30:11	NETWORK	hlww	attempt=1	proxy=http://wiw4v7duaymysz9-session-2f0c6fc94fc0-lifetime-10:***@rp.scrapegw.com:6060	ConnectionTimeoutError: Connection timeout to host https://discord.com/api/v9/unique-username/username-attempt-unauthed
2026-09-01 18:30:11	NETWORK	hmbs	attempt=1	proxy=http://wiw4v7duaymysz9-session-90d4de31348a-lifetime-10:***@rp.scrapegw.com:6060	ConnectionTimeoutError: Connection timeout to host https://discord.com/api/v9/unique-username/username-attempt-unauthed
2026-09-01 18:30:11	NETWORK	hmdg	attempt=1	proxy=http://wiw4v7duaymysz9-session-355e26b69ae0-lifetime-10:***@rp.scrapegw.com:6060	ConnectionTimeoutError: Connection timeout to host https://discord.com/api/v9/unique-username/username-attempt-unauthed
2026-09-01 18:30:11	NETWORK	hmdh	attempt=1	proxy=http://wiw4v7duaymysz9-session-05b3757adb58-lifetime-10:***@rp.scrapegw.com:6060	ConnectionTimeoutError: Connection timeout to host https://discord.com/api/v9/unique-username/username-attempt-unauthed
2026-09-01 18:30:11	NETWORK	hlxq	attempt=1	proxy=http://wiw4v7duaymysz9-session-b1ce456b3aa6-lifetime-10:***@rp.scrapegw.com:6060	ConnectionTimeoutError: Connection timeout to host https://discord.com/api/v9/unique-username/username-attempt-unauthed
2026-09-01 18:30:11	NETWORK	hlvq	attempt=1	proxy=http://wiw4v7duaymysz9-session-1d14b4164138-lifetime-10:***@rp.scrapegw.com:6060	ConnectionTimeoutError: Connection timeout to host https://discord.com/api/v9/unique-username/username-attempt-unauthed
2026-09-01 18:30:11	NETWORK	hlzn	attempt=1	proxy=http://wiw4v7duaymysz9-session-4a7b3880943b-lifetime-10:***@rp.scrapegw.com:6060	ConnectionTimeoutError: Connection timeout to host https://discord.com/api/v9/unique-username/username-attempt-unauthed
2026-09-01 18:30:11	NETWORK	hlyt	attempt=1	proxy=http://wiw4v7duaymysz9-session-5f5a4782a570-lifetime-10:***@rp.scrapegw.com:6060	ConnectionTimeoutError: Connection timeout to host https://discord.com/api/v9/unique-username/username-attempt-unauthed
2026-09-01 18:30:11	NETWORK	hmcg	attempt=1	proxy=http://wiw4v7duaymysz9-session-8c29d3c7e52c-lifetime-10:***@rp.scrapegw.com:6060	ConnectionTimeoutError: Connection timeout to host https://discord.com/api/v9/unique-username/username-attempt-unauthed
2026-09-01 18:30:11	NETWORK	hmbf	attempt=1	proxy=http://wiw4v7duaymysz9-session-5a8798ebd58d-lifetime-10:***@rp.scrapegw.com:6060	ConnectionTimeoutError: Connection timeout to host https://discord.com/api/v9/unique-username/username-attempt-unauthed
2026-09-01 18:30:11	NETWORK	hmce	attempt=1	proxy=http://wiw4v7duaymysz9-session-1e2b8a53c676-lifetime-10:***@rp.scrapegw.com:6060	ConnectionTimeoutError: Connection timeout to host https://discord.com/api/v9/unique-username/username-attempt-unauthed
2026-09-01 18:30:11	NETWORK	hlzk	attempt=1	proxy=http://wiw4v7duaymysz9-session-36caaa519f87-lifetime-10:***@rp.scrapegw.com:6060	ConnectionTimeoutError: Connection timeout to host https://discord.com/api/v9/unique-username/username-attempt-unauthed
2026-09-01 18:30:11	NETWORK	hmdb	attempt=1	proxy=http://wiw4v7duaymysz9-session-790d6548fbef-lifetime-10:***@rp.scrapegw.com:6060	ConnectionTimeoutError: Connection timeout to host https://discord.com/api/v9/unique-username/username-attempt-unauthed
2026-09-01 18:30:11	NETWORK	hlvd	attempt=1	proxy=http://wiw4v7duaymysz9-session-1d061ebac6ff-lifetime-10:***@rp.scrapegw.com:6060	ConnectionTimeoutError: Connection timeout to host https://discord.com/api/v9/unique-username/username-attempt-unauthed
2026-09-01 18:30:11	NETWORK	hlzo	attempt=1	proxy=http://wiw4v7duaymysz9-session-4706f5a06092-lifetime-10:***@rp.scrapegw.com:6060	ConnectionTimeoutError: Connection timeout to host https://discord.com/api/v9/unique-username/username-attempt-unauthed
2026-09-01 18:30:11	NETWORK	hmbn	attempt=1	proxy=http://wiw4v7duaymysz9-session-2f3dcef70e84-lifetime-10:***@rp.scrapegw.com:6060	ConnectionTimeoutError: Connection timeout to host https://discord.com/api/v9/unique-username/username-attempt-unauthed
2026-09-01 18:30:11	NETWORK	hmam	attempt=1	proxy=http://wiw4v7duaymysz9-session-125344df9d19-lifetime-10:***@rp.scrapegw.com:6060	ConnectionTimeoutError: Connection timeout to host https://discord.com/api/v9/unique-username/username-attempt-unauthed
2026-09-01 18:30:11	NETWORK	hmda	attempt=1	proxy=http://wiw4v7duaymysz9-session-d875a09963dc-lifetime-10:***@rp.scrapegw.com:6060	ConnectionTimeoutError: Connection timeout to host https://discord.com/api/v9/unique-username/username-attempt-unauthed
2026-09-01 18:30:11	NETWORK	hlwg	attempt=1	proxy=http://wiw4v7duaymysz9-session-80d8000d6ae1-lifetime-10:***@rp.scrapegw.com:6060	ConnectionTimeoutError: Connection timeout to host https://discord.com/api/v9/unique-username/username-attempt-unauthed
2026-09-01 18:30:11	NETWORK	hlxi	attempt=1	proxy=http://wiw4v7duaymysz9-session-42ee58373462-lifetime-10:***@rp.scrapegw.com:6060	ConnectionTimeoutError: Connection timeout to host https://discord.com/api/v9/unique-username/username-attempt-unauthed
2026-09-01 18:30:11	NETWORK	hlxf	attempt=1	proxy=http://wiw4v7duaymysz9-session-3e1c3338c629-lifetime-10:***@rp.scrapegw.com:6060	ConnectionTimeoutError: Connection timeout to host https://discord.com/api/v9/unique-username/username-attempt-unauthed
2026-09-01 18:30:11	NETWORK	hmbb	attempt=1	proxy=http://wiw4v7duaymysz9-session-fc8e8961239e-lifetime-10:***@rp.scrapegw.com:6060	ConnectionTimeoutError: Connection timeout to host https://discord.com/api/v9/unique-username/username-attempt-unauthed
2026-09-01 18:30:11	NETWORK	hlxe	attempt=1	proxy=http://wiw4v7duaymysz9-session-3cec833c2e05-lifetime-10:***@rp.scrapegw.com:6060	ConnectionTimeoutError: Connection timeout to host https://discord.com/api/v9/unique-username/username-attempt-unauthed
2026-09-01 18:30:11	NETWORK	hnck	attempt=1	proxy=http://wiw4v7duaymysz9-session-18e0df371c63-lifetime-10:***@rp.scrapegw.com:6060	ClientConnectorError: Cannot connect to host discord.com:443 ssl:default [Connection reset by peer]
2026-09-01 18:30:11	HTTP_429	hpfn	attempt=1	proxy=http://wiw4v7duaymysz9-session-f58d0e083c92-lifetime-10:***@rp.scrapegw.com:6060	scope=shared global=False retry_after=2052.00s
2026-09-01 18:30:11	HTTP_429	hpgh	attempt=1	proxy=http://wiw4v7duaymysz9-session-f72dc0697691-lifetime-10:***@rp.scrapegw.com:6060	scope=shared global=False retry_after=2051.00s
2026-09-01 18:30:12	HTTP_429	hpjx	attempt=1	proxy=http://wiw4v7duaymysz9-session-1be457c8816b-lifetime-10:***@rp.scrapegw.com:6060	scope=shared global=False retry_after=1567.00s
2026-09-01 18:30:12	NETWORK	hnex	attempt=1	proxy=http://wiw4v7duaymysz9-session-5cdba3589532-lifetime-10:***@rp.scrapegw.com:6060	ClientConnectorError: Cannot connect to host discord.com:443 ssl:default [Connection reset by peer]
2026-09-01 18:30:12	NETWORK	hmlg	attempt=1	proxy=http://wiw4v7duaymysz9-session-000f25c9a95e-lifetime-10:***@rp.scrapegw.com:6060	ClientConnectorError: Cannot connect to host discord.com:443 ssl:default [Connection reset by peer]
2026-09-01 18:30:12	NETWORK	hnwb	attempt=1	proxy=http://wiw4v7duaymysz9-session-c2e2ec137631-lifetime-10:***@rp.scrapegw.com:6060	ClientConnectorError: Cannot connect to host discord.com:443 ssl:default [Connection reset by peer]
2026-09-01 18:30:12	NETWORK	hnih	attempt=1	proxy=http://wiw4v7duaymysz9-session-60584fcf725f-lifetime-10:***@rp.scrapegw.com:6060	ClientConnectorError: Cannot connect to host discord.com:443 ssl:default [Connection reset by peer]
2026-09-01 18:30:12	NETWORK	hmmn	attempt=1	proxy=http://wiw4v7duaymysz9-session-1fe5d7771a90-lifetime-10:***@rp.scrapegw.com:6060	ClientConnectorError: Cannot connect to host discord.com:443 ssl:default [Connection reset by peer]
2026-09-01 18:30:12	HTTP_429	hpni	attempt=1	proxy=http://wiw4v7duaymysz9-session-924feb42772f-lifetime-10:***@rp.scrapegw.com:6060	scope=shared global=False retry_after=1408.00s
2026-09-01 18:30:12	NETWORK	hmfl	attempt=1	proxy=http://wiw4v7duaymysz9-session-fe2305c9f3ee-lifetime-10:***@rp.scrapegw.com:6060	ConnectionTimeoutError: Connection timeout to host https://discord.com/api/v9/unique-username/username-attempt-unauthed
2026-09-01 18:30:12	NETWORK	hmfj	attempt=1	proxy=http://wiw4v7duaymysz9-session-d29f48a4ac99-lifetime-10:***@rp.scrapegw.com:6060	ConnectionTimeoutError: Connection timeout to host https://discord.com/api/v9/unique-username/username-attempt-unauthed
2026-09-01 18:30:12	NETWORK	hmeb	attempt=1	proxy=http://wiw4v7duaymysz9-session-0adeff635528-lifetime-10:***@rp.scrapegw.com:6060	ConnectionTimeoutError: Connection timeout to host https://discord.com/api/v9/unique-username/username-attempt-unauthed
2026-09-01 18:30:12	NETWORK	hmic	attempt=1	proxy=http://wiw4v7duaymysz9-session-b130e07cffbe-lifetime-10:***@rp.scrapegw.com:6060	ConnectionTimeoutError: Connection timeout to host https://discord.com/api/v9/unique-username/username-attempt-unauthed
2026-09-01 18:30:12	NETWORK	hmkn	attempt=1	proxy=http://wiw4v7duaymysz9-session-e8e6196356ea-lifetime-10:***@rp.scrapegw.com:6060	ConnectionTimeoutError: Connection timeout to host https://discord.com/api/v9/unique-username/username-attempt-unauthed
2026-09-01 18:30:12	NETWORK	hmid	attempt=1	proxy=http://wiw4v7duaymysz9-session-081e436fd11c-lifetime-10:***@rp.scrapegw.com:6060	ConnectionTimeoutError: Connection timeout to host https://discord.com/api/v9/unique-username/username-attempt-unauthed
2026-09-01 18:30:12	NETWORK	hmld	attempt=1	proxy=http://wiw4v7duaymysz9-session-a67312ea176d-lifetime-10:***@rp.scrapegw.com:6060	ConnectionTimeoutError: Connection timeout to host https://discord.com/api/v9/unique-username/username-attempt-unauthed
2026-09-01 18:30:12	NETWORK	hmjs	attempt=1	proxy=http://wiw4v7duaymysz9-session-0b5f2077b354-lifetime-10:***@rp.scrapegw.com:6060	ConnectionTimeoutError: Connection timeout to host https://discord.com/api/v9/unique-username/username-attempt-unauthed
2026-09-01 18:30:12	NETWORK	hmki	attempt=1	proxy=http://wiw4v7duaymysz9-session-5ac0cab1625e-lifetime-10:***@rp.scrapegw.com:6060	ConnectionTimeoutError: Connection timeout to host https://discord.com/api/v9/unique-username/username-attempt-unauthed
2026-09-01 18:30:12	NETWORK	hmdo	attempt=1	proxy=http://wiw4v7duaymysz9-session-c7f42e8b06a6-lifetime-10:***@rp.scrapegw.com:6060	ConnectionTimeoutError: Connection timeout to host https://discord.com/api/v9/unique-username/username-attempt-unauthed
2026-09-01 18:30:12	NETWORK	hmkb	attempt=1	proxy=http://wiw4v7duaymysz9-session-50261b9f8a65-lifetime-10:***@rp.scrapegw.com:6060	ConnectionTimeoutError: Connection timeout to host https://discord.com/api/v9/unique-username/username-attempt-unauthed
2026-09-01 18:30:12	NETWORK	hmfi	attempt=1	proxy=http://wiw4v7duaymysz9-session-f7eaa11ad082-lifetime-10:***@rp.scrapegw.com:6060	ConnectionTimeoutError: Connection timeout to host https://discord.com/api/v9/unique-username/username-attempt-unauthed
2026-09-01 18:30:12	NETWORK	hmfc	attempt=1	proxy=http://wiw4v7duaymysz9-session-2775e98fb048-lifetime-10:***@rp.scrapegw.com:6060	ConnectionTimeoutError: Connection timeout to host https://discord.com/api/v9/unique-username/username-attempt-unauthed
2026-09-01 18:30:12	NETWORK	hmff	attempt=1	proxy=http://wiw4v7duaymysz9-session-5192a7d72d94-lifetime-10:***@rp.scrapegw.com:6060	ConnectionTimeoutError: Connection timeout to host https://discord.com/api/v9/unique-username/username-attempt-unauthed
2026-09-01 18:30:12	NETWORK	hmhh	attempt=1	proxy=http://wiw4v7duaymysz9-session-2e9622fd7292-lifetime-10:***@rp.scrapegw.com:6060	ConnectionTimeoutError: Connection timeout to host https://discord.com/api/v9/unique-username/username-attempt-unauthed
2026-09-01 18:30:12	NETWORK	hmhs	attempt=1	proxy=http://wiw4v7duaymysz9-session-33bc1be0e5d7-lifetime-10:***@rp.scrapegw.com:6060	ConnectionTimeoutError: Connection timeout to host https://discord.com/api/v9/unique-username/username-attempt-unauthed
2026-09-01 18:30:12	NETWORK	hmel	attempt=1	proxy=http://wiw4v7duaymysz9-session-c2e2ec137631-lifetime-10:***@rp.scrapegw.com:6060	ConnectionTimeoutError: Connection timeout to host https://discord.com/api/v9/unique-username/username-attempt-unauthed
2026-09-01 18:30:12	NETWORK	hmkp	attempt=1	proxy=http://wiw4v7duaymysz9-session-716169841183-lifetime-10:***@rp.scrapegw.com:6060	ConnectionTimeoutError: Connection timeout to host https://discord.com/api/v9/unique-username/username-attempt-unauthed
2026-09-01 18:30:12	NETWORK	hmka	attempt=1	proxy=http://wiw4v7duaymysz9-session-b392161de2f9-lifetime-10:***@rp.scrapegw.com:6060	ConnectionTimeoutError: Connection timeout to host https://discord.com/api/v9/unique-username/username-attempt-unauthed
2026-09-01 18:30:12	NETWORK	hmjm	attempt=1	proxy=http://wiw4v7duaymysz9-session-9f756d37df82-lifetime-10:***@rp.scrapegw.com:6060	ConnectionTimeoutError: Connection timeout to host https://discord.com/api/v9/unique-username/username-attempt-unauthed
2026-09-01 18:30:12	NETWORK	hmku	attempt=1	proxy=http://wiw4v7duaymysz9-session-c9474c4aeefc-lifetime-10:***@rp.scrapegw.com:6060	ConnectionTimeoutError: Connection timeout to host https://discord.com/api/v9/unique-username/username-attempt-unauthed
2026-09-01 18:30:12	NETWORK	hmge	attempt=1	proxy=http://wiw4v7duaymysz9-session-9f0607e0f4e3-lifetime-10:***@rp.scrapegw.com:6060	ConnectionTimeoutError: Connection timeout to host https://discord.com/api/v9/unique-username/username-attempt-unauthed
2026-09-01 18:30:12	NETWORK	hmjo	attempt=1	proxy=http://wiw4v7duaymysz9-session-6223c8c45aba-lifetime-10:***@rp.scrapegw.com:6060	ConnectionTimeoutError: Connection timeout to host https://discord.com/api/v9/unique-username/username-attempt-unauthed
2026-09-01 18:30:12	NETWORK	hmfh	attempt=1	proxy=http://wiw4v7duaymysz9-session-0e8249525117-lifetime-10:***@rp.scrapegw.com:6060	ConnectionTimeoutError: Connection timeout to host https://discord.com/api/v9/unique-username/username-attempt-unauthed
2026-09-01 18:30:12	NETWORK	hmha	attempt=1	proxy=http://wiw4v7duaymysz9-session-6d19505ab55f-lifetime-10:***@rp.scrapegw.com:6060	ConnectionTimeoutError: Connection timeout to host https://discord.com/api/v9/unique-username/username-attempt-unauthed
2026-09-01 18:30:12	NETWORK	hmla	attempt=1	proxy=http://wiw4v7duaymysz9-session-2807e8615cb8-lifetime-10:***@rp.scrapegw.com:6060	ConnectionTimeoutError: Connection timeout to host https://discord.com/api/v9/unique-username/username-attempt-unauthed
2026-09-01 18:30:12	NETWORK	hmgb	attempt=1	proxy=http://wiw4v7duaymysz9-session-6feb75aaaf27-lifetime-10:***@rp.scrapegw.com:6060	ConnectionTimeoutError: Connection timeout to host https://discord.com/api/v9/unique-username/username-attempt-unauthed
2026-09-01 18:30:12	NETWORK	hmix	attempt=1	proxy=http://wiw4v7duaymysz9-session-7a14c6b6a4b5-lifetime-10:***@rp.scrapegw.com:6060	ConnectionTimeoutError: Connection timeout to host https://discord.com/api/v9/unique-username/username-attempt-unauthed
2026-09-01 18:30:12	NETWORK	hmex	attempt=1	proxy=http://wiw4v7duaymysz9-session-caed9cd3d57a-lifetime-10:***@rp.scrapegw.com:6060	ConnectionTimeoutError: Connection timeout to host https://discord.com/api/v9/unique-username/username-attempt-unauthed
2026-09-01 18:30:12	NETWORK	hmgf	attempt=1	proxy=http://wiw4v7duaymysz9-session-70b497845a2d-lifetime-10:***@rp.scrapegw.com:6060	ConnectionTimeoutError: Connection timeout to host https://discord.com/api/v9/unique-username/username-attempt-unauthed
2026-09-01 18:30:12	NETWORK	hmil	attempt=1	proxy=http://wiw4v7duaymysz9-session-fa4402fb651b-lifetime-10:***@rp.scrapegw.com:6060	ConnectionTimeoutError: Connection timeout to host https://discord.com/api/v9/unique-username/username-attempt-unauthed
2026-09-01 18:30:13	HTTP_429	hptc	attempt=1	proxy=http://wiw4v7duaymysz9-session-a7224ebfc1c7-lifetime-10:***@rp.scrapegw.com:6060	scope=shared global=False retry_after=2051.00s
2026-09-01 18:30:13	NETWORK	hnms	attempt=1	proxy=http://wiw4v7duaymysz9-session-f1c4faf60c17-lifetime-10:***@rp.scrapegw.com:6060	ClientConnectorError: Cannot connect to host discord.com:443 ssl:default [Connection reset by peer]
2026-09-01 18:30:13	NETWORK	hmmg	attempt=1	proxy=http://wiw4v7duaymysz9-session-335b4c7cc323-lifetime-10:***@rp.scrapegw.com:6060	ClientConnectorError: Cannot connect to host discord.com:443 ssl:default [Connection reset by peer]
2026-09-01 18:30:13	NETWORK	hnya	attempt=1	proxy=http://wiw4v7duaymysz9-session-70b497845a2d-lifetime-10:***@rp.scrapegw.com:6060	ClientConnectorError: Cannot connect to host discord.com:443 ssl:default [Connection reset by peer]
2026-09-01 18:30:13	HTTP_429	hoal	attempt=1	proxy=http://wiw4v7duaymysz9-session-7a14c6b6a4b5-lifetime-10:***@rp.scrapegw.com:6060	scope=shared global=False retry_after=711.00s
2026-09-01 18:30:13	NETWORK	hmst	attempt=1	proxy=http://wiw4v7duaymysz9-session-a3c7dd3814f5-lifetime-10:***@rp.scrapegw.com:6060	ConnectionTimeoutError: Connection timeout to host https://discord.com/api/v9/unique-username/username-attempt-unauthed
2026-09-01 18:30:13	NETWORK	hmqk	attempt=1	proxy=http://wiw4v7duaymysz9-session-e952eac5f7a6-lifetime-10:***@rp.scrapegw.com:6060	ConnectionTimeoutError: Connection timeout to host https://discord.com/api/v9/unique-username/username-attempt-unauthed
2026-09-01 18:30:13	NETWORK	hmpi	attempt=1	proxy=http://wiw4v7duaymysz9-session-d1ff1f326bf2-lifetime-10:***@rp.scrapegw.com:6060	ConnectionTimeoutError: Connection timeout to host https://discord.com/api/v9/unique-username/username-attempt-unauthed
2026-09-01 18:30:13	NETWORK	hmpk	attempt=1	proxy=http://wiw4v7duaymysz9-session-04d4047d3317-lifetime-10:***@rp.scrapegw.com:6060	ConnectionTimeoutError: Connection timeout to host https://discord.com/api/v9/unique-username/username-attempt-unauthed
2026-09-01 18:30:13	NETWORK	hmqh	attempt=1	proxy=http://wiw4v7duaymysz9-session-909a71017ed2-lifetime-10:***@rp.scrapegw.com:6060	ConnectionTimeoutError: Connection timeout to host https://discord.com/api/v9/unique-username/username-attempt-unauthed
2026-09-01 18:30:13	NETWORK	hmnz	attempt=1	proxy=http://wiw4v7duaymysz9-session-64dbcec4abdb-lifetime-10:***@rp.scrapegw.com:6060	ConnectionTimeoutError: Connection timeout to host https://discord.com/api/v9/unique-username/username-attempt-unauthed
2026-09-01 18:30:13	NETWORK	hmlu	attempt=1	proxy=http://wiw4v7duaymysz9-session-1a08c1f1a99d-lifetime-10:***@rp.scrapegw.com:6060	ConnectionTimeoutError: Connection timeout to host https://discord.com/api/v9/unique-username/username-attempt-unauthed
2026-09-01 18:30:13	NETWORK	hmlt	attempt=1	proxy=http://wiw4v7duaymysz9-session-82adc7be4278-lifetime-10:***@rp.scrapegw.com:6060	ConnectionTimeoutError: Connection timeout to host https://discord.com/api/v9/unique-username/username-attempt-unauthed
2026-09-01 18:30:13	NETWORK	hmvb	attempt=1	proxy=http://wiw4v7duaymysz9-session-d274073d8469-lifetime-10:***@rp.scrapegw.com:6060	ConnectionTimeoutError: Connection timeout to host https://discord.com/api/v9/unique-username/username-attempt-unauthed
2026-09-01 18:30:13	NETWORK	hmsx	attempt=1	proxy=http://wiw4v7duaymysz9-session-a05fd32b5d05-lifetime-10:***@rp.scrapegw.com:6060	ConnectionTimeoutError: Connection timeout to host https://discord.com/api/v9/unique-username/username-attempt-unauthed
2026-09-01 18:30:13	NETWORK	hmpw	attempt=1	proxy=http://wiw4v7duaymysz9-session-1f75440d17f7-lifetime-10:***@rp.scrapegw.com:6060	ConnectionTimeoutError: Connection timeout to host https://discord.com/api/v9/unique-username/username-attempt-unauthed
2026-09-01 18:30:13	NETWORK	hmun	attempt=1	proxy=http://wiw4v7duaymysz9-session-da705737efe5-lifetime-10:***@rp.scrapegw.com:6060	ConnectionTimeoutError: Connection timeout to host https://discord.com/api/v9/unique-username/username-attempt-unauthed
2026-09-01 18:30:13	NETWORK	hmvi	attempt=1	proxy=http://wiw4v7duaymysz9-session-1b9b791eb646-lifetime-10:***@rp.scrapegw.com:6060	ConnectionTimeoutError: Connection timeout to host https://discord.com/api/v9/unique-username/username-attempt-unauthed
2026-09-01 18:30:13	NETWORK	hmts	attempt=1	proxy=http://wiw4v7duaymysz9-session-a77477161c02-lifetime-10:***@rp.scrapegw.com:6060	ConnectionTimeoutError: Connection timeout to host https://discord.com/api/v9/unique-username/username-attempt-unauthed
2026-09-01 18:30:13	NETWORK	hmui	attempt=1	proxy=http://wiw4v7duaymysz9-session-3288a2779b77-lifetime-10:***@rp.scrapegw.com:6060	ConnectionTimeoutError: Connection timeout to host https://discord.com/api/v9/unique-username/username-attempt-unauthed
2026-09-01 18:30:13	NETWORK	hmsm	attempt=1	proxy=http://wiw4v7duaymysz9-session-13cec2d723bc-lifetime-10:***@rp.scrapegw.com:6060	ConnectionTimeoutError: Connection timeout to host https://discord.com/api/v9/unique-username/username-attempt-unauthed
2026-09-01 18:30:13	NETWORK	hmti	attempt=1	proxy=http://wiw4v7duaymysz9-session-9cee2931a21a-lifetime-10:***@rp.scrapegw.com:6060	ConnectionTimeoutError: Connection timeout to host https://discord.com/api/v9/unique-username/username-attempt-unauthed
2026-09-01 18:30:13	NETWORK	hmsc	attempt=1	proxy=http://wiw4v7duaymysz9-session-8ba2491e265f-lifetime-10:***@rp.scrapegw.com:6060	ConnectionTimeoutError: Connection timeout to host https://discord.com/api/v9/unique-username/username-attempt-unauthed
2026-09-01 18:30:13	NETWORK	hmur	attempt=1	proxy=http://wiw4v7duaymysz9-session-362dff3a7eda-lifetime-10:***@rp.scrapegw.com:6060	ConnectionTimeoutError: Connection timeout to host https://discord.com/api/v9/unique-username/username-attempt-unauthed
2026-09-01 18:30:13	NETWORK	hmrf	attempt=1	proxy=http://wiw4v7duaymysz9-session-d5738e10a9ee-lifetime-10:***@rp.scrapegw.com:6060	ConnectionTimeoutError: Connection timeout to host https://discord.com/api/v9/unique-username/username-attempt-unauthed
2026-09-01 18:30:13	NETWORK	hmqx	attempt=1	proxy=http://wiw4v7duaymysz9-session-26bc1b30a0c7-lifetime-10:***@rp.scrapegw.com:6060	ConnectionTimeoutError: Connection timeout to host https://discord.com/api/v9/unique-username/username-attempt-unauthed
2026-09-01 18:30:13	NETWORK	hmqw	attempt=1	proxy=http://wiw4v7duaymysz9-session-fc2ba29526b4-lifetime-10:***@rp.scrapegw.com:6060	ConnectionTimeoutError: Connection timeout to host https://discord.com/api/v9/unique-username/username-attempt-unauthed
2026-09-01 18:30:13	NETWORK	hmqp	attempt=1	proxy=http://wiw4v7duaymysz9-session-ea63fef313f7-lifetime-10:***@rp.scrapegw.com:6060	ConnectionTimeoutError: Connection timeout to host https://discord.com/api/v9/unique-username/username-attempt-unauthed
2026-09-01 18:30:13	NETWORK	hmvh	attempt=1	proxy=http://wiw4v7duaymysz9-session-09186e167c8a-lifetime-10:***@rp.scrapegw.com:6060	ConnectionTimeoutError: Connection timeout to host https://discord.com/api/v9/unique-username/username-attempt-unauthed
2026-09-01 18:30:13	NETWORK	hmqc	attempt=1	proxy=http://wiw4v7duaymysz9-session-3bb098f1494a-lifetime-10:***@rp.scrapegw.com:6060	ConnectionTimeoutError: Connection timeout to host https://discord.com/api/v9/unique-username/username-attempt-unauthed
2026-09-01 18:30:13	NETWORK	hmue	attempt=1	proxy=http://wiw4v7duaymysz9-session-3a5eb9ad606c-lifetime-10:***@rp.scrapegw.com:6060	ConnectionTimeoutError: Connection timeout to host https://discord.com/api/v9/unique-username/username-attempt-unauthed
2026-09-01 18:30:13	NETWORK	hmok	attempt=1	proxy=http://wiw4v7duaymysz9-session-bde5fd1e6f72-lifetime-10:***@rp.scrapegw.com:6060	ConnectionTimeoutError: Connection timeout to host https://discord.com/api/v9/unique-username/username-attempt-unauthed
2026-09-01 18:30:13	NETWORK	hmnv	attempt=1	proxy=http://wiw4v7duaymysz9-session-cd0d68fca2d0-lifetime-10:***@rp.scrapegw.com:6060	ConnectionTimeoutError: Connection timeout to host https://discord.com/api/v9/unique-username/username-attempt-unauthed
2026-09-01 18:30:13	NETWORK	hmvk	attempt=1	proxy=http://wiw4v7duaymysz9-session-060f4caa74a9-lifetime-10:***@rp.scrapegw.com:6060	ConnectionTimeoutError: Connection timeout to host https://discord.com/api/v9/unique-username/username-attempt-unauthed
2026-09-01 18:30:13	NETWORK	hmnm	attempt=1	proxy=http://wiw4v7duaymysz9-session-b281e4a81494-lifetime-10:***@rp.scrapegw.com:6060	ConnectionTimeoutError: Connection timeout to host https://discord.com/api/v9/unique-username/username-attempt-unauthed
2026-09-01 18:30:13	NETWORK	hmpx	attempt=1	proxy=http://wiw4v7duaymysz9-session-262ae9176e7a-lifetime-10:***@rp.scrapegw.com:6060	ConnectionTimeoutError: Connection timeout to host https://discord.com/api/v9/unique-username/username-attempt-unauthed
2026-09-01 18:30:13	NETWORK	hmmc	attempt=1	proxy=http://wiw4v7duaymysz9-session-31b1dad48d95-lifetime-10:***@rp.scrapegw.com:6060	ConnectionTimeoutError: Connection timeout to host https://discord.com/api/v9/unique-username/username-attempt-unauthed
2026-09-01 18:30:13	NETWORK	hmtw	attempt=1	proxy=http://wiw4v7duaymysz9-session-97b98005eedf-lifetime-10:***@rp.scrapegw.com:6060	ConnectionTimeoutError: Connection timeout to host https://discord.com/api/v9/unique-username/username-attempt-unauthed
2026-09-01 18:30:13	NETWORK	hmtl	attempt=1	proxy=http://wiw4v7duaymysz9-session-324aba97d7c1-lifetime-10:***@rp.scrapegw.com:6060	ConnectionTimeoutError: Connection timeout to host https://discord.com/api/v9/unique-username/username-attempt-unauthed
2026-09-01 18:30:13	NETWORK	hmnc	attempt=1	proxy=http://wiw4v7duaymysz9-session-efd85c2b99ff-lifetime-10:***@rp.scrapegw.com:6060	ConnectionTimeoutError: Connection timeout to host https://discord.com/api/v9/unique-username/username-attempt-unauthed
2026-09-01 18:30:13	NETWORK	hmro	attempt=1	proxy=http://wiw4v7duaymysz9-session-1eecceca5525-lifetime-10:***@rp.scrapegw.com:6060	ConnectionTimeoutError: Connection timeout to host https://discord.com/api/v9/unique-username/username-attempt-unauthed
2026-09-01 18:30:13	NETWORK	hmuy	attempt=1	proxy=http://wiw4v7duaymysz9-session-727ff83f3197-lifetime-10:***@rp.scrapegw.com:6060	ConnectionTimeoutError: Connection timeout to host https://discord.com/api/v9/unique-username/username-attempt-unauthed
2026-09-01 18:30:13	NETWORK	hmul	attempt=1	proxy=http://wiw4v7duaymysz9-session-b4cba51e758c-lifetime-10:***@rp.scrapegw.com:6060	ConnectionTimeoutError: Connection timeout to host https://discord.com/api/v9/unique-username/username-attempt-unauthed
2026-09-01 18:30:13	NETWORK	hmtb	attempt=1	proxy=http://wiw4v7duaymysz9-session-07668e0a0220-lifetime-10:***@rp.scrapegw.com:6060	ConnectionTimeoutError: Connection timeout to host https://discord.com/api/v9/unique-username/username-attempt-unauthed
2026-09-01 18:30:13	NETWORK	hmsb	attempt=1	proxy=http://wiw4v7duaymysz9-session-9593ceddd637-lifetime-10:***@rp.scrapegw.com:6060	ConnectionTimeoutError: Connection timeout to host https://discord.com/api/v9/unique-username/username-attempt-unauthed
2026-09-01 18:30:14	HTTP_429	hqbl	attempt=1	proxy=http://wiw4v7duaymysz9-session-a6005ca3bc4b-lifetime-10:***@rp.scrapegw.com:6060	scope=shared global=False retry_after=498.00s
2026-09-01 18:30:14	NETWORK	hnkl	attempt=1	proxy=http://wiw4v7duaymysz9-session-4f5f6b1f4705-lifetime-10:***@rp.scrapegw.com:6060	ClientConnectorError: Cannot connect to host discord.com:443 ssl:default [Connection reset by peer]
2026-09-01 18:30:14	HTTP_429	hpyt	attempt=1	proxy=http://wiw4v7duaymysz9-session-6694c84f47a2-lifetime-10:***@rp.scrapegw.com:6060	scope=shared global=False retry_after=2050.00s
2026-09-01 18:30:14	HTTP_429	hqbg	attempt=1	proxy=http://wiw4v7duaymysz9-session-3fe71f978b17-lifetime-10:***@rp.scrapegw.com:6060	scope=shared global=False retry_after=2056.00s
2026-09-01 18:30:14	HTTP_429	hqcc	attempt=1	proxy=http://wiw4v7duaymysz9-session-30eb01bfe94b-lifetime-10:***@rp.scrapegw.com:6060	scope=shared global=False retry_after=2060.00s
2026-09-01 18:30:14	HTTP_429	hpwz	attempt=1	proxy=http://wiw4v7duaymysz9-session-a56a8fc59e11-lifetime-10:***@rp.scrapegw.com:6060	scope=shared global=False retry_after=580.00s
2026-09-01 18:30:14	NETWORK	hnof	attempt=1	proxy=http://wiw4v7duaymysz9-session-3e1c3338c629-lifetime-10:***@rp.scrapegw.com:6060	ClientConnectorError: Cannot connect to host discord.com:443 ssl:default [Connection reset by peer]
2026-09-01 18:30:14	NETWORK	hmzp	attempt=1	proxy=http://wiw4v7duaymysz9-session-1db2181a7961-lifetime-10:***@rp.scrapegw.com:6060	ConnectionTimeoutError: Connection timeout to host https://discord.com/api/v9/unique-username/username-attempt-unauthed
2026-09-01 18:30:14	NETWORK	hmwu	attempt=1	proxy=http://wiw4v7duaymysz9-session-18ecace812ef-lifetime-10:***@rp.scrapegw.com:6060	ConnectionTimeoutError: Connection timeout to host https://discord.com/api/v9/unique-username/username-attempt-unauthed
2026-09-01 18:30:14	NETWORK	hmwk	attempt=1	proxy=http://wiw4v7duaymysz9-session-9c2d80643021-lifetime-10:***@rp.scrapegw.com:6060	ConnectionTimeoutError: Connection timeout to host https://discord.com/api/v9/unique-username/username-attempt-unauthed
2026-09-01 18:30:14	NETWORK	hmwg	attempt=1	proxy=http://wiw4v7duaymysz9-session-1e83aec5aa63-lifetime-10:***@rp.scrapegw.com:6060	ConnectionTimeoutError: Connection timeout to host https://discord.com/api/v9/unique-username/username-attempt-unauthed
2026-09-01 18:30:14	NETWORK	hmyh	attempt=1	proxy=http://wiw4v7duaymysz9-session-31eaee16090b-lifetime-10:***@rp.scrapegw.com:6060	ConnectionTimeoutError: Connection timeout to host https://discord.com/api/v9/unique-username/username-attempt-unauthed
2026-09-01 18:30:14	NETWORK	hmxl	attempt=1	proxy=http://wiw4v7duaymysz9-session-d75562c2c647-lifetime-10:***@rp.scrapegw.com:6060	ConnectionTimeoutError: Connection timeout to host https://discord.com/api/v9/unique-username/username-attempt-unauthed
2026-09-01 18:30:14	NETWORK	hnbh	attempt=1	proxy=http://wiw4v7duaymysz9-session-0c3d6bac7755-lifetime-10:***@rp.scrapegw.com:6060	ConnectionTimeoutError: Connection timeout to host https://discord.com/api/v9/unique-username/username-attempt-unauthed
2026-09-01 18:30:14	NETWORK	hmzf	attempt=1	proxy=http://wiw4v7duaymysz9-session-d117fa4c0fa6-lifetime-10:***@rp.scrapegw.com:6060	ConnectionTimeoutError: Connection timeout to host https://discord.com/api/v9/unique-username/username-attempt-unauthed
2026-09-01 18:30:14	NETWORK	hmyf	attempt=1	proxy=http://wiw4v7duaymysz9-session-5bb85d90fec2-lifetime-10:***@rp.scrapegw.com:6060	ConnectionTimeoutError: Connection timeout to host https://discord.com/api/v9/unique-username/username-attempt-unauthed
2026-09-01 18:30:14	NETWORK	hmwv	attempt=1	proxy=http://wiw4v7duaymysz9-session-95f85c2b699b-lifetime-10:***@rp.scrapegw.com:6060	ConnectionTimeoutError: Connection timeout to host https://discord.com/api/v9/unique-username/username-attempt-unauthed
2026-09-01 18:30:14	NETWORK	hmyu	attempt=1	proxy=http://wiw4v7duaymysz9-session-7fe894f122dc-lifetime-10:***@rp.scrapegw.com:6060	ConnectionTimeoutError: Connection timeout to host https://discord.com/api/v9/unique-username/username-attempt-unauthed
2026-09-01 18:30:14	NETWORK	hmyj	attempt=1	proxy=http://wiw4v7duaymysz9-session-f7663a43fa27-lifetime-10:***@rp.scrapegw.com:6060	ConnectionTimeoutError: Connection timeout to host https://discord.com/api/v9/unique-username/username-attempt-unauthed
2026-09-01 18:30:14	NETWORK	hmws	attempt=1	proxy=http://wiw4v7duaymysz9-session-ab0f7eecd699-lifetime-10:***@rp.scrapegw.com:6060	ConnectionTimeoutError: Connection timeout to host https://discord.com/api/v9/unique-username/username-attempt-unauthed
2026-09-01 18:30:14	NETWORK	hmwo	attempt=1	proxy=http://wiw4v7duaymysz9-session-fe93f0a31122-lifetime-10:***@rp.scrapegw.com:6060	ConnectionTimeoutError: Connection timeout to host https://discord.com/api/v9/unique-username/username-attempt-unauthed
2026-09-01 18:30:14	NETWORK	hmxa	attempt=1	proxy=http://wiw4v7duaymysz9-session-409ecc3aae1d-lifetime-10:***@rp.scrapegw.com:6060	ConnectionTimeoutError: Connection timeout to host https://discord.com/api/v9/unique-username/username-attempt-unauthed
2026-09-01 18:30:14	NETWORK	hmvt	attempt=1	proxy=http://wiw4v7duaymysz9-session-be3eed4a3927-lifetime-10:***@rp.scrapegw.com:6060	ConnectionTimeoutError: Connection timeout to host https://discord.com/api/v9/unique-username/username-attempt-unauthed
2026-09-01 18:30:14	NETWORK	hmvo	attempt=1	proxy=http://wiw4v7duaymysz9-session-ba5e315ecd91-lifetime-10:***@rp.scrapegw.com:6060	ConnectionTimeoutError: Connection timeout to host https://discord.com/api/v9/unique-username/username-attempt-unauthed
2026-09-01 18:30:14	NETWORK	hmxb	attempt=1	proxy=http://wiw4v7duaymysz9-session-d8eeb3f1e052-lifetime-10:***@rp.scrapegw.com:6060	ConnectionTimeoutError: Connection timeout to host https://discord.com/api/v9/unique-username/username-attempt-unauthed
2026-09-01 18:30:14	NETWORK	hmxi	attempt=1	proxy=http://wiw4v7duaymysz9-session-3e21a81b8c87-lifetime-10:***@rp.scrapegw.com:6060	ConnectionTimeoutError: Connection timeout to host https://discord.com/api/v9/unique-username/username-attempt-unauthed
2026-09-01 18:30:14	NETWORK	hmxs	attempt=1	proxy=http://wiw4v7duaymysz9-session-9115ae3ce486-lifetime-10:***@rp.scrapegw.com:6060	ConnectionTimeoutError: Connection timeout to host https://discord.com/api/v9/unique-username/username-attempt-unauthed
2026-09-01 18:30:14	NETWORK	hnav	attempt=1	proxy=http://wiw4v7duaymysz9-session-8020e17cff68-lifetime-10:***@rp.scrapegw.com:6060	ConnectionTimeoutError: Connection timeout to host https://discord.com/api/v9/unique-username/username-attempt-unauthed
2026-09-01 18:30:14	NETWORK	hnai	attempt=1	proxy=http://wiw4v7duaymysz9-session-54eee0b89e1a-lifetime-10:***@rp.scrapegw.com:6060	ConnectionTimeoutError: Connection timeout to host https://discord.com/api/v9/unique-username/username-attempt-unauthed
2026-09-01 18:30:14	NETWORK	hmzt	attempt=1	proxy=http://wiw4v7duaymysz9-session-53ff8bf1fcf3-lifetime-10:***@rp.scrapegw.com:6060	ConnectionTimeoutError: Connection timeout to host https://discord.com/api/v9/unique-username/username-attempt-unauthed
2026-09-01 18:30:14	NETWORK	hmzw	attempt=1	proxy=http://wiw4v7duaymysz9-session-9acb481718db-lifetime-10:***@rp.scrapegw.com:6060	ConnectionTimeoutError: Connection timeout to host https://discord.com/api/v9/unique-username/username-attempt-unauthed
2026-09-01 18:30:14	NETWORK	hmza	attempt=1	proxy=http://wiw4v7duaymysz9-session-11b482454b34-lifetime-10:***@rp.scrapegw.com:6060	ConnectionTimeoutError: Connection timeout to host https://discord.com/api/v9/unique-username/username-attempt-unauthed
2026-09-01 18:30:14	NETWORK	hmwr	attempt=1	proxy=http://wiw4v7duaymysz9-session-8ea7f8f52b8b-lifetime-10:***@rp.scrapegw.com:6060	ConnectionTimeoutError: Connection timeout to host https://discord.com/api/v9/unique-username/username-attempt-unauthed
2026-09-01 18:30:14	NETWORK	hnbv	attempt=1	proxy=http://wiw4v7duaymysz9-session-a0f2be277aeb-lifetime-10:***@rp.scrapegw.com:6060	ConnectionTimeoutError: Connection timeout to host https://discord.com/api/v9/unique-username/username-attempt-unauthed
2026-09-01 18:30:14	NETWORK	hmwt	attempt=1	proxy=http://wiw4v7duaymysz9-session-b40213b16464-lifetime-10:***@rp.scrapegw.com:6060	ConnectionTimeoutError: Connection timeout to host https://discord.com/api/v9/unique-username/username-attempt-unauthed
2026-09-01 18:30:14	NETWORK	hnax	attempt=1	proxy=http://wiw4v7duaymysz9-session-6b67d303cb12-lifetime-10:***@rp.scrapegw.com:6060	ConnectionTimeoutError: Connection timeout to host https://discord.com/api/v9/unique-username/username-attempt-unauthed
2026-09-01 18:30:15	NETWORK	hnfd	attempt=1	proxy=http://wiw4v7duaymysz9-session-73cdc960634b-lifetime-10:***@rp.scrapegw.com:6060	ConnectionTimeoutError: Connection timeout to host https://discord.com/api/v9/unique-username/username-attempt-unauthed
2026-09-01 18:30:15	NETWORK	hnfc	attempt=1	proxy=http://wiw4v7duaymysz9-session-fe62dfcdbd7d-lifetime-10:***@rp.scrapegw.com:6060	ConnectionTimeoutError: Connection timeout to host https://discord.com/api/v9/unique-username/username-attempt-unauthed
2026-09-01 18:30:15	NETWORK	hncu	attempt=1	proxy=http://wiw4v7duaymysz9-session-a13e6f7609d6-lifetime-10:***@rp.scrapegw.com:6060	ConnectionTimeoutError: Connection timeout to host https://discord.com/api/v9/unique-username/username-attempt-unauthed
2026-09-01 18:30:15	NETWORK	hnch	attempt=1	proxy=http://wiw4v7duaymysz9-session-4a2396c2ae98-lifetime-10:***@rp.scrapegw.com:6060	ConnectionTimeoutError: Connection timeout to host https://discord.com/api/v9/unique-username/username-attempt-unauthed
2026-09-01 18:30:15	NETWORK	hney	attempt=1	proxy=http://wiw4v7duaymysz9-session-9821d8a4701b-lifetime-10:***@rp.scrapegw.com:6060	ConnectionTimeoutError: Connection timeout to host https://discord.com/api/v9/unique-username/username-attempt-unauthed
2026-09-01 18:30:15	NETWORK	hndw	attempt=1	proxy=http://wiw4v7duaymysz9-session-434bb190fd1b-lifetime-10:***@rp.scrapegw.com:6060	ConnectionTimeoutError: Connection timeout to host https://discord.com/api/v9/unique-username/username-attempt-unauthed
2026-09-01 18:30:15	NETWORK	hndo	attempt=1	proxy=http://wiw4v7duaymysz9-session-229d938a1f78-lifetime-10:***@rp.scrapegw.com:6060	ConnectionTimeoutError: Connection timeout to host https://discord.com/api/v9/unique-username/username-attempt-unauthed
2026-09-01 18:30:15	NETWORK	hnhq	attempt=1	proxy=http://wiw4v7duaymysz9-session-1f74246e48fc-lifetime-10:***@rp.scrapegw.com:6060	ConnectionTimeoutError: Connection timeout to host https://discord.com/api/v9/unique-username/username-attempt-unauthed
2026-09-01 18:30:15	NETWORK	hnek	attempt=1	proxy=http://wiw4v7duaymysz9-session-068c1e038aea-lifetime-10:***@rp.scrapegw.com:6060	ConnectionTimeoutError: Connection timeout to host https://discord.com/api/v9/unique-username/username-attempt-unauthed
2026-09-01 18:30:15	NETWORK	hnhs	attempt=1	proxy=http://wiw4v7duaymysz9-session-fbf2e81d5f3b-lifetime-10:***@rp.scrapegw.com:6060	ConnectionTimeoutError: Connection timeout to host https://discord.com/api/v9/unique-username/username-attempt-unauthed
2026-09-01 18:30:15	NETWORK	hnhg	attempt=1	proxy=http://wiw4v7duaymysz9-session-583baf9de489-lifetime-10:***@rp.scrapegw.com:6060	ConnectionTimeoutError: Connection timeout to host https://discord.com/api/v9/unique-username/username-attempt-unauthed
2026-09-01 18:30:15	NETWORK	hndp	attempt=1	proxy=http://wiw4v7duaymysz9-session-9fafe0a5f18f-lifetime-10:***@rp.scrapegw.com:6060	ConnectionTimeoutError: Connection timeout to host https://discord.com/api/v9/unique-username/username-attempt-unauthed
2026-09-01 18:30:15	NETWORK	hnfb	attempt=1	proxy=http://wiw4v7duaymysz9-session-6077e42d17ba-lifetime-10:***@rp.scrapegw.com:6060	ConnectionTimeoutError: Connection timeout to host https://discord.com/api/v9/unique-username/username-attempt-unauthed
2026-09-01 18:30:15	NETWORK	hnfv	attempt=1	proxy=http://wiw4v7duaymysz9-session-bf28a7349b85-lifetime-10:***@rp.scrapegw.com:6060	ConnectionTimeoutError: Connection timeout to host https://discord.com/api/v9/unique-username/username-attempt-unauthed
2026-09-01 18:30:15	NETWORK	hnfj	attempt=1	proxy=http://wiw4v7duaymysz9-session-8afaed16f1f4-lifetime-10:***@rp.scrapegw.com:6060	ConnectionTimeoutError: Connection timeout to host https://discord.com/api/v9/unique-username/username-attempt-unauthed
2026-09-01 18:30:15	NETWORK	hndh	attempt=1	proxy=http://wiw4v7duaymysz9-session-d269c252d2e8-lifetime-10:***@rp.scrapegw.com:6060	ConnectionTimeoutError: Connection timeout to host https://discord.com/api/v9/unique-username/username-attempt-unauthed
2026-09-01 18:30:15	NETWORK	hncw	attempt=1	proxy=http://wiw4v7duaymysz9-session-062b1357961b-lifetime-10:***@rp.scrapegw.com:6060	ConnectionTimeoutError: Connection timeout to host https://discord.com/api/v9/unique-username/username-attempt-unauthed
2026-09-01 18:30:15	NETWORK	hncg	attempt=1	proxy=http://wiw4v7duaymysz9-session-c8efdf8000d8-lifetime-10:***@rp.scrapegw.com:6060	ConnectionTimeoutError: Connection timeout to host https://discord.com/api/v9/unique-username/username-attempt-unauthed
2026-09-01 18:30:15	NETWORK	hnce	attempt=1	proxy=http://wiw4v7duaymysz9-session-a9cb2c00a6e2-lifetime-10:***@rp.scrapegw.com:6060	ConnectionTimeoutError: Connection timeout to host https://discord.com/api/v9/unique-username/username-attempt-unauthed
2026-09-01 18:30:15	NETWORK	hndv	attempt=1	proxy=http://wiw4v7duaymysz9-session-4a8e9c4b363a-lifetime-10:***@rp.scrapegw.com:6060	ConnectionTimeoutError: Connection timeout to host https://discord.com/api/v9/unique-username/username-attempt-unauthed
2026-09-01 18:30:15	NETWORK	hndq	attempt=1	proxy=http://wiw4v7duaymysz9-session-54992df540c8-lifetime-10:***@rp.scrapegw.com:6060	ConnectionTimeoutError: Connection timeout to host https://discord.com/api/v9/unique-username/username-attempt-unauthed
2026-09-01 18:30:15	NETWORK	hniw	attempt=1	proxy=http://wiw4v7duaymysz9-session-efbffbc5cc90-lifetime-10:***@rp.scrapegw.com:6060	ConnectionTimeoutError: Connection timeout to host https://discord.com/api/v9/unique-username/username-attempt-unauthed
2026-09-01 18:30:15	NETWORK	hnhi	attempt=1	proxy=http://wiw4v7duaymysz9-session-104ca0e345cb-lifetime-10:***@rp.scrapegw.com:6060	ConnectionTimeoutError: Connection timeout to host https://discord.com/api/v9/unique-username/username-attempt-unauthed
2026-09-01 18:30:15	NETWORK	hnhd	attempt=1	proxy=http://wiw4v7duaymysz9-session-a3aba302163f-lifetime-10:***@rp.scrapegw.com:6060	ConnectionTimeoutError: Connection timeout to host https://discord.com/api/v9/unique-username/username-attempt-unauthed
2026-09-01 18:30:15	NETWORK	hngd	attempt=1	proxy=http://wiw4v7duaymysz9-session-397d8ba1b7d3-lifetime-10:***@rp.scrapegw.com:6060	ConnectionTimeoutError: Connection timeout to host https://discord.com/api/v9/unique-username/username-attempt-unauthed
2026-09-01 18:30:15	NETWORK	hngp	attempt=1	proxy=http://wiw4v7duaymysz9-session-2e329ee3ff86-lifetime-10:***@rp.scrapegw.com:6060	ConnectionTimeoutError: Connection timeout to host https://discord.com/api/v9/unique-username/username-attempt-unauthed
2026-09-01 18:30:15	NETWORK	hndj	attempt=1	proxy=http://wiw4v7duaymysz9-session-da5f7019f2d4-lifetime-10:***@rp.scrapegw.com:6060	ConnectionTimeoutError: Connection timeout to host https://discord.com/api/v9/unique-username/username-attempt-unauthed
2026-09-01 18:30:15	NETWORK	hnfn	attempt=1	proxy=http://wiw4v7duaymysz9-session-acc8572a36e3-lifetime-10:***@rp.scrapegw.com:6060	ConnectionTimeoutError: Connection timeout to host https://discord.com/api/v9/unique-username/username-attempt-unauthed
2026-09-01 18:30:15	NETWORK	hnjc	attempt=1	proxy=http://wiw4v7duaymysz9-session-d285acb54432-lifetime-10:***@rp.scrapegw.com:6060	ConnectionTimeoutError: Connection timeout to host https://discord.com/api/v9/unique-username/username-attempt-unauthed
2026-09-01 18:30:15	NETWORK	hnhc	attempt=1	proxy=http://wiw4v7duaymysz9-session-6d6aeaf2ceaa-lifetime-10:***@rp.scrapegw.com:6060	ConnectionTimeoutError: Connection timeout to host https://discord.com/api/v9/unique-username/username-attempt-unauthed
2026-09-01 18:30:15	NETWORK	hnfh	attempt=1	proxy=http://wiw4v7duaymysz9-session-dd0fa8cfc6b1-lifetime-10:***@rp.scrapegw.com:6060	ConnectionTimeoutError: Connection timeout to host https://discord.com/api/v9/unique-username/username-attempt-unauthed
2026-09-01 18:30:15	NETWORK	hnej	attempt=1	proxy=http://wiw4v7duaymysz9-session-e837ab177491-lifetime-10:***@rp.scrapegw.com:6060	ConnectionTimeoutError: Connection timeout to host https://discord.com/api/v9/unique-username/username-attempt-unauthed
2026-09-01 18:30:15	NETWORK	hneg	attempt=1	proxy=http://wiw4v7duaymysz9-session-da4f0fb5420e-lifetime-10:***@rp.scrapegw.com:6060	ConnectionTimeoutError: Connection timeout to host https://discord.com/api/v9/unique-username/username-attempt-unauthed
2026-09-01 18:30:15	NETWORK	hnhy	attempt=1	proxy=http://wiw4v7duaymysz9-session-d5aa94d25cf6-lifetime-10:***@rp.scrapegw.com:6060	ConnectionTimeoutError: Connection timeout to host https://discord.com/api/v9/unique-username/username-attempt-unauthed
2026-09-01 18:30:15	NETWORK	hnig	attempt=1	proxy=http://wiw4v7duaymysz9-session-57e6c3aefc68-lifetime-10:***@rp.scrapegw.com:6060	ConnectionTimeoutError: Connection timeout to host https://discord.com/api/v9/unique-username/username-attempt-unauthed
2026-09-01 18:30:15	NETWORK	hnhj	attempt=1	proxy=http://wiw4v7duaymysz9-session-75db55b1e13a-lifetime-10:***@rp.scrapegw.com:6060	ConnectionTimeoutError: Connection timeout to host https://discord.com/api/v9/unique-username/username-attempt-unauthed
2026-09-01 18:30:15	NETWORK	hnxy	attempt=1	proxy=http://wiw4v7duaymysz9-session-45e6d8f6d1cf-lifetime-10:***@rp.scrapegw.com:6060	ClientConnectorError: Cannot connect to host discord.com:443 ssl:default [Connection reset by peer]
2026-09-01 18:30:15	NETWORK	hnzl	attempt=1	proxy=http://wiw4v7duaymysz9-session-3f494684beed-lifetime-10:***@rp.scrapegw.com:6060	ClientConnectorError: Cannot connect to host discord.com:443 ssl:default [Connection reset by peer]
2026-09-01 18:30:16	NETWORK	hmjw	attempt=1	proxy=http://wiw4v7duaymysz9-session-17bdeac8d826-lifetime-10:***@rp.scrapegw.com:6060	ServerDisconnectedError: Server disconnected
2026-09-01 18:30:16	NETWORK	hnmn	attempt=1	proxy=http://wiw4v7duaymysz9-session-fefc893b6a0a-lifetime-10:***@rp.scrapegw.com:6060	ClientConnectorError: Cannot connect to host discord.com:443 ssl:default [Connection reset by peer]
2026-09-01 18:30:16	NETWORK	hnke	attempt=1	proxy=http://wiw4v7duaymysz9-session-365110fc0c74-lifetime-10:***@rp.scrapegw.com:6060	ClientConnectorError: Cannot connect to host discord.com:443 ssl:default [Connection reset by peer]
2026-09-01 18:30:16	NETWORK	hnnq	attempt=1	proxy=http://wiw4v7duaymysz9-session-89609263d589-lifetime-10:***@rp.scrapegw.com:6060	ConnectionTimeoutError: Connection timeout to host https://discord.com/api/v9/unique-username/username-attempt-unauthed
2026-09-01 18:30:16	NETWORK	hnnl	attempt=1	proxy=http://wiw4v7duaymysz9-session-80d8000d6ae1-lifetime-10:***@rp.scrapegw.com:6060	ConnectionTimeoutError: Connection timeout to host https://discord.com/api/v9/unique-username/username-attempt-unauthed
2026-09-01 18:30:16	NETWORK	hnny	attempt=1	proxy=http://wiw4v7duaymysz9-session-77dd5f2606f6-lifetime-10:***@rp.scrapegw.com:6060	ConnectionTimeoutError: Connection timeout to host https://discord.com/api/v9/unique-username/username-attempt-unauthed
2026-09-01 18:30:16	NETWORK	hnnd	attempt=1	proxy=http://wiw4v7duaymysz9-session-1dbd4aa35370-lifetime-10:***@rp.scrapegw.com:6060	ConnectionTimeoutError: Connection timeout to host https://discord.com/api/v9/unique-username/username-attempt-unauthed
2026-09-01 18:30:16	NETWORK	hnmb	attempt=1	proxy=http://wiw4v7duaymysz9-session-f93fd3946f64-lifetime-10:***@rp.scrapegw.com:6060	ConnectionTimeoutError: Connection timeout to host https://discord.com/api/v9/unique-username/username-attempt-unauthed
2026-09-01 18:30:16	NETWORK	hnlz	attempt=1	proxy=http://wiw4v7duaymysz9-session-a82fc1748351-lifetime-10:***@rp.scrapegw.com:6060	ConnectionTimeoutError: Connection timeout to host https://discord.com/api/v9/unique-username/username-attempt-unauthed
2026-09-01 18:30:16	NETWORK	hnko	attempt=1	proxy=http://wiw4v7duaymysz9-session-1b98bc6af6f6-lifetime-10:***@rp.scrapegw.com:6060	ConnectionTimeoutError: Connection timeout to host https://discord.com/api/v9/unique-username/username-attempt-unauthed
2026-09-01 18:30:16	NETWORK	hnle	attempt=1	proxy=http://wiw4v7duaymysz9-session-7cf41461d47d-lifetime-10:***@rp.scrapegw.com:6060	ConnectionTimeoutError: Connection timeout to host https://discord.com/api/v9/unique-username/username-attempt-unauthed
2026-09-01 18:30:16	NETWORK	hnjr	attempt=1	proxy=http://wiw4v7duaymysz9-session-a6db7024b943-lifetime-10:***@rp.scrapegw.com:6060	ConnectionTimeoutError: Connection timeout to host https://discord.com/api/v9/unique-username/username-attempt-unauthed
2026-09-01 18:30:16	NETWORK	hnjm	attempt=1	proxy=http://wiw4v7duaymysz9-session-7b5b3ec6a799-lifetime-10:***@rp.scrapegw.com:6060	ConnectionTimeoutError: Connection timeout to host https://discord.com/api/v9/unique-username/username-attempt-unauthed
2026-09-01 18:30:16	NETWORK	hnjg	attempt=1	proxy=http://wiw4v7duaymysz9-session-f06086e8c848-lifetime-10:***@rp.scrapegw.com:6060	ConnectionTimeoutError: Connection timeout to host https://discord.com/api/v9/unique-username/username-attempt-unauthed
2026-09-01 18:30:16	NETWORK	hnpr	attempt=1	proxy=http://wiw4v7duaymysz9-session-2d381ef7408c-lifetime-10:***@rp.scrapegw.com:6060	ConnectionTimeoutError: Connection timeout to host https://discord.com/api/v9/unique-username/username-attempt-unauthed
2026-09-01 18:30:16	NETWORK	hnoi	attempt=1	proxy=http://wiw4v7duaymysz9-session-a37ab39f9a8b-lifetime-10:***@rp.scrapegw.com:6060	ConnectionTimeoutError: Connection timeout to host https://discord.com/api/v9/unique-username/username-attempt-unauthed
2026-09-01 18:30:16	NETWORK	hnoj	attempt=1	proxy=http://wiw4v7duaymysz9-session-9bd09b4ae486-lifetime-10:***@rp.scrapegw.com:6060	ConnectionTimeoutError: Connection timeout to host https://discord.com/api/v9/unique-username/username-attempt-unauthed
2026-09-01 18:30:16	NETWORK	hlwr	attempt=1	proxy=http://wiw4v7duaymysz9-session-89609263d589-lifetime-10:***@rp.scrapegw.com:6060	TimeoutError:
2026-09-01 18:30:16	NETWORK	hnkh	attempt=1	proxy=http://wiw4v7duaymysz9-session-b2d98d954918-lifetime-10:***@rp.scrapegw.com:6060	ConnectionTimeoutError: Connection timeout to host https://discord.com/api/v9/unique-username/username-attempt-unauthed
2026-09-01 18:30:16	NETWORK	hnpb	attempt=1	proxy=http://wiw4v7duaymysz9-session-1851533b9ceb-lifetime-10:***@rp.scrapegw.com:6060	ConnectionTimeoutError: Connection timeout to host https://discord.com/api/v9/unique-username/username-attempt-unauthed
2026-09-01 18:30:16	NETWORK	hnme	attempt=1	proxy=http://wiw4v7duaymysz9-session-1d061ebac6ff-lifetime-10:***@rp.scrapegw.com:6060	ConnectionTimeoutError: Connection timeout to host https://discord.com/api/v9/unique-username/username-attempt-unauthed
2026-09-01 18:30:16	NETWORK	hnjn	attempt=1	proxy=http://wiw4v7duaymysz9-session-b8f9cd4f0e1a-lifetime-10:***@rp.scrapegw.com:6060	ConnectionTimeoutError: Connection timeout to host https://discord.com/api/v9/unique-username/username-attempt-unauthed
2026-09-01 18:30:16	NETWORK	hnop	attempt=1	proxy=http://wiw4v7duaymysz9-session-4dba82480d1f-lifetime-10:***@rp.scrapegw.com:6060	ConnectionTimeoutError: Connection timeout to host https://discord.com/api/v9/unique-username/username-attempt-unauthed
2026-09-01 18:30:16	NETWORK	hnnt	attempt=1	proxy=http://wiw4v7duaymysz9-session-2f0c6fc94fc0-lifetime-10:***@rp.scrapegw.com:6060	ConnectionTimeoutError: Connection timeout to host https://discord.com/api/v9/unique-username/username-attempt-unauthed
2026-09-01 18:30:16	NETWORK	hnna	attempt=1	proxy=http://wiw4v7duaymysz9-session-132421fc8f49-lifetime-10:***@rp.scrapegw.com:6060	ConnectionTimeoutError: Connection timeout to host https://discord.com/api/v9/unique-username/username-attempt-unauthed
2026-09-01 18:30:16	NETWORK	hnmf	attempt=1	proxy=http://wiw4v7duaymysz9-session-b64b2758fa46-lifetime-10:***@rp.scrapegw.com:6060	ConnectionTimeoutError: Connection timeout to host https://discord.com/api/v9/unique-username/username-attempt-unauthed
2026-09-01 18:30:16	NETWORK	hnoy	attempt=1	proxy=http://wiw4v7duaymysz9-session-3dedc7cd7f05-lifetime-10:***@rp.scrapegw.com:6060	ConnectionTimeoutError: Connection timeout to host https://discord.com/api/v9/unique-username/username-attempt-unauthed
2026-09-01 18:30:16	NETWORK	hnlw	attempt=1	proxy=http://wiw4v7duaymysz9-session-10b833821f2b-lifetime-10:***@rp.scrapegw.com:6060	ConnectionTimeoutError: Connection timeout to host https://discord.com/api/v9/unique-username/username-attempt-unauthed
2026-09-01 18:30:16	NETWORK	hnly	attempt=1	proxy=http://wiw4v7duaymysz9-session-0c82699e0c33-lifetime-10:***@rp.scrapegw.com:6060	ConnectionTimeoutError: Connection timeout to host https://discord.com/api/v9/unique-username/username-attempt-unauthed
2026-09-01 18:30:16	NETWORK	hnkb	attempt=1	proxy=http://wiw4v7duaymysz9-session-0c9863789e5d-lifetime-10:***@rp.scrapegw.com:6060	ConnectionTimeoutError: Connection timeout to host https://discord.com/api/v9/unique-username/username-attempt-unauthed
2026-09-01 18:30:16	NETWORK	hnor	attempt=1	proxy=http://wiw4v7duaymysz9-session-755a70fb317f-lifetime-10:***@rp.scrapegw.com:6060	ConnectionTimeoutError: Connection timeout to host https://discord.com/api/v9/unique-username/username-attempt-unauthed
2026-09-01 18:30:16	NETWORK	hnlp	attempt=1	proxy=http://wiw4v7duaymysz9-session-d327d52981cf-lifetime-10:***@rp.scrapegw.com:6060	ConnectionTimeoutError: Connection timeout to host https://discord.com/api/v9/unique-username/username-attempt-unauthed
2026-09-01 18:30:16	NETWORK	hnll	attempt=1	proxy=http://wiw4v7duaymysz9-session-0de33171bec8-lifetime-10:***@rp.scrapegw.com:6060	ConnectionTimeoutError: Connection timeout to host https://discord.com/api/v9/unique-username/username-attempt-unauthed
2026-09-01 18:30:16	HTTP_429	hnlx	attempt=1	proxy=http://wiw4v7duaymysz9-session-bb6b05f6054e-lifetime-10:***@rp.scrapegw.com:6060	scope=shared global=False retry_after=1560.00s
2026-09-01 18:30:17	NETWORK	hoyo	attempt=1	proxy=http://wiw4v7duaymysz9-session-229d938a1f78-lifetime-10:***@rp.scrapegw.com:6060	ClientConnectorError: Cannot connect to host discord.com:443 ssl:default [Connection reset by peer]
2026-09-01 18:30:17	HTTP_429	hqwe	attempt=1	proxy=http://wiw4v7duaymysz9-session-c839cf36650a-lifetime-10:***@rp.scrapegw.com:6060	scope=shared global=False retry_after=1222.00s
2026-09-01 18:30:17	HTTP_429	hqmk	attempt=1	proxy=http://wiw4v7duaymysz9-session-816055eb1262-lifetime-10:***@rp.scrapegw.com:6060	scope=shared global=False retry_after=1207.00s
2026-09-01 18:30:17	HTTP_429	hqxt	attempt=1	proxy=http://wiw4v7duaymysz9-session-6da65611434e-lifetime-10:***@rp.scrapegw.com:6060	scope=shared global=False retry_after=2058.00s
2026-09-01 18:30:17	NETWORK	hnup	attempt=1	proxy=http://wiw4v7duaymysz9-session-fd280202d82f-lifetime-10:***@rp.scrapegw.com:6060	ConnectionTimeoutError: Connection timeout to host https://discord.com/api/v9/unique-username/username-attempt-unauthed
2026-09-01 18:30:17	NETWORK	hnuy	attempt=1	proxy=http://wiw4v7duaymysz9-session-22d765eee255-lifetime-10:***@rp.scrapegw.com:6060	ConnectionTimeoutError: Connection timeout to host https://discord.com/api/v9/unique-username/username-attempt-unauthed
2026-09-01 18:30:17	NETWORK	hnui	attempt=1	proxy=http://wiw4v7duaymysz9-session-d71aa0031f8b-lifetime-10:***@rp.scrapegw.com:6060	ConnectionTimeoutError: Connection timeout to host https://discord.com/api/v9/unique-username/username-attempt-unauthed
2026-09-01 18:30:17	NETWORK	hnug	attempt=1	proxy=http://wiw4v7duaymysz9-session-18f24889656b-lifetime-10:***@rp.scrapegw.com:6060	ConnectionTimeoutError: Connection timeout to host https://discord.com/api/v9/unique-username/username-attempt-unauthed
2026-09-01 18:30:17	NETWORK	hnuw	attempt=1	proxy=http://wiw4v7duaymysz9-session-bcf18e7dffaf-lifetime-10:***@rp.scrapegw.com:6060	ConnectionTimeoutError: Connection timeout to host https://discord.com/api/v9/unique-username/username-attempt-unauthed
2026-09-01 18:30:17	NETWORK	hnsf	attempt=1	proxy=http://wiw4v7duaymysz9-session-cac836ae786b-lifetime-10:***@rp.scrapegw.com:6060	ConnectionTimeoutError: Connection timeout to host https://discord.com/api/v9/unique-username/username-attempt-unauthed
2026-09-01 18:30:17	NETWORK	hntx	attempt=1	proxy=http://wiw4v7duaymysz9-session-a25f1f28f20d-lifetime-10:***@rp.scrapegw.com:6060	ConnectionTimeoutError: Connection timeout to host https://discord.com/api/v9/unique-username/username-attempt-unauthed
2026-09-01 18:30:17	NETWORK	hntn	attempt=1	proxy=http://wiw4v7duaymysz9-session-cbb39360d14c-lifetime-10:***@rp.scrapegw.com:6060	ConnectionTimeoutError: Connection timeout to host https://discord.com/api/v9/unique-username/username-attempt-unauthed
2026-09-01 18:30:17	NETWORK	hnrp	attempt=1	proxy=http://wiw4v7duaymysz9-session-e2eeb7f20a8d-lifetime-10:***@rp.scrapegw.com:6060	ConnectionTimeoutError: Connection timeout to host https://discord.com/api/v9/unique-username/username-attempt-unauthed
2026-09-01 18:30:17	NETWORK	hnrz	attempt=1	proxy=http://wiw4v7duaymysz9-session-fc8e8961239e-lifetime-10:***@rp.scrapegw.com:6060	ConnectionTimeoutError: Connection timeout to host https://discord.com/api/v9/unique-username/username-attempt-unauthed
2026-09-01 18:30:17	NETWORK	hnrx	attempt=1	proxy=http://wiw4v7duaymysz9-session-e836584d8403-lifetime-10:***@rp.scrapegw.com:6060	ConnectionTimeoutError: Connection timeout to host https://discord.com/api/v9/unique-username/username-attempt-unauthed
2026-09-01 18:30:17	NETWORK	hnvu	attempt=1	proxy=http://wiw4v7duaymysz9-session-7230d7f77282-lifetime-10:***@rp.scrapegw.com:6060	ConnectionTimeoutError: Connection timeout to host https://discord.com/api/v9/unique-username/username-attempt-unauthed
2026-09-01 18:30:17	NETWORK	hnqi	attempt=1	proxy=http://wiw4v7duaymysz9-session-a4817deee3ba-lifetime-10:***@rp.scrapegw.com:6060	ConnectionTimeoutError: Connection timeout to host https://discord.com/api/v9/unique-username/username-attempt-unauthed
2026-09-01 18:30:17	NETWORK	hnsd	attempt=1	proxy=http://wiw4v7duaymysz9-session-5484348a4bba-lifetime-10:***@rp.scrapegw.com:6060	ConnectionTimeoutError: Connection timeout to host https://discord.com/api/v9/unique-username/username-attempt-unauthed
2026-09-01 18:30:17	NETWORK	hnqw	attempt=1	proxy=http://wiw4v7duaymysz9-session-45cb3c532685-lifetime-10:***@rp.scrapegw.com:6060	ConnectionTimeoutError: Connection timeout to host https://discord.com/api/v9/unique-username/username-attempt-unauthed
2026-09-01 18:30:17	NETWORK	hnsw	attempt=1	proxy=http://wiw4v7duaymysz9-session-deae541c18de-lifetime-10:***@rp.scrapegw.com:6060	ConnectionTimeoutError: Connection timeout to host https://discord.com/api/v9/unique-username/username-attempt-unauthed
2026-09-01 18:30:17	NETWORK	hnwl	attempt=1	proxy=http://wiw4v7duaymysz9-session-caed9cd3d57a-lifetime-10:***@rp.scrapegw.com:6060	ConnectionTimeoutError: Connection timeout to host https://discord.com/api/v9/unique-username/username-attempt-unauthed
2026-09-01 18:30:17	NETWORK	hnqt	attempt=1	proxy=http://wiw4v7duaymysz9-session-4a7b3880943b-lifetime-10:***@rp.scrapegw.com:6060	ConnectionTimeoutError: Connection timeout to host https://discord.com/api/v9/unique-username/username-attempt-unauthed
2026-09-01 18:30:17	NETWORK	hnww	attempt=1	proxy=http://wiw4v7duaymysz9-session-ee2dc73d3ec0-lifetime-10:***@rp.scrapegw.com:6060	ConnectionTimeoutError: Connection timeout to host https://discord.com/api/v9/unique-username/username-attempt-unauthed
2026-09-01 18:30:17	NETWORK	hnwf	attempt=1	proxy=http://wiw4v7duaymysz9-session-da814ae05e99-lifetime-10:***@rp.scrapegw.com:6060	ConnectionTimeoutError: Connection timeout to host https://discord.com/api/v9/unique-username/username-attempt-unauthed
2026-09-01 18:30:17	NETWORK	hnwt	attempt=1	proxy=http://wiw4v7duaymysz9-session-bb1bb020cb30-lifetime-10:***@rp.scrapegw.com:6060	ConnectionTimeoutError: Connection timeout to host https://discord.com/api/v9/unique-username/username-attempt-unauthed
2026-09-01 18:30:17	NETWORK	hnqf	attempt=1	proxy=http://wiw4v7duaymysz9-session-1a9303f96355-lifetime-10:***@rp.scrapegw.com:6060	ConnectionTimeoutError: Connection timeout to host https://discord.com/api/v9/unique-username/username-attempt-unauthed
2026-09-01 18:30:17	NETWORK	hnxe	attempt=1	proxy=http://wiw4v7duaymysz9-session-ff83747744b5-lifetime-10:***@rp.scrapegw.com:6060	ConnectionTimeoutError: Connection timeout to host https://discord.com/api/v9/unique-username/username-attempt-unauthed
2026-09-01 18:30:17	NETWORK	hnvr	attempt=1	proxy=http://wiw4v7duaymysz9-session-ac8e15156ade-lifetime-10:***@rp.scrapegw.com:6060	ConnectionTimeoutError: Connection timeout to host https://discord.com/api/v9/unique-username/username-attempt-unauthed
2026-09-01 18:30:17	NETWORK	hnvq	attempt=1	proxy=http://wiw4v7duaymysz9-session-6b13885f380b-lifetime-10:***@rp.scrapegw.com:6060	ConnectionTimeoutError: Connection timeout to host https://discord.com/api/v9/unique-username/username-attempt-unauthed
2026-09-01 18:30:17	NETWORK	hnto	attempt=1	proxy=http://wiw4v7duaymysz9-session-fc8a56e4d64c-lifetime-10:***@rp.scrapegw.com:6060	ConnectionTimeoutError: Connection timeout to host https://discord.com/api/v9/unique-username/username-attempt-unauthed
2026-09-01 18:30:17	NETWORK	hnrc	attempt=1	proxy=http://wiw4v7duaymysz9-session-6bca89563548-lifetime-10:***@rp.scrapegw.com:6060	ConnectionTimeoutError: Connection timeout to host https://discord.com/api/v9/unique-username/username-attempt-unauthed
2026-09-01 18:30:17	NETWORK	hnum	attempt=1	proxy=http://wiw4v7duaymysz9-session-df4da664c876-lifetime-10:***@rp.scrapegw.com:6060	ConnectionTimeoutError: Connection timeout to host https://discord.com/api/v9/unique-username/username-attempt-unauthed
2026-09-01 18:30:17	NETWORK	hntg	attempt=1	proxy=http://wiw4v7duaymysz9-session-1e2b8a53c676-lifetime-10:***@rp.scrapegw.com:6060	ConnectionTimeoutError: Connection timeout to host https://discord.com/api/v9/unique-username/username-attempt-unauthed
2026-09-01 18:30:17	NETWORK	hnth	attempt=1	proxy=http://wiw4v7duaymysz9-session-8c29d3c7e52c-lifetime-10:***@rp.scrapegw.com:6060	ConnectionTimeoutError: Connection timeout to host https://discord.com/api/v9/unique-username/username-attempt-unauthed
2026-09-01 18:30:17	NETWORK	hnqs	attempt=1	proxy=http://wiw4v7duaymysz9-session-36caaa519f87-lifetime-10:***@rp.scrapegw.com:6060	ConnectionTimeoutError: Connection timeout to host https://discord.com/api/v9/unique-username/username-attempt-unauthed
2026-09-01 18:30:17	NETWORK	hnqo	attempt=1	proxy=http://wiw4v7duaymysz9-session-f36b6fccfe62-lifetime-10:***@rp.scrapegw.com:6060	ConnectionTimeoutError: Connection timeout to host https://discord.com/api/v9/unique-username/username-attempt-unauthed
2026-09-01 18:30:17	NETWORK	hnuv	attempt=1	proxy=http://wiw4v7duaymysz9-session-c431f56d93c8-lifetime-10:***@rp.scrapegw.com:6060	ConnectionTimeoutError: Connection timeout to host https://discord.com/api/v9/unique-username/username-attempt-unauthed
2026-09-01 18:30:17	NETWORK	hnqb	attempt=1	proxy=http://wiw4v7duaymysz9-session-77c5fb0f1262-lifetime-10:***@rp.scrapegw.com:6060	ConnectionTimeoutError: Connection timeout to host https://discord.com/api/v9/unique-username/username-attempt-unauthed
2026-09-01 18:30:17	NETWORK	hnqk	attempt=1	proxy=http://wiw4v7duaymysz9-session-a3f5dcc0481f-lifetime-10:***@rp.scrapegw.com:6060	ConnectionTimeoutError: Connection timeout to host https://discord.com/api/v9/unique-username/username-attempt-unauthed
2026-09-01 18:30:17	HTTP_429	hrbq	attempt=1	proxy=http://wiw4v7duaymysz9-session-1251b5c52010-lifetime-10:***@rp.scrapegw.com:6060	scope=shared global=False retry_after=2056.00s
2026-09-01 18:30:18	NETWORK	hpii	attempt=1	proxy=http://wiw4v7duaymysz9-session-bfaa25ae6ba6-lifetime-10:***@rp.scrapegw.com:6060	ClientConnectorError: Cannot connect to host discord.com:443 ssl:default [Connection reset by peer]
2026-09-01 18:30:18	NETWORK	hotx	attempt=1	proxy=http://wiw4v7duaymysz9-session-cec60b23ee7e-lifetime-10:***@rp.scrapegw.com:6060	ClientConnectorError: Cannot connect to host discord.com:443 ssl:default [Connection reset by peer]
2026-09-01 18:30:18	HTTP_429	hrgw	attempt=1	proxy=http://wiw4v7duaymysz9-session-bf7dac76d791-lifetime-10:***@rp.scrapegw.com:6060	scope=shared global=False retry_after=2060.00s
2026-09-01 18:30:18	NETWORK	homr	attempt=1	proxy=http://wiw4v7duaymysz9-session-3a5eb9ad606c-lifetime-10:***@rp.scrapegw.com:6060	ClientConnectorCertificateError: Cannot connect to host discord.com:443 ssl:True [SSLCertVerificationError: (1, '[SSL: CERTIFICATE_VERIFY_FAILED] certificate verify failed: self-signed certificate in certificate chain (_ssl.c:1081)')]
2026-09-01 18:30:18	NETWORK	hnyh	attempt=1	proxy=http://wiw4v7duaymysz9-session-3ab04b610282-lifetime-10:***@rp.scrapegw.com:6060	ConnectionTimeoutError: Connection timeout to host https://discord.com/api/v9/unique-username/username-attempt-unauthed
2026-09-01 18:30:18	NETWORK	hobc	attempt=1	proxy=http://wiw4v7duaymysz9-session-e9028db756b9-lifetime-10:***@rp.scrapegw.com:6060	ConnectionTimeoutError: Connection timeout to host https://discord.com/api/v9/unique-username/username-attempt-unauthed
2026-09-01 18:30:18	NETWORK	hodg	attempt=1	proxy=http://wiw4v7duaymysz9-session-a67312ea176d-lifetime-10:***@rp.scrapegw.com:6060	ConnectionTimeoutError: Connection timeout to host https://discord.com/api/v9/unique-username/username-attempt-unauthed
2026-09-01 18:30:18	NETWORK	hobd	attempt=1	proxy=http://wiw4v7duaymysz9-session-9f756d37df82-lifetime-10:***@rp.scrapegw.com:6060	ConnectionTimeoutError: Connection timeout to host https://discord.com/api/v9/unique-username/username-attempt-unauthed
2026-09-01 18:30:18	NETWORK	hnxw	attempt=1	proxy=http://wiw4v7duaymysz9-session-4947b9321d3f-lifetime-10:***@rp.scrapegw.com:6060	ConnectionTimeoutError: Connection timeout to host https://discord.com/api/v9/unique-username/username-attempt-unauthed
2026-09-01 18:30:18	NETWORK	hofq	attempt=1	proxy=http://wiw4v7duaymysz9-session-f79c1fb92f18-lifetime-10:***@rp.scrapegw.com:6060	ConnectionTimeoutError: Connection timeout to host https://discord.com/api/v9/unique-username/username-attempt-unauthed
2026-09-01 18:30:18	NETWORK	hocd	attempt=1	proxy=http://wiw4v7duaymysz9-session-f59e57ae7d96-lifetime-10:***@rp.scrapegw.com:6060	ConnectionTimeoutError: Connection timeout to host https://discord.com/api/v9/unique-username/username-attempt-unauthed
2026-09-01 18:30:18	NETWORK	hnzj	attempt=1	proxy=http://wiw4v7duaymysz9-session-fc0191a08a0a-lifetime-10:***@rp.scrapegw.com:6060	ConnectionTimeoutError: Connection timeout to host https://discord.com/api/v9/unique-username/username-attempt-unauthed
2026-09-01 18:30:18	NETWORK	hoel	attempt=1	proxy=http://wiw4v7duaymysz9-session-659c7362bfc9-lifetime-10:***@rp.scrapegw.com:6060	ConnectionTimeoutError: Connection timeout to host https://discord.com/api/v9/unique-username/username-attempt-unauthed
2026-09-01 18:30:18	NETWORK	hogf	attempt=1	proxy=http://wiw4v7duaymysz9-session-cca8906e410d-lifetime-10:***@rp.scrapegw.com:6060	ConnectionTimeoutError: Connection timeout to host https://discord.com/api/v9/unique-username/username-attempt-unauthed
2026-09-01 18:30:18	NETWORK	hoeu	attempt=1	proxy=http://wiw4v7duaymysz9-session-335b4c7cc323-lifetime-10:***@rp.scrapegw.com:6060	ConnectionTimeoutError: Connection timeout to host https://discord.com/api/v9/unique-username/username-attempt-unauthed
2026-09-01 18:30:18	NETWORK	hnyt	attempt=1	proxy=http://wiw4v7duaymysz9-session-496dcb7aca00-lifetime-10:***@rp.scrapegw.com:6060	ConnectionTimeoutError: Connection timeout to host https://discord.com/api/v9/unique-username/username-attempt-unauthed
2026-09-01 18:30:18	NETWORK	hodo	attempt=1	proxy=http://wiw4v7duaymysz9-session-6b2fa6a6c9a2-lifetime-10:***@rp.scrapegw.com:6060	ConnectionTimeoutError: Connection timeout to host https://discord.com/api/v9/unique-username/username-attempt-unauthed
2026-09-01 18:30:18	NETWORK	hohj	attempt=1	proxy=http://wiw4v7duaymysz9-session-318c963d2c40-lifetime-10:***@rp.scrapegw.com:6060	ConnectionTimeoutError: Connection timeout to host https://discord.com/api/v9/unique-username/username-attempt-unauthed
2026-09-01 18:30:18	NETWORK	hofi	attempt=1	proxy=http://wiw4v7duaymysz9-session-efd85c2b99ff-lifetime-10:***@rp.scrapegw.com:6060	ConnectionTimeoutError: Connection timeout to host https://discord.com/api/v9/unique-username/username-attempt-unauthed
2026-09-01 18:30:18	NETWORK	hoeq	attempt=1	proxy=http://wiw4v7duaymysz9-session-684920df66d1-lifetime-10:***@rp.scrapegw.com:6060	ConnectionTimeoutError: Connection timeout to host https://discord.com/api/v9/unique-username/username-attempt-unauthed
2026-09-01 18:30:18	NETWORK	hoan	attempt=1	proxy=http://wiw4v7duaymysz9-session-6c4fa358abc0-lifetime-10:***@rp.scrapegw.com:6060	ConnectionTimeoutError: Connection timeout to host https://discord.com/api/v9/unique-username/username-attempt-unauthed
2026-09-01 18:30:18	NETWORK	hnxp	attempt=1	proxy=http://wiw4v7duaymysz9-session-ec6d662e67dc-lifetime-10:***@rp.scrapegw.com:6060	ConnectionTimeoutError: Connection timeout to host https://discord.com/api/v9/unique-username/username-attempt-unauthed
2026-09-01 18:30:18	NETWORK	hofw	attempt=1	proxy=http://wiw4v7duaymysz9-session-473c89e96298-lifetime-10:***@rp.scrapegw.com:6060	ConnectionTimeoutError: Connection timeout to host https://discord.com/api/v9/unique-username/username-attempt-unauthed
2026-09-01 18:30:18	NETWORK	hoez	attempt=1	proxy=http://wiw4v7duaymysz9-session-1fe5d7771a90-lifetime-10:***@rp.scrapegw.com:6060	ConnectionTimeoutError: Connection timeout to host https://discord.com/api/v9/unique-username/username-attempt-unauthed
2026-09-01 18:30:18	NETWORK	hoav	attempt=1	proxy=http://wiw4v7duaymysz9-session-16c3284e6665-lifetime-10:***@rp.scrapegw.com:6060	ConnectionTimeoutError: Connection timeout to host https://discord.com/api/v9/unique-username/username-attempt-unauthed
2026-09-01 18:30:18	NETWORK	hoep	attempt=1	proxy=http://wiw4v7duaymysz9-session-57c048f9a991-lifetime-10:***@rp.scrapegw.com:6060	ConnectionTimeoutError: Connection timeout to host https://discord.com/api/v9/unique-username/username-attempt-unauthed
2026-09-01 18:30:18	NETWORK	hogi	attempt=1	proxy=http://wiw4v7duaymysz9-session-1ad0bc984aa2-lifetime-10:***@rp.scrapegw.com:6060	ConnectionTimeoutError: Connection timeout to host https://discord.com/api/v9/unique-username/username-attempt-unauthed
2026-09-01 18:30:18	NETWORK	hodt	attempt=1	proxy=http://wiw4v7duaymysz9-session-1c1b5dd6cdd3-lifetime-10:***@rp.scrapegw.com:6060	ConnectionTimeoutError: Connection timeout to host https://discord.com/api/v9/unique-username/username-attempt-unauthed
2026-09-01 18:30:18	NETWORK	hnzf	attempt=1	proxy=http://wiw4v7duaymysz9-session-610f0977a110-lifetime-10:***@rp.scrapegw.com:6060	ConnectionTimeoutError: Connection timeout to host https://discord.com/api/v9/unique-username/username-attempt-unauthed
2026-09-01 18:30:18	NETWORK	hodh	attempt=1	proxy=http://wiw4v7duaymysz9-session-454ea9aedafb-lifetime-10:***@rp.scrapegw.com:6060	ConnectionTimeoutError: Connection timeout to host https://discord.com/api/v9/unique-username/username-attempt-unauthed
2026-09-01 18:30:18	NETWORK	hodp	attempt=1	proxy=http://wiw4v7duaymysz9-session-c5469ab2443f-lifetime-10:***@rp.scrapegw.com:6060	ConnectionTimeoutError: Connection timeout to host https://discord.com/api/v9/unique-username/username-attempt-unauthed
2026-09-01 18:30:18	NETWORK	hoci	attempt=1	proxy=http://wiw4v7duaymysz9-session-5ac0cab1625e-lifetime-10:***@rp.scrapegw.com:6060	ConnectionTimeoutError: Connection timeout to host https://discord.com/api/v9/unique-username/username-attempt-unauthed
2026-09-01 18:30:18	NETWORK	hodx	attempt=1	proxy=http://wiw4v7duaymysz9-session-a0a9bdfec655-lifetime-10:***@rp.scrapegw.com:6060	ConnectionTimeoutError: Connection timeout to host https://discord.com/api/v9/unique-username/username-attempt-unauthed
2026-09-01 18:30:18	NETWORK	hoaa	attempt=1	proxy=http://wiw4v7duaymysz9-session-eaca3054991c-lifetime-10:***@rp.scrapegw.com:6060	ConnectionTimeoutError: Connection timeout to host https://discord.com/api/v9/unique-username/username-attempt-unauthed
2026-09-01 18:30:18	NETWORK	hoaj	attempt=1	proxy=http://wiw4v7duaymysz9-session-b9de0e0b0d96-lifetime-10:***@rp.scrapegw.com:6060	ConnectionTimeoutError: Connection timeout to host https://discord.com/api/v9/unique-username/username-attempt-unauthed
2026-09-01 18:30:18	NETWORK	hnzr	attempt=1	proxy=http://wiw4v7duaymysz9-session-33bc1be0e5d7-lifetime-10:***@rp.scrapegw.com:6060	ConnectionTimeoutError: Connection timeout to host https://discord.com/api/v9/unique-username/username-attempt-unauthed
2026-09-01 18:30:18	NETWORK	hogm	attempt=1	proxy=http://wiw4v7duaymysz9-session-74d0df5f0ea3-lifetime-10:***@rp.scrapegw.com:6060	ConnectionTimeoutError: Connection timeout to host https://discord.com/api/v9/unique-username/username-attempt-unauthed
2026-09-01 18:30:18	NETWORK	hoda	attempt=1	proxy=http://wiw4v7duaymysz9-session-c9474c4aeefc-lifetime-10:***@rp.scrapegw.com:6060	ConnectionTimeoutError: Connection timeout to host https://discord.com/api/v9/unique-username/username-attempt-unauthed
2026-09-01 18:30:18	NETWORK	hnzi	attempt=1	proxy=http://wiw4v7duaymysz9-session-6d19505ab55f-lifetime-10:***@rp.scrapegw.com:6060	ConnectionTimeoutError: Connection timeout to host https://discord.com/api/v9/unique-username/username-attempt-unauthed
2026-09-01 18:30:18	NETWORK	hogj	attempt=1	proxy=http://wiw4v7duaymysz9-session-fb391497902d-lifetime-10:***@rp.scrapegw.com:6060	ConnectionTimeoutError: Connection timeout to host https://discord.com/api/v9/unique-username/username-attempt-unauthed
2026-09-01 18:30:18	NETWORK	hohe	attempt=1	proxy=http://wiw4v7duaymysz9-session-1f03715060c5-lifetime-10:***@rp.scrapegw.com:6060	ConnectionTimeoutError: Connection timeout to host https://discord.com/api/v9/unique-username/username-attempt-unauthed
2026-09-01 18:30:18	NETWORK	hocz	attempt=1	proxy=http://wiw4v7duaymysz9-session-74fc8c0e5609-lifetime-10:***@rp.scrapegw.com:6060	ConnectionTimeoutError: Connection timeout to host https://discord.com/api/v9/unique-username/username-attempt-unauthed
2026-09-01 18:30:18	NETWORK	hofm	attempt=1	proxy=http://wiw4v7duaymysz9-session-b2f159260852-lifetime-10:***@rp.scrapegw.com:6060	ConnectionTimeoutError: Connection timeout to host https://discord.com/api/v9/unique-username/username-attempt-unauthed
2026-09-01 18:30:19	HTTP_429	hrla	attempt=1	proxy=http://wiw4v7duaymysz9-session-1b0aa8fba710-lifetime-10:***@rp.scrapegw.com:6060	scope=shared global=False retry_after=372.00s
2026-09-01 18:30:19	HTTP_429	hros	attempt=1	proxy=http://wiw4v7duaymysz9-session-5f394da1e568-lifetime-10:***@rp.scrapegw.com:6060	scope=shared global=False retry_after=2050.00s
2026-09-01 18:30:19	HTTP_429	hrqn	attempt=1	proxy=http://wiw4v7duaymysz9-session-0bc751dea10e-lifetime-10:***@rp.scrapegw.com:6060	scope=shared global=False retry_after=2054.00s
2026-09-01 18:30:19	NETWORK	hoqy	attempt=1	proxy=http://wiw4v7duaymysz9-session-d75562c2c647-lifetime-10:***@rp.scrapegw.com:6060	ConnectionTimeoutError: Connection timeout to host https://discord.com/api/v9/unique-username/username-attempt-unauthed
2026-09-01 18:30:19	NETWORK	hosc	attempt=1	proxy=http://wiw4v7duaymysz9-session-640d879fb755-lifetime-10:***@rp.scrapegw.com:6060	ConnectionTimeoutError: Connection timeout to host https://discord.com/api/v9/unique-username/username-attempt-unauthed
2026-09-01 18:30:19	NETWORK	hora	attempt=1	proxy=http://wiw4v7duaymysz9-session-be27f05bf02d-lifetime-10:***@rp.scrapegw.com:6060	ConnectionTimeoutError: Connection timeout to host https://discord.com/api/v9/unique-username/username-attempt-unauthed
2026-09-01 18:30:19	NETWORK	hoqe	attempt=1	proxy=http://wiw4v7duaymysz9-session-b40213b16464-lifetime-10:***@rp.scrapegw.com:6060	ConnectionTimeoutError: Connection timeout to host https://discord.com/api/v9/unique-username/username-attempt-unauthed
2026-09-01 18:30:19	NETWORK	hopo	attempt=1	proxy=http://wiw4v7duaymysz9-session-59181c9dd5fe-lifetime-10:***@rp.scrapegw.com:6060	ConnectionTimeoutError: Connection timeout to host https://discord.com/api/v9/unique-username/username-attempt-unauthed
2026-09-01 18:30:19	NETWORK	hope	attempt=1	proxy=http://wiw4v7duaymysz9-session-cd2c0b4984ab-lifetime-10:***@rp.scrapegw.com:6060	ConnectionTimeoutError: Connection timeout to host https://discord.com/api/v9/unique-username/username-attempt-unauthed
2026-09-01 18:30:19	NETWORK	hoox	attempt=1	proxy=http://wiw4v7duaymysz9-session-060f4caa74a9-lifetime-10:***@rp.scrapegw.com:6060	ConnectionTimeoutError: Connection timeout to host https://discord.com/api/v9/unique-username/username-attempt-unauthed
2026-09-01 18:30:19	NETWORK	hopw	attempt=1	proxy=http://wiw4v7duaymysz9-session-20cdc33402e1-lifetime-10:***@rp.scrapegw.com:6060	ConnectionTimeoutError: Connection timeout to host https://discord.com/api/v9/unique-username/username-attempt-unauthed
2026-09-01 18:30:19	NETWORK	honn	attempt=1	proxy=http://wiw4v7duaymysz9-session-362dff3a7eda-lifetime-10:***@rp.scrapegw.com:6060	ConnectionTimeoutError: Connection timeout to host https://discord.com/api/v9/unique-username/username-attempt-unauthed
2026-09-01 18:30:19	NETWORK	hoqr	attempt=1	proxy=http://wiw4v7duaymysz9-session-b54ee1395628-lifetime-10:***@rp.scrapegw.com:6060	ConnectionTimeoutError: Connection timeout to host https://discord.com/api/v9/unique-username/username-attempt-unauthed
2026-09-01 18:30:19	NETWORK	hoqb	attempt=1	proxy=http://wiw4v7duaymysz9-session-fae046d2d0d4-lifetime-10:***@rp.scrapegw.com:6060	ConnectionTimeoutError: Connection timeout to host https://discord.com/api/v9/unique-username/username-attempt-unauthed
2026-09-01 18:30:19	NETWORK	hopr	attempt=1	proxy=http://wiw4v7duaymysz9-session-9c2d80643021-lifetime-10:***@rp.scrapegw.com:6060	ConnectionTimeoutError: Connection timeout to host https://discord.com/api/v9/unique-username/username-attempt-unauthed
2026-09-01 18:30:19	NETWORK	hone	attempt=1	proxy=http://wiw4v7duaymysz9-session-9373d2d384c6-lifetime-10:***@rp.scrapegw.com:6060	ConnectionTimeoutError: Connection timeout to host https://discord.com/api/v9/unique-username/username-attempt-unauthed
2026-09-01 18:30:19	NETWORK	hopf	attempt=1	proxy=http://wiw4v7duaymysz9-session-861abdd03483-lifetime-10:***@rp.scrapegw.com:6060	ConnectionTimeoutError: Connection timeout to host https://discord.com/api/v9/unique-username/username-attempt-unauthed
2026-09-01 18:30:19	NETWORK	hoqo	attempt=1	proxy=http://wiw4v7duaymysz9-session-d8eeb3f1e052-lifetime-10:***@rp.scrapegw.com:6060	ConnectionTimeoutError: Connection timeout to host https://discord.com/api/v9/unique-username/username-attempt-unauthed
2026-09-01 18:30:19	NETWORK	hola	attempt=1	proxy=http://wiw4v7duaymysz9-session-a3c7dd3814f5-lifetime-10:***@rp.scrapegw.com:6060	ConnectionTimeoutError: Connection timeout to host https://discord.com/api/v9/unique-username/username-attempt-unauthed
2026-09-01 18:30:19	NETWORK	hony	attempt=1	proxy=http://wiw4v7duaymysz9-session-727ff83f3197-lifetime-10:***@rp.scrapegw.com:6060	ConnectionTimeoutError: Connection timeout to host https://discord.com/api/v9/unique-username/username-attempt-unauthed
2026-09-01 18:30:19	NETWORK	hokt	attempt=1	proxy=http://wiw4v7duaymysz9-session-fb4e50d666d6-lifetime-10:***@rp.scrapegw.com:6060	ConnectionTimeoutError: Connection timeout to host https://discord.com/api/v9/unique-username/username-attempt-unauthed
2026-09-01 18:30:19	NETWORK	holj	attempt=1	proxy=http://wiw4v7duaymysz9-session-a05fd32b5d05-lifetime-10:***@rp.scrapegw.com:6060	ConnectionTimeoutError: Connection timeout to host https://discord.com/api/v9/unique-username/username-attempt-unauthed
2026-09-01 18:30:19	NETWORK	hokz	attempt=1	proxy=http://wiw4v7duaymysz9-session-8a6eeaf85648-lifetime-10:***@rp.scrapegw.com:6060	ConnectionTimeoutError: Connection timeout to host https://discord.com/api/v9/unique-username/username-attempt-unauthed
2026-09-01 18:30:19	NETWORK	hohp	attempt=1	proxy=http://wiw4v7duaymysz9-session-04d4047d3317-lifetime-10:***@rp.scrapegw.com:6060	ConnectionTimeoutError: Connection timeout to host https://discord.com/api/v9/unique-username/username-attempt-unauthed
2026-09-01 18:30:19	NETWORK	hoio	attempt=1	proxy=http://wiw4v7duaymysz9-session-ce2829b761c7-lifetime-10:***@rp.scrapegw.com:6060	ConnectionTimeoutError: Connection timeout to host https://discord.com/api/v9/unique-username/username-attempt-unauthed
2026-09-01 18:30:19	NETWORK	homf	attempt=1	proxy=http://wiw4v7duaymysz9-session-b695b2b825ff-lifetime-10:***@rp.scrapegw.com:6060	ConnectionTimeoutError: Connection timeout to host https://discord.com/api/v9/unique-username/username-attempt-unauthed
2026-09-01 18:30:19	NETWORK	hoqg	attempt=1	proxy=http://wiw4v7duaymysz9-session-18ecace812ef-lifetime-10:***@rp.scrapegw.com:6060	ConnectionTimeoutError: Connection timeout to host https://discord.com/api/v9/unique-username/username-attempt-unauthed
2026-09-01 18:30:19	NETWORK	hoki	attempt=1	proxy=http://wiw4v7duaymysz9-session-1eecceca5525-lifetime-10:***@rp.scrapegw.com:6060	ConnectionTimeoutError: Connection timeout to host https://discord.com/api/v9/unique-username/username-attempt-unauthed
2026-09-01 18:30:19	NETWORK	hojj	attempt=1	proxy=http://wiw4v7duaymysz9-session-77d101d02028-lifetime-10:***@rp.scrapegw.com:6060	ConnectionTimeoutError: Connection timeout to host https://discord.com/api/v9/unique-username/username-attempt-unauthed
2026-09-01 18:30:19	NETWORK	hosf	attempt=1	proxy=http://wiw4v7duaymysz9-session-51ab3544dfe5-lifetime-10:***@rp.scrapegw.com:6060	ConnectionTimeoutError: Connection timeout to host https://discord.com/api/v9/unique-username/username-attempt-unauthed
2026-09-01 18:30:19	NETWORK	hoie	attempt=1	proxy=http://wiw4v7duaymysz9-session-262ae9176e7a-lifetime-10:***@rp.scrapegw.com:6060	ConnectionTimeoutError: Connection timeout to host https://discord.com/api/v9/unique-username/username-attempt-unauthed
2026-09-01 18:30:19	NETWORK	holx	attempt=1	proxy=http://wiw4v7duaymysz9-session-9cee2931a21a-lifetime-10:***@rp.scrapegw.com:6060	ConnectionTimeoutError: Connection timeout to host https://discord.com/api/v9/unique-username/username-attempt-unauthed
2026-09-01 18:30:19	NETWORK	hoqs	attempt=1	proxy=http://wiw4v7duaymysz9-session-6a53f7ca7f2e-lifetime-10:***@rp.scrapegw.com:6060	ConnectionTimeoutError: Connection timeout to host https://discord.com/api/v9/unique-username/username-attempt-unauthed
2026-09-01 18:30:19	NETWORK	horp	attempt=1	proxy=http://wiw4v7duaymysz9-session-9115ae3ce486-lifetime-10:***@rp.scrapegw.com:6060	ConnectionTimeoutError: Connection timeout to host https://discord.com/api/v9/unique-username/username-attempt-unauthed
2026-09-01 18:30:19	NETWORK	hoqm	attempt=1	proxy=http://wiw4v7duaymysz9-session-a83d6c3d2be2-lifetime-10:***@rp.scrapegw.com:6060	ConnectionTimeoutError: Connection timeout to host https://discord.com/api/v9/unique-username/username-attempt-unauthed
2026-09-01 18:30:19	NETWORK	hona	attempt=1	proxy=http://wiw4v7duaymysz9-session-213a45a4e87f-lifetime-10:***@rp.scrapegw.com:6060	ConnectionTimeoutError: Connection timeout to host https://discord.com/api/v9/unique-username/username-attempt-unauthed
2026-09-01 18:30:19	NETWORK	hoiq	attempt=1	proxy=http://wiw4v7duaymysz9-session-909a71017ed2-lifetime-10:***@rp.scrapegw.com:6060	ConnectionTimeoutError: Connection timeout to host https://discord.com/api/v9/unique-username/username-attempt-unauthed
2026-09-01 18:30:19	NETWORK	homc	attempt=1	proxy=http://wiw4v7duaymysz9-session-1a2c431975c2-lifetime-10:***@rp.scrapegw.com:6060	ConnectionTimeoutError: Connection timeout to host https://discord.com/api/v9/unique-username/username-attempt-unauthed
2026-09-01 18:30:19	NETWORK	homk	attempt=1	proxy=http://wiw4v7duaymysz9-session-563dee81118b-lifetime-10:***@rp.scrapegw.com:6060	ConnectionTimeoutError: Connection timeout to host https://discord.com/api/v9/unique-username/username-attempt-unauthed
2026-09-01 18:30:19	NETWORK	hnba	attempt=1	proxy=http://wiw4v7duaymysz9-session-2a2bd9514c35-lifetime-10:***@rp.scrapegw.com:6060	TimeoutError:
2026-09-01 18:30:20	HTTP_429	hrvb	attempt=1	proxy=http://wiw4v7duaymysz9-session-917c3ee3af64-lifetime-10:***@rp.scrapegw.com:6060	scope=shared global=False retry_after=2056.00s
2026-09-01 18:30:20	HTTP_429	hrvq	attempt=1	proxy=http://wiw4v7duaymysz9-session-a6495012363d-lifetime-10:***@rp.scrapegw.com:6060	scope=shared global=False retry_after=361.00s
2026-09-01 18:30:20	NETWORK	hpzg	attempt=1	proxy=http://wiw4v7duaymysz9-session-57c048f9a991-lifetime-10:***@rp.scrapegw.com:6060	ClientConnectorError: Cannot connect to host discord.com:443 ssl:default [Connection reset by peer]
2026-09-01 18:30:20	HTTP_429	hrxl	attempt=1	proxy=http://wiw4v7duaymysz9-session-b28a5d20bf16-lifetime-10:***@rp.scrapegw.com:6060	scope=shared global=False retry_after=2051.00s
2026-09-01 18:30:20	HTTP_429	hrwo	attempt=1	proxy=http://wiw4v7duaymysz9-session-08012df2c89e-lifetime-10:***@rp.scrapegw.com:6060	scope=shared global=False retry_after=1262.00s
2026-09-01 18:30:20	HTTP_429	hsaj	attempt=1	proxy=http://wiw4v7duaymysz9-session-63f5daa3271a-lifetime-10:***@rp.scrapegw.com:6060	scope=shared global=False retry_after=651.00s
2026-09-01 18:30:20	NETWORK	howx	attempt=1	proxy=http://wiw4v7duaymysz9-session-299f25f28883-lifetime-10:***@rp.scrapegw.com:6060	ConnectionTimeoutError: Connection timeout to host https://discord.com/api/v9/unique-username/username-attempt-unauthed
2026-09-01 18:30:20	NETWORK	houv	attempt=1	proxy=http://wiw4v7duaymysz9-session-3be51e632268-lifetime-10:***@rp.scrapegw.com:6060	ConnectionTimeoutError: Connection timeout to host https://discord.com/api/v9/unique-username/username-attempt-unauthed
2026-09-01 18:30:20	NETWORK	houd	attempt=1	proxy=http://wiw4v7duaymysz9-session-b75626f3a648-lifetime-10:***@rp.scrapegw.com:6060	ConnectionTimeoutError: Connection timeout to host https://discord.com/api/v9/unique-username/username-attempt-unauthed
2026-09-01 18:30:20	NETWORK	hovc	attempt=1	proxy=http://wiw4v7duaymysz9-session-8020e17cff68-lifetime-10:***@rp.scrapegw.com:6060	ConnectionTimeoutError: Connection timeout to host https://discord.com/api/v9/unique-username/username-attempt-unauthed
2026-09-01 18:30:20	NETWORK	hpaa	attempt=1	proxy=http://wiw4v7duaymysz9-session-87649af4591a-lifetime-10:***@rp.scrapegw.com:6060	ConnectionTimeoutError: Connection timeout to host https://discord.com/api/v9/unique-username/username-attempt-unauthed
2026-09-01 18:30:20	NETWORK	hoxz	attempt=1	proxy=http://wiw4v7duaymysz9-session-44b398a747ab-lifetime-10:***@rp.scrapegw.com:6060	ConnectionTimeoutError: Connection timeout to host https://discord.com/api/v9/unique-username/username-attempt-unauthed
2026-09-01 18:30:20	NETWORK	hosn	attempt=1	proxy=http://wiw4v7duaymysz9-session-ada59f707bc5-lifetime-10:***@rp.scrapegw.com:6060	ConnectionTimeoutError: Connection timeout to host https://discord.com/api/v9/unique-username/username-attempt-unauthed
2026-09-01 18:30:20	NETWORK	hovr	attempt=1	proxy=http://wiw4v7duaymysz9-session-0c3d6bac7755-lifetime-10:***@rp.scrapegw.com:6060	ConnectionTimeoutError: Connection timeout to host https://discord.com/api/v9/unique-username/username-attempt-unauthed
2026-09-01 18:30:20	NETWORK	hovt	attempt=1	proxy=http://wiw4v7duaymysz9-session-02e1f529eabc-lifetime-10:***@rp.scrapegw.com:6060	ConnectionTimeoutError: Connection timeout to host https://discord.com/api/v9/unique-username/username-attempt-unauthed
2026-09-01 18:30:20	NETWORK	hoyc	attempt=1	proxy=http://wiw4v7duaymysz9-session-0986eabc5a89-lifetime-10:***@rp.scrapegw.com:6060	ConnectionTimeoutError: Connection timeout to host https://discord.com/api/v9/unique-username/username-attempt-unauthed
2026-09-01 18:30:20	NETWORK	hoto	attempt=1	proxy=http://wiw4v7duaymysz9-session-b0971091698c-lifetime-10:***@rp.scrapegw.com:6060	ConnectionTimeoutError: Connection timeout to host https://discord.com/api/v9/unique-username/username-attempt-unauthed
2026-09-01 18:30:20	NETWORK	hotf	attempt=1	proxy=http://wiw4v7duaymysz9-session-d117fa4c0fa6-lifetime-10:***@rp.scrapegw.com:6060	ConnectionTimeoutError: Connection timeout to host https://discord.com/api/v9/unique-username/username-attempt-unauthed
2026-09-01 18:30:20	NETWORK	hosy	attempt=1	proxy=http://wiw4v7duaymysz9-session-d21b632feaf8-lifetime-10:***@rp.scrapegw.com:6060	ConnectionTimeoutError: Connection timeout to host https://discord.com/api/v9/unique-username/username-attempt-unauthed
2026-09-01 18:30:20	NETWORK	hovl	attempt=1	proxy=http://wiw4v7duaymysz9-session-2979bc932bd8-lifetime-10:***@rp.scrapegw.com:6060	ConnectionTimeoutError: Connection timeout to host https://discord.com/api/v9/unique-username/username-attempt-unauthed
2026-09-01 18:30:20	NETWORK	hozi	attempt=1	proxy=http://wiw4v7duaymysz9-session-9ea493ae1668-lifetime-10:***@rp.scrapegw.com:6060	ConnectionTimeoutError: Connection timeout to host https://discord.com/api/v9/unique-username/username-attempt-unauthed
2026-09-01 18:30:20	NETWORK	howr	attempt=1	proxy=http://wiw4v7duaymysz9-session-79f7a439f0bf-lifetime-10:***@rp.scrapegw.com:6060	ConnectionTimeoutError: Connection timeout to host https://discord.com/api/v9/unique-username/username-attempt-unauthed
2026-09-01 18:30:20	NETWORK	hozd	attempt=1	proxy=http://wiw4v7duaymysz9-session-6b225cb1e805-lifetime-10:***@rp.scrapegw.com:6060	ConnectionTimeoutError: Connection timeout to host https://discord.com/api/v9/unique-username/username-attempt-unauthed
2026-09-01 18:30:20	NETWORK	hoyz	attempt=1	proxy=http://wiw4v7duaymysz9-session-ef208894710a-lifetime-10:***@rp.scrapegw.com:6060	ConnectionTimeoutError: Connection timeout to host https://discord.com/api/v9/unique-username/username-attempt-unauthed
2026-09-01 18:30:20	NETWORK	hoyw	attempt=1	proxy=http://wiw4v7duaymysz9-session-9fafe0a5f18f-lifetime-10:***@rp.scrapegw.com:6060	ConnectionTimeoutError: Connection timeout to host https://discord.com/api/v9/unique-username/username-attempt-unauthed
2026-09-01 18:30:20	NETWORK	houh	attempt=1	proxy=http://wiw4v7duaymysz9-session-0a841758d0ef-lifetime-10:***@rp.scrapegw.com:6060	ConnectionTimeoutError: Connection timeout to host https://discord.com/api/v9/unique-username/username-attempt-unauthed
2026-09-01 18:30:20	NETWORK	houg	attempt=1	proxy=http://wiw4v7duaymysz9-session-3491fc276b90-lifetime-10:***@rp.scrapegw.com:6060	ConnectionTimeoutError: Connection timeout to host https://discord.com/api/v9/unique-username/username-attempt-unauthed
2026-09-01 18:30:20	NETWORK	hotr	attempt=1	proxy=http://wiw4v7duaymysz9-session-53ff8bf1fcf3-lifetime-10:***@rp.scrapegw.com:6060	ConnectionTimeoutError: Connection timeout to host https://discord.com/api/v9/unique-username/username-attempt-unauthed
2026-09-01 18:30:20	NETWORK	hotb	attempt=1	proxy=http://wiw4v7duaymysz9-session-11b482454b34-lifetime-10:***@rp.scrapegw.com:6060	ConnectionTimeoutError: Connection timeout to host https://discord.com/api/v9/unique-username/username-attempt-unauthed
2026-09-01 18:30:20	NETWORK	hovh	attempt=1	proxy=http://wiw4v7duaymysz9-session-2a2bd9514c35-lifetime-10:***@rp.scrapegw.com:6060	ConnectionTimeoutError: Connection timeout to host https://discord.com/api/v9/unique-username/username-attempt-unauthed
2026-09-01 18:30:20	NETWORK	hozv	attempt=1	proxy=http://wiw4v7duaymysz9-session-068c1e038aea-lifetime-10:***@rp.scrapegw.com:6060	ConnectionTimeoutError: Connection timeout to host https://discord.com/api/v9/unique-username/username-attempt-unauthed
2026-09-01 18:30:21	HTTP_429	hsbq	attempt=1	proxy=http://wiw4v7duaymysz9-session-ada59f707bc5-lifetime-10:***@rp.scrapegw.com:6060	scope=shared global=False retry_after=463.00s
2026-09-01 18:30:21	HTTP_429	hrwz	attempt=1	proxy=http://wiw4v7duaymysz9-session-0bf58b428a53-lifetime-10:***@rp.scrapegw.com:6060	scope=shared global=False retry_after=717.00s
2026-09-01 18:30:21	NETWORK	hpxf	attempt=1	proxy=http://wiw4v7duaymysz9-session-f46badc2a08c-lifetime-10:***@rp.scrapegw.com:6060	ClientConnectorError: Cannot connect to host discord.com:443 ssl:default [Connection reset by peer]
2026-09-01 18:30:21	HTTP_429	hshl	attempt=1	proxy=http://wiw4v7duaymysz9-session-a35e0accbd9d-lifetime-10:***@rp.scrapegw.com:6060	scope=shared global=False retry_after=2057.00s
2026-09-01 18:30:21	NETWORK	hody	attempt=1	proxy=http://wiw4v7duaymysz9-session-6e201f894574-lifetime-10:***@rp.scrapegw.com:6060	ServerDisconnectedError: Server disconnected
2026-09-01 18:30:21	NETWORK	hpcf	attempt=1	proxy=http://wiw4v7duaymysz9-session-a0a1e266a33a-lifetime-10:***@rp.scrapegw.com:6060	ConnectionTimeoutError: Connection timeout to host https://discord.com/api/v9/unique-username/username-attempt-unauthed
2026-09-01 18:30:21	NETWORK	hpgn	attempt=1	proxy=http://wiw4v7duaymysz9-session-7cf41461d47d-lifetime-10:***@rp.scrapegw.com:6060	ConnectionTimeoutError: Connection timeout to host https://discord.com/api/v9/unique-username/username-attempt-unauthed
2026-09-01 18:30:21	NETWORK	hpfa	attempt=1	proxy=http://wiw4v7duaymysz9-session-3d2490fcf9ed-lifetime-10:***@rp.scrapegw.com:6060	ConnectionTimeoutError: Connection timeout to host https://discord.com/api/v9/unique-username/username-attempt-unauthed
2026-09-01 18:30:21	NETWORK	hpbj	attempt=1	proxy=http://wiw4v7duaymysz9-session-aadf5c7b4781-lifetime-10:***@rp.scrapegw.com:6060	ConnectionTimeoutError: Connection timeout to host https://discord.com/api/v9/unique-username/username-attempt-unauthed
2026-09-01 18:30:21	NETWORK	hpbe	attempt=1	proxy=http://wiw4v7duaymysz9-session-3dd6b20137b5-lifetime-10:***@rp.scrapegw.com:6060	ConnectionTimeoutError: Connection timeout to host https://discord.com/api/v9/unique-username/username-attempt-unauthed
2026-09-01 18:30:21	NETWORK	hpaq	attempt=1	proxy=http://wiw4v7duaymysz9-session-8afaed16f1f4-lifetime-10:***@rp.scrapegw.com:6060	ConnectionTimeoutError: Connection timeout to host https://discord.com/api/v9/unique-username/username-attempt-unauthed
2026-09-01 18:30:21	NETWORK	hpal	attempt=1	proxy=http://wiw4v7duaymysz9-session-fe62dfcdbd7d-lifetime-10:***@rp.scrapegw.com:6060	ConnectionTimeoutError: Connection timeout to host https://discord.com/api/v9/unique-username/username-attempt-unauthed
2026-09-01 18:30:21	NETWORK	hpap	attempt=1	proxy=http://wiw4v7duaymysz9-session-6786c7402aa1-lifetime-10:***@rp.scrapegw.com:6060	ConnectionTimeoutError: Connection timeout to host https://discord.com/api/v9/unique-username/username-attempt-unauthed
2026-09-01 18:30:21	NETWORK	hpcl	attempt=1	proxy=http://wiw4v7duaymysz9-session-7155058525c3-lifetime-10:***@rp.scrapegw.com:6060	ConnectionTimeoutError: Connection timeout to host https://discord.com/api/v9/unique-username/username-attempt-unauthed
2026-09-01 18:30:21	NETWORK	hpfl	attempt=1	proxy=http://wiw4v7duaymysz9-session-24f508253560-lifetime-10:***@rp.scrapegw.com:6060	ConnectionTimeoutError: Connection timeout to host https://discord.com/api/v9/unique-username/username-attempt-unauthed
2026-09-01 18:30:21	NETWORK	hpfs	attempt=1	proxy=http://wiw4v7duaymysz9-session-b2d98d954918-lifetime-10:***@rp.scrapegw.com:6060	ConnectionTimeoutError: Connection timeout to host https://discord.com/api/v9/unique-username/username-attempt-unauthed
2026-09-01 18:30:21	NETWORK	hpfj	attempt=1	proxy=http://wiw4v7duaymysz9-session-96a5e6cdbdad-lifetime-10:***@rp.scrapegw.com:6060	ConnectionTimeoutError: Connection timeout to host https://discord.com/api/v9/unique-username/username-attempt-unauthed
2026-09-01 18:30:21	NETWORK	hpdz	attempt=1	proxy=http://wiw4v7duaymysz9-session-2a9595209f73-lifetime-10:***@rp.scrapegw.com:6060	ConnectionTimeoutError: Connection timeout to host https://discord.com/api/v9/unique-username/username-attempt-unauthed
2026-09-01 18:30:21	NETWORK	hpdl	attempt=1	proxy=http://wiw4v7duaymysz9-session-435a90043f36-lifetime-10:***@rp.scrapegw.com:6060	ConnectionTimeoutError: Connection timeout to host https://discord.com/api/v9/unique-username/username-attempt-unauthed
2026-09-01 18:30:21	NETWORK	hpbh	attempt=1	proxy=http://wiw4v7duaymysz9-session-95f2c2db9897-lifetime-10:***@rp.scrapegw.com:6060	ConnectionTimeoutError: Connection timeout to host https://discord.com/api/v9/unique-username/username-attempt-unauthed
2026-09-01 18:30:21	NETWORK	hpdj	attempt=1	proxy=http://wiw4v7duaymysz9-session-3dc25533de2f-lifetime-10:***@rp.scrapegw.com:6060	ConnectionTimeoutError: Connection timeout to host https://discord.com/api/v9/unique-username/username-attempt-unauthed
2026-09-01 18:30:21	NETWORK	hpdg	attempt=1	proxy=http://wiw4v7duaymysz9-session-2cc925e3a6de-lifetime-10:***@rp.scrapegw.com:6060	ConnectionTimeoutError: Connection timeout to host https://discord.com/api/v9/unique-username/username-attempt-unauthed
2026-09-01 18:30:21	NETWORK	hpbg	attempt=1	proxy=http://wiw4v7duaymysz9-session-6229849d6067-lifetime-10:***@rp.scrapegw.com:6060	ConnectionTimeoutError: Connection timeout to host https://discord.com/api/v9/unique-username/username-attempt-unauthed
2026-09-01 18:30:21	NETWORK	hpam	attempt=1	proxy=http://wiw4v7duaymysz9-session-110265b706c6-lifetime-10:***@rp.scrapegw.com:6060	ConnectionTimeoutError: Connection timeout to host https://discord.com/api/v9/unique-username/username-attempt-unauthed
2026-09-01 18:30:21	NETWORK	hpak	attempt=1	proxy=http://wiw4v7duaymysz9-session-4a1a3fe000a4-lifetime-10:***@rp.scrapegw.com:6060	ConnectionTimeoutError: Connection timeout to host https://discord.com/api/v9/unique-username/username-attempt-unauthed
2026-09-01 18:30:21	NETWORK	hpae	attempt=1	proxy=http://wiw4v7duaymysz9-session-eea3e7a8b112-lifetime-10:***@rp.scrapegw.com:6060	ConnectionTimeoutError: Connection timeout to host https://discord.com/api/v9/unique-username/username-attempt-unauthed
2026-09-01 18:30:21	NETWORK	hpcg	attempt=1	proxy=http://wiw4v7duaymysz9-session-583baf9de489-lifetime-10:***@rp.scrapegw.com:6060	ConnectionTimeoutError: Connection timeout to host https://discord.com/api/v9/unique-username/username-attempt-unauthed
2026-09-01 18:30:21	NETWORK	hpcd	attempt=1	proxy=http://wiw4v7duaymysz9-session-6d6aeaf2ceaa-lifetime-10:***@rp.scrapegw.com:6060	ConnectionTimeoutError: Connection timeout to host https://discord.com/api/v9/unique-username/username-attempt-unauthed
2026-09-01 18:30:21	NETWORK	hpcm	attempt=1	proxy=http://wiw4v7duaymysz9-session-75db55b1e13a-lifetime-10:***@rp.scrapegw.com:6060	ConnectionTimeoutError: Connection timeout to host https://discord.com/api/v9/unique-username/username-attempt-unauthed
2026-09-01 18:30:21	NETWORK	hpfx	attempt=1	proxy=http://wiw4v7duaymysz9-session-1b98bc6af6f6-lifetime-10:***@rp.scrapegw.com:6060	ConnectionTimeoutError: Connection timeout to host https://discord.com/api/v9/unique-username/username-attempt-unauthed
2026-09-01 18:30:21	NETWORK	hpel	attempt=1	proxy=http://wiw4v7duaymysz9-session-d285acb54432-lifetime-10:***@rp.scrapegw.com:6060	ConnectionTimeoutError: Connection timeout to host https://discord.com/api/v9/unique-username/username-attempt-unauthed
2026-09-01 18:30:21	NETWORK	hpcv	attempt=1	proxy=http://wiw4v7duaymysz9-session-1f74246e48fc-lifetime-10:***@rp.scrapegw.com:6060	ConnectionTimeoutError: Connection timeout to host https://discord.com/api/v9/unique-username/username-attempt-unauthed
2026-09-01 18:30:21	NETWORK	hpee	attempt=1	proxy=http://wiw4v7duaymysz9-session-efbffbc5cc90-lifetime-10:***@rp.scrapegw.com:6060	ConnectionTimeoutError: Connection timeout to host https://discord.com/api/v9/unique-username/username-attempt-unauthed
2026-09-01 18:30:21	NETWORK	hpey	attempt=1	proxy=http://wiw4v7duaymysz9-session-b8f9cd4f0e1a-lifetime-10:***@rp.scrapegw.com:6060	ConnectionTimeoutError: Connection timeout to host https://discord.com/api/v9/unique-username/username-attempt-unauthed
2026-09-01 18:30:21	NETWORK	hpgc	attempt=1	proxy=http://wiw4v7duaymysz9-session-e9bea7cb14c2-lifetime-10:***@rp.scrapegw.com:6060	ConnectionTimeoutError: Connection timeout to host https://discord.com/api/v9/unique-username/username-attempt-unauthed
2026-09-01 18:30:21	NETWORK	hpcy	attempt=1	proxy=http://wiw4v7duaymysz9-session-2765fbcbd4c9-lifetime-10:***@rp.scrapegw.com:6060	ConnectionTimeoutError: Connection timeout to host https://discord.com/api/v9/unique-username/username-attempt-unauthed
2026-09-01 18:30:21	NETWORK	hpdb	attempt=1	proxy=http://wiw4v7duaymysz9-session-fbf2e81d5f3b-lifetime-10:***@rp.scrapegw.com:6060	ConnectionTimeoutError: Connection timeout to host https://discord.com/api/v9/unique-username/username-attempt-unauthed
2026-09-01 18:30:21	HTTP_429	hsib	attempt=1	proxy=http://wiw4v7duaymysz9-session-51e64e426b7b-lifetime-10:***@rp.scrapegw.com:6060	scope=shared global=False retry_after=2054.00s
2026-09-01 18:30:21	HTTP_429	hsjb	attempt=1	proxy=http://wiw4v7duaymysz9-session-bdbb75dd193b-lifetime-10:***@rp.scrapegw.com:6060	scope=shared global=False retry_after=2050.00s
2026-09-01 18:30:22	HTTP_429	hsjq	attempt=1	proxy=http://wiw4v7duaymysz9-session-6392e3b18b9f-lifetime-10:***@rp.scrapegw.com:6060	scope=shared global=False retry_after=1823.00s
2026-09-01 18:30:22	NETWORK	hqzs	attempt=1	proxy=http://wiw4v7duaymysz9-session-bfaa25ae6ba6-lifetime-10:***@rp.scrapegw.com:6060	ClientConnectorError: Cannot connect to host discord.com:443 ssl:default [Connection reset by peer]
2026-09-01 18:30:22	HTTP_429	hsnq	attempt=1	proxy=http://wiw4v7duaymysz9-session-99613fe9f1e7-lifetime-10:***@rp.scrapegw.com:6060	scope=shared global=False retry_after=1589.00s
2026-09-01 18:30:22	NETWORK	hpkg	attempt=1	proxy=http://wiw4v7duaymysz9-session-9bd09b4ae486-lifetime-10:***@rp.scrapegw.com:6060	ConnectionTimeoutError: Connection timeout to host https://discord.com/api/v9/unique-username/username-attempt-unauthed
2026-09-01 18:30:22	NETWORK	hpqp	attempt=1	proxy=http://wiw4v7duaymysz9-session-e66d18c9c104-lifetime-10:***@rp.scrapegw.com:6060	ConnectionTimeoutError: Connection timeout to host https://discord.com/api/v9/unique-username/username-attempt-unauthed
2026-09-01 18:30:22	NETWORK	hpgr	attempt=1	proxy=http://wiw4v7duaymysz9-session-0de33171bec8-lifetime-10:***@rp.scrapegw.com:6060	ConnectionTimeoutError: Connection timeout to host https://discord.com/api/v9/unique-username/username-attempt-unauthed
2026-09-01 18:30:22	NETWORK	hppr	attempt=1	proxy=http://wiw4v7duaymysz9-session-fc8a56e4d64c-lifetime-10:***@rp.scrapegw.com:6060	ConnectionTimeoutError: Connection timeout to host https://discord.com/api/v9/unique-username/username-attempt-unauthed
2026-09-01 18:30:22	NETWORK	hpqt	attempt=1	proxy=http://wiw4v7duaymysz9-session-fd280202d82f-lifetime-10:***@rp.scrapegw.com:6060	ConnectionTimeoutError: Connection timeout to host https://discord.com/api/v9/unique-username/username-attempt-unauthed
2026-09-01 18:30:22	NETWORK	hpou	attempt=1	proxy=http://wiw4v7duaymysz9-session-deae541c18de-lifetime-10:***@rp.scrapegw.com:6060	ConnectionTimeoutError: Connection timeout to host https://discord.com/api/v9/unique-username/username-attempt-unauthed
2026-09-01 18:30:22	NETWORK	hpol	attempt=1	proxy=http://wiw4v7duaymysz9-session-5484348a4bba-lifetime-10:***@rp.scrapegw.com:6060	ConnectionTimeoutError: Connection timeout to host https://discord.com/api/v9/unique-username/username-attempt-unauthed
2026-09-01 18:30:22	NETWORK	hpno	attempt=1	proxy=http://wiw4v7duaymysz9-session-cc3477910f86-lifetime-10:***@rp.scrapegw.com:6060	ConnectionTimeoutError: Connection timeout to host https://discord.com/api/v9/unique-username/username-attempt-unauthed
2026-09-01 18:30:22	NETWORK	hpnn	attempt=1	proxy=http://wiw4v7duaymysz9-session-8ad84a67dd8c-lifetime-10:***@rp.scrapegw.com:6060	ConnectionTimeoutError: Connection timeout to host https://discord.com/api/v9/unique-username/username-attempt-unauthed
2026-09-01 18:30:22	NETWORK	hpml	attempt=1	proxy=http://wiw4v7duaymysz9-session-1a9303f96355-lifetime-10:***@rp.scrapegw.com:6060	ConnectionTimeoutError: Connection timeout to host https://discord.com/api/v9/unique-username/username-attempt-unauthed
2026-09-01 18:30:22	NETWORK	hpoe	attempt=1	proxy=http://wiw4v7duaymysz9-session-e836584d8403-lifetime-10:***@rp.scrapegw.com:6060	ConnectionTimeoutError: Connection timeout to host https://discord.com/api/v9/unique-username/username-attempt-unauthed
2026-09-01 18:30:22	NETWORK	hpmb	attempt=1	proxy=http://wiw4v7duaymysz9-session-6ab09a2e8892-lifetime-10:***@rp.scrapegw.com:6060	ConnectionTimeoutError: Connection timeout to host https://discord.com/api/v9/unique-username/username-attempt-unauthed
2026-09-01 18:30:22	NETWORK	hplx	attempt=1	proxy=http://wiw4v7duaymysz9-session-652051010eb7-lifetime-10:***@rp.scrapegw.com:6060	ConnectionTimeoutError: Connection timeout to host https://discord.com/api/v9/unique-username/username-attempt-unauthed
2026-09-01 18:30:22	NETWORK	hpie	attempt=1	proxy=http://wiw4v7duaymysz9-session-1d3d2afd717e-lifetime-10:***@rp.scrapegw.com:6060	ConnectionTimeoutError: Connection timeout to host https://discord.com/api/v9/unique-username/username-attempt-unauthed
2026-09-01 18:30:22	NETWORK	hpkv	attempt=1	proxy=http://wiw4v7duaymysz9-session-320dd8383150-lifetime-10:***@rp.scrapegw.com:6060	ConnectionTimeoutError: Connection timeout to host https://discord.com/api/v9/unique-username/username-attempt-unauthed
2026-09-01 18:30:22	NETWORK	hpia	attempt=1	proxy=http://wiw4v7duaymysz9-session-5f709bde0fc1-lifetime-10:***@rp.scrapegw.com:6060	ConnectionTimeoutError: Connection timeout to host https://discord.com/api/v9/unique-username/username-attempt-unauthed
2026-09-01 18:30:22	NETWORK	hphu	attempt=1	proxy=http://wiw4v7duaymysz9-session-b5e59f077470-lifetime-10:***@rp.scrapegw.com:6060	ConnectionTimeoutError: Connection timeout to host https://discord.com/api/v9/unique-username/username-attempt-unauthed
2026-09-01 18:30:22	NETWORK	hphl	attempt=1	proxy=http://wiw4v7duaymysz9-session-64f95cd7b609-lifetime-10:***@rp.scrapegw.com:6060	ConnectionTimeoutError: Connection timeout to host https://discord.com/api/v9/unique-username/username-attempt-unauthed
2026-09-01 18:30:22	NETWORK	hphi	attempt=1	proxy=http://wiw4v7duaymysz9-session-a82fc1748351-lifetime-10:***@rp.scrapegw.com:6060	ConnectionTimeoutError: Connection timeout to host https://discord.com/api/v9/unique-username/username-attempt-unauthed
2026-09-01 18:30:22	NETWORK	hphd	attempt=1	proxy=http://wiw4v7duaymysz9-session-bb6b05f6054e-lifetime-10:***@rp.scrapegw.com:6060	ConnectionTimeoutError: Connection timeout to host https://discord.com/api/v9/unique-username/username-attempt-unauthed
2026-09-01 18:30:22	NETWORK	hpln	attempt=1	proxy=http://wiw4v7duaymysz9-session-44d2786518c7-lifetime-10:***@rp.scrapegw.com:6060	ConnectionTimeoutError: Connection timeout to host https://discord.com/api/v9/unique-username/username-attempt-unauthed
2026-09-01 18:30:22	NETWORK	hpjh	attempt=1	proxy=http://wiw4v7duaymysz9-session-89609263d589-lifetime-10:***@rp.scrapegw.com:6060	ConnectionTimeoutError: Connection timeout to host https://discord.com/api/v9/unique-username/username-attempt-unauthed
2026-09-01 18:30:22	NETWORK	hpim	attempt=1	proxy=http://wiw4v7duaymysz9-session-eeaf68616e4b-lifetime-10:***@rp.scrapegw.com:6060	ConnectionTimeoutError: Connection timeout to host https://discord.com/api/v9/unique-username/username-attempt-unauthed
2026-09-01 18:30:22	NETWORK	hpje	attempt=1	proxy=http://wiw4v7duaymysz9-session-771884add883-lifetime-10:***@rp.scrapegw.com:6060	ConnectionTimeoutError: Connection timeout to host https://discord.com/api/v9/unique-username/username-attempt-unauthed
2026-09-01 18:30:22	NETWORK	hpmf	attempt=1	proxy=http://wiw4v7duaymysz9-session-12acbf305390-lifetime-10:***@rp.scrapegw.com:6060	ConnectionTimeoutError: Connection timeout to host https://discord.com/api/v9/unique-username/username-attempt-unauthed
2026-09-01 18:30:22	NETWORK	hpkf	attempt=1	proxy=http://wiw4v7duaymysz9-session-bf9b9fc50d57-lifetime-10:***@rp.scrapegw.com:6060	ConnectionTimeoutError: Connection timeout to host https://discord.com/api/v9/unique-username/username-attempt-unauthed
2026-09-01 18:30:22	NETWORK	hpgu	attempt=1	proxy=http://wiw4v7duaymysz9-session-7309cbbe4f1c-lifetime-10:***@rp.scrapegw.com:6060	ConnectionTimeoutError: Connection timeout to host https://discord.com/api/v9/unique-username/username-attempt-unauthed
2026-09-01 18:30:22	NETWORK	hpqm	attempt=1	proxy=http://wiw4v7duaymysz9-session-b11a7ce668f5-lifetime-10:***@rp.scrapegw.com:6060	ConnectionTimeoutError: Connection timeout to host https://discord.com/api/v9/unique-username/username-attempt-unauthed
2026-09-01 18:30:22	NETWORK	hpql	attempt=1	proxy=http://wiw4v7duaymysz9-session-d71aa0031f8b-lifetime-10:***@rp.scrapegw.com:6060	ConnectionTimeoutError: Connection timeout to host https://discord.com/api/v9/unique-username/username-attempt-unauthed
2026-09-01 18:30:22	NETWORK	hppl	attempt=1	proxy=http://wiw4v7duaymysz9-session-8671e19d53e8-lifetime-10:***@rp.scrapegw.com:6060	ConnectionTimeoutError: Connection timeout to host https://discord.com/api/v9/unique-username/username-attempt-unauthed
2026-09-01 18:30:22	NETWORK	hpoy	attempt=1	proxy=http://wiw4v7duaymysz9-session-f569d4fde0ed-lifetime-10:***@rp.scrapegw.com:6060	ConnectionTimeoutError: Connection timeout to host https://discord.com/api/v9/unique-username/username-attempt-unauthed
2026-09-01 18:30:22	NETWORK	hppn	attempt=1	proxy=http://wiw4v7duaymysz9-session-8ba6c95b4f58-lifetime-10:***@rp.scrapegw.com:6060	ConnectionTimeoutError: Connection timeout to host https://discord.com/api/v9/unique-username/username-attempt-unauthed
2026-09-01 18:30:22	NETWORK	hpnb	attempt=1	proxy=http://wiw4v7duaymysz9-session-45cb3c532685-lifetime-10:***@rp.scrapegw.com:6060	ConnectionTimeoutError: Connection timeout to host https://discord.com/api/v9/unique-username/username-attempt-unauthed
2026-09-01 18:30:22	NETWORK	hpmx	attempt=1	proxy=http://wiw4v7duaymysz9-session-5842d4a54618-lifetime-10:***@rp.scrapegw.com:6060	ConnectionTimeoutError: Connection timeout to host https://discord.com/api/v9/unique-username/username-attempt-unauthed
2026-09-01 18:30:22	NETWORK	hpms	attempt=1	proxy=http://wiw4v7duaymysz9-session-204749700547-lifetime-10:***@rp.scrapegw.com:6060	ConnectionTimeoutError: Connection timeout to host https://discord.com/api/v9/unique-username/username-attempt-unauthed
2026-09-01 18:30:22	NETWORK	hpgx	attempt=1	proxy=http://wiw4v7duaymysz9-session-d327d52981cf-lifetime-10:***@rp.scrapegw.com:6060	ConnectionTimeoutError: Connection timeout to host https://discord.com/api/v9/unique-username/username-attempt-unauthed
2026-09-01 18:30:22	NETWORK	hpjq	attempt=1	proxy=http://wiw4v7duaymysz9-session-c38aab750301-lifetime-10:***@rp.scrapegw.com:6060	ConnectionTimeoutError: Connection timeout to host https://discord.com/api/v9/unique-username/username-attempt-unauthed
2026-09-01 18:30:22	NETWORK	hpgp	attempt=1	proxy=http://wiw4v7duaymysz9-session-914c70e29e3b-lifetime-10:***@rp.scrapegw.com:6060	ConnectionTimeoutError: Connection timeout to host https://discord.com/api/v9/unique-username/username-attempt-unauthed
2026-09-01 18:30:22	NETWORK	hpho	attempt=1	proxy=http://wiw4v7duaymysz9-session-b64b2758fa46-lifetime-10:***@rp.scrapegw.com:6060	ConnectionTimeoutError: Connection timeout to host https://discord.com/api/v9/unique-username/username-attempt-unauthed
2026-09-01 18:30:22	NETWORK	hpha	attempt=1	proxy=http://wiw4v7duaymysz9-session-10b833821f2b-lifetime-10:***@rp.scrapegw.com:6060	ConnectionTimeoutError: Connection timeout to host https://discord.com/api/v9/unique-username/username-attempt-unauthed
2026-09-01 18:30:22	NETWORK	hpoj	attempt=1	proxy=http://wiw4v7duaymysz9-session-da7a07f004b8-lifetime-10:***@rp.scrapegw.com:6060	ConnectionTimeoutError: Connection timeout to host https://discord.com/api/v9/unique-username/username-attempt-unauthed
2026-09-01 18:30:22	NETWORK	hpmq	attempt=1	proxy=http://wiw4v7duaymysz9-session-ae5e010e2b71-lifetime-10:***@rp.scrapegw.com:6060	ConnectionTimeoutError: Connection timeout to host https://discord.com/api/v9/unique-username/username-attempt-unauthed
2026-09-01 18:30:22	NETWORK	hpon	attempt=1	proxy=http://wiw4v7duaymysz9-session-cac836ae786b-lifetime-10:***@rp.scrapegw.com:6060	ConnectionTimeoutError: Connection timeout to host https://discord.com/api/v9/unique-username/username-attempt-unauthed
2026-09-01 18:30:22	NETWORK	hppq	attempt=1	proxy=http://wiw4v7duaymysz9-session-87a05055fd8e-lifetime-10:***@rp.scrapegw.com:6060	ConnectionTimeoutError: Connection timeout to host https://discord.com/api/v9/unique-username/username-attempt-unauthed
2026-09-01 18:30:22	NETWORK	hpjp	attempt=1	proxy=http://wiw4v7duaymysz9-session-f767b7815540-lifetime-10:***@rp.scrapegw.com:6060	ConnectionTimeoutError: Connection timeout to host https://discord.com/api/v9/unique-username/username-attempt-unauthed
2026-09-01 18:30:22	NETWORK	hpmy	attempt=1	proxy=http://wiw4v7duaymysz9-session-b40678ede1b8-lifetime-10:***@rp.scrapegw.com:6060	ConnectionTimeoutError: Connection timeout to host https://discord.com/api/v9/unique-username/username-attempt-unauthed
2026-09-01 18:30:22	NETWORK	hpmm	attempt=1	proxy=http://wiw4v7duaymysz9-session-a4817deee3ba-lifetime-10:***@rp.scrapegw.com:6060	ConnectionTimeoutError: Connection timeout to host https://discord.com/api/v9/unique-username/username-attempt-unauthed
2026-09-01 18:30:22	NETWORK	hqyw	attempt=1	proxy=http://wiw4v7duaymysz9-session-c81d8a28cbfe-lifetime-10:***@rp.scrapegw.com:6060	ClientConnectorError: Cannot connect to host discord.com:443 ssl:default [Connection reset by peer]
2026-09-01 18:30:22	HTTP_429	hsrw	attempt=1	proxy=http://wiw4v7duaymysz9-session-730d60b051ca-lifetime-10:***@rp.scrapegw.com:6060	scope=shared global=False retry_after=2060.00s
2026-09-01 18:30:23	HTTP_429	hspd	attempt=1	proxy=http://wiw4v7duaymysz9-session-5770142100eb-lifetime-10:***@rp.scrapegw.com:6060	scope=shared global=False retry_after=1997.00s
2026-09-01 18:30:23	NETWORK	hpvl	attempt=1	proxy=http://wiw4v7duaymysz9-session-427f3ec2524e-lifetime-10:***@rp.scrapegw.com:6060	ConnectionTimeoutError: Connection timeout to host https://discord.com/api/v9/unique-username/username-attempt-unauthed
2026-09-01 18:30:23	NETWORK	hpwk	attempt=1	proxy=http://wiw4v7duaymysz9-session-02c60b772c54-lifetime-10:***@rp.scrapegw.com:6060	ConnectionTimeoutError: Connection timeout to host https://discord.com/api/v9/unique-username/username-attempt-unauthed
2026-09-01 18:30:23	NETWORK	hpuw	attempt=1	proxy=http://wiw4v7duaymysz9-session-71d2933b130e-lifetime-10:***@rp.scrapegw.com:6060	ConnectionTimeoutError: Connection timeout to host https://discord.com/api/v9/unique-username/username-attempt-unauthed
2026-09-01 18:30:23	NETWORK	hpwy	attempt=1	proxy=http://wiw4v7duaymysz9-session-f59e57ae7d96-lifetime-10:***@rp.scrapegw.com:6060	ConnectionTimeoutError: Connection timeout to host https://discord.com/api/v9/unique-username/username-attempt-unauthed
2026-09-01 18:30:23	NETWORK	hpvw	attempt=1	proxy=http://wiw4v7duaymysz9-session-e9028db756b9-lifetime-10:***@rp.scrapegw.com:6060	ConnectionTimeoutError: Connection timeout to host https://discord.com/api/v9/unique-username/username-attempt-unauthed
2026-09-01 18:30:23	NETWORK	hpsb	attempt=1	proxy=http://wiw4v7duaymysz9-session-d44273148bc1-lifetime-10:***@rp.scrapegw.com:6060	ConnectionTimeoutError: Connection timeout to host https://discord.com/api/v9/unique-username/username-attempt-unauthed
2026-09-01 18:30:23	NETWORK	hpuj	attempt=1	proxy=http://wiw4v7duaymysz9-session-610f0977a110-lifetime-10:***@rp.scrapegw.com:6060	ConnectionTimeoutError: Connection timeout to host https://discord.com/api/v9/unique-username/username-attempt-unauthed
2026-09-01 18:30:23	NETWORK	hpth	attempt=1	proxy=http://wiw4v7duaymysz9-session-4947b9321d3f-lifetime-10:***@rp.scrapegw.com:6060	ConnectionTimeoutError: Connection timeout to host https://discord.com/api/v9/unique-username/username-attempt-unauthed
2026-09-01 18:30:23	NETWORK	hprj	attempt=1	proxy=http://wiw4v7duaymysz9-session-22d765eee255-lifetime-10:***@rp.scrapegw.com:6060	ConnectionTimeoutError: Connection timeout to host https://discord.com/api/v9/unique-username/username-attempt-unauthed
2026-09-01 18:30:23	NETWORK	hpre	attempt=1	proxy=http://wiw4v7duaymysz9-session-bcf18e7dffaf-lifetime-10:***@rp.scrapegw.com:6060	ConnectionTimeoutError: Connection timeout to host https://discord.com/api/v9/unique-username/username-attempt-unauthed
2026-09-01 18:30:23	NETWORK	hpso	attempt=1	proxy=http://wiw4v7duaymysz9-session-bb1bb020cb30-lifetime-10:***@rp.scrapegw.com:6060	ConnectionTimeoutError: Connection timeout to host https://discord.com/api/v9/unique-username/username-attempt-unauthed
2026-09-01 18:30:23	NETWORK	hpsq	attempt=1	proxy=http://wiw4v7duaymysz9-session-8e963b0371aa-lifetime-10:***@rp.scrapegw.com:6060	ConnectionTimeoutError: Connection timeout to host https://discord.com/api/v9/unique-username/username-attempt-unauthed
2026-09-01 18:30:23	NETWORK	hpsx	attempt=1	proxy=http://wiw4v7duaymysz9-session-ff83747744b5-lifetime-10:***@rp.scrapegw.com:6060	ConnectionTimeoutError: Connection timeout to host https://discord.com/api/v9/unique-username/username-attempt-unauthed
2026-09-01 18:30:23	NETWORK	hpwb	attempt=1	proxy=http://wiw4v7duaymysz9-session-8d463b6ef54e-lifetime-10:***@rp.scrapegw.com:6060	ConnectionTimeoutError: Connection timeout to host https://discord.com/api/v9/unique-username/username-attempt-unauthed
2026-09-01 18:30:23	NETWORK	hpxj	attempt=1	proxy=http://wiw4v7duaymysz9-session-1b8c83224d7a-lifetime-10:***@rp.scrapegw.com:6060	ConnectionTimeoutError: Connection timeout to host https://discord.com/api/v9/unique-username/username-attempt-unauthed
2026-09-01 18:30:23	NETWORK	hpwt	attempt=1	proxy=http://wiw4v7duaymysz9-session-39a83f2cae59-lifetime-10:***@rp.scrapegw.com:6060	ConnectionTimeoutError: Connection timeout to host https://discord.com/api/v9/unique-username/username-attempt-unauthed
2026-09-01 18:30:23	NETWORK	hpve	attempt=1	proxy=http://wiw4v7duaymysz9-session-e5889e832316-lifetime-10:***@rp.scrapegw.com:6060	ConnectionTimeoutError: Connection timeout to host https://discord.com/api/v9/unique-username/username-attempt-unauthed
2026-09-01 18:30:23	NETWORK	hpwx	attempt=1	proxy=http://wiw4v7duaymysz9-session-482af03b5195-lifetime-10:***@rp.scrapegw.com:6060	ConnectionTimeoutError: Connection timeout to host https://discord.com/api/v9/unique-username/username-attempt-unauthed
2026-09-01 18:30:23	NETWORK	hpum	attempt=1	proxy=http://wiw4v7duaymysz9-session-fc0191a08a0a-lifetime-10:***@rp.scrapegw.com:6060	ConnectionTimeoutError: Connection timeout to host https://discord.com/api/v9/unique-username/username-attempt-unauthed
2026-09-01 18:30:23	NETWORK	hprw	attempt=1	proxy=http://wiw4v7duaymysz9-session-5404ad9393f5-lifetime-10:***@rp.scrapegw.com:6060	ConnectionTimeoutError: Connection timeout to host https://discord.com/api/v9/unique-username/username-attempt-unauthed
2026-09-01 18:30:23	NETWORK	hpti	attempt=1	proxy=http://wiw4v7duaymysz9-session-5f77fe04bc67-lifetime-10:***@rp.scrapegw.com:6060	ConnectionTimeoutError: Connection timeout to host https://discord.com/api/v9/unique-username/username-attempt-unauthed
2026-09-01 18:30:23	NETWORK	hpri	attempt=1	proxy=http://wiw4v7duaymysz9-session-54807586e6f8-lifetime-10:***@rp.scrapegw.com:6060	ConnectionTimeoutError: Connection timeout to host https://discord.com/api/v9/unique-username/username-attempt-unauthed
2026-09-01 18:30:23	NETWORK	hptf	attempt=1	proxy=http://wiw4v7duaymysz9-session-ec6d662e67dc-lifetime-10:***@rp.scrapegw.com:6060	ConnectionTimeoutError: Connection timeout to host https://discord.com/api/v9/unique-username/username-attempt-unauthed
2026-09-01 18:30:23	NETWORK	hpvt	attempt=1	proxy=http://wiw4v7duaymysz9-session-16c3284e6665-lifetime-10:***@rp.scrapegw.com:6060	ConnectionTimeoutError: Connection timeout to host https://discord.com/api/v9/unique-username/username-attempt-unauthed
2026-09-01 18:30:23	NETWORK	hpuu	attempt=1	proxy=http://wiw4v7duaymysz9-session-3a666a1b264d-lifetime-10:***@rp.scrapegw.com:6060	ConnectionTimeoutError: Connection timeout to host https://discord.com/api/v9/unique-username/username-attempt-unauthed
2026-09-01 18:30:23	NETWORK	hpvk	attempt=1	proxy=http://wiw4v7duaymysz9-session-b9de0e0b0d96-lifetime-10:***@rp.scrapegw.com:6060	ConnectionTimeoutError: Connection timeout to host https://discord.com/api/v9/unique-username/username-attempt-unauthed
2026-09-01 18:30:23	NETWORK	hptq	attempt=1	proxy=http://wiw4v7duaymysz9-session-3ab04b610282-lifetime-10:***@rp.scrapegw.com:6060	ConnectionTimeoutError: Connection timeout to host https://discord.com/api/v9/unique-username/username-attempt-unauthed
2026-09-01 18:30:23	HTTP_429	hszu	attempt=1	proxy=http://wiw4v7duaymysz9-session-a30ca44e004d-lifetime-10:***@rp.scrapegw.com:6060	scope=shared global=False retry_after=2058.00s
2026-09-01 18:30:24	HTTP_429	hsya	attempt=1	proxy=http://wiw4v7duaymysz9-session-54807586e6f8-lifetime-10:***@rp.scrapegw.com:6060	scope=shared global=False retry_after=2099.00s
2026-09-01 18:30:24	NETWORK	hpbk	attempt=1	proxy=http://wiw4v7duaymysz9-session-123c62f5a927-lifetime-10:***@rp.scrapegw.com:6060	ServerDisconnectedError: Server disconnected
2026-09-01 18:30:24	HTTP_429	htat	attempt=1	proxy=http://wiw4v7duaymysz9-session-190940767779-lifetime-10:***@rp.scrapegw.com:6060	scope=shared global=False retry_after=1927.00s
2026-09-01 18:30:24	HTTP_429	htba	attempt=1	proxy=http://wiw4v7duaymysz9-session-de45f0e11ff4-lifetime-10:***@rp.scrapegw.com:6060	scope=shared global=False retry_after=2056.00s
2026-09-01 18:30:24	HTTP_429	hszo	attempt=1	proxy=http://wiw4v7duaymysz9-session-d8f16334f3e4-lifetime-10:***@rp.scrapegw.com:6060	scope=shared global=False retry_after=751.00s
2026-09-01 18:30:24	NETWORK	hpxk	attempt=1	proxy=http://wiw4v7duaymysz9-session-74fc8c0e5609-lifetime-10:***@rp.scrapegw.com:6060	ConnectionTimeoutError: Connection timeout to host https://discord.com/api/v9/unique-username/username-attempt-unauthed
2026-09-01 18:30:24	NETWORK	hqex	attempt=1	proxy=http://wiw4v7duaymysz9-session-1c601b489fb9-lifetime-10:***@rp.scrapegw.com:6060	ConnectionTimeoutError: Connection timeout to host https://discord.com/api/v9/unique-username/username-attempt-unauthed
2026-09-01 18:30:24	NETWORK	hqgf	attempt=1	proxy=http://wiw4v7duaymysz9-session-1a2c431975c2-lifetime-10:***@rp.scrapegw.com:6060	ConnectionTimeoutError: Connection timeout to host https://discord.com/api/v9/unique-username/username-attempt-unauthed
2026-09-01 18:30:24	NETWORK	hqev	attempt=1	proxy=http://wiw4v7duaymysz9-session-fb4e50d666d6-lifetime-10:***@rp.scrapegw.com:6060	ConnectionTimeoutError: Connection timeout to host https://discord.com/api/v9/unique-username/username-attempt-unauthed
2026-09-01 18:30:24	NETWORK	hqgd	attempt=1	proxy=http://wiw4v7duaymysz9-session-06c278e2b0a7-lifetime-10:***@rp.scrapegw.com:6060	ConnectionTimeoutError: Connection timeout to host https://discord.com/api/v9/unique-username/username-attempt-unauthed
2026-09-01 18:30:24	NETWORK	hqfi	attempt=1	proxy=http://wiw4v7duaymysz9-session-c45f05aa7cb3-lifetime-10:***@rp.scrapegw.com:6060	ConnectionTimeoutError: Connection timeout to host https://discord.com/api/v9/unique-username/username-attempt-unauthed
2026-09-01 18:30:24	NETWORK	hqfg	attempt=1	proxy=http://wiw4v7duaymysz9-session-8a6eeaf85648-lifetime-10:***@rp.scrapegw.com:6060	ConnectionTimeoutError: Connection timeout to host https://discord.com/api/v9/unique-username/username-attempt-unauthed
2026-09-01 18:30:24	NETWORK	hpzr	attempt=1	proxy=http://wiw4v7duaymysz9-session-ed0bd27ce2c8-lifetime-10:***@rp.scrapegw.com:6060	ConnectionTimeoutError: Connection timeout to host https://discord.com/api/v9/unique-username/username-attempt-unauthed
2026-09-01 18:30:24	NETWORK	hqag	attempt=1	proxy=http://wiw4v7duaymysz9-session-8f2b393bf979-lifetime-10:***@rp.scrapegw.com:6060	ConnectionTimeoutError: Connection timeout to host https://discord.com/api/v9/unique-username/username-attempt-unauthed
2026-09-01 18:30:24	NETWORK	hqde	attempt=1	proxy=http://wiw4v7duaymysz9-session-a15faf600633-lifetime-10:***@rp.scrapegw.com:6060	ConnectionTimeoutError: Connection timeout to host https://discord.com/api/v9/unique-username/username-attempt-unauthed
2026-09-01 18:30:24	NETWORK	hpxm	attempt=1	proxy=http://wiw4v7duaymysz9-session-c4923dc04a0b-lifetime-10:***@rp.scrapegw.com:6060	ConnectionTimeoutError: Connection timeout to host https://discord.com/api/v9/unique-username/username-attempt-unauthed
2026-09-01 18:30:24	NETWORK	hpym	attempt=1	proxy=http://wiw4v7duaymysz9-session-6b2fa6a6c9a2-lifetime-10:***@rp.scrapegw.com:6060	ConnectionTimeoutError: Connection timeout to host https://discord.com/api/v9/unique-username/username-attempt-unauthed
2026-09-01 18:30:24	NETWORK	hqav	attempt=1	proxy=http://wiw4v7duaymysz9-session-473c89e96298-lifetime-10:***@rp.scrapegw.com:6060	ConnectionTimeoutError: Connection timeout to host https://discord.com/api/v9/unique-username/username-attempt-unauthed
2026-09-01 18:30:24	NETWORK	hqbc	attempt=1	proxy=http://wiw4v7duaymysz9-session-1ad0bc984aa2-lifetime-10:***@rp.scrapegw.com:6060	ConnectionTimeoutError: Connection timeout to host https://discord.com/api/v9/unique-username/username-attempt-unauthed
2026-09-01 18:30:24	NETWORK	hqck	attempt=1	proxy=http://wiw4v7duaymysz9-session-ce2829b761c7-lifetime-10:***@rp.scrapegw.com:6060	ConnectionTimeoutError: Connection timeout to host https://discord.com/api/v9/unique-username/username-attempt-unauthed
2026-09-01 18:30:24	NETWORK	hqci	attempt=1	proxy=http://wiw4v7duaymysz9-session-41b2743dd9b7-lifetime-10:***@rp.scrapegw.com:6060	ConnectionTimeoutError: Connection timeout to host https://discord.com/api/v9/unique-username/username-attempt-unauthed
2026-09-01 18:30:24	NETWORK	hqcj	attempt=1	proxy=http://wiw4v7duaymysz9-session-45ca8a2edc0d-lifetime-10:***@rp.scrapegw.com:6060	ConnectionTimeoutError: Connection timeout to host https://discord.com/api/v9/unique-username/username-attempt-unauthed
2026-09-01 18:30:24	NETWORK	hpyj	attempt=1	proxy=http://wiw4v7duaymysz9-session-48362d2889c6-lifetime-10:***@rp.scrapegw.com:6060	ConnectionTimeoutError: Connection timeout to host https://discord.com/api/v9/unique-username/username-attempt-unauthed
2026-09-01 18:30:24	NETWORK	hqam	attempt=1	proxy=http://wiw4v7duaymysz9-session-b2f159260852-lifetime-10:***@rp.scrapegw.com:6060	ConnectionTimeoutError: Connection timeout to host https://discord.com/api/v9/unique-username/username-attempt-unauthed
2026-09-01 18:30:24	NETWORK	hqfs	attempt=1	proxy=http://wiw4v7duaymysz9-session-d9b04ad8b062-lifetime-10:***@rp.scrapegw.com:6060	ConnectionTimeoutError: Connection timeout to host https://discord.com/api/v9/unique-username/username-attempt-unauthed
2026-09-01 18:30:24	NETWORK	hqbk	attempt=1	proxy=http://wiw4v7duaymysz9-session-b502ca3dc99c-lifetime-10:***@rp.scrapegw.com:6060	ConnectionTimeoutError: Connection timeout to host https://discord.com/api/v9/unique-username/username-attempt-unauthed
2026-09-01 18:30:24	NETWORK	hpyb	attempt=1	proxy=http://wiw4v7duaymysz9-session-fcee13516aba-lifetime-10:***@rp.scrapegw.com:6060	ConnectionTimeoutError: Connection timeout to host https://discord.com/api/v9/unique-username/username-attempt-unauthed
2026-09-01 18:30:24	NETWORK	hpyc	attempt=1	proxy=http://wiw4v7duaymysz9-session-454ea9aedafb-lifetime-10:***@rp.scrapegw.com:6060	ConnectionTimeoutError: Connection timeout to host https://discord.com/api/v9/unique-username/username-attempt-unauthed
2026-09-01 18:30:24	NETWORK	hqbx	attempt=1	proxy=http://wiw4v7duaymysz9-session-aa14546d6c9d-lifetime-10:***@rp.scrapegw.com:6060	ConnectionTimeoutError: Connection timeout to host https://discord.com/api/v9/unique-username/username-attempt-unauthed
2026-09-01 18:30:24	NETWORK	hpyx	attempt=1	proxy=http://wiw4v7duaymysz9-session-6e201f894574-lifetime-10:***@rp.scrapegw.com:6060	ConnectionTimeoutError: Connection timeout to host https://discord.com/api/v9/unique-username/username-attempt-unauthed
2026-09-01 18:30:24	NETWORK	hqbf	attempt=1	proxy=http://wiw4v7duaymysz9-session-d3b08804f228-lifetime-10:***@rp.scrapegw.com:6060	ConnectionTimeoutError: Connection timeout to host https://discord.com/api/v9/unique-username/username-attempt-unauthed
2026-09-01 18:30:24	NETWORK	hpzc	attempt=1	proxy=http://wiw4v7duaymysz9-session-659c7362bfc9-lifetime-10:***@rp.scrapegw.com:6060	ConnectionTimeoutError: Connection timeout to host https://discord.com/api/v9/unique-username/username-attempt-unauthed
2026-09-01 18:30:24	NETWORK	hqdm	attempt=1	proxy=http://wiw4v7duaymysz9-session-d40566e7e3a2-lifetime-10:***@rp.scrapegw.com:6060	ConnectionTimeoutError: Connection timeout to host https://discord.com/api/v9/unique-username/username-attempt-unauthed
2026-09-01 18:30:24	NETWORK	hpzy	attempt=1	proxy=http://wiw4v7duaymysz9-session-f42e7644c1f3-lifetime-10:***@rp.scrapegw.com:6060	ConnectionTimeoutError: Connection timeout to host https://discord.com/api/v9/unique-username/username-attempt-unauthed
2026-09-01 18:30:24	NETWORK	hqcx	attempt=1	proxy=http://wiw4v7duaymysz9-session-93cfdf042d8b-lifetime-10:***@rp.scrapegw.com:6060	ConnectionTimeoutError: Connection timeout to host https://discord.com/api/v9/unique-username/username-attempt-unauthed
2026-09-01 18:30:24	NETWORK	hqbq	attempt=1	proxy=http://wiw4v7duaymysz9-session-1f03715060c5-lifetime-10:***@rp.scrapegw.com:6060	ConnectionTimeoutError: Connection timeout to host https://discord.com/api/v9/unique-username/username-attempt-unauthed
2026-09-01 18:30:24	NETWORK	hqcu	attempt=1	proxy=http://wiw4v7duaymysz9-session-88372b35badb-lifetime-10:***@rp.scrapegw.com:6060	ConnectionTimeoutError: Connection timeout to host https://discord.com/api/v9/unique-username/username-attempt-unauthed
2026-09-01 18:30:24	NETWORK	hqce	attempt=1	proxy=http://wiw4v7duaymysz9-session-e70375bea9ee-lifetime-10:***@rp.scrapegw.com:6060	ConnectionTimeoutError: Connection timeout to host https://discord.com/api/v9/unique-username/username-attempt-unauthed
2026-09-01 18:30:24	NETWORK	hpyu	attempt=1	proxy=http://wiw4v7duaymysz9-session-a0a9bdfec655-lifetime-10:***@rp.scrapegw.com:6060	ConnectionTimeoutError: Connection timeout to host https://discord.com/api/v9/unique-username/username-attempt-unauthed
2026-09-01 18:30:24	NETWORK	hpyr	attempt=1	proxy=http://wiw4v7duaymysz9-session-1c1b5dd6cdd3-lifetime-10:***@rp.scrapegw.com:6060	ConnectionTimeoutError: Connection timeout to host https://discord.com/api/v9/unique-username/username-attempt-unauthed
2026-09-01 18:30:24	NETWORK	hpyn	attempt=1	proxy=http://wiw4v7duaymysz9-session-c5469ab2443f-lifetime-10:***@rp.scrapegw.com:6060	ConnectionTimeoutError: Connection timeout to host https://discord.com/api/v9/unique-username/username-attempt-unauthed
2026-09-01 18:30:24	NETWORK	hpyf	attempt=1	proxy=http://wiw4v7duaymysz9-session-4f9ae04e2762-lifetime-10:***@rp.scrapegw.com:6060	ConnectionTimeoutError: Connection timeout to host https://discord.com/api/v9/unique-username/username-attempt-unauthed
2026-09-01 18:30:24	HTTP_429	htcy	attempt=1	proxy=http://wiw4v7duaymysz9-session-83743eac3f2d-lifetime-10:***@rp.scrapegw.com:6060	scope=shared global=False retry_after=2061.00s
2026-09-01 18:30:24	HTTP_429	hpys	attempt=1	proxy=http://wiw4v7duaymysz9-session-482ee2e8a90d-lifetime-10:***@rp.scrapegw.com:6060	scope=shared global=False retry_after=413.00s
2026-09-01 18:30:25	HTTP_429	hths	attempt=1	proxy=http://wiw4v7duaymysz9-session-8c2f237aaa9a-lifetime-10:***@rp.scrapegw.com:6060	scope=shared global=False retry_after=2061.00s
2026-09-01 18:30:25	HTTP_429	hqeo	attempt=1	proxy=http://wiw4v7duaymysz9-session-e1419294db71-lifetime-10:***@rp.scrapegw.com:6060	scope=shared global=False retry_after=1297.00s
2026-09-01 18:30:25	HTTP_429	htit	attempt=1	proxy=http://wiw4v7duaymysz9-session-65bcc621234f-lifetime-10:***@rp.scrapegw.com:6060	scope=shared global=False retry_after=2051.00s
2026-09-01 18:30:25	NETWORK	hqjf	attempt=1	proxy=http://wiw4v7duaymysz9-session-23eb6bd51568-lifetime-10:***@rp.scrapegw.com:6060	ConnectionTimeoutError: Connection timeout to host https://discord.com/api/v9/unique-username/username-attempt-unauthed
2026-09-01 18:30:25	NETWORK	hqhn	attempt=1	proxy=http://wiw4v7duaymysz9-session-317e71c4e1a1-lifetime-10:***@rp.scrapegw.com:6060	ConnectionTimeoutError: Connection timeout to host https://discord.com/api/v9/unique-username/username-attempt-unauthed
2026-09-01 18:30:25	NETWORK	hqkz	attempt=1	proxy=http://wiw4v7duaymysz9-session-a334ccc31c2e-lifetime-10:***@rp.scrapegw.com:6060	ConnectionTimeoutError: Connection timeout to host https://discord.com/api/v9/unique-username/username-attempt-unauthed
2026-09-01 18:30:25	NETWORK	hqly	attempt=1	proxy=http://wiw4v7duaymysz9-session-cec60b23ee7e-lifetime-10:***@rp.scrapegw.com:6060	ConnectionTimeoutError: Connection timeout to host https://discord.com/api/v9/unique-username/username-attempt-unauthed
2026-09-01 18:30:25	NETWORK	hqlu	attempt=1	proxy=http://wiw4v7duaymysz9-session-22dc8474b1d8-lifetime-10:***@rp.scrapegw.com:6060	ConnectionTimeoutError: Connection timeout to host https://discord.com/api/v9/unique-username/username-attempt-unauthed
2026-09-01 18:30:25	NETWORK	hqha	attempt=1	proxy=http://wiw4v7duaymysz9-session-213a45a4e87f-lifetime-10:***@rp.scrapegw.com:6060	ConnectionTimeoutError: Connection timeout to host https://discord.com/api/v9/unique-username/username-attempt-unauthed
2026-09-01 18:30:25	NETWORK	hqky	attempt=1	proxy=http://wiw4v7duaymysz9-session-d21b632feaf8-lifetime-10:***@rp.scrapegw.com:6060	ConnectionTimeoutError: Connection timeout to host https://discord.com/api/v9/unique-username/username-attempt-unauthed
2026-09-01 18:30:25	NETWORK	hqjj	attempt=1	proxy=http://wiw4v7duaymysz9-session-238f365407e3-lifetime-10:***@rp.scrapegw.com:6060	ConnectionTimeoutError: Connection timeout to host https://discord.com/api/v9/unique-username/username-attempt-unauthed
2026-09-01 18:30:25	NETWORK	hqja	attempt=1	proxy=http://wiw4v7duaymysz9-session-c580d8f27257-lifetime-10:***@rp.scrapegw.com:6060	ConnectionTimeoutError: Connection timeout to host https://discord.com/api/v9/unique-username/username-attempt-unauthed
2026-09-01 18:30:25	NETWORK	hqjr	attempt=1	proxy=http://wiw4v7duaymysz9-session-be27f05bf02d-lifetime-10:***@rp.scrapegw.com:6060	ConnectionTimeoutError: Connection timeout to host https://discord.com/api/v9/unique-username/username-attempt-unauthed
2026-09-01 18:30:25	NETWORK	hqhm	attempt=1	proxy=http://wiw4v7duaymysz9-session-966ad923038c-lifetime-10:***@rp.scrapegw.com:6060	ConnectionTimeoutError: Connection timeout to host https://discord.com/api/v9/unique-username/username-attempt-unauthed
2026-09-01 18:30:25	NETWORK	hqgn	attempt=1	proxy=http://wiw4v7duaymysz9-session-8ff856aae9b1-lifetime-10:***@rp.scrapegw.com:6060	ConnectionTimeoutError: Connection timeout to host https://discord.com/api/v9/unique-username/username-attempt-unauthed
2026-09-01 18:30:25	NETWORK	hqiq	attempt=1	proxy=http://wiw4v7duaymysz9-session-20cdc33402e1-lifetime-10:***@rp.scrapegw.com:6060	ConnectionTimeoutError: Connection timeout to host https://discord.com/api/v9/unique-username/username-attempt-unauthed
2026-09-01 18:30:25	NETWORK	hqhr	attempt=1	proxy=http://wiw4v7duaymysz9-session-0686eb1a4a6b-lifetime-10:***@rp.scrapegw.com:6060	ConnectionTimeoutError: Connection timeout to host https://discord.com/api/v9/unique-username/username-attempt-unauthed
2026-09-01 18:30:25	NETWORK	hqld	attempt=1	proxy=http://wiw4v7duaymysz9-session-bb4764713e10-lifetime-10:***@rp.scrapegw.com:6060	ConnectionTimeoutError: Connection timeout to host https://discord.com/api/v9/unique-username/username-attempt-unauthed
2026-09-01 18:30:25	NETWORK	hqkk	attempt=1	proxy=http://wiw4v7duaymysz9-session-22481f33999c-lifetime-10:***@rp.scrapegw.com:6060	ConnectionTimeoutError: Connection timeout to host https://discord.com/api/v9/unique-username/username-attempt-unauthed
2026-09-01 18:30:25	NETWORK	hqjl	attempt=1	proxy=http://wiw4v7duaymysz9-session-b54ee1395628-lifetime-10:***@rp.scrapegw.com:6060	ConnectionTimeoutError: Connection timeout to host https://discord.com/api/v9/unique-username/username-attempt-unauthed
2026-09-01 18:30:25	NETWORK	hqio	attempt=1	proxy=http://wiw4v7duaymysz9-session-55df155acbb9-lifetime-10:***@rp.scrapegw.com:6060	ConnectionTimeoutError: Connection timeout to host https://discord.com/api/v9/unique-username/username-attempt-unauthed
2026-09-01 18:30:25	NETWORK	hqiv	attempt=1	proxy=http://wiw4v7duaymysz9-session-fae046d2d0d4-lifetime-10:***@rp.scrapegw.com:6060	ConnectionTimeoutError: Connection timeout to host https://discord.com/api/v9/unique-username/username-attempt-unauthed
2026-09-01 18:30:25	NETWORK	hqhz	attempt=1	proxy=http://wiw4v7duaymysz9-session-cd2c0b4984ab-lifetime-10:***@rp.scrapegw.com:6060	ConnectionTimeoutError: Connection timeout to host https://discord.com/api/v9/unique-username/username-attempt-unauthed
2026-09-01 18:30:25	NETWORK	hqgs	attempt=1	proxy=http://wiw4v7duaymysz9-session-f8f612fc42f0-lifetime-10:***@rp.scrapegw.com:6060	ConnectionTimeoutError: Connection timeout to host https://discord.com/api/v9/unique-username/username-attempt-unauthed
2026-09-01 18:30:25	NETWORK	hqjo	attempt=1	proxy=http://wiw4v7duaymysz9-session-6a53f7ca7f2e-lifetime-10:***@rp.scrapegw.com:6060	ConnectionTimeoutError: Connection timeout to host https://discord.com/api/v9/unique-username/username-attempt-unauthed
2026-09-01 18:30:25	NETWORK	hqkr	attempt=1	proxy=http://wiw4v7duaymysz9-session-6b913797401b-lifetime-10:***@rp.scrapegw.com:6060	ConnectionTimeoutError: Connection timeout to host https://discord.com/api/v9/unique-username/username-attempt-unauthed
2026-09-01 18:30:25	NETWORK	hqlv	attempt=1	proxy=http://wiw4v7duaymysz9-session-aee97eda209d-lifetime-10:***@rp.scrapegw.com:6060	ConnectionTimeoutError: Connection timeout to host https://discord.com/api/v9/unique-username/username-attempt-unauthed
2026-09-01 18:30:25	NETWORK	hqix	attempt=1	proxy=http://wiw4v7duaymysz9-session-e85e147b583a-lifetime-10:***@rp.scrapegw.com:6060	ConnectionTimeoutError: Connection timeout to host https://discord.com/api/v9/unique-username/username-attempt-unauthed
2026-09-01 18:30:25	NETWORK	hqii	attempt=1	proxy=http://wiw4v7duaymysz9-session-947da22af05d-lifetime-10:***@rp.scrapegw.com:6060	ConnectionTimeoutError: Connection timeout to host https://discord.com/api/v9/unique-username/username-attempt-unauthed
2026-09-01 18:30:25	NETWORK	hqhy	attempt=1	proxy=http://wiw4v7duaymysz9-session-892255af1678-lifetime-10:***@rp.scrapegw.com:6060	ConnectionTimeoutError: Connection timeout to host https://discord.com/api/v9/unique-username/username-attempt-unauthed
2026-09-01 18:30:25	NETWORK	hqhc	attempt=1	proxy=http://wiw4v7duaymysz9-session-9373d2d384c6-lifetime-10:***@rp.scrapegw.com:6060	ConnectionTimeoutError: Connection timeout to host https://discord.com/api/v9/unique-username/username-attempt-unauthed
2026-09-01 18:30:25	NETWORK	hqgm	attempt=1	proxy=http://wiw4v7duaymysz9-session-563dee81118b-lifetime-10:***@rp.scrapegw.com:6060	ConnectionTimeoutError: Connection timeout to host https://discord.com/api/v9/unique-username/username-attempt-unauthed
2026-09-01 18:30:25	NETWORK	hqgl	attempt=1	proxy=http://wiw4v7duaymysz9-session-0bf58b428a53-lifetime-10:***@rp.scrapegw.com:6060	ConnectionTimeoutError: Connection timeout to host https://discord.com/api/v9/unique-username/username-attempt-unauthed
2026-09-01 18:30:25	NETWORK	hqis	attempt=1	proxy=http://wiw4v7duaymysz9-session-f28fc9d7e93d-lifetime-10:***@rp.scrapegw.com:6060	ConnectionTimeoutError: Connection timeout to host https://discord.com/api/v9/unique-username/username-attempt-unauthed
2026-09-01 18:30:25	HTTP_429	htmn	attempt=1	proxy=http://wiw4v7duaymysz9-session-a13285edadc9-lifetime-10:***@rp.scrapegw.com:6060	scope=shared global=False retry_after=2058.00s
2026-09-01 18:30:26	HTTP_429	hrxh	attempt=1	proxy=http://wiw4v7duaymysz9-session-f8f612fc42f0-lifetime-10:***@rp.scrapegw.com:6060	scope=shared global=False retry_after=423.00s
2026-09-01 18:30:26	NETWORK	hqol	attempt=1	proxy=http://wiw4v7duaymysz9-session-299f25f28883-lifetime-10:***@rp.scrapegw.com:6060	ConnectionTimeoutError: Connection timeout to host https://discord.com/api/v9/unique-username/username-attempt-unauthed
2026-09-01 18:30:26	NETWORK	hqod	attempt=1	proxy=http://wiw4v7duaymysz9-session-298ded109d7c-lifetime-10:***@rp.scrapegw.com:6060	ConnectionTimeoutError: Connection timeout to host https://discord.com/api/v9/unique-username/username-attempt-unauthed
2026-09-01 18:30:26	NETWORK	hqse	attempt=1	proxy=http://wiw4v7duaymysz9-session-3dd6b20137b5-lifetime-10:***@rp.scrapegw.com:6060	ConnectionTimeoutError: Connection timeout to host https://discord.com/api/v9/unique-username/username-attempt-unauthed
2026-09-01 18:30:26	NETWORK	hquk	attempt=1	proxy=http://wiw4v7duaymysz9-session-5f74b5e100aa-lifetime-10:***@rp.scrapegw.com:6060	ConnectionTimeoutError: Connection timeout to host https://discord.com/api/v9/unique-username/username-attempt-unauthed
2026-09-01 18:30:26	NETWORK	hqqy	attempt=1	proxy=http://wiw4v7duaymysz9-session-069b73ef93fd-lifetime-10:***@rp.scrapegw.com:6060	ConnectionTimeoutError: Connection timeout to host https://discord.com/api/v9/unique-username/username-attempt-unauthed
2026-09-01 18:30:26	NETWORK	hquh	attempt=1	proxy=http://wiw4v7duaymysz9-session-bf639d19fa48-lifetime-10:***@rp.scrapegw.com:6060	ConnectionTimeoutError: Connection timeout to host https://discord.com/api/v9/unique-username/username-attempt-unauthed
2026-09-01 18:30:26	NETWORK	hqtl	attempt=1	proxy=http://wiw4v7duaymysz9-session-244d20dc2212-lifetime-10:***@rp.scrapegw.com:6060	ConnectionTimeoutError: Connection timeout to host https://discord.com/api/v9/unique-username/username-attempt-unauthed
2026-09-01 18:30:26	NETWORK	hqmi	attempt=1	proxy=http://wiw4v7duaymysz9-session-0a841758d0ef-lifetime-10:***@rp.scrapegw.com:6060	ConnectionTimeoutError: Connection timeout to host https://discord.com/api/v9/unique-username/username-attempt-unauthed
2026-09-01 18:30:26	NETWORK	hqrl	attempt=1	proxy=http://wiw4v7duaymysz9-session-963f6e77d3aa-lifetime-10:***@rp.scrapegw.com:6060	ConnectionTimeoutError: Connection timeout to host https://discord.com/api/v9/unique-username/username-attempt-unauthed
2026-09-01 18:30:26	NETWORK	hqqa	attempt=1	proxy=http://wiw4v7duaymysz9-session-521f4af4e9d9-lifetime-10:***@rp.scrapegw.com:6060	ConnectionTimeoutError: Connection timeout to host https://discord.com/api/v9/unique-username/username-attempt-unauthed
2026-09-01 18:30:26	NETWORK	hqrg	attempt=1	proxy=http://wiw4v7duaymysz9-session-eea3e7a8b112-lifetime-10:***@rp.scrapegw.com:6060	ConnectionTimeoutError: Connection timeout to host https://discord.com/api/v9/unique-username/username-attempt-unauthed
2026-09-01 18:30:26	NETWORK	hqnc	attempt=1	proxy=http://wiw4v7duaymysz9-session-2a2bd9514c35-lifetime-10:***@rp.scrapegw.com:6060	ConnectionTimeoutError: Connection timeout to host https://discord.com/api/v9/unique-username/username-attempt-unauthed
2026-09-01 18:30:26	NETWORK	hqtp	attempt=1	proxy=http://wiw4v7duaymysz9-session-aa066dff927d-lifetime-10:***@rp.scrapegw.com:6060	ConnectionTimeoutError: Connection timeout to host https://discord.com/api/v9/unique-username/username-attempt-unauthed
2026-09-01 18:30:26	NETWORK	hqua	attempt=1	proxy=http://wiw4v7duaymysz9-session-919b8a81b4bf-lifetime-10:***@rp.scrapegw.com:6060	ConnectionTimeoutError: Connection timeout to host https://discord.com/api/v9/unique-username/username-attempt-unauthed
2026-09-01 18:30:26	NETWORK	hqoh	attempt=1	proxy=http://wiw4v7duaymysz9-session-79f7a439f0bf-lifetime-10:***@rp.scrapegw.com:6060	ConnectionTimeoutError: Connection timeout to host https://discord.com/api/v9/unique-username/username-attempt-unauthed
2026-09-01 18:30:26	NETWORK	hqns	attempt=1	proxy=http://wiw4v7duaymysz9-session-02e1f529eabc-lifetime-10:***@rp.scrapegw.com:6060	ConnectionTimeoutError: Connection timeout to host https://discord.com/api/v9/unique-username/username-attempt-unauthed
2026-09-01 18:30:26	NETWORK	hquf	attempt=1	proxy=http://wiw4v7duaymysz9-session-ee842464df8d-lifetime-10:***@rp.scrapegw.com:6060	ConnectionTimeoutError: Connection timeout to host https://discord.com/api/v9/unique-username/username-attempt-unauthed
2026-09-01 18:30:26	NETWORK	hqqd	attempt=1	proxy=http://wiw4v7duaymysz9-session-2266c56e77c8-lifetime-10:***@rp.scrapegw.com:6060	ConnectionTimeoutError: Connection timeout to host https://discord.com/api/v9/unique-username/username-attempt-unauthed
2026-09-01 18:30:26	NETWORK	hqsu	attempt=1	proxy=http://wiw4v7duaymysz9-session-431223a0537b-lifetime-10:***@rp.scrapegw.com:6060	ConnectionTimeoutError: Connection timeout to host https://discord.com/api/v9/unique-username/username-attempt-unauthed
2026-09-01 18:30:26	NETWORK	hqtr	attempt=1	proxy=http://wiw4v7duaymysz9-session-52140fc3ca15-lifetime-10:***@rp.scrapegw.com:6060	ConnectionTimeoutError: Connection timeout to host https://discord.com/api/v9/unique-username/username-attempt-unauthed
2026-09-01 18:30:26	NETWORK	hqtx	attempt=1	proxy=http://wiw4v7duaymysz9-session-d51eaa0864e7-lifetime-10:***@rp.scrapegw.com:6060	ConnectionTimeoutError: Connection timeout to host https://discord.com/api/v9/unique-username/username-attempt-unauthed
2026-09-01 18:30:26	NETWORK	hqro	attempt=1	proxy=http://wiw4v7duaymysz9-session-110265b706c6-lifetime-10:***@rp.scrapegw.com:6060	ConnectionTimeoutError: Connection timeout to host https://discord.com/api/v9/unique-username/username-attempt-unauthed
2026-09-01 18:30:26	NETWORK	hqrc	attempt=1	proxy=http://wiw4v7duaymysz9-session-804f210d590c-lifetime-10:***@rp.scrapegw.com:6060	ConnectionTimeoutError: Connection timeout to host https://discord.com/api/v9/unique-username/username-attempt-unauthed
2026-09-01 18:30:26	NETWORK	hqqh	attempt=1	proxy=http://wiw4v7duaymysz9-session-84a9cd48c420-lifetime-10:***@rp.scrapegw.com:6060	ConnectionTimeoutError: Connection timeout to host https://discord.com/api/v9/unique-username/username-attempt-unauthed
2026-09-01 18:30:26	NETWORK	hqni	attempt=1	proxy=http://wiw4v7duaymysz9-session-0ef97e3e8927-lifetime-10:***@rp.scrapegw.com:6060	ConnectionTimeoutError: Connection timeout to host https://discord.com/api/v9/unique-username/username-attempt-unauthed
2026-09-01 18:30:26	NETWORK	hqqf	attempt=1	proxy=http://wiw4v7duaymysz9-session-6b225cb1e805-lifetime-10:***@rp.scrapegw.com:6060	ConnectionTimeoutError: Connection timeout to host https://discord.com/api/v9/unique-username/username-attempt-unauthed
2026-09-01 18:30:26	NETWORK	hqmv	attempt=1	proxy=http://wiw4v7duaymysz9-session-c308a24e4b46-lifetime-10:***@rp.scrapegw.com:6060	ConnectionTimeoutError: Connection timeout to host https://discord.com/api/v9/unique-username/username-attempt-unauthed
2026-09-01 18:30:26	NETWORK	hqqt	attempt=1	proxy=http://wiw4v7duaymysz9-session-de7e6c36bc6c-lifetime-10:***@rp.scrapegw.com:6060	ConnectionTimeoutError: Connection timeout to host https://discord.com/api/v9/unique-username/username-attempt-unauthed
2026-09-01 18:30:26	NETWORK	hqrf	attempt=1	proxy=http://wiw4v7duaymysz9-session-87649af4591a-lifetime-10:***@rp.scrapegw.com:6060	ConnectionTimeoutError: Connection timeout to host https://discord.com/api/v9/unique-username/username-attempt-unauthed
2026-09-01 18:30:26	NETWORK	hqox	attempt=1	proxy=http://wiw4v7duaymysz9-session-988867537bde-lifetime-10:***@rp.scrapegw.com:6060	ConnectionTimeoutError: Connection timeout to host https://discord.com/api/v9/unique-username/username-attempt-unauthed
2026-09-01 18:30:26	NETWORK	hqok	attempt=1	proxy=http://wiw4v7duaymysz9-session-c46f15a875ec-lifetime-10:***@rp.scrapegw.com:6060	ConnectionTimeoutError: Connection timeout to host https://discord.com/api/v9/unique-username/username-attempt-unauthed
2026-09-01 18:30:26	NETWORK	hqrh	attempt=1	proxy=http://wiw4v7duaymysz9-session-a98c59e3e32d-lifetime-10:***@rp.scrapegw.com:6060	ConnectionTimeoutError: Connection timeout to host https://discord.com/api/v9/unique-username/username-attempt-unauthed
2026-09-01 18:30:26	NETWORK	hqot	attempt=1	proxy=http://wiw4v7duaymysz9-session-c7e2a3a15ff6-lifetime-10:***@rp.scrapegw.com:6060	ConnectionTimeoutError: Connection timeout to host https://discord.com/api/v9/unique-username/username-attempt-unauthed
2026-09-01 18:30:26	NETWORK	hqpi	attempt=1	proxy=http://wiw4v7duaymysz9-session-0986eabc5a89-lifetime-10:***@rp.scrapegw.com:6060	ConnectionTimeoutError: Connection timeout to host https://discord.com/api/v9/unique-username/username-attempt-unauthed
2026-09-01 18:30:26	NETWORK	hqmu	attempt=1	proxy=http://wiw4v7duaymysz9-session-919319f10194-lifetime-10:***@rp.scrapegw.com:6060	ConnectionTimeoutError: Connection timeout to host https://discord.com/api/v9/unique-username/username-attempt-unauthed
2026-09-01 18:30:26	NETWORK	hqrp	attempt=1	proxy=http://wiw4v7duaymysz9-session-6786c7402aa1-lifetime-10:***@rp.scrapegw.com:6060	ConnectionTimeoutError: Connection timeout to host https://discord.com/api/v9/unique-username/username-attempt-unauthed
2026-09-01 18:30:27	HTTP_429	hqrk	attempt=1	proxy=http://wiw4v7duaymysz9-session-4a1a3fe000a4-lifetime-10:***@rp.scrapegw.com:6060	scope=shared global=False retry_after=330.00s
2026-09-01 18:30:27	HTTP_429	htrm	attempt=1	proxy=http://wiw4v7duaymysz9-session-c262ee0a609a-lifetime-10:***@rp.scrapegw.com:6060	scope=shared global=False retry_after=2055.00s
2026-09-01 18:30:27	HTTP_429	hrml	attempt=1	proxy=http://wiw4v7duaymysz9-session-fcffedfbe814-lifetime-10:***@rp.scrapegw.com:6060	scope=shared global=False retry_after=292.00s
2026-09-01 18:30:27	HTTP_429	htwo	attempt=1	proxy=http://wiw4v7duaymysz9-session-e63d0b4def0a-lifetime-10:***@rp.scrapegw.com:6060	scope=shared global=False retry_after=1056.00s
2026-09-01 18:30:27	NETWORK	hsct	attempt=1	proxy=http://wiw4v7duaymysz9-session-22dc8474b1d8-lifetime-10:***@rp.scrapegw.com:6060	ClientConnectorError: Cannot connect to host discord.com:443 ssl:default [Connection reset by peer]
2026-09-01 18:30:27	NETWORK	hraw	attempt=1	proxy=http://wiw4v7duaymysz9-session-f767b7815540-lifetime-10:***@rp.scrapegw.com:6060	ConnectionTimeoutError: Connection timeout to host https://discord.com/api/v9/unique-username/username-attempt-unauthed
2026-09-01 18:30:27	NETWORK	hqvi	attempt=1	proxy=http://wiw4v7duaymysz9-session-815dc7eea5ff-lifetime-10:***@rp.scrapegw.com:6060	ConnectionTimeoutError: Connection timeout to host https://discord.com/api/v9/unique-username/username-attempt-unauthed
2026-09-01 18:30:27	NETWORK	hrcj	attempt=1	proxy=http://wiw4v7duaymysz9-session-dd4e53c25f83-lifetime-10:***@rp.scrapegw.com:6060	ConnectionTimeoutError: Connection timeout to host https://discord.com/api/v9/unique-username/username-attempt-unauthed
2026-09-01 18:30:27	NETWORK	hqyu	attempt=1	proxy=http://wiw4v7duaymysz9-session-f94e7a36634f-lifetime-10:***@rp.scrapegw.com:6060	ConnectionTimeoutError: Connection timeout to host https://discord.com/api/v9/unique-username/username-attempt-unauthed
2026-09-01 18:30:27	NETWORK	hqwa	attempt=1	proxy=http://wiw4v7duaymysz9-session-3d2490fcf9ed-lifetime-10:***@rp.scrapegw.com:6060	ConnectionTimeoutError: Connection timeout to host https://discord.com/api/v9/unique-username/username-attempt-unauthed
2026-09-01 18:30:27	NETWORK	hqvb	attempt=1	proxy=http://wiw4v7duaymysz9-session-2a9595209f73-lifetime-10:***@rp.scrapegw.com:6060	ConnectionTimeoutError: Connection timeout to host https://discord.com/api/v9/unique-username/username-attempt-unauthed
2026-09-01 18:30:27	NETWORK	hqvq	attempt=1	proxy=http://wiw4v7duaymysz9-session-be2e3d2f7e9b-lifetime-10:***@rp.scrapegw.com:6060	ConnectionTimeoutError: Connection timeout to host https://discord.com/api/v9/unique-username/username-attempt-unauthed
2026-09-01 18:30:27	NETWORK	hrcm	attempt=1	proxy=http://wiw4v7duaymysz9-session-6ab09a2e8892-lifetime-10:***@rp.scrapegw.com:6060	ConnectionTimeoutError: Connection timeout to host https://discord.com/api/v9/unique-username/username-attempt-unauthed
2026-09-01 18:30:27	NETWORK	hqvy	attempt=1	proxy=http://wiw4v7duaymysz9-session-d5fdc2075701-lifetime-10:***@rp.scrapegw.com:6060	ConnectionTimeoutError: Connection timeout to host https://discord.com/api/v9/unique-username/username-attempt-unauthed
2026-09-01 18:30:27	NETWORK	hrbd	attempt=1	proxy=http://wiw4v7duaymysz9-session-d9a45a9e5683-lifetime-10:***@rp.scrapegw.com:6060	ConnectionTimeoutError: Connection timeout to host https://discord.com/api/v9/unique-username/username-attempt-unauthed
2026-09-01 18:30:27	NETWORK	hqzk	attempt=1	proxy=http://wiw4v7duaymysz9-session-5f709bde0fc1-lifetime-10:***@rp.scrapegw.com:6060	ConnectionTimeoutError: Connection timeout to host https://discord.com/api/v9/unique-username/username-attempt-unauthed
2026-09-01 18:30:27	NETWORK	hqzl	attempt=1	proxy=http://wiw4v7duaymysz9-session-1d3d2afd717e-lifetime-10:***@rp.scrapegw.com:6060	ConnectionTimeoutError: Connection timeout to host https://discord.com/api/v9/unique-username/username-attempt-unauthed
2026-09-01 18:30:27	NETWORK	hqyd	attempt=1	proxy=http://wiw4v7duaymysz9-session-ebf9c508ce24-lifetime-10:***@rp.scrapegw.com:6060	ConnectionTimeoutError: Connection timeout to host https://discord.com/api/v9/unique-username/username-attempt-unauthed
2026-09-01 18:30:27	NETWORK	hrbe	attempt=1	proxy=http://wiw4v7duaymysz9-session-0438c52d6266-lifetime-10:***@rp.scrapegw.com:6060	ConnectionTimeoutError: Connection timeout to host https://discord.com/api/v9/unique-username/username-attempt-unauthed
2026-09-01 18:30:27	NETWORK	hqza	attempt=1	proxy=http://wiw4v7duaymysz9-session-36eb507ac869-lifetime-10:***@rp.scrapegw.com:6060	ConnectionTimeoutError: Connection timeout to host https://discord.com/api/v9/unique-username/username-attempt-unauthed
2026-09-01 18:30:27	NETWORK	hqxx	attempt=1	proxy=http://wiw4v7duaymysz9-session-8b0c4db39a4b-lifetime-10:***@rp.scrapegw.com:6060	ConnectionTimeoutError: Connection timeout to host https://discord.com/api/v9/unique-username/username-attempt-unauthed
2026-09-01 18:30:27	NETWORK	hquo	attempt=1	proxy=http://wiw4v7duaymysz9-session-2cc925e3a6de-lifetime-10:***@rp.scrapegw.com:6060	ConnectionTimeoutError: Connection timeout to host https://discord.com/api/v9/unique-username/username-attempt-unauthed
2026-09-01 18:30:27	NETWORK	hrbm	attempt=1	proxy=http://wiw4v7duaymysz9-session-5996caa68b60-lifetime-10:***@rp.scrapegw.com:6060	ConnectionTimeoutError: Connection timeout to host https://discord.com/api/v9/unique-username/username-attempt-unauthed
2026-09-01 18:30:27	NETWORK	hqxo	attempt=1	proxy=http://wiw4v7duaymysz9-session-86c7c4d0a5ba-lifetime-10:***@rp.scrapegw.com:6060	ConnectionTimeoutError: Connection timeout to host https://discord.com/api/v9/unique-username/username-attempt-unauthed
2026-09-01 18:30:27	NETWORK	hqxr	attempt=1	proxy=http://wiw4v7duaymysz9-session-5ca6dbb0e9e8-lifetime-10:***@rp.scrapegw.com:6060	ConnectionTimeoutError: Connection timeout to host https://discord.com/api/v9/unique-username/username-attempt-unauthed
2026-09-01 18:30:27	NETWORK	hqzp	attempt=1	proxy=http://wiw4v7duaymysz9-session-20476ee7e2a7-lifetime-10:***@rp.scrapegw.com:6060	ConnectionTimeoutError: Connection timeout to host https://discord.com/api/v9/unique-username/username-attempt-unauthed
2026-09-01 18:30:27	NETWORK	hqut	attempt=1	proxy=http://wiw4v7duaymysz9-session-435a90043f36-lifetime-10:***@rp.scrapegw.com:6060	ConnectionTimeoutError: Connection timeout to host https://discord.com/api/v9/unique-username/username-attempt-unauthed
2026-09-01 18:30:27	NETWORK	hqwf	attempt=1	proxy=http://wiw4v7duaymysz9-session-96a5e6cdbdad-lifetime-10:***@rp.scrapegw.com:6060	ConnectionTimeoutError: Connection timeout to host https://discord.com/api/v9/unique-username/username-attempt-unauthed
2026-09-01 18:30:27	NETWORK	hqxb	attempt=1	proxy=http://wiw4v7duaymysz9-session-ef7092e401a9-lifetime-10:***@rp.scrapegw.com:6060	ConnectionTimeoutError: Connection timeout to host https://discord.com/api/v9/unique-username/username-attempt-unauthed
2026-09-01 18:30:27	NETWORK	hrbb	attempt=1	proxy=http://wiw4v7duaymysz9-session-ddb5a34359e0-lifetime-10:***@rp.scrapegw.com:6060	ConnectionTimeoutError: Connection timeout to host https://discord.com/api/v9/unique-username/username-attempt-unauthed
2026-09-01 18:30:27	NETWORK	hqzc	attempt=1	proxy=http://wiw4v7duaymysz9-session-e02ca47e669b-lifetime-10:***@rp.scrapegw.com:6060	ConnectionTimeoutError: Connection timeout to host https://discord.com/api/v9/unique-username/username-attempt-unauthed
2026-09-01 18:30:27	NETWORK	hqwx	attempt=1	proxy=http://wiw4v7duaymysz9-session-7c0cf7353ad9-lifetime-10:***@rp.scrapegw.com:6060	ConnectionTimeoutError: Connection timeout to host https://discord.com/api/v9/unique-username/username-attempt-unauthed
2026-09-01 18:30:27	NETWORK	hquq	attempt=1	proxy=http://wiw4v7duaymysz9-session-48bbd1227ad9-lifetime-10:***@rp.scrapegw.com:6060	ConnectionTimeoutError: Connection timeout to host https://discord.com/api/v9/unique-username/username-attempt-unauthed
2026-09-01 18:30:27	NETWORK	hqys	attempt=1	proxy=http://wiw4v7duaymysz9-session-a41cbb19a85f-lifetime-10:***@rp.scrapegw.com:6060	ConnectionTimeoutError: Connection timeout to host https://discord.com/api/v9/unique-username/username-attempt-unauthed
2026-09-01 18:30:27	NETWORK	hrbt	attempt=1	proxy=http://wiw4v7duaymysz9-session-738bf753d36a-lifetime-10:***@rp.scrapegw.com:6060	ConnectionTimeoutError: Connection timeout to host https://discord.com/api/v9/unique-username/username-attempt-unauthed
2026-09-01 18:30:27	NETWORK	hqwg	attempt=1	proxy=http://wiw4v7duaymysz9-session-24f508253560-lifetime-10:***@rp.scrapegw.com:6060	ConnectionTimeoutError: Connection timeout to host https://discord.com/api/v9/unique-username/username-attempt-unauthed
2026-09-01 18:30:27	NETWORK	hqyo	attempt=1	proxy=http://wiw4v7duaymysz9-session-2cdab084f07e-lifetime-10:***@rp.scrapegw.com:6060	ConnectionTimeoutError: Connection timeout to host https://discord.com/api/v9/unique-username/username-attempt-unauthed
2026-09-01 18:30:27	NETWORK	hraf	attempt=1	proxy=http://wiw4v7duaymysz9-session-eeaf68616e4b-lifetime-10:***@rp.scrapegw.com:6060	ConnectionTimeoutError: Connection timeout to host https://discord.com/api/v9/unique-username/username-attempt-unauthed
2026-09-01 18:30:27	NETWORK	hqyz	attempt=1	proxy=http://wiw4v7duaymysz9-session-64f95cd7b609-lifetime-10:***@rp.scrapegw.com:6060	ConnectionTimeoutError: Connection timeout to host https://discord.com/api/v9/unique-username/username-attempt-unauthed
2026-09-01 18:30:27	NETWORK	hqwh	attempt=1	proxy=http://wiw4v7duaymysz9-session-34d0055490f7-lifetime-10:***@rp.scrapegw.com:6060	ConnectionTimeoutError: Connection timeout to host https://discord.com/api/v9/unique-username/username-attempt-unauthed
2026-09-01 18:30:27	NETWORK	hral	attempt=1	proxy=http://wiw4v7duaymysz9-session-771884add883-lifetime-10:***@rp.scrapegw.com:6060	ConnectionTimeoutError: Connection timeout to host https://discord.com/api/v9/unique-username/username-attempt-unauthed
2026-09-01 18:30:27	NETWORK	hqwm	attempt=1	proxy=http://wiw4v7duaymysz9-session-23be8b1633be-lifetime-10:***@rp.scrapegw.com:6060	ConnectionTimeoutError: Connection timeout to host https://discord.com/api/v9/unique-username/username-attempt-unauthed
2026-09-01 18:30:27	NETWORK	hqxs	attempt=1	proxy=http://wiw4v7duaymysz9-session-79d8613d91a9-lifetime-10:***@rp.scrapegw.com:6060	ConnectionTimeoutError: Connection timeout to host https://discord.com/api/v9/unique-username/username-attempt-unauthed
2026-09-01 18:30:28	NETWORK	hrhz	attempt=1	proxy=http://wiw4v7duaymysz9-session-dff455dc972d-lifetime-10:***@rp.scrapegw.com:6060	ClientConnectorError: Cannot connect to host discord.com:443 ssl:default [Connection reset by peer]
2026-09-01 18:30:28	HTTP_429	htzp	attempt=1	proxy=http://wiw4v7duaymysz9-session-24520352f272-lifetime-10:***@rp.scrapegw.com:6060	scope=shared global=False retry_after=2060.00s
2026-09-01 18:30:28	HTTP_429	huay	attempt=1	proxy=http://wiw4v7duaymysz9-session-7ebfd52af7df-lifetime-10:***@rp.scrapegw.com:6060	scope=shared global=False retry_after=45.00s
2026-09-01 18:30:28	HTTP_429	hrpk	attempt=1	proxy=http://wiw4v7duaymysz9-session-482ee2e8a90d-lifetime-10:***@rp.scrapegw.com:6060	scope=shared global=False retry_after=410.00s
2026-09-01 18:30:28	NETWORK	hrjc	attempt=1	proxy=http://wiw4v7duaymysz9-session-1ad3cd2d3e38-lifetime-10:***@rp.scrapegw.com:6060	ConnectionTimeoutError: Connection timeout to host https://discord.com/api/v9/unique-username/username-attempt-unauthed
2026-09-01 18:30:28	NETWORK	hrjn	attempt=1	proxy=http://wiw4v7duaymysz9-session-6cc6105b3951-lifetime-10:***@rp.scrapegw.com:6060	ConnectionTimeoutError: Connection timeout to host https://discord.com/api/v9/unique-username/username-attempt-unauthed
2026-09-01 18:30:28	NETWORK	hrjf	attempt=1	proxy=http://wiw4v7duaymysz9-session-d44273148bc1-lifetime-10:***@rp.scrapegw.com:6060	ConnectionTimeoutError: Connection timeout to host https://discord.com/api/v9/unique-username/username-attempt-unauthed
2026-09-01 18:30:28	NETWORK	hrhu	attempt=1	proxy=http://wiw4v7duaymysz9-session-aefb320389d8-lifetime-10:***@rp.scrapegw.com:6060	ConnectionTimeoutError: Connection timeout to host https://discord.com/api/v9/unique-username/username-attempt-unauthed
2026-09-01 18:30:28	NETWORK	hrhg	attempt=1	proxy=http://wiw4v7duaymysz9-session-1edbc3b0c5e0-lifetime-10:***@rp.scrapegw.com:6060	ConnectionTimeoutError: Connection timeout to host https://discord.com/api/v9/unique-username/username-attempt-unauthed
2026-09-01 18:30:28	NETWORK	hriz	attempt=1	proxy=http://wiw4v7duaymysz9-session-5404ad9393f5-lifetime-10:***@rp.scrapegw.com:6060	ConnectionTimeoutError: Connection timeout to host https://discord.com/api/v9/unique-username/username-attempt-unauthed
2026-09-01 18:30:28	NETWORK	hrku	attempt=1	proxy=http://wiw4v7duaymysz9-session-3ab04b610282-lifetime-10:***@rp.scrapegw.com:6060	ConnectionTimeoutError: Connection timeout to host https://discord.com/api/v9/unique-username/username-attempt-unauthed
2026-09-01 18:30:28	NETWORK	hrjp	attempt=1	proxy=http://wiw4v7duaymysz9-session-5d5f27ac31e5-lifetime-10:***@rp.scrapegw.com:6060	ConnectionTimeoutError: Connection timeout to host https://discord.com/api/v9/unique-username/username-attempt-unauthed
2026-09-01 18:30:28	NETWORK	hrgf	attempt=1	proxy=http://wiw4v7duaymysz9-session-8671e19d53e8-lifetime-10:***@rp.scrapegw.com:6060	ConnectionTimeoutError: Connection timeout to host https://discord.com/api/v9/unique-username/username-attempt-unauthed
2026-09-01 18:30:28	NETWORK	hrio	attempt=1	proxy=http://wiw4v7duaymysz9-session-453532d87564-lifetime-10:***@rp.scrapegw.com:6060	ConnectionTimeoutError: Connection timeout to host https://discord.com/api/v9/unique-username/username-attempt-unauthed
2026-09-01 18:30:28	NETWORK	hrkg	attempt=1	proxy=http://wiw4v7duaymysz9-session-4947b9321d3f-lifetime-10:***@rp.scrapegw.com:6060	ConnectionTimeoutError: Connection timeout to host https://discord.com/api/v9/unique-username/username-attempt-unauthed
2026-09-01 18:30:28	NETWORK	hrhi	attempt=1	proxy=http://wiw4v7duaymysz9-session-d0e1dba678aa-lifetime-10:***@rp.scrapegw.com:6060	ConnectionTimeoutError: Connection timeout to host https://discord.com/api/v9/unique-username/username-attempt-unauthed
2026-09-01 18:30:28	NETWORK	hrdq	attempt=1	proxy=http://wiw4v7duaymysz9-session-fca062b9b6fa-lifetime-10:***@rp.scrapegw.com:6060	ConnectionTimeoutError: Connection timeout to host https://discord.com/api/v9/unique-username/username-attempt-unauthed
2026-09-01 18:30:28	NETWORK	hrdo	attempt=1	proxy=http://wiw4v7duaymysz9-session-b40678ede1b8-lifetime-10:***@rp.scrapegw.com:6060	ConnectionTimeoutError: Connection timeout to host https://discord.com/api/v9/unique-username/username-attempt-unauthed
2026-09-01 18:30:28	NETWORK	hrdc	attempt=1	proxy=http://wiw4v7duaymysz9-session-35b37e32b89a-lifetime-10:***@rp.scrapegw.com:6060	ConnectionTimeoutError: Connection timeout to host https://discord.com/api/v9/unique-username/username-attempt-unauthed
2026-09-01 18:30:28	NETWORK	hrcy	attempt=1	proxy=http://wiw4v7duaymysz9-session-69781cc6e2ed-lifetime-10:***@rp.scrapegw.com:6060	ConnectionTimeoutError: Connection timeout to host https://discord.com/api/v9/unique-username/username-attempt-unauthed
2026-09-01 18:30:28	NETWORK	hrfc	attempt=1	proxy=http://wiw4v7duaymysz9-session-55a943cd1bbe-lifetime-10:***@rp.scrapegw.com:6060	ConnectionTimeoutError: Connection timeout to host https://discord.com/api/v9/unique-username/username-attempt-unauthed
2026-09-01 18:30:28	NETWORK	hreq	attempt=1	proxy=http://wiw4v7duaymysz9-session-9c3739f82eaa-lifetime-10:***@rp.scrapegw.com:6060	ConnectionTimeoutError: Connection timeout to host https://discord.com/api/v9/unique-username/username-attempt-unauthed
2026-09-01 18:30:28	NETWORK	hrgr	attempt=1	proxy=http://wiw4v7duaymysz9-session-630b93c9d59b-lifetime-10:***@rp.scrapegw.com:6060	ConnectionTimeoutError: Connection timeout to host https://discord.com/api/v9/unique-username/username-attempt-unauthed
2026-09-01 18:30:28	NETWORK	hrfa	attempt=1	proxy=http://wiw4v7duaymysz9-session-3b6f8c4a3bbb-lifetime-10:***@rp.scrapegw.com:6060	ConnectionTimeoutError: Connection timeout to host https://discord.com/api/v9/unique-username/username-attempt-unauthed
2026-09-01 18:30:28	NETWORK	hrfm	attempt=1	proxy=http://wiw4v7duaymysz9-session-b6b585b0c9df-lifetime-10:***@rp.scrapegw.com:6060	ConnectionTimeoutError: Connection timeout to host https://discord.com/api/v9/unique-username/username-attempt-unauthed
2026-09-01 18:30:28	NETWORK	hrko	attempt=1	proxy=http://wiw4v7duaymysz9-session-b41e1984b7a0-lifetime-10:***@rp.scrapegw.com:6060	ConnectionTimeoutError: Connection timeout to host https://discord.com/api/v9/unique-username/username-attempt-unauthed
2026-09-01 18:30:28	NETWORK	hrcz	attempt=1	proxy=http://wiw4v7duaymysz9-session-55e80cb7292b-lifetime-10:***@rp.scrapegw.com:6060	ConnectionTimeoutError: Connection timeout to host https://discord.com/api/v9/unique-username/username-attempt-unauthed
2026-09-01 18:30:28	NETWORK	hrjq	attempt=1	proxy=http://wiw4v7duaymysz9-session-8e963b0371aa-lifetime-10:***@rp.scrapegw.com:6060	ConnectionTimeoutError: Connection timeout to host https://discord.com/api/v9/unique-username/username-attempt-unauthed
2026-09-01 18:30:28	NETWORK	hrij	attempt=1	proxy=http://wiw4v7duaymysz9-session-b97e8b1d277a-lifetime-10:***@rp.scrapegw.com:6060	ConnectionTimeoutError: Connection timeout to host https://discord.com/api/v9/unique-username/username-attempt-unauthed
2026-09-01 18:30:28	NETWORK	hris	attempt=1	proxy=http://wiw4v7duaymysz9-session-00266165b025-lifetime-10:***@rp.scrapegw.com:6060	ConnectionTimeoutError: Connection timeout to host https://discord.com/api/v9/unique-username/username-attempt-unauthed
2026-09-01 18:30:28	NETWORK	hrjw	attempt=1	proxy=http://wiw4v7duaymysz9-session-d3b83db7703b-lifetime-10:***@rp.scrapegw.com:6060	ConnectionTimeoutError: Connection timeout to host https://discord.com/api/v9/unique-username/username-attempt-unauthed
2026-09-01 18:30:28	NETWORK	hrkn	attempt=1	proxy=http://wiw4v7duaymysz9-session-313e4a699e07-lifetime-10:***@rp.scrapegw.com:6060	ConnectionTimeoutError: Connection timeout to host https://discord.com/api/v9/unique-username/username-attempt-unauthed
2026-09-01 18:30:28	NETWORK	hrgi	attempt=1	proxy=http://wiw4v7duaymysz9-session-8ba6c95b4f58-lifetime-10:***@rp.scrapegw.com:6060	ConnectionTimeoutError: Connection timeout to host https://discord.com/api/v9/unique-username/username-attempt-unauthed
2026-09-01 18:30:28	NETWORK	hrea	attempt=1	proxy=http://wiw4v7duaymysz9-session-8ad84a67dd8c-lifetime-10:***@rp.scrapegw.com:6060	ConnectionTimeoutError: Connection timeout to host https://discord.com/api/v9/unique-username/username-attempt-unauthed
2026-09-01 18:30:28	NETWORK	hrgm	attempt=1	proxy=http://wiw4v7duaymysz9-session-87a05055fd8e-lifetime-10:***@rp.scrapegw.com:6060	ConnectionTimeoutError: Connection timeout to host https://discord.com/api/v9/unique-username/username-attempt-unauthed
2026-09-01 18:30:28	NETWORK	hrdn	attempt=1	proxy=http://wiw4v7duaymysz9-session-5842d4a54618-lifetime-10:***@rp.scrapegw.com:6060	ConnectionTimeoutError: Connection timeout to host https://discord.com/api/v9/unique-username/username-attempt-unauthed
2026-09-01 18:30:28	NETWORK	hrda	attempt=1	proxy=http://wiw4v7duaymysz9-session-ae5e010e2b71-lifetime-10:***@rp.scrapegw.com:6060	ConnectionTimeoutError: Connection timeout to host https://discord.com/api/v9/unique-username/username-attempt-unauthed
2026-09-01 18:30:28	NETWORK	hril	attempt=1	proxy=http://wiw4v7duaymysz9-session-58d99334fced-lifetime-10:***@rp.scrapegw.com:6060	ConnectionTimeoutError: Connection timeout to host https://discord.com/api/v9/unique-username/username-attempt-unauthed
2026-09-01 18:30:28	NETWORK	hrcu	attempt=1	proxy=http://wiw4v7duaymysz9-session-12acbf305390-lifetime-10:***@rp.scrapegw.com:6060	ConnectionTimeoutError: Connection timeout to host https://discord.com/api/v9/unique-username/username-attempt-unauthed
2026-09-01 18:30:28	NETWORK	hrka	attempt=1	proxy=http://wiw4v7duaymysz9-session-ec6d662e67dc-lifetime-10:***@rp.scrapegw.com:6060	ConnectionTimeoutError: Connection timeout to host https://discord.com/api/v9/unique-username/username-attempt-unauthed
2026-09-01 18:30:28	NETWORK	hrjr	attempt=1	proxy=http://wiw4v7duaymysz9-session-5bc8ab1d57f3-lifetime-10:***@rp.scrapegw.com:6060	ConnectionTimeoutError: Connection timeout to host https://discord.com/api/v9/unique-username/username-attempt-unauthed
2026-09-01 18:30:28	HTTP_429	hufr	attempt=1	proxy=http://wiw4v7duaymysz9-session-ad7397c5edda-lifetime-10:***@rp.scrapegw.com:6060	scope=shared global=False retry_after=2060.00s
2026-09-01 18:30:28	HTTP_429	hrdt	attempt=1	proxy=http://wiw4v7duaymysz9-session-524f4d8d9a86-lifetime-10:***@rp.scrapegw.com:6060	scope=shared global=False retry_after=841.00s
2026-09-01 18:30:29	HTTP_429	hujr	attempt=1	proxy=http://wiw4v7duaymysz9-session-2a9a68c3fbd1-lifetime-10:***@rp.scrapegw.com:6060	scope=shared global=False retry_after=2056.00s
2026-09-01 18:30:29	HTTP_429	huiq	attempt=1	proxy=http://wiw4v7duaymysz9-session-7cbbebb528b8-lifetime-10:***@rp.scrapegw.com:6060	scope=shared global=False retry_after=2061.00s
2026-09-01 18:30:29	HTTP_429	hukf	attempt=1	proxy=http://wiw4v7duaymysz9-session-2cbae4e5a602-lifetime-10:***@rp.scrapegw.com:6060	scope=shared global=False retry_after=2059.00s
2026-09-01 18:30:29	HTTP_429	hujg	attempt=1	proxy=http://wiw4v7duaymysz9-session-90a140db9d29-lifetime-10:***@rp.scrapegw.com:6060	scope=shared global=False retry_after=2052.00s
2026-09-01 18:30:29	HTTP_429	hujv	attempt=1	proxy=http://wiw4v7duaymysz9-session-ea58339ef3e4-lifetime-10:***@rp.scrapegw.com:6060	scope=shared global=False retry_after=914.00s
2026-09-01 18:30:29	HTTP_429	humb	attempt=1	proxy=http://wiw4v7duaymysz9-session-bc984ac36db3-lifetime-10:***@rp.scrapegw.com:6060	scope=shared global=False retry_after=1488.00s
2026-09-01 18:30:29	HTTP_429	hulg	attempt=1	proxy=http://wiw4v7duaymysz9-session-a7c4c3b2e38c-lifetime-10:***@rp.scrapegw.com:6060	scope=shared global=False retry_after=509.00s
2026-09-01 18:30:29	HTTP_429	htzi	attempt=1	proxy=http://wiw4v7duaymysz9-session-ac357171088b-lifetime-10:***@rp.scrapegw.com:6060	scope=shared global=False retry_after=1267.00s
2026-09-01 18:30:29	NETWORK	hrll	attempt=1	proxy=http://wiw4v7duaymysz9-session-72cf1d70e900-lifetime-10:***@rp.scrapegw.com:6060	ConnectionTimeoutError: Connection timeout to host https://discord.com/api/v9/unique-username/username-attempt-unauthed
2026-09-01 18:30:29	NETWORK	hrlk	attempt=1	proxy=http://wiw4v7duaymysz9-session-1f3322c41d9d-lifetime-10:***@rp.scrapegw.com:6060	ConnectionTimeoutError: Connection timeout to host https://discord.com/api/v9/unique-username/username-attempt-unauthed
2026-09-01 18:30:29	NETWORK	hrlf	attempt=1	proxy=http://wiw4v7duaymysz9-session-6475bcfdaa8b-lifetime-10:***@rp.scrapegw.com:6060	ConnectionTimeoutError: Connection timeout to host https://discord.com/api/v9/unique-username/username-attempt-unauthed
2026-09-01 18:30:29	NETWORK	hrmi	attempt=1	proxy=http://wiw4v7duaymysz9-session-427f3ec2524e-lifetime-10:***@rp.scrapegw.com:6060	ConnectionTimeoutError: Connection timeout to host https://discord.com/api/v9/unique-username/username-attempt-unauthed
2026-09-01 18:30:29	NETWORK	hrov	attempt=1	proxy=http://wiw4v7duaymysz9-session-fcee13516aba-lifetime-10:***@rp.scrapegw.com:6060	ConnectionTimeoutError: Connection timeout to host https://discord.com/api/v9/unique-username/username-attempt-unauthed
2026-09-01 18:30:29	NETWORK	hrmd	attempt=1	proxy=http://wiw4v7duaymysz9-session-730d3e34d376-lifetime-10:***@rp.scrapegw.com:6060	ConnectionTimeoutError: Connection timeout to host https://discord.com/api/v9/unique-username/username-attempt-unauthed
2026-09-01 18:30:29	NETWORK	hrsr	attempt=1	proxy=http://wiw4v7duaymysz9-session-995f484d7087-lifetime-10:***@rp.scrapegw.com:6060	ConnectionTimeoutError: Connection timeout to host https://discord.com/api/v9/unique-username/username-attempt-unauthed
2026-09-01 18:30:29	NETWORK	hrom	attempt=1	proxy=http://wiw4v7duaymysz9-session-1b8c83224d7a-lifetime-10:***@rp.scrapegw.com:6060	ConnectionTimeoutError: Connection timeout to host https://discord.com/api/v9/unique-username/username-attempt-unauthed
2026-09-01 18:30:29	NETWORK	hroa	attempt=1	proxy=http://wiw4v7duaymysz9-session-506dc6701064-lifetime-10:***@rp.scrapegw.com:6060	ConnectionTimeoutError: Connection timeout to host https://discord.com/api/v9/unique-username/username-attempt-unauthed
2026-09-01 18:30:29	NETWORK	hrud	attempt=1	proxy=http://wiw4v7duaymysz9-session-ce2829b761c7-lifetime-10:***@rp.scrapegw.com:6060	ConnectionTimeoutError: Connection timeout to host https://discord.com/api/v9/unique-username/username-attempt-unauthed
2026-09-01 18:30:29	NETWORK	hroy	attempt=1	proxy=http://wiw4v7duaymysz9-session-a1f1a0366efb-lifetime-10:***@rp.scrapegw.com:6060	ConnectionTimeoutError: Connection timeout to host https://discord.com/api/v9/unique-username/username-attempt-unauthed
2026-09-01 18:30:29	NETWORK	hrty	attempt=1	proxy=http://wiw4v7duaymysz9-session-41b2743dd9b7-lifetime-10:***@rp.scrapegw.com:6060	ConnectionTimeoutError: Connection timeout to host https://discord.com/api/v9/unique-username/username-attempt-unauthed
2026-09-01 18:30:29	NETWORK	hrns	attempt=1	proxy=http://wiw4v7duaymysz9-session-704b92e730d8-lifetime-10:***@rp.scrapegw.com:6060	ConnectionTimeoutError: Connection timeout to host https://discord.com/api/v9/unique-username/username-attempt-unauthed
2026-09-01 18:30:29	NETWORK	hrtd	attempt=1	proxy=http://wiw4v7duaymysz9-session-f09ec8c17dee-lifetime-10:***@rp.scrapegw.com:6060	ConnectionTimeoutError: Connection timeout to host https://discord.com/api/v9/unique-username/username-attempt-unauthed
2026-09-01 18:30:29	NETWORK	hrub	attempt=1	proxy=http://wiw4v7duaymysz9-session-45ca8a2edc0d-lifetime-10:***@rp.scrapegw.com:6060	ConnectionTimeoutError: Connection timeout to host https://discord.com/api/v9/unique-username/username-attempt-unauthed
2026-09-01 18:30:29	NETWORK	hrru	attempt=1	proxy=http://wiw4v7duaymysz9-session-809369e59515-lifetime-10:***@rp.scrapegw.com:6060	ConnectionTimeoutError: Connection timeout to host https://discord.com/api/v9/unique-username/username-attempt-unauthed
2026-09-01 18:30:29	NETWORK	hrsi	attempt=1	proxy=http://wiw4v7duaymysz9-session-495eea313052-lifetime-10:***@rp.scrapegw.com:6060	ConnectionTimeoutError: Connection timeout to host https://discord.com/api/v9/unique-username/username-attempt-unauthed
2026-09-01 18:30:29	NETWORK	hrqr	attempt=1	proxy=http://wiw4v7duaymysz9-session-f42e7644c1f3-lifetime-10:***@rp.scrapegw.com:6060	ConnectionTimeoutError: Connection timeout to host https://discord.com/api/v9/unique-username/username-attempt-unauthed
2026-09-01 18:30:29	NETWORK	hrqj	attempt=1	proxy=http://wiw4v7duaymysz9-session-ed0bd27ce2c8-lifetime-10:***@rp.scrapegw.com:6060	ConnectionTimeoutError: Connection timeout to host https://discord.com/api/v9/unique-username/username-attempt-unauthed
2026-09-01 18:30:29	NETWORK	hrtp	attempt=1	proxy=http://wiw4v7duaymysz9-session-aa14546d6c9d-lifetime-10:***@rp.scrapegw.com:6060	ConnectionTimeoutError: Connection timeout to host https://discord.com/api/v9/unique-username/username-attempt-unauthed
2026-09-01 18:30:29	NETWORK	hrpu	attempt=1	proxy=http://wiw4v7duaymysz9-session-28d50a006851-lifetime-10:***@rp.scrapegw.com:6060	ConnectionTimeoutError: Connection timeout to host https://discord.com/api/v9/unique-username/username-attempt-unauthed
2026-09-01 18:30:29	NETWORK	hroz	attempt=1	proxy=http://wiw4v7duaymysz9-session-4f9ae04e2762-lifetime-10:***@rp.scrapegw.com:6060	ConnectionTimeoutError: Connection timeout to host https://discord.com/api/v9/unique-username/username-attempt-unauthed
2026-09-01 18:30:29	NETWORK	hrpo	attempt=1	proxy=http://wiw4v7duaymysz9-session-fe5229eed988-lifetime-10:***@rp.scrapegw.com:6060	ConnectionTimeoutError: Connection timeout to host https://discord.com/api/v9/unique-username/username-attempt-unauthed
2026-09-01 18:30:29	NETWORK	hrpg	attempt=1	proxy=http://wiw4v7duaymysz9-session-0d2a4f561e9c-lifetime-10:***@rp.scrapegw.com:6060	ConnectionTimeoutError: Connection timeout to host https://discord.com/api/v9/unique-username/username-attempt-unauthed
2026-09-01 18:30:29	NETWORK	hrmh	attempt=1	proxy=http://wiw4v7duaymysz9-session-0617e1290e07-lifetime-10:***@rp.scrapegw.com:6060	ConnectionTimeoutError: Connection timeout to host https://discord.com/api/v9/unique-username/username-attempt-unauthed
2026-09-01 18:30:29	NETWORK	hrme	attempt=1	proxy=http://wiw4v7duaymysz9-session-e5889e832316-lifetime-10:***@rp.scrapegw.com:6060	ConnectionTimeoutError: Connection timeout to host https://discord.com/api/v9/unique-username/username-attempt-unauthed
2026-09-01 18:30:29	NETWORK	hrly	attempt=1	proxy=http://wiw4v7duaymysz9-session-607ade050369-lifetime-10:***@rp.scrapegw.com:6060	ConnectionTimeoutError: Connection timeout to host https://discord.com/api/v9/unique-username/username-attempt-unauthed
2026-09-01 18:30:29	NETWORK	hrlv	attempt=1	proxy=http://wiw4v7duaymysz9-session-3a666a1b264d-lifetime-10:***@rp.scrapegw.com:6060	ConnectionTimeoutError: Connection timeout to host https://discord.com/api/v9/unique-username/username-attempt-unauthed
2026-09-01 18:30:29	NETWORK	hrlg	attempt=1	proxy=http://wiw4v7duaymysz9-session-bf005bae39a2-lifetime-10:***@rp.scrapegw.com:6060	ConnectionTimeoutError: Connection timeout to host https://discord.com/api/v9/unique-username/username-attempt-unauthed
2026-09-01 18:30:29	NETWORK	hrkx	attempt=1	proxy=http://wiw4v7duaymysz9-session-9d478ae43d9c-lifetime-10:***@rp.scrapegw.com:6060	ConnectionTimeoutError: Connection timeout to host https://discord.com/api/v9/unique-username/username-attempt-unauthed
2026-09-01 18:30:29	NETWORK	hrnr	attempt=1	proxy=http://wiw4v7duaymysz9-session-39a83f2cae59-lifetime-10:***@rp.scrapegw.com:6060	ConnectionTimeoutError: Connection timeout to host https://discord.com/api/v9/unique-username/username-attempt-unauthed
2026-09-01 18:30:29	NETWORK	hrtv	attempt=1	proxy=http://wiw4v7duaymysz9-session-3b26bdce69e9-lifetime-10:***@rp.scrapegw.com:6060	ConnectionTimeoutError: Connection timeout to host https://discord.com/api/v9/unique-username/username-attempt-unauthed
2026-09-01 18:30:29	NETWORK	hrog	attempt=1	proxy=http://wiw4v7duaymysz9-session-f46badc2a08c-lifetime-10:***@rp.scrapegw.com:6060	ConnectionTimeoutError: Connection timeout to host https://discord.com/api/v9/unique-username/username-attempt-unauthed
2026-09-01 18:30:29	NETWORK	hrry	attempt=1	proxy=http://wiw4v7duaymysz9-session-3c896ab7bf20-lifetime-10:***@rp.scrapegw.com:6060	ConnectionTimeoutError: Connection timeout to host https://discord.com/api/v9/unique-username/username-attempt-unauthed
2026-09-01 18:30:29	NETWORK	hrst	attempt=1	proxy=http://wiw4v7duaymysz9-session-ee87a48bd8d9-lifetime-10:***@rp.scrapegw.com:6060	ConnectionTimeoutError: Connection timeout to host https://discord.com/api/v9/unique-username/username-attempt-unauthed
2026-09-01 18:30:29	NETWORK	hrrh	attempt=1	proxy=http://wiw4v7duaymysz9-session-127cbc5eacc9-lifetime-10:***@rp.scrapegw.com:6060	ConnectionTimeoutError: Connection timeout to host https://discord.com/api/v9/unique-username/username-attempt-unauthed
2026-09-01 18:30:29	NETWORK	hrrc	attempt=1	proxy=http://wiw4v7duaymysz9-session-89168e4eb320-lifetime-10:***@rp.scrapegw.com:6060	ConnectionTimeoutError: Connection timeout to host https://discord.com/api/v9/unique-username/username-attempt-unauthed
2026-09-01 18:30:29	NETWORK	hrqw	attempt=1	proxy=http://wiw4v7duaymysz9-session-8f2b393bf979-lifetime-10:***@rp.scrapegw.com:6060	ConnectionTimeoutError: Connection timeout to host https://discord.com/api/v9/unique-username/username-attempt-unauthed
2026-09-01 18:30:29	NETWORK	hrmr	attempt=1	proxy=http://wiw4v7duaymysz9-session-e76450b21d54-lifetime-10:***@rp.scrapegw.com:6060	ConnectionTimeoutError: Connection timeout to host https://discord.com/api/v9/unique-username/username-attempt-unauthed
2026-09-01 18:30:29	NETWORK	hrpy	attempt=1	proxy=http://wiw4v7duaymysz9-session-b3b4a2b6b8bb-lifetime-10:***@rp.scrapegw.com:6060	ConnectionTimeoutError: Connection timeout to host https://discord.com/api/v9/unique-username/username-attempt-unauthed
2026-09-01 18:30:29	NETWORK	hrpq	attempt=1	proxy=http://wiw4v7duaymysz9-session-6e201f894574-lifetime-10:***@rp.scrapegw.com:6060	ConnectionTimeoutError: Connection timeout to host https://discord.com/api/v9/unique-username/username-attempt-unauthed
2026-09-01 18:30:29	NETWORK	hrpe	attempt=1	proxy=http://wiw4v7duaymysz9-session-f1f06aee31b2-lifetime-10:***@rp.scrapegw.com:6060	ConnectionTimeoutError: Connection timeout to host https://discord.com/api/v9/unique-username/username-attempt-unauthed
2026-09-01 18:30:29	NETWORK	hrop	attempt=1	proxy=http://wiw4v7duaymysz9-session-c4923dc04a0b-lifetime-10:***@rp.scrapegw.com:6060	ConnectionTimeoutError: Connection timeout to host https://discord.com/api/v9/unique-username/username-attempt-unauthed
2026-09-01 18:30:29	HTTP_429	hunp	attempt=1	proxy=http://wiw4v7duaymysz9-session-6be2a85bebe9-lifetime-10:***@rp.scrapegw.com:6060	scope=shared global=False retry_after=604.00s
2026-09-01 18:30:29	HTTP_429	hunk	attempt=1	proxy=http://wiw4v7duaymysz9-session-91dfb3f704bb-lifetime-10:***@rp.scrapegw.com:6060	scope=shared global=False retry_after=2057.00s
2026-09-01 18:30:29	HTTP_429	huqn	attempt=1	proxy=http://wiw4v7duaymysz9-session-2cdc1da70c8b-lifetime-10:***@rp.scrapegw.com:6060	scope=shared global=False retry_after=2058.00s
2026-09-01 18:30:30	HTTP_429	hsrk	attempt=1	proxy=http://wiw4v7duaymysz9-session-0b487ca4d900-lifetime-10:***@rp.scrapegw.com:6060	scope=shared global=False retry_after=1374.00s
2026-09-01 18:30:30	HTTP_429	husf	attempt=1	proxy=http://wiw4v7duaymysz9-session-92fa4052e9fe-lifetime-10:***@rp.scrapegw.com:6060	scope=shared global=False retry_after=1800.00s
2026-09-01 18:30:30	HTTP_429	hsva	attempt=1	proxy=http://wiw4v7duaymysz9-session-ea58339ef3e4-lifetime-10:***@rp.scrapegw.com:6060	scope=shared global=False retry_after=913.00s
2026-09-01 18:30:30	NETWORK	hqzo	attempt=1	proxy=http://wiw4v7duaymysz9-session-f3e7e6b1bd4a-lifetime-10:***@rp.scrapegw.com:6060	ServerDisconnectedError: Server disconnected
2026-09-01 18:30:30	NETWORK	hrxr	attempt=1	proxy=http://wiw4v7duaymysz9-session-7ea72a30ff1d-lifetime-10:***@rp.scrapegw.com:6060	ConnectionTimeoutError: Connection timeout to host https://discord.com/api/v9/unique-username/username-attempt-unauthed
2026-09-01 18:30:30	NETWORK	hrzd	attempt=1	proxy=http://wiw4v7duaymysz9-session-d6bd88f38837-lifetime-10:***@rp.scrapegw.com:6060	ConnectionTimeoutError: Connection timeout to host https://discord.com/api/v9/unique-username/username-attempt-unauthed
2026-09-01 18:30:30	NETWORK	hsbz	attempt=1	proxy=http://wiw4v7duaymysz9-session-d21b632feaf8-lifetime-10:***@rp.scrapegw.com:6060	ConnectionTimeoutError: Connection timeout to host https://discord.com/api/v9/unique-username/username-attempt-unauthed
2026-09-01 18:30:30	NETWORK	hsch	attempt=1	proxy=http://wiw4v7duaymysz9-session-bb4764713e10-lifetime-10:***@rp.scrapegw.com:6060	ConnectionTimeoutError: Connection timeout to host https://discord.com/api/v9/unique-username/username-attempt-unauthed
2026-09-01 18:30:30	NETWORK	hsbg	attempt=1	proxy=http://wiw4v7duaymysz9-session-065d7c244820-lifetime-10:***@rp.scrapegw.com:6060	ConnectionTimeoutError: Connection timeout to host https://discord.com/api/v9/unique-username/username-attempt-unauthed
2026-09-01 18:30:30	NETWORK	hsbl	attempt=1	proxy=http://wiw4v7duaymysz9-session-22481f33999c-lifetime-10:***@rp.scrapegw.com:6060	ConnectionTimeoutError: Connection timeout to host https://discord.com/api/v9/unique-username/username-attempt-unauthed
2026-09-01 18:30:30	NETWORK	hrzs	attempt=1	proxy=http://wiw4v7duaymysz9-session-238f365407e3-lifetime-10:***@rp.scrapegw.com:6060	ConnectionTimeoutError: Connection timeout to host https://discord.com/api/v9/unique-username/username-attempt-unauthed
2026-09-01 18:30:30	NETWORK	hsau	attempt=1	proxy=http://wiw4v7duaymysz9-session-f3120bcaf366-lifetime-10:***@rp.scrapegw.com:6060	ConnectionTimeoutError: Connection timeout to host https://discord.com/api/v9/unique-username/username-attempt-unauthed
2026-09-01 18:30:30	NETWORK	hrzo	attempt=1	proxy=http://wiw4v7duaymysz9-session-c580d8f27257-lifetime-10:***@rp.scrapegw.com:6060	ConnectionTimeoutError: Connection timeout to host https://discord.com/api/v9/unique-username/username-attempt-unauthed
2026-09-01 18:30:30	NETWORK	hrzf	attempt=1	proxy=http://wiw4v7duaymysz9-session-f28fc9d7e93d-lifetime-10:***@rp.scrapegw.com:6060	ConnectionTimeoutError: Connection timeout to host https://discord.com/api/v9/unique-username/username-attempt-unauthed
2026-09-01 18:30:30	NETWORK	hrzj	attempt=1	proxy=http://wiw4v7duaymysz9-session-e85e147b583a-lifetime-10:***@rp.scrapegw.com:6060	ConnectionTimeoutError: Connection timeout to host https://discord.com/api/v9/unique-username/username-attempt-unauthed
2026-09-01 18:30:30	NETWORK	hryy	attempt=1	proxy=http://wiw4v7duaymysz9-session-55df155acbb9-lifetime-10:***@rp.scrapegw.com:6060	ConnectionTimeoutError: Connection timeout to host https://discord.com/api/v9/unique-username/username-attempt-unauthed
2026-09-01 18:30:30	NETWORK	hrws	attempt=1	proxy=http://wiw4v7duaymysz9-session-d21c90fac920-lifetime-10:***@rp.scrapegw.com:6060	ConnectionTimeoutError: Connection timeout to host https://discord.com/api/v9/unique-username/username-attempt-unauthed
2026-09-01 18:30:30	NETWORK	hryk	attempt=1	proxy=http://wiw4v7duaymysz9-session-892255af1678-lifetime-10:***@rp.scrapegw.com:6060	ConnectionTimeoutError: Connection timeout to host https://discord.com/api/v9/unique-username/username-attempt-unauthed
2026-09-01 18:30:30	NETWORK	hrwr	attempt=1	proxy=http://wiw4v7duaymysz9-session-06c278e2b0a7-lifetime-10:***@rp.scrapegw.com:6060	ConnectionTimeoutError: Connection timeout to host https://discord.com/api/v9/unique-username/username-attempt-unauthed
2026-09-01 18:30:30	NETWORK	hsca	attempt=1	proxy=http://wiw4v7duaymysz9-session-a334ccc31c2e-lifetime-10:***@rp.scrapegw.com:6060	ConnectionTimeoutError: Connection timeout to host https://discord.com/api/v9/unique-username/username-attempt-unauthed
2026-09-01 18:30:30	NETWORK	hruv	attempt=1	proxy=http://wiw4v7duaymysz9-session-8eefa5fe1ae8-lifetime-10:***@rp.scrapegw.com:6060	ConnectionTimeoutError: Connection timeout to host https://discord.com/api/v9/unique-username/username-attempt-unauthed
2026-09-01 18:30:30	NETWORK	hrum	attempt=1	proxy=http://wiw4v7duaymysz9-session-93cfdf042d8b-lifetime-10:***@rp.scrapegw.com:6060	ConnectionTimeoutError: Connection timeout to host https://discord.com/api/v9/unique-username/username-attempt-unauthed
2026-09-01 18:30:30	NETWORK	hrxa	attempt=1	proxy=http://wiw4v7duaymysz9-session-6f276df0f6ca-lifetime-10:***@rp.scrapegw.com:6060	ConnectionTimeoutError: Connection timeout to host https://discord.com/api/v9/unique-username/username-attempt-unauthed
2026-09-01 18:30:30	NETWORK	hrxv	attempt=1	proxy=http://wiw4v7duaymysz9-session-be1c2ce8b912-lifetime-10:***@rp.scrapegw.com:6060	ConnectionTimeoutError: Connection timeout to host https://discord.com/api/v9/unique-username/username-attempt-unauthed
2026-09-01 18:30:30	NETWORK	hrxn	attempt=1	proxy=http://wiw4v7duaymysz9-session-83b215385cbc-lifetime-10:***@rp.scrapegw.com:6060	ConnectionTimeoutError: Connection timeout to host https://discord.com/api/v9/unique-username/username-attempt-unauthed
2026-09-01 18:30:30	NETWORK	hsco	attempt=1	proxy=http://wiw4v7duaymysz9-session-9bf91fbaed29-lifetime-10:***@rp.scrapegw.com:6060	ConnectionTimeoutError: Connection timeout to host https://discord.com/api/v9/unique-username/username-attempt-unauthed
2026-09-01 18:30:30	NETWORK	hrzv	attempt=1	proxy=http://wiw4v7duaymysz9-session-436596c9d86e-lifetime-10:***@rp.scrapegw.com:6060	ConnectionTimeoutError: Connection timeout to host https://discord.com/api/v9/unique-username/username-attempt-unauthed
2026-09-01 18:30:30	NETWORK	hrwf	attempt=1	proxy=http://wiw4v7duaymysz9-session-d9b04ad8b062-lifetime-10:***@rp.scrapegw.com:6060	ConnectionTimeoutError: Connection timeout to host https://discord.com/api/v9/unique-username/username-attempt-unauthed
2026-09-01 18:30:30	NETWORK	hrzr	attempt=1	proxy=http://wiw4v7duaymysz9-session-a6eb8ee5e8f7-lifetime-10:***@rp.scrapegw.com:6060	ConnectionTimeoutError: Connection timeout to host https://discord.com/api/v9/unique-username/username-attempt-unauthed
2026-09-01 18:30:30	NETWORK	hrvu	attempt=1	proxy=http://wiw4v7duaymysz9-session-834f41e712cb-lifetime-10:***@rp.scrapegw.com:6060	ConnectionTimeoutError: Connection timeout to host https://discord.com/api/v9/unique-username/username-attempt-unauthed
2026-09-01 18:30:30	NETWORK	hrvh	attempt=1	proxy=http://wiw4v7duaymysz9-session-cc0016af016d-lifetime-10:***@rp.scrapegw.com:6060	ConnectionTimeoutError: Connection timeout to host https://discord.com/api/v9/unique-username/username-attempt-unauthed
2026-09-01 18:30:30	NETWORK	hscu	attempt=1	proxy=http://wiw4v7duaymysz9-session-aee97eda209d-lifetime-10:***@rp.scrapegw.com:6060	ConnectionTimeoutError: Connection timeout to host https://discord.com/api/v9/unique-username/username-attempt-unauthed
2026-09-01 18:30:30	NETWORK	hryx	attempt=1	proxy=http://wiw4v7duaymysz9-session-3f2a540fb7f9-lifetime-10:***@rp.scrapegw.com:6060	ConnectionTimeoutError: Connection timeout to host https://discord.com/api/v9/unique-username/username-attempt-unauthed
2026-09-01 18:30:30	NETWORK	hrvr	attempt=1	proxy=http://wiw4v7duaymysz9-session-e1419294db71-lifetime-10:***@rp.scrapegw.com:6060	ConnectionTimeoutError: Connection timeout to host https://discord.com/api/v9/unique-username/username-attempt-unauthed
2026-09-01 18:30:30	NETWORK	hrah	attempt=1	proxy=http://wiw4v7duaymysz9-session-5f0e30df99b5-lifetime-10:***@rp.scrapegw.com:6060	ServerDisconnectedError: Server disconnected
2026-09-01 18:30:31	HTTP_429	hsis	attempt=1	proxy=http://wiw4v7duaymysz9-session-e63d0b4def0a-lifetime-10:***@rp.scrapegw.com:6060	scope=shared global=False retry_after=1052.00s
2026-09-01 18:30:31	NETWORK	hsid	attempt=1	proxy=http://wiw4v7duaymysz9-session-eea3e7a8b112-lifetime-10:***@rp.scrapegw.com:6060	ConnectionTimeoutError: Connection timeout to host https://discord.com/api/v9/unique-username/username-attempt-unauthed
2026-09-01 18:30:31	NETWORK	hsih	attempt=1	proxy=http://wiw4v7duaymysz9-session-4a1a3fe000a4-lifetime-10:***@rp.scrapegw.com:6060	ConnectionTimeoutError: Connection timeout to host https://discord.com/api/v9/unique-username/username-attempt-unauthed
2026-09-01 18:30:31	NETWORK	hshq	attempt=1	proxy=http://wiw4v7duaymysz9-session-6de5f1f1e809-lifetime-10:***@rp.scrapegw.com:6060	ConnectionTimeoutError: Connection timeout to host https://discord.com/api/v9/unique-username/username-attempt-unauthed
2026-09-01 18:30:31	NETWORK	hshk	attempt=1	proxy=http://wiw4v7duaymysz9-session-84a9cd48c420-lifetime-10:***@rp.scrapegw.com:6060	ConnectionTimeoutError: Connection timeout to host https://discord.com/api/v9/unique-username/username-attempt-unauthed
2026-09-01 18:30:31	NETWORK	hsik	attempt=1	proxy=http://wiw4v7duaymysz9-session-963f6e77d3aa-lifetime-10:***@rp.scrapegw.com:6060	ConnectionTimeoutError: Connection timeout to host https://discord.com/api/v9/unique-username/username-attempt-unauthed
2026-09-01 18:30:31	NETWORK	hsgy	attempt=1	proxy=http://wiw4v7duaymysz9-session-45b8945f41c4-lifetime-10:***@rp.scrapegw.com:6060	ConnectionTimeoutError: Connection timeout to host https://discord.com/api/v9/unique-username/username-attempt-unauthed
2026-09-01 18:30:31	NETWORK	hshj	attempt=1	proxy=http://wiw4v7duaymysz9-session-79147c148b3d-lifetime-10:***@rp.scrapegw.com:6060	ConnectionTimeoutError: Connection timeout to host https://discord.com/api/v9/unique-username/username-attempt-unauthed
2026-09-01 18:30:31	NETWORK	hsgn	attempt=1	proxy=http://wiw4v7duaymysz9-session-1b50b07a05f6-lifetime-10:***@rp.scrapegw.com:6060	ConnectionTimeoutError: Connection timeout to host https://discord.com/api/v9/unique-username/username-attempt-unauthed
2026-09-01 18:30:31	NETWORK	hshe	attempt=1	proxy=http://wiw4v7duaymysz9-session-521f4af4e9d9-lifetime-10:***@rp.scrapegw.com:6060	ConnectionTimeoutError: Connection timeout to host https://discord.com/api/v9/unique-username/username-attempt-unauthed
2026-09-01 18:30:31	NETWORK	hsde	attempt=1	proxy=http://wiw4v7duaymysz9-session-148e4030f509-lifetime-10:***@rp.scrapegw.com:6060	ConnectionTimeoutError: Connection timeout to host https://discord.com/api/v9/unique-username/username-attempt-unauthed
2026-09-01 18:30:31	NETWORK	hsja	attempt=1	proxy=http://wiw4v7duaymysz9-session-3dd6b20137b5-lifetime-10:***@rp.scrapegw.com:6060	ConnectionTimeoutError: Connection timeout to host https://discord.com/api/v9/unique-username/username-attempt-unauthed
2026-09-01 18:30:31	NETWORK	hsin	attempt=1	proxy=http://wiw4v7duaymysz9-session-6786c7402aa1-lifetime-10:***@rp.scrapegw.com:6060	ConnectionTimeoutError: Connection timeout to host https://discord.com/api/v9/unique-username/username-attempt-unauthed
2026-09-01 18:30:31	NETWORK	hsil	attempt=1	proxy=http://wiw4v7duaymysz9-session-110265b706c6-lifetime-10:***@rp.scrapegw.com:6060	ConnectionTimeoutError: Connection timeout to host https://discord.com/api/v9/unique-username/username-attempt-unauthed
2026-09-01 18:30:31	NETWORK	hsef	attempt=1	proxy=http://wiw4v7duaymysz9-session-10587e33f377-lifetime-10:***@rp.scrapegw.com:6060	ConnectionTimeoutError: Connection timeout to host https://discord.com/api/v9/unique-username/username-attempt-unauthed
2026-09-01 18:30:31	NETWORK	hsic	attempt=1	proxy=http://wiw4v7duaymysz9-session-c71409973c63-lifetime-10:***@rp.scrapegw.com:6060	ConnectionTimeoutError: Connection timeout to host https://discord.com/api/v9/unique-username/username-attempt-unauthed
2026-09-01 18:30:31	NETWORK	hsgr	attempt=1	proxy=http://wiw4v7duaymysz9-session-3891dc557391-lifetime-10:***@rp.scrapegw.com:6060	ConnectionTimeoutError: Connection timeout to host https://discord.com/api/v9/unique-username/username-attempt-unauthed
2026-09-01 18:30:31	NETWORK	hsfz	attempt=1	proxy=http://wiw4v7duaymysz9-session-c7e2a3a15ff6-lifetime-10:***@rp.scrapegw.com:6060	ConnectionTimeoutError: Connection timeout to host https://discord.com/api/v9/unique-username/username-attempt-unauthed
2026-09-01 18:30:31	NETWORK	hsdf	attempt=1	proxy=http://wiw4v7duaymysz9-session-c0334ef51367-lifetime-10:***@rp.scrapegw.com:6060	ConnectionTimeoutError: Connection timeout to host https://discord.com/api/v9/unique-username/username-attempt-unauthed
2026-09-01 18:30:31	NETWORK	hsft	attempt=1	proxy=http://wiw4v7duaymysz9-session-f4af52679247-lifetime-10:***@rp.scrapegw.com:6060	ConnectionTimeoutError: Connection timeout to host https://discord.com/api/v9/unique-username/username-attempt-unauthed
2026-09-01 18:30:31	NETWORK	hshx	attempt=1	proxy=http://wiw4v7duaymysz9-session-069b73ef93fd-lifetime-10:***@rp.scrapegw.com:6060	ConnectionTimeoutError: Connection timeout to host https://discord.com/api/v9/unique-username/username-attempt-unauthed
2026-09-01 18:30:31	NETWORK	hsdy	attempt=1	proxy=http://wiw4v7duaymysz9-session-919319f10194-lifetime-10:***@rp.scrapegw.com:6060	ConnectionTimeoutError: Connection timeout to host https://discord.com/api/v9/unique-username/username-attempt-unauthed
2026-09-01 18:30:31	NETWORK	hser	attempt=1	proxy=http://wiw4v7duaymysz9-session-0f9b9e9db190-lifetime-10:***@rp.scrapegw.com:6060	ConnectionTimeoutError: Connection timeout to host https://discord.com/api/v9/unique-username/username-attempt-unauthed
2026-09-01 18:30:31	NETWORK	hsfh	attempt=1	proxy=http://wiw4v7duaymysz9-session-eb5a22d5ceb0-lifetime-10:***@rp.scrapegw.com:6060	ConnectionTimeoutError: Connection timeout to host https://discord.com/api/v9/unique-username/username-attempt-unauthed
2026-09-01 18:30:31	NETWORK	hsdm	attempt=1	proxy=http://wiw4v7duaymysz9-session-1a2a9db17f89-lifetime-10:***@rp.scrapegw.com:6060	ConnectionTimeoutError: Connection timeout to host https://discord.com/api/v9/unique-username/username-attempt-unauthed
2026-09-01 18:30:31	NETWORK	hshz	attempt=1	proxy=http://wiw4v7duaymysz9-session-804f210d590c-lifetime-10:***@rp.scrapegw.com:6060	ConnectionTimeoutError: Connection timeout to host https://discord.com/api/v9/unique-username/username-attempt-unauthed
2026-09-01 18:30:31	NETWORK	hsie	attempt=1	proxy=http://wiw4v7duaymysz9-session-a98c59e3e32d-lifetime-10:***@rp.scrapegw.com:6060	ConnectionTimeoutError: Connection timeout to host https://discord.com/api/v9/unique-username/username-attempt-unauthed
2026-09-01 18:30:31	HTTP_429	hsln	attempt=1	proxy=http://wiw4v7duaymysz9-session-815dc7eea5ff-lifetime-10:***@rp.scrapegw.com:6060	scope=shared global=False retry_after=1075.00s
2026-09-01 18:30:31	NETWORK	hspn	attempt=1	proxy=http://wiw4v7duaymysz9-session-9aafa5655331-lifetime-10:***@rp.scrapegw.com:6060	ClientConnectorError: Cannot connect to host discord.com:443 ssl:default [Connection reset by peer]
2026-09-01 18:30:31	HTTP_429	hvbg	attempt=1	proxy=http://wiw4v7duaymysz9-session-e2a9bc3be0ef-lifetime-10:***@rp.scrapegw.com:6060	scope=shared global=False retry_after=1099.00s
2026-09-01 18:30:32	HTTP_429	hvfp	attempt=1	proxy=http://wiw4v7duaymysz9-session-69e64609f059-lifetime-10:***@rp.scrapegw.com:6060	scope=shared global=False retry_after=2052.00s
2026-09-01 18:30:32	HTTP_429	hvja	attempt=1	proxy=http://wiw4v7duaymysz9-session-33b2c2afec37-lifetime-10:***@rp.scrapegw.com:6060	scope=shared global=False retry_after=1989.00s
2026-09-01 18:30:32	HTTP_429	hvjq	attempt=1	proxy=http://wiw4v7duaymysz9-session-75e0977e2f94-lifetime-10:***@rp.scrapegw.com:6060	scope=shared global=False retry_after=755.00s
2026-09-01 18:30:32	NETWORK	hskw	attempt=1	proxy=http://wiw4v7duaymysz9-session-5f74b5e100aa-lifetime-10:***@rp.scrapegw.com:6060	ConnectionTimeoutError: Connection timeout to host https://discord.com/api/v9/unique-username/username-attempt-unauthed
2026-09-01 18:30:32	NETWORK	hskt	attempt=1	proxy=http://wiw4v7duaymysz9-session-d6d5bef06918-lifetime-10:***@rp.scrapegw.com:6060	ConnectionTimeoutError: Connection timeout to host https://discord.com/api/v9/unique-username/username-attempt-unauthed
2026-09-01 18:30:32	NETWORK	hskd	attempt=1	proxy=http://wiw4v7duaymysz9-session-52140fc3ca15-lifetime-10:***@rp.scrapegw.com:6060	ConnectionTimeoutError: Connection timeout to host https://discord.com/api/v9/unique-username/username-attempt-unauthed
2026-09-01 18:30:32	NETWORK	hskb	attempt=1	proxy=http://wiw4v7duaymysz9-session-1ea9c7b438b3-lifetime-10:***@rp.scrapegw.com:6060	ConnectionTimeoutError: Connection timeout to host https://discord.com/api/v9/unique-username/username-attempt-unauthed
2026-09-01 18:30:32	NETWORK	hspa	attempt=1	proxy=http://wiw4v7duaymysz9-session-c81d8a28cbfe-lifetime-10:***@rp.scrapegw.com:6060	ConnectionTimeoutError: Connection timeout to host https://discord.com/api/v9/unique-username/username-attempt-unauthed
2026-09-01 18:30:32	NETWORK	hsjg	attempt=1	proxy=http://wiw4v7duaymysz9-session-35d281a3ef76-lifetime-10:***@rp.scrapegw.com:6060	ConnectionTimeoutError: Connection timeout to host https://discord.com/api/v9/unique-username/username-attempt-unauthed
2026-09-01 18:30:32	NETWORK	hslb	attempt=1	proxy=http://wiw4v7duaymysz9-session-879d6f4166d4-lifetime-10:***@rp.scrapegw.com:6060	ConnectionTimeoutError: Connection timeout to host https://discord.com/api/v9/unique-username/username-attempt-unauthed
2026-09-01 18:30:32	NETWORK	hsji	attempt=1	proxy=http://wiw4v7duaymysz9-session-3759e164d072-lifetime-10:***@rp.scrapegw.com:6060	ConnectionTimeoutError: Connection timeout to host https://discord.com/api/v9/unique-username/username-attempt-unauthed
2026-09-01 18:30:32	NETWORK	hsmg	attempt=1	proxy=http://wiw4v7duaymysz9-session-b413235dafde-lifetime-10:***@rp.scrapegw.com:6060	ConnectionTimeoutError: Connection timeout to host https://discord.com/api/v9/unique-username/username-attempt-unauthed
2026-09-01 18:30:32	NETWORK	hsnv	attempt=1	proxy=http://wiw4v7duaymysz9-session-bf4267a3c827-lifetime-10:***@rp.scrapegw.com:6060	ConnectionTimeoutError: Connection timeout to host https://discord.com/api/v9/unique-username/username-attempt-unauthed
2026-09-01 18:30:32	NETWORK	hspb	attempt=1	proxy=http://wiw4v7duaymysz9-session-64f95cd7b609-lifetime-10:***@rp.scrapegw.com:6060	ConnectionTimeoutError: Connection timeout to host https://discord.com/api/v9/unique-username/username-attempt-unauthed
2026-09-01 18:30:32	NETWORK	hslv	attempt=1	proxy=http://wiw4v7duaymysz9-session-1a5fda66be28-lifetime-10:***@rp.scrapegw.com:6060	ConnectionTimeoutError: Connection timeout to host https://discord.com/api/v9/unique-username/username-attempt-unauthed
2026-09-01 18:30:32	NETWORK	hsmm	attempt=1	proxy=http://wiw4v7duaymysz9-session-b6f500b484c1-lifetime-10:***@rp.scrapegw.com:6060	ConnectionTimeoutError: Connection timeout to host https://discord.com/api/v9/unique-username/username-attempt-unauthed
2026-09-01 18:30:32	NETWORK	hsmk	attempt=1	proxy=http://wiw4v7duaymysz9-session-518a1319b02a-lifetime-10:***@rp.scrapegw.com:6060	ConnectionTimeoutError: Connection timeout to host https://discord.com/api/v9/unique-username/username-attempt-unauthed
2026-09-01 18:30:32	NETWORK	hslz	attempt=1	proxy=http://wiw4v7duaymysz9-session-6ca98f52a8e7-lifetime-10:***@rp.scrapegw.com:6060	ConnectionTimeoutError: Connection timeout to host https://discord.com/api/v9/unique-username/username-attempt-unauthed
2026-09-01 18:30:32	NETWORK	hsky	attempt=1	proxy=http://wiw4v7duaymysz9-session-7483f5192c1b-lifetime-10:***@rp.scrapegw.com:6060	ConnectionTimeoutError: Connection timeout to host https://discord.com/api/v9/unique-username/username-attempt-unauthed
2026-09-01 18:30:32	NETWORK	hslc	attempt=1	proxy=http://wiw4v7duaymysz9-session-406c3bf49e06-lifetime-10:***@rp.scrapegw.com:6060	ConnectionTimeoutError: Connection timeout to host https://discord.com/api/v9/unique-username/username-attempt-unauthed
2026-09-01 18:30:32	NETWORK	hsme	attempt=1	proxy=http://wiw4v7duaymysz9-session-7d98b01d8196-lifetime-10:***@rp.scrapegw.com:6060	ConnectionTimeoutError: Connection timeout to host https://discord.com/api/v9/unique-username/username-attempt-unauthed
2026-09-01 18:30:32	NETWORK	hsow	attempt=1	proxy=http://wiw4v7duaymysz9-session-2cdab084f07e-lifetime-10:***@rp.scrapegw.com:6060	ConnectionTimeoutError: Connection timeout to host https://discord.com/api/v9/unique-username/username-attempt-unauthed
2026-09-01 18:30:32	NETWORK	hsot	attempt=1	proxy=http://wiw4v7duaymysz9-session-4e68ba13f7b8-lifetime-10:***@rp.scrapegw.com:6060	ConnectionTimeoutError: Connection timeout to host https://discord.com/api/v9/unique-username/username-attempt-unauthed
2026-09-01 18:30:32	NETWORK	hsjs	attempt=1	proxy=http://wiw4v7duaymysz9-session-244d20dc2212-lifetime-10:***@rp.scrapegw.com:6060	ConnectionTimeoutError: Connection timeout to host https://discord.com/api/v9/unique-username/username-attempt-unauthed
2026-09-01 18:30:32	NETWORK	hsna	attempt=1	proxy=http://wiw4v7duaymysz9-session-ff70520e2906-lifetime-10:***@rp.scrapegw.com:6060	ConnectionTimeoutError: Connection timeout to host https://discord.com/api/v9/unique-username/username-attempt-unauthed
2026-09-01 18:30:32	NETWORK	hsml	attempt=1	proxy=http://wiw4v7duaymysz9-session-34d0055490f7-lifetime-10:***@rp.scrapegw.com:6060	ConnectionTimeoutError: Connection timeout to host https://discord.com/api/v9/unique-username/username-attempt-unauthed
2026-09-01 18:30:32	NETWORK	hsjv	attempt=1	proxy=http://wiw4v7duaymysz9-session-aa066dff927d-lifetime-10:***@rp.scrapegw.com:6060	ConnectionTimeoutError: Connection timeout to host https://discord.com/api/v9/unique-username/username-attempt-unauthed
2026-09-01 18:30:32	NETWORK	hsns	attempt=1	proxy=http://wiw4v7duaymysz9-session-79d8613d91a9-lifetime-10:***@rp.scrapegw.com:6060	ConnectionTimeoutError: Connection timeout to host https://discord.com/api/v9/unique-username/username-attempt-unauthed
2026-09-01 18:30:32	NETWORK	hskj	attempt=1	proxy=http://wiw4v7duaymysz9-session-919b8a81b4bf-lifetime-10:***@rp.scrapegw.com:6060	ConnectionTimeoutError: Connection timeout to host https://discord.com/api/v9/unique-username/username-attempt-unauthed
2026-09-01 18:30:32	NETWORK	hsog	attempt=1	proxy=http://wiw4v7duaymysz9-session-8b0c4db39a4b-lifetime-10:***@rp.scrapegw.com:6060	ConnectionTimeoutError: Connection timeout to host https://discord.com/api/v9/unique-username/username-attempt-unauthed
2026-09-01 18:30:32	NETWORK	hsmn	attempt=1	proxy=http://wiw4v7duaymysz9-session-23be8b1633be-lifetime-10:***@rp.scrapegw.com:6060	ConnectionTimeoutError: Connection timeout to host https://discord.com/api/v9/unique-username/username-attempt-unauthed
2026-09-01 18:30:32	NETWORK	hskf	attempt=1	proxy=http://wiw4v7duaymysz9-session-d51eaa0864e7-lifetime-10:***@rp.scrapegw.com:6060	ConnectionTimeoutError: Connection timeout to host https://discord.com/api/v9/unique-username/username-attempt-unauthed
2026-09-01 18:30:32	NETWORK	hskq	attempt=1	proxy=http://wiw4v7duaymysz9-session-ee842464df8d-lifetime-10:***@rp.scrapegw.com:6060	ConnectionTimeoutError: Connection timeout to host https://discord.com/api/v9/unique-username/username-attempt-unauthed
2026-09-01 18:30:32	NETWORK	hsmb	attempt=1	proxy=http://wiw4v7duaymysz9-session-d5fdc2075701-lifetime-10:***@rp.scrapegw.com:6060	ConnectionTimeoutError: Connection timeout to host https://discord.com/api/v9/unique-username/username-attempt-unauthed
2026-09-01 18:30:32	NETWORK	hsoy	attempt=1	proxy=http://wiw4v7duaymysz9-session-f94e7a36634f-lifetime-10:***@rp.scrapegw.com:6060	ConnectionTimeoutError: Connection timeout to host https://discord.com/api/v9/unique-username/username-attempt-unauthed
2026-09-01 18:30:32	NETWORK	hsmv	attempt=1	proxy=http://wiw4v7duaymysz9-session-7c0cf7353ad9-lifetime-10:***@rp.scrapegw.com:6060	ConnectionTimeoutError: Connection timeout to host https://discord.com/api/v9/unique-username/username-attempt-unauthed
2026-09-01 18:30:32	NETWORK	hslu	attempt=1	proxy=http://wiw4v7duaymysz9-session-be2e3d2f7e9b-lifetime-10:***@rp.scrapegw.com:6060	ConnectionTimeoutError: Connection timeout to host https://discord.com/api/v9/unique-username/username-attempt-unauthed
2026-09-01 18:30:32	NETWORK	hsmh	attempt=1	proxy=http://wiw4v7duaymysz9-session-cfc55bbe6fb9-lifetime-10:***@rp.scrapegw.com:6060	ConnectionTimeoutError: Connection timeout to host https://discord.com/api/v9/unique-username/username-attempt-unauthed
2026-09-01 18:30:32	NETWORK	hsnk	attempt=1	proxy=http://wiw4v7duaymysz9-session-86c7c4d0a5ba-lifetime-10:***@rp.scrapegw.com:6060	ConnectionTimeoutError: Connection timeout to host https://discord.com/api/v9/unique-username/username-attempt-unauthed
2026-09-01 18:30:32	HTTP_429	hvlf	attempt=1	proxy=http://wiw4v7duaymysz9-session-8e151c4d038c-lifetime-10:***@rp.scrapegw.com:6060	scope=shared global=False retry_after=2057.00s
2026-09-01 18:30:33	HTTP_429	hvnz	attempt=1	proxy=http://wiw4v7duaymysz9-session-42d0469b8f78-lifetime-10:***@rp.scrapegw.com:6060	scope=shared global=False retry_after=2052.00s
2026-09-01 18:30:33	NETWORK	hsqc	attempt=1	proxy=http://wiw4v7duaymysz9-session-83485b9618ce-lifetime-10:***@rp.scrapegw.com:6060	ClientConnectorError: Cannot connect to host discord.com:443 ssl:default [Connection reset by peer]
2026-09-01 18:30:33	NETWORK	hrve	attempt=1	proxy=http://wiw4v7duaymysz9-session-68888404f68d-lifetime-10:***@rp.scrapegw.com:6060	ServerDisconnectedError: Server disconnected
2026-09-01 18:30:33	NETWORK	hrwe	attempt=1	proxy=http://wiw4v7duaymysz9-session-5984cbb0d840-lifetime-10:***@rp.scrapegw.com:6060	ServerDisconnectedError: Server disconnected
2026-09-01 18:30:33	HTTP_429	hvrb	attempt=1	proxy=http://wiw4v7duaymysz9-session-bc71029291df-lifetime-10:***@rp.scrapegw.com:6060	scope=shared global=False retry_after=2057.00s
2026-09-01 18:30:33	NETWORK	hsxw	attempt=1	proxy=http://wiw4v7duaymysz9-session-aefb320389d8-lifetime-10:***@rp.scrapegw.com:6060	ConnectionTimeoutError: Connection timeout to host https://discord.com/api/v9/unique-username/username-attempt-unauthed
2026-09-01 18:30:33	NETWORK	hsxz	attempt=1	proxy=http://wiw4v7duaymysz9-session-ffb87bf6095a-lifetime-10:***@rp.scrapegw.com:6060	ConnectionTimeoutError: Connection timeout to host https://discord.com/api/v9/unique-username/username-attempt-unauthed
2026-09-01 18:30:33	NETWORK	hsvm	attempt=1	proxy=http://wiw4v7duaymysz9-session-b6b585b0c9df-lifetime-10:***@rp.scrapegw.com:6060	ConnectionTimeoutError: Connection timeout to host https://discord.com/api/v9/unique-username/username-attempt-unauthed
2026-09-01 18:30:33	NETWORK	hsxf	attempt=1	proxy=http://wiw4v7duaymysz9-session-1f55159f90fd-lifetime-10:***@rp.scrapegw.com:6060	ConnectionTimeoutError: Connection timeout to host https://discord.com/api/v9/unique-username/username-attempt-unauthed
2026-09-01 18:30:33	NETWORK	hsrr	attempt=1	proxy=http://wiw4v7duaymysz9-session-5996caa68b60-lifetime-10:***@rp.scrapegw.com:6060	ConnectionTimeoutError: Connection timeout to host https://discord.com/api/v9/unique-username/username-attempt-unauthed
2026-09-01 18:30:33	NETWORK	hstp	attempt=1	proxy=http://wiw4v7duaymysz9-session-524f4d8d9a86-lifetime-10:***@rp.scrapegw.com:6060	ConnectionTimeoutError: Connection timeout to host https://discord.com/api/v9/unique-username/username-attempt-unauthed
2026-09-01 18:30:33	NETWORK	hswy	attempt=1	proxy=http://wiw4v7duaymysz9-session-1edbc3b0c5e0-lifetime-10:***@rp.scrapegw.com:6060	ConnectionTimeoutError: Connection timeout to host https://discord.com/api/v9/unique-username/username-attempt-unauthed
2026-09-01 18:30:33	NETWORK	hstl	attempt=1	proxy=http://wiw4v7duaymysz9-session-81c5df0e5f10-lifetime-10:***@rp.scrapegw.com:6060	ConnectionTimeoutError: Connection timeout to host https://discord.com/api/v9/unique-username/username-attempt-unauthed
2026-09-01 18:30:33	NETWORK	hsrv	attempt=1	proxy=http://wiw4v7duaymysz9-session-a0ddd97fa911-lifetime-10:***@rp.scrapegw.com:6060	ConnectionTimeoutError: Connection timeout to host https://discord.com/api/v9/unique-username/username-attempt-unauthed
2026-09-01 18:30:33	NETWORK	hsxd	attempt=1	proxy=http://wiw4v7duaymysz9-session-d0e1dba678aa-lifetime-10:***@rp.scrapegw.com:6060	ConnectionTimeoutError: Connection timeout to host https://discord.com/api/v9/unique-username/username-attempt-unauthed
2026-09-01 18:30:33	NETWORK	hswm	attempt=1	proxy=http://wiw4v7duaymysz9-session-630b93c9d59b-lifetime-10:***@rp.scrapegw.com:6060	ConnectionTimeoutError: Connection timeout to host https://discord.com/api/v9/unique-username/username-attempt-unauthed
2026-09-01 18:30:33	NETWORK	hswt	attempt=1	proxy=http://wiw4v7duaymysz9-session-dface867575b-lifetime-10:***@rp.scrapegw.com:6060	ConnectionTimeoutError: Connection timeout to host https://discord.com/api/v9/unique-username/username-attempt-unauthed
2026-09-01 18:30:33	NETWORK	hsuz	attempt=1	proxy=http://wiw4v7duaymysz9-session-ad4808bfc7ff-lifetime-10:***@rp.scrapegw.com:6060	ConnectionTimeoutError: Connection timeout to host https://discord.com/api/v9/unique-username/username-attempt-unauthed
2026-09-01 18:30:33	NETWORK	hswu	attempt=1	proxy=http://wiw4v7duaymysz9-session-a7c4c3b2e38c-lifetime-10:***@rp.scrapegw.com:6060	ConnectionTimeoutError: Connection timeout to host https://discord.com/api/v9/unique-username/username-attempt-unauthed
2026-09-01 18:30:33	NETWORK	hsux	attempt=1	proxy=http://wiw4v7duaymysz9-session-920e2ee26ee5-lifetime-10:***@rp.scrapegw.com:6060	ConnectionTimeoutError: Connection timeout to host https://discord.com/api/v9/unique-username/username-attempt-unauthed
2026-09-01 18:30:33	NETWORK	hsvw	attempt=1	proxy=http://wiw4v7duaymysz9-session-ca93dc03327f-lifetime-10:***@rp.scrapegw.com:6060	ConnectionTimeoutError: Connection timeout to host https://discord.com/api/v9/unique-username/username-attempt-unauthed
2026-09-01 18:30:33	NETWORK	hspg	attempt=1	proxy=http://wiw4v7duaymysz9-session-8ab590f50440-lifetime-10:***@rp.scrapegw.com:6060	ConnectionTimeoutError: Connection timeout to host https://discord.com/api/v9/unique-username/username-attempt-unauthed
2026-09-01 18:30:33	NETWORK	hspe	attempt=1	proxy=http://wiw4v7duaymysz9-session-e02ca47e669b-lifetime-10:***@rp.scrapegw.com:6060	ConnectionTimeoutError: Connection timeout to host https://discord.com/api/v9/unique-username/username-attempt-unauthed
2026-09-01 18:30:33	NETWORK	hspc	attempt=1	proxy=http://wiw4v7duaymysz9-session-36eb507ac869-lifetime-10:***@rp.scrapegw.com:6060	ConnectionTimeoutError: Connection timeout to host https://discord.com/api/v9/unique-username/username-attempt-unauthed
2026-09-01 18:30:33	NETWORK	hssn	attempt=1	proxy=http://wiw4v7duaymysz9-session-bd54822f61ed-lifetime-10:***@rp.scrapegw.com:6060	ConnectionTimeoutError: Connection timeout to host https://discord.com/api/v9/unique-username/username-attempt-unauthed
2026-09-01 18:30:33	NETWORK	hssv	attempt=1	proxy=http://wiw4v7duaymysz9-session-b4435fe4d273-lifetime-10:***@rp.scrapegw.com:6060	ConnectionTimeoutError: Connection timeout to host https://discord.com/api/v9/unique-username/username-attempt-unauthed
2026-09-01 18:30:33	NETWORK	hssx	attempt=1	proxy=http://wiw4v7duaymysz9-session-35b37e32b89a-lifetime-10:***@rp.scrapegw.com:6060	ConnectionTimeoutError: Connection timeout to host https://discord.com/api/v9/unique-username/username-attempt-unauthed
2026-09-01 18:30:33	NETWORK	hssy	attempt=1	proxy=http://wiw4v7duaymysz9-session-cadcbac595ef-lifetime-10:***@rp.scrapegw.com:6060	ConnectionTimeoutError: Connection timeout to host https://discord.com/api/v9/unique-username/username-attempt-unauthed
2026-09-01 18:30:33	NETWORK	hssp	attempt=1	proxy=http://wiw4v7duaymysz9-session-6667e1cad502-lifetime-10:***@rp.scrapegw.com:6060	ConnectionTimeoutError: Connection timeout to host https://discord.com/api/v9/unique-username/username-attempt-unauthed
2026-09-01 18:30:33	NETWORK	hsxm	attempt=1	proxy=http://wiw4v7duaymysz9-session-bc984ac36db3-lifetime-10:***@rp.scrapegw.com:6060	ConnectionTimeoutError: Connection timeout to host https://discord.com/api/v9/unique-username/username-attempt-unauthed
2026-09-01 18:30:33	NETWORK	hstw	attempt=1	proxy=http://wiw4v7duaymysz9-session-217cf350637e-lifetime-10:***@rp.scrapegw.com:6060	ConnectionTimeoutError: Connection timeout to host https://discord.com/api/v9/unique-username/username-attempt-unauthed
2026-09-01 18:30:33	NETWORK	hsrc	attempt=1	proxy=http://wiw4v7duaymysz9-session-ddb5a34359e0-lifetime-10:***@rp.scrapegw.com:6060	ConnectionTimeoutError: Connection timeout to host https://discord.com/api/v9/unique-username/username-attempt-unauthed
2026-09-01 18:30:33	NETWORK	hsqz	attempt=1	proxy=http://wiw4v7duaymysz9-session-7e72ae1d3c54-lifetime-10:***@rp.scrapegw.com:6060	ConnectionTimeoutError: Connection timeout to host https://discord.com/api/v9/unique-username/username-attempt-unauthed
2026-09-01 18:30:33	NETWORK	hstk	attempt=1	proxy=http://wiw4v7duaymysz9-session-1786fad9cfa8-lifetime-10:***@rp.scrapegw.com:6060	ConnectionTimeoutError: Connection timeout to host https://discord.com/api/v9/unique-username/username-attempt-unauthed
2026-09-01 18:30:33	NETWORK	hsxe	attempt=1	proxy=http://wiw4v7duaymysz9-session-7aac6f569953-lifetime-10:***@rp.scrapegw.com:6060	ConnectionTimeoutError: Connection timeout to host https://discord.com/api/v9/unique-username/username-attempt-unauthed
2026-09-01 18:30:33	NETWORK	hswl	attempt=1	proxy=http://wiw4v7duaymysz9-session-58a8de673cc8-lifetime-10:***@rp.scrapegw.com:6060	ConnectionTimeoutError: Connection timeout to host https://discord.com/api/v9/unique-username/username-attempt-unauthed
2026-09-01 18:30:33	NETWORK	hswg	attempt=1	proxy=http://wiw4v7duaymysz9-session-ef2c70423bd5-lifetime-10:***@rp.scrapegw.com:6060	ConnectionTimeoutError: Connection timeout to host https://discord.com/api/v9/unique-username/username-attempt-unauthed
2026-09-01 18:30:33	NETWORK	hsuv	attempt=1	proxy=http://wiw4v7duaymysz9-session-3b6f8c4a3bbb-lifetime-10:***@rp.scrapegw.com:6060	ConnectionTimeoutError: Connection timeout to host https://discord.com/api/v9/unique-username/username-attempt-unauthed
2026-09-01 18:30:33	NETWORK	hsty	attempt=1	proxy=http://wiw4v7duaymysz9-session-3a7bc7cd7783-lifetime-10:***@rp.scrapegw.com:6060	ConnectionTimeoutError: Connection timeout to host https://discord.com/api/v9/unique-username/username-attempt-unauthed
2026-09-01 18:30:33	NETWORK	hsqq	attempt=1	proxy=http://wiw4v7duaymysz9-session-c1d93ccb9142-lifetime-10:***@rp.scrapegw.com:6060	ConnectionTimeoutError: Connection timeout to host https://discord.com/api/v9/unique-username/username-attempt-unauthed
2026-09-01 18:30:33	NETWORK	hsqi	attempt=1	proxy=http://wiw4v7duaymysz9-session-5f0e30df99b5-lifetime-10:***@rp.scrapegw.com:6060	ConnectionTimeoutError: Connection timeout to host https://discord.com/api/v9/unique-username/username-attempt-unauthed
2026-09-01 18:30:33	NETWORK	hswj	attempt=1	proxy=http://wiw4v7duaymysz9-session-8524945a7f65-lifetime-10:***@rp.scrapegw.com:6060	ConnectionTimeoutError: Connection timeout to host https://discord.com/api/v9/unique-username/username-attempt-unauthed
2026-09-01 18:30:33	NETWORK	hspr	attempt=1	proxy=http://wiw4v7duaymysz9-session-20476ee7e2a7-lifetime-10:***@rp.scrapegw.com:6060	ConnectionTimeoutError: Connection timeout to host https://discord.com/api/v9/unique-username/username-attempt-unauthed
2026-09-01 18:30:33	NETWORK	hspq	attempt=1	proxy=http://wiw4v7duaymysz9-session-f3e7e6b1bd4a-lifetime-10:***@rp.scrapegw.com:6060	ConnectionTimeoutError: Connection timeout to host https://discord.com/api/v9/unique-username/username-attempt-unauthed
2026-09-01 18:30:33	NETWORK	hspo	attempt=1	proxy=http://wiw4v7duaymysz9-session-6ff6238bc207-lifetime-10:***@rp.scrapegw.com:6060	ConnectionTimeoutError: Connection timeout to host https://discord.com/api/v9/unique-username/username-attempt-unauthed
2026-09-01 18:30:33	NETWORK	hssd	attempt=1	proxy=http://wiw4v7duaymysz9-session-311219e1afc8-lifetime-10:***@rp.scrapegw.com:6060	ConnectionTimeoutError: Connection timeout to host https://discord.com/api/v9/unique-username/username-attempt-unauthed
2026-09-01 18:30:34	NETWORK	htis	attempt=1	proxy=http://wiw4v7duaymysz9-session-b80e7e06481f-lifetime-10:***@rp.scrapegw.com:6060	ClientConnectorError: Cannot connect to host discord.com:443 ssl:default [Connection reset by peer]
2026-09-01 18:30:34	HTTP_429	hvwy	attempt=1	proxy=http://wiw4v7duaymysz9-session-b793cdebee8b-lifetime-10:***@rp.scrapegw.com:6060	scope=shared global=False retry_after=2051.00s
2026-09-01 18:30:34	NETWORK	hszz	attempt=1	proxy=http://wiw4v7duaymysz9-session-395e00de8c0c-lifetime-10:***@rp.scrapegw.com:6060	ConnectionTimeoutError: Connection timeout to host https://discord.com/api/v9/unique-username/username-attempt-unauthed
2026-09-01 18:30:34	NETWORK	hszr	attempt=1	proxy=http://wiw4v7duaymysz9-session-a4ce0e239c5d-lifetime-10:***@rp.scrapegw.com:6060	ConnectionTimeoutError: Connection timeout to host https://discord.com/api/v9/unique-username/username-attempt-unauthed
2026-09-01 18:30:34	NETWORK	hsym	attempt=1	proxy=http://wiw4v7duaymysz9-session-453532d87564-lifetime-10:***@rp.scrapegw.com:6060	ConnectionTimeoutError: Connection timeout to host https://discord.com/api/v9/unique-username/username-attempt-unauthed
2026-09-01 18:30:34	NETWORK	hszf	attempt=1	proxy=http://wiw4v7duaymysz9-session-1ad3cd2d3e38-lifetime-10:***@rp.scrapegw.com:6060	ConnectionTimeoutError: Connection timeout to host https://discord.com/api/v9/unique-username/username-attempt-unauthed
2026-09-01 18:30:34	NETWORK	htbg	attempt=1	proxy=http://wiw4v7duaymysz9-session-d6bf9e0b350c-lifetime-10:***@rp.scrapegw.com:6060	ConnectionTimeoutError: Connection timeout to host https://discord.com/api/v9/unique-username/username-attempt-unauthed
2026-09-01 18:30:34	NETWORK	hsyk	attempt=1	proxy=http://wiw4v7duaymysz9-session-58d99334fced-lifetime-10:***@rp.scrapegw.com:6060	ConnectionTimeoutError: Connection timeout to host https://discord.com/api/v9/unique-username/username-attempt-unauthed
2026-09-01 18:30:34	NETWORK	htco	attempt=1	proxy=http://wiw4v7duaymysz9-session-fcffedfbe814-lifetime-10:***@rp.scrapegw.com:6060	ConnectionTimeoutError: Connection timeout to host https://discord.com/api/v9/unique-username/username-attempt-unauthed
2026-09-01 18:30:34	NETWORK	hszh	attempt=1	proxy=http://wiw4v7duaymysz9-session-162ba8572bd4-lifetime-10:***@rp.scrapegw.com:6060	ConnectionTimeoutError: Connection timeout to host https://discord.com/api/v9/unique-username/username-attempt-unauthed
2026-09-01 18:30:34	NETWORK	htcq	attempt=1	proxy=http://wiw4v7duaymysz9-session-2d5420ecf068-lifetime-10:***@rp.scrapegw.com:6060	ConnectionTimeoutError: Connection timeout to host https://discord.com/api/v9/unique-username/username-attempt-unauthed
2026-09-01 18:30:34	NETWORK	hsyn	attempt=1	proxy=http://wiw4v7duaymysz9-session-00266165b025-lifetime-10:***@rp.scrapegw.com:6060	ConnectionTimeoutError: Connection timeout to host https://discord.com/api/v9/unique-username/username-attempt-unauthed
2026-09-01 18:30:34	NETWORK	htdm	attempt=1	proxy=http://wiw4v7duaymysz9-session-92fa4052e9fe-lifetime-10:***@rp.scrapegw.com:6060	ConnectionTimeoutError: Connection timeout to host https://discord.com/api/v9/unique-username/username-attempt-unauthed
2026-09-01 18:30:34	NETWORK	htci	attempt=1	proxy=http://wiw4v7duaymysz9-session-0617e1290e07-lifetime-10:***@rp.scrapegw.com:6060	ConnectionTimeoutError: Connection timeout to host https://discord.com/api/v9/unique-username/username-attempt-unauthed
2026-09-01 18:30:34	NETWORK	htdp	attempt=1	proxy=http://wiw4v7duaymysz9-session-506dc6701064-lifetime-10:***@rp.scrapegw.com:6060	ConnectionTimeoutError: Connection timeout to host https://discord.com/api/v9/unique-username/username-attempt-unauthed
2026-09-01 18:30:34	NETWORK	htcj	attempt=1	proxy=http://wiw4v7duaymysz9-session-8954f6f10eff-lifetime-10:***@rp.scrapegw.com:6060	ConnectionTimeoutError: Connection timeout to host https://discord.com/api/v9/unique-username/username-attempt-unauthed
2026-09-01 18:30:34	NETWORK	htdl	attempt=1	proxy=http://wiw4v7duaymysz9-session-a37b76b0070f-lifetime-10:***@rp.scrapegw.com:6060	ConnectionTimeoutError: Connection timeout to host https://discord.com/api/v9/unique-username/username-attempt-unauthed
2026-09-01 18:30:34	NETWORK	htda	attempt=1	proxy=http://wiw4v7duaymysz9-session-91337761b025-lifetime-10:***@rp.scrapegw.com:6060	ConnectionTimeoutError: Connection timeout to host https://discord.com/api/v9/unique-username/username-attempt-unauthed
2026-09-01 18:30:34	NETWORK	hszp	attempt=1	proxy=http://wiw4v7duaymysz9-session-6cc6105b3951-lifetime-10:***@rp.scrapegw.com:6060	ConnectionTimeoutError: Connection timeout to host https://discord.com/api/v9/unique-username/username-attempt-unauthed
2026-09-01 18:30:34	NETWORK	htah	attempt=1	proxy=http://wiw4v7duaymysz9-session-7dd8dcead70f-lifetime-10:***@rp.scrapegw.com:6060	ConnectionTimeoutError: Connection timeout to host https://discord.com/api/v9/unique-username/username-attempt-unauthed
2026-09-01 18:30:34	NETWORK	htcm	attempt=1	proxy=http://wiw4v7duaymysz9-session-367826cd2f2d-lifetime-10:***@rp.scrapegw.com:6060	ConnectionTimeoutError: Connection timeout to host https://discord.com/api/v9/unique-username/username-attempt-unauthed
2026-09-01 18:30:34	NETWORK	htbq	attempt=1	proxy=http://wiw4v7duaymysz9-session-72cf1d70e900-lifetime-10:***@rp.scrapegw.com:6060	ConnectionTimeoutError: Connection timeout to host https://discord.com/api/v9/unique-username/username-attempt-unauthed
2026-09-01 18:30:34	NETWORK	hszt	attempt=1	proxy=http://wiw4v7duaymysz9-session-5bc8ab1d57f3-lifetime-10:***@rp.scrapegw.com:6060	ConnectionTimeoutError: Connection timeout to host https://discord.com/api/v9/unique-username/username-attempt-unauthed
2026-09-01 18:30:34	NETWORK	htai	attempt=1	proxy=http://wiw4v7duaymysz9-session-313e4a699e07-lifetime-10:***@rp.scrapegw.com:6060	ConnectionTimeoutError: Connection timeout to host https://discord.com/api/v9/unique-username/username-attempt-unauthed
2026-09-01 18:30:34	NETWORK	htbx	attempt=1	proxy=http://wiw4v7duaymysz9-session-da57bdb6ae99-lifetime-10:***@rp.scrapegw.com:6060	ConnectionTimeoutError: Connection timeout to host https://discord.com/api/v9/unique-username/username-attempt-unauthed
2026-09-01 18:30:34	NETWORK	htcd	attempt=1	proxy=http://wiw4v7duaymysz9-session-730d3e34d376-lifetime-10:***@rp.scrapegw.com:6060	ConnectionTimeoutError: Connection timeout to host https://discord.com/api/v9/unique-username/username-attempt-unauthed
2026-09-01 18:30:34	NETWORK	htbo	attempt=1	proxy=http://wiw4v7duaymysz9-session-1f3322c41d9d-lifetime-10:***@rp.scrapegw.com:6060	ConnectionTimeoutError: Connection timeout to host https://discord.com/api/v9/unique-username/username-attempt-unauthed
2026-09-01 18:30:34	NETWORK	htbk	attempt=1	proxy=http://wiw4v7duaymysz9-session-6475bcfdaa8b-lifetime-10:***@rp.scrapegw.com:6060	ConnectionTimeoutError: Connection timeout to host https://discord.com/api/v9/unique-username/username-attempt-unauthed
2026-09-01 18:30:34	NETWORK	htau	attempt=1	proxy=http://wiw4v7duaymysz9-session-9dc10d57e52c-lifetime-10:***@rp.scrapegw.com:6060	ConnectionTimeoutError: Connection timeout to host https://discord.com/api/v9/unique-username/username-attempt-unauthed
2026-09-01 18:30:34	NETWORK	hsyj	attempt=1	proxy=http://wiw4v7duaymysz9-session-b97e8b1d277a-lifetime-10:***@rp.scrapegw.com:6060	ConnectionTimeoutError: Connection timeout to host https://discord.com/api/v9/unique-username/username-attempt-unauthed
2026-09-01 18:30:34	NETWORK	hszx	attempt=1	proxy=http://wiw4v7duaymysz9-session-d3b83db7703b-lifetime-10:***@rp.scrapegw.com:6060	ConnectionTimeoutError: Connection timeout to host https://discord.com/api/v9/unique-username/username-attempt-unauthed
2026-09-01 18:30:34	NETWORK	htdi	attempt=1	proxy=http://wiw4v7duaymysz9-session-2207bce9a678-lifetime-10:***@rp.scrapegw.com:6060	ConnectionTimeoutError: Connection timeout to host https://discord.com/api/v9/unique-username/username-attempt-unauthed
2026-09-01 18:30:34	NETWORK	hszq	attempt=1	proxy=http://wiw4v7duaymysz9-session-5d5f27ac31e5-lifetime-10:***@rp.scrapegw.com:6060	ConnectionTimeoutError: Connection timeout to host https://discord.com/api/v9/unique-username/username-attempt-unauthed
2026-09-01 18:30:34	NETWORK	hsyb	attempt=1	proxy=http://wiw4v7duaymysz9-session-dff455dc972d-lifetime-10:***@rp.scrapegw.com:6060	ConnectionTimeoutError: Connection timeout to host https://discord.com/api/v9/unique-username/username-attempt-unauthed
2026-09-01 18:30:34	NETWORK	hufp	attempt=1	proxy=http://wiw4v7duaymysz9-session-0d673873683e-lifetime-10:***@rp.scrapegw.com:6060	ClientConnectorError: Cannot connect to host discord.com:443 ssl:default [Connection reset by peer]
2026-09-01 18:30:34	NETWORK	hucw	attempt=1	proxy=http://wiw4v7duaymysz9-session-5e3c3c708ab8-lifetime-10:***@rp.scrapegw.com:6060	ClientConnectorError: Cannot connect to host discord.com:443 ssl:default [Connection reset by peer]
2026-09-01 18:30:35	HTTP_429	hwci	attempt=1	proxy=http://wiw4v7duaymysz9-session-5089f00f7171-lifetime-10:***@rp.scrapegw.com:6060	scope=shared global=False retry_after=2057.00s
2026-09-01 18:30:35	HTTP_429	hwbz	attempt=1	proxy=http://wiw4v7duaymysz9-session-dab26de2f8aa-lifetime-10:***@rp.scrapegw.com:6060	scope=shared global=False retry_after=2059.00s
2026-09-01 18:30:35	NETWORK	huny	attempt=1	proxy=http://wiw4v7duaymysz9-session-97cef2c03794-lifetime-10:***@rp.scrapegw.com:6060	ClientConnectorCertificateError: Cannot connect to host discord.com:443 ssl:True [SSLCertVerificationError: (1, '[SSL: CERTIFICATE_VERIFY_FAILED] certificate verify failed: self-signed certificate (_ssl.c:1081)')]
2026-09-01 18:30:35	NETWORK	hukt	attempt=1	proxy=http://wiw4v7duaymysz9-session-de23afd950f3-lifetime-10:***@rp.scrapegw.com:6060	ClientConnectorError: Cannot connect to host discord.com:443 ssl:default [Connection reset by peer]
2026-09-01 18:30:35	NETWORK	hthq	attempt=1	proxy=http://wiw4v7duaymysz9-session-55fe94281191-lifetime-10:***@rp.scrapegw.com:6060	ClientConnectorError: Cannot connect to host discord.com:443 ssl:default [Connection reset by peer]
2026-09-01 18:30:35	NETWORK	htie	attempt=1	proxy=http://wiw4v7duaymysz9-session-995f484d7087-lifetime-10:***@rp.scrapegw.com:6060	ConnectionTimeoutError: Connection timeout to host https://discord.com/api/v9/unique-username/username-attempt-unauthed
2026-09-01 18:30:35	NETWORK	htkz	attempt=1	proxy=http://wiw4v7duaymysz9-session-49af98acc81a-lifetime-10:***@rp.scrapegw.com:6060	ConnectionTimeoutError: Connection timeout to host https://discord.com/api/v9/unique-username/username-attempt-unauthed
2026-09-01 18:30:35	NETWORK	htio	attempt=1	proxy=http://wiw4v7duaymysz9-session-b7d78d5b65d5-lifetime-10:***@rp.scrapegw.com:6060	ConnectionTimeoutError: Connection timeout to host https://discord.com/api/v9/unique-username/username-attempt-unauthed
2026-09-01 18:30:35	NETWORK	hthk	attempt=1	proxy=http://wiw4v7duaymysz9-session-49b5a14762f7-lifetime-10:***@rp.scrapegw.com:6060	ConnectionTimeoutError: Connection timeout to host https://discord.com/api/v9/unique-username/username-attempt-unauthed
2026-09-01 18:30:35	NETWORK	htjv	attempt=1	proxy=http://wiw4v7duaymysz9-session-1c0e1c1cdae3-lifetime-10:***@rp.scrapegw.com:6060	ConnectionTimeoutError: Connection timeout to host https://discord.com/api/v9/unique-username/username-attempt-unauthed
2026-09-01 18:30:35	NETWORK	htjn	attempt=1	proxy=http://wiw4v7duaymysz9-session-8eefa5fe1ae8-lifetime-10:***@rp.scrapegw.com:6060	ConnectionTimeoutError: Connection timeout to host https://discord.com/api/v9/unique-username/username-attempt-unauthed
2026-09-01 18:30:35	NETWORK	htjt	attempt=1	proxy=http://wiw4v7duaymysz9-session-856006e6f868-lifetime-10:***@rp.scrapegw.com:6060	ConnectionTimeoutError: Connection timeout to host https://discord.com/api/v9/unique-username/username-attempt-unauthed
2026-09-01 18:30:35	NETWORK	htgq	attempt=1	proxy=http://wiw4v7duaymysz9-session-127cbc5eacc9-lifetime-10:***@rp.scrapegw.com:6060	ConnectionTimeoutError: Connection timeout to host https://discord.com/api/v9/unique-username/username-attempt-unauthed
2026-09-01 18:30:35	NETWORK	htkq	attempt=1	proxy=http://wiw4v7duaymysz9-session-f078109647d5-lifetime-10:***@rp.scrapegw.com:6060	ConnectionTimeoutError: Connection timeout to host https://discord.com/api/v9/unique-username/username-attempt-unauthed
2026-09-01 18:30:35	NETWORK	htez	attempt=1	proxy=http://wiw4v7duaymysz9-session-0d2a4f561e9c-lifetime-10:***@rp.scrapegw.com:6060	ConnectionTimeoutError: Connection timeout to host https://discord.com/api/v9/unique-username/username-attempt-unauthed
2026-09-01 18:30:35	NETWORK	htfq	attempt=1	proxy=http://wiw4v7duaymysz9-session-fdc5d0cc3647-lifetime-10:***@rp.scrapegw.com:6060	ConnectionTimeoutError: Connection timeout to host https://discord.com/api/v9/unique-username/username-attempt-unauthed
2026-09-01 18:30:35	NETWORK	htkn	attempt=1	proxy=http://wiw4v7duaymysz9-session-e1419294db71-lifetime-10:***@rp.scrapegw.com:6060	ConnectionTimeoutError: Connection timeout to host https://discord.com/api/v9/unique-username/username-attempt-unauthed
2026-09-01 18:30:35	NETWORK	htkj	attempt=1	proxy=http://wiw4v7duaymysz9-session-95b1fe42c7c2-lifetime-10:***@rp.scrapegw.com:6060	ConnectionTimeoutError: Connection timeout to host https://discord.com/api/v9/unique-username/username-attempt-unauthed
2026-09-01 18:30:35	NETWORK	htgj	attempt=1	proxy=http://wiw4v7duaymysz9-session-89168e4eb320-lifetime-10:***@rp.scrapegw.com:6060	ConnectionTimeoutError: Connection timeout to host https://discord.com/api/v9/unique-username/username-attempt-unauthed
2026-09-01 18:30:35	NETWORK	htiz	attempt=1	proxy=http://wiw4v7duaymysz9-session-d17cd7d2a7ba-lifetime-10:***@rp.scrapegw.com:6060	ConnectionTimeoutError: Connection timeout to host https://discord.com/api/v9/unique-username/username-attempt-unauthed
2026-09-01 18:30:35	NETWORK	htlj	attempt=1	proxy=http://wiw4v7duaymysz9-session-465c9cbf92b8-lifetime-10:***@rp.scrapegw.com:6060	ConnectionTimeoutError: Connection timeout to host https://discord.com/api/v9/unique-username/username-attempt-unauthed
2026-09-01 18:30:35	NETWORK	htla	attempt=1	proxy=http://wiw4v7duaymysz9-session-cb05b48baf29-lifetime-10:***@rp.scrapegw.com:6060	ConnectionTimeoutError: Connection timeout to host https://discord.com/api/v9/unique-username/username-attempt-unauthed
2026-09-01 18:30:35	NETWORK	htew	attempt=1	proxy=http://wiw4v7duaymysz9-session-8bc1e62b2bb5-lifetime-10:***@rp.scrapegw.com:6060	ConnectionTimeoutError: Connection timeout to host https://discord.com/api/v9/unique-username/username-attempt-unauthed
2026-09-01 18:30:35	NETWORK	hthi	attempt=1	proxy=http://wiw4v7duaymysz9-session-3c896ab7bf20-lifetime-10:***@rp.scrapegw.com:6060	ConnectionTimeoutError: Connection timeout to host https://discord.com/api/v9/unique-username/username-attempt-unauthed
2026-09-01 18:30:35	NETWORK	htel	attempt=1	proxy=http://wiw4v7duaymysz9-session-7354901e0857-lifetime-10:***@rp.scrapegw.com:6060	ConnectionTimeoutError: Connection timeout to host https://discord.com/api/v9/unique-username/username-attempt-unauthed
2026-09-01 18:30:35	NETWORK	hthe	attempt=1	proxy=http://wiw4v7duaymysz9-session-809369e59515-lifetime-10:***@rp.scrapegw.com:6060	ConnectionTimeoutError: Connection timeout to host https://discord.com/api/v9/unique-username/username-attempt-unauthed
2026-09-01 18:30:35	NETWORK	htfy	attempt=1	proxy=http://wiw4v7duaymysz9-session-8f27a5eff07d-lifetime-10:***@rp.scrapegw.com:6060	ConnectionTimeoutError: Connection timeout to host https://discord.com/api/v9/unique-username/username-attempt-unauthed
2026-09-01 18:30:35	NETWORK	htjd	attempt=1	proxy=http://wiw4v7duaymysz9-session-493567125b83-lifetime-10:***@rp.scrapegw.com:6060	ConnectionTimeoutError: Connection timeout to host https://discord.com/api/v9/unique-username/username-attempt-unauthed
2026-09-01 18:30:35	NETWORK	htig	attempt=1	proxy=http://wiw4v7duaymysz9-session-ee87a48bd8d9-lifetime-10:***@rp.scrapegw.com:6060	ConnectionTimeoutError: Connection timeout to host https://discord.com/api/v9/unique-username/username-attempt-unauthed
2026-09-01 18:30:35	NETWORK	hteg	attempt=1	proxy=http://wiw4v7duaymysz9-session-ba0ad8b4af42-lifetime-10:***@rp.scrapegw.com:6060	ConnectionTimeoutError: Connection timeout to host https://discord.com/api/v9/unique-username/username-attempt-unauthed
2026-09-01 18:30:35	NETWORK	htlb	attempt=1	proxy=http://wiw4v7duaymysz9-session-5984cbb0d840-lifetime-10:***@rp.scrapegw.com:6060	ConnectionTimeoutError: Connection timeout to host https://discord.com/api/v9/unique-username/username-attempt-unauthed
2026-09-01 18:30:35	NETWORK	htih	attempt=1	proxy=http://wiw4v7duaymysz9-session-f09ec8c17dee-lifetime-10:***@rp.scrapegw.com:6060	ConnectionTimeoutError: Connection timeout to host https://discord.com/api/v9/unique-username/username-attempt-unauthed
2026-09-01 18:30:35	NETWORK	htet	attempt=1	proxy=http://wiw4v7duaymysz9-session-d1ff8879ca8f-lifetime-10:***@rp.scrapegw.com:6060	ConnectionTimeoutError: Connection timeout to host https://discord.com/api/v9/unique-username/username-attempt-unauthed
2026-09-01 18:30:35	NETWORK	htei	attempt=1	proxy=http://wiw4v7duaymysz9-session-945a898c914c-lifetime-10:***@rp.scrapegw.com:6060	ConnectionTimeoutError: Connection timeout to host https://discord.com/api/v9/unique-username/username-attempt-unauthed
2026-09-01 18:30:35	NETWORK	htfe	attempt=1	proxy=http://wiw4v7duaymysz9-session-482ee2e8a90d-lifetime-10:***@rp.scrapegw.com:6060	ConnectionTimeoutError: Connection timeout to host https://discord.com/api/v9/unique-username/username-attempt-unauthed
2026-09-01 18:30:35	NETWORK	hthz	attempt=1	proxy=http://wiw4v7duaymysz9-session-66afeb162612-lifetime-10:***@rp.scrapegw.com:6060	ConnectionTimeoutError: Connection timeout to host https://discord.com/api/v9/unique-username/username-attempt-unauthed
2026-09-01 18:30:35	NETWORK	htep	attempt=1	proxy=http://wiw4v7duaymysz9-session-ab7b90691f8a-lifetime-10:***@rp.scrapegw.com:6060	ConnectionTimeoutError: Connection timeout to host https://discord.com/api/v9/unique-username/username-attempt-unauthed
2026-09-01 18:30:35	NETWORK	htjh	attempt=1	proxy=http://wiw4v7duaymysz9-session-82a7e0bdb3a7-lifetime-10:***@rp.scrapegw.com:6060	ConnectionTimeoutError: Connection timeout to host https://discord.com/api/v9/unique-username/username-attempt-unauthed
2026-09-01 18:30:35	NETWORK	htfp	attempt=1	proxy=http://wiw4v7duaymysz9-session-28d50a006851-lifetime-10:***@rp.scrapegw.com:6060	ConnectionTimeoutError: Connection timeout to host https://discord.com/api/v9/unique-username/username-attempt-unauthed
2026-09-01 18:30:35	NETWORK	htfv	attempt=1	proxy=http://wiw4v7duaymysz9-session-30b6821f850c-lifetime-10:***@rp.scrapegw.com:6060	ConnectionTimeoutError: Connection timeout to host https://discord.com/api/v9/unique-username/username-attempt-unauthed
2026-09-01 18:30:35	NETWORK	htga	attempt=1	proxy=http://wiw4v7duaymysz9-session-849d20cb3cdd-lifetime-10:***@rp.scrapegw.com:6060	ConnectionTimeoutError: Connection timeout to host https://discord.com/api/v9/unique-username/username-attempt-unauthed
2026-09-01 18:30:35	NETWORK	htfh	attempt=1	proxy=http://wiw4v7duaymysz9-session-fe5229eed988-lifetime-10:***@rp.scrapegw.com:6060	ConnectionTimeoutError: Connection timeout to host https://discord.com/api/v9/unique-username/username-attempt-unauthed
2026-09-01 18:30:35	NETWORK	htiq	attempt=1	proxy=http://wiw4v7duaymysz9-session-3b26bdce69e9-lifetime-10:***@rp.scrapegw.com:6060	ConnectionTimeoutError: Connection timeout to host https://discord.com/api/v9/unique-username/username-attempt-unauthed
2026-09-01 18:30:35	NETWORK	htgf	attempt=1	proxy=http://wiw4v7duaymysz9-session-354336ac4451-lifetime-10:***@rp.scrapegw.com:6060	ConnectionTimeoutError: Connection timeout to host https://discord.com/api/v9/unique-username/username-attempt-unauthed
2026-09-01 18:30:35	NETWORK	hter	attempt=1	proxy=http://wiw4v7duaymysz9-session-a1f1a0366efb-lifetime-10:***@rp.scrapegw.com:6060	ConnectionTimeoutError: Connection timeout to host https://discord.com/api/v9/unique-username/username-attempt-unauthed
2026-09-01 18:30:35	NETWORK	htle	attempt=1	proxy=http://wiw4v7duaymysz9-session-706df9d04842-lifetime-10:***@rp.scrapegw.com:6060	ConnectionTimeoutError: Connection timeout to host https://discord.com/api/v9/unique-username/username-attempt-unauthed
2026-09-01 18:30:35	NETWORK	htho	attempt=1	proxy=http://wiw4v7duaymysz9-session-495eea313052-lifetime-10:***@rp.scrapegw.com:6060	ConnectionTimeoutError: Connection timeout to host https://discord.com/api/v9/unique-username/username-attempt-unauthed
2026-09-01 18:30:36	HTTP_429	hwfk	attempt=1	proxy=http://wiw4v7duaymysz9-session-b10e4aaa728f-lifetime-10:***@rp.scrapegw.com:6060	scope=shared global=False retry_after=96.00s
2026-09-01 18:30:36	NETWORK	htrh	attempt=1	proxy=http://wiw4v7duaymysz9-session-16377f45b777-lifetime-10:***@rp.scrapegw.com:6060	ConnectionTimeoutError: Connection timeout to host https://discord.com/api/v9/unique-username/username-attempt-unauthed
2026-09-01 18:30:36	NETWORK	htql	attempt=1	proxy=http://wiw4v7duaymysz9-session-019b587c7b47-lifetime-10:***@rp.scrapegw.com:6060	ConnectionTimeoutError: Connection timeout to host https://discord.com/api/v9/unique-username/username-attempt-unauthed
2026-09-01 18:30:36	NETWORK	htpf	attempt=1	proxy=http://wiw4v7duaymysz9-session-436596c9d86e-lifetime-10:***@rp.scrapegw.com:6060	ConnectionTimeoutError: Connection timeout to host https://discord.com/api/v9/unique-username/username-attempt-unauthed
2026-09-01 18:30:36	NETWORK	htnw	attempt=1	proxy=http://wiw4v7duaymysz9-session-fe57d65d6fe3-lifetime-10:***@rp.scrapegw.com:6060	ConnectionTimeoutError: Connection timeout to host https://discord.com/api/v9/unique-username/username-attempt-unauthed
2026-09-01 18:30:36	NETWORK	htnv	attempt=1	proxy=http://wiw4v7duaymysz9-session-79689e045bd9-lifetime-10:***@rp.scrapegw.com:6060	ConnectionTimeoutError: Connection timeout to host https://discord.com/api/v9/unique-username/username-attempt-unauthed
2026-09-01 18:30:36	NETWORK	htns	attempt=1	proxy=http://wiw4v7duaymysz9-session-76c13b43439f-lifetime-10:***@rp.scrapegw.com:6060	ConnectionTimeoutError: Connection timeout to host https://discord.com/api/v9/unique-username/username-attempt-unauthed
2026-09-01 18:30:36	NETWORK	htqk	attempt=1	proxy=http://wiw4v7duaymysz9-session-0a7bbd1293c7-lifetime-10:***@rp.scrapegw.com:6060	ConnectionTimeoutError: Connection timeout to host https://discord.com/api/v9/unique-username/username-attempt-unauthed
2026-09-01 18:30:36	NETWORK	htms	attempt=1	proxy=http://wiw4v7duaymysz9-session-6f8525bcb576-lifetime-10:***@rp.scrapegw.com:6060	ConnectionTimeoutError: Connection timeout to host https://discord.com/api/v9/unique-username/username-attempt-unauthed
2026-09-01 18:30:36	NETWORK	htps	attempt=1	proxy=http://wiw4v7duaymysz9-session-344ee0f1be54-lifetime-10:***@rp.scrapegw.com:6060	ConnectionTimeoutError: Connection timeout to host https://discord.com/api/v9/unique-username/username-attempt-unauthed
2026-09-01 18:30:36	NETWORK	htmq	attempt=1	proxy=http://wiw4v7duaymysz9-session-8220df0f6d69-lifetime-10:***@rp.scrapegw.com:6060	ConnectionTimeoutError: Connection timeout to host https://discord.com/api/v9/unique-username/username-attempt-unauthed
2026-09-01 18:30:36	NETWORK	htmd	attempt=1	proxy=http://wiw4v7duaymysz9-session-1b6efb81712a-lifetime-10:***@rp.scrapegw.com:6060	ConnectionTimeoutError: Connection timeout to host https://discord.com/api/v9/unique-username/username-attempt-unauthed
2026-09-01 18:30:36	NETWORK	htlz	attempt=1	proxy=http://wiw4v7duaymysz9-session-ceb2d08f3a77-lifetime-10:***@rp.scrapegw.com:6060	ConnectionTimeoutError: Connection timeout to host https://discord.com/api/v9/unique-username/username-attempt-unauthed
2026-09-01 18:30:36	NETWORK	htmk	attempt=1	proxy=http://wiw4v7duaymysz9-session-7cfcc6b123a2-lifetime-10:***@rp.scrapegw.com:6060	ConnectionTimeoutError: Connection timeout to host https://discord.com/api/v9/unique-username/username-attempt-unauthed
2026-09-01 18:30:36	NETWORK	htlt	attempt=1	proxy=http://wiw4v7duaymysz9-session-e2a9bc3be0ef-lifetime-10:***@rp.scrapegw.com:6060	ConnectionTimeoutError: Connection timeout to host https://discord.com/api/v9/unique-username/username-attempt-unauthed
2026-09-01 18:30:36	NETWORK	htow	attempt=1	proxy=http://wiw4v7duaymysz9-session-f9fd9cffd7d7-lifetime-10:***@rp.scrapegw.com:6060	ConnectionTimeoutError: Connection timeout to host https://discord.com/api/v9/unique-username/username-attempt-unauthed
2026-09-01 18:30:36	NETWORK	htri	attempt=1	proxy=http://wiw4v7duaymysz9-session-81757f72746d-lifetime-10:***@rp.scrapegw.com:6060	ConnectionTimeoutError: Connection timeout to host https://discord.com/api/v9/unique-username/username-attempt-unauthed
2026-09-01 18:30:36	NETWORK	htlp	attempt=1	proxy=http://wiw4v7duaymysz9-session-04c6db76e29c-lifetime-10:***@rp.scrapegw.com:6060	ConnectionTimeoutError: Connection timeout to host https://discord.com/api/v9/unique-username/username-attempt-unauthed
2026-09-01 18:30:36	NETWORK	htoe	attempt=1	proxy=http://wiw4v7duaymysz9-session-bf6278c2f7b6-lifetime-10:***@rp.scrapegw.com:6060	ConnectionTimeoutError: Connection timeout to host https://discord.com/api/v9/unique-username/username-attempt-unauthed
2026-09-01 18:30:36	NETWORK	htmu	attempt=1	proxy=http://wiw4v7duaymysz9-session-83b215385cbc-lifetime-10:***@rp.scrapegw.com:6060	ConnectionTimeoutError: Connection timeout to host https://discord.com/api/v9/unique-username/username-attempt-unauthed
2026-09-01 18:30:36	NETWORK	htrl	attempt=1	proxy=http://wiw4v7duaymysz9-session-419b6d6ad695-lifetime-10:***@rp.scrapegw.com:6060	ConnectionTimeoutError: Connection timeout to host https://discord.com/api/v9/unique-username/username-attempt-unauthed
2026-09-01 18:30:36	NETWORK	htlq	attempt=1	proxy=http://wiw4v7duaymysz9-session-d21c90fac920-lifetime-10:***@rp.scrapegw.com:6060	ConnectionTimeoutError: Connection timeout to host https://discord.com/api/v9/unique-username/username-attempt-unauthed
2026-09-01 18:30:36	NETWORK	htqq	attempt=1	proxy=http://wiw4v7duaymysz9-session-a9c6a7e8de06-lifetime-10:***@rp.scrapegw.com:6060	ConnectionTimeoutError: Connection timeout to host https://discord.com/api/v9/unique-username/username-attempt-unauthed
2026-09-01 18:30:36	NETWORK	htqg	attempt=1	proxy=http://wiw4v7duaymysz9-session-d3a8be89f797-lifetime-10:***@rp.scrapegw.com:6060	ConnectionTimeoutError: Connection timeout to host https://discord.com/api/v9/unique-username/username-attempt-unauthed
2026-09-01 18:30:36	NETWORK	htqx	attempt=1	proxy=http://wiw4v7duaymysz9-session-304129098d47-lifetime-10:***@rp.scrapegw.com:6060	ConnectionTimeoutError: Connection timeout to host https://discord.com/api/v9/unique-username/username-attempt-unauthed
2026-09-01 18:30:36	NETWORK	htpb	attempt=1	proxy=http://wiw4v7duaymysz9-session-a6eb8ee5e8f7-lifetime-10:***@rp.scrapegw.com:6060	ConnectionTimeoutError: Connection timeout to host https://discord.com/api/v9/unique-username/username-attempt-unauthed
2026-09-01 18:30:36	NETWORK	htoj	attempt=1	proxy=http://wiw4v7duaymysz9-session-66a65d95ea26-lifetime-10:***@rp.scrapegw.com:6060	ConnectionTimeoutError: Connection timeout to host https://discord.com/api/v9/unique-username/username-attempt-unauthed
2026-09-01 18:30:36	NETWORK	htnd	attempt=1	proxy=http://wiw4v7duaymysz9-session-dd53f5e08f87-lifetime-10:***@rp.scrapegw.com:6060	ConnectionTimeoutError: Connection timeout to host https://discord.com/api/v9/unique-username/username-attempt-unauthed
2026-09-01 18:30:36	NETWORK	htoo	attempt=1	proxy=http://wiw4v7duaymysz9-session-1a68f37a9184-lifetime-10:***@rp.scrapegw.com:6060	ConnectionTimeoutError: Connection timeout to host https://discord.com/api/v9/unique-username/username-attempt-unauthed
2026-09-01 18:30:36	NETWORK	htoy	attempt=1	proxy=http://wiw4v7duaymysz9-session-1a987850379e-lifetime-10:***@rp.scrapegw.com:6060	ConnectionTimeoutError: Connection timeout to host https://discord.com/api/v9/unique-username/username-attempt-unauthed
2026-09-01 18:30:36	NETWORK	htoi	attempt=1	proxy=http://wiw4v7duaymysz9-session-3f2a540fb7f9-lifetime-10:***@rp.scrapegw.com:6060	ConnectionTimeoutError: Connection timeout to host https://discord.com/api/v9/unique-username/username-attempt-unauthed
2026-09-01 18:30:36	NETWORK	htqe	attempt=1	proxy=http://wiw4v7duaymysz9-session-065d7c244820-lifetime-10:***@rp.scrapegw.com:6060	ConnectionTimeoutError: Connection timeout to host https://discord.com/api/v9/unique-username/username-attempt-unauthed
2026-09-01 18:30:37	HTTP_429	htxr	attempt=1	proxy=http://wiw4v7duaymysz9-session-85b4c8fe9df0-lifetime-10:***@rp.scrapegw.com:6060	scope=shared global=False retry_after=9.00s
2026-09-01 18:30:37	NETWORK	htyb	attempt=1	proxy=http://wiw4v7duaymysz9-session-e7a318c32cb7-lifetime-10:***@rp.scrapegw.com:6060	ClientConnectorError: Cannot connect to host discord.com:443 ssl:default [Connection reset by peer]
2026-09-01 18:30:37	NETWORK	htwc	attempt=1	proxy=http://wiw4v7duaymysz9-session-7c128f6c581f-lifetime-10:***@rp.scrapegw.com:6060	ConnectionTimeoutError: Connection timeout to host https://discord.com/api/v9/unique-username/username-attempt-unauthed
2026-09-01 18:30:37	NETWORK	httw	attempt=1	proxy=http://wiw4v7duaymysz9-session-eb5a22d5ceb0-lifetime-10:***@rp.scrapegw.com:6060	ConnectionTimeoutError: Connection timeout to host https://discord.com/api/v9/unique-username/username-attempt-unauthed
2026-09-01 18:30:37	NETWORK	htwj	attempt=1	proxy=http://wiw4v7duaymysz9-session-399fe78d31cf-lifetime-10:***@rp.scrapegw.com:6060	ConnectionTimeoutError: Connection timeout to host https://discord.com/api/v9/unique-username/username-attempt-unauthed
2026-09-01 18:30:37	NETWORK	htyd	attempt=1	proxy=http://wiw4v7duaymysz9-session-932392e8de23-lifetime-10:***@rp.scrapegw.com:6060	ConnectionTimeoutError: Connection timeout to host https://discord.com/api/v9/unique-username/username-attempt-unauthed
2026-09-01 18:30:37	NETWORK	htst	attempt=1	proxy=http://wiw4v7duaymysz9-session-33b2c2afec37-lifetime-10:***@rp.scrapegw.com:6060	ConnectionTimeoutError: Connection timeout to host https://discord.com/api/v9/unique-username/username-attempt-unauthed
2026-09-01 18:30:37	NETWORK	htrs	attempt=1	proxy=http://wiw4v7duaymysz9-session-6788d42c28e8-lifetime-10:***@rp.scrapegw.com:6060	ConnectionTimeoutError: Connection timeout to host https://discord.com/api/v9/unique-username/username-attempt-unauthed
2026-09-01 18:30:37	NETWORK	htwz	attempt=1	proxy=http://wiw4v7duaymysz9-session-7d3be13982f6-lifetime-10:***@rp.scrapegw.com:6060	ConnectionTimeoutError: Connection timeout to host https://discord.com/api/v9/unique-username/username-attempt-unauthed
2026-09-01 18:30:37	NETWORK	htvo	attempt=1	proxy=http://wiw4v7duaymysz9-session-6de5f1f1e809-lifetime-10:***@rp.scrapegw.com:6060	ConnectionTimeoutError: Connection timeout to host https://discord.com/api/v9/unique-username/username-attempt-unauthed
2026-09-01 18:30:37	NETWORK	htvs	attempt=1	proxy=http://wiw4v7duaymysz9-session-2386219de2e4-lifetime-10:***@rp.scrapegw.com:6060	ConnectionTimeoutError: Connection timeout to host https://discord.com/api/v9/unique-username/username-attempt-unauthed
2026-09-01 18:30:37	NETWORK	htve	attempt=1	proxy=http://wiw4v7duaymysz9-session-e24c38345ccc-lifetime-10:***@rp.scrapegw.com:6060	ConnectionTimeoutError: Connection timeout to host https://discord.com/api/v9/unique-username/username-attempt-unauthed
2026-09-01 18:30:37	NETWORK	htuy	attempt=1	proxy=http://wiw4v7duaymysz9-session-3891dc557391-lifetime-10:***@rp.scrapegw.com:6060	ConnectionTimeoutError: Connection timeout to host https://discord.com/api/v9/unique-username/username-attempt-unauthed
2026-09-01 18:30:37	NETWORK	htyf	attempt=1	proxy=http://wiw4v7duaymysz9-session-bab02e34f590-lifetime-10:***@rp.scrapegw.com:6060	ConnectionTimeoutError: Connection timeout to host https://discord.com/api/v9/unique-username/username-attempt-unauthed
2026-09-01 18:30:37	NETWORK	htwb	attempt=1	proxy=http://wiw4v7duaymysz9-session-bc0c78265a30-lifetime-10:***@rp.scrapegw.com:6060	ConnectionTimeoutError: Connection timeout to host https://discord.com/api/v9/unique-username/username-attempt-unauthed
2026-09-01 18:30:37	NETWORK	htvh	attempt=1	proxy=http://wiw4v7duaymysz9-session-136b116165cc-lifetime-10:***@rp.scrapegw.com:6060	ConnectionTimeoutError: Connection timeout to host https://discord.com/api/v9/unique-username/username-attempt-unauthed
2026-09-01 18:30:37	NETWORK	htvi	attempt=1	proxy=http://wiw4v7duaymysz9-session-79147c148b3d-lifetime-10:***@rp.scrapegw.com:6060	ConnectionTimeoutError: Connection timeout to host https://discord.com/api/v9/unique-username/username-attempt-unauthed
2026-09-01 18:30:37	NETWORK	htrt	attempt=1	proxy=http://wiw4v7duaymysz9-session-148e4030f509-lifetime-10:***@rp.scrapegw.com:6060	ConnectionTimeoutError: Connection timeout to host https://discord.com/api/v9/unique-username/username-attempt-unauthed
2026-09-01 18:30:37	NETWORK	htrq	attempt=1	proxy=http://wiw4v7duaymysz9-session-def96ea2fd82-lifetime-10:***@rp.scrapegw.com:6060	ConnectionTimeoutError: Connection timeout to host https://discord.com/api/v9/unique-username/username-attempt-unauthed
2026-09-01 18:30:37	NETWORK	htxw	attempt=1	proxy=http://wiw4v7duaymysz9-session-ac72a1011682-lifetime-10:***@rp.scrapegw.com:6060	ConnectionTimeoutError: Connection timeout to host https://discord.com/api/v9/unique-username/username-attempt-unauthed
2026-09-01 18:30:37	NETWORK	htwk	attempt=1	proxy=http://wiw4v7duaymysz9-session-690dae3b3f3e-lifetime-10:***@rp.scrapegw.com:6060	ConnectionTimeoutError: Connection timeout to host https://discord.com/api/v9/unique-username/username-attempt-unauthed
2026-09-01 18:30:37	NETWORK	httg	attempt=1	proxy=http://wiw4v7duaymysz9-session-4eacb698d91b-lifetime-10:***@rp.scrapegw.com:6060	ConnectionTimeoutError: Connection timeout to host https://discord.com/api/v9/unique-username/username-attempt-unauthed
2026-09-01 18:30:37	NETWORK	htuo	attempt=1	proxy=http://wiw4v7duaymysz9-session-d354f7067a0e-lifetime-10:***@rp.scrapegw.com:6060	ConnectionTimeoutError: Connection timeout to host https://discord.com/api/v9/unique-username/username-attempt-unauthed
2026-09-01 18:30:37	NETWORK	htvp	attempt=1	proxy=http://wiw4v7duaymysz9-session-dd8ae4afef79-lifetime-10:***@rp.scrapegw.com:6060	ConnectionTimeoutError: Connection timeout to host https://discord.com/api/v9/unique-username/username-attempt-unauthed
2026-09-01 18:30:37	NETWORK	httx	attempt=1	proxy=http://wiw4v7duaymysz9-session-4663698232c2-lifetime-10:***@rp.scrapegw.com:6060	ConnectionTimeoutError: Connection timeout to host https://discord.com/api/v9/unique-username/username-attempt-unauthed
2026-09-01 18:30:37	NETWORK	htvw	attempt=1	proxy=http://wiw4v7duaymysz9-session-4f4a73edbdcc-lifetime-10:***@rp.scrapegw.com:6060	ConnectionTimeoutError: Connection timeout to host https://discord.com/api/v9/unique-username/username-attempt-unauthed
2026-09-01 18:30:37	NETWORK	htvx	attempt=1	proxy=http://wiw4v7duaymysz9-session-772354ac36b9-lifetime-10:***@rp.scrapegw.com:6060	ConnectionTimeoutError: Connection timeout to host https://discord.com/api/v9/unique-username/username-attempt-unauthed
2026-09-01 18:30:37	NETWORK	htyn	attempt=1	proxy=http://wiw4v7duaymysz9-session-b7dfb7c9ac37-lifetime-10:***@rp.scrapegw.com:6060	ConnectionTimeoutError: Connection timeout to host https://discord.com/api/v9/unique-username/username-attempt-unauthed
2026-09-01 18:30:37	NETWORK	htwi	attempt=1	proxy=http://wiw4v7duaymysz9-session-d41938fc9b6f-lifetime-10:***@rp.scrapegw.com:6060	ConnectionTimeoutError: Connection timeout to host https://discord.com/api/v9/unique-username/username-attempt-unauthed
2026-09-01 18:30:37	NETWORK	httt	attempt=1	proxy=http://wiw4v7duaymysz9-session-c33e292722c2-lifetime-10:***@rp.scrapegw.com:6060	ConnectionTimeoutError: Connection timeout to host https://discord.com/api/v9/unique-username/username-attempt-unauthed
2026-09-01 18:30:37	NETWORK	htyl	attempt=1	proxy=http://wiw4v7duaymysz9-session-b886852ba75d-lifetime-10:***@rp.scrapegw.com:6060	ConnectionTimeoutError: Connection timeout to host https://discord.com/api/v9/unique-username/username-attempt-unauthed
2026-09-01 18:30:37	NETWORK	htyi	attempt=1	proxy=http://wiw4v7duaymysz9-session-7afd5374999a-lifetime-10:***@rp.scrapegw.com:6060	ConnectionTimeoutError: Connection timeout to host https://discord.com/api/v9/unique-username/username-attempt-unauthed
2026-09-01 18:30:37	NETWORK	htym	attempt=1	proxy=http://wiw4v7duaymysz9-session-d6d5bef06918-lifetime-10:***@rp.scrapegw.com:6060	ConnectionTimeoutError: Connection timeout to host https://discord.com/api/v9/unique-username/username-attempt-unauthed
2026-09-01 18:30:37	NETWORK	htxk	attempt=1	proxy=http://wiw4v7duaymysz9-session-407b3621c7c1-lifetime-10:***@rp.scrapegw.com:6060	ConnectionTimeoutError: Connection timeout to host https://discord.com/api/v9/unique-username/username-attempt-unauthed
2026-09-01 18:30:37	NETWORK	htxi	attempt=1	proxy=http://wiw4v7duaymysz9-session-394fd1d91c3c-lifetime-10:***@rp.scrapegw.com:6060	ConnectionTimeoutError: Connection timeout to host https://discord.com/api/v9/unique-username/username-attempt-unauthed
2026-09-01 18:30:37	NETWORK	htxg	attempt=1	proxy=http://wiw4v7duaymysz9-session-3759e164d072-lifetime-10:***@rp.scrapegw.com:6060	ConnectionTimeoutError: Connection timeout to host https://discord.com/api/v9/unique-username/username-attempt-unauthed
2026-09-01 18:30:37	NETWORK	htww	attempt=1	proxy=http://wiw4v7duaymysz9-session-4c73c482fd77-lifetime-10:***@rp.scrapegw.com:6060	ConnectionTimeoutError: Connection timeout to host https://discord.com/api/v9/unique-username/username-attempt-unauthed
2026-09-01 18:30:37	NETWORK	htso	attempt=1	proxy=http://wiw4v7duaymysz9-session-b5d1f0534b63-lifetime-10:***@rp.scrapegw.com:6060	ConnectionTimeoutError: Connection timeout to host https://discord.com/api/v9/unique-username/username-attempt-unauthed
2026-09-01 18:30:37	NETWORK	htxz	attempt=1	proxy=http://wiw4v7duaymysz9-session-1ea9c7b438b3-lifetime-10:***@rp.scrapegw.com:6060	ConnectionTimeoutError: Connection timeout to host https://discord.com/api/v9/unique-username/username-attempt-unauthed
2026-09-01 18:30:37	NETWORK	htsk	attempt=1	proxy=http://wiw4v7duaymysz9-session-fae7a7e99c13-lifetime-10:***@rp.scrapegw.com:6060	ConnectionTimeoutError: Connection timeout to host https://discord.com/api/v9/unique-username/username-attempt-unauthed
2026-09-01 18:30:37	NETWORK	htwg	attempt=1	proxy=http://wiw4v7duaymysz9-session-5a21e5bb1ba8-lifetime-10:***@rp.scrapegw.com:6060	ConnectionTimeoutError: Connection timeout to host https://discord.com/api/v9/unique-username/username-attempt-unauthed
2026-09-01 18:30:37	NETWORK	htul	attempt=1	proxy=http://wiw4v7duaymysz9-session-0e65b1d12456-lifetime-10:***@rp.scrapegw.com:6060	ConnectionTimeoutError: Connection timeout to host https://discord.com/api/v9/unique-username/username-attempt-unauthed
2026-09-01 18:30:37	NETWORK	htvz	attempt=1	proxy=http://wiw4v7duaymysz9-session-c71409973c63-lifetime-10:***@rp.scrapegw.com:6060	ConnectionTimeoutError: Connection timeout to host https://discord.com/api/v9/unique-username/username-attempt-unauthed
2026-09-01 18:30:37	NETWORK	htuc	attempt=1	proxy=http://wiw4v7duaymysz9-session-f4af52679247-lifetime-10:***@rp.scrapegw.com:6060	ConnectionTimeoutError: Connection timeout to host https://discord.com/api/v9/unique-username/username-attempt-unauthed
2026-09-01 18:30:37	NETWORK	htsw	attempt=1	proxy=http://wiw4v7duaymysz9-session-10587e33f377-lifetime-10:***@rp.scrapegw.com:6060	ConnectionTimeoutError: Connection timeout to host https://discord.com/api/v9/unique-username/username-attempt-unauthed
2026-09-01 18:30:37	NETWORK	htvk	attempt=1	proxy=http://wiw4v7duaymysz9-session-d813a49a1166-lifetime-10:***@rp.scrapegw.com:6060	ConnectionTimeoutError: Connection timeout to host https://discord.com/api/v9/unique-username/username-attempt-unauthed
2026-09-01 18:30:37	NETWORK	htvf	attempt=1	proxy=http://wiw4v7duaymysz9-session-b8d9e17bcaa1-lifetime-10:***@rp.scrapegw.com:6060	ConnectionTimeoutError: Connection timeout to host https://discord.com/api/v9/unique-username/username-attempt-unauthed
2026-09-01 18:30:37	HTTP_429	hwsw	attempt=1	proxy=http://wiw4v7duaymysz9-session-fa00eb0d101e-lifetime-10:***@rp.scrapegw.com:6060	scope=shared global=False retry_after=1008.00s
2026-09-01 18:30:37	NETWORK	hufx	attempt=1	proxy=http://wiw4v7duaymysz9-session-10dbcfa36f57-lifetime-10:***@rp.scrapegw.com:6060	ClientConnectorError: Cannot connect to host discord.com:443 ssl:default [Connection reset by peer]
2026-09-01 18:30:37	NETWORK	hujl	attempt=1	proxy=http://wiw4v7duaymysz9-session-298f11f13276-lifetime-10:***@rp.scrapegw.com:6060	ClientConnectorError: Cannot connect to host discord.com:443 ssl:default [Connection reset by peer]
2026-09-01 18:30:38	HTTP_429	huld	attempt=1	proxy=http://wiw4v7duaymysz9-session-dface867575b-lifetime-10:***@rp.scrapegw.com:6060	scope=shared global=False retry_after=465.00s
2026-09-01 18:30:38	HTTP_429	hwvn	attempt=1	proxy=http://wiw4v7duaymysz9-session-e64c376e6999-lifetime-10:***@rp.scrapegw.com:6060	scope=shared global=False retry_after=1412.00s
2026-09-01 18:30:38	NETWORK	huca	attempt=1	proxy=http://wiw4v7duaymysz9-session-ee465d91af82-lifetime-10:***@rp.scrapegw.com:6060	ClientConnectorError: Cannot connect to host discord.com:443 ssl:default [Connection reset by peer]
2026-09-01 18:30:38	NETWORK	hvht	attempt=1	proxy=http://wiw4v7duaymysz9-session-a84c72120160-lifetime-10:***@rp.scrapegw.com:6060	ClientConnectorError: Cannot connect to host discord.com:443 ssl:default [Connection reset by peer]
2026-09-01 18:30:38	HTTP_429	hwxj	attempt=1	proxy=http://wiw4v7duaymysz9-session-f07ae9239379-lifetime-10:***@rp.scrapegw.com:6060	scope=shared global=False retry_after=2055.00s
2026-09-01 18:30:38	HTTP_429	hwys	attempt=1	proxy=http://wiw4v7duaymysz9-session-a36d61cd780f-lifetime-10:***@rp.scrapegw.com:6060	scope=shared global=False retry_after=805.00s
2026-09-01 18:30:38	NETWORK	hutr	attempt=1	proxy=http://wiw4v7duaymysz9-session-8bc1e62b2bb5-lifetime-10:***@rp.scrapegw.com:6060	ClientConnectorError: Cannot connect to host discord.com:443 ssl:default [Connection reset by peer]
2026-09-01 18:30:38	NETWORK	huch	attempt=1	proxy=http://wiw4v7duaymysz9-session-63e609fef038-lifetime-10:***@rp.scrapegw.com:6060	ConnectionTimeoutError: Connection timeout to host https://discord.com/api/v9/unique-username/username-attempt-unauthed
2026-09-01 18:30:38	NETWORK	huci	attempt=1	proxy=http://wiw4v7duaymysz9-session-049931dba28a-lifetime-10:***@rp.scrapegw.com:6060	ConnectionTimeoutError: Connection timeout to host https://discord.com/api/v9/unique-username/username-attempt-unauthed
2026-09-01 18:30:38	NETWORK	hubh	attempt=1	proxy=http://wiw4v7duaymysz9-session-b178f72b10df-lifetime-10:***@rp.scrapegw.com:6060	ConnectionTimeoutError: Connection timeout to host https://discord.com/api/v9/unique-username/username-attempt-unauthed
2026-09-01 18:30:38	NETWORK	hudb	attempt=1	proxy=http://wiw4v7duaymysz9-session-bd732f75376f-lifetime-10:***@rp.scrapegw.com:6060	ConnectionTimeoutError: Connection timeout to host https://discord.com/api/v9/unique-username/username-attempt-unauthed
2026-09-01 18:30:38	NETWORK	hubz	attempt=1	proxy=http://wiw4v7duaymysz9-session-6eadc098cc8e-lifetime-10:***@rp.scrapegw.com:6060	ConnectionTimeoutError: Connection timeout to host https://discord.com/api/v9/unique-username/username-attempt-unauthed
2026-09-01 18:30:38	NETWORK	hugb	attempt=1	proxy=http://wiw4v7duaymysz9-session-a0ddd97fa911-lifetime-10:***@rp.scrapegw.com:6060	ConnectionTimeoutError: Connection timeout to host https://discord.com/api/v9/unique-username/username-attempt-unauthed
2026-09-01 18:30:38	NETWORK	hufy	attempt=1	proxy=http://wiw4v7duaymysz9-session-00b476ac494b-lifetime-10:***@rp.scrapegw.com:6060	ConnectionTimeoutError: Connection timeout to host https://discord.com/api/v9/unique-username/username-attempt-unauthed
2026-09-01 18:30:38	NETWORK	hufq	attempt=1	proxy=http://wiw4v7duaymysz9-session-0b487ca4d900-lifetime-10:***@rp.scrapegw.com:6060	ConnectionTimeoutError: Connection timeout to host https://discord.com/api/v9/unique-username/username-attempt-unauthed
2026-09-01 18:30:38	NETWORK	hufg	attempt=1	proxy=http://wiw4v7duaymysz9-session-7e72ae1d3c54-lifetime-10:***@rp.scrapegw.com:6060	ConnectionTimeoutError: Connection timeout to host https://discord.com/api/v9/unique-username/username-attempt-unauthed
2026-09-01 18:30:38	NETWORK	hueh	attempt=1	proxy=http://wiw4v7duaymysz9-session-5f0e30df99b5-lifetime-10:***@rp.scrapegw.com:6060	ConnectionTimeoutError: Connection timeout to host https://discord.com/api/v9/unique-username/username-attempt-unauthed
2026-09-01 18:30:38	NETWORK	hudn	attempt=1	proxy=http://wiw4v7duaymysz9-session-9aafa5655331-lifetime-10:***@rp.scrapegw.com:6060	ConnectionTimeoutError: Connection timeout to host https://discord.com/api/v9/unique-username/username-attempt-unauthed
2026-09-01 18:30:38	NETWORK	hucd	attempt=1	proxy=http://wiw4v7duaymysz9-session-bf4267a3c827-lifetime-10:***@rp.scrapegw.com:6060	ConnectionTimeoutError: Connection timeout to host https://discord.com/api/v9/unique-username/username-attempt-unauthed
2026-09-01 18:30:38	NETWORK	hudj	attempt=1	proxy=http://wiw4v7duaymysz9-session-4653a6d2c76b-lifetime-10:***@rp.scrapegw.com:6060	ConnectionTimeoutError: Connection timeout to host https://discord.com/api/v9/unique-username/username-attempt-unauthed
2026-09-01 18:30:38	NETWORK	hudr	attempt=1	proxy=http://wiw4v7duaymysz9-session-6ff6238bc207-lifetime-10:***@rp.scrapegw.com:6060	ConnectionTimeoutError: Connection timeout to host https://discord.com/api/v9/unique-username/username-attempt-unauthed
2026-09-01 18:30:38	NETWORK	htzw	attempt=1	proxy=http://wiw4v7duaymysz9-session-7d98b01d8196-lifetime-10:***@rp.scrapegw.com:6060	ConnectionTimeoutError: Connection timeout to host https://discord.com/api/v9/unique-username/username-attempt-unauthed
2026-09-01 18:30:38	NETWORK	huab	attempt=1	proxy=http://wiw4v7duaymysz9-session-b413235dafde-lifetime-10:***@rp.scrapegw.com:6060	ConnectionTimeoutError: Connection timeout to host https://discord.com/api/v9/unique-username/username-attempt-unauthed
2026-09-01 18:30:38	NETWORK	hucr	attempt=1	proxy=http://wiw4v7duaymysz9-session-f59f0976d57f-lifetime-10:***@rp.scrapegw.com:6060	ConnectionTimeoutError: Connection timeout to host https://discord.com/api/v9/unique-username/username-attempt-unauthed
2026-09-01 18:30:38	NETWORK	hudk	attempt=1	proxy=http://wiw4v7duaymysz9-session-8ab590f50440-lifetime-10:***@rp.scrapegw.com:6060	ConnectionTimeoutError: Connection timeout to host https://discord.com/api/v9/unique-username/username-attempt-unauthed
2026-09-01 18:30:38	NETWORK	huck	attempt=1	proxy=http://wiw4v7duaymysz9-session-d6de91256510-lifetime-10:***@rp.scrapegw.com:6060	ConnectionTimeoutError: Connection timeout to host https://discord.com/api/v9/unique-username/username-attempt-unauthed
2026-09-01 18:30:38	NETWORK	huaf	attempt=1	proxy=http://wiw4v7duaymysz9-session-cfc55bbe6fb9-lifetime-10:***@rp.scrapegw.com:6060	ConnectionTimeoutError: Connection timeout to host https://discord.com/api/v9/unique-username/username-attempt-unauthed
2026-09-01 18:30:38	NETWORK	htzr	attempt=1	proxy=http://wiw4v7duaymysz9-session-1a5fda66be28-lifetime-10:***@rp.scrapegw.com:6060	ConnectionTimeoutError: Connection timeout to host https://discord.com/api/v9/unique-username/username-attempt-unauthed
2026-09-01 18:30:38	NETWORK	htzt	attempt=1	proxy=http://wiw4v7duaymysz9-session-fead555e3190-lifetime-10:***@rp.scrapegw.com:6060	ConnectionTimeoutError: Connection timeout to host https://discord.com/api/v9/unique-username/username-attempt-unauthed
2026-09-01 18:30:38	NETWORK	htyw	attempt=1	proxy=http://wiw4v7duaymysz9-session-879d6f4166d4-lifetime-10:***@rp.scrapegw.com:6060	ConnectionTimeoutError: Connection timeout to host https://discord.com/api/v9/unique-username/username-attempt-unauthed
2026-09-01 18:30:38	NETWORK	htyr	attempt=1	proxy=http://wiw4v7duaymysz9-session-2542427efab3-lifetime-10:***@rp.scrapegw.com:6060	ConnectionTimeoutError: Connection timeout to host https://discord.com/api/v9/unique-username/username-attempt-unauthed
2026-09-01 18:30:38	NETWORK	huaw	attempt=1	proxy=http://wiw4v7duaymysz9-session-2bbb7554f476-lifetime-10:***@rp.scrapegw.com:6060	ConnectionTimeoutError: Connection timeout to host https://discord.com/api/v9/unique-username/username-attempt-unauthed
2026-09-01 18:30:38	NETWORK	hubj	attempt=1	proxy=http://wiw4v7duaymysz9-session-21464b32de7e-lifetime-10:***@rp.scrapegw.com:6060	ConnectionTimeoutError: Connection timeout to host https://discord.com/api/v9/unique-username/username-attempt-unauthed
2026-09-01 18:30:38	NETWORK	hubr	attempt=1	proxy=http://wiw4v7duaymysz9-session-4acc272c643e-lifetime-10:***@rp.scrapegw.com:6060	ConnectionTimeoutError: Connection timeout to host https://discord.com/api/v9/unique-username/username-attempt-unauthed
2026-09-01 18:30:38	NETWORK	hucf	attempt=1	proxy=http://wiw4v7duaymysz9-session-c2735ccc704b-lifetime-10:***@rp.scrapegw.com:6060	ConnectionTimeoutError: Connection timeout to host https://discord.com/api/v9/unique-username/username-attempt-unauthed
2026-09-01 18:30:38	NETWORK	hugw	attempt=1	proxy=http://wiw4v7duaymysz9-session-73e93f8a2a81-lifetime-10:***@rp.scrapegw.com:6060	ConnectionTimeoutError: Connection timeout to host https://discord.com/api/v9/unique-username/username-attempt-unauthed
2026-09-01 18:30:38	NETWORK	hugj	attempt=1	proxy=http://wiw4v7duaymysz9-session-17b58715f913-lifetime-10:***@rp.scrapegw.com:6060	ConnectionTimeoutError: Connection timeout to host https://discord.com/api/v9/unique-username/username-attempt-unauthed
2026-09-01 18:30:38	NETWORK	hufd	attempt=1	proxy=http://wiw4v7duaymysz9-session-943cc1445522-lifetime-10:***@rp.scrapegw.com:6060	ConnectionTimeoutError: Connection timeout to host https://discord.com/api/v9/unique-username/username-attempt-unauthed
2026-09-01 18:30:38	NETWORK	hucc	attempt=1	proxy=http://wiw4v7duaymysz9-session-86461952ddf3-lifetime-10:***@rp.scrapegw.com:6060	ConnectionTimeoutError: Connection timeout to host https://discord.com/api/v9/unique-username/username-attempt-unauthed
2026-09-01 18:30:38	NETWORK	hugc	attempt=1	proxy=http://wiw4v7duaymysz9-session-7a308e87def2-lifetime-10:***@rp.scrapegw.com:6060	ConnectionTimeoutError: Connection timeout to host https://discord.com/api/v9/unique-username/username-attempt-unauthed
2026-09-01 18:30:38	NETWORK	hudy	attempt=1	proxy=http://wiw4v7duaymysz9-session-512a2ce45b97-lifetime-10:***@rp.scrapegw.com:6060	ConnectionTimeoutError: Connection timeout to host https://discord.com/api/v9/unique-username/username-attempt-unauthed
2026-09-01 18:30:38	NETWORK	hufn	attempt=1	proxy=http://wiw4v7duaymysz9-session-7421e724b10c-lifetime-10:***@rp.scrapegw.com:6060	ConnectionTimeoutError: Connection timeout to host https://discord.com/api/v9/unique-username/username-attempt-unauthed
2026-09-01 18:30:38	NETWORK	huag	attempt=1	proxy=http://wiw4v7duaymysz9-session-518a1319b02a-lifetime-10:***@rp.scrapegw.com:6060	ConnectionTimeoutError: Connection timeout to host https://discord.com/api/v9/unique-username/username-attempt-unauthed
2026-09-01 18:30:38	NETWORK	htza	attempt=1	proxy=http://wiw4v7duaymysz9-session-406c3bf49e06-lifetime-10:***@rp.scrapegw.com:6060	ConnectionTimeoutError: Connection timeout to host https://discord.com/api/v9/unique-username/username-attempt-unauthed
2026-09-01 18:30:38	NETWORK	htzm	attempt=1	proxy=http://wiw4v7duaymysz9-session-92647279b38a-lifetime-10:***@rp.scrapegw.com:6060	ConnectionTimeoutError: Connection timeout to host https://discord.com/api/v9/unique-username/username-attempt-unauthed
2026-09-01 18:30:38	NETWORK	hucv	attempt=1	proxy=http://wiw4v7duaymysz9-session-d1c7b96cab00-lifetime-10:***@rp.scrapegw.com:6060	ConnectionTimeoutError: Connection timeout to host https://discord.com/api/v9/unique-username/username-attempt-unauthed
2026-09-01 18:30:38	NETWORK	hudx	attempt=1	proxy=http://wiw4v7duaymysz9-session-47a29af23223-lifetime-10:***@rp.scrapegw.com:6060	ConnectionTimeoutError: Connection timeout to host https://discord.com/api/v9/unique-username/username-attempt-unauthed
2026-09-01 18:30:38	NETWORK	hudw	attempt=1	proxy=http://wiw4v7duaymysz9-session-f3e7e6b1bd4a-lifetime-10:***@rp.scrapegw.com:6060	ConnectionTimeoutError: Connection timeout to host https://discord.com/api/v9/unique-username/username-attempt-unauthed
2026-09-01 18:30:38	NETWORK	hufo	attempt=1	proxy=http://wiw4v7duaymysz9-session-a7138edf6a48-lifetime-10:***@rp.scrapegw.com:6060	ConnectionTimeoutError: Connection timeout to host https://discord.com/api/v9/unique-username/username-attempt-unauthed
2026-09-01 18:30:38	NETWORK	huef	attempt=1	proxy=http://wiw4v7duaymysz9-session-83485b9618ce-lifetime-10:***@rp.scrapegw.com:6060	ConnectionTimeoutError: Connection timeout to host https://discord.com/api/v9/unique-username/username-attempt-unauthed
2026-09-01 18:30:38	NETWORK	hueo	attempt=1	proxy=http://wiw4v7duaymysz9-session-c1d93ccb9142-lifetime-10:***@rp.scrapegw.com:6060	ConnectionTimeoutError: Connection timeout to host https://discord.com/api/v9/unique-username/username-attempt-unauthed
2026-09-01 18:30:38	NETWORK	hvdz	attempt=1	proxy=http://wiw4v7duaymysz9-session-0434be967d4c-lifetime-10:***@rp.scrapegw.com:6060	ClientConnectorError: Cannot connect to host discord.com:443 ssl:default [Connection reset by peer]
2026-09-01 18:30:39	HTTP_429	hxiu	attempt=1	proxy=http://wiw4v7duaymysz9-session-375a6ae9079f-lifetime-10:***@rp.scrapegw.com:6060	scope=shared global=False retry_after=2057.00s
2026-09-01 18:30:39	HTTP_429	hxjt	attempt=1	proxy=http://wiw4v7duaymysz9-session-ad284718b6d9-lifetime-10:***@rp.scrapegw.com:6060	scope=shared global=False retry_after=2055.00s
2026-09-01 18:30:39	NETWORK	huwc	attempt=1	proxy=http://wiw4v7duaymysz9-session-5b48770f9d60-lifetime-10:***@rp.scrapegw.com:6060	ClientConnectorError: Cannot connect to host discord.com:443 ssl:default [Connection reset by peer]
2026-09-01 18:30:39	HTTP_429	hxjy	attempt=1	proxy=http://wiw4v7duaymysz9-session-2c0a28d2e4d7-lifetime-10:***@rp.scrapegw.com:6060	scope=shared global=False retry_after=1588.00s
2026-09-01 18:30:39	NETWORK	huoa	attempt=1	proxy=http://wiw4v7duaymysz9-session-456046e2400e-lifetime-10:***@rp.scrapegw.com:6060	ConnectionTimeoutError: Connection timeout to host https://discord.com/api/v9/unique-username/username-attempt-unauthed
2026-09-01 18:30:39	NETWORK	hupb	attempt=1	proxy=http://wiw4v7duaymysz9-session-5ded7365a8b3-lifetime-10:***@rp.scrapegw.com:6060	ConnectionTimeoutError: Connection timeout to host https://discord.com/api/v9/unique-username/username-attempt-unauthed
2026-09-01 18:30:39	NETWORK	hunx	attempt=1	proxy=http://wiw4v7duaymysz9-session-77d0497bd7a3-lifetime-10:***@rp.scrapegw.com:6060	ConnectionTimeoutError: Connection timeout to host https://discord.com/api/v9/unique-username/username-attempt-unauthed
2026-09-01 18:30:39	NETWORK	huna	attempt=1	proxy=http://wiw4v7duaymysz9-session-2dbdbe91583b-lifetime-10:***@rp.scrapegw.com:6060	ConnectionTimeoutError: Connection timeout to host https://discord.com/api/v9/unique-username/username-attempt-unauthed
2026-09-01 18:30:39	NETWORK	huif	attempt=1	proxy=http://wiw4v7duaymysz9-session-201ae3d0170a-lifetime-10:***@rp.scrapegw.com:6060	ConnectionTimeoutError: Connection timeout to host https://discord.com/api/v9/unique-username/username-attempt-unauthed
2026-09-01 18:30:39	NETWORK	hund	attempt=1	proxy=http://wiw4v7duaymysz9-session-c2abc8fd9cd6-lifetime-10:***@rp.scrapegw.com:6060	ConnectionTimeoutError: Connection timeout to host https://discord.com/api/v9/unique-username/username-attempt-unauthed
2026-09-01 18:30:39	NETWORK	huis	attempt=1	proxy=http://wiw4v7duaymysz9-session-3a7bc7cd7783-lifetime-10:***@rp.scrapegw.com:6060	ConnectionTimeoutError: Connection timeout to host https://discord.com/api/v9/unique-username/username-attempt-unauthed
2026-09-01 18:30:39	NETWORK	huls	attempt=1	proxy=http://wiw4v7duaymysz9-session-d5b3b86dad97-lifetime-10:***@rp.scrapegw.com:6060	ConnectionTimeoutError: Connection timeout to host https://discord.com/api/v9/unique-username/username-attempt-unauthed
2026-09-01 18:30:39	NETWORK	huir	attempt=1	proxy=http://wiw4v7duaymysz9-session-217cf350637e-lifetime-10:***@rp.scrapegw.com:6060	ConnectionTimeoutError: Connection timeout to host https://discord.com/api/v9/unique-username/username-attempt-unauthed
2026-09-01 18:30:39	NETWORK	hulw	attempt=1	proxy=http://wiw4v7duaymysz9-session-0d0cefc86137-lifetime-10:***@rp.scrapegw.com:6060	ConnectionTimeoutError: Connection timeout to host https://discord.com/api/v9/unique-username/username-attempt-unauthed
2026-09-01 18:30:39	NETWORK	hunr	attempt=1	proxy=http://wiw4v7duaymysz9-session-6830f20127a8-lifetime-10:***@rp.scrapegw.com:6060	ConnectionTimeoutError: Connection timeout to host https://discord.com/api/v9/unique-username/username-attempt-unauthed
2026-09-01 18:30:39	NETWORK	huig	attempt=1	proxy=http://wiw4v7duaymysz9-session-524f4d8d9a86-lifetime-10:***@rp.scrapegw.com:6060	ConnectionTimeoutError: Connection timeout to host https://discord.com/api/v9/unique-username/username-attempt-unauthed
2026-09-01 18:30:39	NETWORK	huks	attempt=1	proxy=http://wiw4v7duaymysz9-session-58a8de673cc8-lifetime-10:***@rp.scrapegw.com:6060	ConnectionTimeoutError: Connection timeout to host https://discord.com/api/v9/unique-username/username-attempt-unauthed
2026-09-01 18:30:39	NETWORK	huko	attempt=1	proxy=http://wiw4v7duaymysz9-session-8524945a7f65-lifetime-10:***@rp.scrapegw.com:6060	ConnectionTimeoutError: Connection timeout to host https://discord.com/api/v9/unique-username/username-attempt-unauthed
2026-09-01 18:30:39	NETWORK	hukn	attempt=1	proxy=http://wiw4v7duaymysz9-session-ef2c70423bd5-lifetime-10:***@rp.scrapegw.com:6060	ConnectionTimeoutError: Connection timeout to host https://discord.com/api/v9/unique-username/username-attempt-unauthed
2026-09-01 18:30:39	NETWORK	huhq	attempt=1	proxy=http://wiw4v7duaymysz9-session-cadcbac595ef-lifetime-10:***@rp.scrapegw.com:6060	ConnectionTimeoutError: Connection timeout to host https://discord.com/api/v9/unique-username/username-attempt-unauthed
2026-09-01 18:30:39	NETWORK	hujk	attempt=1	proxy=http://wiw4v7duaymysz9-session-729c04f7a7c8-lifetime-10:***@rp.scrapegw.com:6060	ConnectionTimeoutError: Connection timeout to host https://discord.com/api/v9/unique-username/username-attempt-unauthed
2026-09-01 18:30:39	NETWORK	huhm	attempt=1	proxy=http://wiw4v7duaymysz9-session-b4435fe4d273-lifetime-10:***@rp.scrapegw.com:6060	ConnectionTimeoutError: Connection timeout to host https://discord.com/api/v9/unique-username/username-attempt-unauthed
2026-09-01 18:30:39	NETWORK	huhl	attempt=1	proxy=http://wiw4v7duaymysz9-session-7cdc07761627-lifetime-10:***@rp.scrapegw.com:6060	ConnectionTimeoutError: Connection timeout to host https://discord.com/api/v9/unique-username/username-attempt-unauthed
2026-09-01 18:30:39	NETWORK	huhb	attempt=1	proxy=http://wiw4v7duaymysz9-session-9b9de8c1b0bb-lifetime-10:***@rp.scrapegw.com:6060	ConnectionTimeoutError: Connection timeout to host https://discord.com/api/v9/unique-username/username-attempt-unauthed
2026-09-01 18:30:39	NETWORK	huhi	attempt=1	proxy=http://wiw4v7duaymysz9-session-ca9a6f96ed72-lifetime-10:***@rp.scrapegw.com:6060	ConnectionTimeoutError: Connection timeout to host https://discord.com/api/v9/unique-username/username-attempt-unauthed
2026-09-01 18:30:39	NETWORK	huhf	attempt=1	proxy=http://wiw4v7duaymysz9-session-bd54822f61ed-lifetime-10:***@rp.scrapegw.com:6060	ConnectionTimeoutError: Connection timeout to host https://discord.com/api/v9/unique-username/username-attempt-unauthed
2026-09-01 18:30:39	NETWORK	huhh	attempt=1	proxy=http://wiw4v7duaymysz9-session-6667e1cad502-lifetime-10:***@rp.scrapegw.com:6060	ConnectionTimeoutError: Connection timeout to host https://discord.com/api/v9/unique-username/username-attempt-unauthed
2026-09-01 18:30:39	NETWORK	hujm	attempt=1	proxy=http://wiw4v7duaymysz9-session-920e2ee26ee5-lifetime-10:***@rp.scrapegw.com:6060	ConnectionTimeoutError: Connection timeout to host https://discord.com/api/v9/unique-username/username-attempt-unauthed
2026-09-01 18:30:39	NETWORK	hupi	attempt=1	proxy=http://wiw4v7duaymysz9-session-e03552a94c3e-lifetime-10:***@rp.scrapegw.com:6060	ConnectionTimeoutError: Connection timeout to host https://discord.com/api/v9/unique-username/username-attempt-unauthed
2026-09-01 18:30:39	NETWORK	huot	attempt=1	proxy=http://wiw4v7duaymysz9-session-395e00de8c0c-lifetime-10:***@rp.scrapegw.com:6060	ConnectionTimeoutError: Connection timeout to host https://discord.com/api/v9/unique-username/username-attempt-unauthed
2026-09-01 18:30:39	NETWORK	huoc	attempt=1	proxy=http://wiw4v7duaymysz9-session-a4ce0e239c5d-lifetime-10:***@rp.scrapegw.com:6060	ConnectionTimeoutError: Connection timeout to host https://discord.com/api/v9/unique-username/username-attempt-unauthed
2026-09-01 18:30:39	NETWORK	huop	attempt=1	proxy=http://wiw4v7duaymysz9-session-35a1a4964d64-lifetime-10:***@rp.scrapegw.com:6060	ConnectionTimeoutError: Connection timeout to host https://discord.com/api/v9/unique-username/username-attempt-unauthed
2026-09-01 18:30:39	NETWORK	huns	attempt=1	proxy=http://wiw4v7duaymysz9-session-162ba8572bd4-lifetime-10:***@rp.scrapegw.com:6060	ConnectionTimeoutError: Connection timeout to host https://discord.com/api/v9/unique-username/username-attempt-unauthed
2026-09-01 18:30:39	NETWORK	hulx	attempt=1	proxy=http://wiw4v7duaymysz9-session-7aac6f569953-lifetime-10:***@rp.scrapegw.com:6060	ConnectionTimeoutError: Connection timeout to host https://discord.com/api/v9/unique-username/username-attempt-unauthed
2026-09-01 18:30:39	NETWORK	hupj	attempt=1	proxy=http://wiw4v7duaymysz9-session-06e784302e18-lifetime-10:***@rp.scrapegw.com:6060	ConnectionTimeoutError: Connection timeout to host https://discord.com/api/v9/unique-username/username-attempt-unauthed
2026-09-01 18:30:39	NETWORK	huhc	attempt=1	proxy=http://wiw4v7duaymysz9-session-c911b72ecf04-lifetime-10:***@rp.scrapegw.com:6060	ConnectionTimeoutError: Connection timeout to host https://discord.com/api/v9/unique-username/username-attempt-unauthed
2026-09-01 18:30:39	NETWORK	huod	attempt=1	proxy=http://wiw4v7duaymysz9-session-516298866dd0-lifetime-10:***@rp.scrapegw.com:6060	ConnectionTimeoutError: Connection timeout to host https://discord.com/api/v9/unique-username/username-attempt-unauthed
2026-09-01 18:30:39	NETWORK	hulz	attempt=1	proxy=http://wiw4v7duaymysz9-session-1f55159f90fd-lifetime-10:***@rp.scrapegw.com:6060	ConnectionTimeoutError: Connection timeout to host https://discord.com/api/v9/unique-username/username-attempt-unauthed
2026-09-01 18:30:39	NETWORK	humi	attempt=1	proxy=http://wiw4v7duaymysz9-session-9fb6bae5b9ec-lifetime-10:***@rp.scrapegw.com:6060	ConnectionTimeoutError: Connection timeout to host https://discord.com/api/v9/unique-username/username-attempt-unauthed
2026-09-01 18:30:39	NETWORK	huho	attempt=1	proxy=http://wiw4v7duaymysz9-session-cbc468d3cde4-lifetime-10:***@rp.scrapegw.com:6060	ConnectionTimeoutError: Connection timeout to host https://discord.com/api/v9/unique-username/username-attempt-unauthed
2026-09-01 18:30:39	NETWORK	huiz	attempt=1	proxy=http://wiw4v7duaymysz9-session-06a5db5d58e2-lifetime-10:***@rp.scrapegw.com:6060	ConnectionTimeoutError: Connection timeout to host https://discord.com/api/v9/unique-username/username-attempt-unauthed
2026-09-01 18:30:39	NETWORK	hukd	attempt=1	proxy=http://wiw4v7duaymysz9-session-ac2d384018ef-lifetime-10:***@rp.scrapegw.com:6060	ConnectionTimeoutError: Connection timeout to host https://discord.com/api/v9/unique-username/username-attempt-unauthed
2026-09-01 18:30:39	NETWORK	hupe	attempt=1	proxy=http://wiw4v7duaymysz9-session-7dd8dcead70f-lifetime-10:***@rp.scrapegw.com:6060	ConnectionTimeoutError: Connection timeout to host https://discord.com/api/v9/unique-username/username-attempt-unauthed
2026-09-01 18:30:39	HTTP_429	hvdr	attempt=1	proxy=http://wiw4v7duaymysz9-session-83fa63e64953-lifetime-10:***@rp.scrapegw.com:6060	scope=shared global=False retry_after=767.00s
2026-09-01 18:30:39	HTTP_429	hxpn	attempt=1	proxy=http://wiw4v7duaymysz9-session-bc88804c2705-lifetime-10:***@rp.scrapegw.com:6060	scope=shared global=False retry_after=2056.00s
2026-09-01 18:30:40	HTTP_429	hxpr	attempt=1	proxy=http://wiw4v7duaymysz9-session-9083758624ad-lifetime-10:***@rp.scrapegw.com:6060	scope=shared global=False retry_after=2057.00s
2026-09-01 18:30:40	HTTP_429	hxrm	attempt=1	proxy=http://wiw4v7duaymysz9-session-8257ee1f3e7f-lifetime-10:***@rp.scrapegw.com:6060	scope=shared global=False retry_after=2059.00s
2026-09-01 18:30:40	HTTP_429	hxqu	attempt=1	proxy=http://wiw4v7duaymysz9-session-2091bbc24424-lifetime-10:***@rp.scrapegw.com:6060	scope=shared global=False retry_after=2101.00s
2026-09-01 18:30:40	HTTP_429	hxrb	attempt=1	proxy=http://wiw4v7duaymysz9-session-818721ebfbb9-lifetime-10:***@rp.scrapegw.com:6060	scope=shared global=False retry_after=651.00s
2026-09-01 18:30:40	NETWORK	huql	attempt=1	proxy=http://wiw4v7duaymysz9-session-8968f731b02e-lifetime-10:***@rp.scrapegw.com:6060	ConnectionTimeoutError: Connection timeout to host https://discord.com/api/v9/unique-username/username-attempt-unauthed
2026-09-01 18:30:40	NETWORK	huui	attempt=1	proxy=http://wiw4v7duaymysz9-session-28ac167076a8-lifetime-10:***@rp.scrapegw.com:6060	ConnectionTimeoutError: Connection timeout to host https://discord.com/api/v9/unique-username/username-attempt-unauthed
2026-09-01 18:30:40	NETWORK	huqm	attempt=1	proxy=http://wiw4v7duaymysz9-session-877045aea785-lifetime-10:***@rp.scrapegw.com:6060	ConnectionTimeoutError: Connection timeout to host https://discord.com/api/v9/unique-username/username-attempt-unauthed
2026-09-01 18:30:40	NETWORK	hutk	attempt=1	proxy=http://wiw4v7duaymysz9-session-ab7b90691f8a-lifetime-10:***@rp.scrapegw.com:6060	ConnectionTimeoutError: Connection timeout to host https://discord.com/api/v9/unique-username/username-attempt-unauthed
2026-09-01 18:30:40	NETWORK	huqc	attempt=1	proxy=http://wiw4v7duaymysz9-session-31a6879501f2-lifetime-10:***@rp.scrapegw.com:6060	ConnectionTimeoutError: Connection timeout to host https://discord.com/api/v9/unique-username/username-attempt-unauthed
2026-09-01 18:30:40	NETWORK	hupz	attempt=1	proxy=http://wiw4v7duaymysz9-session-c9b148ac3e4f-lifetime-10:***@rp.scrapegw.com:6060	ConnectionTimeoutError: Connection timeout to host https://discord.com/api/v9/unique-username/username-attempt-unauthed
2026-09-01 18:30:40	NETWORK	hupq	attempt=1	proxy=http://wiw4v7duaymysz9-session-a3ee7500b64b-lifetime-10:***@rp.scrapegw.com:6060	ConnectionTimeoutError: Connection timeout to host https://discord.com/api/v9/unique-username/username-attempt-unauthed
2026-09-01 18:30:40	NETWORK	hupp	attempt=1	proxy=http://wiw4v7duaymysz9-session-d223e851727e-lifetime-10:***@rp.scrapegw.com:6060	ConnectionTimeoutError: Connection timeout to host https://discord.com/api/v9/unique-username/username-attempt-unauthed
2026-09-01 18:30:40	NETWORK	husb	attempt=1	proxy=http://wiw4v7duaymysz9-session-2207bce9a678-lifetime-10:***@rp.scrapegw.com:6060	ConnectionTimeoutError: Connection timeout to host https://discord.com/api/v9/unique-username/username-attempt-unauthed
2026-09-01 18:30:40	NETWORK	huth	attempt=1	proxy=http://wiw4v7duaymysz9-session-7354901e0857-lifetime-10:***@rp.scrapegw.com:6060	ConnectionTimeoutError: Connection timeout to host https://discord.com/api/v9/unique-username/username-attempt-unauthed
2026-09-01 18:30:40	NETWORK	huwf	attempt=1	proxy=http://wiw4v7duaymysz9-session-08661118fcc4-lifetime-10:***@rp.scrapegw.com:6060	ConnectionTimeoutError: Connection timeout to host https://discord.com/api/v9/unique-username/username-attempt-unauthed
2026-09-01 18:30:40	NETWORK	huur	attempt=1	proxy=http://wiw4v7duaymysz9-session-c14facb411cb-lifetime-10:***@rp.scrapegw.com:6060	ConnectionTimeoutError: Connection timeout to host https://discord.com/api/v9/unique-username/username-attempt-unauthed
2026-09-01 18:30:40	NETWORK	hurm	attempt=1	proxy=http://wiw4v7duaymysz9-session-91337761b025-lifetime-10:***@rp.scrapegw.com:6060	ConnectionTimeoutError: Connection timeout to host https://discord.com/api/v9/unique-username/username-attempt-unauthed
2026-09-01 18:30:40	NETWORK	huqy	attempt=1	proxy=http://wiw4v7duaymysz9-session-349ee090508f-lifetime-10:***@rp.scrapegw.com:6060	ConnectionTimeoutError: Connection timeout to host https://discord.com/api/v9/unique-username/username-attempt-unauthed
2026-09-01 18:30:40	NETWORK	huvk	attempt=1	proxy=http://wiw4v7duaymysz9-session-0d7ef4177284-lifetime-10:***@rp.scrapegw.com:6060	ConnectionTimeoutError: Connection timeout to host https://discord.com/api/v9/unique-username/username-attempt-unauthed
2026-09-01 18:30:40	NETWORK	hurk	attempt=1	proxy=http://wiw4v7duaymysz9-session-b483390344db-lifetime-10:***@rp.scrapegw.com:6060	ConnectionTimeoutError: Connection timeout to host https://discord.com/api/v9/unique-username/username-attempt-unauthed
2026-09-01 18:30:40	NETWORK	huqj	attempt=1	proxy=http://wiw4v7duaymysz9-session-da57bdb6ae99-lifetime-10:***@rp.scrapegw.com:6060	ConnectionTimeoutError: Connection timeout to host https://discord.com/api/v9/unique-username/username-attempt-unauthed
2026-09-01 18:30:40	NETWORK	huxk	attempt=1	proxy=http://wiw4v7duaymysz9-session-a316beb5c0ad-lifetime-10:***@rp.scrapegw.com:6060	ConnectionTimeoutError: Connection timeout to host https://discord.com/api/v9/unique-username/username-attempt-unauthed
2026-09-01 18:30:40	NETWORK	hupw	attempt=1	proxy=http://wiw4v7duaymysz9-session-d6bf9e0b350c-lifetime-10:***@rp.scrapegw.com:6060	ConnectionTimeoutError: Connection timeout to host https://discord.com/api/v9/unique-username/username-attempt-unauthed
2026-09-01 18:30:40	NETWORK	husd	attempt=1	proxy=http://wiw4v7duaymysz9-session-a37b76b0070f-lifetime-10:***@rp.scrapegw.com:6060	ConnectionTimeoutError: Connection timeout to host https://discord.com/api/v9/unique-username/username-attempt-unauthed
2026-09-01 18:30:40	NETWORK	hupn	attempt=1	proxy=http://wiw4v7duaymysz9-session-9dc10d57e52c-lifetime-10:***@rp.scrapegw.com:6060	ConnectionTimeoutError: Connection timeout to host https://discord.com/api/v9/unique-username/username-attempt-unauthed
2026-09-01 18:30:40	NETWORK	huxh	attempt=1	proxy=http://wiw4v7duaymysz9-session-86d6c07d1961-lifetime-10:***@rp.scrapegw.com:6060	ConnectionTimeoutError: Connection timeout to host https://discord.com/api/v9/unique-username/username-attempt-unauthed
2026-09-01 18:30:40	NETWORK	huxf	attempt=1	proxy=http://wiw4v7duaymysz9-session-66afeb162612-lifetime-10:***@rp.scrapegw.com:6060	ConnectionTimeoutError: Connection timeout to host https://discord.com/api/v9/unique-username/username-attempt-unauthed
2026-09-01 18:30:40	NETWORK	huxg	attempt=1	proxy=http://wiw4v7duaymysz9-session-29a39174165f-lifetime-10:***@rp.scrapegw.com:6060	ConnectionTimeoutError: Connection timeout to host https://discord.com/api/v9/unique-username/username-attempt-unauthed
2026-09-01 18:30:40	NETWORK	huvd	attempt=1	proxy=http://wiw4v7duaymysz9-session-354336ac4451-lifetime-10:***@rp.scrapegw.com:6060	ConnectionTimeoutError: Connection timeout to host https://discord.com/api/v9/unique-username/username-attempt-unauthed
2026-09-01 18:30:40	NETWORK	huuv	attempt=1	proxy=http://wiw4v7duaymysz9-session-30b6821f850c-lifetime-10:***@rp.scrapegw.com:6060	ConnectionTimeoutError: Connection timeout to host https://discord.com/api/v9/unique-username/username-attempt-unauthed
2026-09-01 18:30:40	NETWORK	husc	attempt=1	proxy=http://wiw4v7duaymysz9-session-bccbc3f3acb4-lifetime-10:***@rp.scrapegw.com:6060	ConnectionTimeoutError: Connection timeout to host https://discord.com/api/v9/unique-username/username-attempt-unauthed
2026-09-01 18:30:40	NETWORK	hutc	attempt=1	proxy=http://wiw4v7duaymysz9-session-98048231b026-lifetime-10:***@rp.scrapegw.com:6060	ConnectionTimeoutError: Connection timeout to host https://discord.com/api/v9/unique-username/username-attempt-unauthed
2026-09-01 18:30:40	NETWORK	hurj	attempt=1	proxy=http://wiw4v7duaymysz9-session-7fa0378744a0-lifetime-10:***@rp.scrapegw.com:6060	ConnectionTimeoutError: Connection timeout to host https://discord.com/api/v9/unique-username/username-attempt-unauthed
2026-09-01 18:30:40	NETWORK	hurw	attempt=1	proxy=http://wiw4v7duaymysz9-session-a56e8862e063-lifetime-10:***@rp.scrapegw.com:6060	ConnectionTimeoutError: Connection timeout to host https://discord.com/api/v9/unique-username/username-attempt-unauthed
2026-09-01 18:30:40	NETWORK	huwt	attempt=1	proxy=http://wiw4v7duaymysz9-session-42fea0c206d3-lifetime-10:***@rp.scrapegw.com:6060	ConnectionTimeoutError: Connection timeout to host https://discord.com/api/v9/unique-username/username-attempt-unauthed
2026-09-01 18:30:40	NETWORK	huwm	attempt=1	proxy=http://wiw4v7duaymysz9-session-4b230559fb24-lifetime-10:***@rp.scrapegw.com:6060	ConnectionTimeoutError: Connection timeout to host https://discord.com/api/v9/unique-username/username-attempt-unauthed
2026-09-01 18:30:40	NETWORK	huum	attempt=1	proxy=http://wiw4v7duaymysz9-session-4aee41b70edf-lifetime-10:***@rp.scrapegw.com:6060	ConnectionTimeoutError: Connection timeout to host https://discord.com/api/v9/unique-username/username-attempt-unauthed
2026-09-01 18:30:40	NETWORK	huub	attempt=1	proxy=http://wiw4v7duaymysz9-session-5cd9c9690c94-lifetime-10:***@rp.scrapegw.com:6060	ConnectionTimeoutError: Connection timeout to host https://discord.com/api/v9/unique-username/username-attempt-unauthed
2026-09-01 18:30:40	NETWORK	hute	attempt=1	proxy=http://wiw4v7duaymysz9-session-945a898c914c-lifetime-10:***@rp.scrapegw.com:6060	ConnectionTimeoutError: Connection timeout to host https://discord.com/api/v9/unique-username/username-attempt-unauthed
2026-09-01 18:30:40	NETWORK	huuy	attempt=1	proxy=http://wiw4v7duaymysz9-session-849d20cb3cdd-lifetime-10:***@rp.scrapegw.com:6060	ConnectionTimeoutError: Connection timeout to host https://discord.com/api/v9/unique-username/username-attempt-unauthed
2026-09-01 18:30:40	NETWORK	huqu	attempt=1	proxy=http://wiw4v7duaymysz9-session-8954f6f10eff-lifetime-10:***@rp.scrapegw.com:6060	ConnectionTimeoutError: Connection timeout to host https://discord.com/api/v9/unique-username/username-attempt-unauthed
2026-09-01 18:30:40	NETWORK	hutx	attempt=1	proxy=http://wiw4v7duaymysz9-session-438fa27a022d-lifetime-10:***@rp.scrapegw.com:6060	ConnectionTimeoutError: Connection timeout to host https://discord.com/api/v9/unique-username/username-attempt-unauthed
2026-09-01 18:30:40	NETWORK	hutv	attempt=1	proxy=http://wiw4v7duaymysz9-session-acb87b0021e7-lifetime-10:***@rp.scrapegw.com:6060	ConnectionTimeoutError: Connection timeout to host https://discord.com/api/v9/unique-username/username-attempt-unauthed
2026-09-01 18:30:40	NETWORK	hutn	attempt=1	proxy=http://wiw4v7duaymysz9-session-d1ff8879ca8f-lifetime-10:***@rp.scrapegw.com:6060	ConnectionTimeoutError: Connection timeout to host https://discord.com/api/v9/unique-username/username-attempt-unauthed
2026-09-01 18:30:40	HTTP_429	hxun	attempt=1	proxy=http://wiw4v7duaymysz9-session-963a14b3a8b8-lifetime-10:***@rp.scrapegw.com:6060	scope=shared global=False retry_after=2055.00s
2026-09-01 18:30:41	HTTP_429	hxtm	attempt=1	proxy=http://wiw4v7duaymysz9-session-ac58383b4c0c-lifetime-10:***@rp.scrapegw.com:6060	scope=shared global=False retry_after=2056.00s
2026-09-01 18:30:41	HTTP_429	hxui	attempt=1	proxy=http://wiw4v7duaymysz9-session-b48f225e3c13-lifetime-10:***@rp.scrapegw.com:6060	scope=shared global=False retry_after=2060.00s
2026-09-01 18:30:41	HTTP_429	hxvl	attempt=1	proxy=http://wiw4v7duaymysz9-session-d2071827cc38-lifetime-10:***@rp.scrapegw.com:6060	scope=shared global=False retry_after=930.00s
2026-09-01 18:30:41	HTTP_429	hxuv	attempt=1	proxy=http://wiw4v7duaymysz9-session-064ae05b3fb0-lifetime-10:***@rp.scrapegw.com:6060	scope=shared global=False retry_after=401.00s
2026-09-01 18:30:41	HTTP_429	hxxk	attempt=1	proxy=http://wiw4v7duaymysz9-session-871339abdb3f-lifetime-10:***@rp.scrapegw.com:6060	scope=shared global=False retry_after=1010.00s
2026-09-01 18:30:41	HTTP_429	hxdq	attempt=1	proxy=http://wiw4v7duaymysz9-session-fb04ad086aff-lifetime-10:***@rp.scrapegw.com:6060	scope=shared global=False retry_after=516.00s
2026-09-01 18:30:41	HTTP_429	hxvo	attempt=1	proxy=http://wiw4v7duaymysz9-session-0083a2aeac69-lifetime-10:***@rp.scrapegw.com:6060	scope=shared global=False retry_after=2053.00s
2026-09-01 18:30:41	HTTP_429	hxzw	attempt=1	proxy=http://wiw4v7duaymysz9-session-45f1aecc9e4d-lifetime-10:***@rp.scrapegw.com:6060	scope=shared global=False retry_after=2058.00s
2026-09-01 18:30:41	NETWORK	hvcb	attempt=1	proxy=http://wiw4v7duaymysz9-session-8220df0f6d69-lifetime-10:***@rp.scrapegw.com:6060	ConnectionTimeoutError: Connection timeout to host https://discord.com/api/v9/unique-username/username-attempt-unauthed
2026-09-01 18:30:41	NETWORK	huyg	attempt=1	proxy=http://wiw4v7duaymysz9-session-493567125b83-lifetime-10:***@rp.scrapegw.com:6060	ConnectionTimeoutError: Connection timeout to host https://discord.com/api/v9/unique-username/username-attempt-unauthed
2026-09-01 18:30:41	NETWORK	hvbk	attempt=1	proxy=http://wiw4v7duaymysz9-session-ceb2d08f3a77-lifetime-10:***@rp.scrapegw.com:6060	ConnectionTimeoutError: Connection timeout to host https://discord.com/api/v9/unique-username/username-attempt-unauthed
2026-09-01 18:30:41	NETWORK	huye	attempt=1	proxy=http://wiw4v7duaymysz9-session-d17cd7d2a7ba-lifetime-10:***@rp.scrapegw.com:6060	ConnectionTimeoutError: Connection timeout to host https://discord.com/api/v9/unique-username/username-attempt-unauthed
2026-09-01 18:30:41	NETWORK	hvdu	attempt=1	proxy=http://wiw4v7duaymysz9-session-66a65d95ea26-lifetime-10:***@rp.scrapegw.com:6060	ConnectionTimeoutError: Connection timeout to host https://discord.com/api/v9/unique-username/username-attempt-unauthed
2026-09-01 18:30:41	NETWORK	hvah	attempt=1	proxy=http://wiw4v7duaymysz9-session-f078109647d5-lifetime-10:***@rp.scrapegw.com:6060	ConnectionTimeoutError: Connection timeout to host https://discord.com/api/v9/unique-username/username-attempt-unauthed
2026-09-01 18:30:41	NETWORK	hvcn	attempt=1	proxy=http://wiw4v7duaymysz9-session-dd53f5e08f87-lifetime-10:***@rp.scrapegw.com:6060	ConnectionTimeoutError: Connection timeout to host https://discord.com/api/v9/unique-username/username-attempt-unauthed
2026-09-01 18:30:41	NETWORK	hvbd	attempt=1	proxy=http://wiw4v7duaymysz9-session-04c6db76e29c-lifetime-10:***@rp.scrapegw.com:6060	ConnectionTimeoutError: Connection timeout to host https://discord.com/api/v9/unique-username/username-attempt-unauthed
2026-09-01 18:30:41	NETWORK	huzg	attempt=1	proxy=http://wiw4v7duaymysz9-session-1c0e1c1cdae3-lifetime-10:***@rp.scrapegw.com:6060	ConnectionTimeoutError: Connection timeout to host https://discord.com/api/v9/unique-username/username-attempt-unauthed
2026-09-01 18:30:41	NETWORK	hvab	attempt=1	proxy=http://wiw4v7duaymysz9-session-64d4d3d00712-lifetime-10:***@rp.scrapegw.com:6060	ConnectionTimeoutError: Connection timeout to host https://discord.com/api/v9/unique-username/username-attempt-unauthed
2026-09-01 18:30:41	NETWORK	hvck	attempt=1	proxy=http://wiw4v7duaymysz9-session-3f41cbd6b1d1-lifetime-10:***@rp.scrapegw.com:6060	ConnectionTimeoutError: Connection timeout to host https://discord.com/api/v9/unique-username/username-attempt-unauthed
2026-09-01 18:30:41	NETWORK	hvbe	attempt=1	proxy=http://wiw4v7duaymysz9-session-05544d4eecd0-lifetime-10:***@rp.scrapegw.com:6060	ConnectionTimeoutError: Connection timeout to host https://discord.com/api/v9/unique-username/username-attempt-unauthed
2026-09-01 18:30:41	NETWORK	huyd	attempt=1	proxy=http://wiw4v7duaymysz9-session-a1d72262b085-lifetime-10:***@rp.scrapegw.com:6060	ConnectionTimeoutError: Connection timeout to host https://discord.com/api/v9/unique-username/username-attempt-unauthed
2026-09-01 18:30:41	NETWORK	huyp	attempt=1	proxy=http://wiw4v7duaymysz9-session-82a7e0bdb3a7-lifetime-10:***@rp.scrapegw.com:6060	ConnectionTimeoutError: Connection timeout to host https://discord.com/api/v9/unique-username/username-attempt-unauthed
2026-09-01 18:30:41	NETWORK	huzw	attempt=1	proxy=http://wiw4v7duaymysz9-session-48107cdc2554-lifetime-10:***@rp.scrapegw.com:6060	ConnectionTimeoutError: Connection timeout to host https://discord.com/api/v9/unique-username/username-attempt-unauthed
2026-09-01 18:30:41	NETWORK	hvbt	attempt=1	proxy=http://wiw4v7duaymysz9-session-7cfcc6b123a2-lifetime-10:***@rp.scrapegw.com:6060	ConnectionTimeoutError: Connection timeout to host https://discord.com/api/v9/unique-username/username-attempt-unauthed
2026-09-01 18:30:41	NETWORK	hvaq	attempt=1	proxy=http://wiw4v7duaymysz9-session-cb05b48baf29-lifetime-10:***@rp.scrapegw.com:6060	ConnectionTimeoutError: Connection timeout to host https://discord.com/api/v9/unique-username/username-attempt-unauthed
2026-09-01 18:30:41	NETWORK	hvbp	attempt=1	proxy=http://wiw4v7duaymysz9-session-1b6efb81712a-lifetime-10:***@rp.scrapegw.com:6060	ConnectionTimeoutError: Connection timeout to host https://discord.com/api/v9/unique-username/username-attempt-unauthed
2026-09-01 18:30:41	NETWORK	hvav	attempt=1	proxy=http://wiw4v7duaymysz9-session-706df9d04842-lifetime-10:***@rp.scrapegw.com:6060	ConnectionTimeoutError: Connection timeout to host https://discord.com/api/v9/unique-username/username-attempt-unauthed
2026-09-01 18:30:41	NETWORK	hvbv	attempt=1	proxy=http://wiw4v7duaymysz9-session-6cc2223a8e4c-lifetime-10:***@rp.scrapegw.com:6060	ConnectionTimeoutError: Connection timeout to host https://discord.com/api/v9/unique-username/username-attempt-unauthed
2026-09-01 18:30:41	NETWORK	huya	attempt=1	proxy=http://wiw4v7duaymysz9-session-b80e7e06481f-lifetime-10:***@rp.scrapegw.com:6060	ConnectionTimeoutError: Connection timeout to host https://discord.com/api/v9/unique-username/username-attempt-unauthed
2026-09-01 18:30:41	NETWORK	hvas	attempt=1	proxy=http://wiw4v7duaymysz9-session-5984cbb0d840-lifetime-10:***@rp.scrapegw.com:6060	ConnectionTimeoutError: Connection timeout to host https://discord.com/api/v9/unique-username/username-attempt-unauthed
2026-09-01 18:30:41	NETWORK	hvdn	attempt=1	proxy=http://wiw4v7duaymysz9-session-bf6278c2f7b6-lifetime-10:***@rp.scrapegw.com:6060	ConnectionTimeoutError: Connection timeout to host https://discord.com/api/v9/unique-username/username-attempt-unauthed
2026-09-01 18:30:41	NETWORK	huxz	attempt=1	proxy=http://wiw4v7duaymysz9-session-f79289a580e2-lifetime-10:***@rp.scrapegw.com:6060	ConnectionTimeoutError: Connection timeout to host https://discord.com/api/v9/unique-username/username-attempt-unauthed
2026-09-01 18:30:41	NETWORK	hvag	attempt=1	proxy=http://wiw4v7duaymysz9-session-c74325a23181-lifetime-10:***@rp.scrapegw.com:6060	ConnectionTimeoutError: Connection timeout to host https://discord.com/api/v9/unique-username/username-attempt-unauthed
2026-09-01 18:30:41	NETWORK	hvdi	attempt=1	proxy=http://wiw4v7duaymysz9-session-76c13b43439f-lifetime-10:***@rp.scrapegw.com:6060	ConnectionTimeoutError: Connection timeout to host https://discord.com/api/v9/unique-username/username-attempt-unauthed
2026-09-01 18:30:41	NETWORK	huyv	attempt=1	proxy=http://wiw4v7duaymysz9-session-702f6bf212d0-lifetime-10:***@rp.scrapegw.com:6060	ConnectionTimeoutError: Connection timeout to host https://discord.com/api/v9/unique-username/username-attempt-unauthed
2026-09-01 18:30:41	HTTP_429	hxkb	attempt=1	proxy=http://wiw4v7duaymysz9-session-b1e1a6c793da-lifetime-10:***@rp.scrapegw.com:6060	scope=shared global=False retry_after=273.00s
2026-09-01 18:30:41	HTTP_429	hyck	attempt=1	proxy=http://wiw4v7duaymysz9-session-9b7c979324c4-lifetime-10:***@rp.scrapegw.com:6060	scope=shared global=False retry_after=306.00s
2026-09-01 18:30:42	HTTP_429	hygm	attempt=1	proxy=http://wiw4v7duaymysz9-session-28c7f60c18fb-lifetime-10:***@rp.scrapegw.com:6060	scope=shared global=False retry_after=2052.00s
2026-09-01 18:30:42	HTTP_429	hydl	attempt=1	proxy=http://wiw4v7duaymysz9-session-dbaf084a7b69-lifetime-10:***@rp.scrapegw.com:6060	scope=shared global=False retry_after=2056.00s
2026-09-01 18:30:42	NETWORK	hwil	attempt=1	proxy=http://wiw4v7duaymysz9-session-b483390344db-lifetime-10:***@rp.scrapegw.com:6060	ClientConnectorError: Cannot connect to host discord.com:443 ssl:default [Connection reset by peer]
2026-09-01 18:30:42	NETWORK	hvhz	attempt=1	proxy=http://wiw4v7duaymysz9-session-def96ea2fd82-lifetime-10:***@rp.scrapegw.com:6060	ConnectionTimeoutError: Connection timeout to host https://discord.com/api/v9/unique-username/username-attempt-unauthed
2026-09-01 18:30:42	NETWORK	hvej	attempt=1	proxy=http://wiw4v7duaymysz9-session-f9fd9cffd7d7-lifetime-10:***@rp.scrapegw.com:6060	ConnectionTimeoutError: Connection timeout to host https://discord.com/api/v9/unique-username/username-attempt-unauthed
2026-09-01 18:30:42	NETWORK	hviv	attempt=1	proxy=http://wiw4v7duaymysz9-session-fae7a7e99c13-lifetime-10:***@rp.scrapegw.com:6060	ConnectionTimeoutError: Connection timeout to host https://discord.com/api/v9/unique-username/username-attempt-unauthed
2026-09-01 18:30:42	NETWORK	hvev	attempt=1	proxy=http://wiw4v7duaymysz9-session-430e7bada044-lifetime-10:***@rp.scrapegw.com:6060	ConnectionTimeoutError: Connection timeout to host https://discord.com/api/v9/unique-username/username-attempt-unauthed
2026-09-01 18:30:42	NETWORK	hvgu	attempt=1	proxy=http://wiw4v7duaymysz9-session-019b587c7b47-lifetime-10:***@rp.scrapegw.com:6060	ConnectionTimeoutError: Connection timeout to host https://discord.com/api/v9/unique-username/username-attempt-unauthed
2026-09-01 18:30:42	NETWORK	hvho	attempt=1	proxy=http://wiw4v7duaymysz9-session-16377f45b777-lifetime-10:***@rp.scrapegw.com:6060	ConnectionTimeoutError: Connection timeout to host https://discord.com/api/v9/unique-username/username-attempt-unauthed
2026-09-01 18:30:42	NETWORK	hvha	attempt=1	proxy=http://wiw4v7duaymysz9-session-a9c6a7e8de06-lifetime-10:***@rp.scrapegw.com:6060	ConnectionTimeoutError: Connection timeout to host https://discord.com/api/v9/unique-username/username-attempt-unauthed
2026-09-01 18:30:42	NETWORK	hvin	attempt=1	proxy=http://wiw4v7duaymysz9-session-4b4fe09b0cf0-lifetime-10:***@rp.scrapegw.com:6060	ConnectionTimeoutError: Connection timeout to host https://discord.com/api/v9/unique-username/username-attempt-unauthed
2026-09-01 18:30:42	NETWORK	hvff	attempt=1	proxy=http://wiw4v7duaymysz9-session-ee71815cbad6-lifetime-10:***@rp.scrapegw.com:6060	ConnectionTimeoutError: Connection timeout to host https://discord.com/api/v9/unique-username/username-attempt-unauthed
2026-09-01 18:30:42	NETWORK	hvfr	attempt=1	proxy=http://wiw4v7duaymysz9-session-d3a4e6e9d699-lifetime-10:***@rp.scrapegw.com:6060	ConnectionTimeoutError: Connection timeout to host https://discord.com/api/v9/unique-username/username-attempt-unauthed
2026-09-01 18:30:42	NETWORK	hvka	attempt=1	proxy=http://wiw4v7duaymysz9-session-2042039c31fa-lifetime-10:***@rp.scrapegw.com:6060	ConnectionTimeoutError: Connection timeout to host https://discord.com/api/v9/unique-username/username-attempt-unauthed
2026-09-01 18:30:42	NETWORK	hvjz	attempt=1	proxy=http://wiw4v7duaymysz9-session-8c55a0314f5a-lifetime-10:***@rp.scrapegw.com:6060	ConnectionTimeoutError: Connection timeout to host https://discord.com/api/v9/unique-username/username-attempt-unauthed
2026-09-01 18:30:42	NETWORK	hvle	attempt=1	proxy=http://wiw4v7duaymysz9-session-87f30de91771-lifetime-10:***@rp.scrapegw.com:6060	ConnectionTimeoutError: Connection timeout to host https://discord.com/api/v9/unique-username/username-attempt-unauthed
2026-09-01 18:30:42	NETWORK	hvhi	attempt=1	proxy=http://wiw4v7duaymysz9-session-304129098d47-lifetime-10:***@rp.scrapegw.com:6060	ConnectionTimeoutError: Connection timeout to host https://discord.com/api/v9/unique-username/username-attempt-unauthed
2026-09-01 18:30:42	NETWORK	hvjr	attempt=1	proxy=http://wiw4v7duaymysz9-session-68dfabe497d1-lifetime-10:***@rp.scrapegw.com:6060	ConnectionTimeoutError: Connection timeout to host https://discord.com/api/v9/unique-username/username-attempt-unauthed
2026-09-01 18:30:42	NETWORK	hvjb	attempt=1	proxy=http://wiw4v7duaymysz9-session-0bc8d64d2038-lifetime-10:***@rp.scrapegw.com:6060	ConnectionTimeoutError: Connection timeout to host https://discord.com/api/v9/unique-username/username-attempt-unauthed
2026-09-01 18:30:42	NETWORK	hvgz	attempt=1	proxy=http://wiw4v7duaymysz9-session-ad99ca916950-lifetime-10:***@rp.scrapegw.com:6060	ConnectionTimeoutError: Connection timeout to host https://discord.com/api/v9/unique-username/username-attempt-unauthed
2026-09-01 18:30:42	NETWORK	hvhq	attempt=1	proxy=http://wiw4v7duaymysz9-session-81757f72746d-lifetime-10:***@rp.scrapegw.com:6060	ConnectionTimeoutError: Connection timeout to host https://discord.com/api/v9/unique-username/username-attempt-unauthed
2026-09-01 18:30:42	NETWORK	hvgh	attempt=1	proxy=http://wiw4v7duaymysz9-session-d3a8be89f797-lifetime-10:***@rp.scrapegw.com:6060	ConnectionTimeoutError: Connection timeout to host https://discord.com/api/v9/unique-username/username-attempt-unauthed
2026-09-01 18:30:42	NETWORK	hveb	attempt=1	proxy=http://wiw4v7duaymysz9-session-1a68f37a9184-lifetime-10:***@rp.scrapegw.com:6060	ConnectionTimeoutError: Connection timeout to host https://discord.com/api/v9/unique-username/username-attempt-unauthed
2026-09-01 18:30:42	NETWORK	hvkr	attempt=1	proxy=http://wiw4v7duaymysz9-session-0e65b1d12456-lifetime-10:***@rp.scrapegw.com:6060	ConnectionTimeoutError: Connection timeout to host https://discord.com/api/v9/unique-username/username-attempt-unauthed
2026-09-01 18:30:42	NETWORK	hvfh	attempt=1	proxy=http://wiw4v7duaymysz9-session-e64c376e6999-lifetime-10:***@rp.scrapegw.com:6060	ConnectionTimeoutError: Connection timeout to host https://discord.com/api/v9/unique-username/username-attempt-unauthed
2026-09-01 18:30:42	NETWORK	hvks	attempt=1	proxy=http://wiw4v7duaymysz9-session-d354f7067a0e-lifetime-10:***@rp.scrapegw.com:6060	ConnectionTimeoutError: Connection timeout to host https://discord.com/api/v9/unique-username/username-attempt-unauthed
2026-09-01 18:30:42	NETWORK	hvjl	attempt=1	proxy=http://wiw4v7duaymysz9-session-3428c2c0f3ae-lifetime-10:***@rp.scrapegw.com:6060	ConnectionTimeoutError: Connection timeout to host https://discord.com/api/v9/unique-username/username-attempt-unauthed
2026-09-01 18:30:42	NETWORK	hvjv	attempt=1	proxy=http://wiw4v7duaymysz9-session-c33e292722c2-lifetime-10:***@rp.scrapegw.com:6060	ConnectionTimeoutError: Connection timeout to host https://discord.com/api/v9/unique-username/username-attempt-unauthed
2026-09-01 18:30:42	NETWORK	hvet	attempt=1	proxy=http://wiw4v7duaymysz9-session-1a987850379e-lifetime-10:***@rp.scrapegw.com:6060	ConnectionTimeoutError: Connection timeout to host https://discord.com/api/v9/unique-username/username-attempt-unauthed
2026-09-01 18:30:42	NETWORK	hviw	attempt=1	proxy=http://wiw4v7duaymysz9-session-b5d1f0534b63-lifetime-10:***@rp.scrapegw.com:6060	ConnectionTimeoutError: Connection timeout to host https://discord.com/api/v9/unique-username/username-attempt-unauthed
2026-09-01 18:30:42	NETWORK	hvwh	attempt=1	proxy=http://wiw4v7duaymysz9-session-4e774561c4a7-lifetime-10:***@rp.scrapegw.com:6060	ClientConnectorError: Cannot connect to host discord.com:443 ssl:default [Connection reset by peer]
2026-09-01 18:30:42	HTTP_429	hwag	attempt=1	proxy=http://wiw4v7duaymysz9-session-06a5db5d58e2-lifetime-10:***@rp.scrapegw.com:6060	scope=shared global=False retry_after=309.00s
2026-09-01 18:30:43	NETWORK	hwpd	attempt=1	proxy=http://wiw4v7duaymysz9-session-8b27e592629e-lifetime-10:***@rp.scrapegw.com:6060	ClientConnectorError: Cannot connect to host discord.com:443 ssl:default [Connection reset by peer]
2026-09-01 18:30:43	NETWORK	hvos	attempt=1	proxy=http://wiw4v7duaymysz9-session-e7a318c32cb7-lifetime-10:***@rp.scrapegw.com:6060	ConnectionTimeoutError: Connection timeout to host https://discord.com/api/v9/unique-username/username-attempt-unauthed
2026-09-01 18:30:43	NETWORK	hvlg	attempt=1	proxy=http://wiw4v7duaymysz9-session-e24c38345ccc-lifetime-10:***@rp.scrapegw.com:6060	ConnectionTimeoutError: Connection timeout to host https://discord.com/api/v9/unique-username/username-attempt-unauthed
2026-09-01 18:30:43	NETWORK	hvnl	attempt=1	proxy=http://wiw4v7duaymysz9-session-7d3be13982f6-lifetime-10:***@rp.scrapegw.com:6060	ConnectionTimeoutError: Connection timeout to host https://discord.com/api/v9/unique-username/username-attempt-unauthed
2026-09-01 18:30:43	NETWORK	hvqt	attempt=1	proxy=http://wiw4v7duaymysz9-session-9da0c19b6bb2-lifetime-10:***@rp.scrapegw.com:6060	ConnectionTimeoutError: Connection timeout to host https://discord.com/api/v9/unique-username/username-attempt-unauthed
2026-09-01 18:30:43	NETWORK	hvmx	attempt=1	proxy=http://wiw4v7duaymysz9-session-399fe78d31cf-lifetime-10:***@rp.scrapegw.com:6060	ConnectionTimeoutError: Connection timeout to host https://discord.com/api/v9/unique-username/username-attempt-unauthed
2026-09-01 18:30:43	NETWORK	hvlx	attempt=1	proxy=http://wiw4v7duaymysz9-session-c13c0dbb7132-lifetime-10:***@rp.scrapegw.com:6060	ConnectionTimeoutError: Connection timeout to host https://discord.com/api/v9/unique-username/username-attempt-unauthed
2026-09-01 18:30:43	NETWORK	hvma	attempt=1	proxy=http://wiw4v7duaymysz9-session-dd8ae4afef79-lifetime-10:***@rp.scrapegw.com:6060	ConnectionTimeoutError: Connection timeout to host https://discord.com/api/v9/unique-username/username-attempt-unauthed
2026-09-01 18:30:43	NETWORK	hvom	attempt=1	proxy=http://wiw4v7duaymysz9-session-2b62a1f22442-lifetime-10:***@rp.scrapegw.com:6060	ConnectionTimeoutError: Connection timeout to host https://discord.com/api/v9/unique-username/username-attempt-unauthed
2026-09-01 18:30:43	NETWORK	hvqm	attempt=1	proxy=http://wiw4v7duaymysz9-session-d4d4016cbc5d-lifetime-10:***@rp.scrapegw.com:6060	ConnectionTimeoutError: Connection timeout to host https://discord.com/api/v9/unique-username/username-attempt-unauthed
2026-09-01 18:30:43	NETWORK	hvlo	attempt=1	proxy=http://wiw4v7duaymysz9-session-b8d9e17bcaa1-lifetime-10:***@rp.scrapegw.com:6060	ConnectionTimeoutError: Connection timeout to host https://discord.com/api/v9/unique-username/username-attempt-unauthed
2026-09-01 18:30:43	NETWORK	hvls	attempt=1	proxy=http://wiw4v7duaymysz9-session-d813a49a1166-lifetime-10:***@rp.scrapegw.com:6060	ConnectionTimeoutError: Connection timeout to host https://discord.com/api/v9/unique-username/username-attempt-unauthed
2026-09-01 18:30:43	NETWORK	hvou	attempt=1	proxy=http://wiw4v7duaymysz9-session-f360d55fdaa6-lifetime-10:***@rp.scrapegw.com:6060	ConnectionTimeoutError: Connection timeout to host https://discord.com/api/v9/unique-username/username-attempt-unauthed
2026-09-01 18:30:43	NETWORK	hvpr	attempt=1	proxy=http://wiw4v7duaymysz9-session-b7dfb7c9ac37-lifetime-10:***@rp.scrapegw.com:6060	ConnectionTimeoutError: Connection timeout to host https://discord.com/api/v9/unique-username/username-attempt-unauthed
2026-09-01 18:30:43	NETWORK	hvre	attempt=1	proxy=http://wiw4v7duaymysz9-session-d2e3aa56e3a4-lifetime-10:***@rp.scrapegw.com:6060	ConnectionTimeoutError: Connection timeout to host https://discord.com/api/v9/unique-username/username-attempt-unauthed
2026-09-01 18:30:43	NETWORK	hvol	attempt=1	proxy=http://wiw4v7duaymysz9-session-ac72a1011682-lifetime-10:***@rp.scrapegw.com:6060	ConnectionTimeoutError: Connection timeout to host https://discord.com/api/v9/unique-username/username-attempt-unauthed
2026-09-01 18:30:43	NETWORK	hvmf	attempt=1	proxy=http://wiw4v7duaymysz9-session-4f4a73edbdcc-lifetime-10:***@rp.scrapegw.com:6060	ConnectionTimeoutError: Connection timeout to host https://discord.com/api/v9/unique-username/username-attempt-unauthed
2026-09-01 18:30:43	NETWORK	hvrc	attempt=1	proxy=http://wiw4v7duaymysz9-session-92647279b38a-lifetime-10:***@rp.scrapegw.com:6060	ConnectionTimeoutError: Connection timeout to host https://discord.com/api/v9/unique-username/username-attempt-unauthed
2026-09-01 18:30:43	NETWORK	hvry	attempt=1	proxy=http://wiw4v7duaymysz9-session-91c0e0420f8c-lifetime-10:***@rp.scrapegw.com:6060	ConnectionTimeoutError: Connection timeout to host https://discord.com/api/v9/unique-username/username-attempt-unauthed
2026-09-01 18:30:43	NETWORK	hvmm	attempt=1	proxy=http://wiw4v7duaymysz9-session-1190c9863155-lifetime-10:***@rp.scrapegw.com:6060	ConnectionTimeoutError: Connection timeout to host https://discord.com/api/v9/unique-username/username-attempt-unauthed
2026-09-01 18:30:43	NETWORK	hvpi	attempt=1	proxy=http://wiw4v7duaymysz9-session-7afd5374999a-lifetime-10:***@rp.scrapegw.com:6060	ConnectionTimeoutError: Connection timeout to host https://discord.com/api/v9/unique-username/username-attempt-unauthed
2026-09-01 18:30:43	NETWORK	hvrd	attempt=1	proxy=http://wiw4v7duaymysz9-session-d830c15f088a-lifetime-10:***@rp.scrapegw.com:6060	ConnectionTimeoutError: Connection timeout to host https://discord.com/api/v9/unique-username/username-attempt-unauthed
2026-09-01 18:30:43	NETWORK	hvmp	attempt=1	proxy=http://wiw4v7duaymysz9-session-7c128f6c581f-lifetime-10:***@rp.scrapegw.com:6060	ConnectionTimeoutError: Connection timeout to host https://discord.com/api/v9/unique-username/username-attempt-unauthed
2026-09-01 18:30:43	NETWORK	hvow	attempt=1	proxy=http://wiw4v7duaymysz9-session-bab02e34f590-lifetime-10:***@rp.scrapegw.com:6060	ConnectionTimeoutError: Connection timeout to host https://discord.com/api/v9/unique-username/username-attempt-unauthed
2026-09-01 18:30:43	NETWORK	hvno	attempt=1	proxy=http://wiw4v7duaymysz9-session-9b1f37174907-lifetime-10:***@rp.scrapegw.com:6060	ConnectionTimeoutError: Connection timeout to host https://discord.com/api/v9/unique-username/username-attempt-unauthed
2026-09-01 18:30:43	NETWORK	hvmn	attempt=1	proxy=http://wiw4v7duaymysz9-session-bc0c78265a30-lifetime-10:***@rp.scrapegw.com:6060	ConnectionTimeoutError: Connection timeout to host https://discord.com/api/v9/unique-username/username-attempt-unauthed
2026-09-01 18:30:43	NETWORK	hvmz	attempt=1	proxy=http://wiw4v7duaymysz9-session-690dae3b3f3e-lifetime-10:***@rp.scrapegw.com:6060	ConnectionTimeoutError: Connection timeout to host https://discord.com/api/v9/unique-username/username-attempt-unauthed
2026-09-01 18:30:43	NETWORK	hvpo	attempt=1	proxy=http://wiw4v7duaymysz9-session-0d58af88e69c-lifetime-10:***@rp.scrapegw.com:6060	ConnectionTimeoutError: Connection timeout to host https://discord.com/api/v9/unique-username/username-attempt-unauthed
2026-09-01 18:30:43	NETWORK	hvnj	attempt=1	proxy=http://wiw4v7duaymysz9-session-6152596a1945-lifetime-10:***@rp.scrapegw.com:6060	ConnectionTimeoutError: Connection timeout to host https://discord.com/api/v9/unique-username/username-attempt-unauthed
2026-09-01 18:30:43	NETWORK	hvns	attempt=1	proxy=http://wiw4v7duaymysz9-session-394fd1d91c3c-lifetime-10:***@rp.scrapegw.com:6060	ConnectionTimeoutError: Connection timeout to host https://discord.com/api/v9/unique-username/username-attempt-unauthed
2026-09-01 18:30:43	NETWORK	hvlz	attempt=1	proxy=http://wiw4v7duaymysz9-session-ae969fab1cf6-lifetime-10:***@rp.scrapegw.com:6060	ConnectionTimeoutError: Connection timeout to host https://discord.com/api/v9/unique-username/username-attempt-unauthed
2026-09-01 18:30:43	NETWORK	hvlr	attempt=1	proxy=http://wiw4v7duaymysz9-session-76e20e142897-lifetime-10:***@rp.scrapegw.com:6060	ConnectionTimeoutError: Connection timeout to host https://discord.com/api/v9/unique-username/username-attempt-unauthed
2026-09-01 18:30:43	NETWORK	hvnv	attempt=1	proxy=http://wiw4v7duaymysz9-session-407b3621c7c1-lifetime-10:***@rp.scrapegw.com:6060	ConnectionTimeoutError: Connection timeout to host https://discord.com/api/v9/unique-username/username-attempt-unauthed
2026-09-01 18:30:43	NETWORK	hvru	attempt=1	proxy=http://wiw4v7duaymysz9-session-7058ab7fb05c-lifetime-10:***@rp.scrapegw.com:6060	ConnectionTimeoutError: Connection timeout to host https://discord.com/api/v9/unique-username/username-attempt-unauthed
2026-09-01 18:30:43	HTTP_429	hyss	attempt=1	proxy=http://wiw4v7duaymysz9-session-42e4409d7a7d-lifetime-10:***@rp.scrapegw.com:6060	scope=shared global=False retry_after=1191.00s
2026-09-01 18:30:43	HTTP_429	hyux	attempt=1	proxy=http://wiw4v7duaymysz9-session-505ceb37ac0d-lifetime-10:***@rp.scrapegw.com:6060	scope=shared global=False retry_after=392.00s
2026-09-01 18:30:44	NETWORK	hvxi	attempt=1	proxy=http://wiw4v7duaymysz9-session-0d673873683e-lifetime-10:***@rp.scrapegw.com:6060	ConnectionTimeoutError: Connection timeout to host https://discord.com/api/v9/unique-username/username-attempt-unauthed
2026-09-01 18:30:44	NETWORK	hvxn	attempt=1	proxy=http://wiw4v7duaymysz9-session-10dbcfa36f57-lifetime-10:***@rp.scrapegw.com:6060	ConnectionTimeoutError: Connection timeout to host https://discord.com/api/v9/unique-username/username-attempt-unauthed
2026-09-01 18:30:44	NETWORK	hvxg	attempt=1	proxy=http://wiw4v7duaymysz9-session-7421e724b10c-lifetime-10:***@rp.scrapegw.com:6060	ConnectionTimeoutError: Connection timeout to host https://discord.com/api/v9/unique-username/username-attempt-unauthed
2026-09-01 18:30:44	NETWORK	hvvq	attempt=1	proxy=http://wiw4v7duaymysz9-session-4653a6d2c76b-lifetime-10:***@rp.scrapegw.com:6060	ConnectionTimeoutError: Connection timeout to host https://discord.com/api/v9/unique-username/username-attempt-unauthed
2026-09-01 18:30:44	NETWORK	hvws	attempt=1	proxy=http://wiw4v7duaymysz9-session-0393b7a4a9e7-lifetime-10:***@rp.scrapegw.com:6060	ConnectionTimeoutError: Connection timeout to host https://discord.com/api/v9/unique-username/username-attempt-unauthed
2026-09-01 18:30:44	NETWORK	hvvp	attempt=1	proxy=http://wiw4v7duaymysz9-session-f144084775b6-lifetime-10:***@rp.scrapegw.com:6060	ConnectionTimeoutError: Connection timeout to host https://discord.com/api/v9/unique-username/username-attempt-unauthed
2026-09-01 18:30:44	NETWORK	hvuv	attempt=1	proxy=http://wiw4v7duaymysz9-session-11aa75774cb3-lifetime-10:***@rp.scrapegw.com:6060	ConnectionTimeoutError: Connection timeout to host https://discord.com/api/v9/unique-username/username-attempt-unauthed
2026-09-01 18:30:44	NETWORK	hvvd	attempt=1	proxy=http://wiw4v7duaymysz9-session-5e3c3c708ab8-lifetime-10:***@rp.scrapegw.com:6060	ConnectionTimeoutError: Connection timeout to host https://discord.com/api/v9/unique-username/username-attempt-unauthed
2026-09-01 18:30:44	NETWORK	hvul	attempt=1	proxy=http://wiw4v7duaymysz9-session-d6de91256510-lifetime-10:***@rp.scrapegw.com:6060	ConnectionTimeoutError: Connection timeout to host https://discord.com/api/v9/unique-username/username-attempt-unauthed
2026-09-01 18:30:44	NETWORK	hvto	attempt=1	proxy=http://wiw4v7duaymysz9-session-ee465d91af82-lifetime-10:***@rp.scrapegw.com:6060	ConnectionTimeoutError: Connection timeout to host https://discord.com/api/v9/unique-username/username-attempt-unauthed
2026-09-01 18:30:44	NETWORK	hvtl	attempt=1	proxy=http://wiw4v7duaymysz9-session-6eadc098cc8e-lifetime-10:***@rp.scrapegw.com:6060	ConnectionTimeoutError: Connection timeout to host https://discord.com/api/v9/unique-username/username-attempt-unauthed
2026-09-01 18:30:44	NETWORK	hvxd	attempt=1	proxy=http://wiw4v7duaymysz9-session-ba724b8a7801-lifetime-10:***@rp.scrapegw.com:6060	ConnectionTimeoutError: Connection timeout to host https://discord.com/api/v9/unique-username/username-attempt-unauthed
2026-09-01 18:30:44	NETWORK	hvvj	attempt=1	proxy=http://wiw4v7duaymysz9-session-1020c368f159-lifetime-10:***@rp.scrapegw.com:6060	ConnectionTimeoutError: Connection timeout to host https://discord.com/api/v9/unique-username/username-attempt-unauthed
2026-09-01 18:30:44	NETWORK	hvwa	attempt=1	proxy=http://wiw4v7duaymysz9-session-9ad281e98bee-lifetime-10:***@rp.scrapegw.com:6060	ConnectionTimeoutError: Connection timeout to host https://discord.com/api/v9/unique-username/username-attempt-unauthed
2026-09-01 18:30:44	NETWORK	hvsm	attempt=1	proxy=http://wiw4v7duaymysz9-session-2c0a28d2e4d7-lifetime-10:***@rp.scrapegw.com:6060	ConnectionTimeoutError: Connection timeout to host https://discord.com/api/v9/unique-username/username-attempt-unauthed
2026-09-01 18:30:44	NETWORK	hvxr	attempt=1	proxy=http://wiw4v7duaymysz9-session-7a308e87def2-lifetime-10:***@rp.scrapegw.com:6060	ConnectionTimeoutError: Connection timeout to host https://discord.com/api/v9/unique-username/username-attempt-unauthed
2026-09-01 18:30:44	NETWORK	hvxu	attempt=1	proxy=http://wiw4v7duaymysz9-session-0717347868db-lifetime-10:***@rp.scrapegw.com:6060	ConnectionTimeoutError: Connection timeout to host https://discord.com/api/v9/unique-username/username-attempt-unauthed
2026-09-01 18:30:44	NETWORK	hvtx	attempt=1	proxy=http://wiw4v7duaymysz9-session-c2735ccc704b-lifetime-10:***@rp.scrapegw.com:6060	ConnectionTimeoutError: Connection timeout to host https://discord.com/api/v9/unique-username/username-attempt-unauthed
2026-09-01 18:30:44	NETWORK	hvxh	attempt=1	proxy=http://wiw4v7duaymysz9-session-a7138edf6a48-lifetime-10:***@rp.scrapegw.com:6060	ConnectionTimeoutError: Connection timeout to host https://discord.com/api/v9/unique-username/username-attempt-unauthed
2026-09-01 18:30:44	NETWORK	hvys	attempt=1	proxy=http://wiw4v7duaymysz9-session-6eea5642d16b-lifetime-10:***@rp.scrapegw.com:6060	ConnectionTimeoutError: Connection timeout to host https://discord.com/api/v9/unique-username/username-attempt-unauthed
2026-09-01 18:30:44	NETWORK	hvym	attempt=1	proxy=http://wiw4v7duaymysz9-session-569c8fa4617d-lifetime-10:***@rp.scrapegw.com:6060	ConnectionTimeoutError: Connection timeout to host https://discord.com/api/v9/unique-username/username-attempt-unauthed
2026-09-01 18:30:44	NETWORK	hvxt	attempt=1	proxy=http://wiw4v7duaymysz9-session-17b58715f913-lifetime-10:***@rp.scrapegw.com:6060	ConnectionTimeoutError: Connection timeout to host https://discord.com/api/v9/unique-username/username-attempt-unauthed
2026-09-01 18:30:44	NETWORK	hvyr	attempt=1	proxy=http://wiw4v7duaymysz9-session-7cdc07761627-lifetime-10:***@rp.scrapegw.com:6060	ConnectionTimeoutError: Connection timeout to host https://discord.com/api/v9/unique-username/username-attempt-unauthed
2026-09-01 18:30:44	NETWORK	hvwk	attempt=1	proxy=http://wiw4v7duaymysz9-session-f45f19e7dee0-lifetime-10:***@rp.scrapegw.com:6060	ConnectionTimeoutError: Connection timeout to host https://discord.com/api/v9/unique-username/username-attempt-unauthed
2026-09-01 18:30:44	NETWORK	hvwb	attempt=1	proxy=http://wiw4v7duaymysz9-session-47a29af23223-lifetime-10:***@rp.scrapegw.com:6060	ConnectionTimeoutError: Connection timeout to host https://discord.com/api/v9/unique-username/username-attempt-unauthed
2026-09-01 18:30:44	NETWORK	hvva	attempt=1	proxy=http://wiw4v7duaymysz9-session-f59f0976d57f-lifetime-10:***@rp.scrapegw.com:6060	ConnectionTimeoutError: Connection timeout to host https://discord.com/api/v9/unique-username/username-attempt-unauthed
2026-09-01 18:30:44	NETWORK	hvuz	attempt=1	proxy=http://wiw4v7duaymysz9-session-09c99d953066-lifetime-10:***@rp.scrapegw.com:6060	ConnectionTimeoutError: Connection timeout to host https://discord.com/api/v9/unique-username/username-attempt-unauthed
2026-09-01 18:30:44	NETWORK	hvvv	attempt=1	proxy=http://wiw4v7duaymysz9-session-af02800e637d-lifetime-10:***@rp.scrapegw.com:6060	ConnectionTimeoutError: Connection timeout to host https://discord.com/api/v9/unique-username/username-attempt-unauthed
2026-09-01 18:30:44	NETWORK	hvtb	attempt=1	proxy=http://wiw4v7duaymysz9-session-21464b32de7e-lifetime-10:***@rp.scrapegw.com:6060	ConnectionTimeoutError: Connection timeout to host https://discord.com/api/v9/unique-username/username-attempt-unauthed
2026-09-01 18:30:44	NETWORK	hvsw	attempt=1	proxy=http://wiw4v7duaymysz9-session-6266dcfc1a4f-lifetime-10:***@rp.scrapegw.com:6060	ConnectionTimeoutError: Connection timeout to host https://discord.com/api/v9/unique-username/username-attempt-unauthed
2026-09-01 18:30:44	NETWORK	hvyh	attempt=1	proxy=http://wiw4v7duaymysz9-session-9b9de8c1b0bb-lifetime-10:***@rp.scrapegw.com:6060	ConnectionTimeoutError: Connection timeout to host https://discord.com/api/v9/unique-username/username-attempt-unauthed
2026-09-01 18:30:44	NETWORK	hvrz	attempt=1	proxy=http://wiw4v7duaymysz9-session-0b0b770f0b4a-lifetime-10:***@rp.scrapegw.com:6060	ConnectionTimeoutError: Connection timeout to host https://discord.com/api/v9/unique-username/username-attempt-unauthed
2026-09-01 18:30:44	NETWORK	hvyp	attempt=1	proxy=http://wiw4v7duaymysz9-session-5b3d7f03f0ca-lifetime-10:***@rp.scrapegw.com:6060	ConnectionTimeoutError: Connection timeout to host https://discord.com/api/v9/unique-username/username-attempt-unauthed
2026-09-01 18:30:44	NETWORK	hvyq	attempt=1	proxy=http://wiw4v7duaymysz9-session-ca9a6f96ed72-lifetime-10:***@rp.scrapegw.com:6060	ConnectionTimeoutError: Connection timeout to host https://discord.com/api/v9/unique-username/username-attempt-unauthed
2026-09-01 18:30:44	HTTP_429	hyxa	attempt=1	proxy=http://wiw4v7duaymysz9-session-f8473cd60ac1-lifetime-10:***@rp.scrapegw.com:6060	scope=shared global=False retry_after=2054.00s
2026-09-01 18:30:44	NETWORK	hxca	attempt=1	proxy=http://wiw4v7duaymysz9-session-d4d46192e3dd-lifetime-10:***@rp.scrapegw.com:6060	ClientConnectorError: Cannot connect to host discord.com:443 ssl:default [Connection reset by peer]
2026-09-01 18:30:44	HTTP_429	hyyj	attempt=1	proxy=http://wiw4v7duaymysz9-session-ebecb4acffce-lifetime-10:***@rp.scrapegw.com:6060	scope=shared global=False retry_after=203.00s
2026-09-01 18:30:44	HTTP_429	hyzr	attempt=1	proxy=http://wiw4v7duaymysz9-session-6b6a3583121f-lifetime-10:***@rp.scrapegw.com:6060	scope=shared global=False retry_after=2053.00s
2026-09-01 18:30:45	HTTP_429	hyzz	attempt=1	proxy=http://wiw4v7duaymysz9-session-7b4075621e9a-lifetime-10:***@rp.scrapegw.com:6060	scope=shared global=False retry_after=1104.00s
2026-09-01 18:30:45	HTTP_429	hyyu	attempt=1	proxy=http://wiw4v7duaymysz9-session-b76eafdc6be4-lifetime-10:***@rp.scrapegw.com:6060	scope=shared global=False retry_after=2055.00s
2026-09-01 18:30:45	HTTP_429	hzdk	attempt=1	proxy=http://wiw4v7duaymysz9-session-fd219643aa72-lifetime-10:***@rp.scrapegw.com:6060	scope=shared global=False retry_after=2057.00s
2026-09-01 18:30:45	HTTP_429	hzbz	attempt=1	proxy=http://wiw4v7duaymysz9-session-66169a5ffc66-lifetime-10:***@rp.scrapegw.com:6060	scope=shared global=False retry_after=194.00s
2026-09-01 18:30:45	NETWORK	hwoc	attempt=1	proxy=http://wiw4v7duaymysz9-session-995f5229110a-lifetime-10:***@rp.scrapegw.com:6060	ClientConnectorError: Cannot connect to host discord.com:443 ssl:default [Connection reset by peer]
2026-09-01 18:30:45	NETWORK	hxih	attempt=1	proxy=http://wiw4v7duaymysz9-session-97e421d8adeb-lifetime-10:***@rp.scrapegw.com:6060	ClientConnectorError: Cannot connect to host discord.com:443 ssl:default [Connection reset by peer]
2026-09-01 18:30:45	HTTP_429	hzga	attempt=1	proxy=http://wiw4v7duaymysz9-session-5e8880c17eff-lifetime-10:***@rp.scrapegw.com:6060	scope=shared global=False retry_after=2054.00s
2026-09-01 18:30:45	NETWORK	hwfb	attempt=1	proxy=http://wiw4v7duaymysz9-session-456046e2400e-lifetime-10:***@rp.scrapegw.com:6060	ConnectionTimeoutError: Connection timeout to host https://discord.com/api/v9/unique-username/username-attempt-unauthed
2026-09-01 18:30:45	NETWORK	hweg	attempt=1	proxy=http://wiw4v7duaymysz9-session-f0d6a891b8f8-lifetime-10:***@rp.scrapegw.com:6060	ConnectionTimeoutError: Connection timeout to host https://discord.com/api/v9/unique-username/username-attempt-unauthed
2026-09-01 18:30:45	NETWORK	hwdp	attempt=1	proxy=http://wiw4v7duaymysz9-session-d2071827cc38-lifetime-10:***@rp.scrapegw.com:6060	ConnectionTimeoutError: Connection timeout to host https://discord.com/api/v9/unique-username/username-attempt-unauthed
2026-09-01 18:30:45	NETWORK	hwff	attempt=1	proxy=http://wiw4v7duaymysz9-session-c70ff6bb5ff3-lifetime-10:***@rp.scrapegw.com:6060	ConnectionTimeoutError: Connection timeout to host https://discord.com/api/v9/unique-username/username-attempt-unauthed
2026-09-01 18:30:45	NETWORK	hwcr	attempt=1	proxy=http://wiw4v7duaymysz9-session-fdbd776d6061-lifetime-10:***@rp.scrapegw.com:6060	ConnectionTimeoutError: Connection timeout to host https://discord.com/api/v9/unique-username/username-attempt-unauthed
2026-09-01 18:30:45	NETWORK	hwdz	attempt=1	proxy=http://wiw4v7duaymysz9-session-2dbdbe91583b-lifetime-10:***@rp.scrapegw.com:6060	ConnectionTimeoutError: Connection timeout to host https://discord.com/api/v9/unique-username/username-attempt-unauthed
2026-09-01 18:30:45	NETWORK	hwbx	attempt=1	proxy=http://wiw4v7duaymysz9-session-695d45402841-lifetime-10:***@rp.scrapegw.com:6060	ConnectionTimeoutError: Connection timeout to host https://discord.com/api/v9/unique-username/username-attempt-unauthed
2026-09-01 18:30:45	NETWORK	hwap	attempt=1	proxy=http://wiw4v7duaymysz9-session-298f11f13276-lifetime-10:***@rp.scrapegw.com:6060	ConnectionTimeoutError: Connection timeout to host https://discord.com/api/v9/unique-username/username-attempt-unauthed
2026-09-01 18:30:45	NETWORK	hwey	attempt=1	proxy=http://wiw4v7duaymysz9-session-77d0497bd7a3-lifetime-10:***@rp.scrapegw.com:6060	ConnectionTimeoutError: Connection timeout to host https://discord.com/api/v9/unique-username/username-attempt-unauthed
2026-09-01 18:30:45	NETWORK	hwdy	attempt=1	proxy=http://wiw4v7duaymysz9-session-7f83941c03dd-lifetime-10:***@rp.scrapegw.com:6060	ConnectionTimeoutError: Connection timeout to host https://discord.com/api/v9/unique-username/username-attempt-unauthed
2026-09-01 18:30:45	NETWORK	hwao	attempt=1	proxy=http://wiw4v7duaymysz9-session-729c04f7a7c8-lifetime-10:***@rp.scrapegw.com:6060	ConnectionTimeoutError: Connection timeout to host https://discord.com/api/v9/unique-username/username-attempt-unauthed
2026-09-01 18:30:45	NETWORK	hwea	attempt=1	proxy=http://wiw4v7duaymysz9-session-c2abc8fd9cd6-lifetime-10:***@rp.scrapegw.com:6060	ConnectionTimeoutError: Connection timeout to host https://discord.com/api/v9/unique-username/username-attempt-unauthed
2026-09-01 18:30:45	NETWORK	hwdn	attempt=1	proxy=http://wiw4v7duaymysz9-session-7780f96febf0-lifetime-10:***@rp.scrapegw.com:6060	ConnectionTimeoutError: Connection timeout to host https://discord.com/api/v9/unique-username/username-attempt-unauthed
2026-09-01 18:30:45	NETWORK	hwdb	attempt=1	proxy=http://wiw4v7duaymysz9-session-3fff6baa4833-lifetime-10:***@rp.scrapegw.com:6060	ConnectionTimeoutError: Connection timeout to host https://discord.com/api/v9/unique-username/username-attempt-unauthed
2026-09-01 18:30:45	NETWORK	hwdl	attempt=1	proxy=http://wiw4v7duaymysz9-session-4a15cd059caa-lifetime-10:***@rp.scrapegw.com:6060	ConnectionTimeoutError: Connection timeout to host https://discord.com/api/v9/unique-username/username-attempt-unauthed
2026-09-01 18:30:45	NETWORK	hwee	attempt=1	proxy=http://wiw4v7duaymysz9-session-f7b9831b0fc8-lifetime-10:***@rp.scrapegw.com:6060	ConnectionTimeoutError: Connection timeout to host https://discord.com/api/v9/unique-username/username-attempt-unauthed
2026-09-01 18:30:45	NETWORK	hwdc	attempt=1	proxy=http://wiw4v7duaymysz9-session-f27a3cf2a75d-lifetime-10:***@rp.scrapegw.com:6060	ConnectionTimeoutError: Connection timeout to host https://discord.com/api/v9/unique-username/username-attempt-unauthed
2026-09-01 18:30:45	NETWORK	hwbg	attempt=1	proxy=http://wiw4v7duaymysz9-session-ac2d384018ef-lifetime-10:***@rp.scrapegw.com:6060	ConnectionTimeoutError: Connection timeout to host https://discord.com/api/v9/unique-username/username-attempt-unauthed
2026-09-01 18:30:45	NETWORK	hwcw	attempt=1	proxy=http://wiw4v7duaymysz9-session-d5b3b86dad97-lifetime-10:***@rp.scrapegw.com:6060	ConnectionTimeoutError: Connection timeout to host https://discord.com/api/v9/unique-username/username-attempt-unauthed
2026-09-01 18:30:45	NETWORK	hwce	attempt=1	proxy=http://wiw4v7duaymysz9-session-de23afd950f3-lifetime-10:***@rp.scrapegw.com:6060	ConnectionTimeoutError: Connection timeout to host https://discord.com/api/v9/unique-username/username-attempt-unauthed
2026-09-01 18:30:45	NETWORK	hwca	attempt=1	proxy=http://wiw4v7duaymysz9-session-1a1241de029c-lifetime-10:***@rp.scrapegw.com:6060	ConnectionTimeoutError: Connection timeout to host https://discord.com/api/v9/unique-username/username-attempt-unauthed
2026-09-01 18:30:45	NETWORK	hwfa	attempt=1	proxy=http://wiw4v7duaymysz9-session-2203b6f18469-lifetime-10:***@rp.scrapegw.com:6060	ConnectionTimeoutError: Connection timeout to host https://discord.com/api/v9/unique-username/username-attempt-unauthed
2026-09-01 18:30:45	NETWORK	hvzh	attempt=1	proxy=http://wiw4v7duaymysz9-session-201ae3d0170a-lifetime-10:***@rp.scrapegw.com:6060	ConnectionTimeoutError: Connection timeout to host https://discord.com/api/v9/unique-username/username-attempt-unauthed
2026-09-01 18:30:45	NETWORK	hwaq	attempt=1	proxy=http://wiw4v7duaymysz9-session-3e86ecc7123d-lifetime-10:***@rp.scrapegw.com:6060	ConnectionTimeoutError: Connection timeout to host https://discord.com/api/v9/unique-username/username-attempt-unauthed
2026-09-01 18:30:45	NETWORK	hvyu	attempt=1	proxy=http://wiw4v7duaymysz9-session-cbc468d3cde4-lifetime-10:***@rp.scrapegw.com:6060	ConnectionTimeoutError: Connection timeout to host https://discord.com/api/v9/unique-username/username-attempt-unauthed
2026-09-01 18:30:45	NETWORK	hwam	attempt=1	proxy=http://wiw4v7duaymysz9-session-c7f7caa596cc-lifetime-10:***@rp.scrapegw.com:6060	ConnectionTimeoutError: Connection timeout to host https://discord.com/api/v9/unique-username/username-attempt-unauthed
2026-09-01 18:30:45	NETWORK	hwav	attempt=1	proxy=http://wiw4v7duaymysz9-session-05a27bde0d50-lifetime-10:***@rp.scrapegw.com:6060	ConnectionTimeoutError: Connection timeout to host https://discord.com/api/v9/unique-username/username-attempt-unauthed
2026-09-01 18:30:45	NETWORK	hweo	attempt=1	proxy=http://wiw4v7duaymysz9-session-dbcd07738332-lifetime-10:***@rp.scrapegw.com:6060	ConnectionTimeoutError: Connection timeout to host https://discord.com/api/v9/unique-username/username-attempt-unauthed
2026-09-01 18:30:45	NETWORK	hvze	attempt=1	proxy=http://wiw4v7duaymysz9-session-1d078c313925-lifetime-10:***@rp.scrapegw.com:6060	ConnectionTimeoutError: Connection timeout to host https://discord.com/api/v9/unique-username/username-attempt-unauthed
2026-09-01 18:30:45	NETWORK	hwbl	attempt=1	proxy=http://wiw4v7duaymysz9-session-3d4c9ff4bd13-lifetime-10:***@rp.scrapegw.com:6060	ConnectionTimeoutError: Connection timeout to host https://discord.com/api/v9/unique-username/username-attempt-unauthed
2026-09-01 18:30:45	HTTP_429	hzgl	attempt=1	proxy=http://wiw4v7duaymysz9-session-8f58683c30bb-lifetime-10:***@rp.scrapegw.com:6060	scope=shared global=False retry_after=2055.00s
2026-09-01 18:30:46	HTTP_429	hzhy	attempt=1	proxy=http://wiw4v7duaymysz9-session-baf0886a1986-lifetime-10:***@rp.scrapegw.com:6060	scope=shared global=False retry_after=2051.00s
2026-09-01 18:30:46	HTTP_429	hzjf	attempt=1	proxy=http://wiw4v7duaymysz9-session-c7f077dfde74-lifetime-10:***@rp.scrapegw.com:6060	scope=shared global=False retry_after=1763.00s
2026-09-01 18:30:46	NETWORK	hwie	attempt=1	proxy=http://wiw4v7duaymysz9-session-349ee090508f-lifetime-10:***@rp.scrapegw.com:6060	ConnectionTimeoutError: Connection timeout to host https://discord.com/api/v9/unique-username/username-attempt-unauthed
2026-09-01 18:30:46	NETWORK	hwij	attempt=1	proxy=http://wiw4v7duaymysz9-session-7fa0378744a0-lifetime-10:***@rp.scrapegw.com:6060	ConnectionTimeoutError: Connection timeout to host https://discord.com/api/v9/unique-username/username-attempt-unauthed
2026-09-01 18:30:46	NETWORK	hwlx	attempt=1	proxy=http://wiw4v7duaymysz9-session-4aee41b70edf-lifetime-10:***@rp.scrapegw.com:6060	ConnectionTimeoutError: Connection timeout to host https://discord.com/api/v9/unique-username/username-attempt-unauthed
2026-09-01 18:30:46	NETWORK	hwhb	attempt=1	proxy=http://wiw4v7duaymysz9-session-c9b148ac3e4f-lifetime-10:***@rp.scrapegw.com:6060	ConnectionTimeoutError: Connection timeout to host https://discord.com/api/v9/unique-username/username-attempt-unauthed
2026-09-01 18:30:46	NETWORK	hwkt	attempt=1	proxy=http://wiw4v7duaymysz9-session-986702298beb-lifetime-10:***@rp.scrapegw.com:6060	ConnectionTimeoutError: Connection timeout to host https://discord.com/api/v9/unique-username/username-attempt-unauthed
2026-09-01 18:30:46	NETWORK	hwkq	attempt=1	proxy=http://wiw4v7duaymysz9-session-c94ad147c2be-lifetime-10:***@rp.scrapegw.com:6060	ConnectionTimeoutError: Connection timeout to host https://discord.com/api/v9/unique-username/username-attempt-unauthed
2026-09-01 18:30:46	NETWORK	hwla	attempt=1	proxy=http://wiw4v7duaymysz9-session-a79867b4c26b-lifetime-10:***@rp.scrapegw.com:6060	ConnectionTimeoutError: Connection timeout to host https://discord.com/api/v9/unique-username/username-attempt-unauthed
2026-09-01 18:30:46	NETWORK	hwko	attempt=1	proxy=http://wiw4v7duaymysz9-session-fd55cf3965eb-lifetime-10:***@rp.scrapegw.com:6060	ConnectionTimeoutError: Connection timeout to host https://discord.com/api/v9/unique-username/username-attempt-unauthed
2026-09-01 18:30:46	NETWORK	hwhn	attempt=1	proxy=http://wiw4v7duaymysz9-session-8968f731b02e-lifetime-10:***@rp.scrapegw.com:6060	ConnectionTimeoutError: Connection timeout to host https://discord.com/api/v9/unique-username/username-attempt-unauthed
2026-09-01 18:30:46	NETWORK	hwle	attempt=1	proxy=http://wiw4v7duaymysz9-session-acb87b0021e7-lifetime-10:***@rp.scrapegw.com:6060	ConnectionTimeoutError: Connection timeout to host https://discord.com/api/v9/unique-username/username-attempt-unauthed
2026-09-01 18:30:46	NETWORK	hwhq	attempt=1	proxy=http://wiw4v7duaymysz9-session-79127d4c6ce1-lifetime-10:***@rp.scrapegw.com:6060	ConnectionTimeoutError: Connection timeout to host https://discord.com/api/v9/unique-username/username-attempt-unauthed
2026-09-01 18:30:46	NETWORK	hwgm	attempt=1	proxy=http://wiw4v7duaymysz9-session-66e973c322ee-lifetime-10:***@rp.scrapegw.com:6060	ConnectionTimeoutError: Connection timeout to host https://discord.com/api/v9/unique-username/username-attempt-unauthed
2026-09-01 18:30:46	NETWORK	hwjh	attempt=1	proxy=http://wiw4v7duaymysz9-session-9b556a25536f-lifetime-10:***@rp.scrapegw.com:6060	ConnectionTimeoutError: Connection timeout to host https://discord.com/api/v9/unique-username/username-attempt-unauthed
2026-09-01 18:30:46	NETWORK	hwgv	attempt=1	proxy=http://wiw4v7duaymysz9-session-a3ee7500b64b-lifetime-10:***@rp.scrapegw.com:6060	ConnectionTimeoutError: Connection timeout to host https://discord.com/api/v9/unique-username/username-attempt-unauthed
2026-09-01 18:30:46	NETWORK	hwiy	attempt=1	proxy=http://wiw4v7duaymysz9-session-b22a91e0d25b-lifetime-10:***@rp.scrapegw.com:6060	ConnectionTimeoutError: Connection timeout to host https://discord.com/api/v9/unique-username/username-attempt-unauthed
2026-09-01 18:30:46	NETWORK	hwfn	attempt=1	proxy=http://wiw4v7duaymysz9-session-35a1a4964d64-lifetime-10:***@rp.scrapegw.com:6060	ConnectionTimeoutError: Connection timeout to host https://discord.com/api/v9/unique-username/username-attempt-unauthed
2026-09-01 18:30:46	NETWORK	hwhc	attempt=1	proxy=http://wiw4v7duaymysz9-session-7fc8486c6d6e-lifetime-10:***@rp.scrapegw.com:6060	ConnectionTimeoutError: Connection timeout to host https://discord.com/api/v9/unique-username/username-attempt-unauthed
2026-09-01 18:30:46	NETWORK	hwmj	attempt=1	proxy=http://wiw4v7duaymysz9-session-5bf641d983c1-lifetime-10:***@rp.scrapegw.com:6060	ConnectionTimeoutError: Connection timeout to host https://discord.com/api/v9/unique-username/username-attempt-unauthed
2026-09-01 18:30:46	NETWORK	hwln	attempt=1	proxy=http://wiw4v7duaymysz9-session-5cd9c9690c94-lifetime-10:***@rp.scrapegw.com:6060	ConnectionTimeoutError: Connection timeout to host https://discord.com/api/v9/unique-username/username-attempt-unauthed
2026-09-01 18:30:46	NETWORK	hwmi	attempt=1	proxy=http://wiw4v7duaymysz9-session-7bf4686ada00-lifetime-10:***@rp.scrapegw.com:6060	ConnectionTimeoutError: Connection timeout to host https://discord.com/api/v9/unique-username/username-attempt-unauthed
2026-09-01 18:30:46	NETWORK	hwli	attempt=1	proxy=http://wiw4v7duaymysz9-session-438fa27a022d-lifetime-10:***@rp.scrapegw.com:6060	ConnectionTimeoutError: Connection timeout to host https://discord.com/api/v9/unique-username/username-attempt-unauthed
2026-09-01 18:30:46	NETWORK	hwlc	attempt=1	proxy=http://wiw4v7duaymysz9-session-5aa00ede7872-lifetime-10:***@rp.scrapegw.com:6060	ConnectionTimeoutError: Connection timeout to host https://discord.com/api/v9/unique-username/username-attempt-unauthed
2026-09-01 18:30:46	NETWORK	hwhe	attempt=1	proxy=http://wiw4v7duaymysz9-session-5a11f7c7a726-lifetime-10:***@rp.scrapegw.com:6060	ConnectionTimeoutError: Connection timeout to host https://discord.com/api/v9/unique-username/username-attempt-unauthed
2026-09-01 18:30:46	NETWORK	hwio	attempt=1	proxy=http://wiw4v7duaymysz9-session-74f231b3d155-lifetime-10:***@rp.scrapegw.com:6060	ConnectionTimeoutError: Connection timeout to host https://discord.com/api/v9/unique-username/username-attempt-unauthed
2026-09-01 18:30:46	NETWORK	hwly	attempt=1	proxy=http://wiw4v7duaymysz9-session-54101ba9e355-lifetime-10:***@rp.scrapegw.com:6060	ConnectionTimeoutError: Connection timeout to host https://discord.com/api/v9/unique-username/username-attempt-unauthed
2026-09-01 18:30:46	NETWORK	hwnb	attempt=1	proxy=http://wiw4v7duaymysz9-session-0d7ef4177284-lifetime-10:***@rp.scrapegw.com:6060	ConnectionTimeoutError: Connection timeout to host https://discord.com/api/v9/unique-username/username-attempt-unauthed
2026-09-01 18:30:46	NETWORK	hwfw	attempt=1	proxy=http://wiw4v7duaymysz9-session-12d49bdbdb16-lifetime-10:***@rp.scrapegw.com:6060	ConnectionTimeoutError: Connection timeout to host https://discord.com/api/v9/unique-username/username-attempt-unauthed
2026-09-01 18:30:46	NETWORK	hwjk	attempt=1	proxy=http://wiw4v7duaymysz9-session-4ace8520a832-lifetime-10:***@rp.scrapegw.com:6060	ConnectionTimeoutError: Connection timeout to host https://discord.com/api/v9/unique-username/username-attempt-unauthed
2026-09-01 18:30:46	NETWORK	hwga	attempt=1	proxy=http://wiw4v7duaymysz9-session-e03552a94c3e-lifetime-10:***@rp.scrapegw.com:6060	ConnectionTimeoutError: Connection timeout to host https://discord.com/api/v9/unique-username/username-attempt-unauthed
2026-09-01 18:30:46	NETWORK	hwib	attempt=1	proxy=http://wiw4v7duaymysz9-session-4dd3b1c75b63-lifetime-10:***@rp.scrapegw.com:6060	ConnectionTimeoutError: Connection timeout to host https://discord.com/api/v9/unique-username/username-attempt-unauthed
2026-09-01 18:30:46	NETWORK	hwkx	attempt=1	proxy=http://wiw4v7duaymysz9-session-be6d3e864693-lifetime-10:***@rp.scrapegw.com:6060	ConnectionTimeoutError: Connection timeout to host https://discord.com/api/v9/unique-username/username-attempt-unauthed
2026-09-01 18:30:46	NETWORK	hwge	attempt=1	proxy=http://wiw4v7duaymysz9-session-06e784302e18-lifetime-10:***@rp.scrapegw.com:6060	ConnectionTimeoutError: Connection timeout to host https://discord.com/api/v9/unique-username/username-attempt-unauthed
2026-09-01 18:30:46	NETWORK	hwjf	attempt=1	proxy=http://wiw4v7duaymysz9-session-bdaaa456e2c6-lifetime-10:***@rp.scrapegw.com:6060	ConnectionTimeoutError: Connection timeout to host https://discord.com/api/v9/unique-username/username-attempt-unauthed
2026-09-01 18:30:46	NETWORK	hwkz	attempt=1	proxy=http://wiw4v7duaymysz9-session-e114139c31a3-lifetime-10:***@rp.scrapegw.com:6060	ConnectionTimeoutError: Connection timeout to host https://discord.com/api/v9/unique-username/username-attempt-unauthed
2026-09-01 18:30:46	NETWORK	hwjc	attempt=1	proxy=http://wiw4v7duaymysz9-session-bccbc3f3acb4-lifetime-10:***@rp.scrapegw.com:6060	ConnectionTimeoutError: Connection timeout to host https://discord.com/api/v9/unique-username/username-attempt-unauthed
2026-09-01 18:30:46	NETWORK	hwgq	attempt=1	proxy=http://wiw4v7duaymysz9-session-d223e851727e-lifetime-10:***@rp.scrapegw.com:6060	ConnectionTimeoutError: Connection timeout to host https://discord.com/api/v9/unique-username/username-attempt-unauthed
2026-09-01 18:30:46	HTTP_429	hzms	attempt=1	proxy=http://wiw4v7duaymysz9-session-1117fee13d58-lifetime-10:***@rp.scrapegw.com:6060	scope=shared global=False retry_after=1492.00s
2026-09-01 18:30:47	HTTP_429	hzrr	attempt=1	proxy=http://wiw4v7duaymysz9-session-77aa39f59f35-lifetime-10:***@rp.scrapegw.com:6060	scope=shared global=False retry_after=2057.00s
2026-09-01 18:30:47	NETWORK	hxoq	attempt=1	proxy=http://wiw4v7duaymysz9-session-bd18097fa647-lifetime-10:***@rp.scrapegw.com:6060	ClientConnectorError: Cannot connect to host discord.com:443 ssl:default [Connection reset by peer]
2026-09-01 18:30:47	HTTP_429	hztb	attempt=1	proxy=http://wiw4v7duaymysz9-session-fe5adb470b41-lifetime-10:***@rp.scrapegw.com:6060	scope=shared global=False retry_after=1632.00s
2026-09-01 18:30:47	NETWORK	hxvs	attempt=1	proxy=http://wiw4v7duaymysz9-session-9ae6223ed9e3-lifetime-10:***@rp.scrapegw.com:6060	ClientConnectorCertificateError: Cannot connect to host discord.com:443 ssl:True [SSLCertVerificationError: (1, '[SSL: CERTIFICATE_VERIFY_FAILED] certificate verify failed: self-signed certificate (_ssl.c:1081)')]
2026-09-01 18:30:47	NETWORK	hwrd	attempt=1	proxy=http://wiw4v7duaymysz9-session-3ab6dbbc7af6-lifetime-10:***@rp.scrapegw.com:6060	ConnectionTimeoutError: Connection timeout to host https://discord.com/api/v9/unique-username/username-attempt-unauthed
2026-09-01 18:30:47	NETWORK	hwox	attempt=1	proxy=http://wiw4v7duaymysz9-session-f79289a580e2-lifetime-10:***@rp.scrapegw.com:6060	ConnectionTimeoutError: Connection timeout to host https://discord.com/api/v9/unique-username/username-attempt-unauthed
2026-09-01 18:30:47	NETWORK	hwpv	attempt=1	proxy=http://wiw4v7duaymysz9-session-7b6d2c103b08-lifetime-10:***@rp.scrapegw.com:6060	ConnectionTimeoutError: Connection timeout to host https://discord.com/api/v9/unique-username/username-attempt-unauthed
2026-09-01 18:30:47	NETWORK	hwso	attempt=1	proxy=http://wiw4v7duaymysz9-session-0b88fc3dab18-lifetime-10:***@rp.scrapegw.com:6060	ConnectionTimeoutError: Connection timeout to host https://discord.com/api/v9/unique-username/username-attempt-unauthed
2026-09-01 18:30:47	NETWORK	hwrl	attempt=1	proxy=http://wiw4v7duaymysz9-session-05544d4eecd0-lifetime-10:***@rp.scrapegw.com:6060	ConnectionTimeoutError: Connection timeout to host https://discord.com/api/v9/unique-username/username-attempt-unauthed
2026-09-01 18:30:47	NETWORK	hwpi	attempt=1	proxy=http://wiw4v7duaymysz9-session-c78b7518951e-lifetime-10:***@rp.scrapegw.com:6060	ConnectionTimeoutError: Connection timeout to host https://discord.com/api/v9/unique-username/username-attempt-unauthed
2026-09-01 18:30:47	NETWORK	hwoh	attempt=1	proxy=http://wiw4v7duaymysz9-session-86d6c07d1961-lifetime-10:***@rp.scrapegw.com:6060	ConnectionTimeoutError: Connection timeout to host https://discord.com/api/v9/unique-username/username-attempt-unauthed
2026-09-01 18:30:47	NETWORK	hwob	attempt=1	proxy=http://wiw4v7duaymysz9-session-db801c1810c2-lifetime-10:***@rp.scrapegw.com:6060	ConnectionTimeoutError: Connection timeout to host https://discord.com/api/v9/unique-username/username-attempt-unauthed
2026-09-01 18:30:47	NETWORK	hwnt	attempt=1	proxy=http://wiw4v7duaymysz9-session-326fa33ca577-lifetime-10:***@rp.scrapegw.com:6060	ConnectionTimeoutError: Connection timeout to host https://discord.com/api/v9/unique-username/username-attempt-unauthed
2026-09-01 18:30:47	NETWORK	hwtb	attempt=1	proxy=http://wiw4v7duaymysz9-session-f69a870f2bb6-lifetime-10:***@rp.scrapegw.com:6060	ConnectionTimeoutError: Connection timeout to host https://discord.com/api/v9/unique-username/username-attempt-unauthed
2026-09-01 18:30:47	NETWORK	hwqh	attempt=1	proxy=http://wiw4v7duaymysz9-session-a0133e754029-lifetime-10:***@rp.scrapegw.com:6060	ConnectionTimeoutError: Connection timeout to host https://discord.com/api/v9/unique-username/username-attempt-unauthed
2026-09-01 18:30:47	NETWORK	hwov	attempt=1	proxy=http://wiw4v7duaymysz9-session-bd496eaf3dd8-lifetime-10:***@rp.scrapegw.com:6060	ConnectionTimeoutError: Connection timeout to host https://discord.com/api/v9/unique-username/username-attempt-unauthed
2026-09-01 18:30:47	NETWORK	hwrh	attempt=1	proxy=http://wiw4v7duaymysz9-session-c6ae831d832f-lifetime-10:***@rp.scrapegw.com:6060	ConnectionTimeoutError: Connection timeout to host https://discord.com/api/v9/unique-username/username-attempt-unauthed
2026-09-01 18:30:47	NETWORK	hwrv	attempt=1	proxy=http://wiw4v7duaymysz9-session-b943a0ae7e35-lifetime-10:***@rp.scrapegw.com:6060	ConnectionTimeoutError: Connection timeout to host https://discord.com/api/v9/unique-username/username-attempt-unauthed
2026-09-01 18:30:47	NETWORK	hwsj	attempt=1	proxy=http://wiw4v7duaymysz9-session-6cc2223a8e4c-lifetime-10:***@rp.scrapegw.com:6060	ConnectionTimeoutError: Connection timeout to host https://discord.com/api/v9/unique-username/username-attempt-unauthed
2026-09-01 18:30:47	NETWORK	hwsz	attempt=1	proxy=http://wiw4v7duaymysz9-session-3f41cbd6b1d1-lifetime-10:***@rp.scrapegw.com:6060	ConnectionTimeoutError: Connection timeout to host https://discord.com/api/v9/unique-username/username-attempt-unauthed
2026-09-01 18:30:47	NETWORK	hwoz	attempt=1	proxy=http://wiw4v7duaymysz9-session-816952ea7822-lifetime-10:***@rp.scrapegw.com:6060	ConnectionTimeoutError: Connection timeout to host https://discord.com/api/v9/unique-username/username-attempt-unauthed
2026-09-01 18:30:47	NETWORK	hwsg	attempt=1	proxy=http://wiw4v7duaymysz9-session-adce57a9a8b0-lifetime-10:***@rp.scrapegw.com:6060	ConnectionTimeoutError: Connection timeout to host https://discord.com/api/v9/unique-username/username-attempt-unauthed
2026-09-01 18:30:47	NETWORK	hwre	attempt=1	proxy=http://wiw4v7duaymysz9-session-ea2caeade6b5-lifetime-10:***@rp.scrapegw.com:6060	ConnectionTimeoutError: Connection timeout to host https://discord.com/api/v9/unique-username/username-attempt-unauthed
2026-09-01 18:30:47	NETWORK	hwsq	attempt=1	proxy=http://wiw4v7duaymysz9-session-fb7c23dc7e82-lifetime-10:***@rp.scrapegw.com:6060	ConnectionTimeoutError: Connection timeout to host https://discord.com/api/v9/unique-username/username-attempt-unauthed
2026-09-01 18:30:47	NETWORK	hwqj	attempt=1	proxy=http://wiw4v7duaymysz9-session-64d4d3d00712-lifetime-10:***@rp.scrapegw.com:6060	ConnectionTimeoutError: Connection timeout to host https://discord.com/api/v9/unique-username/username-attempt-unauthed
2026-09-01 18:30:47	NETWORK	hwoe	attempt=1	proxy=http://wiw4v7duaymysz9-session-29a39174165f-lifetime-10:***@rp.scrapegw.com:6060	ConnectionTimeoutError: Connection timeout to host https://discord.com/api/v9/unique-username/username-attempt-unauthed
2026-09-01 18:30:47	NETWORK	hwnq	attempt=1	proxy=http://wiw4v7duaymysz9-session-08661118fcc4-lifetime-10:***@rp.scrapegw.com:6060	ConnectionTimeoutError: Connection timeout to host https://discord.com/api/v9/unique-username/username-attempt-unauthed
2026-09-01 18:30:47	NETWORK	hwqe	attempt=1	proxy=http://wiw4v7duaymysz9-session-48107cdc2554-lifetime-10:***@rp.scrapegw.com:6060	ConnectionTimeoutError: Connection timeout to host https://discord.com/api/v9/unique-username/username-attempt-unauthed
2026-09-01 18:30:47	NETWORK	hwsn	attempt=1	proxy=http://wiw4v7duaymysz9-session-9e03a8ebd671-lifetime-10:***@rp.scrapegw.com:6060	ConnectionTimeoutError: Connection timeout to host https://discord.com/api/v9/unique-username/username-attempt-unauthed
2026-09-01 18:30:47	NETWORK	hwro	attempt=1	proxy=http://wiw4v7duaymysz9-session-22feb0b128d4-lifetime-10:***@rp.scrapegw.com:6060	ConnectionTimeoutError: Connection timeout to host https://discord.com/api/v9/unique-username/username-attempt-unauthed
2026-09-01 18:30:47	NETWORK	hwqo	attempt=1	proxy=http://wiw4v7duaymysz9-session-c74325a23181-lifetime-10:***@rp.scrapegw.com:6060	ConnectionTimeoutError: Connection timeout to host https://discord.com/api/v9/unique-username/username-attempt-unauthed
2026-09-01 18:30:47	NETWORK	hwps	attempt=1	proxy=http://wiw4v7duaymysz9-session-a115806f9290-lifetime-10:***@rp.scrapegw.com:6060	ConnectionTimeoutError: Connection timeout to host https://discord.com/api/v9/unique-username/username-attempt-unauthed
2026-09-01 18:30:47	HTTP_429	hxqx	attempt=1	proxy=http://wiw4v7duaymysz9-session-c7f077dfde74-lifetime-10:***@rp.scrapegw.com:6060	scope=shared global=False retry_after=1762.00s
2026-09-01 18:30:47	NETWORK	hynq	attempt=1	proxy=http://wiw4v7duaymysz9-session-58bcbab17301-lifetime-10:***@rp.scrapegw.com:6060	ClientConnectorError: Cannot connect to host discord.com:443 ssl:default [Connection reset by peer]
2026-09-01 18:30:48	HTTP_429	hzxd	attempt=1	proxy=http://wiw4v7duaymysz9-session-68db5307ec00-lifetime-10:***@rp.scrapegw.com:6060	scope=shared global=False retry_after=2052.00s
2026-09-01 18:30:48	HTTP_429	hzxb	attempt=1	proxy=http://wiw4v7duaymysz9-session-2e869a20d9fd-lifetime-10:***@rp.scrapegw.com:6060	scope=shared global=False retry_after=2057.00s
2026-09-01 18:30:48	HTTP_429	hzux	attempt=1	proxy=http://wiw4v7duaymysz9-session-88912cc865ea-lifetime-10:***@rp.scrapegw.com:6060	scope=shared global=False retry_after=1212.00s
2026-09-01 18:30:48	HTTP_429	hzwz	attempt=1	proxy=http://wiw4v7duaymysz9-session-88a1f732d707-lifetime-10:***@rp.scrapegw.com:6060	scope=shared global=False retry_after=801.00s
2026-09-01 18:30:48	HTTP_429	hzxo	attempt=1	proxy=http://wiw4v7duaymysz9-session-17041f634acf-lifetime-10:***@rp.scrapegw.com:6060	scope=shared global=False retry_after=2051.00s
2026-09-01 18:30:48	NETWORK	hxzl	attempt=1	proxy=http://wiw4v7duaymysz9-session-37916cae6450-lifetime-10:***@rp.scrapegw.com:6060	ClientConnectorError: Cannot connect to host discord.com:443 ssl:default [Connection reset by peer]
2026-09-01 18:30:48	HTTP_429	iaap	attempt=1	proxy=http://wiw4v7duaymysz9-session-957b2b4f0ccf-lifetime-10:***@rp.scrapegw.com:6060	scope=shared global=False retry_after=1805.00s
2026-09-01 18:30:48	NETWORK	hwwi	attempt=1	proxy=http://wiw4v7duaymysz9-session-d4b906218a4b-lifetime-10:***@rp.scrapegw.com:6060	ClientConnectorError: Cannot connect to host discord.com:443 ssl:default [Connection reset by peer]
2026-09-01 18:30:48	HTTP_429	iaau	attempt=1	proxy=http://wiw4v7duaymysz9-session-5d4ba05b5c67-lifetime-10:***@rp.scrapegw.com:6060	scope=shared global=False retry_after=1113.00s
2026-09-01 18:30:48	NETWORK	hxoh	attempt=1	proxy=http://wiw4v7duaymysz9-session-858b8aa22ce2-lifetime-10:***@rp.scrapegw.com:6060	ClientConnectorError: Cannot connect to host discord.com:443 ssl:default [Connection reset by peer]
2026-09-01 18:30:48	NETWORK	hwya	attempt=1	proxy=http://wiw4v7duaymysz9-session-71a9d76baeeb-lifetime-10:***@rp.scrapegw.com:6060	ConnectionTimeoutError: Connection timeout to host https://discord.com/api/v9/unique-username/username-attempt-unauthed
2026-09-01 18:30:48	NETWORK	hwxz	attempt=1	proxy=http://wiw4v7duaymysz9-session-bc8a37c6d370-lifetime-10:***@rp.scrapegw.com:6060	ConnectionTimeoutError: Connection timeout to host https://discord.com/api/v9/unique-username/username-attempt-unauthed
2026-09-01 18:30:48	NETWORK	hwxp	attempt=1	proxy=http://wiw4v7duaymysz9-session-2dcced205f69-lifetime-10:***@rp.scrapegw.com:6060	ConnectionTimeoutError: Connection timeout to host https://discord.com/api/v9/unique-username/username-attempt-unauthed
2026-09-01 18:30:48	NETWORK	hwuu	attempt=1	proxy=http://wiw4v7duaymysz9-session-58bcbab17301-lifetime-10:***@rp.scrapegw.com:6060	ConnectionTimeoutError: Connection timeout to host https://discord.com/api/v9/unique-username/username-attempt-unauthed
2026-09-01 18:30:48	NETWORK	hwuw	attempt=1	proxy=http://wiw4v7duaymysz9-session-68893c771d95-lifetime-10:***@rp.scrapegw.com:6060	ConnectionTimeoutError: Connection timeout to host https://discord.com/api/v9/unique-username/username-attempt-unauthed
2026-09-01 18:30:48	NETWORK	hwtn	attempt=1	proxy=http://wiw4v7duaymysz9-session-1f6684e9c6e6-lifetime-10:***@rp.scrapegw.com:6060	ConnectionTimeoutError: Connection timeout to host https://discord.com/api/v9/unique-username/username-attempt-unauthed
2026-09-01 18:30:48	NETWORK	hwxl	attempt=1	proxy=http://wiw4v7duaymysz9-session-f4617f8a817c-lifetime-10:***@rp.scrapegw.com:6060	ConnectionTimeoutError: Connection timeout to host https://discord.com/api/v9/unique-username/username-attempt-unauthed
2026-09-01 18:30:48	NETWORK	hxco	attempt=1	proxy=http://wiw4v7duaymysz9-session-ae969fab1cf6-lifetime-10:***@rp.scrapegw.com:6060	ConnectionTimeoutError: Connection timeout to host https://discord.com/api/v9/unique-username/username-attempt-unauthed
2026-09-01 18:30:48	NETWORK	hxbs	attempt=1	proxy=http://wiw4v7duaymysz9-session-87f30de91771-lifetime-10:***@rp.scrapegw.com:6060	ConnectionTimeoutError: Connection timeout to host https://discord.com/api/v9/unique-username/username-attempt-unauthed
2026-09-01 18:30:48	NETWORK	hxbv	attempt=1	proxy=http://wiw4v7duaymysz9-session-326626ff0fd2-lifetime-10:***@rp.scrapegw.com:6060	ConnectionTimeoutError: Connection timeout to host https://discord.com/api/v9/unique-username/username-attempt-unauthed
2026-09-01 18:30:48	NETWORK	hxbn	attempt=1	proxy=http://wiw4v7duaymysz9-session-1cb4165fc6e0-lifetime-10:***@rp.scrapegw.com:6060	ConnectionTimeoutError: Connection timeout to host https://discord.com/api/v9/unique-username/username-attempt-unauthed
2026-09-01 18:30:48	NETWORK	hxcs	attempt=1	proxy=http://wiw4v7duaymysz9-session-0cb2f15cedad-lifetime-10:***@rp.scrapegw.com:6060	ConnectionTimeoutError: Connection timeout to host https://discord.com/api/v9/unique-username/username-attempt-unauthed
2026-09-01 18:30:48	NETWORK	hwyq	attempt=1	proxy=http://wiw4v7duaymysz9-session-e4944df96732-lifetime-10:***@rp.scrapegw.com:6060	ConnectionTimeoutError: Connection timeout to host https://discord.com/api/v9/unique-username/username-attempt-unauthed
2026-09-01 18:30:48	NETWORK	hwyw	attempt=1	proxy=http://wiw4v7duaymysz9-session-4b4fe09b0cf0-lifetime-10:***@rp.scrapegw.com:6060	ConnectionTimeoutError: Connection timeout to host https://discord.com/api/v9/unique-username/username-attempt-unauthed
2026-09-01 18:30:48	NETWORK	hwyr	attempt=1	proxy=http://wiw4v7duaymysz9-session-6f33927da91d-lifetime-10:***@rp.scrapegw.com:6060	ConnectionTimeoutError: Connection timeout to host https://discord.com/api/v9/unique-username/username-attempt-unauthed
2026-09-01 18:30:48	NETWORK	hxah	attempt=1	proxy=http://wiw4v7duaymysz9-session-72e45a1c9672-lifetime-10:***@rp.scrapegw.com:6060	ConnectionTimeoutError: Connection timeout to host https://discord.com/api/v9/unique-username/username-attempt-unauthed
2026-09-01 18:30:48	NETWORK	hwtr	attempt=1	proxy=http://wiw4v7duaymysz9-session-885735ccec9b-lifetime-10:***@rp.scrapegw.com:6060	ConnectionTimeoutError: Connection timeout to host https://discord.com/api/v9/unique-username/username-attempt-unauthed
2026-09-01 18:30:48	NETWORK	hwzx	attempt=1	proxy=http://wiw4v7duaymysz9-session-a859eabbd7de-lifetime-10:***@rp.scrapegw.com:6060	ConnectionTimeoutError: Connection timeout to host https://discord.com/api/v9/unique-username/username-attempt-unauthed
2026-09-01 18:30:48	NETWORK	hxap	attempt=1	proxy=http://wiw4v7duaymysz9-session-2042039c31fa-lifetime-10:***@rp.scrapegw.com:6060	ConnectionTimeoutError: Connection timeout to host https://discord.com/api/v9/unique-username/username-attempt-unauthed
2026-09-01 18:30:48	NETWORK	hwyh	attempt=1	proxy=http://wiw4v7duaymysz9-session-a84c72120160-lifetime-10:***@rp.scrapegw.com:6060	ConnectionTimeoutError: Connection timeout to host https://discord.com/api/v9/unique-username/username-attempt-unauthed
2026-09-01 18:30:48	NETWORK	hxcf	attempt=1	proxy=http://wiw4v7duaymysz9-session-4be0bc26d716-lifetime-10:***@rp.scrapegw.com:6060	ConnectionTimeoutError: Connection timeout to host https://discord.com/api/v9/unique-username/username-attempt-unauthed
2026-09-01 18:30:48	NETWORK	hwxm	attempt=1	proxy=http://wiw4v7duaymysz9-session-09ce06d3af93-lifetime-10:***@rp.scrapegw.com:6060	ConnectionTimeoutError: Connection timeout to host https://discord.com/api/v9/unique-username/username-attempt-unauthed
2026-09-01 18:30:48	NETWORK	hwzt	attempt=1	proxy=http://wiw4v7duaymysz9-session-508d8e57e06d-lifetime-10:***@rp.scrapegw.com:6060	ConnectionTimeoutError: Connection timeout to host https://discord.com/api/v9/unique-username/username-attempt-unauthed
2026-09-01 18:30:48	NETWORK	hwua	attempt=1	proxy=http://wiw4v7duaymysz9-session-91a4a54d0241-lifetime-10:***@rp.scrapegw.com:6060	ConnectionTimeoutError: Connection timeout to host https://discord.com/api/v9/unique-username/username-attempt-unauthed
2026-09-01 18:30:48	NETWORK	hwtp	attempt=1	proxy=http://wiw4v7duaymysz9-session-8ec4dd5c8225-lifetime-10:***@rp.scrapegw.com:6060	ConnectionTimeoutError: Connection timeout to host https://discord.com/api/v9/unique-username/username-attempt-unauthed
2026-09-01 18:30:48	NETWORK	hwvh	attempt=1	proxy=http://wiw4v7duaymysz9-session-ee71815cbad6-lifetime-10:***@rp.scrapegw.com:6060	ConnectionTimeoutError: Connection timeout to host https://discord.com/api/v9/unique-username/username-attempt-unauthed
2026-09-01 18:30:48	NETWORK	hwux	attempt=1	proxy=http://wiw4v7duaymysz9-session-430e7bada044-lifetime-10:***@rp.scrapegw.com:6060	ConnectionTimeoutError: Connection timeout to host https://discord.com/api/v9/unique-username/username-attempt-unauthed
2026-09-01 18:30:48	NETWORK	hwvp	attempt=1	proxy=http://wiw4v7duaymysz9-session-6e1d642e2f28-lifetime-10:***@rp.scrapegw.com:6060	ConnectionTimeoutError: Connection timeout to host https://discord.com/api/v9/unique-username/username-attempt-unauthed
2026-09-01 18:30:48	NETWORK	hwuv	attempt=1	proxy=http://wiw4v7duaymysz9-session-44790fb022ee-lifetime-10:***@rp.scrapegw.com:6060	ConnectionTimeoutError: Connection timeout to host https://discord.com/api/v9/unique-username/username-attempt-unauthed
2026-09-01 18:30:48	NETWORK	hxdo	attempt=1	proxy=http://wiw4v7duaymysz9-session-674527eb82c1-lifetime-10:***@rp.scrapegw.com:6060	ConnectionTimeoutError: Connection timeout to host https://discord.com/api/v9/unique-username/username-attempt-unauthed
2026-09-01 18:30:48	NETWORK	hwvw	attempt=1	proxy=http://wiw4v7duaymysz9-session-d3a4e6e9d699-lifetime-10:***@rp.scrapegw.com:6060	ConnectionTimeoutError: Connection timeout to host https://discord.com/api/v9/unique-username/username-attempt-unauthed
2026-09-01 18:30:48	NETWORK	hxdi	attempt=1	proxy=http://wiw4v7duaymysz9-session-9c66db827da5-lifetime-10:***@rp.scrapegw.com:6060	ConnectionTimeoutError: Connection timeout to host https://discord.com/api/v9/unique-username/username-attempt-unauthed
2026-09-01 18:30:48	NETWORK	hxba	attempt=1	proxy=http://wiw4v7duaymysz9-session-d95030fb35bc-lifetime-10:***@rp.scrapegw.com:6060	ConnectionTimeoutError: Connection timeout to host https://discord.com/api/v9/unique-username/username-attempt-unauthed
2026-09-01 18:30:48	NETWORK	hxaa	attempt=1	proxy=http://wiw4v7duaymysz9-session-68dfabe497d1-lifetime-10:***@rp.scrapegw.com:6060	ConnectionTimeoutError: Connection timeout to host https://discord.com/api/v9/unique-username/username-attempt-unauthed
2026-09-01 18:30:48	NETWORK	hwwq	attempt=1	proxy=http://wiw4v7duaymysz9-session-c22171e48b29-lifetime-10:***@rp.scrapegw.com:6060	ConnectionTimeoutError: Connection timeout to host https://discord.com/api/v9/unique-username/username-attempt-unauthed
2026-09-01 18:30:48	NETWORK	hxbo	attempt=1	proxy=http://wiw4v7duaymysz9-session-505ceb37ac0d-lifetime-10:***@rp.scrapegw.com:6060	ConnectionTimeoutError: Connection timeout to host https://discord.com/api/v9/unique-username/username-attempt-unauthed
2026-09-01 18:30:48	NETWORK	hxak	attempt=1	proxy=http://wiw4v7duaymysz9-session-cadd6db3e16b-lifetime-10:***@rp.scrapegw.com:6060	ConnectionTimeoutError: Connection timeout to host https://discord.com/api/v9/unique-username/username-attempt-unauthed
2026-09-01 18:30:48	NETWORK	hwzg	attempt=1	proxy=http://wiw4v7duaymysz9-session-0bc8d64d2038-lifetime-10:***@rp.scrapegw.com:6060	ConnectionTimeoutError: Connection timeout to host https://discord.com/api/v9/unique-username/username-attempt-unauthed
2026-09-01 18:30:48	NETWORK	hwzc	attempt=1	proxy=http://wiw4v7duaymysz9-session-222a6134f9cb-lifetime-10:***@rp.scrapegw.com:6060	ConnectionTimeoutError: Connection timeout to host https://discord.com/api/v9/unique-username/username-attempt-unauthed
2026-09-01 18:30:48	NETWORK	hxal	attempt=1	proxy=http://wiw4v7duaymysz9-session-1db9d1904046-lifetime-10:***@rp.scrapegw.com:6060	ConnectionTimeoutError: Connection timeout to host https://discord.com/api/v9/unique-username/username-attempt-unauthed
2026-09-01 18:30:48	NETWORK	hwug	attempt=1	proxy=http://wiw4v7duaymysz9-session-83fa63e64953-lifetime-10:***@rp.scrapegw.com:6060	ConnectionTimeoutError: Connection timeout to host https://discord.com/api/v9/unique-username/username-attempt-unauthed
2026-09-01 18:30:48	NETWORK	hwyy	attempt=1	proxy=http://wiw4v7duaymysz9-session-f164d68fb64a-lifetime-10:***@rp.scrapegw.com:6060	ConnectionTimeoutError: Connection timeout to host https://discord.com/api/v9/unique-username/username-attempt-unauthed
2026-09-01 18:30:48	HTTP_429	iabq	attempt=1	proxy=http://wiw4v7duaymysz9-session-f1dadaacbde2-lifetime-10:***@rp.scrapegw.com:6060	scope=shared global=False retry_after=2051.00s
2026-09-01 18:30:48	HTTP_429	iaej	attempt=1	proxy=http://wiw4v7duaymysz9-session-09433a050eed-lifetime-10:***@rp.scrapegw.com:6060	scope=shared global=False retry_after=1668.00s
2026-09-01 18:30:49	NETWORK	hxyh	attempt=1	proxy=http://wiw4v7duaymysz9-session-376abbebfc16-lifetime-10:***@rp.scrapegw.com:6060	ClientConnectorError: Cannot connect to host discord.com:443 ssl:default [Connection reset by peer]
2026-09-01 18:30:49	NETWORK	hyiu	attempt=1	proxy=http://wiw4v7duaymysz9-session-a0133e754029-lifetime-10:***@rp.scrapegw.com:6060	ClientConnectorError: Cannot connect to host discord.com:443 ssl:default [Connection reset by peer]
2026-09-01 18:30:49	HTTP_429	hxpt	attempt=1	proxy=http://wiw4v7duaymysz9-session-7577437e52a7-lifetime-10:***@rp.scrapegw.com:6060	scope=shared global=False retry_after=739.00s
2026-09-01 18:30:49	NETWORK	hxgs	attempt=1	proxy=http://wiw4v7duaymysz9-session-f2582552710a-lifetime-10:***@rp.scrapegw.com:6060	ConnectionTimeoutError: Connection timeout to host https://discord.com/api/v9/unique-username/username-attempt-unauthed
2026-09-01 18:30:49	NETWORK	hxem	attempt=1	proxy=http://wiw4v7duaymysz9-session-a7a823d53fb7-lifetime-10:***@rp.scrapegw.com:6060	ConnectionTimeoutError: Connection timeout to host https://discord.com/api/v9/unique-username/username-attempt-unauthed
2026-09-01 18:30:49	NETWORK	hxlt	attempt=1	proxy=http://wiw4v7duaymysz9-session-a8fda50ae7cd-lifetime-10:***@rp.scrapegw.com:6060	ConnectionTimeoutError: Connection timeout to host https://discord.com/api/v9/unique-username/username-attempt-unauthed
2026-09-01 18:30:49	NETWORK	hxek	attempt=1	proxy=http://wiw4v7duaymysz9-session-a1d2c2091ba3-lifetime-10:***@rp.scrapegw.com:6060	ConnectionTimeoutError: Connection timeout to host https://discord.com/api/v9/unique-username/username-attempt-unauthed
2026-09-01 18:30:49	NETWORK	hxew	attempt=1	proxy=http://wiw4v7duaymysz9-session-91d866a07b3c-lifetime-10:***@rp.scrapegw.com:6060	ConnectionTimeoutError: Connection timeout to host https://discord.com/api/v9/unique-username/username-attempt-unauthed
2026-09-01 18:30:49	NETWORK	hxik	attempt=1	proxy=http://wiw4v7duaymysz9-session-d4d4016cbc5d-lifetime-10:***@rp.scrapegw.com:6060	ConnectionTimeoutError: Connection timeout to host https://discord.com/api/v9/unique-username/username-attempt-unauthed
2026-09-01 18:30:49	NETWORK	hxhe	attempt=1	proxy=http://wiw4v7duaymysz9-session-0d58af88e69c-lifetime-10:***@rp.scrapegw.com:6060	ConnectionTimeoutError: Connection timeout to host https://discord.com/api/v9/unique-username/username-attempt-unauthed
2026-09-01 18:30:49	NETWORK	hxfj	attempt=1	proxy=http://wiw4v7duaymysz9-session-f54a5fbd2fdd-lifetime-10:***@rp.scrapegw.com:6060	ConnectionTimeoutError: Connection timeout to host https://discord.com/api/v9/unique-username/username-attempt-unauthed
2026-09-01 18:30:49	NETWORK	hxgl	attempt=1	proxy=http://wiw4v7duaymysz9-session-e415780de56e-lifetime-10:***@rp.scrapegw.com:6060	ConnectionTimeoutError: Connection timeout to host https://discord.com/api/v9/unique-username/username-attempt-unauthed
2026-09-01 18:30:49	NETWORK	hxla	attempt=1	proxy=http://wiw4v7duaymysz9-session-918db8b44b43-lifetime-10:***@rp.scrapegw.com:6060	ConnectionTimeoutError: Connection timeout to host https://discord.com/api/v9/unique-username/username-attempt-unauthed
2026-09-01 18:30:49	NETWORK	hxju	attempt=1	proxy=http://wiw4v7duaymysz9-session-91c0e0420f8c-lifetime-10:***@rp.scrapegw.com:6060	ConnectionTimeoutError: Connection timeout to host https://discord.com/api/v9/unique-username/username-attempt-unauthed
2026-09-01 18:30:49	NETWORK	hxml	attempt=1	proxy=http://wiw4v7duaymysz9-session-af02800e637d-lifetime-10:***@rp.scrapegw.com:6060	ConnectionTimeoutError: Connection timeout to host https://discord.com/api/v9/unique-username/username-attempt-unauthed
2026-09-01 18:30:49	NETWORK	hxib	attempt=1	proxy=http://wiw4v7duaymysz9-session-f802330684e9-lifetime-10:***@rp.scrapegw.com:6060	ConnectionTimeoutError: Connection timeout to host https://discord.com/api/v9/unique-username/username-attempt-unauthed
2026-09-01 18:30:49	NETWORK	hxhb	attempt=1	proxy=http://wiw4v7duaymysz9-session-eeba027868d3-lifetime-10:***@rp.scrapegw.com:6060	ConnectionTimeoutError: Connection timeout to host https://discord.com/api/v9/unique-username/username-attempt-unauthed
2026-09-01 18:30:49	NETWORK	hxlc	attempt=1	proxy=http://wiw4v7duaymysz9-session-964feb8da52d-lifetime-10:***@rp.scrapegw.com:6060	ConnectionTimeoutError: Connection timeout to host https://discord.com/api/v9/unique-username/username-attempt-unauthed
2026-09-01 18:30:49	NETWORK	hxld	attempt=1	proxy=http://wiw4v7duaymysz9-session-7b18e384f5b2-lifetime-10:***@rp.scrapegw.com:6060	ConnectionTimeoutError: Connection timeout to host https://discord.com/api/v9/unique-username/username-attempt-unauthed
2026-09-01 18:30:49	NETWORK	hxgw	attempt=1	proxy=http://wiw4v7duaymysz9-session-c4b1cd97096d-lifetime-10:***@rp.scrapegw.com:6060	ConnectionTimeoutError: Connection timeout to host https://discord.com/api/v9/unique-username/username-attempt-unauthed
2026-09-01 18:30:49	NETWORK	hxfw	attempt=1	proxy=http://wiw4v7duaymysz9-session-ca5a622d10ff-lifetime-10:***@rp.scrapegw.com:6060	ConnectionTimeoutError: Connection timeout to host https://discord.com/api/v9/unique-username/username-attempt-unauthed
2026-09-01 18:30:49	NETWORK	hxfq	attempt=1	proxy=http://wiw4v7duaymysz9-session-9b1f37174907-lifetime-10:***@rp.scrapegw.com:6060	ConnectionTimeoutError: Connection timeout to host https://discord.com/api/v9/unique-username/username-attempt-unauthed
2026-09-01 18:30:49	NETWORK	hxkm	attempt=1	proxy=http://wiw4v7duaymysz9-session-12ed933b86c2-lifetime-10:***@rp.scrapegw.com:6060	ConnectionTimeoutError: Connection timeout to host https://discord.com/api/v9/unique-username/username-attempt-unauthed
2026-09-01 18:30:49	NETWORK	hxli	attempt=1	proxy=http://wiw4v7duaymysz9-session-e0b65f43f38a-lifetime-10:***@rp.scrapegw.com:6060	ConnectionTimeoutError: Connection timeout to host https://discord.com/api/v9/unique-username/username-attempt-unauthed
2026-09-01 18:30:49	NETWORK	hxgu	attempt=1	proxy=http://wiw4v7duaymysz9-session-42db17cb22da-lifetime-10:***@rp.scrapegw.com:6060	ConnectionTimeoutError: Connection timeout to host https://discord.com/api/v9/unique-username/username-attempt-unauthed
2026-09-01 18:30:49	NETWORK	hxkz	attempt=1	proxy=http://wiw4v7duaymysz9-session-14f952337925-lifetime-10:***@rp.scrapegw.com:6060	ConnectionTimeoutError: Connection timeout to host https://discord.com/api/v9/unique-username/username-attempt-unauthed
2026-09-01 18:30:49	NETWORK	hxko	attempt=1	proxy=http://wiw4v7duaymysz9-session-66169a5ffc66-lifetime-10:***@rp.scrapegw.com:6060	ConnectionTimeoutError: Connection timeout to host https://discord.com/api/v9/unique-username/username-attempt-unauthed
2026-09-01 18:30:49	NETWORK	hxls	attempt=1	proxy=http://wiw4v7duaymysz9-session-f19a74016256-lifetime-10:***@rp.scrapegw.com:6060	ConnectionTimeoutError: Connection timeout to host https://discord.com/api/v9/unique-username/username-attempt-unauthed
2026-09-01 18:30:49	NETWORK	hxln	attempt=1	proxy=http://wiw4v7duaymysz9-session-11aa75774cb3-lifetime-10:***@rp.scrapegw.com:6060	ConnectionTimeoutError: Connection timeout to host https://discord.com/api/v9/unique-username/username-attempt-unauthed
2026-09-01 18:30:49	NETWORK	hxlg	attempt=1	proxy=http://wiw4v7duaymysz9-session-c1dbb3646ca8-lifetime-10:***@rp.scrapegw.com:6060	ConnectionTimeoutError: Connection timeout to host https://discord.com/api/v9/unique-username/username-attempt-unauthed
2026-09-01 18:30:49	NETWORK	hxel	attempt=1	proxy=http://wiw4v7duaymysz9-session-71cbbe7efc2d-lifetime-10:***@rp.scrapegw.com:6060	ConnectionTimeoutError: Connection timeout to host https://discord.com/api/v9/unique-username/username-attempt-unauthed
2026-09-01 18:30:49	NETWORK	hxjl	attempt=1	proxy=http://wiw4v7duaymysz9-session-1f58f09dff61-lifetime-10:***@rp.scrapegw.com:6060	ConnectionTimeoutError: Connection timeout to host https://discord.com/api/v9/unique-username/username-attempt-unauthed
2026-09-01 18:30:49	NETWORK	hxhx	attempt=1	proxy=http://wiw4v7duaymysz9-session-6dc5871e29b9-lifetime-10:***@rp.scrapegw.com:6060	ConnectionTimeoutError: Connection timeout to host https://discord.com/api/v9/unique-username/username-attempt-unauthed
2026-09-01 18:30:49	NETWORK	hxhh	attempt=1	proxy=http://wiw4v7duaymysz9-session-42f43b05c6e2-lifetime-10:***@rp.scrapegw.com:6060	ConnectionTimeoutError: Connection timeout to host https://discord.com/api/v9/unique-username/username-attempt-unauthed
2026-09-01 18:30:49	NETWORK	hxfg	attempt=1	proxy=http://wiw4v7duaymysz9-session-d8888e3298d6-lifetime-10:***@rp.scrapegw.com:6060	ConnectionTimeoutError: Connection timeout to host https://discord.com/api/v9/unique-username/username-attempt-unauthed
2026-09-01 18:30:49	NETWORK	hxis	attempt=1	proxy=http://wiw4v7duaymysz9-session-9da0c19b6bb2-lifetime-10:***@rp.scrapegw.com:6060	ConnectionTimeoutError: Connection timeout to host https://discord.com/api/v9/unique-username/username-attempt-unauthed
2026-09-01 18:30:49	NETWORK	hxen	attempt=1	proxy=http://wiw4v7duaymysz9-session-5b2b64b02847-lifetime-10:***@rp.scrapegw.com:6060	ConnectionTimeoutError: Connection timeout to host https://discord.com/api/v9/unique-username/username-attempt-unauthed
2026-09-01 18:30:49	NETWORK	hxjn	attempt=1	proxy=http://wiw4v7duaymysz9-session-9cf8643f51ff-lifetime-10:***@rp.scrapegw.com:6060	ConnectionTimeoutError: Connection timeout to host https://discord.com/api/v9/unique-username/username-attempt-unauthed
2026-09-01 18:30:49	NETWORK	hxke	attempt=1	proxy=http://wiw4v7duaymysz9-session-6266dcfc1a4f-lifetime-10:***@rp.scrapegw.com:6060	ConnectionTimeoutError: Connection timeout to host https://discord.com/api/v9/unique-username/username-attempt-unauthed
2026-09-01 18:30:49	NETWORK	hxlk	attempt=1	proxy=http://wiw4v7duaymysz9-session-b72854bccfd5-lifetime-10:***@rp.scrapegw.com:6060	ConnectionTimeoutError: Connection timeout to host https://discord.com/api/v9/unique-username/username-attempt-unauthed
2026-09-01 18:30:49	NETWORK	hxjk	attempt=1	proxy=http://wiw4v7duaymysz9-session-44ef4ae3101c-lifetime-10:***@rp.scrapegw.com:6060	ConnectionTimeoutError: Connection timeout to host https://discord.com/api/v9/unique-username/username-attempt-unauthed
2026-09-01 18:30:49	NETWORK	hxha	attempt=1	proxy=http://wiw4v7duaymysz9-session-ed147b10c615-lifetime-10:***@rp.scrapegw.com:6060	ConnectionTimeoutError: Connection timeout to host https://discord.com/api/v9/unique-username/username-attempt-unauthed
2026-09-01 18:30:49	NETWORK	hxfv	attempt=1	proxy=http://wiw4v7duaymysz9-session-21ef9b7edd93-lifetime-10:***@rp.scrapegw.com:6060	ConnectionTimeoutError: Connection timeout to host https://discord.com/api/v9/unique-username/username-attempt-unauthed
2026-09-01 18:30:49	NETWORK	hxlz	attempt=1	proxy=http://wiw4v7duaymysz9-session-1f09c48be83e-lifetime-10:***@rp.scrapegw.com:6060	ConnectionTimeoutError: Connection timeout to host https://discord.com/api/v9/unique-username/username-attempt-unauthed
2026-09-01 18:30:49	NETWORK	hxkk	attempt=1	proxy=http://wiw4v7duaymysz9-session-5ce8054c8b86-lifetime-10:***@rp.scrapegw.com:6060	ConnectionTimeoutError: Connection timeout to host https://discord.com/api/v9/unique-username/username-attempt-unauthed
2026-09-01 18:30:49	NETWORK	hxdw	attempt=1	proxy=http://wiw4v7duaymysz9-session-253115614540-lifetime-10:***@rp.scrapegw.com:6060	ConnectionTimeoutError: Connection timeout to host https://discord.com/api/v9/unique-username/username-attempt-unauthed
2026-09-01 18:30:49	NETWORK	hydq	attempt=1	proxy=http://wiw4v7duaymysz9-session-7daa1af4fc74-lifetime-10:***@rp.scrapegw.com:6060	ClientConnectorError: Cannot connect to host discord.com:443 ssl:default [Connection reset by peer]
2026-09-01 18:30:49	HTTP_429	iakj	attempt=1	proxy=http://wiw4v7duaymysz9-session-ccc206b260e1-lifetime-10:***@rp.scrapegw.com:6060	scope=shared global=False retry_after=1005.00s
2026-09-01 18:30:50	HTTP_429	hxrh	attempt=1	proxy=http://wiw4v7duaymysz9-session-786af3518b35-lifetime-10:***@rp.scrapegw.com:6060	scope=shared global=False retry_after=479.00s
2026-09-01 18:30:50	HTTP_429	iank	attempt=1	proxy=http://wiw4v7duaymysz9-session-c0e437b92164-lifetime-10:***@rp.scrapegw.com:6060	scope=shared global=False retry_after=2052.00s
2026-09-01 18:30:50	NETWORK	hysd	attempt=1	proxy=http://wiw4v7duaymysz9-session-4084de65eb33-lifetime-10:***@rp.scrapegw.com:6060	ClientConnectorError: Cannot connect to host discord.com:443 ssl:default [Connection reset by peer]
2026-09-01 18:30:50	HTTP_429	iake	attempt=1	proxy=http://wiw4v7duaymysz9-session-336acfb22eae-lifetime-10:***@rp.scrapegw.com:6060	scope=shared global=False retry_after=190.00s
2026-09-01 18:30:50	NETWORK	hydv	attempt=1	proxy=http://wiw4v7duaymysz9-session-dc63a2437e78-lifetime-10:***@rp.scrapegw.com:6060	ClientConnectorError: Cannot connect to host discord.com:443 ssl:default [Connection reset by peer]
2026-09-01 18:30:50	NETWORK	hyff	attempt=1	proxy=http://wiw4v7duaymysz9-session-1a798c75e193-lifetime-10:***@rp.scrapegw.com:6060	ClientConnectorCertificateError: Cannot connect to host discord.com:443 ssl:True [SSLCertVerificationError: (1, '[SSL: CERTIFICATE_VERIFY_FAILED] certificate verify failed: self-signed certificate (_ssl.c:1081)')]
2026-09-01 18:30:50	NETWORK	hxtd	attempt=1	proxy=http://wiw4v7duaymysz9-session-a25e10995058-lifetime-10:***@rp.scrapegw.com:6060	ConnectionTimeoutError: Connection timeout to host https://discord.com/api/v9/unique-username/username-attempt-unauthed
2026-09-01 18:30:50	NETWORK	hxrd	attempt=1	proxy=http://wiw4v7duaymysz9-session-17981e593bac-lifetime-10:***@rp.scrapegw.com:6060	ConnectionTimeoutError: Connection timeout to host https://discord.com/api/v9/unique-username/username-attempt-unauthed
2026-09-01 18:30:50	NETWORK	hxty	attempt=1	proxy=http://wiw4v7duaymysz9-session-1a1241de029c-lifetime-10:***@rp.scrapegw.com:6060	ConnectionTimeoutError: Connection timeout to host https://discord.com/api/v9/unique-username/username-attempt-unauthed
2026-09-01 18:30:50	NETWORK	hxsr	attempt=1	proxy=http://wiw4v7duaymysz9-session-3e86ecc7123d-lifetime-10:***@rp.scrapegw.com:6060	ConnectionTimeoutError: Connection timeout to host https://discord.com/api/v9/unique-username/username-attempt-unauthed
2026-09-01 18:30:50	NETWORK	hxne	attempt=1	proxy=http://wiw4v7duaymysz9-session-f45f19e7dee0-lifetime-10:***@rp.scrapegw.com:6060	ConnectionTimeoutError: Connection timeout to host https://discord.com/api/v9/unique-username/username-attempt-unauthed
2026-09-01 18:30:50	NETWORK	hxuk	attempt=1	proxy=http://wiw4v7duaymysz9-session-0bf725948d75-lifetime-10:***@rp.scrapegw.com:6060	ConnectionTimeoutError: Connection timeout to host https://discord.com/api/v9/unique-username/username-attempt-unauthed
2026-09-01 18:30:50	NETWORK	hxmt	attempt=1	proxy=http://wiw4v7duaymysz9-session-ae04bd68412e-lifetime-10:***@rp.scrapegw.com:6060	ConnectionTimeoutError: Connection timeout to host https://discord.com/api/v9/unique-username/username-attempt-unauthed
2026-09-01 18:30:50	NETWORK	hxoo	attempt=1	proxy=http://wiw4v7duaymysz9-session-1af85735c56c-lifetime-10:***@rp.scrapegw.com:6060	ConnectionTimeoutError: Connection timeout to host https://discord.com/api/v9/unique-username/username-attempt-unauthed
2026-09-01 18:30:50	NETWORK	hxok	attempt=1	proxy=http://wiw4v7duaymysz9-session-cf3cf4ba4652-lifetime-10:***@rp.scrapegw.com:6060	ConnectionTimeoutError: Connection timeout to host https://discord.com/api/v9/unique-username/username-attempt-unauthed
2026-09-01 18:30:50	NETWORK	hxod	attempt=1	proxy=http://wiw4v7duaymysz9-session-f9b386e464cb-lifetime-10:***@rp.scrapegw.com:6060	ConnectionTimeoutError: Connection timeout to host https://discord.com/api/v9/unique-username/username-attempt-unauthed
2026-09-01 18:30:50	NETWORK	hxuh	attempt=1	proxy=http://wiw4v7duaymysz9-session-5ce3ed0f77e0-lifetime-10:***@rp.scrapegw.com:6060	ConnectionTimeoutError: Connection timeout to host https://discord.com/api/v9/unique-username/username-attempt-unauthed
2026-09-01 18:30:50	NETWORK	hxqv	attempt=1	proxy=http://wiw4v7duaymysz9-session-1d078c313925-lifetime-10:***@rp.scrapegw.com:6060	ConnectionTimeoutError: Connection timeout to host https://discord.com/api/v9/unique-username/username-attempt-unauthed
2026-09-01 18:30:50	NETWORK	hxqc	attempt=1	proxy=http://wiw4v7duaymysz9-session-569c8fa4617d-lifetime-10:***@rp.scrapegw.com:6060	ConnectionTimeoutError: Connection timeout to host https://discord.com/api/v9/unique-username/username-attempt-unauthed
2026-09-01 18:30:50	NETWORK	hxnz	attempt=1	proxy=http://wiw4v7duaymysz9-session-ba724b8a7801-lifetime-10:***@rp.scrapegw.com:6060	ConnectionTimeoutError: Connection timeout to host https://discord.com/api/v9/unique-username/username-attempt-unauthed
2026-09-01 18:30:50	NETWORK	hxtz	attempt=1	proxy=http://wiw4v7duaymysz9-session-4cc9c559c060-lifetime-10:***@rp.scrapegw.com:6060	ConnectionTimeoutError: Connection timeout to host https://discord.com/api/v9/unique-username/username-attempt-unauthed
2026-09-01 18:30:50	NETWORK	hxpy	attempt=1	proxy=http://wiw4v7duaymysz9-session-f86636b9d186-lifetime-10:***@rp.scrapegw.com:6060	ConnectionTimeoutError: Connection timeout to host https://discord.com/api/v9/unique-username/username-attempt-unauthed
2026-09-01 18:30:50	NETWORK	hxra	attempt=1	proxy=http://wiw4v7duaymysz9-session-e413c0c35f4e-lifetime-10:***@rp.scrapegw.com:6060	ConnectionTimeoutError: Connection timeout to host https://discord.com/api/v9/unique-username/username-attempt-unauthed
2026-09-01 18:30:50	NETWORK	hxqo	attempt=1	proxy=http://wiw4v7duaymysz9-session-c16bb4fcb16d-lifetime-10:***@rp.scrapegw.com:6060	ConnectionTimeoutError: Connection timeout to host https://discord.com/api/v9/unique-username/username-attempt-unauthed
2026-09-01 18:30:50	NETWORK	hxnx	attempt=1	proxy=http://wiw4v7duaymysz9-session-12d0c77a6671-lifetime-10:***@rp.scrapegw.com:6060	ConnectionTimeoutError: Connection timeout to host https://discord.com/api/v9/unique-username/username-attempt-unauthed
2026-09-01 18:30:50	NETWORK	hxsp	attempt=1	proxy=http://wiw4v7duaymysz9-session-ce53458e9c59-lifetime-10:***@rp.scrapegw.com:6060	ConnectionTimeoutError: Connection timeout to host https://discord.com/api/v9/unique-username/username-attempt-unauthed
2026-09-01 18:30:50	NETWORK	hxog	attempt=1	proxy=http://wiw4v7duaymysz9-session-eb078d68bed5-lifetime-10:***@rp.scrapegw.com:6060	ConnectionTimeoutError: Connection timeout to host https://discord.com/api/v9/unique-username/username-attempt-unauthed
2026-09-01 18:30:50	NETWORK	hxsh	attempt=1	proxy=http://wiw4v7duaymysz9-session-c7f7caa596cc-lifetime-10:***@rp.scrapegw.com:6060	ConnectionTimeoutError: Connection timeout to host https://discord.com/api/v9/unique-username/username-attempt-unauthed
2026-09-01 18:30:50	NETWORK	hxmm	attempt=1	proxy=http://wiw4v7duaymysz9-session-fe523184338d-lifetime-10:***@rp.scrapegw.com:6060	ConnectionTimeoutError: Connection timeout to host https://discord.com/api/v9/unique-username/username-attempt-unauthed
2026-09-01 18:30:50	NETWORK	hxoz	attempt=1	proxy=http://wiw4v7duaymysz9-session-fcb5246823dd-lifetime-10:***@rp.scrapegw.com:6060	ConnectionTimeoutError: Connection timeout to host https://discord.com/api/v9/unique-username/username-attempt-unauthed
2026-09-01 18:30:50	NETWORK	hxqa	attempt=1	proxy=http://wiw4v7duaymysz9-session-91ca4a8f364a-lifetime-10:***@rp.scrapegw.com:6060	ConnectionTimeoutError: Connection timeout to host https://discord.com/api/v9/unique-username/username-attempt-unauthed
2026-09-01 18:30:50	NETWORK	hxqf	attempt=1	proxy=http://wiw4v7duaymysz9-session-5b3d7f03f0ca-lifetime-10:***@rp.scrapegw.com:6060	ConnectionTimeoutError: Connection timeout to host https://discord.com/api/v9/unique-username/username-attempt-unauthed
2026-09-01 18:30:50	NETWORK	hxop	attempt=1	proxy=http://wiw4v7duaymysz9-session-9d3fbee74fc5-lifetime-10:***@rp.scrapegw.com:6060	ConnectionTimeoutError: Connection timeout to host https://discord.com/api/v9/unique-username/username-attempt-unauthed
2026-09-01 18:30:50	NETWORK	hxqi	attempt=1	proxy=http://wiw4v7duaymysz9-session-9a9369a36c88-lifetime-10:***@rp.scrapegw.com:6060	ConnectionTimeoutError: Connection timeout to host https://discord.com/api/v9/unique-username/username-attempt-unauthed
2026-09-01 18:30:50	NETWORK	hxso	attempt=1	proxy=http://wiw4v7duaymysz9-session-46a97dca7be7-lifetime-10:***@rp.scrapegw.com:6060	ConnectionTimeoutError: Connection timeout to host https://discord.com/api/v9/unique-username/username-attempt-unauthed
2026-09-01 18:30:50	NETWORK	hxtt	attempt=1	proxy=http://wiw4v7duaymysz9-session-1117fee13d58-lifetime-10:***@rp.scrapegw.com:6060	ConnectionTimeoutError: Connection timeout to host https://discord.com/api/v9/unique-username/username-attempt-unauthed
2026-09-01 18:30:50	NETWORK	hxsa	attempt=1	proxy=http://wiw4v7duaymysz9-session-4dfaef08c804-lifetime-10:***@rp.scrapegw.com:6060	ConnectionTimeoutError: Connection timeout to host https://discord.com/api/v9/unique-username/username-attempt-unauthed
2026-09-01 18:30:50	NETWORK	hxoi	attempt=1	proxy=http://wiw4v7duaymysz9-session-e48170af997c-lifetime-10:***@rp.scrapegw.com:6060	ConnectionTimeoutError: Connection timeout to host https://discord.com/api/v9/unique-username/username-attempt-unauthed
2026-09-01 18:30:50	NETWORK	hxms	attempt=1	proxy=http://wiw4v7duaymysz9-session-0430aee953a2-lifetime-10:***@rp.scrapegw.com:6060	ConnectionTimeoutError: Connection timeout to host https://discord.com/api/v9/unique-username/username-attempt-unauthed
2026-09-01 18:30:50	NETWORK	hxup	attempt=1	proxy=http://wiw4v7duaymysz9-session-e937af161748-lifetime-10:***@rp.scrapegw.com:6060	ConnectionTimeoutError: Connection timeout to host https://discord.com/api/v9/unique-username/username-attempt-unauthed
2026-09-01 18:30:50	NETWORK	hxsz	attempt=1	proxy=http://wiw4v7duaymysz9-session-05a27bde0d50-lifetime-10:***@rp.scrapegw.com:6060	ConnectionTimeoutError: Connection timeout to host https://discord.com/api/v9/unique-username/username-attempt-unauthed
2026-09-01 18:30:50	NETWORK	hxqy	attempt=1	proxy=http://wiw4v7duaymysz9-session-8fc49d68d0d5-lifetime-10:***@rp.scrapegw.com:6060	ConnectionTimeoutError: Connection timeout to host https://discord.com/api/v9/unique-username/username-attempt-unauthed
2026-09-01 18:30:50	NETWORK	hxus	attempt=1	proxy=http://wiw4v7duaymysz9-session-3fff6baa4833-lifetime-10:***@rp.scrapegw.com:6060	ConnectionTimeoutError: Connection timeout to host https://discord.com/api/v9/unique-username/username-attempt-unauthed
2026-09-01 18:30:50	NETWORK	hxtx	attempt=1	proxy=http://wiw4v7duaymysz9-session-d65d372c87df-lifetime-10:***@rp.scrapegw.com:6060	ConnectionTimeoutError: Connection timeout to host https://discord.com/api/v9/unique-username/username-attempt-unauthed
2026-09-01 18:30:50	NETWORK	hxnt	attempt=1	proxy=http://wiw4v7duaymysz9-session-dab0ab833ca9-lifetime-10:***@rp.scrapegw.com:6060	ConnectionTimeoutError: Connection timeout to host https://discord.com/api/v9/unique-username/username-attempt-unauthed
2026-09-01 18:30:50	NETWORK	hxpc	attempt=1	proxy=http://wiw4v7duaymysz9-session-b7dc149d6049-lifetime-10:***@rp.scrapegw.com:6060	ConnectionTimeoutError: Connection timeout to host https://discord.com/api/v9/unique-username/username-attempt-unauthed
2026-09-01 18:30:50	NETWORK	hxqj	attempt=1	proxy=http://wiw4v7duaymysz9-session-6be85950e6f6-lifetime-10:***@rp.scrapegw.com:6060	ConnectionTimeoutError: Connection timeout to host https://discord.com/api/v9/unique-username/username-attempt-unauthed
2026-09-01 18:30:50	NETWORK	hxuq	attempt=1	proxy=http://wiw4v7duaymysz9-session-53240f93509f-lifetime-10:***@rp.scrapegw.com:6060	ConnectionTimeoutError: Connection timeout to host https://discord.com/api/v9/unique-username/username-attempt-unauthed
2026-09-01 18:30:50	HTTP_429	iatq	attempt=1	proxy=http://wiw4v7duaymysz9-session-9efe077136f9-lifetime-10:***@rp.scrapegw.com:6060	scope=shared global=False retry_after=1627.00s
2026-09-01 18:30:50	NETWORK	hyxh	attempt=1	proxy=http://wiw4v7duaymysz9-session-d8888e3298d6-lifetime-10:***@rp.scrapegw.com:6060	ClientConnectorError: Cannot connect to host discord.com:443 ssl:default [Connection reset by peer]
2026-09-01 18:30:51	HTTP_429	iavo	attempt=1	proxy=http://wiw4v7duaymysz9-session-dd35bfcd942f-lifetime-10:***@rp.scrapegw.com:6060	scope=shared global=False retry_after=652.00s
2026-09-01 18:30:51	NETWORK	hyot	attempt=1	proxy=http://wiw4v7duaymysz9-session-75b3ba9dee69-lifetime-10:***@rp.scrapegw.com:6060	ClientConnectorError: Cannot connect to host discord.com:443 ssl:default [Connection reset by peer]
2026-09-01 18:30:51	HTTP_429	iavy	attempt=1	proxy=http://wiw4v7duaymysz9-session-dec100572034-lifetime-10:***@rp.scrapegw.com:6060	scope=shared global=False retry_after=1748.00s
2026-09-01 18:30:51	HTTP_429	ibdd	attempt=1	proxy=http://wiw4v7duaymysz9-session-43e1956eb4f7-lifetime-10:***@rp.scrapegw.com:6060	scope=shared global=False retry_after=1809.00s
2026-09-01 18:30:51	NETWORK	hxzy	attempt=1	proxy=http://wiw4v7duaymysz9-session-a9e4af15aaf1-lifetime-10:***@rp.scrapegw.com:6060	ConnectionTimeoutError: Connection timeout to host https://discord.com/api/v9/unique-username/username-attempt-unauthed
2026-09-01 18:30:51	NETWORK	hxzn	attempt=1	proxy=http://wiw4v7duaymysz9-session-afac1dab6c27-lifetime-10:***@rp.scrapegw.com:6060	ConnectionTimeoutError: Connection timeout to host https://discord.com/api/v9/unique-username/username-attempt-unauthed
2026-09-01 18:30:51	NETWORK	hydi	attempt=1	proxy=http://wiw4v7duaymysz9-session-5aa00ede7872-lifetime-10:***@rp.scrapegw.com:6060	ConnectionTimeoutError: Connection timeout to host https://discord.com/api/v9/unique-username/username-attempt-unauthed
2026-09-01 18:30:51	NETWORK	hxyq	attempt=1	proxy=http://wiw4v7duaymysz9-session-dcff9dda911c-lifetime-10:***@rp.scrapegw.com:6060	ConnectionTimeoutError: Connection timeout to host https://discord.com/api/v9/unique-username/username-attempt-unauthed
2026-09-01 18:30:51	NETWORK	hyae	attempt=1	proxy=http://wiw4v7duaymysz9-session-fe5adb470b41-lifetime-10:***@rp.scrapegw.com:6060	ConnectionTimeoutError: Connection timeout to host https://discord.com/api/v9/unique-username/username-attempt-unauthed
2026-09-01 18:30:51	NETWORK	hyaa	attempt=1	proxy=http://wiw4v7duaymysz9-session-5ca5f4014255-lifetime-10:***@rp.scrapegw.com:6060	ConnectionTimeoutError: Connection timeout to host https://discord.com/api/v9/unique-username/username-attempt-unauthed
2026-09-01 18:30:51	NETWORK	hyde	attempt=1	proxy=http://wiw4v7duaymysz9-session-a79867b4c26b-lifetime-10:***@rp.scrapegw.com:6060	ConnectionTimeoutError: Connection timeout to host https://discord.com/api/v9/unique-username/username-attempt-unauthed
2026-09-01 18:30:51	NETWORK	hxwv	attempt=1	proxy=http://wiw4v7duaymysz9-session-d1b02f654592-lifetime-10:***@rp.scrapegw.com:6060	ConnectionTimeoutError: Connection timeout to host https://discord.com/api/v9/unique-username/username-attempt-unauthed
2026-09-01 18:30:51	NETWORK	hyco	attempt=1	proxy=http://wiw4v7duaymysz9-session-fd55cf3965eb-lifetime-10:***@rp.scrapegw.com:6060	ConnectionTimeoutError: Connection timeout to host https://discord.com/api/v9/unique-username/username-attempt-unauthed
2026-09-01 18:30:51	NETWORK	hyaq	attempt=1	proxy=http://wiw4v7duaymysz9-session-fbaaf4de86df-lifetime-10:***@rp.scrapegw.com:6060	ConnectionTimeoutError: Connection timeout to host https://discord.com/api/v9/unique-username/username-attempt-unauthed
2026-09-01 18:30:51	NETWORK	hxxj	attempt=1	proxy=http://wiw4v7duaymysz9-session-3695e8f5ed88-lifetime-10:***@rp.scrapegw.com:6060	ConnectionTimeoutError: Connection timeout to host https://discord.com/api/v9/unique-username/username-attempt-unauthed
2026-09-01 18:30:51	NETWORK	hyar	attempt=1	proxy=http://wiw4v7duaymysz9-session-4dd3b1c75b63-lifetime-10:***@rp.scrapegw.com:6060	ConnectionTimeoutError: Connection timeout to host https://discord.com/api/v9/unique-username/username-attempt-unauthed
2026-09-01 18:30:51	NETWORK	hxvt	attempt=1	proxy=http://wiw4v7duaymysz9-session-c3feefe9266d-lifetime-10:***@rp.scrapegw.com:6060	ConnectionTimeoutError: Connection timeout to host https://discord.com/api/v9/unique-username/username-attempt-unauthed
2026-09-01 18:30:51	NETWORK	hxzi	attempt=1	proxy=http://wiw4v7duaymysz9-session-c15851073076-lifetime-10:***@rp.scrapegw.com:6060	ConnectionTimeoutError: Connection timeout to host https://discord.com/api/v9/unique-username/username-attempt-unauthed
2026-09-01 18:30:51	NETWORK	hxyy	attempt=1	proxy=http://wiw4v7duaymysz9-session-66e973c322ee-lifetime-10:***@rp.scrapegw.com:6060	ConnectionTimeoutError: Connection timeout to host https://discord.com/api/v9/unique-username/username-attempt-unauthed
2026-09-01 18:30:51	NETWORK	hxyp	attempt=1	proxy=http://wiw4v7duaymysz9-session-29cabbedbe03-lifetime-10:***@rp.scrapegw.com:6060	ConnectionTimeoutError: Connection timeout to host https://discord.com/api/v9/unique-username/username-attempt-unauthed
2026-09-01 18:30:51	NETWORK	hxym	attempt=1	proxy=http://wiw4v7duaymysz9-session-12d49bdbdb16-lifetime-10:***@rp.scrapegw.com:6060	ConnectionTimeoutError: Connection timeout to host https://discord.com/api/v9/unique-username/username-attempt-unauthed
2026-09-01 18:30:51	NETWORK	hxzc	attempt=1	proxy=http://wiw4v7duaymysz9-session-932ac8dd4a94-lifetime-10:***@rp.scrapegw.com:6060	ConnectionTimeoutError: Connection timeout to host https://discord.com/api/v9/unique-username/username-attempt-unauthed
2026-09-01 18:30:51	NETWORK	hybn	attempt=1	proxy=http://wiw4v7duaymysz9-session-8be7a651a379-lifetime-10:***@rp.scrapegw.com:6060	ConnectionTimeoutError: Connection timeout to host https://discord.com/api/v9/unique-username/username-attempt-unauthed
2026-09-01 18:30:51	NETWORK	hycp	attempt=1	proxy=http://wiw4v7duaymysz9-session-c94ad147c2be-lifetime-10:***@rp.scrapegw.com:6060	ConnectionTimeoutError: Connection timeout to host https://discord.com/api/v9/unique-username/username-attempt-unauthed
2026-09-01 18:30:51	NETWORK	hxwy	attempt=1	proxy=http://wiw4v7duaymysz9-session-2203b6f18469-lifetime-10:***@rp.scrapegw.com:6060	ConnectionTimeoutError: Connection timeout to host https://discord.com/api/v9/unique-username/username-attempt-unauthed
2026-09-01 18:30:51	NETWORK	hxwe	attempt=1	proxy=http://wiw4v7duaymysz9-session-f0d6a891b8f8-lifetime-10:***@rp.scrapegw.com:6060	ConnectionTimeoutError: Connection timeout to host https://discord.com/api/v9/unique-username/username-attempt-unauthed
2026-09-01 18:30:51	NETWORK	hxve	attempt=1	proxy=http://wiw4v7duaymysz9-session-4a15cd059caa-lifetime-10:***@rp.scrapegw.com:6060	ConnectionTimeoutError: Connection timeout to host https://discord.com/api/v9/unique-username/username-attempt-unauthed
2026-09-01 18:30:51	NETWORK	hxuu	attempt=1	proxy=http://wiw4v7duaymysz9-session-f27a3cf2a75d-lifetime-10:***@rp.scrapegw.com:6060	ConnectionTimeoutError: Connection timeout to host https://discord.com/api/v9/unique-username/username-attempt-unauthed
2026-09-01 18:30:51	NETWORK	hydj	attempt=1	proxy=http://wiw4v7duaymysz9-session-1fb2512ef902-lifetime-10:***@rp.scrapegw.com:6060	ConnectionTimeoutError: Connection timeout to host https://discord.com/api/v9/unique-username/username-attempt-unauthed
2026-09-01 18:30:51	NETWORK	hycw	attempt=1	proxy=http://wiw4v7duaymysz9-session-be6d3e864693-lifetime-10:***@rp.scrapegw.com:6060	ConnectionTimeoutError: Connection timeout to host https://discord.com/api/v9/unique-username/username-attempt-unauthed
2026-09-01 18:30:51	NETWORK	hybx	attempt=1	proxy=http://wiw4v7duaymysz9-session-9b556a25536f-lifetime-10:***@rp.scrapegw.com:6060	ConnectionTimeoutError: Connection timeout to host https://discord.com/api/v9/unique-username/username-attempt-unauthed
2026-09-01 18:30:51	NETWORK	hyad	attempt=1	proxy=http://wiw4v7duaymysz9-session-78b3960400ce-lifetime-10:***@rp.scrapegw.com:6060	ConnectionTimeoutError: Connection timeout to host https://discord.com/api/v9/unique-username/username-attempt-unauthed
2026-09-01 18:30:51	NETWORK	hybb	attempt=1	proxy=http://wiw4v7duaymysz9-session-f67604a4c471-lifetime-10:***@rp.scrapegw.com:6060	ConnectionTimeoutError: Connection timeout to host https://discord.com/api/v9/unique-username/username-attempt-unauthed
2026-09-01 18:30:51	NETWORK	hybu	attempt=1	proxy=http://wiw4v7duaymysz9-session-a4a62ff13bfb-lifetime-10:***@rp.scrapegw.com:6060	ConnectionTimeoutError: Connection timeout to host https://discord.com/api/v9/unique-username/username-attempt-unauthed
2026-09-01 18:30:51	NETWORK	hxxu	attempt=1	proxy=http://wiw4v7duaymysz9-session-45c7f83b448f-lifetime-10:***@rp.scrapegw.com:6060	ConnectionTimeoutError: Connection timeout to host https://discord.com/api/v9/unique-username/username-attempt-unauthed
2026-09-01 18:30:51	NETWORK	hyba	attempt=1	proxy=http://wiw4v7duaymysz9-session-ebaf871796ba-lifetime-10:***@rp.scrapegw.com:6060	ConnectionTimeoutError: Connection timeout to host https://discord.com/api/v9/unique-username/username-attempt-unauthed
2026-09-01 18:30:51	NETWORK	hxxa	attempt=1	proxy=http://wiw4v7duaymysz9-session-d69e3ac0f6ec-lifetime-10:***@rp.scrapegw.com:6060	ConnectionTimeoutError: Connection timeout to host https://discord.com/api/v9/unique-username/username-attempt-unauthed
2026-09-01 18:30:51	NETWORK	hxwk	attempt=1	proxy=http://wiw4v7duaymysz9-session-dbcd07738332-lifetime-10:***@rp.scrapegw.com:6060	ConnectionTimeoutError: Connection timeout to host https://discord.com/api/v9/unique-username/username-attempt-unauthed
2026-09-01 18:30:51	NETWORK	hyax	attempt=1	proxy=http://wiw4v7duaymysz9-session-a3318e85cd61-lifetime-10:***@rp.scrapegw.com:6060	ConnectionTimeoutError: Connection timeout to host https://discord.com/api/v9/unique-username/username-attempt-unauthed
2026-09-01 18:30:51	NETWORK	hydk	attempt=1	proxy=http://wiw4v7duaymysz9-session-59ab5428f586-lifetime-10:***@rp.scrapegw.com:6060	ConnectionTimeoutError: Connection timeout to host https://discord.com/api/v9/unique-username/username-attempt-unauthed
2026-09-01 18:30:51	NETWORK	hycq	attempt=1	proxy=http://wiw4v7duaymysz9-session-986702298beb-lifetime-10:***@rp.scrapegw.com:6060	ConnectionTimeoutError: Connection timeout to host https://discord.com/api/v9/unique-username/username-attempt-unauthed
2026-09-01 18:30:51	NETWORK	hybs	attempt=1	proxy=http://wiw4v7duaymysz9-session-b22a91e0d25b-lifetime-10:***@rp.scrapegw.com:6060	ConnectionTimeoutError: Connection timeout to host https://discord.com/api/v9/unique-username/username-attempt-unauthed
2026-09-01 18:30:51	NETWORK	hyat	attempt=1	proxy=http://wiw4v7duaymysz9-session-3a3786eb4914-lifetime-10:***@rp.scrapegw.com:6060	ConnectionTimeoutError: Connection timeout to host https://discord.com/api/v9/unique-username/username-attempt-unauthed
2026-09-01 18:30:52	NETWORK	hzeb	attempt=1	proxy=http://wiw4v7duaymysz9-session-f19a74016256-lifetime-10:***@rp.scrapegw.com:6060	ClientConnectorError: Cannot connect to host discord.com:443 ssl:default [Connection reset by peer]
2026-09-01 18:30:52	NETWORK	hyfs	attempt=1	proxy=http://wiw4v7duaymysz9-session-995f5229110a-lifetime-10:***@rp.scrapegw.com:6060	ClientConnectorError: Cannot connect to host discord.com:443 ssl:default [Connection reset by peer]
2026-09-01 18:30:52	HTTP_429	hyel	attempt=1	proxy=http://wiw4v7duaymysz9-session-88a1f732d707-lifetime-10:***@rp.scrapegw.com:6060	scope=shared global=False retry_after=797.00s
2026-09-01 18:30:52	NETWORK	hygn	attempt=1	proxy=http://wiw4v7duaymysz9-session-bd496eaf3dd8-lifetime-10:***@rp.scrapegw.com:6060	ConnectionTimeoutError: Connection timeout to host https://discord.com/api/v9/unique-username/username-attempt-unauthed
2026-09-01 18:30:52	NETWORK	hyjv	attempt=1	proxy=http://wiw4v7duaymysz9-session-c6ae831d832f-lifetime-10:***@rp.scrapegw.com:6060	ConnectionTimeoutError: Connection timeout to host https://discord.com/api/v9/unique-username/username-attempt-unauthed
2026-09-01 18:30:52	NETWORK	hykc	attempt=1	proxy=http://wiw4v7duaymysz9-session-22feb0b128d4-lifetime-10:***@rp.scrapegw.com:6060	ConnectionTimeoutError: Connection timeout to host https://discord.com/api/v9/unique-username/username-attempt-unauthed
2026-09-01 18:30:52	NETWORK	hyjm	attempt=1	proxy=http://wiw4v7duaymysz9-session-655dab297bb4-lifetime-10:***@rp.scrapegw.com:6060	ConnectionTimeoutError: Connection timeout to host https://discord.com/api/v9/unique-username/username-attempt-unauthed
2026-09-01 18:30:52	NETWORK	hyjl	attempt=1	proxy=http://wiw4v7duaymysz9-session-600ffaf62d8b-lifetime-10:***@rp.scrapegw.com:6060	ConnectionTimeoutError: Connection timeout to host https://discord.com/api/v9/unique-username/username-attempt-unauthed
2026-09-01 18:30:52	NETWORK	hyka	attempt=1	proxy=http://wiw4v7duaymysz9-session-f950fe0f90ec-lifetime-10:***@rp.scrapegw.com:6060	ConnectionTimeoutError: Connection timeout to host https://discord.com/api/v9/unique-username/username-attempt-unauthed
2026-09-01 18:30:52	NETWORK	hyjd	attempt=1	proxy=http://wiw4v7duaymysz9-session-46cd9250b681-lifetime-10:***@rp.scrapegw.com:6060	ConnectionTimeoutError: Connection timeout to host https://discord.com/api/v9/unique-username/username-attempt-unauthed
2026-09-01 18:30:52	NETWORK	hyiw	attempt=1	proxy=http://wiw4v7duaymysz9-session-d5f48f98ac99-lifetime-10:***@rp.scrapegw.com:6060	ConnectionTimeoutError: Connection timeout to host https://discord.com/api/v9/unique-username/username-attempt-unauthed
2026-09-01 18:30:52	NETWORK	hyht	attempt=1	proxy=http://wiw4v7duaymysz9-session-755695bf590b-lifetime-10:***@rp.scrapegw.com:6060	ConnectionTimeoutError: Connection timeout to host https://discord.com/api/v9/unique-username/username-attempt-unauthed
2026-09-01 18:30:52	NETWORK	hyha	attempt=1	proxy=http://wiw4v7duaymysz9-session-c78b7518951e-lifetime-10:***@rp.scrapegw.com:6060	ConnectionTimeoutError: Connection timeout to host https://discord.com/api/v9/unique-username/username-attempt-unauthed
2026-09-01 18:30:52	NETWORK	hyhe	attempt=1	proxy=http://wiw4v7duaymysz9-session-957b2b4f0ccf-lifetime-10:***@rp.scrapegw.com:6060	ConnectionTimeoutError: Connection timeout to host https://discord.com/api/v9/unique-username/username-attempt-unauthed
2026-09-01 18:30:52	NETWORK	hyfd	attempt=1	proxy=http://wiw4v7duaymysz9-session-4cd370a95f27-lifetime-10:***@rp.scrapegw.com:6060	ConnectionTimeoutError: Connection timeout to host https://discord.com/api/v9/unique-username/username-attempt-unauthed
2026-09-01 18:30:52	NETWORK	hygr	attempt=1	proxy=http://wiw4v7duaymysz9-session-e9524880c011-lifetime-10:***@rp.scrapegw.com:6060	ConnectionTimeoutError: Connection timeout to host https://discord.com/api/v9/unique-username/username-attempt-unauthed
2026-09-01 18:30:52	NETWORK	hyes	attempt=1	proxy=http://wiw4v7duaymysz9-session-128516e73dbc-lifetime-10:***@rp.scrapegw.com:6060	ConnectionTimeoutError: Connection timeout to host https://discord.com/api/v9/unique-username/username-attempt-unauthed
2026-09-01 18:30:52	NETWORK	hyek	attempt=1	proxy=http://wiw4v7duaymysz9-session-5bf641d983c1-lifetime-10:***@rp.scrapegw.com:6060	ConnectionTimeoutError: Connection timeout to host https://discord.com/api/v9/unique-username/username-attempt-unauthed
2026-09-01 18:30:52	NETWORK	hydx	attempt=1	proxy=http://wiw4v7duaymysz9-session-54101ba9e355-lifetime-10:***@rp.scrapegw.com:6060	ConnectionTimeoutError: Connection timeout to host https://discord.com/api/v9/unique-username/username-attempt-unauthed
2026-09-01 18:30:52	NETWORK	hyfz	attempt=1	proxy=http://wiw4v7duaymysz9-session-c328f99c9e21-lifetime-10:***@rp.scrapegw.com:6060	ConnectionTimeoutError: Connection timeout to host https://discord.com/api/v9/unique-username/username-attempt-unauthed
2026-09-01 18:30:52	NETWORK	hyki	attempt=1	proxy=http://wiw4v7duaymysz9-session-b943a0ae7e35-lifetime-10:***@rp.scrapegw.com:6060	ConnectionTimeoutError: Connection timeout to host https://discord.com/api/v9/unique-username/username-attempt-unauthed
2026-09-01 18:30:52	NETWORK	hyfm	attempt=1	proxy=http://wiw4v7duaymysz9-session-8fb9f0b908c1-lifetime-10:***@rp.scrapegw.com:6060	ConnectionTimeoutError: Connection timeout to host https://discord.com/api/v9/unique-username/username-attempt-unauthed
2026-09-01 18:30:52	NETWORK	hyjq	attempt=1	proxy=http://wiw4v7duaymysz9-session-ea2caeade6b5-lifetime-10:***@rp.scrapegw.com:6060	ConnectionTimeoutError: Connection timeout to host https://discord.com/api/v9/unique-username/username-attempt-unauthed
2026-09-01 18:30:52	NETWORK	hyjb	attempt=1	proxy=http://wiw4v7duaymysz9-session-f9e4a7cf6d85-lifetime-10:***@rp.scrapegw.com:6060	ConnectionTimeoutError: Connection timeout to host https://discord.com/api/v9/unique-username/username-attempt-unauthed
2026-09-01 18:30:52	NETWORK	hyhn	attempt=1	proxy=http://wiw4v7duaymysz9-session-7b6d2c103b08-lifetime-10:***@rp.scrapegw.com:6060	ConnectionTimeoutError: Connection timeout to host https://discord.com/api/v9/unique-username/username-attempt-unauthed
2026-09-01 18:30:52	NETWORK	hygd	attempt=1	proxy=http://wiw4v7duaymysz9-session-cbb9ff9447c4-lifetime-10:***@rp.scrapegw.com:6060	ConnectionTimeoutError: Connection timeout to host https://discord.com/api/v9/unique-username/username-attempt-unauthed
2026-09-01 18:30:52	NETWORK	hygz	attempt=1	proxy=http://wiw4v7duaymysz9-session-8b27e592629e-lifetime-10:***@rp.scrapegw.com:6060	ConnectionTimeoutError: Connection timeout to host https://discord.com/api/v9/unique-username/username-attempt-unauthed
2026-09-01 18:30:52	NETWORK	hyfg	attempt=1	proxy=http://wiw4v7duaymysz9-session-326fa33ca577-lifetime-10:***@rp.scrapegw.com:6060	ConnectionTimeoutError: Connection timeout to host https://discord.com/api/v9/unique-username/username-attempt-unauthed
2026-09-01 18:30:52	NETWORK	hyeu	attempt=1	proxy=http://wiw4v7duaymysz9-session-e644204a2692-lifetime-10:***@rp.scrapegw.com:6060	ConnectionTimeoutError: Connection timeout to host https://discord.com/api/v9/unique-username/username-attempt-unauthed
2026-09-01 18:30:52	NETWORK	hyeh	attempt=1	proxy=http://wiw4v7duaymysz9-session-7bf4686ada00-lifetime-10:***@rp.scrapegw.com:6060	ConnectionTimeoutError: Connection timeout to host https://discord.com/api/v9/unique-username/username-attempt-unauthed
2026-09-01 18:30:52	NETWORK	hzla	attempt=1	proxy=http://wiw4v7duaymysz9-session-e5ce1341a65b-lifetime-10:***@rp.scrapegw.com:6060	ClientConnectorError: Cannot connect to host discord.com:443 ssl:default [Connection reset by peer]
2026-09-01 18:30:52	NETWORK	hzqd	attempt=1	proxy=http://wiw4v7duaymysz9-session-d68921ae3c3d-lifetime-10:***@rp.scrapegw.com:6060	ClientConnectorError: Cannot connect to host discord.com:443 ssl:default [Connection reset by peer]
2026-09-01 18:30:52	NETWORK	iblk	attempt=1	proxy=http://wiw4v7duaymysz9-session-59d7ad0f0e7d-lifetime-10:***@rp.scrapegw.com:6060	ServerDisconnectedError: Server disconnected
2026-09-01 18:30:53	HTTP_429	hzfn	attempt=1	proxy=http://wiw4v7duaymysz9-session-8afad8162a3e-lifetime-10:***@rp.scrapegw.com:6060	scope=shared global=False retry_after=102.00s
2026-09-01 18:30:53	HTTP_429	ibpv	attempt=1	proxy=http://wiw4v7duaymysz9-session-9c259b205760-lifetime-10:***@rp.scrapegw.com:6060	scope=shared global=False retry_after=2057.00s
2026-09-01 18:30:53	NETWORK	hzny	attempt=1	proxy=http://wiw4v7duaymysz9-session-e937af161748-lifetime-10:***@rp.scrapegw.com:6060	ClientConnectorError: Cannot connect to host discord.com:443 ssl:default [Connection reset by peer]
2026-09-01 18:30:53	NETWORK	hwuo	attempt=1	proxy=http://wiw4v7duaymysz9-session-8c874efc2e59-lifetime-10:***@rp.scrapegw.com:6060	TimeoutError:
2026-09-01 18:30:53	NETWORK	hysq	attempt=1	proxy=http://wiw4v7duaymysz9-session-f164d68fb64a-lifetime-10:***@rp.scrapegw.com:6060	ConnectionTimeoutError: Connection timeout to host https://discord.com/api/v9/unique-username/username-attempt-unauthed
2026-09-01 18:30:53	NETWORK	hyrb	attempt=1	proxy=http://wiw4v7duaymysz9-session-2dcced205f69-lifetime-10:***@rp.scrapegw.com:6060	ConnectionTimeoutError: Connection timeout to host https://discord.com/api/v9/unique-username/username-attempt-unauthed
2026-09-01 18:30:53	NETWORK	hyte	attempt=1	proxy=http://wiw4v7duaymysz9-session-dd39195b072e-lifetime-10:***@rp.scrapegw.com:6060	ConnectionTimeoutError: Connection timeout to host https://discord.com/api/v9/unique-username/username-attempt-unauthed
2026-09-01 18:30:53	NETWORK	hyrd	attempt=1	proxy=http://wiw4v7duaymysz9-session-bc8a37c6d370-lifetime-10:***@rp.scrapegw.com:6060	ConnectionTimeoutError: Connection timeout to host https://discord.com/api/v9/unique-username/username-attempt-unauthed
2026-09-01 18:30:53	NETWORK	hyri	attempt=1	proxy=http://wiw4v7duaymysz9-session-787d63242492-lifetime-10:***@rp.scrapegw.com:6060	ConnectionTimeoutError: Connection timeout to host https://discord.com/api/v9/unique-username/username-attempt-unauthed
2026-09-01 18:30:53	NETWORK	hyrq	attempt=1	proxy=http://wiw4v7duaymysz9-session-4f0a11df0b1f-lifetime-10:***@rp.scrapegw.com:6060	ConnectionTimeoutError: Connection timeout to host https://discord.com/api/v9/unique-username/username-attempt-unauthed
2026-09-01 18:30:53	NETWORK	hyqh	attempt=1	proxy=http://wiw4v7duaymysz9-session-96c3e55bf266-lifetime-10:***@rp.scrapegw.com:6060	ConnectionTimeoutError: Connection timeout to host https://discord.com/api/v9/unique-username/username-attempt-unauthed
2026-09-01 18:30:53	NETWORK	hyps	attempt=1	proxy=http://wiw4v7duaymysz9-session-c22171e48b29-lifetime-10:***@rp.scrapegw.com:6060	ConnectionTimeoutError: Connection timeout to host https://discord.com/api/v9/unique-username/username-attempt-unauthed
2026-09-01 18:30:53	NETWORK	hypr	attempt=1	proxy=http://wiw4v7duaymysz9-session-5b76247f16be-lifetime-10:***@rp.scrapegw.com:6060	ConnectionTimeoutError: Connection timeout to host https://discord.com/api/v9/unique-username/username-attempt-unauthed
2026-09-01 18:30:53	NETWORK	hyqw	attempt=1	proxy=http://wiw4v7duaymysz9-session-f4617f8a817c-lifetime-10:***@rp.scrapegw.com:6060	ConnectionTimeoutError: Connection timeout to host https://discord.com/api/v9/unique-username/username-attempt-unauthed
2026-09-01 18:30:53	NETWORK	hymd	attempt=1	proxy=http://wiw4v7duaymysz9-session-8ec4dd5c8225-lifetime-10:***@rp.scrapegw.com:6060	ConnectionTimeoutError: Connection timeout to host https://discord.com/api/v9/unique-username/username-attempt-unauthed
2026-09-01 18:30:53	NETWORK	hypk	attempt=1	proxy=http://wiw4v7duaymysz9-session-d4b906218a4b-lifetime-10:***@rp.scrapegw.com:6060	ConnectionTimeoutError: Connection timeout to host https://discord.com/api/v9/unique-username/username-attempt-unauthed
2026-09-01 18:30:53	NETWORK	hylr	attempt=1	proxy=http://wiw4v7duaymysz9-session-34d02f2bdeba-lifetime-10:***@rp.scrapegw.com:6060	ConnectionTimeoutError: Connection timeout to host https://discord.com/api/v9/unique-username/username-attempt-unauthed
2026-09-01 18:30:53	NETWORK	hyku	attempt=1	proxy=http://wiw4v7duaymysz9-session-037877ad5e09-lifetime-10:***@rp.scrapegw.com:6060	ConnectionTimeoutError: Connection timeout to host https://discord.com/api/v9/unique-username/username-attempt-unauthed
2026-09-01 18:30:53	NETWORK	hyko	attempt=1	proxy=http://wiw4v7duaymysz9-session-a2031c1cc05e-lifetime-10:***@rp.scrapegw.com:6060	ConnectionTimeoutError: Connection timeout to host https://discord.com/api/v9/unique-username/username-attempt-unauthed
2026-09-01 18:30:53	NETWORK	hyqp	attempt=1	proxy=http://wiw4v7duaymysz9-session-8b92aa96c611-lifetime-10:***@rp.scrapegw.com:6060	ConnectionTimeoutError: Connection timeout to host https://discord.com/api/v9/unique-username/username-attempt-unauthed
2026-09-01 18:30:53	NETWORK	hyqi	attempt=1	proxy=http://wiw4v7duaymysz9-session-0b2b5c56dd0c-lifetime-10:***@rp.scrapegw.com:6060	ConnectionTimeoutError: Connection timeout to host https://discord.com/api/v9/unique-username/username-attempt-unauthed
2026-09-01 18:30:53	NETWORK	hynu	attempt=1	proxy=http://wiw4v7duaymysz9-session-44790fb022ee-lifetime-10:***@rp.scrapegw.com:6060	ConnectionTimeoutError: Connection timeout to host https://discord.com/api/v9/unique-username/username-attempt-unauthed
2026-09-01 18:30:53	NETWORK	hymc	attempt=1	proxy=http://wiw4v7duaymysz9-session-1f6684e9c6e6-lifetime-10:***@rp.scrapegw.com:6060	ConnectionTimeoutError: Connection timeout to host https://discord.com/api/v9/unique-username/username-attempt-unauthed
2026-09-01 18:30:53	NETWORK	hyme	attempt=1	proxy=http://wiw4v7duaymysz9-session-885735ccec9b-lifetime-10:***@rp.scrapegw.com:6060	ConnectionTimeoutError: Connection timeout to host https://discord.com/api/v9/unique-username/username-attempt-unauthed
2026-09-01 18:30:53	NETWORK	hyof	attempt=1	proxy=http://wiw4v7duaymysz9-session-6f2937d327e2-lifetime-10:***@rp.scrapegw.com:6060	ConnectionTimeoutError: Connection timeout to host https://discord.com/api/v9/unique-username/username-attempt-unauthed
2026-09-01 18:30:53	NETWORK	hyoj	attempt=1	proxy=http://wiw4v7duaymysz9-session-6e1d642e2f28-lifetime-10:***@rp.scrapegw.com:6060	ConnectionTimeoutError: Connection timeout to host https://discord.com/api/v9/unique-username/username-attempt-unauthed
2026-09-01 18:30:53	NETWORK	hymp	attempt=1	proxy=http://wiw4v7duaymysz9-session-91a4a54d0241-lifetime-10:***@rp.scrapegw.com:6060	ConnectionTimeoutError: Connection timeout to host https://discord.com/api/v9/unique-username/username-attempt-unauthed
2026-09-01 18:30:53	NETWORK	hykw	attempt=1	proxy=http://wiw4v7duaymysz9-session-9e03a8ebd671-lifetime-10:***@rp.scrapegw.com:6060	ConnectionTimeoutError: Connection timeout to host https://discord.com/api/v9/unique-username/username-attempt-unauthed
2026-09-01 18:30:53	NETWORK	hysr	attempt=1	proxy=http://wiw4v7duaymysz9-session-ccc206b260e1-lifetime-10:***@rp.scrapegw.com:6060	ConnectionTimeoutError: Connection timeout to host https://discord.com/api/v9/unique-username/username-attempt-unauthed
2026-09-01 18:30:53	NETWORK	hykr	attempt=1	proxy=http://wiw4v7duaymysz9-session-adce57a9a8b0-lifetime-10:***@rp.scrapegw.com:6060	ConnectionTimeoutError: Connection timeout to host https://discord.com/api/v9/unique-username/username-attempt-unauthed
2026-09-01 18:30:53	NETWORK	hynj	attempt=1	proxy=http://wiw4v7duaymysz9-session-8c874efc2e59-lifetime-10:***@rp.scrapegw.com:6060	ConnectionTimeoutError: Connection timeout to host https://discord.com/api/v9/unique-username/username-attempt-unauthed
2026-09-01 18:30:53	NETWORK	hytk	attempt=1	proxy=http://wiw4v7duaymysz9-session-508d8e57e06d-lifetime-10:***@rp.scrapegw.com:6060	ConnectionTimeoutError: Connection timeout to host https://discord.com/api/v9/unique-username/username-attempt-unauthed
2026-09-01 18:30:53	NETWORK	hysu	attempt=1	proxy=http://wiw4v7duaymysz9-session-1dd5393e024d-lifetime-10:***@rp.scrapegw.com:6060	ConnectionTimeoutError: Connection timeout to host https://discord.com/api/v9/unique-username/username-attempt-unauthed
2026-09-01 18:30:53	NETWORK	hynv	attempt=1	proxy=http://wiw4v7duaymysz9-session-68893c771d95-lifetime-10:***@rp.scrapegw.com:6060	ConnectionTimeoutError: Connection timeout to host https://discord.com/api/v9/unique-username/username-attempt-unauthed
2026-09-01 18:30:53	NETWORK	hyrt	attempt=1	proxy=http://wiw4v7duaymysz9-session-e4944df96732-lifetime-10:***@rp.scrapegw.com:6060	ConnectionTimeoutError: Connection timeout to host https://discord.com/api/v9/unique-username/username-attempt-unauthed
2026-09-01 18:30:53	NETWORK	hyny	attempt=1	proxy=http://wiw4v7duaymysz9-session-bc98a98e60a7-lifetime-10:***@rp.scrapegw.com:6060	ConnectionTimeoutError: Connection timeout to host https://discord.com/api/v9/unique-username/username-attempt-unauthed
2026-09-01 18:30:53	NETWORK	hync	attempt=1	proxy=http://wiw4v7duaymysz9-session-f6342c3fd9d2-lifetime-10:***@rp.scrapegw.com:6060	ConnectionTimeoutError: Connection timeout to host https://discord.com/api/v9/unique-username/username-attempt-unauthed
2026-09-01 18:30:53	NETWORK	hyoq	attempt=1	proxy=http://wiw4v7duaymysz9-session-0c29f7d4a7c1-lifetime-10:***@rp.scrapegw.com:6060	ConnectionTimeoutError: Connection timeout to host https://discord.com/api/v9/unique-username/username-attempt-unauthed
2026-09-01 18:30:53	NETWORK	hzht	attempt=1	proxy=http://wiw4v7duaymysz9-session-41782cd410b9-lifetime-10:***@rp.scrapegw.com:6060	ClientConnectorError: Cannot connect to host discord.com:443 ssl:default [Connection reset by peer]
2026-09-01 18:30:54	HTTP_429	ibuh	attempt=1	proxy=http://wiw4v7duaymysz9-session-5377cdb64b2b-lifetime-10:***@rp.scrapegw.com:6060	scope=shared global=False retry_after=1155.00s
2026-09-01 18:30:54	NETWORK	hzsl	attempt=1	proxy=http://wiw4v7duaymysz9-session-60086e91a1f7-lifetime-10:***@rp.scrapegw.com:6060	ClientConnectorError: Cannot connect to host discord.com:443 ssl:default [Connection reset by peer]
2026-09-01 18:30:54	NETWORK	iazj	attempt=1	proxy=http://wiw4v7duaymysz9-session-6fde86a56d69-lifetime-10:***@rp.scrapegw.com:6060	ClientConnectorCertificateError: Cannot connect to host discord.com:443 ssl:True [SSLCertVerificationError: (1, '[SSL: CERTIFICATE_VERIFY_FAILED] certificate verify failed: self-signed certificate (_ssl.c:1081)')]
2026-09-01 18:30:54	NETWORK	hzdi	attempt=1	proxy=http://wiw4v7duaymysz9-session-b72854bccfd5-lifetime-10:***@rp.scrapegw.com:6060	ClientConnectorError: Cannot connect to host discord.com:443 ssl:default [Connection reset by peer]
2026-09-01 18:30:54	NETWORK	iaxz	attempt=1	proxy=http://wiw4v7duaymysz9-session-6da7f8e53a70-lifetime-10:***@rp.scrapegw.com:6060	ClientConnectorError: Cannot connect to host discord.com:443 ssl:default [Connection reset by peer]
2026-09-01 18:30:54	NETWORK	hzzs	attempt=1	proxy=http://wiw4v7duaymysz9-session-32c45aaeb38f-lifetime-10:***@rp.scrapegw.com:6060	ClientConnectorError: Cannot connect to host discord.com:443 ssl:default [Connection reset by peer]
2026-09-01 18:30:54	NETWORK	hyyt	attempt=1	proxy=http://wiw4v7duaymysz9-session-c4b1cd97096d-lifetime-10:***@rp.scrapegw.com:6060	ConnectionTimeoutError: Connection timeout to host https://discord.com/api/v9/unique-username/username-attempt-unauthed
2026-09-01 18:30:54	NETWORK	hyyx	attempt=1	proxy=http://wiw4v7duaymysz9-session-eeba027868d3-lifetime-10:***@rp.scrapegw.com:6060	ConnectionTimeoutError: Connection timeout to host https://discord.com/api/v9/unique-username/username-attempt-unauthed
2026-09-01 18:30:54	NETWORK	hyxn	attempt=1	proxy=http://wiw4v7duaymysz9-session-bb822c79c55c-lifetime-10:***@rp.scrapegw.com:6060	ConnectionTimeoutError: Connection timeout to host https://discord.com/api/v9/unique-username/username-attempt-unauthed
2026-09-01 18:30:54	NETWORK	hyxk	attempt=1	proxy=http://wiw4v7duaymysz9-session-b21138415d3e-lifetime-10:***@rp.scrapegw.com:6060	ConnectionTimeoutError: Connection timeout to host https://discord.com/api/v9/unique-username/username-attempt-unauthed
2026-09-01 18:30:54	NETWORK	hywn	attempt=1	proxy=http://wiw4v7duaymysz9-session-a1d2c2091ba3-lifetime-10:***@rp.scrapegw.com:6060	ConnectionTimeoutError: Connection timeout to host https://discord.com/api/v9/unique-username/username-attempt-unauthed
2026-09-01 18:30:54	NETWORK	hywe	attempt=1	proxy=http://wiw4v7duaymysz9-session-96229a94ffc2-lifetime-10:***@rp.scrapegw.com:6060	ConnectionTimeoutError: Connection timeout to host https://discord.com/api/v9/unique-username/username-attempt-unauthed
2026-09-01 18:30:54	NETWORK	hywb	attempt=1	proxy=http://wiw4v7duaymysz9-session-674527eb82c1-lifetime-10:***@rp.scrapegw.com:6060	ConnectionTimeoutError: Connection timeout to host https://discord.com/api/v9/unique-username/username-attempt-unauthed
2026-09-01 18:30:54	NETWORK	hyvk	attempt=1	proxy=http://wiw4v7duaymysz9-session-0740572b5154-lifetime-10:***@rp.scrapegw.com:6060	ConnectionTimeoutError: Connection timeout to host https://discord.com/api/v9/unique-username/username-attempt-unauthed
2026-09-01 18:30:54	NETWORK	hytl	attempt=1	proxy=http://wiw4v7duaymysz9-session-a859eabbd7de-lifetime-10:***@rp.scrapegw.com:6060	ConnectionTimeoutError: Connection timeout to host https://discord.com/api/v9/unique-username/username-attempt-unauthed
2026-09-01 18:30:54	NETWORK	hytz	attempt=1	proxy=http://wiw4v7duaymysz9-session-1db9d1904046-lifetime-10:***@rp.scrapegw.com:6060	ConnectionTimeoutError: Connection timeout to host https://discord.com/api/v9/unique-username/username-attempt-unauthed
2026-09-01 18:30:54	NETWORK	hyvm	attempt=1	proxy=http://wiw4v7duaymysz9-session-c5a2b4bcda5c-lifetime-10:***@rp.scrapegw.com:6060	ConnectionTimeoutError: Connection timeout to host https://discord.com/api/v9/unique-username/username-attempt-unauthed
2026-09-01 18:30:54	NETWORK	hyyf	attempt=1	proxy=http://wiw4v7duaymysz9-session-e415780de56e-lifetime-10:***@rp.scrapegw.com:6060	ConnectionTimeoutError: Connection timeout to host https://discord.com/api/v9/unique-username/username-attempt-unauthed
2026-09-01 18:30:54	NETWORK	hyxu	attempt=1	proxy=http://wiw4v7duaymysz9-session-ca5a622d10ff-lifetime-10:***@rp.scrapegw.com:6060	ConnectionTimeoutError: Connection timeout to host https://discord.com/api/v9/unique-username/username-attempt-unauthed
2026-09-01 18:30:54	NETWORK	hyxr	attempt=1	proxy=http://wiw4v7duaymysz9-session-21ef9b7edd93-lifetime-10:***@rp.scrapegw.com:6060	ConnectionTimeoutError: Connection timeout to host https://discord.com/api/v9/unique-username/username-attempt-unauthed
2026-09-01 18:30:54	NETWORK	hyuq	attempt=1	proxy=http://wiw4v7duaymysz9-session-d95030fb35bc-lifetime-10:***@rp.scrapegw.com:6060	ConnectionTimeoutError: Connection timeout to host https://discord.com/api/v9/unique-username/username-attempt-unauthed
2026-09-01 18:30:54	NETWORK	hyyc	attempt=1	proxy=http://wiw4v7duaymysz9-session-0aa960a3be47-lifetime-10:***@rp.scrapegw.com:6060	ConnectionTimeoutError: Connection timeout to host https://discord.com/api/v9/unique-username/username-attempt-unauthed
2026-09-01 18:30:54	NETWORK	hywq	attempt=1	proxy=http://wiw4v7duaymysz9-session-a7a823d53fb7-lifetime-10:***@rp.scrapegw.com:6060	ConnectionTimeoutError: Connection timeout to host https://discord.com/api/v9/unique-username/username-attempt-unauthed
2026-09-01 18:30:54	NETWORK	hyvh	attempt=1	proxy=http://wiw4v7duaymysz9-session-326626ff0fd2-lifetime-10:***@rp.scrapegw.com:6060	ConnectionTimeoutError: Connection timeout to host https://discord.com/api/v9/unique-username/username-attempt-unauthed
2026-09-01 18:30:54	NETWORK	hyvg	attempt=1	proxy=http://wiw4v7duaymysz9-session-77cb5593b879-lifetime-10:***@rp.scrapegw.com:6060	ConnectionTimeoutError: Connection timeout to host https://discord.com/api/v9/unique-username/username-attempt-unauthed
2026-09-01 18:30:54	NETWORK	hytm	attempt=1	proxy=http://wiw4v7duaymysz9-session-ebacc7de22c6-lifetime-10:***@rp.scrapegw.com:6060	ConnectionTimeoutError: Connection timeout to host https://discord.com/api/v9/unique-username/username-attempt-unauthed
2026-09-01 18:30:54	NETWORK	hyyl	attempt=1	proxy=http://wiw4v7duaymysz9-session-f2582552710a-lifetime-10:***@rp.scrapegw.com:6060	ConnectionTimeoutError: Connection timeout to host https://discord.com/api/v9/unique-username/username-attempt-unauthed
2026-09-01 18:30:54	NETWORK	hyyg	attempt=1	proxy=http://wiw4v7duaymysz9-session-11c469500ff8-lifetime-10:***@rp.scrapegw.com:6060	ConnectionTimeoutError: Connection timeout to host https://discord.com/api/v9/unique-username/username-attempt-unauthed
2026-09-01 18:30:54	NETWORK	hywj	attempt=1	proxy=http://wiw4v7duaymysz9-session-253115614540-lifetime-10:***@rp.scrapegw.com:6060	ConnectionTimeoutError: Connection timeout to host https://discord.com/api/v9/unique-username/username-attempt-unauthed
2026-09-01 18:30:54	NETWORK	hyyq	attempt=1	proxy=http://wiw4v7duaymysz9-session-bb9daf84c4f2-lifetime-10:***@rp.scrapegw.com:6060	ConnectionTimeoutError: Connection timeout to host https://discord.com/api/v9/unique-username/username-attempt-unauthed
2026-09-01 18:30:54	NETWORK	hywp	attempt=1	proxy=http://wiw4v7duaymysz9-session-71cbbe7efc2d-lifetime-10:***@rp.scrapegw.com:6060	ConnectionTimeoutError: Connection timeout to host https://discord.com/api/v9/unique-username/username-attempt-unauthed
2026-09-01 18:30:54	NETWORK	hywr	attempt=1	proxy=http://wiw4v7duaymysz9-session-5b2b64b02847-lifetime-10:***@rp.scrapegw.com:6060	ConnectionTimeoutError: Connection timeout to host https://discord.com/api/v9/unique-username/username-attempt-unauthed
2026-09-01 18:30:54	NETWORK	hytx	attempt=1	proxy=http://wiw4v7duaymysz9-session-72e45a1c9672-lifetime-10:***@rp.scrapegw.com:6060	ConnectionTimeoutError: Connection timeout to host https://discord.com/api/v9/unique-username/username-attempt-unauthed
2026-09-01 18:30:54	NETWORK	hyvy	attempt=1	proxy=http://wiw4v7duaymysz9-session-9c66db827da5-lifetime-10:***@rp.scrapegw.com:6060	ConnectionTimeoutError: Connection timeout to host https://discord.com/api/v9/unique-username/username-attempt-unauthed
2026-09-01 18:30:54	NETWORK	hyys	attempt=1	proxy=http://wiw4v7duaymysz9-session-42db17cb22da-lifetime-10:***@rp.scrapegw.com:6060	ConnectionTimeoutError: Connection timeout to host https://discord.com/api/v9/unique-username/username-attempt-unauthed
2026-09-01 18:30:54	NETWORK	hyxg	attempt=1	proxy=http://wiw4v7duaymysz9-session-dddebf14271a-lifetime-10:***@rp.scrapegw.com:6060	ConnectionTimeoutError: Connection timeout to host https://discord.com/api/v9/unique-username/username-attempt-unauthed
2026-09-01 18:30:54	HTTP_429	icau	attempt=1	proxy=http://wiw4v7duaymysz9-session-8014ee0bb0bd-lifetime-10:***@rp.scrapegw.com:6060	scope=shared global=False retry_after=2054.00s
2026-09-01 18:30:55	HTTP_429	ibof	attempt=1	proxy=http://wiw4v7duaymysz9-session-ce110a94198a-lifetime-10:***@rp.scrapegw.com:6060	scope=shared global=False retry_after=1179.00s
2026-09-01 18:30:55	NETWORK	iajl	attempt=1	proxy=http://wiw4v7duaymysz9-session-ccffc4fe6d26-lifetime-10:***@rp.scrapegw.com:6060	ClientConnectorSSLError: Cannot connect to host discord.com:443 ssl:default [[SSL: RECORD_LAYER_FAILURE] record layer failure (_ssl.c:1081)]
2026-09-01 18:30:55	HTTP_429	icag	attempt=1	proxy=http://wiw4v7duaymysz9-session-640ccc7ba0a2-lifetime-10:***@rp.scrapegw.com:6060	scope=shared global=False retry_after=2043.00s
2026-09-01 18:30:55	NETWORK	iaka	attempt=1	proxy=http://wiw4v7duaymysz9-session-839553b47e33-lifetime-10:***@rp.scrapegw.com:6060	ClientConnectorError: Cannot connect to host discord.com:443 ssl:default [Connection reset by peer]
2026-09-01 18:30:55	NETWORK	hyzy	attempt=1	proxy=http://wiw4v7duaymysz9-session-f363ab8b9e15-lifetime-10:***@rp.scrapegw.com:6060	ConnectionTimeoutError: Connection timeout to host https://discord.com/api/v9/unique-username/username-attempt-unauthed
2026-09-01 18:30:55	NETWORK	hzbx	attempt=1	proxy=http://wiw4v7duaymysz9-session-5ce8054c8b86-lifetime-10:***@rp.scrapegw.com:6060	ConnectionTimeoutError: Connection timeout to host https://discord.com/api/v9/unique-username/username-attempt-unauthed
2026-09-01 18:30:55	NETWORK	hzbt	attempt=1	proxy=http://wiw4v7duaymysz9-session-3f746de38a67-lifetime-10:***@rp.scrapegw.com:6060	ConnectionTimeoutError: Connection timeout to host https://discord.com/api/v9/unique-username/username-attempt-unauthed
2026-09-01 18:30:55	NETWORK	hzgo	attempt=1	proxy=http://wiw4v7duaymysz9-session-eb078d68bed5-lifetime-10:***@rp.scrapegw.com:6060	ConnectionTimeoutError: Connection timeout to host https://discord.com/api/v9/unique-username/username-attempt-unauthed
2026-09-01 18:30:55	NETWORK	hzha	attempt=1	proxy=http://wiw4v7duaymysz9-session-1af85735c56c-lifetime-10:***@rp.scrapegw.com:6060	ConnectionTimeoutError: Connection timeout to host https://discord.com/api/v9/unique-username/username-attempt-unauthed
2026-09-01 18:30:55	NETWORK	hzge	attempt=1	proxy=http://wiw4v7duaymysz9-session-12d0c77a6671-lifetime-10:***@rp.scrapegw.com:6060	ConnectionTimeoutError: Connection timeout to host https://discord.com/api/v9/unique-username/username-attempt-unauthed
2026-09-01 18:30:55	NETWORK	hzfa	attempt=1	proxy=http://wiw4v7duaymysz9-session-6da7f8e53a70-lifetime-10:***@rp.scrapegw.com:6060	ConnectionTimeoutError: Connection timeout to host https://discord.com/api/v9/unique-username/username-attempt-unauthed
2026-09-01 18:30:55	NETWORK	hzfb	attempt=1	proxy=http://wiw4v7duaymysz9-session-0430aee953a2-lifetime-10:***@rp.scrapegw.com:6060	ConnectionTimeoutError: Connection timeout to host https://discord.com/api/v9/unique-username/username-attempt-unauthed
2026-09-01 18:30:55	NETWORK	hzdz	attempt=1	proxy=http://wiw4v7duaymysz9-session-ac166e1d6282-lifetime-10:***@rp.scrapegw.com:6060	ConnectionTimeoutError: Connection timeout to host https://discord.com/api/v9/unique-username/username-attempt-unauthed
2026-09-01 18:30:55	NETWORK	hzed	attempt=1	proxy=http://wiw4v7duaymysz9-session-637f2f8bbcdd-lifetime-10:***@rp.scrapegw.com:6060	ConnectionTimeoutError: Connection timeout to host https://discord.com/api/v9/unique-username/username-attempt-unauthed
2026-09-01 18:30:55	NETWORK	hyzj	attempt=1	proxy=http://wiw4v7duaymysz9-session-f802330684e9-lifetime-10:***@rp.scrapegw.com:6060	ConnectionTimeoutError: Connection timeout to host https://discord.com/api/v9/unique-username/username-attempt-unauthed
2026-09-01 18:30:55	NETWORK	hzet	attempt=1	proxy=http://wiw4v7duaymysz9-session-e1cff35bc647-lifetime-10:***@rp.scrapegw.com:6060	ConnectionTimeoutError: Connection timeout to host https://discord.com/api/v9/unique-username/username-attempt-unauthed
2026-09-01 18:30:55	NETWORK	hzdw	attempt=1	proxy=http://wiw4v7duaymysz9-session-274cd5b950a6-lifetime-10:***@rp.scrapegw.com:6060	ConnectionTimeoutError: Connection timeout to host https://discord.com/api/v9/unique-username/username-attempt-unauthed
2026-09-01 18:30:55	NETWORK	hzbn	attempt=1	proxy=http://wiw4v7duaymysz9-session-fff4b7896af4-lifetime-10:***@rp.scrapegw.com:6060	ConnectionTimeoutError: Connection timeout to host https://discord.com/api/v9/unique-username/username-attempt-unauthed
2026-09-01 18:30:55	NETWORK	hzen	attempt=1	proxy=http://wiw4v7duaymysz9-session-5a6a62fcc1bb-lifetime-10:***@rp.scrapegw.com:6060	ConnectionTimeoutError: Connection timeout to host https://discord.com/api/v9/unique-username/username-attempt-unauthed
2026-09-01 18:30:55	NETWORK	hzam	attempt=1	proxy=http://wiw4v7duaymysz9-session-03af8507108c-lifetime-10:***@rp.scrapegw.com:6060	ConnectionTimeoutError: Connection timeout to host https://discord.com/api/v9/unique-username/username-attempt-unauthed
2026-09-01 18:30:55	NETWORK	hzdq	attempt=1	proxy=http://wiw4v7duaymysz9-session-9f3946b1417f-lifetime-10:***@rp.scrapegw.com:6060	ConnectionTimeoutError: Connection timeout to host https://discord.com/api/v9/unique-username/username-attempt-unauthed
2026-09-01 18:30:55	NETWORK	hzch	attempt=1	proxy=http://wiw4v7duaymysz9-session-14f952337925-lifetime-10:***@rp.scrapegw.com:6060	ConnectionTimeoutError: Connection timeout to host https://discord.com/api/v9/unique-username/username-attempt-unauthed
2026-09-01 18:30:55	NETWORK	hzgj	attempt=1	proxy=http://wiw4v7duaymysz9-session-70c220d552f5-lifetime-10:***@rp.scrapegw.com:6060	ConnectionTimeoutError: Connection timeout to host https://discord.com/api/v9/unique-username/username-attempt-unauthed
2026-09-01 18:30:55	NETWORK	hzcq	attempt=1	proxy=http://wiw4v7duaymysz9-session-dec100572034-lifetime-10:***@rp.scrapegw.com:6060	ConnectionTimeoutError: Connection timeout to host https://discord.com/api/v9/unique-username/username-attempt-unauthed
2026-09-01 18:30:55	NETWORK	hzcn	attempt=1	proxy=http://wiw4v7duaymysz9-session-918db8b44b43-lifetime-10:***@rp.scrapegw.com:6060	ConnectionTimeoutError: Connection timeout to host https://discord.com/api/v9/unique-username/username-attempt-unauthed
2026-09-01 18:30:55	NETWORK	hzab	attempt=1	proxy=http://wiw4v7duaymysz9-session-7d3029fb6721-lifetime-10:***@rp.scrapegw.com:6060	ConnectionTimeoutError: Connection timeout to host https://discord.com/api/v9/unique-username/username-attempt-unauthed
2026-09-01 18:30:55	NETWORK	hzbv	attempt=1	proxy=http://wiw4v7duaymysz9-session-872f62e484eb-lifetime-10:***@rp.scrapegw.com:6060	ConnectionTimeoutError: Connection timeout to host https://discord.com/api/v9/unique-username/username-attempt-unauthed
2026-09-01 18:30:55	NETWORK	hzfc	attempt=1	proxy=http://wiw4v7duaymysz9-session-ae04bd68412e-lifetime-10:***@rp.scrapegw.com:6060	ConnectionTimeoutError: Connection timeout to host https://discord.com/api/v9/unique-username/username-attempt-unauthed
2026-09-01 18:30:55	NETWORK	hzae	attempt=1	proxy=http://wiw4v7duaymysz9-session-5523f79239a2-lifetime-10:***@rp.scrapegw.com:6060	ConnectionTimeoutError: Connection timeout to host https://discord.com/api/v9/unique-username/username-attempt-unauthed
2026-09-01 18:30:55	NETWORK	hzde	attempt=1	proxy=http://wiw4v7duaymysz9-session-e0b65f43f38a-lifetime-10:***@rp.scrapegw.com:6060	ConnectionTimeoutError: Connection timeout to host https://discord.com/api/v9/unique-username/username-attempt-unauthed
2026-09-01 18:30:55	NETWORK	hzfz	attempt=1	proxy=http://wiw4v7duaymysz9-session-1bcd3ef66f93-lifetime-10:***@rp.scrapegw.com:6060	ConnectionTimeoutError: Connection timeout to host https://discord.com/api/v9/unique-username/username-attempt-unauthed
2026-09-01 18:30:55	NETWORK	hzfu	attempt=1	proxy=http://wiw4v7duaymysz9-session-8f808c518842-lifetime-10:***@rp.scrapegw.com:6060	ConnectionTimeoutError: Connection timeout to host https://discord.com/api/v9/unique-username/username-attempt-unauthed
2026-09-01 18:30:55	NETWORK	hzau	attempt=1	proxy=http://wiw4v7duaymysz9-session-9cf8643f51ff-lifetime-10:***@rp.scrapegw.com:6060	ConnectionTimeoutError: Connection timeout to host https://discord.com/api/v9/unique-username/username-attempt-unauthed
2026-09-01 18:30:55	NETWORK	hzah	attempt=1	proxy=http://wiw4v7duaymysz9-session-9efe077136f9-lifetime-10:***@rp.scrapegw.com:6060	ConnectionTimeoutError: Connection timeout to host https://discord.com/api/v9/unique-username/username-attempt-unauthed
2026-09-01 18:30:56	NETWORK	icci	attempt=1	proxy=http://wiw4v7duaymysz9-session-ccffc4fe6d26-lifetime-10:***@rp.scrapegw.com:6060	ClientConnectorSSLError: Cannot connect to host discord.com:443 ssl:default [[SSL: RECORD_LAYER_FAILURE] record layer failure (_ssl.c:1081)]
2026-09-01 18:30:56	HTTP_429	icna	attempt=1	proxy=http://wiw4v7duaymysz9-session-732dd051a5ca-lifetime-10:***@rp.scrapegw.com:6060	scope=shared global=False retry_after=1124.00s
2026-09-01 18:30:56	NETWORK	hzwq	attempt=1	proxy=http://wiw4v7duaymysz9-session-0d33b0942ee5-lifetime-10:***@rp.scrapegw.com:6060	ClientConnectorError: Cannot connect to host discord.com:443 ssl:default [Connection reset by peer]
2026-09-01 18:30:56	HTTP_429	icmq	attempt=1	proxy=http://wiw4v7duaymysz9-session-2dc52d0c2877-lifetime-10:***@rp.scrapegw.com:6060	scope=shared global=False retry_after=2057.00s
2026-09-01 18:30:56	NETWORK	iabe	attempt=1	proxy=http://wiw4v7duaymysz9-session-711bc20eb420-lifetime-10:***@rp.scrapegw.com:6060	ClientConnectorError: Cannot connect to host discord.com:443 ssl:default [Connection reset by peer]
2026-09-01 18:30:56	NETWORK	iapu	attempt=1	proxy=http://wiw4v7duaymysz9-session-53a8a0feed16-lifetime-10:***@rp.scrapegw.com:6060	ClientConnectorError: Cannot connect to host discord.com:443 ssl:default [None]
2026-09-01 18:30:56	NETWORK	hzle	attempt=1	proxy=http://wiw4v7duaymysz9-session-46a97dca7be7-lifetime-10:***@rp.scrapegw.com:6060	ConnectionTimeoutError: Connection timeout to host https://discord.com/api/v9/unique-username/username-attempt-unauthed
2026-09-01 18:30:56	NETWORK	hzna	attempt=1	proxy=http://wiw4v7duaymysz9-session-4ae3d6ad9c1b-lifetime-10:***@rp.scrapegw.com:6060	ConnectionTimeoutError: Connection timeout to host https://discord.com/api/v9/unique-username/username-attempt-unauthed
2026-09-01 18:30:56	NETWORK	hzia	attempt=1	proxy=http://wiw4v7duaymysz9-session-f86636b9d186-lifetime-10:***@rp.scrapegw.com:6060	ConnectionTimeoutError: Connection timeout to host https://discord.com/api/v9/unique-username/username-attempt-unauthed
2026-09-01 18:30:56	NETWORK	hznw	attempt=1	proxy=http://wiw4v7duaymysz9-session-49e0328092c5-lifetime-10:***@rp.scrapegw.com:6060	ConnectionTimeoutError: Connection timeout to host https://discord.com/api/v9/unique-username/username-attempt-unauthed
2026-09-01 18:30:56	NETWORK	hzhl	attempt=1	proxy=http://wiw4v7duaymysz9-session-633a52b8065d-lifetime-10:***@rp.scrapegw.com:6060	ConnectionTimeoutError: Connection timeout to host https://discord.com/api/v9/unique-username/username-attempt-unauthed
2026-09-01 18:30:56	NETWORK	hzin	attempt=1	proxy=http://wiw4v7duaymysz9-session-a1b218253dcd-lifetime-10:***@rp.scrapegw.com:6060	ConnectionTimeoutError: Connection timeout to host https://discord.com/api/v9/unique-username/username-attempt-unauthed
2026-09-01 18:30:56	NETWORK	hzhb	attempt=1	proxy=http://wiw4v7duaymysz9-session-9d3fbee74fc5-lifetime-10:***@rp.scrapegw.com:6060	ConnectionTimeoutError: Connection timeout to host https://discord.com/api/v9/unique-username/username-attempt-unauthed
2026-09-01 18:30:56	NETWORK	hzjm	attempt=1	proxy=http://wiw4v7duaymysz9-session-a7f6ff2815c5-lifetime-10:***@rp.scrapegw.com:6060	ConnectionTimeoutError: Connection timeout to host https://discord.com/api/v9/unique-username/username-attempt-unauthed
2026-09-01 18:30:56	NETWORK	hznm	attempt=1	proxy=http://wiw4v7duaymysz9-session-778c52cff925-lifetime-10:***@rp.scrapegw.com:6060	ConnectionTimeoutError: Connection timeout to host https://discord.com/api/v9/unique-username/username-attempt-unauthed
2026-09-01 18:30:56	NETWORK	hzoe	attempt=1	proxy=http://wiw4v7duaymysz9-session-b75f1e550954-lifetime-10:***@rp.scrapegw.com:6060	ConnectionTimeoutError: Connection timeout to host https://discord.com/api/v9/unique-username/username-attempt-unauthed
2026-09-01 18:30:56	NETWORK	hzoj	attempt=1	proxy=http://wiw4v7duaymysz9-session-930852bb7e3d-lifetime-10:***@rp.scrapegw.com:6060	ConnectionTimeoutError: Connection timeout to host https://discord.com/api/v9/unique-username/username-attempt-unauthed
2026-09-01 18:30:56	NETWORK	hzmp	attempt=1	proxy=http://wiw4v7duaymysz9-session-d9f1ab65464a-lifetime-10:***@rp.scrapegw.com:6060	ConnectionTimeoutError: Connection timeout to host https://discord.com/api/v9/unique-username/username-attempt-unauthed
2026-09-01 18:30:56	NETWORK	hzoi	attempt=1	proxy=http://wiw4v7duaymysz9-session-0296e41866af-lifetime-10:***@rp.scrapegw.com:6060	ConnectionTimeoutError: Connection timeout to host https://discord.com/api/v9/unique-username/username-attempt-unauthed
2026-09-01 18:30:56	NETWORK	hznh	attempt=1	proxy=http://wiw4v7duaymysz9-session-4cc9c559c060-lifetime-10:***@rp.scrapegw.com:6060	ConnectionTimeoutError: Connection timeout to host https://discord.com/api/v9/unique-username/username-attempt-unauthed
2026-09-01 18:30:56	NETWORK	hzij	attempt=1	proxy=http://wiw4v7duaymysz9-session-9a9369a36c88-lifetime-10:***@rp.scrapegw.com:6060	ConnectionTimeoutError: Connection timeout to host https://discord.com/api/v9/unique-username/username-attempt-unauthed
2026-09-01 18:30:56	NETWORK	hzmd	attempt=1	proxy=http://wiw4v7duaymysz9-session-a25e10995058-lifetime-10:***@rp.scrapegw.com:6060	ConnectionTimeoutError: Connection timeout to host https://discord.com/api/v9/unique-username/username-attempt-unauthed
2026-09-01 18:30:56	NETWORK	hzlk	attempt=1	proxy=http://wiw4v7duaymysz9-session-ce53458e9c59-lifetime-10:***@rp.scrapegw.com:6060	ConnectionTimeoutError: Connection timeout to host https://discord.com/api/v9/unique-username/username-attempt-unauthed
2026-09-01 18:30:56	NETWORK	hzja	attempt=1	proxy=http://wiw4v7duaymysz9-session-669280f73cd8-lifetime-10:***@rp.scrapegw.com:6060	ConnectionTimeoutError: Connection timeout to host https://discord.com/api/v9/unique-username/username-attempt-unauthed
2026-09-01 18:30:56	NETWORK	hzmr	attempt=1	proxy=http://wiw4v7duaymysz9-session-7bd72d914feb-lifetime-10:***@rp.scrapegw.com:6060	ConnectionTimeoutError: Connection timeout to host https://discord.com/api/v9/unique-username/username-attempt-unauthed
2026-09-01 18:30:56	NETWORK	hzix	attempt=1	proxy=http://wiw4v7duaymysz9-session-7061e86fdfaa-lifetime-10:***@rp.scrapegw.com:6060	ConnectionTimeoutError: Connection timeout to host https://discord.com/api/v9/unique-username/username-attempt-unauthed
2026-09-01 18:30:56	NETWORK	hzoc	attempt=1	proxy=http://wiw4v7duaymysz9-session-53240f93509f-lifetime-10:***@rp.scrapegw.com:6060	ConnectionTimeoutError: Connection timeout to host https://discord.com/api/v9/unique-username/username-attempt-unauthed
2026-09-01 18:30:56	NETWORK	hzoo	attempt=1	proxy=http://wiw4v7duaymysz9-session-34f35d1c138f-lifetime-10:***@rp.scrapegw.com:6060	ConnectionTimeoutError: Connection timeout to host https://discord.com/api/v9/unique-username/username-attempt-unauthed
2026-09-01 18:30:56	NETWORK	hznk	attempt=1	proxy=http://wiw4v7duaymysz9-session-9712f5ab497f-lifetime-10:***@rp.scrapegw.com:6060	ConnectionTimeoutError: Connection timeout to host https://discord.com/api/v9/unique-username/username-attempt-unauthed
2026-09-01 18:30:56	NETWORK	hzhw	attempt=1	proxy=http://wiw4v7duaymysz9-session-7577437e52a7-lifetime-10:***@rp.scrapegw.com:6060	ConnectionTimeoutError: Connection timeout to host https://discord.com/api/v9/unique-username/username-attempt-unauthed
2026-09-01 18:30:56	NETWORK	hzml	attempt=1	proxy=http://wiw4v7duaymysz9-session-27d31b54549d-lifetime-10:***@rp.scrapegw.com:6060	ConnectionTimeoutError: Connection timeout to host https://discord.com/api/v9/unique-username/username-attempt-unauthed
2026-09-01 18:30:56	NETWORK	hzih	attempt=1	proxy=http://wiw4v7duaymysz9-session-542258922155-lifetime-10:***@rp.scrapegw.com:6060	ConnectionTimeoutError: Connection timeout to host https://discord.com/api/v9/unique-username/username-attempt-unauthed
2026-09-01 18:30:56	NETWORK	hzll	attempt=1	proxy=http://wiw4v7duaymysz9-session-a0428e93bacf-lifetime-10:***@rp.scrapegw.com:6060	ConnectionTimeoutError: Connection timeout to host https://discord.com/api/v9/unique-username/username-attempt-unauthed
2026-09-01 18:30:56	NETWORK	hzku	attempt=1	proxy=http://wiw4v7duaymysz9-session-4dfaef08c804-lifetime-10:***@rp.scrapegw.com:6060	ConnectionTimeoutError: Connection timeout to host https://discord.com/api/v9/unique-username/username-attempt-unauthed
2026-09-01 18:30:56	NETWORK	hzhi	attempt=1	proxy=http://wiw4v7duaymysz9-session-b7dc149d6049-lifetime-10:***@rp.scrapegw.com:6060	ConnectionTimeoutError: Connection timeout to host https://discord.com/api/v9/unique-username/username-attempt-unauthed
2026-09-01 18:30:56	NETWORK	hzhg	attempt=1	proxy=http://wiw4v7duaymysz9-session-fcb5246823dd-lifetime-10:***@rp.scrapegw.com:6060	ConnectionTimeoutError: Connection timeout to host https://discord.com/api/v9/unique-username/username-attempt-unauthed
2026-09-01 18:30:56	NETWORK	hzlv	attempt=1	proxy=http://wiw4v7duaymysz9-session-3e3a5696f28c-lifetime-10:***@rp.scrapegw.com:6060	ConnectionTimeoutError: Connection timeout to host https://discord.com/api/v9/unique-username/username-attempt-unauthed
2026-09-01 18:30:56	NETWORK	hzjy	attempt=1	proxy=http://wiw4v7duaymysz9-session-8990d4c930fd-lifetime-10:***@rp.scrapegw.com:6060	ConnectionTimeoutError: Connection timeout to host https://discord.com/api/v9/unique-username/username-attempt-unauthed
2026-09-01 18:30:56	HTTP_429	icog	attempt=1	proxy=http://wiw4v7duaymysz9-session-353d8738f7bc-lifetime-10:***@rp.scrapegw.com:6060	scope=shared global=False retry_after=1575.00s
2026-09-01 18:30:56	NETWORK	iajo	attempt=1	proxy=http://wiw4v7duaymysz9-session-49980723d88d-lifetime-10:***@rp.scrapegw.com:6060	ClientConnectorError: Cannot connect to host discord.com:443 ssl:default [Connection reset by peer]
2026-09-01 18:30:57	HTTP_429	ibrj	attempt=1	proxy=http://wiw4v7duaymysz9-session-8eee88a9a7ad-lifetime-10:***@rp.scrapegw.com:6060	scope=shared global=False retry_after=128.00s
2026-09-01 18:30:57	NETWORK	hzsf	attempt=1	proxy=http://wiw4v7duaymysz9-session-37916cae6450-lifetime-10:***@rp.scrapegw.com:6060	ConnectionTimeoutError: Connection timeout to host https://discord.com/api/v9/unique-username/username-attempt-unauthed
2026-09-01 18:30:57	NETWORK	hzrg	attempt=1	proxy=http://wiw4v7duaymysz9-session-29cabbedbe03-lifetime-10:***@rp.scrapegw.com:6060	ConnectionTimeoutError: Connection timeout to host https://discord.com/api/v9/unique-username/username-attempt-unauthed
2026-09-01 18:30:57	NETWORK	hzox	attempt=1	proxy=http://wiw4v7duaymysz9-session-34f2cfe35e60-lifetime-10:***@rp.scrapegw.com:6060	ConnectionTimeoutError: Connection timeout to host https://discord.com/api/v9/unique-username/username-attempt-unauthed
2026-09-01 18:30:57	NETWORK	hzsk	attempt=1	proxy=http://wiw4v7duaymysz9-session-d2567ba59f8c-lifetime-10:***@rp.scrapegw.com:6060	ConnectionTimeoutError: Connection timeout to host https://discord.com/api/v9/unique-username/username-attempt-unauthed
2026-09-01 18:30:57	NETWORK	hzti	attempt=1	proxy=http://wiw4v7duaymysz9-session-383cf7981940-lifetime-10:***@rp.scrapegw.com:6060	ConnectionTimeoutError: Connection timeout to host https://discord.com/api/v9/unique-username/username-attempt-unauthed
2026-09-01 18:30:57	NETWORK	hztc	attempt=1	proxy=http://wiw4v7duaymysz9-session-068d176b3042-lifetime-10:***@rp.scrapegw.com:6060	ConnectionTimeoutError: Connection timeout to host https://discord.com/api/v9/unique-username/username-attempt-unauthed
2026-09-01 18:30:57	NETWORK	hzud	attempt=1	proxy=http://wiw4v7duaymysz9-session-8be7a651a379-lifetime-10:***@rp.scrapegw.com:6060	ConnectionTimeoutError: Connection timeout to host https://discord.com/api/v9/unique-username/username-attempt-unauthed
2026-09-01 18:30:57	NETWORK	hzos	attempt=1	proxy=http://wiw4v7duaymysz9-session-4f31ef3264b4-lifetime-10:***@rp.scrapegw.com:6060	ConnectionTimeoutError: Connection timeout to host https://discord.com/api/v9/unique-username/username-attempt-unauthed
2026-09-01 18:30:57	NETWORK	hzpd	attempt=1	proxy=http://wiw4v7duaymysz9-session-8cb9a820e81a-lifetime-10:***@rp.scrapegw.com:6060	ConnectionTimeoutError: Connection timeout to host https://discord.com/api/v9/unique-username/username-attempt-unauthed
2026-09-01 18:30:57	NETWORK	hztn	attempt=1	proxy=http://wiw4v7duaymysz9-session-3a3786eb4914-lifetime-10:***@rp.scrapegw.com:6060	ConnectionTimeoutError: Connection timeout to host https://discord.com/api/v9/unique-username/username-attempt-unauthed
2026-09-01 18:30:57	NETWORK	hzql	attempt=1	proxy=http://wiw4v7duaymysz9-session-8f3ad8ea8756-lifetime-10:***@rp.scrapegw.com:6060	ConnectionTimeoutError: Connection timeout to host https://discord.com/api/v9/unique-username/username-attempt-unauthed
2026-09-01 18:30:57	NETWORK	hzuq	attempt=1	proxy=http://wiw4v7duaymysz9-session-372881799240-lifetime-10:***@rp.scrapegw.com:6060	ConnectionTimeoutError: Connection timeout to host https://discord.com/api/v9/unique-username/username-attempt-unauthed
2026-09-01 18:30:57	NETWORK	hztt	attempt=1	proxy=http://wiw4v7duaymysz9-session-f67604a4c471-lifetime-10:***@rp.scrapegw.com:6060	ConnectionTimeoutError: Connection timeout to host https://discord.com/api/v9/unique-username/username-attempt-unauthed
2026-09-01 18:30:57	NETWORK	hzqm	attempt=1	proxy=http://wiw4v7duaymysz9-session-45c7f83b448f-lifetime-10:***@rp.scrapegw.com:6060	ConnectionTimeoutError: Connection timeout to host https://discord.com/api/v9/unique-username/username-attempt-unauthed
2026-09-01 18:30:57	NETWORK	hzpq	attempt=1	proxy=http://wiw4v7duaymysz9-session-f698fcec7566-lifetime-10:***@rp.scrapegw.com:6060	ConnectionTimeoutError: Connection timeout to host https://discord.com/api/v9/unique-username/username-attempt-unauthed
2026-09-01 18:30:57	NETWORK	hzul	attempt=1	proxy=http://wiw4v7duaymysz9-session-a4a62ff13bfb-lifetime-10:***@rp.scrapegw.com:6060	ConnectionTimeoutError: Connection timeout to host https://discord.com/api/v9/unique-username/username-attempt-unauthed
2026-09-01 18:30:57	NETWORK	hzrm	attempt=1	proxy=http://wiw4v7duaymysz9-session-ca7494413011-lifetime-10:***@rp.scrapegw.com:6060	ConnectionTimeoutError: Connection timeout to host https://discord.com/api/v9/unique-username/username-attempt-unauthed
2026-09-01 18:30:57	NETWORK	hzsg	attempt=1	proxy=http://wiw4v7duaymysz9-session-e8019b794f6e-lifetime-10:***@rp.scrapegw.com:6060	ConnectionTimeoutError: Connection timeout to host https://discord.com/api/v9/unique-username/username-attempt-unauthed
2026-09-01 18:30:57	NETWORK	hzsw	attempt=1	proxy=http://wiw4v7duaymysz9-session-5ca5f4014255-lifetime-10:***@rp.scrapegw.com:6060	ConnectionTimeoutError: Connection timeout to host https://discord.com/api/v9/unique-username/username-attempt-unauthed
2026-09-01 18:30:57	NETWORK	hzup	attempt=1	proxy=http://wiw4v7duaymysz9-session-be9d7aa8b02a-lifetime-10:***@rp.scrapegw.com:6060	ConnectionTimeoutError: Connection timeout to host https://discord.com/api/v9/unique-username/username-attempt-unauthed
2026-09-01 18:30:57	NETWORK	hzqi	attempt=1	proxy=http://wiw4v7duaymysz9-session-0519a45cff1b-lifetime-10:***@rp.scrapegw.com:6060	ConnectionTimeoutError: Connection timeout to host https://discord.com/api/v9/unique-username/username-attempt-unauthed
2026-09-01 18:30:57	NETWORK	hzuv	attempt=1	proxy=http://wiw4v7duaymysz9-session-5f67d5b1307f-lifetime-10:***@rp.scrapegw.com:6060	ConnectionTimeoutError: Connection timeout to host https://discord.com/api/v9/unique-username/username-attempt-unauthed
2026-09-01 18:30:57	NETWORK	hzrq	attempt=1	proxy=http://wiw4v7duaymysz9-session-01d44beb97a5-lifetime-10:***@rp.scrapegw.com:6060	ConnectionTimeoutError: Connection timeout to host https://discord.com/api/v9/unique-username/username-attempt-unauthed
2026-09-01 18:30:57	NETWORK	hzph	attempt=1	proxy=http://wiw4v7duaymysz9-session-0cfa5d672833-lifetime-10:***@rp.scrapegw.com:6060	ConnectionTimeoutError: Connection timeout to host https://discord.com/api/v9/unique-username/username-attempt-unauthed
2026-09-01 18:30:57	NETWORK	hzrh	attempt=1	proxy=http://wiw4v7duaymysz9-session-dcff9dda911c-lifetime-10:***@rp.scrapegw.com:6060	ConnectionTimeoutError: Connection timeout to host https://discord.com/api/v9/unique-username/username-attempt-unauthed
2026-09-01 18:30:57	NETWORK	hzuo	attempt=1	proxy=http://wiw4v7duaymysz9-session-d5ec8dfd97cb-lifetime-10:***@rp.scrapegw.com:6060	ConnectionTimeoutError: Connection timeout to host https://discord.com/api/v9/unique-username/username-attempt-unauthed
2026-09-01 18:30:57	NETWORK	hzuk	attempt=1	proxy=http://wiw4v7duaymysz9-session-9311c598dbc5-lifetime-10:***@rp.scrapegw.com:6060	ConnectionTimeoutError: Connection timeout to host https://discord.com/api/v9/unique-username/username-attempt-unauthed
2026-09-01 18:30:57	NETWORK	hzqa	attempt=1	proxy=http://wiw4v7duaymysz9-session-d1b02f654592-lifetime-10:***@rp.scrapegw.com:6060	ConnectionTimeoutError: Connection timeout to host https://discord.com/api/v9/unique-username/username-attempt-unauthed
2026-09-01 18:30:57	NETWORK	hztv	attempt=1	proxy=http://wiw4v7duaymysz9-session-830ab073e516-lifetime-10:***@rp.scrapegw.com:6060	ConnectionTimeoutError: Connection timeout to host https://discord.com/api/v9/unique-username/username-attempt-unauthed
2026-09-01 18:30:57	NETWORK	hzpa	attempt=1	proxy=http://wiw4v7duaymysz9-session-9ae6223ed9e3-lifetime-10:***@rp.scrapegw.com:6060	ConnectionTimeoutError: Connection timeout to host https://discord.com/api/v9/unique-username/username-attempt-unauthed
2026-09-01 18:30:58	NETWORK	iaim	attempt=1	proxy=http://wiw4v7duaymysz9-session-89aeb1784ce1-lifetime-10:***@rp.scrapegw.com:6060	ClientConnectorError: Cannot connect to host discord.com:443 ssl:default [Connection reset by peer]
2026-09-01 18:30:58	HTTP_429	icse	attempt=1	proxy=http://wiw4v7duaymysz9-session-f6ac1491dad6-lifetime-10:***@rp.scrapegw.com:6060	scope=shared global=False retry_after=890.00s
2026-09-01 18:30:58	HTTP_429	iaih	attempt=1	proxy=http://wiw4v7duaymysz9-session-eebad97188f3-lifetime-10:***@rp.scrapegw.com:6060	scope=shared global=False retry_after=964.00s
2026-09-01 18:30:58	NETWORK	ibdv	attempt=1	proxy=http://wiw4v7duaymysz9-session-d2061a076c0c-lifetime-10:***@rp.scrapegw.com:6060	ClientConnectorError: Cannot connect to host discord.com:443 ssl:default [Connection reset by peer]
2026-09-01 18:30:58	NETWORK	hzwk	attempt=1	proxy=http://wiw4v7duaymysz9-session-dc63a2437e78-lifetime-10:***@rp.scrapegw.com:6060	ClientConnectorError: Cannot connect to host discord.com:443 ssl:default [Connection reset by peer]
2026-09-01 18:30:58	NETWORK	hzvz	attempt=1	proxy=http://wiw4v7duaymysz9-session-b04de6911621-lifetime-10:***@rp.scrapegw.com:6060	ConnectionTimeoutError: Connection timeout to host https://discord.com/api/v9/unique-username/username-attempt-unauthed
2026-09-01 18:30:58	NETWORK	hzww	attempt=1	proxy=http://wiw4v7duaymysz9-session-1ad86b2945c0-lifetime-10:***@rp.scrapegw.com:6060	ConnectionTimeoutError: Connection timeout to host https://discord.com/api/v9/unique-username/username-attempt-unauthed
2026-09-01 18:30:58	NETWORK	iaae	attempt=1	proxy=http://wiw4v7duaymysz9-session-f35beb4fa69c-lifetime-10:***@rp.scrapegw.com:6060	ConnectionTimeoutError: Connection timeout to host https://discord.com/api/v9/unique-username/username-attempt-unauthed
2026-09-01 18:30:58	NETWORK	hzwr	attempt=1	proxy=http://wiw4v7duaymysz9-session-6a71aad273e2-lifetime-10:***@rp.scrapegw.com:6060	ConnectionTimeoutError: Connection timeout to host https://discord.com/api/v9/unique-username/username-attempt-unauthed
2026-09-01 18:30:58	NETWORK	hzxt	attempt=1	proxy=http://wiw4v7duaymysz9-session-4cd370a95f27-lifetime-10:***@rp.scrapegw.com:6060	ConnectionTimeoutError: Connection timeout to host https://discord.com/api/v9/unique-username/username-attempt-unauthed
2026-09-01 18:30:58	NETWORK	hzxy	attempt=1	proxy=http://wiw4v7duaymysz9-session-4e2edaf166c1-lifetime-10:***@rp.scrapegw.com:6060	ConnectionTimeoutError: Connection timeout to host https://discord.com/api/v9/unique-username/username-attempt-unauthed
2026-09-01 18:30:58	NETWORK	iaax	attempt=1	proxy=http://wiw4v7duaymysz9-session-52a4e85165eb-lifetime-10:***@rp.scrapegw.com:6060	ConnectionTimeoutError: Connection timeout to host https://discord.com/api/v9/unique-username/username-attempt-unauthed
2026-09-01 18:30:58	NETWORK	iaac	attempt=1	proxy=http://wiw4v7duaymysz9-session-4b5bcb5a61ba-lifetime-10:***@rp.scrapegw.com:6060	ConnectionTimeoutError: Connection timeout to host https://discord.com/api/v9/unique-username/username-attempt-unauthed
2026-09-01 18:30:58	NETWORK	hzyq	attempt=1	proxy=http://wiw4v7duaymysz9-session-d10156eacc97-lifetime-10:***@rp.scrapegw.com:6060	ConnectionTimeoutError: Connection timeout to host https://discord.com/api/v9/unique-username/username-attempt-unauthed
2026-09-01 18:30:58	NETWORK	hzva	attempt=1	proxy=http://wiw4v7duaymysz9-session-ce110a94198a-lifetime-10:***@rp.scrapegw.com:6060	ConnectionTimeoutError: Connection timeout to host https://discord.com/api/v9/unique-username/username-attempt-unauthed
2026-09-01 18:30:58	NETWORK	iacm	attempt=1	proxy=http://wiw4v7duaymysz9-session-69742cc31d21-lifetime-10:***@rp.scrapegw.com:6060	ConnectionTimeoutError: Connection timeout to host https://discord.com/api/v9/unique-username/username-attempt-unauthed
2026-09-01 18:30:58	NETWORK	hzvy	attempt=1	proxy=http://wiw4v7duaymysz9-session-59ab5428f586-lifetime-10:***@rp.scrapegw.com:6060	ConnectionTimeoutError: Connection timeout to host https://discord.com/api/v9/unique-username/username-attempt-unauthed
2026-09-01 18:30:58	NETWORK	hzyo	attempt=1	proxy=http://wiw4v7duaymysz9-session-dc6d2f91f3d7-lifetime-10:***@rp.scrapegw.com:6060	ConnectionTimeoutError: Connection timeout to host https://discord.com/api/v9/unique-username/username-attempt-unauthed
2026-09-01 18:30:58	NETWORK	hzzy	attempt=1	proxy=http://wiw4v7duaymysz9-session-e9524880c011-lifetime-10:***@rp.scrapegw.com:6060	ConnectionTimeoutError: Connection timeout to host https://discord.com/api/v9/unique-username/username-attempt-unauthed
2026-09-01 18:30:58	NETWORK	hzyc	attempt=1	proxy=http://wiw4v7duaymysz9-session-92cd7c8f1c6e-lifetime-10:***@rp.scrapegw.com:6060	ConnectionTimeoutError: Connection timeout to host https://discord.com/api/v9/unique-username/username-attempt-unauthed
2026-09-01 18:30:58	NETWORK	hzyg	attempt=1	proxy=http://wiw4v7duaymysz9-session-8fb9f0b908c1-lifetime-10:***@rp.scrapegw.com:6060	ConnectionTimeoutError: Connection timeout to host https://discord.com/api/v9/unique-username/username-attempt-unauthed
2026-09-01 18:30:58	NETWORK	hzvm	attempt=1	proxy=http://wiw4v7duaymysz9-session-f4714ab03e24-lifetime-10:***@rp.scrapegw.com:6060	ConnectionTimeoutError: Connection timeout to host https://discord.com/api/v9/unique-username/username-attempt-unauthed
2026-09-01 18:30:58	NETWORK	hzya	attempt=1	proxy=http://wiw4v7duaymysz9-session-dd112ecf2429-lifetime-10:***@rp.scrapegw.com:6060	ConnectionTimeoutError: Connection timeout to host https://discord.com/api/v9/unique-username/username-attempt-unauthed
2026-09-01 18:30:58	NETWORK	hzzu	attempt=1	proxy=http://wiw4v7duaymysz9-session-01cbc70802ee-lifetime-10:***@rp.scrapegw.com:6060	ConnectionTimeoutError: Connection timeout to host https://discord.com/api/v9/unique-username/username-attempt-unauthed
2026-09-01 18:30:58	NETWORK	hzuy	attempt=1	proxy=http://wiw4v7duaymysz9-session-67434accaa9f-lifetime-10:***@rp.scrapegw.com:6060	ConnectionTimeoutError: Connection timeout to host https://discord.com/api/v9/unique-username/username-attempt-unauthed
2026-09-01 18:30:58	NETWORK	hzwb	attempt=1	proxy=http://wiw4v7duaymysz9-session-7daa1af4fc74-lifetime-10:***@rp.scrapegw.com:6060	ConnectionTimeoutError: Connection timeout to host https://discord.com/api/v9/unique-username/username-attempt-unauthed
2026-09-01 18:30:58	NETWORK	iabo	attempt=1	proxy=http://wiw4v7duaymysz9-session-5377cdb64b2b-lifetime-10:***@rp.scrapegw.com:6060	ConnectionTimeoutError: Connection timeout to host https://discord.com/api/v9/unique-username/username-attempt-unauthed
2026-09-01 18:30:58	NETWORK	hzxv	attempt=1	proxy=http://wiw4v7duaymysz9-session-1a798c75e193-lifetime-10:***@rp.scrapegw.com:6060	ConnectionTimeoutError: Connection timeout to host https://discord.com/api/v9/unique-username/username-attempt-unauthed
2026-09-01 18:30:58	NETWORK	iabx	attempt=1	proxy=http://wiw4v7duaymysz9-session-f9e4a7cf6d85-lifetime-10:***@rp.scrapegw.com:6060	ConnectionTimeoutError: Connection timeout to host https://discord.com/api/v9/unique-username/username-attempt-unauthed
2026-09-01 18:30:58	NETWORK	iabu	attempt=1	proxy=http://wiw4v7duaymysz9-session-d5f48f98ac99-lifetime-10:***@rp.scrapegw.com:6060	ConnectionTimeoutError: Connection timeout to host https://discord.com/api/v9/unique-username/username-attempt-unauthed
2026-09-01 18:30:58	NETWORK	iabt	attempt=1	proxy=http://wiw4v7duaymysz9-session-db8f9cbea899-lifetime-10:***@rp.scrapegw.com:6060	ConnectionTimeoutError: Connection timeout to host https://discord.com/api/v9/unique-username/username-attempt-unauthed
2026-09-01 18:30:58	NETWORK	hzvb	attempt=1	proxy=http://wiw4v7duaymysz9-session-800d21b0560a-lifetime-10:***@rp.scrapegw.com:6060	ConnectionTimeoutError: Connection timeout to host https://discord.com/api/v9/unique-username/username-attempt-unauthed
2026-09-01 18:30:58	NETWORK	hzvw	attempt=1	proxy=http://wiw4v7duaymysz9-session-1fb2512ef902-lifetime-10:***@rp.scrapegw.com:6060	ConnectionTimeoutError: Connection timeout to host https://discord.com/api/v9/unique-username/username-attempt-unauthed
2026-09-01 18:30:58	NETWORK	iacg	attempt=1	proxy=http://wiw4v7duaymysz9-session-ab536c376c1b-lifetime-10:***@rp.scrapegw.com:6060	ConnectionTimeoutError: Connection timeout to host https://discord.com/api/v9/unique-username/username-attempt-unauthed
2026-09-01 18:30:58	NETWORK	hzxm	attempt=1	proxy=http://wiw4v7duaymysz9-session-e644204a2692-lifetime-10:***@rp.scrapegw.com:6060	ConnectionTimeoutError: Connection timeout to host https://discord.com/api/v9/unique-username/username-attempt-unauthed
2026-09-01 18:30:58	NETWORK	hzyw	attempt=1	proxy=http://wiw4v7duaymysz9-session-cbb9ff9447c4-lifetime-10:***@rp.scrapegw.com:6060	ConnectionTimeoutError: Connection timeout to host https://discord.com/api/v9/unique-username/username-attempt-unauthed
2026-09-01 18:30:58	NETWORK	hzvs	attempt=1	proxy=http://wiw4v7duaymysz9-session-583ddc43eebc-lifetime-10:***@rp.scrapegw.com:6060	ConnectionTimeoutError: Connection timeout to host https://discord.com/api/v9/unique-username/username-attempt-unauthed
2026-09-01 18:30:58	NETWORK	iaqf	attempt=1	proxy=http://wiw4v7duaymysz9-session-7cc2e75d580b-lifetime-10:***@rp.scrapegw.com:6060	ClientConnectorError: Cannot connect to host discord.com:443 ssl:default [Connection reset by peer]
2026-09-01 18:30:58	HTTP_429	idcy	attempt=1	proxy=http://wiw4v7duaymysz9-session-c74360532397-lifetime-10:***@rp.scrapegw.com:6060	scope=shared global=False retry_after=2050.00s
2026-09-01 18:30:59	HTTP_429	idfd	attempt=1	proxy=http://wiw4v7duaymysz9-session-ccd5081a0fe4-lifetime-10:***@rp.scrapegw.com:6060	scope=shared global=False retry_after=2122.00s
2026-09-01 18:30:59	HTTP_429	idex	attempt=1	proxy=http://wiw4v7duaymysz9-session-33e91efb3cae-lifetime-10:***@rp.scrapegw.com:6060	scope=shared global=False retry_after=1955.00s
2026-09-01 18:30:59	NETWORK	ibnd	attempt=1	proxy=http://wiw4v7duaymysz9-session-d5ec8dfd97cb-lifetime-10:***@rp.scrapegw.com:6060	ClientConnectorError: Cannot connect to host discord.com:443 ssl:default [Connection reset by peer]
2026-09-01 18:30:59	NETWORK	iamg	attempt=1	proxy=http://wiw4v7duaymysz9-session-edeefa7287e8-lifetime-10:***@rp.scrapegw.com:6060	ConnectionTimeoutError: Connection timeout to host https://discord.com/api/v9/unique-username/username-attempt-unauthed
2026-09-01 18:30:59	NETWORK	iakg	attempt=1	proxy=http://wiw4v7duaymysz9-session-9e0313d0d97e-lifetime-10:***@rp.scrapegw.com:6060	ConnectionTimeoutError: Connection timeout to host https://discord.com/api/v9/unique-username/username-attempt-unauthed
2026-09-01 18:30:59	NETWORK	iald	attempt=1	proxy=http://wiw4v7duaymysz9-session-dd39195b072e-lifetime-10:***@rp.scrapegw.com:6060	ConnectionTimeoutError: Connection timeout to host https://discord.com/api/v9/unique-username/username-attempt-unauthed
2026-09-01 18:30:59	NETWORK	iamr	attempt=1	proxy=http://wiw4v7duaymysz9-session-e94b2c399e6d-lifetime-10:***@rp.scrapegw.com:6060	ConnectionTimeoutError: Connection timeout to host https://discord.com/api/v9/unique-username/username-attempt-unauthed
2026-09-01 18:30:59	NETWORK	iajs	attempt=1	proxy=http://wiw4v7duaymysz9-session-787d63242492-lifetime-10:***@rp.scrapegw.com:6060	ConnectionTimeoutError: Connection timeout to host https://discord.com/api/v9/unique-username/username-attempt-unauthed
2026-09-01 18:30:59	NETWORK	iamk	attempt=1	proxy=http://wiw4v7duaymysz9-session-082f2f5195bb-lifetime-10:***@rp.scrapegw.com:6060	ConnectionTimeoutError: Connection timeout to host https://discord.com/api/v9/unique-username/username-attempt-unauthed
2026-09-01 18:30:59	NETWORK	iajk	attempt=1	proxy=http://wiw4v7duaymysz9-session-6b0189b6545a-lifetime-10:***@rp.scrapegw.com:6060	ConnectionTimeoutError: Connection timeout to host https://discord.com/api/v9/unique-username/username-attempt-unauthed
2026-09-01 18:30:59	NETWORK	iakb	attempt=1	proxy=http://wiw4v7duaymysz9-session-8506bc2884be-lifetime-10:***@rp.scrapegw.com:6060	ConnectionTimeoutError: Connection timeout to host https://discord.com/api/v9/unique-username/username-attempt-unauthed
2026-09-01 18:30:59	NETWORK	iahc	attempt=1	proxy=http://wiw4v7duaymysz9-session-bc98a98e60a7-lifetime-10:***@rp.scrapegw.com:6060	ConnectionTimeoutError: Connection timeout to host https://discord.com/api/v9/unique-username/username-attempt-unauthed
2026-09-01 18:30:59	NETWORK	iagm	attempt=1	proxy=http://wiw4v7duaymysz9-session-b830dc0d72f0-lifetime-10:***@rp.scrapegw.com:6060	ConnectionTimeoutError: Connection timeout to host https://discord.com/api/v9/unique-username/username-attempt-unauthed
2026-09-01 18:30:59	NETWORK	iako	attempt=1	proxy=http://wiw4v7duaymysz9-session-d4d93f5daaed-lifetime-10:***@rp.scrapegw.com:6060	ConnectionTimeoutError: Connection timeout to host https://discord.com/api/v9/unique-username/username-attempt-unauthed
2026-09-01 18:30:59	NETWORK	iadz	attempt=1	proxy=http://wiw4v7duaymysz9-session-eab774acb834-lifetime-10:***@rp.scrapegw.com:6060	ConnectionTimeoutError: Connection timeout to host https://discord.com/api/v9/unique-username/username-attempt-unauthed
2026-09-01 18:30:59	NETWORK	ialm	attempt=1	proxy=http://wiw4v7duaymysz9-session-ebacc7de22c6-lifetime-10:***@rp.scrapegw.com:6060	ConnectionTimeoutError: Connection timeout to host https://discord.com/api/v9/unique-username/username-attempt-unauthed
2026-09-01 18:30:59	NETWORK	iadn	attempt=1	proxy=http://wiw4v7duaymysz9-session-647c1c14cc04-lifetime-10:***@rp.scrapegw.com:6060	ConnectionTimeoutError: Connection timeout to host https://discord.com/api/v9/unique-username/username-attempt-unauthed
2026-09-01 18:30:59	NETWORK	iajh	attempt=1	proxy=http://wiw4v7duaymysz9-session-02e8aeb798ca-lifetime-10:***@rp.scrapegw.com:6060	ConnectionTimeoutError: Connection timeout to host https://discord.com/api/v9/unique-username/username-attempt-unauthed
2026-09-01 18:30:59	NETWORK	iadk	attempt=1	proxy=http://wiw4v7duaymysz9-session-f1ae42f7799a-lifetime-10:***@rp.scrapegw.com:6060	ConnectionTimeoutError: Connection timeout to host https://discord.com/api/v9/unique-username/username-attempt-unauthed
2026-09-01 18:30:59	NETWORK	iadd	attempt=1	proxy=http://wiw4v7duaymysz9-session-b7038045e9d8-lifetime-10:***@rp.scrapegw.com:6060	ConnectionTimeoutError: Connection timeout to host https://discord.com/api/v9/unique-username/username-attempt-unauthed
2026-09-01 18:30:59	NETWORK	iacv	attempt=1	proxy=http://wiw4v7duaymysz9-session-13c1c8d4cdab-lifetime-10:***@rp.scrapegw.com:6060	ConnectionTimeoutError: Connection timeout to host https://discord.com/api/v9/unique-username/username-attempt-unauthed
2026-09-01 18:30:59	NETWORK	iagn	attempt=1	proxy=http://wiw4v7duaymysz9-session-3d754dcdf80b-lifetime-10:***@rp.scrapegw.com:6060	ConnectionTimeoutError: Connection timeout to host https://discord.com/api/v9/unique-username/username-attempt-unauthed
2026-09-01 18:30:59	NETWORK	iagi	attempt=1	proxy=http://wiw4v7duaymysz9-session-8c874efc2e59-lifetime-10:***@rp.scrapegw.com:6060	ConnectionTimeoutError: Connection timeout to host https://discord.com/api/v9/unique-username/username-attempt-unauthed
2026-09-01 18:30:59	NETWORK	iamh	attempt=1	proxy=http://wiw4v7duaymysz9-session-85c4389de202-lifetime-10:***@rp.scrapegw.com:6060	ConnectionTimeoutError: Connection timeout to host https://discord.com/api/v9/unique-username/username-attempt-unauthed
2026-09-01 18:30:59	NETWORK	iafv	attempt=1	proxy=http://wiw4v7duaymysz9-session-24a69dd8b948-lifetime-10:***@rp.scrapegw.com:6060	ConnectionTimeoutError: Connection timeout to host https://discord.com/api/v9/unique-username/username-attempt-unauthed
2026-09-01 18:30:59	NETWORK	iaki	attempt=1	proxy=http://wiw4v7duaymysz9-session-f41eb0ef9ce7-lifetime-10:***@rp.scrapegw.com:6060	ConnectionTimeoutError: Connection timeout to host https://discord.com/api/v9/unique-username/username-attempt-unauthed
2026-09-01 18:30:59	NETWORK	iafb	attempt=1	proxy=http://wiw4v7duaymysz9-session-9858776c7963-lifetime-10:***@rp.scrapegw.com:6060	ConnectionTimeoutError: Connection timeout to host https://discord.com/api/v9/unique-username/username-attempt-unauthed
2026-09-01 18:30:59	NETWORK	ialw	attempt=1	proxy=http://wiw4v7duaymysz9-session-3f68b2d5688e-lifetime-10:***@rp.scrapegw.com:6060	ConnectionTimeoutError: Connection timeout to host https://discord.com/api/v9/unique-username/username-attempt-unauthed
2026-09-01 18:30:59	NETWORK	iaer	attempt=1	proxy=http://wiw4v7duaymysz9-session-c8ddc46bb665-lifetime-10:***@rp.scrapegw.com:6060	ConnectionTimeoutError: Connection timeout to host https://discord.com/api/v9/unique-username/username-attempt-unauthed
2026-09-01 18:30:59	NETWORK	ialf	attempt=1	proxy=http://wiw4v7duaymysz9-session-5790de20e292-lifetime-10:***@rp.scrapegw.com:6060	ConnectionTimeoutError: Connection timeout to host https://discord.com/api/v9/unique-username/username-attempt-unauthed
2026-09-01 18:30:59	NETWORK	ialg	attempt=1	proxy=http://wiw4v7duaymysz9-session-f450f2bc5b58-lifetime-10:***@rp.scrapegw.com:6060	ConnectionTimeoutError: Connection timeout to host https://discord.com/api/v9/unique-username/username-attempt-unauthed
2026-09-01 18:30:59	NETWORK	iaje	attempt=1	proxy=http://wiw4v7duaymysz9-session-8b92aa96c611-lifetime-10:***@rp.scrapegw.com:6060	ConnectionTimeoutError: Connection timeout to host https://discord.com/api/v9/unique-username/username-attempt-unauthed
2026-09-01 18:30:59	NETWORK	iahp	attempt=1	proxy=http://wiw4v7duaymysz9-session-962087278644-lifetime-10:***@rp.scrapegw.com:6060	ConnectionTimeoutError: Connection timeout to host https://discord.com/api/v9/unique-username/username-attempt-unauthed
2026-09-01 18:30:59	NETWORK	iakr	attempt=1	proxy=http://wiw4v7duaymysz9-session-25bcbac9587c-lifetime-10:***@rp.scrapegw.com:6060	ConnectionTimeoutError: Connection timeout to host https://discord.com/api/v9/unique-username/username-attempt-unauthed
2026-09-01 18:30:59	NETWORK	ialx	attempt=1	proxy=http://wiw4v7duaymysz9-session-8b1cc9c690ff-lifetime-10:***@rp.scrapegw.com:6060	ConnectionTimeoutError: Connection timeout to host https://discord.com/api/v9/unique-username/username-attempt-unauthed
2026-09-01 18:30:59	NETWORK	iado	attempt=1	proxy=http://wiw4v7duaymysz9-session-c7fb2223065c-lifetime-10:***@rp.scrapegw.com:6060	ConnectionTimeoutError: Connection timeout to host https://discord.com/api/v9/unique-username/username-attempt-unauthed
2026-09-01 18:30:59	NETWORK	iaiy	attempt=1	proxy=http://wiw4v7duaymysz9-session-96c3e55bf266-lifetime-10:***@rp.scrapegw.com:6060	ConnectionTimeoutError: Connection timeout to host https://discord.com/api/v9/unique-username/username-attempt-unauthed
2026-09-01 18:30:59	NETWORK	iadl	attempt=1	proxy=http://wiw4v7duaymysz9-session-037877ad5e09-lifetime-10:***@rp.scrapegw.com:6060	ConnectionTimeoutError: Connection timeout to host https://discord.com/api/v9/unique-username/username-attempt-unauthed
2026-09-01 18:30:59	NETWORK	iadm	attempt=1	proxy=http://wiw4v7duaymysz9-session-7b42fc807e76-lifetime-10:***@rp.scrapegw.com:6060	ConnectionTimeoutError: Connection timeout to host https://discord.com/api/v9/unique-username/username-attempt-unauthed
2026-09-01 18:30:59	HTTP_429	idin	attempt=1	proxy=http://wiw4v7duaymysz9-session-5a78e1a72639-lifetime-10:***@rp.scrapegw.com:6060	scope=shared global=False retry_after=1926.00s
2026-09-01 18:30:59	HTTP_429	idkz	attempt=1	proxy=http://wiw4v7duaymysz9-session-6a329ab44b9c-lifetime-10:***@rp.scrapegw.com:6060	scope=shared global=False retry_after=1189.00s
2026-09-01 18:31:00	HTTP_429	idpo	attempt=1	proxy=http://wiw4v7duaymysz9-session-495f3c6e1994-lifetime-10:***@rp.scrapegw.com:6060	scope=shared global=False retry_after=2134.00s
2026-09-01 18:31:00	NETWORK	iaoh	attempt=1	proxy=http://wiw4v7duaymysz9-session-3c666ba37cb9-lifetime-10:***@rp.scrapegw.com:6060	ConnectionTimeoutError: Connection timeout to host https://discord.com/api/v9/unique-username/username-attempt-unauthed
2026-09-01 18:31:00	NETWORK	iasb	attempt=1	proxy=http://wiw4v7duaymysz9-session-760b2091c4f7-lifetime-10:***@rp.scrapegw.com:6060	ConnectionTimeoutError: Connection timeout to host https://discord.com/api/v9/unique-username/username-attempt-unauthed
2026-09-01 18:31:00	NETWORK	iapl	attempt=1	proxy=http://wiw4v7duaymysz9-session-1bf0e3269278-lifetime-10:***@rp.scrapegw.com:6060	ConnectionTimeoutError: Connection timeout to host https://discord.com/api/v9/unique-username/username-attempt-unauthed
2026-09-01 18:31:00	NETWORK	iarf	attempt=1	proxy=http://wiw4v7duaymysz9-session-11c469500ff8-lifetime-10:***@rp.scrapegw.com:6060	ConnectionTimeoutError: Connection timeout to host https://discord.com/api/v9/unique-username/username-attempt-unauthed
2026-09-01 18:31:00	NETWORK	iang	attempt=1	proxy=http://wiw4v7duaymysz9-session-687efe8daa69-lifetime-10:***@rp.scrapegw.com:6060	ConnectionTimeoutError: Connection timeout to host https://discord.com/api/v9/unique-username/username-attempt-unauthed
2026-09-01 18:31:00	NETWORK	iarl	attempt=1	proxy=http://wiw4v7duaymysz9-session-bb9daf84c4f2-lifetime-10:***@rp.scrapegw.com:6060	ConnectionTimeoutError: Connection timeout to host https://discord.com/api/v9/unique-username/username-attempt-unauthed
2026-09-01 18:31:00	NETWORK	iaro	attempt=1	proxy=http://wiw4v7duaymysz9-session-e871a7404df7-lifetime-10:***@rp.scrapegw.com:6060	ConnectionTimeoutError: Connection timeout to host https://discord.com/api/v9/unique-username/username-attempt-unauthed
2026-09-01 18:31:00	NETWORK	iarp	attempt=1	proxy=http://wiw4v7duaymysz9-session-04cc19d55e8f-lifetime-10:***@rp.scrapegw.com:6060	ConnectionTimeoutError: Connection timeout to host https://discord.com/api/v9/unique-username/username-attempt-unauthed
2026-09-01 18:31:00	NETWORK	iaph	attempt=1	proxy=http://wiw4v7duaymysz9-session-a7142272f0b5-lifetime-10:***@rp.scrapegw.com:6060	ConnectionTimeoutError: Connection timeout to host https://discord.com/api/v9/unique-username/username-attempt-unauthed
2026-09-01 18:31:00	NETWORK	iasx	attempt=1	proxy=http://wiw4v7duaymysz9-session-383b9633fbd7-lifetime-10:***@rp.scrapegw.com:6060	ConnectionTimeoutError: Connection timeout to host https://discord.com/api/v9/unique-username/username-attempt-unauthed
2026-09-01 18:31:00	NETWORK	iasv	attempt=1	proxy=http://wiw4v7duaymysz9-session-e95aa09ef93c-lifetime-10:***@rp.scrapegw.com:6060	ConnectionTimeoutError: Connection timeout to host https://discord.com/api/v9/unique-username/username-attempt-unauthed
2026-09-01 18:31:00	NETWORK	iavu	attempt=1	proxy=http://wiw4v7duaymysz9-session-b604e3dd6e4a-lifetime-10:***@rp.scrapegw.com:6060	ConnectionTimeoutError: Connection timeout to host https://discord.com/api/v9/unique-username/username-attempt-unauthed
2026-09-01 18:31:00	NETWORK	iaoe	attempt=1	proxy=http://wiw4v7duaymysz9-session-acaaebe8efdc-lifetime-10:***@rp.scrapegw.com:6060	ConnectionTimeoutError: Connection timeout to host https://discord.com/api/v9/unique-username/username-attempt-unauthed
2026-09-01 18:31:00	NETWORK	iawc	attempt=1	proxy=http://wiw4v7duaymysz9-session-ade1025207ea-lifetime-10:***@rp.scrapegw.com:6060	ConnectionTimeoutError: Connection timeout to host https://discord.com/api/v9/unique-username/username-attempt-unauthed
2026-09-01 18:31:00	NETWORK	iaoc	attempt=1	proxy=http://wiw4v7duaymysz9-session-2d718ca956e0-lifetime-10:***@rp.scrapegw.com:6060	ConnectionTimeoutError: Connection timeout to host https://discord.com/api/v9/unique-username/username-attempt-unauthed
2026-09-01 18:31:00	NETWORK	ianr	attempt=1	proxy=http://wiw4v7duaymysz9-session-70959d0540fd-lifetime-10:***@rp.scrapegw.com:6060	ConnectionTimeoutError: Connection timeout to host https://discord.com/api/v9/unique-username/username-attempt-unauthed
2026-09-01 18:31:00	NETWORK	iavc	attempt=1	proxy=http://wiw4v7duaymysz9-session-2a87d1bb7adf-lifetime-10:***@rp.scrapegw.com:6060	ConnectionTimeoutError: Connection timeout to host https://discord.com/api/v9/unique-username/username-attempt-unauthed
2026-09-01 18:31:00	NETWORK	iatf	attempt=1	proxy=http://wiw4v7duaymysz9-session-1cf8eac2ac54-lifetime-10:***@rp.scrapegw.com:6060	ConnectionTimeoutError: Connection timeout to host https://discord.com/api/v9/unique-username/username-attempt-unauthed
2026-09-01 18:31:00	NETWORK	iasa	attempt=1	proxy=http://wiw4v7duaymysz9-session-b4d337cdd70e-lifetime-10:***@rp.scrapegw.com:6060	ConnectionTimeoutError: Connection timeout to host https://discord.com/api/v9/unique-username/username-attempt-unauthed
2026-09-01 18:31:00	NETWORK	iaoq	attempt=1	proxy=http://wiw4v7duaymysz9-session-96229a94ffc2-lifetime-10:***@rp.scrapegw.com:6060	ConnectionTimeoutError: Connection timeout to host https://discord.com/api/v9/unique-username/username-attempt-unauthed
2026-09-01 18:31:00	NETWORK	iaop	attempt=1	proxy=http://wiw4v7duaymysz9-session-bfafe2750cd5-lifetime-10:***@rp.scrapegw.com:6060	ConnectionTimeoutError: Connection timeout to host https://discord.com/api/v9/unique-username/username-attempt-unauthed
2026-09-01 18:31:00	NETWORK	iaog	attempt=1	proxy=http://wiw4v7duaymysz9-session-69c24436184d-lifetime-10:***@rp.scrapegw.com:6060	ConnectionTimeoutError: Connection timeout to host https://discord.com/api/v9/unique-username/username-attempt-unauthed
2026-09-01 18:31:00	NETWORK	iaqr	attempt=1	proxy=http://wiw4v7duaymysz9-session-991b07cadef0-lifetime-10:***@rp.scrapegw.com:6060	ConnectionTimeoutError: Connection timeout to host https://discord.com/api/v9/unique-username/username-attempt-unauthed
2026-09-01 18:31:00	NETWORK	iard	attempt=1	proxy=http://wiw4v7duaymysz9-session-657281650838-lifetime-10:***@rp.scrapegw.com:6060	ConnectionTimeoutError: Connection timeout to host https://discord.com/api/v9/unique-username/username-attempt-unauthed
2026-09-01 18:31:00	NETWORK	iary	attempt=1	proxy=http://wiw4v7duaymysz9-session-dfd9c53112df-lifetime-10:***@rp.scrapegw.com:6060	ConnectionTimeoutError: Connection timeout to host https://discord.com/api/v9/unique-username/username-attempt-unauthed
2026-09-01 18:31:00	NETWORK	iauz	attempt=1	proxy=http://wiw4v7duaymysz9-session-c1c26dae0986-lifetime-10:***@rp.scrapegw.com:6060	ConnectionTimeoutError: Connection timeout to host https://discord.com/api/v9/unique-username/username-attempt-unauthed
2026-09-01 18:31:00	NETWORK	iaum	attempt=1	proxy=http://wiw4v7duaymysz9-session-d7b005d72f39-lifetime-10:***@rp.scrapegw.com:6060	ConnectionTimeoutError: Connection timeout to host https://discord.com/api/v9/unique-username/username-attempt-unauthed
2026-09-01 18:31:00	NETWORK	iaue	attempt=1	proxy=http://wiw4v7duaymysz9-session-8c434c9032c5-lifetime-10:***@rp.scrapegw.com:6060	ConnectionTimeoutError: Connection timeout to host https://discord.com/api/v9/unique-username/username-attempt-unauthed
2026-09-01 18:31:00	NETWORK	iatw	attempt=1	proxy=http://wiw4v7duaymysz9-session-d8bc211ce34f-lifetime-10:***@rp.scrapegw.com:6060	ConnectionTimeoutError: Connection timeout to host https://discord.com/api/v9/unique-username/username-attempt-unauthed
2026-09-01 18:31:00	NETWORK	iaqp	attempt=1	proxy=http://wiw4v7duaymysz9-session-bb822c79c55c-lifetime-10:***@rp.scrapegw.com:6060	ConnectionTimeoutError: Connection timeout to host https://discord.com/api/v9/unique-username/username-attempt-unauthed
2026-09-01 18:31:00	NETWORK	iatd	attempt=1	proxy=http://wiw4v7duaymysz9-session-f363ab8b9e15-lifetime-10:***@rp.scrapegw.com:6060	ConnectionTimeoutError: Connection timeout to host https://discord.com/api/v9/unique-username/username-attempt-unauthed
2026-09-01 18:31:00	NETWORK	iatx	attempt=1	proxy=http://wiw4v7duaymysz9-session-a1333bfd1811-lifetime-10:***@rp.scrapegw.com:6060	ConnectionTimeoutError: Connection timeout to host https://discord.com/api/v9/unique-username/username-attempt-unauthed
2026-09-01 18:31:00	NETWORK	iasp	attempt=1	proxy=http://wiw4v7duaymysz9-session-7b56ee9a2f8e-lifetime-10:***@rp.scrapegw.com:6060	ConnectionTimeoutError: Connection timeout to host https://discord.com/api/v9/unique-username/username-attempt-unauthed
2026-09-01 18:31:00	NETWORK	iaqg	attempt=1	proxy=http://wiw4v7duaymysz9-session-b21138415d3e-lifetime-10:***@rp.scrapegw.com:6060	ConnectionTimeoutError: Connection timeout to host https://discord.com/api/v9/unique-username/username-attempt-unauthed
2026-09-01 18:31:00	NETWORK	iapz	attempt=1	proxy=http://wiw4v7duaymysz9-session-dddebf14271a-lifetime-10:***@rp.scrapegw.com:6060	ConnectionTimeoutError: Connection timeout to host https://discord.com/api/v9/unique-username/username-attempt-unauthed
2026-09-01 18:31:00	NETWORK	ibfb	attempt=1	proxy=http://wiw4v7duaymysz9-session-f9f2994961ba-lifetime-10:***@rp.scrapegw.com:6060	ClientConnectorError: Cannot connect to host discord.com:443 ssl:default [Connection reset by peer]
2026-09-01 18:31:00	HTTP_429	idrb	attempt=1	proxy=http://wiw4v7duaymysz9-session-8e833ce5c84e-lifetime-10:***@rp.scrapegw.com:6060	scope=shared global=False retry_after=1005.00s
2026-09-01 18:31:00	HTTP_429	iaug	attempt=1	proxy=http://wiw4v7duaymysz9-session-732dd051a5ca-lifetime-10:***@rp.scrapegw.com:6060	scope=shared global=False retry_after=1119.60s
2026-09-01 18:31:00	NETWORK	ibxx	attempt=1	proxy=http://wiw4v7duaymysz9-session-c8ddc46bb665-lifetime-10:***@rp.scrapegw.com:6060	ClientConnectorError: Cannot connect to host discord.com:443 ssl:default [Connection reset by peer]
2026-09-01 18:31:01	NETWORK	icve	attempt=1	proxy=http://wiw4v7duaymysz9-session-f17a8836c8e8-lifetime-10:***@rp.scrapegw.com:6060	ClientConnectorError: Cannot connect to host discord.com:443 ssl:default [Connection reset by peer]
2026-09-01 18:31:01	HTTP_429	ibgk	attempt=1	proxy=http://wiw4v7duaymysz9-session-49e0328092c5-lifetime-10:***@rp.scrapegw.com:6060	scope=shared global=False retry_after=1962.00s
2026-09-01 18:31:01	NETWORK	ibbl	attempt=1	proxy=http://wiw4v7duaymysz9-session-a37efee998c1-lifetime-10:***@rp.scrapegw.com:6060	ConnectionTimeoutError: Connection timeout to host https://discord.com/api/v9/unique-username/username-attempt-unauthed
2026-09-01 18:31:01	NETWORK	iaww	attempt=1	proxy=http://wiw4v7duaymysz9-session-8a9efd3b01a1-lifetime-10:***@rp.scrapegw.com:6060	ConnectionTimeoutError: Connection timeout to host https://discord.com/api/v9/unique-username/username-attempt-unauthed
2026-09-01 18:31:01	NETWORK	iawf	attempt=1	proxy=http://wiw4v7duaymysz9-session-2d73f6701a9a-lifetime-10:***@rp.scrapegw.com:6060	ConnectionTimeoutError: Connection timeout to host https://discord.com/api/v9/unique-username/username-attempt-unauthed
2026-09-01 18:31:01	NETWORK	ibbr	attempt=1	proxy=http://wiw4v7duaymysz9-session-d49af3001aaa-lifetime-10:***@rp.scrapegw.com:6060	ConnectionTimeoutError: Connection timeout to host https://discord.com/api/v9/unique-username/username-attempt-unauthed
2026-09-01 18:31:01	NETWORK	ibbb	attempt=1	proxy=http://wiw4v7duaymysz9-session-633a52b8065d-lifetime-10:***@rp.scrapegw.com:6060	ConnectionTimeoutError: Connection timeout to host https://discord.com/api/v9/unique-username/username-attempt-unauthed
2026-09-01 18:31:01	NETWORK	ibdg	attempt=1	proxy=http://wiw4v7duaymysz9-session-8990d4c930fd-lifetime-10:***@rp.scrapegw.com:6060	ConnectionTimeoutError: Connection timeout to host https://discord.com/api/v9/unique-username/username-attempt-unauthed
2026-09-01 18:31:01	NETWORK	ibcr	attempt=1	proxy=http://wiw4v7duaymysz9-session-470077e006ff-lifetime-10:***@rp.scrapegw.com:6060	ConnectionTimeoutError: Connection timeout to host https://discord.com/api/v9/unique-username/username-attempt-unauthed
2026-09-01 18:31:01	NETWORK	ibcq	attempt=1	proxy=http://wiw4v7duaymysz9-session-669280f73cd8-lifetime-10:***@rp.scrapegw.com:6060	ConnectionTimeoutError: Connection timeout to host https://discord.com/api/v9/unique-username/username-attempt-unauthed
2026-09-01 18:31:01	NETWORK	ibct	attempt=1	proxy=http://wiw4v7duaymysz9-session-acb23ba38f1e-lifetime-10:***@rp.scrapegw.com:6060	ConnectionTimeoutError: Connection timeout to host https://discord.com/api/v9/unique-username/username-attempt-unauthed
2026-09-01 18:31:01	NETWORK	ibcc	attempt=1	proxy=http://wiw4v7duaymysz9-session-542258922155-lifetime-10:***@rp.scrapegw.com:6060	ConnectionTimeoutError: Connection timeout to host https://discord.com/api/v9/unique-username/username-attempt-unauthed
2026-09-01 18:31:01	NETWORK	ibbw	attempt=1	proxy=http://wiw4v7duaymysz9-session-308e1cc4b9a2-lifetime-10:***@rp.scrapegw.com:6060	ConnectionTimeoutError: Connection timeout to host https://discord.com/api/v9/unique-username/username-attempt-unauthed
2026-09-01 18:31:01	NETWORK	iaye	attempt=1	proxy=http://wiw4v7duaymysz9-session-20171921fe76-lifetime-10:***@rp.scrapegw.com:6060	ConnectionTimeoutError: Connection timeout to host https://discord.com/api/v9/unique-username/username-attempt-unauthed
2026-09-01 18:31:01	NETWORK	ibbm	attempt=1	proxy=http://wiw4v7duaymysz9-session-dd05859830e9-lifetime-10:***@rp.scrapegw.com:6060	ConnectionTimeoutError: Connection timeout to host https://discord.com/api/v9/unique-username/username-attempt-unauthed
2026-09-01 18:31:01	NETWORK	ibbi	attempt=1	proxy=http://wiw4v7duaymysz9-session-d7b1af71b96c-lifetime-10:***@rp.scrapegw.com:6060	ConnectionTimeoutError: Connection timeout to host https://discord.com/api/v9/unique-username/username-attempt-unauthed
2026-09-01 18:31:01	NETWORK	iaxi	attempt=1	proxy=http://wiw4v7duaymysz9-session-4a878ab382ef-lifetime-10:***@rp.scrapegw.com:6060	ConnectionTimeoutError: Connection timeout to host https://discord.com/api/v9/unique-username/username-attempt-unauthed
2026-09-01 18:31:01	NETWORK	iaxe	attempt=1	proxy=http://wiw4v7duaymysz9-session-98bdab04e716-lifetime-10:***@rp.scrapegw.com:6060	ConnectionTimeoutError: Connection timeout to host https://discord.com/api/v9/unique-username/username-attempt-unauthed
2026-09-01 18:31:01	NETWORK	iaxd	attempt=1	proxy=http://wiw4v7duaymysz9-session-637f2f8bbcdd-lifetime-10:***@rp.scrapegw.com:6060	ConnectionTimeoutError: Connection timeout to host https://discord.com/api/v9/unique-username/username-attempt-unauthed
2026-09-01 18:31:01	NETWORK	iawq	attempt=1	proxy=http://wiw4v7duaymysz9-session-274cd5b950a6-lifetime-10:***@rp.scrapegw.com:6060	ConnectionTimeoutError: Connection timeout to host https://discord.com/api/v9/unique-username/username-attempt-unauthed
2026-09-01 18:31:01	NETWORK	iawk	attempt=1	proxy=http://wiw4v7duaymysz9-session-2ae4bc7dc8eb-lifetime-10:***@rp.scrapegw.com:6060	ConnectionTimeoutError: Connection timeout to host https://discord.com/api/v9/unique-username/username-attempt-unauthed
2026-09-01 18:31:01	NETWORK	iazt	attempt=1	proxy=http://wiw4v7duaymysz9-session-f6ac1491dad6-lifetime-10:***@rp.scrapegw.com:6060	ConnectionTimeoutError: Connection timeout to host https://discord.com/api/v9/unique-username/username-attempt-unauthed
2026-09-01 18:31:01	NETWORK	iayy	attempt=1	proxy=http://wiw4v7duaymysz9-session-6d3ac8a78b31-lifetime-10:***@rp.scrapegw.com:6060	ConnectionTimeoutError: Connection timeout to host https://discord.com/api/v9/unique-username/username-attempt-unauthed
2026-09-01 18:31:01	NETWORK	iazd	attempt=1	proxy=http://wiw4v7duaymysz9-session-a22da2e5da98-lifetime-10:***@rp.scrapegw.com:6060	ConnectionTimeoutError: Connection timeout to host https://discord.com/api/v9/unique-username/username-attempt-unauthed
2026-09-01 18:31:01	NETWORK	iazi	attempt=1	proxy=http://wiw4v7duaymysz9-session-70c220d552f5-lifetime-10:***@rp.scrapegw.com:6060	ConnectionTimeoutError: Connection timeout to host https://discord.com/api/v9/unique-username/username-attempt-unauthed
2026-09-01 18:31:01	NETWORK	iazf	attempt=1	proxy=http://wiw4v7duaymysz9-session-153c4a2cf658-lifetime-10:***@rp.scrapegw.com:6060	ConnectionTimeoutError: Connection timeout to host https://discord.com/api/v9/unique-username/username-attempt-unauthed
2026-09-01 18:31:01	NETWORK	ibao	attempt=1	proxy=http://wiw4v7duaymysz9-session-0968050f0dc8-lifetime-10:***@rp.scrapegw.com:6060	ConnectionTimeoutError: Connection timeout to host https://discord.com/api/v9/unique-username/username-attempt-unauthed
2026-09-01 18:31:01	NETWORK	ibas	attempt=1	proxy=http://wiw4v7duaymysz9-session-d234b098e4df-lifetime-10:***@rp.scrapegw.com:6060	ConnectionTimeoutError: Connection timeout to host https://discord.com/api/v9/unique-username/username-attempt-unauthed
2026-09-01 18:31:01	NETWORK	iazp	attempt=1	proxy=http://wiw4v7duaymysz9-session-4558a153449c-lifetime-10:***@rp.scrapegw.com:6060	ConnectionTimeoutError: Connection timeout to host https://discord.com/api/v9/unique-username/username-attempt-unauthed
2026-09-01 18:31:01	NETWORK	ibba	attempt=1	proxy=http://wiw4v7duaymysz9-session-db37e982190f-lifetime-10:***@rp.scrapegw.com:6060	ConnectionTimeoutError: Connection timeout to host https://discord.com/api/v9/unique-username/username-attempt-unauthed
2026-09-01 18:31:01	NETWORK	ibce	attempt=1	proxy=http://wiw4v7duaymysz9-session-3ce2272d38d5-lifetime-10:***@rp.scrapegw.com:6060	ConnectionTimeoutError: Connection timeout to host https://discord.com/api/v9/unique-username/username-attempt-unauthed
2026-09-01 18:31:01	NETWORK	ibcj	attempt=1	proxy=http://wiw4v7duaymysz9-session-a1b218253dcd-lifetime-10:***@rp.scrapegw.com:6060	ConnectionTimeoutError: Connection timeout to host https://discord.com/api/v9/unique-username/username-attempt-unauthed
2026-09-01 18:31:01	NETWORK	ibdf	attempt=1	proxy=http://wiw4v7duaymysz9-session-167243bbb78b-lifetime-10:***@rp.scrapegw.com:6060	ConnectionTimeoutError: Connection timeout to host https://discord.com/api/v9/unique-username/username-attempt-unauthed
2026-09-01 18:31:01	NETWORK	iayr	attempt=1	proxy=http://wiw4v7duaymysz9-session-8f808c518842-lifetime-10:***@rp.scrapegw.com:6060	ConnectionTimeoutError: Connection timeout to host https://discord.com/api/v9/unique-username/username-attempt-unauthed
2026-09-01 18:31:01	NETWORK	ibbk	attempt=1	proxy=http://wiw4v7duaymysz9-session-c9425286bff1-lifetime-10:***@rp.scrapegw.com:6060	ConnectionTimeoutError: Connection timeout to host https://discord.com/api/v9/unique-username/username-attempt-unauthed
2026-09-01 18:31:01	NETWORK	ibdm	attempt=1	proxy=http://wiw4v7duaymysz9-session-ec2dbb31ba56-lifetime-10:***@rp.scrapegw.com:6060	ConnectionTimeoutError: Connection timeout to host https://discord.com/api/v9/unique-username/username-attempt-unauthed
2026-09-01 18:31:01	NETWORK	iazz	attempt=1	proxy=http://wiw4v7duaymysz9-session-f3c31519d646-lifetime-10:***@rp.scrapegw.com:6060	ConnectionTimeoutError: Connection timeout to host https://discord.com/api/v9/unique-username/username-attempt-unauthed
2026-09-01 18:31:01	NETWORK	iaxw	attempt=1	proxy=http://wiw4v7duaymysz9-session-a4bf3d6f660d-lifetime-10:***@rp.scrapegw.com:6060	ConnectionTimeoutError: Connection timeout to host https://discord.com/api/v9/unique-username/username-attempt-unauthed
2026-09-01 18:31:01	NETWORK	iayg	attempt=1	proxy=http://wiw4v7duaymysz9-session-8afad8162a3e-lifetime-10:***@rp.scrapegw.com:6060	ConnectionTimeoutError: Connection timeout to host https://discord.com/api/v9/unique-username/username-attempt-unauthed
2026-09-01 18:31:01	NETWORK	ibcz	attempt=1	proxy=http://wiw4v7duaymysz9-session-a7f6ff2815c5-lifetime-10:***@rp.scrapegw.com:6060	ConnectionTimeoutError: Connection timeout to host https://discord.com/api/v9/unique-username/username-attempt-unauthed
2026-09-01 18:31:01	NETWORK	ibdb	attempt=1	proxy=http://wiw4v7duaymysz9-session-84706b46df1c-lifetime-10:***@rp.scrapegw.com:6060	ConnectionTimeoutError: Connection timeout to host https://discord.com/api/v9/unique-username/username-attempt-unauthed
2026-09-01 18:31:01	HTTP_429	icbt	attempt=1	proxy=http://wiw4v7duaymysz9-session-98bdce8babc8-lifetime-10:***@rp.scrapegw.com:6060	scope=shared global=False retry_after=700.00s
2026-09-01 18:31:02	HTTP_429	iece	attempt=1	proxy=http://wiw4v7duaymysz9-session-086e99372bb7-lifetime-10:***@rp.scrapegw.com:6060	scope=shared global=False retry_after=925.00s
2026-09-01 18:31:02	NETWORK	iccs	attempt=1	proxy=http://wiw4v7duaymysz9-session-839553b47e33-lifetime-10:***@rp.scrapegw.com:6060	ClientConnectorError: Cannot connect to host discord.com:443 ssl:default [None]
2026-09-01 18:31:02	HTTP_429	iecd	attempt=1	proxy=http://wiw4v7duaymysz9-session-0e1fc790a47b-lifetime-10:***@rp.scrapegw.com:6060	scope=shared global=False retry_after=2050.00s
2026-09-01 18:31:02	HTTP_429	iefa	attempt=1	proxy=http://wiw4v7duaymysz9-session-20a76cebbd68-lifetime-10:***@rp.scrapegw.com:6060	scope=shared global=False retry_after=498.00s
2026-09-01 18:31:02	NETWORK	iddd	attempt=1	proxy=http://wiw4v7duaymysz9-session-6513079c9356-lifetime-10:***@rp.scrapegw.com:6060	ClientConnectorError: Cannot connect to host discord.com:443 ssl:default [Connection reset by peer]
2026-09-01 18:31:02	HTTP_429	iegd	attempt=1	proxy=http://wiw4v7duaymysz9-session-79d7f9d7ca1b-lifetime-10:***@rp.scrapegw.com:6060	scope=shared global=False retry_after=1799.00s
2026-09-01 18:31:02	HTTP_429	iect	attempt=1	proxy=http://wiw4v7duaymysz9-session-424e7683e375-lifetime-10:***@rp.scrapegw.com:6060	scope=shared global=False retry_after=1491.00s
2026-09-01 18:31:02	NETWORK	ibtm	attempt=1	proxy=http://wiw4v7duaymysz9-session-dc74c8f2487a-lifetime-10:***@rp.scrapegw.com:6060	ClientConnectorError: Cannot connect to host discord.com:443 ssl:default [Connection reset by peer]
2026-09-01 18:31:02	NETWORK	ibkc	attempt=1	proxy=http://wiw4v7duaymysz9-session-a25aa8a1712f-lifetime-10:***@rp.scrapegw.com:6060	ConnectionTimeoutError: Connection timeout to host https://discord.com/api/v9/unique-username/username-attempt-unauthed
2026-09-01 18:31:02	NETWORK	ibkx	attempt=1	proxy=http://wiw4v7duaymysz9-session-2ba2fbc8f989-lifetime-10:***@rp.scrapegw.com:6060	ConnectionTimeoutError: Connection timeout to host https://discord.com/api/v9/unique-username/username-attempt-unauthed
2026-09-01 18:31:02	NETWORK	ibkn	attempt=1	proxy=http://wiw4v7duaymysz9-session-d2567ba59f8c-lifetime-10:***@rp.scrapegw.com:6060	ConnectionTimeoutError: Connection timeout to host https://discord.com/api/v9/unique-username/username-attempt-unauthed
2026-09-01 18:31:02	NETWORK	ibiu	attempt=1	proxy=http://wiw4v7duaymysz9-session-0519a45cff1b-lifetime-10:***@rp.scrapegw.com:6060	ConnectionTimeoutError: Connection timeout to host https://discord.com/api/v9/unique-username/username-attempt-unauthed
2026-09-01 18:31:02	NETWORK	ibko	attempt=1	proxy=http://wiw4v7duaymysz9-session-60086e91a1f7-lifetime-10:***@rp.scrapegw.com:6060	ConnectionTimeoutError: Connection timeout to host https://discord.com/api/v9/unique-username/username-attempt-unauthed
2026-09-01 18:31:02	NETWORK	ibiw	attempt=1	proxy=http://wiw4v7duaymysz9-session-8f3ad8ea8756-lifetime-10:***@rp.scrapegw.com:6060	ConnectionTimeoutError: Connection timeout to host https://discord.com/api/v9/unique-username/username-attempt-unauthed
2026-09-01 18:31:02	NETWORK	ibkd	attempt=1	proxy=http://wiw4v7duaymysz9-session-0a9d0eab1c86-lifetime-10:***@rp.scrapegw.com:6060	ConnectionTimeoutError: Connection timeout to host https://discord.com/api/v9/unique-username/username-attempt-unauthed
2026-09-01 18:31:02	NETWORK	ibki	attempt=1	proxy=http://wiw4v7duaymysz9-session-e8019b794f6e-lifetime-10:***@rp.scrapegw.com:6060	ConnectionTimeoutError: Connection timeout to host https://discord.com/api/v9/unique-username/username-attempt-unauthed
2026-09-01 18:31:02	NETWORK	ibjq	attempt=1	proxy=http://wiw4v7duaymysz9-session-6d5da4d0e2a7-lifetime-10:***@rp.scrapegw.com:6060	ConnectionTimeoutError: Connection timeout to host https://discord.com/api/v9/unique-username/username-attempt-unauthed
2026-09-01 18:31:02	NETWORK	ibiv	attempt=1	proxy=http://wiw4v7duaymysz9-session-da85f85025ae-lifetime-10:***@rp.scrapegw.com:6060	ConnectionTimeoutError: Connection timeout to host https://discord.com/api/v9/unique-username/username-attempt-unauthed
2026-09-01 18:31:02	NETWORK	ibjf	attempt=1	proxy=http://wiw4v7duaymysz9-session-10ae4cd04005-lifetime-10:***@rp.scrapegw.com:6060	ConnectionTimeoutError: Connection timeout to host https://discord.com/api/v9/unique-username/username-attempt-unauthed
2026-09-01 18:31:02	NETWORK	ibiq	attempt=1	proxy=http://wiw4v7duaymysz9-session-52c1bb586e1a-lifetime-10:***@rp.scrapegw.com:6060	ConnectionTimeoutError: Connection timeout to host https://discord.com/api/v9/unique-username/username-attempt-unauthed
2026-09-01 18:31:02	NETWORK	ibge	attempt=1	proxy=http://wiw4v7duaymysz9-session-c1cfdc8c1d32-lifetime-10:***@rp.scrapegw.com:6060	ConnectionTimeoutError: Connection timeout to host https://discord.com/api/v9/unique-username/username-attempt-unauthed
2026-09-01 18:31:02	NETWORK	ibic	attempt=1	proxy=http://wiw4v7duaymysz9-session-b11f60451f91-lifetime-10:***@rp.scrapegw.com:6060	ConnectionTimeoutError: Connection timeout to host https://discord.com/api/v9/unique-username/username-attempt-unauthed
2026-09-01 18:31:02	NETWORK	ibfu	attempt=1	proxy=http://wiw4v7duaymysz9-session-357077f9f9d9-lifetime-10:***@rp.scrapegw.com:6060	ConnectionTimeoutError: Connection timeout to host https://discord.com/api/v9/unique-username/username-attempt-unauthed
2026-09-01 18:31:02	NETWORK	ibhm	attempt=1	proxy=http://wiw4v7duaymysz9-session-8cb9a820e81a-lifetime-10:***@rp.scrapegw.com:6060	ConnectionTimeoutError: Connection timeout to host https://discord.com/api/v9/unique-username/username-attempt-unauthed
2026-09-01 18:31:02	NETWORK	ibfs	attempt=1	proxy=http://wiw4v7duaymysz9-session-4d07cd9cd837-lifetime-10:***@rp.scrapegw.com:6060	ConnectionTimeoutError: Connection timeout to host https://discord.com/api/v9/unique-username/username-attempt-unauthed
2026-09-01 18:31:02	NETWORK	ibhj	attempt=1	proxy=http://wiw4v7duaymysz9-session-c2d100923d48-lifetime-10:***@rp.scrapegw.com:6060	ConnectionTimeoutError: Connection timeout to host https://discord.com/api/v9/unique-username/username-attempt-unauthed
2026-09-01 18:31:02	NETWORK	ibfp	attempt=1	proxy=http://wiw4v7duaymysz9-session-b042c264be18-lifetime-10:***@rp.scrapegw.com:6060	ConnectionTimeoutError: Connection timeout to host https://discord.com/api/v9/unique-username/username-attempt-unauthed
2026-09-01 18:31:02	NETWORK	ibfo	attempt=1	proxy=http://wiw4v7duaymysz9-session-6ed456c6585c-lifetime-10:***@rp.scrapegw.com:6060	ConnectionTimeoutError: Connection timeout to host https://discord.com/api/v9/unique-username/username-attempt-unauthed
2026-09-01 18:31:02	NETWORK	ibhi	attempt=1	proxy=http://wiw4v7duaymysz9-session-de1b55fb6733-lifetime-10:***@rp.scrapegw.com:6060	ConnectionTimeoutError: Connection timeout to host https://discord.com/api/v9/unique-username/username-attempt-unauthed
2026-09-01 18:31:02	NETWORK	ibfl	attempt=1	proxy=http://wiw4v7duaymysz9-session-d9f1ab65464a-lifetime-10:***@rp.scrapegw.com:6060	ConnectionTimeoutError: Connection timeout to host https://discord.com/api/v9/unique-username/username-attempt-unauthed
2026-09-01 18:31:02	NETWORK	ibhh	attempt=1	proxy=http://wiw4v7duaymysz9-session-34f2cfe35e60-lifetime-10:***@rp.scrapegw.com:6060	ConnectionTimeoutError: Connection timeout to host https://discord.com/api/v9/unique-username/username-attempt-unauthed
2026-09-01 18:31:02	NETWORK	ibdu	attempt=1	proxy=http://wiw4v7duaymysz9-session-e5ce1341a65b-lifetime-10:***@rp.scrapegw.com:6060	ConnectionTimeoutError: Connection timeout to host https://discord.com/api/v9/unique-username/username-attempt-unauthed
2026-09-01 18:31:02	NETWORK	ibgm	attempt=1	proxy=http://wiw4v7duaymysz9-session-69887b09f730-lifetime-10:***@rp.scrapegw.com:6060	ConnectionTimeoutError: Connection timeout to host https://discord.com/api/v9/unique-username/username-attempt-unauthed
2026-09-01 18:31:02	NETWORK	ibgr	attempt=1	proxy=http://wiw4v7duaymysz9-session-0296e41866af-lifetime-10:***@rp.scrapegw.com:6060	ConnectionTimeoutError: Connection timeout to host https://discord.com/api/v9/unique-username/username-attempt-unauthed
2026-09-01 18:31:02	NETWORK	ibgy	attempt=1	proxy=http://wiw4v7duaymysz9-session-c2c2ee1c22b3-lifetime-10:***@rp.scrapegw.com:6060	ConnectionTimeoutError: Connection timeout to host https://discord.com/api/v9/unique-username/username-attempt-unauthed
2026-09-01 18:31:02	NETWORK	ibkz	attempt=1	proxy=http://wiw4v7duaymysz9-session-068d176b3042-lifetime-10:***@rp.scrapegw.com:6060	ConnectionTimeoutError: Connection timeout to host https://discord.com/api/v9/unique-username/username-attempt-unauthed
2026-09-01 18:31:02	NETWORK	ibjl	attempt=1	proxy=http://wiw4v7duaymysz9-session-8449817b58a9-lifetime-10:***@rp.scrapegw.com:6060	ConnectionTimeoutError: Connection timeout to host https://discord.com/api/v9/unique-username/username-attempt-unauthed
2026-09-01 18:31:02	NETWORK	ibkh	attempt=1	proxy=http://wiw4v7duaymysz9-session-12dc87998b04-lifetime-10:***@rp.scrapegw.com:6060	ConnectionTimeoutError: Connection timeout to host https://discord.com/api/v9/unique-username/username-attempt-unauthed
2026-09-01 18:31:02	NETWORK	ibkm	attempt=1	proxy=http://wiw4v7duaymysz9-session-571f2d8bea63-lifetime-10:***@rp.scrapegw.com:6060	ConnectionTimeoutError: Connection timeout to host https://discord.com/api/v9/unique-username/username-attempt-unauthed
2026-09-01 18:31:02	NETWORK	ibil	attempt=1	proxy=http://wiw4v7duaymysz9-session-5aeb38dd541f-lifetime-10:***@rp.scrapegw.com:6060	ConnectionTimeoutError: Connection timeout to host https://discord.com/api/v9/unique-username/username-attempt-unauthed
2026-09-01 18:31:02	NETWORK	ibjy	attempt=1	proxy=http://wiw4v7duaymysz9-session-629139c74b13-lifetime-10:***@rp.scrapegw.com:6060	ConnectionTimeoutError: Connection timeout to host https://discord.com/api/v9/unique-username/username-attempt-unauthed
2026-09-01 18:31:02	NETWORK	ibhp	attempt=1	proxy=http://wiw4v7duaymysz9-session-0cfa5d672833-lifetime-10:***@rp.scrapegw.com:6060	ConnectionTimeoutError: Connection timeout to host https://discord.com/api/v9/unique-username/username-attempt-unauthed
2026-09-01 18:31:02	NETWORK	ibkw	attempt=1	proxy=http://wiw4v7duaymysz9-session-6513079c9356-lifetime-10:***@rp.scrapegw.com:6060	ConnectionTimeoutError: Connection timeout to host https://discord.com/api/v9/unique-username/username-attempt-unauthed
2026-09-01 18:31:02	NETWORK	ibfh	attempt=1	proxy=http://wiw4v7duaymysz9-session-27d31b54549d-lifetime-10:***@rp.scrapegw.com:6060	ConnectionTimeoutError: Connection timeout to host https://discord.com/api/v9/unique-username/username-attempt-unauthed
2026-09-01 18:31:02	NETWORK	ibgl	attempt=1	proxy=http://wiw4v7duaymysz9-session-3340ebce38de-lifetime-10:***@rp.scrapegw.com:6060	ConnectionTimeoutError: Connection timeout to host https://discord.com/api/v9/unique-username/username-attempt-unauthed
2026-09-01 18:31:02	NETWORK	ibgt	attempt=1	proxy=http://wiw4v7duaymysz9-session-930852bb7e3d-lifetime-10:***@rp.scrapegw.com:6060	ConnectionTimeoutError: Connection timeout to host https://discord.com/api/v9/unique-username/username-attempt-unauthed
2026-09-01 18:31:02	NETWORK	ibhb	attempt=1	proxy=http://wiw4v7duaymysz9-session-4f31ef3264b4-lifetime-10:***@rp.scrapegw.com:6060	ConnectionTimeoutError: Connection timeout to host https://discord.com/api/v9/unique-username/username-attempt-unauthed
2026-09-01 18:31:02	NETWORK	ibgz	attempt=1	proxy=http://wiw4v7duaymysz9-session-db751ba95205-lifetime-10:***@rp.scrapegw.com:6060	ConnectionTimeoutError: Connection timeout to host https://discord.com/api/v9/unique-username/username-attempt-unauthed
2026-09-01 18:31:02	HTTP_429	ibxy	attempt=1	proxy=http://wiw4v7duaymysz9-session-495f3c6e1994-lifetime-10:***@rp.scrapegw.com:6060	scope=shared global=False retry_after=2131.64s
2026-09-01 18:31:03	NETWORK	ibmd	attempt=1	proxy=http://wiw4v7duaymysz9-session-9cac48b53946-lifetime-10:***@rp.scrapegw.com:6060	ClientConnectorError: Cannot connect to host discord.com:443 ssl:default [Connection reset by peer]
2026-09-01 18:31:03	NETWORK	icft	attempt=1	proxy=http://wiw4v7duaymysz9-session-687efe8daa69-lifetime-10:***@rp.scrapegw.com:6060	ClientConnectorError: Cannot connect to host discord.com:443 ssl:default [Connection reset by peer]
2026-09-01 18:31:03	NETWORK	ibox	attempt=1	proxy=http://wiw4v7duaymysz9-session-2b0431fbd839-lifetime-10:***@rp.scrapegw.com:6060	ClientConnectorError: Cannot connect to host discord.com:443 ssl:default [Connection reset by peer]
2026-09-01 18:31:03	NETWORK	ibqi	attempt=1	proxy=http://wiw4v7duaymysz9-session-2b42352ec2cc-lifetime-10:***@rp.scrapegw.com:6060	ConnectionTimeoutError: Connection timeout to host https://discord.com/api/v9/unique-username/username-attempt-unauthed
2026-09-01 18:31:03	NETWORK	ibmm	attempt=1	proxy=http://wiw4v7duaymysz9-session-830ab073e516-lifetime-10:***@rp.scrapegw.com:6060	ConnectionTimeoutError: Connection timeout to host https://discord.com/api/v9/unique-username/username-attempt-unauthed
2026-09-01 18:31:03	NETWORK	ibqc	attempt=1	proxy=http://wiw4v7duaymysz9-session-5a78e1a72639-lifetime-10:***@rp.scrapegw.com:6060	ConnectionTimeoutError: Connection timeout to host https://discord.com/api/v9/unique-username/username-attempt-unauthed
2026-09-01 18:31:03	NETWORK	ibqk	attempt=1	proxy=http://wiw4v7duaymysz9-session-fcde6abbe9b4-lifetime-10:***@rp.scrapegw.com:6060	ConnectionTimeoutError: Connection timeout to host https://discord.com/api/v9/unique-username/username-attempt-unauthed
2026-09-01 18:31:03	NETWORK	ibpf	attempt=1	proxy=http://wiw4v7duaymysz9-session-2add8b543272-lifetime-10:***@rp.scrapegw.com:6060	ConnectionTimeoutError: Connection timeout to host https://discord.com/api/v9/unique-username/username-attempt-unauthed
2026-09-01 18:31:03	NETWORK	ibou	attempt=1	proxy=http://wiw4v7duaymysz9-session-f4714ab03e24-lifetime-10:***@rp.scrapegw.com:6060	ConnectionTimeoutError: Connection timeout to host https://discord.com/api/v9/unique-username/username-attempt-unauthed
2026-09-01 18:31:03	NETWORK	ibly	attempt=1	proxy=http://wiw4v7duaymysz9-session-dc889fb76d74-lifetime-10:***@rp.scrapegw.com:6060	ConnectionTimeoutError: Connection timeout to host https://discord.com/api/v9/unique-username/username-attempt-unauthed
2026-09-01 18:31:03	NETWORK	ibrq	attempt=1	proxy=http://wiw4v7duaymysz9-session-dc6d2f91f3d7-lifetime-10:***@rp.scrapegw.com:6060	ConnectionTimeoutError: Connection timeout to host https://discord.com/api/v9/unique-username/username-attempt-unauthed
2026-09-01 18:31:03	NETWORK	ibnt	attempt=1	proxy=http://wiw4v7duaymysz9-session-5f67d5b1307f-lifetime-10:***@rp.scrapegw.com:6060	ConnectionTimeoutError: Connection timeout to host https://discord.com/api/v9/unique-username/username-attempt-unauthed
2026-09-01 18:31:03	NETWORK	iboq	attempt=1	proxy=http://wiw4v7duaymysz9-session-9c85c4c7a9fb-lifetime-10:***@rp.scrapegw.com:6060	ConnectionTimeoutError: Connection timeout to host https://discord.com/api/v9/unique-username/username-attempt-unauthed
2026-09-01 18:31:03	NETWORK	ibod	attempt=1	proxy=http://wiw4v7duaymysz9-session-03fce0853337-lifetime-10:***@rp.scrapegw.com:6060	ConnectionTimeoutError: Connection timeout to host https://discord.com/api/v9/unique-username/username-attempt-unauthed
2026-09-01 18:31:03	NETWORK	ibnb	attempt=1	proxy=http://wiw4v7duaymysz9-session-9311c598dbc5-lifetime-10:***@rp.scrapegw.com:6060	ConnectionTimeoutError: Connection timeout to host https://discord.com/api/v9/unique-username/username-attempt-unauthed
2026-09-01 18:31:03	NETWORK	ibrt	attempt=1	proxy=http://wiw4v7duaymysz9-session-d10156eacc97-lifetime-10:***@rp.scrapegw.com:6060	ConnectionTimeoutError: Connection timeout to host https://discord.com/api/v9/unique-username/username-attempt-unauthed
2026-09-01 18:31:03	NETWORK	ibmy	attempt=1	proxy=http://wiw4v7duaymysz9-session-b5b76c93c6a7-lifetime-10:***@rp.scrapegw.com:6060	ConnectionTimeoutError: Connection timeout to host https://discord.com/api/v9/unique-username/username-attempt-unauthed
2026-09-01 18:31:03	NETWORK	ibow	attempt=1	proxy=http://wiw4v7duaymysz9-session-583ddc43eebc-lifetime-10:***@rp.scrapegw.com:6060	ConnectionTimeoutError: Connection timeout to host https://discord.com/api/v9/unique-username/username-attempt-unauthed
2026-09-01 18:31:03	NETWORK	iblw	attempt=1	proxy=http://wiw4v7duaymysz9-session-383cf7981940-lifetime-10:***@rp.scrapegw.com:6060	ConnectionTimeoutError: Connection timeout to host https://discord.com/api/v9/unique-username/username-attempt-unauthed
2026-09-01 18:31:03	NETWORK	ibqn	attempt=1	proxy=http://wiw4v7duaymysz9-session-7af5c4d4d80f-lifetime-10:***@rp.scrapegw.com:6060	ConnectionTimeoutError: Connection timeout to host https://discord.com/api/v9/unique-username/username-attempt-unauthed
2026-09-01 18:31:03	NETWORK	ibqz	attempt=1	proxy=http://wiw4v7duaymysz9-session-1e44427ff8bf-lifetime-10:***@rp.scrapegw.com:6060	ConnectionTimeoutError: Connection timeout to host https://discord.com/api/v9/unique-username/username-attempt-unauthed
2026-09-01 18:31:03	NETWORK	ibqx	attempt=1	proxy=http://wiw4v7duaymysz9-session-d9c424eb584a-lifetime-10:***@rp.scrapegw.com:6060	ConnectionTimeoutError: Connection timeout to host https://discord.com/api/v9/unique-username/username-attempt-unauthed
2026-09-01 18:31:03	NETWORK	ibpx	attempt=1	proxy=http://wiw4v7duaymysz9-session-45f8e2a3f559-lifetime-10:***@rp.scrapegw.com:6060	ConnectionTimeoutError: Connection timeout to host https://discord.com/api/v9/unique-username/username-attempt-unauthed
2026-09-01 18:31:03	NETWORK	ibne	attempt=1	proxy=http://wiw4v7duaymysz9-session-be9d7aa8b02a-lifetime-10:***@rp.scrapegw.com:6060	ConnectionTimeoutError: Connection timeout to host https://discord.com/api/v9/unique-username/username-attempt-unauthed
2026-09-01 18:31:03	NETWORK	ibni	attempt=1	proxy=http://wiw4v7duaymysz9-session-372881799240-lifetime-10:***@rp.scrapegw.com:6060	ConnectionTimeoutError: Connection timeout to host https://discord.com/api/v9/unique-username/username-attempt-unauthed
2026-09-01 18:31:03	NETWORK	ibot	attempt=1	proxy=http://wiw4v7duaymysz9-session-eea0c6402b1d-lifetime-10:***@rp.scrapegw.com:6060	ConnectionTimeoutError: Connection timeout to host https://discord.com/api/v9/unique-username/username-attempt-unauthed
2026-09-01 18:31:03	NETWORK	ibog	attempt=1	proxy=http://wiw4v7duaymysz9-session-800d21b0560a-lifetime-10:***@rp.scrapegw.com:6060	ConnectionTimeoutError: Connection timeout to host https://discord.com/api/v9/unique-username/username-attempt-unauthed
2026-09-01 18:31:03	NETWORK	ibqg	attempt=1	proxy=http://wiw4v7duaymysz9-session-88ad0d0e5897-lifetime-10:***@rp.scrapegw.com:6060	ConnectionTimeoutError: Connection timeout to host https://discord.com/api/v9/unique-username/username-attempt-unauthed
2026-09-01 18:31:03	NETWORK	ibsk	attempt=1	proxy=http://wiw4v7duaymysz9-session-32c45aaeb38f-lifetime-10:***@rp.scrapegw.com:6060	ClientConnectorCertificateError: Cannot connect to host discord.com:443 ssl:True [SSLCertVerificationError: (1, '[SSL: CERTIFICATE_VERIFY_FAILED] certificate verify failed: self-signed certificate (_ssl.c:1081)')]
2026-09-01 18:31:03	NETWORK	idpx	attempt=1	proxy=http://wiw4v7duaymysz9-session-8895d8e0881a-lifetime-10:***@rp.scrapegw.com:6060	ClientConnectorError: Cannot connect to host discord.com:443 ssl:default [Connection reset by peer]
2026-09-01 18:31:03	HTTP_429	ieqy	attempt=1	proxy=http://wiw4v7duaymysz9-session-7b6c0a4e604a-lifetime-10:***@rp.scrapegw.com:6060	scope=shared global=False retry_after=992.00s
2026-09-01 18:31:04	HTTP_429	iesn	attempt=1	proxy=http://wiw4v7duaymysz9-session-4d4da86e96de-lifetime-10:***@rp.scrapegw.com:6060	scope=shared global=False retry_after=2049.00s
2026-09-01 18:31:04	NETWORK	icqa	attempt=1	proxy=http://wiw4v7duaymysz9-session-8a9efd3b01a1-lifetime-10:***@rp.scrapegw.com:6060	ClientConnectorError: Cannot connect to host discord.com:443 ssl:default [Connection reset by peer]
2026-09-01 18:31:04	HTTP_429	ieqm	attempt=1	proxy=http://wiw4v7duaymysz9-session-5f5b820f0120-lifetime-10:***@rp.scrapegw.com:6060	scope=shared global=False retry_after=1669.00s
2026-09-01 18:31:04	HTTP_429	ibnu	attempt=1	proxy=http://wiw4v7duaymysz9-session-2e78ef23df1e-lifetime-10:***@rp.scrapegw.com:6060	scope=shared global=False retry_after=1237.00s
2026-09-01 18:31:04	NETWORK	ibzl	attempt=1	proxy=http://wiw4v7duaymysz9-session-6eae9c16f750-lifetime-10:***@rp.scrapegw.com:6060	ClientConnectorError: Cannot connect to host discord.com:443 ssl:default [None]
2026-09-01 18:31:04	HTTP_429	iete	attempt=1	proxy=http://wiw4v7duaymysz9-session-29d70a227b33-lifetime-10:***@rp.scrapegw.com:6060	scope=shared global=False retry_after=2052.00s
2026-09-01 18:31:04	NETWORK	ibsn	attempt=1	proxy=http://wiw4v7duaymysz9-session-01cbc70802ee-lifetime-10:***@rp.scrapegw.com:6060	ConnectionTimeoutError: Connection timeout to host https://discord.com/api/v9/unique-username/username-attempt-unauthed
2026-09-01 18:31:04	NETWORK	ibub	attempt=1	proxy=http://wiw4v7duaymysz9-session-8c28d348998f-lifetime-10:***@rp.scrapegw.com:6060	ConnectionTimeoutError: Connection timeout to host https://discord.com/api/v9/unique-username/username-attempt-unauthed
2026-09-01 18:31:04	NETWORK	ibus	attempt=1	proxy=http://wiw4v7duaymysz9-session-743e18bb40a3-lifetime-10:***@rp.scrapegw.com:6060	ConnectionTimeoutError: Connection timeout to host https://discord.com/api/v9/unique-username/username-attempt-unauthed
2026-09-01 18:31:04	NETWORK	ibvj	attempt=1	proxy=http://wiw4v7duaymysz9-session-e7d18387717e-lifetime-10:***@rp.scrapegw.com:6060	ConnectionTimeoutError: Connection timeout to host https://discord.com/api/v9/unique-username/username-attempt-unauthed
2026-09-01 18:31:04	NETWORK	ibtt	attempt=1	proxy=http://wiw4v7duaymysz9-session-52a4e85165eb-lifetime-10:***@rp.scrapegw.com:6060	ConnectionTimeoutError: Connection timeout to host https://discord.com/api/v9/unique-username/username-attempt-unauthed
2026-09-01 18:31:04	NETWORK	ibyi	attempt=1	proxy=http://wiw4v7duaymysz9-session-22c838494ebe-lifetime-10:***@rp.scrapegw.com:6060	ConnectionTimeoutError: Connection timeout to host https://discord.com/api/v9/unique-username/username-attempt-unauthed
2026-09-01 18:31:04	NETWORK	ibze	attempt=1	proxy=http://wiw4v7duaymysz9-session-b469df58ea82-lifetime-10:***@rp.scrapegw.com:6060	ConnectionTimeoutError: Connection timeout to host https://discord.com/api/v9/unique-username/username-attempt-unauthed
2026-09-01 18:31:04	NETWORK	ibtx	attempt=1	proxy=http://wiw4v7duaymysz9-session-711bc20eb420-lifetime-10:***@rp.scrapegw.com:6060	ConnectionTimeoutError: Connection timeout to host https://discord.com/api/v9/unique-username/username-attempt-unauthed
2026-09-01 18:31:04	NETWORK	ibyp	attempt=1	proxy=http://wiw4v7duaymysz9-session-d6a287d4ea0f-lifetime-10:***@rp.scrapegw.com:6060	ConnectionTimeoutError: Connection timeout to host https://discord.com/api/v9/unique-username/username-attempt-unauthed
2026-09-01 18:31:04	NETWORK	ibwl	attempt=1	proxy=http://wiw4v7duaymysz9-session-13c1c8d4cdab-lifetime-10:***@rp.scrapegw.com:6060	ConnectionTimeoutError: Connection timeout to host https://discord.com/api/v9/unique-username/username-attempt-unauthed
2026-09-01 18:31:04	NETWORK	ibwu	attempt=1	proxy=http://wiw4v7duaymysz9-session-ede702e799b9-lifetime-10:***@rp.scrapegw.com:6060	ConnectionTimeoutError: Connection timeout to host https://discord.com/api/v9/unique-username/username-attempt-unauthed
2026-09-01 18:31:04	NETWORK	ibwy	attempt=1	proxy=http://wiw4v7duaymysz9-session-7b42fc807e76-lifetime-10:***@rp.scrapegw.com:6060	ConnectionTimeoutError: Connection timeout to host https://discord.com/api/v9/unique-username/username-attempt-unauthed
2026-09-01 18:31:04	NETWORK	ibxa	attempt=1	proxy=http://wiw4v7duaymysz9-session-c7fb2223065c-lifetime-10:***@rp.scrapegw.com:6060	ConnectionTimeoutError: Connection timeout to host https://discord.com/api/v9/unique-username/username-attempt-unauthed
2026-09-01 18:31:04	NETWORK	ibsu	attempt=1	proxy=http://wiw4v7duaymysz9-session-24545ccbeb10-lifetime-10:***@rp.scrapegw.com:6060	ConnectionTimeoutError: Connection timeout to host https://discord.com/api/v9/unique-username/username-attempt-unauthed
2026-09-01 18:31:04	NETWORK	ibtc	attempt=1	proxy=http://wiw4v7duaymysz9-session-f35beb4fa69c-lifetime-10:***@rp.scrapegw.com:6060	ConnectionTimeoutError: Connection timeout to host https://discord.com/api/v9/unique-username/username-attempt-unauthed
2026-09-01 18:31:04	NETWORK	ibsc	attempt=1	proxy=http://wiw4v7duaymysz9-session-9ef823e257b8-lifetime-10:***@rp.scrapegw.com:6060	ConnectionTimeoutError: Connection timeout to host https://discord.com/api/v9/unique-username/username-attempt-unauthed
2026-09-01 18:31:04	NETWORK	ibya	attempt=1	proxy=http://wiw4v7duaymysz9-session-9858776c7963-lifetime-10:***@rp.scrapegw.com:6060	ConnectionTimeoutError: Connection timeout to host https://discord.com/api/v9/unique-username/username-attempt-unauthed
2026-09-01 18:31:04	NETWORK	ibxm	attempt=1	proxy=http://wiw4v7duaymysz9-session-2e706e4fd530-lifetime-10:***@rp.scrapegw.com:6060	ConnectionTimeoutError: Connection timeout to host https://discord.com/api/v9/unique-username/username-attempt-unauthed
2026-09-01 18:31:04	NETWORK	ibyt	attempt=1	proxy=http://wiw4v7duaymysz9-session-168eb8325016-lifetime-10:***@rp.scrapegw.com:6060	ConnectionTimeoutError: Connection timeout to host https://discord.com/api/v9/unique-username/username-attempt-unauthed
2026-09-01 18:31:04	NETWORK	ibuo	attempt=1	proxy=http://wiw4v7duaymysz9-session-e019f47621be-lifetime-10:***@rp.scrapegw.com:6060	ConnectionTimeoutError: Connection timeout to host https://discord.com/api/v9/unique-username/username-attempt-unauthed
2026-09-01 18:31:04	NETWORK	ibum	attempt=1	proxy=http://wiw4v7duaymysz9-session-db8f9cbea899-lifetime-10:***@rp.scrapegw.com:6060	ConnectionTimeoutError: Connection timeout to host https://discord.com/api/v9/unique-username/username-attempt-unauthed
2026-09-01 18:31:04	NETWORK	ibwz	attempt=1	proxy=http://wiw4v7duaymysz9-session-647c1c14cc04-lifetime-10:***@rp.scrapegw.com:6060	ConnectionTimeoutError: Connection timeout to host https://discord.com/api/v9/unique-username/username-attempt-unauthed
2026-09-01 18:31:04	NETWORK	ibvm	attempt=1	proxy=http://wiw4v7duaymysz9-session-472434a2e775-lifetime-10:***@rp.scrapegw.com:6060	ConnectionTimeoutError: Connection timeout to host https://discord.com/api/v9/unique-username/username-attempt-unauthed
2026-09-01 18:31:04	NETWORK	ibza	attempt=1	proxy=http://wiw4v7duaymysz9-session-3d754dcdf80b-lifetime-10:***@rp.scrapegw.com:6060	ConnectionTimeoutError: Connection timeout to host https://discord.com/api/v9/unique-username/username-attempt-unauthed
2026-09-01 18:31:04	NETWORK	ibzh	attempt=1	proxy=http://wiw4v7duaymysz9-session-be78c58c256f-lifetime-10:***@rp.scrapegw.com:6060	ConnectionTimeoutError: Connection timeout to host https://discord.com/api/v9/unique-username/username-attempt-unauthed
2026-09-01 18:31:04	NETWORK	ibwp	attempt=1	proxy=http://wiw4v7duaymysz9-session-c1e51c2077ab-lifetime-10:***@rp.scrapegw.com:6060	ConnectionTimeoutError: Connection timeout to host https://discord.com/api/v9/unique-username/username-attempt-unauthed
2026-09-01 18:31:04	NETWORK	ibws	attempt=1	proxy=http://wiw4v7duaymysz9-session-f1ae42f7799a-lifetime-10:***@rp.scrapegw.com:6060	ConnectionTimeoutError: Connection timeout to host https://discord.com/api/v9/unique-username/username-attempt-unauthed
2026-09-01 18:31:04	NETWORK	ibyy	attempt=1	proxy=http://wiw4v7duaymysz9-session-b830dc0d72f0-lifetime-10:***@rp.scrapegw.com:6060	ConnectionTimeoutError: Connection timeout to host https://discord.com/api/v9/unique-username/username-attempt-unauthed
2026-09-01 18:31:04	NETWORK	ibwd	attempt=1	proxy=http://wiw4v7duaymysz9-session-69742cc31d21-lifetime-10:***@rp.scrapegw.com:6060	ConnectionTimeoutError: Connection timeout to host https://discord.com/api/v9/unique-username/username-attempt-unauthed
2026-09-01 18:31:04	HTTP_429	ievq	attempt=1	proxy=http://wiw4v7duaymysz9-session-7f8c770f1d99-lifetime-10:***@rp.scrapegw.com:6060	scope=shared global=False retry_after=1090.00s
2026-09-01 18:31:04	HTTP_429	idgh	attempt=1	proxy=http://wiw4v7duaymysz9-session-de8e5dcfe40a-lifetime-10:***@rp.scrapegw.com:6060	scope=shared global=False retry_after=1243.00s
2026-09-01 18:31:05	NETWORK	icqr	attempt=1	proxy=http://wiw4v7duaymysz9-session-a4bf3d6f660d-lifetime-10:***@rp.scrapegw.com:6060	ClientConnectorError: Cannot connect to host discord.com:443 ssl:default [Connection reset by peer]
2026-09-01 18:31:05	HTTP_429	iewd	attempt=1	proxy=http://wiw4v7duaymysz9-session-610726c1c802-lifetime-10:***@rp.scrapegw.com:6060	scope=shared global=False retry_after=1958.00s
2026-09-01 18:31:05	HTTP_429	ibwk	attempt=1	proxy=http://wiw4v7duaymysz9-session-2e6fcf6ba92d-lifetime-10:***@rp.scrapegw.com:6060	scope=shared global=False retry_after=619.00s
2026-09-01 18:31:05	HTTP_429	icar	attempt=1	proxy=http://wiw4v7duaymysz9-session-eebad97188f3-lifetime-10:***@rp.scrapegw.com:6060	scope=shared global=False retry_after=957.20s
2026-09-01 18:31:05	HTTP_429	ibvi	attempt=1	proxy=http://wiw4v7duaymysz9-session-31567d99eedc-lifetime-10:***@rp.scrapegw.com:6060	scope=shared global=False retry_after=1958.00s
2026-09-01 18:31:05	NETWORK	idii	attempt=1	proxy=http://wiw4v7duaymysz9-session-573549098b90-lifetime-10:***@rp.scrapegw.com:6060	ClientConnectorError: Cannot connect to host discord.com:443 ssl:default [Connection reset by peer]
2026-09-01 18:31:05	NETWORK	icvj	attempt=1	proxy=http://wiw4v7duaymysz9-session-3228db7fda4c-lifetime-10:***@rp.scrapegw.com:6060	ClientConnectorError: Cannot connect to host discord.com:443 ssl:default [Connection reset by peer]
2026-09-01 18:31:05	HTTP_429	ifba	attempt=1	proxy=http://wiw4v7duaymysz9-session-213d64fe3c49-lifetime-10:***@rp.scrapegw.com:6060	scope=shared global=False retry_after=650.00s
2026-09-01 18:31:05	NETWORK	icgj	attempt=1	proxy=http://wiw4v7duaymysz9-session-70959d0540fd-lifetime-10:***@rp.scrapegw.com:6060	ConnectionTimeoutError: Connection timeout to host https://discord.com/api/v9/unique-username/username-attempt-unauthed
2026-09-01 18:31:05	NETWORK	icee	attempt=1	proxy=http://wiw4v7duaymysz9-session-8b1cc9c690ff-lifetime-10:***@rp.scrapegw.com:6060	ConnectionTimeoutError: Connection timeout to host https://discord.com/api/v9/unique-username/username-attempt-unauthed
2026-09-01 18:31:05	NETWORK	icgm	attempt=1	proxy=http://wiw4v7duaymysz9-session-becf38836c62-lifetime-10:***@rp.scrapegw.com:6060	ConnectionTimeoutError: Connection timeout to host https://discord.com/api/v9/unique-username/username-attempt-unauthed
2026-09-01 18:31:05	NETWORK	icaa	attempt=1	proxy=http://wiw4v7duaymysz9-session-2d3467cf5b78-lifetime-10:***@rp.scrapegw.com:6060	ConnectionTimeoutError: Connection timeout to host https://discord.com/api/v9/unique-username/username-attempt-unauthed
2026-09-01 18:31:05	NETWORK	icfx	attempt=1	proxy=http://wiw4v7duaymysz9-session-9560279aab64-lifetime-10:***@rp.scrapegw.com:6060	ConnectionTimeoutError: Connection timeout to host https://discord.com/api/v9/unique-username/username-attempt-unauthed
2026-09-01 18:31:05	NETWORK	iccu	attempt=1	proxy=http://wiw4v7duaymysz9-session-a82443e0e653-lifetime-10:***@rp.scrapegw.com:6060	ConnectionTimeoutError: Connection timeout to host https://discord.com/api/v9/unique-username/username-attempt-unauthed
2026-09-01 18:31:05	NETWORK	icfs	attempt=1	proxy=http://wiw4v7duaymysz9-session-5fffdbe9a99d-lifetime-10:***@rp.scrapegw.com:6060	ConnectionTimeoutError: Connection timeout to host https://discord.com/api/v9/unique-username/username-attempt-unauthed
2026-09-01 18:31:05	NETWORK	icds	attempt=1	proxy=http://wiw4v7duaymysz9-session-5790de20e292-lifetime-10:***@rp.scrapegw.com:6060	ConnectionTimeoutError: Connection timeout to host https://discord.com/api/v9/unique-username/username-attempt-unauthed
2026-09-01 18:31:05	NETWORK	icfy	attempt=1	proxy=http://wiw4v7duaymysz9-session-bf859792518e-lifetime-10:***@rp.scrapegw.com:6060	ConnectionTimeoutError: Connection timeout to host https://discord.com/api/v9/unique-username/username-attempt-unauthed
2026-09-01 18:31:05	NETWORK	icdw	attempt=1	proxy=http://wiw4v7duaymysz9-session-f450f2bc5b58-lifetime-10:***@rp.scrapegw.com:6060	ConnectionTimeoutError: Connection timeout to host https://discord.com/api/v9/unique-username/username-attempt-unauthed
2026-09-01 18:31:05	NETWORK	icdk	attempt=1	proxy=http://wiw4v7duaymysz9-session-b6e0e0e2192e-lifetime-10:***@rp.scrapegw.com:6060	ConnectionTimeoutError: Connection timeout to host https://discord.com/api/v9/unique-username/username-attempt-unauthed
2026-09-01 18:31:05	NETWORK	icgk	attempt=1	proxy=http://wiw4v7duaymysz9-session-c8f8c7743483-lifetime-10:***@rp.scrapegw.com:6060	ConnectionTimeoutError: Connection timeout to host https://discord.com/api/v9/unique-username/username-attempt-unauthed
2026-09-01 18:31:05	NETWORK	icdb	attempt=1	proxy=http://wiw4v7duaymysz9-session-3cfc55c0adf0-lifetime-10:***@rp.scrapegw.com:6060	ConnectionTimeoutError: Connection timeout to host https://discord.com/api/v9/unique-username/username-attempt-unauthed
2026-09-01 18:31:05	NETWORK	iccj	attempt=1	proxy=http://wiw4v7duaymysz9-session-49980723d88d-lifetime-10:***@rp.scrapegw.com:6060	ConnectionTimeoutError: Connection timeout to host https://discord.com/api/v9/unique-username/username-attempt-unauthed
2026-09-01 18:31:05	NETWORK	icdy	attempt=1	proxy=http://wiw4v7duaymysz9-session-1b01bccf28da-lifetime-10:***@rp.scrapegw.com:6060	ConnectionTimeoutError: Connection timeout to host https://discord.com/api/v9/unique-username/username-attempt-unauthed
2026-09-01 18:31:05	NETWORK	ichb	attempt=1	proxy=http://wiw4v7duaymysz9-session-3c666ba37cb9-lifetime-10:***@rp.scrapegw.com:6060	ConnectionTimeoutError: Connection timeout to host https://discord.com/api/v9/unique-username/username-attempt-unauthed
2026-09-01 18:31:05	NETWORK	icfa	attempt=1	proxy=http://wiw4v7duaymysz9-session-e94b2c399e6d-lifetime-10:***@rp.scrapegw.com:6060	ConnectionTimeoutError: Connection timeout to host https://discord.com/api/v9/unique-username/username-attempt-unauthed
2026-09-01 18:31:05	NETWORK	icdi	attempt=1	proxy=http://wiw4v7duaymysz9-session-25bcbac9587c-lifetime-10:***@rp.scrapegw.com:6060	ConnectionTimeoutError: Connection timeout to host https://discord.com/api/v9/unique-username/username-attempt-unauthed
2026-09-01 18:31:05	NETWORK	icej	attempt=1	proxy=http://wiw4v7duaymysz9-session-edeefa7287e8-lifetime-10:***@rp.scrapegw.com:6060	ConnectionTimeoutError: Connection timeout to host https://discord.com/api/v9/unique-username/username-attempt-unauthed
2026-09-01 18:31:05	NETWORK	icgo	attempt=1	proxy=http://wiw4v7duaymysz9-session-2d718ca956e0-lifetime-10:***@rp.scrapegw.com:6060	ConnectionTimeoutError: Connection timeout to host https://discord.com/api/v9/unique-username/username-attempt-unauthed
2026-09-01 18:31:05	NETWORK	icct	attempt=1	proxy=http://wiw4v7duaymysz9-session-8506bc2884be-lifetime-10:***@rp.scrapegw.com:6060	ConnectionTimeoutError: Connection timeout to host https://discord.com/api/v9/unique-username/username-attempt-unauthed
2026-09-01 18:31:05	NETWORK	icdq	attempt=1	proxy=http://wiw4v7duaymysz9-session-11649bdb8309-lifetime-10:***@rp.scrapegw.com:6060	ConnectionTimeoutError: Connection timeout to host https://discord.com/api/v9/unique-username/username-attempt-unauthed
2026-09-01 18:31:05	NETWORK	icda	attempt=1	proxy=http://wiw4v7duaymysz9-session-f41eb0ef9ce7-lifetime-10:***@rp.scrapegw.com:6060	ConnectionTimeoutError: Connection timeout to host https://discord.com/api/v9/unique-username/username-attempt-unauthed
2026-09-01 18:31:05	NETWORK	icbv	attempt=1	proxy=http://wiw4v7duaymysz9-session-02e8aeb798ca-lifetime-10:***@rp.scrapegw.com:6060	ConnectionTimeoutError: Connection timeout to host https://discord.com/api/v9/unique-username/username-attempt-unauthed
2026-09-01 18:31:05	NETWORK	icbw	attempt=1	proxy=http://wiw4v7duaymysz9-session-96221f13d18d-lifetime-10:***@rp.scrapegw.com:6060	ConnectionTimeoutError: Connection timeout to host https://discord.com/api/v9/unique-username/username-attempt-unauthed
2026-09-01 18:31:05	NETWORK	icck	attempt=1	proxy=http://wiw4v7duaymysz9-session-7335bf0688d1-lifetime-10:***@rp.scrapegw.com:6060	ConnectionTimeoutError: Connection timeout to host https://discord.com/api/v9/unique-username/username-attempt-unauthed
2026-09-01 18:31:05	NETWORK	icbb	attempt=1	proxy=http://wiw4v7duaymysz9-session-e61c73e7ea9f-lifetime-10:***@rp.scrapegw.com:6060	ConnectionTimeoutError: Connection timeout to host https://discord.com/api/v9/unique-username/username-attempt-unauthed
2026-09-01 18:31:05	HTTP_429	ifdj	attempt=1	proxy=http://wiw4v7duaymysz9-session-2c4a564de967-lifetime-10:***@rp.scrapegw.com:6060	scope=shared global=False retry_after=2068.00s
2026-09-01 18:31:06	HTTP_429	iffs	attempt=1	proxy=http://wiw4v7duaymysz9-session-ef8c520f3226-lifetime-10:***@rp.scrapegw.com:6060	scope=shared global=False retry_after=2058.00s
2026-09-01 18:31:06	HTTP_429	ifga	attempt=1	proxy=http://wiw4v7duaymysz9-session-7ac3b6c29901-lifetime-10:***@rp.scrapegw.com:6060	scope=shared global=False retry_after=2050.00s
2026-09-01 18:31:06	HTTP_429	ifeq	attempt=1	proxy=http://wiw4v7duaymysz9-session-7f2c802021d8-lifetime-10:***@rp.scrapegw.com:6060	scope=shared global=False retry_after=2050.00s
2026-09-01 18:31:06	NETWORK	iclz	attempt=1	proxy=http://wiw4v7duaymysz9-session-702661d20286-lifetime-10:***@rp.scrapegw.com:6060	ClientConnectorError: Cannot connect to host discord.com:443 ssl:default [Connection reset by peer]
2026-09-01 18:31:06	NETWORK	icjf	attempt=1	proxy=http://wiw4v7duaymysz9-session-a2d38222512c-lifetime-10:***@rp.scrapegw.com:6060	ClientConnectorError: Cannot connect to host discord.com:443 ssl:default [Connection reset by peer]
2026-09-01 18:31:06	HTTP_429	ifgz	attempt=1	proxy=http://wiw4v7duaymysz9-session-d4f538c990f2-lifetime-10:***@rp.scrapegw.com:6060	scope=shared global=False retry_after=2050.00s
2026-09-01 18:31:06	NETWORK	icjc	attempt=1	proxy=http://wiw4v7duaymysz9-session-4bd68e0aaa26-lifetime-10:***@rp.scrapegw.com:6060	ClientConnectorError: Cannot connect to host discord.com:443 ssl:default [Connection reset by peer]
2026-09-01 18:31:06	HTTP_429	ifis	attempt=1	proxy=http://wiw4v7duaymysz9-session-09474ca302cb-lifetime-10:***@rp.scrapegw.com:6060	scope=shared global=False retry_after=269.00s
2026-09-01 18:31:06	NETWORK	idmw	attempt=1	proxy=http://wiw4v7duaymysz9-session-e019f47621be-lifetime-10:***@rp.scrapegw.com:6060	ClientConnectorCertificateError: Cannot connect to host discord.com:443 ssl:True [SSLCertVerificationError: (1, '[SSL: CERTIFICATE_VERIFY_FAILED] certificate verify failed: self-signed certificate in certificate chain (_ssl.c:1081)')]
2026-09-01 18:31:06	HTTP_429	ifjs	attempt=1	proxy=http://wiw4v7duaymysz9-session-d8608416442a-lifetime-10:***@rp.scrapegw.com:6060	scope=shared global=False retry_after=2056.00s
2026-09-01 18:31:06	NETWORK	icit	attempt=1	proxy=http://wiw4v7duaymysz9-session-53a8a0feed16-lifetime-10:***@rp.scrapegw.com:6060	ConnectionTimeoutError: Connection timeout to host https://discord.com/api/v9/unique-username/username-attempt-unauthed
2026-09-01 18:31:06	NETWORK	icoj	attempt=1	proxy=http://wiw4v7duaymysz9-session-d365addcd936-lifetime-10:***@rp.scrapegw.com:6060	ConnectionTimeoutError: Connection timeout to host https://discord.com/api/v9/unique-username/username-attempt-unauthed
2026-09-01 18:31:06	NETWORK	ickx	attempt=1	proxy=http://wiw4v7duaymysz9-session-086e99372bb7-lifetime-10:***@rp.scrapegw.com:6060	ConnectionTimeoutError: Connection timeout to host https://discord.com/api/v9/unique-username/username-attempt-unauthed
2026-09-01 18:31:06	NETWORK	icny	attempt=1	proxy=http://wiw4v7duaymysz9-session-2a87d1bb7adf-lifetime-10:***@rp.scrapegw.com:6060	ConnectionTimeoutError: Connection timeout to host https://discord.com/api/v9/unique-username/username-attempt-unauthed
2026-09-01 18:31:06	NETWORK	icnu	attempt=1	proxy=http://wiw4v7duaymysz9-session-c1c26dae0986-lifetime-10:***@rp.scrapegw.com:6060	ConnectionTimeoutError: Connection timeout to host https://discord.com/api/v9/unique-username/username-attempt-unauthed
2026-09-01 18:31:06	NETWORK	icjv	attempt=1	proxy=http://wiw4v7duaymysz9-session-9de341d7fcca-lifetime-10:***@rp.scrapegw.com:6060	ConnectionTimeoutError: Connection timeout to host https://discord.com/api/v9/unique-username/username-attempt-unauthed
2026-09-01 18:31:06	NETWORK	icnt	attempt=1	proxy=http://wiw4v7duaymysz9-session-9ff281514923-lifetime-10:***@rp.scrapegw.com:6060	ConnectionTimeoutError: Connection timeout to host https://discord.com/api/v9/unique-username/username-attempt-unauthed
2026-09-01 18:31:06	NETWORK	iclu	attempt=1	proxy=http://wiw4v7duaymysz9-session-62fab26e6fa6-lifetime-10:***@rp.scrapegw.com:6060	ConnectionTimeoutError: Connection timeout to host https://discord.com/api/v9/unique-username/username-attempt-unauthed
2026-09-01 18:31:06	NETWORK	icje	attempt=1	proxy=http://wiw4v7duaymysz9-session-7cc2e75d580b-lifetime-10:***@rp.scrapegw.com:6060	ConnectionTimeoutError: Connection timeout to host https://discord.com/api/v9/unique-username/username-attempt-unauthed
2026-09-01 18:31:06	NETWORK	icmo	attempt=1	proxy=http://wiw4v7duaymysz9-session-60db7c0459f1-lifetime-10:***@rp.scrapegw.com:6060	ConnectionTimeoutError: Connection timeout to host https://discord.com/api/v9/unique-username/username-attempt-unauthed
2026-09-01 18:31:06	NETWORK	icmf	attempt=1	proxy=http://wiw4v7duaymysz9-session-873035036e66-lifetime-10:***@rp.scrapegw.com:6060	ConnectionTimeoutError: Connection timeout to host https://discord.com/api/v9/unique-username/username-attempt-unauthed
2026-09-01 18:31:06	NETWORK	iciz	attempt=1	proxy=http://wiw4v7duaymysz9-session-bd4fbcb5d271-lifetime-10:***@rp.scrapegw.com:6060	ConnectionTimeoutError: Connection timeout to host https://discord.com/api/v9/unique-username/username-attempt-unauthed
2026-09-01 18:31:06	NETWORK	icml	attempt=1	proxy=http://wiw4v7duaymysz9-session-d8bc211ce34f-lifetime-10:***@rp.scrapegw.com:6060	ConnectionTimeoutError: Connection timeout to host https://discord.com/api/v9/unique-username/username-attempt-unauthed
2026-09-01 18:31:06	NETWORK	icor	attempt=1	proxy=http://wiw4v7duaymysz9-session-ba8c38ba0bda-lifetime-10:***@rp.scrapegw.com:6060	ConnectionTimeoutError: Connection timeout to host https://discord.com/api/v9/unique-username/username-attempt-unauthed
2026-09-01 18:31:06	NETWORK	ickg	attempt=1	proxy=http://wiw4v7duaymysz9-session-c602a340a58c-lifetime-10:***@rp.scrapegw.com:6060	ConnectionTimeoutError: Connection timeout to host https://discord.com/api/v9/unique-username/username-attempt-unauthed
2026-09-01 18:31:06	NETWORK	iclv	attempt=1	proxy=http://wiw4v7duaymysz9-session-1cf8eac2ac54-lifetime-10:***@rp.scrapegw.com:6060	ConnectionTimeoutError: Connection timeout to host https://discord.com/api/v9/unique-username/username-attempt-unauthed
2026-09-01 18:31:06	NETWORK	ichh	attempt=1	proxy=http://wiw4v7duaymysz9-session-47376cff35b0-lifetime-10:***@rp.scrapegw.com:6060	ConnectionTimeoutError: Connection timeout to host https://discord.com/api/v9/unique-username/username-attempt-unauthed
2026-09-01 18:31:06	NETWORK	icom	attempt=1	proxy=http://wiw4v7duaymysz9-session-b604e3dd6e4a-lifetime-10:***@rp.scrapegw.com:6060	ConnectionTimeoutError: Connection timeout to host https://discord.com/api/v9/unique-username/username-attempt-unauthed
2026-09-01 18:31:06	NETWORK	icoz	attempt=1	proxy=http://wiw4v7duaymysz9-session-2d73f6701a9a-lifetime-10:***@rp.scrapegw.com:6060	ConnectionTimeoutError: Connection timeout to host https://discord.com/api/v9/unique-username/username-attempt-unauthed
2026-09-01 18:31:06	NETWORK	icki	attempt=1	proxy=http://wiw4v7duaymysz9-session-04cc19d55e8f-lifetime-10:***@rp.scrapegw.com:6060	ConnectionTimeoutError: Connection timeout to host https://discord.com/api/v9/unique-username/username-attempt-unauthed
2026-09-01 18:31:06	NETWORK	icih	attempt=1	proxy=http://wiw4v7duaymysz9-session-ae12deb21772-lifetime-10:***@rp.scrapegw.com:6060	ConnectionTimeoutError: Connection timeout to host https://discord.com/api/v9/unique-username/username-attempt-unauthed
2026-09-01 18:31:06	NETWORK	ickn	attempt=1	proxy=http://wiw4v7duaymysz9-session-04f5099c4007-lifetime-10:***@rp.scrapegw.com:6060	ConnectionTimeoutError: Connection timeout to host https://discord.com/api/v9/unique-username/username-attempt-unauthed
2026-09-01 18:31:06	NETWORK	icnn	attempt=1	proxy=http://wiw4v7duaymysz9-session-e9f35cd55cb4-lifetime-10:***@rp.scrapegw.com:6060	ConnectionTimeoutError: Connection timeout to host https://discord.com/api/v9/unique-username/username-attempt-unauthed
2026-09-01 18:31:06	NETWORK	icoq	attempt=1	proxy=http://wiw4v7duaymysz9-session-54342873b73d-lifetime-10:***@rp.scrapegw.com:6060	ConnectionTimeoutError: Connection timeout to host https://discord.com/api/v9/unique-username/username-attempt-unauthed
2026-09-01 18:31:06	NETWORK	icjq	attempt=1	proxy=http://wiw4v7duaymysz9-session-991b07cadef0-lifetime-10:***@rp.scrapegw.com:6060	ConnectionTimeoutError: Connection timeout to host https://discord.com/api/v9/unique-username/username-attempt-unauthed
2026-09-01 18:31:06	NETWORK	icka	attempt=1	proxy=http://wiw4v7duaymysz9-session-657281650838-lifetime-10:***@rp.scrapegw.com:6060	ConnectionTimeoutError: Connection timeout to host https://discord.com/api/v9/unique-username/username-attempt-unauthed
2026-09-01 18:31:06	NETWORK	icjm	attempt=1	proxy=http://wiw4v7duaymysz9-session-e257fbb74ed6-lifetime-10:***@rp.scrapegw.com:6060	ConnectionTimeoutError: Connection timeout to host https://discord.com/api/v9/unique-username/username-attempt-unauthed
2026-09-01 18:31:06	NETWORK	icmk	attempt=1	proxy=http://wiw4v7duaymysz9-session-f6048f8efdb8-lifetime-10:***@rp.scrapegw.com:6060	ConnectionTimeoutError: Connection timeout to host https://discord.com/api/v9/unique-username/username-attempt-unauthed
2026-09-01 18:31:06	NETWORK	ickb	attempt=1	proxy=http://wiw4v7duaymysz9-session-8c2f81c33a6a-lifetime-10:***@rp.scrapegw.com:6060	ConnectionTimeoutError: Connection timeout to host https://discord.com/api/v9/unique-username/username-attempt-unauthed
2026-09-01 18:31:06	NETWORK	iclk	attempt=1	proxy=http://wiw4v7duaymysz9-session-383b9633fbd7-lifetime-10:***@rp.scrapegw.com:6060	ConnectionTimeoutError: Connection timeout to host https://discord.com/api/v9/unique-username/username-attempt-unauthed
2026-09-01 18:31:06	NETWORK	icik	attempt=1	proxy=http://wiw4v7duaymysz9-session-1bf0e3269278-lifetime-10:***@rp.scrapegw.com:6060	ConnectionTimeoutError: Connection timeout to host https://discord.com/api/v9/unique-username/username-attempt-unauthed
2026-09-01 18:31:06	NETWORK	ickz	attempt=1	proxy=http://wiw4v7duaymysz9-session-cf87c36b859c-lifetime-10:***@rp.scrapegw.com:6060	ConnectionTimeoutError: Connection timeout to host https://discord.com/api/v9/unique-username/username-attempt-unauthed
2026-09-01 18:31:06	NETWORK	icii	attempt=1	proxy=http://wiw4v7duaymysz9-session-a7142272f0b5-lifetime-10:***@rp.scrapegw.com:6060	ConnectionTimeoutError: Connection timeout to host https://discord.com/api/v9/unique-username/username-attempt-unauthed
2026-09-01 18:31:06	NETWORK	ichr	attempt=1	proxy=http://wiw4v7duaymysz9-session-6ff429999f6d-lifetime-10:***@rp.scrapegw.com:6060	ConnectionTimeoutError: Connection timeout to host https://discord.com/api/v9/unique-username/username-attempt-unauthed
2026-09-01 18:31:06	NETWORK	ickl	attempt=1	proxy=http://wiw4v7duaymysz9-session-38314f9519d1-lifetime-10:***@rp.scrapegw.com:6060	ConnectionTimeoutError: Connection timeout to host https://discord.com/api/v9/unique-username/username-attempt-unauthed
2026-09-01 18:31:06	NETWORK	icks	attempt=1	proxy=http://wiw4v7duaymysz9-session-760b2091c4f7-lifetime-10:***@rp.scrapegw.com:6060	ConnectionTimeoutError: Connection timeout to host https://discord.com/api/v9/unique-username/username-attempt-unauthed
2026-09-01 18:31:06	NETWORK	ibav	attempt=1	proxy=http://wiw4v7duaymysz9-session-67eecf75b11d-lifetime-10:***@rp.scrapegw.com:6060	TimeoutError:
2026-09-01 18:31:06	NETWORK	icmd	attempt=1	proxy=http://wiw4v7duaymysz9-session-5b862256af29-lifetime-10:***@rp.scrapegw.com:6060	ConnectionTimeoutError: Connection timeout to host https://discord.com/api/v9/unique-username/username-attempt-unauthed
2026-09-01 18:31:06	NETWORK	icov	attempt=1	proxy=http://wiw4v7duaymysz9-session-ade1025207ea-lifetime-10:***@rp.scrapegw.com:6060	ConnectionTimeoutError: Connection timeout to host https://discord.com/api/v9/unique-username/username-attempt-unauthed
2026-09-01 18:31:06	HTTP_429	ifky	attempt=1	proxy=http://wiw4v7duaymysz9-session-c7b5ba1c3afc-lifetime-10:***@rp.scrapegw.com:6060	scope=shared global=False retry_after=2049.00s
2026-09-01 18:31:06	HTTP_429	ifkv	attempt=1	proxy=http://wiw4v7duaymysz9-session-ffadc34cce04-lifetime-10:***@rp.scrapegw.com:6060	scope=shared global=False retry_after=2054.00s
2026-09-01 18:31:07	HTTP_429	ifnt	attempt=1	proxy=http://wiw4v7duaymysz9-session-23445f1b6bc0-lifetime-10:***@rp.scrapegw.com:6060	scope=shared global=False retry_after=2050.00s
2026-09-01 18:31:07	HTTP_429	ifmc	attempt=1	proxy=http://wiw4v7duaymysz9-session-6d9bd47d1ca7-lifetime-10:***@rp.scrapegw.com:6060	scope=shared global=False retry_after=2019.00s
2026-09-01 18:31:07	NETWORK	idvk	attempt=1	proxy=http://wiw4v7duaymysz9-session-1b01bccf28da-lifetime-10:***@rp.scrapegw.com:6060	ClientConnectorError: Cannot connect to host discord.com:443 ssl:default [Connection reset by peer]
2026-09-01 18:31:07	NETWORK	icuu	attempt=1	proxy=http://wiw4v7duaymysz9-session-605207726b31-lifetime-10:***@rp.scrapegw.com:6060	ConnectionTimeoutError: Connection timeout to host https://discord.com/api/v9/unique-username/username-attempt-unauthed
2026-09-01 18:31:07	NETWORK	ictj	attempt=1	proxy=http://wiw4v7duaymysz9-session-ffafff672fd8-lifetime-10:***@rp.scrapegw.com:6060	ConnectionTimeoutError: Connection timeout to host https://discord.com/api/v9/unique-username/username-attempt-unauthed
2026-09-01 18:31:07	NETWORK	icuz	attempt=1	proxy=http://wiw4v7duaymysz9-session-9ab639aa4556-lifetime-10:***@rp.scrapegw.com:6060	ConnectionTimeoutError: Connection timeout to host https://discord.com/api/v9/unique-username/username-attempt-unauthed
2026-09-01 18:31:07	NETWORK	icty	attempt=1	proxy=http://wiw4v7duaymysz9-session-3a7e40a7658e-lifetime-10:***@rp.scrapegw.com:6060	ConnectionTimeoutError: Connection timeout to host https://discord.com/api/v9/unique-username/username-attempt-unauthed
2026-09-01 18:31:07	NETWORK	icud	attempt=1	proxy=http://wiw4v7duaymysz9-session-6d58bb0356cf-lifetime-10:***@rp.scrapegw.com:6060	ConnectionTimeoutError: Connection timeout to host https://discord.com/api/v9/unique-username/username-attempt-unauthed
2026-09-01 18:31:07	NETWORK	icvd	attempt=1	proxy=http://wiw4v7duaymysz9-session-84706b46df1c-lifetime-10:***@rp.scrapegw.com:6060	ConnectionTimeoutError: Connection timeout to host https://discord.com/api/v9/unique-username/username-attempt-unauthed
2026-09-01 18:31:07	NETWORK	icuc	attempt=1	proxy=http://wiw4v7duaymysz9-session-3ce2272d38d5-lifetime-10:***@rp.scrapegw.com:6060	ConnectionTimeoutError: Connection timeout to host https://discord.com/api/v9/unique-username/username-attempt-unauthed
2026-09-01 18:31:07	NETWORK	icvc	attempt=1	proxy=http://wiw4v7duaymysz9-session-8d9128e0c420-lifetime-10:***@rp.scrapegw.com:6060	ConnectionTimeoutError: Connection timeout to host https://discord.com/api/v9/unique-username/username-attempt-unauthed
2026-09-01 18:31:07	NETWORK	icvs	attempt=1	proxy=http://wiw4v7duaymysz9-session-ec2dbb31ba56-lifetime-10:***@rp.scrapegw.com:6060	ConnectionTimeoutError: Connection timeout to host https://discord.com/api/v9/unique-username/username-attempt-unauthed
2026-09-01 18:31:07	NETWORK	ictl	attempt=1	proxy=http://wiw4v7duaymysz9-session-59b80c989de8-lifetime-10:***@rp.scrapegw.com:6060	ConnectionTimeoutError: Connection timeout to host https://discord.com/api/v9/unique-username/username-attempt-unauthed
2026-09-01 18:31:07	NETWORK	icti	attempt=1	proxy=http://wiw4v7duaymysz9-session-db37e982190f-lifetime-10:***@rp.scrapegw.com:6060	ConnectionTimeoutError: Connection timeout to host https://discord.com/api/v9/unique-username/username-attempt-unauthed
2026-09-01 18:31:07	NETWORK	ictu	attempt=1	proxy=http://wiw4v7duaymysz9-session-d49af3001aaa-lifetime-10:***@rp.scrapegw.com:6060	ConnectionTimeoutError: Connection timeout to host https://discord.com/api/v9/unique-username/username-attempt-unauthed
2026-09-01 18:31:07	NETWORK	icux	attempt=1	proxy=http://wiw4v7duaymysz9-session-470077e006ff-lifetime-10:***@rp.scrapegw.com:6060	ConnectionTimeoutError: Connection timeout to host https://discord.com/api/v9/unique-username/username-attempt-unauthed
2026-09-01 18:31:07	NETWORK	icte	attempt=1	proxy=http://wiw4v7duaymysz9-session-67eecf75b11d-lifetime-10:***@rp.scrapegw.com:6060	ConnectionTimeoutError: Connection timeout to host https://discord.com/api/v9/unique-username/username-attempt-unauthed
2026-09-01 18:31:07	NETWORK	ictt	attempt=1	proxy=http://wiw4v7duaymysz9-session-dd05859830e9-lifetime-10:***@rp.scrapegw.com:6060	ConnectionTimeoutError: Connection timeout to host https://discord.com/api/v9/unique-username/username-attempt-unauthed
2026-09-01 18:31:07	NETWORK	ictr	attempt=1	proxy=http://wiw4v7duaymysz9-session-c9425286bff1-lifetime-10:***@rp.scrapegw.com:6060	ConnectionTimeoutError: Connection timeout to host https://discord.com/api/v9/unique-username/username-attempt-unauthed
2026-09-01 18:31:07	NETWORK	icsf	attempt=1	proxy=http://wiw4v7duaymysz9-session-f3c31519d646-lifetime-10:***@rp.scrapegw.com:6060	ConnectionTimeoutError: Connection timeout to host https://discord.com/api/v9/unique-username/username-attempt-unauthed
2026-09-01 18:31:07	NETWORK	icrt	attempt=1	proxy=http://wiw4v7duaymysz9-session-3b34f278cb25-lifetime-10:***@rp.scrapegw.com:6060	ConnectionTimeoutError: Connection timeout to host https://discord.com/api/v9/unique-username/username-attempt-unauthed
2026-09-01 18:31:07	NETWORK	icut	attempt=1	proxy=http://wiw4v7duaymysz9-session-d5313f4061c5-lifetime-10:***@rp.scrapegw.com:6060	ConnectionTimeoutError: Connection timeout to host https://discord.com/api/v9/unique-username/username-attempt-unauthed
2026-09-01 18:31:07	NETWORK	icuh	attempt=1	proxy=http://wiw4v7duaymysz9-session-538c53324d2e-lifetime-10:***@rp.scrapegw.com:6060	ConnectionTimeoutError: Connection timeout to host https://discord.com/api/v9/unique-username/username-attempt-unauthed
2026-09-01 18:31:07	NETWORK	icrh	attempt=1	proxy=http://wiw4v7duaymysz9-session-f1613b30f0d1-lifetime-10:***@rp.scrapegw.com:6060	ConnectionTimeoutError: Connection timeout to host https://discord.com/api/v9/unique-username/username-attempt-unauthed
2026-09-01 18:31:07	NETWORK	icrl	attempt=1	proxy=http://wiw4v7duaymysz9-session-9ab9823f26ea-lifetime-10:***@rp.scrapegw.com:6060	ConnectionTimeoutError: Connection timeout to host https://discord.com/api/v9/unique-username/username-attempt-unauthed
2026-09-01 18:31:07	NETWORK	icru	attempt=1	proxy=http://wiw4v7duaymysz9-session-63273779a914-lifetime-10:***@rp.scrapegw.com:6060	ConnectionTimeoutError: Connection timeout to host https://discord.com/api/v9/unique-username/username-attempt-unauthed
2026-09-01 18:31:07	NETWORK	icqt	attempt=1	proxy=http://wiw4v7duaymysz9-session-2c97970b03ee-lifetime-10:***@rp.scrapegw.com:6060	ConnectionTimeoutError: Connection timeout to host https://discord.com/api/v9/unique-username/username-attempt-unauthed
2026-09-01 18:31:07	NETWORK	icqs	attempt=1	proxy=http://wiw4v7duaymysz9-session-4085530f98a3-lifetime-10:***@rp.scrapegw.com:6060	ConnectionTimeoutError: Connection timeout to host https://discord.com/api/v9/unique-username/username-attempt-unauthed
2026-09-01 18:31:07	NETWORK	icqn	attempt=1	proxy=http://wiw4v7duaymysz9-session-9b2e4f5f798d-lifetime-10:***@rp.scrapegw.com:6060	ConnectionTimeoutError: Connection timeout to host https://discord.com/api/v9/unique-username/username-attempt-unauthed
2026-09-01 18:31:07	NETWORK	icrq	attempt=1	proxy=http://wiw4v7duaymysz9-session-a22da2e5da98-lifetime-10:***@rp.scrapegw.com:6060	ConnectionTimeoutError: Connection timeout to host https://discord.com/api/v9/unique-username/username-attempt-unauthed
2026-09-01 18:31:07	NETWORK	icpx	attempt=1	proxy=http://wiw4v7duaymysz9-session-a7d00c640ddd-lifetime-10:***@rp.scrapegw.com:6060	ConnectionTimeoutError: Connection timeout to host https://discord.com/api/v9/unique-username/username-attempt-unauthed
2026-09-01 18:31:07	NETWORK	icvy	attempt=1	proxy=http://wiw4v7duaymysz9-session-a81d53f7c9cc-lifetime-10:***@rp.scrapegw.com:6060	ConnectionTimeoutError: Connection timeout to host https://discord.com/api/v9/unique-username/username-attempt-unauthed
2026-09-01 18:31:07	NETWORK	icts	attempt=1	proxy=http://wiw4v7duaymysz9-session-a37efee998c1-lifetime-10:***@rp.scrapegw.com:6060	ConnectionTimeoutError: Connection timeout to host https://discord.com/api/v9/unique-username/username-attempt-unauthed
2026-09-01 18:31:07	NETWORK	ictb	attempt=1	proxy=http://wiw4v7duaymysz9-session-0968050f0dc8-lifetime-10:***@rp.scrapegw.com:6060	ConnectionTimeoutError: Connection timeout to host https://discord.com/api/v9/unique-username/username-attempt-unauthed
2026-09-01 18:31:07	NETWORK	icrs	attempt=1	proxy=http://wiw4v7duaymysz9-session-153c4a2cf658-lifetime-10:***@rp.scrapegw.com:6060	ConnectionTimeoutError: Connection timeout to host https://discord.com/api/v9/unique-username/username-attempt-unauthed
2026-09-01 18:31:07	NETWORK	icrx	attempt=1	proxy=http://wiw4v7duaymysz9-session-4558a153449c-lifetime-10:***@rp.scrapegw.com:6060	ConnectionTimeoutError: Connection timeout to host https://discord.com/api/v9/unique-username/username-attempt-unauthed
2026-09-01 18:31:07	NETWORK	icqx	attempt=1	proxy=http://wiw4v7duaymysz9-session-93aaff7db652-lifetime-10:***@rp.scrapegw.com:6060	ConnectionTimeoutError: Connection timeout to host https://discord.com/api/v9/unique-username/username-attempt-unauthed
2026-09-01 18:31:07	NETWORK	icsr	attempt=1	proxy=http://wiw4v7duaymysz9-session-69252288c351-lifetime-10:***@rp.scrapegw.com:6060	ConnectionTimeoutError: Connection timeout to host https://discord.com/api/v9/unique-username/username-attempt-unauthed
2026-09-01 18:31:07	NETWORK	icpv	attempt=1	proxy=http://wiw4v7duaymysz9-session-eda483113531-lifetime-10:***@rp.scrapegw.com:6060	ConnectionTimeoutError: Connection timeout to host https://discord.com/api/v9/unique-username/username-attempt-unauthed
2026-09-01 18:31:07	NETWORK	icpt	attempt=1	proxy=http://wiw4v7duaymysz9-session-a80d9fcd7a50-lifetime-10:***@rp.scrapegw.com:6060	ConnectionTimeoutError: Connection timeout to host https://discord.com/api/v9/unique-username/username-attempt-unauthed
2026-09-01 18:31:07	NETWORK	icvz	attempt=1	proxy=http://wiw4v7duaymysz9-session-d2061a076c0c-lifetime-10:***@rp.scrapegw.com:6060	ConnectionTimeoutError: Connection timeout to host https://discord.com/api/v9/unique-username/username-attempt-unauthed
2026-09-01 18:31:07	NETWORK	icpm	attempt=1	proxy=http://wiw4v7duaymysz9-session-2ae4bc7dc8eb-lifetime-10:***@rp.scrapegw.com:6060	ConnectionTimeoutError: Connection timeout to host https://discord.com/api/v9/unique-username/username-attempt-unauthed
2026-09-01 18:31:07	NETWORK	icpl	attempt=1	proxy=http://wiw4v7duaymysz9-session-79d7f9d7ca1b-lifetime-10:***@rp.scrapegw.com:6060	ConnectionTimeoutError: Connection timeout to host https://discord.com/api/v9/unique-username/username-attempt-unauthed
2026-09-01 18:31:07	NETWORK	ieyg	attempt=1	proxy=http://wiw4v7duaymysz9-session-6ae2ccfa0019-lifetime-10:***@rp.scrapegw.com:6060	ServerDisconnectedError: Server disconnected
2026-09-01 18:31:07	HTTP_429	ifto	attempt=1	proxy=http://wiw4v7duaymysz9-session-b2b9569a81d0-lifetime-10:***@rp.scrapegw.com:6060	scope=shared global=False retry_after=1804.00s
2026-09-01 18:31:07	NETWORK	icwt	attempt=1	proxy=http://wiw4v7duaymysz9-session-e5aa98c5b98d-lifetime-10:***@rp.scrapegw.com:6060	ClientConnectorError: Cannot connect to host discord.com:443 ssl:default [Connection reset by peer]
2026-09-01 18:31:08	NETWORK	idai	attempt=1	proxy=http://wiw4v7duaymysz9-session-a42560fb445d-lifetime-10:***@rp.scrapegw.com:6060	ClientConnectorError: Cannot connect to host discord.com:443 ssl:default [Connection reset by peer]
2026-09-01 18:31:08	NETWORK	idpn	attempt=1	proxy=http://wiw4v7duaymysz9-session-07455e312c34-lifetime-10:***@rp.scrapegw.com:6060	ClientConnectorError: Cannot connect to host discord.com:443 ssl:default [Connection reset by peer]
2026-09-01 18:31:08	NETWORK	icyv	attempt=1	proxy=http://wiw4v7duaymysz9-session-6afea52350ba-lifetime-10:***@rp.scrapegw.com:6060	ClientConnectorError: Cannot connect to host discord.com:443 ssl:default [Connection reset by peer]
2026-09-01 18:31:08	NETWORK	idxe	attempt=1	proxy=http://wiw4v7duaymysz9-session-15ecf33b1094-lifetime-10:***@rp.scrapegw.com:6060	ClientConnectorError: Cannot connect to host discord.com:443 ssl:default [Connection reset by peer]
2026-09-01 18:31:08	NETWORK	idcu	attempt=1	proxy=http://wiw4v7duaymysz9-session-03e2fe830b8d-lifetime-10:***@rp.scrapegw.com:6060	ConnectionTimeoutError: Connection timeout to host https://discord.com/api/v9/unique-username/username-attempt-unauthed
2026-09-01 18:31:08	NETWORK	icxr	attempt=1	proxy=http://wiw4v7duaymysz9-session-69da312b21f7-lifetime-10:***@rp.scrapegw.com:6060	ConnectionTimeoutError: Connection timeout to host https://discord.com/api/v9/unique-username/username-attempt-unauthed
2026-09-01 18:31:08	NETWORK	icyb	attempt=1	proxy=http://wiw4v7duaymysz9-session-1069f7b25e69-lifetime-10:***@rp.scrapegw.com:6060	ConnectionTimeoutError: Connection timeout to host https://discord.com/api/v9/unique-username/username-attempt-unauthed
2026-09-01 18:31:08	NETWORK	idcl	attempt=1	proxy=http://wiw4v7duaymysz9-session-0a9d0eab1c86-lifetime-10:***@rp.scrapegw.com:6060	ConnectionTimeoutError: Connection timeout to host https://discord.com/api/v9/unique-username/username-attempt-unauthed
2026-09-01 18:31:08	NETWORK	idbj	attempt=1	proxy=http://wiw4v7duaymysz9-session-6d5da4d0e2a7-lifetime-10:***@rp.scrapegw.com:6060	ConnectionTimeoutError: Connection timeout to host https://discord.com/api/v9/unique-username/username-attempt-unauthed
2026-09-01 18:31:08	NETWORK	icwo	attempt=1	proxy=http://wiw4v7duaymysz9-session-10048b8a73cf-lifetime-10:***@rp.scrapegw.com:6060	ConnectionTimeoutError: Connection timeout to host https://discord.com/api/v9/unique-username/username-attempt-unauthed
2026-09-01 18:31:08	NETWORK	icwe	attempt=1	proxy=http://wiw4v7duaymysz9-session-4505deb74cdc-lifetime-10:***@rp.scrapegw.com:6060	ConnectionTimeoutError: Connection timeout to host https://discord.com/api/v9/unique-username/username-attempt-unauthed
2026-09-01 18:31:08	NETWORK	idah	attempt=1	proxy=http://wiw4v7duaymysz9-session-52c1bb586e1a-lifetime-10:***@rp.scrapegw.com:6060	ConnectionTimeoutError: Connection timeout to host https://discord.com/api/v9/unique-username/username-attempt-unauthed
2026-09-01 18:31:08	NETWORK	iczs	attempt=1	proxy=http://wiw4v7duaymysz9-session-9b8f5181220e-lifetime-10:***@rp.scrapegw.com:6060	ConnectionTimeoutError: Connection timeout to host https://discord.com/api/v9/unique-username/username-attempt-unauthed
2026-09-01 18:31:08	NETWORK	iczh	attempt=1	proxy=http://wiw4v7duaymysz9-session-c2d100923d48-lifetime-10:***@rp.scrapegw.com:6060	ConnectionTimeoutError: Connection timeout to host https://discord.com/api/v9/unique-username/username-attempt-unauthed
2026-09-01 18:31:08	NETWORK	icyu	attempt=1	proxy=http://wiw4v7duaymysz9-session-ac883d67a462-lifetime-10:***@rp.scrapegw.com:6060	ConnectionTimeoutError: Connection timeout to host https://discord.com/api/v9/unique-username/username-attempt-unauthed
2026-09-01 18:31:08	NETWORK	idba	attempt=1	proxy=http://wiw4v7duaymysz9-session-10ae4cd04005-lifetime-10:***@rp.scrapegw.com:6060	ConnectionTimeoutError: Connection timeout to host https://discord.com/api/v9/unique-username/username-attempt-unauthed
2026-09-01 18:31:08	NETWORK	idcg	attempt=1	proxy=http://wiw4v7duaymysz9-session-a25aa8a1712f-lifetime-10:***@rp.scrapegw.com:6060	ConnectionTimeoutError: Connection timeout to host https://discord.com/api/v9/unique-username/username-attempt-unauthed
2026-09-01 18:31:08	NETWORK	idam	attempt=1	proxy=http://wiw4v7duaymysz9-session-21009e056c89-lifetime-10:***@rp.scrapegw.com:6060	ConnectionTimeoutError: Connection timeout to host https://discord.com/api/v9/unique-username/username-attempt-unauthed
2026-09-01 18:31:08	NETWORK	idao	attempt=1	proxy=http://wiw4v7duaymysz9-session-f7188f7ff28a-lifetime-10:***@rp.scrapegw.com:6060	ConnectionTimeoutError: Connection timeout to host https://discord.com/api/v9/unique-username/username-attempt-unauthed
2026-09-01 18:31:08	NETWORK	icwz	attempt=1	proxy=http://wiw4v7duaymysz9-session-6ed456c6585c-lifetime-10:***@rp.scrapegw.com:6060	ConnectionTimeoutError: Connection timeout to host https://discord.com/api/v9/unique-username/username-attempt-unauthed
2026-09-01 18:31:08	NETWORK	icym	attempt=1	proxy=http://wiw4v7duaymysz9-session-3181c4e64c1a-lifetime-10:***@rp.scrapegw.com:6060	ConnectionTimeoutError: Connection timeout to host https://discord.com/api/v9/unique-username/username-attempt-unauthed
2026-09-01 18:31:08	NETWORK	iczn	attempt=1	proxy=http://wiw4v7duaymysz9-session-757ebb512635-lifetime-10:***@rp.scrapegw.com:6060	ConnectionTimeoutError: Connection timeout to host https://discord.com/api/v9/unique-username/username-attempt-unauthed
2026-09-01 18:31:08	NETWORK	idad	attempt=1	proxy=http://wiw4v7duaymysz9-session-5aeb38dd541f-lifetime-10:***@rp.scrapegw.com:6060	ConnectionTimeoutError: Connection timeout to host https://discord.com/api/v9/unique-username/username-attempt-unauthed
2026-09-01 18:31:08	NETWORK	idcs	attempt=1	proxy=http://wiw4v7duaymysz9-session-12dc87998b04-lifetime-10:***@rp.scrapegw.com:6060	ConnectionTimeoutError: Connection timeout to host https://discord.com/api/v9/unique-username/username-attempt-unauthed
2026-09-01 18:31:08	NETWORK	icxb	attempt=1	proxy=http://wiw4v7duaymysz9-session-b042c264be18-lifetime-10:***@rp.scrapegw.com:6060	ConnectionTimeoutError: Connection timeout to host https://discord.com/api/v9/unique-username/username-attempt-unauthed
2026-09-01 18:31:08	NETWORK	icza	attempt=1	proxy=http://wiw4v7duaymysz9-session-07156ce7b796-lifetime-10:***@rp.scrapegw.com:6060	ConnectionTimeoutError: Connection timeout to host https://discord.com/api/v9/unique-username/username-attempt-unauthed
2026-09-01 18:31:08	NETWORK	icxj	attempt=1	proxy=http://wiw4v7duaymysz9-session-4d07cd9cd837-lifetime-10:***@rp.scrapegw.com:6060	ConnectionTimeoutError: Connection timeout to host https://discord.com/api/v9/unique-username/username-attempt-unauthed
2026-09-01 18:31:08	NETWORK	icyf	attempt=1	proxy=http://wiw4v7duaymysz9-session-ce71b9dcb7d0-lifetime-10:***@rp.scrapegw.com:6060	ConnectionTimeoutError: Connection timeout to host https://discord.com/api/v9/unique-username/username-attempt-unauthed
2026-09-01 18:31:08	NETWORK	icxs	attempt=1	proxy=http://wiw4v7duaymysz9-session-c1cfdc8c1d32-lifetime-10:***@rp.scrapegw.com:6060	ConnectionTimeoutError: Connection timeout to host https://discord.com/api/v9/unique-username/username-attempt-unauthed
2026-09-01 18:31:08	NETWORK	icxq	attempt=1	proxy=http://wiw4v7duaymysz9-session-357077f9f9d9-lifetime-10:***@rp.scrapegw.com:6060	ConnectionTimeoutError: Connection timeout to host https://discord.com/api/v9/unique-username/username-attempt-unauthed
2026-09-01 18:31:08	NETWORK	icxy	attempt=1	proxy=http://wiw4v7duaymysz9-session-3340ebce38de-lifetime-10:***@rp.scrapegw.com:6060	ConnectionTimeoutError: Connection timeout to host https://discord.com/api/v9/unique-username/username-attempt-unauthed
2026-09-01 18:31:08	NETWORK	idbi	attempt=1	proxy=http://wiw4v7duaymysz9-session-8449817b58a9-lifetime-10:***@rp.scrapegw.com:6060	ConnectionTimeoutError: Connection timeout to host https://discord.com/api/v9/unique-username/username-attempt-unauthed
2026-09-01 18:31:08	NETWORK	idce	attempt=1	proxy=http://wiw4v7duaymysz9-session-6fe3c27892b6-lifetime-10:***@rp.scrapegw.com:6060	ConnectionTimeoutError: Connection timeout to host https://discord.com/api/v9/unique-username/username-attempt-unauthed
2026-09-01 18:31:08	NETWORK	icya	attempt=1	proxy=http://wiw4v7duaymysz9-session-69887b09f730-lifetime-10:***@rp.scrapegw.com:6060	ConnectionTimeoutError: Connection timeout to host https://discord.com/api/v9/unique-username/username-attempt-unauthed
2026-09-01 18:31:08	NETWORK	icwy	attempt=1	proxy=http://wiw4v7duaymysz9-session-d5a40e5911dd-lifetime-10:***@rp.scrapegw.com:6060	ConnectionTimeoutError: Connection timeout to host https://discord.com/api/v9/unique-username/username-attempt-unauthed
2026-09-01 18:31:08	NETWORK	icwl	attempt=1	proxy=http://wiw4v7duaymysz9-session-f9f2994961ba-lifetime-10:***@rp.scrapegw.com:6060	ConnectionTimeoutError: Connection timeout to host https://discord.com/api/v9/unique-username/username-attempt-unauthed
2026-09-01 18:31:09	HTTP_429	igas	attempt=1	proxy=http://wiw4v7duaymysz9-session-b534851357e4-lifetime-10:***@rp.scrapegw.com:6060	scope=shared global=False retry_after=2059.00s
2026-09-01 18:31:09	HTTP_429	idnv	attempt=1	proxy=http://wiw4v7duaymysz9-session-2e6fcf6ba92d-lifetime-10:***@rp.scrapegw.com:6060	scope=shared global=False retry_after=615.24s
2026-09-01 18:31:09	HTTP_429	igbf	attempt=1	proxy=http://wiw4v7duaymysz9-session-d8a7e2d0338a-lifetime-10:***@rp.scrapegw.com:6060	scope=shared global=False retry_after=1084.00s
2026-09-01 18:31:09	NETWORK	idzt	attempt=1	proxy=http://wiw4v7duaymysz9-session-ed39effb3fe5-lifetime-10:***@rp.scrapegw.com:6060	ClientConnectorError: Cannot connect to host discord.com:443 ssl:default [Connection reset by peer]
2026-09-01 18:31:09	HTTP_429	igaw	attempt=1	proxy=http://wiw4v7duaymysz9-session-d6eeef9f5512-lifetime-10:***@rp.scrapegw.com:6060	scope=shared global=False retry_after=1108.00s
2026-09-01 18:31:09	HTTP_429	igdp	attempt=1	proxy=http://wiw4v7duaymysz9-session-2d1be42030b4-lifetime-10:***@rp.scrapegw.com:6060	scope=shared global=False retry_after=2054.00s
2026-09-01 18:31:09	NETWORK	idgy	attempt=1	proxy=http://wiw4v7duaymysz9-session-b2285b6e8e75-lifetime-10:***@rp.scrapegw.com:6060	ConnectionTimeoutError: Connection timeout to host https://discord.com/api/v9/unique-username/username-attempt-unauthed
2026-09-01 18:31:09	NETWORK	idhk	attempt=1	proxy=http://wiw4v7duaymysz9-session-aed4c30aba68-lifetime-10:***@rp.scrapegw.com:6060	ConnectionTimeoutError: Connection timeout to host https://discord.com/api/v9/unique-username/username-attempt-unauthed
2026-09-01 18:31:09	NETWORK	idfq	attempt=1	proxy=http://wiw4v7duaymysz9-session-53abb7c21e27-lifetime-10:***@rp.scrapegw.com:6060	ConnectionTimeoutError: Connection timeout to host https://discord.com/api/v9/unique-username/username-attempt-unauthed
2026-09-01 18:31:09	NETWORK	idet	attempt=1	proxy=http://wiw4v7duaymysz9-session-1e8291fd2f58-lifetime-10:***@rp.scrapegw.com:6060	ConnectionTimeoutError: Connection timeout to host https://discord.com/api/v9/unique-username/username-attempt-unauthed
2026-09-01 18:31:09	NETWORK	idjw	attempt=1	proxy=http://wiw4v7duaymysz9-session-72a38cc32d4f-lifetime-10:***@rp.scrapegw.com:6060	ConnectionTimeoutError: Connection timeout to host https://discord.com/api/v9/unique-username/username-attempt-unauthed
2026-09-01 18:31:09	NETWORK	idio	attempt=1	proxy=http://wiw4v7duaymysz9-session-fa2099147d7d-lifetime-10:***@rp.scrapegw.com:6060	ConnectionTimeoutError: Connection timeout to host https://discord.com/api/v9/unique-username/username-attempt-unauthed
2026-09-01 18:31:09	NETWORK	idia	attempt=1	proxy=http://wiw4v7duaymysz9-session-3f406228efe6-lifetime-10:***@rp.scrapegw.com:6060	ConnectionTimeoutError: Connection timeout to host https://discord.com/api/v9/unique-username/username-attempt-unauthed
2026-09-01 18:31:09	NETWORK	idhy	attempt=1	proxy=http://wiw4v7duaymysz9-session-45f8e2a3f559-lifetime-10:***@rp.scrapegw.com:6060	ConnectionTimeoutError: Connection timeout to host https://discord.com/api/v9/unique-username/username-attempt-unauthed
2026-09-01 18:31:09	NETWORK	iddh	attempt=1	proxy=http://wiw4v7duaymysz9-session-028cf52a9b80-lifetime-10:***@rp.scrapegw.com:6060	ConnectionTimeoutError: Connection timeout to host https://discord.com/api/v9/unique-username/username-attempt-unauthed
2026-09-01 18:31:09	NETWORK	iddy	attempt=1	proxy=http://wiw4v7duaymysz9-session-7f0bb2dc7649-lifetime-10:***@rp.scrapegw.com:6060	ConnectionTimeoutError: Connection timeout to host https://discord.com/api/v9/unique-username/username-attempt-unauthed
2026-09-01 18:31:09	NETWORK	idip	attempt=1	proxy=http://wiw4v7duaymysz9-session-1d70a43a55af-lifetime-10:***@rp.scrapegw.com:6060	ConnectionTimeoutError: Connection timeout to host https://discord.com/api/v9/unique-username/username-attempt-unauthed
2026-09-01 18:31:09	NETWORK	idhb	attempt=1	proxy=http://wiw4v7duaymysz9-session-2b0431fbd839-lifetime-10:***@rp.scrapegw.com:6060	ConnectionTimeoutError: Connection timeout to host https://discord.com/api/v9/unique-username/username-attempt-unauthed
2026-09-01 18:31:09	NETWORK	idho	attempt=1	proxy=http://wiw4v7duaymysz9-session-2add8b543272-lifetime-10:***@rp.scrapegw.com:6060	ConnectionTimeoutError: Connection timeout to host https://discord.com/api/v9/unique-username/username-attempt-unauthed
2026-09-01 18:31:09	NETWORK	idiq	attempt=1	proxy=http://wiw4v7duaymysz9-session-88ad0d0e5897-lifetime-10:***@rp.scrapegw.com:6060	ConnectionTimeoutError: Connection timeout to host https://discord.com/api/v9/unique-username/username-attempt-unauthed
2026-09-01 18:31:09	NETWORK	idhf	attempt=1	proxy=http://wiw4v7duaymysz9-session-48fc6a40c3a9-lifetime-10:***@rp.scrapegw.com:6060	ConnectionTimeoutError: Connection timeout to host https://discord.com/api/v9/unique-username/username-attempt-unauthed
2026-09-01 18:31:09	NETWORK	iddq	attempt=1	proxy=http://wiw4v7duaymysz9-session-2c65d7fe0572-lifetime-10:***@rp.scrapegw.com:6060	ConnectionTimeoutError: Connection timeout to host https://discord.com/api/v9/unique-username/username-attempt-unauthed
2026-09-01 18:31:09	NETWORK	idec	attempt=1	proxy=http://wiw4v7duaymysz9-session-754091d46d45-lifetime-10:***@rp.scrapegw.com:6060	ConnectionTimeoutError: Connection timeout to host https://discord.com/api/v9/unique-username/username-attempt-unauthed
2026-09-01 18:31:09	NETWORK	idcx	attempt=1	proxy=http://wiw4v7duaymysz9-session-e50f6b1ac416-lifetime-10:***@rp.scrapegw.com:6060	ConnectionTimeoutError: Connection timeout to host https://discord.com/api/v9/unique-username/username-attempt-unauthed
2026-09-01 18:31:09	NETWORK	ideo	attempt=1	proxy=http://wiw4v7duaymysz9-session-9cac48b53946-lifetime-10:***@rp.scrapegw.com:6060	ConnectionTimeoutError: Connection timeout to host https://discord.com/api/v9/unique-username/username-attempt-unauthed
2026-09-01 18:31:09	NETWORK	ideu	attempt=1	proxy=http://wiw4v7duaymysz9-session-e5f20e143ac9-lifetime-10:***@rp.scrapegw.com:6060	ConnectionTimeoutError: Connection timeout to host https://discord.com/api/v9/unique-username/username-attempt-unauthed
2026-09-01 18:31:09	NETWORK	idfc	attempt=1	proxy=http://wiw4v7duaymysz9-session-b5b76c93c6a7-lifetime-10:***@rp.scrapegw.com:6060	ConnectionTimeoutError: Connection timeout to host https://discord.com/api/v9/unique-username/username-attempt-unauthed
2026-09-01 18:31:09	NETWORK	idgg	attempt=1	proxy=http://wiw4v7duaymysz9-session-2e78ef23df1e-lifetime-10:***@rp.scrapegw.com:6060	ConnectionTimeoutError: Connection timeout to host https://discord.com/api/v9/unique-username/username-attempt-unauthed
2026-09-01 18:31:09	NETWORK	idgf	attempt=1	proxy=http://wiw4v7duaymysz9-session-4bf7a0221c87-lifetime-10:***@rp.scrapegw.com:6060	ConnectionTimeoutError: Connection timeout to host https://discord.com/api/v9/unique-username/username-attempt-unauthed
2026-09-01 18:31:09	NETWORK	idju	attempt=1	proxy=http://wiw4v7duaymysz9-session-1e44427ff8bf-lifetime-10:***@rp.scrapegw.com:6060	ConnectionTimeoutError: Connection timeout to host https://discord.com/api/v9/unique-username/username-attempt-unauthed
2026-09-01 18:31:09	NETWORK	idjz	attempt=1	proxy=http://wiw4v7duaymysz9-session-e45dfabab2f4-lifetime-10:***@rp.scrapegw.com:6060	ConnectionTimeoutError: Connection timeout to host https://discord.com/api/v9/unique-username/username-attempt-unauthed
2026-09-01 18:31:09	NETWORK	idjb	attempt=1	proxy=http://wiw4v7duaymysz9-session-7af5c4d4d80f-lifetime-10:***@rp.scrapegw.com:6060	ConnectionTimeoutError: Connection timeout to host https://discord.com/api/v9/unique-username/username-attempt-unauthed
2026-09-01 18:31:09	NETWORK	idjx	attempt=1	proxy=http://wiw4v7duaymysz9-session-988ce7a12ecf-lifetime-10:***@rp.scrapegw.com:6060	ConnectionTimeoutError: Connection timeout to host https://discord.com/api/v9/unique-username/username-attempt-unauthed
2026-09-01 18:31:09	NETWORK	idef	attempt=1	proxy=http://wiw4v7duaymysz9-session-dc889fb76d74-lifetime-10:***@rp.scrapegw.com:6060	ConnectionTimeoutError: Connection timeout to host https://discord.com/api/v9/unique-username/username-attempt-unauthed
2026-09-01 18:31:09	NETWORK	iddb	attempt=1	proxy=http://wiw4v7duaymysz9-session-088a3b197c0d-lifetime-10:***@rp.scrapegw.com:6060	ConnectionTimeoutError: Connection timeout to host https://discord.com/api/v9/unique-username/username-attempt-unauthed
2026-09-01 18:31:09	NETWORK	ideq	attempt=1	proxy=http://wiw4v7duaymysz9-session-2d236e0bb9a8-lifetime-10:***@rp.scrapegw.com:6060	ConnectionTimeoutError: Connection timeout to host https://discord.com/api/v9/unique-username/username-attempt-unauthed
2026-09-01 18:31:09	NETWORK	idcw	attempt=1	proxy=http://wiw4v7duaymysz9-session-243074ad2583-lifetime-10:***@rp.scrapegw.com:6060	ConnectionTimeoutError: Connection timeout to host https://discord.com/api/v9/unique-username/username-attempt-unauthed
2026-09-01 18:31:09	NETWORK	idir	attempt=1	proxy=http://wiw4v7duaymysz9-session-2b42352ec2cc-lifetime-10:***@rp.scrapegw.com:6060	ConnectionTimeoutError: Connection timeout to host https://discord.com/api/v9/unique-username/username-attempt-unauthed
2026-09-01 18:31:09	NETWORK	idjq	attempt=1	proxy=http://wiw4v7duaymysz9-session-d9c424eb584a-lifetime-10:***@rp.scrapegw.com:6060	ConnectionTimeoutError: Connection timeout to host https://discord.com/api/v9/unique-username/username-attempt-unauthed
2026-09-01 18:31:09	HTTP_429	iduk	attempt=1	proxy=http://wiw4v7duaymysz9-session-3cfc55c0adf0-lifetime-10:***@rp.scrapegw.com:6060	scope=shared global=False retry_after=528.00s
2026-09-01 18:31:09	HTTP_429	idfk	attempt=1	proxy=http://wiw4v7duaymysz9-session-7f8c770f1d99-lifetime-10:***@rp.scrapegw.com:6060	scope=shared global=False retry_after=1085.00s
2026-09-01 18:31:10	HTTP_429	igiu	attempt=1	proxy=http://wiw4v7duaymysz9-session-2e8944abcf36-lifetime-10:***@rp.scrapegw.com:6060	scope=shared global=False retry_after=1388.00s
2026-09-01 18:31:10	HTTP_429	igjg	attempt=1	proxy=http://wiw4v7duaymysz9-session-fc8275b777e0-lifetime-10:***@rp.scrapegw.com:6060	scope=shared global=False retry_after=2054.00s
2026-09-01 18:31:10	NETWORK	idoj	attempt=1	proxy=http://wiw4v7duaymysz9-session-ede702e799b9-lifetime-10:***@rp.scrapegw.com:6060	ClientConnectorError: Cannot connect to host discord.com:443 ssl:default [Connection reset by peer]
2026-09-01 18:31:10	NETWORK	idpq	attempt=1	proxy=http://wiw4v7duaymysz9-session-92e75e904ddf-lifetime-10:***@rp.scrapegw.com:6060	ConnectionTimeoutError: Connection timeout to host https://discord.com/api/v9/unique-username/username-attempt-unauthed
2026-09-01 18:31:10	NETWORK	idoi	attempt=1	proxy=http://wiw4v7duaymysz9-session-2d25b1efe9d7-lifetime-10:***@rp.scrapegw.com:6060	ConnectionTimeoutError: Connection timeout to host https://discord.com/api/v9/unique-username/username-attempt-unauthed
2026-09-01 18:31:10	NETWORK	idos	attempt=1	proxy=http://wiw4v7duaymysz9-session-614b368db655-lifetime-10:***@rp.scrapegw.com:6060	ConnectionTimeoutError: Connection timeout to host https://discord.com/api/v9/unique-username/username-attempt-unauthed
2026-09-01 18:31:10	NETWORK	idow	attempt=1	proxy=http://wiw4v7duaymysz9-session-69f0e85e15d2-lifetime-10:***@rp.scrapegw.com:6060	ConnectionTimeoutError: Connection timeout to host https://discord.com/api/v9/unique-username/username-attempt-unauthed
2026-09-01 18:31:10	NETWORK	idor	attempt=1	proxy=http://wiw4v7duaymysz9-session-4a4745490d0e-lifetime-10:***@rp.scrapegw.com:6060	ConnectionTimeoutError: Connection timeout to host https://discord.com/api/v9/unique-username/username-attempt-unauthed
2026-09-01 18:31:10	NETWORK	idlm	attempt=1	proxy=http://wiw4v7duaymysz9-session-41948d245052-lifetime-10:***@rp.scrapegw.com:6060	ConnectionTimeoutError: Connection timeout to host https://discord.com/api/v9/unique-username/username-attempt-unauthed
2026-09-01 18:31:10	NETWORK	idoe	attempt=1	proxy=http://wiw4v7duaymysz9-session-c1e51c2077ab-lifetime-10:***@rp.scrapegw.com:6060	ConnectionTimeoutError: Connection timeout to host https://discord.com/api/v9/unique-username/username-attempt-unauthed
2026-09-01 18:31:10	NETWORK	idon	attempt=1	proxy=http://wiw4v7duaymysz9-session-165f35c28cf3-lifetime-10:***@rp.scrapegw.com:6060	ConnectionTimeoutError: Connection timeout to host https://discord.com/api/v9/unique-username/username-attempt-unauthed
2026-09-01 18:31:10	NETWORK	idlq	attempt=1	proxy=http://wiw4v7duaymysz9-session-dc74c8f2487a-lifetime-10:***@rp.scrapegw.com:6060	ConnectionTimeoutError: Connection timeout to host https://discord.com/api/v9/unique-username/username-attempt-unauthed
2026-09-01 18:31:10	NETWORK	idlx	attempt=1	proxy=http://wiw4v7duaymysz9-session-00043d901de8-lifetime-10:***@rp.scrapegw.com:6060	ConnectionTimeoutError: Connection timeout to host https://discord.com/api/v9/unique-username/username-attempt-unauthed
2026-09-01 18:31:10	NETWORK	idnl	attempt=1	proxy=http://wiw4v7duaymysz9-session-e7d18387717e-lifetime-10:***@rp.scrapegw.com:6060	ConnectionTimeoutError: Connection timeout to host https://discord.com/api/v9/unique-username/username-attempt-unauthed
2026-09-01 18:31:10	NETWORK	idla	attempt=1	proxy=http://wiw4v7duaymysz9-session-24545ccbeb10-lifetime-10:***@rp.scrapegw.com:6060	ConnectionTimeoutError: Connection timeout to host https://discord.com/api/v9/unique-username/username-attempt-unauthed
2026-09-01 18:31:10	NETWORK	idrg	attempt=1	proxy=http://wiw4v7duaymysz9-session-6eae9c16f750-lifetime-10:***@rp.scrapegw.com:6060	ConnectionTimeoutError: Connection timeout to host https://discord.com/api/v9/unique-username/username-attempt-unauthed
2026-09-01 18:31:10	NETWORK	idky	attempt=1	proxy=http://wiw4v7duaymysz9-session-6dc4c5e074c7-lifetime-10:***@rp.scrapegw.com:6060	ConnectionTimeoutError: Connection timeout to host https://discord.com/api/v9/unique-username/username-attempt-unauthed
2026-09-01 18:31:10	NETWORK	idkl	attempt=1	proxy=http://wiw4v7duaymysz9-session-9ef823e257b8-lifetime-10:***@rp.scrapegw.com:6060	ConnectionTimeoutError: Connection timeout to host https://discord.com/api/v9/unique-username/username-attempt-unauthed
2026-09-01 18:31:10	NETWORK	idkw	attempt=1	proxy=http://wiw4v7duaymysz9-session-62080b113522-lifetime-10:***@rp.scrapegw.com:6060	ConnectionTimeoutError: Connection timeout to host https://discord.com/api/v9/unique-username/username-attempt-unauthed
2026-09-01 18:31:10	NETWORK	idmd	attempt=1	proxy=http://wiw4v7duaymysz9-session-8c28d348998f-lifetime-10:***@rp.scrapegw.com:6060	ConnectionTimeoutError: Connection timeout to host https://discord.com/api/v9/unique-username/username-attempt-unauthed
2026-09-01 18:31:10	NETWORK	idmz	attempt=1	proxy=http://wiw4v7duaymysz9-session-743e18bb40a3-lifetime-10:***@rp.scrapegw.com:6060	ConnectionTimeoutError: Connection timeout to host https://discord.com/api/v9/unique-username/username-attempt-unauthed
2026-09-01 18:31:10	NETWORK	idqg	attempt=1	proxy=http://wiw4v7duaymysz9-session-d6a287d4ea0f-lifetime-10:***@rp.scrapegw.com:6060	ConnectionTimeoutError: Connection timeout to host https://discord.com/api/v9/unique-username/username-attempt-unauthed
2026-09-01 18:31:10	NETWORK	idpb	attempt=1	proxy=http://wiw4v7duaymysz9-session-2e706e4fd530-lifetime-10:***@rp.scrapegw.com:6060	ConnectionTimeoutError: Connection timeout to host https://discord.com/api/v9/unique-username/username-attempt-unauthed
2026-09-01 18:31:10	NETWORK	idmb	attempt=1	proxy=http://wiw4v7duaymysz9-session-717bfa313a95-lifetime-10:***@rp.scrapegw.com:6060	ConnectionTimeoutError: Connection timeout to host https://discord.com/api/v9/unique-username/username-attempt-unauthed
2026-09-01 18:31:10	NETWORK	idnm	attempt=1	proxy=http://wiw4v7duaymysz9-session-d1daa6464219-lifetime-10:***@rp.scrapegw.com:6060	ConnectionTimeoutError: Connection timeout to host https://discord.com/api/v9/unique-username/username-attempt-unauthed
2026-09-01 18:31:10	NETWORK	idri	attempt=1	proxy=http://wiw4v7duaymysz9-session-b0896fbfa590-lifetime-10:***@rp.scrapegw.com:6060	ConnectionTimeoutError: Connection timeout to host https://discord.com/api/v9/unique-username/username-attempt-unauthed
2026-09-01 18:31:10	NETWORK	idke	attempt=1	proxy=http://wiw4v7duaymysz9-session-fab8d2c76546-lifetime-10:***@rp.scrapegw.com:6060	ConnectionTimeoutError: Connection timeout to host https://discord.com/api/v9/unique-username/username-attempt-unauthed
2026-09-01 18:31:10	NETWORK	idkb	attempt=1	proxy=http://wiw4v7duaymysz9-session-34bfa347e318-lifetime-10:***@rp.scrapegw.com:6060	ConnectionTimeoutError: Connection timeout to host https://discord.com/api/v9/unique-username/username-attempt-unauthed
2026-09-01 18:31:10	NETWORK	idra	attempt=1	proxy=http://wiw4v7duaymysz9-session-be78c58c256f-lifetime-10:***@rp.scrapegw.com:6060	ConnectionTimeoutError: Connection timeout to host https://discord.com/api/v9/unique-username/username-attempt-unauthed
2026-09-01 18:31:10	NETWORK	idoa	attempt=1	proxy=http://wiw4v7duaymysz9-session-8fee11bd0837-lifetime-10:***@rp.scrapegw.com:6060	ConnectionTimeoutError: Connection timeout to host https://discord.com/api/v9/unique-username/username-attempt-unauthed
2026-09-01 18:31:10	NETWORK	idqu	attempt=1	proxy=http://wiw4v7duaymysz9-session-8e349a1af83f-lifetime-10:***@rp.scrapegw.com:6060	ConnectionTimeoutError: Connection timeout to host https://discord.com/api/v9/unique-username/username-attempt-unauthed
2026-09-01 18:31:10	NETWORK	idqh	attempt=1	proxy=http://wiw4v7duaymysz9-session-168eb8325016-lifetime-10:***@rp.scrapegw.com:6060	ConnectionTimeoutError: Connection timeout to host https://discord.com/api/v9/unique-username/username-attempt-unauthed
2026-09-01 18:31:10	NETWORK	idlh	attempt=1	proxy=http://wiw4v7duaymysz9-session-f1dd7081af6f-lifetime-10:***@rp.scrapegw.com:6060	ConnectionTimeoutError: Connection timeout to host https://discord.com/api/v9/unique-username/username-attempt-unauthed
2026-09-01 18:31:10	NETWORK	idnq	attempt=1	proxy=http://wiw4v7duaymysz9-session-29cc846166cf-lifetime-10:***@rp.scrapegw.com:6060	ConnectionTimeoutError: Connection timeout to host https://discord.com/api/v9/unique-username/username-attempt-unauthed
2026-09-01 18:31:10	NETWORK	idng	attempt=1	proxy=http://wiw4v7duaymysz9-session-31567d99eedc-lifetime-10:***@rp.scrapegw.com:6060	ConnectionTimeoutError: Connection timeout to host https://discord.com/api/v9/unique-username/username-attempt-unauthed
2026-09-01 18:31:10	NETWORK	idmi	attempt=1	proxy=http://wiw4v7duaymysz9-session-bb6c6ed8072b-lifetime-10:***@rp.scrapegw.com:6060	ConnectionTimeoutError: Connection timeout to host https://discord.com/api/v9/unique-username/username-attempt-unauthed
2026-09-01 18:31:10	NETWORK	idqw	attempt=1	proxy=http://wiw4v7duaymysz9-session-3da5674f54ae-lifetime-10:***@rp.scrapegw.com:6060	ConnectionTimeoutError: Connection timeout to host https://discord.com/api/v9/unique-username/username-attempt-unauthed
2026-09-01 18:31:10	NETWORK	idms	attempt=1	proxy=http://wiw4v7duaymysz9-session-3c04a2dd4c45-lifetime-10:***@rp.scrapegw.com:6060	ConnectionTimeoutError: Connection timeout to host https://discord.com/api/v9/unique-username/username-attempt-unauthed
2026-09-01 18:31:10	NETWORK	idmy	attempt=1	proxy=http://wiw4v7duaymysz9-session-86af443b057d-lifetime-10:***@rp.scrapegw.com:6060	ConnectionTimeoutError: Connection timeout to host https://discord.com/api/v9/unique-username/username-attempt-unauthed
2026-09-01 18:31:11	HTTP_429	igoq	attempt=1	proxy=http://wiw4v7duaymysz9-session-d9a78e03f5c6-lifetime-10:***@rp.scrapegw.com:6060	scope=shared global=False retry_after=2062.00s
2026-09-01 18:31:11	NETWORK	ieqs	attempt=1	proxy=http://wiw4v7duaymysz9-session-0888d80bbb1c-lifetime-10:***@rp.scrapegw.com:6060	ClientConnectorError: Cannot connect to host discord.com:443 ssl:default [Connection reset by peer]
2026-09-01 18:31:11	HTTP_429	igpu	attempt=1	proxy=http://wiw4v7duaymysz9-session-b9c3f8a87f03-lifetime-10:***@rp.scrapegw.com:6060	scope=shared global=False retry_after=2050.00s
2026-09-01 18:31:11	NETWORK	idyj	attempt=1	proxy=http://wiw4v7duaymysz9-session-86f1dfaefed5-lifetime-10:***@rp.scrapegw.com:6060	ConnectionTimeoutError: Connection timeout to host https://discord.com/api/v9/unique-username/username-attempt-unauthed
2026-09-01 18:31:11	NETWORK	idxk	attempt=1	proxy=http://wiw4v7duaymysz9-session-3c8e28738020-lifetime-10:***@rp.scrapegw.com:6060	ConnectionTimeoutError: Connection timeout to host https://discord.com/api/v9/unique-username/username-attempt-unauthed
2026-09-01 18:31:11	NETWORK	idtn	attempt=1	proxy=http://wiw4v7duaymysz9-session-d70f5d75300c-lifetime-10:***@rp.scrapegw.com:6060	ConnectionTimeoutError: Connection timeout to host https://discord.com/api/v9/unique-username/username-attempt-unauthed
2026-09-01 18:31:11	NETWORK	idye	attempt=1	proxy=http://wiw4v7duaymysz9-session-e68f942bbfb7-lifetime-10:***@rp.scrapegw.com:6060	ConnectionTimeoutError: Connection timeout to host https://discord.com/api/v9/unique-username/username-attempt-unauthed
2026-09-01 18:31:11	NETWORK	idyd	attempt=1	proxy=http://wiw4v7duaymysz9-session-becf38836c62-lifetime-10:***@rp.scrapegw.com:6060	ConnectionTimeoutError: Connection timeout to host https://discord.com/api/v9/unique-username/username-attempt-unauthed
2026-09-01 18:31:11	NETWORK	idyx	attempt=1	proxy=http://wiw4v7duaymysz9-session-6ff429999f6d-lifetime-10:***@rp.scrapegw.com:6060	ConnectionTimeoutError: Connection timeout to host https://discord.com/api/v9/unique-username/username-attempt-unauthed
2026-09-01 18:31:11	NETWORK	idtz	attempt=1	proxy=http://wiw4v7duaymysz9-session-a82443e0e653-lifetime-10:***@rp.scrapegw.com:6060	ConnectionTimeoutError: Connection timeout to host https://discord.com/api/v9/unique-username/username-attempt-unauthed
2026-09-01 18:31:11	NETWORK	idvx	attempt=1	proxy=http://wiw4v7duaymysz9-session-7491775ebae0-lifetime-10:***@rp.scrapegw.com:6060	ConnectionTimeoutError: Connection timeout to host https://discord.com/api/v9/unique-username/username-attempt-unauthed
2026-09-01 18:31:11	NETWORK	idvq	attempt=1	proxy=http://wiw4v7duaymysz9-session-e8e4a2df3e4a-lifetime-10:***@rp.scrapegw.com:6060	ConnectionTimeoutError: Connection timeout to host https://discord.com/api/v9/unique-username/username-attempt-unauthed
2026-09-01 18:31:11	NETWORK	idxl	attempt=1	proxy=http://wiw4v7duaymysz9-session-9560279aab64-lifetime-10:***@rp.scrapegw.com:6060	ConnectionTimeoutError: Connection timeout to host https://discord.com/api/v9/unique-username/username-attempt-unauthed
2026-09-01 18:31:11	NETWORK	idtl	attempt=1	proxy=http://wiw4v7duaymysz9-session-b91070bf3cd2-lifetime-10:***@rp.scrapegw.com:6060	ConnectionTimeoutError: Connection timeout to host https://discord.com/api/v9/unique-username/username-attempt-unauthed
2026-09-01 18:31:11	NETWORK	idvj	attempt=1	proxy=http://wiw4v7duaymysz9-session-b152ba8c2c8a-lifetime-10:***@rp.scrapegw.com:6060	ConnectionTimeoutError: Connection timeout to host https://discord.com/api/v9/unique-username/username-attempt-unauthed
2026-09-01 18:31:11	NETWORK	idtg	attempt=1	proxy=http://wiw4v7duaymysz9-session-241a23382385-lifetime-10:***@rp.scrapegw.com:6060	ConnectionTimeoutError: Connection timeout to host https://discord.com/api/v9/unique-username/username-attempt-unauthed
2026-09-01 18:31:11	NETWORK	idsv	attempt=1	proxy=http://wiw4v7duaymysz9-session-09474ca302cb-lifetime-10:***@rp.scrapegw.com:6060	ConnectionTimeoutError: Connection timeout to host https://discord.com/api/v9/unique-username/username-attempt-unauthed
2026-09-01 18:31:11	NETWORK	idso	attempt=1	proxy=http://wiw4v7duaymysz9-session-ba6171a8ca49-lifetime-10:***@rp.scrapegw.com:6060	ConnectionTimeoutError: Connection timeout to host https://discord.com/api/v9/unique-username/username-attempt-unauthed
2026-09-01 18:31:11	NETWORK	idtv	attempt=1	proxy=http://wiw4v7duaymysz9-session-19827fd45b94-lifetime-10:***@rp.scrapegw.com:6060	ConnectionTimeoutError: Connection timeout to host https://discord.com/api/v9/unique-username/username-attempt-unauthed
2026-09-01 18:31:11	NETWORK	idry	attempt=1	proxy=http://wiw4v7duaymysz9-session-808375e590f2-lifetime-10:***@rp.scrapegw.com:6060	ConnectionTimeoutError: Connection timeout to host https://discord.com/api/v9/unique-username/username-attempt-unauthed
2026-09-01 18:31:11	NETWORK	idro	attempt=1	proxy=http://wiw4v7duaymysz9-session-2d3467cf5b78-lifetime-10:***@rp.scrapegw.com:6060	ConnectionTimeoutError: Connection timeout to host https://discord.com/api/v9/unique-username/username-attempt-unauthed
2026-09-01 18:31:11	NETWORK	idty	attempt=1	proxy=http://wiw4v7duaymysz9-session-feb9492c714b-lifetime-10:***@rp.scrapegw.com:6060	ConnectionTimeoutError: Connection timeout to host https://discord.com/api/v9/unique-username/username-attempt-unauthed
2026-09-01 18:31:11	NETWORK	idue	attempt=1	proxy=http://wiw4v7duaymysz9-session-4067aa435efa-lifetime-10:***@rp.scrapegw.com:6060	ConnectionTimeoutError: Connection timeout to host https://discord.com/api/v9/unique-username/username-attempt-unauthed
2026-09-01 18:31:11	NETWORK	idug	attempt=1	proxy=http://wiw4v7duaymysz9-session-7e5ee8849282-lifetime-10:***@rp.scrapegw.com:6060	ConnectionTimeoutError: Connection timeout to host https://discord.com/api/v9/unique-username/username-attempt-unauthed
2026-09-01 18:31:11	NETWORK	ieaf	attempt=1	proxy=http://wiw4v7duaymysz9-session-aaa991861b16-lifetime-10:***@rp.scrapegw.com:6060	ConnectionTimeoutError: Connection timeout to host https://discord.com/api/v9/unique-username/username-attempt-unauthed
2026-09-01 18:31:11	NETWORK	idus	attempt=1	proxy=http://wiw4v7duaymysz9-session-9e7442a4d9bf-lifetime-10:***@rp.scrapegw.com:6060	ConnectionTimeoutError: Connection timeout to host https://discord.com/api/v9/unique-username/username-attempt-unauthed
2026-09-01 18:31:11	NETWORK	idur	attempt=1	proxy=http://wiw4v7duaymysz9-session-2e800b868ee4-lifetime-10:***@rp.scrapegw.com:6060	ConnectionTimeoutError: Connection timeout to host https://discord.com/api/v9/unique-username/username-attempt-unauthed
2026-09-01 18:31:11	NETWORK	idvg	attempt=1	proxy=http://wiw4v7duaymysz9-session-11649bdb8309-lifetime-10:***@rp.scrapegw.com:6060	ConnectionTimeoutError: Connection timeout to host https://discord.com/api/v9/unique-username/username-attempt-unauthed
2026-09-01 18:31:11	NETWORK	idxz	attempt=1	proxy=http://wiw4v7duaymysz9-session-c8f8c7743483-lifetime-10:***@rp.scrapegw.com:6060	ConnectionTimeoutError: Connection timeout to host https://discord.com/api/v9/unique-username/username-attempt-unauthed
2026-09-01 18:31:11	NETWORK	idws	attempt=1	proxy=http://wiw4v7duaymysz9-session-96fa34020a89-lifetime-10:***@rp.scrapegw.com:6060	ConnectionTimeoutError: Connection timeout to host https://discord.com/api/v9/unique-username/username-attempt-unauthed
2026-09-01 18:31:11	NETWORK	idte	attempt=1	proxy=http://wiw4v7duaymysz9-session-98bdce8babc8-lifetime-10:***@rp.scrapegw.com:6060	ConnectionTimeoutError: Connection timeout to host https://discord.com/api/v9/unique-username/username-attempt-unauthed
2026-09-01 18:31:11	NETWORK	idvr	attempt=1	proxy=http://wiw4v7duaymysz9-session-808156832908-lifetime-10:***@rp.scrapegw.com:6060	ConnectionTimeoutError: Connection timeout to host https://discord.com/api/v9/unique-username/username-attempt-unauthed
2026-09-01 18:31:11	NETWORK	ieab	attempt=1	proxy=http://wiw4v7duaymysz9-session-bd4fbcb5d271-lifetime-10:***@rp.scrapegw.com:6060	ConnectionTimeoutError: Connection timeout to host https://discord.com/api/v9/unique-username/username-attempt-unauthed
2026-09-01 18:31:11	NETWORK	idzq	attempt=1	proxy=http://wiw4v7duaymysz9-session-05f81aea5cc9-lifetime-10:***@rp.scrapegw.com:6060	ConnectionTimeoutError: Connection timeout to host https://discord.com/api/v9/unique-username/username-attempt-unauthed
2026-09-01 18:31:11	NETWORK	idyw	attempt=1	proxy=http://wiw4v7duaymysz9-session-9a438a7131d1-lifetime-10:***@rp.scrapegw.com:6060	ConnectionTimeoutError: Connection timeout to host https://discord.com/api/v9/unique-username/username-attempt-unauthed
2026-09-01 18:31:11	NETWORK	idzp	attempt=1	proxy=http://wiw4v7duaymysz9-session-b7ac183b9fff-lifetime-10:***@rp.scrapegw.com:6060	ConnectionTimeoutError: Connection timeout to host https://discord.com/api/v9/unique-username/username-attempt-unauthed
2026-09-01 18:31:11	NETWORK	idxv	attempt=1	proxy=http://wiw4v7duaymysz9-session-bab7e9bb898b-lifetime-10:***@rp.scrapegw.com:6060	ConnectionTimeoutError: Connection timeout to host https://discord.com/api/v9/unique-username/username-attempt-unauthed
2026-09-01 18:31:11	NETWORK	idwb	attempt=1	proxy=http://wiw4v7duaymysz9-session-8786e4d35295-lifetime-10:***@rp.scrapegw.com:6060	ConnectionTimeoutError: Connection timeout to host https://discord.com/api/v9/unique-username/username-attempt-unauthed
2026-09-01 18:31:11	NETWORK	idtr	attempt=1	proxy=http://wiw4v7duaymysz9-session-7335bf0688d1-lifetime-10:***@rp.scrapegw.com:6060	ConnectionTimeoutError: Connection timeout to host https://discord.com/api/v9/unique-username/username-attempt-unauthed
2026-09-01 18:31:11	NETWORK	idvi	attempt=1	proxy=http://wiw4v7duaymysz9-session-c7fbd4722a42-lifetime-10:***@rp.scrapegw.com:6060	ConnectionTimeoutError: Connection timeout to host https://discord.com/api/v9/unique-username/username-attempt-unauthed
2026-09-01 18:31:11	NETWORK	ieah	attempt=1	proxy=http://wiw4v7duaymysz9-session-a2d38222512c-lifetime-10:***@rp.scrapegw.com:6060	ConnectionTimeoutError: Connection timeout to host https://discord.com/api/v9/unique-username/username-attempt-unauthed
2026-09-01 18:31:11	NETWORK	idtp	attempt=1	proxy=http://wiw4v7duaymysz9-session-8d7990a0b6c2-lifetime-10:***@rp.scrapegw.com:6060	ConnectionTimeoutError: Connection timeout to host https://discord.com/api/v9/unique-username/username-attempt-unauthed
2026-09-01 18:31:11	HTTP_429	igrq	attempt=1	proxy=http://wiw4v7duaymysz9-session-5389aa660d18-lifetime-10:***@rp.scrapegw.com:6060	scope=shared global=False retry_after=2049.00s
2026-09-01 18:31:11	HTTP_429	igvj	attempt=1	proxy=http://wiw4v7duaymysz9-session-7afac681f751-lifetime-10:***@rp.scrapegw.com:6060	scope=shared global=False retry_after=2049.00s
2026-09-01 18:31:12	HTTP_429	igwf	attempt=1	proxy=http://wiw4v7duaymysz9-session-1ec2c9819975-lifetime-10:***@rp.scrapegw.com:6060	scope=shared global=False retry_after=817.00s
2026-09-01 18:31:12	HTTP_429	igtk	attempt=1	proxy=http://wiw4v7duaymysz9-session-c92143f5a38e-lifetime-10:***@rp.scrapegw.com:6060	scope=shared global=False retry_after=561.00s
2026-09-01 18:31:12	NETWORK	ifpl	attempt=1	proxy=http://wiw4v7duaymysz9-session-9918b7fbd8f7-lifetime-10:***@rp.scrapegw.com:6060	ClientConnectorCertificateError: Cannot connect to host discord.com:443 ssl:True [SSLCertVerificationError: (1, '[SSL: CERTIFICATE_VERIFY_FAILED] certificate verify failed: unable to get local issuer certificate (_ssl.c:1081)')]
2026-09-01 18:31:12	NETWORK	iesx	attempt=1	proxy=http://wiw4v7duaymysz9-session-4a79608b2700-lifetime-10:***@rp.scrapegw.com:6060	ClientConnectorError: Cannot connect to host discord.com:443 ssl:default [Connection reset by peer]
2026-09-01 18:31:12	NETWORK	ifbi	attempt=1	proxy=http://wiw4v7duaymysz9-session-efb1541a1c10-lifetime-10:***@rp.scrapegw.com:6060	ClientConnectorError: Cannot connect to host discord.com:443 ssl:default [Connection reset by peer]
2026-09-01 18:31:12	NETWORK	iehb	attempt=1	proxy=http://wiw4v7duaymysz9-session-01327887293a-lifetime-10:***@rp.scrapegw.com:6060	ConnectionTimeoutError: Connection timeout to host https://discord.com/api/v9/unique-username/username-attempt-unauthed
2026-09-01 18:31:12	NETWORK	iebz	attempt=1	proxy=http://wiw4v7duaymysz9-session-c64b38ba867e-lifetime-10:***@rp.scrapegw.com:6060	ConnectionTimeoutError: Connection timeout to host https://discord.com/api/v9/unique-username/username-attempt-unauthed
2026-09-01 18:31:12	NETWORK	iegs	attempt=1	proxy=http://wiw4v7duaymysz9-session-eda483113531-lifetime-10:***@rp.scrapegw.com:6060	ConnectionTimeoutError: Connection timeout to host https://discord.com/api/v9/unique-username/username-attempt-unauthed
2026-09-01 18:31:12	NETWORK	iedu	attempt=1	proxy=http://wiw4v7duaymysz9-session-27603ed5c537-lifetime-10:***@rp.scrapegw.com:6060	ConnectionTimeoutError: Connection timeout to host https://discord.com/api/v9/unique-username/username-attempt-unauthed
2026-09-01 18:31:12	NETWORK	ieje	attempt=1	proxy=http://wiw4v7duaymysz9-session-7ebe5968323f-lifetime-10:***@rp.scrapegw.com:6060	ConnectionTimeoutError: Connection timeout to host https://discord.com/api/v9/unique-username/username-attempt-unauthed
2026-09-01 18:31:12	NETWORK	iebq	attempt=1	proxy=http://wiw4v7duaymysz9-session-1a0fe1438916-lifetime-10:***@rp.scrapegw.com:6060	ConnectionTimeoutError: Connection timeout to host https://discord.com/api/v9/unique-username/username-attempt-unauthed
2026-09-01 18:31:12	NETWORK	iegz	attempt=1	proxy=http://wiw4v7duaymysz9-session-ce7f58485abb-lifetime-10:***@rp.scrapegw.com:6060	ConnectionTimeoutError: Connection timeout to host https://discord.com/api/v9/unique-username/username-attempt-unauthed
2026-09-01 18:31:12	NETWORK	ieey	attempt=1	proxy=http://wiw4v7duaymysz9-session-e8273976637d-lifetime-10:***@rp.scrapegw.com:6060	ConnectionTimeoutError: Connection timeout to host https://discord.com/api/v9/unique-username/username-attempt-unauthed
2026-09-01 18:31:12	NETWORK	ieay	attempt=1	proxy=http://wiw4v7duaymysz9-session-9de341d7fcca-lifetime-10:***@rp.scrapegw.com:6060	ConnectionTimeoutError: Connection timeout to host https://discord.com/api/v9/unique-username/username-attempt-unauthed
2026-09-01 18:31:12	NETWORK	ieic	attempt=1	proxy=http://wiw4v7duaymysz9-session-f1613b30f0d1-lifetime-10:***@rp.scrapegw.com:6060	ConnectionTimeoutError: Connection timeout to host https://discord.com/api/v9/unique-username/username-attempt-unauthed
2026-09-01 18:31:12	NETWORK	iefn	attempt=1	proxy=http://wiw4v7duaymysz9-session-ba8c38ba0bda-lifetime-10:***@rp.scrapegw.com:6060	ConnectionTimeoutError: Connection timeout to host https://discord.com/api/v9/unique-username/username-attempt-unauthed
2026-09-01 18:31:12	NETWORK	iecc	attempt=1	proxy=http://wiw4v7duaymysz9-session-659a0f87e8ef-lifetime-10:***@rp.scrapegw.com:6060	ConnectionTimeoutError: Connection timeout to host https://discord.com/api/v9/unique-username/username-attempt-unauthed
2026-09-01 18:31:12	NETWORK	iegv	attempt=1	proxy=http://wiw4v7duaymysz9-session-a6569de01025-lifetime-10:***@rp.scrapegw.com:6060	ConnectionTimeoutError: Connection timeout to host https://discord.com/api/v9/unique-username/username-attempt-unauthed
2026-09-01 18:31:12	NETWORK	iege	attempt=1	proxy=http://wiw4v7duaymysz9-session-9ca580cafaa5-lifetime-10:***@rp.scrapegw.com:6060	ConnectionTimeoutError: Connection timeout to host https://discord.com/api/v9/unique-username/username-attempt-unauthed
2026-09-01 18:31:12	NETWORK	iecp	attempt=1	proxy=http://wiw4v7duaymysz9-session-86652f97b2a7-lifetime-10:***@rp.scrapegw.com:6060	ConnectionTimeoutError: Connection timeout to host https://discord.com/api/v9/unique-username/username-attempt-unauthed
2026-09-01 18:31:12	NETWORK	iebw	attempt=1	proxy=http://wiw4v7duaymysz9-session-b803df5a8e95-lifetime-10:***@rp.scrapegw.com:6060	ConnectionTimeoutError: Connection timeout to host https://discord.com/api/v9/unique-username/username-attempt-unauthed
2026-09-01 18:31:12	NETWORK	ieev	attempt=1	proxy=http://wiw4v7duaymysz9-session-e9f35cd55cb4-lifetime-10:***@rp.scrapegw.com:6060	ConnectionTimeoutError: Connection timeout to host https://discord.com/api/v9/unique-username/username-attempt-unauthed
2026-09-01 18:31:12	NETWORK	iedd	attempt=1	proxy=http://wiw4v7duaymysz9-session-873035036e66-lifetime-10:***@rp.scrapegw.com:6060	ConnectionTimeoutError: Connection timeout to host https://discord.com/api/v9/unique-username/username-attempt-unauthed
2026-09-01 18:31:12	NETWORK	ieez	attempt=1	proxy=http://wiw4v7duaymysz9-session-45a9b4677a72-lifetime-10:***@rp.scrapegw.com:6060	ConnectionTimeoutError: Connection timeout to host https://discord.com/api/v9/unique-username/username-attempt-unauthed
2026-09-01 18:31:12	NETWORK	ieen	attempt=1	proxy=http://wiw4v7duaymysz9-session-26e67ab98ff4-lifetime-10:***@rp.scrapegw.com:6060	ConnectionTimeoutError: Connection timeout to host https://discord.com/api/v9/unique-username/username-attempt-unauthed
2026-09-01 18:31:12	NETWORK	ieao	attempt=1	proxy=http://wiw4v7duaymysz9-session-e257fbb74ed6-lifetime-10:***@rp.scrapegw.com:6060	ConnectionTimeoutError: Connection timeout to host https://discord.com/api/v9/unique-username/username-attempt-unauthed
2026-09-01 18:31:12	NETWORK	ieep	attempt=1	proxy=http://wiw4v7duaymysz9-session-5231e5b1261a-lifetime-10:***@rp.scrapegw.com:6060	ConnectionTimeoutError: Connection timeout to host https://discord.com/api/v9/unique-username/username-attempt-unauthed
2026-09-01 18:31:12	NETWORK	iefl	attempt=1	proxy=http://wiw4v7duaymysz9-session-3c3e29b9f430-lifetime-10:***@rp.scrapegw.com:6060	ConnectionTimeoutError: Connection timeout to host https://discord.com/api/v9/unique-username/username-attempt-unauthed
2026-09-01 18:31:12	NETWORK	iegh	attempt=1	proxy=http://wiw4v7duaymysz9-session-f7c09ed91c99-lifetime-10:***@rp.scrapegw.com:6060	ConnectionTimeoutError: Connection timeout to host https://discord.com/api/v9/unique-username/username-attempt-unauthed
2026-09-01 18:31:12	NETWORK	ieeu	attempt=1	proxy=http://wiw4v7duaymysz9-session-3e08a90bfcba-lifetime-10:***@rp.scrapegw.com:6060	ConnectionTimeoutError: Connection timeout to host https://discord.com/api/v9/unique-username/username-attempt-unauthed
2026-09-01 18:31:12	NETWORK	iehp	attempt=1	proxy=http://wiw4v7duaymysz9-session-4085530f98a3-lifetime-10:***@rp.scrapegw.com:6060	ConnectionTimeoutError: Connection timeout to host https://discord.com/api/v9/unique-username/username-attempt-unauthed
2026-09-01 18:31:12	NETWORK	iehx	attempt=1	proxy=http://wiw4v7duaymysz9-session-93aaff7db652-lifetime-10:***@rp.scrapegw.com:6060	ConnectionTimeoutError: Connection timeout to host https://discord.com/api/v9/unique-username/username-attempt-unauthed
2026-09-01 18:31:12	NETWORK	iecz	attempt=1	proxy=http://wiw4v7duaymysz9-session-58488d3632df-lifetime-10:***@rp.scrapegw.com:6060	ConnectionTimeoutError: Connection timeout to host https://discord.com/api/v9/unique-username/username-attempt-unauthed
2026-09-01 18:31:12	NETWORK	iehn	attempt=1	proxy=http://wiw4v7duaymysz9-session-0b5ebdfb0dd3-lifetime-10:***@rp.scrapegw.com:6060	ConnectionTimeoutError: Connection timeout to host https://discord.com/api/v9/unique-username/username-attempt-unauthed
2026-09-01 18:31:12	NETWORK	ieft	attempt=1	proxy=http://wiw4v7duaymysz9-session-f283961dde50-lifetime-10:***@rp.scrapegw.com:6060	ConnectionTimeoutError: Connection timeout to host https://discord.com/api/v9/unique-username/username-attempt-unauthed
2026-09-01 18:31:12	NETWORK	ieco	attempt=1	proxy=http://wiw4v7duaymysz9-session-6d93944b632a-lifetime-10:***@rp.scrapegw.com:6060	ConnectionTimeoutError: Connection timeout to host https://discord.com/api/v9/unique-username/username-attempt-unauthed
2026-09-01 18:31:12	NETWORK	iehm	attempt=1	proxy=http://wiw4v7duaymysz9-session-7cb577c646b9-lifetime-10:***@rp.scrapegw.com:6060	ConnectionTimeoutError: Connection timeout to host https://discord.com/api/v9/unique-username/username-attempt-unauthed
2026-09-01 18:31:12	NETWORK	iegw	attempt=1	proxy=http://wiw4v7duaymysz9-session-fe0e9dd568f9-lifetime-10:***@rp.scrapegw.com:6060	ConnectionTimeoutError: Connection timeout to host https://discord.com/api/v9/unique-username/username-attempt-unauthed
2026-09-01 18:31:12	NETWORK	iebs	attempt=1	proxy=http://wiw4v7duaymysz9-session-33f5f13f2518-lifetime-10:***@rp.scrapegw.com:6060	ConnectionTimeoutError: Connection timeout to host https://discord.com/api/v9/unique-username/username-attempt-unauthed
2026-09-01 18:31:12	NETWORK	iefd	attempt=1	proxy=http://wiw4v7duaymysz9-session-3a990a1c5380-lifetime-10:***@rp.scrapegw.com:6060	ConnectionTimeoutError: Connection timeout to host https://discord.com/api/v9/unique-username/username-attempt-unauthed
2026-09-01 18:31:12	NETWORK	iefe	attempt=1	proxy=http://wiw4v7duaymysz9-session-d365addcd936-lifetime-10:***@rp.scrapegw.com:6060	ConnectionTimeoutError: Connection timeout to host https://discord.com/api/v9/unique-username/username-attempt-unauthed
2026-09-01 18:31:12	NETWORK	iehe	attempt=1	proxy=http://wiw4v7duaymysz9-session-9b2e4f5f798d-lifetime-10:***@rp.scrapegw.com:6060	ConnectionTimeoutError: Connection timeout to host https://discord.com/api/v9/unique-username/username-attempt-unauthed
2026-09-01 18:31:12	NETWORK	iebi	attempt=1	proxy=http://wiw4v7duaymysz9-session-8c2f81c33a6a-lifetime-10:***@rp.scrapegw.com:6060	ConnectionTimeoutError: Connection timeout to host https://discord.com/api/v9/unique-username/username-attempt-unauthed
2026-09-01 18:31:12	NETWORK	iedb	attempt=1	proxy=http://wiw4v7duaymysz9-session-702661d20286-lifetime-10:***@rp.scrapegw.com:6060	ConnectionTimeoutError: Connection timeout to host https://discord.com/api/v9/unique-username/username-attempt-unauthed
2026-09-01 18:31:12	NETWORK	ieiu	attempt=1	proxy=http://wiw4v7duaymysz9-session-3b34f278cb25-lifetime-10:***@rp.scrapegw.com:6060	ConnectionTimeoutError: Connection timeout to host https://discord.com/api/v9/unique-username/username-attempt-unauthed
2026-09-01 18:31:12	NETWORK	ieec	attempt=1	proxy=http://wiw4v7duaymysz9-session-2a82096bbd5f-lifetime-10:***@rp.scrapegw.com:6060	ConnectionTimeoutError: Connection timeout to host https://discord.com/api/v9/unique-username/username-attempt-unauthed
2026-09-01 18:31:12	NETWORK	ieis	attempt=1	proxy=http://wiw4v7duaymysz9-session-33c46b9eba8a-lifetime-10:***@rp.scrapegw.com:6060	ConnectionTimeoutError: Connection timeout to host https://discord.com/api/v9/unique-username/username-attempt-unauthed
2026-09-01 18:31:12	NETWORK	iekt	attempt=1	proxy=http://wiw4v7duaymysz9-session-636c9c384c5f-lifetime-10:***@rp.scrapegw.com:6060	ClientConnectorError: Cannot connect to host discord.com:443 ssl:default [Connection reset by peer]
2026-09-01 18:31:12	NETWORK	ifjc	attempt=1	proxy=http://wiw4v7duaymysz9-session-a9adc8439ac8-lifetime-10:***@rp.scrapegw.com:6060	ClientConnectorError: Cannot connect to host discord.com:443 ssl:default [Connection reset by peer]
2026-09-01 18:31:13	HTTP_429	ihcr	attempt=1	proxy=http://wiw4v7duaymysz9-session-ba0677d38ec6-lifetime-10:***@rp.scrapegw.com:6060	scope=shared global=False retry_after=1953.00s
2026-09-01 18:31:13	HTTP_429	ihef	attempt=1	proxy=http://wiw4v7duaymysz9-session-b1e7f4b37c1d-lifetime-10:***@rp.scrapegw.com:6060	scope=shared global=False retry_after=863.00s
2026-09-01 18:31:13	HTTP_429	ifhu	attempt=1	proxy=http://wiw4v7duaymysz9-session-808375e590f2-lifetime-10:***@rp.scrapegw.com:6060	scope=shared global=False retry_after=257.00s
2026-09-01 18:31:13	NETWORK	ifcu	attempt=1	proxy=http://wiw4v7duaymysz9-session-d1daa6464219-lifetime-10:***@rp.scrapegw.com:6060	ClientConnectorError: Cannot connect to host discord.com:443 ssl:default [Connection reset by peer]
2026-09-01 18:31:13	NETWORK	iepx	attempt=1	proxy=http://wiw4v7duaymysz9-session-ce71b9dcb7d0-lifetime-10:***@rp.scrapegw.com:6060	ConnectionTimeoutError: Connection timeout to host https://discord.com/api/v9/unique-username/username-attempt-unauthed
2026-09-01 18:31:13	NETWORK	ieoy	attempt=1	proxy=http://wiw4v7duaymysz9-session-a1578e07ea89-lifetime-10:***@rp.scrapegw.com:6060	ConnectionTimeoutError: Connection timeout to host https://discord.com/api/v9/unique-username/username-attempt-unauthed
2026-09-01 18:31:13	NETWORK	iema	attempt=1	proxy=http://wiw4v7duaymysz9-session-7ef8f5aa663f-lifetime-10:***@rp.scrapegw.com:6060	ConnectionTimeoutError: Connection timeout to host https://discord.com/api/v9/unique-username/username-attempt-unauthed
2026-09-01 18:31:13	NETWORK	iemh	attempt=1	proxy=http://wiw4v7duaymysz9-session-5ba211488d8d-lifetime-10:***@rp.scrapegw.com:6060	ConnectionTimeoutError: Connection timeout to host https://discord.com/api/v9/unique-username/username-attempt-unauthed
2026-09-01 18:31:13	NETWORK	iepn	attempt=1	proxy=http://wiw4v7duaymysz9-session-1069f7b25e69-lifetime-10:***@rp.scrapegw.com:6060	ConnectionTimeoutError: Connection timeout to host https://discord.com/api/v9/unique-username/username-attempt-unauthed
2026-09-01 18:31:13	NETWORK	iemd	attempt=1	proxy=http://wiw4v7duaymysz9-session-8d9128e0c420-lifetime-10:***@rp.scrapegw.com:6060	ConnectionTimeoutError: Connection timeout to host https://discord.com/api/v9/unique-username/username-attempt-unauthed
2026-09-01 18:31:13	NETWORK	ieqk	attempt=1	proxy=http://wiw4v7duaymysz9-session-6afea52350ba-lifetime-10:***@rp.scrapegw.com:6060	ConnectionTimeoutError: Connection timeout to host https://discord.com/api/v9/unique-username/username-attempt-unauthed
2026-09-01 18:31:13	NETWORK	iekd	attempt=1	proxy=http://wiw4v7duaymysz9-session-ffafff672fd8-lifetime-10:***@rp.scrapegw.com:6060	ConnectionTimeoutError: Connection timeout to host https://discord.com/api/v9/unique-username/username-attempt-unauthed
2026-09-01 18:31:13	NETWORK	iemi	attempt=1	proxy=http://wiw4v7duaymysz9-session-3228db7fda4c-lifetime-10:***@rp.scrapegw.com:6060	ConnectionTimeoutError: Connection timeout to host https://discord.com/api/v9/unique-username/username-attempt-unauthed
2026-09-01 18:31:13	NETWORK	iemg	attempt=1	proxy=http://wiw4v7duaymysz9-session-179c40c93631-lifetime-10:***@rp.scrapegw.com:6060	ConnectionTimeoutError: Connection timeout to host https://discord.com/api/v9/unique-username/username-attempt-unauthed
2026-09-01 18:31:13	NETWORK	ienv	attempt=1	proxy=http://wiw4v7duaymysz9-session-10048b8a73cf-lifetime-10:***@rp.scrapegw.com:6060	ConnectionTimeoutError: Connection timeout to host https://discord.com/api/v9/unique-username/username-attempt-unauthed
2026-09-01 18:31:13	NETWORK	iekr	attempt=1	proxy=http://wiw4v7duaymysz9-session-80068ff1a4c2-lifetime-10:***@rp.scrapegw.com:6060	ConnectionTimeoutError: Connection timeout to host https://discord.com/api/v9/unique-username/username-attempt-unauthed
2026-09-01 18:31:13	NETWORK	ieju	attempt=1	proxy=http://wiw4v7duaymysz9-session-96948b85747a-lifetime-10:***@rp.scrapegw.com:6060	ConnectionTimeoutError: Connection timeout to host https://discord.com/api/v9/unique-username/username-attempt-unauthed
2026-09-01 18:31:13	NETWORK	ieom	attempt=1	proxy=http://wiw4v7duaymysz9-session-b87dbb25e274-lifetime-10:***@rp.scrapegw.com:6060	ConnectionTimeoutError: Connection timeout to host https://discord.com/api/v9/unique-username/username-attempt-unauthed
2026-09-01 18:31:13	NETWORK	iepj	attempt=1	proxy=http://wiw4v7duaymysz9-session-1d51a4952b44-lifetime-10:***@rp.scrapegw.com:6060	ConnectionTimeoutError: Connection timeout to host https://discord.com/api/v9/unique-username/username-attempt-unauthed
2026-09-01 18:31:13	NETWORK	ieov	attempt=1	proxy=http://wiw4v7duaymysz9-session-d000885e2d5f-lifetime-10:***@rp.scrapegw.com:6060	ConnectionTimeoutError: Connection timeout to host https://discord.com/api/v9/unique-username/username-attempt-unauthed
2026-09-01 18:31:13	NETWORK	ient	attempt=1	proxy=http://wiw4v7duaymysz9-session-ce7165ed6213-lifetime-10:***@rp.scrapegw.com:6060	ConnectionTimeoutError: Connection timeout to host https://discord.com/api/v9/unique-username/username-attempt-unauthed
2026-09-01 18:31:13	NETWORK	ieol	attempt=1	proxy=http://wiw4v7duaymysz9-session-58c373bb3575-lifetime-10:***@rp.scrapegw.com:6060	ConnectionTimeoutError: Connection timeout to host https://discord.com/api/v9/unique-username/username-attempt-unauthed
2026-09-01 18:31:13	NETWORK	iekz	attempt=1	proxy=http://wiw4v7duaymysz9-session-3a7e40a7658e-lifetime-10:***@rp.scrapegw.com:6060	ConnectionTimeoutError: Connection timeout to host https://discord.com/api/v9/unique-username/username-attempt-unauthed
2026-09-01 18:31:13	NETWORK	iejz	attempt=1	proxy=http://wiw4v7duaymysz9-session-67eecf75b11d-lifetime-10:***@rp.scrapegw.com:6060	ConnectionTimeoutError: Connection timeout to host https://discord.com/api/v9/unique-username/username-attempt-unauthed
2026-09-01 18:31:13	NETWORK	ieok	attempt=1	proxy=http://wiw4v7duaymysz9-session-1a2245a6d12a-lifetime-10:***@rp.scrapegw.com:6060	ConnectionTimeoutError: Connection timeout to host https://discord.com/api/v9/unique-username/username-attempt-unauthed
2026-09-01 18:31:13	NETWORK	iekk	attempt=1	proxy=http://wiw4v7duaymysz9-session-59b80c989de8-lifetime-10:***@rp.scrapegw.com:6060	ConnectionTimeoutError: Connection timeout to host https://discord.com/api/v9/unique-username/username-attempt-unauthed
2026-09-01 18:31:13	NETWORK	ielf	attempt=1	proxy=http://wiw4v7duaymysz9-session-538c53324d2e-lifetime-10:***@rp.scrapegw.com:6060	ConnectionTimeoutError: Connection timeout to host https://discord.com/api/v9/unique-username/username-attempt-unauthed
2026-09-01 18:31:13	NETWORK	ieqe	attempt=1	proxy=http://wiw4v7duaymysz9-session-0fb72f825b88-lifetime-10:***@rp.scrapegw.com:6060	ConnectionTimeoutError: Connection timeout to host https://discord.com/api/v9/unique-username/username-attempt-unauthed
2026-09-01 18:31:13	NETWORK	iekq	attempt=1	proxy=http://wiw4v7duaymysz9-session-a1f0c1ed9e48-lifetime-10:***@rp.scrapegw.com:6060	ConnectionTimeoutError: Connection timeout to host https://discord.com/api/v9/unique-username/username-attempt-unauthed
2026-09-01 18:31:13	NETWORK	iejx	attempt=1	proxy=http://wiw4v7duaymysz9-session-b8b28095d222-lifetime-10:***@rp.scrapegw.com:6060	ConnectionTimeoutError: Connection timeout to host https://discord.com/api/v9/unique-username/username-attempt-unauthed
2026-09-01 18:31:13	NETWORK	iepe	attempt=1	proxy=http://wiw4v7duaymysz9-session-a55f041c703b-lifetime-10:***@rp.scrapegw.com:6060	ConnectionTimeoutError: Connection timeout to host https://discord.com/api/v9/unique-username/username-attempt-unauthed
2026-09-01 18:31:13	NETWORK	iely	attempt=1	proxy=http://wiw4v7duaymysz9-session-605207726b31-lifetime-10:***@rp.scrapegw.com:6060	ConnectionTimeoutError: Connection timeout to host https://discord.com/api/v9/unique-username/username-attempt-unauthed
2026-09-01 18:31:13	NETWORK	ieko	attempt=1	proxy=http://wiw4v7duaymysz9-session-3e0add8d84d7-lifetime-10:***@rp.scrapegw.com:6060	ConnectionTimeoutError: Connection timeout to host https://discord.com/api/v9/unique-username/username-attempt-unauthed
2026-09-01 18:31:13	NETWORK	ieos	attempt=1	proxy=http://wiw4v7duaymysz9-session-56f87a3cc7a6-lifetime-10:***@rp.scrapegw.com:6060	ConnectionTimeoutError: Connection timeout to host https://discord.com/api/v9/unique-username/username-attempt-unauthed
2026-09-01 18:31:13	NETWORK	ieoo	attempt=1	proxy=http://wiw4v7duaymysz9-session-5325358b4ee9-lifetime-10:***@rp.scrapegw.com:6060	ConnectionTimeoutError: Connection timeout to host https://discord.com/api/v9/unique-username/username-attempt-unauthed
2026-09-01 18:31:13	NETWORK	ienz	attempt=1	proxy=http://wiw4v7duaymysz9-session-e5aa98c5b98d-lifetime-10:***@rp.scrapegw.com:6060	ConnectionTimeoutError: Connection timeout to host https://discord.com/api/v9/unique-username/username-attempt-unauthed
2026-09-01 18:31:13	NETWORK	iepk	attempt=1	proxy=http://wiw4v7duaymysz9-session-a6f4cf1ec74d-lifetime-10:***@rp.scrapegw.com:6060	ConnectionTimeoutError: Connection timeout to host https://discord.com/api/v9/unique-username/username-attempt-unauthed
2026-09-01 18:31:13	NETWORK	ieqd	attempt=1	proxy=http://wiw4v7duaymysz9-session-3181c4e64c1a-lifetime-10:***@rp.scrapegw.com:6060	ConnectionTimeoutError: Connection timeout to host https://discord.com/api/v9/unique-username/username-attempt-unauthed
2026-09-01 18:31:14	HTTP_429	ieot	attempt=1	proxy=http://wiw4v7duaymysz9-session-69da312b21f7-lifetime-10:***@rp.scrapegw.com:6060	scope=shared global=False retry_after=1023.00s
2026-09-01 18:31:14	NETWORK	iftl	attempt=1	proxy=http://wiw4v7duaymysz9-session-eaf50b5aacc4-lifetime-10:***@rp.scrapegw.com:6060	ClientConnectorError: Cannot connect to host discord.com:443 ssl:default [Connection reset by peer]
2026-09-01 18:31:14	HTTP_429	ihmr	attempt=1	proxy=http://wiw4v7duaymysz9-session-77b3cd5455b0-lifetime-10:***@rp.scrapegw.com:6060	scope=shared global=False retry_after=2057.00s
2026-09-01 18:31:14	NETWORK	ievt	attempt=1	proxy=http://wiw4v7duaymysz9-session-53abb7c21e27-lifetime-10:***@rp.scrapegw.com:6060	ConnectionTimeoutError: Connection timeout to host https://discord.com/api/v9/unique-username/username-attempt-unauthed
2026-09-01 18:31:14	NETWORK	ieru	attempt=1	proxy=http://wiw4v7duaymysz9-session-a42560fb445d-lifetime-10:***@rp.scrapegw.com:6060	ConnectionTimeoutError: Connection timeout to host https://discord.com/api/v9/unique-username/username-attempt-unauthed
2026-09-01 18:31:14	NETWORK	ietp	attempt=1	proxy=http://wiw4v7duaymysz9-session-19bbe8e47aed-lifetime-10:***@rp.scrapegw.com:6060	ConnectionTimeoutError: Connection timeout to host https://discord.com/api/v9/unique-username/username-attempt-unauthed
2026-09-01 18:31:14	NETWORK	iery	attempt=1	proxy=http://wiw4v7duaymysz9-session-21009e056c89-lifetime-10:***@rp.scrapegw.com:6060	ConnectionTimeoutError: Connection timeout to host https://discord.com/api/v9/unique-username/username-attempt-unauthed
2026-09-01 18:31:14	NETWORK	iesl	attempt=1	proxy=http://wiw4v7duaymysz9-session-75533bf55a81-lifetime-10:***@rp.scrapegw.com:6060	ConnectionTimeoutError: Connection timeout to host https://discord.com/api/v9/unique-username/username-attempt-unauthed
2026-09-01 18:31:14	NETWORK	ieqn	attempt=1	proxy=http://wiw4v7duaymysz9-session-07156ce7b796-lifetime-10:***@rp.scrapegw.com:6060	ConnectionTimeoutError: Connection timeout to host https://discord.com/api/v9/unique-username/username-attempt-unauthed
2026-09-01 18:31:14	NETWORK	iest	attempt=1	proxy=http://wiw4v7duaymysz9-session-120b3e1fc0bc-lifetime-10:***@rp.scrapegw.com:6060	ConnectionTimeoutError: Connection timeout to host https://discord.com/api/v9/unique-username/username-attempt-unauthed
2026-09-01 18:31:14	NETWORK	ieqp	attempt=1	proxy=http://wiw4v7duaymysz9-session-094f077cc95a-lifetime-10:***@rp.scrapegw.com:6060	ConnectionTimeoutError: Connection timeout to host https://discord.com/api/v9/unique-username/username-attempt-unauthed
2026-09-01 18:31:14	NETWORK	ierk	attempt=1	proxy=http://wiw4v7duaymysz9-session-1471a9b56887-lifetime-10:***@rp.scrapegw.com:6060	ConnectionTimeoutError: Connection timeout to host https://discord.com/api/v9/unique-username/username-attempt-unauthed
2026-09-01 18:31:14	NETWORK	ietg	attempt=1	proxy=http://wiw4v7duaymysz9-session-1204caf018a2-lifetime-10:***@rp.scrapegw.com:6060	ConnectionTimeoutError: Connection timeout to host https://discord.com/api/v9/unique-username/username-attempt-unauthed
2026-09-01 18:31:14	NETWORK	ievf	attempt=1	proxy=http://wiw4v7duaymysz9-session-e5f20e143ac9-lifetime-10:***@rp.scrapegw.com:6060	ConnectionTimeoutError: Connection timeout to host https://discord.com/api/v9/unique-username/username-attempt-unauthed
2026-09-01 18:31:14	NETWORK	ievp	attempt=1	proxy=http://wiw4v7duaymysz9-session-5360ea3dbd70-lifetime-10:***@rp.scrapegw.com:6060	ConnectionTimeoutError: Connection timeout to host https://discord.com/api/v9/unique-username/username-attempt-unauthed
2026-09-01 18:31:14	NETWORK	ietj	attempt=1	proxy=http://wiw4v7duaymysz9-session-03e2fe830b8d-lifetime-10:***@rp.scrapegw.com:6060	ConnectionTimeoutError: Connection timeout to host https://discord.com/api/v9/unique-username/username-attempt-unauthed
2026-09-01 18:31:14	NETWORK	ieut	attempt=1	proxy=http://wiw4v7duaymysz9-session-8aa331fade22-lifetime-10:***@rp.scrapegw.com:6060	ConnectionTimeoutError: Connection timeout to host https://discord.com/api/v9/unique-username/username-attempt-unauthed
2026-09-01 18:31:14	NETWORK	iewg	attempt=1	proxy=http://wiw4v7duaymysz9-session-f3c19d64fc6d-lifetime-10:***@rp.scrapegw.com:6060	ConnectionTimeoutError: Connection timeout to host https://discord.com/api/v9/unique-username/username-attempt-unauthed
2026-09-01 18:31:14	NETWORK	ierf	attempt=1	proxy=http://wiw4v7duaymysz9-session-34f8a7460706-lifetime-10:***@rp.scrapegw.com:6060	ConnectionTimeoutError: Connection timeout to host https://discord.com/api/v9/unique-username/username-attempt-unauthed
2026-09-01 18:31:14	NETWORK	ietz	attempt=1	proxy=http://wiw4v7duaymysz9-session-2c65d7fe0572-lifetime-10:***@rp.scrapegw.com:6060	ConnectionTimeoutError: Connection timeout to host https://discord.com/api/v9/unique-username/username-attempt-unauthed
2026-09-01 18:31:14	NETWORK	iesu	attempt=1	proxy=http://wiw4v7duaymysz9-session-6fe3c27892b6-lifetime-10:***@rp.scrapegw.com:6060	ConnectionTimeoutError: Connection timeout to host https://discord.com/api/v9/unique-username/username-attempt-unauthed
2026-09-01 18:31:14	NETWORK	ietn	attempt=1	proxy=http://wiw4v7duaymysz9-session-e50f6b1ac416-lifetime-10:***@rp.scrapegw.com:6060	ConnectionTimeoutError: Connection timeout to host https://discord.com/api/v9/unique-username/username-attempt-unauthed
2026-09-01 18:31:14	NETWORK	ietm	attempt=1	proxy=http://wiw4v7duaymysz9-session-243074ad2583-lifetime-10:***@rp.scrapegw.com:6060	ConnectionTimeoutError: Connection timeout to host https://discord.com/api/v9/unique-username/username-attempt-unauthed
2026-09-01 18:31:14	NETWORK	iere	attempt=1	proxy=http://wiw4v7duaymysz9-session-9b8f5181220e-lifetime-10:***@rp.scrapegw.com:6060	ConnectionTimeoutError: Connection timeout to host https://discord.com/api/v9/unique-username/username-attempt-unauthed
2026-09-01 18:31:14	NETWORK	ieuw	attempt=1	proxy=http://wiw4v7duaymysz9-session-665249cf5647-lifetime-10:***@rp.scrapegw.com:6060	ConnectionTimeoutError: Connection timeout to host https://discord.com/api/v9/unique-username/username-attempt-unauthed
2026-09-01 18:31:14	NETWORK	ierx	attempt=1	proxy=http://wiw4v7duaymysz9-session-93ee45118036-lifetime-10:***@rp.scrapegw.com:6060	ConnectionTimeoutError: Connection timeout to host https://discord.com/api/v9/unique-username/username-attempt-unauthed
2026-09-01 18:31:14	NETWORK	ievn	attempt=1	proxy=http://wiw4v7duaymysz9-session-0e05a1c73e60-lifetime-10:***@rp.scrapegw.com:6060	ConnectionTimeoutError: Connection timeout to host https://discord.com/api/v9/unique-username/username-attempt-unauthed
2026-09-01 18:31:14	NETWORK	iesm	attempt=1	proxy=http://wiw4v7duaymysz9-session-c4397fad3ce4-lifetime-10:***@rp.scrapegw.com:6060	ConnectionTimeoutError: Connection timeout to host https://discord.com/api/v9/unique-username/username-attempt-unauthed
2026-09-01 18:31:14	NETWORK	ievs	attempt=1	proxy=http://wiw4v7duaymysz9-session-735b1d1c13bf-lifetime-10:***@rp.scrapegw.com:6060	ConnectionTimeoutError: Connection timeout to host https://discord.com/api/v9/unique-username/username-attempt-unauthed
2026-09-01 18:31:14	NETWORK	ieuo	attempt=1	proxy=http://wiw4v7duaymysz9-session-754091d46d45-lifetime-10:***@rp.scrapegw.com:6060	ConnectionTimeoutError: Connection timeout to host https://discord.com/api/v9/unique-username/username-attempt-unauthed
2026-09-01 18:31:14	NETWORK	ifmy	attempt=1	proxy=http://wiw4v7duaymysz9-session-e406c3d6a05e-lifetime-10:***@rp.scrapegw.com:6060	ClientConnectorError: Cannot connect to host discord.com:443 ssl:default [Connection reset by peer]
2026-09-01 18:31:14	HTTP_429	ihpg	attempt=1	proxy=http://wiw4v7duaymysz9-session-238893a5e165-lifetime-10:***@rp.scrapegw.com:6060	scope=shared global=False retry_after=1836.00s
2026-09-01 18:31:15	HTTP_429	ihri	attempt=1	proxy=http://wiw4v7duaymysz9-session-ac2ed40a05b1-lifetime-10:***@rp.scrapegw.com:6060	scope=shared global=False retry_after=1602.00s
2026-09-01 18:31:15	NETWORK	ieet	attempt=1	proxy=http://wiw4v7duaymysz9-session-0e4eaf72de5e-lifetime-10:***@rp.scrapegw.com:6060	ServerDisconnectedError: Server disconnected
2026-09-01 18:31:15	NETWORK	iefk	attempt=1	proxy=http://wiw4v7duaymysz9-session-e38fa8141b7d-lifetime-10:***@rp.scrapegw.com:6060	ServerDisconnectedError: Server disconnected
2026-09-01 18:31:15	NETWORK	iezr	attempt=1	proxy=http://wiw4v7duaymysz9-session-34bfa347e318-lifetime-10:***@rp.scrapegw.com:6060	ClientConnectorError: Cannot connect to host discord.com:443 ssl:default [Connection reset by peer]
2026-09-01 18:31:15	NETWORK	ifar	attempt=1	proxy=http://wiw4v7duaymysz9-session-615d383ea92b-lifetime-10:***@rp.scrapegw.com:6060	ConnectionTimeoutError: Connection timeout to host https://discord.com/api/v9/unique-username/username-attempt-unauthed
2026-09-01 18:31:15	NETWORK	iezo	attempt=1	proxy=http://wiw4v7duaymysz9-session-2a36f5e5eeec-lifetime-10:***@rp.scrapegw.com:6060	ConnectionTimeoutError: Connection timeout to host https://discord.com/api/v9/unique-username/username-attempt-unauthed
2026-09-01 18:31:15	NETWORK	iezh	attempt=1	proxy=http://wiw4v7duaymysz9-session-b6b8b5aa8b40-lifetime-10:***@rp.scrapegw.com:6060	ConnectionTimeoutError: Connection timeout to host https://discord.com/api/v9/unique-username/username-attempt-unauthed
2026-09-01 18:31:15	NETWORK	iezy	attempt=1	proxy=http://wiw4v7duaymysz9-session-4719ce3a5282-lifetime-10:***@rp.scrapegw.com:6060	ConnectionTimeoutError: Connection timeout to host https://discord.com/api/v9/unique-username/username-attempt-unauthed
2026-09-01 18:31:15	NETWORK	ieyy	attempt=1	proxy=http://wiw4v7duaymysz9-session-d96c470bdada-lifetime-10:***@rp.scrapegw.com:6060	ConnectionTimeoutError: Connection timeout to host https://discord.com/api/v9/unique-username/username-attempt-unauthed
2026-09-01 18:31:15	NETWORK	iezi	attempt=1	proxy=http://wiw4v7duaymysz9-session-02e1aabaca58-lifetime-10:***@rp.scrapegw.com:6060	ConnectionTimeoutError: Connection timeout to host https://discord.com/api/v9/unique-username/username-attempt-unauthed
2026-09-01 18:31:15	NETWORK	ifbk	attempt=1	proxy=http://wiw4v7duaymysz9-session-00043d901de8-lifetime-10:***@rp.scrapegw.com:6060	ConnectionTimeoutError: Connection timeout to host https://discord.com/api/v9/unique-username/username-attempt-unauthed
2026-09-01 18:31:15	NETWORK	ifdm	attempt=1	proxy=http://wiw4v7duaymysz9-session-e2dab280303d-lifetime-10:***@rp.scrapegw.com:6060	ConnectionTimeoutError: Connection timeout to host https://discord.com/api/v9/unique-username/username-attempt-unauthed
2026-09-01 18:31:15	NETWORK	ifdo	attempt=1	proxy=http://wiw4v7duaymysz9-session-8fee11bd0837-lifetime-10:***@rp.scrapegw.com:6060	ConnectionTimeoutError: Connection timeout to host https://discord.com/api/v9/unique-username/username-attempt-unauthed
2026-09-01 18:31:15	NETWORK	iexy	attempt=1	proxy=http://wiw4v7duaymysz9-session-18d18493e1ff-lifetime-10:***@rp.scrapegw.com:6060	ConnectionTimeoutError: Connection timeout to host https://discord.com/api/v9/unique-username/username-attempt-unauthed
2026-09-01 18:31:15	NETWORK	iexj	attempt=1	proxy=http://wiw4v7duaymysz9-session-aed4c30aba68-lifetime-10:***@rp.scrapegw.com:6060	ConnectionTimeoutError: Connection timeout to host https://discord.com/api/v9/unique-username/username-attempt-unauthed
2026-09-01 18:31:15	NETWORK	iezj	attempt=1	proxy=http://wiw4v7duaymysz9-session-72a38cc32d4f-lifetime-10:***@rp.scrapegw.com:6060	ConnectionTimeoutError: Connection timeout to host https://discord.com/api/v9/unique-username/username-attempt-unauthed
2026-09-01 18:31:15	NETWORK	iewn	attempt=1	proxy=http://wiw4v7duaymysz9-session-c24c7dfa7af1-lifetime-10:***@rp.scrapegw.com:6060	ConnectionTimeoutError: Connection timeout to host https://discord.com/api/v9/unique-username/username-attempt-unauthed
2026-09-01 18:31:15	NETWORK	ifbw	attempt=1	proxy=http://wiw4v7duaymysz9-session-bb6c6ed8072b-lifetime-10:***@rp.scrapegw.com:6060	ConnectionTimeoutError: Connection timeout to host https://discord.com/api/v9/unique-username/username-attempt-unauthed
2026-09-01 18:31:15	NETWORK	ifcf	attempt=1	proxy=http://wiw4v7duaymysz9-session-013274115242-lifetime-10:***@rp.scrapegw.com:6060	ConnectionTimeoutError: Connection timeout to host https://discord.com/api/v9/unique-username/username-attempt-unauthed
2026-09-01 18:31:15	NETWORK	iexg	attempt=1	proxy=http://wiw4v7duaymysz9-session-28ab29f79b68-lifetime-10:***@rp.scrapegw.com:6060	ConnectionTimeoutError: Connection timeout to host https://discord.com/api/v9/unique-username/username-attempt-unauthed
2026-09-01 18:31:15	NETWORK	iewj	attempt=1	proxy=http://wiw4v7duaymysz9-session-bf76b10e035a-lifetime-10:***@rp.scrapegw.com:6060	ConnectionTimeoutError: Connection timeout to host https://discord.com/api/v9/unique-username/username-attempt-unauthed
2026-09-01 18:31:15	NETWORK	ifcc	attempt=1	proxy=http://wiw4v7duaymysz9-session-3c04a2dd4c45-lifetime-10:***@rp.scrapegw.com:6060	ConnectionTimeoutError: Connection timeout to host https://discord.com/api/v9/unique-username/username-attempt-unauthed
2026-09-01 18:31:15	NETWORK	ifdq	attempt=1	proxy=http://wiw4v7duaymysz9-session-8f8e92433f72-lifetime-10:***@rp.scrapegw.com:6060	ConnectionTimeoutError: Connection timeout to host https://discord.com/api/v9/unique-username/username-attempt-unauthed
2026-09-01 18:31:15	NETWORK	ifbo	attempt=1	proxy=http://wiw4v7duaymysz9-session-bee6d9fc128d-lifetime-10:***@rp.scrapegw.com:6060	ConnectionTimeoutError: Connection timeout to host https://discord.com/api/v9/unique-username/username-attempt-unauthed
2026-09-01 18:31:15	NETWORK	ifbm	attempt=1	proxy=http://wiw4v7duaymysz9-session-717bfa313a95-lifetime-10:***@rp.scrapegw.com:6060	ConnectionTimeoutError: Connection timeout to host https://discord.com/api/v9/unique-username/username-attempt-unauthed
2026-09-01 18:31:15	NETWORK	ifau	attempt=1	proxy=http://wiw4v7duaymysz9-session-8f44473016d8-lifetime-10:***@rp.scrapegw.com:6060	ConnectionTimeoutError: Connection timeout to host https://discord.com/api/v9/unique-username/username-attempt-unauthed
2026-09-01 18:31:15	NETWORK	ifai	attempt=1	proxy=http://wiw4v7duaymysz9-session-6dc4c5e074c7-lifetime-10:***@rp.scrapegw.com:6060	ConnectionTimeoutError: Connection timeout to host https://discord.com/api/v9/unique-username/username-attempt-unauthed
2026-09-01 18:31:15	NETWORK	ifaf	attempt=1	proxy=http://wiw4v7duaymysz9-session-62080b113522-lifetime-10:***@rp.scrapegw.com:6060	ConnectionTimeoutError: Connection timeout to host https://discord.com/api/v9/unique-username/username-attempt-unauthed
2026-09-01 18:31:15	NETWORK	iezn	attempt=1	proxy=http://wiw4v7duaymysz9-session-e45dfabab2f4-lifetime-10:***@rp.scrapegw.com:6060	ConnectionTimeoutError: Connection timeout to host https://discord.com/api/v9/unique-username/username-attempt-unauthed
2026-09-01 18:31:15	NETWORK	iezt	attempt=1	proxy=http://wiw4v7duaymysz9-session-fab8d2c76546-lifetime-10:***@rp.scrapegw.com:6060	ConnectionTimeoutError: Connection timeout to host https://discord.com/api/v9/unique-username/username-attempt-unauthed
2026-09-01 18:31:15	NETWORK	ifam	attempt=1	proxy=http://wiw4v7duaymysz9-session-c0e4bb7efb62-lifetime-10:***@rp.scrapegw.com:6060	ConnectionTimeoutError: Connection timeout to host https://discord.com/api/v9/unique-username/username-attempt-unauthed
2026-09-01 18:31:15	NETWORK	ieyw	attempt=1	proxy=http://wiw4v7duaymysz9-session-3fffa63d464c-lifetime-10:***@rp.scrapegw.com:6060	ConnectionTimeoutError: Connection timeout to host https://discord.com/api/v9/unique-username/username-attempt-unauthed
2026-09-01 18:31:15	NETWORK	ieys	attempt=1	proxy=http://wiw4v7duaymysz9-session-173b565e7d88-lifetime-10:***@rp.scrapegw.com:6060	ConnectionTimeoutError: Connection timeout to host https://discord.com/api/v9/unique-username/username-attempt-unauthed
2026-09-01 18:31:15	NETWORK	ieyh	attempt=1	proxy=http://wiw4v7duaymysz9-session-fa2099147d7d-lifetime-10:***@rp.scrapegw.com:6060	ConnectionTimeoutError: Connection timeout to host https://discord.com/api/v9/unique-username/username-attempt-unauthed
2026-09-01 18:31:15	NETWORK	ieyc	attempt=1	proxy=http://wiw4v7duaymysz9-session-3f406228efe6-lifetime-10:***@rp.scrapegw.com:6060	ConnectionTimeoutError: Connection timeout to host https://discord.com/api/v9/unique-username/username-attempt-unauthed
2026-09-01 18:31:15	NETWORK	iexq	attempt=1	proxy=http://wiw4v7duaymysz9-session-53daaac9fca2-lifetime-10:***@rp.scrapegw.com:6060	ConnectionTimeoutError: Connection timeout to host https://discord.com/api/v9/unique-username/username-attempt-unauthed
2026-09-01 18:31:15	NETWORK	ieww	attempt=1	proxy=http://wiw4v7duaymysz9-session-b2285b6e8e75-lifetime-10:***@rp.scrapegw.com:6060	ConnectionTimeoutError: Connection timeout to host https://discord.com/api/v9/unique-username/username-attempt-unauthed
2026-09-01 18:31:15	NETWORK	iewk	attempt=1	proxy=http://wiw4v7duaymysz9-session-b2a7c65aaec1-lifetime-10:***@rp.scrapegw.com:6060	ConnectionTimeoutError: Connection timeout to host https://discord.com/api/v9/unique-username/username-attempt-unauthed
2026-09-01 18:31:15	NETWORK	iewi	attempt=1	proxy=http://wiw4v7duaymysz9-session-de8e5dcfe40a-lifetime-10:***@rp.scrapegw.com:6060	ConnectionTimeoutError: Connection timeout to host https://discord.com/api/v9/unique-username/username-attempt-unauthed
2026-09-01 18:31:15	NETWORK	ifdh	attempt=1	proxy=http://wiw4v7duaymysz9-session-29cc846166cf-lifetime-10:***@rp.scrapegw.com:6060	ConnectionTimeoutError: Connection timeout to host https://discord.com/api/v9/unique-username/username-attempt-unauthed
2026-09-01 18:31:15	NETWORK	ifdx	attempt=1	proxy=http://wiw4v7duaymysz9-session-2ce3acd0a0dc-lifetime-10:***@rp.scrapegw.com:6060	ConnectionTimeoutError: Connection timeout to host https://discord.com/api/v9/unique-username/username-attempt-unauthed
2026-09-01 18:31:15	NETWORK	ifdb	attempt=1	proxy=http://wiw4v7duaymysz9-session-b54c5ad866fb-lifetime-10:***@rp.scrapegw.com:6060	ConnectionTimeoutError: Connection timeout to host https://discord.com/api/v9/unique-username/username-attempt-unauthed
2026-09-01 18:31:15	NETWORK	ifct	attempt=1	proxy=http://wiw4v7duaymysz9-session-e6087a3e342b-lifetime-10:***@rp.scrapegw.com:6060	ConnectionTimeoutError: Connection timeout to host https://discord.com/api/v9/unique-username/username-attempt-unauthed
2026-09-01 18:31:15	NETWORK	ifax	attempt=1	proxy=http://wiw4v7duaymysz9-session-f1dd7081af6f-lifetime-10:***@rp.scrapegw.com:6060	ConnectionTimeoutError: Connection timeout to host https://discord.com/api/v9/unique-username/username-attempt-unauthed
2026-09-01 18:31:16	HTTP_429	ihsb	attempt=1	proxy=http://wiw4v7duaymysz9-session-e8e4bf2709c7-lifetime-10:***@rp.scrapegw.com:6060	scope=shared global=False retry_after=555.00s
2026-09-01 18:31:16	HTTP_429	ifsu	attempt=1	proxy=http://wiw4v7duaymysz9-session-2a82096bbd5f-lifetime-10:***@rp.scrapegw.com:6060	scope=shared global=False retry_after=208.00s
2026-09-01 18:31:16	HTTP_429	iicb	attempt=1	proxy=http://wiw4v7duaymysz9-session-61eaf9d5ce1b-lifetime-10:***@rp.scrapegw.com:6060	scope=shared global=False retry_after=11.00s
2026-09-01 18:31:16	HTTP_429	igdb	attempt=1	proxy=http://wiw4v7duaymysz9-session-56f87a3cc7a6-lifetime-10:***@rp.scrapegw.com:6060	scope=shared global=False retry_after=700.00s
2026-09-01 18:31:16	NETWORK	ifwk	attempt=1	proxy=http://wiw4v7duaymysz9-session-061a753832ff-lifetime-10:***@rp.scrapegw.com:6060	ClientConnectorError: Cannot connect to host discord.com:443 ssl:default [Connection reset by peer]
2026-09-01 18:31:16	NETWORK	iffe	attempt=1	proxy=http://wiw4v7duaymysz9-session-07455e312c34-lifetime-10:***@rp.scrapegw.com:6060	ClientConnectorError: Cannot connect to host discord.com:443 ssl:default [Connection reset by peer]
2026-09-01 18:31:16	HTTP_429	igcn	attempt=1	proxy=http://wiw4v7duaymysz9-session-7e5f564b798a-lifetime-10:***@rp.scrapegw.com:6060	scope=shared global=False retry_after=924.00s
2026-09-01 18:31:16	NETWORK	ifjb	attempt=1	proxy=http://wiw4v7duaymysz9-session-241a23382385-lifetime-10:***@rp.scrapegw.com:6060	ConnectionTimeoutError: Connection timeout to host https://discord.com/api/v9/unique-username/username-attempt-unauthed
2026-09-01 18:31:16	NETWORK	ifhm	attempt=1	proxy=http://wiw4v7duaymysz9-session-5557db9a7ba7-lifetime-10:***@rp.scrapegw.com:6060	ConnectionTimeoutError: Connection timeout to host https://discord.com/api/v9/unique-username/username-attempt-unauthed
2026-09-01 18:31:16	NETWORK	ifha	attempt=1	proxy=http://wiw4v7duaymysz9-session-5bf682b41b6e-lifetime-10:***@rp.scrapegw.com:6060	ConnectionTimeoutError: Connection timeout to host https://discord.com/api/v9/unique-username/username-attempt-unauthed
2026-09-01 18:31:16	NETWORK	ifgs	attempt=1	proxy=http://wiw4v7duaymysz9-session-fc73fb2caf23-lifetime-10:***@rp.scrapegw.com:6060	ConnectionTimeoutError: Connection timeout to host https://discord.com/api/v9/unique-username/username-attempt-unauthed
2026-09-01 18:31:16	NETWORK	iffh	attempt=1	proxy=http://wiw4v7duaymysz9-session-92e75e904ddf-lifetime-10:***@rp.scrapegw.com:6060	ConnectionTimeoutError: Connection timeout to host https://discord.com/api/v9/unique-username/username-attempt-unauthed
2026-09-01 18:31:16	NETWORK	ifkx	attempt=1	proxy=http://wiw4v7duaymysz9-session-fa0ea37222a6-lifetime-10:***@rp.scrapegw.com:6060	ConnectionTimeoutError: Connection timeout to host https://discord.com/api/v9/unique-username/username-attempt-unauthed
2026-09-01 18:31:16	NETWORK	ifld	attempt=1	proxy=http://wiw4v7duaymysz9-session-b152ba8c2c8a-lifetime-10:***@rp.scrapegw.com:6060	ConnectionTimeoutError: Connection timeout to host https://discord.com/api/v9/unique-username/username-attempt-unauthed
2026-09-01 18:31:16	NETWORK	ifjo	attempt=1	proxy=http://wiw4v7duaymysz9-session-feb9492c714b-lifetime-10:***@rp.scrapegw.com:6060	ConnectionTimeoutError: Connection timeout to host https://discord.com/api/v9/unique-username/username-attempt-unauthed
2026-09-01 18:31:16	NETWORK	ifkl	attempt=1	proxy=http://wiw4v7duaymysz9-session-804139b1d882-lifetime-10:***@rp.scrapegw.com:6060	ConnectionTimeoutError: Connection timeout to host https://discord.com/api/v9/unique-username/username-attempt-unauthed
2026-09-01 18:31:16	NETWORK	ifia	attempt=1	proxy=http://wiw4v7duaymysz9-session-9b0a8590417b-lifetime-10:***@rp.scrapegw.com:6060	ConnectionTimeoutError: Connection timeout to host https://discord.com/api/v9/unique-username/username-attempt-unauthed
2026-09-01 18:31:16	NETWORK	ifgf	attempt=1	proxy=http://wiw4v7duaymysz9-session-1afc16464f74-lifetime-10:***@rp.scrapegw.com:6060	ConnectionTimeoutError: Connection timeout to host https://discord.com/api/v9/unique-username/username-attempt-unauthed
2026-09-01 18:31:16	NETWORK	ifhz	attempt=1	proxy=http://wiw4v7duaymysz9-session-377292e42301-lifetime-10:***@rp.scrapegw.com:6060	ConnectionTimeoutError: Connection timeout to host https://discord.com/api/v9/unique-username/username-attempt-unauthed
2026-09-01 18:31:16	NETWORK	ifhk	attempt=1	proxy=http://wiw4v7duaymysz9-session-d34c32001bbf-lifetime-10:***@rp.scrapegw.com:6060	ConnectionTimeoutError: Connection timeout to host https://discord.com/api/v9/unique-username/username-attempt-unauthed
2026-09-01 18:31:16	NETWORK	ifej	attempt=1	proxy=http://wiw4v7duaymysz9-session-4a4745490d0e-lifetime-10:***@rp.scrapegw.com:6060	ConnectionTimeoutError: Connection timeout to host https://discord.com/api/v9/unique-username/username-attempt-unauthed
2026-09-01 18:31:16	NETWORK	ifki	attempt=1	proxy=http://wiw4v7duaymysz9-session-7e5ee8849282-lifetime-10:***@rp.scrapegw.com:6060	ConnectionTimeoutError: Connection timeout to host https://discord.com/api/v9/unique-username/username-attempt-unauthed
2026-09-01 18:31:16	NETWORK	ifgr	attempt=1	proxy=http://wiw4v7duaymysz9-session-93bc04e4436c-lifetime-10:***@rp.scrapegw.com:6060	ConnectionTimeoutError: Connection timeout to host https://discord.com/api/v9/unique-username/username-attempt-unauthed
2026-09-01 18:31:16	NETWORK	ifec	attempt=1	proxy=http://wiw4v7duaymysz9-session-d8038a3e4b5a-lifetime-10:***@rp.scrapegw.com:6060	ConnectionTimeoutError: Connection timeout to host https://discord.com/api/v9/unique-username/username-attempt-unauthed
2026-09-01 18:31:16	NETWORK	ifhc	attempt=1	proxy=http://wiw4v7duaymysz9-session-b0896fbfa590-lifetime-10:***@rp.scrapegw.com:6060	ConnectionTimeoutError: Connection timeout to host https://discord.com/api/v9/unique-username/username-attempt-unauthed
2026-09-01 18:31:16	NETWORK	ifdz	attempt=1	proxy=http://wiw4v7duaymysz9-session-2d25b1efe9d7-lifetime-10:***@rp.scrapegw.com:6060	ConnectionTimeoutError: Connection timeout to host https://discord.com/api/v9/unique-username/username-attempt-unauthed
2026-09-01 18:31:16	NETWORK	ifeo	attempt=1	proxy=http://wiw4v7duaymysz9-session-69f0e85e15d2-lifetime-10:***@rp.scrapegw.com:6060	ConnectionTimeoutError: Connection timeout to host https://discord.com/api/v9/unique-username/username-attempt-unauthed
2026-09-01 18:31:16	NETWORK	ifkz	attempt=1	proxy=http://wiw4v7duaymysz9-session-c7fbd4722a42-lifetime-10:***@rp.scrapegw.com:6060	ConnectionTimeoutError: Connection timeout to host https://discord.com/api/v9/unique-username/username-attempt-unauthed
2026-09-01 18:31:16	NETWORK	ifjy	attempt=1	proxy=http://wiw4v7duaymysz9-session-4067aa435efa-lifetime-10:***@rp.scrapegw.com:6060	ConnectionTimeoutError: Connection timeout to host https://discord.com/api/v9/unique-username/username-attempt-unauthed
2026-09-01 18:31:16	NETWORK	ifjh	attempt=1	proxy=http://wiw4v7duaymysz9-session-8ccdd46b43c9-lifetime-10:***@rp.scrapegw.com:6060	ConnectionTimeoutError: Connection timeout to host https://discord.com/api/v9/unique-username/username-attempt-unauthed
2026-09-01 18:31:16	NETWORK	ifkn	attempt=1	proxy=http://wiw4v7duaymysz9-session-2e800b868ee4-lifetime-10:***@rp.scrapegw.com:6060	ConnectionTimeoutError: Connection timeout to host https://discord.com/api/v9/unique-username/username-attempt-unauthed
2026-09-01 18:31:16	NETWORK	ifjf	attempt=1	proxy=http://wiw4v7duaymysz9-session-d70f5d75300c-lifetime-10:***@rp.scrapegw.com:6060	ConnectionTimeoutError: Connection timeout to host https://discord.com/api/v9/unique-username/username-attempt-unauthed
2026-09-01 18:31:16	NETWORK	iffq	attempt=1	proxy=http://wiw4v7duaymysz9-session-8bcb0a33e095-lifetime-10:***@rp.scrapegw.com:6060	ConnectionTimeoutError: Connection timeout to host https://discord.com/api/v9/unique-username/username-attempt-unauthed
2026-09-01 18:31:16	NETWORK	ifkq	attempt=1	proxy=http://wiw4v7duaymysz9-session-3f0d4ffcf940-lifetime-10:***@rp.scrapegw.com:6060	ConnectionTimeoutError: Connection timeout to host https://discord.com/api/v9/unique-username/username-attempt-unauthed
2026-09-01 18:31:16	NETWORK	ifff	attempt=1	proxy=http://wiw4v7duaymysz9-session-8341f0ec9fa3-lifetime-10:***@rp.scrapegw.com:6060	ConnectionTimeoutError: Connection timeout to host https://discord.com/api/v9/unique-username/username-attempt-unauthed
2026-09-01 18:31:16	NETWORK	ifjm	attempt=1	proxy=http://wiw4v7duaymysz9-session-19827fd45b94-lifetime-10:***@rp.scrapegw.com:6060	ConnectionTimeoutError: Connection timeout to host https://discord.com/api/v9/unique-username/username-attempt-unauthed
2026-09-01 18:31:16	NETWORK	ifje	attempt=1	proxy=http://wiw4v7duaymysz9-session-b91070bf3cd2-lifetime-10:***@rp.scrapegw.com:6060	ConnectionTimeoutError: Connection timeout to host https://discord.com/api/v9/unique-username/username-attempt-unauthed
2026-09-01 18:31:16	NETWORK	ifjq	attempt=1	proxy=http://wiw4v7duaymysz9-session-2dbd23ce0fff-lifetime-10:***@rp.scrapegw.com:6060	ConnectionTimeoutError: Connection timeout to host https://discord.com/api/v9/unique-username/username-attempt-unauthed
2026-09-01 18:31:16	NETWORK	ifgy	attempt=1	proxy=http://wiw4v7duaymysz9-session-4d7eb4fedd4a-lifetime-10:***@rp.scrapegw.com:6060	ConnectionTimeoutError: Connection timeout to host https://discord.com/api/v9/unique-username/username-attempt-unauthed
2026-09-01 18:31:16	NETWORK	ifix	attempt=1	proxy=http://wiw4v7duaymysz9-session-48249aa1d464-lifetime-10:***@rp.scrapegw.com:6060	ConnectionTimeoutError: Connection timeout to host https://discord.com/api/v9/unique-username/username-attempt-unauthed
2026-09-01 18:31:17	HTTP_429	iigj	attempt=1	proxy=http://wiw4v7duaymysz9-session-b64481df2b4b-lifetime-10:***@rp.scrapegw.com:6060	scope=shared global=False retry_after=2054.00s
2026-09-01 18:31:17	HTTP_429	iiep	attempt=1	proxy=http://wiw4v7duaymysz9-session-88d8fecd103e-lifetime-10:***@rp.scrapegw.com:6060	scope=shared global=False retry_after=1120.00s
2026-09-01 18:31:17	HTTP_429	iijt	attempt=1	proxy=http://wiw4v7duaymysz9-session-61f80033f469-lifetime-10:***@rp.scrapegw.com:6060	scope=shared global=False retry_after=2147.00s
2026-09-01 18:31:17	NETWORK	igch	attempt=1	proxy=http://wiw4v7duaymysz9-session-23aad6b81e67-lifetime-10:***@rp.scrapegw.com:6060	ClientConnectorError: Cannot connect to host discord.com:443 ssl:default [Connection reset by peer]
2026-09-01 18:31:17	NETWORK	ifow	attempt=1	proxy=http://wiw4v7duaymysz9-session-ed39effb3fe5-lifetime-10:***@rp.scrapegw.com:6060	ConnectionTimeoutError: Connection timeout to host https://discord.com/api/v9/unique-username/username-attempt-unauthed
2026-09-01 18:31:17	NETWORK	ifqq	attempt=1	proxy=http://wiw4v7duaymysz9-session-659a0f87e8ef-lifetime-10:***@rp.scrapegw.com:6060	ConnectionTimeoutError: Connection timeout to host https://discord.com/api/v9/unique-username/username-attempt-unauthed
2026-09-01 18:31:17	NETWORK	ifnc	attempt=1	proxy=http://wiw4v7duaymysz9-session-bab7e9bb898b-lifetime-10:***@rp.scrapegw.com:6060	ConnectionTimeoutError: Connection timeout to host https://discord.com/api/v9/unique-username/username-attempt-unauthed
2026-09-01 18:31:17	NETWORK	ifnl	attempt=1	proxy=http://wiw4v7duaymysz9-session-86f1dfaefed5-lifetime-10:***@rp.scrapegw.com:6060	ConnectionTimeoutError: Connection timeout to host https://discord.com/api/v9/unique-username/username-attempt-unauthed
2026-09-01 18:31:17	NETWORK	ifom	attempt=1	proxy=http://wiw4v7duaymysz9-session-b7ac183b9fff-lifetime-10:***@rp.scrapegw.com:6060	ConnectionTimeoutError: Connection timeout to host https://discord.com/api/v9/unique-username/username-attempt-unauthed
2026-09-01 18:31:17	NETWORK	ifqe	attempt=1	proxy=http://wiw4v7duaymysz9-session-1a0fe1438916-lifetime-10:***@rp.scrapegw.com:6060	ConnectionTimeoutError: Connection timeout to host https://discord.com/api/v9/unique-username/username-attempt-unauthed
2026-09-01 18:31:17	NETWORK	ifqd	attempt=1	proxy=http://wiw4v7duaymysz9-session-d5a6798238e2-lifetime-10:***@rp.scrapegw.com:6060	ConnectionTimeoutError: Connection timeout to host https://discord.com/api/v9/unique-username/username-attempt-unauthed
2026-09-01 18:31:17	NETWORK	ifqo	attempt=1	proxy=http://wiw4v7duaymysz9-session-c64b38ba867e-lifetime-10:***@rp.scrapegw.com:6060	ConnectionTimeoutError: Connection timeout to host https://discord.com/api/v9/unique-username/username-attempt-unauthed
2026-09-01 18:31:17	NETWORK	ifnd	attempt=1	proxy=http://wiw4v7duaymysz9-session-c50a59321ea0-lifetime-10:***@rp.scrapegw.com:6060	ConnectionTimeoutError: Connection timeout to host https://discord.com/api/v9/unique-username/username-attempt-unauthed
2026-09-01 18:31:17	NETWORK	ifsc	attempt=1	proxy=http://wiw4v7duaymysz9-session-58488d3632df-lifetime-10:***@rp.scrapegw.com:6060	ConnectionTimeoutError: Connection timeout to host https://discord.com/api/v9/unique-username/username-attempt-unauthed
2026-09-01 18:31:17	NETWORK	ifpi	attempt=1	proxy=http://wiw4v7duaymysz9-session-aaa991861b16-lifetime-10:***@rp.scrapegw.com:6060	ConnectionTimeoutError: Connection timeout to host https://discord.com/api/v9/unique-username/username-attempt-unauthed
2026-09-01 18:31:17	NETWORK	ifmz	attempt=1	proxy=http://wiw4v7duaymysz9-session-306361457785-lifetime-10:***@rp.scrapegw.com:6060	ConnectionTimeoutError: Connection timeout to host https://discord.com/api/v9/unique-username/username-attempt-unauthed
2026-09-01 18:31:17	NETWORK	ifpq	attempt=1	proxy=http://wiw4v7duaymysz9-session-915962ae0a84-lifetime-10:***@rp.scrapegw.com:6060	ConnectionTimeoutError: Connection timeout to host https://discord.com/api/v9/unique-username/username-attempt-unauthed
2026-09-01 18:31:17	NETWORK	iflk	attempt=1	proxy=http://wiw4v7duaymysz9-session-16b387cf7e25-lifetime-10:***@rp.scrapegw.com:6060	ConnectionTimeoutError: Connection timeout to host https://discord.com/api/v9/unique-username/username-attempt-unauthed
2026-09-01 18:31:17	NETWORK	ifnx	attempt=1	proxy=http://wiw4v7duaymysz9-session-9a438a7131d1-lifetime-10:***@rp.scrapegw.com:6060	ConnectionTimeoutError: Connection timeout to host https://discord.com/api/v9/unique-username/username-attempt-unauthed
2026-09-01 18:31:17	NETWORK	ifnz	attempt=1	proxy=http://wiw4v7duaymysz9-session-265a5b7b9eb9-lifetime-10:***@rp.scrapegw.com:6060	ConnectionTimeoutError: Connection timeout to host https://discord.com/api/v9/unique-username/username-attempt-unauthed
2026-09-01 18:31:17	NETWORK	ifrx	attempt=1	proxy=http://wiw4v7duaymysz9-session-a3122fef0b3e-lifetime-10:***@rp.scrapegw.com:6060	ConnectionTimeoutError: Connection timeout to host https://discord.com/api/v9/unique-username/username-attempt-unauthed
2026-09-01 18:31:17	NETWORK	ifql	attempt=1	proxy=http://wiw4v7duaymysz9-session-c770c48183b2-lifetime-10:***@rp.scrapegw.com:6060	ConnectionTimeoutError: Connection timeout to host https://discord.com/api/v9/unique-username/username-attempt-unauthed
2026-09-01 18:31:17	NETWORK	ifqh	attempt=1	proxy=http://wiw4v7duaymysz9-session-33f5f13f2518-lifetime-10:***@rp.scrapegw.com:6060	ConnectionTimeoutError: Connection timeout to host https://discord.com/api/v9/unique-username/username-attempt-unauthed
2026-09-01 18:31:17	NETWORK	ifpz	attempt=1	proxy=http://wiw4v7duaymysz9-session-03f4ac88687d-lifetime-10:***@rp.scrapegw.com:6060	ConnectionTimeoutError: Connection timeout to host https://discord.com/api/v9/unique-username/username-attempt-unauthed
2026-09-01 18:31:17	NETWORK	ifmu	attempt=1	proxy=http://wiw4v7duaymysz9-session-15ecf33b1094-lifetime-10:***@rp.scrapegw.com:6060	ConnectionTimeoutError: Connection timeout to host https://discord.com/api/v9/unique-username/username-attempt-unauthed
2026-09-01 18:31:17	NETWORK	ifrr	attempt=1	proxy=http://wiw4v7duaymysz9-session-86652f97b2a7-lifetime-10:***@rp.scrapegw.com:6060	ConnectionTimeoutError: Connection timeout to host https://discord.com/api/v9/unique-username/username-attempt-unauthed
2026-09-01 18:31:17	NETWORK	ifsb	attempt=1	proxy=http://wiw4v7duaymysz9-session-2b05fc50a638-lifetime-10:***@rp.scrapegw.com:6060	ConnectionTimeoutError: Connection timeout to host https://discord.com/api/v9/unique-username/username-attempt-unauthed
2026-09-01 18:31:17	NETWORK	ifqj	attempt=1	proxy=http://wiw4v7duaymysz9-session-dfc7857d8706-lifetime-10:***@rp.scrapegw.com:6060	ConnectionTimeoutError: Connection timeout to host https://discord.com/api/v9/unique-username/username-attempt-unauthed
2026-09-01 18:31:17	NETWORK	ifrq	attempt=1	proxy=http://wiw4v7duaymysz9-session-6d93944b632a-lifetime-10:***@rp.scrapegw.com:6060	ConnectionTimeoutError: Connection timeout to host https://discord.com/api/v9/unique-username/username-attempt-unauthed
2026-09-01 18:31:17	NETWORK	ifls	attempt=1	proxy=http://wiw4v7duaymysz9-session-8786e4d35295-lifetime-10:***@rp.scrapegw.com:6060	ConnectionTimeoutError: Connection timeout to host https://discord.com/api/v9/unique-username/username-attempt-unauthed
2026-09-01 18:31:17	NETWORK	ifph	attempt=1	proxy=http://wiw4v7duaymysz9-session-bd087dc84e35-lifetime-10:***@rp.scrapegw.com:6060	ConnectionTimeoutError: Connection timeout to host https://discord.com/api/v9/unique-username/username-attempt-unauthed
2026-09-01 18:31:17	NETWORK	ifrm	attempt=1	proxy=http://wiw4v7duaymysz9-session-e130d0e2c195-lifetime-10:***@rp.scrapegw.com:6060	ConnectionTimeoutError: Connection timeout to host https://discord.com/api/v9/unique-username/username-attempt-unauthed
2026-09-01 18:31:17	NETWORK	ifrf	attempt=1	proxy=http://wiw4v7duaymysz9-session-2c0cb45ad6f1-lifetime-10:***@rp.scrapegw.com:6060	ConnectionTimeoutError: Connection timeout to host https://discord.com/api/v9/unique-username/username-attempt-unauthed
2026-09-01 18:31:17	NETWORK	iflq	attempt=1	proxy=http://wiw4v7duaymysz9-session-7491775ebae0-lifetime-10:***@rp.scrapegw.com:6060	ConnectionTimeoutError: Connection timeout to host https://discord.com/api/v9/unique-username/username-attempt-unauthed
2026-09-01 18:31:17	HTTP_429	igjx	attempt=1	proxy=http://wiw4v7duaymysz9-session-7b917fbc9988-lifetime-10:***@rp.scrapegw.com:6060	scope=shared global=False retry_after=1443.00s
2026-09-01 18:31:18	HTTP_429	iiol	attempt=1	proxy=http://wiw4v7duaymysz9-session-6514ca73f901-lifetime-10:***@rp.scrapegw.com:6060	scope=shared global=False retry_after=2049.00s
2026-09-01 18:31:18	NETWORK	ifsl	attempt=1	proxy=http://wiw4v7duaymysz9-session-a4a1eee9a6a7-lifetime-10:***@rp.scrapegw.com:6060	ClientConnectorError: Cannot connect to host discord.com:443 ssl:default [Connection reset by peer]
2026-09-01 18:31:18	NETWORK	ifwq	attempt=1	proxy=http://wiw4v7duaymysz9-session-dcc917b9f31e-lifetime-10:***@rp.scrapegw.com:6060	ConnectionTimeoutError: Connection timeout to host https://discord.com/api/v9/unique-username/username-attempt-unauthed
2026-09-01 18:31:18	NETWORK	ifsy	attempt=1	proxy=http://wiw4v7duaymysz9-session-41929796f771-lifetime-10:***@rp.scrapegw.com:6060	ConnectionTimeoutError: Connection timeout to host https://discord.com/api/v9/unique-username/username-attempt-unauthed
2026-09-01 18:31:18	NETWORK	ifwr	attempt=1	proxy=http://wiw4v7duaymysz9-session-da0527954801-lifetime-10:***@rp.scrapegw.com:6060	ConnectionTimeoutError: Connection timeout to host https://discord.com/api/v9/unique-username/username-attempt-unauthed
2026-09-01 18:31:18	NETWORK	ifwz	attempt=1	proxy=http://wiw4v7duaymysz9-session-368831834e7c-lifetime-10:***@rp.scrapegw.com:6060	ConnectionTimeoutError: Connection timeout to host https://discord.com/api/v9/unique-username/username-attempt-unauthed
2026-09-01 18:31:18	NETWORK	ifwm	attempt=1	proxy=http://wiw4v7duaymysz9-session-afca4493318c-lifetime-10:***@rp.scrapegw.com:6060	ConnectionTimeoutError: Connection timeout to host https://discord.com/api/v9/unique-username/username-attempt-unauthed
2026-09-01 18:31:18	NETWORK	ifwh	attempt=1	proxy=http://wiw4v7duaymysz9-session-ecbc75760f59-lifetime-10:***@rp.scrapegw.com:6060	ConnectionTimeoutError: Connection timeout to host https://discord.com/api/v9/unique-username/username-attempt-unauthed
2026-09-01 18:31:18	NETWORK	ifth	attempt=1	proxy=http://wiw4v7duaymysz9-session-0e4eaf72de5e-lifetime-10:***@rp.scrapegw.com:6060	ConnectionTimeoutError: Connection timeout to host https://discord.com/api/v9/unique-username/username-attempt-unauthed
2026-09-01 18:31:18	NETWORK	ifte	attempt=1	proxy=http://wiw4v7duaymysz9-session-5231e5b1261a-lifetime-10:***@rp.scrapegw.com:6060	ConnectionTimeoutError: Connection timeout to host https://discord.com/api/v9/unique-username/username-attempt-unauthed
2026-09-01 18:31:18	NETWORK	ifvu	attempt=1	proxy=http://wiw4v7duaymysz9-session-16c2e8ccf549-lifetime-10:***@rp.scrapegw.com:6060	ConnectionTimeoutError: Connection timeout to host https://discord.com/api/v9/unique-username/username-attempt-unauthed
2026-09-01 18:31:18	NETWORK	ifsr	attempt=1	proxy=http://wiw4v7duaymysz9-session-22257f48b5f4-lifetime-10:***@rp.scrapegw.com:6060	ConnectionTimeoutError: Connection timeout to host https://discord.com/api/v9/unique-username/username-attempt-unauthed
2026-09-01 18:31:18	NETWORK	ifvc	attempt=1	proxy=http://wiw4v7duaymysz9-session-fed9d57d92ba-lifetime-10:***@rp.scrapegw.com:6060	ConnectionTimeoutError: Connection timeout to host https://discord.com/api/v9/unique-username/username-attempt-unauthed
2026-09-01 18:31:18	NETWORK	iftq	attempt=1	proxy=http://wiw4v7duaymysz9-session-5cd2dd9e0e9d-lifetime-10:***@rp.scrapegw.com:6060	ConnectionTimeoutError: Connection timeout to host https://discord.com/api/v9/unique-username/username-attempt-unauthed
2026-09-01 18:31:18	NETWORK	ifvd	attempt=1	proxy=http://wiw4v7duaymysz9-session-9ca580cafaa5-lifetime-10:***@rp.scrapegw.com:6060	ConnectionTimeoutError: Connection timeout to host https://discord.com/api/v9/unique-username/username-attempt-unauthed
2026-09-01 18:31:18	NETWORK	ifub	attempt=1	proxy=http://wiw4v7duaymysz9-session-e38fa8141b7d-lifetime-10:***@rp.scrapegw.com:6060	ConnectionTimeoutError: Connection timeout to host https://discord.com/api/v9/unique-username/username-attempt-unauthed
2026-09-01 18:31:18	NETWORK	ifuf	attempt=1	proxy=http://wiw4v7duaymysz9-session-3c3e29b9f430-lifetime-10:***@rp.scrapegw.com:6060	ConnectionTimeoutError: Connection timeout to host https://discord.com/api/v9/unique-username/username-attempt-unauthed
2026-09-01 18:31:18	NETWORK	ifuq	attempt=1	proxy=http://wiw4v7duaymysz9-session-f283961dde50-lifetime-10:***@rp.scrapegw.com:6060	ConnectionTimeoutError: Connection timeout to host https://discord.com/api/v9/unique-username/username-attempt-unauthed
2026-09-01 18:31:18	NETWORK	iful	attempt=1	proxy=http://wiw4v7duaymysz9-session-81870e301d3f-lifetime-10:***@rp.scrapegw.com:6060	ConnectionTimeoutError: Connection timeout to host https://discord.com/api/v9/unique-username/username-attempt-unauthed
2026-09-01 18:31:18	NETWORK	ifxo	attempt=1	proxy=http://wiw4v7duaymysz9-session-9b7493dea7e9-lifetime-10:***@rp.scrapegw.com:6060	ConnectionTimeoutError: Connection timeout to host https://discord.com/api/v9/unique-username/username-attempt-unauthed
2026-09-01 18:31:18	NETWORK	ifxh	attempt=1	proxy=http://wiw4v7duaymysz9-session-14492e45ebc3-lifetime-10:***@rp.scrapegw.com:6060	ConnectionTimeoutError: Connection timeout to host https://discord.com/api/v9/unique-username/username-attempt-unauthed
2026-09-01 18:31:18	NETWORK	ifxu	attempt=1	proxy=http://wiw4v7duaymysz9-session-b8b28095d222-lifetime-10:***@rp.scrapegw.com:6060	ConnectionTimeoutError: Connection timeout to host https://discord.com/api/v9/unique-username/username-attempt-unauthed
2026-09-01 18:31:18	NETWORK	ifvm	attempt=1	proxy=http://wiw4v7duaymysz9-session-46e2796dab68-lifetime-10:***@rp.scrapegw.com:6060	ConnectionTimeoutError: Connection timeout to host https://discord.com/api/v9/unique-username/username-attempt-unauthed
2026-09-01 18:31:18	NETWORK	ifwe	attempt=1	proxy=http://wiw4v7duaymysz9-session-c6d96108a7a0-lifetime-10:***@rp.scrapegw.com:6060	ConnectionTimeoutError: Connection timeout to host https://discord.com/api/v9/unique-username/username-attempt-unauthed
2026-09-01 18:31:18	NETWORK	ifsp	attempt=1	proxy=http://wiw4v7duaymysz9-session-9c17e868f196-lifetime-10:***@rp.scrapegw.com:6060	ConnectionTimeoutError: Connection timeout to host https://discord.com/api/v9/unique-username/username-attempt-unauthed
2026-09-01 18:31:18	NETWORK	ifsm	attempt=1	proxy=http://wiw4v7duaymysz9-session-a2c7008fe31c-lifetime-10:***@rp.scrapegw.com:6060	ConnectionTimeoutError: Connection timeout to host https://discord.com/api/v9/unique-username/username-attempt-unauthed
2026-09-01 18:31:18	NETWORK	iftt	attempt=1	proxy=http://wiw4v7duaymysz9-session-e8273976637d-lifetime-10:***@rp.scrapegw.com:6060	ConnectionTimeoutError: Connection timeout to host https://discord.com/api/v9/unique-username/username-attempt-unauthed
2026-09-01 18:31:18	NETWORK	iftu	attempt=1	proxy=http://wiw4v7duaymysz9-session-45a9b4677a72-lifetime-10:***@rp.scrapegw.com:6060	ConnectionTimeoutError: Connection timeout to host https://discord.com/api/v9/unique-username/username-attempt-unauthed
2026-09-01 18:31:18	NETWORK	ifxg	attempt=1	proxy=http://wiw4v7duaymysz9-session-e4ad9cfb370e-lifetime-10:***@rp.scrapegw.com:6060	ConnectionTimeoutError: Connection timeout to host https://discord.com/api/v9/unique-username/username-attempt-unauthed
2026-09-01 18:31:18	NETWORK	ifxf	attempt=1	proxy=http://wiw4v7duaymysz9-session-7ebe5968323f-lifetime-10:***@rp.scrapegw.com:6060	ConnectionTimeoutError: Connection timeout to host https://discord.com/api/v9/unique-username/username-attempt-unauthed
2026-09-01 18:31:18	NETWORK	ifss	attempt=1	proxy=http://wiw4v7duaymysz9-session-492eb12b54ed-lifetime-10:***@rp.scrapegw.com:6060	ConnectionTimeoutError: Connection timeout to host https://discord.com/api/v9/unique-username/username-attempt-unauthed
2026-09-01 18:31:18	NETWORK	ifyi	attempt=1	proxy=http://wiw4v7duaymysz9-session-fadf0cad48be-lifetime-10:***@rp.scrapegw.com:6060	ConnectionTimeoutError: Connection timeout to host https://discord.com/api/v9/unique-username/username-attempt-unauthed
2026-09-01 18:31:18	NETWORK	ifwv	attempt=1	proxy=http://wiw4v7duaymysz9-session-33c46b9eba8a-lifetime-10:***@rp.scrapegw.com:6060	ConnectionTimeoutError: Connection timeout to host https://discord.com/api/v9/unique-username/username-attempt-unauthed
2026-09-01 18:31:18	NETWORK	ifvn	attempt=1	proxy=http://wiw4v7duaymysz9-session-a6569de01025-lifetime-10:***@rp.scrapegw.com:6060	ConnectionTimeoutError: Connection timeout to host https://discord.com/api/v9/unique-username/username-attempt-unauthed
2026-09-01 18:31:18	NETWORK	ifyh	attempt=1	proxy=http://wiw4v7duaymysz9-session-80a2f2d970a1-lifetime-10:***@rp.scrapegw.com:6060	ConnectionTimeoutError: Connection timeout to host https://discord.com/api/v9/unique-username/username-attempt-unauthed
2026-09-01 18:31:18	NETWORK	ifvi	attempt=1	proxy=http://wiw4v7duaymysz9-session-543c026f9a17-lifetime-10:***@rp.scrapegw.com:6060	ConnectionTimeoutError: Connection timeout to host https://discord.com/api/v9/unique-username/username-attempt-unauthed
2026-09-01 18:31:18	NETWORK	ifuj	attempt=1	proxy=http://wiw4v7duaymysz9-session-3ae027281ec2-lifetime-10:***@rp.scrapegw.com:6060	ConnectionTimeoutError: Connection timeout to host https://discord.com/api/v9/unique-username/username-attempt-unauthed
2026-09-01 18:31:18	NETWORK	ifyk	attempt=1	proxy=http://wiw4v7duaymysz9-session-3e0add8d84d7-lifetime-10:***@rp.scrapegw.com:6060	ConnectionTimeoutError: Connection timeout to host https://discord.com/api/v9/unique-username/username-attempt-unauthed
2026-09-01 18:31:18	NETWORK	iftv	attempt=1	proxy=http://wiw4v7duaymysz9-session-10b96a8d1d1a-lifetime-10:***@rp.scrapegw.com:6060	ConnectionTimeoutError: Connection timeout to host https://discord.com/api/v9/unique-username/username-attempt-unauthed
2026-09-01 18:31:18	NETWORK	ifvs	attempt=1	proxy=http://wiw4v7duaymysz9-session-01327887293a-lifetime-10:***@rp.scrapegw.com:6060	ConnectionTimeoutError: Connection timeout to host https://discord.com/api/v9/unique-username/username-attempt-unauthed
2026-09-01 18:31:18	NETWORK	igbi	attempt=1	proxy=http://wiw4v7duaymysz9-session-cedaaa92d428-lifetime-10:***@rp.scrapegw.com:6060	ClientConnectorError: Cannot connect to host discord.com:443 ssl:default [Connection reset by peer]
2026-09-01 18:31:18	NETWORK	igjs	attempt=1	proxy=http://wiw4v7duaymysz9-session-e829c767d97a-lifetime-10:***@rp.scrapegw.com:6060	ClientConnectorError: Cannot connect to host discord.com:443 ssl:default [Connection reset by peer]
2026-09-01 18:31:19	HTTP_429	iisw	attempt=1	proxy=http://wiw4v7duaymysz9-session-98952cf31e67-lifetime-10:***@rp.scrapegw.com:6060	scope=shared global=False retry_after=1880.00s
2026-09-01 18:31:19	HTTP_429	iiug	attempt=1	proxy=http://wiw4v7duaymysz9-session-8dd627da96c9-lifetime-10:***@rp.scrapegw.com:6060	scope=shared global=False retry_after=1984.00s
2026-09-01 18:31:19	HTTP_429	iixd	attempt=1	proxy=http://wiw4v7duaymysz9-session-00316bd0d069-lifetime-10:***@rp.scrapegw.com:6060	scope=shared global=False retry_after=2133.00s
2026-09-01 18:31:19	NETWORK	ifzr	attempt=1	proxy=http://wiw4v7duaymysz9-session-7934310db36d-lifetime-10:***@rp.scrapegw.com:6060	ClientConnectorError: Cannot connect to host discord.com:443 ssl:default [Connection reset by peer]
2026-09-01 18:31:19	NETWORK	igfp	attempt=1	proxy=http://wiw4v7duaymysz9-session-34f8a7460706-lifetime-10:***@rp.scrapegw.com:6060	ClientConnectorError: Cannot connect to host discord.com:443 ssl:default [Connection reset by peer]
2026-09-01 18:31:19	NETWORK	ifze	attempt=1	proxy=http://wiw4v7duaymysz9-session-3b4365985e51-lifetime-10:***@rp.scrapegw.com:6060	ConnectionTimeoutError: Connection timeout to host https://discord.com/api/v9/unique-username/username-attempt-unauthed
2026-09-01 18:31:19	NETWORK	igde	attempt=1	proxy=http://wiw4v7duaymysz9-session-32aa59c1367d-lifetime-10:***@rp.scrapegw.com:6060	ConnectionTimeoutError: Connection timeout to host https://discord.com/api/v9/unique-username/username-attempt-unauthed
2026-09-01 18:31:19	NETWORK	igbk	attempt=1	proxy=http://wiw4v7duaymysz9-session-f7b77da72fab-lifetime-10:***@rp.scrapegw.com:6060	ConnectionTimeoutError: Connection timeout to host https://discord.com/api/v9/unique-username/username-attempt-unauthed
2026-09-01 18:31:19	NETWORK	igee	attempt=1	proxy=http://wiw4v7duaymysz9-session-0fb72f825b88-lifetime-10:***@rp.scrapegw.com:6060	ConnectionTimeoutError: Connection timeout to host https://discord.com/api/v9/unique-username/username-attempt-unauthed
2026-09-01 18:31:19	NETWORK	igai	attempt=1	proxy=http://wiw4v7duaymysz9-session-179c40c93631-lifetime-10:***@rp.scrapegw.com:6060	ConnectionTimeoutError: Connection timeout to host https://discord.com/api/v9/unique-username/username-attempt-unauthed
2026-09-01 18:31:19	NETWORK	igfo	attempt=1	proxy=http://wiw4v7duaymysz9-session-12d7d0b2ef71-lifetime-10:***@rp.scrapegw.com:6060	ConnectionTimeoutError: Connection timeout to host https://discord.com/api/v9/unique-username/username-attempt-unauthed
2026-09-01 18:31:19	NETWORK	igeq	attempt=1	proxy=http://wiw4v7duaymysz9-session-64ffb51991e2-lifetime-10:***@rp.scrapegw.com:6060	ConnectionTimeoutError: Connection timeout to host https://discord.com/api/v9/unique-username/username-attempt-unauthed
2026-09-01 18:31:19	NETWORK	igcx	attempt=1	proxy=http://wiw4v7duaymysz9-session-5325358b4ee9-lifetime-10:***@rp.scrapegw.com:6060	ConnectionTimeoutError: Connection timeout to host https://discord.com/api/v9/unique-username/username-attempt-unauthed
2026-09-01 18:31:19	NETWORK	igco	attempt=1	proxy=http://wiw4v7duaymysz9-session-1a2245a6d12a-lifetime-10:***@rp.scrapegw.com:6060	ConnectionTimeoutError: Connection timeout to host https://discord.com/api/v9/unique-username/username-attempt-unauthed
2026-09-01 18:31:19	NETWORK	ifzq	attempt=1	proxy=http://wiw4v7duaymysz9-session-711b41ebae18-lifetime-10:***@rp.scrapegw.com:6060	ConnectionTimeoutError: Connection timeout to host https://discord.com/api/v9/unique-username/username-attempt-unauthed
2026-09-01 18:31:19	NETWORK	igaj	attempt=1	proxy=http://wiw4v7duaymysz9-session-5ba211488d8d-lifetime-10:***@rp.scrapegw.com:6060	ConnectionTimeoutError: Connection timeout to host https://discord.com/api/v9/unique-username/username-attempt-unauthed
2026-09-01 18:31:19	NETWORK	igez	attempt=1	proxy=http://wiw4v7duaymysz9-session-0888d80bbb1c-lifetime-10:***@rp.scrapegw.com:6060	ConnectionTimeoutError: Connection timeout to host https://discord.com/api/v9/unique-username/username-attempt-unauthed
2026-09-01 18:31:19	NETWORK	igdu	attempt=1	proxy=http://wiw4v7duaymysz9-session-1d51a4952b44-lifetime-10:***@rp.scrapegw.com:6060	ConnectionTimeoutError: Connection timeout to host https://discord.com/api/v9/unique-username/username-attempt-unauthed
2026-09-01 18:31:19	NETWORK	ifzg	attempt=1	proxy=http://wiw4v7duaymysz9-session-9c473e5447ac-lifetime-10:***@rp.scrapegw.com:6060	ConnectionTimeoutError: Connection timeout to host https://discord.com/api/v9/unique-username/username-attempt-unauthed
2026-09-01 18:31:19	NETWORK	igen	attempt=1	proxy=http://wiw4v7duaymysz9-session-2fd1a4e0222d-lifetime-10:***@rp.scrapegw.com:6060	ConnectionTimeoutError: Connection timeout to host https://discord.com/api/v9/unique-username/username-attempt-unauthed
2026-09-01 18:31:19	NETWORK	ifyx	attempt=1	proxy=http://wiw4v7duaymysz9-session-60b66bff3910-lifetime-10:***@rp.scrapegw.com:6060	ConnectionTimeoutError: Connection timeout to host https://discord.com/api/v9/unique-username/username-attempt-unauthed
2026-09-01 18:31:19	NETWORK	igex	attempt=1	proxy=http://wiw4v7duaymysz9-session-094f077cc95a-lifetime-10:***@rp.scrapegw.com:6060	ConnectionTimeoutError: Connection timeout to host https://discord.com/api/v9/unique-username/username-attempt-unauthed
2026-09-01 18:31:19	NETWORK	igcr	attempt=1	proxy=http://wiw4v7duaymysz9-session-58c373bb3575-lifetime-10:***@rp.scrapegw.com:6060	ConnectionTimeoutError: Connection timeout to host https://discord.com/api/v9/unique-username/username-attempt-unauthed
2026-09-01 18:31:19	NETWORK	ifzb	attempt=1	proxy=http://wiw4v7duaymysz9-session-3d7f0ccb4656-lifetime-10:***@rp.scrapegw.com:6060	ConnectionTimeoutError: Connection timeout to host https://discord.com/api/v9/unique-username/username-attempt-unauthed
2026-09-01 18:31:19	NETWORK	ifzc	attempt=1	proxy=http://wiw4v7duaymysz9-session-55ad99508f45-lifetime-10:***@rp.scrapegw.com:6060	ConnectionTimeoutError: Connection timeout to host https://discord.com/api/v9/unique-username/username-attempt-unauthed
2026-09-01 18:31:19	NETWORK	ifzx	attempt=1	proxy=http://wiw4v7duaymysz9-session-6d8790522112-lifetime-10:***@rp.scrapegw.com:6060	ConnectionTimeoutError: Connection timeout to host https://discord.com/api/v9/unique-username/username-attempt-unauthed
2026-09-01 18:31:19	NETWORK	ifyr	attempt=1	proxy=http://wiw4v7duaymysz9-session-a1f0c1ed9e48-lifetime-10:***@rp.scrapegw.com:6060	ConnectionTimeoutError: Connection timeout to host https://discord.com/api/v9/unique-username/username-attempt-unauthed
2026-09-01 18:31:19	NETWORK	igah	attempt=1	proxy=http://wiw4v7duaymysz9-session-238893a5e165-lifetime-10:***@rp.scrapegw.com:6060	ConnectionTimeoutError: Connection timeout to host https://discord.com/api/v9/unique-username/username-attempt-unauthed
2026-09-01 18:31:19	NETWORK	ifyt	attempt=1	proxy=http://wiw4v7duaymysz9-session-80068ff1a4c2-lifetime-10:***@rp.scrapegw.com:6060	ConnectionTimeoutError: Connection timeout to host https://discord.com/api/v9/unique-username/username-attempt-unauthed
2026-09-01 18:31:19	NETWORK	igdh	attempt=1	proxy=http://wiw4v7duaymysz9-session-d000885e2d5f-lifetime-10:***@rp.scrapegw.com:6060	ConnectionTimeoutError: Connection timeout to host https://discord.com/api/v9/unique-username/username-attempt-unauthed
2026-09-01 18:31:19	NETWORK	ifzu	attempt=1	proxy=http://wiw4v7duaymysz9-session-7ef8f5aa663f-lifetime-10:***@rp.scrapegw.com:6060	ConnectionTimeoutError: Connection timeout to host https://discord.com/api/v9/unique-username/username-attempt-unauthed
2026-09-01 18:31:19	NETWORK	igce	attempt=1	proxy=http://wiw4v7duaymysz9-session-ce7165ed6213-lifetime-10:***@rp.scrapegw.com:6060	ConnectionTimeoutError: Connection timeout to host https://discord.com/api/v9/unique-username/username-attempt-unauthed
2026-09-01 18:31:19	NETWORK	igcl	attempt=1	proxy=http://wiw4v7duaymysz9-session-439fbb462319-lifetime-10:***@rp.scrapegw.com:6060	ConnectionTimeoutError: Connection timeout to host https://discord.com/api/v9/unique-username/username-attempt-unauthed
2026-09-01 18:31:19	NETWORK	ihlx	attempt=1	proxy=http://wiw4v7duaymysz9-session-a4512487d630-lifetime-10:***@rp.scrapegw.com:6060	ServerDisconnectedError: Server disconnected
2026-09-01 18:31:20	HTTP_429	ijdg	attempt=1	proxy=http://wiw4v7duaymysz9-session-04b2275758fb-lifetime-10:***@rp.scrapegw.com:6060	scope=shared global=False retry_after=2058.00s
2026-09-01 18:31:20	NETWORK	ihig	attempt=1	proxy=http://wiw4v7duaymysz9-session-684f74b74b03-lifetime-10:***@rp.scrapegw.com:6060	ClientConnectorError: Cannot connect to host discord.com:443 ssl:default [Connection reset by peer]
2026-09-01 18:31:20	NETWORK	iglr	attempt=1	proxy=http://wiw4v7duaymysz9-session-69a464ce8dd5-lifetime-10:***@rp.scrapegw.com:6060	ConnectionTimeoutError: Connection timeout to host https://discord.com/api/v9/unique-username/username-attempt-unauthed
2026-09-01 18:31:20	NETWORK	igfy	attempt=1	proxy=http://wiw4v7duaymysz9-session-596f65d9d5fd-lifetime-10:***@rp.scrapegw.com:6060	ConnectionTimeoutError: Connection timeout to host https://discord.com/api/v9/unique-username/username-attempt-unauthed
2026-09-01 18:31:20	NETWORK	ighs	attempt=1	proxy=http://wiw4v7duaymysz9-session-529239a9d4fb-lifetime-10:***@rp.scrapegw.com:6060	ConnectionTimeoutError: Connection timeout to host https://discord.com/api/v9/unique-username/username-attempt-unauthed
2026-09-01 18:31:20	NETWORK	iggn	attempt=1	proxy=http://wiw4v7duaymysz9-session-88a3a9bc9271-lifetime-10:***@rp.scrapegw.com:6060	ConnectionTimeoutError: Connection timeout to host https://discord.com/api/v9/unique-username/username-attempt-unauthed
2026-09-01 18:31:20	NETWORK	igjw	attempt=1	proxy=http://wiw4v7duaymysz9-session-3cee7b97d26c-lifetime-10:***@rp.scrapegw.com:6060	ConnectionTimeoutError: Connection timeout to host https://discord.com/api/v9/unique-username/username-attempt-unauthed
2026-09-01 18:31:20	NETWORK	iglk	attempt=1	proxy=http://wiw4v7duaymysz9-session-18d18493e1ff-lifetime-10:***@rp.scrapegw.com:6060	ConnectionTimeoutError: Connection timeout to host https://discord.com/api/v9/unique-username/username-attempt-unauthed
2026-09-01 18:31:20	NETWORK	igkq	attempt=1	proxy=http://wiw4v7duaymysz9-session-89a8f8778e06-lifetime-10:***@rp.scrapegw.com:6060	ConnectionTimeoutError: Connection timeout to host https://discord.com/api/v9/unique-username/username-attempt-unauthed
2026-09-01 18:31:20	NETWORK	igjb	attempt=1	proxy=http://wiw4v7duaymysz9-session-8d32711588e2-lifetime-10:***@rp.scrapegw.com:6060	ConnectionTimeoutError: Connection timeout to host https://discord.com/api/v9/unique-username/username-attempt-unauthed
2026-09-01 18:31:20	NETWORK	iggu	attempt=1	proxy=http://wiw4v7duaymysz9-session-c4397fad3ce4-lifetime-10:***@rp.scrapegw.com:6060	ConnectionTimeoutError: Connection timeout to host https://discord.com/api/v9/unique-username/username-attempt-unauthed
2026-09-01 18:31:20	NETWORK	igix	attempt=1	proxy=http://wiw4v7duaymysz9-session-665249cf5647-lifetime-10:***@rp.scrapegw.com:6060	ConnectionTimeoutError: Connection timeout to host https://discord.com/api/v9/unique-username/username-attempt-unauthed
2026-09-01 18:31:20	NETWORK	igis	attempt=1	proxy=http://wiw4v7duaymysz9-session-113b5aa25f69-lifetime-10:***@rp.scrapegw.com:6060	ConnectionTimeoutError: Connection timeout to host https://discord.com/api/v9/unique-username/username-attempt-unauthed
2026-09-01 18:31:20	NETWORK	iggq	attempt=1	proxy=http://wiw4v7duaymysz9-session-75533bf55a81-lifetime-10:***@rp.scrapegw.com:6060	ConnectionTimeoutError: Connection timeout to host https://discord.com/api/v9/unique-username/username-attempt-unauthed
2026-09-01 18:31:20	NETWORK	igkz	attempt=1	proxy=http://wiw4v7duaymysz9-session-89706e6bc67b-lifetime-10:***@rp.scrapegw.com:6060	ConnectionTimeoutError: Connection timeout to host https://discord.com/api/v9/unique-username/username-attempt-unauthed
2026-09-01 18:31:20	NETWORK	ighy	attempt=1	proxy=http://wiw4v7duaymysz9-session-19bbe8e47aed-lifetime-10:***@rp.scrapegw.com:6060	ConnectionTimeoutError: Connection timeout to host https://discord.com/api/v9/unique-username/username-attempt-unauthed
2026-09-01 18:31:20	NETWORK	igka	attempt=1	proxy=http://wiw4v7duaymysz9-session-bf76b10e035a-lifetime-10:***@rp.scrapegw.com:6060	ConnectionTimeoutError: Connection timeout to host https://discord.com/api/v9/unique-username/username-attempt-unauthed
2026-09-01 18:31:20	NETWORK	igls	attempt=1	proxy=http://wiw4v7duaymysz9-session-f68cd681652f-lifetime-10:***@rp.scrapegw.com:6060	ConnectionTimeoutError: Connection timeout to host https://discord.com/api/v9/unique-username/username-attempt-unauthed
2026-09-01 18:31:20	NETWORK	ighj	attempt=1	proxy=http://wiw4v7duaymysz9-session-26f1f0d06333-lifetime-10:***@rp.scrapegw.com:6060	ConnectionTimeoutError: Connection timeout to host https://discord.com/api/v9/unique-username/username-attempt-unauthed
2026-09-01 18:31:20	NETWORK	igkw	attempt=1	proxy=http://wiw4v7duaymysz9-session-28ab29f79b68-lifetime-10:***@rp.scrapegw.com:6060	ConnectionTimeoutError: Connection timeout to host https://discord.com/api/v9/unique-username/username-attempt-unauthed
2026-09-01 18:31:20	NETWORK	igkm	attempt=1	proxy=http://wiw4v7duaymysz9-session-f9c9a576a01f-lifetime-10:***@rp.scrapegw.com:6060	ConnectionTimeoutError: Connection timeout to host https://discord.com/api/v9/unique-username/username-attempt-unauthed
2026-09-01 18:31:20	NETWORK	igjy	attempt=1	proxy=http://wiw4v7duaymysz9-session-f3c19d64fc6d-lifetime-10:***@rp.scrapegw.com:6060	ConnectionTimeoutError: Connection timeout to host https://discord.com/api/v9/unique-username/username-attempt-unauthed
2026-09-01 18:31:20	NETWORK	igjm	attempt=1	proxy=http://wiw4v7duaymysz9-session-0e05a1c73e60-lifetime-10:***@rp.scrapegw.com:6060	ConnectionTimeoutError: Connection timeout to host https://discord.com/api/v9/unique-username/username-attempt-unauthed
2026-09-01 18:31:20	NETWORK	iggv	attempt=1	proxy=http://wiw4v7duaymysz9-session-bbb879b773af-lifetime-10:***@rp.scrapegw.com:6060	ConnectionTimeoutError: Connection timeout to host https://discord.com/api/v9/unique-username/username-attempt-unauthed
2026-09-01 18:31:20	NETWORK	igjh	attempt=1	proxy=http://wiw4v7duaymysz9-session-5c7a2de0e073-lifetime-10:***@rp.scrapegw.com:6060	ConnectionTimeoutError: Connection timeout to host https://discord.com/api/v9/unique-username/username-attempt-unauthed
2026-09-01 18:31:20	NETWORK	ighe	attempt=1	proxy=http://wiw4v7duaymysz9-session-cfbe8ab23d55-lifetime-10:***@rp.scrapegw.com:6060	ConnectionTimeoutError: Connection timeout to host https://discord.com/api/v9/unique-username/username-attempt-unauthed
2026-09-01 18:31:20	NETWORK	ighg	attempt=1	proxy=http://wiw4v7duaymysz9-session-3532e94be5d4-lifetime-10:***@rp.scrapegw.com:6060	ConnectionTimeoutError: Connection timeout to host https://discord.com/api/v9/unique-username/username-attempt-unauthed
2026-09-01 18:31:20	NETWORK	igjo	attempt=1	proxy=http://wiw4v7duaymysz9-session-5a3c3cf07130-lifetime-10:***@rp.scrapegw.com:6060	ConnectionTimeoutError: Connection timeout to host https://discord.com/api/v9/unique-username/username-attempt-unauthed
2026-09-01 18:31:20	NETWORK	iggb	attempt=1	proxy=http://wiw4v7duaymysz9-session-f589a8708a31-lifetime-10:***@rp.scrapegw.com:6060	ConnectionTimeoutError: Connection timeout to host https://discord.com/api/v9/unique-username/username-attempt-unauthed
2026-09-01 18:31:20	NETWORK	igia	attempt=1	proxy=http://wiw4v7duaymysz9-session-a5348dc3c0cb-lifetime-10:***@rp.scrapegw.com:6060	ConnectionTimeoutError: Connection timeout to host https://discord.com/api/v9/unique-username/username-attempt-unauthed
2026-09-01 18:31:20	NETWORK	ighf	attempt=1	proxy=http://wiw4v7duaymysz9-session-4a79608b2700-lifetime-10:***@rp.scrapegw.com:6060	ConnectionTimeoutError: Connection timeout to host https://discord.com/api/v9/unique-username/username-attempt-unauthed
2026-09-01 18:31:20	NETWORK	igkl	attempt=1	proxy=http://wiw4v7duaymysz9-session-c24c7dfa7af1-lifetime-10:***@rp.scrapegw.com:6060	ConnectionTimeoutError: Connection timeout to host https://discord.com/api/v9/unique-username/username-attempt-unauthed
2026-09-01 18:31:20	NETWORK	ighq	attempt=1	proxy=http://wiw4v7duaymysz9-session-5202b8e42f31-lifetime-10:***@rp.scrapegw.com:6060	ConnectionTimeoutError: Connection timeout to host https://discord.com/api/v9/unique-username/username-attempt-unauthed
2026-09-01 18:31:20	NETWORK	ighd	attempt=1	proxy=http://wiw4v7duaymysz9-session-120b3e1fc0bc-lifetime-10:***@rp.scrapegw.com:6060	ConnectionTimeoutError: Connection timeout to host https://discord.com/api/v9/unique-username/username-attempt-unauthed
2026-09-01 18:31:20	NETWORK	ighp	attempt=1	proxy=http://wiw4v7duaymysz9-session-bddbe64786e1-lifetime-10:***@rp.scrapegw.com:6060	ConnectionTimeoutError: Connection timeout to host https://discord.com/api/v9/unique-username/username-attempt-unauthed
2026-09-01 18:31:20	NETWORK	igky	attempt=1	proxy=http://wiw4v7duaymysz9-session-6aecc9adbc16-lifetime-10:***@rp.scrapegw.com:6060	ConnectionTimeoutError: Connection timeout to host https://discord.com/api/v9/unique-username/username-attempt-unauthed
2026-09-01 18:31:20	NETWORK	igjz	attempt=1	proxy=http://wiw4v7duaymysz9-session-9bdcde991913-lifetime-10:***@rp.scrapegw.com:6060	ConnectionTimeoutError: Connection timeout to host https://discord.com/api/v9/unique-username/username-attempt-unauthed
2026-09-01 18:31:21	HTTP_429	ihgg	attempt=1	proxy=http://wiw4v7duaymysz9-session-00316bd0d069-lifetime-10:***@rp.scrapegw.com:6060	scope=shared global=False retry_after=2131.30s
2026-09-01 18:31:21	NETWORK	ihwr	attempt=1	proxy=http://wiw4v7duaymysz9-session-d74291344337-lifetime-10:***@rp.scrapegw.com:6060	ClientConnectorError: Cannot connect to host discord.com:443 ssl:default [Connection reset by peer]
2026-09-01 18:31:21	HTTP_429	ijml	attempt=1	proxy=http://wiw4v7duaymysz9-session-adfa66c74fb1-lifetime-10:***@rp.scrapegw.com:6060	scope=shared global=False retry_after=646.00s
2026-09-01 18:31:21	NETWORK	ihnr	attempt=1	proxy=http://wiw4v7duaymysz9-session-4a6c843dd3dd-lifetime-10:***@rp.scrapegw.com:6060	ClientConnectorError: Cannot connect to host discord.com:443 ssl:default [Connection reset by peer]
2026-09-01 18:31:21	HTTP_429	ihew	attempt=1	proxy=http://wiw4v7duaymysz9-session-dfc7857d8706-lifetime-10:***@rp.scrapegw.com:6060	scope=shared global=False retry_after=395.00s
2026-09-01 18:31:21	HTTP_429	ijle	attempt=1	proxy=http://wiw4v7duaymysz9-session-305f8fb0a1d9-lifetime-10:***@rp.scrapegw.com:6060	scope=shared global=False retry_after=1280.00s
2026-09-01 18:31:21	HTTP_429	ijnv	attempt=1	proxy=http://wiw4v7duaymysz9-session-d49e946659e2-lifetime-10:***@rp.scrapegw.com:6060	scope=shared global=False retry_after=1595.00s
2026-09-01 18:31:21	NETWORK	igrd	attempt=1	proxy=http://wiw4v7duaymysz9-session-c977b7e30ec2-lifetime-10:***@rp.scrapegw.com:6060	ConnectionTimeoutError: Connection timeout to host https://discord.com/api/v9/unique-username/username-attempt-unauthed
2026-09-01 18:31:21	NETWORK	igsc	attempt=1	proxy=http://wiw4v7duaymysz9-session-9fc1a68c8a22-lifetime-10:***@rp.scrapegw.com:6060	ConnectionTimeoutError: Connection timeout to host https://discord.com/api/v9/unique-username/username-attempt-unauthed
2026-09-01 18:31:21	NETWORK	ignt	attempt=1	proxy=http://wiw4v7duaymysz9-session-c0e4bb7efb62-lifetime-10:***@rp.scrapegw.com:6060	ConnectionTimeoutError: Connection timeout to host https://discord.com/api/v9/unique-username/username-attempt-unauthed
2026-09-01 18:31:21	NETWORK	igsb	attempt=1	proxy=http://wiw4v7duaymysz9-session-4331df554cc5-lifetime-10:***@rp.scrapegw.com:6060	ConnectionTimeoutError: Connection timeout to host https://discord.com/api/v9/unique-username/username-attempt-unauthed
2026-09-01 18:31:21	NETWORK	igow	attempt=1	proxy=http://wiw4v7duaymysz9-session-efb1541a1c10-lifetime-10:***@rp.scrapegw.com:6060	ConnectionTimeoutError: Connection timeout to host https://discord.com/api/v9/unique-username/username-attempt-unauthed
2026-09-01 18:31:21	NETWORK	igon	attempt=1	proxy=http://wiw4v7duaymysz9-session-5b735710ca95-lifetime-10:***@rp.scrapegw.com:6060	ConnectionTimeoutError: Connection timeout to host https://discord.com/api/v9/unique-username/username-attempt-unauthed
2026-09-01 18:31:21	NETWORK	igrg	attempt=1	proxy=http://wiw4v7duaymysz9-session-e2dab280303d-lifetime-10:***@rp.scrapegw.com:6060	ConnectionTimeoutError: Connection timeout to host https://discord.com/api/v9/unique-username/username-attempt-unauthed
2026-09-01 18:31:21	NETWORK	iglx	attempt=1	proxy=http://wiw4v7duaymysz9-session-8722ccd89208-lifetime-10:***@rp.scrapegw.com:6060	ConnectionTimeoutError: Connection timeout to host https://discord.com/api/v9/unique-username/username-attempt-unauthed
2026-09-01 18:31:21	NETWORK	igol	attempt=1	proxy=http://wiw4v7duaymysz9-session-3130068e4d9b-lifetime-10:***@rp.scrapegw.com:6060	ConnectionTimeoutError: Connection timeout to host https://discord.com/api/v9/unique-username/username-attempt-unauthed
2026-09-01 18:31:21	NETWORK	igqm	attempt=1	proxy=http://wiw4v7duaymysz9-session-6a8709ad0bc9-lifetime-10:***@rp.scrapegw.com:6060	ConnectionTimeoutError: Connection timeout to host https://discord.com/api/v9/unique-username/username-attempt-unauthed
2026-09-01 18:31:21	NETWORK	igpj	attempt=1	proxy=http://wiw4v7duaymysz9-session-bee6d9fc128d-lifetime-10:***@rp.scrapegw.com:6060	ConnectionTimeoutError: Connection timeout to host https://discord.com/api/v9/unique-username/username-attempt-unauthed
2026-09-01 18:31:21	NETWORK	igrx	attempt=1	proxy=http://wiw4v7duaymysz9-session-d8038a3e4b5a-lifetime-10:***@rp.scrapegw.com:6060	ConnectionTimeoutError: Connection timeout to host https://discord.com/api/v9/unique-username/username-attempt-unauthed
2026-09-01 18:31:21	NETWORK	igqd	attempt=1	proxy=http://wiw4v7duaymysz9-session-8e1460b34bbc-lifetime-10:***@rp.scrapegw.com:6060	ConnectionTimeoutError: Connection timeout to host https://discord.com/api/v9/unique-username/username-attempt-unauthed
2026-09-01 18:31:21	NETWORK	igmu	attempt=1	proxy=http://wiw4v7duaymysz9-session-b6b8b5aa8b40-lifetime-10:***@rp.scrapegw.com:6060	ConnectionTimeoutError: Connection timeout to host https://discord.com/api/v9/unique-username/username-attempt-unauthed
2026-09-01 18:31:21	NETWORK	igrh	attempt=1	proxy=http://wiw4v7duaymysz9-session-cc617f5b4623-lifetime-10:***@rp.scrapegw.com:6060	ConnectionTimeoutError: Connection timeout to host https://discord.com/api/v9/unique-username/username-attempt-unauthed
2026-09-01 18:31:21	NETWORK	igqr	attempt=1	proxy=http://wiw4v7duaymysz9-session-e6087a3e342b-lifetime-10:***@rp.scrapegw.com:6060	ConnectionTimeoutError: Connection timeout to host https://discord.com/api/v9/unique-username/username-attempt-unauthed
2026-09-01 18:31:21	NETWORK	igly	attempt=1	proxy=http://wiw4v7duaymysz9-session-d2d1bcd64ab7-lifetime-10:***@rp.scrapegw.com:6060	ConnectionTimeoutError: Connection timeout to host https://discord.com/api/v9/unique-username/username-attempt-unauthed
2026-09-01 18:31:21	NETWORK	igng	attempt=1	proxy=http://wiw4v7duaymysz9-session-356fbda5432f-lifetime-10:***@rp.scrapegw.com:6060	ConnectionTimeoutError: Connection timeout to host https://discord.com/api/v9/unique-username/username-attempt-unauthed
2026-09-01 18:31:21	NETWORK	igqx	attempt=1	proxy=http://wiw4v7duaymysz9-session-b54c5ad866fb-lifetime-10:***@rp.scrapegw.com:6060	ConnectionTimeoutError: Connection timeout to host https://discord.com/api/v9/unique-username/username-attempt-unauthed
2026-09-01 18:31:21	NETWORK	igsr	attempt=1	proxy=http://wiw4v7duaymysz9-session-fc8cfc0aa169-lifetime-10:***@rp.scrapegw.com:6060	ConnectionTimeoutError: Connection timeout to host https://discord.com/api/v9/unique-username/username-attempt-unauthed
2026-09-01 18:31:21	NETWORK	igmk	attempt=1	proxy=http://wiw4v7duaymysz9-session-3fffa63d464c-lifetime-10:***@rp.scrapegw.com:6060	ConnectionTimeoutError: Connection timeout to host https://discord.com/api/v9/unique-username/username-attempt-unauthed
2026-09-01 18:31:21	NETWORK	iglw	attempt=1	proxy=http://wiw4v7duaymysz9-session-ef04e1ab89b4-lifetime-10:***@rp.scrapegw.com:6060	ConnectionTimeoutError: Connection timeout to host https://discord.com/api/v9/unique-username/username-attempt-unauthed
2026-09-01 18:31:21	NETWORK	ignr	attempt=1	proxy=http://wiw4v7duaymysz9-session-8701f31f549e-lifetime-10:***@rp.scrapegw.com:6060	ConnectionTimeoutError: Connection timeout to host https://discord.com/api/v9/unique-username/username-attempt-unauthed
2026-09-01 18:31:21	NETWORK	ignc	attempt=1	proxy=http://wiw4v7duaymysz9-session-2a36f5e5eeec-lifetime-10:***@rp.scrapegw.com:6060	ConnectionTimeoutError: Connection timeout to host https://discord.com/api/v9/unique-username/username-attempt-unauthed
2026-09-01 18:31:21	NETWORK	ignd	attempt=1	proxy=http://wiw4v7duaymysz9-session-26751fdc5ae4-lifetime-10:***@rp.scrapegw.com:6060	ConnectionTimeoutError: Connection timeout to host https://discord.com/api/v9/unique-username/username-attempt-unauthed
2026-09-01 18:31:21	NETWORK	ignw	attempt=1	proxy=http://wiw4v7duaymysz9-session-615d383ea92b-lifetime-10:***@rp.scrapegw.com:6060	ConnectionTimeoutError: Connection timeout to host https://discord.com/api/v9/unique-username/username-attempt-unauthed
2026-09-01 18:31:21	NETWORK	igrp	attempt=1	proxy=http://wiw4v7duaymysz9-session-2ce3acd0a0dc-lifetime-10:***@rp.scrapegw.com:6060	ConnectionTimeoutError: Connection timeout to host https://discord.com/api/v9/unique-username/username-attempt-unauthed
2026-09-01 18:31:21	NETWORK	igsd	attempt=1	proxy=http://wiw4v7duaymysz9-session-438a2488893e-lifetime-10:***@rp.scrapegw.com:6060	ConnectionTimeoutError: Connection timeout to host https://discord.com/api/v9/unique-username/username-attempt-unauthed
2026-09-01 18:31:21	NETWORK	igqs	attempt=1	proxy=http://wiw4v7duaymysz9-session-28041ef5a53e-lifetime-10:***@rp.scrapegw.com:6060	ConnectionTimeoutError: Connection timeout to host https://discord.com/api/v9/unique-username/username-attempt-unauthed
2026-09-01 18:31:21	NETWORK	igre	attempt=1	proxy=http://wiw4v7duaymysz9-session-6d321122e546-lifetime-10:***@rp.scrapegw.com:6060	ConnectionTimeoutError: Connection timeout to host https://discord.com/api/v9/unique-username/username-attempt-unauthed
2026-09-01 18:31:21	NETWORK	igmj	attempt=1	proxy=http://wiw4v7duaymysz9-session-2e2e514b5a8b-lifetime-10:***@rp.scrapegw.com:6060	ConnectionTimeoutError: Connection timeout to host https://discord.com/api/v9/unique-username/username-attempt-unauthed
2026-09-01 18:31:21	NETWORK	igmn	attempt=1	proxy=http://wiw4v7duaymysz9-session-d96c470bdada-lifetime-10:***@rp.scrapegw.com:6060	ConnectionTimeoutError: Connection timeout to host https://discord.com/api/v9/unique-username/username-attempt-unauthed
2026-09-01 18:31:21	NETWORK	igpr	attempt=1	proxy=http://wiw4v7duaymysz9-session-4a3ab9ee63de-lifetime-10:***@rp.scrapegw.com:6060	ConnectionTimeoutError: Connection timeout to host https://discord.com/api/v9/unique-username/username-attempt-unauthed
2026-09-01 18:31:21	NETWORK	ignk	attempt=1	proxy=http://wiw4v7duaymysz9-session-4719ce3a5282-lifetime-10:***@rp.scrapegw.com:6060	ConnectionTimeoutError: Connection timeout to host https://discord.com/api/v9/unique-username/username-attempt-unauthed
2026-09-01 18:31:21	NETWORK	igrr	attempt=1	proxy=http://wiw4v7duaymysz9-session-b0d7904f2ad1-lifetime-10:***@rp.scrapegw.com:6060	ConnectionTimeoutError: Connection timeout to host https://discord.com/api/v9/unique-username/username-attempt-unauthed
2026-09-01 18:31:22	HTTP_429	ijpz	attempt=1	proxy=http://wiw4v7duaymysz9-session-ff018786ca7d-lifetime-10:***@rp.scrapegw.com:6060	scope=shared global=False retry_after=2051.00s
2026-09-01 18:31:22	HTTP_429	ijqt	attempt=1	proxy=http://wiw4v7duaymysz9-session-09198515aec2-lifetime-10:***@rp.scrapegw.com:6060	scope=shared global=False retry_after=449.00s
2026-09-01 18:31:22	NETWORK	ihjn	attempt=1	proxy=http://wiw4v7duaymysz9-session-175fa68950ba-lifetime-10:***@rp.scrapegw.com:6060	ClientConnectorError: Cannot connect to host discord.com:443 ssl:default [Connection reset by peer]
2026-09-01 18:31:22	HTTP_429	ijsq	attempt=1	proxy=http://wiw4v7duaymysz9-session-2b6174ad37c7-lifetime-10:***@rp.scrapegw.com:6060	scope=shared global=False retry_after=2049.00s
2026-09-01 18:31:22	HTTP_429	ijtp	attempt=1	proxy=http://wiw4v7duaymysz9-session-f20a965fdffb-lifetime-10:***@rp.scrapegw.com:6060	scope=shared global=False retry_after=2054.00s
2026-09-01 18:31:22	NETWORK	ihjs	attempt=1	proxy=http://wiw4v7duaymysz9-session-543c026f9a17-lifetime-10:***@rp.scrapegw.com:6060	ClientConnectorError: Cannot connect to host discord.com:443 ssl:default [None]
2026-09-01 18:31:22	NETWORK	igzn	attempt=1	proxy=http://wiw4v7duaymysz9-session-da254df2734e-lifetime-10:***@rp.scrapegw.com:6060	ConnectionTimeoutError: Connection timeout to host https://discord.com/api/v9/unique-username/username-attempt-unauthed
2026-09-01 18:31:22	NETWORK	igyr	attempt=1	proxy=http://wiw4v7duaymysz9-session-3f0d4ffcf940-lifetime-10:***@rp.scrapegw.com:6060	ConnectionTimeoutError: Connection timeout to host https://discord.com/api/v9/unique-username/username-attempt-unauthed
2026-09-01 18:31:22	NETWORK	igzf	attempt=1	proxy=http://wiw4v7duaymysz9-session-35aecb9f9307-lifetime-10:***@rp.scrapegw.com:6060	ConnectionTimeoutError: Connection timeout to host https://discord.com/api/v9/unique-username/username-attempt-unauthed
2026-09-01 18:31:22	NETWORK	igym	attempt=1	proxy=http://wiw4v7duaymysz9-session-804139b1d882-lifetime-10:***@rp.scrapegw.com:6060	ConnectionTimeoutError: Connection timeout to host https://discord.com/api/v9/unique-username/username-attempt-unauthed
2026-09-01 18:31:22	NETWORK	igxs	attempt=1	proxy=http://wiw4v7duaymysz9-session-1b1d68c7cebd-lifetime-10:***@rp.scrapegw.com:6060	ConnectionTimeoutError: Connection timeout to host https://discord.com/api/v9/unique-username/username-attempt-unauthed
2026-09-01 18:31:22	NETWORK	igyq	attempt=1	proxy=http://wiw4v7duaymysz9-session-541df8382407-lifetime-10:***@rp.scrapegw.com:6060	ConnectionTimeoutError: Connection timeout to host https://discord.com/api/v9/unique-username/username-attempt-unauthed
2026-09-01 18:31:22	NETWORK	igyd	attempt=1	proxy=http://wiw4v7duaymysz9-session-2dbd23ce0fff-lifetime-10:***@rp.scrapegw.com:6060	ConnectionTimeoutError: Connection timeout to host https://discord.com/api/v9/unique-username/username-attempt-unauthed
2026-09-01 18:31:22	NETWORK	igzb	attempt=1	proxy=http://wiw4v7duaymysz9-session-bedc7bbc46c1-lifetime-10:***@rp.scrapegw.com:6060	ConnectionTimeoutError: Connection timeout to host https://discord.com/api/v9/unique-username/username-attempt-unauthed
2026-09-01 18:31:22	NETWORK	igzd	attempt=1	proxy=http://wiw4v7duaymysz9-session-58e482bba958-lifetime-10:***@rp.scrapegw.com:6060	ConnectionTimeoutError: Connection timeout to host https://discord.com/api/v9/unique-username/username-attempt-unauthed
2026-09-01 18:31:22	NETWORK	igzm	attempt=1	proxy=http://wiw4v7duaymysz9-session-d68916df2f13-lifetime-10:***@rp.scrapegw.com:6060	ConnectionTimeoutError: Connection timeout to host https://discord.com/api/v9/unique-username/username-attempt-unauthed
2026-09-01 18:31:22	NETWORK	igxo	attempt=1	proxy=http://wiw4v7duaymysz9-session-a9adc8439ac8-lifetime-10:***@rp.scrapegw.com:6060	ConnectionTimeoutError: Connection timeout to host https://discord.com/api/v9/unique-username/username-attempt-unauthed
2026-09-01 18:31:22	NETWORK	igva	attempt=1	proxy=http://wiw4v7duaymysz9-session-c57a15aa4ffa-lifetime-10:***@rp.scrapegw.com:6060	ConnectionTimeoutError: Connection timeout to host https://discord.com/api/v9/unique-username/username-attempt-unauthed
2026-09-01 18:31:22	NETWORK	iguv	attempt=1	proxy=http://wiw4v7duaymysz9-session-5bf682b41b6e-lifetime-10:***@rp.scrapegw.com:6060	ConnectionTimeoutError: Connection timeout to host https://discord.com/api/v9/unique-username/username-attempt-unauthed
2026-09-01 18:31:22	NETWORK	iguo	attempt=1	proxy=http://wiw4v7duaymysz9-session-fc73fb2caf23-lifetime-10:***@rp.scrapegw.com:6060	ConnectionTimeoutError: Connection timeout to host https://discord.com/api/v9/unique-username/username-attempt-unauthed
2026-09-01 18:31:22	NETWORK	igyf	attempt=1	proxy=http://wiw4v7duaymysz9-session-b2aa669ebfe3-lifetime-10:***@rp.scrapegw.com:6060	ConnectionTimeoutError: Connection timeout to host https://discord.com/api/v9/unique-username/username-attempt-unauthed
2026-09-01 18:31:22	NETWORK	igup	attempt=1	proxy=http://wiw4v7duaymysz9-session-4d7eb4fedd4a-lifetime-10:***@rp.scrapegw.com:6060	ConnectionTimeoutError: Connection timeout to host https://discord.com/api/v9/unique-username/username-attempt-unauthed
2026-09-01 18:31:22	NETWORK	igun	attempt=1	proxy=http://wiw4v7duaymysz9-session-93bc04e4436c-lifetime-10:***@rp.scrapegw.com:6060	ConnectionTimeoutError: Connection timeout to host https://discord.com/api/v9/unique-username/username-attempt-unauthed
2026-09-01 18:31:22	NETWORK	igtu	attempt=1	proxy=http://wiw4v7duaymysz9-session-5aeae0c9f488-lifetime-10:***@rp.scrapegw.com:6060	ConnectionTimeoutError: Connection timeout to host https://discord.com/api/v9/unique-username/username-attempt-unauthed
2026-09-01 18:31:22	NETWORK	igtr	attempt=1	proxy=http://wiw4v7duaymysz9-session-715f8e46eed8-lifetime-10:***@rp.scrapegw.com:6060	ConnectionTimeoutError: Connection timeout to host https://discord.com/api/v9/unique-username/username-attempt-unauthed
2026-09-01 18:31:22	NETWORK	igtn	attempt=1	proxy=http://wiw4v7duaymysz9-session-8bcb0a33e095-lifetime-10:***@rp.scrapegw.com:6060	ConnectionTimeoutError: Connection timeout to host https://discord.com/api/v9/unique-username/username-attempt-unauthed
2026-09-01 18:31:22	NETWORK	igtj	attempt=1	proxy=http://wiw4v7duaymysz9-session-ffcb59f1c8f5-lifetime-10:***@rp.scrapegw.com:6060	ConnectionTimeoutError: Connection timeout to host https://discord.com/api/v9/unique-username/username-attempt-unauthed
2026-09-01 18:31:22	NETWORK	igtf	attempt=1	proxy=http://wiw4v7duaymysz9-session-8341f0ec9fa3-lifetime-10:***@rp.scrapegw.com:6060	ConnectionTimeoutError: Connection timeout to host https://discord.com/api/v9/unique-username/username-attempt-unauthed
2026-09-01 18:31:22	NETWORK	igys	attempt=1	proxy=http://wiw4v7duaymysz9-session-9579e5de3b27-lifetime-10:***@rp.scrapegw.com:6060	ConnectionTimeoutError: Connection timeout to host https://discord.com/api/v9/unique-username/username-attempt-unauthed
2026-09-01 18:31:22	NETWORK	igwn	attempt=1	proxy=http://wiw4v7duaymysz9-session-770e789efc74-lifetime-10:***@rp.scrapegw.com:6060	ConnectionTimeoutError: Connection timeout to host https://discord.com/api/v9/unique-username/username-attempt-unauthed
2026-09-01 18:31:22	NETWORK	igyu	attempt=1	proxy=http://wiw4v7duaymysz9-session-fa0ea37222a6-lifetime-10:***@rp.scrapegw.com:6060	ConnectionTimeoutError: Connection timeout to host https://discord.com/api/v9/unique-username/username-attempt-unauthed
2026-09-01 18:31:22	NETWORK	igxy	attempt=1	proxy=http://wiw4v7duaymysz9-session-338ef69f64ea-lifetime-10:***@rp.scrapegw.com:6060	ConnectionTimeoutError: Connection timeout to host https://discord.com/api/v9/unique-username/username-attempt-unauthed
2026-09-01 18:31:22	NETWORK	igxt	attempt=1	proxy=http://wiw4v7duaymysz9-session-8ccdd46b43c9-lifetime-10:***@rp.scrapegw.com:6060	ConnectionTimeoutError: Connection timeout to host https://discord.com/api/v9/unique-username/username-attempt-unauthed
2026-09-01 18:31:22	NETWORK	igxq	attempt=1	proxy=http://wiw4v7duaymysz9-session-5ee2b9eaa35e-lifetime-10:***@rp.scrapegw.com:6060	ConnectionTimeoutError: Connection timeout to host https://discord.com/api/v9/unique-username/username-attempt-unauthed
2026-09-01 18:31:22	NETWORK	igyj	attempt=1	proxy=http://wiw4v7duaymysz9-session-237603fe63f3-lifetime-10:***@rp.scrapegw.com:6060	ConnectionTimeoutError: Connection timeout to host https://discord.com/api/v9/unique-username/username-attempt-unauthed
2026-09-01 18:31:22	NETWORK	igxp	attempt=1	proxy=http://wiw4v7duaymysz9-session-83c72b44a3ed-lifetime-10:***@rp.scrapegw.com:6060	ConnectionTimeoutError: Connection timeout to host https://discord.com/api/v9/unique-username/username-attempt-unauthed
2026-09-01 18:31:22	NETWORK	igvm	attempt=1	proxy=http://wiw4v7duaymysz9-session-d34c32001bbf-lifetime-10:***@rp.scrapegw.com:6060	ConnectionTimeoutError: Connection timeout to host https://discord.com/api/v9/unique-username/username-attempt-unauthed
2026-09-01 18:31:22	NETWORK	igwp	attempt=1	proxy=http://wiw4v7duaymysz9-session-16cd1b186cba-lifetime-10:***@rp.scrapegw.com:6060	ConnectionTimeoutError: Connection timeout to host https://discord.com/api/v9/unique-username/username-attempt-unauthed
2026-09-01 18:31:22	NETWORK	igum	attempt=1	proxy=http://wiw4v7duaymysz9-session-d03dc0517a37-lifetime-10:***@rp.scrapegw.com:6060	ConnectionTimeoutError: Connection timeout to host https://discord.com/api/v9/unique-username/username-attempt-unauthed
2026-09-01 18:31:22	NETWORK	iguk	attempt=1	proxy=http://wiw4v7duaymysz9-session-3c8bf3c4e39b-lifetime-10:***@rp.scrapegw.com:6060	ConnectionTimeoutError: Connection timeout to host https://discord.com/api/v9/unique-username/username-attempt-unauthed
2026-09-01 18:31:22	NETWORK	igtx	attempt=1	proxy=http://wiw4v7duaymysz9-session-94db5b7b1f0e-lifetime-10:***@rp.scrapegw.com:6060	ConnectionTimeoutError: Connection timeout to host https://discord.com/api/v9/unique-username/username-attempt-unauthed
2026-09-01 18:31:22	NETWORK	igyo	attempt=1	proxy=http://wiw4v7duaymysz9-session-e892fb2e4493-lifetime-10:***@rp.scrapegw.com:6060	ConnectionTimeoutError: Connection timeout to host https://discord.com/api/v9/unique-username/username-attempt-unauthed
2026-09-01 18:31:22	NETWORK	igtd	attempt=1	proxy=http://wiw4v7duaymysz9-session-ba425cee0b2a-lifetime-10:***@rp.scrapegw.com:6060	ConnectionTimeoutError: Connection timeout to host https://discord.com/api/v9/unique-username/username-attempt-unauthed
2026-09-01 18:31:22	HTTP_429	ijus	attempt=1	proxy=http://wiw4v7duaymysz9-session-f2c652bca573-lifetime-10:***@rp.scrapegw.com:6060	scope=shared global=False retry_after=2049.00s
2026-09-01 18:31:22	HTTP_429	ihwo	attempt=1	proxy=http://wiw4v7duaymysz9-session-88bef620676b-lifetime-10:***@rp.scrapegw.com:6060	scope=shared global=False retry_after=1633.00s
2026-09-01 18:31:23	HTTP_429	ijxi	attempt=1	proxy=http://wiw4v7duaymysz9-session-aacca8dcd0f9-lifetime-10:***@rp.scrapegw.com:6060	scope=shared global=False retry_after=1024.00s
2026-09-01 18:31:23	HTTP_429	ijwp	attempt=1	proxy=http://wiw4v7duaymysz9-session-ce641f9a61f2-lifetime-10:***@rp.scrapegw.com:6060	scope=shared global=False retry_after=1010.00s
2026-09-01 18:31:23	NETWORK	iikl	attempt=1	proxy=http://wiw4v7duaymysz9-session-ffcb59f1c8f5-lifetime-10:***@rp.scrapegw.com:6060	ClientConnectorError: Cannot connect to host discord.com:443 ssl:default [Connection reset by peer]
2026-09-01 18:31:23	NETWORK	iifz	attempt=1	proxy=http://wiw4v7duaymysz9-session-2913bc016927-lifetime-10:***@rp.scrapegw.com:6060	ClientConnectorError: Cannot connect to host discord.com:443 ssl:default [Connection reset by peer]
2026-09-01 18:31:23	NETWORK	ihec	attempt=1	proxy=http://wiw4v7duaymysz9-session-03f4ac88687d-lifetime-10:***@rp.scrapegw.com:6060	ConnectionTimeoutError: Connection timeout to host https://discord.com/api/v9/unique-username/username-attempt-unauthed
2026-09-01 18:31:23	NETWORK	ihdi	attempt=1	proxy=http://wiw4v7duaymysz9-session-8dd627da96c9-lifetime-10:***@rp.scrapegw.com:6060	ConnectionTimeoutError: Connection timeout to host https://discord.com/api/v9/unique-username/username-attempt-unauthed
2026-09-01 18:31:23	NETWORK	ihdw	attempt=1	proxy=http://wiw4v7duaymysz9-session-1cd7ce0fa9bf-lifetime-10:***@rp.scrapegw.com:6060	ConnectionTimeoutError: Connection timeout to host https://discord.com/api/v9/unique-username/username-attempt-unauthed
2026-09-01 18:31:23	NETWORK	ihbk	attempt=1	proxy=http://wiw4v7duaymysz9-session-74d473db3a70-lifetime-10:***@rp.scrapegw.com:6060	ConnectionTimeoutError: Connection timeout to host https://discord.com/api/v9/unique-username/username-attempt-unauthed
2026-09-01 18:31:23	NETWORK	ihal	attempt=1	proxy=http://wiw4v7duaymysz9-session-317374d72832-lifetime-10:***@rp.scrapegw.com:6060	ConnectionTimeoutError: Connection timeout to host https://discord.com/api/v9/unique-username/username-attempt-unauthed
2026-09-01 18:31:23	NETWORK	ihck	attempt=1	proxy=http://wiw4v7duaymysz9-session-38d3f28f25f1-lifetime-10:***@rp.scrapegw.com:6060	ConnectionTimeoutError: Connection timeout to host https://discord.com/api/v9/unique-username/username-attempt-unauthed
2026-09-01 18:31:23	NETWORK	ihby	attempt=1	proxy=http://wiw4v7duaymysz9-session-bae2490e630c-lifetime-10:***@rp.scrapegw.com:6060	ConnectionTimeoutError: Connection timeout to host https://discord.com/api/v9/unique-username/username-attempt-unauthed
2026-09-01 18:31:23	NETWORK	ihhn	attempt=1	proxy=http://wiw4v7duaymysz9-session-d70a592981d5-lifetime-10:***@rp.scrapegw.com:6060	ConnectionTimeoutError: Connection timeout to host https://discord.com/api/v9/unique-username/username-attempt-unauthed
2026-09-01 18:31:23	NETWORK	ihib	attempt=1	proxy=http://wiw4v7duaymysz9-session-c8bcb2104328-lifetime-10:***@rp.scrapegw.com:6060	ConnectionTimeoutError: Connection timeout to host https://discord.com/api/v9/unique-username/username-attempt-unauthed
2026-09-01 18:31:23	NETWORK	ihhk	attempt=1	proxy=http://wiw4v7duaymysz9-session-b1583ac9f677-lifetime-10:***@rp.scrapegw.com:6060	ConnectionTimeoutError: Connection timeout to host https://discord.com/api/v9/unique-username/username-attempt-unauthed
2026-09-01 18:31:23	NETWORK	ihir	attempt=1	proxy=http://wiw4v7duaymysz9-session-3714eb2e8fa8-lifetime-10:***@rp.scrapegw.com:6060	ConnectionTimeoutError: Connection timeout to host https://discord.com/api/v9/unique-username/username-attempt-unauthed
2026-09-01 18:31:23	NETWORK	ihge	attempt=1	proxy=http://wiw4v7duaymysz9-session-57b092efb327-lifetime-10:***@rp.scrapegw.com:6060	ConnectionTimeoutError: Connection timeout to host https://discord.com/api/v9/unique-username/username-attempt-unauthed
2026-09-01 18:31:23	NETWORK	ihgb	attempt=1	proxy=http://wiw4v7duaymysz9-session-8ee74df76602-lifetime-10:***@rp.scrapegw.com:6060	ConnectionTimeoutError: Connection timeout to host https://discord.com/api/v9/unique-username/username-attempt-unauthed
2026-09-01 18:31:23	NETWORK	ihfl	attempt=1	proxy=http://wiw4v7duaymysz9-session-2c0cb45ad6f1-lifetime-10:***@rp.scrapegw.com:6060	ConnectionTimeoutError: Connection timeout to host https://discord.com/api/v9/unique-username/username-attempt-unauthed
2026-09-01 18:31:23	NETWORK	ihiq	attempt=1	proxy=http://wiw4v7duaymysz9-session-e38fa8141b7d-lifetime-10:***@rp.scrapegw.com:6060	ConnectionTimeoutError: Connection timeout to host https://discord.com/api/v9/unique-username/username-attempt-unauthed
2026-09-01 18:31:23	NETWORK	ihfb	attempt=1	proxy=http://wiw4v7duaymysz9-session-c770c48183b2-lifetime-10:***@rp.scrapegw.com:6060	ConnectionTimeoutError: Connection timeout to host https://discord.com/api/v9/unique-username/username-attempt-unauthed
2026-09-01 18:31:23	NETWORK	ihgx	attempt=1	proxy=http://wiw4v7duaymysz9-session-22257f48b5f4-lifetime-10:***@rp.scrapegw.com:6060	ConnectionTimeoutError: Connection timeout to host https://discord.com/api/v9/unique-username/username-attempt-unauthed
2026-09-01 18:31:23	NETWORK	ihgs	attempt=1	proxy=http://wiw4v7duaymysz9-session-79949ba33a93-lifetime-10:***@rp.scrapegw.com:6060	ConnectionTimeoutError: Connection timeout to host https://discord.com/api/v9/unique-username/username-attempt-unauthed
2026-09-01 18:31:23	NETWORK	iheu	attempt=1	proxy=http://wiw4v7duaymysz9-session-4a98ef1e4acd-lifetime-10:***@rp.scrapegw.com:6060	ConnectionTimeoutError: Connection timeout to host https://discord.com/api/v9/unique-username/username-attempt-unauthed
2026-09-01 18:31:23	NETWORK	ihfe	attempt=1	proxy=http://wiw4v7duaymysz9-session-3293735ab7c2-lifetime-10:***@rp.scrapegw.com:6060	ConnectionTimeoutError: Connection timeout to host https://discord.com/api/v9/unique-username/username-attempt-unauthed
2026-09-01 18:31:23	NETWORK	ihfc	attempt=1	proxy=http://wiw4v7duaymysz9-session-4ea6e67232e4-lifetime-10:***@rp.scrapegw.com:6060	ConnectionTimeoutError: Connection timeout to host https://discord.com/api/v9/unique-username/username-attempt-unauthed
2026-09-01 18:31:23	NETWORK	ihgh	attempt=1	proxy=http://wiw4v7duaymysz9-session-a4a1eee9a6a7-lifetime-10:***@rp.scrapegw.com:6060	ConnectionTimeoutError: Connection timeout to host https://discord.com/api/v9/unique-username/username-attempt-unauthed
2026-09-01 18:31:23	NETWORK	ihia	attempt=1	proxy=http://wiw4v7duaymysz9-session-eaf50b5aacc4-lifetime-10:***@rp.scrapegw.com:6060	ConnectionTimeoutError: Connection timeout to host https://discord.com/api/v9/unique-username/username-attempt-unauthed
2026-09-01 18:31:23	NETWORK	ihff	attempt=1	proxy=http://wiw4v7duaymysz9-session-1b9ca49ed46d-lifetime-10:***@rp.scrapegw.com:6060	ConnectionTimeoutError: Connection timeout to host https://discord.com/api/v9/unique-username/username-attempt-unauthed
2026-09-01 18:31:23	NETWORK	ihie	attempt=1	proxy=http://wiw4v7duaymysz9-session-f75cdf482754-lifetime-10:***@rp.scrapegw.com:6060	ConnectionTimeoutError: Connection timeout to host https://discord.com/api/v9/unique-username/username-attempt-unauthed
2026-09-01 18:31:23	NETWORK	ihbf	attempt=1	proxy=http://wiw4v7duaymysz9-session-491ef1243390-lifetime-10:***@rp.scrapegw.com:6060	ConnectionTimeoutError: Connection timeout to host https://discord.com/api/v9/unique-username/username-attempt-unauthed
2026-09-01 18:31:23	NETWORK	ihbc	attempt=1	proxy=http://wiw4v7duaymysz9-session-c50a59321ea0-lifetime-10:***@rp.scrapegw.com:6060	ConnectionTimeoutError: Connection timeout to host https://discord.com/api/v9/unique-username/username-attempt-unauthed
2026-09-01 18:31:23	NETWORK	ihbw	attempt=1	proxy=http://wiw4v7duaymysz9-session-7c1ab7da1971-lifetime-10:***@rp.scrapegw.com:6060	ConnectionTimeoutError: Connection timeout to host https://discord.com/api/v9/unique-username/username-attempt-unauthed
2026-09-01 18:31:23	NETWORK	ihco	attempt=1	proxy=http://wiw4v7duaymysz9-session-1c13683d5185-lifetime-10:***@rp.scrapegw.com:6060	ConnectionTimeoutError: Connection timeout to host https://discord.com/api/v9/unique-username/username-attempt-unauthed
2026-09-01 18:31:23	NETWORK	ihcs	attempt=1	proxy=http://wiw4v7duaymysz9-session-f59ac6b0797b-lifetime-10:***@rp.scrapegw.com:6060	ConnectionTimeoutError: Connection timeout to host https://discord.com/api/v9/unique-username/username-attempt-unauthed
2026-09-01 18:31:23	NETWORK	ihda	attempt=1	proxy=http://wiw4v7duaymysz9-session-69054d72bdf9-lifetime-10:***@rp.scrapegw.com:6060	ConnectionTimeoutError: Connection timeout to host https://discord.com/api/v9/unique-username/username-attempt-unauthed
2026-09-01 18:31:23	NETWORK	ihdb	attempt=1	proxy=http://wiw4v7duaymysz9-session-bd087dc84e35-lifetime-10:***@rp.scrapegw.com:6060	ConnectionTimeoutError: Connection timeout to host https://discord.com/api/v9/unique-username/username-attempt-unauthed
2026-09-01 18:31:23	NETWORK	ihip	attempt=1	proxy=http://wiw4v7duaymysz9-session-ab567ba6c154-lifetime-10:***@rp.scrapegw.com:6060	ConnectionTimeoutError: Connection timeout to host https://discord.com/api/v9/unique-username/username-attempt-unauthed
2026-09-01 18:31:23	NETWORK	ihii	attempt=1	proxy=http://wiw4v7duaymysz9-session-10b96a8d1d1a-lifetime-10:***@rp.scrapegw.com:6060	ConnectionTimeoutError: Connection timeout to host https://discord.com/api/v9/unique-username/username-attempt-unauthed
2026-09-01 18:31:23	NETWORK	ihhm	attempt=1	proxy=http://wiw4v7duaymysz9-session-0e4eaf72de5e-lifetime-10:***@rp.scrapegw.com:6060	ConnectionTimeoutError: Connection timeout to host https://discord.com/api/v9/unique-username/username-attempt-unauthed
2026-09-01 18:31:23	NETWORK	ihgj	attempt=1	proxy=http://wiw4v7duaymysz9-session-a2c7008fe31c-lifetime-10:***@rp.scrapegw.com:6060	ConnectionTimeoutError: Connection timeout to host https://discord.com/api/v9/unique-username/username-attempt-unauthed
2026-09-01 18:31:23	NETWORK	ihhi	attempt=1	proxy=http://wiw4v7duaymysz9-session-86bd4615fdc1-lifetime-10:***@rp.scrapegw.com:6060	ConnectionTimeoutError: Connection timeout to host https://discord.com/api/v9/unique-username/username-attempt-unauthed
2026-09-01 18:31:23	NETWORK	ihgo	attempt=1	proxy=http://wiw4v7duaymysz9-session-72329110b751-lifetime-10:***@rp.scrapegw.com:6060	ConnectionTimeoutError: Connection timeout to host https://discord.com/api/v9/unique-username/username-attempt-unauthed
2026-09-01 18:31:23	NETWORK	ihij	attempt=1	proxy=http://wiw4v7duaymysz9-session-1c2f2a2b2ae9-lifetime-10:***@rp.scrapegw.com:6060	ConnectionTimeoutError: Connection timeout to host https://discord.com/api/v9/unique-username/username-attempt-unauthed
2026-09-01 18:31:23	NETWORK	ihic	attempt=1	proxy=http://wiw4v7duaymysz9-session-5cd2dd9e0e9d-lifetime-10:***@rp.scrapegw.com:6060	ConnectionTimeoutError: Connection timeout to host https://discord.com/api/v9/unique-username/username-attempt-unauthed
2026-09-01 18:31:23	HTTP_429	ihae	attempt=1	proxy=http://wiw4v7duaymysz9-session-e969d87bd69d-lifetime-10:***@rp.scrapegw.com:6060	scope=shared global=False retry_after=1820.00s
2026-09-01 18:31:24	NETWORK	iick	attempt=1	proxy=http://wiw4v7duaymysz9-session-69a464ce8dd5-lifetime-10:***@rp.scrapegw.com:6060	ClientConnectorError: Cannot connect to host discord.com:443 ssl:default [None]
2026-09-01 18:31:24	HTTP_429	ikfb	attempt=1	proxy=http://wiw4v7duaymysz9-session-9de4ca48fb08-lifetime-10:***@rp.scrapegw.com:6060	scope=shared global=False retry_after=2121.00s
2026-09-01 18:31:24	HTTP_429	ikgp	attempt=1	proxy=http://wiw4v7duaymysz9-session-704d3ceae598-lifetime-10:***@rp.scrapegw.com:6060	scope=shared global=False retry_after=2056.00s
2026-09-01 18:31:24	NETWORK	iilw	attempt=1	proxy=http://wiw4v7duaymysz9-session-973f26a7af01-lifetime-10:***@rp.scrapegw.com:6060	ClientConnectorCertificateError: Cannot connect to host discord.com:443 ssl:True [SSLCertVerificationError: (1, '[SSL: CERTIFICATE_VERIFY_FAILED] certificate verify failed: self-signed certificate (_ssl.c:1081)')]
2026-09-01 18:31:24	NETWORK	ihyx	attempt=1	proxy=http://wiw4v7duaymysz9-session-3e9b06ae0fc1-lifetime-10:***@rp.scrapegw.com:6060	ClientConnectorError: Cannot connect to host discord.com:443 ssl:default [Connection reset by peer]
2026-09-01 18:31:24	NETWORK	iibv	attempt=1	proxy=http://wiw4v7duaymysz9-session-d931dc01dfde-lifetime-10:***@rp.scrapegw.com:6060	ClientConnectorError: Cannot connect to host discord.com:443 ssl:default [Connection reset by peer]
2026-09-01 18:31:24	NETWORK	ihki	attempt=1	proxy=http://wiw4v7duaymysz9-session-fa8a1d2478f2-lifetime-10:***@rp.scrapegw.com:6060	ConnectionTimeoutError: Connection timeout to host https://discord.com/api/v9/unique-username/username-attempt-unauthed
2026-09-01 18:31:24	NETWORK	ihlp	attempt=1	proxy=http://wiw4v7duaymysz9-session-368831834e7c-lifetime-10:***@rp.scrapegw.com:6060	ConnectionTimeoutError: Connection timeout to host https://discord.com/api/v9/unique-username/username-attempt-unauthed
2026-09-01 18:31:24	NETWORK	ihjy	attempt=1	proxy=http://wiw4v7duaymysz9-session-8b0b75030e49-lifetime-10:***@rp.scrapegw.com:6060	ConnectionTimeoutError: Connection timeout to host https://discord.com/api/v9/unique-username/username-attempt-unauthed
2026-09-01 18:31:24	NETWORK	ihld	attempt=1	proxy=http://wiw4v7duaymysz9-session-afca4493318c-lifetime-10:***@rp.scrapegw.com:6060	ConnectionTimeoutError: Connection timeout to host https://discord.com/api/v9/unique-username/username-attempt-unauthed
2026-09-01 18:31:24	NETWORK	ihos	attempt=1	proxy=http://wiw4v7duaymysz9-session-7934310db36d-lifetime-10:***@rp.scrapegw.com:6060	ConnectionTimeoutError: Connection timeout to host https://discord.com/api/v9/unique-username/username-attempt-unauthed
2026-09-01 18:31:24	NETWORK	ihnq	attempt=1	proxy=http://wiw4v7duaymysz9-session-48d6b3b47617-lifetime-10:***@rp.scrapegw.com:6060	ConnectionTimeoutError: Connection timeout to host https://discord.com/api/v9/unique-username/username-attempt-unauthed
2026-09-01 18:31:24	NETWORK	ihmp	attempt=1	proxy=http://wiw4v7duaymysz9-session-a985c578613c-lifetime-10:***@rp.scrapegw.com:6060	ConnectionTimeoutError: Connection timeout to host https://discord.com/api/v9/unique-username/username-attempt-unauthed
2026-09-01 18:31:24	NETWORK	ihmi	attempt=1	proxy=http://wiw4v7duaymysz9-session-9b7493dea7e9-lifetime-10:***@rp.scrapegw.com:6060	ConnectionTimeoutError: Connection timeout to host https://discord.com/api/v9/unique-username/username-attempt-unauthed
2026-09-01 18:31:24	NETWORK	ihod	attempt=1	proxy=http://wiw4v7duaymysz9-session-3b4365985e51-lifetime-10:***@rp.scrapegw.com:6060	ConnectionTimeoutError: Connection timeout to host https://discord.com/api/v9/unique-username/username-attempt-unauthed
2026-09-01 18:31:24	NETWORK	ihjv	attempt=1	proxy=http://wiw4v7duaymysz9-session-46e2796dab68-lifetime-10:***@rp.scrapegw.com:6060	ConnectionTimeoutError: Connection timeout to host https://discord.com/api/v9/unique-username/username-attempt-unauthed
2026-09-01 18:31:24	NETWORK	ihpc	attempt=1	proxy=http://wiw4v7duaymysz9-session-6d8790522112-lifetime-10:***@rp.scrapegw.com:6060	ConnectionTimeoutError: Connection timeout to host https://discord.com/api/v9/unique-username/username-attempt-unauthed
2026-09-01 18:31:24	NETWORK	ihjz	attempt=1	proxy=http://wiw4v7duaymysz9-session-a6776bd3ab8a-lifetime-10:***@rp.scrapegw.com:6060	ConnectionTimeoutError: Connection timeout to host https://discord.com/api/v9/unique-username/username-attempt-unauthed
2026-09-01 18:31:24	NETWORK	ihje	attempt=1	proxy=http://wiw4v7duaymysz9-session-fed9d57d92ba-lifetime-10:***@rp.scrapegw.com:6060	ConnectionTimeoutError: Connection timeout to host https://discord.com/api/v9/unique-username/username-attempt-unauthed
2026-09-01 18:31:24	NETWORK	ihis	attempt=1	proxy=http://wiw4v7duaymysz9-session-3ae027281ec2-lifetime-10:***@rp.scrapegw.com:6060	ConnectionTimeoutError: Connection timeout to host https://discord.com/api/v9/unique-username/username-attempt-unauthed
2026-09-01 18:31:24	NETWORK	ihlj	attempt=1	proxy=http://wiw4v7duaymysz9-session-5d0d7479fce9-lifetime-10:***@rp.scrapegw.com:6060	ConnectionTimeoutError: Connection timeout to host https://discord.com/api/v9/unique-username/username-attempt-unauthed
2026-09-01 18:31:24	NETWORK	ihjh	attempt=1	proxy=http://wiw4v7duaymysz9-session-c6777fa470a6-lifetime-10:***@rp.scrapegw.com:6060	ConnectionTimeoutError: Connection timeout to host https://discord.com/api/v9/unique-username/username-attempt-unauthed
2026-09-01 18:31:24	NETWORK	ihoq	attempt=1	proxy=http://wiw4v7duaymysz9-session-711b41ebae18-lifetime-10:***@rp.scrapegw.com:6060	ConnectionTimeoutError: Connection timeout to host https://discord.com/api/v9/unique-username/username-attempt-unauthed
2026-09-01 18:31:24	NETWORK	ihjq	attempt=1	proxy=http://wiw4v7duaymysz9-session-ef69107d7609-lifetime-10:***@rp.scrapegw.com:6060	ConnectionTimeoutError: Connection timeout to host https://discord.com/api/v9/unique-username/username-attempt-unauthed
2026-09-01 18:31:24	NETWORK	ihmw	attempt=1	proxy=http://wiw4v7duaymysz9-session-80a2f2d970a1-lifetime-10:***@rp.scrapegw.com:6060	ConnectionTimeoutError: Connection timeout to host https://discord.com/api/v9/unique-username/username-attempt-unauthed
2026-09-01 18:31:24	NETWORK	ihjw	attempt=1	proxy=http://wiw4v7duaymysz9-session-0ad6060a11bc-lifetime-10:***@rp.scrapegw.com:6060	ConnectionTimeoutError: Connection timeout to host https://discord.com/api/v9/unique-username/username-attempt-unauthed
2026-09-01 18:31:24	NETWORK	ihka	attempt=1	proxy=http://wiw4v7duaymysz9-session-10a2f6b48711-lifetime-10:***@rp.scrapegw.com:6060	ConnectionTimeoutError: Connection timeout to host https://discord.com/api/v9/unique-username/username-attempt-unauthed
2026-09-01 18:31:24	NETWORK	ihix	attempt=1	proxy=http://wiw4v7duaymysz9-session-5bd3426ae607-lifetime-10:***@rp.scrapegw.com:6060	ConnectionTimeoutError: Connection timeout to host https://discord.com/api/v9/unique-username/username-attempt-unauthed
2026-09-01 18:31:24	NETWORK	ihkq	attempt=1	proxy=http://wiw4v7duaymysz9-session-b090561fed85-lifetime-10:***@rp.scrapegw.com:6060	ConnectionTimeoutError: Connection timeout to host https://discord.com/api/v9/unique-username/username-attempt-unauthed
2026-09-01 18:31:24	NETWORK	ihkz	attempt=1	proxy=http://wiw4v7duaymysz9-session-061a753832ff-lifetime-10:***@rp.scrapegw.com:6060	ConnectionTimeoutError: Connection timeout to host https://discord.com/api/v9/unique-username/username-attempt-unauthed
2026-09-01 18:31:24	NETWORK	ihlf	attempt=1	proxy=http://wiw4v7duaymysz9-session-dcc917b9f31e-lifetime-10:***@rp.scrapegw.com:6060	ConnectionTimeoutError: Connection timeout to host https://discord.com/api/v9/unique-username/username-attempt-unauthed
2026-09-01 18:31:24	NETWORK	ihnd	attempt=1	proxy=http://wiw4v7duaymysz9-session-2d45dbf08903-lifetime-10:***@rp.scrapegw.com:6060	ConnectionTimeoutError: Connection timeout to host https://discord.com/api/v9/unique-username/username-attempt-unauthed
2026-09-01 18:31:24	NETWORK	ihmy	attempt=1	proxy=http://wiw4v7duaymysz9-session-fadf0cad48be-lifetime-10:***@rp.scrapegw.com:6060	ConnectionTimeoutError: Connection timeout to host https://discord.com/api/v9/unique-username/username-attempt-unauthed
2026-09-01 18:31:25	HTTP_429	iihh	attempt=1	proxy=http://wiw4v7duaymysz9-session-28041ef5a53e-lifetime-10:***@rp.scrapegw.com:6060	scope=shared global=False retry_after=962.00s
2026-09-01 18:31:25	HTTP_429	ikjc	attempt=1	proxy=http://wiw4v7duaymysz9-session-fc0e0aa93a51-lifetime-10:***@rp.scrapegw.com:6060	scope=shared global=False retry_after=1820.00s
2026-09-01 18:31:25	HTTP_429	iksw	attempt=1	proxy=http://wiw4v7duaymysz9-session-c5657bfa5aae-lifetime-10:***@rp.scrapegw.com:6060	scope=shared global=False retry_after=2054.00s
2026-09-01 18:31:25	NETWORK	ihuy	attempt=1	proxy=http://wiw4v7duaymysz9-session-12d7d0b2ef71-lifetime-10:***@rp.scrapegw.com:6060	ConnectionTimeoutError: Connection timeout to host https://discord.com/api/v9/unique-username/username-attempt-unauthed
2026-09-01 18:31:25	NETWORK	ihuc	attempt=1	proxy=http://wiw4v7duaymysz9-session-64ffb51991e2-lifetime-10:***@rp.scrapegw.com:6060	ConnectionTimeoutError: Connection timeout to host https://discord.com/api/v9/unique-username/username-attempt-unauthed
2026-09-01 18:31:25	NETWORK	ihts	attempt=1	proxy=http://wiw4v7duaymysz9-session-5d66788d2001-lifetime-10:***@rp.scrapegw.com:6060	ConnectionTimeoutError: Connection timeout to host https://discord.com/api/v9/unique-username/username-attempt-unauthed
2026-09-01 18:31:25	NETWORK	ihtu	attempt=1	proxy=http://wiw4v7duaymysz9-session-a7bd5d6f2b9b-lifetime-10:***@rp.scrapegw.com:6060	ConnectionTimeoutError: Connection timeout to host https://discord.com/api/v9/unique-username/username-attempt-unauthed
2026-09-01 18:31:25	NETWORK	ihus	attempt=1	proxy=http://wiw4v7duaymysz9-session-07cd1379868f-lifetime-10:***@rp.scrapegw.com:6060	ConnectionTimeoutError: Connection timeout to host https://discord.com/api/v9/unique-username/username-attempt-unauthed
2026-09-01 18:31:25	NETWORK	ihuz	attempt=1	proxy=http://wiw4v7duaymysz9-session-221c5a33fe88-lifetime-10:***@rp.scrapegw.com:6060	ConnectionTimeoutError: Connection timeout to host https://discord.com/api/v9/unique-username/username-attempt-unauthed
2026-09-01 18:31:25	NETWORK	ihud	attempt=1	proxy=http://wiw4v7duaymysz9-session-10d7976a09c6-lifetime-10:***@rp.scrapegw.com:6060	ConnectionTimeoutError: Connection timeout to host https://discord.com/api/v9/unique-username/username-attempt-unauthed
2026-09-01 18:31:25	NETWORK	ihrk	attempt=1	proxy=http://wiw4v7duaymysz9-session-4f236661773c-lifetime-10:***@rp.scrapegw.com:6060	ConnectionTimeoutError: Connection timeout to host https://discord.com/api/v9/unique-username/username-attempt-unauthed
2026-09-01 18:31:25	NETWORK	ihrs	attempt=1	proxy=http://wiw4v7duaymysz9-session-439fbb462319-lifetime-10:***@rp.scrapegw.com:6060	ConnectionTimeoutError: Connection timeout to host https://discord.com/api/v9/unique-username/username-attempt-unauthed
2026-09-01 18:31:25	NETWORK	ihtc	attempt=1	proxy=http://wiw4v7duaymysz9-session-60229babc951-lifetime-10:***@rp.scrapegw.com:6060	ConnectionTimeoutError: Connection timeout to host https://discord.com/api/v9/unique-username/username-attempt-unauthed
2026-09-01 18:31:25	NETWORK	ihqj	attempt=1	proxy=http://wiw4v7duaymysz9-session-cedaaa92d428-lifetime-10:***@rp.scrapegw.com:6060	ConnectionTimeoutError: Connection timeout to host https://discord.com/api/v9/unique-username/username-attempt-unauthed
2026-09-01 18:31:25	NETWORK	ihvq	attempt=1	proxy=http://wiw4v7duaymysz9-session-adfa66c74fb1-lifetime-10:***@rp.scrapegw.com:6060	ConnectionTimeoutError: Connection timeout to host https://discord.com/api/v9/unique-username/username-attempt-unauthed
2026-09-01 18:31:25	NETWORK	ihst	attempt=1	proxy=http://wiw4v7duaymysz9-session-5acfece12986-lifetime-10:***@rp.scrapegw.com:6060	ConnectionTimeoutError: Connection timeout to host https://discord.com/api/v9/unique-username/username-attempt-unauthed
2026-09-01 18:31:25	NETWORK	ihut	attempt=1	proxy=http://wiw4v7duaymysz9-session-305f8fb0a1d9-lifetime-10:***@rp.scrapegw.com:6060	ConnectionTimeoutError: Connection timeout to host https://discord.com/api/v9/unique-username/username-attempt-unauthed
2026-09-01 18:31:25	NETWORK	ihui	attempt=1	proxy=http://wiw4v7duaymysz9-session-73e411976001-lifetime-10:***@rp.scrapegw.com:6060	ConnectionTimeoutError: Connection timeout to host https://discord.com/api/v9/unique-username/username-attempt-unauthed
2026-09-01 18:31:25	NETWORK	ihtz	attempt=1	proxy=http://wiw4v7duaymysz9-session-2fd1a4e0222d-lifetime-10:***@rp.scrapegw.com:6060	ConnectionTimeoutError: Connection timeout to host https://discord.com/api/v9/unique-username/username-attempt-unauthed
2026-09-01 18:31:25	NETWORK	ihsa	attempt=1	proxy=http://wiw4v7duaymysz9-session-7e5f564b798a-lifetime-10:***@rp.scrapegw.com:6060	ConnectionTimeoutError: Connection timeout to host https://discord.com/api/v9/unique-username/username-attempt-unauthed
2026-09-01 18:31:25	NETWORK	ihth	attempt=1	proxy=http://wiw4v7duaymysz9-session-8a4d4830dff9-lifetime-10:***@rp.scrapegw.com:6060	ConnectionTimeoutError: Connection timeout to host https://discord.com/api/v9/unique-username/username-attempt-unauthed
2026-09-01 18:31:25	NETWORK	ihvk	attempt=1	proxy=http://wiw4v7duaymysz9-session-596f65d9d5fd-lifetime-10:***@rp.scrapegw.com:6060	ConnectionTimeoutError: Connection timeout to host https://discord.com/api/v9/unique-username/username-attempt-unauthed
2026-09-01 18:31:25	NETWORK	ihvp	attempt=1	proxy=http://wiw4v7duaymysz9-session-f589a8708a31-lifetime-10:***@rp.scrapegw.com:6060	ConnectionTimeoutError: Connection timeout to host https://discord.com/api/v9/unique-username/username-attempt-unauthed
2026-09-01 18:31:25	NETWORK	ihsg	attempt=1	proxy=http://wiw4v7duaymysz9-session-9be7f7263667-lifetime-10:***@rp.scrapegw.com:6060	ConnectionTimeoutError: Connection timeout to host https://discord.com/api/v9/unique-username/username-attempt-unauthed
2026-09-01 18:31:25	NETWORK	ihtm	attempt=1	proxy=http://wiw4v7duaymysz9-session-70e5a8b22d28-lifetime-10:***@rp.scrapegw.com:6060	ConnectionTimeoutError: Connection timeout to host https://discord.com/api/v9/unique-username/username-attempt-unauthed
2026-09-01 18:31:25	NETWORK	ihtg	attempt=1	proxy=http://wiw4v7duaymysz9-session-3bd211fe2858-lifetime-10:***@rp.scrapegw.com:6060	ConnectionTimeoutError: Connection timeout to host https://discord.com/api/v9/unique-username/username-attempt-unauthed
2026-09-01 18:31:25	NETWORK	ihqi	attempt=1	proxy=http://wiw4v7duaymysz9-session-fd380f5d57d0-lifetime-10:***@rp.scrapegw.com:6060	ConnectionTimeoutError: Connection timeout to host https://discord.com/api/v9/unique-username/username-attempt-unauthed
2026-09-01 18:31:25	NETWORK	ihpv	attempt=1	proxy=http://wiw4v7duaymysz9-session-8ad830f56cf4-lifetime-10:***@rp.scrapegw.com:6060	ConnectionTimeoutError: Connection timeout to host https://discord.com/api/v9/unique-username/username-attempt-unauthed
2026-09-01 18:31:25	NETWORK	ihpq	attempt=1	proxy=http://wiw4v7duaymysz9-session-f3fad6a36e88-lifetime-10:***@rp.scrapegw.com:6060	ConnectionTimeoutError: Connection timeout to host https://discord.com/api/v9/unique-username/username-attempt-unauthed
2026-09-01 18:31:25	NETWORK	ihps	attempt=1	proxy=http://wiw4v7duaymysz9-session-dc2e3792fc6b-lifetime-10:***@rp.scrapegw.com:6060	ConnectionTimeoutError: Connection timeout to host https://discord.com/api/v9/unique-username/username-attempt-unauthed
2026-09-01 18:31:25	NETWORK	ihsj	attempt=1	proxy=http://wiw4v7duaymysz9-session-f2694efd25f2-lifetime-10:***@rp.scrapegw.com:6060	ConnectionTimeoutError: Connection timeout to host https://discord.com/api/v9/unique-username/username-attempt-unauthed
2026-09-01 18:31:25	NETWORK	ihta	attempt=1	proxy=http://wiw4v7duaymysz9-session-360031d35147-lifetime-10:***@rp.scrapegw.com:6060	ConnectionTimeoutError: Connection timeout to host https://discord.com/api/v9/unique-username/username-attempt-unauthed
2026-09-01 18:31:26	HTTP_429	iiop	attempt=1	proxy=http://wiw4v7duaymysz9-session-9de4ca48fb08-lifetime-10:***@rp.scrapegw.com:6060	scope=shared global=False retry_after=2118.50s
2026-09-01 18:31:26	NETWORK	iiao	attempt=1	proxy=http://wiw4v7duaymysz9-session-aadb86d538f7-lifetime-10:***@rp.scrapegw.com:6060	ConnectionTimeoutError: Connection timeout to host https://discord.com/api/v9/unique-username/username-attempt-unauthed
2026-09-01 18:31:26	NETWORK	ihxo	attempt=1	proxy=http://wiw4v7duaymysz9-session-89002893426c-lifetime-10:***@rp.scrapegw.com:6060	ConnectionTimeoutError: Connection timeout to host https://discord.com/api/v9/unique-username/username-attempt-unauthed
2026-09-01 18:31:26	NETWORK	iiat	attempt=1	proxy=http://wiw4v7duaymysz9-session-25fbfc19cfcc-lifetime-10:***@rp.scrapegw.com:6060	ConnectionTimeoutError: Connection timeout to host https://discord.com/api/v9/unique-username/username-attempt-unauthed
2026-09-01 18:31:26	NETWORK	ihxm	attempt=1	proxy=http://wiw4v7duaymysz9-session-529239a9d4fb-lifetime-10:***@rp.scrapegw.com:6060	ConnectionTimeoutError: Connection timeout to host https://discord.com/api/v9/unique-username/username-attempt-unauthed
2026-09-01 18:31:26	NETWORK	iian	attempt=1	proxy=http://wiw4v7duaymysz9-session-9bdcde991913-lifetime-10:***@rp.scrapegw.com:6060	ConnectionTimeoutError: Connection timeout to host https://discord.com/api/v9/unique-username/username-attempt-unauthed
2026-09-01 18:31:26	NETWORK	ihzi	attempt=1	proxy=http://wiw4v7duaymysz9-session-c6c9791a5d01-lifetime-10:***@rp.scrapegw.com:6060	ConnectionTimeoutError: Connection timeout to host https://discord.com/api/v9/unique-username/username-attempt-unauthed
2026-09-01 18:31:26	NETWORK	ihzs	attempt=1	proxy=http://wiw4v7duaymysz9-session-611a131421c5-lifetime-10:***@rp.scrapegw.com:6060	ConnectionTimeoutError: Connection timeout to host https://discord.com/api/v9/unique-username/username-attempt-unauthed
2026-09-01 18:31:26	NETWORK	ihxb	attempt=1	proxy=http://wiw4v7duaymysz9-session-088181a74d50-lifetime-10:***@rp.scrapegw.com:6060	ConnectionTimeoutError: Connection timeout to host https://discord.com/api/v9/unique-username/username-attempt-unauthed
2026-09-01 18:31:26	NETWORK	ihxa	attempt=1	proxy=http://wiw4v7duaymysz9-session-cfbe8ab23d55-lifetime-10:***@rp.scrapegw.com:6060	ConnectionTimeoutError: Connection timeout to host https://discord.com/api/v9/unique-username/username-attempt-unauthed
2026-09-01 18:31:26	NETWORK	ihzr	attempt=1	proxy=http://wiw4v7duaymysz9-session-f3c4e2f06772-lifetime-10:***@rp.scrapegw.com:6060	ConnectionTimeoutError: Connection timeout to host https://discord.com/api/v9/unique-username/username-attempt-unauthed
2026-09-01 18:31:26	NETWORK	iieb	attempt=1	proxy=http://wiw4v7duaymysz9-session-27086611a997-lifetime-10:***@rp.scrapegw.com:6060	ConnectionTimeoutError: Connection timeout to host https://discord.com/api/v9/unique-username/username-attempt-unauthed
2026-09-01 18:31:26	NETWORK	iied	attempt=1	proxy=http://wiw4v7duaymysz9-session-356fbda5432f-lifetime-10:***@rp.scrapegw.com:6060	ConnectionTimeoutError: Connection timeout to host https://discord.com/api/v9/unique-username/username-attempt-unauthed
2026-09-01 18:31:26	NETWORK	iidc	attempt=1	proxy=http://wiw4v7duaymysz9-session-4aaccf1b8ade-lifetime-10:***@rp.scrapegw.com:6060	ConnectionTimeoutError: Connection timeout to host https://discord.com/api/v9/unique-username/username-attempt-unauthed
2026-09-01 18:31:26	NETWORK	iiej	attempt=1	proxy=http://wiw4v7duaymysz9-session-30835eeefcf2-lifetime-10:***@rp.scrapegw.com:6060	ConnectionTimeoutError: Connection timeout to host https://discord.com/api/v9/unique-username/username-attempt-unauthed
2026-09-01 18:31:26	NETWORK	ihxp	attempt=1	proxy=http://wiw4v7duaymysz9-session-e7200f71156e-lifetime-10:***@rp.scrapegw.com:6060	ConnectionTimeoutError: Connection timeout to host https://discord.com/api/v9/unique-username/username-attempt-unauthed
2026-09-01 18:31:26	NETWORK	iicw	attempt=1	proxy=http://wiw4v7duaymysz9-session-d2d1bcd64ab7-lifetime-10:***@rp.scrapegw.com:6060	ConnectionTimeoutError: Connection timeout to host https://discord.com/api/v9/unique-username/username-attempt-unauthed
2026-09-01 18:31:26	NETWORK	ihya	attempt=1	proxy=http://wiw4v7duaymysz9-session-4b3a2d45a2e2-lifetime-10:***@rp.scrapegw.com:6060	ConnectionTimeoutError: Connection timeout to host https://discord.com/api/v9/unique-username/username-attempt-unauthed
2026-09-01 18:31:26	NETWORK	ihyq	attempt=1	proxy=http://wiw4v7duaymysz9-session-113b5aa25f69-lifetime-10:***@rp.scrapegw.com:6060	ConnectionTimeoutError: Connection timeout to host https://discord.com/api/v9/unique-username/username-attempt-unauthed
2026-09-01 18:31:26	NETWORK	ihzg	attempt=1	proxy=http://wiw4v7duaymysz9-session-8d32711588e2-lifetime-10:***@rp.scrapegw.com:6060	ConnectionTimeoutError: Connection timeout to host https://discord.com/api/v9/unique-username/username-attempt-unauthed
2026-09-01 18:31:26	NETWORK	iicj	attempt=1	proxy=http://wiw4v7duaymysz9-session-aa2ad2b7e7b2-lifetime-10:***@rp.scrapegw.com:6060	ConnectionTimeoutError: Connection timeout to host https://discord.com/api/v9/unique-username/username-attempt-unauthed
2026-09-01 18:31:26	NETWORK	iids	attempt=1	proxy=http://wiw4v7duaymysz9-session-5463fc82a25d-lifetime-10:***@rp.scrapegw.com:6060	ConnectionTimeoutError: Connection timeout to host https://discord.com/api/v9/unique-username/username-attempt-unauthed
2026-09-01 18:31:26	NETWORK	iidy	attempt=1	proxy=http://wiw4v7duaymysz9-session-e9721079c9f5-lifetime-10:***@rp.scrapegw.com:6060	ConnectionTimeoutError: Connection timeout to host https://discord.com/api/v9/unique-username/username-attempt-unauthed
2026-09-01 18:31:26	NETWORK	ihxj	attempt=1	proxy=http://wiw4v7duaymysz9-session-e6945f999c29-lifetime-10:***@rp.scrapegw.com:6060	ConnectionTimeoutError: Connection timeout to host https://discord.com/api/v9/unique-username/username-attempt-unauthed
2026-09-01 18:31:26	NETWORK	ihxi	attempt=1	proxy=http://wiw4v7duaymysz9-session-26f1f0d06333-lifetime-10:***@rp.scrapegw.com:6060	ConnectionTimeoutError: Connection timeout to host https://discord.com/api/v9/unique-username/username-attempt-unauthed
2026-09-01 18:31:26	NETWORK	iibj	attempt=1	proxy=http://wiw4v7duaymysz9-session-6aecc9adbc16-lifetime-10:***@rp.scrapegw.com:6060	ConnectionTimeoutError: Connection timeout to host https://discord.com/api/v9/unique-username/username-attempt-unauthed
2026-09-01 18:31:26	NETWORK	iiap	attempt=1	proxy=http://wiw4v7duaymysz9-session-b16b2b23e606-lifetime-10:***@rp.scrapegw.com:6060	ConnectionTimeoutError: Connection timeout to host https://discord.com/api/v9/unique-username/username-attempt-unauthed
2026-09-01 18:31:26	NETWORK	iicx	attempt=1	proxy=http://wiw4v7duaymysz9-session-9d36ce58e3fc-lifetime-10:***@rp.scrapegw.com:6060	ConnectionTimeoutError: Connection timeout to host https://discord.com/api/v9/unique-username/username-attempt-unauthed
2026-09-01 18:31:26	NETWORK	iiam	attempt=1	proxy=http://wiw4v7duaymysz9-session-d53738deaec3-lifetime-10:***@rp.scrapegw.com:6060	ConnectionTimeoutError: Connection timeout to host https://discord.com/api/v9/unique-username/username-attempt-unauthed
2026-09-01 18:31:26	NETWORK	iicl	attempt=1	proxy=http://wiw4v7duaymysz9-session-f68cd681652f-lifetime-10:***@rp.scrapegw.com:6060	ConnectionTimeoutError: Connection timeout to host https://discord.com/api/v9/unique-username/username-attempt-unauthed
2026-09-01 18:31:26	NETWORK	iiea	attempt=1	proxy=http://wiw4v7duaymysz9-session-20d841173422-lifetime-10:***@rp.scrapegw.com:6060	ConnectionTimeoutError: Connection timeout to host https://discord.com/api/v9/unique-username/username-attempt-unauthed
2026-09-01 18:31:26	NETWORK	ihxq	attempt=1	proxy=http://wiw4v7duaymysz9-session-a5348dc3c0cb-lifetime-10:***@rp.scrapegw.com:6060	ConnectionTimeoutError: Connection timeout to host https://discord.com/api/v9/unique-username/username-attempt-unauthed
2026-09-01 18:31:26	NETWORK	iidu	attempt=1	proxy=http://wiw4v7duaymysz9-session-ffc0454c3e47-lifetime-10:***@rp.scrapegw.com:6060	ConnectionTimeoutError: Connection timeout to host https://discord.com/api/v9/unique-username/username-attempt-unauthed
2026-09-01 18:31:26	NETWORK	ihxz	attempt=1	proxy=http://wiw4v7duaymysz9-session-473a36049f6d-lifetime-10:***@rp.scrapegw.com:6060	ConnectionTimeoutError: Connection timeout to host https://discord.com/api/v9/unique-username/username-attempt-unauthed
2026-09-01 18:31:26	NETWORK	iidx	attempt=1	proxy=http://wiw4v7duaymysz9-session-dca0dcd95745-lifetime-10:***@rp.scrapegw.com:6060	ConnectionTimeoutError: Connection timeout to host https://discord.com/api/v9/unique-username/username-attempt-unauthed
2026-09-01 18:31:26	NETWORK	iiah	attempt=1	proxy=http://wiw4v7duaymysz9-session-7b917fbc9988-lifetime-10:***@rp.scrapegw.com:6060	ConnectionTimeoutError: Connection timeout to host https://discord.com/api/v9/unique-username/username-attempt-unauthed
2026-09-01 18:31:26	NETWORK	iict	attempt=1	proxy=http://wiw4v7duaymysz9-session-8722ccd89208-lifetime-10:***@rp.scrapegw.com:6060	ConnectionTimeoutError: Connection timeout to host https://discord.com/api/v9/unique-username/username-attempt-unauthed
2026-09-01 18:31:26	HTTP_429	ilay	attempt=1	proxy=http://wiw4v7duaymysz9-session-59a420ed749b-lifetime-10:***@rp.scrapegw.com:6060	scope=shared global=False retry_after=483.00s
2026-09-01 18:31:26	HTTP_429	iizn	attempt=1	proxy=http://wiw4v7duaymysz9-session-061075f612a4-lifetime-10:***@rp.scrapegw.com:6060	scope=shared global=False retry_after=734.00s
2026-09-01 18:31:27	HTTP_429	ilgf	attempt=1	proxy=http://wiw4v7duaymysz9-session-928046f0eb40-lifetime-10:***@rp.scrapegw.com:6060	scope=shared global=False retry_after=2053.00s
2026-09-01 18:31:27	NETWORK	iily	attempt=1	proxy=http://wiw4v7duaymysz9-session-eccd7b716745-lifetime-10:***@rp.scrapegw.com:6060	ConnectionTimeoutError: Connection timeout to host https://discord.com/api/v9/unique-username/username-attempt-unauthed
2026-09-01 18:31:27	NETWORK	iilv	attempt=1	proxy=http://wiw4v7duaymysz9-session-d03dc0517a37-lifetime-10:***@rp.scrapegw.com:6060	ConnectionTimeoutError: Connection timeout to host https://discord.com/api/v9/unique-username/username-attempt-unauthed
2026-09-01 18:31:27	NETWORK	iihe	attempt=1	proxy=http://wiw4v7duaymysz9-session-2c6efb2097c1-lifetime-10:***@rp.scrapegw.com:6060	ConnectionTimeoutError: Connection timeout to host https://discord.com/api/v9/unique-username/username-attempt-unauthed
2026-09-01 18:31:27	NETWORK	iiiv	attempt=1	proxy=http://wiw4v7duaymysz9-session-b0d7904f2ad1-lifetime-10:***@rp.scrapegw.com:6060	ConnectionTimeoutError: Connection timeout to host https://discord.com/api/v9/unique-username/username-attempt-unauthed
2026-09-01 18:31:27	NETWORK	iige	attempt=1	proxy=http://wiw4v7duaymysz9-session-813aa28547eb-lifetime-10:***@rp.scrapegw.com:6060	ConnectionTimeoutError: Connection timeout to host https://discord.com/api/v9/unique-username/username-attempt-unauthed
2026-09-01 18:31:27	NETWORK	iigh	attempt=1	proxy=http://wiw4v7duaymysz9-session-aa820e4897c3-lifetime-10:***@rp.scrapegw.com:6060	ConnectionTimeoutError: Connection timeout to host https://discord.com/api/v9/unique-username/username-attempt-unauthed
2026-09-01 18:31:27	NETWORK	iikf	attempt=1	proxy=http://wiw4v7duaymysz9-session-ba425cee0b2a-lifetime-10:***@rp.scrapegw.com:6060	ConnectionTimeoutError: Connection timeout to host https://discord.com/api/v9/unique-username/username-attempt-unauthed
2026-09-01 18:31:27	NETWORK	iilg	attempt=1	proxy=http://wiw4v7duaymysz9-session-5aeae0c9f488-lifetime-10:***@rp.scrapegw.com:6060	ConnectionTimeoutError: Connection timeout to host https://discord.com/api/v9/unique-username/username-attempt-unauthed
2026-09-01 18:31:27	NETWORK	iili	attempt=1	proxy=http://wiw4v7duaymysz9-session-94db5b7b1f0e-lifetime-10:***@rp.scrapegw.com:6060	ConnectionTimeoutError: Connection timeout to host https://discord.com/api/v9/unique-username/username-attempt-unauthed
2026-09-01 18:31:27	NETWORK	iilu	attempt=1	proxy=http://wiw4v7duaymysz9-session-3c8bf3c4e39b-lifetime-10:***@rp.scrapegw.com:6060	ConnectionTimeoutError: Connection timeout to host https://discord.com/api/v9/unique-username/username-attempt-unauthed
2026-09-01 18:31:27	NETWORK	iifo	attempt=1	proxy=http://wiw4v7duaymysz9-session-27443cf76a22-lifetime-10:***@rp.scrapegw.com:6060	ConnectionTimeoutError: Connection timeout to host https://discord.com/api/v9/unique-username/username-attempt-unauthed
2026-09-01 18:31:27	NETWORK	iihw	attempt=1	proxy=http://wiw4v7duaymysz9-session-c977b7e30ec2-lifetime-10:***@rp.scrapegw.com:6060	ConnectionTimeoutError: Connection timeout to host https://discord.com/api/v9/unique-username/username-attempt-unauthed
2026-09-01 18:31:27	NETWORK	iifc	attempt=1	proxy=http://wiw4v7duaymysz9-session-5b735710ca95-lifetime-10:***@rp.scrapegw.com:6060	ConnectionTimeoutError: Connection timeout to host https://discord.com/api/v9/unique-username/username-attempt-unauthed
2026-09-01 18:31:27	NETWORK	iime	attempt=1	proxy=http://wiw4v7duaymysz9-session-cbbe54b2f81c-lifetime-10:***@rp.scrapegw.com:6060	ConnectionTimeoutError: Connection timeout to host https://discord.com/api/v9/unique-username/username-attempt-unauthed
2026-09-01 18:31:27	NETWORK	iifa	attempt=1	proxy=http://wiw4v7duaymysz9-session-3130068e4d9b-lifetime-10:***@rp.scrapegw.com:6060	ConnectionTimeoutError: Connection timeout to host https://discord.com/api/v9/unique-username/username-attempt-unauthed
2026-09-01 18:31:27	NETWORK	iiid	attempt=1	proxy=http://wiw4v7duaymysz9-session-6108548fd240-lifetime-10:***@rp.scrapegw.com:6060	ConnectionTimeoutError: Connection timeout to host https://discord.com/api/v9/unique-username/username-attempt-unauthed
2026-09-01 18:31:27	NETWORK	iiie	attempt=1	proxy=http://wiw4v7duaymysz9-session-cc617f5b4623-lifetime-10:***@rp.scrapegw.com:6060	ConnectionTimeoutError: Connection timeout to host https://discord.com/api/v9/unique-username/username-attempt-unauthed
2026-09-01 18:31:27	NETWORK	iiim	attempt=1	proxy=http://wiw4v7duaymysz9-session-1bc63bc52719-lifetime-10:***@rp.scrapegw.com:6060	ConnectionTimeoutError: Connection timeout to host https://discord.com/api/v9/unique-username/username-attempt-unauthed
2026-09-01 18:31:27	NETWORK	iiir	attempt=1	proxy=http://wiw4v7duaymysz9-session-8dad8e95629d-lifetime-10:***@rp.scrapegw.com:6060	ConnectionTimeoutError: Connection timeout to host https://discord.com/api/v9/unique-username/username-attempt-unauthed
2026-09-01 18:31:27	NETWORK	iihy	attempt=1	proxy=http://wiw4v7duaymysz9-session-6d321122e546-lifetime-10:***@rp.scrapegw.com:6060	ConnectionTimeoutError: Connection timeout to host https://discord.com/api/v9/unique-username/username-attempt-unauthed
2026-09-01 18:31:27	NETWORK	iifq	attempt=1	proxy=http://wiw4v7duaymysz9-session-282f02ec05b4-lifetime-10:***@rp.scrapegw.com:6060	ConnectionTimeoutError: Connection timeout to host https://discord.com/api/v9/unique-username/username-attempt-unauthed
2026-09-01 18:31:27	NETWORK	iimp	attempt=1	proxy=http://wiw4v7duaymysz9-session-3cc73fb624d7-lifetime-10:***@rp.scrapegw.com:6060	ConnectionTimeoutError: Connection timeout to host https://discord.com/api/v9/unique-username/username-attempt-unauthed
2026-09-01 18:31:27	NETWORK	iikj	attempt=1	proxy=http://wiw4v7duaymysz9-session-db011b2fc5e2-lifetime-10:***@rp.scrapegw.com:6060	ConnectionTimeoutError: Connection timeout to host https://discord.com/api/v9/unique-username/username-attempt-unauthed
2026-09-01 18:31:27	NETWORK	iijs	attempt=1	proxy=http://wiw4v7duaymysz9-session-c3e65145c8df-lifetime-10:***@rp.scrapegw.com:6060	ConnectionTimeoutError: Connection timeout to host https://discord.com/api/v9/unique-username/username-attempt-unauthed
2026-09-01 18:31:27	NETWORK	iijq	attempt=1	proxy=http://wiw4v7duaymysz9-session-29e107ee97fe-lifetime-10:***@rp.scrapegw.com:6060	ConnectionTimeoutError: Connection timeout to host https://discord.com/api/v9/unique-username/username-attempt-unauthed
2026-09-01 18:31:27	NETWORK	iihm	attempt=1	proxy=http://wiw4v7duaymysz9-session-2dc13e8e3659-lifetime-10:***@rp.scrapegw.com:6060	ConnectionTimeoutError: Connection timeout to host https://discord.com/api/v9/unique-username/username-attempt-unauthed
2026-09-01 18:31:27	NETWORK	iiit	attempt=1	proxy=http://wiw4v7duaymysz9-session-bc590283f8e8-lifetime-10:***@rp.scrapegw.com:6060	ConnectionTimeoutError: Connection timeout to host https://discord.com/api/v9/unique-username/username-attempt-unauthed
2026-09-01 18:31:27	NETWORK	iiiy	attempt=1	proxy=http://wiw4v7duaymysz9-session-4331df554cc5-lifetime-10:***@rp.scrapegw.com:6060	ConnectionTimeoutError: Connection timeout to host https://discord.com/api/v9/unique-username/username-attempt-unauthed
2026-09-01 18:31:27	NETWORK	iiiw	attempt=1	proxy=http://wiw4v7duaymysz9-session-852469ac8cf9-lifetime-10:***@rp.scrapegw.com:6060	ConnectionTimeoutError: Connection timeout to host https://discord.com/api/v9/unique-username/username-attempt-unauthed
2026-09-01 18:31:27	NETWORK	iiha	attempt=1	proxy=http://wiw4v7duaymysz9-session-6a8709ad0bc9-lifetime-10:***@rp.scrapegw.com:6060	ConnectionTimeoutError: Connection timeout to host https://discord.com/api/v9/unique-username/username-attempt-unauthed
2026-09-01 18:31:27	NETWORK	iigo	attempt=1	proxy=http://wiw4v7duaymysz9-session-8e1460b34bbc-lifetime-10:***@rp.scrapegw.com:6060	ConnectionTimeoutError: Connection timeout to host https://discord.com/api/v9/unique-username/username-attempt-unauthed
2026-09-01 18:31:27	NETWORK	iigg	attempt=1	proxy=http://wiw4v7duaymysz9-session-aacca8dcd0f9-lifetime-10:***@rp.scrapegw.com:6060	ConnectionTimeoutError: Connection timeout to host https://discord.com/api/v9/unique-username/username-attempt-unauthed
2026-09-01 18:31:27	NETWORK	iimc	attempt=1	proxy=http://wiw4v7duaymysz9-session-5ed573837e5e-lifetime-10:***@rp.scrapegw.com:6060	ConnectionTimeoutError: Connection timeout to host https://discord.com/api/v9/unique-username/username-attempt-unauthed
2026-09-01 18:31:27	NETWORK	iifn	attempt=1	proxy=http://wiw4v7duaymysz9-session-0a0abcdd66c7-lifetime-10:***@rp.scrapegw.com:6060	ConnectionTimeoutError: Connection timeout to host https://discord.com/api/v9/unique-username/username-attempt-unauthed
2026-09-01 18:31:27	NETWORK	iijm	attempt=1	proxy=http://wiw4v7duaymysz9-session-438a2488893e-lifetime-10:***@rp.scrapegw.com:6060	ConnectionTimeoutError: Connection timeout to host https://discord.com/api/v9/unique-username/username-attempt-unauthed
2026-09-01 18:31:27	NETWORK	iiew	attempt=1	proxy=http://wiw4v7duaymysz9-session-3098263322c6-lifetime-10:***@rp.scrapegw.com:6060	ConnectionTimeoutError: Connection timeout to host https://discord.com/api/v9/unique-username/username-attempt-unauthed
2026-09-01 18:31:27	NETWORK	iieq	attempt=1	proxy=http://wiw4v7duaymysz9-session-6ce08428f46b-lifetime-10:***@rp.scrapegw.com:6060	ConnectionTimeoutError: Connection timeout to host https://discord.com/api/v9/unique-username/username-attempt-unauthed
2026-09-01 18:31:27	NETWORK	iieo	attempt=1	proxy=http://wiw4v7duaymysz9-session-8701f31f549e-lifetime-10:***@rp.scrapegw.com:6060	ConnectionTimeoutError: Connection timeout to host https://discord.com/api/v9/unique-username/username-attempt-unauthed
2026-09-01 18:31:27	NETWORK	iikp	attempt=1	proxy=http://wiw4v7duaymysz9-session-2988d4e13c01-lifetime-10:***@rp.scrapegw.com:6060	ConnectionTimeoutError: Connection timeout to host https://discord.com/api/v9/unique-username/username-attempt-unauthed
2026-09-01 18:31:28	HTTP_429	ilkg	attempt=1	proxy=http://wiw4v7duaymysz9-session-c741ad0d6dff-lifetime-10:***@rp.scrapegw.com:6060	scope=shared global=False retry_after=2050.00s
2026-09-01 18:31:28	NETWORK	iise	attempt=1	proxy=http://wiw4v7duaymysz9-session-74d473db3a70-lifetime-10:***@rp.scrapegw.com:6060	ConnectionTimeoutError: Connection timeout to host https://discord.com/api/v9/unique-username/username-attempt-unauthed
2026-09-01 18:31:28	NETWORK	iiou	attempt=1	proxy=http://wiw4v7duaymysz9-session-b2aa669ebfe3-lifetime-10:***@rp.scrapegw.com:6060	ConnectionTimeoutError: Connection timeout to host https://discord.com/api/v9/unique-username/username-attempt-unauthed
2026-09-01 18:31:28	NETWORK	iiox	attempt=1	proxy=http://wiw4v7duaymysz9-session-3c5b5c3ef86d-lifetime-10:***@rp.scrapegw.com:6060	ConnectionTimeoutError: Connection timeout to host https://discord.com/api/v9/unique-username/username-attempt-unauthed
2026-09-01 18:31:28	NETWORK	iioc	attempt=1	proxy=http://wiw4v7duaymysz9-session-01d5450660c5-lifetime-10:***@rp.scrapegw.com:6060	ConnectionTimeoutError: Connection timeout to host https://discord.com/api/v9/unique-username/username-attempt-unauthed
2026-09-01 18:31:28	NETWORK	iipf	attempt=1	proxy=http://wiw4v7duaymysz9-session-472e18ab5745-lifetime-10:***@rp.scrapegw.com:6060	ConnectionTimeoutError: Connection timeout to host https://discord.com/api/v9/unique-username/username-attempt-unauthed
2026-09-01 18:31:28	NETWORK	iina	attempt=1	proxy=http://wiw4v7duaymysz9-session-f5a4644a568a-lifetime-10:***@rp.scrapegw.com:6060	ConnectionTimeoutError: Connection timeout to host https://discord.com/api/v9/unique-username/username-attempt-unauthed
2026-09-01 18:31:28	NETWORK	iiok	attempt=1	proxy=http://wiw4v7duaymysz9-session-975380253d87-lifetime-10:***@rp.scrapegw.com:6060	ConnectionTimeoutError: Connection timeout to host https://discord.com/api/v9/unique-username/username-attempt-unauthed
2026-09-01 18:31:28	NETWORK	iios	attempt=1	proxy=http://wiw4v7duaymysz9-session-cb87e4edc7e0-lifetime-10:***@rp.scrapegw.com:6060	ConnectionTimeoutError: Connection timeout to host https://discord.com/api/v9/unique-username/username-attempt-unauthed
2026-09-01 18:31:28	NETWORK	iinf	attempt=1	proxy=http://wiw4v7duaymysz9-session-15e6b0c36a78-lifetime-10:***@rp.scrapegw.com:6060	ConnectionTimeoutError: Connection timeout to host https://discord.com/api/v9/unique-username/username-attempt-unauthed
2026-09-01 18:31:28	NETWORK	iinz	attempt=1	proxy=http://wiw4v7duaymysz9-session-0ccc7592a570-lifetime-10:***@rp.scrapegw.com:6060	ConnectionTimeoutError: Connection timeout to host https://discord.com/api/v9/unique-username/username-attempt-unauthed
2026-09-01 18:31:28	NETWORK	iinl	attempt=1	proxy=http://wiw4v7duaymysz9-session-16cd1b186cba-lifetime-10:***@rp.scrapegw.com:6060	ConnectionTimeoutError: Connection timeout to host https://discord.com/api/v9/unique-username/username-attempt-unauthed
2026-09-01 18:31:28	NETWORK	iiqj	attempt=1	proxy=http://wiw4v7duaymysz9-session-da254df2734e-lifetime-10:***@rp.scrapegw.com:6060	ConnectionTimeoutError: Connection timeout to host https://discord.com/api/v9/unique-username/username-attempt-unauthed
2026-09-01 18:31:28	NETWORK	iing	attempt=1	proxy=http://wiw4v7duaymysz9-session-322189b6b1ff-lifetime-10:***@rp.scrapegw.com:6060	ConnectionTimeoutError: Connection timeout to host https://discord.com/api/v9/unique-username/username-attempt-unauthed
2026-09-01 18:31:28	NETWORK	iind	attempt=1	proxy=http://wiw4v7duaymysz9-session-400dd9faa2d1-lifetime-10:***@rp.scrapegw.com:6060	ConnectionTimeoutError: Connection timeout to host https://discord.com/api/v9/unique-username/username-attempt-unauthed
2026-09-01 18:31:28	NETWORK	iimr	attempt=1	proxy=http://wiw4v7duaymysz9-session-fda6e24c737d-lifetime-10:***@rp.scrapegw.com:6060	ConnectionTimeoutError: Connection timeout to host https://discord.com/api/v9/unique-username/username-attempt-unauthed
2026-09-01 18:31:28	NETWORK	iipk	attempt=1	proxy=http://wiw4v7duaymysz9-session-541df8382407-lifetime-10:***@rp.scrapegw.com:6060	ConnectionTimeoutError: Connection timeout to host https://discord.com/api/v9/unique-username/username-attempt-unauthed
2026-09-01 18:31:28	NETWORK	iipx	attempt=1	proxy=http://wiw4v7duaymysz9-session-58e482bba958-lifetime-10:***@rp.scrapegw.com:6060	ConnectionTimeoutError: Connection timeout to host https://discord.com/api/v9/unique-username/username-attempt-unauthed
2026-09-01 18:31:28	NETWORK	iipl	attempt=1	proxy=http://wiw4v7duaymysz9-session-caaa3eea288f-lifetime-10:***@rp.scrapegw.com:6060	ConnectionTimeoutError: Connection timeout to host https://discord.com/api/v9/unique-username/username-attempt-unauthed
2026-09-01 18:31:28	NETWORK	iipo	attempt=1	proxy=http://wiw4v7duaymysz9-session-9579e5de3b27-lifetime-10:***@rp.scrapegw.com:6060	ConnectionTimeoutError: Connection timeout to host https://discord.com/api/v9/unique-username/username-attempt-unauthed
2026-09-01 18:31:28	NETWORK	iipt	attempt=1	proxy=http://wiw4v7duaymysz9-session-4f4e49dc150a-lifetime-10:***@rp.scrapegw.com:6060	ConnectionTimeoutError: Connection timeout to host https://discord.com/api/v9/unique-username/username-attempt-unauthed
2026-09-01 18:31:28	NETWORK	iiqm	attempt=1	proxy=http://wiw4v7duaymysz9-session-126739904b8b-lifetime-10:***@rp.scrapegw.com:6060	ConnectionTimeoutError: Connection timeout to host https://discord.com/api/v9/unique-username/username-attempt-unauthed
2026-09-01 18:31:28	NETWORK	iipe	attempt=1	proxy=http://wiw4v7duaymysz9-session-237603fe63f3-lifetime-10:***@rp.scrapegw.com:6060	ConnectionTimeoutError: Connection timeout to host https://discord.com/api/v9/unique-username/username-attempt-unauthed
2026-09-01 18:31:28	NETWORK	iiqf	attempt=1	proxy=http://wiw4v7duaymysz9-session-d68916df2f13-lifetime-10:***@rp.scrapegw.com:6060	ConnectionTimeoutError: Connection timeout to host https://discord.com/api/v9/unique-username/username-attempt-unauthed
2026-09-01 18:31:28	NETWORK	iism	attempt=1	proxy=http://wiw4v7duaymysz9-session-7c1ab7da1971-lifetime-10:***@rp.scrapegw.com:6060	ConnectionTimeoutError: Connection timeout to host https://discord.com/api/v9/unique-username/username-attempt-unauthed
2026-09-01 18:31:28	NETWORK	iisb	attempt=1	proxy=http://wiw4v7duaymysz9-session-2ae02e8200b6-lifetime-10:***@rp.scrapegw.com:6060	ConnectionTimeoutError: Connection timeout to host https://discord.com/api/v9/unique-username/username-attempt-unauthed
2026-09-01 18:31:28	NETWORK	iiph	attempt=1	proxy=http://wiw4v7duaymysz9-session-e892fb2e4493-lifetime-10:***@rp.scrapegw.com:6060	ConnectionTimeoutError: Connection timeout to host https://discord.com/api/v9/unique-username/username-attempt-unauthed
2026-09-01 18:31:28	NETWORK	iiog	attempt=1	proxy=http://wiw4v7duaymysz9-session-5ee2b9eaa35e-lifetime-10:***@rp.scrapegw.com:6060	ConnectionTimeoutError: Connection timeout to host https://discord.com/api/v9/unique-username/username-attempt-unauthed
2026-09-01 18:31:28	NETWORK	iirj	attempt=1	proxy=http://wiw4v7duaymysz9-session-a7c45fa06618-lifetime-10:***@rp.scrapegw.com:6060	ConnectionTimeoutError: Connection timeout to host https://discord.com/api/v9/unique-username/username-attempt-unauthed
2026-09-01 18:31:28	NETWORK	iirl	attempt=1	proxy=http://wiw4v7duaymysz9-session-a0139f19f703-lifetime-10:***@rp.scrapegw.com:6060	ConnectionTimeoutError: Connection timeout to host https://discord.com/api/v9/unique-username/username-attempt-unauthed
2026-09-01 18:31:28	NETWORK	iirs	attempt=1	proxy=http://wiw4v7duaymysz9-session-65ab0d12b50b-lifetime-10:***@rp.scrapegw.com:6060	ConnectionTimeoutError: Connection timeout to host https://discord.com/api/v9/unique-username/username-attempt-unauthed
2026-09-01 18:31:28	NETWORK	iirn	attempt=1	proxy=http://wiw4v7duaymysz9-session-65d4e3ce834b-lifetime-10:***@rp.scrapegw.com:6060	ConnectionTimeoutError: Connection timeout to host https://discord.com/api/v9/unique-username/username-attempt-unauthed
2026-09-01 18:31:28	NETWORK	iiof	attempt=1	proxy=http://wiw4v7duaymysz9-session-83c72b44a3ed-lifetime-10:***@rp.scrapegw.com:6060	ConnectionTimeoutError: Connection timeout to host https://discord.com/api/v9/unique-username/username-attempt-unauthed
2026-09-01 18:31:28	NETWORK	iisf	attempt=1	proxy=http://wiw4v7duaymysz9-session-7d8034bfb10c-lifetime-10:***@rp.scrapegw.com:6060	ConnectionTimeoutError: Connection timeout to host https://discord.com/api/v9/unique-username/username-attempt-unauthed
2026-09-01 18:31:28	NETWORK	iion	attempt=1	proxy=http://wiw4v7duaymysz9-session-338ef69f64ea-lifetime-10:***@rp.scrapegw.com:6060	ConnectionTimeoutError: Connection timeout to host https://discord.com/api/v9/unique-username/username-attempt-unauthed
2026-09-01 18:31:28	NETWORK	iipw	attempt=1	proxy=http://wiw4v7duaymysz9-session-bedc7bbc46c1-lifetime-10:***@rp.scrapegw.com:6060	ConnectionTimeoutError: Connection timeout to host https://discord.com/api/v9/unique-username/username-attempt-unauthed
2026-09-01 18:31:28	NETWORK	iiqs	attempt=1	proxy=http://wiw4v7duaymysz9-session-e969d87bd69d-lifetime-10:***@rp.scrapegw.com:6060	ConnectionTimeoutError: Connection timeout to host https://discord.com/api/v9/unique-username/username-attempt-unauthed
2026-09-01 18:31:28	NETWORK	iirp	attempt=1	proxy=http://wiw4v7duaymysz9-session-7ca986f6576e-lifetime-10:***@rp.scrapegw.com:6060	ConnectionTimeoutError: Connection timeout to host https://discord.com/api/v9/unique-username/username-attempt-unauthed
2026-09-01 18:31:28	NETWORK	iimq	attempt=1	proxy=http://wiw4v7duaymysz9-session-9c98940095e4-lifetime-10:***@rp.scrapegw.com:6060	ConnectionTimeoutError: Connection timeout to host https://discord.com/api/v9/unique-username/username-attempt-unauthed
2026-09-01 18:31:28	NETWORK	iirt	attempt=1	proxy=http://wiw4v7duaymysz9-session-72b3289fd12b-lifetime-10:***@rp.scrapegw.com:6060	ConnectionTimeoutError: Connection timeout to host https://discord.com/api/v9/unique-username/username-attempt-unauthed
2026-09-01 18:31:29	HTTP_429	ijas	attempt=1	proxy=http://wiw4v7duaymysz9-session-405e5d8bcdc8-lifetime-10:***@rp.scrapegw.com:6060	scope=shared global=False retry_after=485.00s
2026-09-01 18:31:29	HTTP_429	ilum	attempt=1	proxy=http://wiw4v7duaymysz9-session-25be094f2b23-lifetime-10:***@rp.scrapegw.com:6060	scope=shared global=False retry_after=2048.00s
2026-09-01 18:31:29	NETWORK	iiuu	attempt=1	proxy=http://wiw4v7duaymysz9-session-9e48fff2a94b-lifetime-10:***@rp.scrapegw.com:6060	ConnectionTimeoutError: Connection timeout to host https://discord.com/api/v9/unique-username/username-attempt-unauthed
2026-09-01 18:31:29	NETWORK	iivz	attempt=1	proxy=http://wiw4v7duaymysz9-session-4ea6e67232e4-lifetime-10:***@rp.scrapegw.com:6060	ConnectionTimeoutError: Connection timeout to host https://discord.com/api/v9/unique-username/username-attempt-unauthed
2026-09-01 18:31:29	NETWORK	iiux	attempt=1	proxy=http://wiw4v7duaymysz9-session-da666d509255-lifetime-10:***@rp.scrapegw.com:6060	ConnectionTimeoutError: Connection timeout to host https://discord.com/api/v9/unique-username/username-attempt-unauthed
2026-09-01 18:31:29	NETWORK	iisq	attempt=1	proxy=http://wiw4v7duaymysz9-session-bae2490e630c-lifetime-10:***@rp.scrapegw.com:6060	ConnectionTimeoutError: Connection timeout to host https://discord.com/api/v9/unique-username/username-attempt-unauthed
2026-09-01 18:31:29	NETWORK	iiyr	attempt=1	proxy=http://wiw4v7duaymysz9-session-bd2281a39bab-lifetime-10:***@rp.scrapegw.com:6060	ConnectionTimeoutError: Connection timeout to host https://discord.com/api/v9/unique-username/username-attempt-unauthed
2026-09-01 18:31:29	NETWORK	iizs	attempt=1	proxy=http://wiw4v7duaymysz9-session-5bd3426ae607-lifetime-10:***@rp.scrapegw.com:6060	ConnectionTimeoutError: Connection timeout to host https://discord.com/api/v9/unique-username/username-attempt-unauthed
2026-09-01 18:31:29	NETWORK	iiwo	attempt=1	proxy=http://wiw4v7duaymysz9-session-cad9ff6d324f-lifetime-10:***@rp.scrapegw.com:6060	ConnectionTimeoutError: Connection timeout to host https://discord.com/api/v9/unique-username/username-attempt-unauthed
2026-09-01 18:31:29	NETWORK	iiyz	attempt=1	proxy=http://wiw4v7duaymysz9-session-684f74b74b03-lifetime-10:***@rp.scrapegw.com:6060	ConnectionTimeoutError: Connection timeout to host https://discord.com/api/v9/unique-username/username-attempt-unauthed
2026-09-01 18:31:29	NETWORK	iixm	attempt=1	proxy=http://wiw4v7duaymysz9-session-be85938f2f83-lifetime-10:***@rp.scrapegw.com:6060	ConnectionTimeoutError: Connection timeout to host https://discord.com/api/v9/unique-username/username-attempt-unauthed
2026-09-01 18:31:29	NETWORK	iiwa	attempt=1	proxy=http://wiw4v7duaymysz9-session-3293735ab7c2-lifetime-10:***@rp.scrapegw.com:6060	ConnectionTimeoutError: Connection timeout to host https://discord.com/api/v9/unique-username/username-attempt-unauthed
2026-09-01 18:31:29	NETWORK	iiti	attempt=1	proxy=http://wiw4v7duaymysz9-session-1c13683d5185-lifetime-10:***@rp.scrapegw.com:6060	ConnectionTimeoutError: Connection timeout to host https://discord.com/api/v9/unique-username/username-attempt-unauthed
2026-09-01 18:31:29	NETWORK	iizq	attempt=1	proxy=http://wiw4v7duaymysz9-session-00dab189517f-lifetime-10:***@rp.scrapegw.com:6060	ConnectionTimeoutError: Connection timeout to host https://discord.com/api/v9/unique-username/username-attempt-unauthed
2026-09-01 18:31:29	NETWORK	iizz	attempt=1	proxy=http://wiw4v7duaymysz9-session-31247bf6da6f-lifetime-10:***@rp.scrapegw.com:6060	ConnectionTimeoutError: Connection timeout to host https://discord.com/api/v9/unique-username/username-attempt-unauthed
2026-09-01 18:31:29	NETWORK	iiwy	attempt=1	proxy=http://wiw4v7duaymysz9-session-57b092efb327-lifetime-10:***@rp.scrapegw.com:6060	ConnectionTimeoutError: Connection timeout to host https://discord.com/api/v9/unique-username/username-attempt-unauthed
2026-09-01 18:31:29	NETWORK	iiys	attempt=1	proxy=http://wiw4v7duaymysz9-session-c8bcb2104328-lifetime-10:***@rp.scrapegw.com:6060	ConnectionTimeoutError: Connection timeout to host https://discord.com/api/v9/unique-username/username-attempt-unauthed
2026-09-01 18:31:29	NETWORK	iiwp	attempt=1	proxy=http://wiw4v7duaymysz9-session-e3288a0e131f-lifetime-10:***@rp.scrapegw.com:6060	ConnectionTimeoutError: Connection timeout to host https://discord.com/api/v9/unique-username/username-attempt-unauthed
2026-09-01 18:31:29	NETWORK	iiwd	attempt=1	proxy=http://wiw4v7duaymysz9-session-d3e7a6ad5901-lifetime-10:***@rp.scrapegw.com:6060	ConnectionTimeoutError: Connection timeout to host https://discord.com/api/v9/unique-username/username-attempt-unauthed
2026-09-01 18:31:29	NETWORK	iivk	attempt=1	proxy=http://wiw4v7duaymysz9-session-e8854d8acba5-lifetime-10:***@rp.scrapegw.com:6060	ConnectionTimeoutError: Connection timeout to host https://discord.com/api/v9/unique-username/username-attempt-unauthed
2026-09-01 18:31:29	NETWORK	iiyk	attempt=1	proxy=http://wiw4v7duaymysz9-session-b1583ac9f677-lifetime-10:***@rp.scrapegw.com:6060	ConnectionTimeoutError: Connection timeout to host https://discord.com/api/v9/unique-username/username-attempt-unauthed
2026-09-01 18:31:29	NETWORK	iixs	attempt=1	proxy=http://wiw4v7duaymysz9-session-c03d013259a0-lifetime-10:***@rp.scrapegw.com:6060	ConnectionTimeoutError: Connection timeout to host https://discord.com/api/v9/unique-username/username-attempt-unauthed
2026-09-01 18:31:29	NETWORK	iixq	attempt=1	proxy=http://wiw4v7duaymysz9-session-14b4bb338d21-lifetime-10:***@rp.scrapegw.com:6060	ConnectionTimeoutError: Connection timeout to host https://discord.com/api/v9/unique-username/username-attempt-unauthed
2026-09-01 18:31:29	NETWORK	iiza	attempt=1	proxy=http://wiw4v7duaymysz9-session-4784fc444dce-lifetime-10:***@rp.scrapegw.com:6060	ConnectionTimeoutError: Connection timeout to host https://discord.com/api/v9/unique-username/username-attempt-unauthed
2026-09-01 18:31:29	NETWORK	iixv	attempt=1	proxy=http://wiw4v7duaymysz9-session-cc0a284395bb-lifetime-10:***@rp.scrapegw.com:6060	ConnectionTimeoutError: Connection timeout to host https://discord.com/api/v9/unique-username/username-attempt-unauthed
2026-09-01 18:31:29	NETWORK	iiwv	attempt=1	proxy=http://wiw4v7duaymysz9-session-e387596cfbe4-lifetime-10:***@rp.scrapegw.com:6060	ConnectionTimeoutError: Connection timeout to host https://discord.com/api/v9/unique-username/username-attempt-unauthed
2026-09-01 18:31:29	NETWORK	iivy	attempt=1	proxy=http://wiw4v7duaymysz9-session-ee2fa75c4778-lifetime-10:***@rp.scrapegw.com:6060	ConnectionTimeoutError: Connection timeout to host https://discord.com/api/v9/unique-username/username-attempt-unauthed
2026-09-01 18:31:29	NETWORK	iite	attempt=1	proxy=http://wiw4v7duaymysz9-session-f6660ca5e320-lifetime-10:***@rp.scrapegw.com:6060	ConnectionTimeoutError: Connection timeout to host https://discord.com/api/v9/unique-username/username-attempt-unauthed
2026-09-01 18:31:29	NETWORK	iitx	attempt=1	proxy=http://wiw4v7duaymysz9-session-2c740a43c3b3-lifetime-10:***@rp.scrapegw.com:6060	ConnectionTimeoutError: Connection timeout to host https://discord.com/api/v9/unique-username/username-attempt-unauthed
2026-09-01 18:31:29	NETWORK	iiui	attempt=1	proxy=http://wiw4v7duaymysz9-session-3e1557ba504c-lifetime-10:***@rp.scrapegw.com:6060	ConnectionTimeoutError: Connection timeout to host https://discord.com/api/v9/unique-username/username-attempt-unauthed
2026-09-01 18:31:29	NETWORK	iiyt	attempt=1	proxy=http://wiw4v7duaymysz9-session-bed443f028e8-lifetime-10:***@rp.scrapegw.com:6060	ConnectionTimeoutError: Connection timeout to host https://discord.com/api/v9/unique-username/username-attempt-unauthed
2026-09-01 18:31:29	NETWORK	ijaa	attempt=1	proxy=http://wiw4v7duaymysz9-session-c6777fa470a6-lifetime-10:***@rp.scrapegw.com:6060	ConnectionTimeoutError: Connection timeout to host https://discord.com/api/v9/unique-username/username-attempt-unauthed
2026-09-01 18:31:29	NETWORK	iivl	attempt=1	proxy=http://wiw4v7duaymysz9-session-4a98ef1e4acd-lifetime-10:***@rp.scrapegw.com:6060	ConnectionTimeoutError: Connection timeout to host https://discord.com/api/v9/unique-username/username-attempt-unauthed
2026-09-01 18:31:29	NETWORK	iiyp	attempt=1	proxy=http://wiw4v7duaymysz9-session-d70a592981d5-lifetime-10:***@rp.scrapegw.com:6060	ConnectionTimeoutError: Connection timeout to host https://discord.com/api/v9/unique-username/username-attempt-unauthed
2026-09-01 18:31:29	NETWORK	iiuc	attempt=1	proxy=http://wiw4v7duaymysz9-session-dc5ae433895b-lifetime-10:***@rp.scrapegw.com:6060	ConnectionTimeoutError: Connection timeout to host https://discord.com/api/v9/unique-username/username-attempt-unauthed
2026-09-01 18:31:29	NETWORK	iizg	attempt=1	proxy=http://wiw4v7duaymysz9-session-12ece76d77ea-lifetime-10:***@rp.scrapegw.com:6060	ConnectionTimeoutError: Connection timeout to host https://discord.com/api/v9/unique-username/username-attempt-unauthed
2026-09-01 18:31:29	NETWORK	ijap	attempt=1	proxy=http://wiw4v7duaymysz9-session-1864cdbb0685-lifetime-10:***@rp.scrapegw.com:6060	ConnectionTimeoutError: Connection timeout to host https://discord.com/api/v9/unique-username/username-attempt-unauthed
2026-09-01 18:31:29	NETWORK	iixg	attempt=1	proxy=http://wiw4v7duaymysz9-session-f03d0352eeeb-lifetime-10:***@rp.scrapegw.com:6060	ConnectionTimeoutError: Connection timeout to host https://discord.com/api/v9/unique-username/username-attempt-unauthed
2026-09-01 18:31:29	NETWORK	iitn	attempt=1	proxy=http://wiw4v7duaymysz9-session-f59ac6b0797b-lifetime-10:***@rp.scrapegw.com:6060	ConnectionTimeoutError: Connection timeout to host https://discord.com/api/v9/unique-username/username-attempt-unauthed
2026-09-01 18:31:29	NETWORK	iiym	attempt=1	proxy=http://wiw4v7duaymysz9-session-73363b87867d-lifetime-10:***@rp.scrapegw.com:6060	ConnectionTimeoutError: Connection timeout to host https://discord.com/api/v9/unique-username/username-attempt-unauthed
2026-09-01 18:31:29	NETWORK	iixj	attempt=1	proxy=http://wiw4v7duaymysz9-session-c3985e4cbc02-lifetime-10:***@rp.scrapegw.com:6060	ConnectionTimeoutError: Connection timeout to host https://discord.com/api/v9/unique-username/username-attempt-unauthed
2026-09-01 18:31:29	NETWORK	iivo	attempt=1	proxy=http://wiw4v7duaymysz9-session-593682543266-lifetime-10:***@rp.scrapegw.com:6060	ConnectionTimeoutError: Connection timeout to host https://discord.com/api/v9/unique-username/username-attempt-unauthed
2026-09-01 18:31:29	NETWORK	iiyi	attempt=1	proxy=http://wiw4v7duaymysz9-session-86bd4615fdc1-lifetime-10:***@rp.scrapegw.com:6060	ConnectionTimeoutError: Connection timeout to host https://discord.com/api/v9/unique-username/username-attempt-unauthed
2026-09-01 18:31:29	HTTP_429	ijup	attempt=1	proxy=http://wiw4v7duaymysz9-session-30835eeefcf2-lifetime-10:***@rp.scrapegw.com:6060	scope=shared global=False retry_after=695.00s
2026-09-01 18:31:30	HTTP_429	ilze	attempt=1	proxy=http://wiw4v7duaymysz9-session-22bbba84bf45-lifetime-10:***@rp.scrapegw.com:6060	scope=shared global=False retry_after=1422.00s
2026-09-01 18:31:30	HTTP_429	imdq	attempt=1	proxy=http://wiw4v7duaymysz9-session-56468ce7b2fb-lifetime-10:***@rp.scrapegw.com:6060	scope=shared global=False retry_after=1117.00s
2026-09-01 18:31:30	HTTP_429	imfd	attempt=1	proxy=http://wiw4v7duaymysz9-session-758271fa401f-lifetime-10:***@rp.scrapegw.com:6060	scope=shared global=False retry_after=2058.00s
2026-09-01 18:31:30	NETWORK	ijgh	attempt=1	proxy=http://wiw4v7duaymysz9-session-c7d879c0a740-lifetime-10:***@rp.scrapegw.com:6060	ConnectionTimeoutError: Connection timeout to host https://discord.com/api/v9/unique-username/username-attempt-unauthed
2026-09-01 18:31:30	NETWORK	ijft	attempt=1	proxy=http://wiw4v7duaymysz9-session-b1d3131c62c3-lifetime-10:***@rp.scrapegw.com:6060	ConnectionTimeoutError: Connection timeout to host https://discord.com/api/v9/unique-username/username-attempt-unauthed
2026-09-01 18:31:30	NETWORK	ijfk	attempt=1	proxy=http://wiw4v7duaymysz9-session-2d45dbf08903-lifetime-10:***@rp.scrapegw.com:6060	ConnectionTimeoutError: Connection timeout to host https://discord.com/api/v9/unique-username/username-attempt-unauthed
2026-09-01 18:31:30	NETWORK	ijfa	attempt=1	proxy=http://wiw4v7duaymysz9-session-40755ee5e084-lifetime-10:***@rp.scrapegw.com:6060	ConnectionTimeoutError: Connection timeout to host https://discord.com/api/v9/unique-username/username-attempt-unauthed
2026-09-01 18:31:30	NETWORK	ijhd	attempt=1	proxy=http://wiw4v7duaymysz9-session-a8c7b0153cdb-lifetime-10:***@rp.scrapegw.com:6060	ConnectionTimeoutError: Connection timeout to host https://discord.com/api/v9/unique-username/username-attempt-unauthed
2026-09-01 18:31:30	NETWORK	ijei	attempt=1	proxy=http://wiw4v7duaymysz9-session-7a6d219591c1-lifetime-10:***@rp.scrapegw.com:6060	ConnectionTimeoutError: Connection timeout to host https://discord.com/api/v9/unique-username/username-attempt-unauthed
2026-09-01 18:31:30	NETWORK	ijfw	attempt=1	proxy=http://wiw4v7duaymysz9-session-9f0c911c4831-lifetime-10:***@rp.scrapegw.com:6060	ConnectionTimeoutError: Connection timeout to host https://discord.com/api/v9/unique-username/username-attempt-unauthed
2026-09-01 18:31:30	NETWORK	ijeo	attempt=1	proxy=http://wiw4v7duaymysz9-session-9ef807fdf76a-lifetime-10:***@rp.scrapegw.com:6060	ConnectionTimeoutError: Connection timeout to host https://discord.com/api/v9/unique-username/username-attempt-unauthed
2026-09-01 18:31:30	NETWORK	ijdy	attempt=1	proxy=http://wiw4v7duaymysz9-session-95f2fe0268bc-lifetime-10:***@rp.scrapegw.com:6060	ConnectionTimeoutError: Connection timeout to host https://discord.com/api/v9/unique-username/username-attempt-unauthed
2026-09-01 18:31:30	NETWORK	ijga	attempt=1	proxy=http://wiw4v7duaymysz9-session-4c3517a49153-lifetime-10:***@rp.scrapegw.com:6060	ConnectionTimeoutError: Connection timeout to host https://discord.com/api/v9/unique-username/username-attempt-unauthed
2026-09-01 18:31:30	NETWORK	ijdl	attempt=1	proxy=http://wiw4v7duaymysz9-session-2c8d05e2516c-lifetime-10:***@rp.scrapegw.com:6060	ConnectionTimeoutError: Connection timeout to host https://discord.com/api/v9/unique-username/username-attempt-unauthed
2026-09-01 18:31:30	NETWORK	ijcw	attempt=1	proxy=http://wiw4v7duaymysz9-session-b202aca54c54-lifetime-10:***@rp.scrapegw.com:6060	ConnectionTimeoutError: Connection timeout to host https://discord.com/api/v9/unique-username/username-attempt-unauthed
2026-09-01 18:31:30	NETWORK	ijcg	attempt=1	proxy=http://wiw4v7duaymysz9-session-1286d318b7ce-lifetime-10:***@rp.scrapegw.com:6060	ConnectionTimeoutError: Connection timeout to host https://discord.com/api/v9/unique-username/username-attempt-unauthed
2026-09-01 18:31:30	NETWORK	ijce	attempt=1	proxy=http://wiw4v7duaymysz9-session-224f8507a49b-lifetime-10:***@rp.scrapegw.com:6060	ConnectionTimeoutError: Connection timeout to host https://discord.com/api/v9/unique-username/username-attempt-unauthed
2026-09-01 18:31:30	NETWORK	ijfs	attempt=1	proxy=http://wiw4v7duaymysz9-session-4a6c843dd3dd-lifetime-10:***@rp.scrapegw.com:6060	ConnectionTimeoutError: Connection timeout to host https://discord.com/api/v9/unique-username/username-attempt-unauthed
2026-09-01 18:31:30	NETWORK	ijcb	attempt=1	proxy=http://wiw4v7duaymysz9-session-fcd2d95446d3-lifetime-10:***@rp.scrapegw.com:6060	ConnectionTimeoutError: Connection timeout to host https://discord.com/api/v9/unique-username/username-attempt-unauthed
2026-09-01 18:31:30	NETWORK	ijeg	attempt=1	proxy=http://wiw4v7duaymysz9-session-c7bc763d0889-lifetime-10:***@rp.scrapegw.com:6060	ConnectionTimeoutError: Connection timeout to host https://discord.com/api/v9/unique-username/username-attempt-unauthed
2026-09-01 18:31:30	NETWORK	ijbj	attempt=1	proxy=http://wiw4v7duaymysz9-session-aa0eaf69ff26-lifetime-10:***@rp.scrapegw.com:6060	ConnectionTimeoutError: Connection timeout to host https://discord.com/api/v9/unique-username/username-attempt-unauthed
2026-09-01 18:31:30	NETWORK	ijbd	attempt=1	proxy=http://wiw4v7duaymysz9-session-a6776bd3ab8a-lifetime-10:***@rp.scrapegw.com:6060	ConnectionTimeoutError: Connection timeout to host https://discord.com/api/v9/unique-username/username-attempt-unauthed
2026-09-01 18:31:30	NETWORK	ijau	attempt=1	proxy=http://wiw4v7duaymysz9-session-0ad6060a11bc-lifetime-10:***@rp.scrapegw.com:6060	ConnectionTimeoutError: Connection timeout to host https://discord.com/api/v9/unique-username/username-attempt-unauthed
2026-09-01 18:31:30	NETWORK	ijgo	attempt=1	proxy=http://wiw4v7duaymysz9-session-ecc8564cef5e-lifetime-10:***@rp.scrapegw.com:6060	ConnectionTimeoutError: Connection timeout to host https://discord.com/api/v9/unique-username/username-attempt-unauthed
2026-09-01 18:31:30	NETWORK	ijct	attempt=1	proxy=http://wiw4v7duaymysz9-session-6120a5dbf965-lifetime-10:***@rp.scrapegw.com:6060	ConnectionTimeoutError: Connection timeout to host https://discord.com/api/v9/unique-username/username-attempt-unauthed
2026-09-01 18:31:30	NETWORK	ijhb	attempt=1	proxy=http://wiw4v7duaymysz9-session-8ad830f56cf4-lifetime-10:***@rp.scrapegw.com:6060	ConnectionTimeoutError: Connection timeout to host https://discord.com/api/v9/unique-username/username-attempt-unauthed
2026-09-01 18:31:30	NETWORK	ijgb	attempt=1	proxy=http://wiw4v7duaymysz9-session-5e3bd998f11b-lifetime-10:***@rp.scrapegw.com:6060	ConnectionTimeoutError: Connection timeout to host https://discord.com/api/v9/unique-username/username-attempt-unauthed
2026-09-01 18:31:30	NETWORK	ijfp	attempt=1	proxy=http://wiw4v7duaymysz9-session-48d6b3b47617-lifetime-10:***@rp.scrapegw.com:6060	ConnectionTimeoutError: Connection timeout to host https://discord.com/api/v9/unique-username/username-attempt-unauthed
2026-09-01 18:31:30	NETWORK	ijfm	attempt=1	proxy=http://wiw4v7duaymysz9-session-1a4617f30e54-lifetime-10:***@rp.scrapegw.com:6060	ConnectionTimeoutError: Connection timeout to host https://discord.com/api/v9/unique-username/username-attempt-unauthed
2026-09-01 18:31:30	NETWORK	ijfj	attempt=1	proxy=http://wiw4v7duaymysz9-session-f91a0e778b01-lifetime-10:***@rp.scrapegw.com:6060	ConnectionTimeoutError: Connection timeout to host https://discord.com/api/v9/unique-username/username-attempt-unauthed
2026-09-01 18:31:30	NETWORK	ijez	attempt=1	proxy=http://wiw4v7duaymysz9-session-1dff2d39933b-lifetime-10:***@rp.scrapegw.com:6060	ConnectionTimeoutError: Connection timeout to host https://discord.com/api/v9/unique-username/username-attempt-unauthed
2026-09-01 18:31:30	NETWORK	ijef	attempt=1	proxy=http://wiw4v7duaymysz9-session-a4512487d630-lifetime-10:***@rp.scrapegw.com:6060	ConnectionTimeoutError: Connection timeout to host https://discord.com/api/v9/unique-username/username-attempt-unauthed
2026-09-01 18:31:30	NETWORK	ijdk	attempt=1	proxy=http://wiw4v7duaymysz9-session-3e43ccd85c9d-lifetime-10:***@rp.scrapegw.com:6060	ConnectionTimeoutError: Connection timeout to host https://discord.com/api/v9/unique-username/username-attempt-unauthed
2026-09-01 18:31:30	NETWORK	ijgs	attempt=1	proxy=http://wiw4v7duaymysz9-session-de9f68241b83-lifetime-10:***@rp.scrapegw.com:6060	ConnectionTimeoutError: Connection timeout to host https://discord.com/api/v9/unique-username/username-attempt-unauthed
2026-09-01 18:31:30	NETWORK	ijgx	attempt=1	proxy=http://wiw4v7duaymysz9-session-f3fad6a36e88-lifetime-10:***@rp.scrapegw.com:6060	ConnectionTimeoutError: Connection timeout to host https://discord.com/api/v9/unique-username/username-attempt-unauthed
2026-09-01 18:31:30	NETWORK	ijgu	attempt=1	proxy=http://wiw4v7duaymysz9-session-b0831f322abd-lifetime-10:***@rp.scrapegw.com:6060	ConnectionTimeoutError: Connection timeout to host https://discord.com/api/v9/unique-username/username-attempt-unauthed
2026-09-01 18:31:30	HTTP_429	imgj	attempt=1	proxy=http://wiw4v7duaymysz9-session-ebf7f8be7c0b-lifetime-10:***@rp.scrapegw.com:6060	scope=shared global=False retry_after=1363.00s
2026-09-01 18:31:31	HTTP_429	imgx	attempt=1	proxy=http://wiw4v7duaymysz9-session-82d752f207ff-lifetime-10:***@rp.scrapegw.com:6060	scope=shared global=False retry_after=452.00s
2026-09-01 18:31:31	HTTP_429	imjx	attempt=1	proxy=http://wiw4v7duaymysz9-session-72f89cba3393-lifetime-10:***@rp.scrapegw.com:6060	scope=shared global=False retry_after=1117.00s
2026-09-01 18:31:31	HTTP_429	imki	attempt=1	proxy=http://wiw4v7duaymysz9-session-538cc762414e-lifetime-10:***@rp.scrapegw.com:6060	scope=shared global=False retry_after=2048.00s
2026-09-01 18:31:31	HTTP_429	imiu	attempt=1	proxy=http://wiw4v7duaymysz9-session-53101f9fce92-lifetime-10:***@rp.scrapegw.com:6060	scope=shared global=False retry_after=2048.00s
2026-09-01 18:31:31	HTTP_429	ikrz	attempt=1	proxy=http://wiw4v7duaymysz9-session-31247bf6da6f-lifetime-10:***@rp.scrapegw.com:6060	scope=shared global=False retry_after=263.00s
2026-09-01 18:31:31	HTTP_429	imlb	attempt=1	proxy=http://wiw4v7duaymysz9-session-b8771fb5eed1-lifetime-10:***@rp.scrapegw.com:6060	scope=shared global=False retry_after=2048.00s
2026-09-01 18:31:31	NETWORK	ijjf	attempt=1	proxy=http://wiw4v7duaymysz9-session-f2694efd25f2-lifetime-10:***@rp.scrapegw.com:6060	ConnectionTimeoutError: Connection timeout to host https://discord.com/api/v9/unique-username/username-attempt-unauthed
2026-09-01 18:31:31	NETWORK	ijjs	attempt=1	proxy=http://wiw4v7duaymysz9-session-360031d35147-lifetime-10:***@rp.scrapegw.com:6060	ConnectionTimeoutError: Connection timeout to host https://discord.com/api/v9/unique-username/username-attempt-unauthed
2026-09-01 18:31:31	NETWORK	ijjk	attempt=1	proxy=http://wiw4v7duaymysz9-session-5acfece12986-lifetime-10:***@rp.scrapegw.com:6060	ConnectionTimeoutError: Connection timeout to host https://discord.com/api/v9/unique-username/username-attempt-unauthed
2026-09-01 18:31:31	NETWORK	ijnr	attempt=1	proxy=http://wiw4v7duaymysz9-session-a1d2e9ede713-lifetime-10:***@rp.scrapegw.com:6060	ConnectionTimeoutError: Connection timeout to host https://discord.com/api/v9/unique-username/username-attempt-unauthed
2026-09-01 18:31:31	NETWORK	ijio	attempt=1	proxy=http://wiw4v7duaymysz9-session-c8da2023c871-lifetime-10:***@rp.scrapegw.com:6060	ConnectionTimeoutError: Connection timeout to host https://discord.com/api/v9/unique-username/username-attempt-unauthed
2026-09-01 18:31:31	NETWORK	ijhs	attempt=1	proxy=http://wiw4v7duaymysz9-session-fd380f5d57d0-lifetime-10:***@rp.scrapegw.com:6060	ConnectionTimeoutError: Connection timeout to host https://discord.com/api/v9/unique-username/username-attempt-unauthed
2026-09-01 18:31:31	NETWORK	ijnf	attempt=1	proxy=http://wiw4v7duaymysz9-session-03f25304a78e-lifetime-10:***@rp.scrapegw.com:6060	ConnectionTimeoutError: Connection timeout to host https://discord.com/api/v9/unique-username/username-attempt-unauthed
2026-09-01 18:31:31	NETWORK	ijjw	attempt=1	proxy=http://wiw4v7duaymysz9-session-60229babc951-lifetime-10:***@rp.scrapegw.com:6060	ConnectionTimeoutError: Connection timeout to host https://discord.com/api/v9/unique-username/username-attempt-unauthed
2026-09-01 18:31:31	NETWORK	ijoe	attempt=1	proxy=http://wiw4v7duaymysz9-session-ceae0f53c23d-lifetime-10:***@rp.scrapegw.com:6060	ConnectionTimeoutError: Connection timeout to host https://discord.com/api/v9/unique-username/username-attempt-unauthed
2026-09-01 18:31:31	NETWORK	ijhu	attempt=1	proxy=http://wiw4v7duaymysz9-session-df8fd214f32b-lifetime-10:***@rp.scrapegw.com:6060	ConnectionTimeoutError: Connection timeout to host https://discord.com/api/v9/unique-username/username-attempt-unauthed
2026-09-01 18:31:31	NETWORK	ijjc	attempt=1	proxy=http://wiw4v7duaymysz9-session-a5a8ce86f8f5-lifetime-10:***@rp.scrapegw.com:6060	ConnectionTimeoutError: Connection timeout to host https://discord.com/api/v9/unique-username/username-attempt-unauthed
2026-09-01 18:31:31	NETWORK	ijjx	attempt=1	proxy=http://wiw4v7duaymysz9-session-29fa996509f8-lifetime-10:***@rp.scrapegw.com:6060	ConnectionTimeoutError: Connection timeout to host https://discord.com/api/v9/unique-username/username-attempt-unauthed
2026-09-01 18:31:31	NETWORK	ijmd	attempt=1	proxy=http://wiw4v7duaymysz9-session-bb9282e8037f-lifetime-10:***@rp.scrapegw.com:6060	ConnectionTimeoutError: Connection timeout to host https://discord.com/api/v9/unique-username/username-attempt-unauthed
2026-09-01 18:31:31	NETWORK	ijkz	attempt=1	proxy=http://wiw4v7duaymysz9-session-59a420ed749b-lifetime-10:***@rp.scrapegw.com:6060	ConnectionTimeoutError: Connection timeout to host https://discord.com/api/v9/unique-username/username-attempt-unauthed
2026-09-01 18:31:31	NETWORK	ijnw	attempt=1	proxy=http://wiw4v7duaymysz9-session-38809268fe8e-lifetime-10:***@rp.scrapegw.com:6060	ConnectionTimeoutError: Connection timeout to host https://discord.com/api/v9/unique-username/username-attempt-unauthed
2026-09-01 18:31:31	NETWORK	ijiz	attempt=1	proxy=http://wiw4v7duaymysz9-session-ca2efcd6f78e-lifetime-10:***@rp.scrapegw.com:6060	ConnectionTimeoutError: Connection timeout to host https://discord.com/api/v9/unique-username/username-attempt-unauthed
2026-09-01 18:31:31	NETWORK	ijmh	attempt=1	proxy=http://wiw4v7duaymysz9-session-be3190ac2a99-lifetime-10:***@rp.scrapegw.com:6060	ConnectionTimeoutError: Connection timeout to host https://discord.com/api/v9/unique-username/username-attempt-unauthed
2026-09-01 18:31:31	NETWORK	ijko	attempt=1	proxy=http://wiw4v7duaymysz9-session-48b3b67db0af-lifetime-10:***@rp.scrapegw.com:6060	ConnectionTimeoutError: Connection timeout to host https://discord.com/api/v9/unique-username/username-attempt-unauthed
2026-09-01 18:31:31	NETWORK	ijjn	attempt=1	proxy=http://wiw4v7duaymysz9-session-2bde7f139cc6-lifetime-10:***@rp.scrapegw.com:6060	ConnectionTimeoutError: Connection timeout to host https://discord.com/api/v9/unique-username/username-attempt-unauthed
2026-09-01 18:31:31	NETWORK	ijnx	attempt=1	proxy=http://wiw4v7duaymysz9-session-e6945f999c29-lifetime-10:***@rp.scrapegw.com:6060	ConnectionTimeoutError: Connection timeout to host https://discord.com/api/v9/unique-username/username-attempt-unauthed
2026-09-01 18:31:31	NETWORK	ijoi	attempt=1	proxy=http://wiw4v7duaymysz9-session-89002893426c-lifetime-10:***@rp.scrapegw.com:6060	ConnectionTimeoutError: Connection timeout to host https://discord.com/api/v9/unique-username/username-attempt-unauthed
2026-09-01 18:31:31	NETWORK	ijog	attempt=1	proxy=http://wiw4v7duaymysz9-session-fdb8f88554d8-lifetime-10:***@rp.scrapegw.com:6060	ConnectionTimeoutError: Connection timeout to host https://discord.com/api/v9/unique-username/username-attempt-unauthed
2026-09-01 18:31:31	NETWORK	ijod	attempt=1	proxy=http://wiw4v7duaymysz9-session-cc826287b102-lifetime-10:***@rp.scrapegw.com:6060	ConnectionTimeoutError: Connection timeout to host https://discord.com/api/v9/unique-username/username-attempt-unauthed
2026-09-01 18:31:31	NETWORK	ijmz	attempt=1	proxy=http://wiw4v7duaymysz9-session-88bef620676b-lifetime-10:***@rp.scrapegw.com:6060	ConnectionTimeoutError: Connection timeout to host https://discord.com/api/v9/unique-username/username-attempt-unauthed
2026-09-01 18:31:31	NETWORK	ijnn	attempt=1	proxy=http://wiw4v7duaymysz9-session-d146bb2d5893-lifetime-10:***@rp.scrapegw.com:6060	ConnectionTimeoutError: Connection timeout to host https://discord.com/api/v9/unique-username/username-attempt-unauthed
2026-09-01 18:31:31	NETWORK	ijjq	attempt=1	proxy=http://wiw4v7duaymysz9-session-9c0e092bfa91-lifetime-10:***@rp.scrapegw.com:6060	ConnectionTimeoutError: Connection timeout to host https://discord.com/api/v9/unique-username/username-attempt-unauthed
2026-09-01 18:31:31	NETWORK	ijjy	attempt=1	proxy=http://wiw4v7duaymysz9-session-3bd211fe2858-lifetime-10:***@rp.scrapegw.com:6060	ConnectionTimeoutError: Connection timeout to host https://discord.com/api/v9/unique-username/username-attempt-unauthed
2026-09-01 18:31:31	NETWORK	ijlj	attempt=1	proxy=http://wiw4v7duaymysz9-session-221c5a33fe88-lifetime-10:***@rp.scrapegw.com:6060	ConnectionTimeoutError: Connection timeout to host https://discord.com/api/v9/unique-username/username-attempt-unauthed
2026-09-01 18:31:31	NETWORK	ijjg	attempt=1	proxy=http://wiw4v7duaymysz9-session-e5ac658b6604-lifetime-10:***@rp.scrapegw.com:6060	ConnectionTimeoutError: Connection timeout to host https://discord.com/api/v9/unique-username/username-attempt-unauthed
2026-09-01 18:31:31	NETWORK	ijky	attempt=1	proxy=http://wiw4v7duaymysz9-session-73e411976001-lifetime-10:***@rp.scrapegw.com:6060	ConnectionTimeoutError: Connection timeout to host https://discord.com/api/v9/unique-username/username-attempt-unauthed
2026-09-01 18:31:31	NETWORK	ijku	attempt=1	proxy=http://wiw4v7duaymysz9-session-d1a9adea7e9f-lifetime-10:***@rp.scrapegw.com:6060	ConnectionTimeoutError: Connection timeout to host https://discord.com/api/v9/unique-username/username-attempt-unauthed
2026-09-01 18:31:31	NETWORK	ijjb	attempt=1	proxy=http://wiw4v7duaymysz9-session-da935ad4bc65-lifetime-10:***@rp.scrapegw.com:6060	ConnectionTimeoutError: Connection timeout to host https://discord.com/api/v9/unique-username/username-attempt-unauthed
2026-09-01 18:31:31	NETWORK	ijit	attempt=1	proxy=http://wiw4v7duaymysz9-session-9acbc64eed41-lifetime-10:***@rp.scrapegw.com:6060	ConnectionTimeoutError: Connection timeout to host https://discord.com/api/v9/unique-username/username-attempt-unauthed
2026-09-01 18:31:31	NETWORK	ijkk	attempt=1	proxy=http://wiw4v7duaymysz9-session-a7bd5d6f2b9b-lifetime-10:***@rp.scrapegw.com:6060	ConnectionTimeoutError: Connection timeout to host https://discord.com/api/v9/unique-username/username-attempt-unauthed
2026-09-01 18:31:31	NETWORK	ijnq	attempt=1	proxy=http://wiw4v7duaymysz9-session-088181a74d50-lifetime-10:***@rp.scrapegw.com:6060	ConnectionTimeoutError: Connection timeout to host https://discord.com/api/v9/unique-username/username-attempt-unauthed
2026-09-01 18:31:31	NETWORK	ijnm	attempt=1	proxy=http://wiw4v7duaymysz9-session-6f911040603c-lifetime-10:***@rp.scrapegw.com:6060	ConnectionTimeoutError: Connection timeout to host https://discord.com/api/v9/unique-username/username-attempt-unauthed
2026-09-01 18:31:31	NETWORK	ijje	attempt=1	proxy=http://wiw4v7duaymysz9-session-9be7f7263667-lifetime-10:***@rp.scrapegw.com:6060	ConnectionTimeoutError: Connection timeout to host https://discord.com/api/v9/unique-username/username-attempt-unauthed
2026-09-01 18:31:32	HTTP_429	imnn	attempt=1	proxy=http://wiw4v7duaymysz9-session-862d037419ae-lifetime-10:***@rp.scrapegw.com:6060	scope=shared global=False retry_after=1239.00s
2026-09-01 18:31:32	HTTP_429	imrw	attempt=1	proxy=http://wiw4v7duaymysz9-session-a4df65713f32-lifetime-10:***@rp.scrapegw.com:6060	scope=shared global=False retry_after=1197.00s
2026-09-01 18:31:32	NETWORK	ijzv	attempt=1	proxy=http://wiw4v7duaymysz9-session-7b357c2be757-lifetime-10:***@rp.scrapegw.com:6060	ClientConnectorError: Cannot connect to host discord.com:443 ssl:default [Connection reset by peer]
2026-09-01 18:31:32	NETWORK	ijwb	attempt=1	proxy=http://wiw4v7duaymysz9-session-e7aa2709b4d7-lifetime-10:***@rp.scrapegw.com:6060	ConnectionTimeoutError: Connection timeout to host https://discord.com/api/v9/unique-username/username-attempt-unauthed
2026-09-01 18:31:32	NETWORK	ijwe	attempt=1	proxy=http://wiw4v7duaymysz9-session-0a0abcdd66c7-lifetime-10:***@rp.scrapegw.com:6060	ConnectionTimeoutError: Connection timeout to host https://discord.com/api/v9/unique-username/username-attempt-unauthed
2026-09-01 18:31:32	NETWORK	ijrk	attempt=1	proxy=http://wiw4v7duaymysz9-session-aadb86d538f7-lifetime-10:***@rp.scrapegw.com:6060	ConnectionTimeoutError: Connection timeout to host https://discord.com/api/v9/unique-username/username-attempt-unauthed
2026-09-01 18:31:32	NETWORK	ijsz	attempt=1	proxy=http://wiw4v7duaymysz9-session-9d36ce58e3fc-lifetime-10:***@rp.scrapegw.com:6060	ConnectionTimeoutError: Connection timeout to host https://discord.com/api/v9/unique-username/username-attempt-unauthed
2026-09-01 18:31:32	NETWORK	ijth	attempt=1	proxy=http://wiw4v7duaymysz9-session-1e08dae424fb-lifetime-10:***@rp.scrapegw.com:6060	ConnectionTimeoutError: Connection timeout to host https://discord.com/api/v9/unique-username/username-attempt-unauthed
2026-09-01 18:31:32	NETWORK	ijqn	attempt=1	proxy=http://wiw4v7duaymysz9-session-e04b647b3975-lifetime-10:***@rp.scrapegw.com:6060	ConnectionTimeoutError: Connection timeout to host https://discord.com/api/v9/unique-username/username-attempt-unauthed
2026-09-01 18:31:32	NETWORK	ijsi	attempt=1	proxy=http://wiw4v7duaymysz9-session-4bb3f0c2234a-lifetime-10:***@rp.scrapegw.com:6060	ConnectionTimeoutError: Connection timeout to host https://discord.com/api/v9/unique-username/username-attempt-unauthed
2026-09-01 18:31:32	NETWORK	ijrh	attempt=1	proxy=http://wiw4v7duaymysz9-session-d53738deaec3-lifetime-10:***@rp.scrapegw.com:6060	ConnectionTimeoutError: Connection timeout to host https://discord.com/api/v9/unique-username/username-attempt-unauthed
2026-09-01 18:31:32	NETWORK	ijva	attempt=1	proxy=http://wiw4v7duaymysz9-session-3283a4a606a4-lifetime-10:***@rp.scrapegw.com:6060	ConnectionTimeoutError: Connection timeout to host https://discord.com/api/v9/unique-username/username-attempt-unauthed
2026-09-01 18:31:32	NETWORK	ijvg	attempt=1	proxy=http://wiw4v7duaymysz9-session-fb7abfc3feef-lifetime-10:***@rp.scrapegw.com:6060	ConnectionTimeoutError: Connection timeout to host https://discord.com/api/v9/unique-username/username-attempt-unauthed
2026-09-01 18:31:32	NETWORK	ijwg	attempt=1	proxy=http://wiw4v7duaymysz9-session-27443cf76a22-lifetime-10:***@rp.scrapegw.com:6060	ConnectionTimeoutError: Connection timeout to host https://discord.com/api/v9/unique-username/username-attempt-unauthed
2026-09-01 18:31:32	NETWORK	ijua	attempt=1	proxy=http://wiw4v7duaymysz9-session-454afd857d70-lifetime-10:***@rp.scrapegw.com:6060	ConnectionTimeoutError: Connection timeout to host https://discord.com/api/v9/unique-username/username-attempt-unauthed
2026-09-01 18:31:32	NETWORK	ijtz	attempt=1	proxy=http://wiw4v7duaymysz9-session-27086611a997-lifetime-10:***@rp.scrapegw.com:6060	ConnectionTimeoutError: Connection timeout to host https://discord.com/api/v9/unique-username/username-attempt-unauthed
2026-09-01 18:31:32	NETWORK	ijte	attempt=1	proxy=http://wiw4v7duaymysz9-session-4aaccf1b8ade-lifetime-10:***@rp.scrapegw.com:6060	ConnectionTimeoutError: Connection timeout to host https://discord.com/api/v9/unique-username/username-attempt-unauthed
2026-09-01 18:31:32	NETWORK	ijrp	attempt=1	proxy=http://wiw4v7duaymysz9-session-25fbfc19cfcc-lifetime-10:***@rp.scrapegw.com:6060	ConnectionTimeoutError: Connection timeout to host https://discord.com/api/v9/unique-username/username-attempt-unauthed
2026-09-01 18:31:32	NETWORK	ijrl	attempt=1	proxy=http://wiw4v7duaymysz9-session-b16b2b23e606-lifetime-10:***@rp.scrapegw.com:6060	ConnectionTimeoutError: Connection timeout to host https://discord.com/api/v9/unique-username/username-attempt-unauthed
2026-09-01 18:31:32	NETWORK	ijsr	attempt=1	proxy=http://wiw4v7duaymysz9-session-9f1cbc2e3782-lifetime-10:***@rp.scrapegw.com:6060	ConnectionTimeoutError: Connection timeout to host https://discord.com/api/v9/unique-username/username-attempt-unauthed
2026-09-01 18:31:32	NETWORK	ijsp	attempt=1	proxy=http://wiw4v7duaymysz9-session-2ff542d7f42d-lifetime-10:***@rp.scrapegw.com:6060	ConnectionTimeoutError: Connection timeout to host https://discord.com/api/v9/unique-username/username-attempt-unauthed
2026-09-01 18:31:32	NETWORK	ijsu	attempt=1	proxy=http://wiw4v7duaymysz9-session-9ef2a4e6c36c-lifetime-10:***@rp.scrapegw.com:6060	ConnectionTimeoutError: Connection timeout to host https://discord.com/api/v9/unique-username/username-attempt-unauthed
2026-09-01 18:31:32	NETWORK	ijrg	attempt=1	proxy=http://wiw4v7duaymysz9-session-207a055cfea9-lifetime-10:***@rp.scrapegw.com:6060	ConnectionTimeoutError: Connection timeout to host https://discord.com/api/v9/unique-username/username-attempt-unauthed
2026-09-01 18:31:32	NETWORK	ijqx	attempt=1	proxy=http://wiw4v7duaymysz9-session-6e9462b5d16d-lifetime-10:***@rp.scrapegw.com:6060	ConnectionTimeoutError: Connection timeout to host https://discord.com/api/v9/unique-username/username-attempt-unauthed
2026-09-01 18:31:32	NETWORK	ijqo	attempt=1	proxy=http://wiw4v7duaymysz9-session-f3c4e2f06772-lifetime-10:***@rp.scrapegw.com:6060	ConnectionTimeoutError: Connection timeout to host https://discord.com/api/v9/unique-username/username-attempt-unauthed
2026-09-01 18:31:32	NETWORK	ijvz	attempt=1	proxy=http://wiw4v7duaymysz9-session-ea0b77e45a77-lifetime-10:***@rp.scrapegw.com:6060	ConnectionTimeoutError: Connection timeout to host https://discord.com/api/v9/unique-username/username-attempt-unauthed
2026-09-01 18:31:32	NETWORK	ijqb	attempt=1	proxy=http://wiw4v7duaymysz9-session-44ef6e5322bb-lifetime-10:***@rp.scrapegw.com:6060	ConnectionTimeoutError: Connection timeout to host https://discord.com/api/v9/unique-username/username-attempt-unauthed
2026-09-01 18:31:32	NETWORK	ijpy	attempt=1	proxy=http://wiw4v7duaymysz9-session-3e9b06ae0fc1-lifetime-10:***@rp.scrapegw.com:6060	ConnectionTimeoutError: Connection timeout to host https://discord.com/api/v9/unique-username/username-attempt-unauthed
2026-09-01 18:31:32	NETWORK	ijpx	attempt=1	proxy=http://wiw4v7duaymysz9-session-2c2fdb5adda9-lifetime-10:***@rp.scrapegw.com:6060	ConnectionTimeoutError: Connection timeout to host https://discord.com/api/v9/unique-username/username-attempt-unauthed
2026-09-01 18:31:32	NETWORK	ijpp	attempt=1	proxy=http://wiw4v7duaymysz9-session-a25139c0d42c-lifetime-10:***@rp.scrapegw.com:6060	ConnectionTimeoutError: Connection timeout to host https://discord.com/api/v9/unique-username/username-attempt-unauthed
2026-09-01 18:31:32	NETWORK	ijsa	attempt=1	proxy=http://wiw4v7duaymysz9-session-f33f507b4300-lifetime-10:***@rp.scrapegw.com:6060	ConnectionTimeoutError: Connection timeout to host https://discord.com/api/v9/unique-username/username-attempt-unauthed
2026-09-01 18:31:32	NETWORK	ijwt	attempt=1	proxy=http://wiw4v7duaymysz9-session-2913bc016927-lifetime-10:***@rp.scrapegw.com:6060	ConnectionTimeoutError: Connection timeout to host https://discord.com/api/v9/unique-username/username-attempt-unauthed
2026-09-01 18:31:32	NETWORK	ijtc	attempt=1	proxy=http://wiw4v7duaymysz9-session-e982c2cd68ff-lifetime-10:***@rp.scrapegw.com:6060	ConnectionTimeoutError: Connection timeout to host https://discord.com/api/v9/unique-username/username-attempt-unauthed
2026-09-01 18:31:32	NETWORK	ijqu	attempt=1	proxy=http://wiw4v7duaymysz9-session-305e9e2555c6-lifetime-10:***@rp.scrapegw.com:6060	ConnectionTimeoutError: Connection timeout to host https://discord.com/api/v9/unique-username/username-attempt-unauthed
2026-09-01 18:31:32	NETWORK	ijry	attempt=1	proxy=http://wiw4v7duaymysz9-session-8df34db33838-lifetime-10:***@rp.scrapegw.com:6060	ConnectionTimeoutError: Connection timeout to host https://discord.com/api/v9/unique-username/username-attempt-unauthed
2026-09-01 18:31:32	NETWORK	ijve	attempt=1	proxy=http://wiw4v7duaymysz9-session-6ce08428f46b-lifetime-10:***@rp.scrapegw.com:6060	ConnectionTimeoutError: Connection timeout to host https://discord.com/api/v9/unique-username/username-attempt-unauthed
2026-09-01 18:31:32	NETWORK	ijrd	attempt=1	proxy=http://wiw4v7duaymysz9-session-fda19889a7c3-lifetime-10:***@rp.scrapegw.com:6060	ConnectionTimeoutError: Connection timeout to host https://discord.com/api/v9/unique-username/username-attempt-unauthed
2026-09-01 18:31:32	NETWORK	ijvr	attempt=1	proxy=http://wiw4v7duaymysz9-session-3098263322c6-lifetime-10:***@rp.scrapegw.com:6060	ConnectionTimeoutError: Connection timeout to host https://discord.com/api/v9/unique-username/username-attempt-unauthed
2026-09-01 18:31:32	HTTP_429	impu	attempt=1	proxy=http://wiw4v7duaymysz9-session-7951a2ea2888-lifetime-10:***@rp.scrapegw.com:6060	scope=shared global=False retry_after=1931.00s
2026-09-01 18:31:33	HTTP_429	imss	attempt=1	proxy=http://wiw4v7duaymysz9-session-126b470811ba-lifetime-10:***@rp.scrapegw.com:6060	scope=shared global=False retry_after=2047.00s
2026-09-01 18:31:33	HTTP_429	ilft	attempt=1	proxy=http://wiw4v7duaymysz9-session-a25139c0d42c-lifetime-10:***@rp.scrapegw.com:6060	scope=shared global=False retry_after=775.00s
2026-09-01 18:31:33	HTTP_429	imyb	attempt=1	proxy=http://wiw4v7duaymysz9-session-c289deb45468-lifetime-10:***@rp.scrapegw.com:6060	scope=shared global=False retry_after=143.00s
2026-09-01 18:31:33	NETWORK	ikcr	attempt=1	proxy=http://wiw4v7duaymysz9-session-fda6e24c737d-lifetime-10:***@rp.scrapegw.com:6060	ConnectionTimeoutError: Connection timeout to host https://discord.com/api/v9/unique-username/username-attempt-unauthed
2026-09-01 18:31:33	NETWORK	ijyz	attempt=1	proxy=http://wiw4v7duaymysz9-session-6108548fd240-lifetime-10:***@rp.scrapegw.com:6060	ConnectionTimeoutError: Connection timeout to host https://discord.com/api/v9/unique-username/username-attempt-unauthed
2026-09-01 18:31:33	NETWORK	ijyq	attempt=1	proxy=http://wiw4v7duaymysz9-session-6ee84d357511-lifetime-10:***@rp.scrapegw.com:6060	ConnectionTimeoutError: Connection timeout to host https://discord.com/api/v9/unique-username/username-attempt-unauthed
2026-09-01 18:31:33	NETWORK	ikaz	attempt=1	proxy=http://wiw4v7duaymysz9-session-2988d4e13c01-lifetime-10:***@rp.scrapegw.com:6060	ConnectionTimeoutError: Connection timeout to host https://discord.com/api/v9/unique-username/username-attempt-unauthed
2026-09-01 18:31:33	NETWORK	ijza	attempt=1	proxy=http://wiw4v7duaymysz9-session-22ba033fd9ed-lifetime-10:***@rp.scrapegw.com:6060	ConnectionTimeoutError: Connection timeout to host https://discord.com/api/v9/unique-username/username-attempt-unauthed
2026-09-01 18:31:33	NETWORK	ijyf	attempt=1	proxy=http://wiw4v7duaymysz9-session-bccb71256c44-lifetime-10:***@rp.scrapegw.com:6060	ConnectionTimeoutError: Connection timeout to host https://discord.com/api/v9/unique-username/username-attempt-unauthed
2026-09-01 18:31:33	NETWORK	ijyb	attempt=1	proxy=http://wiw4v7duaymysz9-session-2c6efb2097c1-lifetime-10:***@rp.scrapegw.com:6060	ConnectionTimeoutError: Connection timeout to host https://discord.com/api/v9/unique-username/username-attempt-unauthed
2026-09-01 18:31:33	NETWORK	ijzs	attempt=1	proxy=http://wiw4v7duaymysz9-session-cbe0ca29e3fa-lifetime-10:***@rp.scrapegw.com:6060	ConnectionTimeoutError: Connection timeout to host https://discord.com/api/v9/unique-username/username-attempt-unauthed
2026-09-01 18:31:33	NETWORK	ijzr	attempt=1	proxy=http://wiw4v7duaymysz9-session-852469ac8cf9-lifetime-10:***@rp.scrapegw.com:6060	ConnectionTimeoutError: Connection timeout to host https://discord.com/api/v9/unique-username/username-attempt-unauthed
2026-09-01 18:31:33	NETWORK	ijxf	attempt=1	proxy=http://wiw4v7duaymysz9-session-813aa28547eb-lifetime-10:***@rp.scrapegw.com:6060	ConnectionTimeoutError: Connection timeout to host https://discord.com/api/v9/unique-username/username-attempt-unauthed
2026-09-01 18:31:33	NETWORK	ijxb	attempt=1	proxy=http://wiw4v7duaymysz9-session-3c6f7f3fdb96-lifetime-10:***@rp.scrapegw.com:6060	ConnectionTimeoutError: Connection timeout to host https://discord.com/api/v9/unique-username/username-attempt-unauthed
2026-09-01 18:31:33	NETWORK	ikdf	attempt=1	proxy=http://wiw4v7duaymysz9-session-322189b6b1ff-lifetime-10:***@rp.scrapegw.com:6060	ConnectionTimeoutError: Connection timeout to host https://discord.com/api/v9/unique-username/username-attempt-unauthed
2026-09-01 18:31:33	NETWORK	ikdq	attempt=1	proxy=http://wiw4v7duaymysz9-session-e80d36ba9d16-lifetime-10:***@rp.scrapegw.com:6060	ConnectionTimeoutError: Connection timeout to host https://discord.com/api/v9/unique-username/username-attempt-unauthed
2026-09-01 18:31:33	NETWORK	ikdd	attempt=1	proxy=http://wiw4v7duaymysz9-session-400dd9faa2d1-lifetime-10:***@rp.scrapegw.com:6060	ConnectionTimeoutError: Connection timeout to host https://discord.com/api/v9/unique-username/username-attempt-unauthed
2026-09-01 18:31:33	NETWORK	ikcq	attempt=1	proxy=http://wiw4v7duaymysz9-session-9c98940095e4-lifetime-10:***@rp.scrapegw.com:6060	ConnectionTimeoutError: Connection timeout to host https://discord.com/api/v9/unique-username/username-attempt-unauthed
2026-09-01 18:31:33	NETWORK	ijyg	attempt=1	proxy=http://wiw4v7duaymysz9-session-2dc13e8e3659-lifetime-10:***@rp.scrapegw.com:6060	ConnectionTimeoutError: Connection timeout to host https://discord.com/api/v9/unique-username/username-attempt-unauthed
2026-09-01 18:31:33	NETWORK	ijxj	attempt=1	proxy=http://wiw4v7duaymysz9-session-aa820e4897c3-lifetime-10:***@rp.scrapegw.com:6060	ConnectionTimeoutError: Connection timeout to host https://discord.com/api/v9/unique-username/username-attempt-unauthed
2026-09-01 18:31:33	NETWORK	ikbe	attempt=1	proxy=http://wiw4v7duaymysz9-session-a9b0659c86a7-lifetime-10:***@rp.scrapegw.com:6060	ConnectionTimeoutError: Connection timeout to host https://discord.com/api/v9/unique-username/username-attempt-unauthed
2026-09-01 18:31:33	NETWORK	ikau	attempt=1	proxy=http://wiw4v7duaymysz9-session-91a251d1d309-lifetime-10:***@rp.scrapegw.com:6060	ConnectionTimeoutError: Connection timeout to host https://discord.com/api/v9/unique-username/username-attempt-unauthed
2026-09-01 18:31:33	NETWORK	ikav	attempt=1	proxy=http://wiw4v7duaymysz9-session-db011b2fc5e2-lifetime-10:***@rp.scrapegw.com:6060	ConnectionTimeoutError: Connection timeout to host https://discord.com/api/v9/unique-username/username-attempt-unauthed
2026-09-01 18:31:33	NETWORK	ijzp	attempt=1	proxy=http://wiw4v7duaymysz9-session-53e57ccc7455-lifetime-10:***@rp.scrapegw.com:6060	ConnectionTimeoutError: Connection timeout to host https://discord.com/api/v9/unique-username/username-attempt-unauthed
2026-09-01 18:31:33	NETWORK	ijxr	attempt=1	proxy=http://wiw4v7duaymysz9-session-6e5371b67478-lifetime-10:***@rp.scrapegw.com:6060	ConnectionTimeoutError: Connection timeout to host https://discord.com/api/v9/unique-username/username-attempt-unauthed
2026-09-01 18:31:33	NETWORK	ikby	attempt=1	proxy=http://wiw4v7duaymysz9-session-11511b8d0fdb-lifetime-10:***@rp.scrapegw.com:6060	ConnectionTimeoutError: Connection timeout to host https://discord.com/api/v9/unique-username/username-attempt-unauthed
2026-09-01 18:31:33	NETWORK	ijzm	attempt=1	proxy=http://wiw4v7duaymysz9-session-bc590283f8e8-lifetime-10:***@rp.scrapegw.com:6060	ConnectionTimeoutError: Connection timeout to host https://discord.com/api/v9/unique-username/username-attempt-unauthed
2026-09-01 18:31:33	NETWORK	ijzt	attempt=1	proxy=http://wiw4v7duaymysz9-session-4b0475931b61-lifetime-10:***@rp.scrapegw.com:6060	ConnectionTimeoutError: Connection timeout to host https://discord.com/api/v9/unique-username/username-attempt-unauthed
2026-09-01 18:31:33	NETWORK	ikco	attempt=1	proxy=http://wiw4v7duaymysz9-session-3cc73fb624d7-lifetime-10:***@rp.scrapegw.com:6060	ConnectionTimeoutError: Connection timeout to host https://discord.com/api/v9/unique-username/username-attempt-unauthed
2026-09-01 18:31:33	NETWORK	ikbz	attempt=1	proxy=http://wiw4v7duaymysz9-session-714833caa560-lifetime-10:***@rp.scrapegw.com:6060	ConnectionTimeoutError: Connection timeout to host https://discord.com/api/v9/unique-username/username-attempt-unauthed
2026-09-01 18:31:33	NETWORK	ikeh	attempt=1	proxy=http://wiw4v7duaymysz9-session-d085f2ed0c99-lifetime-10:***@rp.scrapegw.com:6060	ConnectionTimeoutError: Connection timeout to host https://discord.com/api/v9/unique-username/username-attempt-unauthed
2026-09-01 18:31:33	NETWORK	ikab	attempt=1	proxy=http://wiw4v7duaymysz9-session-5bdb2adb1252-lifetime-10:***@rp.scrapegw.com:6060	ConnectionTimeoutError: Connection timeout to host https://discord.com/api/v9/unique-username/username-attempt-unauthed
2026-09-01 18:31:34	NETWORK	ilbi	attempt=1	proxy=http://wiw4v7duaymysz9-session-5d37b38e3414-lifetime-10:***@rp.scrapegw.com:6060	ClientConnectorError: Cannot connect to host discord.com:443 ssl:default [Connection reset by peer]
2026-09-01 18:31:34	NETWORK	ikmv	attempt=1	proxy=http://wiw4v7duaymysz9-session-d3e7a6ad5901-lifetime-10:***@rp.scrapegw.com:6060	ConnectionTimeoutError: Connection timeout to host https://discord.com/api/v9/unique-username/username-attempt-unauthed
2026-09-01 18:31:34	NETWORK	ikmo	attempt=1	proxy=http://wiw4v7duaymysz9-session-0e561e1835cd-lifetime-10:***@rp.scrapegw.com:6060	ConnectionTimeoutError: Connection timeout to host https://discord.com/api/v9/unique-username/username-attempt-unauthed
2026-09-01 18:31:34	NETWORK	ikmn	attempt=1	proxy=http://wiw4v7duaymysz9-session-6b29a2fa082b-lifetime-10:***@rp.scrapegw.com:6060	ConnectionTimeoutError: Connection timeout to host https://discord.com/api/v9/unique-username/username-attempt-unauthed
2026-09-01 18:31:34	NETWORK	ikmm	attempt=1	proxy=http://wiw4v7duaymysz9-session-ee2fa75c4778-lifetime-10:***@rp.scrapegw.com:6060	ConnectionTimeoutError: Connection timeout to host https://discord.com/api/v9/unique-username/username-attempt-unauthed
2026-09-01 18:31:34	NETWORK	ikkj	attempt=1	proxy=http://wiw4v7duaymysz9-session-c7a9130f12cd-lifetime-10:***@rp.scrapegw.com:6060	ConnectionTimeoutError: Connection timeout to host https://discord.com/api/v9/unique-username/username-attempt-unauthed
2026-09-01 18:31:34	NETWORK	ikkg	attempt=1	proxy=http://wiw4v7duaymysz9-session-b945ceccf61b-lifetime-10:***@rp.scrapegw.com:6060	ConnectionTimeoutError: Connection timeout to host https://discord.com/api/v9/unique-username/username-attempt-unauthed
2026-09-01 18:31:34	NETWORK	ikhk	attempt=1	proxy=http://wiw4v7duaymysz9-session-e969d87bd69d-lifetime-10:***@rp.scrapegw.com:6060	ConnectionTimeoutError: Connection timeout to host https://discord.com/api/v9/unique-username/username-attempt-unauthed
2026-09-01 18:31:34	NETWORK	ikld	attempt=1	proxy=http://wiw4v7duaymysz9-session-27c158c4a994-lifetime-10:***@rp.scrapegw.com:6060	ConnectionTimeoutError: Connection timeout to host https://discord.com/api/v9/unique-username/username-attempt-unauthed
2026-09-01 18:31:34	NETWORK	ikii	attempt=1	proxy=http://wiw4v7duaymysz9-session-1d49944d747f-lifetime-10:***@rp.scrapegw.com:6060	ConnectionTimeoutError: Connection timeout to host https://discord.com/api/v9/unique-username/username-attempt-unauthed
2026-09-01 18:31:34	NETWORK	ikid	attempt=1	proxy=http://wiw4v7duaymysz9-session-7ca986f6576e-lifetime-10:***@rp.scrapegw.com:6060	ConnectionTimeoutError: Connection timeout to host https://discord.com/api/v9/unique-username/username-attempt-unauthed
2026-09-01 18:31:34	NETWORK	ikib	attempt=1	proxy=http://wiw4v7duaymysz9-session-65d4e3ce834b-lifetime-10:***@rp.scrapegw.com:6060	ConnectionTimeoutError: Connection timeout to host https://discord.com/api/v9/unique-username/username-attempt-unauthed
2026-09-01 18:31:34	NETWORK	ikfe	attempt=1	proxy=http://wiw4v7duaymysz9-session-aeb95887078e-lifetime-10:***@rp.scrapegw.com:6060	ConnectionTimeoutError: Connection timeout to host https://discord.com/api/v9/unique-username/username-attempt-unauthed
2026-09-01 18:31:34	NETWORK	ikfd	attempt=1	proxy=http://wiw4v7duaymysz9-session-cb87e4edc7e0-lifetime-10:***@rp.scrapegw.com:6060	ConnectionTimeoutError: Connection timeout to host https://discord.com/api/v9/unique-username/username-attempt-unauthed
2026-09-01 18:31:34	NETWORK	ikfa	attempt=1	proxy=http://wiw4v7duaymysz9-session-f2ae5e5cc3e0-lifetime-10:***@rp.scrapegw.com:6060	ConnectionTimeoutError: Connection timeout to host https://discord.com/api/v9/unique-username/username-attempt-unauthed
2026-09-01 18:31:34	NETWORK	ikeu	attempt=1	proxy=http://wiw4v7duaymysz9-session-49ffa35bed04-lifetime-10:***@rp.scrapegw.com:6060	ConnectionTimeoutError: Connection timeout to host https://discord.com/api/v9/unique-username/username-attempt-unauthed
2026-09-01 18:31:34	NETWORK	ikeq	attempt=1	proxy=http://wiw4v7duaymysz9-session-975380253d87-lifetime-10:***@rp.scrapegw.com:6060	ConnectionTimeoutError: Connection timeout to host https://discord.com/api/v9/unique-username/username-attempt-unauthed
2026-09-01 18:31:34	NETWORK	ikft	attempt=1	proxy=http://wiw4v7duaymysz9-session-033e1f01b02d-lifetime-10:***@rp.scrapegw.com:6060	ConnectionTimeoutError: Connection timeout to host https://discord.com/api/v9/unique-username/username-attempt-unauthed
2026-09-01 18:31:34	NETWORK	ikfw	attempt=1	proxy=http://wiw4v7duaymysz9-session-caaa3eea288f-lifetime-10:***@rp.scrapegw.com:6060	ConnectionTimeoutError: Connection timeout to host https://discord.com/api/v9/unique-username/username-attempt-unauthed
2026-09-01 18:31:34	NETWORK	ikgk	attempt=1	proxy=http://wiw4v7duaymysz9-session-1ff0321d22a8-lifetime-10:***@rp.scrapegw.com:6060	ConnectionTimeoutError: Connection timeout to host https://discord.com/api/v9/unique-username/username-attempt-unauthed
2026-09-01 18:31:34	NETWORK	ikgs	attempt=1	proxy=http://wiw4v7duaymysz9-session-547cbf4b4671-lifetime-10:***@rp.scrapegw.com:6060	ConnectionTimeoutError: Connection timeout to host https://discord.com/api/v9/unique-username/username-attempt-unauthed
2026-09-01 18:31:34	NETWORK	ikgw	attempt=1	proxy=http://wiw4v7duaymysz9-session-55c09d5892d8-lifetime-10:***@rp.scrapegw.com:6060	ConnectionTimeoutError: Connection timeout to host https://discord.com/api/v9/unique-username/username-attempt-unauthed
2026-09-01 18:31:34	NETWORK	ikmf	attempt=1	proxy=http://wiw4v7duaymysz9-session-d3043445d5de-lifetime-10:***@rp.scrapegw.com:6060	ConnectionTimeoutError: Connection timeout to host https://discord.com/api/v9/unique-username/username-attempt-unauthed
2026-09-01 18:31:34	NETWORK	ikgg	attempt=1	proxy=http://wiw4v7duaymysz9-session-4f4e49dc150a-lifetime-10:***@rp.scrapegw.com:6060	ConnectionTimeoutError: Connection timeout to host https://discord.com/api/v9/unique-username/username-attempt-unauthed
2026-09-01 18:31:34	NETWORK	iknq	attempt=1	proxy=http://wiw4v7duaymysz9-session-da30b8bb0b9f-lifetime-10:***@rp.scrapegw.com:6060	ConnectionTimeoutError: Connection timeout to host https://discord.com/api/v9/unique-username/username-attempt-unauthed
2026-09-01 18:31:34	NETWORK	iknh	attempt=1	proxy=http://wiw4v7duaymysz9-session-76cb94f5006a-lifetime-10:***@rp.scrapegw.com:6060	ConnectionTimeoutError: Connection timeout to host https://discord.com/api/v9/unique-username/username-attempt-unauthed
2026-09-01 18:31:34	NETWORK	ikmw	attempt=1	proxy=http://wiw4v7duaymysz9-session-814836ba1ad4-lifetime-10:***@rp.scrapegw.com:6060	ConnectionTimeoutError: Connection timeout to host https://discord.com/api/v9/unique-username/username-attempt-unauthed
2026-09-01 18:31:34	NETWORK	ikmq	attempt=1	proxy=http://wiw4v7duaymysz9-session-dcedb6b5868b-lifetime-10:***@rp.scrapegw.com:6060	ConnectionTimeoutError: Connection timeout to host https://discord.com/api/v9/unique-username/username-attempt-unauthed
2026-09-01 18:31:34	NETWORK	iklw	attempt=1	proxy=http://wiw4v7duaymysz9-session-9e48fff2a94b-lifetime-10:***@rp.scrapegw.com:6060	ConnectionTimeoutError: Connection timeout to host https://discord.com/api/v9/unique-username/username-attempt-unauthed
2026-09-01 18:31:34	NETWORK	ikoe	attempt=1	proxy=http://wiw4v7duaymysz9-session-c3985e4cbc02-lifetime-10:***@rp.scrapegw.com:6060	ConnectionTimeoutError: Connection timeout to host https://discord.com/api/v9/unique-username/username-attempt-unauthed
2026-09-01 18:31:34	NETWORK	iknt	attempt=1	proxy=http://wiw4v7duaymysz9-session-f03d0352eeeb-lifetime-10:***@rp.scrapegw.com:6060	ConnectionTimeoutError: Connection timeout to host https://discord.com/api/v9/unique-username/username-attempt-unauthed
2026-09-01 18:31:34	NETWORK	ikla	attempt=1	proxy=http://wiw4v7duaymysz9-session-28256c85cf4c-lifetime-10:***@rp.scrapegw.com:6060	ConnectionTimeoutError: Connection timeout to host https://discord.com/api/v9/unique-username/username-attempt-unauthed
2026-09-01 18:31:34	NETWORK	ikko	attempt=1	proxy=http://wiw4v7duaymysz9-session-e540ce08fad9-lifetime-10:***@rp.scrapegw.com:6060	ConnectionTimeoutError: Connection timeout to host https://discord.com/api/v9/unique-username/username-attempt-unauthed
2026-09-01 18:31:34	NETWORK	ikjf	attempt=1	proxy=http://wiw4v7duaymysz9-session-d0da7a45c05a-lifetime-10:***@rp.scrapegw.com:6060	ConnectionTimeoutError: Connection timeout to host https://discord.com/api/v9/unique-username/username-attempt-unauthed
2026-09-01 18:31:34	NETWORK	ikfq	attempt=1	proxy=http://wiw4v7duaymysz9-session-498252c6e2c8-lifetime-10:***@rp.scrapegw.com:6060	ConnectionTimeoutError: Connection timeout to host https://discord.com/api/v9/unique-username/username-attempt-unauthed
2026-09-01 18:31:34	NETWORK	ikhs	attempt=1	proxy=http://wiw4v7duaymysz9-session-a6d063ef882d-lifetime-10:***@rp.scrapegw.com:6060	ConnectionTimeoutError: Connection timeout to host https://discord.com/api/v9/unique-username/username-attempt-unauthed
2026-09-01 18:31:34	NETWORK	ikfv	attempt=1	proxy=http://wiw4v7duaymysz9-session-32c683c1e604-lifetime-10:***@rp.scrapegw.com:6060	ConnectionTimeoutError: Connection timeout to host https://discord.com/api/v9/unique-username/username-attempt-unauthed
2026-09-01 18:31:34	NETWORK	ikel	attempt=1	proxy=http://wiw4v7duaymysz9-session-713da674d357-lifetime-10:***@rp.scrapegw.com:6060	ConnectionTimeoutError: Connection timeout to host https://discord.com/api/v9/unique-username/username-attempt-unauthed
2026-09-01 18:31:34	NETWORK	ikma	attempt=1	proxy=http://wiw4v7duaymysz9-session-da666d509255-lifetime-10:***@rp.scrapegw.com:6060	ConnectionTimeoutError: Connection timeout to host https://discord.com/api/v9/unique-username/username-attempt-unauthed
2026-09-01 18:31:34	NETWORK	ikmb	attempt=1	proxy=http://wiw4v7duaymysz9-session-d157ffcde4a2-lifetime-10:***@rp.scrapegw.com:6060	ConnectionTimeoutError: Connection timeout to host https://discord.com/api/v9/unique-username/username-attempt-unauthed
2026-09-01 18:31:34	NETWORK	iknp	attempt=1	proxy=http://wiw4v7duaymysz9-session-e387596cfbe4-lifetime-10:***@rp.scrapegw.com:6060	ConnectionTimeoutError: Connection timeout to host https://discord.com/api/v9/unique-username/username-attempt-unauthed
2026-09-01 18:31:34	NETWORK	ikim	attempt=1	proxy=http://wiw4v7duaymysz9-session-6b948958a4fd-lifetime-10:***@rp.scrapegw.com:6060	ConnectionTimeoutError: Connection timeout to host https://discord.com/api/v9/unique-username/username-attempt-unauthed
2026-09-01 18:31:34	NETWORK	ikgi	attempt=1	proxy=http://wiw4v7duaymysz9-session-9948daa63c22-lifetime-10:***@rp.scrapegw.com:6060	ConnectionTimeoutError: Connection timeout to host https://discord.com/api/v9/unique-username/username-attempt-unauthed
2026-09-01 18:31:34	NETWORK	ikgo	attempt=1	proxy=http://wiw4v7duaymysz9-session-491c1ffcc6ee-lifetime-10:***@rp.scrapegw.com:6060	ConnectionTimeoutError: Connection timeout to host https://discord.com/api/v9/unique-username/username-attempt-unauthed
2026-09-01 18:31:34	NETWORK	iknd	attempt=1	proxy=http://wiw4v7duaymysz9-session-e3288a0e131f-lifetime-10:***@rp.scrapegw.com:6060	ConnectionTimeoutError: Connection timeout to host https://discord.com/api/v9/unique-username/username-attempt-unauthed
2026-09-01 18:31:34	HTTP_429	inih	attempt=1	proxy=http://wiw4v7duaymysz9-session-15396b261fad-lifetime-10:***@rp.scrapegw.com:6060	scope=shared global=False retry_after=1089.00s
2026-09-01 18:31:35	HTTP_429	injq	attempt=1	proxy=http://wiw4v7duaymysz9-session-aaecb307382f-lifetime-10:***@rp.scrapegw.com:6060	scope=shared global=False retry_after=2048.00s
2026-09-01 18:31:35	HTTP_429	iksn	attempt=1	proxy=http://wiw4v7duaymysz9-session-405e5d8bcdc8-lifetime-10:***@rp.scrapegw.com:6060	scope=shared global=False retry_after=479.00s
2026-09-01 18:31:35	NETWORK	ikpv	attempt=1	proxy=http://wiw4v7duaymysz9-session-c8e4aee61216-lifetime-10:***@rp.scrapegw.com:6060	ConnectionTimeoutError: Connection timeout to host https://discord.com/api/v9/unique-username/username-attempt-unauthed
2026-09-01 18:31:35	NETWORK	ikum	attempt=1	proxy=http://wiw4v7duaymysz9-session-c7bc763d0889-lifetime-10:***@rp.scrapegw.com:6060	ConnectionTimeoutError: Connection timeout to host https://discord.com/api/v9/unique-username/username-attempt-unauthed
2026-09-01 18:31:35	NETWORK	ikug	attempt=1	proxy=http://wiw4v7duaymysz9-session-95f2fe0268bc-lifetime-10:***@rp.scrapegw.com:6060	ConnectionTimeoutError: Connection timeout to host https://discord.com/api/v9/unique-username/username-attempt-unauthed
2026-09-01 18:31:35	NETWORK	ikoz	attempt=1	proxy=http://wiw4v7duaymysz9-session-c03d013259a0-lifetime-10:***@rp.scrapegw.com:6060	ConnectionTimeoutError: Connection timeout to host https://discord.com/api/v9/unique-username/username-attempt-unauthed
2026-09-01 18:31:35	NETWORK	ikty	attempt=1	proxy=http://wiw4v7duaymysz9-session-0942f83c38f7-lifetime-10:***@rp.scrapegw.com:6060	ConnectionTimeoutError: Connection timeout to host https://discord.com/api/v9/unique-username/username-attempt-unauthed
2026-09-01 18:31:35	NETWORK	iktb	attempt=1	proxy=http://wiw4v7duaymysz9-session-f49c6615b990-lifetime-10:***@rp.scrapegw.com:6060	ConnectionTimeoutError: Connection timeout to host https://discord.com/api/v9/unique-username/username-attempt-unauthed
2026-09-01 18:31:35	NETWORK	ikuq	attempt=1	proxy=http://wiw4v7duaymysz9-session-9ef807fdf76a-lifetime-10:***@rp.scrapegw.com:6060	ConnectionTimeoutError: Connection timeout to host https://discord.com/api/v9/unique-username/username-attempt-unauthed
2026-09-01 18:31:35	NETWORK	iktr	attempt=1	proxy=http://wiw4v7duaymysz9-session-fabeaedae9ec-lifetime-10:***@rp.scrapegw.com:6060	ConnectionTimeoutError: Connection timeout to host https://discord.com/api/v9/unique-username/username-attempt-unauthed
2026-09-01 18:31:35	NETWORK	ikpk	attempt=1	proxy=http://wiw4v7duaymysz9-session-82d752f207ff-lifetime-10:***@rp.scrapegw.com:6060	ConnectionTimeoutError: Connection timeout to host https://discord.com/api/v9/unique-username/username-attempt-unauthed
2026-09-01 18:31:35	NETWORK	iksm	attempt=1	proxy=http://wiw4v7duaymysz9-session-1864cdbb0685-lifetime-10:***@rp.scrapegw.com:6060	ConnectionTimeoutError: Connection timeout to host https://discord.com/api/v9/unique-username/username-attempt-unauthed
2026-09-01 18:31:35	NETWORK	iktm	attempt=1	proxy=http://wiw4v7duaymysz9-session-6120a5dbf965-lifetime-10:***@rp.scrapegw.com:6060	ConnectionTimeoutError: Connection timeout to host https://discord.com/api/v9/unique-username/username-attempt-unauthed
2026-09-01 18:31:35	NETWORK	ikqy	attempt=1	proxy=http://wiw4v7duaymysz9-session-35b18504c5a4-lifetime-10:***@rp.scrapegw.com:6060	ConnectionTimeoutError: Connection timeout to host https://discord.com/api/v9/unique-username/username-attempt-unauthed
2026-09-01 18:31:35	NETWORK	iksj	attempt=1	proxy=http://wiw4v7duaymysz9-session-14704834cc81-lifetime-10:***@rp.scrapegw.com:6060	ConnectionTimeoutError: Connection timeout to host https://discord.com/api/v9/unique-username/username-attempt-unauthed
2026-09-01 18:31:35	NETWORK	ikre	attempt=1	proxy=http://wiw4v7duaymysz9-session-2791c29b4baa-lifetime-10:***@rp.scrapegw.com:6060	ConnectionTimeoutError: Connection timeout to host https://discord.com/api/v9/unique-username/username-attempt-unauthed
2026-09-01 18:31:35	NETWORK	ikss	attempt=1	proxy=http://wiw4v7duaymysz9-session-91c560bc65e1-lifetime-10:***@rp.scrapegw.com:6060	ConnectionTimeoutError: Connection timeout to host https://discord.com/api/v9/unique-username/username-attempt-unauthed
2026-09-01 18:31:35	NETWORK	iksq	attempt=1	proxy=http://wiw4v7duaymysz9-session-509181deb69a-lifetime-10:***@rp.scrapegw.com:6060	ConnectionTimeoutError: Connection timeout to host https://discord.com/api/v9/unique-username/username-attempt-unauthed
2026-09-01 18:31:35	NETWORK	ikso	attempt=1	proxy=http://wiw4v7duaymysz9-session-63ade84c5e4a-lifetime-10:***@rp.scrapegw.com:6060	ConnectionTimeoutError: Connection timeout to host https://discord.com/api/v9/unique-username/username-attempt-unauthed
2026-09-01 18:31:35	NETWORK	iktv	attempt=1	proxy=http://wiw4v7duaymysz9-session-2c8d05e2516c-lifetime-10:***@rp.scrapegw.com:6060	ConnectionTimeoutError: Connection timeout to host https://discord.com/api/v9/unique-username/username-attempt-unauthed
2026-09-01 18:31:35	NETWORK	ikqx	attempt=1	proxy=http://wiw4v7duaymysz9-session-7dad315d9541-lifetime-10:***@rp.scrapegw.com:6060	ConnectionTimeoutError: Connection timeout to host https://discord.com/api/v9/unique-username/username-attempt-unauthed
2026-09-01 18:31:35	NETWORK	ikqa	attempt=1	proxy=http://wiw4v7duaymysz9-session-3eaa75520099-lifetime-10:***@rp.scrapegw.com:6060	ConnectionTimeoutError: Connection timeout to host https://discord.com/api/v9/unique-username/username-attempt-unauthed
2026-09-01 18:31:35	NETWORK	ikql	attempt=1	proxy=http://wiw4v7duaymysz9-session-129db8a18240-lifetime-10:***@rp.scrapegw.com:6060	ConnectionTimeoutError: Connection timeout to host https://discord.com/api/v9/unique-username/username-attempt-unauthed
2026-09-01 18:31:35	NETWORK	ikqi	attempt=1	proxy=http://wiw4v7duaymysz9-session-bed443f028e8-lifetime-10:***@rp.scrapegw.com:6060	ConnectionTimeoutError: Connection timeout to host https://discord.com/api/v9/unique-username/username-attempt-unauthed
2026-09-01 18:31:35	NETWORK	ikpn	attempt=1	proxy=http://wiw4v7duaymysz9-session-4b590b2996f4-lifetime-10:***@rp.scrapegw.com:6060	ConnectionTimeoutError: Connection timeout to host https://discord.com/api/v9/unique-username/username-attempt-unauthed
2026-09-01 18:31:35	NETWORK	ikun	attempt=1	proxy=http://wiw4v7duaymysz9-session-7a6d219591c1-lifetime-10:***@rp.scrapegw.com:6060	ConnectionTimeoutError: Connection timeout to host https://discord.com/api/v9/unique-username/username-attempt-unauthed
2026-09-01 18:31:35	NETWORK	ikrf	attempt=1	proxy=http://wiw4v7duaymysz9-session-061075f612a4-lifetime-10:***@rp.scrapegw.com:6060	ConnectionTimeoutError: Connection timeout to host https://discord.com/api/v9/unique-username/username-attempt-unauthed
2026-09-01 18:31:35	NETWORK	ikts	attempt=1	proxy=http://wiw4v7duaymysz9-session-3e43ccd85c9d-lifetime-10:***@rp.scrapegw.com:6060	ConnectionTimeoutError: Connection timeout to host https://discord.com/api/v9/unique-username/username-attempt-unauthed
2026-09-01 18:31:35	NETWORK	ikqq	attempt=1	proxy=http://wiw4v7duaymysz9-session-4784fc444dce-lifetime-10:***@rp.scrapegw.com:6060	ConnectionTimeoutError: Connection timeout to host https://discord.com/api/v9/unique-username/username-attempt-unauthed
2026-09-01 18:31:35	NETWORK	iktk	attempt=1	proxy=http://wiw4v7duaymysz9-session-1286d318b7ce-lifetime-10:***@rp.scrapegw.com:6060	ConnectionTimeoutError: Connection timeout to host https://discord.com/api/v9/unique-username/username-attempt-unauthed
2026-09-01 18:31:35	NETWORK	ikta	attempt=1	proxy=http://wiw4v7duaymysz9-session-224f8507a49b-lifetime-10:***@rp.scrapegw.com:6060	ConnectionTimeoutError: Connection timeout to host https://discord.com/api/v9/unique-username/username-attempt-unauthed
2026-09-01 18:31:35	NETWORK	ikvc	attempt=1	proxy=http://wiw4v7duaymysz9-session-fb40d5a1381c-lifetime-10:***@rp.scrapegw.com:6060	ConnectionTimeoutError: Connection timeout to host https://discord.com/api/v9/unique-username/username-attempt-unauthed
2026-09-01 18:31:35	NETWORK	iksr	attempt=1	proxy=http://wiw4v7duaymysz9-session-a0d14a26fd7a-lifetime-10:***@rp.scrapegw.com:6060	ConnectionTimeoutError: Connection timeout to host https://discord.com/api/v9/unique-username/username-attempt-unauthed
2026-09-01 18:31:35	NETWORK	iksi	attempt=1	proxy=http://wiw4v7duaymysz9-session-a007c296b659-lifetime-10:***@rp.scrapegw.com:6060	ConnectionTimeoutError: Connection timeout to host https://discord.com/api/v9/unique-username/username-attempt-unauthed
2026-09-01 18:31:35	NETWORK	ikoo	attempt=1	proxy=http://wiw4v7duaymysz9-session-38efef94ac29-lifetime-10:***@rp.scrapegw.com:6060	ConnectionTimeoutError: Connection timeout to host https://discord.com/api/v9/unique-username/username-attempt-unauthed
2026-09-01 18:31:35	NETWORK	ikov	attempt=1	proxy=http://wiw4v7duaymysz9-session-14b4bb338d21-lifetime-10:***@rp.scrapegw.com:6060	ConnectionTimeoutError: Connection timeout to host https://discord.com/api/v9/unique-username/username-attempt-unauthed
2026-09-01 18:31:35	NETWORK	iksa	attempt=1	proxy=http://wiw4v7duaymysz9-session-e584e8b73d83-lifetime-10:***@rp.scrapegw.com:6060	ConnectionTimeoutError: Connection timeout to host https://discord.com/api/v9/unique-username/username-attempt-unauthed
2026-09-01 18:31:35	NETWORK	ikoj	attempt=1	proxy=http://wiw4v7duaymysz9-session-16326c12240c-lifetime-10:***@rp.scrapegw.com:6060	ConnectionTimeoutError: Connection timeout to host https://discord.com/api/v9/unique-username/username-attempt-unauthed
2026-09-01 18:31:35	NETWORK	ikom	attempt=1	proxy=http://wiw4v7duaymysz9-session-be85938f2f83-lifetime-10:***@rp.scrapegw.com:6060	ConnectionTimeoutError: Connection timeout to host https://discord.com/api/v9/unique-username/username-attempt-unauthed
2026-09-01 18:31:35	NETWORK	ikpy	attempt=1	proxy=http://wiw4v7duaymysz9-session-bd2281a39bab-lifetime-10:***@rp.scrapegw.com:6060	ConnectionTimeoutError: Connection timeout to host https://discord.com/api/v9/unique-username/username-attempt-unauthed
2026-09-01 18:31:35	NETWORK	ikrl	attempt=1	proxy=http://wiw4v7duaymysz9-session-39a678851311-lifetime-10:***@rp.scrapegw.com:6060	ConnectionTimeoutError: Connection timeout to host https://discord.com/api/v9/unique-username/username-attempt-unauthed
2026-09-01 18:31:36	NETWORK	ilqe	attempt=1	proxy=http://wiw4v7duaymysz9-session-7b357c2be757-lifetime-10:***@rp.scrapegw.com:6060	ClientConnectorError: Cannot connect to host discord.com:443 ssl:default [Connection reset by peer]
2026-09-01 18:31:36	HTTP_429	invz	attempt=1	proxy=http://wiw4v7duaymysz9-session-a16cbc5a6a34-lifetime-10:***@rp.scrapegw.com:6060	scope=shared global=False retry_after=2048.00s
2026-09-01 18:31:36	NETWORK	ikbg	attempt=1	proxy=http://wiw4v7duaymysz9-session-4ac69cd53ff4-lifetime-10:***@rp.scrapegw.com:6060	ServerDisconnectedError: Server disconnected
2026-09-01 18:31:36	NETWORK	ilab	attempt=1	proxy=http://wiw4v7duaymysz9-session-917a309abddd-lifetime-10:***@rp.scrapegw.com:6060	ClientConnectorError: Cannot connect to host discord.com:443 ssl:default [Connection reset by peer]
2026-09-01 18:31:36	NETWORK	ikyi	attempt=1	proxy=http://wiw4v7duaymysz9-session-c8da2023c871-lifetime-10:***@rp.scrapegw.com:6060	ConnectionTimeoutError: Connection timeout to host https://discord.com/api/v9/unique-username/username-attempt-unauthed
2026-09-01 18:31:36	NETWORK	ilao	attempt=1	proxy=http://wiw4v7duaymysz9-session-48b3b67db0af-lifetime-10:***@rp.scrapegw.com:6060	ConnectionTimeoutError: Connection timeout to host https://discord.com/api/v9/unique-username/username-attempt-unauthed
2026-09-01 18:31:36	NETWORK	ikzk	attempt=1	proxy=http://wiw4v7duaymysz9-session-99f80e3e1e97-lifetime-10:***@rp.scrapegw.com:6060	ConnectionTimeoutError: Connection timeout to host https://discord.com/api/v9/unique-username/username-attempt-unauthed
2026-09-01 18:31:36	NETWORK	ikyt	attempt=1	proxy=http://wiw4v7duaymysz9-session-ca2efcd6f78e-lifetime-10:***@rp.scrapegw.com:6060	ConnectionTimeoutError: Connection timeout to host https://discord.com/api/v9/unique-username/username-attempt-unauthed
2026-09-01 18:31:36	NETWORK	ikza	attempt=1	proxy=http://wiw4v7duaymysz9-session-7bc01c533b12-lifetime-10:***@rp.scrapegw.com:6060	ConnectionTimeoutError: Connection timeout to host https://discord.com/api/v9/unique-username/username-attempt-unauthed
2026-09-01 18:31:36	NETWORK	ikzg	attempt=1	proxy=http://wiw4v7duaymysz9-session-2bde7f139cc6-lifetime-10:***@rp.scrapegw.com:6060	ConnectionTimeoutError: Connection timeout to host https://discord.com/api/v9/unique-username/username-attempt-unauthed
2026-09-01 18:31:36	NETWORK	ilak	attempt=1	proxy=http://wiw4v7duaymysz9-session-95171d5d0345-lifetime-10:***@rp.scrapegw.com:6060	ConnectionTimeoutError: Connection timeout to host https://discord.com/api/v9/unique-username/username-attempt-unauthed
2026-09-01 18:31:36	NETWORK	ilat	attempt=1	proxy=http://wiw4v7duaymysz9-session-ba3a0f2482da-lifetime-10:***@rp.scrapegw.com:6060	ConnectionTimeoutError: Connection timeout to host https://discord.com/api/v9/unique-username/username-attempt-unauthed
2026-09-01 18:31:36	NETWORK	ikzv	attempt=1	proxy=http://wiw4v7duaymysz9-session-e97e0664cc0d-lifetime-10:***@rp.scrapegw.com:6060	ConnectionTimeoutError: Connection timeout to host https://discord.com/api/v9/unique-username/username-attempt-unauthed
2026-09-01 18:31:36	NETWORK	ikyj	attempt=1	proxy=http://wiw4v7duaymysz9-session-943bae71ff07-lifetime-10:***@rp.scrapegw.com:6060	ConnectionTimeoutError: Connection timeout to host https://discord.com/api/v9/unique-username/username-attempt-unauthed
2026-09-01 18:31:36	NETWORK	ikvz	attempt=1	proxy=http://wiw4v7duaymysz9-session-5e3bd998f11b-lifetime-10:***@rp.scrapegw.com:6060	ConnectionTimeoutError: Connection timeout to host https://discord.com/api/v9/unique-username/username-attempt-unauthed
2026-09-01 18:31:36	NETWORK	ikze	attempt=1	proxy=http://wiw4v7duaymysz9-session-92287ecac041-lifetime-10:***@rp.scrapegw.com:6060	ConnectionTimeoutError: Connection timeout to host https://discord.com/api/v9/unique-username/username-attempt-unauthed
2026-09-01 18:31:36	NETWORK	ikwu	attempt=1	proxy=http://wiw4v7duaymysz9-session-de9f68241b83-lifetime-10:***@rp.scrapegw.com:6060	ConnectionTimeoutError: Connection timeout to host https://discord.com/api/v9/unique-username/username-attempt-unauthed
2026-09-01 18:31:36	NETWORK	ilar	attempt=1	proxy=http://wiw4v7duaymysz9-session-d1a9adea7e9f-lifetime-10:***@rp.scrapegw.com:6060	ConnectionTimeoutError: Connection timeout to host https://discord.com/api/v9/unique-username/username-attempt-unauthed
2026-09-01 18:31:36	NETWORK	ilah	attempt=1	proxy=http://wiw4v7duaymysz9-session-139042b73529-lifetime-10:***@rp.scrapegw.com:6060	ConnectionTimeoutError: Connection timeout to host https://discord.com/api/v9/unique-username/username-attempt-unauthed
2026-09-01 18:31:36	NETWORK	ilaw	attempt=1	proxy=http://wiw4v7duaymysz9-session-3bb19ebd262c-lifetime-10:***@rp.scrapegw.com:6060	ConnectionTimeoutError: Connection timeout to host https://discord.com/api/v9/unique-username/username-attempt-unauthed
2026-09-01 18:31:36	NETWORK	ikvx	attempt=1	proxy=http://wiw4v7duaymysz9-session-cb12f8415db6-lifetime-10:***@rp.scrapegw.com:6060	ConnectionTimeoutError: Connection timeout to host https://discord.com/api/v9/unique-username/username-attempt-unauthed
2026-09-01 18:31:36	NETWORK	ikyy	attempt=1	proxy=http://wiw4v7duaymysz9-session-a5a8ce86f8f5-lifetime-10:***@rp.scrapegw.com:6060	ConnectionTimeoutError: Connection timeout to host https://discord.com/api/v9/unique-username/username-attempt-unauthed
2026-09-01 18:31:36	NETWORK	ikyx	attempt=1	proxy=http://wiw4v7duaymysz9-session-da935ad4bc65-lifetime-10:***@rp.scrapegw.com:6060	ConnectionTimeoutError: Connection timeout to host https://discord.com/api/v9/unique-username/username-attempt-unauthed
2026-09-01 18:31:36	NETWORK	ikvu	attempt=1	proxy=http://wiw4v7duaymysz9-session-b1d3131c62c3-lifetime-10:***@rp.scrapegw.com:6060	ConnectionTimeoutError: Connection timeout to host https://discord.com/api/v9/unique-username/username-attempt-unauthed
2026-09-01 18:31:36	NETWORK	ikwl	attempt=1	proxy=http://wiw4v7duaymysz9-session-c7d879c0a740-lifetime-10:***@rp.scrapegw.com:6060	ConnectionTimeoutError: Connection timeout to host https://discord.com/api/v9/unique-username/username-attempt-unauthed
2026-09-01 18:31:36	NETWORK	ikxk	attempt=1	proxy=http://wiw4v7duaymysz9-session-0181e2c5bb2f-lifetime-10:***@rp.scrapegw.com:6060	ConnectionTimeoutError: Connection timeout to host https://discord.com/api/v9/unique-username/username-attempt-unauthed
2026-09-01 18:31:36	NETWORK	ikvy	attempt=1	proxy=http://wiw4v7duaymysz9-session-4c3517a49153-lifetime-10:***@rp.scrapegw.com:6060	ConnectionTimeoutError: Connection timeout to host https://discord.com/api/v9/unique-username/username-attempt-unauthed
2026-09-01 18:31:36	NETWORK	ilbl	attempt=1	proxy=http://wiw4v7duaymysz9-session-75007eecc9e6-lifetime-10:***@rp.scrapegw.com:6060	ConnectionTimeoutError: Connection timeout to host https://discord.com/api/v9/unique-username/username-attempt-unauthed
2026-09-01 18:31:36	NETWORK	ikvs	attempt=1	proxy=http://wiw4v7duaymysz9-session-c1bcfc7d4aa6-lifetime-10:***@rp.scrapegw.com:6060	ConnectionTimeoutError: Connection timeout to host https://discord.com/api/v9/unique-username/username-attempt-unauthed
2026-09-01 18:31:36	NETWORK	ikyz	attempt=1	proxy=http://wiw4v7duaymysz9-session-d31c55c4f28f-lifetime-10:***@rp.scrapegw.com:6060	ConnectionTimeoutError: Connection timeout to host https://discord.com/api/v9/unique-username/username-attempt-unauthed
2026-09-01 18:31:36	NETWORK	ikxw	attempt=1	proxy=http://wiw4v7duaymysz9-session-8cd0d4ed994c-lifetime-10:***@rp.scrapegw.com:6060	ConnectionTimeoutError: Connection timeout to host https://discord.com/api/v9/unique-username/username-attempt-unauthed
2026-09-01 18:31:36	NETWORK	ikvd	attempt=1	proxy=http://wiw4v7duaymysz9-session-f91a0e778b01-lifetime-10:***@rp.scrapegw.com:6060	ConnectionTimeoutError: Connection timeout to host https://discord.com/api/v9/unique-username/username-attempt-unauthed
2026-09-01 18:31:36	NETWORK	ikvg	attempt=1	proxy=http://wiw4v7duaymysz9-session-0318e8031d07-lifetime-10:***@rp.scrapegw.com:6060	ConnectionTimeoutError: Connection timeout to host https://discord.com/api/v9/unique-username/username-attempt-unauthed
2026-09-01 18:31:37	NETWORK	imec	attempt=1	proxy=http://wiw4v7duaymysz9-session-44495fc91374-lifetime-10:***@rp.scrapegw.com:6060	ClientConnectorError: Cannot connect to host discord.com:443 ssl:default [Connection reset by peer]
2026-09-01 18:31:37	NETWORK	ilej	attempt=1	proxy=http://wiw4v7duaymysz9-session-38809268fe8e-lifetime-10:***@rp.scrapegw.com:6060	ConnectionTimeoutError: Connection timeout to host https://discord.com/api/v9/unique-username/username-attempt-unauthed
2026-09-01 18:31:37	NETWORK	ilet	attempt=1	proxy=http://wiw4v7duaymysz9-session-4e7bb2a83805-lifetime-10:***@rp.scrapegw.com:6060	ConnectionTimeoutError: Connection timeout to host https://discord.com/api/v9/unique-username/username-attempt-unauthed
2026-09-01 18:31:37	NETWORK	ilen	attempt=1	proxy=http://wiw4v7duaymysz9-session-ceae0f53c23d-lifetime-10:***@rp.scrapegw.com:6060	ConnectionTimeoutError: Connection timeout to host https://discord.com/api/v9/unique-username/username-attempt-unauthed
2026-09-01 18:31:37	NETWORK	ilel	attempt=1	proxy=http://wiw4v7duaymysz9-session-76409036b08c-lifetime-10:***@rp.scrapegw.com:6060	ConnectionTimeoutError: Connection timeout to host https://discord.com/api/v9/unique-username/username-attempt-unauthed
2026-09-01 18:31:37	NETWORK	ilhh	attempt=1	proxy=http://wiw4v7duaymysz9-session-207a055cfea9-lifetime-10:***@rp.scrapegw.com:6060	ConnectionTimeoutError: Connection timeout to host https://discord.com/api/v9/unique-username/username-attempt-unauthed
2026-09-01 18:31:37	NETWORK	ildz	attempt=1	proxy=http://wiw4v7duaymysz9-session-a903c5b4cdad-lifetime-10:***@rp.scrapegw.com:6060	ConnectionTimeoutError: Connection timeout to host https://discord.com/api/v9/unique-username/username-attempt-unauthed
2026-09-01 18:31:37	NETWORK	ilfy	attempt=1	proxy=http://wiw4v7duaymysz9-session-5309680ac574-lifetime-10:***@rp.scrapegw.com:6060	ConnectionTimeoutError: Connection timeout to host https://discord.com/api/v9/unique-username/username-attempt-unauthed
2026-09-01 18:31:37	NETWORK	iljp	attempt=1	proxy=http://wiw4v7duaymysz9-session-468c595b0a41-lifetime-10:***@rp.scrapegw.com:6060	ConnectionTimeoutError: Connection timeout to host https://discord.com/api/v9/unique-username/username-attempt-unauthed
2026-09-01 18:31:37	NETWORK	iljl	attempt=1	proxy=http://wiw4v7duaymysz9-session-f7f8eda3a800-lifetime-10:***@rp.scrapegw.com:6060	ConnectionTimeoutError: Connection timeout to host https://discord.com/api/v9/unique-username/username-attempt-unauthed
2026-09-01 18:31:37	NETWORK	ilgp	attempt=1	proxy=http://wiw4v7duaymysz9-session-1ff07cdd73a4-lifetime-10:***@rp.scrapegw.com:6060	ConnectionTimeoutError: Connection timeout to host https://discord.com/api/v9/unique-username/username-attempt-unauthed
2026-09-01 18:31:37	NETWORK	ilfv	attempt=1	proxy=http://wiw4v7duaymysz9-session-1af0d549205e-lifetime-10:***@rp.scrapegw.com:6060	ConnectionTimeoutError: Connection timeout to host https://discord.com/api/v9/unique-username/username-attempt-unauthed
2026-09-01 18:31:37	NETWORK	ilef	attempt=1	proxy=http://wiw4v7duaymysz9-session-58715644fec6-lifetime-10:***@rp.scrapegw.com:6060	ConnectionTimeoutError: Connection timeout to host https://discord.com/api/v9/unique-username/username-attempt-unauthed
2026-09-01 18:31:37	NETWORK	iljv	attempt=1	proxy=http://wiw4v7duaymysz9-session-9ef2a4e6c36c-lifetime-10:***@rp.scrapegw.com:6060	ConnectionTimeoutError: Connection timeout to host https://discord.com/api/v9/unique-username/username-attempt-unauthed
2026-09-01 18:31:37	NETWORK	ilgn	attempt=1	proxy=http://wiw4v7duaymysz9-session-2d02ff184013-lifetime-10:***@rp.scrapegw.com:6060	ConnectionTimeoutError: Connection timeout to host https://discord.com/api/v9/unique-username/username-attempt-unauthed
2026-09-01 18:31:37	NETWORK	iler	attempt=1	proxy=http://wiw4v7duaymysz9-session-a67e51a79d9d-lifetime-10:***@rp.scrapegw.com:6060	ConnectionTimeoutError: Connection timeout to host https://discord.com/api/v9/unique-username/username-attempt-unauthed
2026-09-01 18:31:37	NETWORK	iljt	attempt=1	proxy=http://wiw4v7duaymysz9-session-9f1cbc2e3782-lifetime-10:***@rp.scrapegw.com:6060	ConnectionTimeoutError: Connection timeout to host https://discord.com/api/v9/unique-username/username-attempt-unauthed
2026-09-01 18:31:37	NETWORK	ilhn	attempt=1	proxy=http://wiw4v7duaymysz9-session-6aed0ebe37d2-lifetime-10:***@rp.scrapegw.com:6060	ConnectionTimeoutError: Connection timeout to host https://discord.com/api/v9/unique-username/username-attempt-unauthed
2026-09-01 18:31:37	NETWORK	ileo	attempt=1	proxy=http://wiw4v7duaymysz9-session-fdb8f88554d8-lifetime-10:***@rp.scrapegw.com:6060	ConnectionTimeoutError: Connection timeout to host https://discord.com/api/v9/unique-username/username-attempt-unauthed
2026-09-01 18:31:37	NETWORK	iljo	attempt=1	proxy=http://wiw4v7duaymysz9-session-2ff542d7f42d-lifetime-10:***@rp.scrapegw.com:6060	ConnectionTimeoutError: Connection timeout to host https://discord.com/api/v9/unique-username/username-attempt-unauthed
2026-09-01 18:31:37	NETWORK	ilem	attempt=1	proxy=http://wiw4v7duaymysz9-session-cc826287b102-lifetime-10:***@rp.scrapegw.com:6060	ConnectionTimeoutError: Connection timeout to host https://discord.com/api/v9/unique-username/username-attempt-unauthed
2026-09-01 18:31:37	NETWORK	ilfh	attempt=1	proxy=http://wiw4v7duaymysz9-session-e448f46b8877-lifetime-10:***@rp.scrapegw.com:6060	ConnectionTimeoutError: Connection timeout to host https://discord.com/api/v9/unique-username/username-attempt-unauthed
2026-09-01 18:31:37	NETWORK	ilit	attempt=1	proxy=http://wiw4v7duaymysz9-session-1d8a350005a5-lifetime-10:***@rp.scrapegw.com:6060	ConnectionTimeoutError: Connection timeout to host https://discord.com/api/v9/unique-username/username-attempt-unauthed
2026-09-01 18:31:37	NETWORK	ilbv	attempt=1	proxy=http://wiw4v7duaymysz9-session-1711247e5a23-lifetime-10:***@rp.scrapegw.com:6060	ConnectionTimeoutError: Connection timeout to host https://discord.com/api/v9/unique-username/username-attempt-unauthed
2026-09-01 18:31:37	NETWORK	ilcg	attempt=1	proxy=http://wiw4v7duaymysz9-session-110bfb218bed-lifetime-10:***@rp.scrapegw.com:6060	ConnectionTimeoutError: Connection timeout to host https://discord.com/api/v9/unique-username/username-attempt-unauthed
2026-09-01 18:31:37	NETWORK	iljw	attempt=1	proxy=http://wiw4v7duaymysz9-session-b03bccefb1c4-lifetime-10:***@rp.scrapegw.com:6060	ConnectionTimeoutError: Connection timeout to host https://discord.com/api/v9/unique-username/username-attempt-unauthed
2026-09-01 18:31:37	NETWORK	iled	attempt=1	proxy=http://wiw4v7duaymysz9-session-a1d2e9ede713-lifetime-10:***@rp.scrapegw.com:6060	ConnectionTimeoutError: Connection timeout to host https://discord.com/api/v9/unique-username/username-attempt-unauthed
2026-09-01 18:31:37	NETWORK	ilca	attempt=1	proxy=http://wiw4v7duaymysz9-session-be3190ac2a99-lifetime-10:***@rp.scrapegw.com:6060	ConnectionTimeoutError: Connection timeout to host https://discord.com/api/v9/unique-username/username-attempt-unauthed
2026-09-01 18:31:37	NETWORK	ilgd	attempt=1	proxy=http://wiw4v7duaymysz9-session-0a179f87e2dc-lifetime-10:***@rp.scrapegw.com:6060	ConnectionTimeoutError: Connection timeout to host https://discord.com/api/v9/unique-username/username-attempt-unauthed
2026-09-01 18:31:37	NETWORK	ilhl	attempt=1	proxy=http://wiw4v7duaymysz9-session-91a220d7e517-lifetime-10:***@rp.scrapegw.com:6060	ConnectionTimeoutError: Connection timeout to host https://discord.com/api/v9/unique-username/username-attempt-unauthed
2026-09-01 18:31:37	NETWORK	ilgo	attempt=1	proxy=http://wiw4v7duaymysz9-session-c289deb45468-lifetime-10:***@rp.scrapegw.com:6060	ConnectionTimeoutError: Connection timeout to host https://discord.com/api/v9/unique-username/username-attempt-unauthed
2026-09-01 18:31:37	NETWORK	iliv	attempt=1	proxy=http://wiw4v7duaymysz9-session-4f18820de8bd-lifetime-10:***@rp.scrapegw.com:6060	ConnectionTimeoutError: Connection timeout to host https://discord.com/api/v9/unique-username/username-attempt-unauthed
2026-09-01 18:31:37	NETWORK	ilgj	attempt=1	proxy=http://wiw4v7duaymysz9-session-e04b647b3975-lifetime-10:***@rp.scrapegw.com:6060	ConnectionTimeoutError: Connection timeout to host https://discord.com/api/v9/unique-username/username-attempt-unauthed
2026-09-01 18:31:37	NETWORK	ilhg	attempt=1	proxy=http://wiw4v7duaymysz9-session-fda19889a7c3-lifetime-10:***@rp.scrapegw.com:6060	ConnectionTimeoutError: Connection timeout to host https://discord.com/api/v9/unique-username/username-attempt-unauthed
2026-09-01 18:31:37	NETWORK	ilde	attempt=1	proxy=http://wiw4v7duaymysz9-session-03f25304a78e-lifetime-10:***@rp.scrapegw.com:6060	ConnectionTimeoutError: Connection timeout to host https://discord.com/api/v9/unique-username/username-attempt-unauthed
2026-09-01 18:31:37	NETWORK	ilcx	attempt=1	proxy=http://wiw4v7duaymysz9-session-4cd54d8e117b-lifetime-10:***@rp.scrapegw.com:6060	ConnectionTimeoutError: Connection timeout to host https://discord.com/api/v9/unique-username/username-attempt-unauthed
2026-09-01 18:31:37	NETWORK	ilhv	attempt=1	proxy=http://wiw4v7duaymysz9-session-856d5a01120d-lifetime-10:***@rp.scrapegw.com:6060	ConnectionTimeoutError: Connection timeout to host https://discord.com/api/v9/unique-username/username-attempt-unauthed
2026-09-01 18:31:37	NETWORK	ilik	attempt=1	proxy=http://wiw4v7duaymysz9-session-f33f507b4300-lifetime-10:***@rp.scrapegw.com:6060	ConnectionTimeoutError: Connection timeout to host https://discord.com/api/v9/unique-username/username-attempt-unauthed
2026-09-01 18:31:37	HTTP_429	imqa	attempt=1	proxy=http://wiw4v7duaymysz9-session-fc28dc60cd3e-lifetime-10:***@rp.scrapegw.com:6060	scope=shared global=False retry_after=351.00s
2026-09-01 18:31:37	HTTP_429	iogs	attempt=1	proxy=http://wiw4v7duaymysz9-session-5daa2f0738c2-lifetime-10:***@rp.scrapegw.com:6060	scope=shared global=False retry_after=2095.00s
2026-09-01 18:31:38	NETWORK	imhl	attempt=1	proxy=http://wiw4v7duaymysz9-session-44fd9df03dc3-lifetime-10:***@rp.scrapegw.com:6060	ClientConnectorError: Cannot connect to host discord.com:443 ssl:default [Connection reset by peer]
2026-09-01 18:31:38	HTTP_429	iolw	attempt=1	proxy=http://wiw4v7duaymysz9-session-9a50bdc0cfb6-lifetime-10:***@rp.scrapegw.com:6060	scope=shared global=False retry_after=2052.00s
2026-09-01 18:31:38	HTTP_429	iold	attempt=1	proxy=http://wiw4v7duaymysz9-session-7cc61689ed3e-lifetime-10:***@rp.scrapegw.com:6060	scope=shared global=False retry_after=2054.00s
2026-09-01 18:31:38	HTTP_429	iogl	attempt=1	proxy=http://wiw4v7duaymysz9-session-4a2f91efb0fd-lifetime-10:***@rp.scrapegw.com:6060	scope=shared global=False retry_after=2048.00s
2026-09-01 18:31:38	HTTP_429	ilpj	attempt=1	proxy=http://wiw4v7duaymysz9-session-22ba033fd9ed-lifetime-10:***@rp.scrapegw.com:6060	scope=shared global=False retry_after=313.00s
2026-09-01 18:31:38	NETWORK	ilqd	attempt=1	proxy=http://wiw4v7duaymysz9-session-4b0475931b61-lifetime-10:***@rp.scrapegw.com:6060	ConnectionTimeoutError: Connection timeout to host https://discord.com/api/v9/unique-username/username-attempt-unauthed
2026-09-01 18:31:38	NETWORK	ilpy	attempt=1	proxy=http://wiw4v7duaymysz9-session-53e57ccc7455-lifetime-10:***@rp.scrapegw.com:6060	ConnectionTimeoutError: Connection timeout to host https://discord.com/api/v9/unique-username/username-attempt-unauthed
2026-09-01 18:31:38	NETWORK	ilqi	attempt=1	proxy=http://wiw4v7duaymysz9-session-aeac35f9f1ae-lifetime-10:***@rp.scrapegw.com:6060	ConnectionTimeoutError: Connection timeout to host https://discord.com/api/v9/unique-username/username-attempt-unauthed
2026-09-01 18:31:38	NETWORK	ilpu	attempt=1	proxy=http://wiw4v7duaymysz9-session-b50a6111702b-lifetime-10:***@rp.scrapegw.com:6060	ConnectionTimeoutError: Connection timeout to host https://discord.com/api/v9/unique-username/username-attempt-unauthed
2026-09-01 18:31:38	NETWORK	ilqo	attempt=1	proxy=http://wiw4v7duaymysz9-session-3a7aa853d083-lifetime-10:***@rp.scrapegw.com:6060	ConnectionTimeoutError: Connection timeout to host https://discord.com/api/v9/unique-username/username-attempt-unauthed
2026-09-01 18:31:38	NETWORK	ilqa	attempt=1	proxy=http://wiw4v7duaymysz9-session-7a24cc08df35-lifetime-10:***@rp.scrapegw.com:6060	ConnectionTimeoutError: Connection timeout to host https://discord.com/api/v9/unique-username/username-attempt-unauthed
2026-09-01 18:31:38	NETWORK	ilpm	attempt=1	proxy=http://wiw4v7duaymysz9-session-1a6974d1d145-lifetime-10:***@rp.scrapegw.com:6060	ConnectionTimeoutError: Connection timeout to host https://discord.com/api/v9/unique-username/username-attempt-unauthed
2026-09-01 18:31:38	NETWORK	ilol	attempt=1	proxy=http://wiw4v7duaymysz9-session-6e5371b67478-lifetime-10:***@rp.scrapegw.com:6060	ConnectionTimeoutError: Connection timeout to host https://discord.com/api/v9/unique-username/username-attempt-unauthed
2026-09-01 18:31:38	NETWORK	ilpi	attempt=1	proxy=http://wiw4v7duaymysz9-session-5f34df72f55b-lifetime-10:***@rp.scrapegw.com:6060	ConnectionTimeoutError: Connection timeout to host https://discord.com/api/v9/unique-username/username-attempt-unauthed
2026-09-01 18:31:38	NETWORK	ilnk	attempt=1	proxy=http://wiw4v7duaymysz9-session-69365af369ff-lifetime-10:***@rp.scrapegw.com:6060	ConnectionTimeoutError: Connection timeout to host https://discord.com/api/v9/unique-username/username-attempt-unauthed
2026-09-01 18:31:38	NETWORK	iloz	attempt=1	proxy=http://wiw4v7duaymysz9-session-6ee84d357511-lifetime-10:***@rp.scrapegw.com:6060	ConnectionTimeoutError: Connection timeout to host https://discord.com/api/v9/unique-username/username-attempt-unauthed
2026-09-01 18:31:38	NETWORK	ilqc	attempt=1	proxy=http://wiw4v7duaymysz9-session-cbe0ca29e3fa-lifetime-10:***@rp.scrapegw.com:6060	ConnectionTimeoutError: Connection timeout to host https://discord.com/api/v9/unique-username/username-attempt-unauthed
2026-09-01 18:31:38	NETWORK	ilob	attempt=1	proxy=http://wiw4v7duaymysz9-session-afbc863c5907-lifetime-10:***@rp.scrapegw.com:6060	ConnectionTimeoutError: Connection timeout to host https://discord.com/api/v9/unique-username/username-attempt-unauthed
2026-09-01 18:31:38	NETWORK	ilpt	attempt=1	proxy=http://wiw4v7duaymysz9-session-02686bbe8e42-lifetime-10:***@rp.scrapegw.com:6060	ConnectionTimeoutError: Connection timeout to host https://discord.com/api/v9/unique-username/username-attempt-unauthed
2026-09-01 18:31:38	NETWORK	ilot	attempt=1	proxy=http://wiw4v7duaymysz9-session-bccb71256c44-lifetime-10:***@rp.scrapegw.com:6060	ConnectionTimeoutError: Connection timeout to host https://discord.com/api/v9/unique-username/username-attempt-unauthed
2026-09-01 18:31:38	NETWORK	ilmh	attempt=1	proxy=http://wiw4v7duaymysz9-session-3283a4a606a4-lifetime-10:***@rp.scrapegw.com:6060	ConnectionTimeoutError: Connection timeout to host https://discord.com/api/v9/unique-username/username-attempt-unauthed
2026-09-01 18:31:38	NETWORK	illd	attempt=1	proxy=http://wiw4v7duaymysz9-session-af562ea773f6-lifetime-10:***@rp.scrapegw.com:6060	ConnectionTimeoutError: Connection timeout to host https://discord.com/api/v9/unique-username/username-attempt-unauthed
2026-09-01 18:31:38	NETWORK	ilos	attempt=1	proxy=http://wiw4v7duaymysz9-session-4354567f0e57-lifetime-10:***@rp.scrapegw.com:6060	ConnectionTimeoutError: Connection timeout to host https://discord.com/api/v9/unique-username/username-attempt-unauthed
2026-09-01 18:31:38	NETWORK	ilkw	attempt=1	proxy=http://wiw4v7duaymysz9-session-3526eede2017-lifetime-10:***@rp.scrapegw.com:6060	ConnectionTimeoutError: Connection timeout to host https://discord.com/api/v9/unique-username/username-attempt-unauthed
2026-09-01 18:31:38	NETWORK	ilkv	attempt=1	proxy=http://wiw4v7duaymysz9-session-8eb608b284c7-lifetime-10:***@rp.scrapegw.com:6060	ConnectionTimeoutError: Connection timeout to host https://discord.com/api/v9/unique-username/username-attempt-unauthed
2026-09-01 18:31:38	NETWORK	ilod	attempt=1	proxy=http://wiw4v7duaymysz9-session-c42d13aa77ee-lifetime-10:***@rp.scrapegw.com:6060	ConnectionTimeoutError: Connection timeout to host https://discord.com/api/v9/unique-username/username-attempt-unauthed
2026-09-01 18:31:38	NETWORK	iloh	attempt=1	proxy=http://wiw4v7duaymysz9-session-96cc038d6ac7-lifetime-10:***@rp.scrapegw.com:6060	ConnectionTimeoutError: Connection timeout to host https://discord.com/api/v9/unique-username/username-attempt-unauthed
2026-09-01 18:31:38	NETWORK	ilni	attempt=1	proxy=http://wiw4v7duaymysz9-session-8a868e4f3756-lifetime-10:***@rp.scrapegw.com:6060	ConnectionTimeoutError: Connection timeout to host https://discord.com/api/v9/unique-username/username-attempt-unauthed
2026-09-01 18:31:38	NETWORK	ilmz	attempt=1	proxy=http://wiw4v7duaymysz9-session-ea0b77e45a77-lifetime-10:***@rp.scrapegw.com:6060	ConnectionTimeoutError: Connection timeout to host https://discord.com/api/v9/unique-username/username-attempt-unauthed
2026-09-01 18:31:38	NETWORK	ilnz	attempt=1	proxy=http://wiw4v7duaymysz9-session-3c6f7f3fdb96-lifetime-10:***@rp.scrapegw.com:6060	ConnectionTimeoutError: Connection timeout to host https://discord.com/api/v9/unique-username/username-attempt-unauthed
2026-09-01 18:31:38	NETWORK	ilmk	attempt=1	proxy=http://wiw4v7duaymysz9-session-47f4911b89bf-lifetime-10:***@rp.scrapegw.com:6060	ConnectionTimeoutError: Connection timeout to host https://discord.com/api/v9/unique-username/username-attempt-unauthed
2026-09-01 18:31:38	NETWORK	illq	attempt=1	proxy=http://wiw4v7duaymysz9-session-3afb9daa6d1d-lifetime-10:***@rp.scrapegw.com:6060	ConnectionTimeoutError: Connection timeout to host https://discord.com/api/v9/unique-username/username-attempt-unauthed
2026-09-01 18:31:38	NETWORK	ilnc	attempt=1	proxy=http://wiw4v7duaymysz9-session-e7aa2709b4d7-lifetime-10:***@rp.scrapegw.com:6060	ConnectionTimeoutError: Connection timeout to host https://discord.com/api/v9/unique-username/username-attempt-unauthed
2026-09-01 18:31:38	NETWORK	ilmc	attempt=1	proxy=http://wiw4v7duaymysz9-session-cdaf3a76f58c-lifetime-10:***@rp.scrapegw.com:6060	ConnectionTimeoutError: Connection timeout to host https://discord.com/api/v9/unique-username/username-attempt-unauthed
2026-09-01 18:31:38	NETWORK	illj	attempt=1	proxy=http://wiw4v7duaymysz9-session-f46426fa3039-lifetime-10:***@rp.scrapegw.com:6060	ConnectionTimeoutError: Connection timeout to host https://discord.com/api/v9/unique-username/username-attempt-unauthed
2026-09-01 18:31:38	NETWORK	ilnm	attempt=1	proxy=http://wiw4v7duaymysz9-session-3423aeed7c78-lifetime-10:***@rp.scrapegw.com:6060	ConnectionTimeoutError: Connection timeout to host https://discord.com/api/v9/unique-username/username-attempt-unauthed
2026-09-01 18:31:38	NETWORK	ille	attempt=1	proxy=http://wiw4v7duaymysz9-session-d3b6e142970b-lifetime-10:***@rp.scrapegw.com:6060	ConnectionTimeoutError: Connection timeout to host https://discord.com/api/v9/unique-username/username-attempt-unauthed
2026-09-01 18:31:38	NETWORK	ilkp	attempt=1	proxy=http://wiw4v7duaymysz9-session-83bca435a9e1-lifetime-10:***@rp.scrapegw.com:6060	ConnectionTimeoutError: Connection timeout to host https://discord.com/api/v9/unique-username/username-attempt-unauthed
2026-09-01 18:31:38	NETWORK	iloi	attempt=1	proxy=http://wiw4v7duaymysz9-session-1b741b4fd06e-lifetime-10:***@rp.scrapegw.com:6060	ConnectionTimeoutError: Connection timeout to host https://discord.com/api/v9/unique-username/username-attempt-unauthed
2026-09-01 18:31:38	NETWORK	ilmg	attempt=1	proxy=http://wiw4v7duaymysz9-session-1a5e8efdd7ed-lifetime-10:***@rp.scrapegw.com:6060	ConnectionTimeoutError: Connection timeout to host https://discord.com/api/v9/unique-username/username-attempt-unauthed
2026-09-01 18:31:38	NETWORK	illg	attempt=1	proxy=http://wiw4v7duaymysz9-session-454afd857d70-lifetime-10:***@rp.scrapegw.com:6060	ConnectionTimeoutError: Connection timeout to host https://discord.com/api/v9/unique-username/username-attempt-unauthed
2026-09-01 18:31:38	NETWORK	ilpd	attempt=1	proxy=http://wiw4v7duaymysz9-session-d9be63fa349c-lifetime-10:***@rp.scrapegw.com:6060	ConnectionTimeoutError: Connection timeout to host https://discord.com/api/v9/unique-username/username-attempt-unauthed
2026-09-01 18:31:38	NETWORK	ilkb	attempt=1	proxy=http://wiw4v7duaymysz9-session-e982c2cd68ff-lifetime-10:***@rp.scrapegw.com:6060	ConnectionTimeoutError: Connection timeout to host https://discord.com/api/v9/unique-username/username-attempt-unauthed
2026-09-01 18:31:38	NETWORK	imef	attempt=1	proxy=http://wiw4v7duaymysz9-session-3ee209bb7dab-lifetime-10:***@rp.scrapegw.com:6060	ClientConnectorError: Cannot connect to host discord.com:443 ssl:default [Connection reset by peer]
2026-09-01 18:31:38	NETWORK	ioqi	attempt=1	proxy=http://wiw4v7duaymysz9-session-410a07d644e8-lifetime-10:***@rp.scrapegw.com:6060	ServerDisconnectedError: Server disconnected
2026-09-01 18:31:38	HTTP_429	iorj	attempt=1	proxy=http://wiw4v7duaymysz9-session-78dcb263789e-lifetime-10:***@rp.scrapegw.com:6060	scope=shared global=False retry_after=2053.00s
2026-09-01 18:31:39	HTTP_429	iool	attempt=1	proxy=http://wiw4v7duaymysz9-session-5e26ae5caabf-lifetime-10:***@rp.scrapegw.com:6060	scope=shared global=False retry_after=1476.00s
2026-09-01 18:31:39	NETWORK	ilss	attempt=1	proxy=http://wiw4v7duaymysz9-session-4bec4dc994b2-lifetime-10:***@rp.scrapegw.com:6060	ClientConnectorError: Cannot connect to host discord.com:443 ssl:default [Connection reset by peer]
2026-09-01 18:31:39	HTTP_429	iorc	attempt=1	proxy=http://wiw4v7duaymysz9-session-5a83102bd1cb-lifetime-10:***@rp.scrapegw.com:6060	scope=shared global=False retry_after=1777.00s
2026-09-01 18:31:39	NETWORK	imjm	attempt=1	proxy=http://wiw4v7duaymysz9-session-63ade84c5e4a-lifetime-10:***@rp.scrapegw.com:6060	ClientConnectorError: Cannot connect to host discord.com:443 ssl:default [Connection reset by peer]
2026-09-01 18:31:39	NETWORK	imxi	attempt=1	proxy=http://wiw4v7duaymysz9-session-2006077d024c-lifetime-10:***@rp.scrapegw.com:6060	ClientConnectorError: Cannot connect to host discord.com:443 ssl:default [None]
2026-09-01 18:31:39	NETWORK	ilvn	attempt=1	proxy=http://wiw4v7duaymysz9-session-f2ae5e5cc3e0-lifetime-10:***@rp.scrapegw.com:6060	ConnectionTimeoutError: Connection timeout to host https://discord.com/api/v9/unique-username/username-attempt-unauthed
2026-09-01 18:31:39	NETWORK	iluy	attempt=1	proxy=http://wiw4v7duaymysz9-session-d085f2ed0c99-lifetime-10:***@rp.scrapegw.com:6060	ConnectionTimeoutError: Connection timeout to host https://discord.com/api/v9/unique-username/username-attempt-unauthed
2026-09-01 18:31:39	NETWORK	ilud	attempt=1	proxy=http://wiw4v7duaymysz9-session-e80d36ba9d16-lifetime-10:***@rp.scrapegw.com:6060	ConnectionTimeoutError: Connection timeout to host https://discord.com/api/v9/unique-username/username-attempt-unauthed
2026-09-01 18:31:39	NETWORK	ilvz	attempt=1	proxy=http://wiw4v7duaymysz9-session-b9de9bec4daa-lifetime-10:***@rp.scrapegw.com:6060	ConnectionTimeoutError: Connection timeout to host https://discord.com/api/v9/unique-username/username-attempt-unauthed
2026-09-01 18:31:39	NETWORK	ilrh	attempt=1	proxy=http://wiw4v7duaymysz9-session-1d275558e0a8-lifetime-10:***@rp.scrapegw.com:6060	ConnectionTimeoutError: Connection timeout to host https://discord.com/api/v9/unique-username/username-attempt-unauthed
2026-09-01 18:31:39	NETWORK	ilvo	attempt=1	proxy=http://wiw4v7duaymysz9-session-b85af2ed1314-lifetime-10:***@rp.scrapegw.com:6060	ConnectionTimeoutError: Connection timeout to host https://discord.com/api/v9/unique-username/username-attempt-unauthed
2026-09-01 18:31:39	NETWORK	ilru	attempt=1	proxy=http://wiw4v7duaymysz9-session-4ac69cd53ff4-lifetime-10:***@rp.scrapegw.com:6060	ConnectionTimeoutError: Connection timeout to host https://discord.com/api/v9/unique-username/username-attempt-unauthed
2026-09-01 18:31:39	NETWORK	ilrx	attempt=1	proxy=http://wiw4v7duaymysz9-session-15396b261fad-lifetime-10:***@rp.scrapegw.com:6060	ConnectionTimeoutError: Connection timeout to host https://discord.com/api/v9/unique-username/username-attempt-unauthed
2026-09-01 18:31:39	NETWORK	ilva	attempt=1	proxy=http://wiw4v7duaymysz9-session-713da674d357-lifetime-10:***@rp.scrapegw.com:6060	ConnectionTimeoutError: Connection timeout to host https://discord.com/api/v9/unique-username/username-attempt-unauthed
2026-09-01 18:31:39	NETWORK	ilvb	attempt=1	proxy=http://wiw4v7duaymysz9-session-fdd785a5bf93-lifetime-10:***@rp.scrapegw.com:6060	ConnectionTimeoutError: Connection timeout to host https://discord.com/api/v9/unique-username/username-attempt-unauthed
2026-09-01 18:31:39	NETWORK	ilvu	attempt=1	proxy=http://wiw4v7duaymysz9-session-7c686dbc8d1b-lifetime-10:***@rp.scrapegw.com:6060	ConnectionTimeoutError: Connection timeout to host https://discord.com/api/v9/unique-username/username-attempt-unauthed
2026-09-01 18:31:39	NETWORK	ilrf	attempt=1	proxy=http://wiw4v7duaymysz9-session-b3ccade6a50d-lifetime-10:***@rp.scrapegw.com:6060	ConnectionTimeoutError: Connection timeout to host https://discord.com/api/v9/unique-username/username-attempt-unauthed
2026-09-01 18:31:39	NETWORK	iluc	attempt=1	proxy=http://wiw4v7duaymysz9-session-13b15ed722ad-lifetime-10:***@rp.scrapegw.com:6060	ConnectionTimeoutError: Connection timeout to host https://discord.com/api/v9/unique-username/username-attempt-unauthed
2026-09-01 18:31:39	NETWORK	ilwx	attempt=1	proxy=http://wiw4v7duaymysz9-session-9948daa63c22-lifetime-10:***@rp.scrapegw.com:6060	ConnectionTimeoutError: Connection timeout to host https://discord.com/api/v9/unique-username/username-attempt-unauthed
2026-09-01 18:31:39	NETWORK	ilqt	attempt=1	proxy=http://wiw4v7duaymysz9-session-44ec939bfac6-lifetime-10:***@rp.scrapegw.com:6060	ConnectionTimeoutError: Connection timeout to host https://discord.com/api/v9/unique-username/username-attempt-unauthed
2026-09-01 18:31:39	NETWORK	ilux	attempt=1	proxy=http://wiw4v7duaymysz9-session-a5706b4879f6-lifetime-10:***@rp.scrapegw.com:6060	ConnectionTimeoutError: Connection timeout to host https://discord.com/api/v9/unique-username/username-attempt-unauthed
2026-09-01 18:31:39	NETWORK	ilrg	attempt=1	proxy=http://wiw4v7duaymysz9-session-a4cb44d64697-lifetime-10:***@rp.scrapegw.com:6060	ConnectionTimeoutError: Connection timeout to host https://discord.com/api/v9/unique-username/username-attempt-unauthed
2026-09-01 18:31:39	NETWORK	iltf	attempt=1	proxy=http://wiw4v7duaymysz9-session-8bbd9eeea1e6-lifetime-10:***@rp.scrapegw.com:6060	ConnectionTimeoutError: Connection timeout to host https://discord.com/api/v9/unique-username/username-attempt-unauthed
2026-09-01 18:31:39	NETWORK	ilty	attempt=1	proxy=http://wiw4v7duaymysz9-session-43b88d3c751f-lifetime-10:***@rp.scrapegw.com:6060	ConnectionTimeoutError: Connection timeout to host https://discord.com/api/v9/unique-username/username-attempt-unauthed
2026-09-01 18:31:39	NETWORK	ilsx	attempt=1	proxy=http://wiw4v7duaymysz9-session-a4548b223055-lifetime-10:***@rp.scrapegw.com:6060	ConnectionTimeoutError: Connection timeout to host https://discord.com/api/v9/unique-username/username-attempt-unauthed
2026-09-01 18:31:39	NETWORK	iltp	attempt=1	proxy=http://wiw4v7duaymysz9-session-3a50ad032407-lifetime-10:***@rp.scrapegw.com:6060	ConnectionTimeoutError: Connection timeout to host https://discord.com/api/v9/unique-username/username-attempt-unauthed
2026-09-01 18:31:39	NETWORK	iltc	attempt=1	proxy=http://wiw4v7duaymysz9-session-1e11122b878e-lifetime-10:***@rp.scrapegw.com:6060	ConnectionTimeoutError: Connection timeout to host https://discord.com/api/v9/unique-username/username-attempt-unauthed
2026-09-01 18:31:39	NETWORK	iltu	attempt=1	proxy=http://wiw4v7duaymysz9-session-c8514a6fd1eb-lifetime-10:***@rp.scrapegw.com:6060	ConnectionTimeoutError: Connection timeout to host https://discord.com/api/v9/unique-username/username-attempt-unauthed
2026-09-01 18:31:39	NETWORK	ilwm	attempt=1	proxy=http://wiw4v7duaymysz9-session-033e1f01b02d-lifetime-10:***@rp.scrapegw.com:6060	ConnectionTimeoutError: Connection timeout to host https://discord.com/api/v9/unique-username/username-attempt-unauthed
2026-09-01 18:31:39	NETWORK	ilwp	attempt=1	proxy=http://wiw4v7duaymysz9-session-1ed7938c312a-lifetime-10:***@rp.scrapegw.com:6060	ConnectionTimeoutError: Connection timeout to host https://discord.com/api/v9/unique-username/username-attempt-unauthed
2026-09-01 18:31:39	NETWORK	ilwy	attempt=1	proxy=http://wiw4v7duaymysz9-session-1ff0321d22a8-lifetime-10:***@rp.scrapegw.com:6060	ConnectionTimeoutError: Connection timeout to host https://discord.com/api/v9/unique-username/username-attempt-unauthed
2026-09-01 18:31:39	NETWORK	iluv	attempt=1	proxy=http://wiw4v7duaymysz9-session-50c13d82f232-lifetime-10:***@rp.scrapegw.com:6060	ConnectionTimeoutError: Connection timeout to host https://discord.com/api/v9/unique-username/username-attempt-unauthed
2026-09-01 18:31:39	NETWORK	ilry	attempt=1	proxy=http://wiw4v7duaymysz9-session-b275c3586db5-lifetime-10:***@rp.scrapegw.com:6060	ConnectionTimeoutError: Connection timeout to host https://discord.com/api/v9/unique-username/username-attempt-unauthed
2026-09-01 18:31:39	NETWORK	ilxb	attempt=1	proxy=http://wiw4v7duaymysz9-session-491c1ffcc6ee-lifetime-10:***@rp.scrapegw.com:6060	ConnectionTimeoutError: Connection timeout to host https://discord.com/api/v9/unique-username/username-attempt-unauthed
2026-09-01 18:31:39	NETWORK	ilsl	attempt=1	proxy=http://wiw4v7duaymysz9-session-7f51223edd28-lifetime-10:***@rp.scrapegw.com:6060	ConnectionTimeoutError: Connection timeout to host https://discord.com/api/v9/unique-username/username-attempt-unauthed
2026-09-01 18:31:39	NETWORK	ilre	attempt=1	proxy=http://wiw4v7duaymysz9-session-91a251d1d309-lifetime-10:***@rp.scrapegw.com:6060	ConnectionTimeoutError: Connection timeout to host https://discord.com/api/v9/unique-username/username-attempt-unauthed
2026-09-01 18:31:39	NETWORK	ilsm	attempt=1	proxy=http://wiw4v7duaymysz9-session-c9f658a2be81-lifetime-10:***@rp.scrapegw.com:6060	ConnectionTimeoutError: Connection timeout to host https://discord.com/api/v9/unique-username/username-attempt-unauthed
2026-09-01 18:31:39	NETWORK	iltw	attempt=1	proxy=http://wiw4v7duaymysz9-session-93fd8fee58e8-lifetime-10:***@rp.scrapegw.com:6060	ConnectionTimeoutError: Connection timeout to host https://discord.com/api/v9/unique-username/username-attempt-unauthed
2026-09-01 18:31:39	NETWORK	ilwn	attempt=1	proxy=http://wiw4v7duaymysz9-session-32c683c1e604-lifetime-10:***@rp.scrapegw.com:6060	ConnectionTimeoutError: Connection timeout to host https://discord.com/api/v9/unique-username/username-attempt-unauthed
2026-09-01 18:31:39	NETWORK	ilvx	attempt=1	proxy=http://wiw4v7duaymysz9-session-aeb95887078e-lifetime-10:***@rp.scrapegw.com:6060	ConnectionTimeoutError: Connection timeout to host https://discord.com/api/v9/unique-username/username-attempt-unauthed
2026-09-01 18:31:39	NETWORK	ilwh	attempt=1	proxy=http://wiw4v7duaymysz9-session-498252c6e2c8-lifetime-10:***@rp.scrapegw.com:6060	ConnectionTimeoutError: Connection timeout to host https://discord.com/api/v9/unique-username/username-attempt-unauthed
2026-09-01 18:31:39	NETWORK	ilwo	attempt=1	proxy=http://wiw4v7duaymysz9-session-0ad7eca134b6-lifetime-10:***@rp.scrapegw.com:6060	ConnectionTimeoutError: Connection timeout to host https://discord.com/api/v9/unique-username/username-attempt-unauthed
2026-09-01 18:31:39	NETWORK	ilwl	attempt=1	proxy=http://wiw4v7duaymysz9-session-bee9a4fbf26c-lifetime-10:***@rp.scrapegw.com:6060	ConnectionTimeoutError: Connection timeout to host https://discord.com/api/v9/unique-username/username-attempt-unauthed
2026-09-01 18:31:39	NETWORK	imnv	attempt=1	proxy=http://wiw4v7duaymysz9-session-eb48cd5fc1c0-lifetime-10:***@rp.scrapegw.com:6060	ClientConnectorError: Cannot connect to host discord.com:443 ssl:default [Connection reset by peer]
2026-09-01 18:31:40	HTTP_429	iows	attempt=1	proxy=http://wiw4v7duaymysz9-session-ed3f74095d46-lifetime-10:***@rp.scrapegw.com:6060	scope=shared global=False retry_after=1015.00s
2026-09-01 18:31:40	HTTP_429	ioyh	attempt=1	proxy=http://wiw4v7duaymysz9-session-7daff898c79c-lifetime-10:***@rp.scrapegw.com:6060	scope=shared global=False retry_after=1142.00s
2026-09-01 18:31:40	HTTP_429	ipbj	attempt=1	proxy=http://wiw4v7duaymysz9-session-da7b59b1787d-lifetime-10:***@rp.scrapegw.com:6060	scope=shared global=False retry_after=1157.00s
2026-09-01 18:31:40	NETWORK	imet	attempt=1	proxy=http://wiw4v7duaymysz9-session-dcedb6b5868b-lifetime-10:***@rp.scrapegw.com:6060	ConnectionTimeoutError: Connection timeout to host https://discord.com/api/v9/unique-username/username-attempt-unauthed
2026-09-01 18:31:40	NETWORK	ilxq	attempt=1	proxy=http://wiw4v7duaymysz9-session-bcac753d17d0-lifetime-10:***@rp.scrapegw.com:6060	ConnectionTimeoutError: Connection timeout to host https://discord.com/api/v9/unique-username/username-attempt-unauthed
2026-09-01 18:31:40	NETWORK	ilzm	attempt=1	proxy=http://wiw4v7duaymysz9-session-9881297e1517-lifetime-10:***@rp.scrapegw.com:6060	ConnectionTimeoutError: Connection timeout to host https://discord.com/api/v9/unique-username/username-attempt-unauthed
2026-09-01 18:31:40	NETWORK	imfx	attempt=1	proxy=http://wiw4v7duaymysz9-session-40060925a96c-lifetime-10:***@rp.scrapegw.com:6060	ConnectionTimeoutError: Connection timeout to host https://discord.com/api/v9/unique-username/username-attempt-unauthed
2026-09-01 18:31:40	NETWORK	imgn	attempt=1	proxy=http://wiw4v7duaymysz9-session-38efef94ac29-lifetime-10:***@rp.scrapegw.com:6060	ConnectionTimeoutError: Connection timeout to host https://discord.com/api/v9/unique-username/username-attempt-unauthed
2026-09-01 18:31:40	NETWORK	imfm	attempt=1	proxy=http://wiw4v7duaymysz9-session-14ee4dd5f2e0-lifetime-10:***@rp.scrapegw.com:6060	ConnectionTimeoutError: Connection timeout to host https://discord.com/api/v9/unique-username/username-attempt-unauthed
2026-09-01 18:31:40	NETWORK	imek	attempt=1	proxy=http://wiw4v7duaymysz9-session-6b29a2fa082b-lifetime-10:***@rp.scrapegw.com:6060	ConnectionTimeoutError: Connection timeout to host https://discord.com/api/v9/unique-username/username-attempt-unauthed
2026-09-01 18:31:40	NETWORK	imcb	attempt=1	proxy=http://wiw4v7duaymysz9-session-b945ceccf61b-lifetime-10:***@rp.scrapegw.com:6060	ConnectionTimeoutError: Connection timeout to host https://discord.com/api/v9/unique-username/username-attempt-unauthed
2026-09-01 18:31:40	NETWORK	imbv	attempt=1	proxy=http://wiw4v7duaymysz9-session-2ee0d942369f-lifetime-10:***@rp.scrapegw.com:6060	ConnectionTimeoutError: Connection timeout to host https://discord.com/api/v9/unique-username/username-attempt-unauthed
2026-09-01 18:31:40	NETWORK	imck	attempt=1	proxy=http://wiw4v7duaymysz9-session-28256c85cf4c-lifetime-10:***@rp.scrapegw.com:6060	ConnectionTimeoutError: Connection timeout to host https://discord.com/api/v9/unique-username/username-attempt-unauthed
2026-09-01 18:31:40	NETWORK	imdh	attempt=1	proxy=http://wiw4v7duaymysz9-session-f63a2d13085d-lifetime-10:***@rp.scrapegw.com:6060	ConnectionTimeoutError: Connection timeout to host https://discord.com/api/v9/unique-username/username-attempt-unauthed
2026-09-01 18:31:40	NETWORK	imce	attempt=1	proxy=http://wiw4v7duaymysz9-session-e540ce08fad9-lifetime-10:***@rp.scrapegw.com:6060	ConnectionTimeoutError: Connection timeout to host https://discord.com/api/v9/unique-username/username-attempt-unauthed
2026-09-01 18:31:40	NETWORK	ilzl	attempt=1	proxy=http://wiw4v7duaymysz9-session-a6d063ef882d-lifetime-10:***@rp.scrapegw.com:6060	ConnectionTimeoutError: Connection timeout to host https://discord.com/api/v9/unique-username/username-attempt-unauthed
2026-09-01 18:31:40	NETWORK	imgb	attempt=1	proxy=http://wiw4v7duaymysz9-session-1a551b7526fb-lifetime-10:***@rp.scrapegw.com:6060	ConnectionTimeoutError: Connection timeout to host https://discord.com/api/v9/unique-username/username-attempt-unauthed
2026-09-01 18:31:40	NETWORK	ilyr	attempt=1	proxy=http://wiw4v7duaymysz9-session-ff3e9729af88-lifetime-10:***@rp.scrapegw.com:6060	ConnectionTimeoutError: Connection timeout to host https://discord.com/api/v9/unique-username/username-attempt-unauthed
2026-09-01 18:31:40	NETWORK	imak	attempt=1	proxy=http://wiw4v7duaymysz9-session-6b948958a4fd-lifetime-10:***@rp.scrapegw.com:6060	ConnectionTimeoutError: Connection timeout to host https://discord.com/api/v9/unique-username/username-attempt-unauthed
2026-09-01 18:31:40	NETWORK	imao	attempt=1	proxy=http://wiw4v7duaymysz9-session-3aa9629161ae-lifetime-10:***@rp.scrapegw.com:6060	ConnectionTimeoutError: Connection timeout to host https://discord.com/api/v9/unique-username/username-attempt-unauthed
2026-09-01 18:31:40	NETWORK	imaz	attempt=1	proxy=http://wiw4v7duaymysz9-session-840ef88f0772-lifetime-10:***@rp.scrapegw.com:6060	ConnectionTimeoutError: Connection timeout to host https://discord.com/api/v9/unique-username/username-attempt-unauthed
2026-09-01 18:31:40	NETWORK	imbd	attempt=1	proxy=http://wiw4v7duaymysz9-session-d0da7a45c05a-lifetime-10:***@rp.scrapegw.com:6060	ConnectionTimeoutError: Connection timeout to host https://discord.com/api/v9/unique-username/username-attempt-unauthed
2026-09-01 18:31:40	NETWORK	imfv	attempt=1	proxy=http://wiw4v7duaymysz9-session-da30b8bb0b9f-lifetime-10:***@rp.scrapegw.com:6060	ConnectionTimeoutError: Connection timeout to host https://discord.com/api/v9/unique-username/username-attempt-unauthed
2026-09-01 18:31:40	NETWORK	imfr	attempt=1	proxy=http://wiw4v7duaymysz9-session-76cb94f5006a-lifetime-10:***@rp.scrapegw.com:6060	ConnectionTimeoutError: Connection timeout to host https://discord.com/api/v9/unique-username/username-attempt-unauthed
2026-09-01 18:31:40	NETWORK	imgd	attempt=1	proxy=http://wiw4v7duaymysz9-session-5a1204baa034-lifetime-10:***@rp.scrapegw.com:6060	ConnectionTimeoutError: Connection timeout to host https://discord.com/api/v9/unique-username/username-attempt-unauthed
2026-09-01 18:31:40	NETWORK	imea	attempt=1	proxy=http://wiw4v7duaymysz9-session-d3043445d5de-lifetime-10:***@rp.scrapegw.com:6060	ConnectionTimeoutError: Connection timeout to host https://discord.com/api/v9/unique-username/username-attempt-unauthed
2026-09-01 18:31:40	NETWORK	imdz	attempt=1	proxy=http://wiw4v7duaymysz9-session-12eff00b4062-lifetime-10:***@rp.scrapegw.com:6060	ConnectionTimeoutError: Connection timeout to host https://discord.com/api/v9/unique-username/username-attempt-unauthed
2026-09-01 18:31:40	NETWORK	imdw	attempt=1	proxy=http://wiw4v7duaymysz9-session-7d6532af64fb-lifetime-10:***@rp.scrapegw.com:6060	ConnectionTimeoutError: Connection timeout to host https://discord.com/api/v9/unique-username/username-attempt-unauthed
2026-09-01 18:31:40	NETWORK	imdt	attempt=1	proxy=http://wiw4v7duaymysz9-session-ec31e0da779d-lifetime-10:***@rp.scrapegw.com:6060	ConnectionTimeoutError: Connection timeout to host https://discord.com/api/v9/unique-username/username-attempt-unauthed
2026-09-01 18:31:40	NETWORK	imdn	attempt=1	proxy=http://wiw4v7duaymysz9-session-dabfa16cac51-lifetime-10:***@rp.scrapegw.com:6060	ConnectionTimeoutError: Connection timeout to host https://discord.com/api/v9/unique-username/username-attempt-unauthed
2026-09-01 18:31:40	NETWORK	imfu	attempt=1	proxy=http://wiw4v7duaymysz9-session-a60f77603832-lifetime-10:***@rp.scrapegw.com:6060	ConnectionTimeoutError: Connection timeout to host https://discord.com/api/v9/unique-username/username-attempt-unauthed
2026-09-01 18:31:40	NETWORK	imem	attempt=1	proxy=http://wiw4v7duaymysz9-session-0e561e1835cd-lifetime-10:***@rp.scrapegw.com:6060	ConnectionTimeoutError: Connection timeout to host https://discord.com/api/v9/unique-username/username-attempt-unauthed
2026-09-01 18:31:40	NETWORK	imgl	attempt=1	proxy=http://wiw4v7duaymysz9-session-7fa7261018f9-lifetime-10:***@rp.scrapegw.com:6060	ConnectionTimeoutError: Connection timeout to host https://discord.com/api/v9/unique-username/username-attempt-unauthed
2026-09-01 18:31:40	NETWORK	imez	attempt=1	proxy=http://wiw4v7duaymysz9-session-29971f0adb98-lifetime-10:***@rp.scrapegw.com:6060	ConnectionTimeoutError: Connection timeout to host https://discord.com/api/v9/unique-username/username-attempt-unauthed
2026-09-01 18:31:40	NETWORK	imgk	attempt=1	proxy=http://wiw4v7duaymysz9-session-16326c12240c-lifetime-10:***@rp.scrapegw.com:6060	ConnectionTimeoutError: Connection timeout to host https://discord.com/api/v9/unique-username/username-attempt-unauthed
2026-09-01 18:31:40	NETWORK	ilzz	attempt=1	proxy=http://wiw4v7duaymysz9-session-1d49944d747f-lifetime-10:***@rp.scrapegw.com:6060	ConnectionTimeoutError: Connection timeout to host https://discord.com/api/v9/unique-username/username-attempt-unauthed
2026-09-01 18:31:40	NETWORK	ilzq	attempt=1	proxy=http://wiw4v7duaymysz9-session-c1a49c2e4bb1-lifetime-10:***@rp.scrapegw.com:6060	ConnectionTimeoutError: Connection timeout to host https://discord.com/api/v9/unique-username/username-attempt-unauthed
2026-09-01 18:31:40	NETWORK	imbj	attempt=1	proxy=http://wiw4v7duaymysz9-session-cf120ec991fd-lifetime-10:***@rp.scrapegw.com:6060	ConnectionTimeoutError: Connection timeout to host https://discord.com/api/v9/unique-username/username-attempt-unauthed
2026-09-01 18:31:40	NETWORK	ilzr	attempt=1	proxy=http://wiw4v7duaymysz9-session-263b200e5117-lifetime-10:***@rp.scrapegw.com:6060	ConnectionTimeoutError: Connection timeout to host https://discord.com/api/v9/unique-username/username-attempt-unauthed
2026-09-01 18:31:40	NETWORK	imjp	attempt=1	proxy=http://wiw4v7duaymysz9-session-a0d14a26fd7a-lifetime-10:***@rp.scrapegw.com:6060	ClientConnectorError: Cannot connect to host discord.com:443 ssl:default [Connection reset by peer]
2026-09-01 18:31:41	HTTP_429	ipgn	attempt=1	proxy=http://wiw4v7duaymysz9-session-5810aca25bb6-lifetime-10:***@rp.scrapegw.com:6060	scope=shared global=False retry_after=2053.00s
2026-09-01 18:31:41	HTTP_429	ipia	attempt=1	proxy=http://wiw4v7duaymysz9-session-932ab6db08dd-lifetime-10:***@rp.scrapegw.com:6060	scope=shared global=False retry_after=1414.00s
2026-09-01 18:31:41	HTTP_429	ipez	attempt=1	proxy=http://wiw4v7duaymysz9-session-0901c4eb9fd6-lifetime-10:***@rp.scrapegw.com:6060	scope=shared global=False retry_after=1619.00s
2026-09-01 18:31:41	NETWORK	imhe	attempt=1	proxy=http://wiw4v7duaymysz9-session-7e0e87dfce79-lifetime-10:***@rp.scrapegw.com:6060	ClientConnectorError: Cannot connect to host discord.com:443 ssl:default [Connection reset by peer]
2026-09-01 18:31:41	HTTP_429	inbz	attempt=1	proxy=http://wiw4v7duaymysz9-session-af562ea773f6-lifetime-10:***@rp.scrapegw.com:6060	scope=shared global=False retry_after=583.00s
2026-09-01 18:31:41	HTTP_429	ipii	attempt=1	proxy=http://wiw4v7duaymysz9-session-24cd95aac73b-lifetime-10:***@rp.scrapegw.com:6060	scope=shared global=False retry_after=2052.00s
2026-09-01 18:31:41	HTTP_429	ipjj	attempt=1	proxy=http://wiw4v7duaymysz9-session-643c48f55ea4-lifetime-10:***@rp.scrapegw.com:6060	scope=shared global=False retry_after=601.00s
2026-09-01 18:31:41	NETWORK	imlc	attempt=1	proxy=http://wiw4v7duaymysz9-session-072eea55ed30-lifetime-10:***@rp.scrapegw.com:6060	ConnectionTimeoutError: Connection timeout to host https://discord.com/api/v9/unique-username/username-attempt-unauthed
2026-09-01 18:31:41	NETWORK	imkl	attempt=1	proxy=http://wiw4v7duaymysz9-session-fabeaedae9ec-lifetime-10:***@rp.scrapegw.com:6060	ConnectionTimeoutError: Connection timeout to host https://discord.com/api/v9/unique-username/username-attempt-unauthed
2026-09-01 18:31:41	NETWORK	imij	attempt=1	proxy=http://wiw4v7duaymysz9-session-0f7b4d31e694-lifetime-10:***@rp.scrapegw.com:6060	ConnectionTimeoutError: Connection timeout to host https://discord.com/api/v9/unique-username/username-attempt-unauthed
2026-09-01 18:31:41	NETWORK	imii	attempt=1	proxy=http://wiw4v7duaymysz9-session-85fb1d78b7b5-lifetime-10:***@rp.scrapegw.com:6060	ConnectionTimeoutError: Connection timeout to host https://discord.com/api/v9/unique-username/username-attempt-unauthed
2026-09-01 18:31:41	NETWORK	imjv	attempt=1	proxy=http://wiw4v7duaymysz9-session-027502f16685-lifetime-10:***@rp.scrapegw.com:6060	ConnectionTimeoutError: Connection timeout to host https://discord.com/api/v9/unique-username/username-attempt-unauthed
2026-09-01 18:31:41	NETWORK	imkk	attempt=1	proxy=http://wiw4v7duaymysz9-session-866272525ddb-lifetime-10:***@rp.scrapegw.com:6060	ConnectionTimeoutError: Connection timeout to host https://discord.com/api/v9/unique-username/username-attempt-unauthed
2026-09-01 18:31:41	NETWORK	imie	attempt=1	proxy=http://wiw4v7duaymysz9-session-35b18504c5a4-lifetime-10:***@rp.scrapegw.com:6060	ConnectionTimeoutError: Connection timeout to host https://discord.com/api/v9/unique-username/username-attempt-unauthed
2026-09-01 18:31:41	NETWORK	imjc	attempt=1	proxy=http://wiw4v7duaymysz9-session-14704834cc81-lifetime-10:***@rp.scrapegw.com:6060	ConnectionTimeoutError: Connection timeout to host https://discord.com/api/v9/unique-username/username-attempt-unauthed
2026-09-01 18:31:41	NETWORK	imjh	attempt=1	proxy=http://wiw4v7duaymysz9-session-433d4bf42fde-lifetime-10:***@rp.scrapegw.com:6060	ConnectionTimeoutError: Connection timeout to host https://discord.com/api/v9/unique-username/username-attempt-unauthed
2026-09-01 18:31:41	NETWORK	imlu	attempt=1	proxy=http://wiw4v7duaymysz9-session-13bf5d8ed525-lifetime-10:***@rp.scrapegw.com:6060	ConnectionTimeoutError: Connection timeout to host https://discord.com/api/v9/unique-username/username-attempt-unauthed
2026-09-01 18:31:41	NETWORK	imjg	attempt=1	proxy=http://wiw4v7duaymysz9-session-a60bb93ca09c-lifetime-10:***@rp.scrapegw.com:6060	ConnectionTimeoutError: Connection timeout to host https://discord.com/api/v9/unique-username/username-attempt-unauthed
2026-09-01 18:31:41	NETWORK	imlt	attempt=1	proxy=http://wiw4v7duaymysz9-session-be69e351ff77-lifetime-10:***@rp.scrapegw.com:6060	ConnectionTimeoutError: Connection timeout to host https://discord.com/api/v9/unique-username/username-attempt-unauthed
2026-09-01 18:31:41	NETWORK	imlm	attempt=1	proxy=http://wiw4v7duaymysz9-session-85428b13cffe-lifetime-10:***@rp.scrapegw.com:6060	ConnectionTimeoutError: Connection timeout to host https://discord.com/api/v9/unique-username/username-attempt-unauthed
2026-09-01 18:31:41	NETWORK	imlx	attempt=1	proxy=http://wiw4v7duaymysz9-session-2afe445bc99b-lifetime-10:***@rp.scrapegw.com:6060	ConnectionTimeoutError: Connection timeout to host https://discord.com/api/v9/unique-username/username-attempt-unauthed
2026-09-01 18:31:41	NETWORK	imkn	attempt=1	proxy=http://wiw4v7duaymysz9-session-114ba85fca27-lifetime-10:***@rp.scrapegw.com:6060	ConnectionTimeoutError: Connection timeout to host https://discord.com/api/v9/unique-username/username-attempt-unauthed
2026-09-01 18:31:41	NETWORK	imix	attempt=1	proxy=http://wiw4v7duaymysz9-session-e584e8b73d83-lifetime-10:***@rp.scrapegw.com:6060	ConnectionTimeoutError: Connection timeout to host https://discord.com/api/v9/unique-username/username-attempt-unauthed
2026-09-01 18:31:41	NETWORK	imig	attempt=1	proxy=http://wiw4v7duaymysz9-session-2791c29b4baa-lifetime-10:***@rp.scrapegw.com:6060	ConnectionTimeoutError: Connection timeout to host https://discord.com/api/v9/unique-username/username-attempt-unauthed
2026-09-01 18:31:41	NETWORK	imil	attempt=1	proxy=http://wiw4v7duaymysz9-session-39a678851311-lifetime-10:***@rp.scrapegw.com:6060	ConnectionTimeoutError: Connection timeout to host https://discord.com/api/v9/unique-username/username-attempt-unauthed
2026-09-01 18:31:41	NETWORK	imkd	attempt=1	proxy=http://wiw4v7duaymysz9-session-46b08ad76d6e-lifetime-10:***@rp.scrapegw.com:6060	ConnectionTimeoutError: Connection timeout to host https://discord.com/api/v9/unique-username/username-attempt-unauthed
2026-09-01 18:31:41	NETWORK	imkc	attempt=1	proxy=http://wiw4v7duaymysz9-session-f49c6615b990-lifetime-10:***@rp.scrapegw.com:6060	ConnectionTimeoutError: Connection timeout to host https://discord.com/api/v9/unique-username/username-attempt-unauthed
2026-09-01 18:31:41	NETWORK	imkb	attempt=1	proxy=http://wiw4v7duaymysz9-session-0090122f283e-lifetime-10:***@rp.scrapegw.com:6060	ConnectionTimeoutError: Connection timeout to host https://discord.com/api/v9/unique-username/username-attempt-unauthed
2026-09-01 18:31:41	NETWORK	imka	attempt=1	proxy=http://wiw4v7duaymysz9-session-2ee9fa542ebd-lifetime-10:***@rp.scrapegw.com:6060	ConnectionTimeoutError: Connection timeout to host https://discord.com/api/v9/unique-username/username-attempt-unauthed
2026-09-01 18:31:41	NETWORK	imiw	attempt=1	proxy=http://wiw4v7duaymysz9-session-5510d62ec2f8-lifetime-10:***@rp.scrapegw.com:6060	ConnectionTimeoutError: Connection timeout to host https://discord.com/api/v9/unique-username/username-attempt-unauthed
2026-09-01 18:31:41	NETWORK	imhf	attempt=1	proxy=http://wiw4v7duaymysz9-session-c8e4aee61216-lifetime-10:***@rp.scrapegw.com:6060	ConnectionTimeoutError: Connection timeout to host https://discord.com/api/v9/unique-username/username-attempt-unauthed
2026-09-01 18:31:41	NETWORK	imhb	attempt=1	proxy=http://wiw4v7duaymysz9-session-4b590b2996f4-lifetime-10:***@rp.scrapegw.com:6060	ConnectionTimeoutError: Connection timeout to host https://discord.com/api/v9/unique-username/username-attempt-unauthed
2026-09-01 18:31:41	NETWORK	imgt	attempt=1	proxy=http://wiw4v7duaymysz9-session-7a3af5dd7a65-lifetime-10:***@rp.scrapegw.com:6060	ConnectionTimeoutError: Connection timeout to host https://discord.com/api/v9/unique-username/username-attempt-unauthed
2026-09-01 18:31:41	NETWORK	imld	attempt=1	proxy=http://wiw4v7duaymysz9-session-a17fb0042b98-lifetime-10:***@rp.scrapegw.com:6060	ConnectionTimeoutError: Connection timeout to host https://discord.com/api/v9/unique-username/username-attempt-unauthed
2026-09-01 18:31:41	NETWORK	imky	attempt=1	proxy=http://wiw4v7duaymysz9-session-02537ffea0d9-lifetime-10:***@rp.scrapegw.com:6060	ConnectionTimeoutError: Connection timeout to host https://discord.com/api/v9/unique-username/username-attempt-unauthed
2026-09-01 18:31:41	NETWORK	imku	attempt=1	proxy=http://wiw4v7duaymysz9-session-0942f83c38f7-lifetime-10:***@rp.scrapegw.com:6060	ConnectionTimeoutError: Connection timeout to host https://discord.com/api/v9/unique-username/username-attempt-unauthed
2026-09-01 18:31:41	NETWORK	imhz	attempt=1	proxy=http://wiw4v7duaymysz9-session-3e8eb60e0e75-lifetime-10:***@rp.scrapegw.com:6060	ConnectionTimeoutError: Connection timeout to host https://discord.com/api/v9/unique-username/username-attempt-unauthed
2026-09-01 18:31:41	NETWORK	imjn	attempt=1	proxy=http://wiw4v7duaymysz9-session-509181deb69a-lifetime-10:***@rp.scrapegw.com:6060	ConnectionTimeoutError: Connection timeout to host https://discord.com/api/v9/unique-username/username-attempt-unauthed
2026-09-01 18:31:41	NETWORK	imjr	attempt=1	proxy=http://wiw4v7duaymysz9-session-91c560bc65e1-lifetime-10:***@rp.scrapegw.com:6060	ConnectionTimeoutError: Connection timeout to host https://discord.com/api/v9/unique-username/username-attempt-unauthed
2026-09-01 18:31:41	HTTP_429	ipld	attempt=1	proxy=http://wiw4v7duaymysz9-session-cf1e40001bab-lifetime-10:***@rp.scrapegw.com:6060	scope=shared global=False retry_after=2053.00s
2026-09-01 18:31:42	HTTP_429	iple	attempt=1	proxy=http://wiw4v7duaymysz9-session-770e79a051de-lifetime-10:***@rp.scrapegw.com:6060	scope=shared global=False retry_after=2057.00s
2026-09-01 18:31:42	HTTP_429	ipqv	attempt=1	proxy=http://wiw4v7duaymysz9-session-f41a968f8eb4-lifetime-10:***@rp.scrapegw.com:6060	scope=shared global=False retry_after=2054.00s
2026-09-01 18:31:42	NETWORK	imqy	attempt=1	proxy=http://wiw4v7duaymysz9-session-0f299c39a9c8-lifetime-10:***@rp.scrapegw.com:6060	ConnectionTimeoutError: Connection timeout to host https://discord.com/api/v9/unique-username/username-attempt-unauthed
2026-09-01 18:31:42	NETWORK	imrs	attempt=1	proxy=http://wiw4v7duaymysz9-session-ad05001635ad-lifetime-10:***@rp.scrapegw.com:6060	ConnectionTimeoutError: Connection timeout to host https://discord.com/api/v9/unique-username/username-attempt-unauthed
2026-09-01 18:31:42	NETWORK	imrn	attempt=1	proxy=http://wiw4v7duaymysz9-session-95171d5d0345-lifetime-10:***@rp.scrapegw.com:6060	ConnectionTimeoutError: Connection timeout to host https://discord.com/api/v9/unique-username/username-attempt-unauthed
2026-09-01 18:31:42	NETWORK	imnh	attempt=1	proxy=http://wiw4v7duaymysz9-session-4f39b701f5d0-lifetime-10:***@rp.scrapegw.com:6060	ConnectionTimeoutError: Connection timeout to host https://discord.com/api/v9/unique-username/username-attempt-unauthed
2026-09-01 18:31:42	NETWORK	imng	attempt=1	proxy=http://wiw4v7duaymysz9-session-dc4df7337d3f-lifetime-10:***@rp.scrapegw.com:6060	ConnectionTimeoutError: Connection timeout to host https://discord.com/api/v9/unique-username/username-attempt-unauthed
2026-09-01 18:31:42	NETWORK	imqi	attempt=1	proxy=http://wiw4v7duaymysz9-session-92287ecac041-lifetime-10:***@rp.scrapegw.com:6060	ConnectionTimeoutError: Connection timeout to host https://discord.com/api/v9/unique-username/username-attempt-unauthed
2026-09-01 18:31:42	NETWORK	impw	attempt=1	proxy=http://wiw4v7duaymysz9-session-576e30c18d43-lifetime-10:***@rp.scrapegw.com:6060	ConnectionTimeoutError: Connection timeout to host https://discord.com/api/v9/unique-username/username-attempt-unauthed
2026-09-01 18:31:42	NETWORK	imnq	attempt=1	proxy=http://wiw4v7duaymysz9-session-6a16500d159e-lifetime-10:***@rp.scrapegw.com:6060	ConnectionTimeoutError: Connection timeout to host https://discord.com/api/v9/unique-username/username-attempt-unauthed
2026-09-01 18:31:42	NETWORK	imqc	attempt=1	proxy=http://wiw4v7duaymysz9-session-7bc01c533b12-lifetime-10:***@rp.scrapegw.com:6060	ConnectionTimeoutError: Connection timeout to host https://discord.com/api/v9/unique-username/username-attempt-unauthed
2026-09-01 18:31:42	NETWORK	impk	attempt=1	proxy=http://wiw4v7duaymysz9-session-edc8126289d7-lifetime-10:***@rp.scrapegw.com:6060	ConnectionTimeoutError: Connection timeout to host https://discord.com/api/v9/unique-username/username-attempt-unauthed
2026-09-01 18:31:42	NETWORK	imqb	attempt=1	proxy=http://wiw4v7duaymysz9-session-d31c55c4f28f-lifetime-10:***@rp.scrapegw.com:6060	ConnectionTimeoutError: Connection timeout to host https://discord.com/api/v9/unique-username/username-attempt-unauthed
2026-09-01 18:31:42	NETWORK	impc	attempt=1	proxy=http://wiw4v7duaymysz9-session-729707ca2f85-lifetime-10:***@rp.scrapegw.com:6060	ConnectionTimeoutError: Connection timeout to host https://discord.com/api/v9/unique-username/username-attempt-unauthed
2026-09-01 18:31:42	NETWORK	imof	attempt=1	proxy=http://wiw4v7duaymysz9-session-3b45b5efb94f-lifetime-10:***@rp.scrapegw.com:6060	ConnectionTimeoutError: Connection timeout to host https://discord.com/api/v9/unique-username/username-attempt-unauthed
2026-09-01 18:31:42	NETWORK	imog	attempt=1	proxy=http://wiw4v7duaymysz9-session-abd0ab257f67-lifetime-10:***@rp.scrapegw.com:6060	ConnectionTimeoutError: Connection timeout to host https://discord.com/api/v9/unique-username/username-attempt-unauthed
2026-09-01 18:31:42	NETWORK	imoi	attempt=1	proxy=http://wiw4v7duaymysz9-session-0181e2c5bb2f-lifetime-10:***@rp.scrapegw.com:6060	ConnectionTimeoutError: Connection timeout to host https://discord.com/api/v9/unique-username/username-attempt-unauthed
2026-09-01 18:31:42	NETWORK	imok	attempt=1	proxy=http://wiw4v7duaymysz9-session-c706b74d227d-lifetime-10:***@rp.scrapegw.com:6060	ConnectionTimeoutError: Connection timeout to host https://discord.com/api/v9/unique-username/username-attempt-unauthed
2026-09-01 18:31:42	NETWORK	imqd	attempt=1	proxy=http://wiw4v7duaymysz9-session-a2d57a513ff8-lifetime-10:***@rp.scrapegw.com:6060	ConnectionTimeoutError: Connection timeout to host https://discord.com/api/v9/unique-username/username-attempt-unauthed
2026-09-01 18:31:42	NETWORK	imnz	attempt=1	proxy=http://wiw4v7duaymysz9-session-b63ffa4fd88b-lifetime-10:***@rp.scrapegw.com:6060	ConnectionTimeoutError: Connection timeout to host https://discord.com/api/v9/unique-username/username-attempt-unauthed
2026-09-01 18:31:42	NETWORK	imra	attempt=1	proxy=http://wiw4v7duaymysz9-session-e97e0664cc0d-lifetime-10:***@rp.scrapegw.com:6060	ConnectionTimeoutError: Connection timeout to host https://discord.com/api/v9/unique-username/username-attempt-unauthed
2026-09-01 18:31:42	NETWORK	imsv	attempt=1	proxy=http://wiw4v7duaymysz9-session-c7a56e1cc534-lifetime-10:***@rp.scrapegw.com:6060	ConnectionTimeoutError: Connection timeout to host https://discord.com/api/v9/unique-username/username-attempt-unauthed
2026-09-01 18:31:42	NETWORK	imor	attempt=1	proxy=http://wiw4v7duaymysz9-session-5daa2f0738c2-lifetime-10:***@rp.scrapegw.com:6060	ConnectionTimeoutError: Connection timeout to host https://discord.com/api/v9/unique-username/username-attempt-unauthed
2026-09-01 18:31:42	NETWORK	imqt	attempt=1	proxy=http://wiw4v7duaymysz9-session-a3bbd10b1083-lifetime-10:***@rp.scrapegw.com:6060	ConnectionTimeoutError: Connection timeout to host https://discord.com/api/v9/unique-username/username-attempt-unauthed
2026-09-01 18:31:42	NETWORK	impt	attempt=1	proxy=http://wiw4v7duaymysz9-session-de118d985b35-lifetime-10:***@rp.scrapegw.com:6060	ConnectionTimeoutError: Connection timeout to host https://discord.com/api/v9/unique-username/username-attempt-unauthed
2026-09-01 18:31:42	NETWORK	immr	attempt=1	proxy=http://wiw4v7duaymysz9-session-3b53f03c3b60-lifetime-10:***@rp.scrapegw.com:6060	ConnectionTimeoutError: Connection timeout to host https://discord.com/api/v9/unique-username/username-attempt-unauthed
2026-09-01 18:31:42	NETWORK	immh	attempt=1	proxy=http://wiw4v7duaymysz9-session-0318e8031d07-lifetime-10:***@rp.scrapegw.com:6060	ConnectionTimeoutError: Connection timeout to host https://discord.com/api/v9/unique-username/username-attempt-unauthed
2026-09-01 18:31:42	NETWORK	imrl	attempt=1	proxy=http://wiw4v7duaymysz9-session-139042b73529-lifetime-10:***@rp.scrapegw.com:6060	ConnectionTimeoutError: Connection timeout to host https://discord.com/api/v9/unique-username/username-attempt-unauthed
2026-09-01 18:31:42	NETWORK	imrc	attempt=1	proxy=http://wiw4v7duaymysz9-session-03d12844ca2e-lifetime-10:***@rp.scrapegw.com:6060	ConnectionTimeoutError: Connection timeout to host https://discord.com/api/v9/unique-username/username-attempt-unauthed
2026-09-01 18:31:42	NETWORK	immw	attempt=1	proxy=http://wiw4v7duaymysz9-session-c22a20cc9b0d-lifetime-10:***@rp.scrapegw.com:6060	ConnectionTimeoutError: Connection timeout to host https://discord.com/api/v9/unique-username/username-attempt-unauthed
2026-09-01 18:31:42	NETWORK	imsn	attempt=1	proxy=http://wiw4v7duaymysz9-session-5d37b38e3414-lifetime-10:***@rp.scrapegw.com:6060	ConnectionTimeoutError: Connection timeout to host https://discord.com/api/v9/unique-username/username-attempt-unauthed
2026-09-01 18:31:42	NETWORK	imqx	attempt=1	proxy=http://wiw4v7duaymysz9-session-3abf2a21c805-lifetime-10:***@rp.scrapegw.com:6060	ConnectionTimeoutError: Connection timeout to host https://discord.com/api/v9/unique-username/username-attempt-unauthed
2026-09-01 18:31:42	NETWORK	imqv	attempt=1	proxy=http://wiw4v7duaymysz9-session-99f80e3e1e97-lifetime-10:***@rp.scrapegw.com:6060	ConnectionTimeoutError: Connection timeout to host https://discord.com/api/v9/unique-username/username-attempt-unauthed
2026-09-01 18:31:42	NETWORK	imqn	attempt=1	proxy=http://wiw4v7duaymysz9-session-b05224db3d3d-lifetime-10:***@rp.scrapegw.com:6060	ConnectionTimeoutError: Connection timeout to host https://discord.com/api/v9/unique-username/username-attempt-unauthed
2026-09-01 18:31:42	NETWORK	impg	attempt=1	proxy=http://wiw4v7duaymysz9-session-943bae71ff07-lifetime-10:***@rp.scrapegw.com:6060	ConnectionTimeoutError: Connection timeout to host https://discord.com/api/v9/unique-username/username-attempt-unauthed
2026-09-01 18:31:42	NETWORK	imsa	attempt=1	proxy=http://wiw4v7duaymysz9-session-3bb19ebd262c-lifetime-10:***@rp.scrapegw.com:6060	ConnectionTimeoutError: Connection timeout to host https://discord.com/api/v9/unique-username/username-attempt-unauthed
2026-09-01 18:31:42	NETWORK	imse	attempt=1	proxy=http://wiw4v7duaymysz9-session-261fee2a01c8-lifetime-10:***@rp.scrapegw.com:6060	ConnectionTimeoutError: Connection timeout to host https://discord.com/api/v9/unique-username/username-attempt-unauthed
2026-09-01 18:31:42	NETWORK	imsm	attempt=1	proxy=http://wiw4v7duaymysz9-session-ce038fc4f1f4-lifetime-10:***@rp.scrapegw.com:6060	ConnectionTimeoutError: Connection timeout to host https://discord.com/api/v9/unique-username/username-attempt-unauthed
2026-09-01 18:31:42	NETWORK	immt	attempt=1	proxy=http://wiw4v7duaymysz9-session-dd9a2e1c5477-lifetime-10:***@rp.scrapegw.com:6060	ConnectionTimeoutError: Connection timeout to host https://discord.com/api/v9/unique-username/username-attempt-unauthed
2026-09-01 18:31:42	NETWORK	imrz	attempt=1	proxy=http://wiw4v7duaymysz9-session-ba3a0f2482da-lifetime-10:***@rp.scrapegw.com:6060	ConnectionTimeoutError: Connection timeout to host https://discord.com/api/v9/unique-username/username-attempt-unauthed
2026-09-01 18:31:42	HTTP_429	ipua	attempt=1	proxy=http://wiw4v7duaymysz9-session-21770260216b-lifetime-10:***@rp.scrapegw.com:6060	scope=shared global=False retry_after=710.00s
2026-09-01 18:31:43	NETWORK	indt	attempt=1	proxy=http://wiw4v7duaymysz9-session-49408bbac917-lifetime-10:***@rp.scrapegw.com:6060	ClientConnectorError: Cannot connect to host discord.com:443 ssl:default [Connection reset by peer]
2026-09-01 18:31:43	HTTP_429	ipwn	attempt=1	proxy=http://wiw4v7duaymysz9-session-dccb5f3cb5ec-lifetime-10:***@rp.scrapegw.com:6060	scope=shared global=False retry_after=2058.00s
2026-09-01 18:31:43	NETWORK	ioai	attempt=1	proxy=http://wiw4v7duaymysz9-session-433d4bf42fde-lifetime-10:***@rp.scrapegw.com:6060	ClientConnectorError: Cannot connect to host discord.com:443 ssl:default [Connection reset by peer]
2026-09-01 18:31:43	HTTP_429	ipxg	attempt=1	proxy=http://wiw4v7duaymysz9-session-53f3b16493cb-lifetime-10:***@rp.scrapegw.com:6060	scope=shared global=False retry_after=756.00s
2026-09-01 18:31:43	NETWORK	imyc	attempt=1	proxy=http://wiw4v7duaymysz9-session-1ff07cdd73a4-lifetime-10:***@rp.scrapegw.com:6060	ConnectionTimeoutError: Connection timeout to host https://discord.com/api/v9/unique-username/username-attempt-unauthed
2026-09-01 18:31:43	NETWORK	imtr	attempt=1	proxy=http://wiw4v7duaymysz9-session-3ad9b3dc0663-lifetime-10:***@rp.scrapegw.com:6060	ConnectionTimeoutError: Connection timeout to host https://discord.com/api/v9/unique-username/username-attempt-unauthed
2026-09-01 18:31:43	NETWORK	imvs	attempt=1	proxy=http://wiw4v7duaymysz9-session-15b0549fd914-lifetime-10:***@rp.scrapegw.com:6060	ConnectionTimeoutError: Connection timeout to host https://discord.com/api/v9/unique-username/username-attempt-unauthed
2026-09-01 18:31:43	NETWORK	imvp	attempt=1	proxy=http://wiw4v7duaymysz9-session-bb4d85e0722a-lifetime-10:***@rp.scrapegw.com:6060	ConnectionTimeoutError: Connection timeout to host https://discord.com/api/v9/unique-username/username-attempt-unauthed
2026-09-01 18:31:43	NETWORK	imxe	attempt=1	proxy=http://wiw4v7duaymysz9-session-25a711ee6066-lifetime-10:***@rp.scrapegw.com:6060	ConnectionTimeoutError: Connection timeout to host https://discord.com/api/v9/unique-username/username-attempt-unauthed
2026-09-01 18:31:43	NETWORK	imwh	attempt=1	proxy=http://wiw4v7duaymysz9-session-e448f46b8877-lifetime-10:***@rp.scrapegw.com:6060	ConnectionTimeoutError: Connection timeout to host https://discord.com/api/v9/unique-username/username-attempt-unauthed
2026-09-01 18:31:43	NETWORK	inbh	attempt=1	proxy=http://wiw4v7duaymysz9-session-2ef4b25698e7-lifetime-10:***@rp.scrapegw.com:6060	ConnectionTimeoutError: Connection timeout to host https://discord.com/api/v9/unique-username/username-attempt-unauthed
2026-09-01 18:31:43	NETWORK	imve	attempt=1	proxy=http://wiw4v7duaymysz9-session-a903c5b4cdad-lifetime-10:***@rp.scrapegw.com:6060	ConnectionTimeoutError: Connection timeout to host https://discord.com/api/v9/unique-username/username-attempt-unauthed
2026-09-01 18:31:43	NETWORK	imvz	attempt=1	proxy=http://wiw4v7duaymysz9-session-a67e51a79d9d-lifetime-10:***@rp.scrapegw.com:6060	ConnectionTimeoutError: Connection timeout to host https://discord.com/api/v9/unique-username/username-attempt-unauthed
2026-09-01 18:31:43	NETWORK	inan	attempt=1	proxy=http://wiw4v7duaymysz9-session-666408f43c18-lifetime-10:***@rp.scrapegw.com:6060	ConnectionTimeoutError: Connection timeout to host https://discord.com/api/v9/unique-username/username-attempt-unauthed
2026-09-01 18:31:43	NETWORK	inbk	attempt=1	proxy=http://wiw4v7duaymysz9-session-6ef7d0bf50b6-lifetime-10:***@rp.scrapegw.com:6060	ConnectionTimeoutError: Connection timeout to host https://discord.com/api/v9/unique-username/username-attempt-unauthed
2026-09-01 18:31:43	NETWORK	imvm	attempt=1	proxy=http://wiw4v7duaymysz9-session-76409036b08c-lifetime-10:***@rp.scrapegw.com:6060	ConnectionTimeoutError: Connection timeout to host https://discord.com/api/v9/unique-username/username-attempt-unauthed
2026-09-01 18:31:43	NETWORK	imvw	attempt=1	proxy=http://wiw4v7duaymysz9-session-47761ba516aa-lifetime-10:***@rp.scrapegw.com:6060	ConnectionTimeoutError: Connection timeout to host https://discord.com/api/v9/unique-username/username-attempt-unauthed
2026-09-01 18:31:43	NETWORK	imzd	attempt=1	proxy=http://wiw4v7duaymysz9-session-856d5a01120d-lifetime-10:***@rp.scrapegw.com:6060	ConnectionTimeoutError: Connection timeout to host https://discord.com/api/v9/unique-username/username-attempt-unauthed
2026-09-01 18:31:43	NETWORK	imzm	attempt=1	proxy=http://wiw4v7duaymysz9-session-4021bff1e5c2-lifetime-10:***@rp.scrapegw.com:6060	ConnectionTimeoutError: Connection timeout to host https://discord.com/api/v9/unique-username/username-attempt-unauthed
2026-09-01 18:31:43	NETWORK	imyp	attempt=1	proxy=http://wiw4v7duaymysz9-session-480ebeb086ab-lifetime-10:***@rp.scrapegw.com:6060	ConnectionTimeoutError: Connection timeout to host https://discord.com/api/v9/unique-username/username-attempt-unauthed
2026-09-01 18:31:43	NETWORK	imyn	attempt=1	proxy=http://wiw4v7duaymysz9-session-28426ef9a74a-lifetime-10:***@rp.scrapegw.com:6060	ConnectionTimeoutError: Connection timeout to host https://discord.com/api/v9/unique-username/username-attempt-unauthed
2026-09-01 18:31:43	NETWORK	inax	attempt=1	proxy=http://wiw4v7duaymysz9-session-19ea2db2a873-lifetime-10:***@rp.scrapegw.com:6060	ConnectionTimeoutError: Connection timeout to host https://discord.com/api/v9/unique-username/username-attempt-unauthed
2026-09-01 18:31:43	NETWORK	imvh	attempt=1	proxy=http://wiw4v7duaymysz9-session-f2243477fb01-lifetime-10:***@rp.scrapegw.com:6060	ConnectionTimeoutError: Connection timeout to host https://discord.com/api/v9/unique-username/username-attempt-unauthed
2026-09-01 18:31:43	NETWORK	imvu	attempt=1	proxy=http://wiw4v7duaymysz9-session-a43bdd30eb94-lifetime-10:***@rp.scrapegw.com:6060	ConnectionTimeoutError: Connection timeout to host https://discord.com/api/v9/unique-username/username-attempt-unauthed
2026-09-01 18:31:43	NETWORK	inas	attempt=1	proxy=http://wiw4v7duaymysz9-session-9e57789cced4-lifetime-10:***@rp.scrapegw.com:6060	ConnectionTimeoutError: Connection timeout to host https://discord.com/api/v9/unique-username/username-attempt-unauthed
2026-09-01 18:31:43	NETWORK	imtv	attempt=1	proxy=http://wiw4v7duaymysz9-session-110bfb218bed-lifetime-10:***@rp.scrapegw.com:6060	ConnectionTimeoutError: Connection timeout to host https://discord.com/api/v9/unique-username/username-attempt-unauthed
2026-09-01 18:31:43	NETWORK	imxt	attempt=1	proxy=http://wiw4v7duaymysz9-session-195792dacddc-lifetime-10:***@rp.scrapegw.com:6060	ConnectionTimeoutError: Connection timeout to host https://discord.com/api/v9/unique-username/username-attempt-unauthed
2026-09-01 18:31:43	NETWORK	imyy	attempt=1	proxy=http://wiw4v7duaymysz9-session-8dc77add69ae-lifetime-10:***@rp.scrapegw.com:6060	ConnectionTimeoutError: Connection timeout to host https://discord.com/api/v9/unique-username/username-attempt-unauthed
2026-09-01 18:31:43	NETWORK	imxr	attempt=1	proxy=http://wiw4v7duaymysz9-session-a8a405237650-lifetime-10:***@rp.scrapegw.com:6060	ConnectionTimeoutError: Connection timeout to host https://discord.com/api/v9/unique-username/username-attempt-unauthed
2026-09-01 18:31:43	NETWORK	imvk	attempt=1	proxy=http://wiw4v7duaymysz9-session-20129796ce2c-lifetime-10:***@rp.scrapegw.com:6060	ConnectionTimeoutError: Connection timeout to host https://discord.com/api/v9/unique-username/username-attempt-unauthed
2026-09-01 18:31:43	NETWORK	imuo	attempt=1	proxy=http://wiw4v7duaymysz9-session-38317563a78c-lifetime-10:***@rp.scrapegw.com:6060	ConnectionTimeoutError: Connection timeout to host https://discord.com/api/v9/unique-username/username-attempt-unauthed
2026-09-01 18:31:43	NETWORK	imxd	attempt=1	proxy=http://wiw4v7duaymysz9-session-b52ad1f8d750-lifetime-10:***@rp.scrapegw.com:6060	ConnectionTimeoutError: Connection timeout to host https://discord.com/api/v9/unique-username/username-attempt-unauthed
2026-09-01 18:31:43	NETWORK	inao	attempt=1	proxy=http://wiw4v7duaymysz9-session-468c595b0a41-lifetime-10:***@rp.scrapegw.com:6060	ConnectionTimeoutError: Connection timeout to host https://discord.com/api/v9/unique-username/username-attempt-unauthed
2026-09-01 18:31:43	NETWORK	imwi	attempt=1	proxy=http://wiw4v7duaymysz9-session-fd210044084a-lifetime-10:***@rp.scrapegw.com:6060	ConnectionTimeoutError: Connection timeout to host https://discord.com/api/v9/unique-username/username-attempt-unauthed
2026-09-01 18:31:43	NETWORK	imus	attempt=1	proxy=http://wiw4v7duaymysz9-session-ea19fddecefe-lifetime-10:***@rp.scrapegw.com:6060	ConnectionTimeoutError: Connection timeout to host https://discord.com/api/v9/unique-username/username-attempt-unauthed
2026-09-01 18:31:43	NETWORK	inaj	attempt=1	proxy=http://wiw4v7duaymysz9-session-f7f8eda3a800-lifetime-10:***@rp.scrapegw.com:6060	ConnectionTimeoutError: Connection timeout to host https://discord.com/api/v9/unique-username/username-attempt-unauthed
2026-09-01 18:31:43	NETWORK	imzo	attempt=1	proxy=http://wiw4v7duaymysz9-session-fa01e4b1e4f0-lifetime-10:***@rp.scrapegw.com:6060	ConnectionTimeoutError: Connection timeout to host https://discord.com/api/v9/unique-username/username-attempt-unauthed
2026-09-01 18:31:43	NETWORK	imvj	attempt=1	proxy=http://wiw4v7duaymysz9-session-58715644fec6-lifetime-10:***@rp.scrapegw.com:6060	ConnectionTimeoutError: Connection timeout to host https://discord.com/api/v9/unique-username/username-attempt-unauthed
2026-09-01 18:31:43	NETWORK	inaq	attempt=1	proxy=http://wiw4v7duaymysz9-session-94d3ed430396-lifetime-10:***@rp.scrapegw.com:6060	ConnectionTimeoutError: Connection timeout to host https://discord.com/api/v9/unique-username/username-attempt-unauthed
2026-09-01 18:31:43	NETWORK	imvb	attempt=1	proxy=http://wiw4v7duaymysz9-session-6362fa3cb1cf-lifetime-10:***@rp.scrapegw.com:6060	ConnectionTimeoutError: Connection timeout to host https://discord.com/api/v9/unique-username/username-attempt-unauthed
2026-09-01 18:31:43	NETWORK	imvd	attempt=1	proxy=http://wiw4v7duaymysz9-session-8ff00d0de7fc-lifetime-10:***@rp.scrapegw.com:6060	ConnectionTimeoutError: Connection timeout to host https://discord.com/api/v9/unique-username/username-attempt-unauthed
2026-09-01 18:31:43	NETWORK	imya	attempt=1	proxy=http://wiw4v7duaymysz9-session-2d02ff184013-lifetime-10:***@rp.scrapegw.com:6060	ConnectionTimeoutError: Connection timeout to host https://discord.com/api/v9/unique-username/username-attempt-unauthed
2026-09-01 18:31:43	HTTP_429	iqby	attempt=1	proxy=http://wiw4v7duaymysz9-session-b9f16437e9c4-lifetime-10:***@rp.scrapegw.com:6060	scope=shared global=False retry_after=2054.00s
2026-09-01 18:31:44	HTTP_429	inbw	attempt=1	proxy=http://wiw4v7duaymysz9-session-8eb608b284c7-lifetime-10:***@rp.scrapegw.com:6060	scope=shared global=False retry_after=82.00s
2026-09-01 18:31:44	HTTP_429	iqel	attempt=1	proxy=http://wiw4v7duaymysz9-session-435366163791-lifetime-10:***@rp.scrapegw.com:6060	scope=shared global=False retry_after=145.00s
2026-09-01 18:31:44	NETWORK	ingc	attempt=1	proxy=http://wiw4v7duaymysz9-session-5f34df72f55b-lifetime-10:***@rp.scrapegw.com:6060	ConnectionTimeoutError: Connection timeout to host https://discord.com/api/v9/unique-username/username-attempt-unauthed
2026-09-01 18:31:44	NETWORK	inhg	attempt=1	proxy=http://wiw4v7duaymysz9-session-6ce2f32df54b-lifetime-10:***@rp.scrapegw.com:6060	ConnectionTimeoutError: Connection timeout to host https://discord.com/api/v9/unique-username/username-attempt-unauthed
2026-09-01 18:31:44	NETWORK	inho	attempt=1	proxy=http://wiw4v7duaymysz9-session-ada0f2e60ac6-lifetime-10:***@rp.scrapegw.com:6060	ConnectionTimeoutError: Connection timeout to host https://discord.com/api/v9/unique-username/username-attempt-unauthed
2026-09-01 18:31:44	NETWORK	inbx	attempt=1	proxy=http://wiw4v7duaymysz9-session-3526eede2017-lifetime-10:***@rp.scrapegw.com:6060	ConnectionTimeoutError: Connection timeout to host https://discord.com/api/v9/unique-username/username-attempt-unauthed
2026-09-01 18:31:44	NETWORK	inew	attempt=1	proxy=http://wiw4v7duaymysz9-session-fd9a93066a8e-lifetime-10:***@rp.scrapegw.com:6060	ConnectionTimeoutError: Connection timeout to host https://discord.com/api/v9/unique-username/username-attempt-unauthed
2026-09-01 18:31:44	NETWORK	ineq	attempt=1	proxy=http://wiw4v7duaymysz9-session-c42d13aa77ee-lifetime-10:***@rp.scrapegw.com:6060	ConnectionTimeoutError: Connection timeout to host https://discord.com/api/v9/unique-username/username-attempt-unauthed
2026-09-01 18:31:44	NETWORK	indd	attempt=1	proxy=http://wiw4v7duaymysz9-session-76e819e2e2a0-lifetime-10:***@rp.scrapegw.com:6060	ConnectionTimeoutError: Connection timeout to host https://discord.com/api/v9/unique-username/username-attempt-unauthed
2026-09-01 18:31:44	NETWORK	inhe	attempt=1	proxy=http://wiw4v7duaymysz9-session-aeac35f9f1ae-lifetime-10:***@rp.scrapegw.com:6060	ConnectionTimeoutError: Connection timeout to host https://discord.com/api/v9/unique-username/username-attempt-unauthed
2026-09-01 18:31:44	NETWORK	iner	attempt=1	proxy=http://wiw4v7duaymysz9-session-96cc038d6ac7-lifetime-10:***@rp.scrapegw.com:6060	ConnectionTimeoutError: Connection timeout to host https://discord.com/api/v9/unique-username/username-attempt-unauthed
2026-09-01 18:31:44	NETWORK	indh	attempt=1	proxy=http://wiw4v7duaymysz9-session-5445642012c4-lifetime-10:***@rp.scrapegw.com:6060	ConnectionTimeoutError: Connection timeout to host https://discord.com/api/v9/unique-username/username-attempt-unauthed
2026-09-01 18:31:44	NETWORK	infd	attempt=1	proxy=http://wiw4v7duaymysz9-session-4354567f0e57-lifetime-10:***@rp.scrapegw.com:6060	ConnectionTimeoutError: Connection timeout to host https://discord.com/api/v9/unique-username/username-attempt-unauthed
2026-09-01 18:31:44	NETWORK	inbt	attempt=1	proxy=http://wiw4v7duaymysz9-session-83bca435a9e1-lifetime-10:***@rp.scrapegw.com:6060	ConnectionTimeoutError: Connection timeout to host https://discord.com/api/v9/unique-username/username-attempt-unauthed
2026-09-01 18:31:44	NETWORK	indv	attempt=1	proxy=http://wiw4v7duaymysz9-session-8a868e4f3756-lifetime-10:***@rp.scrapegw.com:6060	ConnectionTimeoutError: Connection timeout to host https://discord.com/api/v9/unique-username/username-attempt-unauthed
2026-09-01 18:31:44	NETWORK	ingd	attempt=1	proxy=http://wiw4v7duaymysz9-session-1c598b489a9d-lifetime-10:***@rp.scrapegw.com:6060	ConnectionTimeoutError: Connection timeout to host https://discord.com/api/v9/unique-username/username-attempt-unauthed
2026-09-01 18:31:44	NETWORK	incb	attempt=1	proxy=http://wiw4v7duaymysz9-session-d3b6e142970b-lifetime-10:***@rp.scrapegw.com:6060	ConnectionTimeoutError: Connection timeout to host https://discord.com/api/v9/unique-username/username-attempt-unauthed
2026-09-01 18:31:44	NETWORK	indg	attempt=1	proxy=http://wiw4v7duaymysz9-session-47f4911b89bf-lifetime-10:***@rp.scrapegw.com:6060	ConnectionTimeoutError: Connection timeout to host https://discord.com/api/v9/unique-username/username-attempt-unauthed
2026-09-01 18:31:44	NETWORK	inea	attempt=1	proxy=http://wiw4v7duaymysz9-session-69365af369ff-lifetime-10:***@rp.scrapegw.com:6060	ConnectionTimeoutError: Connection timeout to host https://discord.com/api/v9/unique-username/username-attempt-unauthed
2026-09-01 18:31:44	NETWORK	inby	attempt=1	proxy=http://wiw4v7duaymysz9-session-51fcb2b1c201-lifetime-10:***@rp.scrapegw.com:6060	ConnectionTimeoutError: Connection timeout to host https://discord.com/api/v9/unique-username/username-attempt-unauthed
2026-09-01 18:31:44	NETWORK	ingf	attempt=1	proxy=http://wiw4v7duaymysz9-session-1a6974d1d145-lifetime-10:***@rp.scrapegw.com:6060	ConnectionTimeoutError: Connection timeout to host https://discord.com/api/v9/unique-username/username-attempt-unauthed
2026-09-01 18:31:44	NETWORK	ingj	attempt=1	proxy=http://wiw4v7duaymysz9-session-b50a6111702b-lifetime-10:***@rp.scrapegw.com:6060	ConnectionTimeoutError: Connection timeout to host https://discord.com/api/v9/unique-username/username-attempt-unauthed
2026-09-01 18:31:44	NETWORK	inhy	attempt=1	proxy=http://wiw4v7duaymysz9-session-4ac69cd53ff4-lifetime-10:***@rp.scrapegw.com:6060	ConnectionTimeoutError: Connection timeout to host https://discord.com/api/v9/unique-username/username-attempt-unauthed
2026-09-01 18:31:44	NETWORK	ingv	attempt=1	proxy=http://wiw4v7duaymysz9-session-7a24cc08df35-lifetime-10:***@rp.scrapegw.com:6060	ConnectionTimeoutError: Connection timeout to host https://discord.com/api/v9/unique-username/username-attempt-unauthed
2026-09-01 18:31:44	NETWORK	ineo	attempt=1	proxy=http://wiw4v7duaymysz9-session-afbc863c5907-lifetime-10:***@rp.scrapegw.com:6060	ConnectionTimeoutError: Connection timeout to host https://discord.com/api/v9/unique-username/username-attempt-unauthed
2026-09-01 18:31:44	NETWORK	ineg	attempt=1	proxy=http://wiw4v7duaymysz9-session-a6be356f0648-lifetime-10:***@rp.scrapegw.com:6060	ConnectionTimeoutError: Connection timeout to host https://discord.com/api/v9/unique-username/username-attempt-unauthed
2026-09-01 18:31:44	NETWORK	inht	attempt=1	proxy=http://wiw4v7duaymysz9-session-1d275558e0a8-lifetime-10:***@rp.scrapegw.com:6060	ConnectionTimeoutError: Connection timeout to host https://discord.com/api/v9/unique-username/username-attempt-unauthed
2026-09-01 18:31:44	NETWORK	incp	attempt=1	proxy=http://wiw4v7duaymysz9-session-3afb9daa6d1d-lifetime-10:***@rp.scrapegw.com:6060	ConnectionTimeoutError: Connection timeout to host https://discord.com/api/v9/unique-username/username-attempt-unauthed
2026-09-01 18:31:44	NETWORK	infe	attempt=1	proxy=http://wiw4v7duaymysz9-session-882a9a62929d-lifetime-10:***@rp.scrapegw.com:6060	ConnectionTimeoutError: Connection timeout to host https://discord.com/api/v9/unique-username/username-attempt-unauthed
2026-09-01 18:31:44	NETWORK	ingi	attempt=1	proxy=http://wiw4v7duaymysz9-session-02686bbe8e42-lifetime-10:***@rp.scrapegw.com:6060	ConnectionTimeoutError: Connection timeout to host https://discord.com/api/v9/unique-username/username-attempt-unauthed
2026-09-01 18:31:44	NETWORK	ingz	attempt=1	proxy=http://wiw4v7duaymysz9-session-911dd8e4481e-lifetime-10:***@rp.scrapegw.com:6060	ConnectionTimeoutError: Connection timeout to host https://discord.com/api/v9/unique-username/username-attempt-unauthed
2026-09-01 18:31:44	NETWORK	inhf	attempt=1	proxy=http://wiw4v7duaymysz9-session-3a7aa853d083-lifetime-10:***@rp.scrapegw.com:6060	ConnectionTimeoutError: Connection timeout to host https://discord.com/api/v9/unique-username/username-attempt-unauthed
2026-09-01 18:31:44	NETWORK	inen	attempt=1	proxy=http://wiw4v7duaymysz9-session-31d23b4fa014-lifetime-10:***@rp.scrapegw.com:6060	ConnectionTimeoutError: Connection timeout to host https://discord.com/api/v9/unique-username/username-attempt-unauthed
2026-09-01 18:31:45	HTTP_429	iqhi	attempt=1	proxy=http://wiw4v7duaymysz9-session-35d65161564e-lifetime-10:***@rp.scrapegw.com:6060	scope=shared global=False retry_after=55.00s
2026-09-01 18:31:45	NETWORK	imoh	attempt=1	proxy=http://wiw4v7duaymysz9-session-fa666e57e107-lifetime-10:***@rp.scrapegw.com:6060	ServerDisconnectedError: Server disconnected
2026-09-01 18:31:45	NETWORK	iopn	attempt=1	proxy=http://wiw4v7duaymysz9-session-2006077d024c-lifetime-10:***@rp.scrapegw.com:6060	ClientConnectorError: Cannot connect to host discord.com:443 ssl:default [Connection reset by peer]
2026-09-01 18:31:45	HTTP_429	inlq	attempt=1	proxy=http://wiw4v7duaymysz9-session-50c13d82f232-lifetime-10:***@rp.scrapegw.com:6060	scope=shared global=False retry_after=20.00s
2026-09-01 18:31:45	HTTP_429	iqjt	attempt=1	proxy=http://wiw4v7duaymysz9-session-e41a1ee16136-lifetime-10:***@rp.scrapegw.com:6060	scope=shared global=False retry_after=1925.00s
2026-09-01 18:31:45	NETWORK	innm	attempt=1	proxy=http://wiw4v7duaymysz9-session-ab393612e3b8-lifetime-10:***@rp.scrapegw.com:6060	ClientConnectorError: Cannot connect to host discord.com:443 ssl:default [Connection reset by peer]
2026-09-01 18:31:45	NETWORK	ioiy	attempt=1	proxy=http://wiw4v7duaymysz9-session-a3bbd10b1083-lifetime-10:***@rp.scrapegw.com:6060	ClientConnectorError: Cannot connect to host discord.com:443 ssl:default [Connection reset by peer]
2026-09-01 18:31:45	NETWORK	inrc	attempt=1	proxy=http://wiw4v7duaymysz9-session-8f0a913f9729-lifetime-10:***@rp.scrapegw.com:6060	ConnectionTimeoutError: Connection timeout to host https://discord.com/api/v9/unique-username/username-attempt-unauthed
2026-09-01 18:31:45	NETWORK	inqd	attempt=1	proxy=http://wiw4v7duaymysz9-session-c9b5b8a68b60-lifetime-10:***@rp.scrapegw.com:6060	ConnectionTimeoutError: Connection timeout to host https://discord.com/api/v9/unique-username/username-attempt-unauthed
2026-09-01 18:31:45	NETWORK	innw	attempt=1	proxy=http://wiw4v7duaymysz9-session-8056bef62f80-lifetime-10:***@rp.scrapegw.com:6060	ConnectionTimeoutError: Connection timeout to host https://discord.com/api/v9/unique-username/username-attempt-unauthed
2026-09-01 18:31:45	NETWORK	inrk	attempt=1	proxy=http://wiw4v7duaymysz9-session-8cf49e843fdc-lifetime-10:***@rp.scrapegw.com:6060	ConnectionTimeoutError: Connection timeout to host https://discord.com/api/v9/unique-username/username-attempt-unauthed
2026-09-01 18:31:45	NETWORK	inrb	attempt=1	proxy=http://wiw4v7duaymysz9-session-ba8e482ba849-lifetime-10:***@rp.scrapegw.com:6060	ConnectionTimeoutError: Connection timeout to host https://discord.com/api/v9/unique-username/username-attempt-unauthed
2026-09-01 18:31:45	NETWORK	injr	attempt=1	proxy=http://wiw4v7duaymysz9-session-1e11122b878e-lifetime-10:***@rp.scrapegw.com:6060	ConnectionTimeoutError: Connection timeout to host https://discord.com/api/v9/unique-username/username-attempt-unauthed
2026-09-01 18:31:45	NETWORK	inol	attempt=1	proxy=http://wiw4v7duaymysz9-session-ade164651577-lifetime-10:***@rp.scrapegw.com:6060	ConnectionTimeoutError: Connection timeout to host https://discord.com/api/v9/unique-username/username-attempt-unauthed
2026-09-01 18:31:45	NETWORK	innq	attempt=1	proxy=http://wiw4v7duaymysz9-session-b7a9f35c6686-lifetime-10:***@rp.scrapegw.com:6060	ConnectionTimeoutError: Connection timeout to host https://discord.com/api/v9/unique-username/username-attempt-unauthed
2026-09-01 18:31:45	NETWORK	inqz	attempt=1	proxy=http://wiw4v7duaymysz9-session-9eb1eae030cf-lifetime-10:***@rp.scrapegw.com:6060	ConnectionTimeoutError: Connection timeout to host https://discord.com/api/v9/unique-username/username-attempt-unauthed
2026-09-01 18:31:45	NETWORK	inmq	attempt=1	proxy=http://wiw4v7duaymysz9-session-b85af2ed1314-lifetime-10:***@rp.scrapegw.com:6060	ConnectionTimeoutError: Connection timeout to host https://discord.com/api/v9/unique-username/username-attempt-unauthed
2026-09-01 18:31:45	NETWORK	inkh	attempt=1	proxy=http://wiw4v7duaymysz9-session-c8514a6fd1eb-lifetime-10:***@rp.scrapegw.com:6060	ConnectionTimeoutError: Connection timeout to host https://discord.com/api/v9/unique-username/username-attempt-unauthed
2026-09-01 18:31:45	NETWORK	inno	attempt=1	proxy=http://wiw4v7duaymysz9-session-bee9a4fbf26c-lifetime-10:***@rp.scrapegw.com:6060	ConnectionTimeoutError: Connection timeout to host https://discord.com/api/v9/unique-username/username-attempt-unauthed
2026-09-01 18:31:45	NETWORK	inkq	attempt=1	proxy=http://wiw4v7duaymysz9-session-5d2b3b8504ad-lifetime-10:***@rp.scrapegw.com:6060	ConnectionTimeoutError: Connection timeout to host https://discord.com/api/v9/unique-username/username-attempt-unauthed
2026-09-01 18:31:45	NETWORK	iniv	attempt=1	proxy=http://wiw4v7duaymysz9-session-3671bd3d0562-lifetime-10:***@rp.scrapegw.com:6060	ConnectionTimeoutError: Connection timeout to host https://discord.com/api/v9/unique-username/username-attempt-unauthed
2026-09-01 18:31:45	NETWORK	inqv	attempt=1	proxy=http://wiw4v7duaymysz9-session-030552ce37b5-lifetime-10:***@rp.scrapegw.com:6060	ConnectionTimeoutError: Connection timeout to host https://discord.com/api/v9/unique-username/username-attempt-unauthed
2026-09-01 18:31:45	NETWORK	inse	attempt=1	proxy=http://wiw4v7duaymysz9-session-840ef88f0772-lifetime-10:***@rp.scrapegw.com:6060	ConnectionTimeoutError: Connection timeout to host https://discord.com/api/v9/unique-username/username-attempt-unauthed
2026-09-01 18:31:45	NETWORK	inku	attempt=1	proxy=http://wiw4v7duaymysz9-session-510ec8bef22c-lifetime-10:***@rp.scrapegw.com:6060	ConnectionTimeoutError: Connection timeout to host https://discord.com/api/v9/unique-username/username-attempt-unauthed
2026-09-01 18:31:45	NETWORK	inox	attempt=1	proxy=http://wiw4v7duaymysz9-session-593408ad94cc-lifetime-10:***@rp.scrapegw.com:6060	ConnectionTimeoutError: Connection timeout to host https://discord.com/api/v9/unique-username/username-attempt-unauthed
2026-09-01 18:31:45	NETWORK	inpc	attempt=1	proxy=http://wiw4v7duaymysz9-session-630a7661f07c-lifetime-10:***@rp.scrapegw.com:6060	ConnectionTimeoutError: Connection timeout to host https://discord.com/api/v9/unique-username/username-attempt-unauthed
2026-09-01 18:31:45	NETWORK	inou	attempt=1	proxy=http://wiw4v7duaymysz9-session-f6b3ec8b04bd-lifetime-10:***@rp.scrapegw.com:6060	ConnectionTimeoutError: Connection timeout to host https://discord.com/api/v9/unique-username/username-attempt-unauthed
2026-09-01 18:31:45	NETWORK	inrr	attempt=1	proxy=http://wiw4v7duaymysz9-session-3aa9629161ae-lifetime-10:***@rp.scrapegw.com:6060	ConnectionTimeoutError: Connection timeout to host https://discord.com/api/v9/unique-username/username-attempt-unauthed
2026-09-01 18:31:45	NETWORK	inlw	attempt=1	proxy=http://wiw4v7duaymysz9-session-a5706b4879f6-lifetime-10:***@rp.scrapegw.com:6060	ConnectionTimeoutError: Connection timeout to host https://discord.com/api/v9/unique-username/username-attempt-unauthed
2026-09-01 18:31:45	NETWORK	inkc	attempt=1	proxy=http://wiw4v7duaymysz9-session-3a50ad032407-lifetime-10:***@rp.scrapegw.com:6060	ConnectionTimeoutError: Connection timeout to host https://discord.com/api/v9/unique-username/username-attempt-unauthed
2026-09-01 18:31:45	NETWORK	inmt	attempt=1	proxy=http://wiw4v7duaymysz9-session-7c686dbc8d1b-lifetime-10:***@rp.scrapegw.com:6060	ConnectionTimeoutError: Connection timeout to host https://discord.com/api/v9/unique-username/username-attempt-unauthed
2026-09-01 18:31:45	NETWORK	inki	attempt=1	proxy=http://wiw4v7duaymysz9-session-93fd8fee58e8-lifetime-10:***@rp.scrapegw.com:6060	ConnectionTimeoutError: Connection timeout to host https://discord.com/api/v9/unique-username/username-attempt-unauthed
2026-09-01 18:31:45	NETWORK	inix	attempt=1	proxy=http://wiw4v7duaymysz9-session-7f51223edd28-lifetime-10:***@rp.scrapegw.com:6060	ConnectionTimeoutError: Connection timeout to host https://discord.com/api/v9/unique-username/username-attempt-unauthed
2026-09-01 18:31:45	NETWORK	inqp	attempt=1	proxy=http://wiw4v7duaymysz9-session-c1a49c2e4bb1-lifetime-10:***@rp.scrapegw.com:6060	ConnectionTimeoutError: Connection timeout to host https://discord.com/api/v9/unique-username/username-attempt-unauthed
2026-09-01 18:31:45	NETWORK	injs	attempt=1	proxy=http://wiw4v7duaymysz9-session-8f0027434994-lifetime-10:***@rp.scrapegw.com:6060	ConnectionTimeoutError: Connection timeout to host https://discord.com/api/v9/unique-username/username-attempt-unauthed
2026-09-01 18:31:45	NETWORK	inmf	attempt=1	proxy=http://wiw4v7duaymysz9-session-0901c4eb9fd6-lifetime-10:***@rp.scrapegw.com:6060	ConnectionTimeoutError: Connection timeout to host https://discord.com/api/v9/unique-username/username-attempt-unauthed
2026-09-01 18:31:45	NETWORK	inos	attempt=1	proxy=http://wiw4v7duaymysz9-session-14bb1e1ab4bf-lifetime-10:***@rp.scrapegw.com:6060	ConnectionTimeoutError: Connection timeout to host https://discord.com/api/v9/unique-username/username-attempt-unauthed
2026-09-01 18:31:45	NETWORK	inmu	attempt=1	proxy=http://wiw4v7duaymysz9-session-dfd0c0d8a6ff-lifetime-10:***@rp.scrapegw.com:6060	ConnectionTimeoutError: Connection timeout to host https://discord.com/api/v9/unique-username/username-attempt-unauthed
2026-09-01 18:31:45	NETWORK	inpt	attempt=1	proxy=http://wiw4v7duaymysz9-session-ff3e9729af88-lifetime-10:***@rp.scrapegw.com:6060	ConnectionTimeoutError: Connection timeout to host https://discord.com/api/v9/unique-username/username-attempt-unauthed
2026-09-01 18:31:45	NETWORK	insh	attempt=1	proxy=http://wiw4v7duaymysz9-session-be021787282f-lifetime-10:***@rp.scrapegw.com:6060	ConnectionTimeoutError: Connection timeout to host https://discord.com/api/v9/unique-username/username-attempt-unauthed
2026-09-01 18:31:45	NETWORK	injd	attempt=1	proxy=http://wiw4v7duaymysz9-session-4bec4dc994b2-lifetime-10:***@rp.scrapegw.com:6060	ConnectionTimeoutError: Connection timeout to host https://discord.com/api/v9/unique-username/username-attempt-unauthed
2026-09-01 18:31:45	NETWORK	inrd	attempt=1	proxy=http://wiw4v7duaymysz9-session-643c48f55ea4-lifetime-10:***@rp.scrapegw.com:6060	ConnectionTimeoutError: Connection timeout to host https://discord.com/api/v9/unique-username/username-attempt-unauthed
2026-09-01 18:31:45	NETWORK	iniz	attempt=1	proxy=http://wiw4v7duaymysz9-session-c9f658a2be81-lifetime-10:***@rp.scrapegw.com:6060	ConnectionTimeoutError: Connection timeout to host https://discord.com/api/v9/unique-username/username-attempt-unauthed
2026-09-01 18:31:45	NETWORK	inqj	attempt=1	proxy=http://wiw4v7duaymysz9-session-9881297e1517-lifetime-10:***@rp.scrapegw.com:6060	ConnectionTimeoutError: Connection timeout to host https://discord.com/api/v9/unique-username/username-attempt-unauthed
2026-09-01 18:31:45	NETWORK	inph	attempt=1	proxy=http://wiw4v7duaymysz9-session-bcac753d17d0-lifetime-10:***@rp.scrapegw.com:6060	ConnectionTimeoutError: Connection timeout to host https://discord.com/api/v9/unique-username/username-attempt-unauthed
2026-09-01 18:31:45	NETWORK	inma	attempt=1	proxy=http://wiw4v7duaymysz9-session-ad49afbd2a09-lifetime-10:***@rp.scrapegw.com:6060	ConnectionTimeoutError: Connection timeout to host https://discord.com/api/v9/unique-username/username-attempt-unauthed
2026-09-01 18:31:45	NETWORK	injt	attempt=1	proxy=http://wiw4v7duaymysz9-session-8bbd9eeea1e6-lifetime-10:***@rp.scrapegw.com:6060	ConnectionTimeoutError: Connection timeout to host https://discord.com/api/v9/unique-username/username-attempt-unauthed
2026-09-01 18:31:45	NETWORK	innd	attempt=1	proxy=http://wiw4v7duaymysz9-session-b9de9bec4daa-lifetime-10:***@rp.scrapegw.com:6060	ConnectionTimeoutError: Connection timeout to host https://discord.com/api/v9/unique-username/username-attempt-unauthed
2026-09-01 18:31:46	HTTP_429	iqnu	attempt=1	proxy=http://wiw4v7duaymysz9-session-8fb765fac078-lifetime-10:***@rp.scrapegw.com:6060	scope=shared global=False retry_after=214.00s
2026-09-01 18:31:46	NETWORK	inxi	attempt=1	proxy=http://wiw4v7duaymysz9-session-5a1204baa034-lifetime-10:***@rp.scrapegw.com:6060	ClientConnectorError: Cannot connect to host discord.com:443 ssl:default [Connection reset by peer]
2026-09-01 18:31:46	NETWORK	inyz	attempt=1	proxy=http://wiw4v7duaymysz9-session-ed0c99ae34b0-lifetime-10:***@rp.scrapegw.com:6060	ConnectionTimeoutError: Connection timeout to host https://discord.com/api/v9/unique-username/username-attempt-unauthed
2026-09-01 18:31:46	NETWORK	inxn	attempt=1	proxy=http://wiw4v7duaymysz9-session-338ea3cff607-lifetime-10:***@rp.scrapegw.com:6060	ConnectionTimeoutError: Connection timeout to host https://discord.com/api/v9/unique-username/username-attempt-unauthed
2026-09-01 18:31:46	NETWORK	invm	attempt=1	proxy=http://wiw4v7duaymysz9-session-ec31e0da779d-lifetime-10:***@rp.scrapegw.com:6060	ConnectionTimeoutError: Connection timeout to host https://discord.com/api/v9/unique-username/username-attempt-unauthed
2026-09-01 18:31:46	NETWORK	inwv	attempt=1	proxy=http://wiw4v7duaymysz9-session-14ee4dd5f2e0-lifetime-10:***@rp.scrapegw.com:6060	ConnectionTimeoutError: Connection timeout to host https://discord.com/api/v9/unique-username/username-attempt-unauthed
2026-09-01 18:31:46	NETWORK	invc	attempt=1	proxy=http://wiw4v7duaymysz9-session-3abcd8b00815-lifetime-10:***@rp.scrapegw.com:6060	ConnectionTimeoutError: Connection timeout to host https://discord.com/api/v9/unique-username/username-attempt-unauthed
2026-09-01 18:31:46	NETWORK	inyo	attempt=1	proxy=http://wiw4v7duaymysz9-session-3c23a66a6c93-lifetime-10:***@rp.scrapegw.com:6060	ConnectionTimeoutError: Connection timeout to host https://discord.com/api/v9/unique-username/username-attempt-unauthed
2026-09-01 18:31:46	NETWORK	inzb	attempt=1	proxy=http://wiw4v7duaymysz9-session-fbadab00ee6b-lifetime-10:***@rp.scrapegw.com:6060	ConnectionTimeoutError: Connection timeout to host https://discord.com/api/v9/unique-username/username-attempt-unauthed
2026-09-01 18:31:46	NETWORK	inxs	attempt=1	proxy=http://wiw4v7duaymysz9-session-f945b4fd4404-lifetime-10:***@rp.scrapegw.com:6060	ConnectionTimeoutError: Connection timeout to host https://discord.com/api/v9/unique-username/username-attempt-unauthed
2026-09-01 18:31:46	NETWORK	ioac	attempt=1	proxy=http://wiw4v7duaymysz9-session-a63e4b7943f3-lifetime-10:***@rp.scrapegw.com:6060	ConnectionTimeoutError: Connection timeout to host https://discord.com/api/v9/unique-username/username-attempt-unauthed
2026-09-01 18:31:46	NETWORK	inwe	attempt=1	proxy=http://wiw4v7duaymysz9-session-ffd00a8e7509-lifetime-10:***@rp.scrapegw.com:6060	ConnectionTimeoutError: Connection timeout to host https://discord.com/api/v9/unique-username/username-attempt-unauthed
2026-09-01 18:31:46	NETWORK	insy	attempt=1	proxy=http://wiw4v7duaymysz9-session-2ee0d942369f-lifetime-10:***@rp.scrapegw.com:6060	ConnectionTimeoutError: Connection timeout to host https://discord.com/api/v9/unique-username/username-attempt-unauthed
2026-09-01 18:31:46	NETWORK	inwk	attempt=1	proxy=http://wiw4v7duaymysz9-session-29971f0adb98-lifetime-10:***@rp.scrapegw.com:6060	ConnectionTimeoutError: Connection timeout to host https://discord.com/api/v9/unique-username/username-attempt-unauthed
2026-09-01 18:31:46	NETWORK	inzt	attempt=1	proxy=http://wiw4v7duaymysz9-session-5510d62ec2f8-lifetime-10:***@rp.scrapegw.com:6060	ConnectionTimeoutError: Connection timeout to host https://discord.com/api/v9/unique-username/username-attempt-unauthed
2026-09-01 18:31:46	NETWORK	inug	attempt=1	proxy=http://wiw4v7duaymysz9-session-53b97fb20dd8-lifetime-10:***@rp.scrapegw.com:6060	ConnectionTimeoutError: Connection timeout to host https://discord.com/api/v9/unique-username/username-attempt-unauthed
2026-09-01 18:31:46	NETWORK	inyd	attempt=1	proxy=http://wiw4v7duaymysz9-session-184ac54a5e6d-lifetime-10:***@rp.scrapegw.com:6060	ConnectionTimeoutError: Connection timeout to host https://discord.com/api/v9/unique-username/username-attempt-unauthed
2026-09-01 18:31:46	NETWORK	inyq	attempt=1	proxy=http://wiw4v7duaymysz9-session-8ef2cf7cb308-lifetime-10:***@rp.scrapegw.com:6060	ConnectionTimeoutError: Connection timeout to host https://discord.com/api/v9/unique-username/username-attempt-unauthed
2026-09-01 18:31:46	NETWORK	invv	attempt=1	proxy=http://wiw4v7duaymysz9-session-12eff00b4062-lifetime-10:***@rp.scrapegw.com:6060	ConnectionTimeoutError: Connection timeout to host https://discord.com/api/v9/unique-username/username-attempt-unauthed
2026-09-01 18:31:46	NETWORK	inxg	attempt=1	proxy=http://wiw4v7duaymysz9-session-1a551b7526fb-lifetime-10:***@rp.scrapegw.com:6060	ConnectionTimeoutError: Connection timeout to host https://discord.com/api/v9/unique-username/username-attempt-unauthed
2026-09-01 18:31:46	NETWORK	inzk	attempt=1	proxy=http://wiw4v7duaymysz9-session-c2fe90406cf3-lifetime-10:***@rp.scrapegw.com:6060	ConnectionTimeoutError: Connection timeout to host https://discord.com/api/v9/unique-username/username-attempt-unauthed
2026-09-01 18:31:46	NETWORK	inwm	attempt=1	proxy=http://wiw4v7duaymysz9-session-537916cd4949-lifetime-10:***@rp.scrapegw.com:6060	ConnectionTimeoutError: Connection timeout to host https://discord.com/api/v9/unique-username/username-attempt-unauthed
2026-09-01 18:31:46	NETWORK	inzo	attempt=1	proxy=http://wiw4v7duaymysz9-session-d6ef6a749e86-lifetime-10:***@rp.scrapegw.com:6060	ConnectionTimeoutError: Connection timeout to host https://discord.com/api/v9/unique-username/username-attempt-unauthed
2026-09-01 18:31:46	NETWORK	inyi	attempt=1	proxy=http://wiw4v7duaymysz9-session-92cb10e82393-lifetime-10:***@rp.scrapegw.com:6060	ConnectionTimeoutError: Connection timeout to host https://discord.com/api/v9/unique-username/username-attempt-unauthed
2026-09-01 18:31:46	NETWORK	inwh	attempt=1	proxy=http://wiw4v7duaymysz9-session-6bb70d62a0f0-lifetime-10:***@rp.scrapegw.com:6060	ConnectionTimeoutError: Connection timeout to host https://discord.com/api/v9/unique-username/username-attempt-unauthed
2026-09-01 18:31:46	NETWORK	invq	attempt=1	proxy=http://wiw4v7duaymysz9-session-7d6532af64fb-lifetime-10:***@rp.scrapegw.com:6060	ConnectionTimeoutError: Connection timeout to host https://discord.com/api/v9/unique-username/username-attempt-unauthed
2026-09-01 18:31:46	NETWORK	inyt	attempt=1	proxy=http://wiw4v7duaymysz9-session-e7e41e431b6b-lifetime-10:***@rp.scrapegw.com:6060	ConnectionTimeoutError: Connection timeout to host https://discord.com/api/v9/unique-username/username-attempt-unauthed
2026-09-01 18:31:46	NETWORK	inww	attempt=1	proxy=http://wiw4v7duaymysz9-session-e6e7c6c2d575-lifetime-10:***@rp.scrapegw.com:6060	ConnectionTimeoutError: Connection timeout to host https://discord.com/api/v9/unique-username/username-attempt-unauthed
2026-09-01 18:31:46	NETWORK	inxp	attempt=1	proxy=http://wiw4v7duaymysz9-session-7fa7261018f9-lifetime-10:***@rp.scrapegw.com:6060	ConnectionTimeoutError: Connection timeout to host https://discord.com/api/v9/unique-username/username-attempt-unauthed
2026-09-01 18:31:46	NETWORK	inzf	attempt=1	proxy=http://wiw4v7duaymysz9-session-0f7b4d31e694-lifetime-10:***@rp.scrapegw.com:6060	ConnectionTimeoutError: Connection timeout to host https://discord.com/api/v9/unique-username/username-attempt-unauthed
2026-09-01 18:31:46	NETWORK	invs	attempt=1	proxy=http://wiw4v7duaymysz9-session-8de83046999d-lifetime-10:***@rp.scrapegw.com:6060	ConnectionTimeoutError: Connection timeout to host https://discord.com/api/v9/unique-username/username-attempt-unauthed
2026-09-01 18:31:46	NETWORK	inzx	attempt=1	proxy=http://wiw4v7duaymysz9-session-5b88b2fd1dc4-lifetime-10:***@rp.scrapegw.com:6060	ConnectionTimeoutError: Connection timeout to host https://discord.com/api/v9/unique-username/username-attempt-unauthed
2026-09-01 18:31:46	NETWORK	inyy	attempt=1	proxy=http://wiw4v7duaymysz9-session-3e8eb60e0e75-lifetime-10:***@rp.scrapegw.com:6060	ConnectionTimeoutError: Connection timeout to host https://discord.com/api/v9/unique-username/username-attempt-unauthed
2026-09-01 18:31:46	NETWORK	inte	attempt=1	proxy=http://wiw4v7duaymysz9-session-4e8172e2c530-lifetime-10:***@rp.scrapegw.com:6060	ConnectionTimeoutError: Connection timeout to host https://discord.com/api/v9/unique-username/username-attempt-unauthed
2026-09-01 18:31:46	NETWORK	invx	attempt=1	proxy=http://wiw4v7duaymysz9-session-b27cbc646b01-lifetime-10:***@rp.scrapegw.com:6060	ConnectionTimeoutError: Connection timeout to host https://discord.com/api/v9/unique-username/username-attempt-unauthed
2026-09-01 18:31:46	NETWORK	inxx	attempt=1	proxy=http://wiw4v7duaymysz9-session-ed52a4e8fc2f-lifetime-10:***@rp.scrapegw.com:6060	ConnectionTimeoutError: Connection timeout to host https://discord.com/api/v9/unique-username/username-attempt-unauthed
2026-09-01 18:31:46	NETWORK	inxc	attempt=1	proxy=http://wiw4v7duaymysz9-session-450dc84a89ad-lifetime-10:***@rp.scrapegw.com:6060	ConnectionTimeoutError: Connection timeout to host https://discord.com/api/v9/unique-username/username-attempt-unauthed
2026-09-01 18:31:46	NETWORK	inwl	attempt=1	proxy=http://wiw4v7duaymysz9-session-f4de52fb922f-lifetime-10:***@rp.scrapegw.com:6060	ConnectionTimeoutError: Connection timeout to host https://discord.com/api/v9/unique-username/username-attempt-unauthed
2026-09-01 18:31:46	NETWORK	inzd	attempt=1	proxy=http://wiw4v7duaymysz9-session-057fb50a5d71-lifetime-10:***@rp.scrapegw.com:6060	ConnectionTimeoutError: Connection timeout to host https://discord.com/api/v9/unique-username/username-attempt-unauthed
2026-09-01 18:31:46	NETWORK	inuh	attempt=1	proxy=http://wiw4v7duaymysz9-session-07fc2a2749bb-lifetime-10:***@rp.scrapegw.com:6060	ConnectionTimeoutError: Connection timeout to host https://discord.com/api/v9/unique-username/username-attempt-unauthed
2026-09-01 18:31:46	NETWORK	inya	attempt=1	proxy=http://wiw4v7duaymysz9-session-7a3af5dd7a65-lifetime-10:***@rp.scrapegw.com:6060	ConnectionTimeoutError: Connection timeout to host https://discord.com/api/v9/unique-username/username-attempt-unauthed
2026-09-01 18:31:47	HTTP_429	iqxe	attempt=1	proxy=http://wiw4v7duaymysz9-session-0fd28520abd5-lifetime-10:***@rp.scrapegw.com:6060	scope=shared global=False retry_after=2057.00s
2026-09-01 18:31:47	NETWORK	iozj	attempt=1	proxy=http://wiw4v7duaymysz9-session-92fd0bba0c99-lifetime-10:***@rp.scrapegw.com:6060	ClientConnectorError: Cannot connect to host discord.com:443 ssl:default [Connection reset by peer]
2026-09-01 18:31:47	NETWORK	iobt	attempt=1	proxy=http://wiw4v7duaymysz9-session-a917e749ea46-lifetime-10:***@rp.scrapegw.com:6060	ClientConnectorCertificateError: Cannot connect to host discord.com:443 ssl:True [SSLCertVerificationError: (1, '[SSL: CERTIFICATE_VERIFY_FAILED] certificate verify failed: self-signed certificate (_ssl.c:1081)')]
2026-09-01 18:31:47	HTTP_429	ioyi	attempt=1	proxy=http://wiw4v7duaymysz9-session-7ab51f5d9dcd-lifetime-10:***@rp.scrapegw.com:6060	scope=shared global=False retry_after=55.00s
2026-09-01 18:31:47	NETWORK	ioev	attempt=1	proxy=http://wiw4v7duaymysz9-session-88061e432e03-lifetime-10:***@rp.scrapegw.com:6060	ConnectionTimeoutError: Connection timeout to host https://discord.com/api/v9/unique-username/username-attempt-unauthed
2026-09-01 18:31:47	NETWORK	iocf	attempt=1	proxy=http://wiw4v7duaymysz9-session-4d2287a8c411-lifetime-10:***@rp.scrapegw.com:6060	ConnectionTimeoutError: Connection timeout to host https://discord.com/api/v9/unique-username/username-attempt-unauthed
2026-09-01 18:31:47	NETWORK	iody	attempt=1	proxy=http://wiw4v7duaymysz9-session-5ac8b7b837a4-lifetime-10:***@rp.scrapegw.com:6060	ConnectionTimeoutError: Connection timeout to host https://discord.com/api/v9/unique-username/username-attempt-unauthed
2026-09-01 18:31:47	NETWORK	ioax	attempt=1	proxy=http://wiw4v7duaymysz9-session-3cff750c3a21-lifetime-10:***@rp.scrapegw.com:6060	ConnectionTimeoutError: Connection timeout to host https://discord.com/api/v9/unique-username/username-attempt-unauthed
2026-09-01 18:31:47	NETWORK	iocp	attempt=1	proxy=http://wiw4v7duaymysz9-session-d08b48b56c88-lifetime-10:***@rp.scrapegw.com:6060	ConnectionTimeoutError: Connection timeout to host https://discord.com/api/v9/unique-username/username-attempt-unauthed
2026-09-01 18:31:47	NETWORK	ioap	attempt=1	proxy=http://wiw4v7duaymysz9-session-a4fd4ec1a368-lifetime-10:***@rp.scrapegw.com:6060	ConnectionTimeoutError: Connection timeout to host https://discord.com/api/v9/unique-username/username-attempt-unauthed
2026-09-01 18:31:47	NETWORK	ioan	attempt=1	proxy=http://wiw4v7duaymysz9-session-a56104c02363-lifetime-10:***@rp.scrapegw.com:6060	ConnectionTimeoutError: Connection timeout to host https://discord.com/api/v9/unique-username/username-attempt-unauthed
2026-09-01 18:31:47	NETWORK	iobu	attempt=1	proxy=http://wiw4v7duaymysz9-session-866272525ddb-lifetime-10:***@rp.scrapegw.com:6060	ConnectionTimeoutError: Connection timeout to host https://discord.com/api/v9/unique-username/username-attempt-unauthed
2026-09-01 18:31:47	NETWORK	iodj	attempt=1	proxy=http://wiw4v7duaymysz9-session-be69e351ff77-lifetime-10:***@rp.scrapegw.com:6060	ConnectionTimeoutError: Connection timeout to host https://discord.com/api/v9/unique-username/username-attempt-unauthed
2026-09-01 18:31:47	NETWORK	iocm	attempt=1	proxy=http://wiw4v7duaymysz9-session-02537ffea0d9-lifetime-10:***@rp.scrapegw.com:6060	ConnectionTimeoutError: Connection timeout to host https://discord.com/api/v9/unique-username/username-attempt-unauthed
2026-09-01 18:31:47	NETWORK	iobj	attempt=1	proxy=http://wiw4v7duaymysz9-session-46b08ad76d6e-lifetime-10:***@rp.scrapegw.com:6060	ConnectionTimeoutError: Connection timeout to host https://discord.com/api/v9/unique-username/username-attempt-unauthed
2026-09-01 18:31:47	NETWORK	iobi	attempt=1	proxy=http://wiw4v7duaymysz9-session-e2ac48a860a7-lifetime-10:***@rp.scrapegw.com:6060	ConnectionTimeoutError: Connection timeout to host https://discord.com/api/v9/unique-username/username-attempt-unauthed
2026-09-01 18:31:47	NETWORK	iobf	attempt=1	proxy=http://wiw4v7duaymysz9-session-0090122f283e-lifetime-10:***@rp.scrapegw.com:6060	ConnectionTimeoutError: Connection timeout to host https://discord.com/api/v9/unique-username/username-attempt-unauthed
2026-09-01 18:31:47	NETWORK	ioba	attempt=1	proxy=http://wiw4v7duaymysz9-session-2ee9fa542ebd-lifetime-10:***@rp.scrapegw.com:6060	ConnectionTimeoutError: Connection timeout to host https://discord.com/api/v9/unique-username/username-attempt-unauthed
2026-09-01 18:31:47	NETWORK	iofy	attempt=1	proxy=http://wiw4v7duaymysz9-session-b63ffa4fd88b-lifetime-10:***@rp.scrapegw.com:6060	ConnectionTimeoutError: Connection timeout to host https://discord.com/api/v9/unique-username/username-attempt-unauthed
2026-09-01 18:31:47	NETWORK	iofo	attempt=1	proxy=http://wiw4v7duaymysz9-session-d81c5016528a-lifetime-10:***@rp.scrapegw.com:6060	ConnectionTimeoutError: Connection timeout to host https://discord.com/api/v9/unique-username/username-attempt-unauthed
2026-09-01 18:31:47	NETWORK	ioen	attempt=1	proxy=http://wiw4v7duaymysz9-session-c22a20cc9b0d-lifetime-10:***@rp.scrapegw.com:6060	ConnectionTimeoutError: Connection timeout to host https://discord.com/api/v9/unique-username/username-attempt-unauthed
2026-09-01 18:31:47	NETWORK	ioey	attempt=1	proxy=http://wiw4v7duaymysz9-session-dc4df7337d3f-lifetime-10:***@rp.scrapegw.com:6060	ConnectionTimeoutError: Connection timeout to host https://discord.com/api/v9/unique-username/username-attempt-unauthed
2026-09-01 18:31:47	NETWORK	iofe	attempt=1	proxy=http://wiw4v7duaymysz9-session-badb61509f50-lifetime-10:***@rp.scrapegw.com:6060	ConnectionTimeoutError: Connection timeout to host https://discord.com/api/v9/unique-username/username-attempt-unauthed
2026-09-01 18:31:47	NETWORK	ioee	attempt=1	proxy=http://wiw4v7duaymysz9-session-3b53f03c3b60-lifetime-10:***@rp.scrapegw.com:6060	ConnectionTimeoutError: Connection timeout to host https://discord.com/api/v9/unique-username/username-attempt-unauthed
2026-09-01 18:31:47	NETWORK	iodz	attempt=1	proxy=http://wiw4v7duaymysz9-session-52a015ea040a-lifetime-10:***@rp.scrapegw.com:6060	ConnectionTimeoutError: Connection timeout to host https://discord.com/api/v9/unique-username/username-attempt-unauthed
2026-09-01 18:31:47	NETWORK	iodg	attempt=1	proxy=http://wiw4v7duaymysz9-session-85428b13cffe-lifetime-10:***@rp.scrapegw.com:6060	ConnectionTimeoutError: Connection timeout to host https://discord.com/api/v9/unique-username/username-attempt-unauthed
2026-09-01 18:31:47	NETWORK	ioge	attempt=1	proxy=http://wiw4v7duaymysz9-session-fa666e57e107-lifetime-10:***@rp.scrapegw.com:6060	ConnectionTimeoutError: Connection timeout to host https://discord.com/api/v9/unique-username/username-attempt-unauthed
2026-09-01 18:31:47	NETWORK	iodw	attempt=1	proxy=http://wiw4v7duaymysz9-session-3de771b41093-lifetime-10:***@rp.scrapegw.com:6060	ConnectionTimeoutError: Connection timeout to host https://discord.com/api/v9/unique-username/username-attempt-unauthed
2026-09-01 18:31:47	HTTP_429	iocw	attempt=1	proxy=http://wiw4v7duaymysz9-session-a17fb0042b98-lifetime-10:***@rp.scrapegw.com:6060	scope=shared global=False retry_after=136.00s
2026-09-01 18:31:48	HTTP_429	ipeq	attempt=1	proxy=http://wiw4v7duaymysz9-session-ad49afbd2a09-lifetime-10:***@rp.scrapegw.com:6060	scope=shared global=False retry_after=1912.00s
2026-09-01 18:31:48	NETWORK	ipzz	attempt=1	proxy=http://wiw4v7duaymysz9-session-c3b345bf2ee4-lifetime-10:***@rp.scrapegw.com:6060	ClientConnectorError: Cannot connect to host discord.com:443 ssl:default [Connection reset by peer]
2026-09-01 18:31:48	NETWORK	ioht	attempt=1	proxy=http://wiw4v7duaymysz9-session-de118d985b35-lifetime-10:***@rp.scrapegw.com:6060	ConnectionTimeoutError: Connection timeout to host https://discord.com/api/v9/unique-username/username-attempt-unauthed
2026-09-01 18:31:48	NETWORK	iohz	attempt=1	proxy=http://wiw4v7duaymysz9-session-576e30c18d43-lifetime-10:***@rp.scrapegw.com:6060	ConnectionTimeoutError: Connection timeout to host https://discord.com/api/v9/unique-username/username-attempt-unauthed
2026-09-01 18:31:48	NETWORK	iokm	attempt=1	proxy=http://wiw4v7duaymysz9-session-e18d4896ddee-lifetime-10:***@rp.scrapegw.com:6060	ConnectionTimeoutError: Connection timeout to host https://discord.com/api/v9/unique-username/username-attempt-unauthed
2026-09-01 18:31:48	NETWORK	ionw	attempt=1	proxy=http://wiw4v7duaymysz9-session-3bf8afc5ad2f-lifetime-10:***@rp.scrapegw.com:6060	ConnectionTimeoutError: Connection timeout to host https://discord.com/api/v9/unique-username/username-attempt-unauthed
2026-09-01 18:31:48	NETWORK	ionm	attempt=1	proxy=http://wiw4v7duaymysz9-session-8ff00d0de7fc-lifetime-10:***@rp.scrapegw.com:6060	ConnectionTimeoutError: Connection timeout to host https://discord.com/api/v9/unique-username/username-attempt-unauthed
2026-09-01 18:31:48	NETWORK	ionh	attempt=1	proxy=http://wiw4v7duaymysz9-session-6362fa3cb1cf-lifetime-10:***@rp.scrapegw.com:6060	ConnectionTimeoutError: Connection timeout to host https://discord.com/api/v9/unique-username/username-attempt-unauthed
2026-09-01 18:31:48	NETWORK	ioog	attempt=1	proxy=http://wiw4v7duaymysz9-session-2bea57b8f779-lifetime-10:***@rp.scrapegw.com:6060	ConnectionTimeoutError: Connection timeout to host https://discord.com/api/v9/unique-username/username-attempt-unauthed
2026-09-01 18:31:48	NETWORK	ionp	attempt=1	proxy=http://wiw4v7duaymysz9-session-3122f504ace6-lifetime-10:***@rp.scrapegw.com:6060	ConnectionTimeoutError: Connection timeout to host https://discord.com/api/v9/unique-username/username-attempt-unauthed
2026-09-01 18:31:48	NETWORK	iomg	attempt=1	proxy=http://wiw4v7duaymysz9-session-12f48d44b339-lifetime-10:***@rp.scrapegw.com:6060	ConnectionTimeoutError: Connection timeout to host https://discord.com/api/v9/unique-username/username-attempt-unauthed
2026-09-01 18:31:48	NETWORK	iomi	attempt=1	proxy=http://wiw4v7duaymysz9-session-b3c7c06978fd-lifetime-10:***@rp.scrapegw.com:6060	ConnectionTimeoutError: Connection timeout to host https://discord.com/api/v9/unique-username/username-attempt-unauthed
2026-09-01 18:31:48	NETWORK	iolr	attempt=1	proxy=http://wiw4v7duaymysz9-session-ff161b9b94bc-lifetime-10:***@rp.scrapegw.com:6060	ConnectionTimeoutError: Connection timeout to host https://discord.com/api/v9/unique-username/username-attempt-unauthed
2026-09-01 18:31:48	NETWORK	iolm	attempt=1	proxy=http://wiw4v7duaymysz9-session-7dfe8ac27759-lifetime-10:***@rp.scrapegw.com:6060	ConnectionTimeoutError: Connection timeout to host https://discord.com/api/v9/unique-username/username-attempt-unauthed
2026-09-01 18:31:48	NETWORK	ioks	attempt=1	proxy=http://wiw4v7duaymysz9-session-58ed4c902cdb-lifetime-10:***@rp.scrapegw.com:6060	ConnectionTimeoutError: Connection timeout to host https://discord.com/api/v9/unique-username/username-attempt-unauthed
2026-09-01 18:31:48	NETWORK	ioib	attempt=1	proxy=http://wiw4v7duaymysz9-session-fc28dc60cd3e-lifetime-10:***@rp.scrapegw.com:6060	ConnectionTimeoutError: Connection timeout to host https://discord.com/api/v9/unique-username/username-attempt-unauthed
2026-09-01 18:31:48	NETWORK	iohp	attempt=1	proxy=http://wiw4v7duaymysz9-session-edc8126289d7-lifetime-10:***@rp.scrapegw.com:6060	ConnectionTimeoutError: Connection timeout to host https://discord.com/api/v9/unique-username/username-attempt-unauthed
2026-09-01 18:31:48	NETWORK	iohn	attempt=1	proxy=http://wiw4v7duaymysz9-session-37cce85a0999-lifetime-10:***@rp.scrapegw.com:6060	ConnectionTimeoutError: Connection timeout to host https://discord.com/api/v9/unique-username/username-attempt-unauthed
2026-09-01 18:31:48	NETWORK	iogu	attempt=1	proxy=http://wiw4v7duaymysz9-session-3b56e4132be0-lifetime-10:***@rp.scrapegw.com:6060	ConnectionTimeoutError: Connection timeout to host https://discord.com/api/v9/unique-username/username-attempt-unauthed
2026-09-01 18:31:48	NETWORK	ioke	attempt=1	proxy=http://wiw4v7duaymysz9-session-8fedffe44ab4-lifetime-10:***@rp.scrapegw.com:6060	ConnectionTimeoutError: Connection timeout to host https://discord.com/api/v9/unique-username/username-attempt-unauthed
2026-09-01 18:31:48	NETWORK	iokp	attempt=1	proxy=http://wiw4v7duaymysz9-session-d8798b47b2f2-lifetime-10:***@rp.scrapegw.com:6060	ConnectionTimeoutError: Connection timeout to host https://discord.com/api/v9/unique-username/username-attempt-unauthed
2026-09-01 18:31:48	NETWORK	iojt	attempt=1	proxy=http://wiw4v7duaymysz9-session-97b13ff0baec-lifetime-10:***@rp.scrapegw.com:6060	ConnectionTimeoutError: Connection timeout to host https://discord.com/api/v9/unique-username/username-attempt-unauthed
2026-09-01 18:31:48	NETWORK	ionr	attempt=1	proxy=http://wiw4v7duaymysz9-session-20129796ce2c-lifetime-10:***@rp.scrapegw.com:6060	ConnectionTimeoutError: Connection timeout to host https://discord.com/api/v9/unique-username/username-attempt-unauthed
2026-09-01 18:31:48	NETWORK	iooh	attempt=1	proxy=http://wiw4v7duaymysz9-session-c8bb9e125b23-lifetime-10:***@rp.scrapegw.com:6060	ConnectionTimeoutError: Connection timeout to host https://discord.com/api/v9/unique-username/username-attempt-unauthed
2026-09-01 18:31:48	NETWORK	ionn	attempt=1	proxy=http://wiw4v7duaymysz9-session-0a121b6dc3c8-lifetime-10:***@rp.scrapegw.com:6060	ConnectionTimeoutError: Connection timeout to host https://discord.com/api/v9/unique-username/username-attempt-unauthed
2026-09-01 18:31:48	NETWORK	ioid	attempt=1	proxy=http://wiw4v7duaymysz9-session-7ec3b492c409-lifetime-10:***@rp.scrapegw.com:6060	ConnectionTimeoutError: Connection timeout to host https://discord.com/api/v9/unique-username/username-attempt-unauthed
2026-09-01 18:31:48	NETWORK	iomh	attempt=1	proxy=http://wiw4v7duaymysz9-session-3ad9b3dc0663-lifetime-10:***@rp.scrapegw.com:6060	ConnectionTimeoutError: Connection timeout to host https://discord.com/api/v9/unique-username/username-attempt-unauthed
2026-09-01 18:31:48	NETWORK	ioiw	attempt=1	proxy=http://wiw4v7duaymysz9-session-b05224db3d3d-lifetime-10:***@rp.scrapegw.com:6060	ConnectionTimeoutError: Connection timeout to host https://discord.com/api/v9/unique-username/username-attempt-unauthed
2026-09-01 18:31:48	NETWORK	iojg	attempt=1	proxy=http://wiw4v7duaymysz9-session-0f299c39a9c8-lifetime-10:***@rp.scrapegw.com:6060	ConnectionTimeoutError: Connection timeout to host https://discord.com/api/v9/unique-username/username-attempt-unauthed
2026-09-01 18:31:48	NETWORK	iojb	attempt=1	proxy=http://wiw4v7duaymysz9-session-6ec5910ff624-lifetime-10:***@rp.scrapegw.com:6060	ConnectionTimeoutError: Connection timeout to host https://discord.com/api/v9/unique-username/username-attempt-unauthed
2026-09-01 18:31:48	NETWORK	ioln	attempt=1	proxy=http://wiw4v7duaymysz9-session-28ac66c78914-lifetime-10:***@rp.scrapegw.com:6060	ConnectionTimeoutError: Connection timeout to host https://discord.com/api/v9/unique-username/username-attempt-unauthed
2026-09-01 18:31:48	NETWORK	ioig	attempt=1	proxy=http://wiw4v7duaymysz9-session-a2d57a513ff8-lifetime-10:***@rp.scrapegw.com:6060	ConnectionTimeoutError: Connection timeout to host https://discord.com/api/v9/unique-username/username-attempt-unauthed
2026-09-01 18:31:48	NETWORK	iooc	attempt=1	proxy=http://wiw4v7duaymysz9-session-15b0549fd914-lifetime-10:***@rp.scrapegw.com:6060	ConnectionTimeoutError: Connection timeout to host https://discord.com/api/v9/unique-username/username-attempt-unauthed
2026-09-01 18:31:48	NETWORK	ioiv	attempt=1	proxy=http://wiw4v7duaymysz9-session-f0adbc3a96da-lifetime-10:***@rp.scrapegw.com:6060	ConnectionTimeoutError: Connection timeout to host https://discord.com/api/v9/unique-username/username-attempt-unauthed
2026-09-01 18:31:48	NETWORK	iokw	attempt=1	proxy=http://wiw4v7duaymysz9-session-261fee2a01c8-lifetime-10:***@rp.scrapegw.com:6060	ConnectionTimeoutError: Connection timeout to host https://discord.com/api/v9/unique-username/username-attempt-unauthed
2026-09-01 18:31:49	HTTP_429	irnb	attempt=1	proxy=http://wiw4v7duaymysz9-session-f3a5aab3bda4-lifetime-10:***@rp.scrapegw.com:6060	scope=shared global=False retry_after=1182.00s
2026-09-01 18:31:49	HTTP_429	ipjb	attempt=1	proxy=http://wiw4v7duaymysz9-session-dc9e3271cd0b-lifetime-10:***@rp.scrapegw.com:6060	scope=shared global=False retry_after=1616.00s
2026-09-01 18:31:49	HTTP_429	iphi	attempt=1	proxy=http://wiw4v7duaymysz9-session-630a7661f07c-lifetime-10:***@rp.scrapegw.com:6060	scope=shared global=False retry_after=964.00s
2026-09-01 18:31:49	HTTP_429	irpg	attempt=1	proxy=http://wiw4v7duaymysz9-session-9909aa9269cd-lifetime-10:***@rp.scrapegw.com:6060	scope=shared global=False retry_after=2053.00s
2026-09-01 18:31:49	NETWORK	iotb	attempt=1	proxy=http://wiw4v7duaymysz9-session-3f7e5fc96a9c-lifetime-10:***@rp.scrapegw.com:6060	ClientConnectorError: Cannot connect to host discord.com:443 ssl:default [Connection reset by peer]
2026-09-01 18:31:49	NETWORK	ioqs	attempt=1	proxy=http://wiw4v7duaymysz9-session-e98738bd6bb1-lifetime-10:***@rp.scrapegw.com:6060	ClientConnectorError: Cannot connect to host discord.com:443 ssl:default [Connection reset by peer]
2026-09-01 18:31:49	NETWORK	ipnb	attempt=1	proxy=http://wiw4v7duaymysz9-session-ffd00a8e7509-lifetime-10:***@rp.scrapegw.com:6060	ClientConnectorError: Cannot connect to host discord.com:443 ssl:default [Connection reset by peer]
2026-09-01 18:31:49	NETWORK	iovh	attempt=1	proxy=http://wiw4v7duaymysz9-session-293bda175034-lifetime-10:***@rp.scrapegw.com:6060	ConnectionTimeoutError: Connection timeout to host https://discord.com/api/v9/unique-username/username-attempt-unauthed
2026-09-01 18:31:49	NETWORK	ioto	attempt=1	proxy=http://wiw4v7duaymysz9-session-977075d4bf2a-lifetime-10:***@rp.scrapegw.com:6060	ConnectionTimeoutError: Connection timeout to host https://discord.com/api/v9/unique-username/username-attempt-unauthed
2026-09-01 18:31:49	NETWORK	ioti	attempt=1	proxy=http://wiw4v7duaymysz9-session-f6be510a09a1-lifetime-10:***@rp.scrapegw.com:6060	ConnectionTimeoutError: Connection timeout to host https://discord.com/api/v9/unique-username/username-attempt-unauthed
2026-09-01 18:31:49	NETWORK	iouk	attempt=1	proxy=http://wiw4v7duaymysz9-session-78ea3ac8ee46-lifetime-10:***@rp.scrapegw.com:6060	ConnectionTimeoutError: Connection timeout to host https://discord.com/api/v9/unique-username/username-attempt-unauthed
2026-09-01 18:31:49	NETWORK	iosn	attempt=1	proxy=http://wiw4v7duaymysz9-session-9e57789cced4-lifetime-10:***@rp.scrapegw.com:6060	ConnectionTimeoutError: Connection timeout to host https://discord.com/api/v9/unique-username/username-attempt-unauthed
2026-09-01 18:31:49	NETWORK	iosi	attempt=1	proxy=http://wiw4v7duaymysz9-session-6f53e80aec6c-lifetime-10:***@rp.scrapegw.com:6060	ConnectionTimeoutError: Connection timeout to host https://discord.com/api/v9/unique-username/username-attempt-unauthed
2026-09-01 18:31:49	NETWORK	iopp	attempt=1	proxy=http://wiw4v7duaymysz9-session-2bd3ae994444-lifetime-10:***@rp.scrapegw.com:6060	ConnectionTimeoutError: Connection timeout to host https://discord.com/api/v9/unique-username/username-attempt-unauthed
2026-09-01 18:31:49	NETWORK	iosf	attempt=1	proxy=http://wiw4v7duaymysz9-session-183e9b339252-lifetime-10:***@rp.scrapegw.com:6060	ConnectionTimeoutError: Connection timeout to host https://discord.com/api/v9/unique-username/username-attempt-unauthed
2026-09-01 18:31:49	NETWORK	iops	attempt=1	proxy=http://wiw4v7duaymysz9-session-195792dacddc-lifetime-10:***@rp.scrapegw.com:6060	ConnectionTimeoutError: Connection timeout to host https://discord.com/api/v9/unique-username/username-attempt-unauthed
2026-09-01 18:31:49	NETWORK	ioqh	attempt=1	proxy=http://wiw4v7duaymysz9-session-87fe7bf659b1-lifetime-10:***@rp.scrapegw.com:6060	ConnectionTimeoutError: Connection timeout to host https://discord.com/api/v9/unique-username/username-attempt-unauthed
2026-09-01 18:31:49	NETWORK	iouw	attempt=1	proxy=http://wiw4v7duaymysz9-session-e23460194622-lifetime-10:***@rp.scrapegw.com:6060	ConnectionTimeoutError: Connection timeout to host https://discord.com/api/v9/unique-username/username-attempt-unauthed
2026-09-01 18:31:49	NETWORK	iotr	attempt=1	proxy=http://wiw4v7duaymysz9-session-e41a1ee16136-lifetime-10:***@rp.scrapegw.com:6060	ConnectionTimeoutError: Connection timeout to host https://discord.com/api/v9/unique-username/username-attempt-unauthed
2026-09-01 18:31:49	NETWORK	iosv	attempt=1	proxy=http://wiw4v7duaymysz9-session-6ef7d0bf50b6-lifetime-10:***@rp.scrapegw.com:6060	ConnectionTimeoutError: Connection timeout to host https://discord.com/api/v9/unique-username/username-attempt-unauthed
2026-09-01 18:31:49	NETWORK	ioqk	attempt=1	proxy=http://wiw4v7duaymysz9-session-28426ef9a74a-lifetime-10:***@rp.scrapegw.com:6060	ConnectionTimeoutError: Connection timeout to host https://discord.com/api/v9/unique-username/username-attempt-unauthed
2026-09-01 18:31:49	NETWORK	ioru	attempt=1	proxy=http://wiw4v7duaymysz9-session-ef7779d8bbe4-lifetime-10:***@rp.scrapegw.com:6060	ConnectionTimeoutError: Connection timeout to host https://discord.com/api/v9/unique-username/username-attempt-unauthed
2026-09-01 18:31:49	NETWORK	iouz	attempt=1	proxy=http://wiw4v7duaymysz9-session-49408bbac917-lifetime-10:***@rp.scrapegw.com:6060	ConnectionTimeoutError: Connection timeout to host https://discord.com/api/v9/unique-username/username-attempt-unauthed
2026-09-01 18:31:49	NETWORK	ioua	attempt=1	proxy=http://wiw4v7duaymysz9-session-f22dcdf4abc6-lifetime-10:***@rp.scrapegw.com:6060	ConnectionTimeoutError: Connection timeout to host https://discord.com/api/v9/unique-username/username-attempt-unauthed
2026-09-01 18:31:49	NETWORK	ioph	attempt=1	proxy=http://wiw4v7duaymysz9-session-25a711ee6066-lifetime-10:***@rp.scrapegw.com:6060	ConnectionTimeoutError: Connection timeout to host https://discord.com/api/v9/unique-username/username-attempt-unauthed
2026-09-01 18:31:49	NETWORK	iopg	attempt=1	proxy=http://wiw4v7duaymysz9-session-b52ad1f8d750-lifetime-10:***@rp.scrapegw.com:6060	ConnectionTimeoutError: Connection timeout to host https://discord.com/api/v9/unique-username/username-attempt-unauthed
2026-09-01 18:31:49	NETWORK	ioug	attempt=1	proxy=http://wiw4v7duaymysz9-session-7308a7041c57-lifetime-10:***@rp.scrapegw.com:6060	ConnectionTimeoutError: Connection timeout to host https://discord.com/api/v9/unique-username/username-attempt-unauthed
2026-09-01 18:31:49	NETWORK	iotx	attempt=1	proxy=http://wiw4v7duaymysz9-session-2d5061a9eddf-lifetime-10:***@rp.scrapegw.com:6060	ConnectionTimeoutError: Connection timeout to host https://discord.com/api/v9/unique-username/username-attempt-unauthed
2026-09-01 18:31:49	NETWORK	iott	attempt=1	proxy=http://wiw4v7duaymysz9-session-5e4e890f5d72-lifetime-10:***@rp.scrapegw.com:6060	ConnectionTimeoutError: Connection timeout to host https://discord.com/api/v9/unique-username/username-attempt-unauthed
2026-09-01 18:31:49	NETWORK	iotq	attempt=1	proxy=http://wiw4v7duaymysz9-session-2af189b0084d-lifetime-10:***@rp.scrapegw.com:6060	ConnectionTimeoutError: Connection timeout to host https://discord.com/api/v9/unique-username/username-attempt-unauthed
2026-09-01 18:31:49	NETWORK	ioul	attempt=1	proxy=http://wiw4v7duaymysz9-session-5445642012c4-lifetime-10:***@rp.scrapegw.com:6060	ConnectionTimeoutError: Connection timeout to host https://discord.com/api/v9/unique-username/username-attempt-unauthed
2026-09-01 18:31:49	NETWORK	iorx	attempt=1	proxy=http://wiw4v7duaymysz9-session-dcda8fa94e87-lifetime-10:***@rp.scrapegw.com:6060	ConnectionTimeoutError: Connection timeout to host https://discord.com/api/v9/unique-username/username-attempt-unauthed
2026-09-01 18:31:49	NETWORK	iost	attempt=1	proxy=http://wiw4v7duaymysz9-session-2ef4b25698e7-lifetime-10:***@rp.scrapegw.com:6060	ConnectionTimeoutError: Connection timeout to host https://discord.com/api/v9/unique-username/username-attempt-unauthed
2026-09-01 18:31:49	NETWORK	iorn	attempt=1	proxy=http://wiw4v7duaymysz9-session-fa01e4b1e4f0-lifetime-10:***@rp.scrapegw.com:6060	ConnectionTimeoutError: Connection timeout to host https://discord.com/api/v9/unique-username/username-attempt-unauthed
2026-09-01 18:31:49	NETWORK	iosh	attempt=1	proxy=http://wiw4v7duaymysz9-session-666408f43c18-lifetime-10:***@rp.scrapegw.com:6060	ConnectionTimeoutError: Connection timeout to host https://discord.com/api/v9/unique-username/username-attempt-unauthed
2026-09-01 18:31:49	NETWORK	iote	attempt=1	proxy=http://wiw4v7duaymysz9-session-0997b27cb1ab-lifetime-10:***@rp.scrapegw.com:6060	ConnectionTimeoutError: Connection timeout to host https://discord.com/api/v9/unique-username/username-attempt-unauthed
2026-09-01 18:31:49	NETWORK	ioso	attempt=1	proxy=http://wiw4v7duaymysz9-session-281348245ecc-lifetime-10:***@rp.scrapegw.com:6060	ConnectionTimeoutError: Connection timeout to host https://discord.com/api/v9/unique-username/username-attempt-unauthed
2026-09-01 18:31:49	NETWORK	iora	attempt=1	proxy=http://wiw4v7duaymysz9-session-5c9920d36e36-lifetime-10:***@rp.scrapegw.com:6060	ConnectionTimeoutError: Connection timeout to host https://discord.com/api/v9/unique-username/username-attempt-unauthed
2026-09-01 18:31:49	NETWORK	ioqp	attempt=1	proxy=http://wiw4v7duaymysz9-session-00247ce906d8-lifetime-10:***@rp.scrapegw.com:6060	ConnectionTimeoutError: Connection timeout to host https://discord.com/api/v9/unique-username/username-attempt-unauthed
2026-09-01 18:31:49	NETWORK	ioqt	attempt=1	proxy=http://wiw4v7duaymysz9-session-2229eca726f9-lifetime-10:***@rp.scrapegw.com:6060	ConnectionTimeoutError: Connection timeout to host https://discord.com/api/v9/unique-username/username-attempt-unauthed
2026-09-01 18:31:49	NETWORK	iopx	attempt=1	proxy=http://wiw4v7duaymysz9-session-834d88cbbce6-lifetime-10:***@rp.scrapegw.com:6060	ConnectionTimeoutError: Connection timeout to host https://discord.com/api/v9/unique-username/username-attempt-unauthed
2026-09-01 18:31:49	NETWORK	iqam	attempt=1	proxy=http://wiw4v7duaymysz9-session-8fedffe44ab4-lifetime-10:***@rp.scrapegw.com:6060	ClientConnectorError: Cannot connect to host discord.com:443 ssl:default [Connection reset by peer]
2026-09-01 18:31:50	NETWORK	ipyi	attempt=1	proxy=http://wiw4v7duaymysz9-session-94ebc2bddef2-lifetime-10:***@rp.scrapegw.com:6060	ClientConnectorError: Cannot connect to host discord.com:443 ssl:default [Connection reset by peer]
2026-09-01 18:31:50	HTTP_429	irts	attempt=1	proxy=http://wiw4v7duaymysz9-session-a937cdd64ae9-lifetime-10:***@rp.scrapegw.com:6060	scope=shared global=False retry_after=1352.00s
2026-09-01 18:31:50	NETWORK	iovy	attempt=1	proxy=http://wiw4v7duaymysz9-session-31d23b4fa014-lifetime-10:***@rp.scrapegw.com:6060	ClientConnectorError: Cannot connect to host discord.com:443 ssl:default [Connection reset by peer]
2026-09-01 18:31:50	NETWORK	ipaa	attempt=1	proxy=http://wiw4v7duaymysz9-session-c8a416634288-lifetime-10:***@rp.scrapegw.com:6060	ConnectionTimeoutError: Connection timeout to host https://discord.com/api/v9/unique-username/username-attempt-unauthed
2026-09-01 18:31:50	NETWORK	ioyn	attempt=1	proxy=http://wiw4v7duaymysz9-session-87b6db2ed670-lifetime-10:***@rp.scrapegw.com:6060	ConnectionTimeoutError: Connection timeout to host https://discord.com/api/v9/unique-username/username-attempt-unauthed
2026-09-01 18:31:50	NETWORK	ioxt	attempt=1	proxy=http://wiw4v7duaymysz9-session-a71c8cb2da42-lifetime-10:***@rp.scrapegw.com:6060	ConnectionTimeoutError: Connection timeout to host https://discord.com/api/v9/unique-username/username-attempt-unauthed
2026-09-01 18:31:50	NETWORK	iozi	attempt=1	proxy=http://wiw4v7duaymysz9-session-9e19b88c4236-lifetime-10:***@rp.scrapegw.com:6060	ConnectionTimeoutError: Connection timeout to host https://discord.com/api/v9/unique-username/username-attempt-unauthed
2026-09-01 18:31:50	NETWORK	iozf	attempt=1	proxy=http://wiw4v7duaymysz9-session-01ac634edf2f-lifetime-10:***@rp.scrapegw.com:6060	ConnectionTimeoutError: Connection timeout to host https://discord.com/api/v9/unique-username/username-attempt-unauthed
2026-09-01 18:31:50	NETWORK	ioyg	attempt=1	proxy=http://wiw4v7duaymysz9-session-911dd8e4481e-lifetime-10:***@rp.scrapegw.com:6060	ConnectionTimeoutError: Connection timeout to host https://discord.com/api/v9/unique-username/username-attempt-unauthed
2026-09-01 18:31:50	NETWORK	ioyq	attempt=1	proxy=http://wiw4v7duaymysz9-session-6ce2f32df54b-lifetime-10:***@rp.scrapegw.com:6060	ConnectionTimeoutError: Connection timeout to host https://discord.com/api/v9/unique-username/username-attempt-unauthed
2026-09-01 18:31:50	NETWORK	ioxl	attempt=1	proxy=http://wiw4v7duaymysz9-session-3584fdca2609-lifetime-10:***@rp.scrapegw.com:6060	ConnectionTimeoutError: Connection timeout to host https://discord.com/api/v9/unique-username/username-attempt-unauthed
2026-09-01 18:31:50	NETWORK	iowg	attempt=1	proxy=http://wiw4v7duaymysz9-session-a230c87d67c7-lifetime-10:***@rp.scrapegw.com:6060	ConnectionTimeoutError: Connection timeout to host https://discord.com/api/v9/unique-username/username-attempt-unauthed
2026-09-01 18:31:50	NETWORK	ioxv	attempt=1	proxy=http://wiw4v7duaymysz9-session-eb0263ced712-lifetime-10:***@rp.scrapegw.com:6060	ConnectionTimeoutError: Connection timeout to host https://discord.com/api/v9/unique-username/username-attempt-unauthed
2026-09-01 18:31:50	NETWORK	ioxz	attempt=1	proxy=http://wiw4v7duaymysz9-session-2af0e131c5a3-lifetime-10:***@rp.scrapegw.com:6060	ConnectionTimeoutError: Connection timeout to host https://discord.com/api/v9/unique-username/username-attempt-unauthed
2026-09-01 18:31:50	NETWORK	ioxo	attempt=1	proxy=http://wiw4v7duaymysz9-session-ef2b8d61f2ad-lifetime-10:***@rp.scrapegw.com:6060	ConnectionTimeoutError: Connection timeout to host https://discord.com/api/v9/unique-username/username-attempt-unauthed
2026-09-01 18:31:50	NETWORK	ipcu	attempt=1	proxy=http://wiw4v7duaymysz9-session-b14a50de824e-lifetime-10:***@rp.scrapegw.com:6060	ConnectionTimeoutError: Connection timeout to host https://discord.com/api/v9/unique-username/username-attempt-unauthed
2026-09-01 18:31:50	NETWORK	ipba	attempt=1	proxy=http://wiw4v7duaymysz9-session-edd434c82e68-lifetime-10:***@rp.scrapegw.com:6060	ConnectionTimeoutError: Connection timeout to host https://discord.com/api/v9/unique-username/username-attempt-unauthed
2026-09-01 18:31:50	NETWORK	ipao	attempt=1	proxy=http://wiw4v7duaymysz9-session-5f88107c84d9-lifetime-10:***@rp.scrapegw.com:6060	ConnectionTimeoutError: Connection timeout to host https://discord.com/api/v9/unique-username/username-attempt-unauthed
2026-09-01 18:31:50	NETWORK	iozz	attempt=1	proxy=http://wiw4v7duaymysz9-session-b44725a55d38-lifetime-10:***@rp.scrapegw.com:6060	ConnectionTimeoutError: Connection timeout to host https://discord.com/api/v9/unique-username/username-attempt-unauthed
2026-09-01 18:31:50	NETWORK	ipbx	attempt=1	proxy=http://wiw4v7duaymysz9-session-a227519e7d40-lifetime-10:***@rp.scrapegw.com:6060	ConnectionTimeoutError: Connection timeout to host https://discord.com/api/v9/unique-username/username-attempt-unauthed
2026-09-01 18:31:50	NETWORK	ipbo	attempt=1	proxy=http://wiw4v7duaymysz9-session-dc7eb4621723-lifetime-10:***@rp.scrapegw.com:6060	ConnectionTimeoutError: Connection timeout to host https://discord.com/api/v9/unique-username/username-attempt-unauthed
2026-09-01 18:31:50	NETWORK	ioyf	attempt=1	proxy=http://wiw4v7duaymysz9-session-4aaf68d59d7c-lifetime-10:***@rp.scrapegw.com:6060	ConnectionTimeoutError: Connection timeout to host https://discord.com/api/v9/unique-username/username-attempt-unauthed
2026-09-01 18:31:50	NETWORK	ipcs	attempt=1	proxy=http://wiw4v7duaymysz9-session-bd59fb589ded-lifetime-10:***@rp.scrapegw.com:6060	ConnectionTimeoutError: Connection timeout to host https://discord.com/api/v9/unique-username/username-attempt-unauthed
2026-09-01 18:31:50	NETWORK	ipay	attempt=1	proxy=http://wiw4v7duaymysz9-session-3671bd3d0562-lifetime-10:***@rp.scrapegw.com:6060	ConnectionTimeoutError: Connection timeout to host https://discord.com/api/v9/unique-username/username-attempt-unauthed
2026-09-01 18:31:50	NETWORK	ioze	attempt=1	proxy=http://wiw4v7duaymysz9-session-ada0f2e60ac6-lifetime-10:***@rp.scrapegw.com:6060	ConnectionTimeoutError: Connection timeout to host https://discord.com/api/v9/unique-username/username-attempt-unauthed
2026-09-01 18:31:50	NETWORK	iovl	attempt=1	proxy=http://wiw4v7duaymysz9-session-c1750206bf7c-lifetime-10:***@rp.scrapegw.com:6060	ConnectionTimeoutError: Connection timeout to host https://discord.com/api/v9/unique-username/username-attempt-unauthed
2026-09-01 18:31:50	NETWORK	ioyr	attempt=1	proxy=http://wiw4v7duaymysz9-session-39f85e109f20-lifetime-10:***@rp.scrapegw.com:6060	ConnectionTimeoutError: Connection timeout to host https://discord.com/api/v9/unique-username/username-attempt-unauthed
2026-09-01 18:31:50	NETWORK	ipcd	attempt=1	proxy=http://wiw4v7duaymysz9-session-c3ff368364f9-lifetime-10:***@rp.scrapegw.com:6060	ConnectionTimeoutError: Connection timeout to host https://discord.com/api/v9/unique-username/username-attempt-unauthed
2026-09-01 18:31:50	NETWORK	iowe	attempt=1	proxy=http://wiw4v7duaymysz9-session-9e875d4bb934-lifetime-10:***@rp.scrapegw.com:6060	ConnectionTimeoutError: Connection timeout to host https://discord.com/api/v9/unique-username/username-attempt-unauthed
2026-09-01 18:31:50	NETWORK	ipcf	attempt=1	proxy=http://wiw4v7duaymysz9-session-470d67dcdba0-lifetime-10:***@rp.scrapegw.com:6060	ConnectionTimeoutError: Connection timeout to host https://discord.com/api/v9/unique-username/username-attempt-unauthed
2026-09-01 18:31:50	NETWORK	ioyb	attempt=1	proxy=http://wiw4v7duaymysz9-session-56d45a6ad218-lifetime-10:***@rp.scrapegw.com:6060	ConnectionTimeoutError: Connection timeout to host https://discord.com/api/v9/unique-username/username-attempt-unauthed
2026-09-01 18:31:50	NETWORK	ioya	attempt=1	proxy=http://wiw4v7duaymysz9-session-f532f08f72a7-lifetime-10:***@rp.scrapegw.com:6060	ConnectionTimeoutError: Connection timeout to host https://discord.com/api/v9/unique-username/username-attempt-unauthed
2026-09-01 18:31:50	NETWORK	ioyc	attempt=1	proxy=http://wiw4v7duaymysz9-session-14bf37ca3e7c-lifetime-10:***@rp.scrapegw.com:6060	ConnectionTimeoutError: Connection timeout to host https://discord.com/api/v9/unique-username/username-attempt-unauthed
2026-09-01 18:31:50	NETWORK	ipbb	attempt=1	proxy=http://wiw4v7duaymysz9-session-8d9b894c4100-lifetime-10:***@rp.scrapegw.com:6060	ConnectionTimeoutError: Connection timeout to host https://discord.com/api/v9/unique-username/username-attempt-unauthed
2026-09-01 18:31:50	NETWORK	ipcv	attempt=1	proxy=http://wiw4v7duaymysz9-session-e9bdb715239f-lifetime-10:***@rp.scrapegw.com:6060	ConnectionTimeoutError: Connection timeout to host https://discord.com/api/v9/unique-username/username-attempt-unauthed
2026-09-01 18:31:50	NETWORK	iowx	attempt=1	proxy=http://wiw4v7duaymysz9-session-882a9a62929d-lifetime-10:***@rp.scrapegw.com:6060	ConnectionTimeoutError: Connection timeout to host https://discord.com/api/v9/unique-username/username-attempt-unauthed
2026-09-01 18:31:50	NETWORK	ioxk	attempt=1	proxy=http://wiw4v7duaymysz9-session-ce9b34832df6-lifetime-10:***@rp.scrapegw.com:6060	ConnectionTimeoutError: Connection timeout to host https://discord.com/api/v9/unique-username/username-attempt-unauthed
2026-09-01 18:31:50	NETWORK	ipcj	attempt=1	proxy=http://wiw4v7duaymysz9-session-c5cbcd1b69a8-lifetime-10:***@rp.scrapegw.com:6060	ConnectionTimeoutError: Connection timeout to host https://discord.com/api/v9/unique-username/username-attempt-unauthed
2026-09-01 18:31:50	NETWORK	ipbc	attempt=1	proxy=http://wiw4v7duaymysz9-session-51991eb224b9-lifetime-10:***@rp.scrapegw.com:6060	ConnectionTimeoutError: Connection timeout to host https://discord.com/api/v9/unique-username/username-attempt-unauthed
2026-09-01 18:31:50	HTTP_429	irxc	attempt=1	proxy=http://wiw4v7duaymysz9-session-0c7b04a7e7d4-lifetime-10:***@rp.scrapegw.com:6060	scope=shared global=False retry_after=1053.00s
2026-09-01 18:31:50	HTTP_429	isan	attempt=1	proxy=http://wiw4v7duaymysz9-session-68d408667ed6-lifetime-10:***@rp.scrapegw.com:6060	scope=shared global=False retry_after=465.00s
2026-09-01 18:31:50	NETWORK	iqsk	attempt=1	proxy=http://wiw4v7duaymysz9-session-c3ff368364f9-lifetime-10:***@rp.scrapegw.com:6060	ClientConnectorError: Cannot connect to host discord.com:443 ssl:default [Connection reset by peer]
2026-09-01 18:31:51	HTTP_429	isao	attempt=1	proxy=http://wiw4v7duaymysz9-session-ef0ef9dc2a5a-lifetime-10:***@rp.scrapegw.com:6060	scope=shared global=False retry_after=954.00s
2026-09-01 18:31:51	NETWORK	ipik	attempt=1	proxy=http://wiw4v7duaymysz9-session-c9b5b8a68b60-lifetime-10:***@rp.scrapegw.com:6060	ClientConnectorError: Cannot connect to host discord.com:443 ssl:default [Connection reset by peer]
2026-09-01 18:31:51	HTTP_429	isdb	attempt=1	proxy=http://wiw4v7duaymysz9-session-09d46e793c44-lifetime-10:***@rp.scrapegw.com:6060	scope=shared global=False retry_after=2054.00s
2026-09-01 18:31:51	NETWORK	ipgm	attempt=1	proxy=http://wiw4v7duaymysz9-session-fbdbcd753e8e-lifetime-10:***@rp.scrapegw.com:6060	ClientConnectorCertificateError: Cannot connect to host discord.com:443 ssl:True [SSLCertVerificationError: (1, '[SSL: CERTIFICATE_VERIFY_FAILED] certificate verify failed: self-signed certificate in certificate chain (_ssl.c:1081)')]
2026-09-01 18:31:51	HTTP_429	isdk	attempt=1	proxy=http://wiw4v7duaymysz9-session-4105eb2f964e-lifetime-10:***@rp.scrapegw.com:6060	scope=shared global=False retry_after=2055.00s
2026-09-01 18:31:51	NETWORK	iqhf	attempt=1	proxy=http://wiw4v7duaymysz9-session-f0c9a3370bbb-lifetime-10:***@rp.scrapegw.com:6060	ClientConnectorError: Cannot connect to host discord.com:443 ssl:default [Connection reset by peer]
2026-09-01 18:31:51	NETWORK	ipqd	attempt=1	proxy=http://wiw4v7duaymysz9-session-057fb50a5d71-lifetime-10:***@rp.scrapegw.com:6060	ClientConnectorError: Cannot connect to host discord.com:443 ssl:default [Connection reset by peer]
2026-09-01 18:31:51	NETWORK	iqhl	attempt=1	proxy=http://wiw4v7duaymysz9-session-dcda8fa94e87-lifetime-10:***@rp.scrapegw.com:6060	ClientConnectorError: Cannot connect to host discord.com:443 ssl:default [Connection reset by peer]
2026-09-01 18:31:51	NETWORK	ipkz	attempt=1	proxy=http://wiw4v7duaymysz9-session-4e8172e2c530-lifetime-10:***@rp.scrapegw.com:6060	ConnectionTimeoutError: Connection timeout to host https://discord.com/api/v9/unique-username/username-attempt-unauthed
2026-09-01 18:31:51	NETWORK	ipif	attempt=1	proxy=http://wiw4v7duaymysz9-session-4f1392141364-lifetime-10:***@rp.scrapegw.com:6060	ConnectionTimeoutError: Connection timeout to host https://discord.com/api/v9/unique-username/username-attempt-unauthed
2026-09-01 18:31:51	NETWORK	ipjz	attempt=1	proxy=http://wiw4v7duaymysz9-session-fbf697de87e3-lifetime-10:***@rp.scrapegw.com:6060	ConnectionTimeoutError: Connection timeout to host https://discord.com/api/v9/unique-username/username-attempt-unauthed
2026-09-01 18:31:51	NETWORK	ipfd	attempt=1	proxy=http://wiw4v7duaymysz9-session-b14c7f86a5ba-lifetime-10:***@rp.scrapegw.com:6060	ConnectionTimeoutError: Connection timeout to host https://discord.com/api/v9/unique-username/username-attempt-unauthed
2026-09-01 18:31:51	NETWORK	ipja	attempt=1	proxy=http://wiw4v7duaymysz9-session-612d2aafed21-lifetime-10:***@rp.scrapegw.com:6060	ConnectionTimeoutError: Connection timeout to host https://discord.com/api/v9/unique-username/username-attempt-unauthed
2026-09-01 18:31:51	NETWORK	ipli	attempt=1	proxy=http://wiw4v7duaymysz9-session-89b6082b4d39-lifetime-10:***@rp.scrapegw.com:6060	ConnectionTimeoutError: Connection timeout to host https://discord.com/api/v9/unique-username/username-attempt-unauthed
2026-09-01 18:31:51	NETWORK	ipgb	attempt=1	proxy=http://wiw4v7duaymysz9-session-49ca6886887f-lifetime-10:***@rp.scrapegw.com:6060	ConnectionTimeoutError: Connection timeout to host https://discord.com/api/v9/unique-username/username-attempt-unauthed
2026-09-01 18:31:51	NETWORK	ipjr	attempt=1	proxy=http://wiw4v7duaymysz9-session-3bb380d6cf4c-lifetime-10:***@rp.scrapegw.com:6060	ConnectionTimeoutError: Connection timeout to host https://discord.com/api/v9/unique-username/username-attempt-unauthed
2026-09-01 18:31:51	NETWORK	ipgk	attempt=1	proxy=http://wiw4v7duaymysz9-session-8056bef62f80-lifetime-10:***@rp.scrapegw.com:6060	ConnectionTimeoutError: Connection timeout to host https://discord.com/api/v9/unique-username/username-attempt-unauthed
2026-09-01 18:31:51	NETWORK	ipkh	attempt=1	proxy=http://wiw4v7duaymysz9-session-be021787282f-lifetime-10:***@rp.scrapegw.com:6060	ConnectionTimeoutError: Connection timeout to host https://discord.com/api/v9/unique-username/username-attempt-unauthed
2026-09-01 18:31:51	NETWORK	ipey	attempt=1	proxy=http://wiw4v7duaymysz9-session-5a58082860c5-lifetime-10:***@rp.scrapegw.com:6060	ConnectionTimeoutError: Connection timeout to host https://discord.com/api/v9/unique-username/username-attempt-unauthed
2026-09-01 18:31:51	NETWORK	ipko	attempt=1	proxy=http://wiw4v7duaymysz9-session-099c9ab52650-lifetime-10:***@rp.scrapegw.com:6060	ConnectionTimeoutError: Connection timeout to host https://discord.com/api/v9/unique-username/username-attempt-unauthed
2026-09-01 18:31:51	NETWORK	ipek	attempt=1	proxy=http://wiw4v7duaymysz9-session-12d0d83e41c8-lifetime-10:***@rp.scrapegw.com:6060	ConnectionTimeoutError: Connection timeout to host https://discord.com/api/v9/unique-username/username-attempt-unauthed
2026-09-01 18:31:51	NETWORK	ipgp	attempt=1	proxy=http://wiw4v7duaymysz9-session-ade164651577-lifetime-10:***@rp.scrapegw.com:6060	ConnectionTimeoutError: Connection timeout to host https://discord.com/api/v9/unique-username/username-attempt-unauthed
2026-09-01 18:31:51	NETWORK	ipgz	attempt=1	proxy=http://wiw4v7duaymysz9-session-14bb1e1ab4bf-lifetime-10:***@rp.scrapegw.com:6060	ConnectionTimeoutError: Connection timeout to host https://discord.com/api/v9/unique-username/username-attempt-unauthed
2026-09-01 18:31:51	NETWORK	ipfx	attempt=1	proxy=http://wiw4v7duaymysz9-session-0b1df2847fb9-lifetime-10:***@rp.scrapegw.com:6060	ConnectionTimeoutError: Connection timeout to host https://discord.com/api/v9/unique-username/username-attempt-unauthed
2026-09-01 18:31:51	NETWORK	iphf	attempt=1	proxy=http://wiw4v7duaymysz9-session-593408ad94cc-lifetime-10:***@rp.scrapegw.com:6060	ConnectionTimeoutError: Connection timeout to host https://discord.com/api/v9/unique-username/username-attempt-unauthed
2026-09-01 18:31:51	NETWORK	ipjn	attempt=1	proxy=http://wiw4v7duaymysz9-session-8cf49e843fdc-lifetime-10:***@rp.scrapegw.com:6060	ConnectionTimeoutError: Connection timeout to host https://discord.com/api/v9/unique-username/username-attempt-unauthed
2026-09-01 18:31:51	NETWORK	ipfj	attempt=1	proxy=http://wiw4v7duaymysz9-session-2d690251a9c2-lifetime-10:***@rp.scrapegw.com:6060	ConnectionTimeoutError: Connection timeout to host https://discord.com/api/v9/unique-username/username-attempt-unauthed
2026-09-01 18:31:51	NETWORK	iped	attempt=1	proxy=http://wiw4v7duaymysz9-session-68850566fbc1-lifetime-10:***@rp.scrapegw.com:6060	ConnectionTimeoutError: Connection timeout to host https://discord.com/api/v9/unique-username/username-attempt-unauthed
2026-09-01 18:31:51	NETWORK	ipfz	attempt=1	proxy=http://wiw4v7duaymysz9-session-ab393612e3b8-lifetime-10:***@rp.scrapegw.com:6060	ConnectionTimeoutError: Connection timeout to host https://discord.com/api/v9/unique-username/username-attempt-unauthed
2026-09-01 18:31:51	NETWORK	ipgd	attempt=1	proxy=http://wiw4v7duaymysz9-session-b7a9f35c6686-lifetime-10:***@rp.scrapegw.com:6060	ConnectionTimeoutError: Connection timeout to host https://discord.com/api/v9/unique-username/username-attempt-unauthed
2026-09-01 18:31:51	HTTP_429	isgq	attempt=1	proxy=http://wiw4v7duaymysz9-session-3b306a7c5145-lifetime-10:***@rp.scrapegw.com:6060	scope=shared global=False retry_after=1453.00s
2026-09-01 18:31:52	NETWORK	iqcv	attempt=1	proxy=http://wiw4v7duaymysz9-session-96ad86433db0-lifetime-10:***@rp.scrapegw.com:6060	ClientConnectorError: Cannot connect to host discord.com:443 ssl:default [Connection reset by peer]
2026-09-01 18:31:52	NETWORK	ipos	attempt=1	proxy=http://wiw4v7duaymysz9-session-ab2f17aa49ff-lifetime-10:***@rp.scrapegw.com:6060	ClientConnectorError: Cannot connect to host discord.com:443 ssl:default [Connection reset by peer]
2026-09-01 18:31:52	NETWORK	iqqa	attempt=1	proxy=http://wiw4v7duaymysz9-session-d798c9d5386a-lifetime-10:***@rp.scrapegw.com:6060	ClientConnectorError: Cannot connect to host discord.com:443 ssl:default [Connection reset by peer]
2026-09-01 18:31:52	HTTP_429	iskg	attempt=1	proxy=http://wiw4v7duaymysz9-session-e35467b21b47-lifetime-10:***@rp.scrapegw.com:6060	scope=shared global=False retry_after=2048.00s
2026-09-01 18:31:52	NETWORK	iqoy	attempt=1	proxy=http://wiw4v7duaymysz9-session-74d68f99e480-lifetime-10:***@rp.scrapegw.com:6060	ClientConnectorError: Cannot connect to host discord.com:443 ssl:default [Connection reset by peer]
2026-09-01 18:31:52	NETWORK	isab	attempt=1	proxy=http://wiw4v7duaymysz9-session-bf3a9af033b5-lifetime-10:***@rp.scrapegw.com:6060	ServerDisconnectedError: Server disconnected
2026-09-01 18:31:52	NETWORK	ippp	attempt=1	proxy=http://wiw4v7duaymysz9-session-642fe5d34376-lifetime-10:***@rp.scrapegw.com:6060	ConnectionTimeoutError: Connection timeout to host https://discord.com/api/v9/unique-username/username-attempt-unauthed
2026-09-01 18:31:52	NETWORK	iprk	attempt=1	proxy=http://wiw4v7duaymysz9-session-a56104c02363-lifetime-10:***@rp.scrapegw.com:6060	ConnectionTimeoutError: Connection timeout to host https://discord.com/api/v9/unique-username/username-attempt-unauthed
2026-09-01 18:31:52	NETWORK	ipna	attempt=1	proxy=http://wiw4v7duaymysz9-session-44dd3425d7f1-lifetime-10:***@rp.scrapegw.com:6060	ConnectionTimeoutError: Connection timeout to host https://discord.com/api/v9/unique-username/username-attempt-unauthed
2026-09-01 18:31:52	NETWORK	ippz	attempt=1	proxy=http://wiw4v7duaymysz9-session-fbadab00ee6b-lifetime-10:***@rp.scrapegw.com:6060	ConnectionTimeoutError: Connection timeout to host https://discord.com/api/v9/unique-username/username-attempt-unauthed
2026-09-01 18:31:52	NETWORK	ipne	attempt=1	proxy=http://wiw4v7duaymysz9-session-6bb70d62a0f0-lifetime-10:***@rp.scrapegw.com:6060	ConnectionTimeoutError: Connection timeout to host https://discord.com/api/v9/unique-username/username-attempt-unauthed
2026-09-01 18:31:52	NETWORK	ippg	attempt=1	proxy=http://wiw4v7duaymysz9-session-a4be6c2bc988-lifetime-10:***@rp.scrapegw.com:6060	ConnectionTimeoutError: Connection timeout to host https://discord.com/api/v9/unique-username/username-attempt-unauthed
2026-09-01 18:31:52	NETWORK	ipnh	attempt=1	proxy=http://wiw4v7duaymysz9-session-ec6d397fc738-lifetime-10:***@rp.scrapegw.com:6060	ConnectionTimeoutError: Connection timeout to host https://discord.com/api/v9/unique-username/username-attempt-unauthed
2026-09-01 18:31:52	NETWORK	iprl	attempt=1	proxy=http://wiw4v7duaymysz9-session-a4fd4ec1a368-lifetime-10:***@rp.scrapegw.com:6060	ConnectionTimeoutError: Connection timeout to host https://discord.com/api/v9/unique-username/username-attempt-unauthed
2026-09-01 18:31:52	NETWORK	ipqz	attempt=1	proxy=http://wiw4v7duaymysz9-session-a3937f958f40-lifetime-10:***@rp.scrapegw.com:6060	ConnectionTimeoutError: Connection timeout to host https://discord.com/api/v9/unique-username/username-attempt-unauthed
2026-09-01 18:31:52	NETWORK	iprt	attempt=1	proxy=http://wiw4v7duaymysz9-session-5577addab6d6-lifetime-10:***@rp.scrapegw.com:6060	ConnectionTimeoutError: Connection timeout to host https://discord.com/api/v9/unique-username/username-attempt-unauthed
2026-09-01 18:31:52	NETWORK	ipol	attempt=1	proxy=http://wiw4v7duaymysz9-session-9b9044e160e5-lifetime-10:***@rp.scrapegw.com:6060	ConnectionTimeoutError: Connection timeout to host https://discord.com/api/v9/unique-username/username-attempt-unauthed
2026-09-01 18:31:52	NETWORK	ipmq	attempt=1	proxy=http://wiw4v7duaymysz9-session-545e92d0117c-lifetime-10:***@rp.scrapegw.com:6060	ConnectionTimeoutError: Connection timeout to host https://discord.com/api/v9/unique-username/username-attempt-unauthed
2026-09-01 18:31:52	NETWORK	iprh	attempt=1	proxy=http://wiw4v7duaymysz9-session-c38e79d8fb68-lifetime-10:***@rp.scrapegw.com:6060	ConnectionTimeoutError: Connection timeout to host https://discord.com/api/v9/unique-username/username-attempt-unauthed
2026-09-01 18:31:52	NETWORK	ipog	attempt=1	proxy=http://wiw4v7duaymysz9-session-24c239fe2a2a-lifetime-10:***@rp.scrapegw.com:6060	ConnectionTimeoutError: Connection timeout to host https://discord.com/api/v9/unique-username/username-attempt-unauthed
2026-09-01 18:31:52	NETWORK	ippw	attempt=1	proxy=http://wiw4v7duaymysz9-session-90877fb53d2f-lifetime-10:***@rp.scrapegw.com:6060	ConnectionTimeoutError: Connection timeout to host https://discord.com/api/v9/unique-username/username-attempt-unauthed
2026-09-01 18:31:52	NETWORK	ipnq	attempt=1	proxy=http://wiw4v7duaymysz9-session-1b3725b0844f-lifetime-10:***@rp.scrapegw.com:6060	ConnectionTimeoutError: Connection timeout to host https://discord.com/api/v9/unique-username/username-attempt-unauthed
2026-09-01 18:31:52	NETWORK	ipoj	attempt=1	proxy=http://wiw4v7duaymysz9-session-b220487fd3aa-lifetime-10:***@rp.scrapegw.com:6060	ConnectionTimeoutError: Connection timeout to host https://discord.com/api/v9/unique-username/username-attempt-unauthed
2026-09-01 18:31:52	NETWORK	ipqp	attempt=1	proxy=http://wiw4v7duaymysz9-session-d6ef6a749e86-lifetime-10:***@rp.scrapegw.com:6060	ConnectionTimeoutError: Connection timeout to host https://discord.com/api/v9/unique-username/username-attempt-unauthed
2026-09-01 18:31:52	NETWORK	ippy	attempt=1	proxy=http://wiw4v7duaymysz9-session-ed0c99ae34b0-lifetime-10:***@rp.scrapegw.com:6060	ConnectionTimeoutError: Connection timeout to host https://discord.com/api/v9/unique-username/username-attempt-unauthed
2026-09-01 18:31:52	NETWORK	iprm	attempt=1	proxy=http://wiw4v7duaymysz9-session-fd215a04ec45-lifetime-10:***@rp.scrapegw.com:6060	ConnectionTimeoutError: Connection timeout to host https://discord.com/api/v9/unique-username/username-attempt-unauthed
2026-09-01 18:31:52	NETWORK	ipot	attempt=1	proxy=http://wiw4v7duaymysz9-session-f945b4fd4404-lifetime-10:***@rp.scrapegw.com:6060	ConnectionTimeoutError: Connection timeout to host https://discord.com/api/v9/unique-username/username-attempt-unauthed
2026-09-01 18:31:52	NETWORK	ipoe	attempt=1	proxy=http://wiw4v7duaymysz9-session-450dc84a89ad-lifetime-10:***@rp.scrapegw.com:6060	ConnectionTimeoutError: Connection timeout to host https://discord.com/api/v9/unique-username/username-attempt-unauthed
2026-09-01 18:31:52	NETWORK	ipqi	attempt=1	proxy=http://wiw4v7duaymysz9-session-c2fe90406cf3-lifetime-10:***@rp.scrapegw.com:6060	ConnectionTimeoutError: Connection timeout to host https://discord.com/api/v9/unique-username/username-attempt-unauthed
2026-09-01 18:31:52	NETWORK	ippt	attempt=1	proxy=http://wiw4v7duaymysz9-session-27bc60d9ccc6-lifetime-10:***@rp.scrapegw.com:6060	ConnectionTimeoutError: Connection timeout to host https://discord.com/api/v9/unique-username/username-attempt-unauthed
2026-09-01 18:31:52	NETWORK	ipru	attempt=1	proxy=http://wiw4v7duaymysz9-session-3cff750c3a21-lifetime-10:***@rp.scrapegw.com:6060	ConnectionTimeoutError: Connection timeout to host https://discord.com/api/v9/unique-username/username-attempt-unauthed
2026-09-01 18:31:52	NETWORK	ippo	attempt=1	proxy=http://wiw4v7duaymysz9-session-e7e41e431b6b-lifetime-10:***@rp.scrapegw.com:6060	ConnectionTimeoutError: Connection timeout to host https://discord.com/api/v9/unique-username/username-attempt-unauthed
2026-09-01 18:31:52	NETWORK	ipqr	attempt=1	proxy=http://wiw4v7duaymysz9-session-de4d65a82df1-lifetime-10:***@rp.scrapegw.com:6060	ConnectionTimeoutError: Connection timeout to host https://discord.com/api/v9/unique-username/username-attempt-unauthed
2026-09-01 18:31:52	NETWORK	iprg	attempt=1	proxy=http://wiw4v7duaymysz9-session-b706399fe66b-lifetime-10:***@rp.scrapegw.com:6060	ConnectionTimeoutError: Connection timeout to host https://discord.com/api/v9/unique-username/username-attempt-unauthed
2026-09-01 18:31:52	NETWORK	ipse	attempt=1	proxy=http://wiw4v7duaymysz9-session-e2ac48a860a7-lifetime-10:***@rp.scrapegw.com:6060	ConnectionTimeoutError: Connection timeout to host https://discord.com/api/v9/unique-username/username-attempt-unauthed
2026-09-01 18:31:52	NETWORK	ipmz	attempt=1	proxy=http://wiw4v7duaymysz9-session-ff3239d6d24f-lifetime-10:***@rp.scrapegw.com:6060	ConnectionTimeoutError: Connection timeout to host https://discord.com/api/v9/unique-username/username-attempt-unauthed
2026-09-01 18:31:52	NETWORK	ipni	attempt=1	proxy=http://wiw4v7duaymysz9-session-f4de52fb922f-lifetime-10:***@rp.scrapegw.com:6060	ConnectionTimeoutError: Connection timeout to host https://discord.com/api/v9/unique-username/username-attempt-unauthed
2026-09-01 18:31:52	NETWORK	ipnj	attempt=1	proxy=http://wiw4v7duaymysz9-session-537916cd4949-lifetime-10:***@rp.scrapegw.com:6060	ConnectionTimeoutError: Connection timeout to host https://discord.com/api/v9/unique-username/username-attempt-unauthed
2026-09-01 18:31:52	NETWORK	ippe	attempt=1	proxy=http://wiw4v7duaymysz9-session-92cb10e82393-lifetime-10:***@rp.scrapegw.com:6060	ConnectionTimeoutError: Connection timeout to host https://discord.com/api/v9/unique-username/username-attempt-unauthed
2026-09-01 18:31:52	NETWORK	ipnd	attempt=1	proxy=http://wiw4v7duaymysz9-session-484ea5bf9e02-lifetime-10:***@rp.scrapegw.com:6060	ConnectionTimeoutError: Connection timeout to host https://discord.com/api/v9/unique-username/username-attempt-unauthed
2026-09-01 18:31:52	NETWORK	ipqf	attempt=1	proxy=http://wiw4v7duaymysz9-session-8843701370ab-lifetime-10:***@rp.scrapegw.com:6060	ConnectionTimeoutError: Connection timeout to host https://discord.com/api/v9/unique-username/username-attempt-unauthed
2026-09-01 18:31:52	NETWORK	ippc	attempt=1	proxy=http://wiw4v7duaymysz9-session-184ac54a5e6d-lifetime-10:***@rp.scrapegw.com:6060	ConnectionTimeoutError: Connection timeout to host https://discord.com/api/v9/unique-username/username-attempt-unauthed
2026-09-01 18:31:52	NETWORK	ipmw	attempt=1	proxy=http://wiw4v7duaymysz9-session-c0e500f8ce9b-lifetime-10:***@rp.scrapegw.com:6060	ConnectionTimeoutError: Connection timeout to host https://discord.com/api/v9/unique-username/username-attempt-unauthed
2026-09-01 18:31:52	NETWORK	ipsb	attempt=1	proxy=http://wiw4v7duaymysz9-session-b6c9ed0a9ceb-lifetime-10:***@rp.scrapegw.com:6060	ConnectionTimeoutError: Connection timeout to host https://discord.com/api/v9/unique-username/username-attempt-unauthed
2026-09-01 18:31:52	NETWORK	ipsf	attempt=1	proxy=http://wiw4v7duaymysz9-session-6db512b18812-lifetime-10:***@rp.scrapegw.com:6060	ConnectionTimeoutError: Connection timeout to host https://discord.com/api/v9/unique-username/username-attempt-unauthed
2026-09-01 18:31:52	NETWORK	ippl	attempt=1	proxy=http://wiw4v7duaymysz9-session-3c23a66a6c93-lifetime-10:***@rp.scrapegw.com:6060	ConnectionTimeoutError: Connection timeout to host https://discord.com/api/v9/unique-username/username-attempt-unauthed
2026-09-01 18:31:52	NETWORK	ipmy	attempt=1	proxy=http://wiw4v7duaymysz9-session-baaee737af77-lifetime-10:***@rp.scrapegw.com:6060	ConnectionTimeoutError: Connection timeout to host https://discord.com/api/v9/unique-username/username-attempt-unauthed
2026-09-01 18:31:52	NETWORK	ipmu	attempt=1	proxy=http://wiw4v7duaymysz9-session-8de83046999d-lifetime-10:***@rp.scrapegw.com:6060	ConnectionTimeoutError: Connection timeout to host https://discord.com/api/v9/unique-username/username-attempt-unauthed
2026-09-01 18:31:52	HTTP_429	ismp	attempt=1	proxy=http://wiw4v7duaymysz9-session-236ec83c2327-lifetime-10:***@rp.scrapegw.com:6060	scope=shared global=False retry_after=2000.00s
2026-09-01 18:31:53	HTTP_429	isnj	attempt=1	proxy=http://wiw4v7duaymysz9-session-3409c6bf04cd-lifetime-10:***@rp.scrapegw.com:6060	scope=shared global=False retry_after=1183.00s
2026-09-01 18:31:53	NETWORK	ipva	attempt=1	proxy=http://wiw4v7duaymysz9-session-748c93822310-lifetime-10:***@rp.scrapegw.com:6060	ClientConnectorCertificateError: Cannot connect to host discord.com:443 ssl:True [SSLCertVerificationError: (1, '[SSL: CERTIFICATE_VERIFY_FAILED] certificate verify failed: unable to get local issuer certificate (_ssl.c:1081)')]
2026-09-01 18:31:53	NETWORK	iqzf	attempt=1	proxy=http://wiw4v7duaymysz9-session-099c9ab52650-lifetime-10:***@rp.scrapegw.com:6060	ClientConnectorError: Cannot connect to host discord.com:443 ssl:default [Connection reset by peer]
2026-09-01 18:31:53	HTTP_429	isrh	attempt=1	proxy=http://wiw4v7duaymysz9-session-d44f78738ae8-lifetime-10:***@rp.scrapegw.com:6060	scope=shared global=False retry_after=1131.00s
2026-09-01 18:31:53	HTTP_429	isrq	attempt=1	proxy=http://wiw4v7duaymysz9-session-d526ed5bd348-lifetime-10:***@rp.scrapegw.com:6060	scope=shared global=False retry_after=2049.00s
2026-09-01 18:31:53	NETWORK	iqhb	attempt=1	proxy=http://wiw4v7duaymysz9-session-b66926cb0a77-lifetime-10:***@rp.scrapegw.com:6060	ClientConnectorSSLError: Cannot connect to host discord.com:443 ssl:default [[SSL: RECORD_LAYER_FAILURE] record layer failure (_ssl.c:1081)]
2026-09-01 18:31:53	NETWORK	ipum	attempt=1	proxy=http://wiw4v7duaymysz9-session-43561066e15f-lifetime-10:***@rp.scrapegw.com:6060	ConnectionTimeoutError: Connection timeout to host https://discord.com/api/v9/unique-username/username-attempt-unauthed
2026-09-01 18:31:53	NETWORK	ipty	attempt=1	proxy=http://wiw4v7duaymysz9-session-44cf999bad7b-lifetime-10:***@rp.scrapegw.com:6060	ConnectionTimeoutError: Connection timeout to host https://discord.com/api/v9/unique-username/username-attempt-unauthed
2026-09-01 18:31:53	NETWORK	ipyv	attempt=1	proxy=http://wiw4v7duaymysz9-session-8661e03482e0-lifetime-10:***@rp.scrapegw.com:6060	ConnectionTimeoutError: Connection timeout to host https://discord.com/api/v9/unique-username/username-attempt-unauthed
2026-09-01 18:31:53	NETWORK	ipsi	attempt=1	proxy=http://wiw4v7duaymysz9-session-a917e749ea46-lifetime-10:***@rp.scrapegw.com:6060	ConnectionTimeoutError: Connection timeout to host https://discord.com/api/v9/unique-username/username-attempt-unauthed
2026-09-01 18:31:53	NETWORK	ipzf	attempt=1	proxy=http://wiw4v7duaymysz9-session-834c70461b20-lifetime-10:***@rp.scrapegw.com:6060	ConnectionTimeoutError: Connection timeout to host https://discord.com/api/v9/unique-username/username-attempt-unauthed
2026-09-01 18:31:53	NETWORK	ipts	attempt=1	proxy=http://wiw4v7duaymysz9-session-7cd75e7f9ccb-lifetime-10:***@rp.scrapegw.com:6060	ConnectionTimeoutError: Connection timeout to host https://discord.com/api/v9/unique-username/username-attempt-unauthed
2026-09-01 18:31:53	NETWORK	ipys	attempt=1	proxy=http://wiw4v7duaymysz9-session-b154b0da70ba-lifetime-10:***@rp.scrapegw.com:6060	ConnectionTimeoutError: Connection timeout to host https://discord.com/api/v9/unique-username/username-attempt-unauthed
2026-09-01 18:31:53	NETWORK	ipwx	attempt=1	proxy=http://wiw4v7duaymysz9-session-1287683a4332-lifetime-10:***@rp.scrapegw.com:6060	ConnectionTimeoutError: Connection timeout to host https://discord.com/api/v9/unique-username/username-attempt-unauthed
2026-09-01 18:31:53	NETWORK	ipsp	attempt=1	proxy=http://wiw4v7duaymysz9-session-e6dcb3460ed1-lifetime-10:***@rp.scrapegw.com:6060	ConnectionTimeoutError: Connection timeout to host https://discord.com/api/v9/unique-username/username-attempt-unauthed
2026-09-01 18:31:53	NETWORK	ipti	attempt=1	proxy=http://wiw4v7duaymysz9-session-340a8f870511-lifetime-10:***@rp.scrapegw.com:6060	ConnectionTimeoutError: Connection timeout to host https://discord.com/api/v9/unique-username/username-attempt-unauthed
2026-09-01 18:31:53	NETWORK	ipyt	attempt=1	proxy=http://wiw4v7duaymysz9-session-7ec3b492c409-lifetime-10:***@rp.scrapegw.com:6060	ConnectionTimeoutError: Connection timeout to host https://discord.com/api/v9/unique-username/username-attempt-unauthed
2026-09-01 18:31:53	NETWORK	ipzk	attempt=1	proxy=http://wiw4v7duaymysz9-session-baed142e2de1-lifetime-10:***@rp.scrapegw.com:6060	ConnectionTimeoutError: Connection timeout to host https://discord.com/api/v9/unique-username/username-attempt-unauthed
2026-09-01 18:31:53	NETWORK	iptb	attempt=1	proxy=http://wiw4v7duaymysz9-session-39d8c22429d9-lifetime-10:***@rp.scrapegw.com:6060	ConnectionTimeoutError: Connection timeout to host https://discord.com/api/v9/unique-username/username-attempt-unauthed
2026-09-01 18:31:53	NETWORK	ipun	attempt=1	proxy=http://wiw4v7duaymysz9-session-4e8efc0e8076-lifetime-10:***@rp.scrapegw.com:6060	ConnectionTimeoutError: Connection timeout to host https://discord.com/api/v9/unique-username/username-attempt-unauthed
2026-09-01 18:31:53	NETWORK	ipuo	attempt=1	proxy=http://wiw4v7duaymysz9-session-3bba37363102-lifetime-10:***@rp.scrapegw.com:6060	ConnectionTimeoutError: Connection timeout to host https://discord.com/api/v9/unique-username/username-attempt-unauthed
2026-09-01 18:31:53	NETWORK	iptm	attempt=1	proxy=http://wiw4v7duaymysz9-session-acd0f1ea5226-lifetime-10:***@rp.scrapegw.com:6060	ConnectionTimeoutError: Connection timeout to host https://discord.com/api/v9/unique-username/username-attempt-unauthed
2026-09-01 18:31:53	NETWORK	ipwi	attempt=1	proxy=http://wiw4v7duaymysz9-session-fa666e57e107-lifetime-10:***@rp.scrapegw.com:6060	ConnectionTimeoutError: Connection timeout to host https://discord.com/api/v9/unique-username/username-attempt-unauthed
2026-09-01 18:31:53	NETWORK	ipwe	attempt=1	proxy=http://wiw4v7duaymysz9-session-8933157e79f1-lifetime-10:***@rp.scrapegw.com:6060	ConnectionTimeoutError: Connection timeout to host https://discord.com/api/v9/unique-username/username-attempt-unauthed
2026-09-01 18:31:53	NETWORK	ipsz	attempt=1	proxy=http://wiw4v7duaymysz9-session-4d2287a8c411-lifetime-10:***@rp.scrapegw.com:6060	ConnectionTimeoutError: Connection timeout to host https://discord.com/api/v9/unique-username/username-attempt-unauthed
2026-09-01 18:31:53	NETWORK	ipui	attempt=1	proxy=http://wiw4v7duaymysz9-session-52a015ea040a-lifetime-10:***@rp.scrapegw.com:6060	ConnectionTimeoutError: Connection timeout to host https://discord.com/api/v9/unique-username/username-attempt-unauthed
2026-09-01 18:31:53	NETWORK	ipym	attempt=1	proxy=http://wiw4v7duaymysz9-session-019ace5610f4-lifetime-10:***@rp.scrapegw.com:6060	ConnectionTimeoutError: Connection timeout to host https://discord.com/api/v9/unique-username/username-attempt-unauthed
2026-09-01 18:31:53	NETWORK	ipuw	attempt=1	proxy=http://wiw4v7duaymysz9-session-2cadf8f67433-lifetime-10:***@rp.scrapegw.com:6060	ConnectionTimeoutError: Connection timeout to host https://discord.com/api/v9/unique-username/username-attempt-unauthed
2026-09-01 18:31:53	NETWORK	iptg	attempt=1	proxy=http://wiw4v7duaymysz9-session-fa0d1f0d664c-lifetime-10:***@rp.scrapegw.com:6060	ConnectionTimeoutError: Connection timeout to host https://discord.com/api/v9/unique-username/username-attempt-unauthed
2026-09-01 18:31:53	NETWORK	ipxz	attempt=1	proxy=http://wiw4v7duaymysz9-session-230923c39c79-lifetime-10:***@rp.scrapegw.com:6060	ConnectionTimeoutError: Connection timeout to host https://discord.com/api/v9/unique-username/username-attempt-unauthed
2026-09-01 18:31:53	NETWORK	ipuz	attempt=1	proxy=http://wiw4v7duaymysz9-session-6560558c2cfc-lifetime-10:***@rp.scrapegw.com:6060	ConnectionTimeoutError: Connection timeout to host https://discord.com/api/v9/unique-username/username-attempt-unauthed
2026-09-01 18:31:53	NETWORK	ipwj	attempt=1	proxy=http://wiw4v7duaymysz9-session-d9b78aed9422-lifetime-10:***@rp.scrapegw.com:6060	ConnectionTimeoutError: Connection timeout to host https://discord.com/api/v9/unique-username/username-attempt-unauthed
2026-09-01 18:31:53	NETWORK	ipyn	attempt=1	proxy=http://wiw4v7duaymysz9-session-2c77d36f3845-lifetime-10:***@rp.scrapegw.com:6060	ConnectionTimeoutError: Connection timeout to host https://discord.com/api/v9/unique-username/username-attempt-unauthed
2026-09-01 18:31:53	NETWORK	ipzo	attempt=1	proxy=http://wiw4v7duaymysz9-session-6ceb813fafb1-lifetime-10:***@rp.scrapegw.com:6060	ConnectionTimeoutError: Connection timeout to host https://discord.com/api/v9/unique-username/username-attempt-unauthed
2026-09-01 18:31:53	NETWORK	ipwl	attempt=1	proxy=http://wiw4v7duaymysz9-session-1e73e3012c16-lifetime-10:***@rp.scrapegw.com:6060	ConnectionTimeoutError: Connection timeout to host https://discord.com/api/v9/unique-username/username-attempt-unauthed
2026-09-01 18:31:53	NETWORK	ipvu	attempt=1	proxy=http://wiw4v7duaymysz9-session-6b8bea9b5b73-lifetime-10:***@rp.scrapegw.com:6060	ConnectionTimeoutError: Connection timeout to host https://discord.com/api/v9/unique-username/username-attempt-unauthed
2026-09-01 18:31:53	NETWORK	ipxb	attempt=1	proxy=http://wiw4v7duaymysz9-session-a7a5f5a497b2-lifetime-10:***@rp.scrapegw.com:6060	ConnectionTimeoutError: Connection timeout to host https://discord.com/api/v9/unique-username/username-attempt-unauthed
2026-09-01 18:31:53	NETWORK	iptz	attempt=1	proxy=http://wiw4v7duaymysz9-session-ee3b3e9e4aa4-lifetime-10:***@rp.scrapegw.com:6060	ConnectionTimeoutError: Connection timeout to host https://discord.com/api/v9/unique-username/username-attempt-unauthed
2026-09-01 18:31:53	NETWORK	ipsk	attempt=1	proxy=http://wiw4v7duaymysz9-session-bfe03e10428a-lifetime-10:***@rp.scrapegw.com:6060	ConnectionTimeoutError: Connection timeout to host https://discord.com/api/v9/unique-username/username-attempt-unauthed
2026-09-01 18:31:53	NETWORK	ipyb	attempt=1	proxy=http://wiw4v7duaymysz9-session-37cce85a0999-lifetime-10:***@rp.scrapegw.com:6060	ConnectionTimeoutError: Connection timeout to host https://discord.com/api/v9/unique-username/username-attempt-unauthed
2026-09-01 18:31:53	NETWORK	ipzu	attempt=1	proxy=http://wiw4v7duaymysz9-session-d0413a637219-lifetime-10:***@rp.scrapegw.com:6060	ConnectionTimeoutError: Connection timeout to host https://discord.com/api/v9/unique-username/username-attempt-unauthed
2026-09-01 18:31:53	HTTP_429	isvs	attempt=1	proxy=http://wiw4v7duaymysz9-session-773cd395262e-lifetime-10:***@rp.scrapegw.com:6060	scope=shared global=False retry_after=1131.00s
2026-09-01 18:31:53	HTTP_429	isqr	attempt=1	proxy=http://wiw4v7duaymysz9-session-2518e41087dc-lifetime-10:***@rp.scrapegw.com:6060	scope=shared global=False retry_after=142.00s
2026-09-01 18:31:54	HTTP_429	isxe	attempt=1	proxy=http://wiw4v7duaymysz9-session-e21eb337df6f-lifetime-10:***@rp.scrapegw.com:6060	scope=shared global=False retry_after=2048.00s
2026-09-01 18:31:54	NETWORK	iqba	attempt=1	proxy=http://wiw4v7duaymysz9-session-ac7e43e2d6a9-lifetime-10:***@rp.scrapegw.com:6060	ClientConnectorError: Cannot connect to host discord.com:443 ssl:default [Connection reset by peer]
2026-09-01 18:31:54	HTTP_429	irdg	attempt=1	proxy=http://wiw4v7duaymysz9-session-24c239fe2a2a-lifetime-10:***@rp.scrapegw.com:6060	scope=shared global=False retry_after=896.00s
2026-09-01 18:31:54	NETWORK	iqew	attempt=1	proxy=http://wiw4v7duaymysz9-session-11635b6aee8e-lifetime-10:***@rp.scrapegw.com:6060	ClientConnectorError: Cannot connect to host discord.com:443 ssl:default [Connection reset by peer]
2026-09-01 18:31:54	NETWORK	iqsq	attempt=1	proxy=http://wiw4v7duaymysz9-session-5b2e4978043c-lifetime-10:***@rp.scrapegw.com:6060	ClientConnectorError: Cannot connect to host discord.com:443 ssl:default [Connection reset by peer]
2026-09-01 18:31:54	NETWORK	iqff	attempt=1	proxy=http://wiw4v7duaymysz9-session-2bd3ae994444-lifetime-10:***@rp.scrapegw.com:6060	ConnectionTimeoutError: Connection timeout to host https://discord.com/api/v9/unique-username/username-attempt-unauthed
2026-09-01 18:31:54	NETWORK	iqgm	attempt=1	proxy=http://wiw4v7duaymysz9-session-c86896a44484-lifetime-10:***@rp.scrapegw.com:6060	ConnectionTimeoutError: Connection timeout to host https://discord.com/api/v9/unique-username/username-attempt-unauthed
2026-09-01 18:31:54	NETWORK	iqgd	attempt=1	proxy=http://wiw4v7duaymysz9-session-fa5eda7a04d0-lifetime-10:***@rp.scrapegw.com:6060	ConnectionTimeoutError: Connection timeout to host https://discord.com/api/v9/unique-username/username-attempt-unauthed
2026-09-01 18:31:54	NETWORK	iqdy	attempt=1	proxy=http://wiw4v7duaymysz9-session-988d43c0fe64-lifetime-10:***@rp.scrapegw.com:6060	ConnectionTimeoutError: Connection timeout to host https://discord.com/api/v9/unique-username/username-attempt-unauthed
2026-09-01 18:31:54	NETWORK	iqfj	attempt=1	proxy=http://wiw4v7duaymysz9-session-38e2c7c9db1e-lifetime-10:***@rp.scrapegw.com:6060	ConnectionTimeoutError: Connection timeout to host https://discord.com/api/v9/unique-username/username-attempt-unauthed
2026-09-01 18:31:54	NETWORK	iqfv	attempt=1	proxy=http://wiw4v7duaymysz9-session-69bed0df71e1-lifetime-10:***@rp.scrapegw.com:6060	ConnectionTimeoutError: Connection timeout to host https://discord.com/api/v9/unique-username/username-attempt-unauthed
2026-09-01 18:31:54	NETWORK	iqdw	attempt=1	proxy=http://wiw4v7duaymysz9-session-3bf8afc5ad2f-lifetime-10:***@rp.scrapegw.com:6060	ConnectionTimeoutError: Connection timeout to host https://discord.com/api/v9/unique-username/username-attempt-unauthed
2026-09-01 18:31:54	NETWORK	iqfa	attempt=1	proxy=http://wiw4v7duaymysz9-session-6bb40349c860-lifetime-10:***@rp.scrapegw.com:6060	ConnectionTimeoutError: Connection timeout to host https://discord.com/api/v9/unique-username/username-attempt-unauthed
2026-09-01 18:31:54	NETWORK	iqbl	attempt=1	proxy=http://wiw4v7duaymysz9-session-25af958e4c0a-lifetime-10:***@rp.scrapegw.com:6060	ConnectionTimeoutError: Connection timeout to host https://discord.com/api/v9/unique-username/username-attempt-unauthed
2026-09-01 18:31:54	NETWORK	iqed	attempt=1	proxy=http://wiw4v7duaymysz9-session-83e5d318028a-lifetime-10:***@rp.scrapegw.com:6060	ConnectionTimeoutError: Connection timeout to host https://discord.com/api/v9/unique-username/username-attempt-unauthed
2026-09-01 18:31:54	NETWORK	iqbf	attempt=1	proxy=http://wiw4v7duaymysz9-session-ff161b9b94bc-lifetime-10:***@rp.scrapegw.com:6060	ConnectionTimeoutError: Connection timeout to host https://discord.com/api/v9/unique-username/username-attempt-unauthed
2026-09-01 18:31:54	NETWORK	iqfw	attempt=1	proxy=http://wiw4v7duaymysz9-session-29c4d93f5e95-lifetime-10:***@rp.scrapegw.com:6060	ConnectionTimeoutError: Connection timeout to host https://discord.com/api/v9/unique-username/username-attempt-unauthed
2026-09-01 18:31:54	NETWORK	iqfc	attempt=1	proxy=http://wiw4v7duaymysz9-session-68c4899a03d3-lifetime-10:***@rp.scrapegw.com:6060	ConnectionTimeoutError: Connection timeout to host https://discord.com/api/v9/unique-username/username-attempt-unauthed
2026-09-01 18:31:54	NETWORK	iqcu	attempt=1	proxy=http://wiw4v7duaymysz9-session-d7bbe1d4967f-lifetime-10:***@rp.scrapegw.com:6060	ConnectionTimeoutError: Connection timeout to host https://discord.com/api/v9/unique-username/username-attempt-unauthed
2026-09-01 18:31:54	NETWORK	iqef	attempt=1	proxy=http://wiw4v7duaymysz9-session-2bea57b8f779-lifetime-10:***@rp.scrapegw.com:6060	ConnectionTimeoutError: Connection timeout to host https://discord.com/api/v9/unique-username/username-attempt-unauthed
2026-09-01 18:31:54	NETWORK	iqbg	attempt=1	proxy=http://wiw4v7duaymysz9-session-5c7ed78ac403-lifetime-10:***@rp.scrapegw.com:6060	ConnectionTimeoutError: Connection timeout to host https://discord.com/api/v9/unique-username/username-attempt-unauthed
2026-09-01 18:31:54	NETWORK	iqbt	attempt=1	proxy=http://wiw4v7duaymysz9-session-1088e67561ae-lifetime-10:***@rp.scrapegw.com:6060	ConnectionTimeoutError: Connection timeout to host https://discord.com/api/v9/unique-username/username-attempt-unauthed
2026-09-01 18:31:54	NETWORK	iqbv	attempt=1	proxy=http://wiw4v7duaymysz9-session-267e9d5c4bb1-lifetime-10:***@rp.scrapegw.com:6060	ConnectionTimeoutError: Connection timeout to host https://discord.com/api/v9/unique-username/username-attempt-unauthed
2026-09-01 18:31:54	NETWORK	iqbx	attempt=1	proxy=http://wiw4v7duaymysz9-session-b3c7c06978fd-lifetime-10:***@rp.scrapegw.com:6060	ConnectionTimeoutError: Connection timeout to host https://discord.com/api/v9/unique-username/username-attempt-unauthed
2026-09-01 18:31:54	NETWORK	iqds	attempt=1	proxy=http://wiw4v7duaymysz9-session-1ba72c396144-lifetime-10:***@rp.scrapegw.com:6060	ConnectionTimeoutError: Connection timeout to host https://discord.com/api/v9/unique-username/username-attempt-unauthed
2026-09-01 18:31:54	NETWORK	iqdo	attempt=1	proxy=http://wiw4v7duaymysz9-session-0a121b6dc3c8-lifetime-10:***@rp.scrapegw.com:6060	ConnectionTimeoutError: Connection timeout to host https://discord.com/api/v9/unique-username/username-attempt-unauthed
2026-09-01 18:31:54	NETWORK	iqbe	attempt=1	proxy=http://wiw4v7duaymysz9-session-28ac66c78914-lifetime-10:***@rp.scrapegw.com:6060	ConnectionTimeoutError: Connection timeout to host https://discord.com/api/v9/unique-username/username-attempt-unauthed
2026-09-01 18:31:54	NETWORK	iqas	attempt=1	proxy=http://wiw4v7duaymysz9-session-fb0ab47fcbfd-lifetime-10:***@rp.scrapegw.com:6060	ConnectionTimeoutError: Connection timeout to host https://discord.com/api/v9/unique-username/username-attempt-unauthed
2026-09-01 18:31:54	NETWORK	iqez	attempt=1	proxy=http://wiw4v7duaymysz9-session-46cb94c1e7c9-lifetime-10:***@rp.scrapegw.com:6060	ConnectionTimeoutError: Connection timeout to host https://discord.com/api/v9/unique-username/username-attempt-unauthed
2026-09-01 18:31:54	NETWORK	iqea	attempt=1	proxy=http://wiw4v7duaymysz9-session-5f3c39e0a361-lifetime-10:***@rp.scrapegw.com:6060	ConnectionTimeoutError: Connection timeout to host https://discord.com/api/v9/unique-username/username-attempt-unauthed
2026-09-01 18:31:54	NETWORK	iqeg	attempt=1	proxy=http://wiw4v7duaymysz9-session-c8bb9e125b23-lifetime-10:***@rp.scrapegw.com:6060	ConnectionTimeoutError: Connection timeout to host https://discord.com/api/v9/unique-username/username-attempt-unauthed
2026-09-01 18:31:54	NETWORK	iqaz	attempt=1	proxy=http://wiw4v7duaymysz9-session-8d96e76a7cb8-lifetime-10:***@rp.scrapegw.com:6060	ConnectionTimeoutError: Connection timeout to host https://discord.com/api/v9/unique-username/username-attempt-unauthed
2026-09-01 18:31:54	NETWORK	iqdk	attempt=1	proxy=http://wiw4v7duaymysz9-session-33f6e1986789-lifetime-10:***@rp.scrapegw.com:6060	ConnectionTimeoutError: Connection timeout to host https://discord.com/api/v9/unique-username/username-attempt-unauthed
2026-09-01 18:31:54	NETWORK	iqdj	attempt=1	proxy=http://wiw4v7duaymysz9-session-c6ce1eca1395-lifetime-10:***@rp.scrapegw.com:6060	ConnectionTimeoutError: Connection timeout to host https://discord.com/api/v9/unique-username/username-attempt-unauthed
2026-09-01 18:31:54	NETWORK	iqaw	attempt=1	proxy=http://wiw4v7duaymysz9-session-58ed4c902cdb-lifetime-10:***@rp.scrapegw.com:6060	ConnectionTimeoutError: Connection timeout to host https://discord.com/api/v9/unique-username/username-attempt-unauthed
2026-09-01 18:31:54	NETWORK	iqaq	attempt=1	proxy=http://wiw4v7duaymysz9-session-e18d4896ddee-lifetime-10:***@rp.scrapegw.com:6060	ConnectionTimeoutError: Connection timeout to host https://discord.com/api/v9/unique-username/username-attempt-unauthed
2026-09-01 18:31:54	NETWORK	iqap	attempt=1	proxy=http://wiw4v7duaymysz9-session-ce88e47a1ec2-lifetime-10:***@rp.scrapegw.com:6060	ConnectionTimeoutError: Connection timeout to host https://discord.com/api/v9/unique-username/username-attempt-unauthed
2026-09-01 18:31:54	NETWORK	iqal	attempt=1	proxy=http://wiw4v7duaymysz9-session-33a83b57fc3a-lifetime-10:***@rp.scrapegw.com:6060	ConnectionTimeoutError: Connection timeout to host https://discord.com/api/v9/unique-username/username-attempt-unauthed
2026-09-01 18:31:54	NETWORK	iqac	attempt=1	proxy=http://wiw4v7duaymysz9-session-97b13ff0baec-lifetime-10:***@rp.scrapegw.com:6060	ConnectionTimeoutError: Connection timeout to host https://discord.com/api/v9/unique-username/username-attempt-unauthed
2026-09-01 18:31:54	NETWORK	iqfy	attempt=1	proxy=http://wiw4v7duaymysz9-session-46b4c35c405f-lifetime-10:***@rp.scrapegw.com:6060	ConnectionTimeoutError: Connection timeout to host https://discord.com/api/v9/unique-username/username-attempt-unauthed
2026-09-01 18:31:54	HTTP_429	itce	attempt=1	proxy=http://wiw4v7duaymysz9-session-00cc633aab11-lifetime-10:***@rp.scrapegw.com:6060	scope=shared global=False retry_after=1342.00s
2026-09-01 18:31:55	HTTP_429	itcf	attempt=1	proxy=http://wiw4v7duaymysz9-session-79615d430a3c-lifetime-10:***@rp.scrapegw.com:6060	scope=shared global=False retry_after=2054.00s
2026-09-01 18:31:55	NETWORK	irng	attempt=1	proxy=http://wiw4v7duaymysz9-session-230923c39c79-lifetime-10:***@rp.scrapegw.com:6060	ClientConnectorError: Cannot connect to host discord.com:443 ssl:default [Connection reset by peer]
2026-09-01 18:31:55	HTTP_429	itgo	attempt=1	proxy=http://wiw4v7duaymysz9-session-4dba8ed16bcd-lifetime-10:***@rp.scrapegw.com:6060	scope=shared global=False retry_after=2056.00s
2026-09-01 18:31:55	NETWORK	iror	attempt=1	proxy=http://wiw4v7duaymysz9-session-baed142e2de1-lifetime-10:***@rp.scrapegw.com:6060	ClientConnectorError: Cannot connect to host discord.com:443 ssl:default [Connection reset by peer]
2026-09-01 18:31:55	NETWORK	iqmj	attempt=1	proxy=http://wiw4v7duaymysz9-session-a230c87d67c7-lifetime-10:***@rp.scrapegw.com:6060	ConnectionTimeoutError: Connection timeout to host https://discord.com/api/v9/unique-username/username-attempt-unauthed
2026-09-01 18:31:55	NETWORK	iqkk	attempt=1	proxy=http://wiw4v7duaymysz9-session-6f7ca5a2533a-lifetime-10:***@rp.scrapegw.com:6060	ConnectionTimeoutError: Connection timeout to host https://discord.com/api/v9/unique-username/username-attempt-unauthed
2026-09-01 18:31:55	NETWORK	iqkb	attempt=1	proxy=http://wiw4v7duaymysz9-session-2d5061a9eddf-lifetime-10:***@rp.scrapegw.com:6060	ConnectionTimeoutError: Connection timeout to host https://discord.com/api/v9/unique-username/username-attempt-unauthed
2026-09-01 18:31:55	NETWORK	iqht	attempt=1	proxy=http://wiw4v7duaymysz9-session-183e9b339252-lifetime-10:***@rp.scrapegw.com:6060	ConnectionTimeoutError: Connection timeout to host https://discord.com/api/v9/unique-username/username-attempt-unauthed
2026-09-01 18:31:55	NETWORK	iqjn	attempt=1	proxy=http://wiw4v7duaymysz9-session-f6be510a09a1-lifetime-10:***@rp.scrapegw.com:6060	ConnectionTimeoutError: Connection timeout to host https://discord.com/api/v9/unique-username/username-attempt-unauthed
2026-09-01 18:31:55	NETWORK	iqgy	attempt=1	proxy=http://wiw4v7duaymysz9-session-5c9920d36e36-lifetime-10:***@rp.scrapegw.com:6060	ConnectionTimeoutError: Connection timeout to host https://discord.com/api/v9/unique-username/username-attempt-unauthed
2026-09-01 18:31:55	NETWORK	iqia	attempt=1	proxy=http://wiw4v7duaymysz9-session-54da11cde70c-lifetime-10:***@rp.scrapegw.com:6060	ConnectionTimeoutError: Connection timeout to host https://discord.com/api/v9/unique-username/username-attempt-unauthed
2026-09-01 18:31:55	NETWORK	iqid	attempt=1	proxy=http://wiw4v7duaymysz9-session-05e7db597030-lifetime-10:***@rp.scrapegw.com:6060	ConnectionTimeoutError: Connection timeout to host https://discord.com/api/v9/unique-username/username-attempt-unauthed
2026-09-01 18:31:55	NETWORK	iqni	attempt=1	proxy=http://wiw4v7duaymysz9-session-490d33775a97-lifetime-10:***@rp.scrapegw.com:6060	ConnectionTimeoutError: Connection timeout to host https://discord.com/api/v9/unique-username/username-attempt-unauthed
2026-09-01 18:31:55	NETWORK	iqjs	attempt=1	proxy=http://wiw4v7duaymysz9-session-2af189b0084d-lifetime-10:***@rp.scrapegw.com:6060	ConnectionTimeoutError: Connection timeout to host https://discord.com/api/v9/unique-username/username-attempt-unauthed
2026-09-01 18:31:55	NETWORK	iqhd	attempt=1	proxy=http://wiw4v7duaymysz9-session-7cd1c8cb313e-lifetime-10:***@rp.scrapegw.com:6060	ConnectionTimeoutError: Connection timeout to host https://discord.com/api/v9/unique-username/username-attempt-unauthed
2026-09-01 18:31:55	NETWORK	iqng	attempt=1	proxy=http://wiw4v7duaymysz9-session-010914458952-lifetime-10:***@rp.scrapegw.com:6060	ConnectionTimeoutError: Connection timeout to host https://discord.com/api/v9/unique-username/username-attempt-unauthed
2026-09-01 18:31:55	NETWORK	iqja	attempt=1	proxy=http://wiw4v7duaymysz9-session-3f7e5fc96a9c-lifetime-10:***@rp.scrapegw.com:6060	ConnectionTimeoutError: Connection timeout to host https://discord.com/api/v9/unique-username/username-attempt-unauthed
2026-09-01 18:31:55	NETWORK	iqiv	attempt=1	proxy=http://wiw4v7duaymysz9-session-6b73bd5225ea-lifetime-10:***@rp.scrapegw.com:6060	ConnectionTimeoutError: Connection timeout to host https://discord.com/api/v9/unique-username/username-attempt-unauthed
2026-09-01 18:31:55	NETWORK	iqmc	attempt=1	proxy=http://wiw4v7duaymysz9-session-43291b4abb51-lifetime-10:***@rp.scrapegw.com:6060	ConnectionTimeoutError: Connection timeout to host https://discord.com/api/v9/unique-username/username-attempt-unauthed
2026-09-01 18:31:55	NETWORK	iqmo	attempt=1	proxy=http://wiw4v7duaymysz9-session-d8c1c87face2-lifetime-10:***@rp.scrapegw.com:6060	ConnectionTimeoutError: Connection timeout to host https://discord.com/api/v9/unique-username/username-attempt-unauthed
2026-09-01 18:31:55	NETWORK	iqkm	attempt=1	proxy=http://wiw4v7duaymysz9-session-78ea3ac8ee46-lifetime-10:***@rp.scrapegw.com:6060	ConnectionTimeoutError: Connection timeout to host https://discord.com/api/v9/unique-username/username-attempt-unauthed
2026-09-01 18:31:55	NETWORK	iqhh	attempt=1	proxy=http://wiw4v7duaymysz9-session-ef7779d8bbe4-lifetime-10:***@rp.scrapegw.com:6060	ConnectionTimeoutError: Connection timeout to host https://discord.com/api/v9/unique-username/username-attempt-unauthed
2026-09-01 18:31:55	NETWORK	iqjq	attempt=1	proxy=http://wiw4v7duaymysz9-session-977075d4bf2a-lifetime-10:***@rp.scrapegw.com:6060	ConnectionTimeoutError: Connection timeout to host https://discord.com/api/v9/unique-username/username-attempt-unauthed
2026-09-01 18:31:55	NETWORK	iqji	attempt=1	proxy=http://wiw4v7duaymysz9-session-0997b27cb1ab-lifetime-10:***@rp.scrapegw.com:6060	ConnectionTimeoutError: Connection timeout to host https://discord.com/api/v9/unique-username/username-attempt-unauthed
2026-09-01 18:31:55	NETWORK	iqhx	attempt=1	proxy=http://wiw4v7duaymysz9-session-605ad47885b2-lifetime-10:***@rp.scrapegw.com:6060	ConnectionTimeoutError: Connection timeout to host https://discord.com/api/v9/unique-username/username-attempt-unauthed
2026-09-01 18:31:55	NETWORK	iqhz	attempt=1	proxy=http://wiw4v7duaymysz9-session-6f53e80aec6c-lifetime-10:***@rp.scrapegw.com:6060	ConnectionTimeoutError: Connection timeout to host https://discord.com/api/v9/unique-username/username-attempt-unauthed
2026-09-01 18:31:55	NETWORK	iqig	attempt=1	proxy=http://wiw4v7duaymysz9-session-77751dd0a966-lifetime-10:***@rp.scrapegw.com:6060	ConnectionTimeoutError: Connection timeout to host https://discord.com/api/v9/unique-username/username-attempt-unauthed
2026-09-01 18:31:55	NETWORK	iqie	attempt=1	proxy=http://wiw4v7duaymysz9-session-281348245ecc-lifetime-10:***@rp.scrapegw.com:6060	ConnectionTimeoutError: Connection timeout to host https://discord.com/api/v9/unique-username/username-attempt-unauthed
2026-09-01 18:31:55	NETWORK	iqjo	attempt=1	proxy=http://wiw4v7duaymysz9-session-98f4aa4d9205-lifetime-10:***@rp.scrapegw.com:6060	ConnectionTimeoutError: Connection timeout to host https://discord.com/api/v9/unique-username/username-attempt-unauthed
2026-09-01 18:31:55	NETWORK	iqnd	attempt=1	proxy=http://wiw4v7duaymysz9-session-2e6ef486678f-lifetime-10:***@rp.scrapegw.com:6060	ConnectionTimeoutError: Connection timeout to host https://discord.com/api/v9/unique-username/username-attempt-unauthed
2026-09-01 18:31:55	NETWORK	iqlr	attempt=1	proxy=http://wiw4v7duaymysz9-session-3db15ee20441-lifetime-10:***@rp.scrapegw.com:6060	ConnectionTimeoutError: Connection timeout to host https://discord.com/api/v9/unique-username/username-attempt-unauthed
2026-09-01 18:31:55	NETWORK	iqwf	attempt=1	proxy=http://wiw4v7duaymysz9-session-f0d8223881a9-lifetime-10:***@rp.scrapegw.com:6060	ClientConnectorError: Cannot connect to host discord.com:443 ssl:default [Connection reset by peer]
2026-09-01 18:31:55	NETWORK	ismh	attempt=1	proxy=http://wiw4v7duaymysz9-session-17a3461f04f2-lifetime-10:***@rp.scrapegw.com:6060	ClientConnectorError: Cannot connect to host discord.com:443 ssl:default [Connection reset by peer]
2026-09-01 18:31:56	HTTP_429	itjj	attempt=1	proxy=http://wiw4v7duaymysz9-session-f628df4a8179-lifetime-10:***@rp.scrapegw.com:6060	scope=shared global=False retry_after=2145.00s
2026-09-01 18:31:56	HTTP_429	itle	attempt=1	proxy=http://wiw4v7duaymysz9-session-c1cf37c016bc-lifetime-10:***@rp.scrapegw.com:6060	scope=shared global=False retry_after=1199.00s
2026-09-01 18:31:56	NETWORK	iqom	attempt=1	proxy=http://wiw4v7duaymysz9-session-2af0e131c5a3-lifetime-10:***@rp.scrapegw.com:6060	ClientConnectorError: Cannot connect to host discord.com:443 ssl:default [Connection reset by peer]
2026-09-01 18:31:56	NETWORK	iqvu	attempt=1	proxy=http://wiw4v7duaymysz9-session-fbdbcd753e8e-lifetime-10:***@rp.scrapegw.com:6060	ClientConnectorCertificateError: Cannot connect to host discord.com:443 ssl:True [SSLCertVerificationError: (1, '[SSL: CERTIFICATE_VERIFY_FAILED] certificate verify failed: self-signed certificate in certificate chain (_ssl.c:1081)')]
2026-09-01 18:31:56	NETWORK	iqwv	attempt=1	proxy=http://wiw4v7duaymysz9-session-e61a241e79d4-lifetime-10:***@rp.scrapegw.com:6060	ConnectionTimeoutError: Connection timeout to host https://discord.com/api/v9/unique-username/username-attempt-unauthed
2026-09-01 18:31:56	NETWORK	iqsf	attempt=1	proxy=http://wiw4v7duaymysz9-session-a227519e7d40-lifetime-10:***@rp.scrapegw.com:6060	ConnectionTimeoutError: Connection timeout to host https://discord.com/api/v9/unique-username/username-attempt-unauthed
2026-09-01 18:31:56	NETWORK	iqoh	attempt=1	proxy=http://wiw4v7duaymysz9-session-a71c8cb2da42-lifetime-10:***@rp.scrapegw.com:6060	ConnectionTimeoutError: Connection timeout to host https://discord.com/api/v9/unique-username/username-attempt-unauthed
2026-09-01 18:31:56	NETWORK	iqoa	attempt=1	proxy=http://wiw4v7duaymysz9-session-ef2b8d61f2ad-lifetime-10:***@rp.scrapegw.com:6060	ConnectionTimeoutError: Connection timeout to host https://discord.com/api/v9/unique-username/username-attempt-unauthed
2026-09-01 18:31:56	NETWORK	iqti	attempt=1	proxy=http://wiw4v7duaymysz9-session-e9bdb715239f-lifetime-10:***@rp.scrapegw.com:6060	ConnectionTimeoutError: Connection timeout to host https://discord.com/api/v9/unique-username/username-attempt-unauthed
2026-09-01 18:31:56	NETWORK	iqqt	attempt=1	proxy=http://wiw4v7duaymysz9-session-3b306a7c5145-lifetime-10:***@rp.scrapegw.com:6060	ConnectionTimeoutError: Connection timeout to host https://discord.com/api/v9/unique-username/username-attempt-unauthed
2026-09-01 18:31:56	NETWORK	iqor	attempt=1	proxy=http://wiw4v7duaymysz9-session-56d45a6ad218-lifetime-10:***@rp.scrapegw.com:6060	ConnectionTimeoutError: Connection timeout to host https://discord.com/api/v9/unique-username/username-attempt-unauthed
2026-09-01 18:31:56	NETWORK	iqvp	attempt=1	proxy=http://wiw4v7duaymysz9-session-0c9d7f00457b-lifetime-10:***@rp.scrapegw.com:6060	ConnectionTimeoutError: Connection timeout to host https://discord.com/api/v9/unique-username/username-attempt-unauthed
2026-09-01 18:31:56	NETWORK	iqvx	attempt=1	proxy=http://wiw4v7duaymysz9-session-b198378b7382-lifetime-10:***@rp.scrapegw.com:6060	ConnectionTimeoutError: Connection timeout to host https://discord.com/api/v9/unique-username/username-attempt-unauthed
2026-09-01 18:31:56	NETWORK	iquj	attempt=1	proxy=http://wiw4v7duaymysz9-session-68850566fbc1-lifetime-10:***@rp.scrapegw.com:6060	ConnectionTimeoutError: Connection timeout to host https://discord.com/api/v9/unique-username/username-attempt-unauthed
2026-09-01 18:31:56	NETWORK	iqwp	attempt=1	proxy=http://wiw4v7duaymysz9-session-001d1f87d2c7-lifetime-10:***@rp.scrapegw.com:6060	ConnectionTimeoutError: Connection timeout to host https://discord.com/api/v9/unique-username/username-attempt-unauthed
2026-09-01 18:31:56	NETWORK	iqrw	attempt=1	proxy=http://wiw4v7duaymysz9-session-51991eb224b9-lifetime-10:***@rp.scrapegw.com:6060	ConnectionTimeoutError: Connection timeout to host https://discord.com/api/v9/unique-username/username-attempt-unauthed
2026-09-01 18:31:56	NETWORK	iqva	attempt=1	proxy=http://wiw4v7duaymysz9-session-2d690251a9c2-lifetime-10:***@rp.scrapegw.com:6060	ConnectionTimeoutError: Connection timeout to host https://discord.com/api/v9/unique-username/username-attempt-unauthed
2026-09-01 18:31:56	NETWORK	iqvt	attempt=1	proxy=http://wiw4v7duaymysz9-session-d5dd2c8777b8-lifetime-10:***@rp.scrapegw.com:6060	ConnectionTimeoutError: Connection timeout to host https://discord.com/api/v9/unique-username/username-attempt-unauthed
2026-09-01 18:31:56	NETWORK	iquo	attempt=1	proxy=http://wiw4v7duaymysz9-session-a5d8eff5be2b-lifetime-10:***@rp.scrapegw.com:6060	ConnectionTimeoutError: Connection timeout to host https://discord.com/api/v9/unique-username/username-attempt-unauthed
2026-09-01 18:31:56	NETWORK	iqth	attempt=1	proxy=http://wiw4v7duaymysz9-session-b14a50de824e-lifetime-10:***@rp.scrapegw.com:6060	ConnectionTimeoutError: Connection timeout to host https://discord.com/api/v9/unique-username/username-attempt-unauthed
2026-09-01 18:31:56	NETWORK	iqtg	attempt=1	proxy=http://wiw4v7duaymysz9-session-bd59fb589ded-lifetime-10:***@rp.scrapegw.com:6060	ConnectionTimeoutError: Connection timeout to host https://discord.com/api/v9/unique-username/username-attempt-unauthed
2026-09-01 18:31:56	NETWORK	iqsv	attempt=1	proxy=http://wiw4v7duaymysz9-session-c5cbcd1b69a8-lifetime-10:***@rp.scrapegw.com:6060	ConnectionTimeoutError: Connection timeout to host https://discord.com/api/v9/unique-username/username-attempt-unauthed
2026-09-01 18:31:56	NETWORK	iqtd	attempt=1	proxy=http://wiw4v7duaymysz9-session-387d7ec7793f-lifetime-10:***@rp.scrapegw.com:6060	ConnectionTimeoutError: Connection timeout to host https://discord.com/api/v9/unique-username/username-attempt-unauthed
2026-09-01 18:31:56	NETWORK	iqxb	attempt=1	proxy=http://wiw4v7duaymysz9-session-5a58c6a15c0d-lifetime-10:***@rp.scrapegw.com:6060	ConnectionTimeoutError: Connection timeout to host https://discord.com/api/v9/unique-username/username-attempt-unauthed
2026-09-01 18:31:56	NETWORK	iqsp	attempt=1	proxy=http://wiw4v7duaymysz9-session-470d67dcdba0-lifetime-10:***@rp.scrapegw.com:6060	ConnectionTimeoutError: Connection timeout to host https://discord.com/api/v9/unique-username/username-attempt-unauthed
2026-09-01 18:31:56	NETWORK	iqpi	attempt=1	proxy=http://wiw4v7duaymysz9-session-39f85e109f20-lifetime-10:***@rp.scrapegw.com:6060	ConnectionTimeoutError: Connection timeout to host https://discord.com/api/v9/unique-username/username-attempt-unauthed
2026-09-01 18:31:56	NETWORK	iqok	attempt=1	proxy=http://wiw4v7duaymysz9-session-eb0263ced712-lifetime-10:***@rp.scrapegw.com:6060	ConnectionTimeoutError: Connection timeout to host https://discord.com/api/v9/unique-username/username-attempt-unauthed
2026-09-01 18:31:56	NETWORK	iqqh	attempt=1	proxy=http://wiw4v7duaymysz9-session-92fd0bba0c99-lifetime-10:***@rp.scrapegw.com:6060	ConnectionTimeoutError: Connection timeout to host https://discord.com/api/v9/unique-username/username-attempt-unauthed
2026-09-01 18:31:56	NETWORK	iqrq	attempt=1	proxy=http://wiw4v7duaymysz9-session-edd434c82e68-lifetime-10:***@rp.scrapegw.com:6060	ConnectionTimeoutError: Connection timeout to host https://discord.com/api/v9/unique-username/username-attempt-unauthed
2026-09-01 18:31:56	NETWORK	iqwt	attempt=1	proxy=http://wiw4v7duaymysz9-session-59a77639e730-lifetime-10:***@rp.scrapegw.com:6060	ConnectionTimeoutError: Connection timeout to host https://discord.com/api/v9/unique-username/username-attempt-unauthed
2026-09-01 18:31:56	NETWORK	iqvf	attempt=1	proxy=http://wiw4v7duaymysz9-session-0b1df2847fb9-lifetime-10:***@rp.scrapegw.com:6060	ConnectionTimeoutError: Connection timeout to host https://discord.com/api/v9/unique-username/username-attempt-unauthed
2026-09-01 18:31:56	NETWORK	iqvc	attempt=1	proxy=http://wiw4v7duaymysz9-session-95a5b02fdb0d-lifetime-10:***@rp.scrapegw.com:6060	ConnectionTimeoutError: Connection timeout to host https://discord.com/api/v9/unique-username/username-attempt-unauthed
2026-09-01 18:31:56	NETWORK	iqvb	attempt=1	proxy=http://wiw4v7duaymysz9-session-c9180660e07d-lifetime-10:***@rp.scrapegw.com:6060	ConnectionTimeoutError: Connection timeout to host https://discord.com/api/v9/unique-username/username-attempt-unauthed
2026-09-01 18:31:56	NETWORK	iquk	attempt=1	proxy=http://wiw4v7duaymysz9-session-7ef02352acbd-lifetime-10:***@rp.scrapegw.com:6060	ConnectionTimeoutError: Connection timeout to host https://discord.com/api/v9/unique-username/username-attempt-unauthed
2026-09-01 18:31:56	NETWORK	iqqe	attempt=1	proxy=http://wiw4v7duaymysz9-session-9e19b88c4236-lifetime-10:***@rp.scrapegw.com:6060	ConnectionTimeoutError: Connection timeout to host https://discord.com/api/v9/unique-username/username-attempt-unauthed
2026-09-01 18:31:56	NETWORK	iqwm	attempt=1	proxy=http://wiw4v7duaymysz9-session-4e91bcd4e9d3-lifetime-10:***@rp.scrapegw.com:6060	ConnectionTimeoutError: Connection timeout to host https://discord.com/api/v9/unique-username/username-attempt-unauthed
2026-09-01 18:31:56	NETWORK	iqup	attempt=1	proxy=http://wiw4v7duaymysz9-session-5a58082860c5-lifetime-10:***@rp.scrapegw.com:6060	ConnectionTimeoutError: Connection timeout to host https://discord.com/api/v9/unique-username/username-attempt-unauthed
2026-09-01 18:31:56	NETWORK	iqsb	attempt=1	proxy=http://wiw4v7duaymysz9-session-a5def0f2a372-lifetime-10:***@rp.scrapegw.com:6060	ConnectionTimeoutError: Connection timeout to host https://discord.com/api/v9/unique-username/username-attempt-unauthed
2026-09-01 18:31:56	NETWORK	iqvr	attempt=1	proxy=http://wiw4v7duaymysz9-session-2415be13e587-lifetime-10:***@rp.scrapegw.com:6060	ConnectionTimeoutError: Connection timeout to host https://discord.com/api/v9/unique-username/username-attempt-unauthed
2026-09-01 18:31:56	NETWORK	iqqd	attempt=1	proxy=http://wiw4v7duaymysz9-session-01ac634edf2f-lifetime-10:***@rp.scrapegw.com:6060	ConnectionTimeoutError: Connection timeout to host https://discord.com/api/v9/unique-username/username-attempt-unauthed
2026-09-01 18:31:56	NETWORK	iqvl	attempt=1	proxy=http://wiw4v7duaymysz9-session-49ca6886887f-lifetime-10:***@rp.scrapegw.com:6060	ConnectionTimeoutError: Connection timeout to host https://discord.com/api/v9/unique-username/username-attempt-unauthed
2026-09-01 18:31:56	NETWORK	iqtt	attempt=1	proxy=http://wiw4v7duaymysz9-session-3d0fa5f638f6-lifetime-10:***@rp.scrapegw.com:6060	ConnectionTimeoutError: Connection timeout to host https://discord.com/api/v9/unique-username/username-attempt-unauthed
2026-09-01 18:31:56	NETWORK	iqql	attempt=1	proxy=http://wiw4v7duaymysz9-session-c8a416634288-lifetime-10:***@rp.scrapegw.com:6060	ConnectionTimeoutError: Connection timeout to host https://discord.com/api/v9/unique-username/username-attempt-unauthed
2026-09-01 18:31:56	NETWORK	iqnr	attempt=1	proxy=http://wiw4v7duaymysz9-session-3584fdca2609-lifetime-10:***@rp.scrapegw.com:6060	ConnectionTimeoutError: Connection timeout to host https://discord.com/api/v9/unique-username/username-attempt-unauthed
2026-09-01 18:31:56	NETWORK	iqpc	attempt=1	proxy=http://wiw4v7duaymysz9-session-7ab51f5d9dcd-lifetime-10:***@rp.scrapegw.com:6060	ConnectionTimeoutError: Connection timeout to host https://discord.com/api/v9/unique-username/username-attempt-unauthed
2026-09-01 18:31:56	HTTP_429	itpf	attempt=1	proxy=http://wiw4v7duaymysz9-session-4ddf2a32e8f0-lifetime-10:***@rp.scrapegw.com:6060	scope=shared global=False retry_after=2047.00s
2026-09-01 18:31:56	NETWORK	irwg	attempt=1	proxy=http://wiw4v7duaymysz9-session-b66926cb0a77-lifetime-10:***@rp.scrapegw.com:6060	ClientConnectorSSLError: Cannot connect to host discord.com:443 ssl:default [[SSL: RECORD_LAYER_FAILURE] record layer failure (_ssl.c:1081)]
2026-09-01 18:31:57	HTTP_429	itpn	attempt=1	proxy=http://wiw4v7duaymysz9-session-182f7fadbac0-lifetime-10:***@rp.scrapegw.com:6060	scope=shared global=False retry_after=1511.00s
2026-09-01 18:31:57	HTTP_429	itkv	attempt=1	proxy=http://wiw4v7duaymysz9-session-32bf10900342-lifetime-10:***@rp.scrapegw.com:6060	scope=shared global=False retry_after=1164.00s
2026-09-01 18:31:57	NETWORK	irsk	attempt=1	proxy=http://wiw4v7duaymysz9-session-c6ce1eca1395-lifetime-10:***@rp.scrapegw.com:6060	ClientConnectorError: Cannot connect to host discord.com:443 ssl:default [Connection reset by peer]
2026-09-01 18:31:57	NETWORK	irdr	attempt=1	proxy=http://wiw4v7duaymysz9-session-1b62c84a53f5-lifetime-10:***@rp.scrapegw.com:6060	ConnectionTimeoutError: Connection timeout to host https://discord.com/api/v9/unique-username/username-attempt-unauthed
2026-09-01 18:31:57	NETWORK	irdq	attempt=1	proxy=http://wiw4v7duaymysz9-session-ab2f17aa49ff-lifetime-10:***@rp.scrapegw.com:6060	ConnectionTimeoutError: Connection timeout to host https://discord.com/api/v9/unique-username/username-attempt-unauthed
2026-09-01 18:31:57	NETWORK	ircq	attempt=1	proxy=http://wiw4v7duaymysz9-session-74d0f5b146e5-lifetime-10:***@rp.scrapegw.com:6060	ConnectionTimeoutError: Connection timeout to host https://discord.com/api/v9/unique-username/username-attempt-unauthed
2026-09-01 18:31:57	NETWORK	irch	attempt=1	proxy=http://wiw4v7duaymysz9-session-dec9cac9c7e2-lifetime-10:***@rp.scrapegw.com:6060	ConnectionTimeoutError: Connection timeout to host https://discord.com/api/v9/unique-username/username-attempt-unauthed
2026-09-01 18:31:57	NETWORK	irco	attempt=1	proxy=http://wiw4v7duaymysz9-session-ec6d397fc738-lifetime-10:***@rp.scrapegw.com:6060	ConnectionTimeoutError: Connection timeout to host https://discord.com/api/v9/unique-username/username-attempt-unauthed
2026-09-01 18:31:57	NETWORK	iraj	attempt=1	proxy=http://wiw4v7duaymysz9-session-89b6082b4d39-lifetime-10:***@rp.scrapegw.com:6060	ConnectionTimeoutError: Connection timeout to host https://discord.com/api/v9/unique-username/username-attempt-unauthed
2026-09-01 18:31:57	NETWORK	ircx	attempt=1	proxy=http://wiw4v7duaymysz9-session-c9dd9258e03a-lifetime-10:***@rp.scrapegw.com:6060	ConnectionTimeoutError: Connection timeout to host https://discord.com/api/v9/unique-username/username-attempt-unauthed
2026-09-01 18:31:57	NETWORK	irbt	attempt=1	proxy=http://wiw4v7duaymysz9-session-f5edd32f675e-lifetime-10:***@rp.scrapegw.com:6060	ConnectionTimeoutError: Connection timeout to host https://discord.com/api/v9/unique-username/username-attempt-unauthed
2026-09-01 18:31:57	NETWORK	iray	attempt=1	proxy=http://wiw4v7duaymysz9-session-5393516f838d-lifetime-10:***@rp.scrapegw.com:6060	ConnectionTimeoutError: Connection timeout to host https://discord.com/api/v9/unique-username/username-attempt-unauthed
2026-09-01 18:31:57	NETWORK	iqyv	attempt=1	proxy=http://wiw4v7duaymysz9-session-fbf697de87e3-lifetime-10:***@rp.scrapegw.com:6060	ConnectionTimeoutError: Connection timeout to host https://discord.com/api/v9/unique-username/username-attempt-unauthed
2026-09-01 18:31:57	NETWORK	iqyg	attempt=1	proxy=http://wiw4v7duaymysz9-session-56dc1a813499-lifetime-10:***@rp.scrapegw.com:6060	ConnectionTimeoutError: Connection timeout to host https://discord.com/api/v9/unique-username/username-attempt-unauthed
2026-09-01 18:31:57	NETWORK	irem	attempt=1	proxy=http://wiw4v7duaymysz9-session-a4be6c2bc988-lifetime-10:***@rp.scrapegw.com:6060	ConnectionTimeoutError: Connection timeout to host https://discord.com/api/v9/unique-username/username-attempt-unauthed
2026-09-01 18:31:57	NETWORK	irau	attempt=1	proxy=http://wiw4v7duaymysz9-session-043385f19959-lifetime-10:***@rp.scrapegw.com:6060	ConnectionTimeoutError: Connection timeout to host https://discord.com/api/v9/unique-username/username-attempt-unauthed
2026-09-01 18:31:57	NETWORK	iqxv	attempt=1	proxy=http://wiw4v7duaymysz9-session-dc9e3271cd0b-lifetime-10:***@rp.scrapegw.com:6060	ConnectionTimeoutError: Connection timeout to host https://discord.com/api/v9/unique-username/username-attempt-unauthed
2026-09-01 18:31:57	NETWORK	irfe	attempt=1	proxy=http://wiw4v7duaymysz9-session-146dbe29c679-lifetime-10:***@rp.scrapegw.com:6060	ConnectionTimeoutError: Connection timeout to host https://discord.com/api/v9/unique-username/username-attempt-unauthed
2026-09-01 18:31:57	NETWORK	iqxl	attempt=1	proxy=http://wiw4v7duaymysz9-session-17a3461f04f2-lifetime-10:***@rp.scrapegw.com:6060	ConnectionTimeoutError: Connection timeout to host https://discord.com/api/v9/unique-username/username-attempt-unauthed
2026-09-01 18:31:57	NETWORK	iqxm	attempt=1	proxy=http://wiw4v7duaymysz9-session-d449a0adfb9d-lifetime-10:***@rp.scrapegw.com:6060	ConnectionTimeoutError: Connection timeout to host https://discord.com/api/v9/unique-username/username-attempt-unauthed
2026-09-01 18:31:57	NETWORK	iqxg	attempt=1	proxy=http://wiw4v7duaymysz9-session-d4c97c604012-lifetime-10:***@rp.scrapegw.com:6060	ConnectionTimeoutError: Connection timeout to host https://discord.com/api/v9/unique-username/username-attempt-unauthed
2026-09-01 18:31:57	NETWORK	iqyy	attempt=1	proxy=http://wiw4v7duaymysz9-session-8069a77b3fca-lifetime-10:***@rp.scrapegw.com:6060	ConnectionTimeoutError: Connection timeout to host https://discord.com/api/v9/unique-username/username-attempt-unauthed
2026-09-01 18:31:57	NETWORK	irbx	attempt=1	proxy=http://wiw4v7duaymysz9-session-44dd3425d7f1-lifetime-10:***@rp.scrapegw.com:6060	ConnectionTimeoutError: Connection timeout to host https://discord.com/api/v9/unique-username/username-attempt-unauthed
2026-09-01 18:31:57	NETWORK	irez	attempt=1	proxy=http://wiw4v7duaymysz9-session-90877fb53d2f-lifetime-10:***@rp.scrapegw.com:6060	ConnectionTimeoutError: Connection timeout to host https://discord.com/api/v9/unique-username/username-attempt-unauthed
2026-09-01 18:31:57	NETWORK	ircu	attempt=1	proxy=http://wiw4v7duaymysz9-session-1b3725b0844f-lifetime-10:***@rp.scrapegw.com:6060	ConnectionTimeoutError: Connection timeout to host https://discord.com/api/v9/unique-username/username-attempt-unauthed
2026-09-01 18:31:57	NETWORK	irfa	attempt=1	proxy=http://wiw4v7duaymysz9-session-e469218c492d-lifetime-10:***@rp.scrapegw.com:6060	ConnectionTimeoutError: Connection timeout to host https://discord.com/api/v9/unique-username/username-attempt-unauthed
2026-09-01 18:31:57	NETWORK	ireh	attempt=1	proxy=http://wiw4v7duaymysz9-session-e1eccc084863-lifetime-10:***@rp.scrapegw.com:6060	ConnectionTimeoutError: Connection timeout to host https://discord.com/api/v9/unique-username/username-attempt-unauthed
2026-09-01 18:31:57	NETWORK	irec	attempt=1	proxy=http://wiw4v7duaymysz9-session-0bf0902f2652-lifetime-10:***@rp.scrapegw.com:6060	ConnectionTimeoutError: Connection timeout to host https://discord.com/api/v9/unique-username/username-attempt-unauthed
2026-09-01 18:31:57	NETWORK	irdt	attempt=1	proxy=http://wiw4v7duaymysz9-session-cb0b1d48e613-lifetime-10:***@rp.scrapegw.com:6060	ConnectionTimeoutError: Connection timeout to host https://discord.com/api/v9/unique-username/username-attempt-unauthed
2026-09-01 18:31:57	NETWORK	irdp	attempt=1	proxy=http://wiw4v7duaymysz9-session-204e2afa23bf-lifetime-10:***@rp.scrapegw.com:6060	ConnectionTimeoutError: Connection timeout to host https://discord.com/api/v9/unique-username/username-attempt-unauthed
2026-09-01 18:31:57	NETWORK	irfc	attempt=1	proxy=http://wiw4v7duaymysz9-session-5cd1a42242e6-lifetime-10:***@rp.scrapegw.com:6060	ConnectionTimeoutError: Connection timeout to host https://discord.com/api/v9/unique-username/username-attempt-unauthed
2026-09-01 18:31:57	NETWORK	iqyh	attempt=1	proxy=http://wiw4v7duaymysz9-session-35945b810b08-lifetime-10:***@rp.scrapegw.com:6060	ConnectionTimeoutError: Connection timeout to host https://discord.com/api/v9/unique-username/username-attempt-unauthed
2026-09-01 18:31:57	NETWORK	irbw	attempt=1	proxy=http://wiw4v7duaymysz9-session-ff3239d6d24f-lifetime-10:***@rp.scrapegw.com:6060	ConnectionTimeoutError: Connection timeout to host https://discord.com/api/v9/unique-username/username-attempt-unauthed
2026-09-01 18:31:57	NETWORK	irbq	attempt=1	proxy=http://wiw4v7duaymysz9-session-c0e500f8ce9b-lifetime-10:***@rp.scrapegw.com:6060	ConnectionTimeoutError: Connection timeout to host https://discord.com/api/v9/unique-username/username-attempt-unauthed
2026-09-01 18:31:57	NETWORK	irbp	attempt=1	proxy=http://wiw4v7duaymysz9-session-192198e8967b-lifetime-10:***@rp.scrapegw.com:6060	ConnectionTimeoutError: Connection timeout to host https://discord.com/api/v9/unique-username/username-attempt-unauthed
2026-09-01 18:31:57	NETWORK	iqxs	attempt=1	proxy=http://wiw4v7duaymysz9-session-236ec83c2327-lifetime-10:***@rp.scrapegw.com:6060	ConnectionTimeoutError: Connection timeout to host https://discord.com/api/v9/unique-username/username-attempt-unauthed
2026-09-01 18:31:57	NETWORK	iqxi	attempt=1	proxy=http://wiw4v7duaymysz9-session-4f1392141364-lifetime-10:***@rp.scrapegw.com:6060	ConnectionTimeoutError: Connection timeout to host https://discord.com/api/v9/unique-username/username-attempt-unauthed
2026-09-01 18:31:57	NETWORK	irah	attempt=1	proxy=http://wiw4v7duaymysz9-session-e7bceea55c2c-lifetime-10:***@rp.scrapegw.com:6060	ConnectionTimeoutError: Connection timeout to host https://discord.com/api/v9/unique-username/username-attempt-unauthed
2026-09-01 18:31:57	NETWORK	irde	attempt=1	proxy=http://wiw4v7duaymysz9-session-7811f017fdb6-lifetime-10:***@rp.scrapegw.com:6060	ConnectionTimeoutError: Connection timeout to host https://discord.com/api/v9/unique-username/username-attempt-unauthed
2026-09-01 18:31:57	NETWORK	iqye	attempt=1	proxy=http://wiw4v7duaymysz9-session-2ff0f5fb970c-lifetime-10:***@rp.scrapegw.com:6060	ConnectionTimeoutError: Connection timeout to host https://discord.com/api/v9/unique-username/username-attempt-unauthed
2026-09-01 18:31:57	NETWORK	iqya	attempt=1	proxy=http://wiw4v7duaymysz9-session-5dc79401ee84-lifetime-10:***@rp.scrapegw.com:6060	ConnectionTimeoutError: Connection timeout to host https://discord.com/api/v9/unique-username/username-attempt-unauthed
2026-09-01 18:31:57	NETWORK	irbm	attempt=1	proxy=http://wiw4v7duaymysz9-session-64ce4c4c9179-lifetime-10:***@rp.scrapegw.com:6060	ConnectionTimeoutError: Connection timeout to host https://discord.com/api/v9/unique-username/username-attempt-unauthed
2026-09-01 18:31:57	NETWORK	irbh	attempt=1	proxy=http://wiw4v7duaymysz9-session-545e92d0117c-lifetime-10:***@rp.scrapegw.com:6060	ConnectionTimeoutError: Connection timeout to host https://discord.com/api/v9/unique-username/username-attempt-unauthed
2026-09-01 18:31:57	NETWORK	iqxu	attempt=1	proxy=http://wiw4v7duaymysz9-session-612d2aafed21-lifetime-10:***@rp.scrapegw.com:6060	ConnectionTimeoutError: Connection timeout to host https://discord.com/api/v9/unique-username/username-attempt-unauthed
2026-09-01 18:31:57	NETWORK	irca	attempt=1	proxy=http://wiw4v7duaymysz9-session-2518e41087dc-lifetime-10:***@rp.scrapegw.com:6060	ConnectionTimeoutError: Connection timeout to host https://discord.com/api/v9/unique-username/username-attempt-unauthed
2026-09-01 18:31:57	NETWORK	irdn	attempt=1	proxy=http://wiw4v7duaymysz9-session-9b9044e160e5-lifetime-10:***@rp.scrapegw.com:6060	ConnectionTimeoutError: Connection timeout to host https://discord.com/api/v9/unique-username/username-attempt-unauthed
2026-09-01 18:31:57	NETWORK	iqxy	attempt=1	proxy=http://wiw4v7duaymysz9-session-c68f3d677474-lifetime-10:***@rp.scrapegw.com:6060	ConnectionTimeoutError: Connection timeout to host https://discord.com/api/v9/unique-username/username-attempt-unauthed
2026-09-01 18:31:57	NETWORK	irev	attempt=1	proxy=http://wiw4v7duaymysz9-session-642fe5d34376-lifetime-10:***@rp.scrapegw.com:6060	ConnectionTimeoutError: Connection timeout to host https://discord.com/api/v9/unique-username/username-attempt-unauthed
2026-09-01 18:31:57	NETWORK	ireq	attempt=1	proxy=http://wiw4v7duaymysz9-session-2dc6dfe308b7-lifetime-10:***@rp.scrapegw.com:6060	ConnectionTimeoutError: Connection timeout to host https://discord.com/api/v9/unique-username/username-attempt-unauthed
2026-09-01 18:31:57	NETWORK	irbe	attempt=1	proxy=http://wiw4v7duaymysz9-session-4f28fa4eb8a2-lifetime-10:***@rp.scrapegw.com:6060	ConnectionTimeoutError: Connection timeout to host https://discord.com/api/v9/unique-username/username-attempt-unauthed
2026-09-01 18:31:57	NETWORK	irdm	attempt=1	proxy=http://wiw4v7duaymysz9-session-b220487fd3aa-lifetime-10:***@rp.scrapegw.com:6060	ConnectionTimeoutError: Connection timeout to host https://discord.com/api/v9/unique-username/username-attempt-unauthed
2026-09-01 18:31:57	NETWORK	iqzt	attempt=1	proxy=http://wiw4v7duaymysz9-session-ac5e751f9c65-lifetime-10:***@rp.scrapegw.com:6060	ConnectionTimeoutError: Connection timeout to host https://discord.com/api/v9/unique-username/username-attempt-unauthed
2026-09-01 18:31:57	NETWORK	ishy	attempt=1	proxy=http://wiw4v7duaymysz9-session-5b2e4978043c-lifetime-10:***@rp.scrapegw.com:6060	ClientConnectorError: Cannot connect to host discord.com:443 ssl:default [Connection reset by peer]
2026-09-01 18:31:57	NETWORK	irqw	attempt=1	proxy=http://wiw4v7duaymysz9-session-5c7ed78ac403-lifetime-10:***@rp.scrapegw.com:6060	ClientConnectorError: Cannot connect to host discord.com:443 ssl:default [None]
2026-09-01 18:31:57	HTTP_429	ityt	attempt=1	proxy=http://wiw4v7duaymysz9-session-b83bc5b77a2e-lifetime-10:***@rp.scrapegw.com:6060	scope=shared global=False retry_after=2057.00s
2026-09-01 18:31:58	HTTP_429	iubw	attempt=1	proxy=http://wiw4v7duaymysz9-session-5f7493a1ab55-lifetime-10:***@rp.scrapegw.com:6060	scope=shared global=False retry_after=1946.00s
2026-09-01 18:31:58	HTTP_429	itxu	attempt=1	proxy=http://wiw4v7duaymysz9-session-89eb9bbec234-lifetime-10:***@rp.scrapegw.com:6060	scope=shared global=False retry_after=2049.00s
2026-09-01 18:31:58	HTTP_429	ityp	attempt=1	proxy=http://wiw4v7duaymysz9-session-d26dfcaea17a-lifetime-10:***@rp.scrapegw.com:6060	scope=shared global=False retry_after=2053.00s
2026-09-01 18:31:58	HTTP_429	iucn	attempt=1	proxy=http://wiw4v7duaymysz9-session-ba3023f8f7b8-lifetime-10:***@rp.scrapegw.com:6060	scope=shared global=False retry_after=735.00s
2026-09-01 18:31:58	HTTP_429	itxt	attempt=1	proxy=http://wiw4v7duaymysz9-session-b60b59640481-lifetime-10:***@rp.scrapegw.com:6060	scope=shared global=False retry_after=2055.00s
2026-09-01 18:31:58	NETWORK	irjy	attempt=1	proxy=http://wiw4v7duaymysz9-session-cee6d496ea50-lifetime-10:***@rp.scrapegw.com:6060	ClientConnectorError: Cannot connect to host discord.com:443 ssl:default [Connection reset by peer]
2026-09-01 18:31:58	HTTP_429	irrj	attempt=1	proxy=http://wiw4v7duaymysz9-session-267e9d5c4bb1-lifetime-10:***@rp.scrapegw.com:6060	scope=shared global=False retry_after=1827.00s
2026-09-01 18:31:58	HTTP_429	iufl	attempt=1	proxy=http://wiw4v7duaymysz9-session-45c782e2b73b-lifetime-10:***@rp.scrapegw.com:6060	scope=shared global=False retry_after=940.00s
2026-09-01 18:31:58	NETWORK	irgs	attempt=1	proxy=http://wiw4v7duaymysz9-session-5577addab6d6-lifetime-10:***@rp.scrapegw.com:6060	ConnectionTimeoutError: Connection timeout to host https://discord.com/api/v9/unique-username/username-attempt-unauthed
2026-09-01 18:31:58	NETWORK	irgx	attempt=1	proxy=http://wiw4v7duaymysz9-session-fc1626ec9e8b-lifetime-10:***@rp.scrapegw.com:6060	ConnectionTimeoutError: Connection timeout to host https://discord.com/api/v9/unique-username/username-attempt-unauthed
2026-09-01 18:31:58	NETWORK	irgy	attempt=1	proxy=http://wiw4v7duaymysz9-session-b6c9ed0a9ceb-lifetime-10:***@rp.scrapegw.com:6060	ConnectionTimeoutError: Connection timeout to host https://discord.com/api/v9/unique-username/username-attempt-unauthed
2026-09-01 18:31:58	NETWORK	irhx	attempt=1	proxy=http://wiw4v7duaymysz9-session-62d916956e7d-lifetime-10:***@rp.scrapegw.com:6060	ConnectionTimeoutError: Connection timeout to host https://discord.com/api/v9/unique-username/username-attempt-unauthed
2026-09-01 18:31:58	NETWORK	irjf	attempt=1	proxy=http://wiw4v7duaymysz9-session-868363bc2dfa-lifetime-10:***@rp.scrapegw.com:6060	ConnectionTimeoutError: Connection timeout to host https://discord.com/api/v9/unique-username/username-attempt-unauthed
2026-09-01 18:31:58	NETWORK	irjh	attempt=1	proxy=http://wiw4v7duaymysz9-session-1b82f5f8e511-lifetime-10:***@rp.scrapegw.com:6060	ConnectionTimeoutError: Connection timeout to host https://discord.com/api/v9/unique-username/username-attempt-unauthed
2026-09-01 18:31:58	NETWORK	irki	attempt=1	proxy=http://wiw4v7duaymysz9-session-748c93822310-lifetime-10:***@rp.scrapegw.com:6060	ConnectionTimeoutError: Connection timeout to host https://discord.com/api/v9/unique-username/username-attempt-unauthed
2026-09-01 18:31:58	NETWORK	irih	attempt=1	proxy=http://wiw4v7duaymysz9-session-fa0d1f0d664c-lifetime-10:***@rp.scrapegw.com:6060	ConnectionTimeoutError: Connection timeout to host https://discord.com/api/v9/unique-username/username-attempt-unauthed
2026-09-01 18:31:58	NETWORK	irhz	attempt=1	proxy=http://wiw4v7duaymysz9-session-39d8c22429d9-lifetime-10:***@rp.scrapegw.com:6060	ConnectionTimeoutError: Connection timeout to host https://discord.com/api/v9/unique-username/username-attempt-unauthed
2026-09-01 18:31:58	NETWORK	irkb	attempt=1	proxy=http://wiw4v7duaymysz9-session-6560558c2cfc-lifetime-10:***@rp.scrapegw.com:6060	ConnectionTimeoutError: Connection timeout to host https://discord.com/api/v9/unique-username/username-attempt-unauthed
2026-09-01 18:31:58	NETWORK	irhh	attempt=1	proxy=http://wiw4v7duaymysz9-session-f0b4bc979fcd-lifetime-10:***@rp.scrapegw.com:6060	ConnectionTimeoutError: Connection timeout to host https://discord.com/api/v9/unique-username/username-attempt-unauthed
2026-09-01 18:31:58	NETWORK	iriz	attempt=1	proxy=http://wiw4v7duaymysz9-session-44cf999bad7b-lifetime-10:***@rp.scrapegw.com:6060	ConnectionTimeoutError: Connection timeout to host https://discord.com/api/v9/unique-username/username-attempt-unauthed
2026-09-01 18:31:58	NETWORK	irfm	attempt=1	proxy=http://wiw4v7duaymysz9-session-645c49762859-lifetime-10:***@rp.scrapegw.com:6060	ConnectionTimeoutError: Connection timeout to host https://discord.com/api/v9/unique-username/username-attempt-unauthed
2026-09-01 18:31:58	NETWORK	irgu	attempt=1	proxy=http://wiw4v7duaymysz9-session-bb3b9976a819-lifetime-10:***@rp.scrapegw.com:6060	ConnectionTimeoutError: Connection timeout to host https://discord.com/api/v9/unique-username/username-attempt-unauthed
2026-09-01 18:31:58	NETWORK	irkm	attempt=1	proxy=http://wiw4v7duaymysz9-session-9a13c1c6291e-lifetime-10:***@rp.scrapegw.com:6060	ConnectionTimeoutError: Connection timeout to host https://discord.com/api/v9/unique-username/username-attempt-unauthed
2026-09-01 18:31:58	NETWORK	irjt	attempt=1	proxy=http://wiw4v7duaymysz9-session-086298fb7189-lifetime-10:***@rp.scrapegw.com:6060	ConnectionTimeoutError: Connection timeout to host https://discord.com/api/v9/unique-username/username-attempt-unauthed
2026-09-01 18:31:58	NETWORK	irft	attempt=1	proxy=http://wiw4v7duaymysz9-session-2f3ff20ece6d-lifetime-10:***@rp.scrapegw.com:6060	ConnectionTimeoutError: Connection timeout to host https://discord.com/api/v9/unique-username/username-attempt-unauthed
2026-09-01 18:31:58	NETWORK	irjd	attempt=1	proxy=http://wiw4v7duaymysz9-session-47a5150fa2c8-lifetime-10:***@rp.scrapegw.com:6060	ConnectionTimeoutError: Connection timeout to host https://discord.com/api/v9/unique-username/username-attempt-unauthed
2026-09-01 18:31:58	NETWORK	irgi	attempt=1	proxy=http://wiw4v7duaymysz9-session-6edf37329309-lifetime-10:***@rp.scrapegw.com:6060	ConnectionTimeoutError: Connection timeout to host https://discord.com/api/v9/unique-username/username-attempt-unauthed
2026-09-01 18:31:58	NETWORK	irji	attempt=1	proxy=http://wiw4v7duaymysz9-session-3bb86e45cb50-lifetime-10:***@rp.scrapegw.com:6060	ConnectionTimeoutError: Connection timeout to host https://discord.com/api/v9/unique-username/username-attempt-unauthed
2026-09-01 18:31:58	NETWORK	irfv	attempt=1	proxy=http://wiw4v7duaymysz9-session-c21bf0ae4a99-lifetime-10:***@rp.scrapegw.com:6060	ConnectionTimeoutError: Connection timeout to host https://discord.com/api/v9/unique-username/username-attempt-unauthed
2026-09-01 18:31:58	NETWORK	irix	attempt=1	proxy=http://wiw4v7duaymysz9-session-7cd75e7f9ccb-lifetime-10:***@rp.scrapegw.com:6060	ConnectionTimeoutError: Connection timeout to host https://discord.com/api/v9/unique-username/username-attempt-unauthed
2026-09-01 18:31:58	NETWORK	irfw	attempt=1	proxy=http://wiw4v7duaymysz9-session-85615588c5b6-lifetime-10:***@rp.scrapegw.com:6060	ConnectionTimeoutError: Connection timeout to host https://discord.com/api/v9/unique-username/username-attempt-unauthed
2026-09-01 18:31:58	NETWORK	irgb	attempt=1	proxy=http://wiw4v7duaymysz9-session-4846cc7285aa-lifetime-10:***@rp.scrapegw.com:6060	ConnectionTimeoutError: Connection timeout to host https://discord.com/api/v9/unique-username/username-attempt-unauthed
2026-09-01 18:31:58	NETWORK	irho	attempt=1	proxy=http://wiw4v7duaymysz9-session-7226dad1d9d3-lifetime-10:***@rp.scrapegw.com:6060	ConnectionTimeoutError: Connection timeout to host https://discord.com/api/v9/unique-username/username-attempt-unauthed
2026-09-01 18:31:58	NETWORK	irhb	attempt=1	proxy=http://wiw4v7duaymysz9-session-6db512b18812-lifetime-10:***@rp.scrapegw.com:6060	ConnectionTimeoutError: Connection timeout to host https://discord.com/api/v9/unique-username/username-attempt-unauthed
2026-09-01 18:31:58	NETWORK	irgc	attempt=1	proxy=http://wiw4v7duaymysz9-session-b706399fe66b-lifetime-10:***@rp.scrapegw.com:6060	ConnectionTimeoutError: Connection timeout to host https://discord.com/api/v9/unique-username/username-attempt-unauthed
2026-09-01 18:31:58	NETWORK	irfu	attempt=1	proxy=http://wiw4v7duaymysz9-session-de4d65a82df1-lifetime-10:***@rp.scrapegw.com:6060	ConnectionTimeoutError: Connection timeout to host https://discord.com/api/v9/unique-username/username-attempt-unauthed
2026-09-01 18:31:58	NETWORK	irhl	attempt=1	proxy=http://wiw4v7duaymysz9-session-bfe03e10428a-lifetime-10:***@rp.scrapegw.com:6060	ConnectionTimeoutError: Connection timeout to host https://discord.com/api/v9/unique-username/username-attempt-unauthed
2026-09-01 18:31:58	HTTP_429	iuky	attempt=1	proxy=http://wiw4v7duaymysz9-session-1e2a669a038b-lifetime-10:***@rp.scrapegw.com:6060	scope=shared global=False retry_after=889.00s
2026-09-01 18:31:59	HTTP_429	iulj	attempt=1	proxy=http://wiw4v7duaymysz9-session-90b7173a56a3-lifetime-10:***@rp.scrapegw.com:6060	scope=shared global=False retry_after=2049.00s
2026-09-01 18:31:59	NETWORK	irrh	attempt=1	proxy=http://wiw4v7duaymysz9-session-8268333556df-lifetime-10:***@rp.scrapegw.com:6060	ConnectionTimeoutError: Connection timeout to host https://discord.com/api/v9/unique-username/username-attempt-unauthed
2026-09-01 18:31:59	NETWORK	irmu	attempt=1	proxy=http://wiw4v7duaymysz9-session-dc4bf42a5f77-lifetime-10:***@rp.scrapegw.com:6060	ConnectionTimeoutError: Connection timeout to host https://discord.com/api/v9/unique-username/username-attempt-unauthed
2026-09-01 18:31:59	NETWORK	irqz	attempt=1	proxy=http://wiw4v7duaymysz9-session-25af958e4c0a-lifetime-10:***@rp.scrapegw.com:6060	ConnectionTimeoutError: Connection timeout to host https://discord.com/api/v9/unique-username/username-attempt-unauthed
2026-09-01 18:31:59	NETWORK	irqv	attempt=1	proxy=http://wiw4v7duaymysz9-session-89f30cb56c7d-lifetime-10:***@rp.scrapegw.com:6060	ConnectionTimeoutError: Connection timeout to host https://discord.com/api/v9/unique-username/username-attempt-unauthed
2026-09-01 18:31:59	NETWORK	irqo	attempt=1	proxy=http://wiw4v7duaymysz9-session-8d96e76a7cb8-lifetime-10:***@rp.scrapegw.com:6060	ConnectionTimeoutError: Connection timeout to host https://discord.com/api/v9/unique-username/username-attempt-unauthed
2026-09-01 18:31:59	NETWORK	irqs	attempt=1	proxy=http://wiw4v7duaymysz9-session-5e4c41bfe9d1-lifetime-10:***@rp.scrapegw.com:6060	ConnectionTimeoutError: Connection timeout to host https://discord.com/api/v9/unique-username/username-attempt-unauthed
2026-09-01 18:31:59	NETWORK	irpp	attempt=1	proxy=http://wiw4v7duaymysz9-session-2dcaa4ac341e-lifetime-10:***@rp.scrapegw.com:6060	ConnectionTimeoutError: Connection timeout to host https://discord.com/api/v9/unique-username/username-attempt-unauthed
2026-09-01 18:31:59	NETWORK	irlk	attempt=1	proxy=http://wiw4v7duaymysz9-session-8933157e79f1-lifetime-10:***@rp.scrapegw.com:6060	ConnectionTimeoutError: Connection timeout to host https://discord.com/api/v9/unique-username/username-attempt-unauthed
2026-09-01 18:31:59	NETWORK	irky	attempt=1	proxy=http://wiw4v7duaymysz9-session-6b8bea9b5b73-lifetime-10:***@rp.scrapegw.com:6060	ConnectionTimeoutError: Connection timeout to host https://discord.com/api/v9/unique-username/username-attempt-unauthed
2026-09-01 18:31:59	NETWORK	irqq	attempt=1	proxy=http://wiw4v7duaymysz9-session-ac7e43e2d6a9-lifetime-10:***@rp.scrapegw.com:6060	ConnectionTimeoutError: Connection timeout to host https://discord.com/api/v9/unique-username/username-attempt-unauthed
2026-09-01 18:31:59	NETWORK	irlt	attempt=1	proxy=http://wiw4v7duaymysz9-session-69531761b021-lifetime-10:***@rp.scrapegw.com:6060	ConnectionTimeoutError: Connection timeout to host https://discord.com/api/v9/unique-username/username-attempt-unauthed
2026-09-01 18:31:59	NETWORK	iros	attempt=1	proxy=http://wiw4v7duaymysz9-session-7110789f7a56-lifetime-10:***@rp.scrapegw.com:6060	ConnectionTimeoutError: Connection timeout to host https://discord.com/api/v9/unique-username/username-attempt-unauthed
2026-09-01 18:31:59	NETWORK	irpz	attempt=1	proxy=http://wiw4v7duaymysz9-session-6252ffed3439-lifetime-10:***@rp.scrapegw.com:6060	ConnectionTimeoutError: Connection timeout to host https://discord.com/api/v9/unique-username/username-attempt-unauthed
2026-09-01 18:31:59	NETWORK	irof	attempt=1	proxy=http://wiw4v7duaymysz9-session-8661e03482e0-lifetime-10:***@rp.scrapegw.com:6060	ConnectionTimeoutError: Connection timeout to host https://discord.com/api/v9/unique-username/username-attempt-unauthed
2026-09-01 18:31:59	NETWORK	iroc	attempt=1	proxy=http://wiw4v7duaymysz9-session-b2c6b0ec580d-lifetime-10:***@rp.scrapegw.com:6060	ConnectionTimeoutError: Connection timeout to host https://discord.com/api/v9/unique-username/username-attempt-unauthed
2026-09-01 18:31:59	NETWORK	irpn	attempt=1	proxy=http://wiw4v7duaymysz9-session-ce88e47a1ec2-lifetime-10:***@rp.scrapegw.com:6060	ConnectionTimeoutError: Connection timeout to host https://discord.com/api/v9/unique-username/username-attempt-unauthed
2026-09-01 18:31:59	NETWORK	irnq	attempt=1	proxy=http://wiw4v7duaymysz9-session-2c77d36f3845-lifetime-10:***@rp.scrapegw.com:6060	ConnectionTimeoutError: Connection timeout to host https://discord.com/api/v9/unique-username/username-attempt-unauthed
2026-09-01 18:31:59	NETWORK	irmh	attempt=1	proxy=http://wiw4v7duaymysz9-session-954fa9bdd947-lifetime-10:***@rp.scrapegw.com:6060	ConnectionTimeoutError: Connection timeout to host https://discord.com/api/v9/unique-username/username-attempt-unauthed
2026-09-01 18:31:59	NETWORK	irkr	attempt=1	proxy=http://wiw4v7duaymysz9-session-a7dd15532376-lifetime-10:***@rp.scrapegw.com:6060	ConnectionTimeoutError: Connection timeout to host https://discord.com/api/v9/unique-username/username-attempt-unauthed
2026-09-01 18:31:59	NETWORK	irmv	attempt=1	proxy=http://wiw4v7duaymysz9-session-692fd58dccc4-lifetime-10:***@rp.scrapegw.com:6060	ConnectionTimeoutError: Connection timeout to host https://discord.com/api/v9/unique-username/username-attempt-unauthed
2026-09-01 18:31:59	NETWORK	irqu	attempt=1	proxy=http://wiw4v7duaymysz9-session-fee9942933a6-lifetime-10:***@rp.scrapegw.com:6060	ConnectionTimeoutError: Connection timeout to host https://discord.com/api/v9/unique-username/username-attempt-unauthed
2026-09-01 18:31:59	NETWORK	irnh	attempt=1	proxy=http://wiw4v7duaymysz9-session-37fc17c7755f-lifetime-10:***@rp.scrapegw.com:6060	ConnectionTimeoutError: Connection timeout to host https://discord.com/api/v9/unique-username/username-attempt-unauthed
2026-09-01 18:31:59	NETWORK	irnk	attempt=1	proxy=http://wiw4v7duaymysz9-session-00cc633aab11-lifetime-10:***@rp.scrapegw.com:6060	ConnectionTimeoutError: Connection timeout to host https://discord.com/api/v9/unique-username/username-attempt-unauthed
2026-09-01 18:31:59	NETWORK	irpk	attempt=1	proxy=http://wiw4v7duaymysz9-session-862d9ab8c7ee-lifetime-10:***@rp.scrapegw.com:6060	ConnectionTimeoutError: Connection timeout to host https://discord.com/api/v9/unique-username/username-attempt-unauthed
2026-09-01 18:31:59	NETWORK	irpa	attempt=1	proxy=http://wiw4v7duaymysz9-session-8916d7b69f5f-lifetime-10:***@rp.scrapegw.com:6060	ConnectionTimeoutError: Connection timeout to host https://discord.com/api/v9/unique-username/username-attempt-unauthed
2026-09-01 18:31:59	NETWORK	irma	attempt=1	proxy=http://wiw4v7duaymysz9-session-1e73e3012c16-lifetime-10:***@rp.scrapegw.com:6060	ConnectionTimeoutError: Connection timeout to host https://discord.com/api/v9/unique-username/username-attempt-unauthed
2026-09-01 18:31:59	NETWORK	irow	attempt=1	proxy=http://wiw4v7duaymysz9-session-d0413a637219-lifetime-10:***@rp.scrapegw.com:6060	ConnectionTimeoutError: Connection timeout to host https://discord.com/api/v9/unique-username/username-attempt-unauthed
2026-09-01 18:31:59	NETWORK	irov	attempt=1	proxy=http://wiw4v7duaymysz9-session-6ceb813fafb1-lifetime-10:***@rp.scrapegw.com:6060	ConnectionTimeoutError: Connection timeout to host https://discord.com/api/v9/unique-username/username-attempt-unauthed
2026-09-01 18:31:59	NETWORK	irnw	attempt=1	proxy=http://wiw4v7duaymysz9-session-b154b0da70ba-lifetime-10:***@rp.scrapegw.com:6060	ConnectionTimeoutError: Connection timeout to host https://discord.com/api/v9/unique-username/username-attempt-unauthed
2026-09-01 18:31:59	NETWORK	irlz	attempt=1	proxy=http://wiw4v7duaymysz9-session-d9b78aed9422-lifetime-10:***@rp.scrapegw.com:6060	ConnectionTimeoutError: Connection timeout to host https://discord.com/api/v9/unique-username/username-attempt-unauthed
2026-09-01 18:31:59	NETWORK	irlr	attempt=1	proxy=http://wiw4v7duaymysz9-session-a7d7b5ee74a6-lifetime-10:***@rp.scrapegw.com:6060	ConnectionTimeoutError: Connection timeout to host https://discord.com/api/v9/unique-username/username-attempt-unauthed
2026-09-01 18:31:59	NETWORK	iroi	attempt=1	proxy=http://wiw4v7duaymysz9-session-24b6503202c6-lifetime-10:***@rp.scrapegw.com:6060	ConnectionTimeoutError: Connection timeout to host https://discord.com/api/v9/unique-username/username-attempt-unauthed
2026-09-01 18:31:59	NETWORK	irnn	attempt=1	proxy=http://wiw4v7duaymysz9-session-94ebc2bddef2-lifetime-10:***@rp.scrapegw.com:6060	ConnectionTimeoutError: Connection timeout to host https://discord.com/api/v9/unique-username/username-attempt-unauthed
2026-09-01 18:32:00	HTTP_429	iupi	attempt=1	proxy=http://wiw4v7duaymysz9-session-db6399b1dc3b-lifetime-10:***@rp.scrapegw.com:6060	scope=shared global=False retry_after=1885.00s
2026-09-01 18:32:00	HTTP_429	iuos	attempt=1	proxy=http://wiw4v7duaymysz9-session-de2cc8c31cec-lifetime-10:***@rp.scrapegw.com:6060	scope=shared global=False retry_after=1933.00s
2026-09-01 18:32:00	NETWORK	irtb	attempt=1	proxy=http://wiw4v7duaymysz9-session-5f3c39e0a361-lifetime-10:***@rp.scrapegw.com:6060	ClientConnectorError: Cannot connect to host discord.com:443 ssl:default [Connection reset by peer]
2026-09-01 18:32:00	NETWORK	isii	attempt=1	proxy=http://wiw4v7duaymysz9-session-56ad5f7921df-lifetime-10:***@rp.scrapegw.com:6060	ClientConnectorError: Cannot connect to host discord.com:443 ssl:default [Connection reset by peer]
2026-09-01 18:32:00	HTTP_429	iusf	attempt=1	proxy=http://wiw4v7duaymysz9-session-f75ba667c430-lifetime-10:***@rp.scrapegw.com:6060	scope=shared global=False retry_after=158.00s
2026-09-01 18:32:00	NETWORK	iswj	attempt=1	proxy=http://wiw4v7duaymysz9-session-94612d24a573-lifetime-10:***@rp.scrapegw.com:6060	ClientConnectorError: Cannot connect to host discord.com:443 ssl:default [Connection reset by peer]
2026-09-01 18:32:00	NETWORK	isuv	attempt=1	proxy=http://wiw4v7duaymysz9-session-0083f373009f-lifetime-10:***@rp.scrapegw.com:6060	ClientConnectorError: Cannot connect to host discord.com:443 ssl:default [Connection reset by peer]
2026-09-01 18:32:00	NETWORK	irua	attempt=1	proxy=http://wiw4v7duaymysz9-session-46cb94c1e7c9-lifetime-10:***@rp.scrapegw.com:6060	ConnectionTimeoutError: Connection timeout to host https://discord.com/api/v9/unique-username/username-attempt-unauthed
2026-09-01 18:32:00	NETWORK	irvj	attempt=1	proxy=http://wiw4v7duaymysz9-session-fa5eda7a04d0-lifetime-10:***@rp.scrapegw.com:6060	ConnectionTimeoutError: Connection timeout to host https://discord.com/api/v9/unique-username/username-attempt-unauthed
2026-09-01 18:32:00	NETWORK	irxi	attempt=1	proxy=http://wiw4v7duaymysz9-session-05e7db597030-lifetime-10:***@rp.scrapegw.com:6060	ConnectionTimeoutError: Connection timeout to host https://discord.com/api/v9/unique-username/username-attempt-unauthed
2026-09-01 18:32:00	NETWORK	irti	attempt=1	proxy=http://wiw4v7duaymysz9-session-ca502fd8c7fe-lifetime-10:***@rp.scrapegw.com:6060	ConnectionTimeoutError: Connection timeout to host https://discord.com/api/v9/unique-username/username-attempt-unauthed
2026-09-01 18:32:00	NETWORK	irwm	attempt=1	proxy=http://wiw4v7duaymysz9-session-7cd1c8cb313e-lifetime-10:***@rp.scrapegw.com:6060	ConnectionTimeoutError: Connection timeout to host https://discord.com/api/v9/unique-username/username-attempt-unauthed
2026-09-01 18:32:00	NETWORK	irsn	attempt=1	proxy=http://wiw4v7duaymysz9-session-33f6e1986789-lifetime-10:***@rp.scrapegw.com:6060	ConnectionTimeoutError: Connection timeout to host https://discord.com/api/v9/unique-username/username-attempt-unauthed
2026-09-01 18:32:00	NETWORK	irtl	attempt=1	proxy=http://wiw4v7duaymysz9-session-2f9bd982a440-lifetime-10:***@rp.scrapegw.com:6060	ConnectionTimeoutError: Connection timeout to host https://discord.com/api/v9/unique-username/username-attempt-unauthed
2026-09-01 18:32:00	NETWORK	irvq	attempt=1	proxy=http://wiw4v7duaymysz9-session-a1fba094343e-lifetime-10:***@rp.scrapegw.com:6060	ConnectionTimeoutError: Connection timeout to host https://discord.com/api/v9/unique-username/username-attempt-unauthed
2026-09-01 18:32:00	NETWORK	irvo	attempt=1	proxy=http://wiw4v7duaymysz9-session-c86896a44484-lifetime-10:***@rp.scrapegw.com:6060	ConnectionTimeoutError: Connection timeout to host https://discord.com/api/v9/unique-username/username-attempt-unauthed
2026-09-01 18:32:00	NETWORK	irvf	attempt=1	proxy=http://wiw4v7duaymysz9-session-46289167d934-lifetime-10:***@rp.scrapegw.com:6060	ConnectionTimeoutError: Connection timeout to host https://discord.com/api/v9/unique-username/username-attempt-unauthed
2026-09-01 18:32:00	NETWORK	irsd	attempt=1	proxy=http://wiw4v7duaymysz9-session-96ad86433db0-lifetime-10:***@rp.scrapegw.com:6060	ConnectionTimeoutError: Connection timeout to host https://discord.com/api/v9/unique-username/username-attempt-unauthed
2026-09-01 18:32:00	NETWORK	irsv	attempt=1	proxy=http://wiw4v7duaymysz9-session-98e036cf5fc4-lifetime-10:***@rp.scrapegw.com:6060	ConnectionTimeoutError: Connection timeout to host https://discord.com/api/v9/unique-username/username-attempt-unauthed
2026-09-01 18:32:00	NETWORK	irvn	attempt=1	proxy=http://wiw4v7duaymysz9-session-e38a38178794-lifetime-10:***@rp.scrapegw.com:6060	ConnectionTimeoutError: Connection timeout to host https://discord.com/api/v9/unique-username/username-attempt-unauthed
2026-09-01 18:32:00	NETWORK	irxz	attempt=1	proxy=http://wiw4v7duaymysz9-session-cb662b8a1e01-lifetime-10:***@rp.scrapegw.com:6060	ConnectionTimeoutError: Connection timeout to host https://discord.com/api/v9/unique-username/username-attempt-unauthed
2026-09-01 18:32:00	NETWORK	irth	attempt=1	proxy=http://wiw4v7duaymysz9-session-9bf39f58a3fb-lifetime-10:***@rp.scrapegw.com:6060	ConnectionTimeoutError: Connection timeout to host https://discord.com/api/v9/unique-username/username-attempt-unauthed
2026-09-01 18:32:00	NETWORK	irxq	attempt=1	proxy=http://wiw4v7duaymysz9-session-77751dd0a966-lifetime-10:***@rp.scrapegw.com:6060	ConnectionTimeoutError: Connection timeout to host https://discord.com/api/v9/unique-username/username-attempt-unauthed
2026-09-01 18:32:00	NETWORK	irsq	attempt=1	proxy=http://wiw4v7duaymysz9-session-fefadc50409f-lifetime-10:***@rp.scrapegw.com:6060	ConnectionTimeoutError: Connection timeout to host https://discord.com/api/v9/unique-username/username-attempt-unauthed
2026-09-01 18:32:00	NETWORK	irvr	attempt=1	proxy=http://wiw4v7duaymysz9-session-47bcca28db3d-lifetime-10:***@rp.scrapegw.com:6060	ConnectionTimeoutError: Connection timeout to host https://discord.com/api/v9/unique-username/username-attempt-unauthed
2026-09-01 18:32:00	NETWORK	irxe	attempt=1	proxy=http://wiw4v7duaymysz9-session-1319f76ce4a8-lifetime-10:***@rp.scrapegw.com:6060	ConnectionTimeoutError: Connection timeout to host https://discord.com/api/v9/unique-username/username-attempt-unauthed
2026-09-01 18:32:00	NETWORK	irvy	attempt=1	proxy=http://wiw4v7duaymysz9-session-9f19ddf8be2f-lifetime-10:***@rp.scrapegw.com:6060	ConnectionTimeoutError: Connection timeout to host https://discord.com/api/v9/unique-username/username-attempt-unauthed
2026-09-01 18:32:00	NETWORK	irwo	attempt=1	proxy=http://wiw4v7duaymysz9-session-28c037e975ec-lifetime-10:***@rp.scrapegw.com:6060	ConnectionTimeoutError: Connection timeout to host https://discord.com/api/v9/unique-username/username-attempt-unauthed
2026-09-01 18:32:00	NETWORK	irtw	attempt=1	proxy=http://wiw4v7duaymysz9-session-11635b6aee8e-lifetime-10:***@rp.scrapegw.com:6060	ConnectionTimeoutError: Connection timeout to host https://discord.com/api/v9/unique-username/username-attempt-unauthed
2026-09-01 18:32:00	NETWORK	irxl	attempt=1	proxy=http://wiw4v7duaymysz9-session-3e5fa7162212-lifetime-10:***@rp.scrapegw.com:6060	ConnectionTimeoutError: Connection timeout to host https://discord.com/api/v9/unique-username/username-attempt-unauthed
2026-09-01 18:32:00	NETWORK	irxh	attempt=1	proxy=http://wiw4v7duaymysz9-session-54da11cde70c-lifetime-10:***@rp.scrapegw.com:6060	ConnectionTimeoutError: Connection timeout to host https://discord.com/api/v9/unique-username/username-attempt-unauthed
2026-09-01 18:32:00	NETWORK	irvz	attempt=1	proxy=http://wiw4v7duaymysz9-session-ea28e828cd0b-lifetime-10:***@rp.scrapegw.com:6060	ConnectionTimeoutError: Connection timeout to host https://discord.com/api/v9/unique-username/username-attempt-unauthed
2026-09-01 18:32:00	NETWORK	irwq	attempt=1	proxy=http://wiw4v7duaymysz9-session-4263bcdee1b0-lifetime-10:***@rp.scrapegw.com:6060	ConnectionTimeoutError: Connection timeout to host https://discord.com/api/v9/unique-username/username-attempt-unauthed
2026-09-01 18:32:00	NETWORK	irwn	attempt=1	proxy=http://wiw4v7duaymysz9-session-f0c9a3370bbb-lifetime-10:***@rp.scrapegw.com:6060	ConnectionTimeoutError: Connection timeout to host https://discord.com/api/v9/unique-username/username-attempt-unauthed
2026-09-01 18:32:00	NETWORK	irsu	attempt=1	proxy=http://wiw4v7duaymysz9-session-721f087bbdeb-lifetime-10:***@rp.scrapegw.com:6060	ConnectionTimeoutError: Connection timeout to host https://discord.com/api/v9/unique-username/username-attempt-unauthed
2026-09-01 18:32:00	NETWORK	irtn	attempt=1	proxy=http://wiw4v7duaymysz9-session-64574076bef8-lifetime-10:***@rp.scrapegw.com:6060	ConnectionTimeoutError: Connection timeout to host https://discord.com/api/v9/unique-username/username-attempt-unauthed
2026-09-01 18:32:00	NETWORK	irvp	attempt=1	proxy=http://wiw4v7duaymysz9-session-f1a4f6efdeeb-lifetime-10:***@rp.scrapegw.com:6060	ConnectionTimeoutError: Connection timeout to host https://discord.com/api/v9/unique-username/username-attempt-unauthed
2026-09-01 18:32:00	NETWORK	irsr	attempt=1	proxy=http://wiw4v7duaymysz9-session-1ba72c396144-lifetime-10:***@rp.scrapegw.com:6060	ConnectionTimeoutError: Connection timeout to host https://discord.com/api/v9/unique-username/username-attempt-unauthed
2026-09-01 18:32:00	NETWORK	iruf	attempt=1	proxy=http://wiw4v7duaymysz9-session-68c4899a03d3-lifetime-10:***@rp.scrapegw.com:6060	ConnectionTimeoutError: Connection timeout to host https://discord.com/api/v9/unique-username/username-attempt-unauthed
2026-09-01 18:32:00	NETWORK	irvl	attempt=1	proxy=http://wiw4v7duaymysz9-session-01f0a9b0bfa9-lifetime-10:***@rp.scrapegw.com:6060	ConnectionTimeoutError: Connection timeout to host https://discord.com/api/v9/unique-username/username-attempt-unauthed
2026-09-01 18:32:00	NETWORK	iruk	attempt=1	proxy=http://wiw4v7duaymysz9-session-2ecbd699dcaa-lifetime-10:***@rp.scrapegw.com:6060	ConnectionTimeoutError: Connection timeout to host https://discord.com/api/v9/unique-username/username-attempt-unauthed
2026-09-01 18:32:01	HTTP_429	iuue	attempt=1	proxy=http://wiw4v7duaymysz9-session-7e090f1ec654-lifetime-10:***@rp.scrapegw.com:6060	scope=shared global=False retry_after=2051.00s
2026-09-01 18:32:01	HTTP_429	iury	attempt=1	proxy=http://wiw4v7duaymysz9-session-a816eb79eeed-lifetime-10:***@rp.scrapegw.com:6060	scope=shared global=False retry_after=763.00s
2026-09-01 18:32:01	HTTP_429	iuzm	attempt=1	proxy=http://wiw4v7duaymysz9-session-55c20a032aa6-lifetime-10:***@rp.scrapegw.com:6060	scope=shared global=False retry_after=1633.00s
2026-09-01 18:32:01	HTTP_429	iuwx	attempt=1	proxy=http://wiw4v7duaymysz9-session-81ac5bd701e2-lifetime-10:***@rp.scrapegw.com:6060	scope=shared global=False retry_after=2057.00s
2026-09-01 18:32:01	HTTP_429	isyf	attempt=1	proxy=http://wiw4v7duaymysz9-session-c7a53b88a3d9-lifetime-10:***@rp.scrapegw.com:6060	scope=shared global=False retry_after=1313.00s
2026-09-01 18:32:01	NETWORK	isfd	attempt=1	proxy=http://wiw4v7duaymysz9-session-d798c9d5386a-lifetime-10:***@rp.scrapegw.com:6060	ConnectionTimeoutError: Connection timeout to host https://discord.com/api/v9/unique-username/username-attempt-unauthed
2026-09-01 18:32:01	NETWORK	iryi	attempt=1	proxy=http://wiw4v7duaymysz9-session-edc4123a7b88-lifetime-10:***@rp.scrapegw.com:6060	ConnectionTimeoutError: Connection timeout to host https://discord.com/api/v9/unique-username/username-attempt-unauthed
2026-09-01 18:32:01	NETWORK	iryv	attempt=1	proxy=http://wiw4v7duaymysz9-session-154fc6543277-lifetime-10:***@rp.scrapegw.com:6060	ConnectionTimeoutError: Connection timeout to host https://discord.com/api/v9/unique-username/username-attempt-unauthed
2026-09-01 18:32:01	NETWORK	isfo	attempt=1	proxy=http://wiw4v7duaymysz9-session-050b44e1d042-lifetime-10:***@rp.scrapegw.com:6060	ConnectionTimeoutError: Connection timeout to host https://discord.com/api/v9/unique-username/username-attempt-unauthed
2026-09-01 18:32:01	NETWORK	ishh	attempt=1	proxy=http://wiw4v7duaymysz9-session-4799f8c2d56a-lifetime-10:***@rp.scrapegw.com:6060	ConnectionTimeoutError: Connection timeout to host https://discord.com/api/v9/unique-username/username-attempt-unauthed
2026-09-01 18:32:01	NETWORK	irzz	attempt=1	proxy=http://wiw4v7duaymysz9-session-b565f4e5f6db-lifetime-10:***@rp.scrapegw.com:6060	ConnectionTimeoutError: Connection timeout to host https://discord.com/api/v9/unique-username/username-attempt-unauthed
2026-09-01 18:32:01	NETWORK	isdp	attempt=1	proxy=http://wiw4v7duaymysz9-session-28a6202cd7bf-lifetime-10:***@rp.scrapegw.com:6060	ConnectionTimeoutError: Connection timeout to host https://discord.com/api/v9/unique-username/username-attempt-unauthed
2026-09-01 18:32:01	NETWORK	ishi	attempt=1	proxy=http://wiw4v7duaymysz9-session-499c0c0988e5-lifetime-10:***@rp.scrapegw.com:6060	ConnectionTimeoutError: Connection timeout to host https://discord.com/api/v9/unique-username/username-attempt-unauthed
2026-09-01 18:32:01	NETWORK	iser	attempt=1	proxy=http://wiw4v7duaymysz9-session-d364a2c84208-lifetime-10:***@rp.scrapegw.com:6060	ConnectionTimeoutError: Connection timeout to host https://discord.com/api/v9/unique-username/username-attempt-unauthed
2026-09-01 18:32:01	NETWORK	isdh	attempt=1	proxy=http://wiw4v7duaymysz9-session-3e296c04a9e9-lifetime-10:***@rp.scrapegw.com:6060	ConnectionTimeoutError: Connection timeout to host https://discord.com/api/v9/unique-username/username-attempt-unauthed
2026-09-01 18:32:01	NETWORK	isdd	attempt=1	proxy=http://wiw4v7duaymysz9-session-da31b59f62db-lifetime-10:***@rp.scrapegw.com:6060	ConnectionTimeoutError: Connection timeout to host https://discord.com/api/v9/unique-username/username-attempt-unauthed
2026-09-01 18:32:01	NETWORK	irzd	attempt=1	proxy=http://wiw4v7duaymysz9-session-54ae47e4b8a0-lifetime-10:***@rp.scrapegw.com:6060	ConnectionTimeoutError: Connection timeout to host https://discord.com/api/v9/unique-username/username-attempt-unauthed
2026-09-01 18:32:01	NETWORK	isbr	attempt=1	proxy=http://wiw4v7duaymysz9-session-f10947c1de00-lifetime-10:***@rp.scrapegw.com:6060	ConnectionTimeoutError: Connection timeout to host https://discord.com/api/v9/unique-username/username-attempt-unauthed
2026-09-01 18:32:01	NETWORK	isgr	attempt=1	proxy=http://wiw4v7duaymysz9-session-33180c80df2c-lifetime-10:***@rp.scrapegw.com:6060	ConnectionTimeoutError: Connection timeout to host https://discord.com/api/v9/unique-username/username-attempt-unauthed
2026-09-01 18:32:01	NETWORK	isde	attempt=1	proxy=http://wiw4v7duaymysz9-session-611ad2be6c4d-lifetime-10:***@rp.scrapegw.com:6060	ConnectionTimeoutError: Connection timeout to host https://discord.com/api/v9/unique-username/username-attempt-unauthed
2026-09-01 18:32:01	NETWORK	isct	attempt=1	proxy=http://wiw4v7duaymysz9-session-490d33775a97-lifetime-10:***@rp.scrapegw.com:6060	ConnectionTimeoutError: Connection timeout to host https://discord.com/api/v9/unique-username/username-attempt-unauthed
2026-09-01 18:32:01	NETWORK	iryf	attempt=1	proxy=http://wiw4v7duaymysz9-session-8dd366da7f99-lifetime-10:***@rp.scrapegw.com:6060	ConnectionTimeoutError: Connection timeout to host https://discord.com/api/v9/unique-username/username-attempt-unauthed
2026-09-01 18:32:01	NETWORK	iscp	attempt=1	proxy=http://wiw4v7duaymysz9-session-2e6ef486678f-lifetime-10:***@rp.scrapegw.com:6060	ConnectionTimeoutError: Connection timeout to host https://discord.com/api/v9/unique-username/username-attempt-unauthed
2026-09-01 18:32:01	NETWORK	ishc	attempt=1	proxy=http://wiw4v7duaymysz9-session-d4a9aa4102a8-lifetime-10:***@rp.scrapegw.com:6060	ConnectionTimeoutError: Connection timeout to host https://discord.com/api/v9/unique-username/username-attempt-unauthed
2026-09-01 18:32:01	NETWORK	isei	attempt=1	proxy=http://wiw4v7duaymysz9-session-b91cbf6dd24d-lifetime-10:***@rp.scrapegw.com:6060	ConnectionTimeoutError: Connection timeout to host https://discord.com/api/v9/unique-username/username-attempt-unauthed
2026-09-01 18:32:01	NETWORK	ised	attempt=1	proxy=http://wiw4v7duaymysz9-session-e1de3a22ca3d-lifetime-10:***@rp.scrapegw.com:6060	ConnectionTimeoutError: Connection timeout to host https://discord.com/api/v9/unique-username/username-attempt-unauthed
2026-09-01 18:32:01	NETWORK	ishk	attempt=1	proxy=http://wiw4v7duaymysz9-session-a5def0f2a372-lifetime-10:***@rp.scrapegw.com:6060	ConnectionTimeoutError: Connection timeout to host https://discord.com/api/v9/unique-username/username-attempt-unauthed
2026-09-01 18:32:01	NETWORK	isdv	attempt=1	proxy=http://wiw4v7duaymysz9-session-09015dbd34b5-lifetime-10:***@rp.scrapegw.com:6060	ConnectionTimeoutError: Connection timeout to host https://discord.com/api/v9/unique-username/username-attempt-unauthed
2026-09-01 18:32:01	NETWORK	isdw	attempt=1	proxy=http://wiw4v7duaymysz9-session-8d106bec26a8-lifetime-10:***@rp.scrapegw.com:6060	ConnectionTimeoutError: Connection timeout to host https://discord.com/api/v9/unique-username/username-attempt-unauthed
2026-09-01 18:32:01	NETWORK	iseo	attempt=1	proxy=http://wiw4v7duaymysz9-session-e6f60751cafc-lifetime-10:***@rp.scrapegw.com:6060	ConnectionTimeoutError: Connection timeout to host https://discord.com/api/v9/unique-username/username-attempt-unauthed
2026-09-01 18:32:01	NETWORK	isec	attempt=1	proxy=http://wiw4v7duaymysz9-session-74d68f99e480-lifetime-10:***@rp.scrapegw.com:6060	ConnectionTimeoutError: Connection timeout to host https://discord.com/api/v9/unique-username/username-attempt-unauthed
2026-09-01 18:32:01	NETWORK	irza	attempt=1	proxy=http://wiw4v7duaymysz9-session-01a27f4a7cde-lifetime-10:***@rp.scrapegw.com:6060	ConnectionTimeoutError: Connection timeout to host https://discord.com/api/v9/unique-username/username-attempt-unauthed
2026-09-01 18:32:01	NETWORK	isax	attempt=1	proxy=http://wiw4v7duaymysz9-session-3db15ee20441-lifetime-10:***@rp.scrapegw.com:6060	ConnectionTimeoutError: Connection timeout to host https://discord.com/api/v9/unique-username/username-attempt-unauthed
2026-09-01 18:32:01	NETWORK	ishb	attempt=1	proxy=http://wiw4v7duaymysz9-session-28b0556ba135-lifetime-10:***@rp.scrapegw.com:6060	ConnectionTimeoutError: Connection timeout to host https://discord.com/api/v9/unique-username/username-attempt-unauthed
2026-09-01 18:32:01	NETWORK	iryg	attempt=1	proxy=http://wiw4v7duaymysz9-session-98f4aa4d9205-lifetime-10:***@rp.scrapegw.com:6060	ConnectionTimeoutError: Connection timeout to host https://discord.com/api/v9/unique-username/username-attempt-unauthed
2026-09-01 18:32:01	NETWORK	isbw	attempt=1	proxy=http://wiw4v7duaymysz9-session-8b6f3bd1914f-lifetime-10:***@rp.scrapegw.com:6060	ConnectionTimeoutError: Connection timeout to host https://discord.com/api/v9/unique-username/username-attempt-unauthed
2026-09-01 18:32:01	NETWORK	iryl	attempt=1	proxy=http://wiw4v7duaymysz9-session-2c37a895a775-lifetime-10:***@rp.scrapegw.com:6060	ConnectionTimeoutError: Connection timeout to host https://discord.com/api/v9/unique-username/username-attempt-unauthed
2026-09-01 18:32:01	NETWORK	irzj	attempt=1	proxy=http://wiw4v7duaymysz9-session-182f7fadbac0-lifetime-10:***@rp.scrapegw.com:6060	ConnectionTimeoutError: Connection timeout to host https://discord.com/api/v9/unique-username/username-attempt-unauthed
2026-09-01 18:32:01	NETWORK	isdf	attempt=1	proxy=http://wiw4v7duaymysz9-session-2ff90216789d-lifetime-10:***@rp.scrapegw.com:6060	ConnectionTimeoutError: Connection timeout to host https://discord.com/api/v9/unique-username/username-attempt-unauthed
2026-09-01 18:32:01	NETWORK	isad	attempt=1	proxy=http://wiw4v7duaymysz9-session-54a6cec4ce4f-lifetime-10:***@rp.scrapegw.com:6060	ConnectionTimeoutError: Connection timeout to host https://discord.com/api/v9/unique-username/username-attempt-unauthed
2026-09-01 18:32:01	NETWORK	iryh	attempt=1	proxy=http://wiw4v7duaymysz9-session-5f242f206d4e-lifetime-10:***@rp.scrapegw.com:6060	ConnectionTimeoutError: Connection timeout to host https://discord.com/api/v9/unique-username/username-attempt-unauthed
2026-09-01 18:32:01	NETWORK	itck	attempt=1	proxy=http://wiw4v7duaymysz9-session-24233e506263-lifetime-10:***@rp.scrapegw.com:6060	ClientConnectorError: Cannot connect to host discord.com:443 ssl:default [Connection reset by peer]
2026-09-01 18:32:02	NETWORK	isyd	attempt=1	proxy=http://wiw4v7duaymysz9-session-fdf194d18358-lifetime-10:***@rp.scrapegw.com:6060	ClientConnectorError: Cannot connect to host discord.com:443 ssl:default [Connection reset by peer]
2026-09-01 18:32:02	NETWORK	itix	attempt=1	proxy=http://wiw4v7duaymysz9-session-1ef28fd71f2e-lifetime-10:***@rp.scrapegw.com:6060	ClientConnectorError: Cannot connect to host discord.com:443 ssl:default [Connection reset by peer]
2026-09-01 18:32:02	HTTP_429	ivig	attempt=1	proxy=http://wiw4v7duaymysz9-session-be030d9caaad-lifetime-10:***@rp.scrapegw.com:6060	scope=shared global=False retry_after=2055.00s
2026-09-01 18:32:02	HTTP_429	itbf	attempt=1	proxy=http://wiw4v7duaymysz9-session-a816eb79eeed-lifetime-10:***@rp.scrapegw.com:6060	scope=shared global=False retry_after=761.79s
2026-09-01 18:32:02	NETWORK	iskl	attempt=1	proxy=http://wiw4v7duaymysz9-session-14eca1760e64-lifetime-10:***@rp.scrapegw.com:6060	ClientConnectorError: Cannot connect to host discord.com:443 ssl:default [Connection reset by peer]
2026-09-01 18:32:02	NETWORK	ismv	attempt=1	proxy=http://wiw4v7duaymysz9-session-c68f3d677474-lifetime-10:***@rp.scrapegw.com:6060	ConnectionTimeoutError: Connection timeout to host https://discord.com/api/v9/unique-username/username-attempt-unauthed
2026-09-01 18:32:02	NETWORK	islf	attempt=1	proxy=http://wiw4v7duaymysz9-session-f0d8223881a9-lifetime-10:***@rp.scrapegw.com:6060	ConnectionTimeoutError: Connection timeout to host https://discord.com/api/v9/unique-username/username-attempt-unauthed
2026-09-01 18:32:02	NETWORK	iskz	attempt=1	proxy=http://wiw4v7duaymysz9-session-92354912f2f0-lifetime-10:***@rp.scrapegw.com:6060	ConnectionTimeoutError: Connection timeout to host https://discord.com/api/v9/unique-username/username-attempt-unauthed
2026-09-01 18:32:02	NETWORK	islk	attempt=1	proxy=http://wiw4v7duaymysz9-session-4e91bcd4e9d3-lifetime-10:***@rp.scrapegw.com:6060	ConnectionTimeoutError: Connection timeout to host https://discord.com/api/v9/unique-username/username-attempt-unauthed
2026-09-01 18:32:02	NETWORK	ismr	attempt=1	proxy=http://wiw4v7duaymysz9-session-145e6e79dd0a-lifetime-10:***@rp.scrapegw.com:6060	ConnectionTimeoutError: Connection timeout to host https://discord.com/api/v9/unique-username/username-attempt-unauthed
2026-09-01 18:32:02	NETWORK	ismu	attempt=1	proxy=http://wiw4v7duaymysz9-session-c13f6b37a7aa-lifetime-10:***@rp.scrapegw.com:6060	ConnectionTimeoutError: Connection timeout to host https://discord.com/api/v9/unique-username/username-attempt-unauthed
2026-09-01 18:32:02	NETWORK	islt	attempt=1	proxy=http://wiw4v7duaymysz9-session-e61a241e79d4-lifetime-10:***@rp.scrapegw.com:6060	ConnectionTimeoutError: Connection timeout to host https://discord.com/api/v9/unique-username/username-attempt-unauthed
2026-09-01 18:32:02	NETWORK	iskb	attempt=1	proxy=http://wiw4v7duaymysz9-session-aca0da69eb38-lifetime-10:***@rp.scrapegw.com:6060	ConnectionTimeoutError: Connection timeout to host https://discord.com/api/v9/unique-username/username-attempt-unauthed
2026-09-01 18:32:02	NETWORK	isjs	attempt=1	proxy=http://wiw4v7duaymysz9-session-0bbc8dc1682e-lifetime-10:***@rp.scrapegw.com:6060	ConnectionTimeoutError: Connection timeout to host https://discord.com/api/v9/unique-username/username-attempt-unauthed
2026-09-01 18:32:02	NETWORK	isjr	attempt=1	proxy=http://wiw4v7duaymysz9-session-b0b146f0134c-lifetime-10:***@rp.scrapegw.com:6060	ConnectionTimeoutError: Connection timeout to host https://discord.com/api/v9/unique-username/username-attempt-unauthed
2026-09-01 18:32:02	NETWORK	islb	attempt=1	proxy=http://wiw4v7duaymysz9-session-b198378b7382-lifetime-10:***@rp.scrapegw.com:6060	ConnectionTimeoutError: Connection timeout to host https://discord.com/api/v9/unique-username/username-attempt-unauthed
2026-09-01 18:32:02	NETWORK	isjn	attempt=1	proxy=http://wiw4v7duaymysz9-session-16d33240c6d3-lifetime-10:***@rp.scrapegw.com:6060	ConnectionTimeoutError: Connection timeout to host https://discord.com/api/v9/unique-username/username-attempt-unauthed
2026-09-01 18:32:02	NETWORK	isko	attempt=1	proxy=http://wiw4v7duaymysz9-session-2415be13e587-lifetime-10:***@rp.scrapegw.com:6060	ConnectionTimeoutError: Connection timeout to host https://discord.com/api/v9/unique-username/username-attempt-unauthed
2026-09-01 18:32:02	NETWORK	isjo	attempt=1	proxy=http://wiw4v7duaymysz9-session-a5d8eff5be2b-lifetime-10:***@rp.scrapegw.com:6060	ConnectionTimeoutError: Connection timeout to host https://discord.com/api/v9/unique-username/username-attempt-unauthed
2026-09-01 18:32:02	NETWORK	isji	attempt=1	proxy=http://wiw4v7duaymysz9-session-40c7e2396e65-lifetime-10:***@rp.scrapegw.com:6060	ConnectionTimeoutError: Connection timeout to host https://discord.com/api/v9/unique-username/username-attempt-unauthed
2026-09-01 18:32:02	NETWORK	isln	attempt=1	proxy=http://wiw4v7duaymysz9-session-001d1f87d2c7-lifetime-10:***@rp.scrapegw.com:6060	ConnectionTimeoutError: Connection timeout to host https://discord.com/api/v9/unique-username/username-attempt-unauthed
2026-09-01 18:32:02	NETWORK	isiu	attempt=1	proxy=http://wiw4v7duaymysz9-session-a36cfc64f3d4-lifetime-10:***@rp.scrapegw.com:6060	ConnectionTimeoutError: Connection timeout to host https://discord.com/api/v9/unique-username/username-attempt-unauthed
2026-09-01 18:32:02	NETWORK	iskn	attempt=1	proxy=http://wiw4v7duaymysz9-session-0c9d7f00457b-lifetime-10:***@rp.scrapegw.com:6060	ConnectionTimeoutError: Connection timeout to host https://discord.com/api/v9/unique-username/username-attempt-unauthed
2026-09-01 18:32:02	NETWORK	ishz	attempt=1	proxy=http://wiw4v7duaymysz9-session-43313984c276-lifetime-10:***@rp.scrapegw.com:6060	ConnectionTimeoutError: Connection timeout to host https://discord.com/api/v9/unique-username/username-attempt-unauthed
2026-09-01 18:32:02	NETWORK	islp	attempt=1	proxy=http://wiw4v7duaymysz9-session-59a77639e730-lifetime-10:***@rp.scrapegw.com:6060	ConnectionTimeoutError: Connection timeout to host https://discord.com/api/v9/unique-username/username-attempt-unauthed
2026-09-01 18:32:02	NETWORK	isix	attempt=1	proxy=http://wiw4v7duaymysz9-session-3d0fa5f638f6-lifetime-10:***@rp.scrapegw.com:6060	ConnectionTimeoutError: Connection timeout to host https://discord.com/api/v9/unique-username/username-attempt-unauthed
2026-09-01 18:32:02	NETWORK	ismc	attempt=1	proxy=http://wiw4v7duaymysz9-session-d4c97c604012-lifetime-10:***@rp.scrapegw.com:6060	ConnectionTimeoutError: Connection timeout to host https://discord.com/api/v9/unique-username/username-attempt-unauthed
2026-09-01 18:32:02	NETWORK	ismi	attempt=1	proxy=http://wiw4v7duaymysz9-session-d449a0adfb9d-lifetime-10:***@rp.scrapegw.com:6060	ConnectionTimeoutError: Connection timeout to host https://discord.com/api/v9/unique-username/username-attempt-unauthed
2026-09-01 18:32:02	NETWORK	isjz	attempt=1	proxy=http://wiw4v7duaymysz9-session-95a5b02fdb0d-lifetime-10:***@rp.scrapegw.com:6060	ConnectionTimeoutError: Connection timeout to host https://discord.com/api/v9/unique-username/username-attempt-unauthed
2026-09-01 18:32:02	NETWORK	isjw	attempt=1	proxy=http://wiw4v7duaymysz9-session-271d3ee56f49-lifetime-10:***@rp.scrapegw.com:6060	ConnectionTimeoutError: Connection timeout to host https://discord.com/api/v9/unique-username/username-attempt-unauthed
2026-09-01 18:32:02	NETWORK	isif	attempt=1	proxy=http://wiw4v7duaymysz9-session-6316f19411fc-lifetime-10:***@rp.scrapegw.com:6060	ConnectionTimeoutError: Connection timeout to host https://discord.com/api/v9/unique-username/username-attempt-unauthed
2026-09-01 18:32:02	HTTP_429	ivkz	attempt=1	proxy=http://wiw4v7duaymysz9-session-bdfd8a6c00d1-lifetime-10:***@rp.scrapegw.com:6060	scope=shared global=False retry_after=1514.00s
2026-09-01 18:32:02	NETWORK	itdo	attempt=1	proxy=http://wiw4v7duaymysz9-session-38ab0f730a82-lifetime-10:***@rp.scrapegw.com:6060	ClientConnectorError: Cannot connect to host discord.com:443 ssl:default [Connection reset by peer]
2026-09-01 18:32:02	HTTP_429	ivkf	attempt=1	proxy=http://wiw4v7duaymysz9-session-2b7fb059cb2f-lifetime-10:***@rp.scrapegw.com:6060	scope=shared global=False retry_after=2049.00s
2026-09-01 18:32:03	HTTP_429	ivmm	attempt=1	proxy=http://wiw4v7duaymysz9-session-a2566ebee434-lifetime-10:***@rp.scrapegw.com:6060	scope=shared global=False retry_after=2057.00s
2026-09-01 18:32:03	HTTP_429	ivmi	attempt=1	proxy=http://wiw4v7duaymysz9-session-190ac14a6a5d-lifetime-10:***@rp.scrapegw.com:6060	scope=shared global=False retry_after=1111.00s
2026-09-01 18:32:03	HTTP_429	ivpc	attempt=1	proxy=http://wiw4v7duaymysz9-session-a51519d1e6a8-lifetime-10:***@rp.scrapegw.com:6060	scope=shared global=False retry_after=2051.00s
2026-09-01 18:32:03	NETWORK	isnx	attempt=1	proxy=http://wiw4v7duaymysz9-session-8069a77b3fca-lifetime-10:***@rp.scrapegw.com:6060	ConnectionTimeoutError: Connection timeout to host https://discord.com/api/v9/unique-username/username-attempt-unauthed
2026-09-01 18:32:03	NETWORK	isnh	attempt=1	proxy=http://wiw4v7duaymysz9-session-35945b810b08-lifetime-10:***@rp.scrapegw.com:6060	ConnectionTimeoutError: Connection timeout to host https://discord.com/api/v9/unique-username/username-attempt-unauthed
2026-09-01 18:32:03	NETWORK	istb	attempt=1	proxy=http://wiw4v7duaymysz9-session-5c628d42c07e-lifetime-10:***@rp.scrapegw.com:6060	ConnectionTimeoutError: Connection timeout to host https://discord.com/api/v9/unique-username/username-attempt-unauthed
2026-09-01 18:32:03	NETWORK	isuo	attempt=1	proxy=http://wiw4v7duaymysz9-session-b16d6164b27f-lifetime-10:***@rp.scrapegw.com:6060	ConnectionTimeoutError: Connection timeout to host https://discord.com/api/v9/unique-username/username-attempt-unauthed
2026-09-01 18:32:03	NETWORK	isnu	attempt=1	proxy=http://wiw4v7duaymysz9-session-427038a519cd-lifetime-10:***@rp.scrapegw.com:6060	ConnectionTimeoutError: Connection timeout to host https://discord.com/api/v9/unique-username/username-attempt-unauthed
2026-09-01 18:32:03	NETWORK	isug	attempt=1	proxy=http://wiw4v7duaymysz9-session-2f3ff20ece6d-lifetime-10:***@rp.scrapegw.com:6060	ConnectionTimeoutError: Connection timeout to host https://discord.com/api/v9/unique-username/username-attempt-unauthed
2026-09-01 18:32:03	NETWORK	istz	attempt=1	proxy=http://wiw4v7duaymysz9-session-645c49762859-lifetime-10:***@rp.scrapegw.com:6060	ConnectionTimeoutError: Connection timeout to host https://discord.com/api/v9/unique-username/username-attempt-unauthed
2026-09-01 18:32:03	NETWORK	isnl	attempt=1	proxy=http://wiw4v7duaymysz9-session-6b8e9c372dbf-lifetime-10:***@rp.scrapegw.com:6060	ConnectionTimeoutError: Connection timeout to host https://discord.com/api/v9/unique-username/username-attempt-unauthed
2026-09-01 18:32:03	NETWORK	ispx	attempt=1	proxy=http://wiw4v7duaymysz9-session-4f28fa4eb8a2-lifetime-10:***@rp.scrapegw.com:6060	ConnectionTimeoutError: Connection timeout to host https://discord.com/api/v9/unique-username/username-attempt-unauthed
2026-09-01 18:32:03	NETWORK	isql	attempt=1	proxy=http://wiw4v7duaymysz9-session-f5edd32f675e-lifetime-10:***@rp.scrapegw.com:6060	ConnectionTimeoutError: Connection timeout to host https://discord.com/api/v9/unique-username/username-attempt-unauthed
2026-09-01 18:32:03	NETWORK	ists	attempt=1	proxy=http://wiw4v7duaymysz9-session-146dbe29c679-lifetime-10:***@rp.scrapegw.com:6060	ConnectionTimeoutError: Connection timeout to host https://discord.com/api/v9/unique-username/username-attempt-unauthed
2026-09-01 18:32:03	NETWORK	issu	attempt=1	proxy=http://wiw4v7duaymysz9-session-e1eccc084863-lifetime-10:***@rp.scrapegw.com:6060	ConnectionTimeoutError: Connection timeout to host https://discord.com/api/v9/unique-username/username-attempt-unauthed
2026-09-01 18:32:03	NETWORK	istd	attempt=1	proxy=http://wiw4v7duaymysz9-session-2dc6dfe308b7-lifetime-10:***@rp.scrapegw.com:6060	ConnectionTimeoutError: Connection timeout to host https://discord.com/api/v9/unique-username/username-attempt-unauthed
2026-09-01 18:32:03	NETWORK	issg	attempt=1	proxy=http://wiw4v7duaymysz9-session-1b62c84a53f5-lifetime-10:***@rp.scrapegw.com:6060	ConnectionTimeoutError: Connection timeout to host https://discord.com/api/v9/unique-username/username-attempt-unauthed
2026-09-01 18:32:03	NETWORK	isrx	attempt=1	proxy=http://wiw4v7duaymysz9-session-a6eea42bfab6-lifetime-10:***@rp.scrapegw.com:6060	ConnectionTimeoutError: Connection timeout to host https://discord.com/api/v9/unique-username/username-attempt-unauthed
2026-09-01 18:32:03	NETWORK	isth	attempt=1	proxy=http://wiw4v7duaymysz9-session-f1192b81a49d-lifetime-10:***@rp.scrapegw.com:6060	ConnectionTimeoutError: Connection timeout to host https://discord.com/api/v9/unique-username/username-attempt-unauthed
2026-09-01 18:32:03	NETWORK	isru	attempt=1	proxy=http://wiw4v7duaymysz9-session-7811f017fdb6-lifetime-10:***@rp.scrapegw.com:6060	ConnectionTimeoutError: Connection timeout to host https://discord.com/api/v9/unique-username/username-attempt-unauthed
2026-09-01 18:32:03	NETWORK	isrj	attempt=1	proxy=http://wiw4v7duaymysz9-session-c9dd9258e03a-lifetime-10:***@rp.scrapegw.com:6060	ConnectionTimeoutError: Connection timeout to host https://discord.com/api/v9/unique-username/username-attempt-unauthed
2026-09-01 18:32:03	NETWORK	isqt	attempt=1	proxy=http://wiw4v7duaymysz9-session-30c0f6913d9e-lifetime-10:***@rp.scrapegw.com:6060	ConnectionTimeoutError: Connection timeout to host https://discord.com/api/v9/unique-username/username-attempt-unauthed
2026-09-01 18:32:03	NETWORK	isrc	attempt=1	proxy=http://wiw4v7duaymysz9-session-ff77fcc71ca7-lifetime-10:***@rp.scrapegw.com:6060	ConnectionTimeoutError: Connection timeout to host https://discord.com/api/v9/unique-username/username-attempt-unauthed
2026-09-01 18:32:03	NETWORK	isnm	attempt=1	proxy=http://wiw4v7duaymysz9-session-01d3c3df43dd-lifetime-10:***@rp.scrapegw.com:6060	ConnectionTimeoutError: Connection timeout to host https://discord.com/api/v9/unique-username/username-attempt-unauthed
2026-09-01 18:32:03	NETWORK	isoy	attempt=1	proxy=http://wiw4v7duaymysz9-session-1d16f43c7556-lifetime-10:***@rp.scrapegw.com:6060	ConnectionTimeoutError: Connection timeout to host https://discord.com/api/v9/unique-username/username-attempt-unauthed
2026-09-01 18:32:03	NETWORK	isnf	attempt=1	proxy=http://wiw4v7duaymysz9-session-56dc1a813499-lifetime-10:***@rp.scrapegw.com:6060	ConnectionTimeoutError: Connection timeout to host https://discord.com/api/v9/unique-username/username-attempt-unauthed
2026-09-01 18:32:03	NETWORK	ismx	attempt=1	proxy=http://wiw4v7duaymysz9-session-5dc79401ee84-lifetime-10:***@rp.scrapegw.com:6060	ConnectionTimeoutError: Connection timeout to host https://discord.com/api/v9/unique-username/username-attempt-unauthed
2026-09-01 18:32:03	NETWORK	isoz	attempt=1	proxy=http://wiw4v7duaymysz9-session-e7bceea55c2c-lifetime-10:***@rp.scrapegw.com:6060	ConnectionTimeoutError: Connection timeout to host https://discord.com/api/v9/unique-username/username-attempt-unauthed
2026-09-01 18:32:03	NETWORK	ispf	attempt=1	proxy=http://wiw4v7duaymysz9-session-0ff486bf110d-lifetime-10:***@rp.scrapegw.com:6060	ConnectionTimeoutError: Connection timeout to host https://discord.com/api/v9/unique-username/username-attempt-unauthed
2026-09-01 18:32:03	NETWORK	isqh	attempt=1	proxy=http://wiw4v7duaymysz9-session-192198e8967b-lifetime-10:***@rp.scrapegw.com:6060	ConnectionTimeoutError: Connection timeout to host https://discord.com/api/v9/unique-username/username-attempt-unauthed
2026-09-01 18:32:03	NETWORK	ispi	attempt=1	proxy=http://wiw4v7duaymysz9-session-600c37ce192a-lifetime-10:***@rp.scrapegw.com:6060	ConnectionTimeoutError: Connection timeout to host https://discord.com/api/v9/unique-username/username-attempt-unauthed
2026-09-01 18:32:03	NETWORK	isqu	attempt=1	proxy=http://wiw4v7duaymysz9-session-dec9cac9c7e2-lifetime-10:***@rp.scrapegw.com:6060	ConnectionTimeoutError: Connection timeout to host https://discord.com/api/v9/unique-username/username-attempt-unauthed
2026-09-01 18:32:03	NETWORK	isti	attempt=1	proxy=http://wiw4v7duaymysz9-session-bf91911a80ba-lifetime-10:***@rp.scrapegw.com:6060	ConnectionTimeoutError: Connection timeout to host https://discord.com/api/v9/unique-username/username-attempt-unauthed
2026-09-01 18:32:03	NETWORK	istt	attempt=1	proxy=http://wiw4v7duaymysz9-session-68e8dfc4bbe5-lifetime-10:***@rp.scrapegw.com:6060	ConnectionTimeoutError: Connection timeout to host https://discord.com/api/v9/unique-username/username-attempt-unauthed
2026-09-01 18:32:03	NETWORK	isuh	attempt=1	proxy=http://wiw4v7duaymysz9-session-45f70a06098b-lifetime-10:***@rp.scrapegw.com:6060	ConnectionTimeoutError: Connection timeout to host https://discord.com/api/v9/unique-username/username-attempt-unauthed
2026-09-01 18:32:03	NETWORK	isto	attempt=1	proxy=http://wiw4v7duaymysz9-session-5cd1a42242e6-lifetime-10:***@rp.scrapegw.com:6060	ConnectionTimeoutError: Connection timeout to host https://discord.com/api/v9/unique-username/username-attempt-unauthed
2026-09-01 18:32:03	NETWORK	istm	attempt=1	proxy=http://wiw4v7duaymysz9-session-e469218c492d-lifetime-10:***@rp.scrapegw.com:6060	ConnectionTimeoutError: Connection timeout to host https://discord.com/api/v9/unique-username/username-attempt-unauthed
2026-09-01 18:32:03	NETWORK	issw	attempt=1	proxy=http://wiw4v7duaymysz9-session-76489083afc3-lifetime-10:***@rp.scrapegw.com:6060	ConnectionTimeoutError: Connection timeout to host https://discord.com/api/v9/unique-username/username-attempt-unauthed
2026-09-01 18:32:03	NETWORK	istl	attempt=1	proxy=http://wiw4v7duaymysz9-session-31fdf7d98b0d-lifetime-10:***@rp.scrapegw.com:6060	ConnectionTimeoutError: Connection timeout to host https://discord.com/api/v9/unique-username/username-attempt-unauthed
2026-09-01 18:32:03	NETWORK	issj	attempt=1	proxy=http://wiw4v7duaymysz9-session-cb0b1d48e613-lifetime-10:***@rp.scrapegw.com:6060	ConnectionTimeoutError: Connection timeout to host https://discord.com/api/v9/unique-username/username-attempt-unauthed
2026-09-01 18:32:03	NETWORK	isul	attempt=1	proxy=http://wiw4v7duaymysz9-session-85615588c5b6-lifetime-10:***@rp.scrapegw.com:6060	ConnectionTimeoutError: Connection timeout to host https://discord.com/api/v9/unique-username/username-attempt-unauthed
2026-09-01 18:32:03	NETWORK	isse	attempt=1	proxy=http://wiw4v7duaymysz9-session-878279f92882-lifetime-10:***@rp.scrapegw.com:6060	ConnectionTimeoutError: Connection timeout to host https://discord.com/api/v9/unique-username/username-attempt-unauthed
2026-09-01 18:32:03	NETWORK	issa	attempt=1	proxy=http://wiw4v7duaymysz9-session-204e2afa23bf-lifetime-10:***@rp.scrapegw.com:6060	ConnectionTimeoutError: Connection timeout to host https://discord.com/api/v9/unique-username/username-attempt-unauthed
2026-09-01 18:32:03	NETWORK	isri	attempt=1	proxy=http://wiw4v7duaymysz9-session-7d22099dd155-lifetime-10:***@rp.scrapegw.com:6060	ConnectionTimeoutError: Connection timeout to host https://discord.com/api/v9/unique-username/username-attempt-unauthed
2026-09-01 18:32:03	NETWORK	isrv	attempt=1	proxy=http://wiw4v7duaymysz9-session-06e61e5bf2e1-lifetime-10:***@rp.scrapegw.com:6060	ConnectionTimeoutError: Connection timeout to host https://discord.com/api/v9/unique-username/username-attempt-unauthed
2026-09-01 18:32:03	NETWORK	isrw	attempt=1	proxy=http://wiw4v7duaymysz9-session-72bc2fbf309b-lifetime-10:***@rp.scrapegw.com:6060	ConnectionTimeoutError: Connection timeout to host https://discord.com/api/v9/unique-username/username-attempt-unauthed
2026-09-01 18:32:03	NETWORK	isqq	attempt=1	proxy=http://wiw4v7duaymysz9-session-5612943aa31e-lifetime-10:***@rp.scrapegw.com:6060	ConnectionTimeoutError: Connection timeout to host https://discord.com/api/v9/unique-username/username-attempt-unauthed
2026-09-01 18:32:03	NETWORK	isqy	attempt=1	proxy=http://wiw4v7duaymysz9-session-1d1207c58bb2-lifetime-10:***@rp.scrapegw.com:6060	ConnectionTimeoutError: Connection timeout to host https://discord.com/api/v9/unique-username/username-attempt-unauthed
2026-09-01 18:32:03	NETWORK	isou	attempt=1	proxy=http://wiw4v7duaymysz9-session-3119d0a135b8-lifetime-10:***@rp.scrapegw.com:6060	ConnectionTimeoutError: Connection timeout to host https://discord.com/api/v9/unique-username/username-attempt-unauthed
2026-09-01 18:32:03	NETWORK	isof	attempt=1	proxy=http://wiw4v7duaymysz9-session-ec3171f86ed8-lifetime-10:***@rp.scrapegw.com:6060	ConnectionTimeoutError: Connection timeout to host https://discord.com/api/v9/unique-username/username-attempt-unauthed
2026-09-01 18:32:04	NETWORK	irxw	attempt=1	proxy=http://wiw4v7duaymysz9-session-7b6ea19b976a-lifetime-10:***@rp.scrapegw.com:6060	ServerDisconnectedError: Server disconnected
2026-09-01 18:32:04	HTTP_429	itsa	attempt=1	proxy=http://wiw4v7duaymysz9-session-8b6f3bd1914f-lifetime-10:***@rp.scrapegw.com:6060	scope=shared global=False retry_after=495.00s
2026-09-01 18:32:04	HTTP_429	ivso	attempt=1	proxy=http://wiw4v7duaymysz9-session-b1e5b8494976-lifetime-10:***@rp.scrapegw.com:6060	scope=shared global=False retry_after=2049.00s
2026-09-01 18:32:04	HTTP_429	ivxx	attempt=1	proxy=http://wiw4v7duaymysz9-session-a73b93d1fe18-lifetime-10:***@rp.scrapegw.com:6060	scope=shared global=False retry_after=2055.00s
2026-09-01 18:32:04	HTTP_429	ivue	attempt=1	proxy=http://wiw4v7duaymysz9-session-7a0ee9914393-lifetime-10:***@rp.scrapegw.com:6060	scope=shared global=False retry_after=885.00s
2026-09-01 18:32:04	NETWORK	itei	attempt=1	proxy=http://wiw4v7duaymysz9-session-67ab6ac78cae-lifetime-10:***@rp.scrapegw.com:6060	ClientConnectorError: Cannot connect to host discord.com:443 ssl:default [Connection reset by peer]
2026-09-01 18:32:04	HTTP_429	iwab	attempt=1	proxy=http://wiw4v7duaymysz9-session-e2bea65ad00d-lifetime-10:***@rp.scrapegw.com:6060	scope=shared global=False retry_after=449.00s
2026-09-01 18:32:04	NETWORK	isvz	attempt=1	proxy=http://wiw4v7duaymysz9-session-45da6afffa82-lifetime-10:***@rp.scrapegw.com:6060	ConnectionTimeoutError: Connection timeout to host https://discord.com/api/v9/unique-username/username-attempt-unauthed
2026-09-01 18:32:04	NETWORK	itae	attempt=1	proxy=http://wiw4v7duaymysz9-session-69531761b021-lifetime-10:***@rp.scrapegw.com:6060	ConnectionTimeoutError: Connection timeout to host https://discord.com/api/v9/unique-username/username-attempt-unauthed
2026-09-01 18:32:04	NETWORK	isvv	attempt=1	proxy=http://wiw4v7duaymysz9-session-f0b4bc979fcd-lifetime-10:***@rp.scrapegw.com:6060	ConnectionTimeoutError: Connection timeout to host https://discord.com/api/v9/unique-username/username-attempt-unauthed
2026-09-01 18:32:04	NETWORK	itbh	attempt=1	proxy=http://wiw4v7duaymysz9-session-692fd58dccc4-lifetime-10:***@rp.scrapegw.com:6060	ConnectionTimeoutError: Connection timeout to host https://discord.com/api/v9/unique-username/username-attempt-unauthed
2026-09-01 18:32:04	NETWORK	isyk	attempt=1	proxy=http://wiw4v7duaymysz9-session-cee6d496ea50-lifetime-10:***@rp.scrapegw.com:6060	ConnectionTimeoutError: Connection timeout to host https://discord.com/api/v9/unique-username/username-attempt-unauthed
2026-09-01 18:32:04	NETWORK	isvp	attempt=1	proxy=http://wiw4v7duaymysz9-session-48042e6906c7-lifetime-10:***@rp.scrapegw.com:6060	ConnectionTimeoutError: Connection timeout to host https://discord.com/api/v9/unique-username/username-attempt-unauthed
2026-09-01 18:32:04	NETWORK	isvn	attempt=1	proxy=http://wiw4v7duaymysz9-session-735ff777d908-lifetime-10:***@rp.scrapegw.com:6060	ConnectionTimeoutError: Connection timeout to host https://discord.com/api/v9/unique-username/username-attempt-unauthed
2026-09-01 18:32:04	NETWORK	isvi	attempt=1	proxy=http://wiw4v7duaymysz9-session-19e55e77666c-lifetime-10:***@rp.scrapegw.com:6060	ConnectionTimeoutError: Connection timeout to host https://discord.com/api/v9/unique-username/username-attempt-unauthed
2026-09-01 18:32:04	NETWORK	isvc	attempt=1	proxy=http://wiw4v7duaymysz9-session-ef2cc5212754-lifetime-10:***@rp.scrapegw.com:6060	ConnectionTimeoutError: Connection timeout to host https://discord.com/api/v9/unique-username/username-attempt-unauthed
2026-09-01 18:32:04	NETWORK	isws	attempt=1	proxy=http://wiw4v7duaymysz9-session-bd0fdf7ea451-lifetime-10:***@rp.scrapegw.com:6060	ConnectionTimeoutError: Connection timeout to host https://discord.com/api/v9/unique-username/username-attempt-unauthed
2026-09-01 18:32:04	NETWORK	isuz	attempt=1	proxy=http://wiw4v7duaymysz9-session-6edf37329309-lifetime-10:***@rp.scrapegw.com:6060	ConnectionTimeoutError: Connection timeout to host https://discord.com/api/v9/unique-username/username-attempt-unauthed
2026-09-01 18:32:04	NETWORK	iswt	attempt=1	proxy=http://wiw4v7duaymysz9-session-91a2c1b6a0db-lifetime-10:***@rp.scrapegw.com:6060	ConnectionTimeoutError: Connection timeout to host https://discord.com/api/v9/unique-username/username-attempt-unauthed
2026-09-01 18:32:04	NETWORK	isxo	attempt=1	proxy=http://wiw4v7duaymysz9-session-6468af56976e-lifetime-10:***@rp.scrapegw.com:6060	ConnectionTimeoutError: Connection timeout to host https://discord.com/api/v9/unique-username/username-attempt-unauthed
2026-09-01 18:32:04	NETWORK	itaj	attempt=1	proxy=http://wiw4v7duaymysz9-session-450effa94966-lifetime-10:***@rp.scrapegw.com:6060	ConnectionTimeoutError: Connection timeout to host https://discord.com/api/v9/unique-username/username-attempt-unauthed
2026-09-01 18:32:04	NETWORK	itaz	attempt=1	proxy=http://wiw4v7duaymysz9-session-4721236567b5-lifetime-10:***@rp.scrapegw.com:6060	ConnectionTimeoutError: Connection timeout to host https://discord.com/api/v9/unique-username/username-attempt-unauthed
2026-09-01 18:32:04	NETWORK	itap	attempt=1	proxy=http://wiw4v7duaymysz9-session-6f8fd74538b6-lifetime-10:***@rp.scrapegw.com:6060	ConnectionTimeoutError: Connection timeout to host https://discord.com/api/v9/unique-username/username-attempt-unauthed
2026-09-01 18:32:04	NETWORK	iszy	attempt=1	proxy=http://wiw4v7duaymysz9-session-e195cb79c31b-lifetime-10:***@rp.scrapegw.com:6060	ConnectionTimeoutError: Connection timeout to host https://discord.com/api/v9/unique-username/username-attempt-unauthed
2026-09-01 18:32:04	NETWORK	itao	attempt=1	proxy=http://wiw4v7duaymysz9-session-175dfa1b6543-lifetime-10:***@rp.scrapegw.com:6060	ConnectionTimeoutError: Connection timeout to host https://discord.com/api/v9/unique-username/username-attempt-unauthed
2026-09-01 18:32:04	NETWORK	isxd	attempt=1	proxy=http://wiw4v7duaymysz9-session-f8f392adbdf2-lifetime-10:***@rp.scrapegw.com:6060	ConnectionTimeoutError: Connection timeout to host https://discord.com/api/v9/unique-username/username-attempt-unauthed
2026-09-01 18:32:04	NETWORK	itcj	attempt=1	proxy=http://wiw4v7duaymysz9-session-e8749052a940-lifetime-10:***@rp.scrapegw.com:6060	ConnectionTimeoutError: Connection timeout to host https://discord.com/api/v9/unique-username/username-attempt-unauthed
2026-09-01 18:32:04	NETWORK	isyy	attempt=1	proxy=http://wiw4v7duaymysz9-session-9a13c1c6291e-lifetime-10:***@rp.scrapegw.com:6060	ConnectionTimeoutError: Connection timeout to host https://discord.com/api/v9/unique-username/username-attempt-unauthed
2026-09-01 18:32:04	NETWORK	isyp	attempt=1	proxy=http://wiw4v7duaymysz9-session-b05be019f507-lifetime-10:***@rp.scrapegw.com:6060	ConnectionTimeoutError: Connection timeout to host https://discord.com/api/v9/unique-username/username-attempt-unauthed
2026-09-01 18:32:04	NETWORK	isvj	attempt=1	proxy=http://wiw4v7duaymysz9-session-bb3b9976a819-lifetime-10:***@rp.scrapegw.com:6060	ConnectionTimeoutError: Connection timeout to host https://discord.com/api/v9/unique-username/username-attempt-unauthed
2026-09-01 18:32:04	NETWORK	isxn	attempt=1	proxy=http://wiw4v7duaymysz9-session-dfbec6af983b-lifetime-10:***@rp.scrapegw.com:6060	ConnectionTimeoutError: Connection timeout to host https://discord.com/api/v9/unique-username/username-attempt-unauthed
2026-09-01 18:32:04	NETWORK	itbs	attempt=1	proxy=http://wiw4v7duaymysz9-session-aa8e418c9e22-lifetime-10:***@rp.scrapegw.com:6060	ConnectionTimeoutError: Connection timeout to host https://discord.com/api/v9/unique-username/username-attempt-unauthed
2026-09-01 18:32:04	NETWORK	isxs	attempt=1	proxy=http://wiw4v7duaymysz9-session-47a5150fa2c8-lifetime-10:***@rp.scrapegw.com:6060	ConnectionTimeoutError: Connection timeout to host https://discord.com/api/v9/unique-username/username-attempt-unauthed
2026-09-01 18:32:04	NETWORK	isxw	attempt=1	proxy=http://wiw4v7duaymysz9-session-868363bc2dfa-lifetime-10:***@rp.scrapegw.com:6060	ConnectionTimeoutError: Connection timeout to host https://discord.com/api/v9/unique-username/username-attempt-unauthed
2026-09-01 18:32:04	NETWORK	isvy	attempt=1	proxy=http://wiw4v7duaymysz9-session-3c693879ff8d-lifetime-10:***@rp.scrapegw.com:6060	ConnectionTimeoutError: Connection timeout to host https://discord.com/api/v9/unique-username/username-attempt-unauthed
2026-09-01 18:32:04	NETWORK	isxx	attempt=1	proxy=http://wiw4v7duaymysz9-session-1b82f5f8e511-lifetime-10:***@rp.scrapegw.com:6060	ConnectionTimeoutError: Connection timeout to host https://discord.com/api/v9/unique-username/username-attempt-unauthed
2026-09-01 18:32:04	NETWORK	itca	attempt=1	proxy=http://wiw4v7duaymysz9-session-37fc17c7755f-lifetime-10:***@rp.scrapegw.com:6060	ConnectionTimeoutError: Connection timeout to host https://discord.com/api/v9/unique-username/username-attempt-unauthed
2026-09-01 18:32:04	NETWORK	iszh	attempt=1	proxy=http://wiw4v7duaymysz9-session-16388a84e1e4-lifetime-10:***@rp.scrapegw.com:6060	ConnectionTimeoutError: Connection timeout to host https://discord.com/api/v9/unique-username/username-attempt-unauthed
2026-09-01 18:32:04	NETWORK	iszp	attempt=1	proxy=http://wiw4v7duaymysz9-session-44ee41a7be8a-lifetime-10:***@rp.scrapegw.com:6060	ConnectionTimeoutError: Connection timeout to host https://discord.com/api/v9/unique-username/username-attempt-unauthed
2026-09-01 18:32:04	NETWORK	isxy	attempt=1	proxy=http://wiw4v7duaymysz9-session-3bb86e45cb50-lifetime-10:***@rp.scrapegw.com:6060	ConnectionTimeoutError: Connection timeout to host https://discord.com/api/v9/unique-username/username-attempt-unauthed
2026-09-01 18:32:04	NETWORK	iubj	attempt=1	proxy=http://wiw4v7duaymysz9-session-27baa213304a-lifetime-10:***@rp.scrapegw.com:6060	ClientConnectorError: Cannot connect to host discord.com:443 ssl:default [Connection reset by peer]
2026-09-01 18:32:04	HTTP_429	isvm	attempt=1	proxy=http://wiw4v7duaymysz9-session-30ab71d54411-lifetime-10:***@rp.scrapegw.com:6060	scope=shared global=False retry_after=394.00s
2026-09-01 18:32:05	NETWORK	iuha	attempt=1	proxy=http://wiw4v7duaymysz9-session-3b4a02a461a0-lifetime-10:***@rp.scrapegw.com:6060	ClientConnectorError: Cannot connect to host discord.com:443 ssl:default [Connection reset by peer]
2026-09-01 18:32:05	HTTP_429	iwfn	attempt=1	proxy=http://wiw4v7duaymysz9-session-0ccd57763289-lifetime-10:***@rp.scrapegw.com:6060	scope=shared global=False retry_after=1977.00s
2026-09-01 18:32:05	HTTP_429	iwej	attempt=1	proxy=http://wiw4v7duaymysz9-session-445661f013bf-lifetime-10:***@rp.scrapegw.com:6060	scope=shared global=False retry_after=1609.00s
2026-09-01 18:32:05	NETWORK	ithr	attempt=1	proxy=http://wiw4v7duaymysz9-session-340e2bb741f2-lifetime-10:***@rp.scrapegw.com:6060	ConnectionTimeoutError: Connection timeout to host https://discord.com/api/v9/unique-username/username-attempt-unauthed
2026-09-01 18:32:05	NETWORK	ithd	attempt=1	proxy=http://wiw4v7duaymysz9-session-d88a1e72d1e6-lifetime-10:***@rp.scrapegw.com:6060	ConnectionTimeoutError: Connection timeout to host https://discord.com/api/v9/unique-username/username-attempt-unauthed
2026-09-01 18:32:05	NETWORK	itdn	attempt=1	proxy=http://wiw4v7duaymysz9-session-ced3eb061ea9-lifetime-10:***@rp.scrapegw.com:6060	ConnectionTimeoutError: Connection timeout to host https://discord.com/api/v9/unique-username/username-attempt-unauthed
2026-09-01 18:32:05	NETWORK	itgw	attempt=1	proxy=http://wiw4v7duaymysz9-session-f35448c0363c-lifetime-10:***@rp.scrapegw.com:6060	ConnectionTimeoutError: Connection timeout to host https://discord.com/api/v9/unique-username/username-attempt-unauthed
2026-09-01 18:32:05	NETWORK	itgd	attempt=1	proxy=http://wiw4v7duaymysz9-session-5d9e42268562-lifetime-10:***@rp.scrapegw.com:6060	ConnectionTimeoutError: Connection timeout to host https://discord.com/api/v9/unique-username/username-attempt-unauthed
2026-09-01 18:32:05	NETWORK	itft	attempt=1	proxy=http://wiw4v7duaymysz9-session-a0c8b21d43d2-lifetime-10:***@rp.scrapegw.com:6060	ConnectionTimeoutError: Connection timeout to host https://discord.com/api/v9/unique-username/username-attempt-unauthed
2026-09-01 18:32:05	NETWORK	itdh	attempt=1	proxy=http://wiw4v7duaymysz9-session-8a47b9b3ceb4-lifetime-10:***@rp.scrapegw.com:6060	ConnectionTimeoutError: Connection timeout to host https://discord.com/api/v9/unique-username/username-attempt-unauthed
2026-09-01 18:32:05	NETWORK	itdg	attempt=1	proxy=http://wiw4v7duaymysz9-session-25f618bd1dff-lifetime-10:***@rp.scrapegw.com:6060	ConnectionTimeoutError: Connection timeout to host https://discord.com/api/v9/unique-username/username-attempt-unauthed
2026-09-01 18:32:05	NETWORK	itct	attempt=1	proxy=http://wiw4v7duaymysz9-session-ace8a64b1bd1-lifetime-10:***@rp.scrapegw.com:6060	ConnectionTimeoutError: Connection timeout to host https://discord.com/api/v9/unique-username/username-attempt-unauthed
2026-09-01 18:32:05	NETWORK	itco	attempt=1	proxy=http://wiw4v7duaymysz9-session-cbb354a6cb8e-lifetime-10:***@rp.scrapegw.com:6060	ConnectionTimeoutError: Connection timeout to host https://discord.com/api/v9/unique-username/username-attempt-unauthed
2026-09-01 18:32:05	NETWORK	itcn	attempt=1	proxy=http://wiw4v7duaymysz9-session-71317d1ab4fa-lifetime-10:***@rp.scrapegw.com:6060	ConnectionTimeoutError: Connection timeout to host https://discord.com/api/v9/unique-username/username-attempt-unauthed
2026-09-01 18:32:05	NETWORK	itek	attempt=1	proxy=http://wiw4v7duaymysz9-session-2dcaa4ac341e-lifetime-10:***@rp.scrapegw.com:6060	ConnectionTimeoutError: Connection timeout to host https://discord.com/api/v9/unique-username/username-attempt-unauthed
2026-09-01 18:32:05	NETWORK	itfi	attempt=1	proxy=http://wiw4v7duaymysz9-session-89f30cb56c7d-lifetime-10:***@rp.scrapegw.com:6060	ConnectionTimeoutError: Connection timeout to host https://discord.com/api/v9/unique-username/username-attempt-unauthed
2026-09-01 18:32:05	NETWORK	itil	attempt=1	proxy=http://wiw4v7duaymysz9-session-ca502fd8c7fe-lifetime-10:***@rp.scrapegw.com:6060	ConnectionTimeoutError: Connection timeout to host https://discord.com/api/v9/unique-username/username-attempt-unauthed
2026-09-01 18:32:05	NETWORK	itfh	attempt=1	proxy=http://wiw4v7duaymysz9-session-fee9942933a6-lifetime-10:***@rp.scrapegw.com:6060	ConnectionTimeoutError: Connection timeout to host https://discord.com/api/v9/unique-username/username-attempt-unauthed
2026-09-01 18:32:05	NETWORK	itfa	attempt=1	proxy=http://wiw4v7duaymysz9-session-b2d36e158c10-lifetime-10:***@rp.scrapegw.com:6060	ConnectionTimeoutError: Connection timeout to host https://discord.com/api/v9/unique-username/username-attempt-unauthed
2026-09-01 18:32:05	NETWORK	iteo	attempt=1	proxy=http://wiw4v7duaymysz9-session-e7c16af3d52e-lifetime-10:***@rp.scrapegw.com:6060	ConnectionTimeoutError: Connection timeout to host https://discord.com/api/v9/unique-username/username-attempt-unauthed
2026-09-01 18:32:05	NETWORK	itih	attempt=1	proxy=http://wiw4v7duaymysz9-session-38cff18b8295-lifetime-10:***@rp.scrapegw.com:6060	ConnectionTimeoutError: Connection timeout to host https://discord.com/api/v9/unique-username/username-attempt-unauthed
2026-09-01 18:32:05	NETWORK	ithh	attempt=1	proxy=http://wiw4v7duaymysz9-session-fefadc50409f-lifetime-10:***@rp.scrapegw.com:6060	ConnectionTimeoutError: Connection timeout to host https://discord.com/api/v9/unique-username/username-attempt-unauthed
2026-09-01 18:32:05	NETWORK	itgf	attempt=1	proxy=http://wiw4v7duaymysz9-session-143e5d2ddd9d-lifetime-10:***@rp.scrapegw.com:6060	ConnectionTimeoutError: Connection timeout to host https://discord.com/api/v9/unique-username/username-attempt-unauthed
2026-09-01 18:32:05	NETWORK	itgb	attempt=1	proxy=http://wiw4v7duaymysz9-session-7719a11866d5-lifetime-10:***@rp.scrapegw.com:6060	ConnectionTimeoutError: Connection timeout to host https://discord.com/api/v9/unique-username/username-attempt-unauthed
2026-09-01 18:32:05	NETWORK	ithf	attempt=1	proxy=http://wiw4v7duaymysz9-session-c8dbe199180b-lifetime-10:***@rp.scrapegw.com:6060	ConnectionTimeoutError: Connection timeout to host https://discord.com/api/v9/unique-username/username-attempt-unauthed
2026-09-01 18:32:05	NETWORK	itik	attempt=1	proxy=http://wiw4v7duaymysz9-session-9bf39f58a3fb-lifetime-10:***@rp.scrapegw.com:6060	ConnectionTimeoutError: Connection timeout to host https://discord.com/api/v9/unique-username/username-attempt-unauthed
2026-09-01 18:32:05	NETWORK	itcr	attempt=1	proxy=http://wiw4v7duaymysz9-session-b2c6b0ec580d-lifetime-10:***@rp.scrapegw.com:6060	ConnectionTimeoutError: Connection timeout to host https://discord.com/api/v9/unique-username/username-attempt-unauthed
2026-09-01 18:32:05	NETWORK	itgv	attempt=1	proxy=http://wiw4v7duaymysz9-session-5905a9cd8ff0-lifetime-10:***@rp.scrapegw.com:6060	ConnectionTimeoutError: Connection timeout to host https://discord.com/api/v9/unique-username/username-attempt-unauthed
2026-09-01 18:32:05	NETWORK	ithn	attempt=1	proxy=http://wiw4v7duaymysz9-session-124aa6b777e1-lifetime-10:***@rp.scrapegw.com:6060	ConnectionTimeoutError: Connection timeout to host https://discord.com/api/v9/unique-username/username-attempt-unauthed
2026-09-01 18:32:05	NETWORK	itgc	attempt=1	proxy=http://wiw4v7duaymysz9-session-8268333556df-lifetime-10:***@rp.scrapegw.com:6060	ConnectionTimeoutError: Connection timeout to host https://discord.com/api/v9/unique-username/username-attempt-unauthed
2026-09-01 18:32:05	NETWORK	itep	attempt=1	proxy=http://wiw4v7duaymysz9-session-b796eb6a9774-lifetime-10:***@rp.scrapegw.com:6060	ConnectionTimeoutError: Connection timeout to host https://discord.com/api/v9/unique-username/username-attempt-unauthed
2026-09-01 18:32:05	NETWORK	itec	attempt=1	proxy=http://wiw4v7duaymysz9-session-e76d0e909de3-lifetime-10:***@rp.scrapegw.com:6060	ConnectionTimeoutError: Connection timeout to host https://discord.com/api/v9/unique-username/username-attempt-unauthed
2026-09-01 18:32:05	NETWORK	itit	attempt=1	proxy=http://wiw4v7duaymysz9-session-64574076bef8-lifetime-10:***@rp.scrapegw.com:6060	ConnectionTimeoutError: Connection timeout to host https://discord.com/api/v9/unique-username/username-attempt-unauthed
2026-09-01 18:32:05	HTTP_429	iwhz	attempt=1	proxy=http://wiw4v7duaymysz9-session-e2c04d5ee898-lifetime-10:***@rp.scrapegw.com:6060	scope=shared global=False retry_after=1445.00s
2026-09-01 18:32:05	HTTP_429	iwja	attempt=1	proxy=http://wiw4v7duaymysz9-session-2134b5980dd7-lifetime-10:***@rp.scrapegw.com:6060	scope=shared global=False retry_after=1354.00s
2026-09-01 18:32:06	HTTP_429	iwlq	attempt=1	proxy=http://wiw4v7duaymysz9-session-e1df4240ca86-lifetime-10:***@rp.scrapegw.com:6060	scope=shared global=False retry_after=1326.00s
2026-09-01 18:32:06	NETWORK	iudk	attempt=1	proxy=http://wiw4v7duaymysz9-session-9bd8fe5bb89f-lifetime-10:***@rp.scrapegw.com:6060	ClientConnectorError: Cannot connect to host discord.com:443 ssl:default [Connection reset by peer]
2026-09-01 18:32:06	NETWORK	itzd	attempt=1	proxy=http://wiw4v7duaymysz9-session-6c465a18955c-lifetime-10:***@rp.scrapegw.com:6060	ClientConnectorError: Cannot connect to host discord.com:443 ssl:default [Connection reset by peer]
2026-09-01 18:32:06	NETWORK	iudh	attempt=1	proxy=http://wiw4v7duaymysz9-session-17aa322ceecd-lifetime-10:***@rp.scrapegw.com:6060	ClientConnectorError: Cannot connect to host discord.com:443 ssl:default [Connection reset by peer]
2026-09-01 18:32:06	HTTP_429	iwkl	attempt=1	proxy=http://wiw4v7duaymysz9-session-63ed552e1ae2-lifetime-10:***@rp.scrapegw.com:6060	scope=shared global=False retry_after=2051.00s
2026-09-01 18:32:06	HTTP_429	iwml	attempt=1	proxy=http://wiw4v7duaymysz9-session-106e1e7f0a39-lifetime-10:***@rp.scrapegw.com:6060	scope=shared global=False retry_after=1091.00s
2026-09-01 18:32:06	HTTP_429	iwob	attempt=1	proxy=http://wiw4v7duaymysz9-session-b5bb7d6007b3-lifetime-10:***@rp.scrapegw.com:6060	scope=shared global=False retry_after=2052.00s
2026-09-01 18:32:06	HTTP_429	iwpf	attempt=1	proxy=http://wiw4v7duaymysz9-session-680e48fc2de9-lifetime-10:***@rp.scrapegw.com:6060	scope=shared global=False retry_after=1282.00s
2026-09-01 18:32:06	HTTP_429	iwqj	attempt=1	proxy=http://wiw4v7duaymysz9-session-3fa2942b3989-lifetime-10:***@rp.scrapegw.com:6060	scope=shared global=False retry_after=2050.00s
2026-09-01 18:32:06	NETWORK	itof	attempt=1	proxy=http://wiw4v7duaymysz9-session-dbd384264df0-lifetime-10:***@rp.scrapegw.com:6060	ConnectionTimeoutError: Connection timeout to host https://discord.com/api/v9/unique-username/username-attempt-unauthed
2026-09-01 18:32:06	NETWORK	itkp	attempt=1	proxy=http://wiw4v7duaymysz9-session-46289167d934-lifetime-10:***@rp.scrapegw.com:6060	ConnectionTimeoutError: Connection timeout to host https://discord.com/api/v9/unique-username/username-attempt-unauthed
2026-09-01 18:32:06	NETWORK	itmn	attempt=1	proxy=http://wiw4v7duaymysz9-session-686ddd7e2654-lifetime-10:***@rp.scrapegw.com:6060	ConnectionTimeoutError: Connection timeout to host https://discord.com/api/v9/unique-username/username-attempt-unauthed
2026-09-01 18:32:06	NETWORK	itmb	attempt=1	proxy=http://wiw4v7duaymysz9-session-28c037e975ec-lifetime-10:***@rp.scrapegw.com:6060	ConnectionTimeoutError: Connection timeout to host https://discord.com/api/v9/unique-username/username-attempt-unauthed
2026-09-01 18:32:06	NETWORK	itlz	attempt=1	proxy=http://wiw4v7duaymysz9-session-3408e9a53da1-lifetime-10:***@rp.scrapegw.com:6060	ConnectionTimeoutError: Connection timeout to host https://discord.com/api/v9/unique-username/username-attempt-unauthed
2026-09-01 18:32:06	NETWORK	itkf	attempt=1	proxy=http://wiw4v7duaymysz9-session-761767cdcb55-lifetime-10:***@rp.scrapegw.com:6060	ConnectionTimeoutError: Connection timeout to host https://discord.com/api/v9/unique-username/username-attempt-unauthed
2026-09-01 18:32:06	NETWORK	itkw	attempt=1	proxy=http://wiw4v7duaymysz9-session-f1a4f6efdeeb-lifetime-10:***@rp.scrapegw.com:6060	ConnectionTimeoutError: Connection timeout to host https://discord.com/api/v9/unique-username/username-attempt-unauthed
2026-09-01 18:32:06	NETWORK	itlf	attempt=1	proxy=http://wiw4v7duaymysz9-session-9f19ddf8be2f-lifetime-10:***@rp.scrapegw.com:6060	ConnectionTimeoutError: Connection timeout to host https://discord.com/api/v9/unique-username/username-attempt-unauthed
2026-09-01 18:32:06	NETWORK	itoc	attempt=1	proxy=http://wiw4v7duaymysz9-session-a45ff5b2613d-lifetime-10:***@rp.scrapegw.com:6060	ConnectionTimeoutError: Connection timeout to host https://discord.com/api/v9/unique-username/username-attempt-unauthed
2026-09-01 18:32:06	NETWORK	itpg	attempt=1	proxy=http://wiw4v7duaymysz9-session-01a27f4a7cde-lifetime-10:***@rp.scrapegw.com:6060	ConnectionTimeoutError: Connection timeout to host https://discord.com/api/v9/unique-username/username-attempt-unauthed
2026-09-01 18:32:06	NETWORK	itne	attempt=1	proxy=http://wiw4v7duaymysz9-session-4970f8fcf397-lifetime-10:***@rp.scrapegw.com:6060	ConnectionTimeoutError: Connection timeout to host https://discord.com/api/v9/unique-username/username-attempt-unauthed
2026-09-01 18:32:06	NETWORK	itkq	attempt=1	proxy=http://wiw4v7duaymysz9-session-24d8baabd0dc-lifetime-10:***@rp.scrapegw.com:6060	ConnectionTimeoutError: Connection timeout to host https://discord.com/api/v9/unique-username/username-attempt-unauthed
2026-09-01 18:32:06	NETWORK	iton	attempt=1	proxy=http://wiw4v7duaymysz9-session-edc4123a7b88-lifetime-10:***@rp.scrapegw.com:6060	ConnectionTimeoutError: Connection timeout to host https://discord.com/api/v9/unique-username/username-attempt-unauthed
2026-09-01 18:32:06	NETWORK	itoe	attempt=1	proxy=http://wiw4v7duaymysz9-session-8dd366da7f99-lifetime-10:***@rp.scrapegw.com:6060	ConnectionTimeoutError: Connection timeout to host https://discord.com/api/v9/unique-username/username-attempt-unauthed
2026-09-01 18:32:06	NETWORK	itjs	attempt=1	proxy=http://wiw4v7duaymysz9-session-c44aa243c78b-lifetime-10:***@rp.scrapegw.com:6060	ConnectionTimeoutError: Connection timeout to host https://discord.com/api/v9/unique-username/username-attempt-unauthed
2026-09-01 18:32:06	NETWORK	itno	attempt=1	proxy=http://wiw4v7duaymysz9-session-7b6ea19b976a-lifetime-10:***@rp.scrapegw.com:6060	ConnectionTimeoutError: Connection timeout to host https://discord.com/api/v9/unique-username/username-attempt-unauthed
2026-09-01 18:32:06	NETWORK	itos	attempt=1	proxy=http://wiw4v7duaymysz9-session-3c8c5de1fb30-lifetime-10:***@rp.scrapegw.com:6060	ConnectionTimeoutError: Connection timeout to host https://discord.com/api/v9/unique-username/username-attempt-unauthed
2026-09-01 18:32:06	NETWORK	itoi	attempt=1	proxy=http://wiw4v7duaymysz9-session-5f242f206d4e-lifetime-10:***@rp.scrapegw.com:6060	ConnectionTimeoutError: Connection timeout to host https://discord.com/api/v9/unique-username/username-attempt-unauthed
2026-09-01 18:32:06	NETWORK	itns	attempt=1	proxy=http://wiw4v7duaymysz9-session-cb662b8a1e01-lifetime-10:***@rp.scrapegw.com:6060	ConnectionTimeoutError: Connection timeout to host https://discord.com/api/v9/unique-username/username-attempt-unauthed
2026-09-01 18:32:06	NETWORK	itjz	attempt=1	proxy=http://wiw4v7duaymysz9-session-bb0818f8bb63-lifetime-10:***@rp.scrapegw.com:6060	ConnectionTimeoutError: Connection timeout to host https://discord.com/api/v9/unique-username/username-attempt-unauthed
2026-09-01 18:32:06	NETWORK	itmc	attempt=1	proxy=http://wiw4v7duaymysz9-session-4263bcdee1b0-lifetime-10:***@rp.scrapegw.com:6060	ConnectionTimeoutError: Connection timeout to host https://discord.com/api/v9/unique-username/username-attempt-unauthed
2026-09-01 18:32:06	NETWORK	itmj	attempt=1	proxy=http://wiw4v7duaymysz9-session-8151701545f8-lifetime-10:***@rp.scrapegw.com:6060	ConnectionTimeoutError: Connection timeout to host https://discord.com/api/v9/unique-username/username-attempt-unauthed
2026-09-01 18:32:06	NETWORK	itlv	attempt=1	proxy=http://wiw4v7duaymysz9-session-d89592a5e041-lifetime-10:***@rp.scrapegw.com:6060	ConnectionTimeoutError: Connection timeout to host https://discord.com/api/v9/unique-username/username-attempt-unauthed
2026-09-01 18:32:06	NETWORK	itjf	attempt=1	proxy=http://wiw4v7duaymysz9-session-bddd1077be8f-lifetime-10:***@rp.scrapegw.com:6060	ConnectionTimeoutError: Connection timeout to host https://discord.com/api/v9/unique-username/username-attempt-unauthed
2026-09-01 18:32:06	NETWORK	itkx	attempt=1	proxy=http://wiw4v7duaymysz9-session-a1fba094343e-lifetime-10:***@rp.scrapegw.com:6060	ConnectionTimeoutError: Connection timeout to host https://discord.com/api/v9/unique-username/username-attempt-unauthed
2026-09-01 18:32:06	NETWORK	itmr	attempt=1	proxy=http://wiw4v7duaymysz9-session-1319f76ce4a8-lifetime-10:***@rp.scrapegw.com:6060	ConnectionTimeoutError: Connection timeout to host https://discord.com/api/v9/unique-username/username-attempt-unauthed
2026-09-01 18:32:06	NETWORK	itoz	attempt=1	proxy=http://wiw4v7duaymysz9-session-154fc6543277-lifetime-10:***@rp.scrapegw.com:6060	ConnectionTimeoutError: Connection timeout to host https://discord.com/api/v9/unique-username/username-attempt-unauthed
2026-09-01 18:32:06	NETWORK	itnc	attempt=1	proxy=http://wiw4v7duaymysz9-session-3e5fa7162212-lifetime-10:***@rp.scrapegw.com:6060	ConnectionTimeoutError: Connection timeout to host https://discord.com/api/v9/unique-username/username-attempt-unauthed
2026-09-01 18:32:06	HTTP_429	iudg	attempt=1	proxy=http://wiw4v7duaymysz9-session-6b74158234e4-lifetime-10:***@rp.scrapegw.com:6060	scope=shared global=False retry_after=31.00s
2026-09-01 18:32:06	NETWORK	iuwz	attempt=1	proxy=http://wiw4v7duaymysz9-session-1d8b2c0d605e-lifetime-10:***@rp.scrapegw.com:6060	ClientConnectorError: Cannot connect to host discord.com:443 ssl:default [Connection reset by peer]
2026-09-01 18:32:07	HTTP_429	ittj	attempt=1	proxy=http://wiw4v7duaymysz9-session-28a6202cd7bf-lifetime-10:***@rp.scrapegw.com:6060	scope=shared global=False retry_after=1643.00s
2026-09-01 18:32:07	HTTP_429	iwsj	attempt=1	proxy=http://wiw4v7duaymysz9-session-11ac50261a1f-lifetime-10:***@rp.scrapegw.com:6060	scope=shared global=False retry_after=378.00s
2026-09-01 18:32:07	NETWORK	itzh	attempt=1	proxy=http://wiw4v7duaymysz9-session-b0b146f0134c-lifetime-10:***@rp.scrapegw.com:6060	ClientConnectorError: Cannot connect to host discord.com:443 ssl:default [None]
2026-09-01 18:32:07	HTTP_429	iwra	attempt=1	proxy=http://wiw4v7duaymysz9-session-b0b1034d2727-lifetime-10:***@rp.scrapegw.com:6060	scope=shared global=False retry_after=72.00s
2026-09-01 18:32:07	HTTP_429	iwtk	attempt=1	proxy=http://wiw4v7duaymysz9-session-daf907276815-lifetime-10:***@rp.scrapegw.com:6060	scope=shared global=False retry_after=1449.00s
2026-09-01 18:32:07	NETWORK	itpv	attempt=1	proxy=http://wiw4v7duaymysz9-session-69a919ea8d1c-lifetime-10:***@rp.scrapegw.com:6060	ConnectionTimeoutError: Connection timeout to host https://discord.com/api/v9/unique-username/username-attempt-unauthed
2026-09-01 18:32:07	NETWORK	ittp	attempt=1	proxy=http://wiw4v7duaymysz9-session-bdfd8a6c00d1-lifetime-10:***@rp.scrapegw.com:6060	ConnectionTimeoutError: Connection timeout to host https://discord.com/api/v9/unique-username/username-attempt-unauthed
2026-09-01 18:32:07	NETWORK	ituv	attempt=1	proxy=http://wiw4v7duaymysz9-session-b91cbf6dd24d-lifetime-10:***@rp.scrapegw.com:6060	ConnectionTimeoutError: Connection timeout to host https://discord.com/api/v9/unique-username/username-attempt-unauthed
2026-09-01 18:32:07	NETWORK	itxe	attempt=1	proxy=http://wiw4v7duaymysz9-session-7eef070297e0-lifetime-10:***@rp.scrapegw.com:6060	ConnectionTimeoutError: Connection timeout to host https://discord.com/api/v9/unique-username/username-attempt-unauthed
2026-09-01 18:32:07	NETWORK	itsn	attempt=1	proxy=http://wiw4v7duaymysz9-session-fc02b75bdb16-lifetime-10:***@rp.scrapegw.com:6060	ConnectionTimeoutError: Connection timeout to host https://discord.com/api/v9/unique-username/username-attempt-unauthed
2026-09-01 18:32:07	NETWORK	itxv	attempt=1	proxy=http://wiw4v7duaymysz9-session-4aa00b2e0f62-lifetime-10:***@rp.scrapegw.com:6060	ConnectionTimeoutError: Connection timeout to host https://discord.com/api/v9/unique-username/username-attempt-unauthed
2026-09-01 18:32:07	NETWORK	itxn	attempt=1	proxy=http://wiw4v7duaymysz9-session-5126a57c0472-lifetime-10:***@rp.scrapegw.com:6060	ConnectionTimeoutError: Connection timeout to host https://discord.com/api/v9/unique-username/username-attempt-unauthed
2026-09-01 18:32:07	NETWORK	itsv	attempt=1	proxy=http://wiw4v7duaymysz9-session-b0b34d07e61d-lifetime-10:***@rp.scrapegw.com:6060	ConnectionTimeoutError: Connection timeout to host https://discord.com/api/v9/unique-username/username-attempt-unauthed
2026-09-01 18:32:07	NETWORK	itsp	attempt=1	proxy=http://wiw4v7duaymysz9-session-485913aeb17e-lifetime-10:***@rp.scrapegw.com:6060	ConnectionTimeoutError: Connection timeout to host https://discord.com/api/v9/unique-username/username-attempt-unauthed
2026-09-01 18:32:07	NETWORK	ittb	attempt=1	proxy=http://wiw4v7duaymysz9-session-96249407e50c-lifetime-10:***@rp.scrapegw.com:6060	ConnectionTimeoutError: Connection timeout to host https://discord.com/api/v9/unique-username/username-attempt-unauthed
2026-09-01 18:32:07	NETWORK	itta	attempt=1	proxy=http://wiw4v7duaymysz9-session-2ff90216789d-lifetime-10:***@rp.scrapegw.com:6060	ConnectionTimeoutError: Connection timeout to host https://discord.com/api/v9/unique-username/username-attempt-unauthed
2026-09-01 18:32:07	NETWORK	itwv	attempt=1	proxy=http://wiw4v7duaymysz9-session-4799f8c2d56a-lifetime-10:***@rp.scrapegw.com:6060	ConnectionTimeoutError: Connection timeout to host https://discord.com/api/v9/unique-username/username-attempt-unauthed
2026-09-01 18:32:07	NETWORK	itxo	attempt=1	proxy=http://wiw4v7duaymysz9-session-4bb35122043d-lifetime-10:***@rp.scrapegw.com:6060	ConnectionTimeoutError: Connection timeout to host https://discord.com/api/v9/unique-username/username-attempt-unauthed
2026-09-01 18:32:07	NETWORK	itwu	attempt=1	proxy=http://wiw4v7duaymysz9-session-d4a9aa4102a8-lifetime-10:***@rp.scrapegw.com:6060	ConnectionTimeoutError: Connection timeout to host https://discord.com/api/v9/unique-username/username-attempt-unauthed
2026-09-01 18:32:07	NETWORK	itwh	attempt=1	proxy=http://wiw4v7duaymysz9-session-b39e76583168-lifetime-10:***@rp.scrapegw.com:6060	ConnectionTimeoutError: Connection timeout to host https://discord.com/api/v9/unique-username/username-attempt-unauthed
2026-09-01 18:32:07	NETWORK	itxp	attempt=1	proxy=http://wiw4v7duaymysz9-session-e4a99a297ca2-lifetime-10:***@rp.scrapegw.com:6060	ConnectionTimeoutError: Connection timeout to host https://discord.com/api/v9/unique-username/username-attempt-unauthed
2026-09-01 18:32:07	NETWORK	ituy	attempt=1	proxy=http://wiw4v7duaymysz9-session-0bbea55fdaa1-lifetime-10:***@rp.scrapegw.com:6060	ConnectionTimeoutError: Connection timeout to host https://discord.com/api/v9/unique-username/username-attempt-unauthed
2026-09-01 18:32:07	NETWORK	itsw	attempt=1	proxy=http://wiw4v7duaymysz9-session-da31b59f62db-lifetime-10:***@rp.scrapegw.com:6060	ConnectionTimeoutError: Connection timeout to host https://discord.com/api/v9/unique-username/username-attempt-unauthed
2026-09-01 18:32:07	NETWORK	itwj	attempt=1	proxy=http://wiw4v7duaymysz9-session-33180c80df2c-lifetime-10:***@rp.scrapegw.com:6060	ConnectionTimeoutError: Connection timeout to host https://discord.com/api/v9/unique-username/username-attempt-unauthed
2026-09-01 18:32:07	NETWORK	itvz	attempt=1	proxy=http://wiw4v7duaymysz9-session-050b44e1d042-lifetime-10:***@rp.scrapegw.com:6060	ConnectionTimeoutError: Connection timeout to host https://discord.com/api/v9/unique-username/username-attempt-unauthed
2026-09-01 18:32:07	NETWORK	ittu	attempt=1	proxy=http://wiw4v7duaymysz9-session-8d106bec26a8-lifetime-10:***@rp.scrapegw.com:6060	ConnectionTimeoutError: Connection timeout to host https://discord.com/api/v9/unique-username/username-attempt-unauthed
2026-09-01 18:32:07	NETWORK	ittt	attempt=1	proxy=http://wiw4v7duaymysz9-session-09015dbd34b5-lifetime-10:***@rp.scrapegw.com:6060	ConnectionTimeoutError: Connection timeout to host https://discord.com/api/v9/unique-username/username-attempt-unauthed
2026-09-01 18:32:07	NETWORK	itvh	attempt=1	proxy=http://wiw4v7duaymysz9-session-d364a2c84208-lifetime-10:***@rp.scrapegw.com:6060	ConnectionTimeoutError: Connection timeout to host https://discord.com/api/v9/unique-username/username-attempt-unauthed
2026-09-01 18:32:07	NETWORK	ituf	attempt=1	proxy=http://wiw4v7duaymysz9-session-9f5ce8c84fd1-lifetime-10:***@rp.scrapegw.com:6060	ConnectionTimeoutError: Connection timeout to host https://discord.com/api/v9/unique-username/username-attempt-unauthed
2026-09-01 18:32:07	NETWORK	itub	attempt=1	proxy=http://wiw4v7duaymysz9-session-40dfc2afda1b-lifetime-10:***@rp.scrapegw.com:6060	ConnectionTimeoutError: Connection timeout to host https://discord.com/api/v9/unique-username/username-attempt-unauthed
2026-09-01 18:32:07	NETWORK	itvq	attempt=1	proxy=http://wiw4v7duaymysz9-session-6c982cc2ec23-lifetime-10:***@rp.scrapegw.com:6060	ConnectionTimeoutError: Connection timeout to host https://discord.com/api/v9/unique-username/username-attempt-unauthed
2026-09-01 18:32:07	NETWORK	itsz	attempt=1	proxy=http://wiw4v7duaymysz9-session-611ad2be6c4d-lifetime-10:***@rp.scrapegw.com:6060	ConnectionTimeoutError: Connection timeout to host https://discord.com/api/v9/unique-username/username-attempt-unauthed
2026-09-01 18:32:07	NETWORK	itwd	attempt=1	proxy=http://wiw4v7duaymysz9-session-7a6cd8d44b0a-lifetime-10:***@rp.scrapegw.com:6060	ConnectionTimeoutError: Connection timeout to host https://discord.com/api/v9/unique-username/username-attempt-unauthed
2026-09-01 18:32:07	NETWORK	itxz	attempt=1	proxy=http://wiw4v7duaymysz9-session-6316f19411fc-lifetime-10:***@rp.scrapegw.com:6060	ConnectionTimeoutError: Connection timeout to host https://discord.com/api/v9/unique-username/username-attempt-unauthed
2026-09-01 18:32:07	NETWORK	itww	attempt=1	proxy=http://wiw4v7duaymysz9-session-499c0c0988e5-lifetime-10:***@rp.scrapegw.com:6060	ConnectionTimeoutError: Connection timeout to host https://discord.com/api/v9/unique-username/username-attempt-unauthed
2026-09-01 18:32:07	NETWORK	itwa	attempt=1	proxy=http://wiw4v7duaymysz9-session-8b8751ae5c5c-lifetime-10:***@rp.scrapegw.com:6060	ConnectionTimeoutError: Connection timeout to host https://discord.com/api/v9/unique-username/username-attempt-unauthed
2026-09-01 18:32:07	NETWORK	itya	attempt=1	proxy=http://wiw4v7duaymysz9-session-56ad5f7921df-lifetime-10:***@rp.scrapegw.com:6060	ConnectionTimeoutError: Connection timeout to host https://discord.com/api/v9/unique-username/username-attempt-unauthed
2026-09-01 18:32:07	NETWORK	itwc	attempt=1	proxy=http://wiw4v7duaymysz9-session-8af55dc02972-lifetime-10:***@rp.scrapegw.com:6060	ConnectionTimeoutError: Connection timeout to host https://discord.com/api/v9/unique-username/username-attempt-unauthed
2026-09-01 18:32:07	NETWORK	itqj	attempt=1	proxy=http://wiw4v7duaymysz9-session-83e15f384621-lifetime-10:***@rp.scrapegw.com:6060	ConnectionTimeoutError: Connection timeout to host https://discord.com/api/v9/unique-username/username-attempt-unauthed
2026-09-01 18:32:07	NETWORK	itpu	attempt=1	proxy=http://wiw4v7duaymysz9-session-b565f4e5f6db-lifetime-10:***@rp.scrapegw.com:6060	ConnectionTimeoutError: Connection timeout to host https://discord.com/api/v9/unique-username/username-attempt-unauthed
2026-09-01 18:32:07	NETWORK	itpm	attempt=1	proxy=http://wiw4v7duaymysz9-session-9375adb5a702-lifetime-10:***@rp.scrapegw.com:6060	ConnectionTimeoutError: Connection timeout to host https://discord.com/api/v9/unique-username/username-attempt-unauthed
2026-09-01 18:32:07	NETWORK	itpl	attempt=1	proxy=http://wiw4v7duaymysz9-session-d38c38a02a18-lifetime-10:***@rp.scrapegw.com:6060	ConnectionTimeoutError: Connection timeout to host https://discord.com/api/v9/unique-username/username-attempt-unauthed
2026-09-01 18:32:08	HTTP_429	iwzo	attempt=1	proxy=http://wiw4v7duaymysz9-session-314120cd6181-lifetime-10:***@rp.scrapegw.com:6060	scope=shared global=False retry_after=2052.00s
2026-09-01 18:32:08	HTTP_429	iwxj	attempt=1	proxy=http://wiw4v7duaymysz9-session-8a6b9d488029-lifetime-10:***@rp.scrapegw.com:6060	scope=shared global=False retry_after=676.00s
2026-09-01 18:32:08	HTTP_429	iusa	attempt=1	proxy=http://wiw4v7duaymysz9-session-0e3484809067-lifetime-10:***@rp.scrapegw.com:6060	scope=shared global=False retry_after=493.00s
2026-09-01 18:32:08	NETWORK	iuyg	attempt=1	proxy=http://wiw4v7duaymysz9-session-644884d9c141-lifetime-10:***@rp.scrapegw.com:6060	ClientConnectorError: Cannot connect to host discord.com:443 ssl:default [Connection reset by peer]
2026-09-01 18:32:08	HTTP_429	iwzx	attempt=1	proxy=http://wiw4v7duaymysz9-session-65cdba79a498-lifetime-10:***@rp.scrapegw.com:6060	scope=shared global=False retry_after=2051.00s
2026-09-01 18:32:08	HTTP_429	ixcq	attempt=1	proxy=http://wiw4v7duaymysz9-session-5af96a38d902-lifetime-10:***@rp.scrapegw.com:6060	scope=shared global=False retry_after=2047.00s
2026-09-01 18:32:08	NETWORK	ivac	attempt=1	proxy=http://wiw4v7duaymysz9-session-11ac50261a1f-lifetime-10:***@rp.scrapegw.com:6060	ClientConnectorError: Cannot connect to host discord.com:443 ssl:default [Connection reset by peer]
2026-09-01 18:32:08	NETWORK	iuar	attempt=1	proxy=http://wiw4v7duaymysz9-session-dc459c228a6d-lifetime-10:***@rp.scrapegw.com:6060	ConnectionTimeoutError: Connection timeout to host https://discord.com/api/v9/unique-username/username-attempt-unauthed
2026-09-01 18:32:08	NETWORK	iubg	attempt=1	proxy=http://wiw4v7duaymysz9-session-5d6028afc366-lifetime-10:***@rp.scrapegw.com:6060	ConnectionTimeoutError: Connection timeout to host https://discord.com/api/v9/unique-username/username-attempt-unauthed
2026-09-01 18:32:08	NETWORK	itzw	attempt=1	proxy=http://wiw4v7duaymysz9-session-c4cffa567599-lifetime-10:***@rp.scrapegw.com:6060	ConnectionTimeoutError: Connection timeout to host https://discord.com/api/v9/unique-username/username-attempt-unauthed
2026-09-01 18:32:08	NETWORK	iuif	attempt=1	proxy=http://wiw4v7duaymysz9-session-06e61e5bf2e1-lifetime-10:***@rp.scrapegw.com:6060	ConnectionTimeoutError: Connection timeout to host https://discord.com/api/v9/unique-username/username-attempt-unauthed
2026-09-01 18:32:08	NETWORK	itzv	attempt=1	proxy=http://wiw4v7duaymysz9-session-290bb776637a-lifetime-10:***@rp.scrapegw.com:6060	ConnectionTimeoutError: Connection timeout to host https://discord.com/api/v9/unique-username/username-attempt-unauthed
2026-09-01 18:32:08	NETWORK	iuem	attempt=1	proxy=http://wiw4v7duaymysz9-session-ec3171f86ed8-lifetime-10:***@rp.scrapegw.com:6060	ConnectionTimeoutError: Connection timeout to host https://discord.com/api/v9/unique-username/username-attempt-unauthed
2026-09-01 18:32:08	NETWORK	iuau	attempt=1	proxy=http://wiw4v7duaymysz9-session-92354912f2f0-lifetime-10:***@rp.scrapegw.com:6060	ConnectionTimeoutError: Connection timeout to host https://discord.com/api/v9/unique-username/username-attempt-unauthed
2026-09-01 18:32:08	NETWORK	iuil	attempt=1	proxy=http://wiw4v7duaymysz9-session-a6eea42bfab6-lifetime-10:***@rp.scrapegw.com:6060	ConnectionTimeoutError: Connection timeout to host https://discord.com/api/v9/unique-username/username-attempt-unauthed
2026-09-01 18:32:08	NETWORK	ityz	attempt=1	proxy=http://wiw4v7duaymysz9-session-40c7e2396e65-lifetime-10:***@rp.scrapegw.com:6060	ConnectionTimeoutError: Connection timeout to host https://discord.com/api/v9/unique-username/username-attempt-unauthed
2026-09-01 18:32:08	NETWORK	iuhq	attempt=1	proxy=http://wiw4v7duaymysz9-session-7d22099dd155-lifetime-10:***@rp.scrapegw.com:6060	ConnectionTimeoutError: Connection timeout to host https://discord.com/api/v9/unique-username/username-attempt-unauthed
2026-09-01 18:32:08	NETWORK	iuap	attempt=1	proxy=http://wiw4v7duaymysz9-session-738e5d5d89ec-lifetime-10:***@rp.scrapegw.com:6060	ConnectionTimeoutError: Connection timeout to host https://discord.com/api/v9/unique-username/username-attempt-unauthed
2026-09-01 18:32:08	NETWORK	itzm	attempt=1	proxy=http://wiw4v7duaymysz9-session-f307c301e7a1-lifetime-10:***@rp.scrapegw.com:6060	ConnectionTimeoutError: Connection timeout to host https://discord.com/api/v9/unique-username/username-attempt-unauthed
2026-09-01 18:32:08	NETWORK	itzf	attempt=1	proxy=http://wiw4v7duaymysz9-session-f52a37ab8ce1-lifetime-10:***@rp.scrapegw.com:6060	ConnectionTimeoutError: Connection timeout to host https://discord.com/api/v9/unique-username/username-attempt-unauthed
2026-09-01 18:32:08	NETWORK	iuik	attempt=1	proxy=http://wiw4v7duaymysz9-session-72bc2fbf309b-lifetime-10:***@rp.scrapegw.com:6060	ConnectionTimeoutError: Connection timeout to host https://discord.com/api/v9/unique-username/username-attempt-unauthed
2026-09-01 18:32:08	NETWORK	iuaa	attempt=1	proxy=http://wiw4v7duaymysz9-session-aca0da69eb38-lifetime-10:***@rp.scrapegw.com:6060	ConnectionTimeoutError: Connection timeout to host https://discord.com/api/v9/unique-username/username-attempt-unauthed
2026-09-01 18:32:08	NETWORK	iudd	attempt=1	proxy=http://wiw4v7duaymysz9-session-f188fed328e6-lifetime-10:***@rp.scrapegw.com:6060	ConnectionTimeoutError: Connection timeout to host https://discord.com/api/v9/unique-username/username-attempt-unauthed
2026-09-01 18:32:08	NETWORK	iucr	attempt=1	proxy=http://wiw4v7duaymysz9-session-0d5c55186d6c-lifetime-10:***@rp.scrapegw.com:6060	ConnectionTimeoutError: Connection timeout to host https://discord.com/api/v9/unique-username/username-attempt-unauthed
2026-09-01 18:32:08	NETWORK	iuec	attempt=1	proxy=http://wiw4v7duaymysz9-session-8c9992c7b21f-lifetime-10:***@rp.scrapegw.com:6060	ConnectionTimeoutError: Connection timeout to host https://discord.com/api/v9/unique-username/username-attempt-unauthed
2026-09-01 18:32:08	NETWORK	iugm	attempt=1	proxy=http://wiw4v7duaymysz9-session-76f2c00677ac-lifetime-10:***@rp.scrapegw.com:6060	ConnectionTimeoutError: Connection timeout to host https://discord.com/api/v9/unique-username/username-attempt-unauthed
2026-09-01 18:32:08	NETWORK	iuho	attempt=1	proxy=http://wiw4v7duaymysz9-session-77d1af2eed89-lifetime-10:***@rp.scrapegw.com:6060	ConnectionTimeoutError: Connection timeout to host https://discord.com/api/v9/unique-username/username-attempt-unauthed
2026-09-01 18:32:08	NETWORK	iugb	attempt=1	proxy=http://wiw4v7duaymysz9-session-8cc650fb2280-lifetime-10:***@rp.scrapegw.com:6060	ConnectionTimeoutError: Connection timeout to host https://discord.com/api/v9/unique-username/username-attempt-unauthed
2026-09-01 18:32:08	NETWORK	iuhu	attempt=1	proxy=http://wiw4v7duaymysz9-session-68155a63941f-lifetime-10:***@rp.scrapegw.com:6060	ConnectionTimeoutError: Connection timeout to host https://discord.com/api/v9/unique-username/username-attempt-unauthed
2026-09-01 18:32:08	NETWORK	itze	attempt=1	proxy=http://wiw4v7duaymysz9-session-16d33240c6d3-lifetime-10:***@rp.scrapegw.com:6060	ConnectionTimeoutError: Connection timeout to host https://discord.com/api/v9/unique-username/username-attempt-unauthed
2026-09-01 18:32:08	NETWORK	iufs	attempt=1	proxy=http://wiw4v7duaymysz9-session-5e1b809d5ef4-lifetime-10:***@rp.scrapegw.com:6060	ConnectionTimeoutError: Connection timeout to host https://discord.com/api/v9/unique-username/username-attempt-unauthed
2026-09-01 18:32:08	NETWORK	iuaf	attempt=1	proxy=http://wiw4v7duaymysz9-session-14eca1760e64-lifetime-10:***@rp.scrapegw.com:6060	ConnectionTimeoutError: Connection timeout to host https://discord.com/api/v9/unique-username/username-attempt-unauthed
2026-09-01 18:32:08	NETWORK	iufz	attempt=1	proxy=http://wiw4v7duaymysz9-session-51cfb7c8dc60-lifetime-10:***@rp.scrapegw.com:6060	ConnectionTimeoutError: Connection timeout to host https://discord.com/api/v9/unique-username/username-attempt-unauthed
2026-09-01 18:32:08	NETWORK	iuiy	attempt=1	proxy=http://wiw4v7duaymysz9-session-376e14ec964f-lifetime-10:***@rp.scrapegw.com:6060	ConnectionTimeoutError: Connection timeout to host https://discord.com/api/v9/unique-username/username-attempt-unauthed
2026-09-01 18:32:08	NETWORK	iuhc	attempt=1	proxy=http://wiw4v7duaymysz9-session-30c0f6913d9e-lifetime-10:***@rp.scrapegw.com:6060	ConnectionTimeoutError: Connection timeout to host https://discord.com/api/v9/unique-username/username-attempt-unauthed
2026-09-01 18:32:08	NETWORK	iudr	attempt=1	proxy=http://wiw4v7duaymysz9-session-01d3c3df43dd-lifetime-10:***@rp.scrapegw.com:6060	ConnectionTimeoutError: Connection timeout to host https://discord.com/api/v9/unique-username/username-attempt-unauthed
2026-09-01 18:32:08	NETWORK	iugn	attempt=1	proxy=http://wiw4v7duaymysz9-session-e9421a62a214-lifetime-10:***@rp.scrapegw.com:6060	ConnectionTimeoutError: Connection timeout to host https://discord.com/api/v9/unique-username/username-attempt-unauthed
2026-09-01 18:32:08	NETWORK	iucl	attempt=1	proxy=http://wiw4v7duaymysz9-session-c5aa087c828e-lifetime-10:***@rp.scrapegw.com:6060	ConnectionTimeoutError: Connection timeout to host https://discord.com/api/v9/unique-username/username-attempt-unauthed
2026-09-01 18:32:08	NETWORK	itym	attempt=1	proxy=http://wiw4v7duaymysz9-session-0f14adbfc839-lifetime-10:***@rp.scrapegw.com:6060	ConnectionTimeoutError: Connection timeout to host https://discord.com/api/v9/unique-username/username-attempt-unauthed
2026-09-01 18:32:08	NETWORK	iucx	attempt=1	proxy=http://wiw4v7duaymysz9-session-145e6e79dd0a-lifetime-10:***@rp.scrapegw.com:6060	ConnectionTimeoutError: Connection timeout to host https://discord.com/api/v9/unique-username/username-attempt-unauthed
2026-09-01 18:32:08	NETWORK	iucm	attempt=1	proxy=http://wiw4v7duaymysz9-session-9e48e67e89b3-lifetime-10:***@rp.scrapegw.com:6060	ConnectionTimeoutError: Connection timeout to host https://discord.com/api/v9/unique-username/username-attempt-unauthed
2026-09-01 18:32:08	NETWORK	iugp	attempt=1	proxy=http://wiw4v7duaymysz9-session-b4f45bab46b0-lifetime-10:***@rp.scrapegw.com:6060	ConnectionTimeoutError: Connection timeout to host https://discord.com/api/v9/unique-username/username-attempt-unauthed
2026-09-01 18:32:08	NETWORK	iuda	attempt=1	proxy=http://wiw4v7duaymysz9-session-d13ffdb10a52-lifetime-10:***@rp.scrapegw.com:6060	ConnectionTimeoutError: Connection timeout to host https://discord.com/api/v9/unique-username/username-attempt-unauthed
2026-09-01 18:32:08	NETWORK	iuhj	attempt=1	proxy=http://wiw4v7duaymysz9-session-1d1207c58bb2-lifetime-10:***@rp.scrapegw.com:6060	ConnectionTimeoutError: Connection timeout to host https://discord.com/api/v9/unique-username/username-attempt-unauthed
2026-09-01 18:32:08	NETWORK	iubz	attempt=1	proxy=http://wiw4v7duaymysz9-session-79a222bf3b38-lifetime-10:***@rp.scrapegw.com:6060	ConnectionTimeoutError: Connection timeout to host https://discord.com/api/v9/unique-username/username-attempt-unauthed
2026-09-01 18:32:08	NETWORK	iuhl	attempt=1	proxy=http://wiw4v7duaymysz9-session-7fdf9e2c2c11-lifetime-10:***@rp.scrapegw.com:6060	ConnectionTimeoutError: Connection timeout to host https://discord.com/api/v9/unique-username/username-attempt-unauthed
2026-09-01 18:32:08	NETWORK	iuiw	attempt=1	proxy=http://wiw4v7duaymysz9-session-ac706d301575-lifetime-10:***@rp.scrapegw.com:6060	ConnectionTimeoutError: Connection timeout to host https://discord.com/api/v9/unique-username/username-attempt-unauthed
2026-09-01 18:32:08	NETWORK	iufi	attempt=1	proxy=http://wiw4v7duaymysz9-session-0ff486bf110d-lifetime-10:***@rp.scrapegw.com:6060	ConnectionTimeoutError: Connection timeout to host https://discord.com/api/v9/unique-username/username-attempt-unauthed
2026-09-01 18:32:08	NETWORK	iudz	attempt=1	proxy=http://wiw4v7duaymysz9-session-427038a519cd-lifetime-10:***@rp.scrapegw.com:6060	ConnectionTimeoutError: Connection timeout to host https://discord.com/api/v9/unique-username/username-attempt-unauthed
2026-09-01 18:32:08	NETWORK	iucc	attempt=1	proxy=http://wiw4v7duaymysz9-session-c932ffeb3ffe-lifetime-10:***@rp.scrapegw.com:6060	ConnectionTimeoutError: Connection timeout to host https://discord.com/api/v9/unique-username/username-attempt-unauthed
2026-09-01 18:32:08	NETWORK	iubk	attempt=1	proxy=http://wiw4v7duaymysz9-session-d55bfa123556-lifetime-10:***@rp.scrapegw.com:6060	ConnectionTimeoutError: Connection timeout to host https://discord.com/api/v9/unique-username/username-attempt-unauthed
2026-09-01 18:32:08	NETWORK	iuby	attempt=1	proxy=http://wiw4v7duaymysz9-session-a79756e51348-lifetime-10:***@rp.scrapegw.com:6060	ConnectionTimeoutError: Connection timeout to host https://discord.com/api/v9/unique-username/username-attempt-unauthed
2026-09-01 18:32:08	NETWORK	iuax	attempt=1	proxy=http://wiw4v7duaymysz9-session-6512c3d8aec2-lifetime-10:***@rp.scrapegw.com:6060	ConnectionTimeoutError: Connection timeout to host https://discord.com/api/v9/unique-username/username-attempt-unauthed
2026-09-01 18:32:08	NETWORK	itzt	attempt=1	proxy=http://wiw4v7duaymysz9-session-271d3ee56f49-lifetime-10:***@rp.scrapegw.com:6060	ConnectionTimeoutError: Connection timeout to host https://discord.com/api/v9/unique-username/username-attempt-unauthed
2026-09-01 18:32:08	NETWORK	iusq	attempt=1	proxy=http://wiw4v7duaymysz9-session-24233e506263-lifetime-10:***@rp.scrapegw.com:6060	ClientConnectorError: Cannot connect to host discord.com:443 ssl:default [Connection reset by peer]
2026-09-01 18:32:09	HTTP_429	iunh	attempt=1	proxy=http://wiw4v7duaymysz9-session-0cc538d69a7d-lifetime-10:***@rp.scrapegw.com:6060	scope=shared global=False retry_after=712.00s
2026-09-01 18:32:09	HTTP_429	ixcp	attempt=1	proxy=http://wiw4v7duaymysz9-session-0d28bd7ac152-lifetime-10:***@rp.scrapegw.com:6060	scope=shared global=False retry_after=2048.00s
2026-09-01 18:32:09	NETWORK	iulv	attempt=1	proxy=http://wiw4v7duaymysz9-session-b7974e9559e9-lifetime-10:***@rp.scrapegw.com:6060	ConnectionTimeoutError: Connection timeout to host https://discord.com/api/v9/unique-username/username-attempt-unauthed
2026-09-01 18:32:09	NETWORK	iumm	attempt=1	proxy=http://wiw4v7duaymysz9-session-74f694f3fc8c-lifetime-10:***@rp.scrapegw.com:6060	ConnectionTimeoutError: Connection timeout to host https://discord.com/api/v9/unique-username/username-attempt-unauthed
2026-09-01 18:32:09	NETWORK	iujs	attempt=1	proxy=http://wiw4v7duaymysz9-session-f1192b81a49d-lifetime-10:***@rp.scrapegw.com:6060	ConnectionTimeoutError: Connection timeout to host https://discord.com/api/v9/unique-username/username-attempt-unauthed
2026-09-01 18:32:09	NETWORK	iums	attempt=1	proxy=http://wiw4v7duaymysz9-session-19e55e77666c-lifetime-10:***@rp.scrapegw.com:6060	ConnectionTimeoutError: Connection timeout to host https://discord.com/api/v9/unique-username/username-attempt-unauthed
2026-09-01 18:32:09	NETWORK	iukh	attempt=1	proxy=http://wiw4v7duaymysz9-session-31fdf7d98b0d-lifetime-10:***@rp.scrapegw.com:6060	ConnectionTimeoutError: Connection timeout to host https://discord.com/api/v9/unique-username/username-attempt-unauthed
2026-09-01 18:32:09	NETWORK	iume	attempt=1	proxy=http://wiw4v7duaymysz9-session-445661f013bf-lifetime-10:***@rp.scrapegw.com:6060	ConnectionTimeoutError: Connection timeout to host https://discord.com/api/v9/unique-username/username-attempt-unauthed
2026-09-01 18:32:09	NETWORK	iuna	attempt=1	proxy=http://wiw4v7duaymysz9-session-30ab71d54411-lifetime-10:***@rp.scrapegw.com:6060	ConnectionTimeoutError: Connection timeout to host https://discord.com/api/v9/unique-username/username-attempt-unauthed
2026-09-01 18:32:09	NETWORK	iunf	attempt=1	proxy=http://wiw4v7duaymysz9-session-48042e6906c7-lifetime-10:***@rp.scrapegw.com:6060	ConnectionTimeoutError: Connection timeout to host https://discord.com/api/v9/unique-username/username-attempt-unauthed
2026-09-01 18:32:09	NETWORK	iunn	attempt=1	proxy=http://wiw4v7duaymysz9-session-45da6afffa82-lifetime-10:***@rp.scrapegw.com:6060	ConnectionTimeoutError: Connection timeout to host https://discord.com/api/v9/unique-username/username-attempt-unauthed
2026-09-01 18:32:09	NETWORK	iuor	attempt=1	proxy=http://wiw4v7duaymysz9-session-91a2c1b6a0db-lifetime-10:***@rp.scrapegw.com:6060	ConnectionTimeoutError: Connection timeout to host https://discord.com/api/v9/unique-username/username-attempt-unauthed
2026-09-01 18:32:09	NETWORK	iujn	attempt=1	proxy=http://wiw4v7duaymysz9-session-5c628d42c07e-lifetime-10:***@rp.scrapegw.com:6060	ConnectionTimeoutError: Connection timeout to host https://discord.com/api/v9/unique-username/username-attempt-unauthed
2026-09-01 18:32:09	NETWORK	iumf	attempt=1	proxy=http://wiw4v7duaymysz9-session-0083f373009f-lifetime-10:***@rp.scrapegw.com:6060	ConnectionTimeoutError: Connection timeout to host https://discord.com/api/v9/unique-username/username-attempt-unauthed
2026-09-01 18:32:09	NETWORK	iunk	attempt=1	proxy=http://wiw4v7duaymysz9-session-f4a5ed0eb485-lifetime-10:***@rp.scrapegw.com:6060	ConnectionTimeoutError: Connection timeout to host https://discord.com/api/v9/unique-username/username-attempt-unauthed
2026-09-01 18:32:09	NETWORK	iuop	attempt=1	proxy=http://wiw4v7duaymysz9-session-bd0fdf7ea451-lifetime-10:***@rp.scrapegw.com:6060	ConnectionTimeoutError: Connection timeout to host https://discord.com/api/v9/unique-username/username-attempt-unauthed
2026-09-01 18:32:09	NETWORK	iule	attempt=1	proxy=http://wiw4v7duaymysz9-session-17a660786e6f-lifetime-10:***@rp.scrapegw.com:6060	ConnectionTimeoutError: Connection timeout to host https://discord.com/api/v9/unique-username/username-attempt-unauthed
2026-09-01 18:32:09	NETWORK	iuly	attempt=1	proxy=http://wiw4v7duaymysz9-session-cae4ac28c0bd-lifetime-10:***@rp.scrapegw.com:6060	ConnectionTimeoutError: Connection timeout to host https://discord.com/api/v9/unique-username/username-attempt-unauthed
2026-09-01 18:32:09	NETWORK	iumt	attempt=1	proxy=http://wiw4v7duaymysz9-session-812a543895bf-lifetime-10:***@rp.scrapegw.com:6060	ConnectionTimeoutError: Connection timeout to host https://discord.com/api/v9/unique-username/username-attempt-unauthed
2026-09-01 18:32:09	NETWORK	iumd	attempt=1	proxy=http://wiw4v7duaymysz9-session-1e9cecff2a73-lifetime-10:***@rp.scrapegw.com:6060	ConnectionTimeoutError: Connection timeout to host https://discord.com/api/v9/unique-username/username-attempt-unauthed
2026-09-01 18:32:09	NETWORK	iuoe	attempt=1	proxy=http://wiw4v7duaymysz9-session-94612d24a573-lifetime-10:***@rp.scrapegw.com:6060	ConnectionTimeoutError: Connection timeout to host https://discord.com/api/v9/unique-username/username-attempt-unauthed
2026-09-01 18:32:09	NETWORK	iujo	attempt=1	proxy=http://wiw4v7duaymysz9-session-5901a70322e7-lifetime-10:***@rp.scrapegw.com:6060	ConnectionTimeoutError: Connection timeout to host https://discord.com/api/v9/unique-username/username-attempt-unauthed
2026-09-01 18:32:09	NETWORK	iujf	attempt=1	proxy=http://wiw4v7duaymysz9-session-bbbdf8a275d5-lifetime-10:***@rp.scrapegw.com:6060	ConnectionTimeoutError: Connection timeout to host https://discord.com/api/v9/unique-username/username-attempt-unauthed
2026-09-01 18:32:09	NETWORK	iukp	attempt=1	proxy=http://wiw4v7duaymysz9-session-68e8dfc4bbe5-lifetime-10:***@rp.scrapegw.com:6060	ConnectionTimeoutError: Connection timeout to host https://discord.com/api/v9/unique-username/username-attempt-unauthed
2026-09-01 18:32:09	NETWORK	iukk	attempt=1	proxy=http://wiw4v7duaymysz9-session-f62b3d894067-lifetime-10:***@rp.scrapegw.com:6060	ConnectionTimeoutError: Connection timeout to host https://discord.com/api/v9/unique-username/username-attempt-unauthed
2026-09-01 18:32:09	NETWORK	iunl	attempt=1	proxy=http://wiw4v7duaymysz9-session-3c693879ff8d-lifetime-10:***@rp.scrapegw.com:6060	ConnectionTimeoutError: Connection timeout to host https://discord.com/api/v9/unique-username/username-attempt-unauthed
2026-09-01 18:32:09	NETWORK	iukl	attempt=1	proxy=http://wiw4v7duaymysz9-session-10f731fafb9a-lifetime-10:***@rp.scrapegw.com:6060	ConnectionTimeoutError: Connection timeout to host https://discord.com/api/v9/unique-username/username-attempt-unauthed
2026-09-01 18:32:09	NETWORK	iujx	attempt=1	proxy=http://wiw4v7duaymysz9-session-bf91911a80ba-lifetime-10:***@rp.scrapegw.com:6060	ConnectionTimeoutError: Connection timeout to host https://discord.com/api/v9/unique-username/username-attempt-unauthed
2026-09-01 18:32:09	NETWORK	iunu	attempt=1	proxy=http://wiw4v7duaymysz9-session-c2c3ac3304f1-lifetime-10:***@rp.scrapegw.com:6060	ConnectionTimeoutError: Connection timeout to host https://discord.com/api/v9/unique-username/username-attempt-unauthed
2026-09-01 18:32:09	NETWORK	iujb	attempt=1	proxy=http://wiw4v7duaymysz9-session-9ed6a714b498-lifetime-10:***@rp.scrapegw.com:6060	ConnectionTimeoutError: Connection timeout to host https://discord.com/api/v9/unique-username/username-attempt-unauthed
2026-09-01 18:32:09	NETWORK	iumw	attempt=1	proxy=http://wiw4v7duaymysz9-session-c9ab578499fc-lifetime-10:***@rp.scrapegw.com:6060	ConnectionTimeoutError: Connection timeout to host https://discord.com/api/v9/unique-username/username-attempt-unauthed
2026-09-01 18:32:09	NETWORK	ivnq	attempt=1	proxy=http://wiw4v7duaymysz9-session-62a18b274e02-lifetime-10:***@rp.scrapegw.com:6060	ClientConnectorError: Cannot connect to host discord.com:443 ssl:default [Connection reset by peer]
2026-09-01 18:32:09	HTTP_429	ixks	attempt=1	proxy=http://wiw4v7duaymysz9-session-8bb7d6a6d72e-lifetime-10:***@rp.scrapegw.com:6060	scope=shared global=False retry_after=1047.00s
2026-09-01 18:32:09	NETWORK	ivbz	attempt=1	proxy=http://wiw4v7duaymysz9-session-5fd4b4a68e89-lifetime-10:***@rp.scrapegw.com:6060	ClientConnectorError: Cannot connect to host discord.com:443 ssl:default [Connection reset by peer]
2026-09-01 18:32:10	HTTP_429	ixla	attempt=1	proxy=http://wiw4v7duaymysz9-session-34fabb4e4df7-lifetime-10:***@rp.scrapegw.com:6060	scope=shared global=False retry_after=2048.00s
2026-09-01 18:32:10	HTTP_429	ixlu	attempt=1	proxy=http://wiw4v7duaymysz9-session-65a66f084d4d-lifetime-10:***@rp.scrapegw.com:6060	scope=shared global=False retry_after=2050.00s
2026-09-01 18:32:10	NETWORK	iuqi	attempt=1	proxy=http://wiw4v7duaymysz9-session-27038256582c-lifetime-10:***@rp.scrapegw.com:6060	ClientConnectorError: Cannot connect to host discord.com:443 ssl:default [Connection reset by peer]
2026-09-01 18:32:10	NETWORK	iupv	attempt=1	proxy=http://wiw4v7duaymysz9-session-0af0e2cce73e-lifetime-10:***@rp.scrapegw.com:6060	ConnectionTimeoutError: Connection timeout to host https://discord.com/api/v9/unique-username/username-attempt-unauthed
2026-09-01 18:32:10	NETWORK	iuow	attempt=1	proxy=http://wiw4v7duaymysz9-session-f8f392adbdf2-lifetime-10:***@rp.scrapegw.com:6060	ConnectionTimeoutError: Connection timeout to host https://discord.com/api/v9/unique-username/username-attempt-unauthed
2026-09-01 18:32:10	NETWORK	iupz	attempt=1	proxy=http://wiw4v7duaymysz9-session-c7a53b88a3d9-lifetime-10:***@rp.scrapegw.com:6060	ConnectionTimeoutError: Connection timeout to host https://discord.com/api/v9/unique-username/username-attempt-unauthed
2026-09-01 18:32:10	NETWORK	iutv	attempt=1	proxy=http://wiw4v7duaymysz9-session-ced3eb061ea9-lifetime-10:***@rp.scrapegw.com:6060	ConnectionTimeoutError: Connection timeout to host https://discord.com/api/v9/unique-username/username-attempt-unauthed
2026-09-01 18:32:10	NETWORK	iuql	attempt=1	proxy=http://wiw4v7duaymysz9-session-27ae20bdf8ef-lifetime-10:***@rp.scrapegw.com:6060	ConnectionTimeoutError: Connection timeout to host https://discord.com/api/v9/unique-username/username-attempt-unauthed
2026-09-01 18:32:10	NETWORK	iusr	attempt=1	proxy=http://wiw4v7duaymysz9-session-71317d1ab4fa-lifetime-10:***@rp.scrapegw.com:6060	ConnectionTimeoutError: Connection timeout to host https://discord.com/api/v9/unique-username/username-attempt-unauthed
2026-09-01 18:32:10	NETWORK	iuun	attempt=1	proxy=http://wiw4v7duaymysz9-session-80aefa85af98-lifetime-10:***@rp.scrapegw.com:6060	ConnectionTimeoutError: Connection timeout to host https://discord.com/api/v9/unique-username/username-attempt-unauthed
2026-09-01 18:32:10	NETWORK	iuqy	attempt=1	proxy=http://wiw4v7duaymysz9-session-16388a84e1e4-lifetime-10:***@rp.scrapegw.com:6060	ConnectionTimeoutError: Connection timeout to host https://discord.com/api/v9/unique-username/username-attempt-unauthed
2026-09-01 18:32:10	NETWORK	iutg	attempt=1	proxy=http://wiw4v7duaymysz9-session-ace8a64b1bd1-lifetime-10:***@rp.scrapegw.com:6060	ConnectionTimeoutError: Connection timeout to host https://discord.com/api/v9/unique-username/username-attempt-unauthed
2026-09-01 18:32:10	NETWORK	iutl	attempt=1	proxy=http://wiw4v7duaymysz9-session-2541fd29e1e4-lifetime-10:***@rp.scrapegw.com:6060	ConnectionTimeoutError: Connection timeout to host https://discord.com/api/v9/unique-username/username-attempt-unauthed
2026-09-01 18:32:10	NETWORK	iusp	attempt=1	proxy=http://wiw4v7duaymysz9-session-e8749052a940-lifetime-10:***@rp.scrapegw.com:6060	ConnectionTimeoutError: Connection timeout to host https://discord.com/api/v9/unique-username/username-attempt-unauthed
2026-09-01 18:32:10	NETWORK	iuto	attempt=1	proxy=http://wiw4v7duaymysz9-session-8a47b9b3ceb4-lifetime-10:***@rp.scrapegw.com:6060	ConnectionTimeoutError: Connection timeout to host https://discord.com/api/v9/unique-username/username-attempt-unauthed
2026-09-01 18:32:10	NETWORK	iutn	attempt=1	proxy=http://wiw4v7duaymysz9-session-25f618bd1dff-lifetime-10:***@rp.scrapegw.com:6060	ConnectionTimeoutError: Connection timeout to host https://discord.com/api/v9/unique-username/username-attempt-unauthed
2026-09-01 18:32:10	NETWORK	iusk	attempt=1	proxy=http://wiw4v7duaymysz9-session-98977671cd25-lifetime-10:***@rp.scrapegw.com:6060	ConnectionTimeoutError: Connection timeout to host https://discord.com/api/v9/unique-username/username-attempt-unauthed
2026-09-01 18:32:10	NETWORK	iurv	attempt=1	proxy=http://wiw4v7duaymysz9-session-7db38823d606-lifetime-10:***@rp.scrapegw.com:6060	ConnectionTimeoutError: Connection timeout to host https://discord.com/api/v9/unique-username/username-attempt-unauthed
2026-09-01 18:32:10	NETWORK	iusb	attempt=1	proxy=http://wiw4v7duaymysz9-session-90cb221f5540-lifetime-10:***@rp.scrapegw.com:6060	ConnectionTimeoutError: Connection timeout to host https://discord.com/api/v9/unique-username/username-attempt-unauthed
2026-09-01 18:32:10	NETWORK	iuro	attempt=1	proxy=http://wiw4v7duaymysz9-session-175dfa1b6543-lifetime-10:***@rp.scrapegw.com:6060	ConnectionTimeoutError: Connection timeout to host https://discord.com/api/v9/unique-username/username-attempt-unauthed
2026-09-01 18:32:10	NETWORK	iurm	attempt=1	proxy=http://wiw4v7duaymysz9-session-c599730b0c0a-lifetime-10:***@rp.scrapegw.com:6060	ConnectionTimeoutError: Connection timeout to host https://discord.com/api/v9/unique-username/username-attempt-unauthed
2026-09-01 18:32:10	NETWORK	iuqm	attempt=1	proxy=http://wiw4v7duaymysz9-session-b05be019f507-lifetime-10:***@rp.scrapegw.com:6060	ConnectionTimeoutError: Connection timeout to host https://discord.com/api/v9/unique-username/username-attempt-unauthed
2026-09-01 18:32:10	NETWORK	iusl	attempt=1	proxy=http://wiw4v7duaymysz9-session-8c8b08f19245-lifetime-10:***@rp.scrapegw.com:6060	ConnectionTimeoutError: Connection timeout to host https://discord.com/api/v9/unique-username/username-attempt-unauthed
2026-09-01 18:32:10	NETWORK	iuqa	attempt=1	proxy=http://wiw4v7duaymysz9-session-55bcffaa78ca-lifetime-10:***@rp.scrapegw.com:6060	ConnectionTimeoutError: Connection timeout to host https://discord.com/api/v9/unique-username/username-attempt-unauthed
2026-09-01 18:32:10	NETWORK	iupp	attempt=1	proxy=http://wiw4v7duaymysz9-session-b42dea2afffe-lifetime-10:***@rp.scrapegw.com:6060	ConnectionTimeoutError: Connection timeout to host https://discord.com/api/v9/unique-username/username-attempt-unauthed
2026-09-01 18:32:10	NETWORK	iurl	attempt=1	proxy=http://wiw4v7duaymysz9-session-4cae53366213-lifetime-10:***@rp.scrapegw.com:6060	ConnectionTimeoutError: Connection timeout to host https://discord.com/api/v9/unique-username/username-attempt-unauthed
2026-09-01 18:32:10	NETWORK	iura	attempt=1	proxy=http://wiw4v7duaymysz9-session-44ee41a7be8a-lifetime-10:***@rp.scrapegw.com:6060	ConnectionTimeoutError: Connection timeout to host https://discord.com/api/v9/unique-username/username-attempt-unauthed
2026-09-01 18:32:10	NETWORK	iupo	attempt=1	proxy=http://wiw4v7duaymysz9-session-51b463a31d86-lifetime-10:***@rp.scrapegw.com:6060	ConnectionTimeoutError: Connection timeout to host https://discord.com/api/v9/unique-username/username-attempt-unauthed
2026-09-01 18:32:10	NETWORK	iuoz	attempt=1	proxy=http://wiw4v7duaymysz9-session-bd287e005798-lifetime-10:***@rp.scrapegw.com:6060	ConnectionTimeoutError: Connection timeout to host https://discord.com/api/v9/unique-username/username-attempt-unauthed
2026-09-01 18:32:10	NETWORK	iupj	attempt=1	proxy=http://wiw4v7duaymysz9-session-e08534e8f4e3-lifetime-10:***@rp.scrapegw.com:6060	ConnectionTimeoutError: Connection timeout to host https://discord.com/api/v9/unique-username/username-attempt-unauthed
2026-09-01 18:32:10	NETWORK	iutz	attempt=1	proxy=http://wiw4v7duaymysz9-session-38ab0f730a82-lifetime-10:***@rp.scrapegw.com:6060	ConnectionTimeoutError: Connection timeout to host https://discord.com/api/v9/unique-username/username-attempt-unauthed
2026-09-01 18:32:10	NETWORK	iuss	attempt=1	proxy=http://wiw4v7duaymysz9-session-cbb354a6cb8e-lifetime-10:***@rp.scrapegw.com:6060	ConnectionTimeoutError: Connection timeout to host https://discord.com/api/v9/unique-username/username-attempt-unauthed
2026-09-01 18:32:10	NETWORK	iuug	attempt=1	proxy=http://wiw4v7duaymysz9-session-e76d0e909de3-lifetime-10:***@rp.scrapegw.com:6060	ConnectionTimeoutError: Connection timeout to host https://discord.com/api/v9/unique-username/username-attempt-unauthed
2026-09-01 18:32:10	NETWORK	iuso	attempt=1	proxy=http://wiw4v7duaymysz9-session-f19e476f6f29-lifetime-10:***@rp.scrapegw.com:6060	ConnectionTimeoutError: Connection timeout to host https://discord.com/api/v9/unique-username/username-attempt-unauthed
2026-09-01 18:32:10	NETWORK	iurw	attempt=1	proxy=http://wiw4v7duaymysz9-session-4721236567b5-lifetime-10:***@rp.scrapegw.com:6060	ConnectionTimeoutError: Connection timeout to host https://discord.com/api/v9/unique-username/username-attempt-unauthed
2026-09-01 18:32:11	HTTP_429	ixvq	attempt=1	proxy=http://wiw4v7duaymysz9-session-32ea3438ef53-lifetime-10:***@rp.scrapegw.com:6060	scope=shared global=False retry_after=2049.00s
2026-09-01 18:32:11	HTTP_429	iwbm	attempt=1	proxy=http://wiw4v7duaymysz9-session-bbbdf8a275d5-lifetime-10:***@rp.scrapegw.com:6060	scope=shared global=False retry_after=475.00s
2026-09-01 18:32:11	NETWORK	iuux	attempt=1	proxy=http://wiw4v7duaymysz9-session-562b16417673-lifetime-10:***@rp.scrapegw.com:6060	ClientConnectorError: Cannot connect to host discord.com:443 ssl:default [Connection reset by peer]
2026-09-01 18:32:11	HTTP_429	ixxi	attempt=1	proxy=http://wiw4v7duaymysz9-session-f8c7480c0ee4-lifetime-10:***@rp.scrapegw.com:6060	scope=shared global=False retry_after=2049.00s
2026-09-01 18:32:11	NETWORK	ivft	attempt=1	proxy=http://wiw4v7duaymysz9-session-6cf872169fe3-lifetime-10:***@rp.scrapegw.com:6060	ClientConnectorCertificateError: Cannot connect to host discord.com:443 ssl:True [SSLCertVerificationError: (1, '[SSL: CERTIFICATE_VERIFY_FAILED] certificate verify failed: self-signed certificate (_ssl.c:1081)')]
2026-09-01 18:32:11	NETWORK	ivdq	attempt=1	proxy=http://wiw4v7duaymysz9-session-a8cb6b59dad5-lifetime-10:***@rp.scrapegw.com:6060	ClientConnectorError: Cannot connect to host discord.com:443 ssl:default [Connection reset by peer]
2026-09-01 18:32:11	NETWORK	iuzf	attempt=1	proxy=http://wiw4v7duaymysz9-session-6865ecd06e09-lifetime-10:***@rp.scrapegw.com:6060	ConnectionTimeoutError: Connection timeout to host https://discord.com/api/v9/unique-username/username-attempt-unauthed
2026-09-01 18:32:11	NETWORK	ivcw	attempt=1	proxy=http://wiw4v7duaymysz9-session-3bea8fbc3026-lifetime-10:***@rp.scrapegw.com:6060	ConnectionTimeoutError: Connection timeout to host https://discord.com/api/v9/unique-username/username-attempt-unauthed
2026-09-01 18:32:11	NETWORK	ivch	attempt=1	proxy=http://wiw4v7duaymysz9-session-7c984a5b9994-lifetime-10:***@rp.scrapegw.com:6060	ConnectionTimeoutError: Connection timeout to host https://discord.com/api/v9/unique-username/username-attempt-unauthed
2026-09-01 18:32:11	NETWORK	iuvm	attempt=1	proxy=http://wiw4v7duaymysz9-session-6759fc0d6b2e-lifetime-10:***@rp.scrapegw.com:6060	ConnectionTimeoutError: Connection timeout to host https://discord.com/api/v9/unique-username/username-attempt-unauthed
2026-09-01 18:32:11	NETWORK	iuyo	attempt=1	proxy=http://wiw4v7duaymysz9-session-95b357b76340-lifetime-10:***@rp.scrapegw.com:6060	ConnectionTimeoutError: Connection timeout to host https://discord.com/api/v9/unique-username/username-attempt-unauthed
2026-09-01 18:32:11	NETWORK	iuyq	attempt=1	proxy=http://wiw4v7duaymysz9-session-6a63e5fa8d3c-lifetime-10:***@rp.scrapegw.com:6060	ConnectionTimeoutError: Connection timeout to host https://discord.com/api/v9/unique-username/username-attempt-unauthed
2026-09-01 18:32:11	NETWORK	ivcr	attempt=1	proxy=http://wiw4v7duaymysz9-session-3408e9a53da1-lifetime-10:***@rp.scrapegw.com:6060	ConnectionTimeoutError: Connection timeout to host https://discord.com/api/v9/unique-username/username-attempt-unauthed
2026-09-01 18:32:11	NETWORK	iuvp	attempt=1	proxy=http://wiw4v7duaymysz9-session-786bef4fdc22-lifetime-10:***@rp.scrapegw.com:6060	ConnectionTimeoutError: Connection timeout to host https://discord.com/api/v9/unique-username/username-attempt-unauthed
2026-09-01 18:32:11	NETWORK	ivae	attempt=1	proxy=http://wiw4v7duaymysz9-session-437c1e3a757d-lifetime-10:***@rp.scrapegw.com:6060	ConnectionTimeoutError: Connection timeout to host https://discord.com/api/v9/unique-username/username-attempt-unauthed
2026-09-01 18:32:11	NETWORK	iuwl	attempt=1	proxy=http://wiw4v7duaymysz9-session-e72dd29446a9-lifetime-10:***@rp.scrapegw.com:6060	ConnectionTimeoutError: Connection timeout to host https://discord.com/api/v9/unique-username/username-attempt-unauthed
2026-09-01 18:32:11	NETWORK	iuvf	attempt=1	proxy=http://wiw4v7duaymysz9-session-5fbf59b5a82d-lifetime-10:***@rp.scrapegw.com:6060	ConnectionTimeoutError: Connection timeout to host https://discord.com/api/v9/unique-username/username-attempt-unauthed
2026-09-01 18:32:11	NETWORK	iuvt	attempt=1	proxy=http://wiw4v7duaymysz9-session-8c88897c7c2c-lifetime-10:***@rp.scrapegw.com:6060	ConnectionTimeoutError: Connection timeout to host https://discord.com/api/v9/unique-username/username-attempt-unauthed
2026-09-01 18:32:11	NETWORK	iuvv	attempt=1	proxy=http://wiw4v7duaymysz9-session-9eb110b173a4-lifetime-10:***@rp.scrapegw.com:6060	ConnectionTimeoutError: Connection timeout to host https://discord.com/api/v9/unique-username/username-attempt-unauthed
2026-09-01 18:32:11	NETWORK	iuyy	attempt=1	proxy=http://wiw4v7duaymysz9-session-38cff18b8295-lifetime-10:***@rp.scrapegw.com:6060	ConnectionTimeoutError: Connection timeout to host https://discord.com/api/v9/unique-username/username-attempt-unauthed
2026-09-01 18:32:11	NETWORK	iuxi	attempt=1	proxy=http://wiw4v7duaymysz9-session-f35448c0363c-lifetime-10:***@rp.scrapegw.com:6060	ConnectionTimeoutError: Connection timeout to host https://discord.com/api/v9/unique-username/username-attempt-unauthed
2026-09-01 18:32:11	NETWORK	ivcx	attempt=1	proxy=http://wiw4v7duaymysz9-session-82aede79bae8-lifetime-10:***@rp.scrapegw.com:6060	ConnectionTimeoutError: Connection timeout to host https://discord.com/api/v9/unique-username/username-attempt-unauthed
2026-09-01 18:32:11	NETWORK	iuva	attempt=1	proxy=http://wiw4v7duaymysz9-session-e7c16af3d52e-lifetime-10:***@rp.scrapegw.com:6060	ConnectionTimeoutError: Connection timeout to host https://discord.com/api/v9/unique-username/username-attempt-unauthed
2026-09-01 18:32:11	NETWORK	ivce	attempt=1	proxy=http://wiw4v7duaymysz9-session-421696076ce9-lifetime-10:***@rp.scrapegw.com:6060	ConnectionTimeoutError: Connection timeout to host https://discord.com/api/v9/unique-username/username-attempt-unauthed
2026-09-01 18:32:11	NETWORK	ivbt	attempt=1	proxy=http://wiw4v7duaymysz9-session-cdeba28c65dc-lifetime-10:***@rp.scrapegw.com:6060	ConnectionTimeoutError: Connection timeout to host https://discord.com/api/v9/unique-username/username-attempt-unauthed
2026-09-01 18:32:11	NETWORK	ivcg	attempt=1	proxy=http://wiw4v7duaymysz9-session-24653dc00281-lifetime-10:***@rp.scrapegw.com:6060	ConnectionTimeoutError: Connection timeout to host https://discord.com/api/v9/unique-username/username-attempt-unauthed
2026-09-01 18:32:11	NETWORK	ivbn	attempt=1	proxy=http://wiw4v7duaymysz9-session-ae5746142fab-lifetime-10:***@rp.scrapegw.com:6060	ConnectionTimeoutError: Connection timeout to host https://discord.com/api/v9/unique-username/username-attempt-unauthed
2026-09-01 18:32:11	NETWORK	ivby	attempt=1	proxy=http://wiw4v7duaymysz9-session-94000a9fb7d3-lifetime-10:***@rp.scrapegw.com:6060	ConnectionTimeoutError: Connection timeout to host https://discord.com/api/v9/unique-username/username-attempt-unauthed
2026-09-01 18:32:11	NETWORK	ivbf	attempt=1	proxy=http://wiw4v7duaymysz9-session-761767cdcb55-lifetime-10:***@rp.scrapegw.com:6060	ConnectionTimeoutError: Connection timeout to host https://discord.com/api/v9/unique-username/username-attempt-unauthed
2026-09-01 18:32:11	NETWORK	iuyz	attempt=1	proxy=http://wiw4v7duaymysz9-session-93b57931a33e-lifetime-10:***@rp.scrapegw.com:6060	ConnectionTimeoutError: Connection timeout to host https://discord.com/api/v9/unique-username/username-attempt-unauthed
2026-09-01 18:32:11	NETWORK	ivbp	attempt=1	proxy=http://wiw4v7duaymysz9-session-24d8baabd0dc-lifetime-10:***@rp.scrapegw.com:6060	ConnectionTimeoutError: Connection timeout to host https://discord.com/api/v9/unique-username/username-attempt-unauthed
2026-09-01 18:32:11	NETWORK	ivbg	attempt=1	proxy=http://wiw4v7duaymysz9-session-587eef6a8ae0-lifetime-10:***@rp.scrapegw.com:6060	ConnectionTimeoutError: Connection timeout to host https://discord.com/api/v9/unique-username/username-attempt-unauthed
2026-09-01 18:32:11	NETWORK	iuzc	attempt=1	proxy=http://wiw4v7duaymysz9-session-5d1bc38e457f-lifetime-10:***@rp.scrapegw.com:6060	ConnectionTimeoutError: Connection timeout to host https://discord.com/api/v9/unique-username/username-attempt-unauthed
2026-09-01 18:32:11	NETWORK	ivcb	attempt=1	proxy=http://wiw4v7duaymysz9-session-d7ffe121acb1-lifetime-10:***@rp.scrapegw.com:6060	ConnectionTimeoutError: Connection timeout to host https://discord.com/api/v9/unique-username/username-attempt-unauthed
2026-09-01 18:32:11	NETWORK	ivbr	attempt=1	proxy=http://wiw4v7duaymysz9-session-6d25b9fa8bfc-lifetime-10:***@rp.scrapegw.com:6060	ConnectionTimeoutError: Connection timeout to host https://discord.com/api/v9/unique-username/username-attempt-unauthed
2026-09-01 18:32:11	NETWORK	iuzi	attempt=1	proxy=http://wiw4v7duaymysz9-session-9d0b2dbf9559-lifetime-10:***@rp.scrapegw.com:6060	ConnectionTimeoutError: Connection timeout to host https://discord.com/api/v9/unique-username/username-attempt-unauthed
2026-09-01 18:32:11	NETWORK	iuzx	attempt=1	proxy=http://wiw4v7duaymysz9-session-b25cfe0f25a6-lifetime-10:***@rp.scrapegw.com:6060	ConnectionTimeoutError: Connection timeout to host https://discord.com/api/v9/unique-username/username-attempt-unauthed
2026-09-01 18:32:11	NETWORK	iuzw	attempt=1	proxy=http://wiw4v7duaymysz9-session-bddd1077be8f-lifetime-10:***@rp.scrapegw.com:6060	ConnectionTimeoutError: Connection timeout to host https://discord.com/api/v9/unique-username/username-attempt-unauthed
2026-09-01 18:32:11	NETWORK	iuys	attempt=1	proxy=http://wiw4v7duaymysz9-session-b0b1034d2727-lifetime-10:***@rp.scrapegw.com:6060	ConnectionTimeoutError: Connection timeout to host https://discord.com/api/v9/unique-username/username-attempt-unauthed
2026-09-01 18:32:11	NETWORK	iuvh	attempt=1	proxy=http://wiw4v7duaymysz9-session-b2d36e158c10-lifetime-10:***@rp.scrapegw.com:6060	ConnectionTimeoutError: Connection timeout to host https://discord.com/api/v9/unique-username/username-attempt-unauthed
2026-09-01 18:32:11	NETWORK	iuyh	attempt=1	proxy=http://wiw4v7duaymysz9-session-124aa6b777e1-lifetime-10:***@rp.scrapegw.com:6060	ConnectionTimeoutError: Connection timeout to host https://discord.com/api/v9/unique-username/username-attempt-unauthed
2026-09-01 18:32:11	NETWORK	iuuw	attempt=1	proxy=http://wiw4v7duaymysz9-session-12488b9224c2-lifetime-10:***@rp.scrapegw.com:6060	ConnectionTimeoutError: Connection timeout to host https://discord.com/api/v9/unique-username/username-attempt-unauthed
2026-09-01 18:32:11	NETWORK	iuwk	attempt=1	proxy=http://wiw4v7duaymysz9-session-7719a11866d5-lifetime-10:***@rp.scrapegw.com:6060	ConnectionTimeoutError: Connection timeout to host https://discord.com/api/v9/unique-username/username-attempt-unauthed
2026-09-01 18:32:11	NETWORK	ivbu	attempt=1	proxy=http://wiw4v7duaymysz9-session-fda51f23ef5a-lifetime-10:***@rp.scrapegw.com:6060	ConnectionTimeoutError: Connection timeout to host https://discord.com/api/v9/unique-username/username-attempt-unauthed
2026-09-01 18:32:11	NETWORK	iwal	attempt=1	proxy=http://wiw4v7duaymysz9-session-ac856ce61c67-lifetime-10:***@rp.scrapegw.com:6060	ClientConnectorError: Cannot connect to host discord.com:443 ssl:default [Connection reset by peer]
2026-09-01 18:32:11	HTTP_429	iyba	attempt=1	proxy=http://wiw4v7duaymysz9-session-8ca5e400d481-lifetime-10:***@rp.scrapegw.com:6060	scope=shared global=False retry_after=1678.00s
2026-09-01 18:32:12	NETWORK	ivkc	attempt=1	proxy=http://wiw4v7duaymysz9-session-485913aeb17e-lifetime-10:***@rp.scrapegw.com:6060	ConnectionTimeoutError: Connection timeout to host https://discord.com/api/v9/unique-username/username-attempt-unauthed
2026-09-01 18:32:12	NETWORK	ivju	attempt=1	proxy=http://wiw4v7duaymysz9-session-82455daaf7fa-lifetime-10:***@rp.scrapegw.com:6060	ConnectionTimeoutError: Connection timeout to host https://discord.com/api/v9/unique-username/username-attempt-unauthed
2026-09-01 18:32:12	NETWORK	ivlm	attempt=1	proxy=http://wiw4v7duaymysz9-session-d03e010977b9-lifetime-10:***@rp.scrapegw.com:6060	ConnectionTimeoutError: Connection timeout to host https://discord.com/api/v9/unique-username/username-attempt-unauthed
2026-09-01 18:32:12	NETWORK	ivkr	attempt=1	proxy=http://wiw4v7duaymysz9-session-be7d9b1eca0c-lifetime-10:***@rp.scrapegw.com:6060	ConnectionTimeoutError: Connection timeout to host https://discord.com/api/v9/unique-username/username-attempt-unauthed
2026-09-01 18:32:12	NETWORK	ivhc	attempt=1	proxy=http://wiw4v7duaymysz9-session-f26cc24646c8-lifetime-10:***@rp.scrapegw.com:6060	ConnectionTimeoutError: Connection timeout to host https://discord.com/api/v9/unique-username/username-attempt-unauthed
2026-09-01 18:32:12	NETWORK	ivdz	attempt=1	proxy=http://wiw4v7duaymysz9-session-73f397eeb8f9-lifetime-10:***@rp.scrapegw.com:6060	ConnectionTimeoutError: Connection timeout to host https://discord.com/api/v9/unique-username/username-attempt-unauthed
2026-09-01 18:32:12	NETWORK	ivfo	attempt=1	proxy=http://wiw4v7duaymysz9-session-b7d201eb5f93-lifetime-10:***@rp.scrapegw.com:6060	ConnectionTimeoutError: Connection timeout to host https://discord.com/api/v9/unique-username/username-attempt-unauthed
2026-09-01 18:32:12	NETWORK	ivgm	attempt=1	proxy=http://wiw4v7duaymysz9-session-d38c38a02a18-lifetime-10:***@rp.scrapegw.com:6060	ConnectionTimeoutError: Connection timeout to host https://discord.com/api/v9/unique-username/username-attempt-unauthed
2026-09-01 18:32:12	NETWORK	ivga	attempt=1	proxy=http://wiw4v7duaymysz9-session-b5177023b085-lifetime-10:***@rp.scrapegw.com:6060	ConnectionTimeoutError: Connection timeout to host https://discord.com/api/v9/unique-username/username-attempt-unauthed
2026-09-01 18:32:12	NETWORK	ivlo	attempt=1	proxy=http://wiw4v7duaymysz9-session-a4ab1ee90ec1-lifetime-10:***@rp.scrapegw.com:6060	ConnectionTimeoutError: Connection timeout to host https://discord.com/api/v9/unique-username/username-attempt-unauthed
2026-09-01 18:32:12	NETWORK	ivkg	attempt=1	proxy=http://wiw4v7duaymysz9-session-b0b34d07e61d-lifetime-10:***@rp.scrapegw.com:6060	ConnectionTimeoutError: Connection timeout to host https://discord.com/api/v9/unique-username/username-attempt-unauthed
2026-09-01 18:32:12	NETWORK	ivlg	attempt=1	proxy=http://wiw4v7duaymysz9-session-31d899176125-lifetime-10:***@rp.scrapegw.com:6060	ConnectionTimeoutError: Connection timeout to host https://discord.com/api/v9/unique-username/username-attempt-unauthed
2026-09-01 18:32:12	NETWORK	ivkl	attempt=1	proxy=http://wiw4v7duaymysz9-session-ca918d3184fc-lifetime-10:***@rp.scrapegw.com:6060	ConnectionTimeoutError: Connection timeout to host https://discord.com/api/v9/unique-username/username-attempt-unauthed
2026-09-01 18:32:12	NETWORK	ivkv	attempt=1	proxy=http://wiw4v7duaymysz9-session-331b1c9c9100-lifetime-10:***@rp.scrapegw.com:6060	ConnectionTimeoutError: Connection timeout to host https://discord.com/api/v9/unique-username/username-attempt-unauthed
2026-09-01 18:32:12	NETWORK	ivko	attempt=1	proxy=http://wiw4v7duaymysz9-session-9df3a76bc542-lifetime-10:***@rp.scrapegw.com:6060	ConnectionTimeoutError: Connection timeout to host https://discord.com/api/v9/unique-username/username-attempt-unauthed
2026-09-01 18:32:12	NETWORK	ivka	attempt=1	proxy=http://wiw4v7duaymysz9-session-fc02b75bdb16-lifetime-10:***@rp.scrapegw.com:6060	ConnectionTimeoutError: Connection timeout to host https://discord.com/api/v9/unique-username/username-attempt-unauthed
2026-09-01 18:32:12	NETWORK	ivho	attempt=1	proxy=http://wiw4v7duaymysz9-session-cedbbc5d750c-lifetime-10:***@rp.scrapegw.com:6060	ConnectionTimeoutError: Connection timeout to host https://discord.com/api/v9/unique-username/username-attempt-unauthed
2026-09-01 18:32:12	NETWORK	ivji	attempt=1	proxy=http://wiw4v7duaymysz9-session-a1663f90995b-lifetime-10:***@rp.scrapegw.com:6060	ConnectionTimeoutError: Connection timeout to host https://discord.com/api/v9/unique-username/username-attempt-unauthed
2026-09-01 18:32:12	NETWORK	ivjc	attempt=1	proxy=http://wiw4v7duaymysz9-session-ad3d693c2d73-lifetime-10:***@rp.scrapegw.com:6060	ConnectionTimeoutError: Connection timeout to host https://discord.com/api/v9/unique-username/username-attempt-unauthed
2026-09-01 18:32:12	NETWORK	ivia	attempt=1	proxy=http://wiw4v7duaymysz9-session-cd869dba0e5c-lifetime-10:***@rp.scrapegw.com:6060	ConnectionTimeoutError: Connection timeout to host https://discord.com/api/v9/unique-username/username-attempt-unauthed
2026-09-01 18:32:12	NETWORK	iviy	attempt=1	proxy=http://wiw4v7duaymysz9-session-8b891b2d7166-lifetime-10:***@rp.scrapegw.com:6060	ConnectionTimeoutError: Connection timeout to host https://discord.com/api/v9/unique-username/username-attempt-unauthed
2026-09-01 18:32:12	NETWORK	ivek	attempt=1	proxy=http://wiw4v7duaymysz9-session-c2d506b3b507-lifetime-10:***@rp.scrapegw.com:6060	ConnectionTimeoutError: Connection timeout to host https://discord.com/api/v9/unique-username/username-attempt-unauthed
2026-09-01 18:32:12	NETWORK	ivei	attempt=1	proxy=http://wiw4v7duaymysz9-session-7b6ea19b976a-lifetime-10:***@rp.scrapegw.com:6060	ConnectionTimeoutError: Connection timeout to host https://discord.com/api/v9/unique-username/username-attempt-unauthed
2026-09-01 18:32:12	NETWORK	ivfb	attempt=1	proxy=http://wiw4v7duaymysz9-session-b3fe971c5eee-lifetime-10:***@rp.scrapegw.com:6060	ConnectionTimeoutError: Connection timeout to host https://discord.com/api/v9/unique-username/username-attempt-unauthed
2026-09-01 18:32:12	NETWORK	ivdx	attempt=1	proxy=http://wiw4v7duaymysz9-session-424c63166173-lifetime-10:***@rp.scrapegw.com:6060	ConnectionTimeoutError: Connection timeout to host https://discord.com/api/v9/unique-username/username-attempt-unauthed
2026-09-01 18:32:12	NETWORK	ivgf	attempt=1	proxy=http://wiw4v7duaymysz9-session-d40c85c7aa7c-lifetime-10:***@rp.scrapegw.com:6060	ConnectionTimeoutError: Connection timeout to host https://discord.com/api/v9/unique-username/username-attempt-unauthed
2026-09-01 18:32:12	NETWORK	ivlt	attempt=1	proxy=http://wiw4v7duaymysz9-session-c18db1087bf0-lifetime-10:***@rp.scrapegw.com:6060	ConnectionTimeoutError: Connection timeout to host https://discord.com/api/v9/unique-username/username-attempt-unauthed
2026-09-01 18:32:12	NETWORK	ivea	attempt=1	proxy=http://wiw4v7duaymysz9-session-4970f8fcf397-lifetime-10:***@rp.scrapegw.com:6060	ConnectionTimeoutError: Connection timeout to host https://discord.com/api/v9/unique-username/username-attempt-unauthed
2026-09-01 18:32:12	NETWORK	ivhd	attempt=1	proxy=http://wiw4v7duaymysz9-session-69a919ea8d1c-lifetime-10:***@rp.scrapegw.com:6060	ConnectionTimeoutError: Connection timeout to host https://discord.com/api/v9/unique-username/username-attempt-unauthed
2026-09-01 18:32:12	NETWORK	ivln	attempt=1	proxy=http://wiw4v7duaymysz9-session-0073b252e109-lifetime-10:***@rp.scrapegw.com:6060	ConnectionTimeoutError: Connection timeout to host https://discord.com/api/v9/unique-username/username-attempt-unauthed
2026-09-01 18:32:12	NETWORK	ivlb	attempt=1	proxy=http://wiw4v7duaymysz9-session-ec5bc048edf8-lifetime-10:***@rp.scrapegw.com:6060	ConnectionTimeoutError: Connection timeout to host https://discord.com/api/v9/unique-username/username-attempt-unauthed
2026-09-01 18:32:12	NETWORK	ivgb	attempt=1	proxy=http://wiw4v7duaymysz9-session-63c2e62ba9f2-lifetime-10:***@rp.scrapegw.com:6060	ConnectionTimeoutError: Connection timeout to host https://discord.com/api/v9/unique-username/username-attempt-unauthed
2026-09-01 18:32:12	NETWORK	ivdo	attempt=1	proxy=http://wiw4v7duaymysz9-session-b901647114fc-lifetime-10:***@rp.scrapegw.com:6060	ConnectionTimeoutError: Connection timeout to host https://discord.com/api/v9/unique-username/username-attempt-unauthed
2026-09-01 18:32:12	NETWORK	iveh	attempt=1	proxy=http://wiw4v7duaymysz9-session-83c99f5957a8-lifetime-10:***@rp.scrapegw.com:6060	ConnectionTimeoutError: Connection timeout to host https://discord.com/api/v9/unique-username/username-attempt-unauthed
2026-09-01 18:32:12	HTTP_429	iyae	attempt=1	proxy=http://wiw4v7duaymysz9-session-25e6de56a176-lifetime-10:***@rp.scrapegw.com:6060	scope=shared global=False retry_after=1359.00s
2026-09-01 18:32:12	NETWORK	iwbb	attempt=1	proxy=http://wiw4v7duaymysz9-session-ac706d301575-lifetime-10:***@rp.scrapegw.com:6060	ClientConnectorError: Cannot connect to host discord.com:443 ssl:default [Connection reset by peer]
2026-09-01 18:32:13	HTTP_429	iybk	attempt=1	proxy=http://wiw4v7duaymysz9-session-171d83c9bb16-lifetime-10:***@rp.scrapegw.com:6060	scope=shared global=False retry_after=645.00s
2026-09-01 18:32:13	HTTP_429	iyhp	attempt=1	proxy=http://wiw4v7duaymysz9-session-f03a69e889a4-lifetime-10:***@rp.scrapegw.com:6060	scope=shared global=False retry_after=1920.00s
2026-09-01 18:32:13	HTTP_429	ixzv	attempt=1	proxy=http://wiw4v7duaymysz9-session-e51d808d89d6-lifetime-10:***@rp.scrapegw.com:6060	scope=shared global=False retry_after=337.00s
2026-09-01 18:32:13	NETWORK	ivqp	attempt=1	proxy=http://wiw4v7duaymysz9-session-1789b6509692-lifetime-10:***@rp.scrapegw.com:6060	ConnectionTimeoutError: Connection timeout to host https://discord.com/api/v9/unique-username/username-attempt-unauthed
2026-09-01 18:32:13	NETWORK	ivom	attempt=1	proxy=http://wiw4v7duaymysz9-session-de7dffcc48de-lifetime-10:***@rp.scrapegw.com:6060	ConnectionTimeoutError: Connection timeout to host https://discord.com/api/v9/unique-username/username-attempt-unauthed
2026-09-01 18:32:13	NETWORK	ivrr	attempt=1	proxy=http://wiw4v7duaymysz9-session-dc459c228a6d-lifetime-10:***@rp.scrapegw.com:6060	ConnectionTimeoutError: Connection timeout to host https://discord.com/api/v9/unique-username/username-attempt-unauthed
2026-09-01 18:32:13	NETWORK	ivru	attempt=1	proxy=http://wiw4v7duaymysz9-session-c2b0859bff88-lifetime-10:***@rp.scrapegw.com:6060	ConnectionTimeoutError: Connection timeout to host https://discord.com/api/v9/unique-username/username-attempt-unauthed
2026-09-01 18:32:13	NETWORK	ivqv	attempt=1	proxy=http://wiw4v7duaymysz9-session-10a42e73e97c-lifetime-10:***@rp.scrapegw.com:6060	ConnectionTimeoutError: Connection timeout to host https://discord.com/api/v9/unique-username/username-attempt-unauthed
2026-09-01 18:32:13	NETWORK	ivqs	attempt=1	proxy=http://wiw4v7duaymysz9-session-290bb776637a-lifetime-10:***@rp.scrapegw.com:6060	ConnectionTimeoutError: Connection timeout to host https://discord.com/api/v9/unique-username/username-attempt-unauthed
2026-09-01 18:32:13	NETWORK	ivqt	attempt=1	proxy=http://wiw4v7duaymysz9-session-c4cffa567599-lifetime-10:***@rp.scrapegw.com:6060	ConnectionTimeoutError: Connection timeout to host https://discord.com/api/v9/unique-username/username-attempt-unauthed
2026-09-01 18:32:13	NETWORK	ivno	attempt=1	proxy=http://wiw4v7duaymysz9-session-24b3000f5ca7-lifetime-10:***@rp.scrapegw.com:6060	ConnectionTimeoutError: Connection timeout to host https://discord.com/api/v9/unique-username/username-attempt-unauthed
2026-09-01 18:32:13	NETWORK	ivra	attempt=1	proxy=http://wiw4v7duaymysz9-session-a217d87927aa-lifetime-10:***@rp.scrapegw.com:6060	ConnectionTimeoutError: Connection timeout to host https://discord.com/api/v9/unique-username/username-attempt-unauthed
2026-09-01 18:32:13	NETWORK	ivqf	attempt=1	proxy=http://wiw4v7duaymysz9-session-c00ed44bd97e-lifetime-10:***@rp.scrapegw.com:6060	ConnectionTimeoutError: Connection timeout to host https://discord.com/api/v9/unique-username/username-attempt-unauthed
2026-09-01 18:32:13	NETWORK	ivpy	attempt=1	proxy=http://wiw4v7duaymysz9-session-990cf2603b6b-lifetime-10:***@rp.scrapegw.com:6060	ConnectionTimeoutError: Connection timeout to host https://discord.com/api/v9/unique-username/username-attempt-unauthed
2026-09-01 18:32:13	NETWORK	ivpl	attempt=1	proxy=http://wiw4v7duaymysz9-session-f8e545751f29-lifetime-10:***@rp.scrapegw.com:6060	ConnectionTimeoutError: Connection timeout to host https://discord.com/api/v9/unique-username/username-attempt-unauthed
2026-09-01 18:32:13	NETWORK	ivpw	attempt=1	proxy=http://wiw4v7duaymysz9-session-a279bb5da033-lifetime-10:***@rp.scrapegw.com:6060	ConnectionTimeoutError: Connection timeout to host https://discord.com/api/v9/unique-username/username-attempt-unauthed
2026-09-01 18:32:13	NETWORK	ivpx	attempt=1	proxy=http://wiw4v7duaymysz9-session-6c465a18955c-lifetime-10:***@rp.scrapegw.com:6060	ConnectionTimeoutError: Connection timeout to host https://discord.com/api/v9/unique-username/username-attempt-unauthed
2026-09-01 18:32:13	NETWORK	ivsj	attempt=1	proxy=http://wiw4v7duaymysz9-session-d55bfa123556-lifetime-10:***@rp.scrapegw.com:6060	ConnectionTimeoutError: Connection timeout to host https://discord.com/api/v9/unique-username/username-attempt-unauthed
2026-09-01 18:32:13	NETWORK	ivmv	attempt=1	proxy=http://wiw4v7duaymysz9-session-b39e76583168-lifetime-10:***@rp.scrapegw.com:6060	ConnectionTimeoutError: Connection timeout to host https://discord.com/api/v9/unique-username/username-attempt-unauthed
2026-09-01 18:32:13	NETWORK	ivmg	attempt=1	proxy=http://wiw4v7duaymysz9-session-6c982cc2ec23-lifetime-10:***@rp.scrapegw.com:6060	ConnectionTimeoutError: Connection timeout to host https://discord.com/api/v9/unique-username/username-attempt-unauthed
2026-09-01 18:32:13	NETWORK	ivop	attempt=1	proxy=http://wiw4v7duaymysz9-session-3b0bad26e90c-lifetime-10:***@rp.scrapegw.com:6060	ConnectionTimeoutError: Connection timeout to host https://discord.com/api/v9/unique-username/username-attempt-unauthed
2026-09-01 18:32:13	NETWORK	ivsi	attempt=1	proxy=http://wiw4v7duaymysz9-session-27baa213304a-lifetime-10:***@rp.scrapegw.com:6060	ConnectionTimeoutError: Connection timeout to host https://discord.com/api/v9/unique-username/username-attempt-unauthed
2026-09-01 18:32:13	NETWORK	ivrn	attempt=1	proxy=http://wiw4v7duaymysz9-session-c3cf01ba9c00-lifetime-10:***@rp.scrapegw.com:6060	ConnectionTimeoutError: Connection timeout to host https://discord.com/api/v9/unique-username/username-attempt-unauthed
2026-09-01 18:32:13	NETWORK	ivrh	attempt=1	proxy=http://wiw4v7duaymysz9-session-f723d766c8d8-lifetime-10:***@rp.scrapegw.com:6060	ConnectionTimeoutError: Connection timeout to host https://discord.com/api/v9/unique-username/username-attempt-unauthed
2026-09-01 18:32:13	NETWORK	ivrz	attempt=1	proxy=http://wiw4v7duaymysz9-session-5d6028afc366-lifetime-10:***@rp.scrapegw.com:6060	ConnectionTimeoutError: Connection timeout to host https://discord.com/api/v9/unique-username/username-attempt-unauthed
2026-09-01 18:32:13	NETWORK	ivro	attempt=1	proxy=http://wiw4v7duaymysz9-session-738e5d5d89ec-lifetime-10:***@rp.scrapegw.com:6060	ConnectionTimeoutError: Connection timeout to host https://discord.com/api/v9/unique-username/username-attempt-unauthed
2026-09-01 18:32:13	NETWORK	ivrv	attempt=1	proxy=http://wiw4v7duaymysz9-session-6512c3d8aec2-lifetime-10:***@rp.scrapegw.com:6060	ConnectionTimeoutError: Connection timeout to host https://discord.com/api/v9/unique-username/username-attempt-unauthed
2026-09-01 18:32:13	NETWORK	ivpf	attempt=1	proxy=http://wiw4v7duaymysz9-session-5ffe46c4cd03-lifetime-10:***@rp.scrapegw.com:6060	ConnectionTimeoutError: Connection timeout to host https://discord.com/api/v9/unique-username/username-attempt-unauthed
2026-09-01 18:32:13	NETWORK	ivmk	attempt=1	proxy=http://wiw4v7duaymysz9-session-bc5d3c41c9d0-lifetime-10:***@rp.scrapegw.com:6060	ConnectionTimeoutError: Connection timeout to host https://discord.com/api/v9/unique-username/username-attempt-unauthed
2026-09-01 18:32:13	NETWORK	ivpv	attempt=1	proxy=http://wiw4v7duaymysz9-session-1e027d206e70-lifetime-10:***@rp.scrapegw.com:6060	ConnectionTimeoutError: Connection timeout to host https://discord.com/api/v9/unique-username/username-attempt-unauthed
2026-09-01 18:32:13	NETWORK	ivnp	attempt=1	proxy=http://wiw4v7duaymysz9-session-1369657cc69c-lifetime-10:***@rp.scrapegw.com:6060	ConnectionTimeoutError: Connection timeout to host https://discord.com/api/v9/unique-username/username-attempt-unauthed
2026-09-01 18:32:13	NETWORK	ivoa	attempt=1	proxy=http://wiw4v7duaymysz9-session-e4a99a297ca2-lifetime-10:***@rp.scrapegw.com:6060	ConnectionTimeoutError: Connection timeout to host https://discord.com/api/v9/unique-username/username-attempt-unauthed
2026-09-01 18:32:13	NETWORK	ivmy	attempt=1	proxy=http://wiw4v7duaymysz9-session-927d3590c1c6-lifetime-10:***@rp.scrapegw.com:6060	ConnectionTimeoutError: Connection timeout to host https://discord.com/api/v9/unique-username/username-attempt-unauthed
2026-09-01 18:32:13	NETWORK	iwqy	attempt=1	proxy=http://wiw4v7duaymysz9-session-6a63e5fa8d3c-lifetime-10:***@rp.scrapegw.com:6060	ClientConnectorError: Cannot connect to host discord.com:443 ssl:default [Connection reset by peer]
2026-09-01 18:32:14	HTTP_429	iymv	attempt=1	proxy=http://wiw4v7duaymysz9-session-2bc4e57f9667-lifetime-10:***@rp.scrapegw.com:6060	scope=shared global=False retry_after=2050.00s
2026-09-01 18:32:14	HTTP_429	iylz	attempt=1	proxy=http://wiw4v7duaymysz9-session-9f8d934b958c-lifetime-10:***@rp.scrapegw.com:6060	scope=shared global=False retry_after=2048.00s
2026-09-01 18:32:14	NETWORK	iwxw	attempt=1	proxy=http://wiw4v7duaymysz9-session-b7d201eb5f93-lifetime-10:***@rp.scrapegw.com:6060	ClientConnectorError: Cannot connect to host discord.com:443 ssl:default [Connection reset by peer]
2026-09-01 18:32:14	HTTP_429	iypw	attempt=1	proxy=http://wiw4v7duaymysz9-session-19acdcf32d1d-lifetime-10:***@rp.scrapegw.com:6060	scope=shared global=False retry_after=1930.00s
2026-09-01 18:32:14	NETWORK	iwam	attempt=1	proxy=http://wiw4v7duaymysz9-session-a3aebcd57aeb-lifetime-10:***@rp.scrapegw.com:6060	ConnectionTimeoutError: Connection timeout to host https://discord.com/api/v9/unique-username/username-attempt-unauthed
2026-09-01 18:32:14	NETWORK	iwbw	attempt=1	proxy=http://wiw4v7duaymysz9-session-c9e1e5ed4ba6-lifetime-10:***@rp.scrapegw.com:6060	ConnectionTimeoutError: Connection timeout to host https://discord.com/api/v9/unique-username/username-attempt-unauthed
2026-09-01 18:32:14	NETWORK	iwas	attempt=1	proxy=http://wiw4v7duaymysz9-session-9c5964c5a51c-lifetime-10:***@rp.scrapegw.com:6060	ConnectionTimeoutError: Connection timeout to host https://discord.com/api/v9/unique-username/username-attempt-unauthed
2026-09-01 18:32:14	NETWORK	iwai	attempt=1	proxy=http://wiw4v7duaymysz9-session-0ee786bef23e-lifetime-10:***@rp.scrapegw.com:6060	ConnectionTimeoutError: Connection timeout to host https://discord.com/api/v9/unique-username/username-attempt-unauthed
2026-09-01 18:32:14	NETWORK	iwac	attempt=1	proxy=http://wiw4v7duaymysz9-session-68155a63941f-lifetime-10:***@rp.scrapegw.com:6060	ConnectionTimeoutError: Connection timeout to host https://discord.com/api/v9/unique-username/username-attempt-unauthed
2026-09-01 18:32:14	NETWORK	ivzy	attempt=1	proxy=http://wiw4v7duaymysz9-session-b82ce0bcd699-lifetime-10:***@rp.scrapegw.com:6060	ConnectionTimeoutError: Connection timeout to host https://discord.com/api/v9/unique-username/username-attempt-unauthed
2026-09-01 18:32:14	NETWORK	iwbg	attempt=1	proxy=http://wiw4v7duaymysz9-session-9ed6a714b498-lifetime-10:***@rp.scrapegw.com:6060	ConnectionTimeoutError: Connection timeout to host https://discord.com/api/v9/unique-username/username-attempt-unauthed
2026-09-01 18:32:14	NETWORK	ivzu	attempt=1	proxy=http://wiw4v7duaymysz9-session-7fdf9e2c2c11-lifetime-10:***@rp.scrapegw.com:6060	ConnectionTimeoutError: Connection timeout to host https://discord.com/api/v9/unique-username/username-attempt-unauthed
2026-09-01 18:32:14	NETWORK	ivuz	attempt=1	proxy=http://wiw4v7duaymysz9-session-eb5a1510a749-lifetime-10:***@rp.scrapegw.com:6060	ConnectionTimeoutError: Connection timeout to host https://discord.com/api/v9/unique-username/username-attempt-unauthed
2026-09-01 18:32:14	NETWORK	ivuh	attempt=1	proxy=http://wiw4v7duaymysz9-session-d13ffdb10a52-lifetime-10:***@rp.scrapegw.com:6060	ConnectionTimeoutError: Connection timeout to host https://discord.com/api/v9/unique-username/username-attempt-unauthed
2026-09-01 18:32:14	NETWORK	ivuw	attempt=1	proxy=http://wiw4v7duaymysz9-session-17aa322ceecd-lifetime-10:***@rp.scrapegw.com:6060	ConnectionTimeoutError: Connection timeout to host https://discord.com/api/v9/unique-username/username-attempt-unauthed
2026-09-01 18:32:14	NETWORK	ivuu	attempt=1	proxy=http://wiw4v7duaymysz9-session-6b74158234e4-lifetime-10:***@rp.scrapegw.com:6060	ConnectionTimeoutError: Connection timeout to host https://discord.com/api/v9/unique-username/username-attempt-unauthed
2026-09-01 18:32:14	NETWORK	ivyb	attempt=1	proxy=http://wiw4v7duaymysz9-session-401de7be85d8-lifetime-10:***@rp.scrapegw.com:6060	ConnectionTimeoutError: Connection timeout to host https://discord.com/api/v9/unique-username/username-attempt-unauthed
2026-09-01 18:32:14	NETWORK	ivux	attempt=1	proxy=http://wiw4v7duaymysz9-session-8bb7d6a6d72e-lifetime-10:***@rp.scrapegw.com:6060	ConnectionTimeoutError: Connection timeout to host https://discord.com/api/v9/unique-username/username-attempt-unauthed
2026-09-01 18:32:14	NETWORK	ivzi	attempt=1	proxy=http://wiw4v7duaymysz9-session-0943c485626f-lifetime-10:***@rp.scrapegw.com:6060	ConnectionTimeoutError: Connection timeout to host https://discord.com/api/v9/unique-username/username-attempt-unauthed
2026-09-01 18:32:14	NETWORK	ivty	attempt=1	proxy=http://wiw4v7duaymysz9-session-30859467ff0b-lifetime-10:***@rp.scrapegw.com:6060	ConnectionTimeoutError: Connection timeout to host https://discord.com/api/v9/unique-username/username-attempt-unauthed
2026-09-01 18:32:14	NETWORK	ivxf	attempt=1	proxy=http://wiw4v7duaymysz9-session-80479e856ac9-lifetime-10:***@rp.scrapegw.com:6060	ConnectionTimeoutError: Connection timeout to host https://discord.com/api/v9/unique-username/username-attempt-unauthed
2026-09-01 18:32:14	NETWORK	ivvb	attempt=1	proxy=http://wiw4v7duaymysz9-session-24be03fa7245-lifetime-10:***@rp.scrapegw.com:6060	ConnectionTimeoutError: Connection timeout to host https://discord.com/api/v9/unique-username/username-attempt-unauthed
2026-09-01 18:32:14	NETWORK	iwbz	attempt=1	proxy=http://wiw4v7duaymysz9-session-5901a70322e7-lifetime-10:***@rp.scrapegw.com:6060	ConnectionTimeoutError: Connection timeout to host https://discord.com/api/v9/unique-username/username-attempt-unauthed
2026-09-01 18:32:14	NETWORK	iwaz	attempt=1	proxy=http://wiw4v7duaymysz9-session-55e24c4550ca-lifetime-10:***@rp.scrapegw.com:6060	ConnectionTimeoutError: Connection timeout to host https://discord.com/api/v9/unique-username/username-attempt-unauthed
2026-09-01 18:32:14	NETWORK	iwbq	attempt=1	proxy=http://wiw4v7duaymysz9-session-17bbe60eaa84-lifetime-10:***@rp.scrapegw.com:6060	ConnectionTimeoutError: Connection timeout to host https://discord.com/api/v9/unique-username/username-attempt-unauthed
2026-09-01 18:32:14	NETWORK	iwcl	attempt=1	proxy=http://wiw4v7duaymysz9-session-dd6554c08428-lifetime-10:***@rp.scrapegw.com:6060	ConnectionTimeoutError: Connection timeout to host https://discord.com/api/v9/unique-username/username-attempt-unauthed
2026-09-01 18:32:14	NETWORK	ivwx	attempt=1	proxy=http://wiw4v7duaymysz9-session-af71e9e20316-lifetime-10:***@rp.scrapegw.com:6060	ConnectionTimeoutError: Connection timeout to host https://discord.com/api/v9/unique-username/username-attempt-unauthed
2026-09-01 18:32:14	NETWORK	ivzt	attempt=1	proxy=http://wiw4v7duaymysz9-session-22ae727d563b-lifetime-10:***@rp.scrapegw.com:6060	ConnectionTimeoutError: Connection timeout to host https://discord.com/api/v9/unique-username/username-attempt-unauthed
2026-09-01 18:32:14	NETWORK	ivug	attempt=1	proxy=http://wiw4v7duaymysz9-session-85c7e255d0b1-lifetime-10:***@rp.scrapegw.com:6060	ConnectionTimeoutError: Connection timeout to host https://discord.com/api/v9/unique-username/username-attempt-unauthed
2026-09-01 18:32:14	NETWORK	ivtw	attempt=1	proxy=http://wiw4v7duaymysz9-session-c5aa087c828e-lifetime-10:***@rp.scrapegw.com:6060	ConnectionTimeoutError: Connection timeout to host https://discord.com/api/v9/unique-username/username-attempt-unauthed
2026-09-01 18:32:14	NETWORK	ivti	attempt=1	proxy=http://wiw4v7duaymysz9-session-319dd21cc583-lifetime-10:***@rp.scrapegw.com:6060	ConnectionTimeoutError: Connection timeout to host https://discord.com/api/v9/unique-username/username-attempt-unauthed
2026-09-01 18:32:14	NETWORK	ivtf	attempt=1	proxy=http://wiw4v7duaymysz9-session-47d599ac19e9-lifetime-10:***@rp.scrapegw.com:6060	ConnectionTimeoutError: Connection timeout to host https://discord.com/api/v9/unique-username/username-attempt-unauthed
2026-09-01 18:32:14	NETWORK	ivsr	attempt=1	proxy=http://wiw4v7duaymysz9-session-475be07f4521-lifetime-10:***@rp.scrapegw.com:6060	ConnectionTimeoutError: Connection timeout to host https://discord.com/api/v9/unique-username/username-attempt-unauthed
2026-09-01 18:32:14	NETWORK	iway	attempt=1	proxy=http://wiw4v7duaymysz9-session-11eb6d2779d1-lifetime-10:***@rp.scrapegw.com:6060	ConnectionTimeoutError: Connection timeout to host https://discord.com/api/v9/unique-username/username-attempt-unauthed
2026-09-01 18:32:14	NETWORK	iwbd	attempt=1	proxy=http://wiw4v7duaymysz9-session-376e14ec964f-lifetime-10:***@rp.scrapegw.com:6060	ConnectionTimeoutError: Connection timeout to host https://discord.com/api/v9/unique-username/username-attempt-unauthed
2026-09-01 18:32:14	NETWORK	ivvk	attempt=1	proxy=http://wiw4v7duaymysz9-session-0ff9bf35bc3a-lifetime-10:***@rp.scrapegw.com:6060	ConnectionTimeoutError: Connection timeout to host https://discord.com/api/v9/unique-username/username-attempt-unauthed
2026-09-01 18:32:14	NETWORK	ivym	attempt=1	proxy=http://wiw4v7duaymysz9-session-e819f2ad769c-lifetime-10:***@rp.scrapegw.com:6060	ConnectionTimeoutError: Connection timeout to host https://discord.com/api/v9/unique-username/username-attempt-unauthed
2026-09-01 18:32:14	NETWORK	ivye	attempt=1	proxy=http://wiw4v7duaymysz9-session-51cfb7c8dc60-lifetime-10:***@rp.scrapegw.com:6060	ConnectionTimeoutError: Connection timeout to host https://discord.com/api/v9/unique-username/username-attempt-unauthed
2026-09-01 18:32:14	NETWORK	ivuk	attempt=1	proxy=http://wiw4v7duaymysz9-session-f188fed328e6-lifetime-10:***@rp.scrapegw.com:6060	ConnectionTimeoutError: Connection timeout to host https://discord.com/api/v9/unique-username/username-attempt-unauthed
2026-09-01 18:32:14	NETWORK	ivzl	attempt=1	proxy=http://wiw4v7duaymysz9-session-3b4a02a461a0-lifetime-10:***@rp.scrapegw.com:6060	ConnectionTimeoutError: Connection timeout to host https://discord.com/api/v9/unique-username/username-attempt-unauthed
2026-09-01 18:32:14	NETWORK	ivxr	attempt=1	proxy=http://wiw4v7duaymysz9-session-5e1b809d5ef4-lifetime-10:***@rp.scrapegw.com:6060	ConnectionTimeoutError: Connection timeout to host https://discord.com/api/v9/unique-username/username-attempt-unauthed
2026-09-01 18:32:14	NETWORK	ivto	attempt=1	proxy=http://wiw4v7duaymysz9-session-79a222bf3b38-lifetime-10:***@rp.scrapegw.com:6060	ConnectionTimeoutError: Connection timeout to host https://discord.com/api/v9/unique-username/username-attempt-unauthed
2026-09-01 18:32:14	NETWORK	ivsv	attempt=1	proxy=http://wiw4v7duaymysz9-session-befa002e394f-lifetime-10:***@rp.scrapegw.com:6060	ConnectionTimeoutError: Connection timeout to host https://discord.com/api/v9/unique-username/username-attempt-unauthed
2026-09-01 18:32:14	NETWORK	ivxc	attempt=1	proxy=http://wiw4v7duaymysz9-session-6fbfb629bfe0-lifetime-10:***@rp.scrapegw.com:6060	ConnectionTimeoutError: Connection timeout to host https://discord.com/api/v9/unique-username/username-attempt-unauthed
2026-09-01 18:32:14	NETWORK	ivxh	attempt=1	proxy=http://wiw4v7duaymysz9-session-a776f830c25a-lifetime-10:***@rp.scrapegw.com:6060	ConnectionTimeoutError: Connection timeout to host https://discord.com/api/v9/unique-username/username-attempt-unauthed
2026-09-01 18:32:14	NETWORK	ivuf	attempt=1	proxy=http://wiw4v7duaymysz9-session-8ebf4c7f7363-lifetime-10:***@rp.scrapegw.com:6060	ConnectionTimeoutError: Connection timeout to host https://discord.com/api/v9/unique-username/username-attempt-unauthed
2026-09-01 18:32:15	HTTP_429	iytn	attempt=1	proxy=http://wiw4v7duaymysz9-session-9816696133c9-lifetime-10:***@rp.scrapegw.com:6060	scope=shared global=False retry_after=2055.00s
2026-09-01 18:32:15	HTTP_429	iyio	attempt=1	proxy=http://wiw4v7duaymysz9-session-aa40e704d42b-lifetime-10:***@rp.scrapegw.com:6060	scope=shared global=False retry_after=171.00s
2026-09-01 18:32:15	HTTP_429	iysd	attempt=1	proxy=http://wiw4v7duaymysz9-session-418d60f9a3d2-lifetime-10:***@rp.scrapegw.com:6060	scope=shared global=False retry_after=2056.00s
2026-09-01 18:32:15	HTTP_429	iwyk	attempt=1	proxy=http://wiw4v7duaymysz9-session-d40c85c7aa7c-lifetime-10:***@rp.scrapegw.com:6060	scope=shared global=False retry_after=85.00s
2026-09-01 18:32:15	NETWORK	iwfs	attempt=1	proxy=http://wiw4v7duaymysz9-session-ef3a640afa2c-lifetime-10:***@rp.scrapegw.com:6060	ConnectionTimeoutError: Connection timeout to host https://discord.com/api/v9/unique-username/username-attempt-unauthed
2026-09-01 18:32:15	NETWORK	iwdc	attempt=1	proxy=http://wiw4v7duaymysz9-session-10f731fafb9a-lifetime-10:***@rp.scrapegw.com:6060	ConnectionTimeoutError: Connection timeout to host https://discord.com/api/v9/unique-username/username-attempt-unauthed
2026-09-01 18:32:15	NETWORK	iwdn	attempt=1	proxy=http://wiw4v7duaymysz9-session-213f10d224a5-lifetime-10:***@rp.scrapegw.com:6060	ConnectionTimeoutError: Connection timeout to host https://discord.com/api/v9/unique-username/username-attempt-unauthed
2026-09-01 18:32:15	NETWORK	iwgy	attempt=1	proxy=http://wiw4v7duaymysz9-session-bd287e005798-lifetime-10:***@rp.scrapegw.com:6060	ConnectionTimeoutError: Connection timeout to host https://discord.com/api/v9/unique-username/username-attempt-unauthed
2026-09-01 18:32:15	NETWORK	iwie	attempt=1	proxy=http://wiw4v7duaymysz9-session-6b48e42e33d6-lifetime-10:***@rp.scrapegw.com:6060	ConnectionTimeoutError: Connection timeout to host https://discord.com/api/v9/unique-username/username-attempt-unauthed
2026-09-01 18:32:15	NETWORK	iwhu	attempt=1	proxy=http://wiw4v7duaymysz9-session-4fc4a379b89f-lifetime-10:***@rp.scrapegw.com:6060	ConnectionTimeoutError: Connection timeout to host https://discord.com/api/v9/unique-username/username-attempt-unauthed
2026-09-01 18:32:15	NETWORK	iwhp	attempt=1	proxy=http://wiw4v7duaymysz9-session-b42dea2afffe-lifetime-10:***@rp.scrapegw.com:6060	ConnectionTimeoutError: Connection timeout to host https://discord.com/api/v9/unique-username/username-attempt-unauthed
2026-09-01 18:32:15	NETWORK	iweg	attempt=1	proxy=http://wiw4v7duaymysz9-session-1e9cecff2a73-lifetime-10:***@rp.scrapegw.com:6060	ConnectionTimeoutError: Connection timeout to host https://discord.com/api/v9/unique-username/username-attempt-unauthed
2026-09-01 18:32:15	NETWORK	iwec	attempt=1	proxy=http://wiw4v7duaymysz9-session-ba36291ba5dc-lifetime-10:***@rp.scrapegw.com:6060	ConnectionTimeoutError: Connection timeout to host https://discord.com/api/v9/unique-username/username-attempt-unauthed
2026-09-01 18:32:15	NETWORK	iwhf	attempt=1	proxy=http://wiw4v7duaymysz9-session-53418bcdbbee-lifetime-10:***@rp.scrapegw.com:6060	ConnectionTimeoutError: Connection timeout to host https://discord.com/api/v9/unique-username/username-attempt-unauthed
2026-09-01 18:32:15	NETWORK	iwff	attempt=1	proxy=http://wiw4v7duaymysz9-session-c9ab578499fc-lifetime-10:***@rp.scrapegw.com:6060	ConnectionTimeoutError: Connection timeout to host https://discord.com/api/v9/unique-username/username-attempt-unauthed
2026-09-01 18:32:15	NETWORK	iwjh	attempt=1	proxy=http://wiw4v7duaymysz9-session-c599730b0c0a-lifetime-10:***@rp.scrapegw.com:6060	ConnectionTimeoutError: Connection timeout to host https://discord.com/api/v9/unique-username/username-attempt-unauthed
2026-09-01 18:32:15	NETWORK	iweq	attempt=1	proxy=http://wiw4v7duaymysz9-session-74f694f3fc8c-lifetime-10:***@rp.scrapegw.com:6060	ConnectionTimeoutError: Connection timeout to host https://discord.com/api/v9/unique-username/username-attempt-unauthed
2026-09-01 18:32:15	NETWORK	iwfz	attempt=1	proxy=http://wiw4v7duaymysz9-session-2b63ad7450e5-lifetime-10:***@rp.scrapegw.com:6060	ConnectionTimeoutError: Connection timeout to host https://discord.com/api/v9/unique-username/username-attempt-unauthed
2026-09-01 18:32:15	NETWORK	iwhy	attempt=1	proxy=http://wiw4v7duaymysz9-session-27038256582c-lifetime-10:***@rp.scrapegw.com:6060	ConnectionTimeoutError: Connection timeout to host https://discord.com/api/v9/unique-username/username-attempt-unauthed
2026-09-01 18:32:15	NETWORK	iwet	attempt=1	proxy=http://wiw4v7duaymysz9-session-600b42b16f1b-lifetime-10:***@rp.scrapegw.com:6060	ConnectionTimeoutError: Connection timeout to host https://discord.com/api/v9/unique-username/username-attempt-unauthed
2026-09-01 18:32:15	NETWORK	iweb	attempt=1	proxy=http://wiw4v7duaymysz9-session-cae4ac28c0bd-lifetime-10:***@rp.scrapegw.com:6060	ConnectionTimeoutError: Connection timeout to host https://discord.com/api/v9/unique-username/username-attempt-unauthed
2026-09-01 18:32:15	NETWORK	iwdz	attempt=1	proxy=http://wiw4v7duaymysz9-session-b7974e9559e9-lifetime-10:***@rp.scrapegw.com:6060	ConnectionTimeoutError: Connection timeout to host https://discord.com/api/v9/unique-username/username-attempt-unauthed
2026-09-01 18:32:15	NETWORK	iwfo	attempt=1	proxy=http://wiw4v7duaymysz9-session-0cc538d69a7d-lifetime-10:***@rp.scrapegw.com:6060	ConnectionTimeoutError: Connection timeout to host https://discord.com/api/v9/unique-username/username-attempt-unauthed
2026-09-01 18:32:15	NETWORK	iwfv	attempt=1	proxy=http://wiw4v7duaymysz9-session-c2c3ac3304f1-lifetime-10:***@rp.scrapegw.com:6060	ConnectionTimeoutError: Connection timeout to host https://discord.com/api/v9/unique-username/username-attempt-unauthed
2026-09-01 18:32:15	NETWORK	iwim	attempt=1	proxy=http://wiw4v7duaymysz9-session-28a900f03c1b-lifetime-10:***@rp.scrapegw.com:6060	ConnectionTimeoutError: Connection timeout to host https://discord.com/api/v9/unique-username/username-attempt-unauthed
2026-09-01 18:32:15	NETWORK	iwhs	attempt=1	proxy=http://wiw4v7duaymysz9-session-a275b2aa4043-lifetime-10:***@rp.scrapegw.com:6060	ConnectionTimeoutError: Connection timeout to host https://discord.com/api/v9/unique-username/username-attempt-unauthed
2026-09-01 18:32:15	NETWORK	iwfg	attempt=1	proxy=http://wiw4v7duaymysz9-session-30ab71d54411-lifetime-10:***@rp.scrapegw.com:6060	ConnectionTimeoutError: Connection timeout to host https://discord.com/api/v9/unique-username/username-attempt-unauthed
2026-09-01 18:32:15	NETWORK	iwit	attempt=1	proxy=http://wiw4v7duaymysz9-session-391a8eded81d-lifetime-10:***@rp.scrapegw.com:6060	ConnectionTimeoutError: Connection timeout to host https://discord.com/api/v9/unique-username/username-attempt-unauthed
2026-09-01 18:32:15	NETWORK	iwdj	attempt=1	proxy=http://wiw4v7duaymysz9-session-0a64f944bdc6-lifetime-10:***@rp.scrapegw.com:6060	ConnectionTimeoutError: Connection timeout to host https://discord.com/api/v9/unique-username/username-attempt-unauthed
2026-09-01 18:32:15	NETWORK	iwhk	attempt=1	proxy=http://wiw4v7duaymysz9-session-e08534e8f4e3-lifetime-10:***@rp.scrapegw.com:6060	ConnectionTimeoutError: Connection timeout to host https://discord.com/api/v9/unique-username/username-attempt-unauthed
2026-09-01 18:32:15	NETWORK	iwgh	attempt=1	proxy=http://wiw4v7duaymysz9-session-ea4d6dae4db7-lifetime-10:***@rp.scrapegw.com:6060	ConnectionTimeoutError: Connection timeout to host https://discord.com/api/v9/unique-username/username-attempt-unauthed
2026-09-01 18:32:15	NETWORK	iwda	attempt=1	proxy=http://wiw4v7duaymysz9-session-8f0cec5b3ab1-lifetime-10:***@rp.scrapegw.com:6060	ConnectionTimeoutError: Connection timeout to host https://discord.com/api/v9/unique-username/username-attempt-unauthed
2026-09-01 18:32:15	NETWORK	iwhj	attempt=1	proxy=http://wiw4v7duaymysz9-session-56a4b48bb56b-lifetime-10:***@rp.scrapegw.com:6060	ConnectionTimeoutError: Connection timeout to host https://discord.com/api/v9/unique-username/username-attempt-unauthed
2026-09-01 18:32:15	NETWORK	iwcr	attempt=1	proxy=http://wiw4v7duaymysz9-session-739ce883ce77-lifetime-10:***@rp.scrapegw.com:6060	ConnectionTimeoutError: Connection timeout to host https://discord.com/api/v9/unique-username/username-attempt-unauthed
2026-09-01 18:32:15	NETWORK	iwfq	attempt=1	proxy=http://wiw4v7duaymysz9-session-f4a5ed0eb485-lifetime-10:***@rp.scrapegw.com:6060	ConnectionTimeoutError: Connection timeout to host https://discord.com/api/v9/unique-username/username-attempt-unauthed
2026-09-01 18:32:15	NETWORK	iwek	attempt=1	proxy=http://wiw4v7duaymysz9-session-8c1369ae4e94-lifetime-10:***@rp.scrapegw.com:6060	ConnectionTimeoutError: Connection timeout to host https://discord.com/api/v9/unique-username/username-attempt-unauthed
2026-09-01 18:32:15	NETWORK	iwjb	attempt=1	proxy=http://wiw4v7duaymysz9-session-e15374035846-lifetime-10:***@rp.scrapegw.com:6060	ConnectionTimeoutError: Connection timeout to host https://discord.com/api/v9/unique-username/username-attempt-unauthed
2026-09-01 18:32:15	NETWORK	iwho	attempt=1	proxy=http://wiw4v7duaymysz9-session-51b463a31d86-lifetime-10:***@rp.scrapegw.com:6060	ConnectionTimeoutError: Connection timeout to host https://discord.com/api/v9/unique-username/username-attempt-unauthed
2026-09-01 18:32:15	NETWORK	iwgd	attempt=1	proxy=http://wiw4v7duaymysz9-session-a4411ef28891-lifetime-10:***@rp.scrapegw.com:6060	ConnectionTimeoutError: Connection timeout to host https://discord.com/api/v9/unique-username/username-attempt-unauthed
2026-09-01 18:32:15	NETWORK	iwgx	attempt=1	proxy=http://wiw4v7duaymysz9-session-99e5ccc4ee2e-lifetime-10:***@rp.scrapegw.com:6060	ConnectionTimeoutError: Connection timeout to host https://discord.com/api/v9/unique-username/username-attempt-unauthed
2026-09-01 18:32:15	NETWORK	iwdi	attempt=1	proxy=http://wiw4v7duaymysz9-session-46f19b671328-lifetime-10:***@rp.scrapegw.com:6060	ConnectionTimeoutError: Connection timeout to host https://discord.com/api/v9/unique-username/username-attempt-unauthed
2026-09-01 18:32:15	NETWORK	iwhv	attempt=1	proxy=http://wiw4v7duaymysz9-session-55bcffaa78ca-lifetime-10:***@rp.scrapegw.com:6060	ConnectionTimeoutError: Connection timeout to host https://discord.com/api/v9/unique-username/username-attempt-unauthed
2026-09-01 18:32:15	NETWORK	iwdb	attempt=1	proxy=http://wiw4v7duaymysz9-session-f62b3d894067-lifetime-10:***@rp.scrapegw.com:6060	ConnectionTimeoutError: Connection timeout to host https://discord.com/api/v9/unique-username/username-attempt-unauthed
2026-09-01 18:32:15	NETWORK	iwij	attempt=1	proxy=http://wiw4v7duaymysz9-session-0d88aafdedc9-lifetime-10:***@rp.scrapegw.com:6060	ConnectionTimeoutError: Connection timeout to host https://discord.com/api/v9/unique-username/username-attempt-unauthed
2026-09-01 18:32:15	NETWORK	iwef	attempt=1	proxy=http://wiw4v7duaymysz9-session-5eca6d90e343-lifetime-10:***@rp.scrapegw.com:6060	ConnectionTimeoutError: Connection timeout to host https://discord.com/api/v9/unique-username/username-attempt-unauthed
2026-09-01 18:32:15	NETWORK	ixdp	attempt=1	proxy=http://wiw4v7duaymysz9-session-927d3590c1c6-lifetime-10:***@rp.scrapegw.com:6060	ClientConnectionError: Connector is closed.
2026-09-01 18:32:15	NETWORK	izam	attempt=1	proxy=http://wiw4v7duaymysz9-session-3ae4bb3373d6-lifetime-10:***@rp.scrapegw.com:6060	ServerDisconnectedError: Server disconnected
2026-09-01 18:32:15	NETWORK	izae	attempt=1	proxy=http://wiw4v7duaymysz9-session-aecc051e0e80-lifetime-10:***@rp.scrapegw.com:6060	ServerDisconnectedError: Server disconnected
2026-09-01 18:32:15	NETWORK	izbj	attempt=1	proxy=http://wiw4v7duaymysz9-session-bfa3cadf5bee-lifetime-10:***@rp.scrapegw.com:6060	ServerDisconnectedError: Server disconnected
2026-09-01 18:32:15	NETWORK	iyyi	attempt=1	proxy=http://wiw4v7duaymysz9-session-c380ebc7887d-lifetime-10:***@rp.scrapegw.com:6060	ServerDisconnectedError: Server disconnected
2026-09-01 18:32:15	NETWORK	izbl	attempt=1	proxy=http://wiw4v7duaymysz9-session-61e28b93d28d-lifetime-10:***@rp.scrapegw.com:6060	ServerDisconnectedError: Server disconnected
2026-09-01 18:32:15	NETWORK	iwfe	attempt=1	proxy=http://wiw4v7duaymysz9-session-812a543895bf-lifetime-10:***@rp.scrapegw.com:6060	ServerDisconnectedError: Server disconnected
2026-09-01 18:32:15	NETWORK	izaz	attempt=1	proxy=http://wiw4v7duaymysz9-session-fb4363b8af1c-lifetime-10:***@rp.scrapegw.com:6060	ServerDisconnectedError: Server disconnected
2026-09-01 18:32:15	NETWORK	izci	attempt=1	proxy=http://wiw4v7duaymysz9-session-4627f64bca03-lifetime-10:***@rp.scrapegw.com:6060	ServerDisconnectedError: Server disconnected
2026-09-01 18:32:15	NETWORK	izbf	attempt=1	proxy=http://wiw4v7duaymysz9-session-0f8afcb6a5d1-lifetime-10:***@rp.scrapegw.com:6060	ServerDisconnectedError: Server disconnected
2026-09-01 18:32:15	NETWORK	iwgi	attempt=1	proxy=http://wiw4v7duaymysz9-session-1dbb2ae958ad-lifetime-10:***@rp.scrapegw.com:6060	ServerDisconnectedError: Server disconnected
2026-09-01 18:32:15	NETWORK	izdu	attempt=1	proxy=http://wiw4v7duaymysz9-session-fac985102186-lifetime-10:***@rp.scrapegw.com:6060	ServerDisconnectedError: Server disconnected
2026-09-01 18:32:15	NETWORK	izbz	attempt=1	proxy=http://wiw4v7duaymysz9-session-4c45f0e693b6-lifetime-10:***@rp.scrapegw.com:6060	ServerDisconnectedError: Server disconnected
2026-09-01 18:32:15	NETWORK	izas	attempt=1	proxy=http://wiw4v7duaymysz9-session-1f4ae8ce2bcc-lifetime-10:***@rp.scrapegw.com:6060	ServerDisconnectedError: Server disconnected
2026-09-01 18:32:15	NETWORK	izbm	attempt=1	proxy=http://wiw4v7duaymysz9-session-27340f577909-lifetime-10:***@rp.scrapegw.com:6060	ServerDisconnectedError: Server disconnected
2026-09-01 18:32:15	NETWORK	izab	attempt=1	proxy=http://wiw4v7duaymysz9-session-cf2281b07ba1-lifetime-10:***@rp.scrapegw.com:6060	ServerDisconnectedError: Server disconnected
2026-09-01 18:32:15	NETWORK	izai	attempt=1	proxy=http://wiw4v7duaymysz9-session-4966d05f154a-lifetime-10:***@rp.scrapegw.com:6060	ServerDisconnectedError: Server disconnected
2026-09-01 18:32:15	NETWORK	izdr	attempt=1	proxy=http://wiw4v7duaymysz9-session-d45ab0e73b3a-lifetime-10:***@rp.scrapegw.com:6060	ServerDisconnectedError: Server disconnected
2026-09-01 18:32:15	NETWORK	izbg	attempt=1	proxy=http://wiw4v7duaymysz9-session-00d69d6e3ae0-lifetime-10:***@rp.scrapegw.com:6060	ServerDisconnectedError: Server disconnected
2026-09-01 18:32:15	NETWORK	izch	attempt=1	proxy=http://wiw4v7duaymysz9-session-70fb2e5eab35-lifetime-10:***@rp.scrapegw.com:6060	ServerDisconnectedError: Server disconnected
2026-09-01 18:32:15	NETWORK	izaj	attempt=1	proxy=http://wiw4v7duaymysz9-session-544e1cd811a0-lifetime-10:***@rp.scrapegw.com:6060	ServerDisconnectedError: Server disconnected
2026-09-01 18:32:15	NETWORK	iyxx	attempt=1	proxy=http://wiw4v7duaymysz9-session-df22498aa9e8-lifetime-10:***@rp.scrapegw.com:6060	ServerDisconnectedError: Server disconnected
2026-09-01 18:32:15	NETWORK	izda	attempt=1	proxy=http://wiw4v7duaymysz9-session-efa7a5bd3d95-lifetime-10:***@rp.scrapegw.com:6060	ServerDisconnectedError: Server disconnected
2026-09-01 18:32:15	NETWORK	izcj	attempt=1	proxy=http://wiw4v7duaymysz9-session-3d68c8d6f010-lifetime-10:***@rp.scrapegw.com:6060	ServerDisconnectedError: Server disconnected
2026-09-01 18:32:15	NETWORK	izbo	attempt=1	proxy=http://wiw4v7duaymysz9-session-b374ce377fdc-lifetime-10:***@rp.scrapegw.com:6060	ServerDisconnectedError: Server disconnected
2026-09-01 18:32:15	NETWORK	ixjb	attempt=1	proxy=http://wiw4v7duaymysz9-session-4f9fc2e61cd5-lifetime-10:***@rp.scrapegw.com:6060	ServerDisconnectedError: Server disconnected
2026-09-01 18:32:15	NETWORK	iyzw	attempt=1	proxy=http://wiw4v7duaymysz9-session-39559487f6b0-lifetime-10:***@rp.scrapegw.com:6060	ServerDisconnectedError: Server disconnected
2026-09-01 18:32:15	NETWORK	izcx	attempt=1	proxy=http://wiw4v7duaymysz9-session-b058b09ca0b6-lifetime-10:***@rp.scrapegw.com:6060	ServerDisconnectedError: Server disconnected
2026-09-01 18:32:15	NETWORK	iyxj	attempt=1	proxy=http://wiw4v7duaymysz9-session-9d2c6808e698-lifetime-10:***@rp.scrapegw.com:6060	ServerDisconnectedError: Server disconnected
2026-09-01 18:32:15	NETWORK	izcq	attempt=1	proxy=http://wiw4v7duaymysz9-session-e3597145d65b-lifetime-10:***@rp.scrapegw.com:6060	ServerDisconnectedError: Server disconnected
2026-09-01 18:32:15	NETWORK	iyzr	attempt=1	proxy=http://wiw4v7duaymysz9-session-058de248932c-lifetime-10:***@rp.scrapegw.com:6060	ServerDisconnectedError: Server disconnected
2026-09-01 18:32:15	NETWORK	iyzb	attempt=1	proxy=http://wiw4v7duaymysz9-session-a2fe471be3c5-lifetime-10:***@rp.scrapegw.com:6060	ServerDisconnectedError: Server disconnected
2026-09-01 18:32:24	NETWORK	abfv	attempt=1	proxy=http://wiw4v7duaymysz9-session-9cb62d36ce70-lifetime-10:***@rp.scrapegw.com:6060	ClientConnectorError: Cannot connect to host discord.com:443 ssl:default [None]
2026-09-01 18:32:25	NETWORK	aagf	attempt=1	proxy=http://wiw4v7duaymysz9-session-432141b3a7c5-lifetime-10:***@rp.scrapegw.com:6060	ClientConnectorError: Cannot connect to host discord.com:443 ssl:default [None]
2026-09-01 18:32:25	NETWORK	aadn	attempt=1	proxy=http://wiw4v7duaymysz9-session-8c78453c950c-lifetime-10:***@rp.scrapegw.com:6060	ClientConnectorError: Cannot connect to host discord.com:443 ssl:default [Connection reset by peer]
2026-09-01 18:32:25	NETWORK	aayh	attempt=1	proxy=http://wiw4v7duaymysz9-session-4dfb19f2f8bc-lifetime-10:***@rp.scrapegw.com:6060	ClientConnectorError: Cannot connect to host discord.com:443 ssl:default [Connection reset by peer]
2026-09-01 18:32:25	NETWORK	abep	attempt=1	proxy=http://wiw4v7duaymysz9-session-5ba8fe140b71-lifetime-10:***@rp.scrapegw.com:6060	ClientConnectorError: Cannot connect to host discord.com:443 ssl:default [Connection reset by peer]
2026-09-01 18:32:27	NETWORK	aazy	attempt=1	proxy=http://wiw4v7duaymysz9-session-1aab9c0d317f-lifetime-10:***@rp.scrapegw.com:6060	ConnectionTimeoutError: Connection timeout to host https://discord.com/api/v9/unique-username/username-attempt-unauthed
2026-09-01 18:32:27	NETWORK	aavx	attempt=1	proxy=http://wiw4v7duaymysz9-session-93105348bce6-lifetime-10:***@rp.scrapegw.com:6060	ConnectionTimeoutError: Connection timeout to host https://discord.com/api/v9/unique-username/username-attempt-unauthed
2026-09-01 18:32:27	NETWORK	accb	attempt=1	proxy=http://wiw4v7duaymysz9-session-0fd3a06389f5-lifetime-10:***@rp.scrapegw.com:6060	ConnectionTimeoutError: Connection timeout to host https://discord.com/api/v9/unique-username/username-attempt-unauthed
2026-09-01 18:32:27	NETWORK	abpl	attempt=1	proxy=http://wiw4v7duaymysz9-session-1c95670fca9f-lifetime-10:***@rp.scrapegw.com:6060	ConnectionTimeoutError: Connection timeout to host https://discord.com/api/v9/unique-username/username-attempt-unauthed
2026-09-01 18:32:27	NETWORK	abkj	attempt=1	proxy=http://wiw4v7duaymysz9-session-d6e851188610-lifetime-10:***@rp.scrapegw.com:6060	ConnectionTimeoutError: Connection timeout to host https://discord.com/api/v9/unique-username/username-attempt-unauthed
2026-09-01 18:32:27	NETWORK	aaex	attempt=1	proxy=http://wiw4v7duaymysz9-session-5caf4468f761-lifetime-10:***@rp.scrapegw.com:6060	ConnectionTimeoutError: Connection timeout to host https://discord.com/api/v9/unique-username/username-attempt-unauthed
2026-09-01 18:32:27	NETWORK	aasz	attempt=1	proxy=http://wiw4v7duaymysz9-session-34fc454f1eb4-lifetime-10:***@rp.scrapegw.com:6060	ConnectionTimeoutError: Connection timeout to host https://discord.com/api/v9/unique-username/username-attempt-unauthed
2026-09-01 18:32:27	NETWORK	abai	attempt=1	proxy=http://wiw4v7duaymysz9-session-a3f9b5cff249-lifetime-10:***@rp.scrapegw.com:6060	ConnectionTimeoutError: Connection timeout to host https://discord.com/api/v9/unique-username/username-attempt-unauthed
2026-09-01 18:32:27	NETWORK	abld	attempt=1	proxy=http://wiw4v7duaymysz9-session-1939c7a73140-lifetime-10:***@rp.scrapegw.com:6060	ConnectionTimeoutError: Connection timeout to host https://discord.com/api/v9/unique-username/username-attempt-unauthed
2026-09-01 18:32:27	NETWORK	abrs	attempt=1	proxy=http://wiw4v7duaymysz9-session-19505f79bf4a-lifetime-10:***@rp.scrapegw.com:6060	ConnectionTimeoutError: Connection timeout to host https://discord.com/api/v9/unique-username/username-attempt-unauthed
2026-09-01 18:32:27	NETWORK	aaxz	attempt=1	proxy=http://wiw4v7duaymysz9-session-4caced0d179f-lifetime-10:***@rp.scrapegw.com:6060	ConnectionTimeoutError: Connection timeout to host https://discord.com/api/v9/unique-username/username-attempt-unauthed
2026-09-01 18:32:27	NETWORK	aaww	attempt=1	proxy=http://wiw4v7duaymysz9-session-b0a50f519365-lifetime-10:***@rp.scrapegw.com:6060	ConnectionTimeoutError: Connection timeout to host https://discord.com/api/v9/unique-username/username-attempt-unauthed
2026-09-01 18:32:27	NETWORK	aafq	attempt=1	proxy=http://wiw4v7duaymysz9-session-486c654aff40-lifetime-10:***@rp.scrapegw.com:6060	ConnectionTimeoutError: Connection timeout to host https://discord.com/api/v9/unique-username/username-attempt-unauthed
2026-09-01 18:32:27	NETWORK	abxm	attempt=1	proxy=http://wiw4v7duaymysz9-session-06b5e0d0d0cf-lifetime-10:***@rp.scrapegw.com:6060	ConnectionTimeoutError: Connection timeout to host https://discord.com/api/v9/unique-username/username-attempt-unauthed
2026-09-01 18:32:27	NETWORK	abbb	attempt=1	proxy=http://wiw4v7duaymysz9-session-3f3273849741-lifetime-10:***@rp.scrapegw.com:6060	ConnectionTimeoutError: Connection timeout to host https://discord.com/api/v9/unique-username/username-attempt-unauthed
2026-09-01 18:32:27	NETWORK	abpk	attempt=1	proxy=http://wiw4v7duaymysz9-session-b747db7e512c-lifetime-10:***@rp.scrapegw.com:6060	ConnectionTimeoutError: Connection timeout to host https://discord.com/api/v9/unique-username/username-attempt-unauthed
2026-09-01 18:32:27	NETWORK	acfj	attempt=1	proxy=http://wiw4v7duaymysz9-session-1d00df88e7a1-lifetime-10:***@rp.scrapegw.com:6060	ConnectionTimeoutError: Connection timeout to host https://discord.com/api/v9/unique-username/username-attempt-unauthed
2026-09-01 18:32:27	NETWORK	abyy	attempt=1	proxy=http://wiw4v7duaymysz9-session-7ea5b167b99b-lifetime-10:***@rp.scrapegw.com:6060	ConnectionTimeoutError: Connection timeout to host https://discord.com/api/v9/unique-username/username-attempt-unauthed
2026-09-01 18:32:27	NETWORK	aase	attempt=1	proxy=http://wiw4v7duaymysz9-session-3e07fb2c1321-lifetime-10:***@rp.scrapegw.com:6060	ConnectionTimeoutError: Connection timeout to host https://discord.com/api/v9/unique-username/username-attempt-unauthed
2026-09-01 18:32:27	NETWORK	abja	attempt=1	proxy=http://wiw4v7duaymysz9-session-0245260132f9-lifetime-10:***@rp.scrapegw.com:6060	ConnectionTimeoutError: Connection timeout to host https://discord.com/api/v9/unique-username/username-attempt-unauthed
2026-09-01 18:32:27	NETWORK	abse	attempt=1	proxy=http://wiw4v7duaymysz9-session-ee8e028bfaff-lifetime-10:***@rp.scrapegw.com:6060	ConnectionTimeoutError: Connection timeout to host https://discord.com/api/v9/unique-username/username-attempt-unauthed
2026-09-01 18:32:27	NETWORK	aaod	attempt=1	proxy=http://wiw4v7duaymysz9-session-11a470bbe57e-lifetime-10:***@rp.scrapegw.com:6060	ConnectionTimeoutError: Connection timeout to host https://discord.com/api/v9/unique-username/username-attempt-unauthed
2026-09-01 18:32:27	NETWORK	abwd	attempt=1	proxy=http://wiw4v7duaymysz9-session-2b875396c339-lifetime-10:***@rp.scrapegw.com:6060	ConnectionTimeoutError: Connection timeout to host https://discord.com/api/v9/unique-username/username-attempt-unauthed
2026-09-01 18:32:27	NETWORK	aaue	attempt=1	proxy=http://wiw4v7duaymysz9-session-d6844d72309e-lifetime-10:***@rp.scrapegw.com:6060	ConnectionTimeoutError: Connection timeout to host https://discord.com/api/v9/unique-username/username-attempt-unauthed
2026-09-01 18:32:27	NETWORK	aaim	attempt=1	proxy=http://wiw4v7duaymysz9-session-a29be8453ef3-lifetime-10:***@rp.scrapegw.com:6060	ConnectionTimeoutError: Connection timeout to host https://discord.com/api/v9/unique-username/username-attempt-unauthed
2026-09-01 18:32:27	NETWORK	abgv	attempt=1	proxy=http://wiw4v7duaymysz9-session-c0b5d2178ed0-lifetime-10:***@rp.scrapegw.com:6060	ConnectionTimeoutError: Connection timeout to host https://discord.com/api/v9/unique-username/username-attempt-unauthed
2026-09-01 18:32:27	NETWORK	abyo	attempt=1	proxy=http://wiw4v7duaymysz9-session-99571d6ae2de-lifetime-10:***@rp.scrapegw.com:6060	ConnectionTimeoutError: Connection timeout to host https://discord.com/api/v9/unique-username/username-attempt-unauthed
2026-09-01 18:32:27	NETWORK	abjl	attempt=1	proxy=http://wiw4v7duaymysz9-session-09293609169d-lifetime-10:***@rp.scrapegw.com:6060	ConnectionTimeoutError: Connection timeout to host https://discord.com/api/v9/unique-username/username-attempt-unauthed
2026-09-01 18:32:27	NETWORK	acax	attempt=1	proxy=http://wiw4v7duaymysz9-session-928b25d65279-lifetime-10:***@rp.scrapegw.com:6060	ConnectionTimeoutError: Connection timeout to host https://discord.com/api/v9/unique-username/username-attempt-unauthed
2026-09-01 18:32:27	NETWORK	aaef	attempt=1	proxy=http://wiw4v7duaymysz9-session-37908978ee4d-lifetime-10:***@rp.scrapegw.com:6060	ConnectionTimeoutError: Connection timeout to host https://discord.com/api/v9/unique-username/username-attempt-unauthed
2026-09-01 18:32:27	NETWORK	aaat	attempt=1	proxy=http://wiw4v7duaymysz9-session-ac6623c5c344-lifetime-10:***@rp.scrapegw.com:6060	ConnectionTimeoutError: Connection timeout to host https://discord.com/api/v9/unique-username/username-attempt-unauthed
2026-09-01 18:32:27	NETWORK	aapa	attempt=1	proxy=http://wiw4v7duaymysz9-session-7c653c31c3be-lifetime-10:***@rp.scrapegw.com:6060	ConnectionTimeoutError: Connection timeout to host https://discord.com/api/v9/unique-username/username-attempt-unauthed
2026-09-01 18:32:27	NETWORK	aakc	attempt=1	proxy=http://wiw4v7duaymysz9-session-e132c24a4f14-lifetime-10:***@rp.scrapegw.com:6060	ConnectionTimeoutError: Connection timeout to host https://discord.com/api/v9/unique-username/username-attempt-unauthed
2026-09-01 18:32:27	NETWORK	aaxt	attempt=1	proxy=http://wiw4v7duaymysz9-session-6a9938a26128-lifetime-10:***@rp.scrapegw.com:6060	ConnectionTimeoutError: Connection timeout to host https://discord.com/api/v9/unique-username/username-attempt-unauthed
2026-09-01 18:32:27	NETWORK	abvm	attempt=1	proxy=http://wiw4v7duaymysz9-session-6d5ec1bfb7b9-lifetime-10:***@rp.scrapegw.com:6060	ConnectionTimeoutError: Connection timeout to host https://discord.com/api/v9/unique-username/username-attempt-unauthed
2026-09-01 18:32:27	NETWORK	abdp	attempt=1	proxy=http://wiw4v7duaymysz9-session-793fee6d66bb-lifetime-10:***@rp.scrapegw.com:6060	ConnectionTimeoutError: Connection timeout to host https://discord.com/api/v9/unique-username/username-attempt-unauthed
2026-09-01 18:32:27	NETWORK	acen	attempt=1	proxy=http://wiw4v7duaymysz9-session-8668b29185f6-lifetime-10:***@rp.scrapegw.com:6060	ConnectionTimeoutError: Connection timeout to host https://discord.com/api/v9/unique-username/username-attempt-unauthed
2026-09-01 18:32:27	NETWORK	abgh	attempt=1	proxy=http://wiw4v7duaymysz9-session-4e3f0a856da3-lifetime-10:***@rp.scrapegw.com:6060	ConnectionTimeoutError: Connection timeout to host https://discord.com/api/v9/unique-username/username-attempt-unauthed
2026-09-01 18:32:27	NETWORK	abwl	attempt=1	proxy=http://wiw4v7duaymysz9-session-825258a0a4be-lifetime-10:***@rp.scrapegw.com:6060	ConnectionTimeoutError: Connection timeout to host https://discord.com/api/v9/unique-username/username-attempt-unauthed
2026-09-01 18:32:28	NETWORK	aakt	attempt=1	proxy=http://wiw4v7duaymysz9-session-afe582cc698e-lifetime-10:***@rp.scrapegw.com:6060	ConnectionTimeoutError: Connection timeout to host https://discord.com/api/v9/unique-username/username-attempt-unauthed
2026-09-01 18:32:28	NETWORK	aang	attempt=1	proxy=http://wiw4v7duaymysz9-session-da60f4585a7a-lifetime-10:***@rp.scrapegw.com:6060	ConnectionTimeoutError: Connection timeout to host https://discord.com/api/v9/unique-username/username-attempt-unauthed
2026-09-01 18:32:28	NETWORK	aaju	attempt=1	proxy=http://wiw4v7duaymysz9-session-7b4c1fa8d53f-lifetime-10:***@rp.scrapegw.com:6060	ConnectionTimeoutError: Connection timeout to host https://discord.com/api/v9/unique-username/username-attempt-unauthed
2026-09-01 18:32:28	NETWORK	aafc	attempt=1	proxy=http://wiw4v7duaymysz9-session-ee14a39a34e0-lifetime-10:***@rp.scrapegw.com:6060	ConnectionTimeoutError: Connection timeout to host https://discord.com/api/v9/unique-username/username-attempt-unauthed
2026-09-01 18:32:28	NETWORK	aajk	attempt=1	proxy=http://wiw4v7duaymysz9-session-f5785e8568cc-lifetime-10:***@rp.scrapegw.com:6060	ConnectionTimeoutError: Connection timeout to host https://discord.com/api/v9/unique-username/username-attempt-unauthed
2026-09-01 18:32:28	NETWORK	aajh	attempt=1	proxy=http://wiw4v7duaymysz9-session-811b185b7963-lifetime-10:***@rp.scrapegw.com:6060	ConnectionTimeoutError: Connection timeout to host https://discord.com/api/v9/unique-username/username-attempt-unauthed
2026-09-01 18:32:28	NETWORK	abhw	attempt=1	proxy=http://wiw4v7duaymysz9-session-70dc98169d29-lifetime-10:***@rp.scrapegw.com:6060	ConnectionTimeoutError: Connection timeout to host https://discord.com/api/v9/unique-username/username-attempt-unauthed
2026-09-01 18:32:28	NETWORK	abxh	attempt=1	proxy=http://wiw4v7duaymysz9-session-d0a8257f1584-lifetime-10:***@rp.scrapegw.com:6060	ConnectionTimeoutError: Connection timeout to host https://discord.com/api/v9/unique-username/username-attempt-unauthed
2026-09-01 18:32:28	NETWORK	abrl	attempt=1	proxy=http://wiw4v7duaymysz9-session-26b16d49830b-lifetime-10:***@rp.scrapegw.com:6060	ConnectionTimeoutError: Connection timeout to host https://discord.com/api/v9/unique-username/username-attempt-unauthed
2026-09-01 18:32:28	NETWORK	abwq	attempt=1	proxy=http://wiw4v7duaymysz9-session-9d8f30f3b1fe-lifetime-10:***@rp.scrapegw.com:6060	ConnectionTimeoutError: Connection timeout to host https://discord.com/api/v9/unique-username/username-attempt-unauthed
2026-09-01 18:32:28	NETWORK	aajp	attempt=1	proxy=http://wiw4v7duaymysz9-session-c658694b6f29-lifetime-10:***@rp.scrapegw.com:6060	ConnectionTimeoutError: Connection timeout to host https://discord.com/api/v9/unique-username/username-attempt-unauthed
2026-09-01 18:32:28	NETWORK	aaun	attempt=1	proxy=http://wiw4v7duaymysz9-session-1f28cbb3069a-lifetime-10:***@rp.scrapegw.com:6060	ConnectionTimeoutError: Connection timeout to host https://discord.com/api/v9/unique-username/username-attempt-unauthed
2026-09-01 18:32:28	NETWORK	aaip	attempt=1	proxy=http://wiw4v7duaymysz9-session-bfdfa0733ae9-lifetime-10:***@rp.scrapegw.com:6060	ConnectionTimeoutError: Connection timeout to host https://discord.com/api/v9/unique-username/username-attempt-unauthed
2026-09-01 18:32:29	NETWORK	abdf	attempt=1	proxy=http://wiw4v7duaymysz9-session-b5d6ff42daf4-lifetime-10:***@rp.scrapegw.com:6060	ConnectionTimeoutError: Connection timeout to host https://discord.com/api/v9/unique-username/username-attempt-unauthed
2026-09-01 18:32:29	NETWORK	aaew	attempt=1	proxy=http://wiw4v7duaymysz9-session-47a4c66d9559-lifetime-10:***@rp.scrapegw.com:6060	ConnectionTimeoutError: Connection timeout to host https://discord.com/api/v9/unique-username/username-attempt-unauthed
2026-09-01 18:32:29	NETWORK	abgw	attempt=1	proxy=http://wiw4v7duaymysz9-session-d49398f0168a-lifetime-10:***@rp.scrapegw.com:6060	ConnectionTimeoutError: Connection timeout to host https://discord.com/api/v9/unique-username/username-attempt-unauthed
2026-09-01 18:32:29	NETWORK	abji	attempt=1	proxy=http://wiw4v7duaymysz9-session-d751fd3d4893-lifetime-10:***@rp.scrapegw.com:6060	ConnectionTimeoutError: Connection timeout to host https://discord.com/api/v9/unique-username/username-attempt-unauthed
2026-09-01 18:32:29	NETWORK	aalf	attempt=1	proxy=http://wiw4v7duaymysz9-session-393d6e928d4f-lifetime-10:***@rp.scrapegw.com:6060	ConnectionTimeoutError: Connection timeout to host https://discord.com/api/v9/unique-username/username-attempt-unauthed
2026-09-01 18:32:29	NETWORK	abbp	attempt=1	proxy=http://wiw4v7duaymysz9-session-315fad5a98ca-lifetime-10:***@rp.scrapegw.com:6060	ConnectionTimeoutError: Connection timeout to host https://discord.com/api/v9/unique-username/username-attempt-unauthed
2026-09-01 18:32:29	HTTP_429	aedq	attempt=1	proxy=http://wiw4v7duaymysz9-session-beebdf318e4f-lifetime-10:***@rp.scrapegw.com:6060	scope=shared global=False retry_after=608.00s
2026-09-01 18:32:30	NETWORK	aagx	attempt=1	proxy=http://wiw4v7duaymysz9-session-ead3b11b5a93-lifetime-10:***@rp.scrapegw.com:6060	ConnectionTimeoutError: Connection timeout to host https://discord.com/api/v9/unique-username/username-attempt-unauthed
2026-09-01 18:32:30	NETWORK	abxl	attempt=1	proxy=http://wiw4v7duaymysz9-session-a3fd69922ec2-lifetime-10:***@rp.scrapegw.com:6060	ConnectionTimeoutError: Connection timeout to host https://discord.com/api/v9/unique-username/username-attempt-unauthed
2026-09-01 18:32:30	NETWORK	aabh	attempt=1	proxy=http://wiw4v7duaymysz9-session-aec468d1589d-lifetime-10:***@rp.scrapegw.com:6060	ConnectionTimeoutError: Connection timeout to host https://discord.com/api/v9/unique-username/username-attempt-unauthed
2026-09-01 18:32:33	NETWORK	achl	attempt=1	proxy=http://wiw4v7duaymysz9-session-44c95af9c8d0-lifetime-10:***@rp.scrapegw.com:6060	ConnectionTimeoutError: Connection timeout to host https://discord.com/api/v9/unique-username/username-attempt-unauthed
2026-09-01 18:32:34	NETWORK	acjz	attempt=1	proxy=http://wiw4v7duaymysz9-session-5caf4468f761-lifetime-10:***@rp.scrapegw.com:6060	ConnectionTimeoutError: Connection timeout to host https://discord.com/api/v9/unique-username/username-attempt-unauthed
2026-09-01 18:32:34	NETWORK	acij	attempt=1	proxy=http://wiw4v7duaymysz9-session-1119f075f2d0-lifetime-10:***@rp.scrapegw.com:6060	ConnectionTimeoutError: Connection timeout to host https://discord.com/api/v9/unique-username/username-attempt-unauthed
2026-09-01 18:32:34	NETWORK	aciw	attempt=1	proxy=http://wiw4v7duaymysz9-session-37908978ee4d-lifetime-10:***@rp.scrapegw.com:6060	ConnectionTimeoutError: Connection timeout to host https://discord.com/api/v9/unique-username/username-attempt-unauthed
2026-09-01 18:32:34	NETWORK	ackx	attempt=1	proxy=http://wiw4v7duaymysz9-session-486c654aff40-lifetime-10:***@rp.scrapegw.com:6060	ConnectionTimeoutError: Connection timeout to host https://discord.com/api/v9/unique-username/username-attempt-unauthed
2026-09-01 18:32:34	NETWORK	acny	attempt=1	proxy=http://wiw4v7duaymysz9-session-bfdfa0733ae9-lifetime-10:***@rp.scrapegw.com:6060	ConnectionTimeoutError: Connection timeout to host https://discord.com/api/v9/unique-username/username-attempt-unauthed
2026-09-01 18:32:34	NETWORK	ackl	attempt=1	proxy=http://wiw4v7duaymysz9-session-ee14a39a34e0-lifetime-10:***@rp.scrapegw.com:6060	ConnectionTimeoutError: Connection timeout to host https://discord.com/api/v9/unique-username/username-attempt-unauthed
2026-09-01 18:32:34	NETWORK	acjy	attempt=1	proxy=http://wiw4v7duaymysz9-session-47a4c66d9559-lifetime-10:***@rp.scrapegw.com:6060	ConnectionTimeoutError: Connection timeout to host https://discord.com/api/v9/unique-username/username-attempt-unauthed
2026-09-01 18:32:34	NETWORK	aclb	attempt=1	proxy=http://wiw4v7duaymysz9-session-ead3b11b5a93-lifetime-10:***@rp.scrapegw.com:6060	ConnectionTimeoutError: Connection timeout to host https://discord.com/api/v9/unique-username/username-attempt-unauthed
2026-09-01 18:32:34	NETWORK	acft	attempt=1	proxy=http://wiw4v7duaymysz9-session-ac6623c5c344-lifetime-10:***@rp.scrapegw.com:6060	ConnectionTimeoutError: Connection timeout to host https://discord.com/api/v9/unique-username/username-attempt-unauthed
2026-09-01 18:32:34	NETWORK	ackz	attempt=1	proxy=http://wiw4v7duaymysz9-session-09a447453420-lifetime-10:***@rp.scrapegw.com:6060	ConnectionTimeoutError: Connection timeout to host https://discord.com/api/v9/unique-username/username-attempt-unauthed
2026-09-01 18:32:35	NETWORK	acmb	attempt=1	proxy=http://wiw4v7duaymysz9-session-a29be8453ef3-lifetime-10:***@rp.scrapegw.com:6060	ConnectionTimeoutError: Connection timeout to host https://discord.com/api/v9/unique-username/username-attempt-unauthed
2026-09-01 18:32:35	NETWORK	acol	attempt=1	proxy=http://wiw4v7duaymysz9-session-811b185b7963-lifetime-10:***@rp.scrapegw.com:6060	ConnectionTimeoutError: Connection timeout to host https://discord.com/api/v9/unique-username/username-attempt-unauthed
2026-09-01 18:32:35	NETWORK	acps	attempt=1	proxy=http://wiw4v7duaymysz9-session-f5785e8568cc-lifetime-10:***@rp.scrapegw.com:6060	ConnectionTimeoutError: Connection timeout to host https://discord.com/api/v9/unique-username/username-attempt-unauthed
2026-09-01 18:32:36	NETWORK	adei	attempt=1	proxy=http://wiw4v7duaymysz9-session-9d8f30f3b1fe-lifetime-10:***@rp.scrapegw.com:6060	ConnectionTimeoutError: Connection timeout to host https://discord.com/api/v9/unique-username/username-attempt-unauthed
2026-09-01 18:32:36	NETWORK	adma	attempt=1	proxy=http://wiw4v7duaymysz9-session-da60f4585a7a-lifetime-10:***@rp.scrapegw.com:6060	ConnectionTimeoutError: Connection timeout to host https://discord.com/api/v9/unique-username/username-attempt-unauthed
2026-09-01 18:32:36	NETWORK	acqa	attempt=1	proxy=http://wiw4v7duaymysz9-session-7b4c1fa8d53f-lifetime-10:***@rp.scrapegw.com:6060	ConnectionTimeoutError: Connection timeout to host https://discord.com/api/v9/unique-username/username-attempt-unauthed
2026-09-01 18:32:36	NETWORK	adkx	attempt=1	proxy=http://wiw4v7duaymysz9-session-625d9d8d4229-lifetime-10:***@rp.scrapegw.com:6060	ConnectionTimeoutError: Connection timeout to host https://discord.com/api/v9/unique-username/username-attempt-unauthed
2026-09-01 18:32:36	NETWORK	acud	attempt=1	proxy=http://wiw4v7duaymysz9-session-393d6e928d4f-lifetime-10:***@rp.scrapegw.com:6060	ConnectionTimeoutError: Connection timeout to host https://discord.com/api/v9/unique-username/username-attempt-unauthed
2026-09-01 18:32:36	NETWORK	adln	attempt=1	proxy=http://wiw4v7duaymysz9-session-393d6e928d4f-lifetime-10:***@rp.scrapegw.com:6060	ConnectionTimeoutError: Connection timeout to host https://discord.com/api/v9/unique-username/username-attempt-unauthed
2026-09-01 18:32:36	NETWORK	actl	attempt=1	proxy=http://wiw4v7duaymysz9-session-afe582cc698e-lifetime-10:***@rp.scrapegw.com:6060	ConnectionTimeoutError: Connection timeout to host https://discord.com/api/v9/unique-username/username-attempt-unauthed
2026-09-01 18:32:36	NETWORK	admp	attempt=1	proxy=http://wiw4v7duaymysz9-session-90d810ddb08a-lifetime-10:***@rp.scrapegw.com:6060	ConnectionTimeoutError: Connection timeout to host https://discord.com/api/v9/unique-username/username-attempt-unauthed
2026-09-01 18:32:36	NETWORK	adhl	attempt=1	proxy=http://wiw4v7duaymysz9-session-09a447453420-lifetime-10:***@rp.scrapegw.com:6060	ConnectionTimeoutError: Connection timeout to host https://discord.com/api/v9/unique-username/username-attempt-unauthed
2026-09-01 18:32:36	NETWORK	acuq	attempt=1	proxy=http://wiw4v7duaymysz9-session-da60f4585a7a-lifetime-10:***@rp.scrapegw.com:6060	ConnectionTimeoutError: Connection timeout to host https://discord.com/api/v9/unique-username/username-attempt-unauthed
2026-09-01 18:32:36	NETWORK	adfi	attempt=1	proxy=http://wiw4v7duaymysz9-session-a3fd69922ec2-lifetime-10:***@rp.scrapegw.com:6060	ConnectionTimeoutError: Connection timeout to host https://discord.com/api/v9/unique-username/username-attempt-unauthed
2026-09-01 18:32:36	NETWORK	adgv	attempt=1	proxy=http://wiw4v7duaymysz9-session-ee14a39a34e0-lifetime-10:***@rp.scrapegw.com:6060	ConnectionTimeoutError: Connection timeout to host https://discord.com/api/v9/unique-username/username-attempt-unauthed
2026-09-01 18:32:36	NETWORK	acyy	attempt=1	proxy=http://wiw4v7duaymysz9-session-2517ab9b1785-lifetime-10:***@rp.scrapegw.com:6060	ConnectionTimeoutError: Connection timeout to host https://discord.com/api/v9/unique-username/username-attempt-unauthed
2026-09-01 18:32:36	NETWORK	achn	attempt=1	proxy=http://wiw4v7duaymysz9-session-aec468d1589d-lifetime-10:***@rp.scrapegw.com:6060	ConnectionTimeoutError: Connection timeout to host https://discord.com/api/v9/unique-username/username-attempt-unauthed
2026-09-01 18:32:36	NETWORK	adno	attempt=1	proxy=http://wiw4v7duaymysz9-session-b5d6ff42daf4-lifetime-10:***@rp.scrapegw.com:6060	ConnectionTimeoutError: Connection timeout to host https://discord.com/api/v9/unique-username/username-attempt-unauthed
2026-09-01 18:32:36	NETWORK	adhp	attempt=1	proxy=http://wiw4v7duaymysz9-session-bfdfa0733ae9-lifetime-10:***@rp.scrapegw.com:6060	ConnectionTimeoutError: Connection timeout to host https://discord.com/api/v9/unique-username/username-attempt-unauthed
2026-09-01 18:32:36	NETWORK	adbc	attempt=1	proxy=http://wiw4v7duaymysz9-session-9cb62d36ce70-lifetime-10:***@rp.scrapegw.com:6060	ConnectionTimeoutError: Connection timeout to host https://discord.com/api/v9/unique-username/username-attempt-unauthed
2026-09-01 18:32:36	NETWORK	adhm	attempt=1	proxy=http://wiw4v7duaymysz9-session-ead3b11b5a93-lifetime-10:***@rp.scrapegw.com:6060	ConnectionTimeoutError: Connection timeout to host https://discord.com/api/v9/unique-username/username-attempt-unauthed
2026-09-01 18:32:36	NETWORK	adcr	attempt=1	proxy=http://wiw4v7duaymysz9-session-26b16d49830b-lifetime-10:***@rp.scrapegw.com:6060	ConnectionTimeoutError: Connection timeout to host https://discord.com/api/v9/unique-username/username-attempt-unauthed
2026-09-01 18:32:36	NETWORK	adkn	attempt=1	proxy=http://wiw4v7duaymysz9-session-c658694b6f29-lifetime-10:***@rp.scrapegw.com:6060	ConnectionTimeoutError: Connection timeout to host https://discord.com/api/v9/unique-username/username-attempt-unauthed
2026-09-01 18:32:36	NETWORK	admy	attempt=1	proxy=http://wiw4v7duaymysz9-session-f9deefaa700b-lifetime-10:***@rp.scrapegw.com:6060	ConnectionTimeoutError: Connection timeout to host https://discord.com/api/v9/unique-username/username-attempt-unauthed
2026-09-01 18:32:36	NETWORK	acpw	attempt=1	proxy=http://wiw4v7duaymysz9-session-c658694b6f29-lifetime-10:***@rp.scrapegw.com:6060	ConnectionTimeoutError: Connection timeout to host https://discord.com/api/v9/unique-username/username-attempt-unauthed
2026-09-01 18:32:36	NETWORK	aczl	attempt=1	proxy=http://wiw4v7duaymysz9-session-315fad5a98ca-lifetime-10:***@rp.scrapegw.com:6060	ConnectionTimeoutError: Connection timeout to host https://discord.com/api/v9/unique-username/username-attempt-unauthed
2026-09-01 18:32:36	NETWORK	adbw	attempt=1	proxy=http://wiw4v7duaymysz9-session-d751fd3d4893-lifetime-10:***@rp.scrapegw.com:6060	ConnectionTimeoutError: Connection timeout to host https://discord.com/api/v9/unique-username/username-attempt-unauthed
2026-09-01 18:32:36	NETWORK	adkv	attempt=1	proxy=http://wiw4v7duaymysz9-session-7b4c1fa8d53f-lifetime-10:***@rp.scrapegw.com:6060	ConnectionTimeoutError: Connection timeout to host https://discord.com/api/v9/unique-username/username-attempt-unauthed
2026-09-01 18:32:36	NETWORK	adme	attempt=1	proxy=http://wiw4v7duaymysz9-session-9775ece6df41-lifetime-10:***@rp.scrapegw.com:6060	ConnectionTimeoutError: Connection timeout to host https://discord.com/api/v9/unique-username/username-attempt-unauthed
2026-09-01 18:32:36	NETWORK	acvl	attempt=1	proxy=http://wiw4v7duaymysz9-session-1f28cbb3069a-lifetime-10:***@rp.scrapegw.com:6060	ConnectionTimeoutError: Connection timeout to host https://discord.com/api/v9/unique-username/username-attempt-unauthed
2026-09-01 18:32:37	NETWORK	adaq	attempt=1	proxy=http://wiw4v7duaymysz9-session-b5d6ff42daf4-lifetime-10:***@rp.scrapegw.com:6060	ConnectionTimeoutError: Connection timeout to host https://discord.com/api/v9/unique-username/username-attempt-unauthed
2026-09-01 18:32:37	NETWORK	adix	attempt=1	proxy=http://wiw4v7duaymysz9-session-811b185b7963-lifetime-10:***@rp.scrapegw.com:6060	ConnectionTimeoutError: Connection timeout to host https://discord.com/api/v9/unique-username/username-attempt-unauthed
2026-09-01 18:32:37	NETWORK	adqw	attempt=1	proxy=http://wiw4v7duaymysz9-session-aec468d1589d-lifetime-10:***@rp.scrapegw.com:6060	ConnectionTimeoutError: Connection timeout to host https://discord.com/api/v9/unique-username/username-attempt-unauthed
2026-09-01 18:32:37	NETWORK	adni	attempt=1	proxy=http://wiw4v7duaymysz9-session-315fad5a98ca-lifetime-10:***@rp.scrapegw.com:6060	ConnectionTimeoutError: Connection timeout to host https://discord.com/api/v9/unique-username/username-attempt-unauthed
2026-09-01 18:32:37	NETWORK	adfw	attempt=1	proxy=http://wiw4v7duaymysz9-session-aec468d1589d-lifetime-10:***@rp.scrapegw.com:6060	ConnectionTimeoutError: Connection timeout to host https://discord.com/api/v9/unique-username/username-attempt-unauthed
2026-09-01 18:32:37	NETWORK	adoq	attempt=1	proxy=http://wiw4v7duaymysz9-session-d49398f0168a-lifetime-10:***@rp.scrapegw.com:6060	ConnectionTimeoutError: Connection timeout to host https://discord.com/api/v9/unique-username/username-attempt-unauthed
2026-09-01 18:32:37	NETWORK	adsl	attempt=1	proxy=http://wiw4v7duaymysz9-session-432141b3a7c5-lifetime-10:***@rp.scrapegw.com:6060	ConnectionTimeoutError: Connection timeout to host https://discord.com/api/v9/unique-username/username-attempt-unauthed
2026-09-01 18:32:37	NETWORK	adta	attempt=1	proxy=http://wiw4v7duaymysz9-session-ead3b11b5a93-lifetime-10:***@rp.scrapegw.com:6060	ConnectionTimeoutError: Connection timeout to host https://discord.com/api/v9/unique-username/username-attempt-unauthed
2026-09-01 18:32:37	NETWORK	adrw	attempt=1	proxy=http://wiw4v7duaymysz9-session-8c78453c950c-lifetime-10:***@rp.scrapegw.com:6060	ConnectionTimeoutError: Connection timeout to host https://discord.com/api/v9/unique-username/username-attempt-unauthed
2026-09-01 18:32:37	NETWORK	adtu	attempt=1	proxy=http://wiw4v7duaymysz9-session-393d6e928d4f-lifetime-10:***@rp.scrapegw.com:6060	ConnectionTimeoutError: Connection timeout to host https://discord.com/api/v9/unique-username/username-attempt-unauthed
2026-09-01 18:32:37	NETWORK	adpj	attempt=1	proxy=http://wiw4v7duaymysz9-session-d751fd3d4893-lifetime-10:***@rp.scrapegw.com:6060	ConnectionTimeoutError: Connection timeout to host https://discord.com/api/v9/unique-username/username-attempt-unauthed
2026-09-01 18:32:37	NETWORK	adsq	attempt=1	proxy=http://wiw4v7duaymysz9-session-09a447453420-lifetime-10:***@rp.scrapegw.com:6060	ConnectionTimeoutError: Connection timeout to host https://discord.com/api/v9/unique-username/username-attempt-unauthed
2026-09-01 18:32:37	NETWORK	adpf	attempt=1	proxy=http://wiw4v7duaymysz9-session-70dc98169d29-lifetime-10:***@rp.scrapegw.com:6060	ConnectionTimeoutError: Connection timeout to host https://discord.com/api/v9/unique-username/username-attempt-unauthed
2026-09-01 18:32:38	NETWORK	adsb	attempt=1	proxy=http://wiw4v7duaymysz9-session-47a4c66d9559-lifetime-10:***@rp.scrapegw.com:6060	ConnectionTimeoutError: Connection timeout to host https://discord.com/api/v9/unique-username/username-attempt-unauthed
2026-09-01 18:32:38	NETWORK	adqs	attempt=1	proxy=http://wiw4v7duaymysz9-session-a3fd69922ec2-lifetime-10:***@rp.scrapegw.com:6060	ConnectionTimeoutError: Connection timeout to host https://discord.com/api/v9/unique-username/username-attempt-unauthed
2026-09-01 18:32:38	NETWORK	aebb	attempt=1	proxy=http://wiw4v7duaymysz9-session-9cb62d36ce70-lifetime-10:***@rp.scrapegw.com:6060	ConnectionTimeoutError: Connection timeout to host https://discord.com/api/v9/unique-username/username-attempt-unauthed
2026-09-01 18:32:38	NETWORK	aedj	attempt=1	proxy=http://wiw4v7duaymysz9-session-aec468d1589d-lifetime-10:***@rp.scrapegw.com:6060	ConnectionTimeoutError: Connection timeout to host https://discord.com/api/v9/unique-username/username-attempt-unauthed
2026-09-01 18:32:38	NETWORK	aeek	attempt=1	proxy=http://wiw4v7duaymysz9-session-432141b3a7c5-lifetime-10:***@rp.scrapegw.com:6060	ConnectionTimeoutError: Connection timeout to host https://discord.com/api/v9/unique-username/username-attempt-unauthed
2026-09-01 18:32:38	NETWORK	adzr	attempt=1	proxy=http://wiw4v7duaymysz9-session-5ba8fe140b71-lifetime-10:***@rp.scrapegw.com:6060	ConnectionTimeoutError: Connection timeout to host https://discord.com/api/v9/unique-username/username-attempt-unauthed
2026-09-01 18:32:38	NETWORK	adwn	attempt=1	proxy=http://wiw4v7duaymysz9-session-4dfb19f2f8bc-lifetime-10:***@rp.scrapegw.com:6060	ConnectionTimeoutError: Connection timeout to host https://discord.com/api/v9/unique-username/username-attempt-unauthed
2026-09-01 18:32:38	NETWORK	aech	attempt=1	proxy=http://wiw4v7duaymysz9-session-a3fd69922ec2-lifetime-10:***@rp.scrapegw.com:6060	ConnectionTimeoutError: Connection timeout to host https://discord.com/api/v9/unique-username/username-attempt-unauthed
2026-09-01 18:32:38	NETWORK	adyc	attempt=1	proxy=http://wiw4v7duaymysz9-session-b5d6ff42daf4-lifetime-10:***@rp.scrapegw.com:6060	ConnectionTimeoutError: Connection timeout to host https://discord.com/api/v9/unique-username/username-attempt-unauthed
2026-09-01 18:32:38	NETWORK	aebd	attempt=1	proxy=http://wiw4v7duaymysz9-session-d49398f0168a-lifetime-10:***@rp.scrapegw.com:6060	ConnectionTimeoutError: Connection timeout to host https://discord.com/api/v9/unique-username/username-attempt-unauthed
2026-09-01 18:32:38	NETWORK	aeeg	attempt=1	proxy=http://wiw4v7duaymysz9-session-8c78453c950c-lifetime-10:***@rp.scrapegw.com:6060	ConnectionTimeoutError: Connection timeout to host https://discord.com/api/v9/unique-username/username-attempt-unauthed
2026-09-01 18:32:39	NETWORK	aehe	attempt=1	proxy=http://wiw4v7duaymysz9-session-93105348bce6-lifetime-10:***@rp.scrapegw.com:6060	ConnectionTimeoutError: Connection timeout to host https://discord.com/api/v9/unique-username/username-attempt-unauthed
2026-09-01 18:32:39	NETWORK	admh	attempt=1	proxy=http://wiw4v7duaymysz9-session-1f28cbb3069a-lifetime-10:***@rp.scrapegw.com:6060	ConnectionTimeoutError: Connection timeout to host https://discord.com/api/v9/unique-username/username-attempt-unauthed
2026-09-01 18:32:39	NETWORK	aehm	attempt=1	proxy=http://wiw4v7duaymysz9-session-b0a50f519365-lifetime-10:***@rp.scrapegw.com:6060	ConnectionTimeoutError: Connection timeout to host https://discord.com/api/v9/unique-username/username-attempt-unauthed
2026-09-01 18:32:39	NETWORK	aefr	attempt=1	proxy=http://wiw4v7duaymysz9-session-ead3b11b5a93-lifetime-10:***@rp.scrapegw.com:6060	ConnectionTimeoutError: Connection timeout to host https://discord.com/api/v9/unique-username/username-attempt-unauthed
2026-09-01 18:32:40	NETWORK	aehs	attempt=1	proxy=http://wiw4v7duaymysz9-session-6a9938a26128-lifetime-10:***@rp.scrapegw.com:6060	ConnectionTimeoutError: Connection timeout to host https://discord.com/api/v9/unique-username/username-attempt-unauthed
2026-09-01 18:32:40	NETWORK	aeja	attempt=1	proxy=http://wiw4v7duaymysz9-session-4dfb19f2f8bc-lifetime-10:***@rp.scrapegw.com:6060	ConnectionTimeoutError: Connection timeout to host https://discord.com/api/v9/unique-username/username-attempt-unauthed
2026-09-01 18:32:40	NETWORK	aeii	attempt=1	proxy=http://wiw4v7duaymysz9-session-4caced0d179f-lifetime-10:***@rp.scrapegw.com:6060	ConnectionTimeoutError: Connection timeout to host https://discord.com/api/v9/unique-username/username-attempt-unauthed
2026-09-01 18:32:42	NETWORK	aejy	attempt=1	proxy=http://wiw4v7duaymysz9-session-1aab9c0d317f-lifetime-10:***@rp.scrapegw.com:6060	ConnectionTimeoutError: Connection timeout to host https://discord.com/api/v9/unique-username/username-attempt-unauthed
2026-09-01 18:32:42	NETWORK	aekm	attempt=1	proxy=http://wiw4v7duaymysz9-session-3f3273849741-lifetime-10:***@rp.scrapegw.com:6060	ConnectionTimeoutError: Connection timeout to host https://discord.com/api/v9/unique-username/username-attempt-unauthed
2026-09-01 18:32:43	NETWORK	aeot	attempt=1	proxy=http://wiw4v7duaymysz9-session-c0b5d2178ed0-lifetime-10:***@rp.scrapegw.com:6060	ConnectionTimeoutError: Connection timeout to host https://discord.com/api/v9/unique-username/username-attempt-unauthed
2026-09-01 18:32:43	NETWORK	aeqa	attempt=1	proxy=http://wiw4v7duaymysz9-session-d751fd3d4893-lifetime-10:***@rp.scrapegw.com:6060	ConnectionTimeoutError: Connection timeout to host https://discord.com/api/v9/unique-username/username-attempt-unauthed
2026-09-01 18:32:43	NETWORK	aekf	attempt=1	proxy=http://wiw4v7duaymysz9-session-a3f9b5cff249-lifetime-10:***@rp.scrapegw.com:6060	ConnectionTimeoutError: Connection timeout to host https://discord.com/api/v9/unique-username/username-attempt-unauthed
2026-09-01 18:32:43	NETWORK	aemp	attempt=1	proxy=http://wiw4v7duaymysz9-session-793fee6d66bb-lifetime-10:***@rp.scrapegw.com:6060	ConnectionTimeoutError: Connection timeout to host https://discord.com/api/v9/unique-username/username-attempt-unauthed
2026-09-01 18:32:43	NETWORK	aenl	attempt=1	proxy=http://wiw4v7duaymysz9-session-4e3f0a856da3-lifetime-10:***@rp.scrapegw.com:6060	ConnectionTimeoutError: Connection timeout to host https://discord.com/api/v9/unique-username/username-attempt-unauthed
2026-09-01 18:32:43	NETWORK	aeru	attempt=1	proxy=http://wiw4v7duaymysz9-session-d6e851188610-lifetime-10:***@rp.scrapegw.com:6060	ConnectionTimeoutError: Connection timeout to host https://discord.com/api/v9/unique-username/username-attempt-unauthed
2026-09-01 18:32:43	NETWORK	aemo	attempt=1	proxy=http://wiw4v7duaymysz9-session-b5d6ff42daf4-lifetime-10:***@rp.scrapegw.com:6060	ConnectionTimeoutError: Connection timeout to host https://discord.com/api/v9/unique-username/username-attempt-unauthed
2026-09-01 18:32:43	NETWORK	aepz	attempt=1	proxy=http://wiw4v7duaymysz9-session-0245260132f9-lifetime-10:***@rp.scrapegw.com:6060	ConnectionTimeoutError: Connection timeout to host https://discord.com/api/v9/unique-username/username-attempt-unauthed
2026-09-01 18:32:43	NETWORK	aenf	attempt=1	proxy=http://wiw4v7duaymysz9-session-9cb62d36ce70-lifetime-10:***@rp.scrapegw.com:6060	ConnectionTimeoutError: Connection timeout to host https://discord.com/api/v9/unique-username/username-attempt-unauthed
2026-09-01 18:32:43	NETWORK	aemg	attempt=1	proxy=http://wiw4v7duaymysz9-session-315fad5a98ca-lifetime-10:***@rp.scrapegw.com:6060	ConnectionTimeoutError: Connection timeout to host https://discord.com/api/v9/unique-username/username-attempt-unauthed
2026-09-01 18:32:43	NETWORK	aeps	attempt=1	proxy=http://wiw4v7duaymysz9-session-70dc98169d29-lifetime-10:***@rp.scrapegw.com:6060	ConnectionTimeoutError: Connection timeout to host https://discord.com/api/v9/unique-username/username-attempt-unauthed
2026-09-01 18:32:44	NETWORK	aeum	attempt=1	proxy=http://wiw4v7duaymysz9-session-26b16d49830b-lifetime-10:***@rp.scrapegw.com:6060	ConnectionTimeoutError: Connection timeout to host https://discord.com/api/v9/unique-username/username-attempt-unauthed
2026-09-01 18:32:44	NETWORK	aemq	attempt=1	proxy=http://wiw4v7duaymysz9-session-5ba8fe140b71-lifetime-10:***@rp.scrapegw.com:6060	ConnectionTimeoutError: Connection timeout to host https://discord.com/api/v9/unique-username/username-attempt-unauthed
2026-09-01 18:32:44	NETWORK	aeue	attempt=1	proxy=http://wiw4v7duaymysz9-session-1c95670fca9f-lifetime-10:***@rp.scrapegw.com:6060	ConnectionTimeoutError: Connection timeout to host https://discord.com/api/v9/unique-username/username-attempt-unauthed
2026-09-01 18:32:44	NETWORK	aetu	attempt=1	proxy=http://wiw4v7duaymysz9-session-b747db7e512c-lifetime-10:***@rp.scrapegw.com:6060	ConnectionTimeoutError: Connection timeout to host https://discord.com/api/v9/unique-username/username-attempt-unauthed
2026-09-01 18:32:44	NETWORK	aerx	attempt=1	proxy=http://wiw4v7duaymysz9-session-1939c7a73140-lifetime-10:***@rp.scrapegw.com:6060	ConnectionTimeoutError: Connection timeout to host https://discord.com/api/v9/unique-username/username-attempt-unauthed
2026-09-01 18:32:45	NETWORK	afby	attempt=1	proxy=http://wiw4v7duaymysz9-session-432141b3a7c5-lifetime-10:***@rp.scrapegw.com:6060	ConnectionTimeoutError: Connection timeout to host https://discord.com/api/v9/unique-username/username-attempt-unauthed
2026-09-01 18:32:45	NETWORK	aewv	attempt=1	proxy=http://wiw4v7duaymysz9-session-06b5e0d0d0cf-lifetime-10:***@rp.scrapegw.com:6060	ConnectionTimeoutError: Connection timeout to host https://discord.com/api/v9/unique-username/username-attempt-unauthed
2026-09-01 18:32:45	NETWORK	afak	attempt=1	proxy=http://wiw4v7duaymysz9-session-1d00df88e7a1-lifetime-10:***@rp.scrapegw.com:6060	ConnectionTimeoutError: Connection timeout to host https://discord.com/api/v9/unique-username/username-attempt-unauthed
2026-09-01 18:32:45	NETWORK	afgj	attempt=1	proxy=http://wiw4v7duaymysz9-session-d6844d72309e-lifetime-10:***@rp.scrapegw.com:6060	ConnectionTimeoutError: Connection timeout to host https://discord.com/api/v9/unique-username/username-attempt-unauthed
2026-09-01 18:32:45	NETWORK	afds	attempt=1	proxy=http://wiw4v7duaymysz9-session-34fc454f1eb4-lifetime-10:***@rp.scrapegw.com:6060	ConnectionTimeoutError: Connection timeout to host https://discord.com/api/v9/unique-username/username-attempt-unauthed
2026-09-01 18:32:45	NETWORK	afbo	attempt=1	proxy=http://wiw4v7duaymysz9-session-8c78453c950c-lifetime-10:***@rp.scrapegw.com:6060	ConnectionTimeoutError: Connection timeout to host https://discord.com/api/v9/unique-username/username-attempt-unauthed
2026-09-01 18:32:45	NETWORK	aevy	attempt=1	proxy=http://wiw4v7duaymysz9-session-825258a0a4be-lifetime-10:***@rp.scrapegw.com:6060	ConnectionTimeoutError: Connection timeout to host https://discord.com/api/v9/unique-username/username-attempt-unauthed
2026-09-01 18:32:45	NETWORK	aevi	attempt=1	proxy=http://wiw4v7duaymysz9-session-6d5ec1bfb7b9-lifetime-10:***@rp.scrapegw.com:6060	ConnectionTimeoutError: Connection timeout to host https://discord.com/api/v9/unique-username/username-attempt-unauthed
2026-09-01 18:32:45	NETWORK	aexe	attempt=1	proxy=http://wiw4v7duaymysz9-session-99571d6ae2de-lifetime-10:***@rp.scrapegw.com:6060	ConnectionTimeoutError: Connection timeout to host https://discord.com/api/v9/unique-username/username-attempt-unauthed
2026-09-01 18:32:45	NETWORK	afac	attempt=1	proxy=http://wiw4v7duaymysz9-session-8668b29185f6-lifetime-10:***@rp.scrapegw.com:6060	ConnectionTimeoutError: Connection timeout to host https://discord.com/api/v9/unique-username/username-attempt-unauthed
2026-09-01 18:32:45	NETWORK	aezw	attempt=1	proxy=http://wiw4v7duaymysz9-session-0fd3a06389f5-lifetime-10:***@rp.scrapegw.com:6060	ConnectionTimeoutError: Connection timeout to host https://discord.com/api/v9/unique-username/username-attempt-unauthed
2026-09-01 18:32:45	NETWORK	afbi	attempt=1	proxy=http://wiw4v7duaymysz9-session-feff2b3362c9-lifetime-10:***@rp.scrapegw.com:6060	ConnectionTimeoutError: Connection timeout to host https://discord.com/api/v9/unique-username/username-attempt-unauthed
2026-09-01 18:32:45	NETWORK	afny	attempt=1	proxy=http://wiw4v7duaymysz9-session-3f3273849741-lifetime-10:***@rp.scrapegw.com:6060	ConnectionTimeoutError: Connection timeout to host https://discord.com/api/v9/unique-username/username-attempt-unauthed
2026-09-01 18:32:45	NETWORK	afcu	attempt=1	proxy=http://wiw4v7duaymysz9-session-7c653c31c3be-lifetime-10:***@rp.scrapegw.com:6060	ConnectionTimeoutError: Connection timeout to host https://discord.com/api/v9/unique-username/username-attempt-unauthed
2026-09-01 18:32:45	NETWORK	afcr	attempt=1	proxy=http://wiw4v7duaymysz9-session-11a470bbe57e-lifetime-10:***@rp.scrapegw.com:6060	ConnectionTimeoutError: Connection timeout to host https://discord.com/api/v9/unique-username/username-attempt-unauthed
2026-09-01 18:32:45	NETWORK	aexl	attempt=1	proxy=http://wiw4v7duaymysz9-session-7ea5b167b99b-lifetime-10:***@rp.scrapegw.com:6060	ConnectionTimeoutError: Connection timeout to host https://discord.com/api/v9/unique-username/username-attempt-unauthed
2026-09-01 18:32:45	NETWORK	afik	attempt=1	proxy=http://wiw4v7duaymysz9-session-6a9938a26128-lifetime-10:***@rp.scrapegw.com:6060	ConnectionTimeoutError: Connection timeout to host https://discord.com/api/v9/unique-username/username-attempt-unauthed
2026-09-01 18:32:45	NETWORK	aevb	attempt=1	proxy=http://wiw4v7duaymysz9-session-19505f79bf4a-lifetime-10:***@rp.scrapegw.com:6060	ConnectionTimeoutError: Connection timeout to host https://discord.com/api/v9/unique-username/username-attempt-unauthed
2026-09-01 18:32:45	NETWORK	aevj	attempt=1	proxy=http://wiw4v7duaymysz9-session-2b875396c339-lifetime-10:***@rp.scrapegw.com:6060	ConnectionTimeoutError: Connection timeout to host https://discord.com/api/v9/unique-username/username-attempt-unauthed
2026-09-01 18:32:45	NETWORK	afch	attempt=1	proxy=http://wiw4v7duaymysz9-session-e132c24a4f14-lifetime-10:***@rp.scrapegw.com:6060	ConnectionTimeoutError: Connection timeout to host https://discord.com/api/v9/unique-username/username-attempt-unauthed
2026-09-01 18:32:45	NETWORK	afnn	attempt=1	proxy=http://wiw4v7duaymysz9-session-1aab9c0d317f-lifetime-10:***@rp.scrapegw.com:6060	ConnectionTimeoutError: Connection timeout to host https://discord.com/api/v9/unique-username/username-attempt-unauthed
2026-09-01 18:32:45	NETWORK	aevc	attempt=1	proxy=http://wiw4v7duaymysz9-session-ee8e028bfaff-lifetime-10:***@rp.scrapegw.com:6060	ConnectionTimeoutError: Connection timeout to host https://discord.com/api/v9/unique-username/username-attempt-unauthed
2026-09-01 18:32:45	NETWORK	afnh	attempt=1	proxy=http://wiw4v7duaymysz9-session-4dfb19f2f8bc-lifetime-10:***@rp.scrapegw.com:6060	ConnectionTimeoutError: Connection timeout to host https://discord.com/api/v9/unique-username/username-attempt-unauthed
2026-09-01 18:32:45	NETWORK	aeyy	attempt=1	proxy=http://wiw4v7duaymysz9-session-928b25d65279-lifetime-10:***@rp.scrapegw.com:6060	ConnectionTimeoutError: Connection timeout to host https://discord.com/api/v9/unique-username/username-attempt-unauthed
2026-09-01 18:32:45	NETWORK	afcv	attempt=1	proxy=http://wiw4v7duaymysz9-session-3e07fb2c1321-lifetime-10:***@rp.scrapegw.com:6060	ConnectionTimeoutError: Connection timeout to host https://discord.com/api/v9/unique-username/username-attempt-unauthed
2026-09-01 18:32:45	NETWORK	afnf	attempt=1	proxy=http://wiw4v7duaymysz9-session-4caced0d179f-lifetime-10:***@rp.scrapegw.com:6060	ConnectionTimeoutError: Connection timeout to host https://discord.com/api/v9/unique-username/username-attempt-unauthed
2026-09-01 18:32:45	NETWORK	aequ	attempt=1	proxy=http://wiw4v7duaymysz9-session-09293609169d-lifetime-10:***@rp.scrapegw.com:6060	ConnectionTimeoutError: Connection timeout to host https://discord.com/api/v9/unique-username/username-attempt-unauthed
2026-09-01 18:32:45	HTTP_429	aird	attempt=1	proxy=http://wiw4v7duaymysz9-session-f5785e8568cc-lifetime-10:***@rp.scrapegw.com:6060	scope=shared global=False retry_after=762.00s
2026-09-01 18:32:46	NETWORK	afpo	attempt=1	proxy=http://wiw4v7duaymysz9-session-4e3f0a856da3-lifetime-10:***@rp.scrapegw.com:6060	ConnectionTimeoutError: Connection timeout to host https://discord.com/api/v9/unique-username/username-attempt-unauthed
2026-09-01 18:32:46	NETWORK	aftb	attempt=1	proxy=http://wiw4v7duaymysz9-session-1939c7a73140-lifetime-10:***@rp.scrapegw.com:6060	ConnectionTimeoutError: Connection timeout to host https://discord.com/api/v9/unique-username/username-attempt-unauthed
2026-09-01 18:32:46	NETWORK	afno	attempt=1	proxy=http://wiw4v7duaymysz9-session-a3f9b5cff249-lifetime-10:***@rp.scrapegw.com:6060	ConnectionTimeoutError: Connection timeout to host https://discord.com/api/v9/unique-username/username-attempt-unauthed
2026-09-01 18:32:46	NETWORK	afob	attempt=1	proxy=http://wiw4v7duaymysz9-session-793fee6d66bb-lifetime-10:***@rp.scrapegw.com:6060	ConnectionTimeoutError: Connection timeout to host https://discord.com/api/v9/unique-username/username-attempt-unauthed
2026-09-01 18:32:46	NETWORK	afyw	attempt=1	proxy=http://wiw4v7duaymysz9-session-ee8e028bfaff-lifetime-10:***@rp.scrapegw.com:6060	ConnectionTimeoutError: Connection timeout to host https://discord.com/api/v9/unique-username/username-attempt-unauthed
2026-09-01 18:32:46	NETWORK	afuq	attempt=1	proxy=http://wiw4v7duaymysz9-session-b747db7e512c-lifetime-10:***@rp.scrapegw.com:6060	ConnectionTimeoutError: Connection timeout to host https://discord.com/api/v9/unique-username/username-attempt-unauthed
2026-09-01 18:32:46	NETWORK	afqf	attempt=1	proxy=http://wiw4v7duaymysz9-session-c0b5d2178ed0-lifetime-10:***@rp.scrapegw.com:6060	ConnectionTimeoutError: Connection timeout to host https://discord.com/api/v9/unique-username/username-attempt-unauthed
2026-09-01 18:32:46	NETWORK	afwh	attempt=1	proxy=http://wiw4v7duaymysz9-session-1c95670fca9f-lifetime-10:***@rp.scrapegw.com:6060	ConnectionTimeoutError: Connection timeout to host https://discord.com/api/v9/unique-username/username-attempt-unauthed
2026-09-01 18:32:46	NETWORK	afsx	attempt=1	proxy=http://wiw4v7duaymysz9-session-d6e851188610-lifetime-10:***@rp.scrapegw.com:6060	ConnectionTimeoutError: Connection timeout to host https://discord.com/api/v9/unique-username/username-attempt-unauthed
2026-09-01 18:32:46	NETWORK	agcj	attempt=1	proxy=http://wiw4v7duaymysz9-session-2b875396c339-lifetime-10:***@rp.scrapegw.com:6060	ConnectionTimeoutError: Connection timeout to host https://discord.com/api/v9/unique-username/username-attempt-unauthed
2026-09-01 18:32:46	NETWORK	agdu	attempt=1	proxy=http://wiw4v7duaymysz9-session-825258a0a4be-lifetime-10:***@rp.scrapegw.com:6060	ConnectionTimeoutError: Connection timeout to host https://discord.com/api/v9/unique-username/username-attempt-unauthed
2026-09-01 18:32:47	NETWORK	afqi	attempt=1	proxy=http://wiw4v7duaymysz9-session-0245260132f9-lifetime-10:***@rp.scrapegw.com:6060	ConnectionTimeoutError: Connection timeout to host https://discord.com/api/v9/unique-username/username-attempt-unauthed
2026-09-01 18:32:47	NETWORK	agkh	attempt=1	proxy=http://wiw4v7duaymysz9-session-7ea5b167b99b-lifetime-10:***@rp.scrapegw.com:6060	ConnectionTimeoutError: Connection timeout to host https://discord.com/api/v9/unique-username/username-attempt-unauthed
2026-09-01 18:32:47	NETWORK	agsy	attempt=1	proxy=http://wiw4v7duaymysz9-session-ac6623c5c344-lifetime-10:***@rp.scrapegw.com:6060	ConnectionTimeoutError: Connection timeout to host https://discord.com/api/v9/unique-username/username-attempt-unauthed
2026-09-01 18:32:47	NETWORK	afph	attempt=1	proxy=http://wiw4v7duaymysz9-session-5ba8fe140b71-lifetime-10:***@rp.scrapegw.com:6060	ConnectionTimeoutError: Connection timeout to host https://discord.com/api/v9/unique-username/username-attempt-unauthed
2026-09-01 18:32:47	NETWORK	afsg	attempt=1	proxy=http://wiw4v7duaymysz9-session-09293609169d-lifetime-10:***@rp.scrapegw.com:6060	ConnectionTimeoutError: Connection timeout to host https://discord.com/api/v9/unique-username/username-attempt-unauthed
2026-09-01 18:32:47	NETWORK	agqi	attempt=1	proxy=http://wiw4v7duaymysz9-session-8668b29185f6-lifetime-10:***@rp.scrapegw.com:6060	ConnectionTimeoutError: Connection timeout to host https://discord.com/api/v9/unique-username/username-attempt-unauthed
2026-09-01 18:32:47	NETWORK	agwv	attempt=1	proxy=http://wiw4v7duaymysz9-session-feff2b3362c9-lifetime-10:***@rp.scrapegw.com:6060	ConnectionTimeoutError: Connection timeout to host https://discord.com/api/v9/unique-username/username-attempt-unauthed
2026-09-01 18:32:47	NETWORK	agsr	attempt=1	proxy=http://wiw4v7duaymysz9-session-1d00df88e7a1-lifetime-10:***@rp.scrapegw.com:6060	ConnectionTimeoutError: Connection timeout to host https://discord.com/api/v9/unique-username/username-attempt-unauthed
2026-09-01 18:32:47	NETWORK	agxz	attempt=1	proxy=http://wiw4v7duaymysz9-session-37908978ee4d-lifetime-10:***@rp.scrapegw.com:6060	ConnectionTimeoutError: Connection timeout to host https://discord.com/api/v9/unique-username/username-attempt-unauthed
2026-09-01 18:32:47	NETWORK	agpy	attempt=1	proxy=http://wiw4v7duaymysz9-session-0fd3a06389f5-lifetime-10:***@rp.scrapegw.com:6060	ConnectionTimeoutError: Connection timeout to host https://discord.com/api/v9/unique-username/username-attempt-unauthed
2026-09-01 18:32:47	NETWORK	agfs	attempt=1	proxy=http://wiw4v7duaymysz9-session-06b5e0d0d0cf-lifetime-10:***@rp.scrapegw.com:6060	ConnectionTimeoutError: Connection timeout to host https://discord.com/api/v9/unique-username/username-attempt-unauthed
2026-09-01 18:32:47	NETWORK	aght	attempt=1	proxy=http://wiw4v7duaymysz9-session-99571d6ae2de-lifetime-10:***@rp.scrapegw.com:6060	ConnectionTimeoutError: Connection timeout to host https://discord.com/api/v9/unique-username/username-attempt-unauthed
2026-09-01 18:32:47	NETWORK	agmu	attempt=1	proxy=http://wiw4v7duaymysz9-session-928b25d65279-lifetime-10:***@rp.scrapegw.com:6060	ConnectionTimeoutError: Connection timeout to host https://discord.com/api/v9/unique-username/username-attempt-unauthed
2026-09-01 18:32:47	NETWORK	afzk	attempt=1	proxy=http://wiw4v7duaymysz9-session-6d5ec1bfb7b9-lifetime-10:***@rp.scrapegw.com:6060	ConnectionTimeoutError: Connection timeout to host https://discord.com/api/v9/unique-username/username-attempt-unauthed
2026-09-01 18:32:48	NETWORK	agyi	attempt=1	proxy=http://wiw4v7duaymysz9-session-486c654aff40-lifetime-10:***@rp.scrapegw.com:6060	ConnectionTimeoutError: Connection timeout to host https://discord.com/api/v9/unique-username/username-attempt-unauthed
2026-09-01 18:32:48	NETWORK	agza	attempt=1	proxy=http://wiw4v7duaymysz9-session-e132c24a4f14-lifetime-10:***@rp.scrapegw.com:6060	ConnectionTimeoutError: Connection timeout to host https://discord.com/api/v9/unique-username/username-attempt-unauthed
2026-09-01 18:32:48	NETWORK	agyj	attempt=1	proxy=http://wiw4v7duaymysz9-session-a29be8453ef3-lifetime-10:***@rp.scrapegw.com:6060	ConnectionTimeoutError: Connection timeout to host https://discord.com/api/v9/unique-username/username-attempt-unauthed
2026-09-01 18:32:49	NETWORK	ahgx	attempt=1	proxy=http://wiw4v7duaymysz9-session-3e07fb2c1321-lifetime-10:***@rp.scrapegw.com:6060	ConnectionTimeoutError: Connection timeout to host https://discord.com/api/v9/unique-username/username-attempt-unauthed
2026-09-01 18:32:49	NETWORK	ahgu	attempt=1	proxy=http://wiw4v7duaymysz9-session-7c653c31c3be-lifetime-10:***@rp.scrapegw.com:6060	ConnectionTimeoutError: Connection timeout to host https://discord.com/api/v9/unique-username/username-attempt-unauthed
2026-09-01 18:32:49	NETWORK	ahfs	attempt=1	proxy=http://wiw4v7duaymysz9-session-11a470bbe57e-lifetime-10:***@rp.scrapegw.com:6060	ConnectionTimeoutError: Connection timeout to host https://discord.com/api/v9/unique-username/username-attempt-unauthed
2026-09-01 18:32:49	NETWORK	ahek	attempt=1	proxy=http://wiw4v7duaymysz9-session-da60f4585a7a-lifetime-10:***@rp.scrapegw.com:6060	ConnectionTimeoutError: Connection timeout to host https://discord.com/api/v9/unique-username/username-attempt-unauthed
2026-09-01 18:32:50	NETWORK	agye	attempt=1	proxy=http://wiw4v7duaymysz9-session-5caf4468f761-lifetime-10:***@rp.scrapegw.com:6060	ConnectionTimeoutError: Connection timeout to host https://discord.com/api/v9/unique-username/username-attempt-unauthed
2026-09-01 18:32:51	HTTP_429	amdu	attempt=1	proxy=http://wiw4v7duaymysz9-session-93105348bce6-lifetime-10:***@rp.scrapegw.com:6060	scope=shared global=False retry_after=2078.00s
2026-09-01 18:32:51	HTTP_429	amei	attempt=1	proxy=http://wiw4v7duaymysz9-session-b0a50f519365-lifetime-10:***@rp.scrapegw.com:6060	scope=shared global=False retry_after=500.00s
2026-09-01 18:32:51	NETWORK	afyb	attempt=1	proxy=http://wiw4v7duaymysz9-session-19505f79bf4a-lifetime-10:***@rp.scrapegw.com:6060	ServerDisconnectedError: Server disconnected
2026-09-01 18:32:51	NETWORK	ahhi	attempt=1	proxy=http://wiw4v7duaymysz9-session-34fc454f1eb4-lifetime-10:***@rp.scrapegw.com:6060	ConnectionTimeoutError: Connection timeout to host https://discord.com/api/v9/unique-username/username-attempt-unauthed
2026-09-01 18:32:52	NETWORK	ahqu	attempt=1	proxy=http://wiw4v7duaymysz9-session-5ba8fe140b71-lifetime-10:***@rp.scrapegw.com:6060	ConnectionTimeoutError: Connection timeout to host https://discord.com/api/v9/unique-username/username-attempt-unauthed
2026-09-01 18:32:52	NETWORK	ahpd	attempt=1	proxy=http://wiw4v7duaymysz9-session-4dfb19f2f8bc-lifetime-10:***@rp.scrapegw.com:6060	ConnectionTimeoutError: Connection timeout to host https://discord.com/api/v9/unique-username/username-attempt-unauthed
2026-09-01 18:32:52	NETWORK	ahni	attempt=1	proxy=http://wiw4v7duaymysz9-session-6a9938a26128-lifetime-10:***@rp.scrapegw.com:6060	ConnectionTimeoutError: Connection timeout to host https://discord.com/api/v9/unique-username/username-attempt-unauthed
2026-09-01 18:32:52	NETWORK	ahoo	attempt=1	proxy=http://wiw4v7duaymysz9-session-4caced0d179f-lifetime-10:***@rp.scrapegw.com:6060	ConnectionTimeoutError: Connection timeout to host https://discord.com/api/v9/unique-username/username-attempt-unauthed
2026-09-01 18:32:52	NETWORK	ahlj	attempt=1	proxy=http://wiw4v7duaymysz9-session-93105348bce6-lifetime-10:***@rp.scrapegw.com:6060	ConnectionTimeoutError: Connection timeout to host https://discord.com/api/v9/unique-username/username-attempt-unauthed
2026-09-01 18:32:52	NETWORK	ahjm	attempt=1	proxy=http://wiw4v7duaymysz9-session-1f28cbb3069a-lifetime-10:***@rp.scrapegw.com:6060	ConnectionTimeoutError: Connection timeout to host https://discord.com/api/v9/unique-username/username-attempt-unauthed
2026-09-01 18:32:52	NETWORK	ahia	attempt=1	proxy=http://wiw4v7duaymysz9-session-d6844d72309e-lifetime-10:***@rp.scrapegw.com:6060	ConnectionTimeoutError: Connection timeout to host https://discord.com/api/v9/unique-username/username-attempt-unauthed
2026-09-01 18:32:52	NETWORK	ahrx	attempt=1	proxy=http://wiw4v7duaymysz9-session-1939c7a73140-lifetime-10:***@rp.scrapegw.com:6060	ConnectionTimeoutError: Connection timeout to host https://discord.com/api/v9/unique-username/username-attempt-unauthed
2026-09-01 18:32:53	NETWORK	ahym	attempt=1	proxy=http://wiw4v7duaymysz9-session-6d5ec1bfb7b9-lifetime-10:***@rp.scrapegw.com:6060	ConnectionTimeoutError: Connection timeout to host https://discord.com/api/v9/unique-username/username-attempt-unauthed
2026-09-01 18:32:53	NETWORK	aicb	attempt=1	proxy=http://wiw4v7duaymysz9-session-825258a0a4be-lifetime-10:***@rp.scrapegw.com:6060	ConnectionTimeoutError: Connection timeout to host https://discord.com/api/v9/unique-username/username-attempt-unauthed
2026-09-01 18:32:53	NETWORK	aibj	attempt=1	proxy=http://wiw4v7duaymysz9-session-2b875396c339-lifetime-10:***@rp.scrapegw.com:6060	ConnectionTimeoutError: Connection timeout to host https://discord.com/api/v9/unique-username/username-attempt-unauthed
2026-09-01 18:32:53	NETWORK	aicc	attempt=1	proxy=http://wiw4v7duaymysz9-session-9d8f30f3b1fe-lifetime-10:***@rp.scrapegw.com:6060	ConnectionTimeoutError: Connection timeout to host https://discord.com/api/v9/unique-username/username-attempt-unauthed
2026-09-01 18:32:53	NETWORK	ahyc	attempt=1	proxy=http://wiw4v7duaymysz9-session-ee8e028bfaff-lifetime-10:***@rp.scrapegw.com:6060	ConnectionTimeoutError: Connection timeout to host https://discord.com/api/v9/unique-username/username-attempt-unauthed
2026-09-01 18:32:53	NETWORK	ahun	attempt=1	proxy=http://wiw4v7duaymysz9-session-1c95670fca9f-lifetime-10:***@rp.scrapegw.com:6060	ConnectionTimeoutError: Connection timeout to host https://discord.com/api/v9/unique-username/username-attempt-unauthed
2026-09-01 18:32:54	NETWORK	ajtp	attempt=1	proxy=http://wiw4v7duaymysz9-session-aec468d1589d-lifetime-10:***@rp.scrapegw.com:6060	ConnectionTimeoutError: Connection timeout to host https://discord.com/api/v9/unique-username/username-attempt-unauthed
2026-09-01 18:32:54	NETWORK	aimm	attempt=1	proxy=http://wiw4v7duaymysz9-session-486c654aff40-lifetime-10:***@rp.scrapegw.com:6060	ConnectionTimeoutError: Connection timeout to host https://discord.com/api/v9/unique-username/username-attempt-unauthed
2026-09-01 18:32:54	NETWORK	aioa	attempt=1	proxy=http://wiw4v7duaymysz9-session-ead3b11b5a93-lifetime-10:***@rp.scrapegw.com:6060	ConnectionTimeoutError: Connection timeout to host https://discord.com/api/v9/unique-username/username-attempt-unauthed
2026-09-01 18:32:54	NETWORK	ajpt	attempt=1	proxy=http://wiw4v7duaymysz9-session-9d8f30f3b1fe-lifetime-10:***@rp.scrapegw.com:6060	ConnectionTimeoutError: Connection timeout to host https://discord.com/api/v9/unique-username/username-attempt-unauthed
2026-09-01 18:32:54	NETWORK	aimi	attempt=1	proxy=http://wiw4v7duaymysz9-session-ee14a39a34e0-lifetime-10:***@rp.scrapegw.com:6060	ConnectionTimeoutError: Connection timeout to host https://discord.com/api/v9/unique-username/username-attempt-unauthed
2026-09-01 18:32:54	NETWORK	aiqy	attempt=1	proxy=http://wiw4v7duaymysz9-session-811b185b7963-lifetime-10:***@rp.scrapegw.com:6060	ConnectionTimeoutError: Connection timeout to host https://discord.com/api/v9/unique-username/username-attempt-unauthed
2026-09-01 18:32:54	NETWORK	ajbj	attempt=1	proxy=http://wiw4v7duaymysz9-session-da60f4585a7a-lifetime-10:***@rp.scrapegw.com:6060	ConnectionTimeoutError: Connection timeout to host https://discord.com/api/v9/unique-username/username-attempt-unauthed
2026-09-01 18:32:54	NETWORK	aiok	attempt=1	proxy=http://wiw4v7duaymysz9-session-a29be8453ef3-lifetime-10:***@rp.scrapegw.com:6060	ConnectionTimeoutError: Connection timeout to host https://discord.com/api/v9/unique-username/username-attempt-unauthed
2026-09-01 18:32:54	NETWORK	airh	attempt=1	proxy=http://wiw4v7duaymysz9-session-c658694b6f29-lifetime-10:***@rp.scrapegw.com:6060	ConnectionTimeoutError: Connection timeout to host https://discord.com/api/v9/unique-username/username-attempt-unauthed
2026-09-01 18:32:54	NETWORK	ajvc	attempt=1	proxy=http://wiw4v7duaymysz9-session-37908978ee4d-lifetime-10:***@rp.scrapegw.com:6060	ConnectionTimeoutError: Connection timeout to host https://discord.com/api/v9/unique-username/username-attempt-unauthed
2026-09-01 18:32:54	NETWORK	ajcr	attempt=1	proxy=http://wiw4v7duaymysz9-session-1f28cbb3069a-lifetime-10:***@rp.scrapegw.com:6060	ConnectionTimeoutError: Connection timeout to host https://discord.com/api/v9/unique-username/username-attempt-unauthed
2026-09-01 18:32:54	NETWORK	aief	attempt=1	proxy=http://wiw4v7duaymysz9-session-a3fd69922ec2-lifetime-10:***@rp.scrapegw.com:6060	ConnectionTimeoutError: Connection timeout to host https://discord.com/api/v9/unique-username/username-attempt-unauthed
2026-09-01 18:32:54	NETWORK	aifb	attempt=1	proxy=http://wiw4v7duaymysz9-session-ac6623c5c344-lifetime-10:***@rp.scrapegw.com:6060	ConnectionTimeoutError: Connection timeout to host https://discord.com/api/v9/unique-username/username-attempt-unauthed
2026-09-01 18:32:54	NETWORK	aikn	attempt=1	proxy=http://wiw4v7duaymysz9-session-5caf4468f761-lifetime-10:***@rp.scrapegw.com:6060	ConnectionTimeoutError: Connection timeout to host https://discord.com/api/v9/unique-username/username-attempt-unauthed
2026-09-01 18:32:54	NETWORK	aiip	attempt=1	proxy=http://wiw4v7duaymysz9-session-aec468d1589d-lifetime-10:***@rp.scrapegw.com:6060	ConnectionTimeoutError: Connection timeout to host https://discord.com/api/v9/unique-username/username-attempt-unauthed
2026-09-01 18:32:54	NETWORK	aiqb	attempt=1	proxy=http://wiw4v7duaymysz9-session-bfdfa0733ae9-lifetime-10:***@rp.scrapegw.com:6060	ConnectionTimeoutError: Connection timeout to host https://discord.com/api/v9/unique-username/username-attempt-unauthed
2026-09-01 18:32:54	NETWORK	ajbc	attempt=1	proxy=http://wiw4v7duaymysz9-session-393d6e928d4f-lifetime-10:***@rp.scrapegw.com:6060	ConnectionTimeoutError: Connection timeout to host https://discord.com/api/v9/unique-username/username-attempt-unauthed
2026-09-01 18:32:54	NETWORK	aiis	attempt=1	proxy=http://wiw4v7duaymysz9-session-37908978ee4d-lifetime-10:***@rp.scrapegw.com:6060	ConnectionTimeoutError: Connection timeout to host https://discord.com/api/v9/unique-username/username-attempt-unauthed
2026-09-01 18:32:55	NETWORK	ajzf	attempt=1	proxy=http://wiw4v7duaymysz9-session-ee14a39a34e0-lifetime-10:***@rp.scrapegw.com:6060	ConnectionTimeoutError: Connection timeout to host https://discord.com/api/v9/unique-username/username-attempt-unauthed
2026-09-01 18:32:55	NETWORK	akfe	attempt=1	proxy=http://wiw4v7duaymysz9-session-c658694b6f29-lifetime-10:***@rp.scrapegw.com:6060	ConnectionTimeoutError: Connection timeout to host https://discord.com/api/v9/unique-username/username-attempt-unauthed
2026-09-01 18:32:55	NETWORK	akmp	attempt=1	proxy=http://wiw4v7duaymysz9-session-da60f4585a7a-lifetime-10:***@rp.scrapegw.com:6060	ConnectionTimeoutError: Connection timeout to host https://discord.com/api/v9/unique-username/username-attempt-unauthed
2026-09-01 18:32:55	NETWORK	ajzk	attempt=1	proxy=http://wiw4v7duaymysz9-session-486c654aff40-lifetime-10:***@rp.scrapegw.com:6060	ConnectionTimeoutError: Connection timeout to host https://discord.com/api/v9/unique-username/username-attempt-unauthed
2026-09-01 18:32:55	NETWORK	akbt	attempt=1	proxy=http://wiw4v7duaymysz9-session-bfdfa0733ae9-lifetime-10:***@rp.scrapegw.com:6060	ConnectionTimeoutError: Connection timeout to host https://discord.com/api/v9/unique-username/username-attempt-unauthed
2026-09-01 18:32:55	NETWORK	ajsc	attempt=1	proxy=http://wiw4v7duaymysz9-session-ac6623c5c344-lifetime-10:***@rp.scrapegw.com:6060	ConnectionTimeoutError: Connection timeout to host https://discord.com/api/v9/unique-username/username-attempt-unauthed
2026-09-01 18:32:55	NETWORK	akhs	attempt=1	proxy=http://wiw4v7duaymysz9-session-393d6e928d4f-lifetime-10:***@rp.scrapegw.com:6060	ConnectionTimeoutError: Connection timeout to host https://discord.com/api/v9/unique-username/username-attempt-unauthed
2026-09-01 18:32:55	NETWORK	akej	attempt=1	proxy=http://wiw4v7duaymysz9-session-e466c040b3d4-lifetime-10:***@rp.scrapegw.com:6060	ConnectionTimeoutError: Connection timeout to host https://discord.com/api/v9/unique-username/username-attempt-unauthed
2026-09-01 18:32:55	NETWORK	ajwg	attempt=1	proxy=http://wiw4v7duaymysz9-session-5caf4468f761-lifetime-10:***@rp.scrapegw.com:6060	ConnectionTimeoutError: Connection timeout to host https://discord.com/api/v9/unique-username/username-attempt-unauthed
2026-09-01 18:32:55	NETWORK	akba	attempt=1	proxy=http://wiw4v7duaymysz9-session-a29be8453ef3-lifetime-10:***@rp.scrapegw.com:6060	ConnectionTimeoutError: Connection timeout to host https://discord.com/api/v9/unique-username/username-attempt-unauthed
2026-09-01 18:32:55	NETWORK	akqi	attempt=1	proxy=http://wiw4v7duaymysz9-session-1f28cbb3069a-lifetime-10:***@rp.scrapegw.com:6060	ConnectionTimeoutError: Connection timeout to host https://discord.com/api/v9/unique-username/username-attempt-unauthed
2026-09-01 18:32:55	NETWORK	akdf	attempt=1	proxy=http://wiw4v7duaymysz9-session-811b185b7963-lifetime-10:***@rp.scrapegw.com:6060	ConnectionTimeoutError: Connection timeout to host https://discord.com/api/v9/unique-username/username-attempt-unauthed
2026-09-01 18:32:55	NETWORK	aiti	attempt=1	proxy=http://wiw4v7duaymysz9-session-7b4c1fa8d53f-lifetime-10:***@rp.scrapegw.com:6060	ConnectionTimeoutError: Connection timeout to host https://discord.com/api/v9/unique-username/username-attempt-unauthed
2026-09-01 18:32:55	NETWORK	ajrk	attempt=1	proxy=http://wiw4v7duaymysz9-session-a3fd69922ec2-lifetime-10:***@rp.scrapegw.com:6060	ConnectionTimeoutError: Connection timeout to host https://discord.com/api/v9/unique-username/username-attempt-unauthed
2026-09-01 18:32:55	NETWORK	akfr	attempt=1	proxy=http://wiw4v7duaymysz9-session-7b4c1fa8d53f-lifetime-10:***@rp.scrapegw.com:6060	ConnectionTimeoutError: Connection timeout to host https://discord.com/api/v9/unique-username/username-attempt-unauthed
2026-09-01 18:32:55	NETWORK	akao	attempt=1	proxy=http://wiw4v7duaymysz9-session-ead3b11b5a93-lifetime-10:***@rp.scrapegw.com:6060	ConnectionTimeoutError: Connection timeout to host https://discord.com/api/v9/unique-username/username-attempt-unauthed
2026-09-01 18:32:56	NETWORK	alsv	attempt=1	proxy=http://wiw4v7duaymysz9-session-e466c040b3d4-lifetime-10:***@rp.scrapegw.com:6060	ClientConnectorError: Cannot connect to host discord.com:443 ssl:default [Connection reset by peer]
2026-09-01 18:32:56	NETWORK	akze	attempt=1	proxy=http://wiw4v7duaymysz9-session-26b16d49830b-lifetime-10:***@rp.scrapegw.com:6060	ConnectionTimeoutError: Connection timeout to host https://discord.com/api/v9/unique-username/username-attempt-unauthed
2026-09-01 18:32:56	NETWORK	alaj	attempt=1	proxy=http://wiw4v7duaymysz9-session-9d8f30f3b1fe-lifetime-10:***@rp.scrapegw.com:6060	ConnectionTimeoutError: Connection timeout to host https://discord.com/api/v9/unique-username/username-attempt-unauthed
2026-09-01 18:32:56	NETWORK	alty	attempt=1	proxy=http://wiw4v7duaymysz9-session-c658694b6f29-lifetime-10:***@rp.scrapegw.com:6060	ConnectionTimeoutError: Connection timeout to host https://discord.com/api/v9/unique-username/username-attempt-unauthed
2026-09-01 18:32:56	NETWORK	alkj	attempt=1	proxy=http://wiw4v7duaymysz9-session-aec468d1589d-lifetime-10:***@rp.scrapegw.com:6060	ConnectionTimeoutError: Connection timeout to host https://discord.com/api/v9/unique-username/username-attempt-unauthed
2026-09-01 18:32:56	NETWORK	alrg	attempt=1	proxy=http://wiw4v7duaymysz9-session-a29be8453ef3-lifetime-10:***@rp.scrapegw.com:6060	ConnectionTimeoutError: Connection timeout to host https://discord.com/api/v9/unique-username/username-attempt-unauthed
2026-09-01 18:32:56	NETWORK	aljb	attempt=1	proxy=http://wiw4v7duaymysz9-session-a3fd69922ec2-lifetime-10:***@rp.scrapegw.com:6060	ConnectionTimeoutError: Connection timeout to host https://discord.com/api/v9/unique-username/username-attempt-unauthed
2026-09-01 18:32:56	NETWORK	alrt	attempt=1	proxy=http://wiw4v7duaymysz9-session-811b185b7963-lifetime-10:***@rp.scrapegw.com:6060	ConnectionTimeoutError: Connection timeout to host https://discord.com/api/v9/unique-username/username-attempt-unauthed
2026-09-01 18:32:56	NETWORK	alqx	attempt=1	proxy=http://wiw4v7duaymysz9-session-ead3b11b5a93-lifetime-10:***@rp.scrapegw.com:6060	ConnectionTimeoutError: Connection timeout to host https://discord.com/api/v9/unique-username/username-attempt-unauthed
2026-09-01 18:32:56	NETWORK	alnv	attempt=1	proxy=http://wiw4v7duaymysz9-session-5caf4468f761-lifetime-10:***@rp.scrapegw.com:6060	ConnectionTimeoutError: Connection timeout to host https://discord.com/api/v9/unique-username/username-attempt-unauthed
2026-09-01 18:32:56	NETWORK	alpl	attempt=1	proxy=http://wiw4v7duaymysz9-session-ee14a39a34e0-lifetime-10:***@rp.scrapegw.com:6060	ConnectionTimeoutError: Connection timeout to host https://discord.com/api/v9/unique-username/username-attempt-unauthed
2026-09-01 18:32:56	NETWORK	akyk	attempt=1	proxy=http://wiw4v7duaymysz9-session-d751fd3d4893-lifetime-10:***@rp.scrapegw.com:6060	ConnectionTimeoutError: Connection timeout to host https://discord.com/api/v9/unique-username/username-attempt-unauthed
2026-09-01 18:32:56	NETWORK	akvb	attempt=1	proxy=http://wiw4v7duaymysz9-session-b5d6ff42daf4-lifetime-10:***@rp.scrapegw.com:6060	ConnectionTimeoutError: Connection timeout to host https://discord.com/api/v9/unique-username/username-attempt-unauthed
2026-09-01 18:32:57	NETWORK	alrk	attempt=1	proxy=http://wiw4v7duaymysz9-session-bfdfa0733ae9-lifetime-10:***@rp.scrapegw.com:6060	ConnectionTimeoutError: Connection timeout to host https://discord.com/api/v9/unique-username/username-attempt-unauthed
2026-09-01 18:32:57	NETWORK	alws	attempt=1	proxy=http://wiw4v7duaymysz9-session-11a470bbe57e-lifetime-10:***@rp.scrapegw.com:6060	ConnectionTimeoutError: Connection timeout to host https://discord.com/api/v9/unique-username/username-attempt-unauthed
2026-09-01 18:32:57	NETWORK	alqh	attempt=1	proxy=http://wiw4v7duaymysz9-session-486c654aff40-lifetime-10:***@rp.scrapegw.com:6060	ConnectionTimeoutError: Connection timeout to host https://discord.com/api/v9/unique-username/username-attempt-unauthed
2026-09-01 18:32:57	NETWORK	alwa	attempt=1	proxy=http://wiw4v7duaymysz9-session-da60f4585a7a-lifetime-10:***@rp.scrapegw.com:6060	ConnectionTimeoutError: Connection timeout to host https://discord.com/api/v9/unique-username/username-attempt-unauthed
2026-09-01 18:32:57	NETWORK	alvv	attempt=1	proxy=http://wiw4v7duaymysz9-session-393d6e928d4f-lifetime-10:***@rp.scrapegw.com:6060	ConnectionTimeoutError: Connection timeout to host https://discord.com/api/v9/unique-username/username-attempt-unauthed
2026-09-01 18:32:57	NETWORK	aluk	attempt=1	proxy=http://wiw4v7duaymysz9-session-7b4c1fa8d53f-lifetime-10:***@rp.scrapegw.com:6060	ConnectionTimeoutError: Connection timeout to host https://discord.com/api/v9/unique-username/username-attempt-unauthed
2026-09-01 18:32:57	NETWORK	alxa	attempt=1	proxy=http://wiw4v7duaymysz9-session-7c653c31c3be-lifetime-10:***@rp.scrapegw.com:6060	ConnectionTimeoutError: Connection timeout to host https://discord.com/api/v9/unique-username/username-attempt-unauthed
2026-09-01 18:32:58	NETWORK	ahrr	attempt=1	proxy=http://wiw4v7duaymysz9-session-09293609169d-lifetime-10:***@rp.scrapegw.com:6060	ServerDisconnectedError: Server disconnected
2026-09-01 18:32:58	NETWORK	alxc	attempt=1	proxy=http://wiw4v7duaymysz9-session-3e07fb2c1321-lifetime-10:***@rp.scrapegw.com:6060	ConnectionTimeoutError: Connection timeout to host https://discord.com/api/v9/unique-username/username-attempt-unauthed
2026-09-01 18:32:58	NETWORK	alye	attempt=1	proxy=http://wiw4v7duaymysz9-session-1f28cbb3069a-lifetime-10:***@rp.scrapegw.com:6060	ConnectionTimeoutError: Connection timeout to host https://discord.com/api/v9/unique-username/username-attempt-unauthed
2026-09-01 18:32:58	NETWORK	alxp	attempt=1	proxy=http://wiw4v7duaymysz9-session-d6844d72309e-lifetime-10:***@rp.scrapegw.com:6060	ConnectionTimeoutError: Connection timeout to host https://discord.com/api/v9/unique-username/username-attempt-unauthed
2026-09-01 18:32:58	NETWORK	alxg	attempt=1	proxy=http://wiw4v7duaymysz9-session-34fc454f1eb4-lifetime-10:***@rp.scrapegw.com:6060	ConnectionTimeoutError: Connection timeout to host https://discord.com/api/v9/unique-username/username-attempt-unauthed
2026-09-01 18:32:59	NETWORK	amiw	attempt=1	proxy=http://wiw4v7duaymysz9-session-4dfb19f2f8bc-lifetime-10:***@rp.scrapegw.com:6060	ConnectionTimeoutError: Connection timeout to host https://discord.com/api/v9/unique-username/username-attempt-unauthed
2026-09-01 18:33:00	NETWORK	ahxt	attempt=1	proxy=http://wiw4v7duaymysz9-session-19505f79bf4a-lifetime-10:***@rp.scrapegw.com:6060	ConnectionTimeoutError: Connection timeout to host https://discord.com/api/v9/unique-username/username-attempt-unauthed
2026-09-01 18:33:00	NETWORK	amkl	attempt=1	proxy=http://wiw4v7duaymysz9-session-1aab9c0d317f-lifetime-10:***@rp.scrapegw.com:6060	ConnectionTimeoutError: Connection timeout to host https://discord.com/api/v9/unique-username/username-attempt-unauthed
2026-09-01 18:33:00	NETWORK	amfi	attempt=1	proxy=http://wiw4v7duaymysz9-session-4caced0d179f-lifetime-10:***@rp.scrapegw.com:6060	ConnectionTimeoutError: Connection timeout to host https://discord.com/api/v9/unique-username/username-attempt-unauthed
2026-09-01 18:33:00	NETWORK	amff	attempt=1	proxy=http://wiw4v7duaymysz9-session-6a9938a26128-lifetime-10:***@rp.scrapegw.com:6060	ConnectionTimeoutError: Connection timeout to host https://discord.com/api/v9/unique-username/username-attempt-unauthed
2026-09-01 18:33:00	NETWORK	amko	attempt=1	proxy=http://wiw4v7duaymysz9-session-a3f9b5cff249-lifetime-10:***@rp.scrapegw.com:6060	ConnectionTimeoutError: Connection timeout to host https://discord.com/api/v9/unique-username/username-attempt-unauthed
2026-09-01 18:33:01	NETWORK	amrx	attempt=1	proxy=http://wiw4v7duaymysz9-session-0245260132f9-lifetime-10:***@rp.scrapegw.com:6060	ConnectionTimeoutError: Connection timeout to host https://discord.com/api/v9/unique-username/username-attempt-unauthed
2026-09-01 18:33:01	NETWORK	amoq	attempt=1	proxy=http://wiw4v7duaymysz9-session-793fee6d66bb-lifetime-10:***@rp.scrapegw.com:6060	ConnectionTimeoutError: Connection timeout to host https://discord.com/api/v9/unique-username/username-attempt-unauthed
2026-09-01 18:33:01	NETWORK	amsk	attempt=1	proxy=http://wiw4v7duaymysz9-session-d751fd3d4893-lifetime-10:***@rp.scrapegw.com:6060	ConnectionTimeoutError: Connection timeout to host https://discord.com/api/v9/unique-username/username-attempt-unauthed
2026-09-01 18:33:01	NETWORK	amri	attempt=1	proxy=http://wiw4v7duaymysz9-session-c0b5d2178ed0-lifetime-10:***@rp.scrapegw.com:6060	ConnectionTimeoutError: Connection timeout to host https://discord.com/api/v9/unique-username/username-attempt-unauthed
2026-09-01 18:33:01	NETWORK	amnd	attempt=1	proxy=http://wiw4v7duaymysz9-session-3f3273849741-lifetime-10:***@rp.scrapegw.com:6060	ConnectionTimeoutError: Connection timeout to host https://discord.com/api/v9/unique-username/username-attempt-unauthed
2026-09-01 18:33:01	NETWORK	amnx	attempt=1	proxy=http://wiw4v7duaymysz9-session-b5d6ff42daf4-lifetime-10:***@rp.scrapegw.com:6060	ConnectionTimeoutError: Connection timeout to host https://discord.com/api/v9/unique-username/username-attempt-unauthed
2026-09-01 18:33:02	NETWORK	amtl	attempt=1	proxy=http://wiw4v7duaymysz9-session-d6e851188610-lifetime-10:***@rp.scrapegw.com:6060	ConnectionTimeoutError: Connection timeout to host https://discord.com/api/v9/unique-username/username-attempt-unauthed
2026-09-01 18:33:02	NETWORK	amud	attempt=1	proxy=http://wiw4v7duaymysz9-session-26b16d49830b-lifetime-10:***@rp.scrapegw.com:6060	ConnectionTimeoutError: Connection timeout to host https://discord.com/api/v9/unique-username/username-attempt-unauthed
2026-09-01 18:33:03	NETWORK	aotu	attempt=1	proxy=http://wiw4v7duaymysz9-session-2b875396c339-lifetime-10:***@rp.scrapegw.com:6060	ClientConnectorError: Cannot connect to host discord.com:443 ssl:default [Connection reset by peer]
2026-09-01 18:33:03	NETWORK	amyf	attempt=1	proxy=http://wiw4v7duaymysz9-session-8668b29185f6-lifetime-10:***@rp.scrapegw.com:6060	ConnectionTimeoutError: Connection timeout to host https://discord.com/api/v9/unique-username/username-attempt-unauthed
2026-09-01 18:33:03	NETWORK	anlq	attempt=1	proxy=http://wiw4v7duaymysz9-session-11a470bbe57e-lifetime-10:***@rp.scrapegw.com:6060	ConnectionTimeoutError: Connection timeout to host https://discord.com/api/v9/unique-username/username-attempt-unauthed
2026-09-01 18:33:03	NETWORK	ancm	attempt=1	proxy=http://wiw4v7duaymysz9-session-8c78453c950c-lifetime-10:***@rp.scrapegw.com:6060	ConnectionTimeoutError: Connection timeout to host https://discord.com/api/v9/unique-username/username-attempt-unauthed
2026-09-01 18:33:03	NETWORK	amwa	attempt=1	proxy=http://wiw4v7duaymysz9-session-99571d6ae2de-lifetime-10:***@rp.scrapegw.com:6060	ConnectionTimeoutError: Connection timeout to host https://discord.com/api/v9/unique-username/username-attempt-unauthed
2026-09-01 18:33:03	NETWORK	anht	attempt=1	proxy=http://wiw4v7duaymysz9-session-7b4c1fa8d53f-lifetime-10:***@rp.scrapegw.com:6060	ConnectionTimeoutError: Connection timeout to host https://discord.com/api/v9/unique-username/username-attempt-unauthed
2026-09-01 18:33:03	NETWORK	anly	attempt=1	proxy=http://wiw4v7duaymysz9-session-7c653c31c3be-lifetime-10:***@rp.scrapegw.com:6060	ConnectionTimeoutError: Connection timeout to host https://discord.com/api/v9/unique-username/username-attempt-unauthed
2026-09-01 18:33:03	NETWORK	anpk	attempt=1	proxy=http://wiw4v7duaymysz9-session-34fc454f1eb4-lifetime-10:***@rp.scrapegw.com:6060	ConnectionTimeoutError: Connection timeout to host https://discord.com/api/v9/unique-username/username-attempt-unauthed
2026-09-01 18:33:03	NETWORK	amxx	attempt=1	proxy=http://wiw4v7duaymysz9-session-7ea5b167b99b-lifetime-10:***@rp.scrapegw.com:6060	ConnectionTimeoutError: Connection timeout to host https://discord.com/api/v9/unique-username/username-attempt-unauthed
2026-09-01 18:33:03	NETWORK	anaj	attempt=1	proxy=http://wiw4v7duaymysz9-session-feff2b3362c9-lifetime-10:***@rp.scrapegw.com:6060	ConnectionTimeoutError: Connection timeout to host https://discord.com/api/v9/unique-username/username-attempt-unauthed
2026-09-01 18:33:03	NETWORK	amvk	attempt=1	proxy=http://wiw4v7duaymysz9-session-a3fd69922ec2-lifetime-10:***@rp.scrapegw.com:6060	ConnectionTimeoutError: Connection timeout to host https://discord.com/api/v9/unique-username/username-attempt-unauthed
2026-09-01 18:33:03	NETWORK	anlc	attempt=1	proxy=http://wiw4v7duaymysz9-session-e132c24a4f14-lifetime-10:***@rp.scrapegw.com:6060	ConnectionTimeoutError: Connection timeout to host https://discord.com/api/v9/unique-username/username-attempt-unauthed
2026-09-01 18:33:03	NETWORK	amxz	attempt=1	proxy=http://wiw4v7duaymysz9-session-928b25d65279-lifetime-10:***@rp.scrapegw.com:6060	ConnectionTimeoutError: Connection timeout to host https://discord.com/api/v9/unique-username/username-attempt-unauthed
2026-09-01 18:33:03	NETWORK	amzi	attempt=1	proxy=http://wiw4v7duaymysz9-session-1d00df88e7a1-lifetime-10:***@rp.scrapegw.com:6060	ConnectionTimeoutError: Connection timeout to host https://discord.com/api/v9/unique-username/username-attempt-unauthed
2026-09-01 18:33:03	NETWORK	anfi	attempt=1	proxy=http://wiw4v7duaymysz9-session-e466c040b3d4-lifetime-10:***@rp.scrapegw.com:6060	ConnectionTimeoutError: Connection timeout to host https://discord.com/api/v9/unique-username/username-attempt-unauthed
2026-09-01 18:33:04	NETWORK	aoba	attempt=1	proxy=http://wiw4v7duaymysz9-session-5ba8fe140b71-lifetime-10:***@rp.scrapegw.com:6060	ConnectionTimeoutError: Connection timeout to host https://discord.com/api/v9/unique-username/username-attempt-unauthed
2026-09-01 18:33:04	NETWORK	anyo	attempt=1	proxy=http://wiw4v7duaymysz9-session-3f3273849741-lifetime-10:***@rp.scrapegw.com:6060	ConnectionTimeoutError: Connection timeout to host https://discord.com/api/v9/unique-username/username-attempt-unauthed
2026-09-01 18:33:04	NETWORK	amyb	attempt=1	proxy=http://wiw4v7duaymysz9-session-0fd3a06389f5-lifetime-10:***@rp.scrapegw.com:6060	ConnectionTimeoutError: Connection timeout to host https://discord.com/api/v9/unique-username/username-attempt-unauthed
2026-09-01 18:33:04	NETWORK	anyf	attempt=1	proxy=http://wiw4v7duaymysz9-session-a3f9b5cff249-lifetime-10:***@rp.scrapegw.com:6060	ConnectionTimeoutError: Connection timeout to host https://discord.com/api/v9/unique-username/username-attempt-unauthed
2026-09-01 18:33:04	NETWORK	anux	attempt=1	proxy=http://wiw4v7duaymysz9-session-4dfb19f2f8bc-lifetime-10:***@rp.scrapegw.com:6060	ConnectionTimeoutError: Connection timeout to host https://discord.com/api/v9/unique-username/username-attempt-unauthed
2026-09-01 18:33:04	NETWORK	aoap	attempt=1	proxy=http://wiw4v7duaymysz9-session-793fee6d66bb-lifetime-10:***@rp.scrapegw.com:6060	ConnectionTimeoutError: Connection timeout to host https://discord.com/api/v9/unique-username/username-attempt-unauthed
2026-09-01 18:33:04	NETWORK	anex	attempt=1	proxy=http://wiw4v7duaymysz9-session-432141b3a7c5-lifetime-10:***@rp.scrapegw.com:6060	ConnectionTimeoutError: Connection timeout to host https://discord.com/api/v9/unique-username/username-attempt-unauthed
2026-09-01 18:33:04	NETWORK	aodf	attempt=1	proxy=http://wiw4v7duaymysz9-session-0245260132f9-lifetime-10:***@rp.scrapegw.com:6060	ConnectionTimeoutError: Connection timeout to host https://discord.com/api/v9/unique-username/username-attempt-unauthed
2026-09-01 18:33:04	NETWORK	anue	attempt=1	proxy=http://wiw4v7duaymysz9-session-4caced0d179f-lifetime-10:***@rp.scrapegw.com:6060	ConnectionTimeoutError: Connection timeout to host https://discord.com/api/v9/unique-username/username-attempt-unauthed
2026-09-01 18:33:04	NETWORK	aokm	attempt=1	proxy=http://wiw4v7duaymysz9-session-d6e851188610-lifetime-10:***@rp.scrapegw.com:6060	ConnectionTimeoutError: Connection timeout to host https://discord.com/api/v9/unique-username/username-attempt-unauthed
2026-09-01 18:33:04	NETWORK	anww	attempt=1	proxy=http://wiw4v7duaymysz9-session-1aab9c0d317f-lifetime-10:***@rp.scrapegw.com:6060	ConnectionTimeoutError: Connection timeout to host https://discord.com/api/v9/unique-username/username-attempt-unauthed
2026-09-01 18:33:04	NETWORK	aoet	attempt=1	proxy=http://wiw4v7duaymysz9-session-d751fd3d4893-lifetime-10:***@rp.scrapegw.com:6060	ConnectionTimeoutError: Connection timeout to host https://discord.com/api/v9/unique-username/username-attempt-unauthed
2026-09-01 18:33:04	NETWORK	aolm	attempt=1	proxy=http://wiw4v7duaymysz9-session-1939c7a73140-lifetime-10:***@rp.scrapegw.com:6060	ConnectionTimeoutError: Connection timeout to host https://discord.com/api/v9/unique-username/username-attempt-unauthed
2026-09-01 18:33:04	NETWORK	anzo	attempt=1	proxy=http://wiw4v7duaymysz9-session-b5d6ff42daf4-lifetime-10:***@rp.scrapegw.com:6060	ConnectionTimeoutError: Connection timeout to host https://discord.com/api/v9/unique-username/username-attempt-unauthed
2026-09-01 18:33:04	NETWORK	anua	attempt=1	proxy=http://wiw4v7duaymysz9-session-6a9938a26128-lifetime-10:***@rp.scrapegw.com:6060	ConnectionTimeoutError: Connection timeout to host https://discord.com/api/v9/unique-username/username-attempt-unauthed
2026-09-01 18:33:05	NETWORK	apea	attempt=1	proxy=http://wiw4v7duaymysz9-session-1d00df88e7a1-lifetime-10:***@rp.scrapegw.com:6060	ConnectionTimeoutError: Connection timeout to host https://discord.com/api/v9/unique-username/username-attempt-unauthed
2026-09-01 18:33:05	NETWORK	apfp	attempt=1	proxy=http://wiw4v7duaymysz9-session-feff2b3362c9-lifetime-10:***@rp.scrapegw.com:6060	ConnectionTimeoutError: Connection timeout to host https://discord.com/api/v9/unique-username/username-attempt-unauthed
2026-09-01 18:33:05	NETWORK	apir	attempt=1	proxy=http://wiw4v7duaymysz9-session-8c78453c950c-lifetime-10:***@rp.scrapegw.com:6060	ConnectionTimeoutError: Connection timeout to host https://discord.com/api/v9/unique-username/username-attempt-unauthed
2026-09-01 18:33:05	NETWORK	aovc	attempt=1	proxy=http://wiw4v7duaymysz9-session-825258a0a4be-lifetime-10:***@rp.scrapegw.com:6060	ConnectionTimeoutError: Connection timeout to host https://discord.com/api/v9/unique-username/username-attempt-unauthed
2026-09-01 18:33:05	NETWORK	aotp	attempt=1	proxy=http://wiw4v7duaymysz9-session-ee8e028bfaff-lifetime-10:***@rp.scrapegw.com:6060	ConnectionTimeoutError: Connection timeout to host https://discord.com/api/v9/unique-username/username-attempt-unauthed
2026-09-01 18:33:05	NETWORK	aobm	attempt=1	proxy=http://wiw4v7duaymysz9-session-4e3f0a856da3-lifetime-10:***@rp.scrapegw.com:6060	ConnectionTimeoutError: Connection timeout to host https://discord.com/api/v9/unique-username/username-attempt-unauthed
2026-09-01 18:33:05	NETWORK	aozg	attempt=1	proxy=http://wiw4v7duaymysz9-session-928b25d65279-lifetime-10:***@rp.scrapegw.com:6060	ConnectionTimeoutError: Connection timeout to host https://discord.com/api/v9/unique-username/username-attempt-unauthed
2026-09-01 18:33:05	NETWORK	aoqr	attempt=1	proxy=http://wiw4v7duaymysz9-session-26b16d49830b-lifetime-10:***@rp.scrapegw.com:6060	ConnectionTimeoutError: Connection timeout to host https://discord.com/api/v9/unique-username/username-attempt-unauthed
2026-09-01 18:33:05	NETWORK	aots	attempt=1	proxy=http://wiw4v7duaymysz9-session-6d5ec1bfb7b9-lifetime-10:***@rp.scrapegw.com:6060	ConnectionTimeoutError: Connection timeout to host https://discord.com/api/v9/unique-username/username-attempt-unauthed
2026-09-01 18:33:05	NETWORK	antc	attempt=1	proxy=http://wiw4v7duaymysz9-session-7c7a33c72a32-lifetime-10:***@rp.scrapegw.com:6060	ConnectionTimeoutError: Connection timeout to host https://discord.com/api/v9/unique-username/username-attempt-unauthed
2026-09-01 18:33:05	NETWORK	aozb	attempt=1	proxy=http://wiw4v7duaymysz9-session-7ea5b167b99b-lifetime-10:***@rp.scrapegw.com:6060	ConnectionTimeoutError: Connection timeout to host https://discord.com/api/v9/unique-username/username-attempt-unauthed
2026-09-01 18:33:05	NETWORK	aoyw	attempt=1	proxy=http://wiw4v7duaymysz9-session-99571d6ae2de-lifetime-10:***@rp.scrapegw.com:6060	ConnectionTimeoutError: Connection timeout to host https://discord.com/api/v9/unique-username/username-attempt-unauthed
2026-09-01 18:33:05	NETWORK	apaz	attempt=1	proxy=http://wiw4v7duaymysz9-session-0fd3a06389f5-lifetime-10:***@rp.scrapegw.com:6060	ConnectionTimeoutError: Connection timeout to host https://discord.com/api/v9/unique-username/username-attempt-unauthed
2026-09-01 18:33:05	NETWORK	aowu	attempt=1	proxy=http://wiw4v7duaymysz9-session-06b5e0d0d0cf-lifetime-10:***@rp.scrapegw.com:6060	ServerDisconnectedError: Server disconnected
2026-09-01 18:33:06	NETWORK	apjy	attempt=1	proxy=http://wiw4v7duaymysz9-session-432141b3a7c5-lifetime-10:***@rp.scrapegw.com:6060	ConnectionTimeoutError: Connection timeout to host https://discord.com/api/v9/unique-username/username-attempt-unauthed
2026-09-01 18:33:06	NETWORK	apku	attempt=1	proxy=http://wiw4v7duaymysz9-session-e132c24a4f14-lifetime-10:***@rp.scrapegw.com:6060	ConnectionTimeoutError: Connection timeout to host https://discord.com/api/v9/unique-username/username-attempt-unauthed
2026-09-01 18:33:06	NETWORK	apqp	attempt=1	proxy=http://wiw4v7duaymysz9-session-d6844d72309e-lifetime-10:***@rp.scrapegw.com:6060	ConnectionTimeoutError: Connection timeout to host https://discord.com/api/v9/unique-username/username-attempt-unauthed
2026-09-01 18:33:06	NETWORK	appg	attempt=1	proxy=http://wiw4v7duaymysz9-session-34fc454f1eb4-lifetime-10:***@rp.scrapegw.com:6060	ConnectionTimeoutError: Connection timeout to host https://discord.com/api/v9/unique-username/username-attempt-unauthed
2026-09-01 18:33:06	NETWORK	aocn	attempt=1	proxy=http://wiw4v7duaymysz9-session-c0b5d2178ed0-lifetime-10:***@rp.scrapegw.com:6060	ConnectionTimeoutError: Connection timeout to host https://discord.com/api/v9/unique-username/username-attempt-unauthed
2026-09-01 18:33:07	NETWORK	amvu	attempt=1	proxy=http://wiw4v7duaymysz9-session-06b5e0d0d0cf-lifetime-10:***@rp.scrapegw.com:6060	ServerDisconnectedError: Server disconnected
2026-09-01 18:33:07	NETWORK	amtc	attempt=1	proxy=http://wiw4v7duaymysz9-session-09293609169d-lifetime-10:***@rp.scrapegw.com:6060	ServerDisconnectedError: Server disconnected
2026-09-01 18:33:07	NETWORK	aqbe	attempt=1	proxy=http://wiw4v7duaymysz9-session-793fee6d66bb-lifetime-10:***@rp.scrapegw.com:6060	ConnectionTimeoutError: Connection timeout to host https://discord.com/api/v9/unique-username/username-attempt-unauthed
2026-09-01 18:33:07	NETWORK	apuf	attempt=1	proxy=http://wiw4v7duaymysz9-session-4b1e610d254b-lifetime-10:***@rp.scrapegw.com:6060	ConnectionTimeoutError: Connection timeout to host https://discord.com/api/v9/unique-username/username-attempt-unauthed
2026-09-01 18:33:07	NETWORK	apyv	attempt=1	proxy=http://wiw4v7duaymysz9-session-1aab9c0d317f-lifetime-10:***@rp.scrapegw.com:6060	ConnectionTimeoutError: Connection timeout to host https://discord.com/api/v9/unique-username/username-attempt-unauthed
2026-09-01 18:33:07	NETWORK	apup	attempt=1	proxy=http://wiw4v7duaymysz9-session-6a9938a26128-lifetime-10:***@rp.scrapegw.com:6060	ConnectionTimeoutError: Connection timeout to host https://discord.com/api/v9/unique-username/username-attempt-unauthed
2026-09-01 18:33:07	NETWORK	apvf	attempt=1	proxy=http://wiw4v7duaymysz9-session-4caced0d179f-lifetime-10:***@rp.scrapegw.com:6060	ConnectionTimeoutError: Connection timeout to host https://discord.com/api/v9/unique-username/username-attempt-unauthed
2026-09-01 18:33:07	NETWORK	aqap	attempt=1	proxy=http://wiw4v7duaymysz9-session-3f3273849741-lifetime-10:***@rp.scrapegw.com:6060	ConnectionTimeoutError: Connection timeout to host https://discord.com/api/v9/unique-username/username-attempt-unauthed
2026-09-01 18:33:07	NETWORK	apvl	attempt=1	proxy=http://wiw4v7duaymysz9-session-4dfb19f2f8bc-lifetime-10:***@rp.scrapegw.com:6060	ConnectionTimeoutError: Connection timeout to host https://discord.com/api/v9/unique-username/username-attempt-unauthed
2026-09-01 18:33:07	NETWORK	apzv	attempt=1	proxy=http://wiw4v7duaymysz9-session-a3f9b5cff249-lifetime-10:***@rp.scrapegw.com:6060	ConnectionTimeoutError: Connection timeout to host https://discord.com/api/v9/unique-username/username-attempt-unauthed
2026-09-01 18:33:08	NETWORK	aqbi	attempt=1	proxy=http://wiw4v7duaymysz9-session-5ba8fe140b71-lifetime-10:***@rp.scrapegw.com:6060	ConnectionTimeoutError: Connection timeout to host https://discord.com/api/v9/unique-username/username-attempt-unauthed
2026-09-01 18:33:08	NETWORK	aptr	attempt=1	proxy=http://wiw4v7duaymysz9-session-7c7a33c72a32-lifetime-10:***@rp.scrapegw.com:6060	ConnectionTimeoutError: Connection timeout to host https://discord.com/api/v9/unique-username/username-attempt-unauthed
2026-09-01 18:33:09	NETWORK	aqce	attempt=1	proxy=http://wiw4v7duaymysz9-session-c0b5d2178ed0-lifetime-10:***@rp.scrapegw.com:6060	ConnectionTimeoutError: Connection timeout to host https://discord.com/api/v9/unique-username/username-attempt-unauthed
2026-09-01 18:33:09	NETWORK	aqec	attempt=1	proxy=http://wiw4v7duaymysz9-session-d751fd3d4893-lifetime-10:***@rp.scrapegw.com:6060	ConnectionTimeoutError: Connection timeout to host https://discord.com/api/v9/unique-username/username-attempt-unauthed
2026-09-01 18:33:10	NETWORK	aojp	attempt=1	proxy=http://wiw4v7duaymysz9-session-09293609169d-lifetime-10:***@rp.scrapegw.com:6060	ServerDisconnectedError: Server disconnected
2026-09-01 18:33:10	NETWORK	aqex	attempt=1	proxy=http://wiw4v7duaymysz9-session-d6e851188610-lifetime-10:***@rp.scrapegw.com:6060	ConnectionTimeoutError: Connection timeout to host https://discord.com/api/v9/unique-username/username-attempt-unauthed
2026-09-01 18:33:10	NETWORK	aqit	attempt=1	proxy=http://wiw4v7duaymysz9-session-1c95670fca9f-lifetime-10:***@rp.scrapegw.com:6060	ConnectionTimeoutError: Connection timeout to host https://discord.com/api/v9/unique-username/username-attempt-unauthed
2026-09-01 18:33:10	NETWORK	aqfr	attempt=1	proxy=http://wiw4v7duaymysz9-session-1939c7a73140-lifetime-10:***@rp.scrapegw.com:6060	ConnectionTimeoutError: Connection timeout to host https://discord.com/api/v9/unique-username/username-attempt-unauthed
2026-09-01 18:33:10	NETWORK	aqef	attempt=1	proxy=http://wiw4v7duaymysz9-session-190f776171b8-lifetime-10:***@rp.scrapegw.com:6060	ConnectionTimeoutError: Connection timeout to host https://discord.com/api/v9/unique-username/username-attempt-unauthed
2026-09-01 18:33:10	NETWORK	aqrb	attempt=1	proxy=http://wiw4v7duaymysz9-session-825258a0a4be-lifetime-10:***@rp.scrapegw.com:6060	ConnectionTimeoutError: Connection timeout to host https://discord.com/api/v9/unique-username/username-attempt-unauthed
2026-09-01 18:33:10	NETWORK	aqpr	attempt=1	proxy=http://wiw4v7duaymysz9-session-6d5ec1bfb7b9-lifetime-10:***@rp.scrapegw.com:6060	ConnectionTimeoutError: Connection timeout to host https://discord.com/api/v9/unique-username/username-attempt-unauthed
2026-09-01 18:33:10	NETWORK	aqmt	attempt=1	proxy=http://wiw4v7duaymysz9-session-ee8e028bfaff-lifetime-10:***@rp.scrapegw.com:6060	ConnectionTimeoutError: Connection timeout to host https://discord.com/api/v9/unique-username/username-attempt-unauthed
2026-09-01 18:33:10	NETWORK	aqsb	attempt=1	proxy=http://wiw4v7duaymysz9-session-9d8f30f3b1fe-lifetime-10:***@rp.scrapegw.com:6060	ConnectionTimeoutError: Connection timeout to host https://discord.com/api/v9/unique-username/username-attempt-unauthed
2026-09-01 18:33:10	NETWORK	aqkb	attempt=1	proxy=http://wiw4v7duaymysz9-session-26b16d49830b-lifetime-10:***@rp.scrapegw.com:6060	ConnectionTimeoutError: Connection timeout to host https://discord.com/api/v9/unique-username/username-attempt-unauthed
2026-09-01 18:33:10	NETWORK	aqqa	attempt=1	proxy=http://wiw4v7duaymysz9-session-2b875396c339-lifetime-10:***@rp.scrapegw.com:6060	ConnectionTimeoutError: Connection timeout to host https://discord.com/api/v9/unique-username/username-attempt-unauthed
2026-09-01 18:33:10	NETWORK	aqdn	attempt=1	proxy=http://wiw4v7duaymysz9-session-0245260132f9-lifetime-10:***@rp.scrapegw.com:6060	ConnectionTimeoutError: Connection timeout to host https://discord.com/api/v9/unique-username/username-attempt-unauthed
2026-09-01 18:33:11	NETWORK	aque	attempt=1	proxy=http://wiw4v7duaymysz9-session-a3fd69922ec2-lifetime-10:***@rp.scrapegw.com:6060	ConnectionTimeoutError: Connection timeout to host https://discord.com/api/v9/unique-username/username-attempt-unauthed
2026-09-01 18:33:11	NETWORK	aqwh	attempt=1	proxy=http://wiw4v7duaymysz9-session-99571d6ae2de-lifetime-10:***@rp.scrapegw.com:6060	ConnectionTimeoutError: Connection timeout to host https://discord.com/api/v9/unique-username/username-attempt-unauthed
2026-09-01 18:33:12	NETWORK	aqxu	attempt=1	proxy=http://wiw4v7duaymysz9-session-ac6623c5c344-lifetime-10:***@rp.scrapegw.com:6060	ConnectionTimeoutError: Connection timeout to host https://discord.com/api/v9/unique-username/username-attempt-unauthed
2026-09-01 18:33:12	NETWORK	ardh	attempt=1	proxy=http://wiw4v7duaymysz9-session-486c654aff40-lifetime-10:***@rp.scrapegw.com:6060	ConnectionTimeoutError: Connection timeout to host https://discord.com/api/v9/unique-username/username-attempt-unauthed
2026-09-01 18:33:12	NETWORK	arjk	attempt=1	proxy=http://wiw4v7duaymysz9-session-c658694b6f29-lifetime-10:***@rp.scrapegw.com:6060	ConnectionTimeoutError: Connection timeout to host https://discord.com/api/v9/unique-username/username-attempt-unauthed
2026-09-01 18:33:12	NETWORK	arhl	attempt=1	proxy=http://wiw4v7duaymysz9-session-811b185b7963-lifetime-10:***@rp.scrapegw.com:6060	ConnectionTimeoutError: Connection timeout to host https://discord.com/api/v9/unique-username/username-attempt-unauthed
2026-09-01 18:33:12	NETWORK	arfv	attempt=1	proxy=http://wiw4v7duaymysz9-session-a29be8453ef3-lifetime-10:***@rp.scrapegw.com:6060	ConnectionTimeoutError: Connection timeout to host https://discord.com/api/v9/unique-username/username-attempt-unauthed
2026-09-01 18:33:12	NETWORK	ardj	attempt=1	proxy=http://wiw4v7duaymysz9-session-432141b3a7c5-lifetime-10:***@rp.scrapegw.com:6060	ConnectionTimeoutError: Connection timeout to host https://discord.com/api/v9/unique-username/username-attempt-unauthed
2026-09-01 18:33:12	NETWORK	argt	attempt=1	proxy=http://wiw4v7duaymysz9-session-bfdfa0733ae9-lifetime-10:***@rp.scrapegw.com:6060	ConnectionTimeoutError: Connection timeout to host https://discord.com/api/v9/unique-username/username-attempt-unauthed
2026-09-01 18:33:12	NETWORK	aqwy	attempt=1	proxy=http://wiw4v7duaymysz9-session-0fd3a06389f5-lifetime-10:***@rp.scrapegw.com:6060	ConnectionTimeoutError: Connection timeout to host https://discord.com/api/v9/unique-username/username-attempt-unauthed
2026-09-01 18:33:12	NETWORK	aqzc	attempt=1	proxy=http://wiw4v7duaymysz9-session-aec468d1589d-lifetime-10:***@rp.scrapegw.com:6060	ConnectionTimeoutError: Connection timeout to host https://discord.com/api/v9/unique-username/username-attempt-unauthed
2026-09-01 18:33:12	NETWORK	aqwp	attempt=1	proxy=http://wiw4v7duaymysz9-session-7ea5b167b99b-lifetime-10:***@rp.scrapegw.com:6060	ConnectionTimeoutError: Connection timeout to host https://discord.com/api/v9/unique-username/username-attempt-unauthed
2026-09-01 18:33:12	NETWORK	arfa	attempt=1	proxy=http://wiw4v7duaymysz9-session-ead3b11b5a93-lifetime-10:***@rp.scrapegw.com:6060	ConnectionTimeoutError: Connection timeout to host https://discord.com/api/v9/unique-username/username-attempt-unauthed
2026-09-01 18:33:12	NETWORK	aqzv	attempt=1	proxy=http://wiw4v7duaymysz9-session-37908978ee4d-lifetime-10:***@rp.scrapegw.com:6060	ConnectionTimeoutError: Connection timeout to host https://discord.com/api/v9/unique-username/username-attempt-unauthed
2026-09-01 18:33:12	NETWORK	arau	attempt=1	proxy=http://wiw4v7duaymysz9-session-5caf4468f761-lifetime-10:***@rp.scrapegw.com:6060	ConnectionTimeoutError: Connection timeout to host https://discord.com/api/v9/unique-username/username-attempt-unauthed
2026-09-01 18:33:12	NETWORK	arbc	attempt=1	proxy=http://wiw4v7duaymysz9-session-ee14a39a34e0-lifetime-10:***@rp.scrapegw.com:6060	ConnectionTimeoutError: Connection timeout to host https://discord.com/api/v9/unique-username/username-attempt-unauthed
2026-09-01 18:33:13	NETWORK	arkx	attempt=1	proxy=http://wiw4v7duaymysz9-session-393d6e928d4f-lifetime-10:***@rp.scrapegw.com:6060	ConnectionTimeoutError: Connection timeout to host https://discord.com/api/v9/unique-username/username-attempt-unauthed
2026-09-01 18:33:13	NETWORK	asqf	attempt=1	proxy=http://wiw4v7duaymysz9-session-1c95670fca9f-lifetime-10:***@rp.scrapegw.com:6060	ConnectionTimeoutError: Connection timeout to host https://discord.com/api/v9/unique-username/username-attempt-unauthed
2026-09-01 18:33:13	NETWORK	asgw	attempt=1	proxy=http://wiw4v7duaymysz9-session-c0b5d2178ed0-lifetime-10:***@rp.scrapegw.com:6060	ConnectionTimeoutError: Connection timeout to host https://discord.com/api/v9/unique-username/username-attempt-unauthed
2026-09-01 18:33:13	NETWORK	astk	attempt=1	proxy=http://wiw4v7duaymysz9-session-ee8e028bfaff-lifetime-10:***@rp.scrapegw.com:6060	ConnectionTimeoutError: Connection timeout to host https://discord.com/api/v9/unique-username/username-attempt-unauthed
2026-09-01 18:33:13	NETWORK	asjg	attempt=1	proxy=http://wiw4v7duaymysz9-session-190f776171b8-lifetime-10:***@rp.scrapegw.com:6060	ConnectionTimeoutError: Connection timeout to host https://discord.com/api/v9/unique-username/username-attempt-unauthed
2026-09-01 18:33:13	NETWORK	aswp	attempt=1	proxy=http://wiw4v7duaymysz9-session-825258a0a4be-lifetime-10:***@rp.scrapegw.com:6060	ConnectionTimeoutError: Connection timeout to host https://discord.com/api/v9/unique-username/username-attempt-unauthed
2026-09-01 18:33:13	NETWORK	arxb	attempt=1	proxy=http://wiw4v7duaymysz9-session-7c7a33c72a32-lifetime-10:***@rp.scrapegw.com:6060	ConnectionTimeoutError: Connection timeout to host https://discord.com/api/v9/unique-username/username-attempt-unauthed
2026-09-01 18:33:13	NETWORK	arlb	attempt=1	proxy=http://wiw4v7duaymysz9-session-da60f4585a7a-lifetime-10:***@rp.scrapegw.com:6060	ConnectionTimeoutError: Connection timeout to host https://discord.com/api/v9/unique-username/username-attempt-unauthed
2026-09-01 18:33:13	NETWORK	arrr	attempt=1	proxy=http://wiw4v7duaymysz9-session-1f28cbb3069a-lifetime-10:***@rp.scrapegw.com:6060	ConnectionTimeoutError: Connection timeout to host https://discord.com/api/v9/unique-username/username-attempt-unauthed
2026-09-01 18:33:14	NETWORK	aszf	attempt=1	proxy=http://wiw4v7duaymysz9-session-aec468d1589d-lifetime-10:***@rp.scrapegw.com:6060	ConnectionTimeoutError: Connection timeout to host https://discord.com/api/v9/unique-username/username-attempt-unauthed
2026-09-01 18:33:14	NETWORK	atjc	attempt=1	proxy=http://wiw4v7duaymysz9-session-c658694b6f29-lifetime-10:***@rp.scrapegw.com:6060	ConnectionTimeoutError: Connection timeout to host https://discord.com/api/v9/unique-username/username-attempt-unauthed
2026-09-01 18:33:14	NETWORK	asuv	attempt=1	proxy=http://wiw4v7duaymysz9-session-6d5ec1bfb7b9-lifetime-10:***@rp.scrapegw.com:6060	ConnectionTimeoutError: Connection timeout to host https://discord.com/api/v9/unique-username/username-attempt-unauthed
2026-09-01 18:33:14	NETWORK	atkd	attempt=1	proxy=http://wiw4v7duaymysz9-session-da60f4585a7a-lifetime-10:***@rp.scrapegw.com:6060	ConnectionTimeoutError: Connection timeout to host https://discord.com/api/v9/unique-username/username-attempt-unauthed
2026-09-01 18:33:14	NETWORK	atcg	attempt=1	proxy=http://wiw4v7duaymysz9-session-37908978ee4d-lifetime-10:***@rp.scrapegw.com:6060	ConnectionTimeoutError: Connection timeout to host https://discord.com/api/v9/unique-username/username-attempt-unauthed
2026-09-01 18:33:14	NETWORK	atcw	attempt=1	proxy=http://wiw4v7duaymysz9-session-ee14a39a34e0-lifetime-10:***@rp.scrapegw.com:6060	ConnectionTimeoutError: Connection timeout to host https://discord.com/api/v9/unique-username/username-attempt-unauthed
2026-09-01 18:33:14	NETWORK	atcl	attempt=1	proxy=http://wiw4v7duaymysz9-session-5caf4468f761-lifetime-10:***@rp.scrapegw.com:6060	ConnectionTimeoutError: Connection timeout to host https://discord.com/api/v9/unique-username/username-attempt-unauthed
2026-09-01 18:33:14	NETWORK	atfo	attempt=1	proxy=http://wiw4v7duaymysz9-session-bfdfa0733ae9-lifetime-10:***@rp.scrapegw.com:6060	ConnectionTimeoutError: Connection timeout to host https://discord.com/api/v9/unique-username/username-attempt-unauthed
2026-09-01 18:33:14	NETWORK	atoc	attempt=1	proxy=http://wiw4v7duaymysz9-session-d6844d72309e-lifetime-10:***@rp.scrapegw.com:6060	ConnectionTimeoutError: Connection timeout to host https://discord.com/api/v9/unique-username/username-attempt-unauthed
2026-09-01 18:33:14	NETWORK	atgd	attempt=1	proxy=http://wiw4v7duaymysz9-session-811b185b7963-lifetime-10:***@rp.scrapegw.com:6060	ConnectionTimeoutError: Connection timeout to host https://discord.com/api/v9/unique-username/username-attempt-unauthed
2026-09-01 18:33:14	NETWORK	atdu	attempt=1	proxy=http://wiw4v7duaymysz9-session-ead3b11b5a93-lifetime-10:***@rp.scrapegw.com:6060	ConnectionTimeoutError: Connection timeout to host https://discord.com/api/v9/unique-username/username-attempt-unauthed
2026-09-01 18:33:14	NETWORK	atcz	attempt=1	proxy=http://wiw4v7duaymysz9-session-486c654aff40-lifetime-10:***@rp.scrapegw.com:6060	ConnectionTimeoutError: Connection timeout to host https://discord.com/api/v9/unique-username/username-attempt-unauthed
2026-09-01 18:33:14	NETWORK	atjr	attempt=1	proxy=http://wiw4v7duaymysz9-session-393d6e928d4f-lifetime-10:***@rp.scrapegw.com:6060	ConnectionTimeoutError: Connection timeout to host https://discord.com/api/v9/unique-username/username-attempt-unauthed
2026-09-01 18:33:14	NETWORK	atos	attempt=1	proxy=http://wiw4v7duaymysz9-session-1f28cbb3069a-lifetime-10:***@rp.scrapegw.com:6060	ConnectionTimeoutError: Connection timeout to host https://discord.com/api/v9/unique-username/username-attempt-unauthed
2026-09-01 18:33:14	NETWORK	aswq	attempt=1	proxy=http://wiw4v7duaymysz9-session-9d8f30f3b1fe-lifetime-10:***@rp.scrapegw.com:6060	ConnectionTimeoutError: Connection timeout to host https://discord.com/api/v9/unique-username/username-attempt-unauthed
2026-09-01 18:33:14	NETWORK	atej	attempt=1	proxy=http://wiw4v7duaymysz9-session-a29be8453ef3-lifetime-10:***@rp.scrapegw.com:6060	ConnectionTimeoutError: Connection timeout to host https://discord.com/api/v9/unique-username/username-attempt-unauthed
2026-09-01 18:33:15	HTTP_429	ayrn	attempt=1	proxy=http://wiw4v7duaymysz9-session-8ecbd6ba85f6-lifetime-10:***@rp.scrapegw.com:6060	scope=shared global=False retry_after=1551.00s
2026-09-01 18:33:15	NETWORK	atzq	attempt=1	proxy=http://wiw4v7duaymysz9-session-1c95670fca9f-lifetime-10:***@rp.scrapegw.com:6060	ConnectionTimeoutError: Connection timeout to host https://discord.com/api/v9/unique-username/username-attempt-unauthed
2026-09-01 18:33:15	NETWORK	auce	attempt=1	proxy=http://wiw4v7duaymysz9-session-a3fd69922ec2-lifetime-10:***@rp.scrapegw.com:6060	ConnectionTimeoutError: Connection timeout to host https://discord.com/api/v9/unique-username/username-attempt-unauthed
2026-09-01 18:33:15	NETWORK	auaw	attempt=1	proxy=http://wiw4v7duaymysz9-session-2b875396c339-lifetime-10:***@rp.scrapegw.com:6060	ConnectionTimeoutError: Connection timeout to host https://discord.com/api/v9/unique-username/username-attempt-unauthed
2026-09-01 18:33:15	NETWORK	asxr	attempt=1	proxy=http://wiw4v7duaymysz9-session-ac6623c5c344-lifetime-10:***@rp.scrapegw.com:6060	ConnectionTimeoutError: Connection timeout to host https://discord.com/api/v9/unique-username/username-attempt-unauthed
2026-09-01 18:33:15	NETWORK	atvy	attempt=1	proxy=http://wiw4v7duaymysz9-session-190f776171b8-lifetime-10:***@rp.scrapegw.com:6060	ConnectionTimeoutError: Connection timeout to host https://discord.com/api/v9/unique-username/username-attempt-unauthed
2026-09-01 18:33:16	HTTP_429	azgu	attempt=1	proxy=http://wiw4v7duaymysz9-session-afe582cc698e-lifetime-10:***@rp.scrapegw.com:6060	scope=shared global=False retry_after=743.00s
2026-09-01 18:33:16	NETWORK	aqwa	attempt=1	proxy=http://wiw4v7duaymysz9-session-06b5e0d0d0cf-lifetime-10:***@rp.scrapegw.com:6060	ClientConnectorError: Cannot connect to host discord.com:443 ssl:default [Connection reset by peer]
2026-09-01 18:33:16	NETWORK	aupf	attempt=1	proxy=http://wiw4v7duaymysz9-session-811b185b7963-lifetime-10:***@rp.scrapegw.com:6060	ConnectionTimeoutError: Connection timeout to host https://discord.com/api/v9/unique-username/username-attempt-unauthed
2026-09-01 18:33:16	NETWORK	auov	attempt=1	proxy=http://wiw4v7duaymysz9-session-a29be8453ef3-lifetime-10:***@rp.scrapegw.com:6060	ConnectionTimeoutError: Connection timeout to host https://discord.com/api/v9/unique-username/username-attempt-unauthed
2026-09-01 18:33:16	NETWORK	aubr	attempt=1	proxy=http://wiw4v7duaymysz9-session-9d8f30f3b1fe-lifetime-10:***@rp.scrapegw.com:6060	ConnectionTimeoutError: Connection timeout to host https://discord.com/api/v9/unique-username/username-attempt-unauthed
2026-09-01 18:33:16	NETWORK	aupb	attempt=1	proxy=http://wiw4v7duaymysz9-session-bfdfa0733ae9-lifetime-10:***@rp.scrapegw.com:6060	ConnectionTimeoutError: Connection timeout to host https://discord.com/api/v9/unique-username/username-attempt-unauthed
2026-09-01 18:33:16	NETWORK	aung	attempt=1	proxy=http://wiw4v7duaymysz9-session-ead3b11b5a93-lifetime-10:***@rp.scrapegw.com:6060	ConnectionTimeoutError: Connection timeout to host https://discord.com/api/v9/unique-username/username-attempt-unauthed
2026-09-01 18:33:16	NETWORK	auqj	attempt=1	proxy=http://wiw4v7duaymysz9-session-c658694b6f29-lifetime-10:***@rp.scrapegw.com:6060	ConnectionTimeoutError: Connection timeout to host https://discord.com/api/v9/unique-username/username-attempt-unauthed
2026-09-01 18:33:16	NETWORK	aucp	attempt=1	proxy=http://wiw4v7duaymysz9-session-c0b1e3912107-lifetime-10:***@rp.scrapegw.com:6060	ConnectionTimeoutError: Connection timeout to host https://discord.com/api/v9/unique-username/username-attempt-unauthed
2026-09-01 18:33:16	NETWORK	aulr	attempt=1	proxy=http://wiw4v7duaymysz9-session-ee14a39a34e0-lifetime-10:***@rp.scrapegw.com:6060	ConnectionTimeoutError: Connection timeout to host https://discord.com/api/v9/unique-username/username-attempt-unauthed
2026-09-01 18:33:16	NETWORK	aule	attempt=1	proxy=http://wiw4v7duaymysz9-session-5caf4468f761-lifetime-10:***@rp.scrapegw.com:6060	ConnectionTimeoutError: Connection timeout to host https://discord.com/api/v9/unique-username/username-attempt-unauthed
2026-09-01 18:33:16	NETWORK	aume	attempt=1	proxy=http://wiw4v7duaymysz9-session-486c654aff40-lifetime-10:***@rp.scrapegw.com:6060	ConnectionTimeoutError: Connection timeout to host https://discord.com/api/v9/unique-username/username-attempt-unauthed
2026-09-01 18:33:16	NETWORK	auhc	attempt=1	proxy=http://wiw4v7duaymysz9-session-aec468d1589d-lifetime-10:***@rp.scrapegw.com:6060	ConnectionTimeoutError: Connection timeout to host https://discord.com/api/v9/unique-username/username-attempt-unauthed
2026-09-01 18:33:16	NETWORK	aukn	attempt=1	proxy=http://wiw4v7duaymysz9-session-37908978ee4d-lifetime-10:***@rp.scrapegw.com:6060	ConnectionTimeoutError: Connection timeout to host https://discord.com/api/v9/unique-username/username-attempt-unauthed
2026-09-01 18:33:17	NETWORK	aufb	attempt=1	proxy=http://wiw4v7duaymysz9-session-ac6623c5c344-lifetime-10:***@rp.scrapegw.com:6060	ConnectionTimeoutError: Connection timeout to host https://discord.com/api/v9/unique-username/username-attempt-unauthed
2026-09-01 18:33:17	NETWORK	ausi	attempt=1	proxy=http://wiw4v7duaymysz9-session-393d6e928d4f-lifetime-10:***@rp.scrapegw.com:6060	ConnectionTimeoutError: Connection timeout to host https://discord.com/api/v9/unique-username/username-attempt-unauthed
2026-09-01 18:33:17	NETWORK	auqw	attempt=1	proxy=http://wiw4v7duaymysz9-session-7b4c1fa8d53f-lifetime-10:***@rp.scrapegw.com:6060	ConnectionTimeoutError: Connection timeout to host https://discord.com/api/v9/unique-username/username-attempt-unauthed
2026-09-01 18:33:17	NETWORK	auqa	attempt=1	proxy=http://wiw4v7duaymysz9-session-e466c040b3d4-lifetime-10:***@rp.scrapegw.com:6060	ConnectionTimeoutError: Connection timeout to host https://discord.com/api/v9/unique-username/username-attempt-unauthed
2026-09-01 18:33:18	NETWORK	ausy	attempt=1	proxy=http://wiw4v7duaymysz9-session-da60f4585a7a-lifetime-10:***@rp.scrapegw.com:6060	ConnectionTimeoutError: Connection timeout to host https://discord.com/api/v9/unique-username/username-attempt-unauthed
2026-09-01 18:33:18	NETWORK	auww	attempt=1	proxy=http://wiw4v7duaymysz9-session-7c653c31c3be-lifetime-10:***@rp.scrapegw.com:6060	ConnectionTimeoutError: Connection timeout to host https://discord.com/api/v9/unique-username/username-attempt-unauthed
2026-09-01 18:33:18	NETWORK	auvk	attempt=1	proxy=http://wiw4v7duaymysz9-session-11a470bbe57e-lifetime-10:***@rp.scrapegw.com:6060	ConnectionTimeoutError: Connection timeout to host https://discord.com/api/v9/unique-username/username-attempt-unauthed
2026-09-01 18:33:19	NETWORK	avdo	attempt=1	proxy=http://wiw4v7duaymysz9-session-1f28cbb3069a-lifetime-10:***@rp.scrapegw.com:6060	ConnectionTimeoutError: Connection timeout to host https://discord.com/api/v9/unique-username/username-attempt-unauthed
2026-09-01 18:33:19	NETWORK	avyj	attempt=1	proxy=http://wiw4v7duaymysz9-session-6a9938a26128-lifetime-10:***@rp.scrapegw.com:6060	ConnectionTimeoutError: Connection timeout to host https://discord.com/api/v9/unique-username/username-attempt-unauthed
2026-09-01 18:33:19	NETWORK	avzp	attempt=1	proxy=http://wiw4v7duaymysz9-session-4dfb19f2f8bc-lifetime-10:***@rp.scrapegw.com:6060	ConnectionTimeoutError: Connection timeout to host https://discord.com/api/v9/unique-username/username-attempt-unauthed
2026-09-01 18:33:19	NETWORK	avat	attempt=1	proxy=http://wiw4v7duaymysz9-session-34fc454f1eb4-lifetime-10:***@rp.scrapegw.com:6060	ConnectionTimeoutError: Connection timeout to host https://discord.com/api/v9/unique-username/username-attempt-unauthed
2026-09-01 18:33:19	NETWORK	awgy	attempt=1	proxy=http://wiw4v7duaymysz9-session-793fee6d66bb-lifetime-10:***@rp.scrapegw.com:6060	ConnectionTimeoutError: Connection timeout to host https://discord.com/api/v9/unique-username/username-attempt-unauthed
2026-09-01 18:33:19	NETWORK	awfq	attempt=1	proxy=http://wiw4v7duaymysz9-session-b5d6ff42daf4-lifetime-10:***@rp.scrapegw.com:6060	ConnectionTimeoutError: Connection timeout to host https://discord.com/api/v9/unique-username/username-attempt-unauthed
2026-09-01 18:33:19	NETWORK	awdo	attempt=1	proxy=http://wiw4v7duaymysz9-session-a3f9b5cff249-lifetime-10:***@rp.scrapegw.com:6060	ConnectionTimeoutError: Connection timeout to host https://discord.com/api/v9/unique-username/username-attempt-unauthed
2026-09-01 18:33:19	NETWORK	avcv	attempt=1	proxy=http://wiw4v7duaymysz9-session-d6844d72309e-lifetime-10:***@rp.scrapegw.com:6060	ConnectionTimeoutError: Connection timeout to host https://discord.com/api/v9/unique-username/username-attempt-unauthed
2026-09-01 18:33:19	NETWORK	avyr	attempt=1	proxy=http://wiw4v7duaymysz9-session-4caced0d179f-lifetime-10:***@rp.scrapegw.com:6060	ConnectionTimeoutError: Connection timeout to host https://discord.com/api/v9/unique-username/username-attempt-unauthed
2026-09-01 18:33:19	NETWORK	awbf	attempt=1	proxy=http://wiw4v7duaymysz9-session-1aab9c0d317f-lifetime-10:***@rp.scrapegw.com:6060	ConnectionTimeoutError: Connection timeout to host https://discord.com/api/v9/unique-username/username-attempt-unauthed
2026-09-01 18:33:19	HTTP_429	bbmn	attempt=1	proxy=http://wiw4v7duaymysz9-session-3e07fb2c1321-lifetime-10:***@rp.scrapegw.com:6060	scope=shared global=False retry_after=1701.00s
2026-09-01 18:33:20	NETWORK	awef	attempt=1	proxy=http://wiw4v7duaymysz9-session-3f3273849741-lifetime-10:***@rp.scrapegw.com:6060	ConnectionTimeoutError: Connection timeout to host https://discord.com/api/v9/unique-username/username-attempt-unauthed
2026-09-01 18:33:21	NETWORK	awtf	attempt=1	proxy=http://wiw4v7duaymysz9-session-928b25d65279-lifetime-10:***@rp.scrapegw.com:6060	ConnectionTimeoutError: Connection timeout to host https://discord.com/api/v9/unique-username/username-attempt-unauthed
2026-09-01 18:33:21	NETWORK	awtw	attempt=1	proxy=http://wiw4v7duaymysz9-session-1d00df88e7a1-lifetime-10:***@rp.scrapegw.com:6060	ConnectionTimeoutError: Connection timeout to host https://discord.com/api/v9/unique-username/username-attempt-unauthed
2026-09-01 18:33:21	NETWORK	awta	attempt=1	proxy=http://wiw4v7duaymysz9-session-c0b1e3912107-lifetime-10:***@rp.scrapegw.com:6060	ConnectionTimeoutError: Connection timeout to host https://discord.com/api/v9/unique-username/username-attempt-unauthed
2026-09-01 18:33:21	NETWORK	axba	attempt=1	proxy=http://wiw4v7duaymysz9-session-da60f4585a7a-lifetime-10:***@rp.scrapegw.com:6060	ConnectionTimeoutError: Connection timeout to host https://discord.com/api/v9/unique-username/username-attempt-unauthed
2026-09-01 18:33:21	NETWORK	axaz	attempt=1	proxy=http://wiw4v7duaymysz9-session-393d6e928d4f-lifetime-10:***@rp.scrapegw.com:6060	ConnectionTimeoutError: Connection timeout to host https://discord.com/api/v9/unique-username/username-attempt-unauthed
2026-09-01 18:33:21	NETWORK	awxo	attempt=1	proxy=http://wiw4v7duaymysz9-session-7b4c1fa8d53f-lifetime-10:***@rp.scrapegw.com:6060	ConnectionTimeoutError: Connection timeout to host https://discord.com/api/v9/unique-username/username-attempt-unauthed
2026-09-01 18:33:21	NETWORK	axdp	attempt=1	proxy=http://wiw4v7duaymysz9-session-11a470bbe57e-lifetime-10:***@rp.scrapegw.com:6060	ConnectionTimeoutError: Connection timeout to host https://discord.com/api/v9/unique-username/username-attempt-unauthed
2026-09-01 18:33:21	NETWORK	awyl	attempt=1	proxy=http://wiw4v7duaymysz9-session-e132c24a4f14-lifetime-10:***@rp.scrapegw.com:6060	ConnectionTimeoutError: Connection timeout to host https://discord.com/api/v9/unique-username/username-attempt-unauthed
2026-09-01 18:33:21	NETWORK	axjd	attempt=1	proxy=http://wiw4v7duaymysz9-session-1f28cbb3069a-lifetime-10:***@rp.scrapegw.com:6060	ConnectionTimeoutError: Connection timeout to host https://discord.com/api/v9/unique-username/username-attempt-unauthed
2026-09-01 18:33:21	NETWORK	axfu	attempt=1	proxy=http://wiw4v7duaymysz9-session-7c653c31c3be-lifetime-10:***@rp.scrapegw.com:6060	ConnectionTimeoutError: Connection timeout to host https://discord.com/api/v9/unique-username/username-attempt-unauthed
2026-09-01 18:33:21	NETWORK	awuv	attempt=1	proxy=http://wiw4v7duaymysz9-session-feff2b3362c9-lifetime-10:***@rp.scrapegw.com:6060	ConnectionTimeoutError: Connection timeout to host https://discord.com/api/v9/unique-username/username-attempt-unauthed
2026-09-01 18:33:21	NETWORK	awxd	attempt=1	proxy=http://wiw4v7duaymysz9-session-e466c040b3d4-lifetime-10:***@rp.scrapegw.com:6060	ConnectionTimeoutError: Connection timeout to host https://discord.com/api/v9/unique-username/username-attempt-unauthed
2026-09-01 18:33:21	NETWORK	axhh	attempt=1	proxy=http://wiw4v7duaymysz9-session-34fc454f1eb4-lifetime-10:***@rp.scrapegw.com:6060	ConnectionTimeoutError: Connection timeout to host https://discord.com/api/v9/unique-username/username-attempt-unauthed
2026-09-01 18:33:22	NETWORK	aycj	attempt=1	proxy=http://wiw4v7duaymysz9-session-793fee6d66bb-lifetime-10:***@rp.scrapegw.com:6060	ConnectionTimeoutError: Connection timeout to host https://discord.com/api/v9/unique-username/username-attempt-unauthed
2026-09-01 18:33:22	NETWORK	axov	attempt=1	proxy=http://wiw4v7duaymysz9-session-6a9938a26128-lifetime-10:***@rp.scrapegw.com:6060	ConnectionTimeoutError: Connection timeout to host https://discord.com/api/v9/unique-username/username-attempt-unauthed
2026-09-01 18:33:22	NETWORK	axuk	attempt=1	proxy=http://wiw4v7duaymysz9-session-4dfb19f2f8bc-lifetime-10:***@rp.scrapegw.com:6060	ConnectionTimeoutError: Connection timeout to host https://discord.com/api/v9/unique-username/username-attempt-unauthed
2026-09-01 18:33:22	NETWORK	axyw	attempt=1	proxy=http://wiw4v7duaymysz9-session-a3f9b5cff249-lifetime-10:***@rp.scrapegw.com:6060	ConnectionTimeoutError: Connection timeout to host https://discord.com/api/v9/unique-username/username-attempt-unauthed
2026-09-01 18:33:22	NETWORK	axta	attempt=1	proxy=http://wiw4v7duaymysz9-session-4caced0d179f-lifetime-10:***@rp.scrapegw.com:6060	ConnectionTimeoutError: Connection timeout to host https://discord.com/api/v9/unique-username/username-attempt-unauthed
2026-09-01 18:33:22	NETWORK	aycr	attempt=1	proxy=http://wiw4v7duaymysz9-session-5ba8fe140b71-lifetime-10:***@rp.scrapegw.com:6060	ConnectionTimeoutError: Connection timeout to host https://discord.com/api/v9/unique-username/username-attempt-unauthed
2026-09-01 18:33:22	NETWORK	axzl	attempt=1	proxy=http://wiw4v7duaymysz9-session-3f3273849741-lifetime-10:***@rp.scrapegw.com:6060	ConnectionTimeoutError: Connection timeout to host https://discord.com/api/v9/unique-username/username-attempt-unauthed
2026-09-01 18:33:22	NETWORK	awvx	attempt=1	proxy=http://wiw4v7duaymysz9-session-8c78453c950c-lifetime-10:***@rp.scrapegw.com:6060	ConnectionTimeoutError: Connection timeout to host https://discord.com/api/v9/unique-username/username-attempt-unauthed
2026-09-01 18:33:22	NETWORK	aybt	attempt=1	proxy=http://wiw4v7duaymysz9-session-b5d6ff42daf4-lifetime-10:***@rp.scrapegw.com:6060	ConnectionTimeoutError: Connection timeout to host https://discord.com/api/v9/unique-username/username-attempt-unauthed
2026-09-01 18:33:22	NETWORK	axhp	attempt=1	proxy=http://wiw4v7duaymysz9-session-d6844d72309e-lifetime-10:***@rp.scrapegw.com:6060	ConnectionTimeoutError: Connection timeout to host https://discord.com/api/v9/unique-username/username-attempt-unauthed
2026-09-01 18:33:22	NETWORK	axwk	attempt=1	proxy=http://wiw4v7duaymysz9-session-1aab9c0d317f-lifetime-10:***@rp.scrapegw.com:6060	ConnectionTimeoutError: Connection timeout to host https://discord.com/api/v9/unique-username/username-attempt-unauthed
2026-09-01 18:33:23	NETWORK	azdz	attempt=1	proxy=http://wiw4v7duaymysz9-session-8c78453c950c-lifetime-10:***@rp.scrapegw.com:6060	ConnectionTimeoutError: Connection timeout to host https://discord.com/api/v9/unique-username/username-attempt-unauthed
2026-09-01 18:33:23	NETWORK	aywg	attempt=1	proxy=http://wiw4v7duaymysz9-session-a3fd69922ec2-lifetime-10:***@rp.scrapegw.com:6060	ConnectionTimeoutError: Connection timeout to host https://discord.com/api/v9/unique-username/username-attempt-unauthed
2026-09-01 18:33:23	NETWORK	ayzu	attempt=1	proxy=http://wiw4v7duaymysz9-session-1d00df88e7a1-lifetime-10:***@rp.scrapegw.com:6060	ConnectionTimeoutError: Connection timeout to host https://discord.com/api/v9/unique-username/username-attempt-unauthed
2026-09-01 18:33:23	NETWORK	ayid	attempt=1	proxy=http://wiw4v7duaymysz9-session-d6e851188610-lifetime-10:***@rp.scrapegw.com:6060	ConnectionTimeoutError: Connection timeout to host https://discord.com/api/v9/unique-username/username-attempt-unauthed
2026-09-01 18:33:23	NETWORK	aywv	attempt=1	proxy=http://wiw4v7duaymysz9-session-99571d6ae2de-lifetime-10:***@rp.scrapegw.com:6060	ConnectionTimeoutError: Connection timeout to host https://discord.com/api/v9/unique-username/username-attempt-unauthed
2026-09-01 18:33:23	NETWORK	aygj	attempt=1	proxy=http://wiw4v7duaymysz9-session-0245260132f9-lifetime-10:***@rp.scrapegw.com:6060	ConnectionTimeoutError: Connection timeout to host https://discord.com/api/v9/unique-username/username-attempt-unauthed
2026-09-01 18:33:23	NETWORK	aysp	attempt=1	proxy=http://wiw4v7duaymysz9-session-2b875396c339-lifetime-10:***@rp.scrapegw.com:6060	ConnectionTimeoutError: Connection timeout to host https://discord.com/api/v9/unique-username/username-attempt-unauthed
2026-09-01 18:33:23	NETWORK	aypa	attempt=1	proxy=http://wiw4v7duaymysz9-session-26b16d49830b-lifetime-10:***@rp.scrapegw.com:6060	ConnectionTimeoutError: Connection timeout to host https://discord.com/api/v9/unique-username/username-attempt-unauthed
2026-09-01 18:33:23	NETWORK	ayhc	attempt=1	proxy=http://wiw4v7duaymysz9-session-d751fd3d4893-lifetime-10:***@rp.scrapegw.com:6060	ConnectionTimeoutError: Connection timeout to host https://discord.com/api/v9/unique-username/username-attempt-unauthed
2026-09-01 18:33:23	NETWORK	azbm	attempt=1	proxy=http://wiw4v7duaymysz9-session-feff2b3362c9-lifetime-10:***@rp.scrapegw.com:6060	ConnectionTimeoutError: Connection timeout to host https://discord.com/api/v9/unique-username/username-attempt-unauthed
2026-09-01 18:33:23	NETWORK	ayww	attempt=1	proxy=http://wiw4v7duaymysz9-session-928b25d65279-lifetime-10:***@rp.scrapegw.com:6060	ConnectionTimeoutError: Connection timeout to host https://discord.com/api/v9/unique-username/username-attempt-unauthed
2026-09-01 18:33:24	NETWORK	azqa	attempt=1	proxy=http://wiw4v7duaymysz9-session-6a9938a26128-lifetime-10:***@rp.scrapegw.com:6060	ConnectionTimeoutError: Connection timeout to host https://discord.com/api/v9/unique-username/username-attempt-unauthed
2026-09-01 18:33:24	NETWORK	azsc	attempt=1	proxy=http://wiw4v7duaymysz9-session-1aab9c0d317f-lifetime-10:***@rp.scrapegw.com:6060	ConnectionTimeoutError: Connection timeout to host https://discord.com/api/v9/unique-username/username-attempt-unauthed
2026-09-01 18:33:24	NETWORK	azfs	attempt=1	proxy=http://wiw4v7duaymysz9-session-7b4c1fa8d53f-lifetime-10:***@rp.scrapegw.com:6060	ConnectionTimeoutError: Connection timeout to host https://discord.com/api/v9/unique-username/username-attempt-unauthed
2026-09-01 18:33:24	NETWORK	azfm	attempt=1	proxy=http://wiw4v7duaymysz9-session-e466c040b3d4-lifetime-10:***@rp.scrapegw.com:6060	ConnectionTimeoutError: Connection timeout to host https://discord.com/api/v9/unique-username/username-attempt-unauthed
2026-09-01 18:33:24	NETWORK	azip	attempt=1	proxy=http://wiw4v7duaymysz9-session-7c653c31c3be-lifetime-10:***@rp.scrapegw.com:6060	ConnectionTimeoutError: Connection timeout to host https://discord.com/api/v9/unique-username/username-attempt-unauthed
2026-09-01 18:33:24	NETWORK	azjt	attempt=1	proxy=http://wiw4v7duaymysz9-session-34fc454f1eb4-lifetime-10:***@rp.scrapegw.com:6060	ConnectionTimeoutError: Connection timeout to host https://discord.com/api/v9/unique-username/username-attempt-unauthed
2026-09-01 18:33:24	NETWORK	azfz	attempt=1	proxy=http://wiw4v7duaymysz9-session-e132c24a4f14-lifetime-10:***@rp.scrapegw.com:6060	ConnectionTimeoutError: Connection timeout to host https://discord.com/api/v9/unique-username/username-attempt-unauthed
2026-09-01 18:33:24	NETWORK	ayjp	attempt=1	proxy=http://wiw4v7duaymysz9-session-1939c7a73140-lifetime-10:***@rp.scrapegw.com:6060	ConnectionTimeoutError: Connection timeout to host https://discord.com/api/v9/unique-username/username-attempt-unauthed
2026-09-01 18:33:24	NETWORK	azrk	attempt=1	proxy=http://wiw4v7duaymysz9-session-4dfb19f2f8bc-lifetime-10:***@rp.scrapegw.com:6060	ConnectionTimeoutError: Connection timeout to host https://discord.com/api/v9/unique-username/username-attempt-unauthed
2026-09-01 18:33:24	NETWORK	azhi	attempt=1	proxy=http://wiw4v7duaymysz9-session-11a470bbe57e-lifetime-10:***@rp.scrapegw.com:6060	ConnectionTimeoutError: Connection timeout to host https://discord.com/api/v9/unique-username/username-attempt-unauthed
2026-09-01 18:33:25	NETWORK	azsp	attempt=1	proxy=http://wiw4v7duaymysz9-session-a3f9b5cff249-lifetime-10:***@rp.scrapegw.com:6060	ConnectionTimeoutError: Connection timeout to host https://discord.com/api/v9/unique-username/username-attempt-unauthed
2026-09-01 18:33:25	NETWORK	bada	attempt=1	proxy=http://wiw4v7duaymysz9-session-26b16d49830b-lifetime-10:***@rp.scrapegw.com:6060	ConnectionTimeoutError: Connection timeout to host https://discord.com/api/v9/unique-username/username-attempt-unauthed
2026-09-01 18:33:25	NETWORK	azth	attempt=1	proxy=http://wiw4v7duaymysz9-session-b5d6ff42daf4-lifetime-10:***@rp.scrapegw.com:6060	ConnectionTimeoutError: Connection timeout to host https://discord.com/api/v9/unique-username/username-attempt-unauthed
2026-09-01 18:33:25	NETWORK	azqy	attempt=1	proxy=http://wiw4v7duaymysz9-session-4caced0d179f-lifetime-10:***@rp.scrapegw.com:6060	ConnectionTimeoutError: Connection timeout to host https://discord.com/api/v9/unique-username/username-attempt-unauthed
2026-09-01 18:33:25	NETWORK	azzg	attempt=1	proxy=http://wiw4v7duaymysz9-session-1939c7a73140-lifetime-10:***@rp.scrapegw.com:6060	ConnectionTimeoutError: Connection timeout to host https://discord.com/api/v9/unique-username/username-attempt-unauthed
2026-09-01 18:33:25	NETWORK	aztq	attempt=1	proxy=http://wiw4v7duaymysz9-session-793fee6d66bb-lifetime-10:***@rp.scrapegw.com:6060	ConnectionTimeoutError: Connection timeout to host https://discord.com/api/v9/unique-username/username-attempt-unauthed
2026-09-01 18:33:25	NETWORK	azwp	attempt=1	proxy=http://wiw4v7duaymysz9-session-0245260132f9-lifetime-10:***@rp.scrapegw.com:6060	ConnectionTimeoutError: Connection timeout to host https://discord.com/api/v9/unique-username/username-attempt-unauthed
2026-09-01 18:33:25	NETWORK	aztr	attempt=1	proxy=http://wiw4v7duaymysz9-session-5ba8fe140b71-lifetime-10:***@rp.scrapegw.com:6060	ConnectionTimeoutError: Connection timeout to host https://discord.com/api/v9/unique-username/username-attempt-unauthed
2026-09-01 18:33:25	NETWORK	azvz	attempt=1	proxy=http://wiw4v7duaymysz9-session-c0b5d2178ed0-lifetime-10:***@rp.scrapegw.com:6060	ConnectionTimeoutError: Connection timeout to host https://discord.com/api/v9/unique-username/username-attempt-unauthed
2026-09-01 18:33:25	NETWORK	azxa	attempt=1	proxy=http://wiw4v7duaymysz9-session-d751fd3d4893-lifetime-10:***@rp.scrapegw.com:6060	ConnectionTimeoutError: Connection timeout to host https://discord.com/api/v9/unique-username/username-attempt-unauthed
2026-09-01 18:33:25	NETWORK	azxf	attempt=1	proxy=http://wiw4v7duaymysz9-session-d6e851188610-lifetime-10:***@rp.scrapegw.com:6060	ConnectionTimeoutError: Connection timeout to host https://discord.com/api/v9/unique-username/username-attempt-unauthed
2026-09-01 18:33:26	NETWORK	bajz	attempt=1	proxy=http://wiw4v7duaymysz9-session-99571d6ae2de-lifetime-10:***@rp.scrapegw.com:6060	ConnectionTimeoutError: Connection timeout to host https://discord.com/api/v9/unique-username/username-attempt-unauthed
2026-09-01 18:33:26	NETWORK	bakk	attempt=1	proxy=http://wiw4v7duaymysz9-session-7ea5b167b99b-lifetime-10:***@rp.scrapegw.com:6060	ConnectionTimeoutError: Connection timeout to host https://discord.com/api/v9/unique-username/username-attempt-unauthed
2026-09-01 18:33:26	NETWORK	bagj	attempt=1	proxy=http://wiw4v7duaymysz9-session-ee8e028bfaff-lifetime-10:***@rp.scrapegw.com:6060	ConnectionTimeoutError: Connection timeout to host https://discord.com/api/v9/unique-username/username-attempt-unauthed
2026-09-01 18:33:26	NETWORK	bahp	attempt=1	proxy=http://wiw4v7duaymysz9-session-825258a0a4be-lifetime-10:***@rp.scrapegw.com:6060	ConnectionTimeoutError: Connection timeout to host https://discord.com/api/v9/unique-username/username-attempt-unauthed
2026-09-01 18:33:26	NETWORK	bape	attempt=1	proxy=http://wiw4v7duaymysz9-session-0fd3a06389f5-lifetime-10:***@rp.scrapegw.com:6060	ConnectionTimeoutError: Connection timeout to host https://discord.com/api/v9/unique-username/username-attempt-unauthed
2026-09-01 18:33:26	NETWORK	bafn	attempt=1	proxy=http://wiw4v7duaymysz9-session-d16a1b86c910-lifetime-10:***@rp.scrapegw.com:6060	ConnectionTimeoutError: Connection timeout to host https://discord.com/api/v9/unique-username/username-attempt-unauthed
2026-09-01 18:33:26	NETWORK	baqi	attempt=1	proxy=http://wiw4v7duaymysz9-session-1d00df88e7a1-lifetime-10:***@rp.scrapegw.com:6060	ConnectionTimeoutError: Connection timeout to host https://discord.com/api/v9/unique-username/username-attempt-unauthed
2026-09-01 18:33:26	NETWORK	baks	attempt=1	proxy=http://wiw4v7duaymysz9-session-928b25d65279-lifetime-10:***@rp.scrapegw.com:6060	ConnectionTimeoutError: Connection timeout to host https://discord.com/api/v9/unique-username/username-attempt-unauthed
2026-09-01 18:33:27	NETWORK	batu	attempt=1	proxy=http://wiw4v7duaymysz9-session-feff2b3362c9-lifetime-10:***@rp.scrapegw.com:6060	ConnectionTimeoutError: Connection timeout to host https://discord.com/api/v9/unique-username/username-attempt-unauthed
2026-09-01 18:33:27	NETWORK	bavk	attempt=1	proxy=http://wiw4v7duaymysz9-session-8c78453c950c-lifetime-10:***@rp.scrapegw.com:6060	ConnectionTimeoutError: Connection timeout to host https://discord.com/api/v9/unique-username/username-attempt-unauthed
2026-09-01 18:33:28	NETWORK	bbgp	attempt=1	proxy=http://wiw4v7duaymysz9-session-bfdfa0733ae9-lifetime-10:***@rp.scrapegw.com:6060	ConnectionTimeoutError: Connection timeout to host https://discord.com/api/v9/unique-username/username-attempt-unauthed
2026-09-01 18:33:28	NETWORK	bbdy	attempt=1	proxy=http://wiw4v7duaymysz9-session-ead3b11b5a93-lifetime-10:***@rp.scrapegw.com:6060	ConnectionTimeoutError: Connection timeout to host https://discord.com/api/v9/unique-username/username-attempt-unauthed
2026-09-01 18:33:28	NETWORK	bbhu	attempt=1	proxy=http://wiw4v7duaymysz9-session-811b185b7963-lifetime-10:***@rp.scrapegw.com:6060	ConnectionTimeoutError: Connection timeout to host https://discord.com/api/v9/unique-username/username-attempt-unauthed
2026-09-01 18:33:28	NETWORK	bazm	attempt=1	proxy=http://wiw4v7duaymysz9-session-432141b3a7c5-lifetime-10:***@rp.scrapegw.com:6060	ConnectionTimeoutError: Connection timeout to host https://discord.com/api/v9/unique-username/username-attempt-unauthed
2026-09-01 18:33:28	NETWORK	bbkz	attempt=1	proxy=http://wiw4v7duaymysz9-session-0aeb261e5c5d-lifetime-10:***@rp.scrapegw.com:6060	ConnectionTimeoutError: Connection timeout to host https://discord.com/api/v9/unique-username/username-attempt-unauthed
2026-09-01 18:33:28	NETWORK	bbkc	attempt=1	proxy=http://wiw4v7duaymysz9-session-e132c24a4f14-lifetime-10:***@rp.scrapegw.com:6060	ConnectionTimeoutError: Connection timeout to host https://discord.com/api/v9/unique-username/username-attempt-unauthed
2026-09-01 18:33:28	NETWORK	bbeo	attempt=1	proxy=http://wiw4v7duaymysz9-session-a29be8453ef3-lifetime-10:***@rp.scrapegw.com:6060	ConnectionTimeoutError: Connection timeout to host https://discord.com/api/v9/unique-username/username-attempt-unauthed
2026-09-01 18:33:29	NETWORK	bbjq	attempt=1	proxy=http://wiw4v7duaymysz9-session-c658694b6f29-lifetime-10:***@rp.scrapegw.com:6060	ConnectionTimeoutError: Connection timeout to host https://discord.com/api/v9/unique-username/username-attempt-unauthed
2026-09-01 18:33:29	NETWORK	bbst	attempt=1	proxy=http://wiw4v7duaymysz9-session-7c7a33c72a32-lifetime-10:***@rp.scrapegw.com:6060	ConnectionTimeoutError: Connection timeout to host https://discord.com/api/v9/unique-username/username-attempt-unauthed
2026-09-01 18:33:29	NETWORK	bceo	attempt=1	proxy=http://wiw4v7duaymysz9-session-5ba8fe140b71-lifetime-10:***@rp.scrapegw.com:6060	ConnectionTimeoutError: Connection timeout to host https://discord.com/api/v9/unique-username/username-attempt-unauthed
2026-09-01 18:33:29	NETWORK	bcla	attempt=1	proxy=http://wiw4v7duaymysz9-session-c0b5d2178ed0-lifetime-10:***@rp.scrapegw.com:6060	ConnectionTimeoutError: Connection timeout to host https://discord.com/api/v9/unique-username/username-attempt-unauthed
2026-09-01 18:33:30	NETWORK	bcnl	attempt=1	proxy=http://wiw4v7duaymysz9-session-d751fd3d4893-lifetime-10:***@rp.scrapegw.com:6060	ConnectionTimeoutError: Connection timeout to host https://discord.com/api/v9/unique-username/username-attempt-unauthed
2026-09-01 18:33:30	NETWORK	bcnm	attempt=1	proxy=http://wiw4v7duaymysz9-session-190f776171b8-lifetime-10:***@rp.scrapegw.com:6060	ConnectionTimeoutError: Connection timeout to host https://discord.com/api/v9/unique-username/username-attempt-unauthed
2026-09-01 18:33:30	NETWORK	bdhm	attempt=1	proxy=http://wiw4v7duaymysz9-session-9d8f30f3b1fe-lifetime-10:***@rp.scrapegw.com:6060	ConnectionTimeoutError: Connection timeout to host https://discord.com/api/v9/unique-username/username-attempt-unauthed
2026-09-01 18:33:30	NETWORK	bcpi	attempt=1	proxy=http://wiw4v7duaymysz9-session-d6e851188610-lifetime-10:***@rp.scrapegw.com:6060	ConnectionTimeoutError: Connection timeout to host https://discord.com/api/v9/unique-username/username-attempt-unauthed
2026-09-01 18:33:30	NETWORK	bdak	attempt=1	proxy=http://wiw4v7duaymysz9-session-ee8e028bfaff-lifetime-10:***@rp.scrapegw.com:6060	ConnectionTimeoutError: Connection timeout to host https://discord.com/api/v9/unique-username/username-attempt-unauthed
2026-09-01 18:33:30	NETWORK	bdhh	attempt=1	proxy=http://wiw4v7duaymysz9-session-825258a0a4be-lifetime-10:***@rp.scrapegw.com:6060	ConnectionTimeoutError: Connection timeout to host https://discord.com/api/v9/unique-username/username-attempt-unauthed
2026-09-01 18:33:30	NETWORK	bdld	attempt=1	proxy=http://wiw4v7duaymysz9-session-a3fd69922ec2-lifetime-10:***@rp.scrapegw.com:6060	ConnectionTimeoutError: Connection timeout to host https://discord.com/api/v9/unique-username/username-attempt-unauthed
2026-09-01 18:33:30	NETWORK	bcni	attempt=1	proxy=http://wiw4v7duaymysz9-session-0245260132f9-lifetime-10:***@rp.scrapegw.com:6060	ConnectionTimeoutError: Connection timeout to host https://discord.com/api/v9/unique-username/username-attempt-unauthed
2026-09-01 18:33:30	NETWORK	bcwc	attempt=1	proxy=http://wiw4v7duaymysz9-session-1c95670fca9f-lifetime-10:***@rp.scrapegw.com:6060	ConnectionTimeoutError: Connection timeout to host https://discord.com/api/v9/unique-username/username-attempt-unauthed
2026-09-01 18:33:30	NETWORK	bcug	attempt=1	proxy=http://wiw4v7duaymysz9-session-1939c7a73140-lifetime-10:***@rp.scrapegw.com:6060	ConnectionTimeoutError: Connection timeout to host https://discord.com/api/v9/unique-username/username-attempt-unauthed
2026-09-01 18:33:30	NETWORK	bdax	attempt=1	proxy=http://wiw4v7duaymysz9-session-6d5ec1bfb7b9-lifetime-10:***@rp.scrapegw.com:6060	ConnectionTimeoutError: Connection timeout to host https://discord.com/api/v9/unique-username/username-attempt-unauthed
2026-09-01 18:33:30	NETWORK	bcwy	attempt=1	proxy=http://wiw4v7duaymysz9-session-26b16d49830b-lifetime-10:***@rp.scrapegw.com:6060	ConnectionTimeoutError: Connection timeout to host https://discord.com/api/v9/unique-username/username-attempt-unauthed
2026-09-01 18:33:30	NETWORK	bdnt	attempt=1	proxy=http://wiw4v7duaymysz9-session-99571d6ae2de-lifetime-10:***@rp.scrapegw.com:6060	ConnectionTimeoutError: Connection timeout to host https://discord.com/api/v9/unique-username/username-attempt-unauthed
2026-09-01 18:33:30	NETWORK	bdcn	attempt=1	proxy=http://wiw4v7duaymysz9-session-2b875396c339-lifetime-10:***@rp.scrapegw.com:6060	ConnectionTimeoutError: Connection timeout to host https://discord.com/api/v9/unique-username/username-attempt-unauthed
2026-09-01 18:33:30	HTTP_429	blax	attempt=1	proxy=http://wiw4v7duaymysz9-session-a11011f36f65-lifetime-10:***@rp.scrapegw.com:6060	scope=shared global=False retry_after=2096.00s
2026-09-01 18:33:30	HTTP_429	bkhm	attempt=1	proxy=http://wiw4v7duaymysz9-session-b1800962d5a2-lifetime-10:***@rp.scrapegw.com:6060	scope=shared global=False retry_after=2095.00s
2026-09-01 18:33:31	HTTP_429	bkgg	attempt=1	proxy=http://wiw4v7duaymysz9-session-d6844d72309e-lifetime-10:***@rp.scrapegw.com:6060	scope=shared global=False retry_after=579.00s
2026-09-01 18:33:31	HTTP_429	blut	attempt=1	proxy=http://wiw4v7duaymysz9-session-5a9b7feef32e-lifetime-10:***@rp.scrapegw.com:6060	scope=shared global=False retry_after=2096.00s
2026-09-01 18:33:31	NETWORK	bebv	attempt=1	proxy=http://wiw4v7duaymysz9-session-5caf4468f761-lifetime-10:***@rp.scrapegw.com:6060	ConnectionTimeoutError: Connection timeout to host https://discord.com/api/v9/unique-username/username-attempt-unauthed
2026-09-01 18:33:31	NETWORK	bdui	attempt=1	proxy=http://wiw4v7duaymysz9-session-aec468d1589d-lifetime-10:***@rp.scrapegw.com:6060	ConnectionTimeoutError: Connection timeout to host https://discord.com/api/v9/unique-username/username-attempt-unauthed
2026-09-01 18:33:31	NETWORK	begp	attempt=1	proxy=http://wiw4v7duaymysz9-session-432141b3a7c5-lifetime-10:***@rp.scrapegw.com:6060	ConnectionTimeoutError: Connection timeout to host https://discord.com/api/v9/unique-username/username-attempt-unauthed
2026-09-01 18:33:31	NETWORK	beeq	attempt=1	proxy=http://wiw4v7duaymysz9-session-486c654aff40-lifetime-10:***@rp.scrapegw.com:6060	ConnectionTimeoutError: Connection timeout to host https://discord.com/api/v9/unique-username/username-attempt-unauthed
2026-09-01 18:33:31	NETWORK	bdot	attempt=1	proxy=http://wiw4v7duaymysz9-session-0fd3a06389f5-lifetime-10:***@rp.scrapegw.com:6060	ConnectionTimeoutError: Connection timeout to host https://discord.com/api/v9/unique-username/username-attempt-unauthed
2026-09-01 18:33:31	NETWORK	bdor	attempt=1	proxy=http://wiw4v7duaymysz9-session-7ea5b167b99b-lifetime-10:***@rp.scrapegw.com:6060	ConnectionTimeoutError: Connection timeout to host https://discord.com/api/v9/unique-username/username-attempt-unauthed
2026-09-01 18:33:31	NETWORK	benx	attempt=1	proxy=http://wiw4v7duaymysz9-session-ead3b11b5a93-lifetime-10:***@rp.scrapegw.com:6060	ConnectionTimeoutError: Connection timeout to host https://discord.com/api/v9/unique-username/username-attempt-unauthed
2026-09-01 18:33:31	NETWORK	beol	attempt=1	proxy=http://wiw4v7duaymysz9-session-a29be8453ef3-lifetime-10:***@rp.scrapegw.com:6060	ConnectionTimeoutError: Connection timeout to host https://discord.com/api/v9/unique-username/username-attempt-unauthed
2026-09-01 18:33:31	NETWORK	bdvt	attempt=1	proxy=http://wiw4v7duaymysz9-session-37908978ee4d-lifetime-10:***@rp.scrapegw.com:6060	ConnectionTimeoutError: Connection timeout to host https://discord.com/api/v9/unique-username/username-attempt-unauthed
2026-09-01 18:33:31	HTTP_429	blws	attempt=1	proxy=http://wiw4v7duaymysz9-session-3c5b16b8b7e8-lifetime-10:***@rp.scrapegw.com:6060	scope=shared global=False retry_after=2096.00s
2026-09-01 18:33:32	HTTP_429	blwg	attempt=1	proxy=http://wiw4v7duaymysz9-session-cc633aa1156e-lifetime-10:***@rp.scrapegw.com:6060	scope=shared global=False retry_after=2095.00s
2026-09-01 18:33:32	NETWORK	bevd	attempt=1	proxy=http://wiw4v7duaymysz9-session-c658694b6f29-lifetime-10:***@rp.scrapegw.com:6060	ConnectionTimeoutError: Connection timeout to host https://discord.com/api/v9/unique-username/username-attempt-unauthed
2026-09-01 18:33:32	NETWORK	bdab	attempt=1	proxy=http://wiw4v7duaymysz9-session-d16a1b86c910-lifetime-10:***@rp.scrapegw.com:6060	ConnectionTimeoutError: Connection timeout to host https://discord.com/api/v9/unique-username/username-attempt-unauthed
2026-09-01 18:33:32	NETWORK	beur	attempt=1	proxy=http://wiw4v7duaymysz9-session-811b185b7963-lifetime-10:***@rp.scrapegw.com:6060	ConnectionTimeoutError: Connection timeout to host https://discord.com/api/v9/unique-username/username-attempt-unauthed
2026-09-01 18:33:32	NETWORK	bety	attempt=1	proxy=http://wiw4v7duaymysz9-session-bfdfa0733ae9-lifetime-10:***@rp.scrapegw.com:6060	ConnectionTimeoutError: Connection timeout to host https://discord.com/api/v9/unique-username/username-attempt-unauthed
2026-09-01 18:33:32	NETWORK	bdqe	attempt=1	proxy=http://wiw4v7duaymysz9-session-ac6623c5c344-lifetime-10:***@rp.scrapegw.com:6060	ConnectionTimeoutError: Connection timeout to host https://discord.com/api/v9/unique-username/username-attempt-unauthed
2026-09-01 18:33:32	NETWORK	bffo	attempt=1	proxy=http://wiw4v7duaymysz9-session-7c7a33c72a32-lifetime-10:***@rp.scrapegw.com:6060	ConnectionTimeoutError: Connection timeout to host https://discord.com/api/v9/unique-username/username-attempt-unauthed
2026-09-01 18:33:32	NETWORK	bfqg	attempt=1	proxy=http://wiw4v7duaymysz9-session-c0b5d2178ed0-lifetime-10:***@rp.scrapegw.com:6060	ConnectionTimeoutError: Connection timeout to host https://discord.com/api/v9/unique-username/username-attempt-unauthed
2026-09-01 18:33:32	NETWORK	beci	attempt=1	proxy=http://wiw4v7duaymysz9-session-ee14a39a34e0-lifetime-10:***@rp.scrapegw.com:6060	ConnectionTimeoutError: Connection timeout to host https://discord.com/api/v9/unique-username/username-attempt-unauthed
2026-09-01 18:33:32	HTTP_429	boaj	attempt=1	proxy=http://wiw4v7duaymysz9-session-9775ece6df41-lifetime-10:***@rp.scrapegw.com:6060	scope=shared global=False retry_after=1478.00s
2026-09-01 18:33:33	NETWORK	bfrm	attempt=1	proxy=http://wiw4v7duaymysz9-session-190f776171b8-lifetime-10:***@rp.scrapegw.com:6060	ConnectionTimeoutError: Connection timeout to host https://discord.com/api/v9/unique-username/username-attempt-unauthed
2026-09-01 18:33:33	NETWORK	bgig	attempt=1	proxy=http://wiw4v7duaymysz9-session-9d8f30f3b1fe-lifetime-10:***@rp.scrapegw.com:6060	ConnectionTimeoutError: Connection timeout to host https://discord.com/api/v9/unique-username/username-attempt-unauthed
2026-09-01 18:33:33	NETWORK	bgnz	attempt=1	proxy=http://wiw4v7duaymysz9-session-aec468d1589d-lifetime-10:***@rp.scrapegw.com:6060	ConnectionTimeoutError: Connection timeout to host https://discord.com/api/v9/unique-username/username-attempt-unauthed
2026-09-01 18:33:33	NETWORK	bgtx	attempt=1	proxy=http://wiw4v7duaymysz9-session-37908978ee4d-lifetime-10:***@rp.scrapegw.com:6060	ConnectionTimeoutError: Connection timeout to host https://discord.com/api/v9/unique-username/username-attempt-unauthed
2026-09-01 18:33:33	NETWORK	bgbt	attempt=1	proxy=http://wiw4v7duaymysz9-session-1c95670fca9f-lifetime-10:***@rp.scrapegw.com:6060	ConnectionTimeoutError: Connection timeout to host https://discord.com/api/v9/unique-username/username-attempt-unauthed
2026-09-01 18:33:33	NETWORK	bgdm	attempt=1	proxy=http://wiw4v7duaymysz9-session-d16a1b86c910-lifetime-10:***@rp.scrapegw.com:6060	ConnectionTimeoutError: Connection timeout to host https://discord.com/api/v9/unique-username/username-attempt-unauthed
2026-09-01 18:33:33	NETWORK	bgld	attempt=1	proxy=http://wiw4v7duaymysz9-session-0fd3a06389f5-lifetime-10:***@rp.scrapegw.com:6060	ConnectionTimeoutError: Connection timeout to host https://discord.com/api/v9/unique-username/username-attempt-unauthed
2026-09-01 18:33:33	NETWORK	bgfg	attempt=1	proxy=http://wiw4v7duaymysz9-session-ee8e028bfaff-lifetime-10:***@rp.scrapegw.com:6060	ConnectionTimeoutError: Connection timeout to host https://discord.com/api/v9/unique-username/username-attempt-unauthed
2026-09-01 18:33:33	NETWORK	bgkw	attempt=1	proxy=http://wiw4v7duaymysz9-session-7ea5b167b99b-lifetime-10:***@rp.scrapegw.com:6060	ConnectionTimeoutError: Connection timeout to host https://discord.com/api/v9/unique-username/username-attempt-unauthed
2026-09-01 18:33:33	NETWORK	bghl	attempt=1	proxy=http://wiw4v7duaymysz9-session-6d5ec1bfb7b9-lifetime-10:***@rp.scrapegw.com:6060	ConnectionTimeoutError: Connection timeout to host https://discord.com/api/v9/unique-username/username-attempt-unauthed
2026-09-01 18:33:33	NETWORK	bfss	attempt=1	proxy=http://wiw4v7duaymysz9-session-1939c7a73140-lifetime-10:***@rp.scrapegw.com:6060	ConnectionTimeoutError: Connection timeout to host https://discord.com/api/v9/unique-username/username-attempt-unauthed
2026-09-01 18:33:33	NETWORK	bgif	attempt=1	proxy=http://wiw4v7duaymysz9-session-825258a0a4be-lifetime-10:***@rp.scrapegw.com:6060	ConnectionTimeoutError: Connection timeout to host https://discord.com/api/v9/unique-username/username-attempt-unauthed
2026-09-01 18:33:34	NETWORK	bhcj	attempt=1	proxy=http://wiw4v7duaymysz9-session-432141b3a7c5-lifetime-10:***@rp.scrapegw.com:6060	ConnectionTimeoutError: Connection timeout to host https://discord.com/api/v9/unique-username/username-attempt-unauthed
2026-09-01 18:33:34	NETWORK	bheb	attempt=1	proxy=http://wiw4v7duaymysz9-session-ead3b11b5a93-lifetime-10:***@rp.scrapegw.com:6060	ConnectionTimeoutError: Connection timeout to host https://discord.com/api/v9/unique-username/username-attempt-unauthed
2026-09-01 18:33:34	NETWORK	bhah	attempt=1	proxy=http://wiw4v7duaymysz9-session-486c654aff40-lifetime-10:***@rp.scrapegw.com:6060	ConnectionTimeoutError: Connection timeout to host https://discord.com/api/v9/unique-username/username-attempt-unauthed
2026-09-01 18:33:34	NETWORK	bher	attempt=1	proxy=http://wiw4v7duaymysz9-session-a29be8453ef3-lifetime-10:***@rp.scrapegw.com:6060	ConnectionTimeoutError: Connection timeout to host https://discord.com/api/v9/unique-username/username-attempt-unauthed
2026-09-01 18:33:34	NETWORK	bgly	attempt=1	proxy=http://wiw4v7duaymysz9-session-ac6623c5c344-lifetime-10:***@rp.scrapegw.com:6060	ConnectionTimeoutError: Connection timeout to host https://discord.com/api/v9/unique-username/username-attempt-unauthed
2026-09-01 18:33:34	NETWORK	bhgq	attempt=1	proxy=http://wiw4v7duaymysz9-session-c658694b6f29-lifetime-10:***@rp.scrapegw.com:6060	ConnectionTimeoutError: Connection timeout to host https://discord.com/api/v9/unique-username/username-attempt-unauthed
2026-09-01 18:33:34	NETWORK	bgwy	attempt=1	proxy=http://wiw4v7duaymysz9-session-5caf4468f761-lifetime-10:***@rp.scrapegw.com:6060	ConnectionTimeoutError: Connection timeout to host https://discord.com/api/v9/unique-username/username-attempt-unauthed
2026-09-01 18:33:34	NETWORK	bhfx	attempt=1	proxy=http://wiw4v7duaymysz9-session-811b185b7963-lifetime-10:***@rp.scrapegw.com:6060	ConnectionTimeoutError: Connection timeout to host https://discord.com/api/v9/unique-username/username-attempt-unauthed
2026-09-01 18:33:34	NETWORK	bhfs	attempt=1	proxy=http://wiw4v7duaymysz9-session-bfdfa0733ae9-lifetime-10:***@rp.scrapegw.com:6060	ConnectionTimeoutError: Connection timeout to host https://discord.com/api/v9/unique-username/username-attempt-unauthed
2026-09-01 18:33:34	NETWORK	bgzv	attempt=1	proxy=http://wiw4v7duaymysz9-session-ee14a39a34e0-lifetime-10:***@rp.scrapegw.com:6060	ConnectionTimeoutError: Connection timeout to host https://discord.com/api/v9/unique-username/username-attempt-unauthed
2026-09-01 18:33:35	HTTP_429	bqxr	attempt=1	proxy=http://wiw4v7duaymysz9-session-1119f075f2d0-lifetime-10:***@rp.scrapegw.com:6060	scope=shared global=False retry_after=2091.00s
2026-09-01 18:33:35	NETWORK	bhxo	attempt=1	proxy=http://wiw4v7duaymysz9-session-7c7a33c72a32-lifetime-10:***@rp.scrapegw.com:6060	ConnectionTimeoutError: Connection timeout to host https://discord.com/api/v9/unique-username/username-attempt-unauthed
2026-09-01 18:33:35	NETWORK	bhij	attempt=1	proxy=http://wiw4v7duaymysz9-session-0aeb261e5c5d-lifetime-10:***@rp.scrapegw.com:6060	ConnectionTimeoutError: Connection timeout to host https://discord.com/api/v9/unique-username/username-attempt-unauthed
2026-09-01 18:33:35	NETWORK	bhqu	attempt=1	proxy=http://wiw4v7duaymysz9-session-1f28cbb3069a-lifetime-10:***@rp.scrapegw.com:6060	ConnectionTimeoutError: Connection timeout to host https://discord.com/api/v9/unique-username/username-attempt-unauthed
2026-09-01 18:33:35	NETWORK	bhlj	attempt=1	proxy=http://wiw4v7duaymysz9-session-da60f4585a7a-lifetime-10:***@rp.scrapegw.com:6060	ConnectionTimeoutError: Connection timeout to host https://discord.com/api/v9/unique-username/username-attempt-unauthed
2026-09-01 18:33:35	NETWORK	bhmq	attempt=1	proxy=http://wiw4v7duaymysz9-session-9fb45d5e389a-lifetime-10:***@rp.scrapegw.com:6060	ConnectionTimeoutError: Connection timeout to host https://discord.com/api/v9/unique-username/username-attempt-unauthed
2026-09-01 18:33:35	NETWORK	bhkm	attempt=1	proxy=http://wiw4v7duaymysz9-session-393d6e928d4f-lifetime-10:***@rp.scrapegw.com:6060	ConnectionTimeoutError: Connection timeout to host https://discord.com/api/v9/unique-username/username-attempt-unauthed
2026-09-01 18:33:36	HTTP_429	brhj	attempt=1	proxy=http://wiw4v7duaymysz9-session-625d9d8d4229-lifetime-10:***@rp.scrapegw.com:6060	scope=shared global=False retry_after=2092.00s
2026-09-01 18:33:36	NETWORK	bivr	attempt=1	proxy=http://wiw4v7duaymysz9-session-190f776171b8-lifetime-10:***@rp.scrapegw.com:6060	ConnectionTimeoutError: Connection timeout to host https://discord.com/api/v9/unique-username/username-attempt-unauthed
2026-09-01 18:33:36	NETWORK	bjdb	attempt=1	proxy=http://wiw4v7duaymysz9-session-1c95670fca9f-lifetime-10:***@rp.scrapegw.com:6060	ConnectionTimeoutError: Connection timeout to host https://discord.com/api/v9/unique-username/username-attempt-unauthed
2026-09-01 18:33:36	NETWORK	bjgz	attempt=1	proxy=http://wiw4v7duaymysz9-session-2b875396c339-lifetime-10:***@rp.scrapegw.com:6060	ConnectionTimeoutError: Connection timeout to host https://discord.com/api/v9/unique-username/username-attempt-unauthed
2026-09-01 18:33:36	NETWORK	bjev	attempt=1	proxy=http://wiw4v7duaymysz9-session-6d5ec1bfb7b9-lifetime-10:***@rp.scrapegw.com:6060	ConnectionTimeoutError: Connection timeout to host https://discord.com/api/v9/unique-username/username-attempt-unauthed
2026-09-01 18:33:36	NETWORK	bjhd	attempt=1	proxy=http://wiw4v7duaymysz9-session-9d8f30f3b1fe-lifetime-10:***@rp.scrapegw.com:6060	ConnectionTimeoutError: Connection timeout to host https://discord.com/api/v9/unique-username/username-attempt-unauthed
2026-09-01 18:33:36	HTTP_429	brxe	attempt=1	proxy=http://wiw4v7duaymysz9-session-2517ab9b1785-lifetime-10:***@rp.scrapegw.com:6060	scope=shared global=False retry_after=2091.00s
2026-09-01 18:33:37	HTTP_429	brtl	attempt=1	proxy=http://wiw4v7duaymysz9-session-90d810ddb08a-lifetime-10:***@rp.scrapegw.com:6060	scope=shared global=False retry_after=2089.00s
2026-09-01 18:33:37	HTTP_429	brxd	attempt=1	proxy=http://wiw4v7duaymysz9-session-f9deefaa700b-lifetime-10:***@rp.scrapegw.com:6060	scope=shared global=False retry_after=2088.00s
2026-09-01 18:33:37	NETWORK	bjry	attempt=1	proxy=http://wiw4v7duaymysz9-session-ee14a39a34e0-lifetime-10:***@rp.scrapegw.com:6060	ConnectionTimeoutError: Connection timeout to host https://discord.com/api/v9/unique-username/username-attempt-unauthed
2026-09-01 18:33:37	NETWORK	bjod	attempt=1	proxy=http://wiw4v7duaymysz9-session-aec468d1589d-lifetime-10:***@rp.scrapegw.com:6060	ConnectionTimeoutError: Connection timeout to host https://discord.com/api/v9/unique-username/username-attempt-unauthed
2026-09-01 18:33:37	NETWORK	bjms	attempt=1	proxy=http://wiw4v7duaymysz9-session-a3fd69922ec2-lifetime-10:***@rp.scrapegw.com:6060	ConnectionTimeoutError: Connection timeout to host https://discord.com/api/v9/unique-username/username-attempt-unauthed
2026-09-01 18:33:37	NETWORK	bjsn	attempt=1	proxy=http://wiw4v7duaymysz9-session-486c654aff40-lifetime-10:***@rp.scrapegw.com:6060	ConnectionTimeoutError: Connection timeout to host https://discord.com/api/v9/unique-username/username-attempt-unauthed
2026-09-01 18:33:37	NETWORK	bjrg	attempt=1	proxy=http://wiw4v7duaymysz9-session-5caf4468f761-lifetime-10:***@rp.scrapegw.com:6060	ConnectionTimeoutError: Connection timeout to host https://discord.com/api/v9/unique-username/username-attempt-unauthed
2026-09-01 18:33:37	NETWORK	bjpw	attempt=1	proxy=http://wiw4v7duaymysz9-session-37908978ee4d-lifetime-10:***@rp.scrapegw.com:6060	ConnectionTimeoutError: Connection timeout to host https://discord.com/api/v9/unique-username/username-attempt-unauthed
2026-09-01 18:33:38	HTTP_429	bqvg	attempt=1	proxy=http://wiw4v7duaymysz9-session-44c95af9c8d0-lifetime-10:***@rp.scrapegw.com:6060	scope=shared global=False retry_after=2088.00s
2026-09-01 18:33:38	NETWORK	bjtt	attempt=1	proxy=http://wiw4v7duaymysz9-session-e466c040b3d4-lifetime-10:***@rp.scrapegw.com:6060	ConnectionTimeoutError: Connection timeout to host https://discord.com/api/v9/unique-username/username-attempt-unauthed
2026-09-01 18:33:38	NETWORK	bjuj	attempt=1	proxy=http://wiw4v7duaymysz9-session-7b4c1fa8d53f-lifetime-10:***@rp.scrapegw.com:6060	ConnectionTimeoutError: Connection timeout to host https://discord.com/api/v9/unique-username/username-attempt-unauthed
2026-09-01 18:33:38	NETWORK	bjwr	attempt=1	proxy=http://wiw4v7duaymysz9-session-da60f4585a7a-lifetime-10:***@rp.scrapegw.com:6060	ConnectionTimeoutError: Connection timeout to host https://discord.com/api/v9/unique-username/username-attempt-unauthed
2026-09-01 18:33:38	NETWORK	bjnp	attempt=1	proxy=http://wiw4v7duaymysz9-session-ac6623c5c344-lifetime-10:***@rp.scrapegw.com:6060	ConnectionTimeoutError: Connection timeout to host https://discord.com/api/v9/unique-username/username-attempt-unauthed
2026-09-01 18:33:38	NETWORK	bkao	attempt=1	proxy=http://wiw4v7duaymysz9-session-11a470bbe57e-lifetime-10:***@rp.scrapegw.com:6060	ConnectionTimeoutError: Connection timeout to host https://discord.com/api/v9/unique-username/username-attempt-unauthed
2026-09-01 18:33:38	NETWORK	bkbw	attempt=1	proxy=http://wiw4v7duaymysz9-session-7c653c31c3be-lifetime-10:***@rp.scrapegw.com:6060	ConnectionTimeoutError: Connection timeout to host https://discord.com/api/v9/unique-username/username-attempt-unauthed
2026-09-01 18:33:38	NETWORK	bjvl	attempt=1	proxy=http://wiw4v7duaymysz9-session-393d6e928d4f-lifetime-10:***@rp.scrapegw.com:6060	ConnectionTimeoutError: Connection timeout to host https://discord.com/api/v9/unique-username/username-attempt-unauthed
2026-09-01 18:33:39	NETWORK	blho	attempt=1	proxy=http://wiw4v7duaymysz9-session-b5d6ff42daf4-lifetime-10:***@rp.scrapegw.com:6060	ConnectionTimeoutError: Connection timeout to host https://discord.com/api/v9/unique-username/username-attempt-unauthed
2026-09-01 18:33:39	NETWORK	bkgj	attempt=1	proxy=http://wiw4v7duaymysz9-session-1f28cbb3069a-lifetime-10:***@rp.scrapegw.com:6060	ConnectionTimeoutError: Connection timeout to host https://discord.com/api/v9/unique-username/username-attempt-unauthed
2026-09-01 18:33:39	NETWORK	bljl	attempt=1	proxy=http://wiw4v7duaymysz9-session-793fee6d66bb-lifetime-10:***@rp.scrapegw.com:6060	ConnectionTimeoutError: Connection timeout to host https://discord.com/api/v9/unique-username/username-attempt-unauthed
2026-09-01 18:33:39	NETWORK	bkwx	attempt=1	proxy=http://wiw4v7duaymysz9-session-4dfb19f2f8bc-lifetime-10:***@rp.scrapegw.com:6060	ConnectionTimeoutError: Connection timeout to host https://discord.com/api/v9/unique-username/username-attempt-unauthed
2026-09-01 18:33:39	NETWORK	bjnu	attempt=1	proxy=http://wiw4v7duaymysz9-session-44c95af9c8d0-lifetime-10:***@rp.scrapegw.com:6060	ConnectionTimeoutError: Connection timeout to host https://discord.com/api/v9/unique-username/username-attempt-unauthed
2026-09-01 18:33:39	NETWORK	bkwq	attempt=1	proxy=http://wiw4v7duaymysz9-session-4caced0d179f-lifetime-10:***@rp.scrapegw.com:6060	ConnectionTimeoutError: Connection timeout to host https://discord.com/api/v9/unique-username/username-attempt-unauthed
2026-09-01 18:33:39	NETWORK	bkuz	attempt=1	proxy=http://wiw4v7duaymysz9-session-6a9938a26128-lifetime-10:***@rp.scrapegw.com:6060	ConnectionTimeoutError: Connection timeout to host https://discord.com/api/v9/unique-username/username-attempt-unauthed
2026-09-01 18:33:39	NETWORK	blcp	attempt=1	proxy=http://wiw4v7duaymysz9-session-1aab9c0d317f-lifetime-10:***@rp.scrapegw.com:6060	ConnectionTimeoutError: Connection timeout to host https://discord.com/api/v9/unique-username/username-attempt-unauthed
2026-09-01 18:33:39	NETWORK	bldv	attempt=1	proxy=http://wiw4v7duaymysz9-session-a3f9b5cff249-lifetime-10:***@rp.scrapegw.com:6060	ConnectionTimeoutError: Connection timeout to host https://discord.com/api/v9/unique-username/username-attempt-unauthed
2026-09-01 18:33:40	NETWORK	bmsq	attempt=1	proxy=http://wiw4v7duaymysz9-session-811b185b7963-lifetime-10:***@rp.scrapegw.com:6060	ConnectionTimeoutError: Connection timeout to host https://discord.com/api/v9/unique-username/username-attempt-unauthed
2026-09-01 18:33:40	NETWORK	bmnr	attempt=1	proxy=http://wiw4v7duaymysz9-session-8c78453c950c-lifetime-10:***@rp.scrapegw.com:6060	ConnectionTimeoutError: Connection timeout to host https://discord.com/api/v9/unique-username/username-attempt-unauthed
2026-09-01 18:33:40	NETWORK	bmdj	attempt=1	proxy=http://wiw4v7duaymysz9-session-928b25d65279-lifetime-10:***@rp.scrapegw.com:6060	ConnectionTimeoutError: Connection timeout to host https://discord.com/api/v9/unique-username/username-attempt-unauthed
2026-09-01 18:33:40	NETWORK	bmpz	attempt=1	proxy=http://wiw4v7duaymysz9-session-ee14a39a34e0-lifetime-10:***@rp.scrapegw.com:6060	ConnectionTimeoutError: Connection timeout to host https://discord.com/api/v9/unique-username/username-attempt-unauthed
2026-09-01 18:33:40	NETWORK	bmhp	attempt=1	proxy=http://wiw4v7duaymysz9-session-1d00df88e7a1-lifetime-10:***@rp.scrapegw.com:6060	ConnectionTimeoutError: Connection timeout to host https://discord.com/api/v9/unique-username/username-attempt-unauthed
2026-09-01 18:33:40	NETWORK	blxg	attempt=1	proxy=http://wiw4v7duaymysz9-session-d16a1b86c910-lifetime-10:***@rp.scrapegw.com:6060	ConnectionTimeoutError: Connection timeout to host https://discord.com/api/v9/unique-username/username-attempt-unauthed
2026-09-01 18:33:40	NETWORK	bkdk	attempt=1	proxy=http://wiw4v7duaymysz9-session-34fc454f1eb4-lifetime-10:***@rp.scrapegw.com:6060	ConnectionTimeoutError: Connection timeout to host https://discord.com/api/v9/unique-username/username-attempt-unauthed
2026-09-01 18:33:40	NETWORK	bmig	attempt=1	proxy=http://wiw4v7duaymysz9-session-ac6623c5c344-lifetime-10:***@rp.scrapegw.com:6060	ConnectionTimeoutError: Connection timeout to host https://discord.com/api/v9/unique-username/username-attempt-unauthed
2026-09-01 18:33:40	NETWORK	bmkc	attempt=1	proxy=http://wiw4v7duaymysz9-session-feff2b3362c9-lifetime-10:***@rp.scrapegw.com:6060	ConnectionTimeoutError: Connection timeout to host https://discord.com/api/v9/unique-username/username-attempt-unauthed
2026-09-01 18:33:41	NETWORK	bofz	attempt=1	proxy=http://wiw4v7duaymysz9-session-1f28cbb3069a-lifetime-10:***@rp.scrapegw.com:6060	ConnectionTimeoutError: Connection timeout to host https://discord.com/api/v9/unique-username/username-attempt-unauthed
2026-09-01 18:33:41	NETWORK	bngb	attempt=1	proxy=http://wiw4v7duaymysz9-session-393d6e928d4f-lifetime-10:***@rp.scrapegw.com:6060	ConnectionTimeoutError: Connection timeout to host https://discord.com/api/v9/unique-username/username-attempt-unauthed
2026-09-01 18:33:41	NETWORK	bnzx	attempt=1	proxy=http://wiw4v7duaymysz9-session-34fc454f1eb4-lifetime-10:***@rp.scrapegw.com:6060	ConnectionTimeoutError: Connection timeout to host https://discord.com/api/v9/unique-username/username-attempt-unauthed
2026-09-01 18:33:41	NETWORK	bomf	attempt=1	proxy=http://wiw4v7duaymysz9-session-464aaeed94ca-lifetime-10:***@rp.scrapegw.com:6060	ConnectionTimeoutError: Connection timeout to host https://discord.com/api/v9/unique-username/username-attempt-unauthed
2026-09-01 18:33:41	NETWORK	bobq	attempt=1	proxy=http://wiw4v7duaymysz9-session-1fddcbd1457d-lifetime-10:***@rp.scrapegw.com:6060	ConnectionTimeoutError: Connection timeout to host https://discord.com/api/v9/unique-username/username-attempt-unauthed
2026-09-01 18:33:41	NETWORK	bmxz	attempt=1	proxy=http://wiw4v7duaymysz9-session-7b4c1fa8d53f-lifetime-10:***@rp.scrapegw.com:6060	ConnectionTimeoutError: Connection timeout to host https://discord.com/api/v9/unique-username/username-attempt-unauthed
2026-09-01 18:33:41	NETWORK	bmvc	attempt=1	proxy=http://wiw4v7duaymysz9-session-e466c040b3d4-lifetime-10:***@rp.scrapegw.com:6060	ConnectionTimeoutError: Connection timeout to host https://discord.com/api/v9/unique-username/username-attempt-unauthed
2026-09-01 18:33:41	NETWORK	bnuw	attempt=1	proxy=http://wiw4v7duaymysz9-session-7c653c31c3be-lifetime-10:***@rp.scrapegw.com:6060	ConnectionTimeoutError: Connection timeout to host https://discord.com/api/v9/unique-username/username-attempt-unauthed
2026-09-01 18:33:41	NETWORK	bnoo	attempt=1	proxy=http://wiw4v7duaymysz9-session-11a470bbe57e-lifetime-10:***@rp.scrapegw.com:6060	ConnectionTimeoutError: Connection timeout to host https://discord.com/api/v9/unique-username/username-attempt-unauthed
2026-09-01 18:33:41	NETWORK	bnhk	attempt=1	proxy=http://wiw4v7duaymysz9-session-da60f4585a7a-lifetime-10:***@rp.scrapegw.com:6060	ConnectionTimeoutError: Connection timeout to host https://discord.com/api/v9/unique-username/username-attempt-unauthed
2026-09-01 18:33:41	NETWORK	bnai	attempt=1	proxy=http://wiw4v7duaymysz9-session-e132c24a4f14-lifetime-10:***@rp.scrapegw.com:6060	ConnectionTimeoutError: Connection timeout to host https://discord.com/api/v9/unique-username/username-attempt-unauthed
2026-09-01 18:33:42	NETWORK	bpgp	attempt=1	proxy=http://wiw4v7duaymysz9-session-6a9938a26128-lifetime-10:***@rp.scrapegw.com:6060	ConnectionTimeoutError: Connection timeout to host https://discord.com/api/v9/unique-username/username-attempt-unauthed
2026-09-01 18:33:42	NETWORK	bpsz	attempt=1	proxy=http://wiw4v7duaymysz9-session-a3f9b5cff249-lifetime-10:***@rp.scrapegw.com:6060	ConnectionTimeoutError: Connection timeout to host https://discord.com/api/v9/unique-username/username-attempt-unauthed
2026-09-01 18:33:42	NETWORK	bqfz	attempt=1	proxy=http://wiw4v7duaymysz9-session-d751fd3d4893-lifetime-10:***@rp.scrapegw.com:6060	ConnectionTimeoutError: Connection timeout to host https://discord.com/api/v9/unique-username/username-attempt-unauthed
2026-09-01 18:33:42	NETWORK	bphf	attempt=1	proxy=http://wiw4v7duaymysz9-session-4caced0d179f-lifetime-10:***@rp.scrapegw.com:6060	ConnectionTimeoutError: Connection timeout to host https://discord.com/api/v9/unique-username/username-attempt-unauthed
2026-09-01 18:33:42	NETWORK	bprl	attempt=1	proxy=http://wiw4v7duaymysz9-session-c06a380c5c0e-lifetime-10:***@rp.scrapegw.com:6060	ConnectionTimeoutError: Connection timeout to host https://discord.com/api/v9/unique-username/username-attempt-unauthed
2026-09-01 18:33:42	NETWORK	bprw	attempt=1	proxy=http://wiw4v7duaymysz9-session-1aab9c0d317f-lifetime-10:***@rp.scrapegw.com:6060	ConnectionTimeoutError: Connection timeout to host https://discord.com/api/v9/unique-username/username-attempt-unauthed
2026-09-01 18:33:42	NETWORK	bpza	attempt=1	proxy=http://wiw4v7duaymysz9-session-5ba8fe140b71-lifetime-10:***@rp.scrapegw.com:6060	ConnectionTimeoutError: Connection timeout to host https://discord.com/api/v9/unique-username/username-attempt-unauthed
2026-09-01 18:33:42	NETWORK	bpxq	attempt=1	proxy=http://wiw4v7duaymysz9-session-b5d6ff42daf4-lifetime-10:***@rp.scrapegw.com:6060	ConnectionTimeoutError: Connection timeout to host https://discord.com/api/v9/unique-username/username-attempt-unauthed
2026-09-01 18:33:42	NETWORK	bkdb	attempt=1	proxy=http://wiw4v7duaymysz9-session-9fb45d5e389a-lifetime-10:***@rp.scrapegw.com:6060	ConnectionTimeoutError: Connection timeout to host https://discord.com/api/v9/unique-username/username-attempt-unauthed
2026-09-01 18:33:42	NETWORK	bpnr	attempt=1	proxy=http://wiw4v7duaymysz9-session-4dfb19f2f8bc-lifetime-10:***@rp.scrapegw.com:6060	ConnectionTimeoutError: Connection timeout to host https://discord.com/api/v9/unique-username/username-attempt-unauthed
2026-09-01 18:33:42	NETWORK	bmrr	attempt=1	proxy=http://wiw4v7duaymysz9-session-bfdfa0733ae9-lifetime-10:***@rp.scrapegw.com:6060	ConnectionTimeoutError: Connection timeout to host https://discord.com/api/v9/unique-username/username-attempt-unauthed
2026-09-01 18:33:43	NETWORK	bpxt	attempt=1	proxy=http://wiw4v7duaymysz9-session-793fee6d66bb-lifetime-10:***@rp.scrapegw.com:6060	ConnectionTimeoutError: Connection timeout to host https://discord.com/api/v9/unique-username/username-attempt-unauthed
2026-09-01 18:33:43	NETWORK	bqqh	attempt=1	proxy=http://wiw4v7duaymysz9-session-2b875396c339-lifetime-10:***@rp.scrapegw.com:6060	ConnectionTimeoutError: Connection timeout to host https://discord.com/api/v9/unique-username/username-attempt-unauthed
2026-09-01 18:33:43	NETWORK	bqig	attempt=1	proxy=http://wiw4v7duaymysz9-session-f6dd4c4a139c-lifetime-10:***@rp.scrapegw.com:6060	ConnectionTimeoutError: Connection timeout to host https://discord.com/api/v9/unique-username/username-attempt-unauthed
2026-09-01 18:33:43	NETWORK	bqgg	attempt=1	proxy=http://wiw4v7duaymysz9-session-d6e851188610-lifetime-10:***@rp.scrapegw.com:6060	ConnectionTimeoutError: Connection timeout to host https://discord.com/api/v9/unique-username/username-attempt-unauthed
2026-09-01 18:33:43	NETWORK	bqtm	attempt=1	proxy=http://wiw4v7duaymysz9-session-99571d6ae2de-lifetime-10:***@rp.scrapegw.com:6060	ConnectionTimeoutError: Connection timeout to host https://discord.com/api/v9/unique-username/username-attempt-unauthed
2026-09-01 18:33:43	NETWORK	bqxd	attempt=1	proxy=http://wiw4v7duaymysz9-session-feff2b3362c9-lifetime-10:***@rp.scrapegw.com:6060	ConnectionTimeoutError: Connection timeout to host https://discord.com/api/v9/unique-username/username-attempt-unauthed
2026-09-01 18:33:43	NETWORK	bqkb	attempt=1	proxy=http://wiw4v7duaymysz9-session-0a52a4d681d1-lifetime-10:***@rp.scrapegw.com:6060	ConnectionTimeoutError: Connection timeout to host https://discord.com/api/v9/unique-username/username-attempt-unauthed
2026-09-01 18:33:43	NETWORK	bqut	attempt=1	proxy=http://wiw4v7duaymysz9-session-1d00df88e7a1-lifetime-10:***@rp.scrapegw.com:6060	ConnectionTimeoutError: Connection timeout to host https://discord.com/api/v9/unique-username/username-attempt-unauthed
2026-09-01 18:33:43	NETWORK	bqyf	attempt=1	proxy=http://wiw4v7duaymysz9-session-8c78453c950c-lifetime-10:***@rp.scrapegw.com:6060	ConnectionTimeoutError: Connection timeout to host https://discord.com/api/v9/unique-username/username-attempt-unauthed
2026-09-01 18:33:43	NETWORK	bqoo	attempt=1	proxy=http://wiw4v7duaymysz9-session-26b16d49830b-lifetime-10:***@rp.scrapegw.com:6060	ConnectionTimeoutError: Connection timeout to host https://discord.com/api/v9/unique-username/username-attempt-unauthed
2026-09-01 18:33:43	NETWORK	bqto	attempt=1	proxy=http://wiw4v7duaymysz9-session-928b25d65279-lifetime-10:***@rp.scrapegw.com:6060	ConnectionTimeoutError: Connection timeout to host https://discord.com/api/v9/unique-username/username-attempt-unauthed
2026-09-01 18:33:44	HTTP_429	bwux	attempt=1	proxy=http://wiw4v7duaymysz9-session-d0a8257f1584-lifetime-10:***@rp.scrapegw.com:6060	scope=shared global=False retry_after=2092.00s
2026-09-01 18:33:44	NETWORK	brgm	attempt=1	proxy=http://wiw4v7duaymysz9-session-e132c24a4f14-lifetime-10:***@rp.scrapegw.com:6060	ConnectionTimeoutError: Connection timeout to host https://discord.com/api/v9/unique-username/username-attempt-unauthed
2026-09-01 18:33:44	NETWORK	brik	attempt=1	proxy=http://wiw4v7duaymysz9-session-11a470bbe57e-lifetime-10:***@rp.scrapegw.com:6060	ConnectionTimeoutError: Connection timeout to host https://discord.com/api/v9/unique-username/username-attempt-unauthed
2026-09-01 18:33:44	NETWORK	brcu	attempt=1	proxy=http://wiw4v7duaymysz9-session-e466c040b3d4-lifetime-10:***@rp.scrapegw.com:6060	ConnectionTimeoutError: Connection timeout to host https://discord.com/api/v9/unique-username/username-attempt-unauthed
2026-09-01 18:33:44	NETWORK	brle	attempt=1	proxy=http://wiw4v7duaymysz9-session-7c653c31c3be-lifetime-10:***@rp.scrapegw.com:6060	ConnectionTimeoutError: Connection timeout to host https://discord.com/api/v9/unique-username/username-attempt-unauthed
2026-09-01 18:33:44	NETWORK	bqsd	attempt=1	proxy=http://wiw4v7duaymysz9-session-a3fd69922ec2-lifetime-10:***@rp.scrapegw.com:6060	ConnectionTimeoutError: Connection timeout to host https://discord.com/api/v9/unique-username/username-attempt-unauthed
2026-09-01 18:33:44	NETWORK	brcz	attempt=1	proxy=http://wiw4v7duaymysz9-session-7b4c1fa8d53f-lifetime-10:***@rp.scrapegw.com:6060	ConnectionTimeoutError: Connection timeout to host https://discord.com/api/v9/unique-username/username-attempt-unauthed
2026-09-01 18:33:44	NETWORK	bqez	attempt=1	proxy=http://wiw4v7duaymysz9-session-0245260132f9-lifetime-10:***@rp.scrapegw.com:6060	ConnectionTimeoutError: Connection timeout to host https://discord.com/api/v9/unique-username/username-attempt-unauthed
2026-09-01 18:33:45	NETWORK	brse	attempt=1	proxy=http://wiw4v7duaymysz9-session-464aaeed94ca-lifetime-10:***@rp.scrapegw.com:6060	ConnectionTimeoutError: Connection timeout to host https://discord.com/api/v9/unique-username/username-attempt-unauthed
2026-09-01 18:33:45	NETWORK	brqj	attempt=1	proxy=http://wiw4v7duaymysz9-session-6a1c79ff32f8-lifetime-10:***@rp.scrapegw.com:6060	ConnectionTimeoutError: Connection timeout to host https://discord.com/api/v9/unique-username/username-attempt-unauthed
2026-09-01 18:33:45	NETWORK	brmx	attempt=1	proxy=http://wiw4v7duaymysz9-session-34fc454f1eb4-lifetime-10:***@rp.scrapegw.com:6060	ConnectionTimeoutError: Connection timeout to host https://discord.com/api/v9/unique-username/username-attempt-unauthed
2026-09-01 18:33:46	NETWORK	bsbi	attempt=1	proxy=http://wiw4v7duaymysz9-session-4dfb19f2f8bc-lifetime-10:***@rp.scrapegw.com:6060	ConnectionTimeoutError: Connection timeout to host https://discord.com/api/v9/unique-username/username-attempt-unauthed
2026-09-01 18:33:46	NETWORK	bsdt	attempt=1	proxy=http://wiw4v7duaymysz9-session-c06a380c5c0e-lifetime-10:***@rp.scrapegw.com:6060	ConnectionTimeoutError: Connection timeout to host https://discord.com/api/v9/unique-username/username-attempt-unauthed
2026-09-01 18:33:46	NETWORK	bsap	attempt=1	proxy=http://wiw4v7duaymysz9-session-4caced0d179f-lifetime-10:***@rp.scrapegw.com:6060	ConnectionTimeoutError: Connection timeout to host https://discord.com/api/v9/unique-username/username-attempt-unauthed
2026-09-01 18:33:46	NETWORK	bsmz	attempt=1	proxy=http://wiw4v7duaymysz9-session-793fee6d66bb-lifetime-10:***@rp.scrapegw.com:6060	ConnectionTimeoutError: Connection timeout to host https://discord.com/api/v9/unique-username/username-attempt-unauthed
2026-09-01 18:33:46	NETWORK	bsfw	attempt=1	proxy=http://wiw4v7duaymysz9-session-a3f9b5cff249-lifetime-10:***@rp.scrapegw.com:6060	ConnectionTimeoutError: Connection timeout to host https://discord.com/api/v9/unique-username/username-attempt-unauthed
2026-09-01 18:33:46	NETWORK	bsfv	attempt=1	proxy=http://wiw4v7duaymysz9-session-1aab9c0d317f-lifetime-10:***@rp.scrapegw.com:6060	ConnectionTimeoutError: Connection timeout to host https://discord.com/api/v9/unique-username/username-attempt-unauthed
2026-09-01 18:33:46	NETWORK	bslg	attempt=1	proxy=http://wiw4v7duaymysz9-session-b5d6ff42daf4-lifetime-10:***@rp.scrapegw.com:6060	ConnectionTimeoutError: Connection timeout to host https://discord.com/api/v9/unique-username/username-attempt-unauthed
2026-09-01 18:33:46	NETWORK	bsal	attempt=1	proxy=http://wiw4v7duaymysz9-session-6a9938a26128-lifetime-10:***@rp.scrapegw.com:6060	ConnectionTimeoutError: Connection timeout to host https://discord.com/api/v9/unique-username/username-attempt-unauthed
2026-09-01 18:33:47	HTTP_429	byud	attempt=1	proxy=http://wiw4v7duaymysz9-session-9cb62d36ce70-lifetime-10:***@rp.scrapegw.com:6060	scope=shared global=False retry_after=416.00s
2026-09-01 18:33:47	HTTP_429	byxr	attempt=1	proxy=http://wiw4v7duaymysz9-session-d49398f0168a-lifetime-10:***@rp.scrapegw.com:6060	scope=shared global=False retry_after=2088.00s
2026-09-01 18:33:47	NETWORK	bsnf	attempt=1	proxy=http://wiw4v7duaymysz9-session-5ba8fe140b71-lifetime-10:***@rp.scrapegw.com:6060	ConnectionTimeoutError: Connection timeout to host https://discord.com/api/v9/unique-username/username-attempt-unauthed
2026-09-01 18:33:47	NETWORK	bstq	attempt=1	proxy=http://wiw4v7duaymysz9-session-1939c7a73140-lifetime-10:***@rp.scrapegw.com:6060	ConnectionTimeoutError: Connection timeout to host https://discord.com/api/v9/unique-username/username-attempt-unauthed
2026-09-01 18:33:47	NETWORK	bsqd	attempt=1	proxy=http://wiw4v7duaymysz9-session-c0b5d2178ed0-lifetime-10:***@rp.scrapegw.com:6060	ConnectionTimeoutError: Connection timeout to host https://discord.com/api/v9/unique-username/username-attempt-unauthed
2026-09-01 18:33:47	NETWORK	bsrk	attempt=1	proxy=http://wiw4v7duaymysz9-session-d751fd3d4893-lifetime-10:***@rp.scrapegw.com:6060	ConnectionTimeoutError: Connection timeout to host https://discord.com/api/v9/unique-username/username-attempt-unauthed
2026-09-01 18:33:47	NETWORK	bssg	attempt=1	proxy=http://wiw4v7duaymysz9-session-d6e851188610-lifetime-10:***@rp.scrapegw.com:6060	ConnectionTimeoutError: Connection timeout to host https://discord.com/api/v9/unique-username/username-attempt-unauthed
2026-09-01 18:33:47	NETWORK	bsrh	attempt=1	proxy=http://wiw4v7duaymysz9-session-0245260132f9-lifetime-10:***@rp.scrapegw.com:6060	ConnectionTimeoutError: Connection timeout to host https://discord.com/api/v9/unique-username/username-attempt-unauthed
2026-09-01 18:33:48	NETWORK	btft	attempt=1	proxy=http://wiw4v7duaymysz9-session-9d8f30f3b1fe-lifetime-10:***@rp.scrapegw.com:6060	ConnectionTimeoutError: Connection timeout to host https://discord.com/api/v9/unique-username/username-attempt-unauthed
2026-09-01 18:33:48	NETWORK	bszn	attempt=1	proxy=http://wiw4v7duaymysz9-session-1c95670fca9f-lifetime-10:***@rp.scrapegw.com:6060	ConnectionTimeoutError: Connection timeout to host https://discord.com/api/v9/unique-username/username-attempt-unauthed
2026-09-01 18:33:48	NETWORK	btdc	attempt=1	proxy=http://wiw4v7duaymysz9-session-ee8e028bfaff-lifetime-10:***@rp.scrapegw.com:6060	ConnectionTimeoutError: Connection timeout to host https://discord.com/api/v9/unique-username/username-attempt-unauthed
2026-09-01 18:33:48	NETWORK	bted	attempt=1	proxy=http://wiw4v7duaymysz9-session-6d5ec1bfb7b9-lifetime-10:***@rp.scrapegw.com:6060	ConnectionTimeoutError: Connection timeout to host https://discord.com/api/v9/unique-username/username-attempt-unauthed
2026-09-01 18:33:48	NETWORK	btex	attempt=1	proxy=http://wiw4v7duaymysz9-session-2b875396c339-lifetime-10:***@rp.scrapegw.com:6060	ConnectionTimeoutError: Connection timeout to host https://discord.com/api/v9/unique-username/username-attempt-unauthed
2026-09-01 18:33:48	NETWORK	bsvh	attempt=1	proxy=http://wiw4v7duaymysz9-session-0a52a4d681d1-lifetime-10:***@rp.scrapegw.com:6060	ConnectionTimeoutError: Connection timeout to host https://discord.com/api/v9/unique-username/username-attempt-unauthed
2026-09-01 18:33:48	NETWORK	btab	attempt=1	proxy=http://wiw4v7duaymysz9-session-d16a1b86c910-lifetime-10:***@rp.scrapegw.com:6060	ConnectionTimeoutError: Connection timeout to host https://discord.com/api/v9/unique-username/username-attempt-unauthed
2026-09-01 18:33:48	NETWORK	bsve	attempt=1	proxy=http://wiw4v7duaymysz9-session-f6dd4c4a139c-lifetime-10:***@rp.scrapegw.com:6060	ConnectionTimeoutError: Connection timeout to host https://discord.com/api/v9/unique-username/username-attempt-unauthed
2026-09-01 18:33:48	NETWORK	bszx	attempt=1	proxy=http://wiw4v7duaymysz9-session-abd7ec4e2f8c-lifetime-10:***@rp.scrapegw.com:6060	ConnectionTimeoutError: Connection timeout to host https://discord.com/api/v9/unique-username/username-attempt-unauthed
2026-09-01 18:33:48	NETWORK	btfo	attempt=1	proxy=http://wiw4v7duaymysz9-session-825258a0a4be-lifetime-10:***@rp.scrapegw.com:6060	ConnectionTimeoutError: Connection timeout to host https://discord.com/api/v9/unique-username/username-attempt-unauthed
2026-09-01 18:33:48	NETWORK	bszp	attempt=1	proxy=http://wiw4v7duaymysz9-session-26b16d49830b-lifetime-10:***@rp.scrapegw.com:6060	ConnectionTimeoutError: Connection timeout to host https://discord.com/api/v9/unique-username/username-attempt-unauthed
2026-09-01 18:33:49	NETWORK	bths	attempt=1	proxy=http://wiw4v7duaymysz9-session-99571d6ae2de-lifetime-10:***@rp.scrapegw.com:6060	ConnectionTimeoutError: Connection timeout to host https://discord.com/api/v9/unique-username/username-attempt-unauthed
2026-09-01 18:33:49	NETWORK	btis	attempt=1	proxy=http://wiw4v7duaymysz9-session-7ea5b167b99b-lifetime-10:***@rp.scrapegw.com:6060	ConnectionTimeoutError: Connection timeout to host https://discord.com/api/v9/unique-username/username-attempt-unauthed
2026-09-01 18:33:49	NETWORK	buhz	attempt=1	proxy=http://wiw4v7duaymysz9-session-432141b3a7c5-lifetime-10:***@rp.scrapegw.com:6060	ConnectionTimeoutError: Connection timeout to host https://discord.com/api/v9/unique-username/username-attempt-unauthed
2026-09-01 18:33:49	NETWORK	buvy	attempt=1	proxy=http://wiw4v7duaymysz9-session-ead3b11b5a93-lifetime-10:***@rp.scrapegw.com:6060	ConnectionTimeoutError: Connection timeout to host https://discord.com/api/v9/unique-username/username-attempt-unauthed
2026-09-01 18:33:49	NETWORK	btiv	attempt=1	proxy=http://wiw4v7duaymysz9-session-0fd3a06389f5-lifetime-10:***@rp.scrapegw.com:6060	ConnectionTimeoutError: Connection timeout to host https://discord.com/api/v9/unique-username/username-attempt-unauthed
2026-09-01 18:33:49	NETWORK	btzg	attempt=1	proxy=http://wiw4v7duaymysz9-session-aec468d1589d-lifetime-10:***@rp.scrapegw.com:6060	ConnectionTimeoutError: Connection timeout to host https://discord.com/api/v9/unique-username/username-attempt-unauthed
2026-09-01 18:33:49	NETWORK	bttn	attempt=1	proxy=http://wiw4v7duaymysz9-session-03160aef72c2-lifetime-10:***@rp.scrapegw.com:6060	ConnectionTimeoutError: Connection timeout to host https://discord.com/api/v9/unique-username/username-attempt-unauthed
2026-09-01 18:33:49	NETWORK	buxc	attempt=1	proxy=http://wiw4v7duaymysz9-session-a29be8453ef3-lifetime-10:***@rp.scrapegw.com:6060	ConnectionTimeoutError: Connection timeout to host https://discord.com/api/v9/unique-username/username-attempt-unauthed
2026-09-01 18:33:50	NETWORK	bvsz	attempt=1	proxy=http://wiw4v7duaymysz9-session-5ba8fe140b71-lifetime-10:***@rp.scrapegw.com:6060	ConnectionTimeoutError: Connection timeout to host https://discord.com/api/v9/unique-username/username-attempt-unauthed
2026-09-01 18:33:50	NETWORK	buxy	attempt=1	proxy=http://wiw4v7duaymysz9-session-c658694b6f29-lifetime-10:***@rp.scrapegw.com:6060	ConnectionTimeoutError: Connection timeout to host https://discord.com/api/v9/unique-username/username-attempt-unauthed
2026-09-01 18:33:50	NETWORK	buxk	attempt=1	proxy=http://wiw4v7duaymysz9-session-bfdfa0733ae9-lifetime-10:***@rp.scrapegw.com:6060	ConnectionTimeoutError: Connection timeout to host https://discord.com/api/v9/unique-username/username-attempt-unauthed
2026-09-01 18:33:50	NETWORK	bvql	attempt=1	proxy=http://wiw4v7duaymysz9-session-c06a380c5c0e-lifetime-10:***@rp.scrapegw.com:6060	ConnectionTimeoutError: Connection timeout to host https://discord.com/api/v9/unique-username/username-attempt-unauthed
2026-09-01 18:33:50	NETWORK	bvhh	attempt=1	proxy=http://wiw4v7duaymysz9-session-7c7a33c72a32-lifetime-10:***@rp.scrapegw.com:6060	ConnectionTimeoutError: Connection timeout to host https://discord.com/api/v9/unique-username/username-attempt-unauthed
2026-09-01 18:33:50	NETWORK	bvec	attempt=1	proxy=http://wiw4v7duaymysz9-session-e5ad77fbce22-lifetime-10:***@rp.scrapegw.com:6060	ConnectionTimeoutError: Connection timeout to host https://discord.com/api/v9/unique-username/username-attempt-unauthed
2026-09-01 18:33:50	NETWORK	bubx	attempt=1	proxy=http://wiw4v7duaymysz9-session-e2760025fe8f-lifetime-10:***@rp.scrapegw.com:6060	ConnectionTimeoutError: Connection timeout to host https://discord.com/api/v9/unique-username/username-attempt-unauthed
2026-09-01 18:33:51	HTTP_429	cbju	attempt=1	proxy=http://wiw4v7duaymysz9-session-09a447453420-lifetime-10:***@rp.scrapegw.com:6060	scope=shared global=False retry_after=2076.00s
2026-09-01 18:33:51	NETWORK	bwtf	attempt=1	proxy=http://wiw4v7duaymysz9-session-825258a0a4be-lifetime-10:***@rp.scrapegw.com:6060	ConnectionTimeoutError: Connection timeout to host https://discord.com/api/v9/unique-username/username-attempt-unauthed
2026-09-01 18:33:51	NETWORK	bvdi	attempt=1	proxy=http://wiw4v7duaymysz9-session-bd7320b792bf-lifetime-10:***@rp.scrapegw.com:6060	ConnectionTimeoutError: Connection timeout to host https://discord.com/api/v9/unique-username/username-attempt-unauthed
2026-09-01 18:33:51	NETWORK	bwcl	attempt=1	proxy=http://wiw4v7duaymysz9-session-0a52a4d681d1-lifetime-10:***@rp.scrapegw.com:6060	ConnectionTimeoutError: Connection timeout to host https://discord.com/api/v9/unique-username/username-attempt-unauthed
2026-09-01 18:33:51	NETWORK	bvvj	attempt=1	proxy=http://wiw4v7duaymysz9-session-c0b5d2178ed0-lifetime-10:***@rp.scrapegw.com:6060	ConnectionTimeoutError: Connection timeout to host https://discord.com/api/v9/unique-username/username-attempt-unauthed
2026-09-01 18:33:51	NETWORK	bwsa	attempt=1	proxy=http://wiw4v7duaymysz9-session-6d5ec1bfb7b9-lifetime-10:***@rp.scrapegw.com:6060	ConnectionTimeoutError: Connection timeout to host https://discord.com/api/v9/unique-username/username-attempt-unauthed
2026-09-01 18:33:51	NETWORK	bwqg	attempt=1	proxy=http://wiw4v7duaymysz9-session-ee8e028bfaff-lifetime-10:***@rp.scrapegw.com:6060	ConnectionTimeoutError: Connection timeout to host https://discord.com/api/v9/unique-username/username-attempt-unauthed
2026-09-01 18:33:51	NETWORK	bwcf	attempt=1	proxy=http://wiw4v7duaymysz9-session-f6dd4c4a139c-lifetime-10:***@rp.scrapegw.com:6060	ConnectionTimeoutError: Connection timeout to host https://discord.com/api/v9/unique-username/username-attempt-unauthed
2026-09-01 18:33:51	NETWORK	bwsp	attempt=1	proxy=http://wiw4v7duaymysz9-session-2b875396c339-lifetime-10:***@rp.scrapegw.com:6060	ConnectionTimeoutError: Connection timeout to host https://discord.com/api/v9/unique-username/username-attempt-unauthed
2026-09-01 18:33:51	NETWORK	bwkn	attempt=1	proxy=http://wiw4v7duaymysz9-session-26b16d49830b-lifetime-10:***@rp.scrapegw.com:6060	ConnectionTimeoutError: Connection timeout to host https://discord.com/api/v9/unique-username/username-attempt-unauthed
2026-09-01 18:33:51	NETWORK	bwaz	attempt=1	proxy=http://wiw4v7duaymysz9-session-1939c7a73140-lifetime-10:***@rp.scrapegw.com:6060	ConnectionTimeoutError: Connection timeout to host https://discord.com/api/v9/unique-username/username-attempt-unauthed
2026-09-01 18:33:51	NETWORK	bvze	attempt=1	proxy=http://wiw4v7duaymysz9-session-d6e851188610-lifetime-10:***@rp.scrapegw.com:6060	ConnectionTimeoutError: Connection timeout to host https://discord.com/api/v9/unique-username/username-attempt-unauthed
2026-09-01 18:33:51	NETWORK	bvyv	attempt=1	proxy=http://wiw4v7duaymysz9-session-190f776171b8-lifetime-10:***@rp.scrapegw.com:6060	ConnectionTimeoutError: Connection timeout to host https://discord.com/api/v9/unique-username/username-attempt-unauthed
2026-09-01 18:33:51	NETWORK	bvyh	attempt=1	proxy=http://wiw4v7duaymysz9-session-0245260132f9-lifetime-10:***@rp.scrapegw.com:6060	ConnectionTimeoutError: Connection timeout to host https://discord.com/api/v9/unique-username/username-attempt-unauthed
2026-09-01 18:33:51	NETWORK	bvcf	attempt=1	proxy=http://wiw4v7duaymysz9-session-6a1c79ff32f8-lifetime-10:***@rp.scrapegw.com:6060	ConnectionTimeoutError: Connection timeout to host https://discord.com/api/v9/unique-username/username-attempt-unauthed
2026-09-01 18:33:51	NETWORK	bwgj	attempt=1	proxy=http://wiw4v7duaymysz9-session-1c95670fca9f-lifetime-10:***@rp.scrapegw.com:6060	ConnectionTimeoutError: Connection timeout to host https://discord.com/api/v9/unique-username/username-attempt-unauthed
2026-09-01 18:33:52	NETWORK	bxrj	attempt=1	proxy=http://wiw4v7duaymysz9-session-432141b3a7c5-lifetime-10:***@rp.scrapegw.com:6060	ConnectionTimeoutError: Connection timeout to host https://discord.com/api/v9/unique-username/username-attempt-unauthed
2026-09-01 18:33:52	NETWORK	bwxz	attempt=1	proxy=http://wiw4v7duaymysz9-session-7ea5b167b99b-lifetime-10:***@rp.scrapegw.com:6060	ConnectionTimeoutError: Connection timeout to host https://discord.com/api/v9/unique-username/username-attempt-unauthed
2026-09-01 18:33:52	NETWORK	bxpu	attempt=1	proxy=http://wiw4v7duaymysz9-session-5caf4468f761-lifetime-10:***@rp.scrapegw.com:6060	ConnectionTimeoutError: Connection timeout to host https://discord.com/api/v9/unique-username/username-attempt-unauthed
2026-09-01 18:33:52	NETWORK	bxqx	attempt=1	proxy=http://wiw4v7duaymysz9-session-486c654aff40-lifetime-10:***@rp.scrapegw.com:6060	ConnectionTimeoutError: Connection timeout to host https://discord.com/api/v9/unique-username/username-attempt-unauthed
2026-09-01 18:33:52	NETWORK	bxif	attempt=1	proxy=http://wiw4v7duaymysz9-session-aec468d1589d-lifetime-10:***@rp.scrapegw.com:6060	ConnectionTimeoutError: Connection timeout to host https://discord.com/api/v9/unique-username/username-attempt-unauthed
2026-09-01 18:33:52	NETWORK	bwzh	attempt=1	proxy=http://wiw4v7duaymysz9-session-0fd3a06389f5-lifetime-10:***@rp.scrapegw.com:6060	ConnectionTimeoutError: Connection timeout to host https://discord.com/api/v9/unique-username/username-attempt-unauthed
2026-09-01 18:33:52	NETWORK	bxip	attempt=1	proxy=http://wiw4v7duaymysz9-session-e2760025fe8f-lifetime-10:***@rp.scrapegw.com:6060	ConnectionTimeoutError: Connection timeout to host https://discord.com/api/v9/unique-username/username-attempt-unauthed
2026-09-01 18:33:52	NETWORK	bwwm	attempt=1	proxy=http://wiw4v7duaymysz9-session-a3fd69922ec2-lifetime-10:***@rp.scrapegw.com:6060	ConnectionTimeoutError: Connection timeout to host https://discord.com/api/v9/unique-username/username-attempt-unauthed
2026-09-01 18:33:52	NETWORK	bwuc	attempt=1	proxy=http://wiw4v7duaymysz9-session-9d8f30f3b1fe-lifetime-10:***@rp.scrapegw.com:6060	ConnectionTimeoutError: Connection timeout to host https://discord.com/api/v9/unique-username/username-attempt-unauthed
2026-09-01 18:33:52	NETWORK	bxla	attempt=1	proxy=http://wiw4v7duaymysz9-session-37908978ee4d-lifetime-10:***@rp.scrapegw.com:6060	ConnectionTimeoutError: Connection timeout to host https://discord.com/api/v9/unique-username/username-attempt-unauthed
2026-09-01 18:33:53	HTTP_429	ceoy	attempt=1	proxy=http://wiw4v7duaymysz9-session-47a4c66d9559-lifetime-10:***@rp.scrapegw.com:6060	scope=shared global=False retry_after=2082.00s
2026-09-01 18:33:53	NETWORK	bybf	attempt=1	proxy=http://wiw4v7duaymysz9-session-393d6e928d4f-lifetime-10:***@rp.scrapegw.com:6060	ConnectionTimeoutError: Connection timeout to host https://discord.com/api/v9/unique-username/username-attempt-unauthed
2026-09-01 18:33:53	NETWORK	bydu	attempt=1	proxy=http://wiw4v7duaymysz9-session-34fc454f1eb4-lifetime-10:***@rp.scrapegw.com:6060	ConnectionTimeoutError: Connection timeout to host https://discord.com/api/v9/unique-username/username-attempt-unauthed
2026-09-01 18:33:53	NETWORK	bxsk	attempt=1	proxy=http://wiw4v7duaymysz9-session-ead3b11b5a93-lifetime-10:***@rp.scrapegw.com:6060	ConnectionTimeoutError: Connection timeout to host https://discord.com/api/v9/unique-username/username-attempt-unauthed
2026-09-01 18:33:53	NETWORK	bxtj	attempt=1	proxy=http://wiw4v7duaymysz9-session-a29be8453ef3-lifetime-10:***@rp.scrapegw.com:6060	ConnectionTimeoutError: Connection timeout to host https://discord.com/api/v9/unique-username/username-attempt-unauthed
2026-09-01 18:33:53	NETWORK	bxqg	attempt=1	proxy=http://wiw4v7duaymysz9-session-ee14a39a34e0-lifetime-10:***@rp.scrapegw.com:6060	ConnectionTimeoutError: Connection timeout to host https://discord.com/api/v9/unique-username/username-attempt-unauthed
2026-09-01 18:33:53	NETWORK	byck	attempt=1	proxy=http://wiw4v7duaymysz9-session-da60f4585a7a-lifetime-10:***@rp.scrapegw.com:6060	ConnectionTimeoutError: Connection timeout to host https://discord.com/api/v9/unique-username/username-attempt-unauthed
2026-09-01 18:33:53	NETWORK	byap	attempt=1	proxy=http://wiw4v7duaymysz9-session-ff1bda3a392b-lifetime-10:***@rp.scrapegw.com:6060	ConnectionTimeoutError: Connection timeout to host https://discord.com/api/v9/unique-username/username-attempt-unauthed
2026-09-01 18:33:53	NETWORK	bxtl	attempt=1	proxy=http://wiw4v7duaymysz9-session-811b185b7963-lifetime-10:***@rp.scrapegw.com:6060	ConnectionTimeoutError: Connection timeout to host https://discord.com/api/v9/unique-username/username-attempt-unauthed
2026-09-01 18:33:53	NETWORK	bxxb	attempt=1	proxy=http://wiw4v7duaymysz9-session-c658694b6f29-lifetime-10:***@rp.scrapegw.com:6060	ConnectionTimeoutError: Connection timeout to host https://discord.com/api/v9/unique-username/username-attempt-unauthed
2026-09-01 18:33:54	NETWORK	byfg	attempt=1	proxy=http://wiw4v7duaymysz9-session-1f28cbb3069a-lifetime-10:***@rp.scrapegw.com:6060	ConnectionTimeoutError: Connection timeout to host https://discord.com/api/v9/unique-username/username-attempt-unauthed
2026-09-01 18:33:54	NETWORK	byfm	attempt=1	proxy=http://wiw4v7duaymysz9-session-bd7320b792bf-lifetime-10:***@rp.scrapegw.com:6060	ConnectionTimeoutError: Connection timeout to host https://discord.com/api/v9/unique-username/username-attempt-unauthed
2026-09-01 18:33:55	NETWORK	byjc	attempt=1	proxy=http://wiw4v7duaymysz9-session-ab968e00e10e-lifetime-10:***@rp.scrapegw.com:6060	ConnectionTimeoutError: Connection timeout to host https://discord.com/api/v9/unique-username/username-attempt-unauthed
2026-09-01 18:33:55	NETWORK	byza	attempt=1	proxy=http://wiw4v7duaymysz9-session-d751fd3d4893-lifetime-10:***@rp.scrapegw.com:6060	ConnectionTimeoutError: Connection timeout to host https://discord.com/api/v9/unique-username/username-attempt-unauthed
2026-09-01 18:33:55	NETWORK	byxa	attempt=1	proxy=http://wiw4v7duaymysz9-session-c0b5d2178ed0-lifetime-10:***@rp.scrapegw.com:6060	ConnectionTimeoutError: Connection timeout to host https://discord.com/api/v9/unique-username/username-attempt-unauthed
2026-09-01 18:33:55	NETWORK	byzu	attempt=1	proxy=http://wiw4v7duaymysz9-session-190f776171b8-lifetime-10:***@rp.scrapegw.com:6060	ConnectionTimeoutError: Connection timeout to host https://discord.com/api/v9/unique-username/username-attempt-unauthed
2026-09-01 18:33:55	NETWORK	byhi	attempt=1	proxy=http://wiw4v7duaymysz9-session-7c7a33c72a32-lifetime-10:***@rp.scrapegw.com:6060	ConnectionTimeoutError: Connection timeout to host https://discord.com/api/v9/unique-username/username-attempt-unauthed
2026-09-01 18:33:55	NETWORK	bysx	attempt=1	proxy=http://wiw4v7duaymysz9-session-5ba8fe140b71-lifetime-10:***@rp.scrapegw.com:6060	ConnectionTimeoutError: Connection timeout to host https://discord.com/api/v9/unique-username/username-attempt-unauthed
2026-09-01 18:33:56	NETWORK	bzbe	attempt=1	proxy=http://wiw4v7duaymysz9-session-1939c7a73140-lifetime-10:***@rp.scrapegw.com:6060	ConnectionTimeoutError: Connection timeout to host https://discord.com/api/v9/unique-username/username-attempt-unauthed
2026-09-01 18:33:56	NETWORK	bzeu	attempt=1	proxy=http://wiw4v7duaymysz9-session-26b16d49830b-lifetime-10:***@rp.scrapegw.com:6060	ConnectionTimeoutError: Connection timeout to host https://discord.com/api/v9/unique-username/username-attempt-unauthed
2026-09-01 18:33:56	NETWORK	bzfc	attempt=1	proxy=http://wiw4v7duaymysz9-session-d16a1b86c910-lifetime-10:***@rp.scrapegw.com:6060	ConnectionTimeoutError: Connection timeout to host https://discord.com/api/v9/unique-username/username-attempt-unauthed
2026-09-01 18:33:56	NETWORK	bzdy	attempt=1	proxy=http://wiw4v7duaymysz9-session-1c95670fca9f-lifetime-10:***@rp.scrapegw.com:6060	ConnectionTimeoutError: Connection timeout to host https://discord.com/api/v9/unique-username/username-attempt-unauthed
2026-09-01 18:33:56	NETWORK	bzgi	attempt=1	proxy=http://wiw4v7duaymysz9-session-ee8e028bfaff-lifetime-10:***@rp.scrapegw.com:6060	ConnectionTimeoutError: Connection timeout to host https://discord.com/api/v9/unique-username/username-attempt-unauthed
2026-09-01 18:33:57	HTTP_429	cfzd	attempt=1	proxy=http://wiw4v7duaymysz9-session-d6e851188610-lifetime-10:***@rp.scrapegw.com:6060	scope=shared global=False retry_after=1146.00s
2026-09-01 18:33:57	NETWORK	bzsm	attempt=1	proxy=http://wiw4v7duaymysz9-session-1d00df88e7a1-lifetime-10:***@rp.scrapegw.com:6060	ConnectionTimeoutError: Connection timeout to host https://discord.com/api/v9/unique-username/username-attempt-unauthed
2026-09-01 18:33:57	NETWORK	bzms	attempt=1	proxy=http://wiw4v7duaymysz9-session-7ea5b167b99b-lifetime-10:***@rp.scrapegw.com:6060	ConnectionTimeoutError: Connection timeout to host https://discord.com/api/v9/unique-username/username-attempt-unauthed
2026-09-01 18:33:57	NETWORK	cact	attempt=1	proxy=http://wiw4v7duaymysz9-session-feff2b3362c9-lifetime-10:***@rp.scrapegw.com:6060	ConnectionTimeoutError: Connection timeout to host https://discord.com/api/v9/unique-username/username-attempt-unauthed
2026-09-01 18:33:57	NETWORK	bzlj	attempt=1	proxy=http://wiw4v7duaymysz9-session-99571d6ae2de-lifetime-10:***@rp.scrapegw.com:6060	ConnectionTimeoutError: Connection timeout to host https://discord.com/api/v9/unique-username/username-attempt-unauthed
2026-09-01 18:33:57	NETWORK	bzhq	attempt=1	proxy=http://wiw4v7duaymysz9-session-6d5ec1bfb7b9-lifetime-10:***@rp.scrapegw.com:6060	ConnectionTimeoutError: Connection timeout to host https://discord.com/api/v9/unique-username/username-attempt-unauthed
2026-09-01 18:33:57	NETWORK	bzxg	attempt=1	proxy=http://wiw4v7duaymysz9-session-ac6623c5c344-lifetime-10:***@rp.scrapegw.com:6060	ConnectionTimeoutError: Connection timeout to host https://discord.com/api/v9/unique-username/username-attempt-unauthed
2026-09-01 18:33:57	NETWORK	bzpd	attempt=1	proxy=http://wiw4v7duaymysz9-session-928b25d65279-lifetime-10:***@rp.scrapegw.com:6060	ConnectionTimeoutError: Connection timeout to host https://discord.com/api/v9/unique-username/username-attempt-unauthed
2026-09-01 18:33:57	NETWORK	bzpv	attempt=1	proxy=http://wiw4v7duaymysz9-session-0fd3a06389f5-lifetime-10:***@rp.scrapegw.com:6060	ConnectionTimeoutError: Connection timeout to host https://discord.com/api/v9/unique-username/username-attempt-unauthed
2026-09-01 18:33:57	NETWORK	bzbf	attempt=1	proxy=http://wiw4v7duaymysz9-session-f6dd4c4a139c-lifetime-10:***@rp.scrapegw.com:6060	ConnectionTimeoutError: Connection timeout to host https://discord.com/api/v9/unique-username/username-attempt-unauthed
2026-09-01 18:33:58	NETWORK	bzdf	attempt=1	proxy=http://wiw4v7duaymysz9-session-0a52a4d681d1-lifetime-10:***@rp.scrapegw.com:6060	ConnectionTimeoutError: Connection timeout to host https://discord.com/api/v9/unique-username/username-attempt-unauthed
2026-09-01 18:33:58	NETWORK	cbcq	attempt=1	proxy=http://wiw4v7duaymysz9-session-ee14a39a34e0-lifetime-10:***@rp.scrapegw.com:6060	ConnectionTimeoutError: Connection timeout to host https://discord.com/api/v9/unique-username/username-attempt-unauthed
2026-09-01 18:33:58	NETWORK	cbbo	attempt=1	proxy=http://wiw4v7duaymysz9-session-5caf4468f761-lifetime-10:***@rp.scrapegw.com:6060	ConnectionTimeoutError: Connection timeout to host https://discord.com/api/v9/unique-username/username-attempt-unauthed
2026-09-01 18:33:58	NETWORK	cael	attempt=1	proxy=http://wiw4v7duaymysz9-session-37908978ee4d-lifetime-10:***@rp.scrapegw.com:6060	ConnectionTimeoutError: Connection timeout to host https://discord.com/api/v9/unique-username/username-attempt-unauthed
2026-09-01 18:33:58	NETWORK	cacx	attempt=1	proxy=http://wiw4v7duaymysz9-session-e2760025fe8f-lifetime-10:***@rp.scrapegw.com:6060	ConnectionTimeoutError: Connection timeout to host https://discord.com/api/v9/unique-username/username-attempt-unauthed
2026-09-01 18:33:58	NETWORK	caeb	attempt=1	proxy=http://wiw4v7duaymysz9-session-8c78453c950c-lifetime-10:***@rp.scrapegw.com:6060	ConnectionTimeoutError: Connection timeout to host https://discord.com/api/v9/unique-username/username-attempt-unauthed
2026-09-01 18:33:58	NETWORK	cbib	attempt=1	proxy=http://wiw4v7duaymysz9-session-486c654aff40-lifetime-10:***@rp.scrapegw.com:6060	ConnectionTimeoutError: Connection timeout to host https://discord.com/api/v9/unique-username/username-attempt-unauthed
2026-09-01 18:33:59	NETWORK	cbop	attempt=1	proxy=http://wiw4v7duaymysz9-session-e466c040b3d4-lifetime-10:***@rp.scrapegw.com:6060	ConnectionTimeoutError: Connection timeout to host https://discord.com/api/v9/unique-username/username-attempt-unauthed
2026-09-01 18:33:59	NETWORK	bzim	attempt=1	proxy=http://wiw4v7duaymysz9-session-a3fd69922ec2-lifetime-10:***@rp.scrapegw.com:6060	ConnectionTimeoutError: Connection timeout to host https://discord.com/api/v9/unique-username/username-attempt-unauthed
2026-09-01 18:33:59	NETWORK	ccfl	attempt=1	proxy=http://wiw4v7duaymysz9-session-7c653c31c3be-lifetime-10:***@rp.scrapegw.com:6060	ConnectionTimeoutError: Connection timeout to host https://discord.com/api/v9/unique-username/username-attempt-unauthed
2026-09-01 18:33:59	NETWORK	cbqt	attempt=1	proxy=http://wiw4v7duaymysz9-session-e132c24a4f14-lifetime-10:***@rp.scrapegw.com:6060	ConnectionTimeoutError: Connection timeout to host https://discord.com/api/v9/unique-username/username-attempt-unauthed
2026-09-01 18:33:59	NETWORK	cbxi	attempt=1	proxy=http://wiw4v7duaymysz9-session-11a470bbe57e-lifetime-10:***@rp.scrapegw.com:6060	ConnectionTimeoutError: Connection timeout to host https://discord.com/api/v9/unique-username/username-attempt-unauthed
2026-09-01 18:33:59	NETWORK	cbvd	attempt=1	proxy=http://wiw4v7duaymysz9-session-393d6e928d4f-lifetime-10:***@rp.scrapegw.com:6060	ConnectionTimeoutError: Connection timeout to host https://discord.com/api/v9/unique-username/username-attempt-unauthed
2026-09-01 18:33:59	NETWORK	caaw	attempt=1	proxy=http://wiw4v7duaymysz9-session-aec468d1589d-lifetime-10:***@rp.scrapegw.com:6060	ConnectionTimeoutError: Connection timeout to host https://discord.com/api/v9/unique-username/username-attempt-unauthed
2026-09-01 18:33:59	NETWORK	cbqb	attempt=1	proxy=http://wiw4v7duaymysz9-session-7b4c1fa8d53f-lifetime-10:***@rp.scrapegw.com:6060	ConnectionTimeoutError: Connection timeout to host https://discord.com/api/v9/unique-username/username-attempt-unauthed
2026-09-01 18:33:59	NETWORK	ccjs	attempt=1	proxy=http://wiw4v7duaymysz9-session-6a1c79ff32f8-lifetime-10:***@rp.scrapegw.com:6060	ConnectionTimeoutError: Connection timeout to host https://discord.com/api/v9/unique-username/username-attempt-unauthed
2026-09-01 18:33:59	NETWORK	cbwf	attempt=1	proxy=http://wiw4v7duaymysz9-session-da60f4585a7a-lifetime-10:***@rp.scrapegw.com:6060	ConnectionTimeoutError: Connection timeout to host https://discord.com/api/v9/unique-username/username-attempt-unauthed
2026-09-01 18:33:59	NETWORK	cbnj	attempt=1	proxy=http://wiw4v7duaymysz9-session-811b185b7963-lifetime-10:***@rp.scrapegw.com:6060	ConnectionTimeoutError: Connection timeout to host https://discord.com/api/v9/unique-username/username-attempt-unauthed
2026-09-01 18:34:00	NETWORK	cbjx	attempt=1	proxy=http://wiw4v7duaymysz9-session-bfdfa0733ae9-lifetime-10:***@rp.scrapegw.com:6060	ConnectionTimeoutError: Connection timeout to host https://discord.com/api/v9/unique-username/username-attempt-unauthed
2026-09-01 18:34:00	NETWORK	cctw	attempt=1	proxy=http://wiw4v7duaymysz9-session-4caced0d179f-lifetime-10:***@rp.scrapegw.com:6060	ConnectionTimeoutError: Connection timeout to host https://discord.com/api/v9/unique-username/username-attempt-unauthed
2026-09-01 18:34:00	NETWORK	ccsy	attempt=1	proxy=http://wiw4v7duaymysz9-session-6a9938a26128-lifetime-10:***@rp.scrapegw.com:6060	ConnectionTimeoutError: Connection timeout to host https://discord.com/api/v9/unique-username/username-attempt-unauthed
2026-09-01 18:34:00	NETWORK	ccwn	attempt=1	proxy=http://wiw4v7duaymysz9-session-a3f9b5cff249-lifetime-10:***@rp.scrapegw.com:6060	ConnectionTimeoutError: Connection timeout to host https://discord.com/api/v9/unique-username/username-attempt-unauthed
2026-09-01 18:34:00	NETWORK	ccwg	attempt=1	proxy=http://wiw4v7duaymysz9-session-1aab9c0d317f-lifetime-10:***@rp.scrapegw.com:6060	ConnectionTimeoutError: Connection timeout to host https://discord.com/api/v9/unique-username/username-attempt-unauthed
2026-09-01 18:34:00	NETWORK	ccum	attempt=1	proxy=http://wiw4v7duaymysz9-session-4dfb19f2f8bc-lifetime-10:***@rp.scrapegw.com:6060	ConnectionTimeoutError: Connection timeout to host https://discord.com/api/v9/unique-username/username-attempt-unauthed
2026-09-01 18:34:00	NETWORK	cdic	attempt=1	proxy=http://wiw4v7duaymysz9-session-d751fd3d4893-lifetime-10:***@rp.scrapegw.com:6060	ConnectionTimeoutError: Connection timeout to host https://discord.com/api/v9/unique-username/username-attempt-unauthed
2026-09-01 18:34:00	NETWORK	ccrh	attempt=1	proxy=http://wiw4v7duaymysz9-session-464aaeed94ca-lifetime-10:***@rp.scrapegw.com:6060	ConnectionTimeoutError: Connection timeout to host https://discord.com/api/v9/unique-username/username-attempt-unauthed
2026-09-01 18:34:00	NETWORK	ccxn	attempt=1	proxy=http://wiw4v7duaymysz9-session-b5d6ff42daf4-lifetime-10:***@rp.scrapegw.com:6060	ConnectionTimeoutError: Connection timeout to host https://discord.com/api/v9/unique-username/username-attempt-unauthed
2026-09-01 18:34:00	NETWORK	ccqv	attempt=1	proxy=http://wiw4v7duaymysz9-session-1f28cbb3069a-lifetime-10:***@rp.scrapegw.com:6060	ConnectionTimeoutError: Connection timeout to host https://discord.com/api/v9/unique-username/username-attempt-unauthed
2026-09-01 18:34:01	HTTP_429	ckff	attempt=1	proxy=http://wiw4v7duaymysz9-session-70dc98169d29-lifetime-10:***@rp.scrapegw.com:6060	scope=shared global=False retry_after=2074.00s
2026-09-01 18:34:01	HTTP_429	cjuh	attempt=1	proxy=http://wiw4v7duaymysz9-session-315fad5a98ca-lifetime-10:***@rp.scrapegw.com:6060	scope=shared global=False retry_after=2077.00s
2026-09-01 18:34:01	NETWORK	cesn	attempt=1	proxy=http://wiw4v7duaymysz9-session-ead3b11b5a93-lifetime-10:***@rp.scrapegw.com:6060	ConnectionTimeoutError: Connection timeout to host https://discord.com/api/v9/unique-username/username-attempt-unauthed
2026-09-01 18:34:01	NETWORK	cejl	attempt=1	proxy=http://wiw4v7duaymysz9-session-1d00df88e7a1-lifetime-10:***@rp.scrapegw.com:6060	ConnectionTimeoutError: Connection timeout to host https://discord.com/api/v9/unique-username/username-attempt-unauthed
2026-09-01 18:34:01	NETWORK	ceks	attempt=1	proxy=http://wiw4v7duaymysz9-session-ac6623c5c344-lifetime-10:***@rp.scrapegw.com:6060	ConnectionTimeoutError: Connection timeout to host https://discord.com/api/v9/unique-username/username-attempt-unauthed
2026-09-01 18:34:01	NETWORK	cegz	attempt=1	proxy=http://wiw4v7duaymysz9-session-928b25d65279-lifetime-10:***@rp.scrapegw.com:6060	ConnectionTimeoutError: Connection timeout to host https://discord.com/api/v9/unique-username/username-attempt-unauthed
2026-09-01 18:34:01	NETWORK	cdxh	attempt=1	proxy=http://wiw4v7duaymysz9-session-9d8f30f3b1fe-lifetime-10:***@rp.scrapegw.com:6060	ConnectionTimeoutError: Connection timeout to host https://discord.com/api/v9/unique-username/username-attempt-unauthed
2026-09-01 18:34:01	NETWORK	cdtq	attempt=1	proxy=http://wiw4v7duaymysz9-session-d16a1b86c910-lifetime-10:***@rp.scrapegw.com:6060	ConnectionTimeoutError: Connection timeout to host https://discord.com/api/v9/unique-username/username-attempt-unauthed
2026-09-01 18:34:01	NETWORK	ceny	attempt=1	proxy=http://wiw4v7duaymysz9-session-8c78453c950c-lifetime-10:***@rp.scrapegw.com:6060	ConnectionTimeoutError: Connection timeout to host https://discord.com/api/v9/unique-username/username-attempt-unauthed
2026-09-01 18:34:01	NETWORK	cerl	attempt=1	proxy=http://wiw4v7duaymysz9-session-ee14a39a34e0-lifetime-10:***@rp.scrapegw.com:6060	ConnectionTimeoutError: Connection timeout to host https://discord.com/api/v9/unique-username/username-attempt-unauthed
2026-09-01 18:34:01	NETWORK	cemi	attempt=1	proxy=http://wiw4v7duaymysz9-session-feff2b3362c9-lifetime-10:***@rp.scrapegw.com:6060	ConnectionTimeoutError: Connection timeout to host https://discord.com/api/v9/unique-username/username-attempt-unauthed
2026-09-01 18:34:01	NETWORK	cdft	attempt=1	proxy=http://wiw4v7duaymysz9-session-131da0f87319-lifetime-10:***@rp.scrapegw.com:6060	ConnectionTimeoutError: Connection timeout to host https://discord.com/api/v9/unique-username/username-attempt-unauthed
2026-09-01 18:34:01	NETWORK	ccxz	attempt=1	proxy=http://wiw4v7duaymysz9-session-793fee6d66bb-lifetime-10:***@rp.scrapegw.com:6060	ConnectionTimeoutError: Connection timeout to host https://discord.com/api/v9/unique-username/username-attempt-unauthed
2026-09-01 18:34:01	NETWORK	cchw	attempt=1	proxy=http://wiw4v7duaymysz9-session-34fc454f1eb4-lifetime-10:***@rp.scrapegw.com:6060	ConnectionTimeoutError: Connection timeout to host https://discord.com/api/v9/unique-username/username-attempt-unauthed
2026-09-01 18:34:01	NETWORK	cerw	attempt=1	proxy=http://wiw4v7duaymysz9-session-9ac002398b52-lifetime-10:***@rp.scrapegw.com:6060	ConnectionTimeoutError: Connection timeout to host https://discord.com/api/v9/unique-username/username-attempt-unauthed
2026-09-01 18:34:01	NETWORK	cesz	attempt=1	proxy=http://wiw4v7duaymysz9-session-a29be8453ef3-lifetime-10:***@rp.scrapegw.com:6060	ConnectionTimeoutError: Connection timeout to host https://discord.com/api/v9/unique-username/username-attempt-unauthed
2026-09-01 18:34:01	NETWORK	cegd	attempt=1	proxy=http://wiw4v7duaymysz9-session-99571d6ae2de-lifetime-10:***@rp.scrapegw.com:6060	ConnectionTimeoutError: Connection timeout to host https://discord.com/api/v9/unique-username/username-attempt-unauthed
2026-09-01 18:34:01	NETWORK	cdzj	attempt=1	proxy=http://wiw4v7duaymysz9-session-46e56773d3da-lifetime-10:***@rp.scrapegw.com:6060	ConnectionTimeoutError: Connection timeout to host https://discord.com/api/v9/unique-username/username-attempt-unauthed
2026-09-01 18:34:02	NETWORK	cfdz	attempt=1	proxy=http://wiw4v7duaymysz9-session-464aaeed94ca-lifetime-10:***@rp.scrapegw.com:6060	ConnectionTimeoutError: Connection timeout to host https://discord.com/api/v9/unique-username/username-attempt-unauthed
2026-09-01 18:34:02	NETWORK	cetg	attempt=1	proxy=http://wiw4v7duaymysz9-session-811b185b7963-lifetime-10:***@rp.scrapegw.com:6060	ConnectionTimeoutError: Connection timeout to host https://discord.com/api/v9/unique-username/username-attempt-unauthed
2026-09-01 18:34:02	NETWORK	ceuw	attempt=1	proxy=http://wiw4v7duaymysz9-session-e466c040b3d4-lifetime-10:***@rp.scrapegw.com:6060	ConnectionTimeoutError: Connection timeout to host https://discord.com/api/v9/unique-username/username-attempt-unauthed
2026-09-01 18:34:02	NETWORK	cfcz	attempt=1	proxy=http://wiw4v7duaymysz9-session-1f28cbb3069a-lifetime-10:***@rp.scrapegw.com:6060	ConnectionTimeoutError: Connection timeout to host https://discord.com/api/v9/unique-username/username-attempt-unauthed
2026-09-01 18:34:02	NETWORK	cfgm	attempt=1	proxy=http://wiw4v7duaymysz9-session-7c7a33c72a32-lifetime-10:***@rp.scrapegw.com:6060	ConnectionTimeoutError: Connection timeout to host https://discord.com/api/v9/unique-username/username-attempt-unauthed
2026-09-01 18:34:02	NETWORK	cexq	attempt=1	proxy=http://wiw4v7duaymysz9-session-7c653c31c3be-lifetime-10:***@rp.scrapegw.com:6060	ConnectionTimeoutError: Connection timeout to host https://discord.com/api/v9/unique-username/username-attempt-unauthed
2026-09-01 18:34:02	NETWORK	cewv	attempt=1	proxy=http://wiw4v7duaymysz9-session-11a470bbe57e-lifetime-10:***@rp.scrapegw.com:6060	ConnectionTimeoutError: Connection timeout to host https://discord.com/api/v9/unique-username/username-attempt-unauthed
2026-09-01 18:34:02	NETWORK	cevn	attempt=1	proxy=http://wiw4v7duaymysz9-session-7b4c1fa8d53f-lifetime-10:***@rp.scrapegw.com:6060	ConnectionTimeoutError: Connection timeout to host https://discord.com/api/v9/unique-username/username-attempt-unauthed
2026-09-01 18:34:02	NETWORK	cevr	attempt=1	proxy=http://wiw4v7duaymysz9-session-e132c24a4f14-lifetime-10:***@rp.scrapegw.com:6060	ConnectionTimeoutError: Connection timeout to host https://discord.com/api/v9/unique-username/username-attempt-unauthed
2026-09-01 18:34:03	NETWORK	cflg	attempt=1	proxy=http://wiw4v7duaymysz9-session-4caced0d179f-lifetime-10:***@rp.scrapegw.com:6060	ConnectionTimeoutError: Connection timeout to host https://discord.com/api/v9/unique-username/username-attempt-unauthed
2026-09-01 18:34:03	NETWORK	cfjy	attempt=1	proxy=http://wiw4v7duaymysz9-session-6a9938a26128-lifetime-10:***@rp.scrapegw.com:6060	ConnectionTimeoutError: Connection timeout to host https://discord.com/api/v9/unique-username/username-attempt-unauthed
2026-09-01 18:34:03	NETWORK	cfnj	attempt=1	proxy=http://wiw4v7duaymysz9-session-4dfb19f2f8bc-lifetime-10:***@rp.scrapegw.com:6060	ConnectionTimeoutError: Connection timeout to host https://discord.com/api/v9/unique-username/username-attempt-unauthed
2026-09-01 18:34:03	NETWORK	cfpq	attempt=1	proxy=http://wiw4v7duaymysz9-session-c06a380c5c0e-lifetime-10:***@rp.scrapegw.com:6060	ConnectionTimeoutError: Connection timeout to host https://discord.com/api/v9/unique-username/username-attempt-unauthed
2026-09-01 18:34:03	NETWORK	cfqh	attempt=1	proxy=http://wiw4v7duaymysz9-session-1aab9c0d317f-lifetime-10:***@rp.scrapegw.com:6060	ConnectionTimeoutError: Connection timeout to host https://discord.com/api/v9/unique-username/username-attempt-unauthed
2026-09-01 18:34:03	HTTP_429	cnhp	attempt=1	proxy=http://wiw4v7duaymysz9-session-b747db7e512c-lifetime-10:***@rp.scrapegw.com:6060	scope=shared global=False retry_after=2082.00s
2026-09-01 18:34:04	NETWORK	cfqi	attempt=1	proxy=http://wiw4v7duaymysz9-session-a3f9b5cff249-lifetime-10:***@rp.scrapegw.com:6060	ConnectionTimeoutError: Connection timeout to host https://discord.com/api/v9/unique-username/username-attempt-unauthed
2026-09-01 18:34:04	NETWORK	cfsg	attempt=1	proxy=http://wiw4v7duaymysz9-session-793fee6d66bb-lifetime-10:***@rp.scrapegw.com:6060	ConnectionTimeoutError: Connection timeout to host https://discord.com/api/v9/unique-username/username-attempt-unauthed
2026-09-01 18:34:04	NETWORK	cfsl	attempt=1	proxy=http://wiw4v7duaymysz9-session-81aa02c098af-lifetime-10:***@rp.scrapegw.com:6060	ConnectionTimeoutError: Connection timeout to host https://discord.com/api/v9/unique-username/username-attempt-unauthed
2026-09-01 18:34:05	NETWORK	cgjs	attempt=1	proxy=http://wiw4v7duaymysz9-session-6d5ec1bfb7b9-lifetime-10:***@rp.scrapegw.com:6060	ConnectionTimeoutError: Connection timeout to host https://discord.com/api/v9/unique-username/username-attempt-unauthed
2026-09-01 18:34:05	NETWORK	cfwb	attempt=1	proxy=http://wiw4v7duaymysz9-session-0245260132f9-lifetime-10:***@rp.scrapegw.com:6060	ConnectionTimeoutError: Connection timeout to host https://discord.com/api/v9/unique-username/username-attempt-unauthed
2026-09-01 18:34:05	NETWORK	cgor	attempt=1	proxy=http://wiw4v7duaymysz9-session-2b875396c339-lifetime-10:***@rp.scrapegw.com:6060	ConnectionTimeoutError: Connection timeout to host https://discord.com/api/v9/unique-username/username-attempt-unauthed
2026-09-01 18:34:05	NETWORK	cgdq	attempt=1	proxy=http://wiw4v7duaymysz9-session-f6dd4c4a139c-lifetime-10:***@rp.scrapegw.com:6060	ConnectionTimeoutError: Connection timeout to host https://discord.com/api/v9/unique-username/username-attempt-unauthed
2026-09-01 18:34:05	NETWORK	cgrq	attempt=1	proxy=http://wiw4v7duaymysz9-session-825258a0a4be-lifetime-10:***@rp.scrapegw.com:6060	ConnectionTimeoutError: Connection timeout to host https://discord.com/api/v9/unique-username/username-attempt-unauthed
2026-09-01 18:34:06	NETWORK	cggk	attempt=1	proxy=http://wiw4v7duaymysz9-session-0a52a4d681d1-lifetime-10:***@rp.scrapegw.com:6060	ConnectionTimeoutError: Connection timeout to host https://discord.com/api/v9/unique-username/username-attempt-unauthed
2026-09-01 18:34:06	NETWORK	chrl	attempt=1	proxy=http://wiw4v7duaymysz9-session-37908978ee4d-lifetime-10:***@rp.scrapegw.com:6060	ConnectionTimeoutError: Connection timeout to host https://discord.com/api/v9/unique-username/username-attempt-unauthed
2026-09-01 18:34:06	NETWORK	chtc	attempt=1	proxy=http://wiw4v7duaymysz9-session-ee14a39a34e0-lifetime-10:***@rp.scrapegw.com:6060	ConnectionTimeoutError: Connection timeout to host https://discord.com/api/v9/unique-username/username-attempt-unauthed
2026-09-01 18:34:06	NETWORK	chls	attempt=1	proxy=http://wiw4v7duaymysz9-session-aec468d1589d-lifetime-10:***@rp.scrapegw.com:6060	ConnectionTimeoutError: Connection timeout to host https://discord.com/api/v9/unique-username/username-attempt-unauthed
2026-09-01 18:34:06	NETWORK	chbi	attempt=1	proxy=http://wiw4v7duaymysz9-session-a3fd69922ec2-lifetime-10:***@rp.scrapegw.com:6060	ConnectionTimeoutError: Connection timeout to host https://discord.com/api/v9/unique-username/username-attempt-unauthed
2026-09-01 18:34:06	NETWORK	choj	attempt=1	proxy=http://wiw4v7duaymysz9-session-e2760025fe8f-lifetime-10:***@rp.scrapegw.com:6060	ConnectionTimeoutError: Connection timeout to host https://discord.com/api/v9/unique-username/username-attempt-unauthed
2026-09-01 18:34:06	NETWORK	chsx	attempt=1	proxy=http://wiw4v7duaymysz9-session-5caf4468f761-lifetime-10:***@rp.scrapegw.com:6060	ConnectionTimeoutError: Connection timeout to host https://discord.com/api/v9/unique-username/username-attempt-unauthed
2026-09-01 18:34:06	NETWORK	chqf	attempt=1	proxy=http://wiw4v7duaymysz9-session-8c78453c950c-lifetime-10:***@rp.scrapegw.com:6060	ConnectionTimeoutError: Connection timeout to host https://discord.com/api/v9/unique-username/username-attempt-unauthed
2026-09-01 18:34:06	NETWORK	chtg	attempt=1	proxy=http://wiw4v7duaymysz9-session-486c654aff40-lifetime-10:***@rp.scrapegw.com:6060	ConnectionTimeoutError: Connection timeout to host https://discord.com/api/v9/unique-username/username-attempt-unauthed
2026-09-01 18:34:07	NETWORK	chsc	attempt=1	proxy=http://wiw4v7duaymysz9-session-4653bb17cf2c-lifetime-10:***@rp.scrapegw.com:6060	ConnectionTimeoutError: Connection timeout to host https://discord.com/api/v9/unique-username/username-attempt-unauthed
2026-09-01 18:34:07	NETWORK	chuo	attempt=1	proxy=http://wiw4v7duaymysz9-session-9ac002398b52-lifetime-10:***@rp.scrapegw.com:6060	ConnectionTimeoutError: Connection timeout to host https://discord.com/api/v9/unique-username/username-attempt-unauthed
2026-09-01 18:34:07	NETWORK	ciad	attempt=1	proxy=http://wiw4v7duaymysz9-session-bfdfa0733ae9-lifetime-10:***@rp.scrapegw.com:6060	ConnectionTimeoutError: Connection timeout to host https://discord.com/api/v9/unique-username/username-attempt-unauthed
2026-09-01 18:34:07	NETWORK	chut	attempt=1	proxy=http://wiw4v7duaymysz9-session-ead3b11b5a93-lifetime-10:***@rp.scrapegw.com:6060	ConnectionTimeoutError: Connection timeout to host https://discord.com/api/v9/unique-username/username-attempt-unauthed
2026-09-01 18:34:07	NETWORK	ciha	attempt=1	proxy=http://wiw4v7duaymysz9-session-e466c040b3d4-lifetime-10:***@rp.scrapegw.com:6060	ConnectionTimeoutError: Connection timeout to host https://discord.com/api/v9/unique-username/username-attempt-unauthed
2026-09-01 18:34:07	NETWORK	chuy	attempt=1	proxy=http://wiw4v7duaymysz9-session-a29be8453ef3-lifetime-10:***@rp.scrapegw.com:6060	ConnectionTimeoutError: Connection timeout to host https://discord.com/api/v9/unique-username/username-attempt-unauthed
2026-09-01 18:34:07	NETWORK	cidg	attempt=1	proxy=http://wiw4v7duaymysz9-session-811b185b7963-lifetime-10:***@rp.scrapegw.com:6060	ConnectionTimeoutError: Connection timeout to host https://discord.com/api/v9/unique-username/username-attempt-unauthed
2026-09-01 18:34:07	NETWORK	chtj	attempt=1	proxy=http://wiw4v7duaymysz9-session-432141b3a7c5-lifetime-10:***@rp.scrapegw.com:6060	ConnectionTimeoutError: Connection timeout to host https://discord.com/api/v9/unique-username/username-attempt-unauthed
2026-09-01 18:34:08	NETWORK	citc	attempt=1	proxy=http://wiw4v7duaymysz9-session-34fc454f1eb4-lifetime-10:***@rp.scrapegw.com:6060	ConnectionTimeoutError: Connection timeout to host https://discord.com/api/v9/unique-username/username-attempt-unauthed
2026-09-01 18:34:08	NETWORK	cjqp	attempt=1	proxy=http://wiw4v7duaymysz9-session-1aab9c0d317f-lifetime-10:***@rp.scrapegw.com:6060	ConnectionTimeoutError: Connection timeout to host https://discord.com/api/v9/unique-username/username-attempt-unauthed
2026-09-01 18:34:08	NETWORK	cjau	attempt=1	proxy=http://wiw4v7duaymysz9-session-7c7a33c72a32-lifetime-10:***@rp.scrapegw.com:6060	ConnectionTimeoutError: Connection timeout to host https://discord.com/api/v9/unique-username/username-attempt-unauthed
2026-09-01 18:34:08	NETWORK	ciix	attempt=1	proxy=http://wiw4v7duaymysz9-session-c658694b6f29-lifetime-10:***@rp.scrapegw.com:6060	ConnectionTimeoutError: Connection timeout to host https://discord.com/api/v9/unique-username/username-attempt-unauthed
2026-09-01 18:34:08	NETWORK	civn	attempt=1	proxy=http://wiw4v7duaymysz9-session-1f28cbb3069a-lifetime-10:***@rp.scrapegw.com:6060	ConnectionTimeoutError: Connection timeout to host https://discord.com/api/v9/unique-username/username-attempt-unauthed
2026-09-01 18:34:08	NETWORK	ciwp	attempt=1	proxy=http://wiw4v7duaymysz9-session-464aaeed94ca-lifetime-10:***@rp.scrapegw.com:6060	ConnectionTimeoutError: Connection timeout to host https://discord.com/api/v9/unique-username/username-attempt-unauthed
2026-09-01 18:34:08	NETWORK	cjiu	attempt=1	proxy=http://wiw4v7duaymysz9-session-4dfb19f2f8bc-lifetime-10:***@rp.scrapegw.com:6060	ConnectionTimeoutError: Connection timeout to host https://discord.com/api/v9/unique-username/username-attempt-unauthed
2026-09-01 18:34:09	NETWORK	ckfe	attempt=1	proxy=http://wiw4v7duaymysz9-session-131da0f87319-lifetime-10:***@rp.scrapegw.com:6060	ConnectionTimeoutError: Connection timeout to host https://discord.com/api/v9/unique-username/username-attempt-unauthed
2026-09-01 18:34:09	NETWORK	cjrl	attempt=1	proxy=http://wiw4v7duaymysz9-session-a3f9b5cff249-lifetime-10:***@rp.scrapegw.com:6060	ConnectionTimeoutError: Connection timeout to host https://discord.com/api/v9/unique-username/username-attempt-unauthed
2026-09-01 18:34:09	NETWORK	cjnr	attempt=1	proxy=http://wiw4v7duaymysz9-session-c06a380c5c0e-lifetime-10:***@rp.scrapegw.com:6060	ConnectionTimeoutError: Connection timeout to host https://discord.com/api/v9/unique-username/username-attempt-unauthed
2026-09-01 18:34:09	NETWORK	ckbt	attempt=1	proxy=http://wiw4v7duaymysz9-session-c0b5d2178ed0-lifetime-10:***@rp.scrapegw.com:6060	ConnectionTimeoutError: Connection timeout to host https://discord.com/api/v9/unique-username/username-attempt-unauthed
2026-09-01 18:34:09	NETWORK	cjhz	attempt=1	proxy=http://wiw4v7duaymysz9-session-4caced0d179f-lifetime-10:***@rp.scrapegw.com:6060	ConnectionTimeoutError: Connection timeout to host https://discord.com/api/v9/unique-username/username-attempt-unauthed
2026-09-01 18:34:09	NETWORK	cjhq	attempt=1	proxy=http://wiw4v7duaymysz9-session-6a9938a26128-lifetime-10:***@rp.scrapegw.com:6060	ConnectionTimeoutError: Connection timeout to host https://discord.com/api/v9/unique-username/username-attempt-unauthed
2026-09-01 18:34:09	NETWORK	cktf	attempt=1	proxy=http://wiw4v7duaymysz9-session-f6dd4c4a139c-lifetime-10:***@rp.scrapegw.com:6060	ConnectionTimeoutError: Connection timeout to host https://discord.com/api/v9/unique-username/username-attempt-unauthed
2026-09-01 18:34:09	NETWORK	ckjs	attempt=1	proxy=http://wiw4v7duaymysz9-session-190f776171b8-lifetime-10:***@rp.scrapegw.com:6060	ConnectionTimeoutError: Connection timeout to host https://discord.com/api/v9/unique-username/username-attempt-unauthed
2026-09-01 18:34:09	NETWORK	cjxn	attempt=1	proxy=http://wiw4v7duaymysz9-session-793fee6d66bb-lifetime-10:***@rp.scrapegw.com:6060	ConnectionTimeoutError: Connection timeout to host https://discord.com/api/v9/unique-username/username-attempt-unauthed
2026-09-01 18:34:09	NETWORK	cjxq	attempt=1	proxy=http://wiw4v7duaymysz9-session-5ba8fe140b71-lifetime-10:***@rp.scrapegw.com:6060	ConnectionTimeoutError: Connection timeout to host https://discord.com/api/v9/unique-username/username-attempt-unauthed
2026-09-01 18:34:10	NETWORK	cmex	attempt=1	proxy=http://wiw4v7duaymysz9-session-c658694b6f29-lifetime-10:***@rp.scrapegw.com:6060	ConnectionTimeoutError: Connection timeout to host https://discord.com/api/v9/unique-username/username-attempt-unauthed
2026-09-01 18:34:10	NETWORK	clmn	attempt=1	proxy=http://wiw4v7duaymysz9-session-825258a0a4be-lifetime-10:***@rp.scrapegw.com:6060	ConnectionTimeoutError: Connection timeout to host https://discord.com/api/v9/unique-username/username-attempt-unauthed
2026-09-01 18:34:10	NETWORK	cmaq	attempt=1	proxy=http://wiw4v7duaymysz9-session-4653bb17cf2c-lifetime-10:***@rp.scrapegw.com:6060	ConnectionTimeoutError: Connection timeout to host https://discord.com/api/v9/unique-username/username-attempt-unauthed
2026-09-01 18:34:10	NETWORK	clgc	attempt=1	proxy=http://wiw4v7duaymysz9-session-ee8e028bfaff-lifetime-10:***@rp.scrapegw.com:6060	ConnectionTimeoutError: Connection timeout to host https://discord.com/api/v9/unique-username/username-attempt-unauthed
2026-09-01 18:34:10	NETWORK	clth	attempt=1	proxy=http://wiw4v7duaymysz9-session-0fd3a06389f5-lifetime-10:***@rp.scrapegw.com:6060	ConnectionTimeoutError: Connection timeout to host https://discord.com/api/v9/unique-username/username-attempt-unauthed
2026-09-01 18:34:10	NETWORK	cmea	attempt=1	proxy=http://wiw4v7duaymysz9-session-432141b3a7c5-lifetime-10:***@rp.scrapegw.com:6060	ConnectionTimeoutError: Connection timeout to host https://discord.com/api/v9/unique-username/username-attempt-unauthed
2026-09-01 18:34:10	NETWORK	cmbp	attempt=1	proxy=http://wiw4v7duaymysz9-session-5caf4468f761-lifetime-10:***@rp.scrapegw.com:6060	ConnectionTimeoutError: Connection timeout to host https://discord.com/api/v9/unique-username/username-attempt-unauthed
2026-09-01 18:34:10	NETWORK	cmdu	attempt=1	proxy=http://wiw4v7duaymysz9-session-486c654aff40-lifetime-10:***@rp.scrapegw.com:6060	ConnectionTimeoutError: Connection timeout to host https://discord.com/api/v9/unique-username/username-attempt-unauthed
2026-09-01 18:34:10	NETWORK	clhp	attempt=1	proxy=http://wiw4v7duaymysz9-session-6d5ec1bfb7b9-lifetime-10:***@rp.scrapegw.com:6060	ConnectionTimeoutError: Connection timeout to host https://discord.com/api/v9/unique-username/username-attempt-unauthed
2026-09-01 18:34:10	NETWORK	clkv	attempt=1	proxy=http://wiw4v7duaymysz9-session-2b875396c339-lifetime-10:***@rp.scrapegw.com:6060	ConnectionTimeoutError: Connection timeout to host https://discord.com/api/v9/unique-username/username-attempt-unauthed
2026-09-01 18:34:10	NETWORK	clzb	attempt=1	proxy=http://wiw4v7duaymysz9-session-e2760025fe8f-lifetime-10:***@rp.scrapegw.com:6060	ConnectionTimeoutError: Connection timeout to host https://discord.com/api/v9/unique-username/username-attempt-unauthed
2026-09-01 18:34:10	NETWORK	ckvw	attempt=1	proxy=http://wiw4v7duaymysz9-session-26b16d49830b-lifetime-10:***@rp.scrapegw.com:6060	ConnectionTimeoutError: Connection timeout to host https://discord.com/api/v9/unique-username/username-attempt-unauthed
2026-09-01 18:34:10	NETWORK	clrm	attempt=1	proxy=http://wiw4v7duaymysz9-session-7ea5b167b99b-lifetime-10:***@rp.scrapegw.com:6060	ConnectionTimeoutError: Connection timeout to host https://discord.com/api/v9/unique-username/username-attempt-unauthed
2026-09-01 18:34:10	NETWORK	clzs	attempt=1	proxy=http://wiw4v7duaymysz9-session-37908978ee4d-lifetime-10:***@rp.scrapegw.com:6060	ConnectionTimeoutError: Connection timeout to host https://discord.com/api/v9/unique-username/username-attempt-unauthed
2026-09-01 18:34:10	NETWORK	ckux	attempt=1	proxy=http://wiw4v7duaymysz9-session-1c95670fca9f-lifetime-10:***@rp.scrapegw.com:6060	ConnectionTimeoutError: Connection timeout to host https://discord.com/api/v9/unique-username/username-attempt-unauthed
2026-09-01 18:34:10	NETWORK	ckjl	attempt=1	proxy=http://wiw4v7duaymysz9-session-0245260132f9-lifetime-10:***@rp.scrapegw.com:6060	ConnectionTimeoutError: Connection timeout to host https://discord.com/api/v9/unique-username/username-attempt-unauthed
2026-09-01 18:34:10	NETWORK	ckkj	attempt=1	proxy=http://wiw4v7duaymysz9-session-50b90b88b809-lifetime-10:***@rp.scrapegw.com:6060	ConnectionTimeoutError: Connection timeout to host https://discord.com/api/v9/unique-username/username-attempt-unauthed
2026-09-01 18:34:11	NETWORK	cmku	attempt=1	proxy=http://wiw4v7duaymysz9-session-bd7320b792bf-lifetime-10:***@rp.scrapegw.com:6060	ConnectionTimeoutError: Connection timeout to host https://discord.com/api/v9/unique-username/username-attempt-unauthed
2026-09-01 18:34:11	NETWORK	cndc	attempt=1	proxy=http://wiw4v7duaymysz9-session-c0b5d2178ed0-lifetime-10:***@rp.scrapegw.com:6060	ConnectionTimeoutError: Connection timeout to host https://discord.com/api/v9/unique-username/username-attempt-unauthed
2026-09-01 18:34:11	NETWORK	cndi	attempt=1	proxy=http://wiw4v7duaymysz9-session-fdbb0b0a7830-lifetime-10:***@rp.scrapegw.com:6060	ConnectionTimeoutError: Connection timeout to host https://discord.com/api/v9/unique-username/username-attempt-unauthed
2026-09-01 18:34:11	NETWORK	cnfh	attempt=1	proxy=http://wiw4v7duaymysz9-session-50b90b88b809-lifetime-10:***@rp.scrapegw.com:6060	ConnectionTimeoutError: Connection timeout to host https://discord.com/api/v9/unique-username/username-attempt-unauthed
2026-09-01 18:34:11	NETWORK	cnfd	attempt=1	proxy=http://wiw4v7duaymysz9-session-190f776171b8-lifetime-10:***@rp.scrapegw.com:6060	ConnectionTimeoutError: Connection timeout to host https://discord.com/api/v9/unique-username/username-attempt-unauthed
2026-09-01 18:34:11	NETWORK	cnec	attempt=1	proxy=http://wiw4v7duaymysz9-session-0245260132f9-lifetime-10:***@rp.scrapegw.com:6060	ConnectionTimeoutError: Connection timeout to host https://discord.com/api/v9/unique-username/username-attempt-unauthed
2026-09-01 18:34:11	NETWORK	cnhd	attempt=1	proxy=http://wiw4v7duaymysz9-session-0a52a4d681d1-lifetime-10:***@rp.scrapegw.com:6060	ConnectionTimeoutError: Connection timeout to host https://discord.com/api/v9/unique-username/username-attempt-unauthed
2026-09-01 18:34:11	NETWORK	cmvv	attempt=1	proxy=http://wiw4v7duaymysz9-session-c06a380c5c0e-lifetime-10:***@rp.scrapegw.com:6060	ConnectionTimeoutError: Connection timeout to host https://discord.com/api/v9/unique-username/username-attempt-unauthed
2026-09-01 18:34:11	NETWORK	cmym	attempt=1	proxy=http://wiw4v7duaymysz9-session-3e0c2a8dfa2e-lifetime-10:***@rp.scrapegw.com:6060	ConnectionTimeoutError: Connection timeout to host https://discord.com/api/v9/unique-username/username-attempt-unauthed
2026-09-01 18:34:11	NETWORK	cmoy	attempt=1	proxy=http://wiw4v7duaymysz9-session-7c7a33c72a32-lifetime-10:***@rp.scrapegw.com:6060	ConnectionTimeoutError: Connection timeout to host https://discord.com/api/v9/unique-username/username-attempt-unauthed
2026-09-01 18:34:11	NETWORK	cmzs	attempt=1	proxy=http://wiw4v7duaymysz9-session-5ba8fe140b71-lifetime-10:***@rp.scrapegw.com:6060	ConnectionTimeoutError: Connection timeout to host https://discord.com/api/v9/unique-username/username-attempt-unauthed
2026-09-01 18:34:12	NETWORK	cnij	attempt=1	proxy=http://wiw4v7duaymysz9-session-1c95670fca9f-lifetime-10:***@rp.scrapegw.com:6060	ConnectionTimeoutError: Connection timeout to host https://discord.com/api/v9/unique-username/username-attempt-unauthed
2026-09-01 18:34:12	NETWORK	cngs	attempt=1	proxy=http://wiw4v7duaymysz9-session-f6dd4c4a139c-lifetime-10:***@rp.scrapegw.com:6060	ConnectionTimeoutError: Connection timeout to host https://discord.com/api/v9/unique-username/username-attempt-unauthed
2026-09-01 18:34:12	NETWORK	cnnq	attempt=1	proxy=http://wiw4v7duaymysz9-session-825258a0a4be-lifetime-10:***@rp.scrapegw.com:6060	ConnectionTimeoutError: Connection timeout to host https://discord.com/api/v9/unique-username/username-attempt-unauthed
2026-09-01 18:34:12	NETWORK	cnlw	attempt=1	proxy=http://wiw4v7duaymysz9-session-ee8e028bfaff-lifetime-10:***@rp.scrapegw.com:6060	ConnectionTimeoutError: Connection timeout to host https://discord.com/api/v9/unique-username/username-attempt-unauthed
2026-09-01 18:34:12	NETWORK	cnma	attempt=1	proxy=http://wiw4v7duaymysz9-session-6d5ec1bfb7b9-lifetime-10:***@rp.scrapegw.com:6060	ConnectionTimeoutError: Connection timeout to host https://discord.com/api/v9/unique-username/username-attempt-unauthed
2026-09-01 18:34:12	NETWORK	cnjh	attempt=1	proxy=http://wiw4v7duaymysz9-session-26b16d49830b-lifetime-10:***@rp.scrapegw.com:6060	ConnectionTimeoutError: Connection timeout to host https://discord.com/api/v9/unique-username/username-attempt-unauthed
2026-09-01 18:34:12	NETWORK	cnmb	attempt=1	proxy=http://wiw4v7duaymysz9-session-2b875396c339-lifetime-10:***@rp.scrapegw.com:6060	ConnectionTimeoutError: Connection timeout to host https://discord.com/api/v9/unique-username/username-attempt-unauthed
2026-09-01 18:34:13	NETWORK	cnpc	attempt=1	proxy=http://wiw4v7duaymysz9-session-7ea5b167b99b-lifetime-10:***@rp.scrapegw.com:6060	ConnectionTimeoutError: Connection timeout to host https://discord.com/api/v9/unique-username/username-attempt-unauthed
2026-09-01 18:34:13	NETWORK	cnre	attempt=1	proxy=http://wiw4v7duaymysz9-session-0fd3a06389f5-lifetime-10:***@rp.scrapegw.com:6060	ConnectionTimeoutError: Connection timeout to host https://discord.com/api/v9/unique-username/username-attempt-unauthed
2026-09-01 18:34:13	NETWORK	cnpz	attempt=1	proxy=http://wiw4v7duaymysz9-session-928b25d65279-lifetime-10:***@rp.scrapegw.com:6060	ConnectionTimeoutError: Connection timeout to host https://discord.com/api/v9/unique-username/username-attempt-unauthed
2026-09-01 18:34:13	NETWORK	cnrs	attempt=1	proxy=http://wiw4v7duaymysz9-session-1d00df88e7a1-lifetime-10:***@rp.scrapegw.com:6060	ConnectionTimeoutError: Connection timeout to host https://discord.com/api/v9/unique-username/username-attempt-unauthed
2026-09-01 18:34:14	NETWORK	cnvu	attempt=1	proxy=http://wiw4v7duaymysz9-session-feff2b3362c9-lifetime-10:***@rp.scrapegw.com:6060	ConnectionTimeoutError: Connection timeout to host https://discord.com/api/v9/unique-username/username-attempt-unauthed
2026-09-01 18:34:14	NETWORK	cnvq	attempt=1	proxy=http://wiw4v7duaymysz9-session-aec468d1589d-lifetime-10:***@rp.scrapegw.com:6060	ConnectionTimeoutError: Connection timeout to host https://discord.com/api/v9/unique-username/username-attempt-unauthed
2026-09-01 18:34:14	NETWORK	codj	attempt=1	proxy=http://wiw4v7duaymysz9-session-5caf4468f761-lifetime-10:***@rp.scrapegw.com:6060	ConnectionTimeoutError: Connection timeout to host https://discord.com/api/v9/unique-username/username-attempt-unauthed
2026-09-01 18:34:14	NETWORK	coas	attempt=1	proxy=http://wiw4v7duaymysz9-session-37908978ee4d-lifetime-10:***@rp.scrapegw.com:6060	ConnectionTimeoutError: Connection timeout to host https://discord.com/api/v9/unique-username/username-attempt-unauthed
2026-09-01 18:34:14	NETWORK	cnxp	attempt=1	proxy=http://wiw4v7duaymysz9-session-8c78453c950c-lifetime-10:***@rp.scrapegw.com:6060	ConnectionTimeoutError: Connection timeout to host https://discord.com/api/v9/unique-username/username-attempt-unauthed
2026-09-01 18:34:15	NETWORK	cojo	attempt=1	proxy=http://wiw4v7duaymysz9-session-a29be8453ef3-lifetime-10:***@rp.scrapegw.com:6060	ConnectionTimeoutError: Connection timeout to host https://discord.com/api/v9/unique-username/username-attempt-unauthed
2026-09-01 18:34:15	NETWORK	cokl	attempt=1	proxy=http://wiw4v7duaymysz9-session-bfdfa0733ae9-lifetime-10:***@rp.scrapegw.com:6060	ConnectionTimeoutError: Connection timeout to host https://discord.com/api/v9/unique-username/username-attempt-unauthed
2026-09-01 18:34:15	NETWORK	codz	attempt=1	proxy=http://wiw4v7duaymysz9-session-432141b3a7c5-lifetime-10:***@rp.scrapegw.com:6060	ConnectionTimeoutError: Connection timeout to host https://discord.com/api/v9/unique-username/username-attempt-unauthed
2026-09-01 18:34:15	NETWORK	cofb	attempt=1	proxy=http://wiw4v7duaymysz9-session-9ac002398b52-lifetime-10:***@rp.scrapegw.com:6060	ConnectionTimeoutError: Connection timeout to host https://discord.com/api/v9/unique-username/username-attempt-unauthed
2026-09-01 18:34:15	NETWORK	colg	attempt=1	proxy=http://wiw4v7duaymysz9-session-811b185b7963-lifetime-10:***@rp.scrapegw.com:6060	ConnectionTimeoutError: Connection timeout to host https://discord.com/api/v9/unique-username/username-attempt-unauthed
2026-09-01 18:34:15	NETWORK	coox	attempt=1	proxy=http://wiw4v7duaymysz9-session-7b4c1fa8d53f-lifetime-10:***@rp.scrapegw.com:6060	ConnectionTimeoutError: Connection timeout to host https://discord.com/api/v9/unique-username/username-attempt-unauthed
2026-09-01 18:34:15	NETWORK	code	attempt=1	proxy=http://wiw4v7duaymysz9-session-4653bb17cf2c-lifetime-10:***@rp.scrapegw.com:6060	ConnectionTimeoutError: Connection timeout to host https://discord.com/api/v9/unique-username/username-attempt-unauthed
2026-09-01 18:34:15	NETWORK	conw	attempt=1	proxy=http://wiw4v7duaymysz9-session-c658694b6f29-lifetime-10:***@rp.scrapegw.com:6060	ConnectionTimeoutError: Connection timeout to host https://discord.com/api/v9/unique-username/username-attempt-unauthed
2026-09-01 18:34:15	NETWORK	cofg	attempt=1	proxy=http://wiw4v7duaymysz9-session-ead3b11b5a93-lifetime-10:***@rp.scrapegw.com:6060	ConnectionTimeoutError: Connection timeout to host https://discord.com/api/v9/unique-username/username-attempt-unauthed
2026-09-01 18:34:15	NETWORK	comx	attempt=1	proxy=http://wiw4v7duaymysz9-session-e466c040b3d4-lifetime-10:***@rp.scrapegw.com:6060	ConnectionTimeoutError: Connection timeout to host https://discord.com/api/v9/unique-username/username-attempt-unauthed
2026-09-01 18:34:16	NETWORK	cosa	attempt=1	proxy=http://wiw4v7duaymysz9-session-e132c24a4f14-lifetime-10:***@rp.scrapegw.com:6060	ConnectionTimeoutError: Connection timeout to host https://discord.com/api/v9/unique-username/username-attempt-unauthed
2026-09-01 18:34:16	NETWORK	couh	attempt=1	proxy=http://wiw4v7duaymysz9-session-da60f4585a7a-lifetime-10:***@rp.scrapegw.com:6060	ConnectionTimeoutError: Connection timeout to host https://discord.com/api/v9/unique-username/username-attempt-unauthed
2026-09-01 18:34:16	NETWORK	cpcd	attempt=1	proxy=http://wiw4v7duaymysz9-session-34fc454f1eb4-lifetime-10:***@rp.scrapegw.com:6060	ConnectionTimeoutError: Connection timeout to host https://discord.com/api/v9/unique-username/username-attempt-unauthed
2026-09-01 18:34:16	NETWORK	coue	attempt=1	proxy=http://wiw4v7duaymysz9-session-393d6e928d4f-lifetime-10:***@rp.scrapegw.com:6060	ConnectionTimeoutError: Connection timeout to host https://discord.com/api/v9/unique-username/username-attempt-unauthed
2026-09-01 18:34:16	NETWORK	covv	attempt=1	proxy=http://wiw4v7duaymysz9-session-11a470bbe57e-lifetime-10:***@rp.scrapegw.com:6060	ConnectionTimeoutError: Connection timeout to host https://discord.com/api/v9/unique-username/username-attempt-unauthed
2026-09-01 18:34:16	HTTP_429	cuci	attempt=1	proxy=http://wiw4v7duaymysz9-session-bd7320b792bf-lifetime-10:***@rp.scrapegw.com:6060	scope=shared global=False retry_after=1347.00s
2026-09-01 18:34:17	HTTP_429	cuof	attempt=1	proxy=http://wiw4v7duaymysz9-session-4b1e610d254b-lifetime-10:***@rp.scrapegw.com:6060	scope=shared global=False retry_after=2088.00s
2026-09-01 18:34:17	NETWORK	cpoj	attempt=1	proxy=http://wiw4v7duaymysz9-session-c06a380c5c0e-lifetime-10:***@rp.scrapegw.com:6060	ConnectionTimeoutError: Connection timeout to host https://discord.com/api/v9/unique-username/username-attempt-unauthed
2026-09-01 18:34:17	NETWORK	cpaj	attempt=1	proxy=http://wiw4v7duaymysz9-session-7c653c31c3be-lifetime-10:***@rp.scrapegw.com:6060	ConnectionTimeoutError: Connection timeout to host https://discord.com/api/v9/unique-username/username-attempt-unauthed
2026-09-01 18:34:17	NETWORK	cpcj	attempt=1	proxy=http://wiw4v7duaymysz9-session-6a1c79ff32f8-lifetime-10:***@rp.scrapegw.com:6060	ConnectionTimeoutError: Connection timeout to host https://discord.com/api/v9/unique-username/username-attempt-unauthed
2026-09-01 18:34:17	NETWORK	cpom	attempt=1	proxy=http://wiw4v7duaymysz9-session-a3f9b5cff249-lifetime-10:***@rp.scrapegw.com:6060	ConnectionTimeoutError: Connection timeout to host https://discord.com/api/v9/unique-username/username-attempt-unauthed
2026-09-01 18:34:17	NETWORK	cpml	attempt=1	proxy=http://wiw4v7duaymysz9-session-4caced0d179f-lifetime-10:***@rp.scrapegw.com:6060	ConnectionTimeoutError: Connection timeout to host https://discord.com/api/v9/unique-username/username-attempt-unauthed
2026-09-01 18:34:17	NETWORK	cpdm	attempt=1	proxy=http://wiw4v7duaymysz9-session-1f28cbb3069a-lifetime-10:***@rp.scrapegw.com:6060	ConnectionTimeoutError: Connection timeout to host https://discord.com/api/v9/unique-username/username-attempt-unauthed
2026-09-01 18:34:17	NETWORK	cplf	attempt=1	proxy=http://wiw4v7duaymysz9-session-6a9938a26128-lifetime-10:***@rp.scrapegw.com:6060	ConnectionTimeoutError: Connection timeout to host https://discord.com/api/v9/unique-username/username-attempt-unauthed
2026-09-01 18:34:18	HTTP_429	cuxq	attempt=1	proxy=http://wiw4v7duaymysz9-session-4e3f0a856da3-lifetime-10:***@rp.scrapegw.com:6060	scope=shared global=False retry_after=2084.00s
2026-09-01 18:34:18	NETWORK	cqbi	attempt=1	proxy=http://wiw4v7duaymysz9-session-50b90b88b809-lifetime-10:***@rp.scrapegw.com:6060	ConnectionTimeoutError: Connection timeout to host https://discord.com/api/v9/unique-username/username-attempt-unauthed
2026-09-01 18:34:18	NETWORK	cpth	attempt=1	proxy=http://wiw4v7duaymysz9-session-5ba8fe140b71-lifetime-10:***@rp.scrapegw.com:6060	ConnectionTimeoutError: Connection timeout to host https://discord.com/api/v9/unique-username/username-attempt-unauthed
2026-09-01 18:34:18	NETWORK	cqct	attempt=1	proxy=http://wiw4v7duaymysz9-session-1c95670fca9f-lifetime-10:***@rp.scrapegw.com:6060	ConnectionTimeoutError: Connection timeout to host https://discord.com/api/v9/unique-username/username-attempt-unauthed
2026-09-01 18:34:18	NETWORK	cptc	attempt=1	proxy=http://wiw4v7duaymysz9-session-793fee6d66bb-lifetime-10:***@rp.scrapegw.com:6060	ConnectionTimeoutError: Connection timeout to host https://discord.com/api/v9/unique-username/username-attempt-unauthed
2026-09-01 18:34:18	NETWORK	cqes	attempt=1	proxy=http://wiw4v7duaymysz9-session-d16a1b86c910-lifetime-10:***@rp.scrapegw.com:6060	ConnectionTimeoutError: Connection timeout to host https://discord.com/api/v9/unique-username/username-attempt-unauthed
2026-09-01 18:34:18	NETWORK	cpzh	attempt=1	proxy=http://wiw4v7duaymysz9-session-0245260132f9-lifetime-10:***@rp.scrapegw.com:6060	ConnectionTimeoutError: Connection timeout to host https://discord.com/api/v9/unique-username/username-attempt-unauthed
2026-09-01 18:34:18	NETWORK	cqcp	attempt=1	proxy=http://wiw4v7duaymysz9-session-0b6bffad6ae0-lifetime-10:***@rp.scrapegw.com:6060	ConnectionTimeoutError: Connection timeout to host https://discord.com/api/v9/unique-username/username-attempt-unauthed
2026-09-01 18:34:18	NETWORK	cqby	attempt=1	proxy=http://wiw4v7duaymysz9-session-0a52a4d681d1-lifetime-10:***@rp.scrapegw.com:6060	ConnectionTimeoutError: Connection timeout to host https://discord.com/api/v9/unique-username/username-attempt-unauthed
2026-09-01 18:34:18	NETWORK	cpsd	attempt=1	proxy=http://wiw4v7duaymysz9-session-3e0c2a8dfa2e-lifetime-10:***@rp.scrapegw.com:6060	ConnectionTimeoutError: Connection timeout to host https://discord.com/api/v9/unique-username/username-attempt-unauthed
2026-09-01 18:34:18	NETWORK	cqdz	attempt=1	proxy=http://wiw4v7duaymysz9-session-26b16d49830b-lifetime-10:***@rp.scrapegw.com:6060	ConnectionTimeoutError: Connection timeout to host https://discord.com/api/v9/unique-username/username-attempt-unauthed
2026-09-01 18:34:18	NETWORK	cpzp	attempt=1	proxy=http://wiw4v7duaymysz9-session-d751fd3d4893-lifetime-10:***@rp.scrapegw.com:6060	ConnectionTimeoutError: Connection timeout to host https://discord.com/api/v9/unique-username/username-attempt-unauthed
2026-09-01 18:34:19	NETWORK	cqug	attempt=1	proxy=http://wiw4v7duaymysz9-session-e466c040b3d4-lifetime-10:***@rp.scrapegw.com:6060	ConnectionTimeoutError: Connection timeout to host https://discord.com/api/v9/unique-username/username-attempt-unauthed
2026-09-01 18:34:19	NETWORK	cquq	attempt=1	proxy=http://wiw4v7duaymysz9-session-e132c24a4f14-lifetime-10:***@rp.scrapegw.com:6060	ConnectionTimeoutError: Connection timeout to host https://discord.com/api/v9/unique-username/username-attempt-unauthed
2026-09-01 18:34:19	NETWORK	cqey	attempt=1	proxy=http://wiw4v7duaymysz9-session-ee8e028bfaff-lifetime-10:***@rp.scrapegw.com:6060	ConnectionTimeoutError: Connection timeout to host https://discord.com/api/v9/unique-username/username-attempt-unauthed
2026-09-01 18:34:19	NETWORK	cqqb	attempt=1	proxy=http://wiw4v7duaymysz9-session-aec468d1589d-lifetime-10:***@rp.scrapegw.com:6060	ConnectionTimeoutError: Connection timeout to host https://discord.com/api/v9/unique-username/username-attempt-unauthed
2026-09-01 18:34:19	NETWORK	cqmt	attempt=1	proxy=http://wiw4v7duaymysz9-session-1d00df88e7a1-lifetime-10:***@rp.scrapegw.com:6060	ConnectionTimeoutError: Connection timeout to host https://discord.com/api/v9/unique-username/username-attempt-unauthed
2026-09-01 18:34:19	NETWORK	cqtp	attempt=1	proxy=http://wiw4v7duaymysz9-session-811b185b7963-lifetime-10:***@rp.scrapegw.com:6060	ConnectionTimeoutError: Connection timeout to host https://discord.com/api/v9/unique-username/username-attempt-unauthed
2026-09-01 18:34:19	NETWORK	cqrc	attempt=1	proxy=http://wiw4v7duaymysz9-session-feff2b3362c9-lifetime-10:***@rp.scrapegw.com:6060	ConnectionTimeoutError: Connection timeout to host https://discord.com/api/v9/unique-username/username-attempt-unauthed
2026-09-01 18:34:19	NETWORK	cqmj	attempt=1	proxy=http://wiw4v7duaymysz9-session-928b25d65279-lifetime-10:***@rp.scrapegw.com:6060	ConnectionTimeoutError: Connection timeout to host https://discord.com/api/v9/unique-username/username-attempt-unauthed
2026-09-01 18:34:19	NETWORK	cqta	attempt=1	proxy=http://wiw4v7duaymysz9-session-a29be8453ef3-lifetime-10:***@rp.scrapegw.com:6060	ConnectionTimeoutError: Connection timeout to host https://discord.com/api/v9/unique-username/username-attempt-unauthed
2026-09-01 18:34:19	NETWORK	cpxo	attempt=1	proxy=http://wiw4v7duaymysz9-session-fdbb0b0a7830-lifetime-10:***@rp.scrapegw.com:6060	ConnectionTimeoutError: Connection timeout to host https://discord.com/api/v9/unique-username/username-attempt-unauthed
2026-09-01 18:34:19	NETWORK	cqtj	attempt=1	proxy=http://wiw4v7duaymysz9-session-bfdfa0733ae9-lifetime-10:***@rp.scrapegw.com:6060	ConnectionTimeoutError: Connection timeout to host https://discord.com/api/v9/unique-username/username-attempt-unauthed
2026-09-01 18:34:19	NETWORK	cqsk	attempt=1	proxy=http://wiw4v7duaymysz9-session-ead3b11b5a93-lifetime-10:***@rp.scrapegw.com:6060	ConnectionTimeoutError: Connection timeout to host https://discord.com/api/v9/unique-username/username-attempt-unauthed
2026-09-01 18:34:19	NETWORK	cqrj	attempt=1	proxy=http://wiw4v7duaymysz9-session-ee14a39a34e0-lifetime-10:***@rp.scrapegw.com:6060	ConnectionTimeoutError: Connection timeout to host https://discord.com/api/v9/unique-username/username-attempt-unauthed
2026-09-01 18:34:19	NETWORK	cqrg	attempt=1	proxy=http://wiw4v7duaymysz9-session-8c78453c950c-lifetime-10:***@rp.scrapegw.com:6060	ConnectionTimeoutError: Connection timeout to host https://discord.com/api/v9/unique-username/username-attempt-unauthed
2026-09-01 18:34:20	NETWORK	cqmd	attempt=1	proxy=http://wiw4v7duaymysz9-session-99571d6ae2de-lifetime-10:***@rp.scrapegw.com:6060	ConnectionTimeoutError: Connection timeout to host https://discord.com/api/v9/unique-username/username-attempt-unauthed
2026-09-01 18:34:20	NETWORK	cqul	attempt=1	proxy=http://wiw4v7duaymysz9-session-7b4c1fa8d53f-lifetime-10:***@rp.scrapegw.com:6060	ConnectionTimeoutError: Connection timeout to host https://discord.com/api/v9/unique-username/username-attempt-unauthed
2026-09-01 18:34:20	NETWORK	cqza	attempt=1	proxy=http://wiw4v7duaymysz9-session-34fc454f1eb4-lifetime-10:***@rp.scrapegw.com:6060	ConnectionTimeoutError: Connection timeout to host https://discord.com/api/v9/unique-username/username-attempt-unauthed
2026-09-01 18:34:20	NETWORK	cqyj	attempt=1	proxy=http://wiw4v7duaymysz9-session-11a470bbe57e-lifetime-10:***@rp.scrapegw.com:6060	ConnectionTimeoutError: Connection timeout to host https://discord.com/api/v9/unique-username/username-attempt-unauthed
2026-09-01 18:34:20	NETWORK	cqrp	attempt=1	proxy=http://wiw4v7duaymysz9-session-9ac002398b52-lifetime-10:***@rp.scrapegw.com:6060	ConnectionTimeoutError: Connection timeout to host https://discord.com/api/v9/unique-username/username-attempt-unauthed
2026-09-01 18:34:20	NETWORK	cqzp	attempt=1	proxy=http://wiw4v7duaymysz9-session-6a1c79ff32f8-lifetime-10:***@rp.scrapegw.com:6060	ConnectionTimeoutError: Connection timeout to host https://discord.com/api/v9/unique-username/username-attempt-unauthed
2026-09-01 18:34:20	NETWORK	cqyw	attempt=1	proxy=http://wiw4v7duaymysz9-session-7c653c31c3be-lifetime-10:***@rp.scrapegw.com:6060	ConnectionTimeoutError: Connection timeout to host https://discord.com/api/v9/unique-username/username-attempt-unauthed
2026-09-01 18:34:20	NETWORK	cqyi	attempt=1	proxy=http://wiw4v7duaymysz9-session-da60f4585a7a-lifetime-10:***@rp.scrapegw.com:6060	ConnectionTimeoutError: Connection timeout to host https://discord.com/api/v9/unique-username/username-attempt-unauthed
2026-09-01 18:34:20	NETWORK	cqyc	attempt=1	proxy=http://wiw4v7duaymysz9-session-393d6e928d4f-lifetime-10:***@rp.scrapegw.com:6060	ConnectionTimeoutError: Connection timeout to host https://discord.com/api/v9/unique-username/username-attempt-unauthed
2026-09-01 18:34:20	NETWORK	crdv	attempt=1	proxy=http://wiw4v7duaymysz9-session-464aaeed94ca-lifetime-10:***@rp.scrapegw.com:6060	ConnectionTimeoutError: Connection timeout to host https://discord.com/api/v9/unique-username/username-attempt-unauthed
2026-09-01 18:34:20	NETWORK	crru	attempt=1	proxy=http://wiw4v7duaymysz9-session-1aab9c0d317f-lifetime-10:***@rp.scrapegw.com:6060	ConnectionTimeoutError: Connection timeout to host https://discord.com/api/v9/unique-username/username-attempt-unauthed
2026-09-01 18:34:20	NETWORK	crcp	attempt=1	proxy=http://wiw4v7duaymysz9-session-1f28cbb3069a-lifetime-10:***@rp.scrapegw.com:6060	ConnectionTimeoutError: Connection timeout to host https://discord.com/api/v9/unique-username/username-attempt-unauthed
2026-09-01 18:34:21	NETWORK	csnx	attempt=1	proxy=http://wiw4v7duaymysz9-session-1d00df88e7a1-lifetime-10:***@rp.scrapegw.com:6060	ConnectionTimeoutError: Connection timeout to host https://discord.com/api/v9/unique-username/username-attempt-unauthed
2026-09-01 18:34:21	NETWORK	crpd	attempt=1	proxy=http://wiw4v7duaymysz9-session-4dfb19f2f8bc-lifetime-10:***@rp.scrapegw.com:6060	ConnectionTimeoutError: Connection timeout to host https://discord.com/api/v9/unique-username/username-attempt-unauthed
2026-09-01 18:34:21	NETWORK	csbu	attempt=1	proxy=http://wiw4v7duaymysz9-session-d16a1b86c910-lifetime-10:***@rp.scrapegw.com:6060	ConnectionTimeoutError: Connection timeout to host https://discord.com/api/v9/unique-username/username-attempt-unauthed
2026-09-01 18:34:21	NETWORK	csla	attempt=1	proxy=http://wiw4v7duaymysz9-session-928b25d65279-lifetime-10:***@rp.scrapegw.com:6060	ConnectionTimeoutError: Connection timeout to host https://discord.com/api/v9/unique-username/username-attempt-unauthed
2026-09-01 18:34:21	NETWORK	cryi	attempt=1	proxy=http://wiw4v7duaymysz9-session-d751fd3d4893-lifetime-10:***@rp.scrapegw.com:6060	ConnectionTimeoutError: Connection timeout to host https://discord.com/api/v9/unique-username/username-attempt-unauthed
2026-09-01 18:34:21	NETWORK	csfd	attempt=1	proxy=http://wiw4v7duaymysz9-session-99571d6ae2de-lifetime-10:***@rp.scrapegw.com:6060	ConnectionTimeoutError: Connection timeout to host https://discord.com/api/v9/unique-username/username-attempt-unauthed
2026-09-01 18:34:22	HTTP_429	cyhh	attempt=1	proxy=http://wiw4v7duaymysz9-session-8668b29185f6-lifetime-10:***@rp.scrapegw.com:6060	scope=shared global=False retry_after=2075.00s
2026-09-01 18:34:22	HTTP_429	cyjh	attempt=1	proxy=http://wiw4v7duaymysz9-session-e2760025fe8f-lifetime-10:***@rp.scrapegw.com:6060	scope=shared global=False retry_after=1818.00s
2026-09-01 18:34:22	NETWORK	csvw	attempt=1	proxy=http://wiw4v7duaymysz9-session-432141b3a7c5-lifetime-10:***@rp.scrapegw.com:6060	ConnectionTimeoutError: Connection timeout to host https://discord.com/api/v9/unique-username/username-attempt-unauthed
2026-09-01 18:34:22	NETWORK	crzr	attempt=1	proxy=http://wiw4v7duaymysz9-session-0b6bffad6ae0-lifetime-10:***@rp.scrapegw.com:6060	ConnectionTimeoutError: Connection timeout to host https://discord.com/api/v9/unique-username/username-attempt-unauthed
2026-09-01 18:34:22	NETWORK	cstq	attempt=1	proxy=http://wiw4v7duaymysz9-session-ee14a39a34e0-lifetime-10:***@rp.scrapegw.com:6060	ConnectionTimeoutError: Connection timeout to host https://discord.com/api/v9/unique-username/username-attempt-unauthed
2026-09-01 18:34:22	NETWORK	csub	attempt=1	proxy=http://wiw4v7duaymysz9-session-486c654aff40-lifetime-10:***@rp.scrapegw.com:6060	ConnectionTimeoutError: Connection timeout to host https://discord.com/api/v9/unique-username/username-attempt-unauthed
2026-09-01 18:34:22	NETWORK	cssy	attempt=1	proxy=http://wiw4v7duaymysz9-session-8c78453c950c-lifetime-10:***@rp.scrapegw.com:6060	ConnectionTimeoutError: Connection timeout to host https://discord.com/api/v9/unique-username/username-attempt-unauthed
2026-09-01 18:34:23	HTTP_429	cyni	attempt=1	proxy=http://wiw4v7duaymysz9-session-ff1bda3a392b-lifetime-10:***@rp.scrapegw.com:6060	scope=shared global=False retry_after=1761.00s
2026-09-01 18:34:23	NETWORK	csqi	attempt=1	proxy=http://wiw4v7duaymysz9-session-feff2b3362c9-lifetime-10:***@rp.scrapegw.com:6060	ConnectionTimeoutError: Connection timeout to host https://discord.com/api/v9/unique-username/username-attempt-unauthed
2026-09-01 18:34:23	NETWORK	csqb	attempt=1	proxy=http://wiw4v7duaymysz9-session-aec468d1589d-lifetime-10:***@rp.scrapegw.com:6060	ConnectionTimeoutError: Connection timeout to host https://discord.com/api/v9/unique-username/username-attempt-unauthed
2026-09-01 18:34:23	NETWORK	ctai	attempt=1	proxy=http://wiw4v7duaymysz9-session-ead3b11b5a93-lifetime-10:***@rp.scrapegw.com:6060	ConnectionTimeoutError: Connection timeout to host https://discord.com/api/v9/unique-username/username-attempt-unauthed
2026-09-01 18:34:23	NETWORK	ctav	attempt=1	proxy=http://wiw4v7duaymysz9-session-a29be8453ef3-lifetime-10:***@rp.scrapegw.com:6060	ConnectionTimeoutError: Connection timeout to host https://discord.com/api/v9/unique-username/username-attempt-unauthed
2026-09-01 18:34:23	NETWORK	ctfa	attempt=1	proxy=http://wiw4v7duaymysz9-session-e466c040b3d4-lifetime-10:***@rp.scrapegw.com:6060	ConnectionTimeoutError: Connection timeout to host https://discord.com/api/v9/unique-username/username-attempt-unauthed
2026-09-01 18:34:23	NETWORK	cszn	attempt=1	proxy=http://wiw4v7duaymysz9-session-9ac002398b52-lifetime-10:***@rp.scrapegw.com:6060	ConnectionTimeoutError: Connection timeout to host https://discord.com/api/v9/unique-username/username-attempt-unauthed
2026-09-01 18:34:24	NETWORK	ctus	attempt=1	proxy=http://wiw4v7duaymysz9-session-7c653c31c3be-lifetime-10:***@rp.scrapegw.com:6060	ConnectionTimeoutError: Connection timeout to host https://discord.com/api/v9/unique-username/username-attempt-unauthed
2026-09-01 18:34:24	NETWORK	ctxd	attempt=1	proxy=http://wiw4v7duaymysz9-session-6a1c79ff32f8-lifetime-10:***@rp.scrapegw.com:6060	ConnectionTimeoutError: Connection timeout to host https://discord.com/api/v9/unique-username/username-attempt-unauthed
2026-09-01 18:34:24	NETWORK	ctww	attempt=1	proxy=http://wiw4v7duaymysz9-session-34fc454f1eb4-lifetime-10:***@rp.scrapegw.com:6060	ConnectionTimeoutError: Connection timeout to host https://discord.com/api/v9/unique-username/username-attempt-unauthed
2026-09-01 18:34:24	NETWORK	ctrq	attempt=1	proxy=http://wiw4v7duaymysz9-session-11a470bbe57e-lifetime-10:***@rp.scrapegw.com:6060	ConnectionTimeoutError: Connection timeout to host https://discord.com/api/v9/unique-username/username-attempt-unauthed
2026-09-01 18:34:24	NETWORK	ctzt	attempt=1	proxy=http://wiw4v7duaymysz9-session-1f28cbb3069a-lifetime-10:***@rp.scrapegw.com:6060	ConnectionTimeoutError: Connection timeout to host https://discord.com/api/v9/unique-username/username-attempt-unauthed
2026-09-01 18:34:24	NETWORK	ctfe	attempt=1	proxy=http://wiw4v7duaymysz9-session-c658694b6f29-lifetime-10:***@rp.scrapegw.com:6060	ConnectionTimeoutError: Connection timeout to host https://discord.com/api/v9/unique-username/username-attempt-unauthed
2026-09-01 18:34:24	NETWORK	ctfh	attempt=1	proxy=http://wiw4v7duaymysz9-session-e132c24a4f14-lifetime-10:***@rp.scrapegw.com:6060	ConnectionTimeoutError: Connection timeout to host https://discord.com/api/v9/unique-username/username-attempt-unauthed
2026-09-01 18:34:24	NETWORK	ctnu	attempt=1	proxy=http://wiw4v7duaymysz9-session-393d6e928d4f-lifetime-10:***@rp.scrapegw.com:6060	ConnectionTimeoutError: Connection timeout to host https://discord.com/api/v9/unique-username/username-attempt-unauthed
2026-09-01 18:34:24	NETWORK	ctot	attempt=1	proxy=http://wiw4v7duaymysz9-session-da60f4585a7a-lifetime-10:***@rp.scrapegw.com:6060	ConnectionTimeoutError: Connection timeout to host https://discord.com/api/v9/unique-username/username-attempt-unauthed
2026-09-01 18:34:24	NETWORK	ctbs	attempt=1	proxy=http://wiw4v7duaymysz9-session-811b185b7963-lifetime-10:***@rp.scrapegw.com:6060	ConnectionTimeoutError: Connection timeout to host https://discord.com/api/v9/unique-username/username-attempt-unauthed
2026-09-01 18:34:24	NETWORK	ctbe	attempt=1	proxy=http://wiw4v7duaymysz9-session-bfdfa0733ae9-lifetime-10:***@rp.scrapegw.com:6060	ConnectionTimeoutError: Connection timeout to host https://discord.com/api/v9/unique-username/username-attempt-unauthed
2026-09-01 18:34:24	NETWORK	cuaw	attempt=1	proxy=http://wiw4v7duaymysz9-session-464aaeed94ca-lifetime-10:***@rp.scrapegw.com:6060	ConnectionTimeoutError: Connection timeout to host https://discord.com/api/v9/unique-username/username-attempt-unauthed
2026-09-01 18:34:25	NETWORK	cupe	attempt=1	proxy=http://wiw4v7duaymysz9-session-6a9938a26128-lifetime-10:***@rp.scrapegw.com:6060	ConnectionTimeoutError: Connection timeout to host https://discord.com/api/v9/unique-username/username-attempt-unauthed
2026-09-01 18:34:25	NETWORK	cupt	attempt=1	proxy=http://wiw4v7duaymysz9-session-4caced0d179f-lifetime-10:***@rp.scrapegw.com:6060	ConnectionTimeoutError: Connection timeout to host https://discord.com/api/v9/unique-username/username-attempt-unauthed
2026-09-01 18:34:25	NETWORK	cuqp	attempt=1	proxy=http://wiw4v7duaymysz9-session-4dfb19f2f8bc-lifetime-10:***@rp.scrapegw.com:6060	ConnectionTimeoutError: Connection timeout to host https://discord.com/api/v9/unique-username/username-attempt-unauthed
2026-09-01 18:34:25	NETWORK	cudz	attempt=1	proxy=http://wiw4v7duaymysz9-session-7c7a33c72a32-lifetime-10:***@rp.scrapegw.com:6060	ConnectionTimeoutError: Connection timeout to host https://discord.com/api/v9/unique-username/username-attempt-unauthed
2026-09-01 18:34:25	NETWORK	curo	attempt=1	proxy=http://wiw4v7duaymysz9-session-1aab9c0d317f-lifetime-10:***@rp.scrapegw.com:6060	ConnectionTimeoutError: Connection timeout to host https://discord.com/api/v9/unique-username/username-attempt-unauthed
2026-09-01 18:34:25	NETWORK	cuqs	attempt=1	proxy=http://wiw4v7duaymysz9-session-c06a380c5c0e-lifetime-10:***@rp.scrapegw.com:6060	ConnectionTimeoutError: Connection timeout to host https://discord.com/api/v9/unique-username/username-attempt-unauthed
2026-09-01 18:34:26	NETWORK	cutv	attempt=1	proxy=http://wiw4v7duaymysz9-session-a3f9b5cff249-lifetime-10:***@rp.scrapegw.com:6060	ConnectionTimeoutError: Connection timeout to host https://discord.com/api/v9/unique-username/username-attempt-unauthed
2026-09-01 18:34:26	NETWORK	cuvt	attempt=1	proxy=http://wiw4v7duaymysz9-session-793fee6d66bb-lifetime-10:***@rp.scrapegw.com:6060	ConnectionTimeoutError: Connection timeout to host https://discord.com/api/v9/unique-username/username-attempt-unauthed
2026-09-01 18:34:26	NETWORK	cvad	attempt=1	proxy=http://wiw4v7duaymysz9-session-fdbb0b0a7830-lifetime-10:***@rp.scrapegw.com:6060	ConnectionTimeoutError: Connection timeout to host https://discord.com/api/v9/unique-username/username-attempt-unauthed
2026-09-01 18:34:26	NETWORK	cuwb	attempt=1	proxy=http://wiw4v7duaymysz9-session-5ba8fe140b71-lifetime-10:***@rp.scrapegw.com:6060	ConnectionTimeoutError: Connection timeout to host https://discord.com/api/v9/unique-username/username-attempt-unauthed
2026-09-01 18:34:26	NETWORK	cuyv	attempt=1	proxy=http://wiw4v7duaymysz9-session-c0b5d2178ed0-lifetime-10:***@rp.scrapegw.com:6060	ConnectionTimeoutError: Connection timeout to host https://discord.com/api/v9/unique-username/username-attempt-unauthed
2026-09-01 18:34:26	NETWORK	cuvb	attempt=1	proxy=http://wiw4v7duaymysz9-session-3e0c2a8dfa2e-lifetime-10:***@rp.scrapegw.com:6060	ConnectionTimeoutError: Connection timeout to host https://discord.com/api/v9/unique-username/username-attempt-unauthed
2026-09-01 18:34:27	NETWORK	cvaw	attempt=1	proxy=http://wiw4v7duaymysz9-session-0245260132f9-lifetime-10:***@rp.scrapegw.com:6060	ConnectionTimeoutError: Connection timeout to host https://discord.com/api/v9/unique-username/username-attempt-unauthed
2026-09-01 18:34:27	NETWORK	cvpz	attempt=1	proxy=http://wiw4v7duaymysz9-session-928b25d65279-lifetime-10:***@rp.scrapegw.com:6060	ConnectionTimeoutError: Connection timeout to host https://discord.com/api/v9/unique-username/username-attempt-unauthed
2026-09-01 18:34:27	NETWORK	cvge	attempt=1	proxy=http://wiw4v7duaymysz9-session-ee8e028bfaff-lifetime-10:***@rp.scrapegw.com:6060	ConnectionTimeoutError: Connection timeout to host https://discord.com/api/v9/unique-username/username-attempt-unauthed
2026-09-01 18:34:27	NETWORK	cvhm	attempt=1	proxy=http://wiw4v7duaymysz9-session-6d5ec1bfb7b9-lifetime-10:***@rp.scrapegw.com:6060	ConnectionTimeoutError: Connection timeout to host https://discord.com/api/v9/unique-username/username-attempt-unauthed
2026-09-01 18:34:27	NETWORK	cvid	attempt=1	proxy=http://wiw4v7duaymysz9-session-2b875396c339-lifetime-10:***@rp.scrapegw.com:6060	ConnectionTimeoutError: Connection timeout to host https://discord.com/api/v9/unique-username/username-attempt-unauthed
2026-09-01 18:34:27	NETWORK	cvje	attempt=1	proxy=http://wiw4v7duaymysz9-session-825258a0a4be-lifetime-10:***@rp.scrapegw.com:6060	ConnectionTimeoutError: Connection timeout to host https://discord.com/api/v9/unique-username/username-attempt-unauthed
2026-09-01 18:34:27	NETWORK	cvbi	attempt=1	proxy=http://wiw4v7duaymysz9-session-190f776171b8-lifetime-10:***@rp.scrapegw.com:6060	ConnectionTimeoutError: Connection timeout to host https://discord.com/api/v9/unique-username/username-attempt-unauthed
2026-09-01 18:34:27	NETWORK	cvno	attempt=1	proxy=http://wiw4v7duaymysz9-session-99571d6ae2de-lifetime-10:***@rp.scrapegw.com:6060	ConnectionTimeoutError: Connection timeout to host https://discord.com/api/v9/unique-username/username-attempt-unauthed
2026-09-01 18:34:28	NETWORK	cwhv	attempt=1	proxy=http://wiw4v7duaymysz9-session-5caf4468f761-lifetime-10:***@rp.scrapegw.com:6060	ConnectionTimeoutError: Connection timeout to host https://discord.com/api/v9/unique-username/username-attempt-unauthed
2026-09-01 18:34:28	NETWORK	cwkj	attempt=1	proxy=http://wiw4v7duaymysz9-session-486c654aff40-lifetime-10:***@rp.scrapegw.com:6060	ConnectionTimeoutError: Connection timeout to host https://discord.com/api/v9/unique-username/username-attempt-unauthed
2026-09-01 18:34:28	NETWORK	cwri	attempt=1	proxy=http://wiw4v7duaymysz9-session-c658694b6f29-lifetime-10:***@rp.scrapegw.com:6060	ConnectionTimeoutError: Connection timeout to host https://discord.com/api/v9/unique-username/username-attempt-unauthed
2026-09-01 18:34:28	NETWORK	cwex	attempt=1	proxy=http://wiw4v7duaymysz9-session-4653bb17cf2c-lifetime-10:***@rp.scrapegw.com:6060	ConnectionTimeoutError: Connection timeout to host https://discord.com/api/v9/unique-username/username-attempt-unauthed
2026-09-01 18:34:28	NETWORK	cwsp	attempt=1	proxy=http://wiw4v7duaymysz9-session-7b4c1fa8d53f-lifetime-10:***@rp.scrapegw.com:6060	ConnectionTimeoutError: Connection timeout to host https://discord.com/api/v9/unique-username/username-attempt-unauthed
2026-09-01 18:34:28	NETWORK	cwzq	attempt=1	proxy=http://wiw4v7duaymysz9-session-11a470bbe57e-lifetime-10:***@rp.scrapegw.com:6060	ConnectionTimeoutError: Connection timeout to host https://discord.com/api/v9/unique-username/username-attempt-unauthed
2026-09-01 18:34:28	NETWORK	cwmf	attempt=1	proxy=http://wiw4v7duaymysz9-session-9ac002398b52-lifetime-10:***@rp.scrapegw.com:6060	ConnectionTimeoutError: Connection timeout to host https://discord.com/api/v9/unique-username/username-attempt-unauthed
2026-09-01 18:34:28	NETWORK	cwvy	attempt=1	proxy=http://wiw4v7duaymysz9-session-393d6e928d4f-lifetime-10:***@rp.scrapegw.com:6060	ConnectionTimeoutError: Connection timeout to host https://discord.com/api/v9/unique-username/username-attempt-unauthed
2026-09-01 18:34:28	NETWORK	cvrx	attempt=1	proxy=http://wiw4v7duaymysz9-session-0fd3a06389f5-lifetime-10:***@rp.scrapegw.com:6060	ConnectionTimeoutError: Connection timeout to host https://discord.com/api/v9/unique-username/username-attempt-unauthed
2026-09-01 18:34:28	NETWORK	cwaf	attempt=1	proxy=http://wiw4v7duaymysz9-session-37908978ee4d-lifetime-10:***@rp.scrapegw.com:6060	ConnectionTimeoutError: Connection timeout to host https://discord.com/api/v9/unique-username/username-attempt-unauthed
2026-09-01 18:34:28	NETWORK	cwks	attempt=1	proxy=http://wiw4v7duaymysz9-session-432141b3a7c5-lifetime-10:***@rp.scrapegw.com:6060	ConnectionTimeoutError: Connection timeout to host https://discord.com/api/v9/unique-username/username-attempt-unauthed
2026-09-01 18:34:28	NETWORK	cwys	attempt=1	proxy=http://wiw4v7duaymysz9-session-da60f4585a7a-lifetime-10:***@rp.scrapegw.com:6060	ConnectionTimeoutError: Connection timeout to host https://discord.com/api/v9/unique-username/username-attempt-unauthed
2026-09-01 18:34:28	NETWORK	cvpa	attempt=1	proxy=http://wiw4v7duaymysz9-session-7ea5b167b99b-lifetime-10:***@rp.scrapegw.com:6060	ConnectionTimeoutError: Connection timeout to host https://discord.com/api/v9/unique-username/username-attempt-unauthed
2026-09-01 18:34:29	NETWORK	cywt	attempt=1	proxy=http://wiw4v7duaymysz9-session-ab968e00e10e-lifetime-10:***@rp.scrapegw.com:6060	ServerDisconnectedError: Server disconnected
2026-09-01 18:34:29	NETWORK	cxte	attempt=1	proxy=http://wiw4v7duaymysz9-session-a3f9b5cff249-lifetime-10:***@rp.scrapegw.com:6060	ConnectionTimeoutError: Connection timeout to host https://discord.com/api/v9/unique-username/username-attempt-unauthed
2026-09-01 18:34:29	NETWORK	cxah	attempt=1	proxy=http://wiw4v7duaymysz9-session-34fc454f1eb4-lifetime-10:***@rp.scrapegw.com:6060	ConnectionTimeoutError: Connection timeout to host https://discord.com/api/v9/unique-username/username-attempt-unauthed
2026-09-01 18:34:29	NETWORK	cxbk	attempt=1	proxy=http://wiw4v7duaymysz9-session-464aaeed94ca-lifetime-10:***@rp.scrapegw.com:6060	ConnectionTimeoutError: Connection timeout to host https://discord.com/api/v9/unique-username/username-attempt-unauthed
2026-09-01 18:34:29	NETWORK	cvea	attempt=1	proxy=http://wiw4v7duaymysz9-session-f6dd4c4a139c-lifetime-10:***@rp.scrapegw.com:6060	ConnectionTimeoutError: Connection timeout to host https://discord.com/api/v9/unique-username/username-attempt-unauthed
2026-09-01 18:34:29	NETWORK	cxrw	attempt=1	proxy=http://wiw4v7duaymysz9-session-4caced0d179f-lifetime-10:***@rp.scrapegw.com:6060	ConnectionTimeoutError: Connection timeout to host https://discord.com/api/v9/unique-username/username-attempt-unauthed
2026-09-01 18:34:29	NETWORK	cxrq	attempt=1	proxy=http://wiw4v7duaymysz9-session-6a9938a26128-lifetime-10:***@rp.scrapegw.com:6060	ConnectionTimeoutError: Connection timeout to host https://discord.com/api/v9/unique-username/username-attempt-unauthed
2026-09-01 18:34:29	NETWORK	cxul	attempt=1	proxy=http://wiw4v7duaymysz9-session-806b02c829f4-lifetime-10:***@rp.scrapegw.com:6060	ConnectionTimeoutError: Connection timeout to host https://discord.com/api/v9/unique-username/username-attempt-unauthed
2026-09-01 18:34:29	NETWORK	cxsv	attempt=1	proxy=http://wiw4v7duaymysz9-session-4dfb19f2f8bc-lifetime-10:***@rp.scrapegw.com:6060	ConnectionTimeoutError: Connection timeout to host https://discord.com/api/v9/unique-username/username-attempt-unauthed
2026-09-01 18:34:29	NETWORK	cxsy	attempt=1	proxy=http://wiw4v7duaymysz9-session-c06a380c5c0e-lifetime-10:***@rp.scrapegw.com:6060	ConnectionTimeoutError: Connection timeout to host https://discord.com/api/v9/unique-username/username-attempt-unauthed
2026-09-01 18:34:29	NETWORK	cxhb	attempt=1	proxy=http://wiw4v7duaymysz9-session-7c7a33c72a32-lifetime-10:***@rp.scrapegw.com:6060	ConnectionTimeoutError: Connection timeout to host https://discord.com/api/v9/unique-username/username-attempt-unauthed
2026-09-01 18:34:29	NETWORK	cxxq	attempt=1	proxy=http://wiw4v7duaymysz9-session-f6dd4c4a139c-lifetime-10:***@rp.scrapegw.com:6060	ConnectionTimeoutError: Connection timeout to host https://discord.com/api/v9/unique-username/username-attempt-unauthed
2026-09-01 18:34:29	NETWORK	cxus	attempt=1	proxy=http://wiw4v7duaymysz9-session-c0b5d2178ed0-lifetime-10:***@rp.scrapegw.com:6060	ConnectionTimeoutError: Connection timeout to host https://discord.com/api/v9/unique-username/username-attempt-unauthed
2026-09-01 18:34:30	HTTP_429	dbnn	attempt=1	proxy=http://wiw4v7duaymysz9-session-81aa02c098af-lifetime-10:***@rp.scrapegw.com:6060	scope=shared global=False retry_after=1490.00s
2026-09-01 18:34:30	NETWORK	cykb	attempt=1	proxy=http://wiw4v7duaymysz9-session-37908978ee4d-lifetime-10:***@rp.scrapegw.com:6060	ConnectionTimeoutError: Connection timeout to host https://discord.com/api/v9/unique-username/username-attempt-unauthed
2026-09-01 18:34:30	NETWORK	cyaq	attempt=1	proxy=http://wiw4v7duaymysz9-session-2b875396c339-lifetime-10:***@rp.scrapegw.com:6060	ConnectionTimeoutError: Connection timeout to host https://discord.com/api/v9/unique-username/username-attempt-unauthed
2026-09-01 18:34:30	NETWORK	cxwd	attempt=1	proxy=http://wiw4v7duaymysz9-session-190f776171b8-lifetime-10:***@rp.scrapegw.com:6060	ConnectionTimeoutError: Connection timeout to host https://discord.com/api/v9/unique-username/username-attempt-unauthed
2026-09-01 18:34:30	NETWORK	cyfc	attempt=1	proxy=http://wiw4v7duaymysz9-session-7ea5b167b99b-lifetime-10:***@rp.scrapegw.com:6060	ConnectionTimeoutError: Connection timeout to host https://discord.com/api/v9/unique-username/username-attempt-unauthed
2026-09-01 18:34:30	NETWORK	cxqk	attempt=1	proxy=http://wiw4v7duaymysz9-session-f71393eab711-lifetime-10:***@rp.scrapegw.com:6060	ConnectionTimeoutError: Connection timeout to host https://discord.com/api/v9/unique-username/username-attempt-unauthed
2026-09-01 18:34:30	NETWORK	cybi	attempt=1	proxy=http://wiw4v7duaymysz9-session-825258a0a4be-lifetime-10:***@rp.scrapegw.com:6060	ConnectionTimeoutError: Connection timeout to host https://discord.com/api/v9/unique-username/username-attempt-unauthed
2026-09-01 18:34:30	NETWORK	cyam	attempt=1	proxy=http://wiw4v7duaymysz9-session-6d5ec1bfb7b9-lifetime-10:***@rp.scrapegw.com:6060	ConnectionTimeoutError: Connection timeout to host https://discord.com/api/v9/unique-username/username-attempt-unauthed
2026-09-01 18:34:30	NETWORK	cygj	attempt=1	proxy=http://wiw4v7duaymysz9-session-0fd3a06389f5-lifetime-10:***@rp.scrapegw.com:6060	ConnectionTimeoutError: Connection timeout to host https://discord.com/api/v9/unique-username/username-attempt-unauthed
2026-09-01 18:34:31	NETWORK	cyln	attempt=1	proxy=http://wiw4v7duaymysz9-session-c658694b6f29-lifetime-10:***@rp.scrapegw.com:6060	ConnectionTimeoutError: Connection timeout to host https://discord.com/api/v9/unique-username/username-attempt-unauthed
2026-09-01 18:34:31	NETWORK	cylh	attempt=1	proxy=http://wiw4v7duaymysz9-session-5caf4468f761-lifetime-10:***@rp.scrapegw.com:6060	ConnectionTimeoutError: Connection timeout to host https://discord.com/api/v9/unique-username/username-attempt-unauthed
2026-09-01 18:34:31	NETWORK	cyla	attempt=1	proxy=http://wiw4v7duaymysz9-session-4653bb17cf2c-lifetime-10:***@rp.scrapegw.com:6060	ConnectionTimeoutError: Connection timeout to host https://discord.com/api/v9/unique-username/username-attempt-unauthed
2026-09-01 18:34:31	NETWORK	cyqi	attempt=1	proxy=http://wiw4v7duaymysz9-session-f9a5a91095f9-lifetime-10:***@rp.scrapegw.com:6060	ConnectionTimeoutError: Connection timeout to host https://discord.com/api/v9/unique-username/username-attempt-unauthed
2026-09-01 18:34:32	NETWORK	czca	attempt=1	proxy=http://wiw4v7duaymysz9-session-c06a380c5c0e-lifetime-10:***@rp.scrapegw.com:6060	ConnectionTimeoutError: Connection timeout to host https://discord.com/api/v9/unique-username/username-attempt-unauthed
2026-09-01 18:34:32	NETWORK	cytq	attempt=1	proxy=http://wiw4v7duaymysz9-session-7c7a33c72a32-lifetime-10:***@rp.scrapegw.com:6060	ConnectionTimeoutError: Connection timeout to host https://discord.com/api/v9/unique-username/username-attempt-unauthed
2026-09-01 18:34:32	NETWORK	cyyg	attempt=1	proxy=http://wiw4v7duaymysz9-session-f71393eab711-lifetime-10:***@rp.scrapegw.com:6060	ConnectionTimeoutError: Connection timeout to host https://discord.com/api/v9/unique-username/username-attempt-unauthed
2026-09-01 18:34:32	NETWORK	czai	attempt=1	proxy=http://wiw4v7duaymysz9-session-4caced0d179f-lifetime-10:***@rp.scrapegw.com:6060	ConnectionTimeoutError: Connection timeout to host https://discord.com/api/v9/unique-username/username-attempt-unauthed
2026-09-01 18:34:32	NETWORK	czcb	attempt=1	proxy=http://wiw4v7duaymysz9-session-1aab9c0d317f-lifetime-10:***@rp.scrapegw.com:6060	ConnectionTimeoutError: Connection timeout to host https://discord.com/api/v9/unique-username/username-attempt-unauthed
2026-09-01 18:34:32	NETWORK	czda	attempt=1	proxy=http://wiw4v7duaymysz9-session-3e0c2a8dfa2e-lifetime-10:***@rp.scrapegw.com:6060	ConnectionTimeoutError: Connection timeout to host https://discord.com/api/v9/unique-username/username-attempt-unauthed
2026-09-01 18:34:32	NETWORK	czcd	attempt=1	proxy=http://wiw4v7duaymysz9-session-a3f9b5cff249-lifetime-10:***@rp.scrapegw.com:6060	ConnectionTimeoutError: Connection timeout to host https://discord.com/api/v9/unique-username/username-attempt-unauthed
2026-09-01 18:34:33	NETWORK	czpk	attempt=1	proxy=http://wiw4v7duaymysz9-session-0a52a4d681d1-lifetime-10:***@rp.scrapegw.com:6060	ConnectionTimeoutError: Connection timeout to host https://discord.com/api/v9/unique-username/username-attempt-unauthed
2026-09-01 18:34:33	NETWORK	cznp	attempt=1	proxy=http://wiw4v7duaymysz9-session-50b90b88b809-lifetime-10:***@rp.scrapegw.com:6060	ConnectionTimeoutError: Connection timeout to host https://discord.com/api/v9/unique-username/username-attempt-unauthed
2026-09-01 18:34:33	NETWORK	czmf	attempt=1	proxy=http://wiw4v7duaymysz9-session-d751fd3d4893-lifetime-10:***@rp.scrapegw.com:6060	ConnectionTimeoutError: Connection timeout to host https://discord.com/api/v9/unique-username/username-attempt-unauthed
2026-09-01 18:34:33	NETWORK	czqx	attempt=1	proxy=http://wiw4v7duaymysz9-session-1c95670fca9f-lifetime-10:***@rp.scrapegw.com:6060	ConnectionTimeoutError: Connection timeout to host https://discord.com/api/v9/unique-username/username-attempt-unauthed
2026-09-01 18:34:33	NETWORK	czkp	attempt=1	proxy=http://wiw4v7duaymysz9-session-fdbb0b0a7830-lifetime-10:***@rp.scrapegw.com:6060	ConnectionTimeoutError: Connection timeout to host https://discord.com/api/v9/unique-username/username-attempt-unauthed
2026-09-01 18:34:33	NETWORK	czfd	attempt=1	proxy=http://wiw4v7duaymysz9-session-5ba8fe140b71-lifetime-10:***@rp.scrapegw.com:6060	ConnectionTimeoutError: Connection timeout to host https://discord.com/api/v9/unique-username/username-attempt-unauthed
2026-09-01 18:34:33	NETWORK	czjb	attempt=1	proxy=http://wiw4v7duaymysz9-session-c0b5d2178ed0-lifetime-10:***@rp.scrapegw.com:6060	ConnectionTimeoutError: Connection timeout to host https://discord.com/api/v9/unique-username/username-attempt-unauthed
2026-09-01 18:34:33	NETWORK	czmw	attempt=1	proxy=http://wiw4v7duaymysz9-session-190f776171b8-lifetime-10:***@rp.scrapegw.com:6060	ConnectionTimeoutError: Connection timeout to host https://discord.com/api/v9/unique-username/username-attempt-unauthed
2026-09-01 18:34:33	NETWORK	czow	attempt=1	proxy=http://wiw4v7duaymysz9-session-f6dd4c4a139c-lifetime-10:***@rp.scrapegw.com:6060	ConnectionTimeoutError: Connection timeout to host https://discord.com/api/v9/unique-username/username-attempt-unauthed
2026-09-01 18:34:33	NETWORK	czag	attempt=1	proxy=http://wiw4v7duaymysz9-session-6a9938a26128-lifetime-10:***@rp.scrapegw.com:6060	ConnectionTimeoutError: Connection timeout to host https://discord.com/api/v9/unique-username/username-attempt-unauthed
2026-09-01 18:34:33	NETWORK	czkt	attempt=1	proxy=http://wiw4v7duaymysz9-session-0245260132f9-lifetime-10:***@rp.scrapegw.com:6060	ConnectionTimeoutError: Connection timeout to host https://discord.com/api/v9/unique-username/username-attempt-unauthed
2026-09-01 18:34:33	NETWORK	czij	attempt=1	proxy=http://wiw4v7duaymysz9-session-806b02c829f4-lifetime-10:***@rp.scrapegw.com:6060	ConnectionTimeoutError: Connection timeout to host https://discord.com/api/v9/unique-username/username-attempt-unauthed
2026-09-01 18:34:34	NETWORK	cztw	attempt=1	proxy=http://wiw4v7duaymysz9-session-d16a1b86c910-lifetime-10:***@rp.scrapegw.com:6060	ConnectionTimeoutError: Connection timeout to host https://discord.com/api/v9/unique-username/username-attempt-unauthed
2026-09-01 18:34:34	NETWORK	daag	attempt=1	proxy=http://wiw4v7duaymysz9-session-825258a0a4be-lifetime-10:***@rp.scrapegw.com:6060	ConnectionTimeoutError: Connection timeout to host https://discord.com/api/v9/unique-username/username-attempt-unauthed
2026-09-01 18:34:34	NETWORK	czrq	attempt=1	proxy=http://wiw4v7duaymysz9-session-26b16d49830b-lifetime-10:***@rp.scrapegw.com:6060	ConnectionTimeoutError: Connection timeout to host https://discord.com/api/v9/unique-username/username-attempt-unauthed
2026-09-01 18:34:34	NETWORK	czzp	attempt=1	proxy=http://wiw4v7duaymysz9-session-2b875396c339-lifetime-10:***@rp.scrapegw.com:6060	ConnectionTimeoutError: Connection timeout to host https://discord.com/api/v9/unique-username/username-attempt-unauthed
2026-09-01 18:34:34	NETWORK	czzl	attempt=1	proxy=http://wiw4v7duaymysz9-session-6d5ec1bfb7b9-lifetime-10:***@rp.scrapegw.com:6060	ConnectionTimeoutError: Connection timeout to host https://discord.com/api/v9/unique-username/username-attempt-unauthed
2026-09-01 18:34:34	NETWORK	czwx	attempt=1	proxy=http://wiw4v7duaymysz9-session-ee8e028bfaff-lifetime-10:***@rp.scrapegw.com:6060	ConnectionTimeoutError: Connection timeout to host https://discord.com/api/v9/unique-username/username-attempt-unauthed
2026-09-01 18:34:35	NETWORK	dads	attempt=1	proxy=http://wiw4v7duaymysz9-session-99571d6ae2de-lifetime-10:***@rp.scrapegw.com:6060	ConnectionTimeoutError: Connection timeout to host https://discord.com/api/v9/unique-username/username-attempt-unauthed
2026-09-01 18:34:35	NETWORK	dajv	attempt=1	proxy=http://wiw4v7duaymysz9-session-1d00df88e7a1-lifetime-10:***@rp.scrapegw.com:6060	ConnectionTimeoutError: Connection timeout to host https://discord.com/api/v9/unique-username/username-attempt-unauthed
2026-09-01 18:34:35	NETWORK	dahw	attempt=1	proxy=http://wiw4v7duaymysz9-session-928b25d65279-lifetime-10:***@rp.scrapegw.com:6060	ConnectionTimeoutError: Connection timeout to host https://discord.com/api/v9/unique-username/username-attempt-unauthed
2026-09-01 18:34:35	NETWORK	dajk	attempt=1	proxy=http://wiw4v7duaymysz9-session-0fd3a06389f5-lifetime-10:***@rp.scrapegw.com:6060	ConnectionTimeoutError: Connection timeout to host https://discord.com/api/v9/unique-username/username-attempt-unauthed
2026-09-01 18:34:35	NETWORK	dagk	attempt=1	proxy=http://wiw4v7duaymysz9-session-7ea5b167b99b-lifetime-10:***@rp.scrapegw.com:6060	ConnectionTimeoutError: Connection timeout to host https://discord.com/api/v9/unique-username/username-attempt-unauthed
2026-09-01 18:34:35	NETWORK	damh	attempt=1	proxy=http://wiw4v7duaymysz9-session-aec468d1589d-lifetime-10:***@rp.scrapegw.com:6060	ConnectionTimeoutError: Connection timeout to host https://discord.com/api/v9/unique-username/username-attempt-unauthed
2026-09-01 18:34:35	NETWORK	daoy	attempt=1	proxy=http://wiw4v7duaymysz9-session-feff2b3362c9-lifetime-10:***@rp.scrapegw.com:6060	ConnectionTimeoutError: Connection timeout to host https://discord.com/api/v9/unique-username/username-attempt-unauthed
2026-09-01 18:34:35	NETWORK	dajl	attempt=1	proxy=http://wiw4v7duaymysz9-session-e4e42869d88e-lifetime-10:***@rp.scrapegw.com:6060	ConnectionTimeoutError: Connection timeout to host https://discord.com/api/v9/unique-username/username-attempt-unauthed
2026-09-01 18:34:36	NETWORK	daoz	attempt=1	proxy=http://wiw4v7duaymysz9-session-4d5030b303fb-lifetime-10:***@rp.scrapegw.com:6060	ConnectionTimeoutError: Connection timeout to host https://discord.com/api/v9/unique-username/username-attempt-unauthed
2026-09-01 18:34:36	NETWORK	daqf	attempt=1	proxy=http://wiw4v7duaymysz9-session-37908978ee4d-lifetime-10:***@rp.scrapegw.com:6060	ConnectionTimeoutError: Connection timeout to host https://discord.com/api/v9/unique-username/username-attempt-unauthed
2026-09-01 18:34:36	NETWORK	daxn	attempt=1	proxy=http://wiw4v7duaymysz9-session-432141b3a7c5-lifetime-10:***@rp.scrapegw.com:6060	ConnectionTimeoutError: Connection timeout to host https://discord.com/api/v9/unique-username/username-attempt-unauthed
2026-09-01 18:34:36	NETWORK	dasn	attempt=1	proxy=http://wiw4v7duaymysz9-session-5caf4468f761-lifetime-10:***@rp.scrapegw.com:6060	ConnectionTimeoutError: Connection timeout to host https://discord.com/api/v9/unique-username/username-attempt-unauthed
2026-09-01 18:34:36	NETWORK	dasi	attempt=1	proxy=http://wiw4v7duaymysz9-session-4653bb17cf2c-lifetime-10:***@rp.scrapegw.com:6060	ConnectionTimeoutError: Connection timeout to host https://discord.com/api/v9/unique-username/username-attempt-unauthed
2026-09-01 18:34:36	NETWORK	davx	attempt=1	proxy=http://wiw4v7duaymysz9-session-486c654aff40-lifetime-10:***@rp.scrapegw.com:6060	ConnectionTimeoutError: Connection timeout to host https://discord.com/api/v9/unique-username/username-attempt-unauthed
2026-09-01 18:34:36	NETWORK	dapy	attempt=1	proxy=http://wiw4v7duaymysz9-session-8c78453c950c-lifetime-10:***@rp.scrapegw.com:6060	ConnectionTimeoutError: Connection timeout to host https://discord.com/api/v9/unique-username/username-attempt-unauthed
2026-09-01 18:34:37	NETWORK	dazn	attempt=1	proxy=http://wiw4v7duaymysz9-session-a29be8453ef3-lifetime-10:***@rp.scrapegw.com:6060	ConnectionTimeoutError: Connection timeout to host https://discord.com/api/v9/unique-username/username-attempt-unauthed
2026-09-01 18:34:37	NETWORK	dbag	attempt=1	proxy=http://wiw4v7duaymysz9-session-e466c040b3d4-lifetime-10:***@rp.scrapegw.com:6060	ConnectionTimeoutError: Connection timeout to host https://discord.com/api/v9/unique-username/username-attempt-unauthed
2026-09-01 18:34:37	NETWORK	dbfz	attempt=1	proxy=http://wiw4v7duaymysz9-session-1f28cbb3069a-lifetime-10:***@rp.scrapegw.com:6060	ConnectionTimeoutError: Connection timeout to host https://discord.com/api/v9/unique-username/username-attempt-unauthed
2026-09-01 18:34:37	NETWORK	dazl	attempt=1	proxy=http://wiw4v7duaymysz9-session-ead3b11b5a93-lifetime-10:***@rp.scrapegw.com:6060	ConnectionTimeoutError: Connection timeout to host https://discord.com/api/v9/unique-username/username-attempt-unauthed
2026-09-01 18:34:37	NETWORK	dbew	attempt=1	proxy=http://wiw4v7duaymysz9-session-34fc454f1eb4-lifetime-10:***@rp.scrapegw.com:6060	ConnectionTimeoutError: Connection timeout to host https://discord.com/api/v9/unique-username/username-attempt-unauthed
2026-09-01 18:34:37	NETWORK	dbax	attempt=1	proxy=http://wiw4v7duaymysz9-session-e132c24a4f14-lifetime-10:***@rp.scrapegw.com:6060	ConnectionTimeoutError: Connection timeout to host https://discord.com/api/v9/unique-username/username-attempt-unauthed
2026-09-01 18:34:37	NETWORK	davh	attempt=1	proxy=http://wiw4v7duaymysz9-session-ee14a39a34e0-lifetime-10:***@rp.scrapegw.com:6060	ConnectionTimeoutError: Connection timeout to host https://discord.com/api/v9/unique-username/username-attempt-unauthed
2026-09-01 18:34:37	NETWORK	dbae	attempt=1	proxy=http://wiw4v7duaymysz9-session-811b185b7963-lifetime-10:***@rp.scrapegw.com:6060	ConnectionTimeoutError: Connection timeout to host https://discord.com/api/v9/unique-username/username-attempt-unauthed
2026-09-01 18:34:37	NETWORK	dazw	attempt=1	proxy=http://wiw4v7duaymysz9-session-bfdfa0733ae9-lifetime-10:***@rp.scrapegw.com:6060	ConnectionTimeoutError: Connection timeout to host https://discord.com/api/v9/unique-username/username-attempt-unauthed
2026-09-01 18:34:37	NETWORK	dbdj	attempt=1	proxy=http://wiw4v7duaymysz9-session-7c653c31c3be-lifetime-10:***@rp.scrapegw.com:6060	ConnectionTimeoutError: Connection timeout to host https://discord.com/api/v9/unique-username/username-attempt-unauthed
2026-09-01 18:34:37	NETWORK	dbhe	attempt=1	proxy=http://wiw4v7duaymysz9-session-464aaeed94ca-lifetime-10:***@rp.scrapegw.com:6060	ConnectionTimeoutError: Connection timeout to host https://discord.com/api/v9/unique-username/username-attempt-unauthed
2026-09-01 18:34:37	NETWORK	dayo	attempt=1	proxy=http://wiw4v7duaymysz9-session-9ac002398b52-lifetime-10:***@rp.scrapegw.com:6060	ConnectionTimeoutError: Connection timeout to host https://discord.com/api/v9/unique-username/username-attempt-unauthed
2026-09-01 18:34:37	NETWORK	dbfg	attempt=1	proxy=http://wiw4v7duaymysz9-session-6a1c79ff32f8-lifetime-10:***@rp.scrapegw.com:6060	ConnectionTimeoutError: Connection timeout to host https://discord.com/api/v9/unique-username/username-attempt-unauthed
2026-09-01 18:34:38	HTTP_429	deju	attempt=1	proxy=http://wiw4v7duaymysz9-session-3f3273849741-lifetime-10:***@rp.scrapegw.com:6060	scope=shared global=False retry_after=1223.00s
2026-09-01 18:34:38	NETWORK	dbrs	attempt=1	proxy=http://wiw4v7duaymysz9-session-1c95670fca9f-lifetime-10:***@rp.scrapegw.com:6060	ConnectionTimeoutError: Connection timeout to host https://discord.com/api/v9/unique-username/username-attempt-unauthed
2026-09-01 18:34:38	NETWORK	dbmq	attempt=1	proxy=http://wiw4v7duaymysz9-session-5ba8fe140b71-lifetime-10:***@rp.scrapegw.com:6060	ConnectionTimeoutError: Connection timeout to host https://discord.com/api/v9/unique-username/username-attempt-unauthed
2026-09-01 18:34:38	NETWORK	dbpm	attempt=1	proxy=http://wiw4v7duaymysz9-session-50b90b88b809-lifetime-10:***@rp.scrapegw.com:6060	ConnectionTimeoutError: Connection timeout to host https://discord.com/api/v9/unique-username/username-attempt-unauthed
2026-09-01 18:34:38	NETWORK	dbjg	attempt=1	proxy=http://wiw4v7duaymysz9-session-ca26023e2e56-lifetime-10:***@rp.scrapegw.com:6060	ConnectionTimeoutError: Connection timeout to host https://discord.com/api/v9/unique-username/username-attempt-unauthed
2026-09-01 18:34:38	NETWORK	dbqv	attempt=1	proxy=http://wiw4v7duaymysz9-session-0a52a4d681d1-lifetime-10:***@rp.scrapegw.com:6060	ConnectionTimeoutError: Connection timeout to host https://discord.com/api/v9/unique-username/username-attempt-unauthed
2026-09-01 18:34:38	NETWORK	dbiy	attempt=1	proxy=http://wiw4v7duaymysz9-session-7c7a33c72a32-lifetime-10:***@rp.scrapegw.com:6060	ConnectionTimeoutError: Connection timeout to host https://discord.com/api/v9/unique-username/username-attempt-unauthed
2026-09-01 18:34:38	NETWORK	dbrv	attempt=1	proxy=http://wiw4v7duaymysz9-session-26b16d49830b-lifetime-10:***@rp.scrapegw.com:6060	ConnectionTimeoutError: Connection timeout to host https://discord.com/api/v9/unique-username/username-attempt-unauthed
2026-09-01 18:34:38	NETWORK	dbpg	attempt=1	proxy=http://wiw4v7duaymysz9-session-d751fd3d4893-lifetime-10:***@rp.scrapegw.com:6060	ConnectionTimeoutError: Connection timeout to host https://discord.com/api/v9/unique-username/username-attempt-unauthed
2026-09-01 18:34:38	NETWORK	dbks	attempt=1	proxy=http://wiw4v7duaymysz9-session-3e0c2a8dfa2e-lifetime-10:***@rp.scrapegw.com:6060	ConnectionTimeoutError: Connection timeout to host https://discord.com/api/v9/unique-username/username-attempt-unauthed
2026-09-01 18:34:38	NETWORK	dboh	attempt=1	proxy=http://wiw4v7duaymysz9-session-fdbb0b0a7830-lifetime-10:***@rp.scrapegw.com:6060	ConnectionTimeoutError: Connection timeout to host https://discord.com/api/v9/unique-username/username-attempt-unauthed
2026-09-01 18:34:38	NETWORK	dbjz	attempt=1	proxy=http://wiw4v7duaymysz9-session-1aab9c0d317f-lifetime-10:***@rp.scrapegw.com:6060	ConnectionTimeoutError: Connection timeout to host https://discord.com/api/v9/unique-username/username-attempt-unauthed
2026-09-01 18:34:39	NETWORK	dbyn	attempt=1	proxy=http://wiw4v7duaymysz9-session-1d00df88e7a1-lifetime-10:***@rp.scrapegw.com:6060	ConnectionTimeoutError: Connection timeout to host https://discord.com/api/v9/unique-username/username-attempt-unauthed
2026-09-01 18:34:39	NETWORK	dbjs	attempt=1	proxy=http://wiw4v7duaymysz9-session-f71393eab711-lifetime-10:***@rp.scrapegw.com:6060	ConnectionTimeoutError: Connection timeout to host https://discord.com/api/v9/unique-username/username-attempt-unauthed
2026-09-01 18:34:39	NETWORK	dbrd	attempt=1	proxy=http://wiw4v7duaymysz9-session-0b6bffad6ae0-lifetime-10:***@rp.scrapegw.com:6060	ConnectionTimeoutError: Connection timeout to host https://discord.com/api/v9/unique-username/username-attempt-unauthed
2026-09-01 18:34:39	NETWORK	dcbl	attempt=1	proxy=http://wiw4v7duaymysz9-session-feff2b3362c9-lifetime-10:***@rp.scrapegw.com:6060	ConnectionTimeoutError: Connection timeout to host https://discord.com/api/v9/unique-username/username-attempt-unauthed
2026-09-01 18:34:39	NETWORK	dbyb	attempt=1	proxy=http://wiw4v7duaymysz9-session-99571d6ae2de-lifetime-10:***@rp.scrapegw.com:6060	ConnectionTimeoutError: Connection timeout to host https://discord.com/api/v9/unique-username/username-attempt-unauthed
2026-09-01 18:34:39	NETWORK	dbsu	attempt=1	proxy=http://wiw4v7duaymysz9-session-d16a1b86c910-lifetime-10:***@rp.scrapegw.com:6060	ConnectionTimeoutError: Connection timeout to host https://discord.com/api/v9/unique-username/username-attempt-unauthed
2026-09-01 18:34:39	NETWORK	dbzg	attempt=1	proxy=http://wiw4v7duaymysz9-session-aec468d1589d-lifetime-10:***@rp.scrapegw.com:6060	ConnectionTimeoutError: Connection timeout to host https://discord.com/api/v9/unique-username/username-attempt-unauthed
2026-09-01 18:34:39	NETWORK	dbym	attempt=1	proxy=http://wiw4v7duaymysz9-session-e4e42869d88e-lifetime-10:***@rp.scrapegw.com:6060	ConnectionTimeoutError: Connection timeout to host https://discord.com/api/v9/unique-username/username-attempt-unauthed
2026-09-01 18:34:39	NETWORK	dbye	attempt=1	proxy=http://wiw4v7duaymysz9-session-928b25d65279-lifetime-10:***@rp.scrapegw.com:6060	ConnectionTimeoutError: Connection timeout to host https://discord.com/api/v9/unique-username/username-attempt-unauthed
2026-09-01 18:34:39	NETWORK	dbtx	attempt=1	proxy=http://wiw4v7duaymysz9-session-ee8e028bfaff-lifetime-10:***@rp.scrapegw.com:6060	ConnectionTimeoutError: Connection timeout to host https://discord.com/api/v9/unique-username/username-attempt-unauthed
2026-09-01 18:34:40	NETWORK	dcdy	attempt=1	proxy=http://wiw4v7duaymysz9-session-486c654aff40-lifetime-10:***@rp.scrapegw.com:6060	ConnectionTimeoutError: Connection timeout to host https://discord.com/api/v9/unique-username/username-attempt-unauthed
2026-09-01 18:34:40	NETWORK	dccq	attempt=1	proxy=http://wiw4v7duaymysz9-session-8c78453c950c-lifetime-10:***@rp.scrapegw.com:6060	ConnectionTimeoutError: Connection timeout to host https://discord.com/api/v9/unique-username/username-attempt-unauthed
2026-09-01 18:34:40	NETWORK	dcem	attempt=1	proxy=http://wiw4v7duaymysz9-session-432141b3a7c5-lifetime-10:***@rp.scrapegw.com:6060	ConnectionTimeoutError: Connection timeout to host https://discord.com/api/v9/unique-username/username-attempt-unauthed
2026-09-01 18:34:40	NETWORK	dccw	attempt=1	proxy=http://wiw4v7duaymysz9-session-ee14a39a34e0-lifetime-10:***@rp.scrapegw.com:6060	ConnectionTimeoutError: Connection timeout to host https://discord.com/api/v9/unique-username/username-attempt-unauthed
2026-09-01 18:34:40	NETWORK	dccl	attempt=1	proxy=http://wiw4v7duaymysz9-session-4d5030b303fb-lifetime-10:***@rp.scrapegw.com:6060	ConnectionTimeoutError: Connection timeout to host https://discord.com/api/v9/unique-username/username-attempt-unauthed
2026-09-01 18:34:41	NETWORK	dcki	attempt=1	proxy=http://wiw4v7duaymysz9-session-e466c040b3d4-lifetime-10:***@rp.scrapegw.com:6060	ConnectionTimeoutError: Connection timeout to host https://discord.com/api/v9/unique-username/username-attempt-unauthed
2026-09-01 18:34:41	NETWORK	dcil	attempt=1	proxy=http://wiw4v7duaymysz9-session-bfdfa0733ae9-lifetime-10:***@rp.scrapegw.com:6060	ConnectionTimeoutError: Connection timeout to host https://discord.com/api/v9/unique-username/username-attempt-unauthed
2026-09-01 18:34:41	NETWORK	dcga	attempt=1	proxy=http://wiw4v7duaymysz9-session-ead3b11b5a93-lifetime-10:***@rp.scrapegw.com:6060	ConnectionTimeoutError: Connection timeout to host https://discord.com/api/v9/unique-username/username-attempt-unauthed
2026-09-01 18:34:41	NETWORK	dcfx	attempt=1	proxy=http://wiw4v7duaymysz9-session-9ac002398b52-lifetime-10:***@rp.scrapegw.com:6060	ConnectionTimeoutError: Connection timeout to host https://discord.com/api/v9/unique-username/username-attempt-unauthed
2026-09-01 18:34:41	NETWORK	dcgf	attempt=1	proxy=http://wiw4v7duaymysz9-session-a29be8453ef3-lifetime-10:***@rp.scrapegw.com:6060	ConnectionTimeoutError: Connection timeout to host https://discord.com/api/v9/unique-username/username-attempt-unauthed
2026-09-01 18:34:41	NETWORK	dcjx	attempt=1	proxy=http://wiw4v7duaymysz9-session-811b185b7963-lifetime-10:***@rp.scrapegw.com:6060	ConnectionTimeoutError: Connection timeout to host https://discord.com/api/v9/unique-username/username-attempt-unauthed
2026-09-01 18:34:41	NETWORK	dckp	attempt=1	proxy=http://wiw4v7duaymysz9-session-7b4c1fa8d53f-lifetime-10:***@rp.scrapegw.com:6060	ConnectionTimeoutError: Connection timeout to host https://discord.com/api/v9/unique-username/username-attempt-unauthed
2026-09-01 18:34:42	NETWORK	dcwj	attempt=1	proxy=http://wiw4v7duaymysz9-session-464aaeed94ca-lifetime-10:***@rp.scrapegw.com:6060	ConnectionTimeoutError: Connection timeout to host https://discord.com/api/v9/unique-username/username-attempt-unauthed
2026-09-01 18:34:42	NETWORK	dctv	attempt=1	proxy=http://wiw4v7duaymysz9-session-7c653c31c3be-lifetime-10:***@rp.scrapegw.com:6060	ConnectionTimeoutError: Connection timeout to host https://discord.com/api/v9/unique-username/username-attempt-unauthed
2026-09-01 18:34:42	NETWORK	dcvz	attempt=1	proxy=http://wiw4v7duaymysz9-session-1f28cbb3069a-lifetime-10:***@rp.scrapegw.com:6060	ConnectionTimeoutError: Connection timeout to host https://discord.com/api/v9/unique-username/username-attempt-unauthed
2026-09-01 18:34:42	NETWORK	dclg	attempt=1	proxy=http://wiw4v7duaymysz9-session-e132c24a4f14-lifetime-10:***@rp.scrapegw.com:6060	ConnectionTimeoutError: Connection timeout to host https://discord.com/api/v9/unique-username/username-attempt-unauthed
2026-09-01 18:34:42	NETWORK	dcqt	attempt=1	proxy=http://wiw4v7duaymysz9-session-393d6e928d4f-lifetime-10:***@rp.scrapegw.com:6060	ConnectionTimeoutError: Connection timeout to host https://discord.com/api/v9/unique-username/username-attempt-unauthed
2026-09-01 18:34:42	NETWORK	dcsd	attempt=1	proxy=http://wiw4v7duaymysz9-session-da60f4585a7a-lifetime-10:***@rp.scrapegw.com:6060	ConnectionTimeoutError: Connection timeout to host https://discord.com/api/v9/unique-username/username-attempt-unauthed
2026-09-01 18:34:42	NETWORK	dctl	attempt=1	proxy=http://wiw4v7duaymysz9-session-11a470bbe57e-lifetime-10:***@rp.scrapegw.com:6060	ConnectionTimeoutError: Connection timeout to host https://discord.com/api/v9/unique-username/username-attempt-unauthed
2026-09-01 18:34:42	NETWORK	dcvj	attempt=1	proxy=http://wiw4v7duaymysz9-session-6a1c79ff32f8-lifetime-10:***@rp.scrapegw.com:6060	ConnectionTimeoutError: Connection timeout to host https://discord.com/api/v9/unique-username/username-attempt-unauthed
2026-09-01 18:34:42	NETWORK	dcuo	attempt=1	proxy=http://wiw4v7duaymysz9-session-34fc454f1eb4-lifetime-10:***@rp.scrapegw.com:6060	ConnectionTimeoutError: Connection timeout to host https://discord.com/api/v9/unique-username/username-attempt-unauthed
2026-09-01 18:34:42	NETWORK	dclr	attempt=1	proxy=http://wiw4v7duaymysz9-session-bab7560abdda-lifetime-10:***@rp.scrapegw.com:6060	ConnectionTimeoutError: Connection timeout to host https://discord.com/api/v9/unique-username/username-attempt-unauthed
2026-09-01 18:34:43	HTTP_429	dgia	attempt=1	proxy=http://wiw4v7duaymysz9-session-12276e166119-lifetime-10:***@rp.scrapegw.com:6060	scope=shared global=False retry_after=1101.00s
2026-09-01 18:34:43	NETWORK	dczr	attempt=1	proxy=http://wiw4v7duaymysz9-session-4dfb19f2f8bc-lifetime-10:***@rp.scrapegw.com:6060	ConnectionTimeoutError: Connection timeout to host https://discord.com/api/v9/unique-username/username-attempt-unauthed
2026-09-01 18:34:43	NETWORK	dcwt	attempt=1	proxy=http://wiw4v7duaymysz9-session-ca26023e2e56-lifetime-10:***@rp.scrapegw.com:6060	ConnectionTimeoutError: Connection timeout to host https://discord.com/api/v9/unique-username/username-attempt-unauthed
2026-09-01 18:34:43	NETWORK	ddcx	attempt=1	proxy=http://wiw4v7duaymysz9-session-0b6bffad6ae0-lifetime-10:***@rp.scrapegw.com:6060	ConnectionTimeoutError: Connection timeout to host https://discord.com/api/v9/unique-username/username-attempt-unauthed
2026-09-01 18:34:43	NETWORK	ddhe	attempt=1	proxy=http://wiw4v7duaymysz9-session-99571d6ae2de-lifetime-10:***@rp.scrapegw.com:6060	ConnectionTimeoutError: Connection timeout to host https://discord.com/api/v9/unique-username/username-attempt-unauthed
2026-09-01 18:34:44	NETWORK	ddju	attempt=1	proxy=http://wiw4v7duaymysz9-session-928b25d65279-lifetime-10:***@rp.scrapegw.com:6060	ConnectionTimeoutError: Connection timeout to host https://discord.com/api/v9/unique-username/username-attempt-unauthed
2026-09-01 18:34:44	NETWORK	ddik	attempt=1	proxy=http://wiw4v7duaymysz9-session-7ea5b167b99b-lifetime-10:***@rp.scrapegw.com:6060	ConnectionTimeoutError: Connection timeout to host https://discord.com/api/v9/unique-username/username-attempt-unauthed
2026-09-01 18:34:44	NETWORK	ddpd	attempt=1	proxy=http://wiw4v7duaymysz9-session-5caf4468f761-lifetime-10:***@rp.scrapegw.com:6060	ConnectionTimeoutError: Connection timeout to host https://discord.com/api/v9/unique-username/username-attempt-unauthed
2026-09-01 18:34:44	NETWORK	ddnq	attempt=1	proxy=http://wiw4v7duaymysz9-session-37908978ee4d-lifetime-10:***@rp.scrapegw.com:6060	ConnectionTimeoutError: Connection timeout to host https://discord.com/api/v9/unique-username/username-attempt-unauthed
2026-09-01 18:34:44	NETWORK	ddnc	attempt=1	proxy=http://wiw4v7duaymysz9-session-4d5030b303fb-lifetime-10:***@rp.scrapegw.com:6060	ConnectionTimeoutError: Connection timeout to host https://discord.com/api/v9/unique-username/username-attempt-unauthed
2026-09-01 18:34:44	NETWORK	ddny	attempt=1	proxy=http://wiw4v7duaymysz9-session-4653bb17cf2c-lifetime-10:***@rp.scrapegw.com:6060	ConnectionTimeoutError: Connection timeout to host https://discord.com/api/v9/unique-username/username-attempt-unauthed
2026-09-01 18:34:44	NETWORK	ddql	attempt=1	proxy=http://wiw4v7duaymysz9-session-486c654aff40-lifetime-10:***@rp.scrapegw.com:6060	ConnectionTimeoutError: Connection timeout to host https://discord.com/api/v9/unique-username/username-attempt-unauthed
2026-09-01 18:34:44	NETWORK	ddnn	attempt=1	proxy=http://wiw4v7duaymysz9-session-8c78453c950c-lifetime-10:***@rp.scrapegw.com:6060	ConnectionTimeoutError: Connection timeout to host https://discord.com/api/v9/unique-username/username-attempt-unauthed
2026-09-01 18:34:44	NETWORK	ddpr	attempt=1	proxy=http://wiw4v7duaymysz9-session-ee14a39a34e0-lifetime-10:***@rp.scrapegw.com:6060	ConnectionTimeoutError: Connection timeout to host https://discord.com/api/v9/unique-username/username-attempt-unauthed
2026-09-01 18:34:44	NETWORK	ddln	attempt=1	proxy=http://wiw4v7duaymysz9-session-0fd3a06389f5-lifetime-10:***@rp.scrapegw.com:6060	ConnectionTimeoutError: Connection timeout to host https://discord.com/api/v9/unique-username/username-attempt-unauthed
2026-09-01 18:34:45	NETWORK	ddvp	attempt=1	proxy=http://wiw4v7duaymysz9-session-811b185b7963-lifetime-10:***@rp.scrapegw.com:6060	ConnectionTimeoutError: Connection timeout to host https://discord.com/api/v9/unique-username/username-attempt-unauthed
2026-09-01 18:34:45	NETWORK	ddvc	attempt=1	proxy=http://wiw4v7duaymysz9-session-bfdfa0733ae9-lifetime-10:***@rp.scrapegw.com:6060	ConnectionTimeoutError: Connection timeout to host https://discord.com/api/v9/unique-username/username-attempt-unauthed
2026-09-01 18:34:45	NETWORK	ddzz	attempt=1	proxy=http://wiw4v7duaymysz9-session-7b4c1fa8d53f-lifetime-10:***@rp.scrapegw.com:6060	ConnectionTimeoutError: Connection timeout to host https://discord.com/api/v9/unique-username/username-attempt-unauthed
2026-09-01 18:34:45	NETWORK	ddyf	attempt=1	proxy=http://wiw4v7duaymysz9-session-e466c040b3d4-lifetime-10:***@rp.scrapegw.com:6060	ConnectionTimeoutError: Connection timeout to host https://discord.com/api/v9/unique-username/username-attempt-unauthed
2026-09-01 18:34:45	NETWORK	ddyl	attempt=1	proxy=http://wiw4v7duaymysz9-session-c658694b6f29-lifetime-10:***@rp.scrapegw.com:6060	ConnectionTimeoutError: Connection timeout to host https://discord.com/api/v9/unique-username/username-attempt-unauthed
2026-09-01 18:34:45	NETWORK	ddsw	attempt=1	proxy=http://wiw4v7duaymysz9-session-ead3b11b5a93-lifetime-10:***@rp.scrapegw.com:6060	ConnectionTimeoutError: Connection timeout to host https://discord.com/api/v9/unique-username/username-attempt-unauthed
2026-09-01 18:34:45	NETWORK	ddsl	attempt=1	proxy=http://wiw4v7duaymysz9-session-9ac002398b52-lifetime-10:***@rp.scrapegw.com:6060	ConnectionTimeoutError: Connection timeout to host https://discord.com/api/v9/unique-username/username-attempt-unauthed
2026-09-01 18:34:45	NETWORK	ddrb	attempt=1	proxy=http://wiw4v7duaymysz9-session-432141b3a7c5-lifetime-10:***@rp.scrapegw.com:6060	ConnectionTimeoutError: Connection timeout to host https://discord.com/api/v9/unique-username/username-attempt-unauthed
2026-09-01 18:34:45	NETWORK	ddug	attempt=1	proxy=http://wiw4v7duaymysz9-session-a29be8453ef3-lifetime-10:***@rp.scrapegw.com:6060	ConnectionTimeoutError: Connection timeout to host https://discord.com/api/v9/unique-username/username-attempt-unauthed
2026-09-01 18:34:46	HTTP_429	dhbz	attempt=1	proxy=http://wiw4v7duaymysz9-session-c0b1e3912107-lifetime-10:***@rp.scrapegw.com:6060	scope=shared global=False retry_after=2076.00s
2026-09-01 18:34:46	NETWORK	dehj	attempt=1	proxy=http://wiw4v7duaymysz9-session-4caced0d179f-lifetime-10:***@rp.scrapegw.com:6060	ConnectionTimeoutError: Connection timeout to host https://discord.com/api/v9/unique-username/username-attempt-unauthed
2026-09-01 18:34:46	NETWORK	deim	attempt=1	proxy=http://wiw4v7duaymysz9-session-1aab9c0d317f-lifetime-10:***@rp.scrapegw.com:6060	ConnectionTimeoutError: Connection timeout to host https://discord.com/api/v9/unique-username/username-attempt-unauthed
2026-09-01 18:34:46	NETWORK	dehw	attempt=1	proxy=http://wiw4v7duaymysz9-session-c06a380c5c0e-lifetime-10:***@rp.scrapegw.com:6060	ConnectionTimeoutError: Connection timeout to host https://discord.com/api/v9/unique-username/username-attempt-unauthed
2026-09-01 18:34:46	NETWORK	defj	attempt=1	proxy=http://wiw4v7duaymysz9-session-7c7a33c72a32-lifetime-10:***@rp.scrapegw.com:6060	ConnectionTimeoutError: Connection timeout to host https://discord.com/api/v9/unique-username/username-attempt-unauthed
2026-09-01 18:34:46	NETWORK	degt	attempt=1	proxy=http://wiw4v7duaymysz9-session-f71393eab711-lifetime-10:***@rp.scrapegw.com:6060	ConnectionTimeoutError: Connection timeout to host https://discord.com/api/v9/unique-username/username-attempt-unauthed
2026-09-01 18:34:46	NETWORK	defp	attempt=1	proxy=http://wiw4v7duaymysz9-session-ca26023e2e56-lifetime-10:***@rp.scrapegw.com:6060	ConnectionTimeoutError: Connection timeout to host https://discord.com/api/v9/unique-username/username-attempt-unauthed
2026-09-01 18:34:46	NETWORK	debf	attempt=1	proxy=http://wiw4v7duaymysz9-session-393d6e928d4f-lifetime-10:***@rp.scrapegw.com:6060	ConnectionTimeoutError: Connection timeout to host https://discord.com/api/v9/unique-username/username-attempt-unauthed
2026-09-01 18:34:46	NETWORK	dehs	attempt=1	proxy=http://wiw4v7duaymysz9-session-4dfb19f2f8bc-lifetime-10:***@rp.scrapegw.com:6060	ConnectionTimeoutError: Connection timeout to host https://discord.com/api/v9/unique-username/username-attempt-unauthed
2026-09-01 18:34:46	NETWORK	degv	attempt=1	proxy=http://wiw4v7duaymysz9-session-6a9938a26128-lifetime-10:***@rp.scrapegw.com:6060	ConnectionTimeoutError: Connection timeout to host https://discord.com/api/v9/unique-username/username-attempt-unauthed
2026-09-01 18:34:46	NETWORK	dedr	attempt=1	proxy=http://wiw4v7duaymysz9-session-11a470bbe57e-lifetime-10:***@rp.scrapegw.com:6060	ConnectionTimeoutError: Connection timeout to host https://discord.com/api/v9/unique-username/username-attempt-unauthed
2026-09-01 18:34:46	NETWORK	dedm	attempt=1	proxy=http://wiw4v7duaymysz9-session-da60f4585a7a-lifetime-10:***@rp.scrapegw.com:6060	ConnectionTimeoutError: Connection timeout to host https://discord.com/api/v9/unique-username/username-attempt-unauthed
2026-09-01 18:34:47	NETWORK	deks	attempt=1	proxy=http://wiw4v7duaymysz9-session-12276e166119-lifetime-10:***@rp.scrapegw.com:6060	ConnectionTimeoutError: Connection timeout to host https://discord.com/api/v9/unique-username/username-attempt-unauthed
2026-09-01 18:34:47	NETWORK	deyy	attempt=1	proxy=http://wiw4v7duaymysz9-session-2b875396c339-lifetime-10:***@rp.scrapegw.com:6060	ConnectionTimeoutError: Connection timeout to host https://discord.com/api/v9/unique-username/username-attempt-unauthed
2026-09-01 18:34:47	NETWORK	dejv	attempt=1	proxy=http://wiw4v7duaymysz9-session-3e0c2a8dfa2e-lifetime-10:***@rp.scrapegw.com:6060	ConnectionTimeoutError: Connection timeout to host https://discord.com/api/v9/unique-username/username-attempt-unauthed
2026-09-01 18:34:47	NETWORK	dejm	attempt=1	proxy=http://wiw4v7duaymysz9-session-a3f9b5cff249-lifetime-10:***@rp.scrapegw.com:6060	ConnectionTimeoutError: Connection timeout to host https://discord.com/api/v9/unique-username/username-attempt-unauthed
2026-09-01 18:34:47	NETWORK	deri	attempt=1	proxy=http://wiw4v7duaymysz9-session-0b6bffad6ae0-lifetime-10:***@rp.scrapegw.com:6060	ConnectionTimeoutError: Connection timeout to host https://discord.com/api/v9/unique-username/username-attempt-unauthed
2026-09-01 18:34:47	NETWORK	deup	attempt=1	proxy=http://wiw4v7duaymysz9-session-d16a1b86c910-lifetime-10:***@rp.scrapegw.com:6060	ConnectionTimeoutError: Connection timeout to host https://discord.com/api/v9/unique-username/username-attempt-unauthed
2026-09-01 18:34:47	NETWORK	demg	attempt=1	proxy=http://wiw4v7duaymysz9-session-806b02c829f4-lifetime-10:***@rp.scrapegw.com:6060	ConnectionTimeoutError: Connection timeout to host https://discord.com/api/v9/unique-username/username-attempt-unauthed
2026-09-01 18:34:47	NETWORK	devk	attempt=1	proxy=http://wiw4v7duaymysz9-session-6d5ec1bfb7b9-lifetime-10:***@rp.scrapegw.com:6060	ConnectionTimeoutError: Connection timeout to host https://discord.com/api/v9/unique-username/username-attempt-unauthed
2026-09-01 18:34:47	NETWORK	deux	attempt=1	proxy=http://wiw4v7duaymysz9-session-ee8e028bfaff-lifetime-10:***@rp.scrapegw.com:6060	ConnectionTimeoutError: Connection timeout to host https://discord.com/api/v9/unique-username/username-attempt-unauthed
2026-09-01 18:34:47	NETWORK	deoq	attempt=1	proxy=http://wiw4v7duaymysz9-session-c0b5d2178ed0-lifetime-10:***@rp.scrapegw.com:6060	ConnectionTimeoutError: Connection timeout to host https://discord.com/api/v9/unique-username/username-attempt-unauthed
2026-09-01 18:34:47	NETWORK	deqm	attempt=1	proxy=http://wiw4v7duaymysz9-session-f6dd4c4a139c-lifetime-10:***@rp.scrapegw.com:6060	ConnectionTimeoutError: Connection timeout to host https://discord.com/api/v9/unique-username/username-attempt-unauthed
2026-09-01 18:34:47	NETWORK	depm	attempt=1	proxy=http://wiw4v7duaymysz9-session-0245260132f9-lifetime-10:***@rp.scrapegw.com:6060	ConnectionTimeoutError: Connection timeout to host https://discord.com/api/v9/unique-username/username-attempt-unauthed
2026-09-01 18:34:47	NETWORK	deps	attempt=1	proxy=http://wiw4v7duaymysz9-session-190f776171b8-lifetime-10:***@rp.scrapegw.com:6060	ConnectionTimeoutError: Connection timeout to host https://discord.com/api/v9/unique-username/username-attempt-unauthed
2026-09-01 18:34:48	HTTP_429	dilr	attempt=1	proxy=http://wiw4v7duaymysz9-session-a3fd69922ec2-lifetime-10:***@rp.scrapegw.com:6060	scope=shared global=False retry_after=652.00s
2026-09-01 18:34:48	NETWORK	dfal	attempt=1	proxy=http://wiw4v7duaymysz9-session-825258a0a4be-lifetime-10:***@rp.scrapegw.com:6060	ConnectionTimeoutError: Connection timeout to host https://discord.com/api/v9/unique-username/username-attempt-unauthed
2026-09-01 18:34:48	NETWORK	dfcu	attempt=1	proxy=http://wiw4v7duaymysz9-session-7ea5b167b99b-lifetime-10:***@rp.scrapegw.com:6060	ConnectionTimeoutError: Connection timeout to host https://discord.com/api/v9/unique-username/username-attempt-unauthed
2026-09-01 18:34:48	NETWORK	dfdq	attempt=1	proxy=http://wiw4v7duaymysz9-session-0fd3a06389f5-lifetime-10:***@rp.scrapegw.com:6060	ConnectionTimeoutError: Connection timeout to host https://discord.com/api/v9/unique-username/username-attempt-unauthed
2026-09-01 18:34:48	NETWORK	dfiz	attempt=1	proxy=http://wiw4v7duaymysz9-session-37908978ee4d-lifetime-10:***@rp.scrapegw.com:6060	ConnectionTimeoutError: Connection timeout to host https://discord.com/api/v9/unique-username/username-attempt-unauthed
2026-09-01 18:34:48	NETWORK	dfha	attempt=1	proxy=http://wiw4v7duaymysz9-session-8c78453c950c-lifetime-10:***@rp.scrapegw.com:6060	ConnectionTimeoutError: Connection timeout to host https://discord.com/api/v9/unique-username/username-attempt-unauthed
2026-09-01 18:34:48	NETWORK	dfll	attempt=1	proxy=http://wiw4v7duaymysz9-session-486c654aff40-lifetime-10:***@rp.scrapegw.com:6060	ConnectionTimeoutError: Connection timeout to host https://discord.com/api/v9/unique-username/username-attempt-unauthed
2026-09-01 18:34:48	NETWORK	dfgm	attempt=1	proxy=http://wiw4v7duaymysz9-session-4d5030b303fb-lifetime-10:***@rp.scrapegw.com:6060	ConnectionTimeoutError: Connection timeout to host https://discord.com/api/v9/unique-username/username-attempt-unauthed
2026-09-01 18:34:48	NETWORK	dflb	attempt=1	proxy=http://wiw4v7duaymysz9-session-5caf4468f761-lifetime-10:***@rp.scrapegw.com:6060	ConnectionTimeoutError: Connection timeout to host https://discord.com/api/v9/unique-username/username-attempt-unauthed
2026-09-01 18:34:49	NETWORK	dfqc	attempt=1	proxy=http://wiw4v7duaymysz9-session-c658694b6f29-lifetime-10:***@rp.scrapegw.com:6060	ConnectionTimeoutError: Connection timeout to host https://discord.com/api/v9/unique-username/username-attempt-unauthed
2026-09-01 18:34:49	NETWORK	dfkr	attempt=1	proxy=http://wiw4v7duaymysz9-session-4653bb17cf2c-lifetime-10:***@rp.scrapegw.com:6060	ConnectionTimeoutError: Connection timeout to host https://discord.com/api/v9/unique-username/username-attempt-unauthed
2026-09-01 18:34:49	NETWORK	dfnm	attempt=1	proxy=http://wiw4v7duaymysz9-session-ead3b11b5a93-lifetime-10:***@rp.scrapegw.com:6060	ConnectionTimeoutError: Connection timeout to host https://discord.com/api/v9/unique-username/username-attempt-unauthed
2026-09-01 18:34:49	NETWORK	dfqw	attempt=1	proxy=http://wiw4v7duaymysz9-session-7b4c1fa8d53f-lifetime-10:***@rp.scrapegw.com:6060	ConnectionTimeoutError: Connection timeout to host https://discord.com/api/v9/unique-username/username-attempt-unauthed
2026-09-01 18:34:49	NETWORK	dfrb	attempt=1	proxy=http://wiw4v7duaymysz9-session-e132c24a4f14-lifetime-10:***@rp.scrapegw.com:6060	ConnectionTimeoutError: Connection timeout to host https://discord.com/api/v9/unique-username/username-attempt-unauthed
2026-09-01 18:34:49	NETWORK	dfoi	attempt=1	proxy=http://wiw4v7duaymysz9-session-a29be8453ef3-lifetime-10:***@rp.scrapegw.com:6060	ConnectionTimeoutError: Connection timeout to host https://discord.com/api/v9/unique-username/username-attempt-unauthed
2026-09-01 18:34:49	NETWORK	dfop	attempt=1	proxy=http://wiw4v7duaymysz9-session-e466c040b3d4-lifetime-10:***@rp.scrapegw.com:6060	ConnectionTimeoutError: Connection timeout to host https://discord.com/api/v9/unique-username/username-attempt-unauthed
2026-09-01 18:34:50	NETWORK	dfsk	attempt=1	proxy=http://wiw4v7duaymysz9-session-393d6e928d4f-lifetime-10:***@rp.scrapegw.com:6060	ConnectionTimeoutError: Connection timeout to host https://discord.com/api/v9/unique-username/username-attempt-unauthed
2026-09-01 18:34:50	NETWORK	dftd	attempt=1	proxy=http://wiw4v7duaymysz9-session-11a470bbe57e-lifetime-10:***@rp.scrapegw.com:6060	ConnectionTimeoutError: Connection timeout to host https://discord.com/api/v9/unique-username/username-attempt-unauthed
2026-09-01 18:34:50	NETWORK	dftb	attempt=1	proxy=http://wiw4v7duaymysz9-session-da60f4585a7a-lifetime-10:***@rp.scrapegw.com:6060	ConnectionTimeoutError: Connection timeout to host https://discord.com/api/v9/unique-username/username-attempt-unauthed
2026-09-01 18:34:50	NETWORK	dfug	attempt=1	proxy=http://wiw4v7duaymysz9-session-6a1c79ff32f8-lifetime-10:***@rp.scrapegw.com:6060	ConnectionTimeoutError: Connection timeout to host https://discord.com/api/v9/unique-username/username-attempt-unauthed
2026-09-01 18:34:50	NETWORK	dfti	attempt=1	proxy=http://wiw4v7duaymysz9-session-7c653c31c3be-lifetime-10:***@rp.scrapegw.com:6060	ConnectionTimeoutError: Connection timeout to host https://discord.com/api/v9/unique-username/username-attempt-unauthed
2026-09-01 18:34:50	NETWORK	dftw	attempt=1	proxy=http://wiw4v7duaymysz9-session-34fc454f1eb4-lifetime-10:***@rp.scrapegw.com:6060	ConnectionTimeoutError: Connection timeout to host https://discord.com/api/v9/unique-username/username-attempt-unauthed
2026-09-01 18:34:51	NETWORK	dfyq	attempt=1	proxy=http://wiw4v7duaymysz9-session-4caced0d179f-lifetime-10:***@rp.scrapegw.com:6060	ConnectionTimeoutError: Connection timeout to host https://discord.com/api/v9/unique-username/username-attempt-unauthed
2026-09-01 18:34:51	NETWORK	dfzh	attempt=1	proxy=http://wiw4v7duaymysz9-session-4dfb19f2f8bc-lifetime-10:***@rp.scrapegw.com:6060	ConnectionTimeoutError: Connection timeout to host https://discord.com/api/v9/unique-username/username-attempt-unauthed
2026-09-01 18:34:51	NETWORK	dfzi	attempt=1	proxy=http://wiw4v7duaymysz9-session-c06a380c5c0e-lifetime-10:***@rp.scrapegw.com:6060	ConnectionTimeoutError: Connection timeout to host https://discord.com/api/v9/unique-username/username-attempt-unauthed
2026-09-01 18:34:51	NETWORK	dgdv	attempt=1	proxy=http://wiw4v7duaymysz9-session-69e66ad82d69-lifetime-10:***@rp.scrapegw.com:6060	ConnectionTimeoutError: Connection timeout to host https://discord.com/api/v9/unique-username/username-attempt-unauthed
2026-09-01 18:34:51	NETWORK	dgei	attempt=1	proxy=http://wiw4v7duaymysz9-session-3e0c2a8dfa2e-lifetime-10:***@rp.scrapegw.com:6060	ConnectionTimeoutError: Connection timeout to host https://discord.com/api/v9/unique-username/username-attempt-unauthed
2026-09-01 18:34:51	NETWORK	dgbh	attempt=1	proxy=http://wiw4v7duaymysz9-session-1aab9c0d317f-lifetime-10:***@rp.scrapegw.com:6060	ConnectionTimeoutError: Connection timeout to host https://discord.com/api/v9/unique-username/username-attempt-unauthed
2026-09-01 18:34:51	NETWORK	dfwl	attempt=1	proxy=http://wiw4v7duaymysz9-session-ca26023e2e56-lifetime-10:***@rp.scrapegw.com:6060	ConnectionTimeoutError: Connection timeout to host https://discord.com/api/v9/unique-username/username-attempt-unauthed
2026-09-01 18:34:51	NETWORK	dgbm	attempt=1	proxy=http://wiw4v7duaymysz9-session-a3f9b5cff249-lifetime-10:***@rp.scrapegw.com:6060	ConnectionTimeoutError: Connection timeout to host https://discord.com/api/v9/unique-username/username-attempt-unauthed
2026-09-01 18:34:51	NETWORK	dfxc	attempt=1	proxy=http://wiw4v7duaymysz9-session-6a9938a26128-lifetime-10:***@rp.scrapegw.com:6060	ConnectionTimeoutError: Connection timeout to host https://discord.com/api/v9/unique-username/username-attempt-unauthed
2026-09-01 18:34:51	NETWORK	dgfj	attempt=1	proxy=http://wiw4v7duaymysz9-session-5ba8fe140b71-lifetime-10:***@rp.scrapegw.com:6060	ConnectionTimeoutError: Connection timeout to host https://discord.com/api/v9/unique-username/username-attempt-unauthed
2026-09-01 18:34:51	NETWORK	dfwi	attempt=1	proxy=http://wiw4v7duaymysz9-session-7c7a33c72a32-lifetime-10:***@rp.scrapegw.com:6060	ConnectionTimeoutError: Connection timeout to host https://discord.com/api/v9/unique-username/username-attempt-unauthed
2026-09-01 18:34:52	NETWORK	dglk	attempt=1	proxy=http://wiw4v7duaymysz9-session-fdbb0b0a7830-lifetime-10:***@rp.scrapegw.com:6060	ConnectionTimeoutError: Connection timeout to host https://discord.com/api/v9/unique-username/username-attempt-unauthed
2026-09-01 18:34:52	NETWORK	dgiw	attempt=1	proxy=http://wiw4v7duaymysz9-session-806b02c829f4-lifetime-10:***@rp.scrapegw.com:6060	ConnectionTimeoutError: Connection timeout to host https://discord.com/api/v9/unique-username/username-attempt-unauthed
2026-09-01 18:34:52	NETWORK	dgmo	attempt=1	proxy=http://wiw4v7duaymysz9-session-d751fd3d4893-lifetime-10:***@rp.scrapegw.com:6060	ConnectionTimeoutError: Connection timeout to host https://discord.com/api/v9/unique-username/username-attempt-unauthed
2026-09-01 18:34:52	NETWORK	dgjh	attempt=1	proxy=http://wiw4v7duaymysz9-session-c0b5d2178ed0-lifetime-10:***@rp.scrapegw.com:6060	ConnectionTimeoutError: Connection timeout to host https://discord.com/api/v9/unique-username/username-attempt-unauthed
2026-09-01 18:34:52	NETWORK	dgmf	attempt=1	proxy=http://wiw4v7duaymysz9-session-0245260132f9-lifetime-10:***@rp.scrapegw.com:6060	ConnectionTimeoutError: Connection timeout to host https://discord.com/api/v9/unique-username/username-attempt-unauthed
2026-09-01 18:34:53	NETWORK	dgvx	attempt=1	proxy=http://wiw4v7duaymysz9-session-d16a1b86c910-lifetime-10:***@rp.scrapegw.com:6060	ConnectionTimeoutError: Connection timeout to host https://discord.com/api/v9/unique-username/username-attempt-unauthed
2026-09-01 18:34:53	NETWORK	dgow	attempt=1	proxy=http://wiw4v7duaymysz9-session-f6dd4c4a139c-lifetime-10:***@rp.scrapegw.com:6060	ConnectionTimeoutError: Connection timeout to host https://discord.com/api/v9/unique-username/username-attempt-unauthed
2026-09-01 18:34:53	NETWORK	dgxw	attempt=1	proxy=http://wiw4v7duaymysz9-session-6d5ec1bfb7b9-lifetime-10:***@rp.scrapegw.com:6060	ConnectionTimeoutError: Connection timeout to host https://discord.com/api/v9/unique-username/username-attempt-unauthed
2026-09-01 18:34:53	NETWORK	dgpq	attempt=1	proxy=http://wiw4v7duaymysz9-session-0a52a4d681d1-lifetime-10:***@rp.scrapegw.com:6060	ConnectionTimeoutError: Connection timeout to host https://discord.com/api/v9/unique-username/username-attempt-unauthed
2026-09-01 18:34:53	NETWORK	dgul	attempt=1	proxy=http://wiw4v7duaymysz9-session-26b16d49830b-lifetime-10:***@rp.scrapegw.com:6060	ConnectionTimeoutError: Connection timeout to host https://discord.com/api/v9/unique-username/username-attempt-unauthed
2026-09-01 18:34:53	NETWORK	dhap	attempt=1	proxy=http://wiw4v7duaymysz9-session-2b875396c339-lifetime-10:***@rp.scrapegw.com:6060	ConnectionTimeoutError: Connection timeout to host https://discord.com/api/v9/unique-username/username-attempt-unauthed
2026-09-01 18:34:53	NETWORK	dgni	attempt=1	proxy=http://wiw4v7duaymysz9-session-50b90b88b809-lifetime-10:***@rp.scrapegw.com:6060	ConnectionTimeoutError: Connection timeout to host https://discord.com/api/v9/unique-username/username-attempt-unauthed
2026-09-01 18:34:53	NETWORK	dgna	attempt=1	proxy=http://wiw4v7duaymysz9-session-190f776171b8-lifetime-10:***@rp.scrapegw.com:6060	ConnectionTimeoutError: Connection timeout to host https://discord.com/api/v9/unique-username/username-attempt-unauthed
2026-09-01 18:34:53	NETWORK	dgxc	attempt=1	proxy=http://wiw4v7duaymysz9-session-ee8e028bfaff-lifetime-10:***@rp.scrapegw.com:6060	ConnectionTimeoutError: Connection timeout to host https://discord.com/api/v9/unique-username/username-attempt-unauthed
2026-09-01 18:34:53	NETWORK	dgtx	attempt=1	proxy=http://wiw4v7duaymysz9-session-1c95670fca9f-lifetime-10:***@rp.scrapegw.com:6060	ConnectionTimeoutError: Connection timeout to host https://discord.com/api/v9/unique-username/username-attempt-unauthed
2026-09-01 18:34:54	NETWORK	dhfo	attempt=1	proxy=http://wiw4v7duaymysz9-session-e132c24a4f14-lifetime-10:***@rp.scrapegw.com:6060	ConnectionTimeoutError: Connection timeout to host https://discord.com/api/v9/unique-username/username-attempt-unauthed
2026-09-01 18:34:54	NETWORK	dhcy	attempt=1	proxy=http://wiw4v7duaymysz9-session-e4e42869d88e-lifetime-10:***@rp.scrapegw.com:6060	ConnectionTimeoutError: Connection timeout to host https://discord.com/api/v9/unique-username/username-attempt-unauthed
2026-09-01 18:34:54	NETWORK	dheq	attempt=1	proxy=http://wiw4v7duaymysz9-session-1d00df88e7a1-lifetime-10:***@rp.scrapegw.com:6060	ConnectionTimeoutError: Connection timeout to host https://discord.com/api/v9/unique-username/username-attempt-unauthed
2026-09-01 18:34:54	NETWORK	dhfd	attempt=1	proxy=http://wiw4v7duaymysz9-session-aec468d1589d-lifetime-10:***@rp.scrapegw.com:6060	ConnectionTimeoutError: Connection timeout to host https://discord.com/api/v9/unique-username/username-attempt-unauthed
2026-09-01 18:34:54	NETWORK	dhbc	attempt=1	proxy=http://wiw4v7duaymysz9-session-825258a0a4be-lifetime-10:***@rp.scrapegw.com:6060	ConnectionTimeoutError: Connection timeout to host https://discord.com/api/v9/unique-username/username-attempt-unauthed
2026-09-01 18:34:54	NETWORK	dhlb	attempt=1	proxy=http://wiw4v7duaymysz9-session-393d6e928d4f-lifetime-10:***@rp.scrapegw.com:6060	ConnectionTimeoutError: Connection timeout to host https://discord.com/api/v9/unique-username/username-attempt-unauthed
2026-09-01 18:34:54	NETWORK	dhfm	attempt=1	proxy=http://wiw4v7duaymysz9-session-feff2b3362c9-lifetime-10:***@rp.scrapegw.com:6060	ConnectionTimeoutError: Connection timeout to host https://discord.com/api/v9/unique-username/username-attempt-unauthed
2026-09-01 18:34:55	NETWORK	dhoj	attempt=1	proxy=http://wiw4v7duaymysz9-session-1f28cbb3069a-lifetime-10:***@rp.scrapegw.com:6060	ConnectionTimeoutError: Connection timeout to host https://discord.com/api/v9/unique-username/username-attempt-unauthed
2026-09-01 18:34:55	NETWORK	dhrz	attempt=1	proxy=http://wiw4v7duaymysz9-session-a3f9b5cff249-lifetime-10:***@rp.scrapegw.com:6060	ConnectionTimeoutError: Connection timeout to host https://discord.com/api/v9/unique-username/username-attempt-unauthed
2026-09-01 18:34:55	NETWORK	dhmz	attempt=1	proxy=http://wiw4v7duaymysz9-session-6a1c79ff32f8-lifetime-10:***@rp.scrapegw.com:6060	ConnectionTimeoutError: Connection timeout to host https://discord.com/api/v9/unique-username/username-attempt-unauthed
2026-09-01 18:34:55	NETWORK	dhwr	attempt=1	proxy=http://wiw4v7duaymysz9-session-5ba8fe140b71-lifetime-10:***@rp.scrapegw.com:6060	ConnectionTimeoutError: Connection timeout to host https://discord.com/api/v9/unique-username/username-attempt-unauthed
2026-09-01 18:34:55	NETWORK	diax	attempt=1	proxy=http://wiw4v7duaymysz9-session-806b02c829f4-lifetime-10:***@rp.scrapegw.com:6060	ConnectionTimeoutError: Connection timeout to host https://discord.com/api/v9/unique-username/username-attempt-unauthed
2026-09-01 18:34:55	NETWORK	dibh	attempt=1	proxy=http://wiw4v7duaymysz9-session-c0b5d2178ed0-lifetime-10:***@rp.scrapegw.com:6060	ConnectionTimeoutError: Connection timeout to host https://discord.com/api/v9/unique-username/username-attempt-unauthed
2026-09-01 18:34:55	NETWORK	dhlq	attempt=1	proxy=http://wiw4v7duaymysz9-session-7c653c31c3be-lifetime-10:***@rp.scrapegw.com:6060	ConnectionTimeoutError: Connection timeout to host https://discord.com/api/v9/unique-username/username-attempt-unauthed
2026-09-01 18:34:55	NETWORK	dhsf	attempt=1	proxy=http://wiw4v7duaymysz9-session-3e0c2a8dfa2e-lifetime-10:***@rp.scrapegw.com:6060	ConnectionTimeoutError: Connection timeout to host https://discord.com/api/v9/unique-username/username-attempt-unauthed
2026-09-01 18:34:55	NETWORK	dhpg	attempt=1	proxy=http://wiw4v7duaymysz9-session-464aaeed94ca-lifetime-10:***@rp.scrapegw.com:6060	ConnectionTimeoutError: Connection timeout to host https://discord.com/api/v9/unique-username/username-attempt-unauthed
2026-09-01 18:34:56	NETWORK	dieo	attempt=1	proxy=http://wiw4v7duaymysz9-session-fdbb0b0a7830-lifetime-10:***@rp.scrapegw.com:6060	ConnectionTimeoutError: Connection timeout to host https://discord.com/api/v9/unique-username/username-attempt-unauthed
2026-09-01 18:34:56	NETWORK	dify	attempt=1	proxy=http://wiw4v7duaymysz9-session-50b90b88b809-lifetime-10:***@rp.scrapegw.com:6060	ConnectionTimeoutError: Connection timeout to host https://discord.com/api/v9/unique-username/username-attempt-unauthed
2026-09-01 18:34:56	NETWORK	dihw	attempt=1	proxy=http://wiw4v7duaymysz9-session-26b16d49830b-lifetime-10:***@rp.scrapegw.com:6060	ConnectionTimeoutError: Connection timeout to host https://discord.com/api/v9/unique-username/username-attempt-unauthed
2026-09-01 18:34:56	NETWORK	diph	attempt=1	proxy=http://wiw4v7duaymysz9-session-7ea5b167b99b-lifetime-10:***@rp.scrapegw.com:6060	ConnectionTimeoutError: Connection timeout to host https://discord.com/api/v9/unique-username/username-attempt-unauthed
2026-09-01 18:34:56	NETWORK	dhmv	attempt=1	proxy=http://wiw4v7duaymysz9-session-34fc454f1eb4-lifetime-10:***@rp.scrapegw.com:6060	ConnectionTimeoutError: Connection timeout to host https://discord.com/api/v9/unique-username/username-attempt-unauthed
2026-09-01 18:34:56	NETWORK	dhzp	attempt=1	proxy=http://wiw4v7duaymysz9-session-2f3c047b88b0-lifetime-10:***@rp.scrapegw.com:6060	ConnectionTimeoutError: Connection timeout to host https://discord.com/api/v9/unique-username/username-attempt-unauthed
2026-09-01 18:34:56	NETWORK	diuf	attempt=1	proxy=http://wiw4v7duaymysz9-session-1d00df88e7a1-lifetime-10:***@rp.scrapegw.com:6060	ConnectionTimeoutError: Connection timeout to host https://discord.com/api/v9/unique-username/username-attempt-unauthed
2026-09-01 18:34:56	NETWORK	diov	attempt=1	proxy=http://wiw4v7duaymysz9-session-99571d6ae2de-lifetime-10:***@rp.scrapegw.com:6060	ConnectionTimeoutError: Connection timeout to host https://discord.com/api/v9/unique-username/username-attempt-unauthed
2026-09-01 18:34:56	NETWORK	dikj	attempt=1	proxy=http://wiw4v7duaymysz9-session-825258a0a4be-lifetime-10:***@rp.scrapegw.com:6060	ConnectionTimeoutError: Connection timeout to host https://discord.com/api/v9/unique-username/username-attempt-unauthed
2026-09-01 18:34:56	NETWORK	ditd	attempt=1	proxy=http://wiw4v7duaymysz9-session-0fd3a06389f5-lifetime-10:***@rp.scrapegw.com:6060	ConnectionTimeoutError: Connection timeout to host https://discord.com/api/v9/unique-username/username-attempt-unauthed
2026-09-01 18:34:56	NETWORK	diqz	attempt=1	proxy=http://wiw4v7duaymysz9-session-928b25d65279-lifetime-10:***@rp.scrapegw.com:6060	ConnectionTimeoutError: Connection timeout to host https://discord.com/api/v9/unique-username/username-attempt-unauthed
2026-09-01 18:34:56	NETWORK	dimd	attempt=1	proxy=http://wiw4v7duaymysz9-session-910296ab6a87-lifetime-10:***@rp.scrapegw.com:6060	ConnectionTimeoutError: Connection timeout to host https://discord.com/api/v9/unique-username/username-attempt-unauthed
2026-09-01 18:34:56	NETWORK	dihu	attempt=1	proxy=http://wiw4v7duaymysz9-session-1c95670fca9f-lifetime-10:***@rp.scrapegw.com:6060	ConnectionTimeoutError: Connection timeout to host https://discord.com/api/v9/unique-username/username-attempt-unauthed
2026-09-01 18:34:56	NETWORK	dieq	attempt=1	proxy=http://wiw4v7duaymysz9-session-d751fd3d4893-lifetime-10:***@rp.scrapegw.com:6060	ConnectionTimeoutError: Connection timeout to host https://discord.com/api/v9/unique-username/username-attempt-unauthed
2026-09-01 18:34:56	NETWORK	dign	attempt=1	proxy=http://wiw4v7duaymysz9-session-0a52a4d681d1-lifetime-10:***@rp.scrapegw.com:6060	ConnectionTimeoutError: Connection timeout to host https://discord.com/api/v9/unique-username/username-attempt-unauthed
2026-09-01 18:34:57	NETWORK	diyj	attempt=1	proxy=http://wiw4v7duaymysz9-session-ee14a39a34e0-lifetime-10:***@rp.scrapegw.com:6060	ConnectionTimeoutError: Connection timeout to host https://discord.com/api/v9/unique-username/username-attempt-unauthed
2026-09-01 18:34:57	NETWORK	dixx	attempt=1	proxy=http://wiw4v7duaymysz9-session-4653bb17cf2c-lifetime-10:***@rp.scrapegw.com:6060	ConnectionTimeoutError: Connection timeout to host https://discord.com/api/v9/unique-username/username-attempt-unauthed
2026-09-01 18:34:57	NETWORK	diwc	attempt=1	proxy=http://wiw4v7duaymysz9-session-aec468d1589d-lifetime-10:***@rp.scrapegw.com:6060	ConnectionTimeoutError: Connection timeout to host https://discord.com/api/v9/unique-username/username-attempt-unauthed
2026-09-01 18:34:57	NETWORK	djga	attempt=1	proxy=http://wiw4v7duaymysz9-session-ead3b11b5a93-lifetime-10:***@rp.scrapegw.com:6060	ConnectionTimeoutError: Connection timeout to host https://discord.com/api/v9/unique-username/username-attempt-unauthed
2026-09-01 18:34:57	NETWORK	ditq	attempt=1	proxy=http://wiw4v7duaymysz9-session-e4e42869d88e-lifetime-10:***@rp.scrapegw.com:6060	ConnectionTimeoutError: Connection timeout to host https://discord.com/api/v9/unique-username/username-attempt-unauthed
2026-09-01 18:34:57	NETWORK	djbn	attempt=1	proxy=http://wiw4v7duaymysz9-session-432141b3a7c5-lifetime-10:***@rp.scrapegw.com:6060	ConnectionTimeoutError: Connection timeout to host https://discord.com/api/v9/unique-username/username-attempt-unauthed
2026-09-01 18:34:57	NETWORK	dixq	attempt=1	proxy=http://wiw4v7duaymysz9-session-feff2b3362c9-lifetime-10:***@rp.scrapegw.com:6060	ConnectionTimeoutError: Connection timeout to host https://discord.com/api/v9/unique-username/username-attempt-unauthed
2026-09-01 18:34:58	HTTP_429	dmun	attempt=1	proxy=http://wiw4v7duaymysz9-session-ac6623c5c344-lifetime-10:***@rp.scrapegw.com:6060	scope=shared global=False retry_after=1123.00s
2026-09-01 18:34:58	NETWORK	djgd	attempt=1	proxy=http://wiw4v7duaymysz9-session-bfdfa0733ae9-lifetime-10:***@rp.scrapegw.com:6060	ConnectionTimeoutError: Connection timeout to host https://discord.com/api/v9/unique-username/username-attempt-unauthed
2026-09-01 18:34:58	NETWORK	djqr	attempt=1	proxy=http://wiw4v7duaymysz9-session-464aaeed94ca-lifetime-10:***@rp.scrapegw.com:6060	ConnectionTimeoutError: Connection timeout to host https://discord.com/api/v9/unique-username/username-attempt-unauthed
2026-09-01 18:34:58	NETWORK	djim	attempt=1	proxy=http://wiw4v7duaymysz9-session-7c653c31c3be-lifetime-10:***@rp.scrapegw.com:6060	ConnectionTimeoutError: Connection timeout to host https://discord.com/api/v9/unique-username/username-attempt-unauthed
2026-09-01 18:34:58	NETWORK	djhc	attempt=1	proxy=http://wiw4v7duaymysz9-session-811b185b7963-lifetime-10:***@rp.scrapegw.com:6060	ConnectionTimeoutError: Connection timeout to host https://discord.com/api/v9/unique-username/username-attempt-unauthed
2026-09-01 18:34:58	NETWORK	djdr	attempt=1	proxy=http://wiw4v7duaymysz9-session-9ac002398b52-lifetime-10:***@rp.scrapegw.com:6060	ConnectionTimeoutError: Connection timeout to host https://discord.com/api/v9/unique-username/username-attempt-unauthed
2026-09-01 18:34:58	NETWORK	djlb	attempt=1	proxy=http://wiw4v7duaymysz9-session-6a1c79ff32f8-lifetime-10:***@rp.scrapegw.com:6060	ConnectionTimeoutError: Connection timeout to host https://discord.com/api/v9/unique-username/username-attempt-unauthed
2026-09-01 18:34:58	NETWORK	djjr	attempt=1	proxy=http://wiw4v7duaymysz9-session-34fc454f1eb4-lifetime-10:***@rp.scrapegw.com:6060	ConnectionTimeoutError: Connection timeout to host https://discord.com/api/v9/unique-username/username-attempt-unauthed
2026-09-01 18:34:59	HTTP_429	dndq	attempt=1	proxy=http://wiw4v7duaymysz9-session-0aeb261e5c5d-lifetime-10:***@rp.scrapegw.com:6060	scope=shared global=False retry_after=2072.00s
2026-09-01 18:34:59	NETWORK	djwx	attempt=1	proxy=http://wiw4v7duaymysz9-session-c06a380c5c0e-lifetime-10:***@rp.scrapegw.com:6060	ConnectionTimeoutError: Connection timeout to host https://discord.com/api/v9/unique-username/username-attempt-unauthed
2026-09-01 18:34:59	NETWORK	djss	attempt=1	proxy=http://wiw4v7duaymysz9-session-7c7a33c72a32-lifetime-10:***@rp.scrapegw.com:6060	ConnectionTimeoutError: Connection timeout to host https://discord.com/api/v9/unique-username/username-attempt-unauthed
2026-09-01 18:34:59	NETWORK	djwe	attempt=1	proxy=http://wiw4v7duaymysz9-session-4dfb19f2f8bc-lifetime-10:***@rp.scrapegw.com:6060	ConnectionTimeoutError: Connection timeout to host https://discord.com/api/v9/unique-username/username-attempt-unauthed
2026-09-01 18:34:59	NETWORK	djmt	attempt=1	proxy=http://wiw4v7duaymysz9-session-1f28cbb3069a-lifetime-10:***@rp.scrapegw.com:6060	ConnectionTimeoutError: Connection timeout to host https://discord.com/api/v9/unique-username/username-attempt-unauthed
2026-09-01 18:34:59	NETWORK	djuk	attempt=1	proxy=http://wiw4v7duaymysz9-session-6a9938a26128-lifetime-10:***@rp.scrapegw.com:6060	ConnectionTimeoutError: Connection timeout to host https://discord.com/api/v9/unique-username/username-attempt-unauthed
2026-09-01 18:34:59	NETWORK	djvk	attempt=1	proxy=http://wiw4v7duaymysz9-session-4caced0d179f-lifetime-10:***@rp.scrapegw.com:6060	ConnectionTimeoutError: Connection timeout to host https://discord.com/api/v9/unique-username/username-attempt-unauthed
2026-09-01 18:34:59	NETWORK	djug	attempt=1	proxy=http://wiw4v7duaymysz9-session-f71393eab711-lifetime-10:***@rp.scrapegw.com:6060	ConnectionTimeoutError: Connection timeout to host https://discord.com/api/v9/unique-username/username-attempt-unauthed
2026-09-01 18:34:59	NETWORK	djua	attempt=1	proxy=http://wiw4v7duaymysz9-session-ca26023e2e56-lifetime-10:***@rp.scrapegw.com:6060	ConnectionTimeoutError: Connection timeout to host https://discord.com/api/v9/unique-username/username-attempt-unauthed
2026-09-01 18:35:00	NETWORK	dkep	attempt=1	proxy=http://wiw4v7duaymysz9-session-50b90b88b809-lifetime-10:***@rp.scrapegw.com:6060	ConnectionTimeoutError: Connection timeout to host https://discord.com/api/v9/unique-username/username-attempt-unauthed
2026-09-01 18:35:00	NETWORK	dkdn	attempt=1	proxy=http://wiw4v7duaymysz9-session-d751fd3d4893-lifetime-10:***@rp.scrapegw.com:6060	ConnectionTimeoutError: Connection timeout to host https://discord.com/api/v9/unique-username/username-attempt-unauthed
2026-09-01 18:35:00	NETWORK	dkbb	attempt=1	proxy=http://wiw4v7duaymysz9-session-c0b5d2178ed0-lifetime-10:***@rp.scrapegw.com:6060	ConnectionTimeoutError: Connection timeout to host https://discord.com/api/v9/unique-username/username-attempt-unauthed
2026-09-01 18:35:00	NETWORK	dkap	attempt=1	proxy=http://wiw4v7duaymysz9-session-2f3c047b88b0-lifetime-10:***@rp.scrapegw.com:6060	ConnectionTimeoutError: Connection timeout to host https://discord.com/api/v9/unique-username/username-attempt-unauthed
2026-09-01 18:35:00	NETWORK	dkdr	attempt=1	proxy=http://wiw4v7duaymysz9-session-190f776171b8-lifetime-10:***@rp.scrapegw.com:6060	ConnectionTimeoutError: Connection timeout to host https://discord.com/api/v9/unique-username/username-attempt-unauthed
2026-09-01 18:35:00	NETWORK	dkau	attempt=1	proxy=http://wiw4v7duaymysz9-session-806b02c829f4-lifetime-10:***@rp.scrapegw.com:6060	ConnectionTimeoutError: Connection timeout to host https://discord.com/api/v9/unique-username/username-attempt-unauthed
2026-09-01 18:35:00	NETWORK	dkhh	attempt=1	proxy=http://wiw4v7duaymysz9-session-f6dd4c4a139c-lifetime-10:***@rp.scrapegw.com:6060	ConnectionTimeoutError: Connection timeout to host https://discord.com/api/v9/unique-username/username-attempt-unauthed
2026-09-01 18:35:00	NETWORK	dkhl	attempt=1	proxy=http://wiw4v7duaymysz9-session-0a52a4d681d1-lifetime-10:***@rp.scrapegw.com:6060	ConnectionTimeoutError: Connection timeout to host https://discord.com/api/v9/unique-username/username-attempt-unauthed
2026-09-01 18:35:00	NETWORK	dkdk	attempt=1	proxy=http://wiw4v7duaymysz9-session-0245260132f9-lifetime-10:***@rp.scrapegw.com:6060	ConnectionTimeoutError: Connection timeout to host https://discord.com/api/v9/unique-username/username-attempt-unauthed
2026-09-01 18:35:00	NETWORK	dkcr	attempt=1	proxy=http://wiw4v7duaymysz9-session-fdbb0b0a7830-lifetime-10:***@rp.scrapegw.com:6060	ConnectionTimeoutError: Connection timeout to host https://discord.com/api/v9/unique-username/username-attempt-unauthed
2026-09-01 18:35:01	NETWORK	dkje	attempt=1	proxy=http://wiw4v7duaymysz9-session-26b16d49830b-lifetime-10:***@rp.scrapegw.com:6060	ConnectionTimeoutError: Connection timeout to host https://discord.com/api/v9/unique-username/username-attempt-unauthed
2026-09-01 18:35:01	NETWORK	dkwh	attempt=1	proxy=http://wiw4v7duaymysz9-session-6d5ec1bfb7b9-lifetime-10:***@rp.scrapegw.com:6060	ConnectionTimeoutError: Connection timeout to host https://discord.com/api/v9/unique-username/username-attempt-unauthed
2026-09-01 18:35:01	NETWORK	dkix	attempt=1	proxy=http://wiw4v7duaymysz9-session-1c95670fca9f-lifetime-10:***@rp.scrapegw.com:6060	ConnectionTimeoutError: Connection timeout to host https://discord.com/api/v9/unique-username/username-attempt-unauthed
2026-09-01 18:35:01	NETWORK	dkim	attempt=1	proxy=http://wiw4v7duaymysz9-session-0b6bffad6ae0-lifetime-10:***@rp.scrapegw.com:6060	ConnectionTimeoutError: Connection timeout to host https://discord.com/api/v9/unique-username/username-attempt-unauthed
2026-09-01 18:35:01	NETWORK	dkvh	attempt=1	proxy=http://wiw4v7duaymysz9-session-ee8e028bfaff-lifetime-10:***@rp.scrapegw.com:6060	ConnectionTimeoutError: Connection timeout to host https://discord.com/api/v9/unique-username/username-attempt-unauthed
2026-09-01 18:35:01	NETWORK	dkoh	attempt=1	proxy=http://wiw4v7duaymysz9-session-d16a1b86c910-lifetime-10:***@rp.scrapegw.com:6060	ConnectionTimeoutError: Connection timeout to host https://discord.com/api/v9/unique-username/username-attempt-unauthed
2026-09-01 18:35:01	NETWORK	dkwx	attempt=1	proxy=http://wiw4v7duaymysz9-session-2b875396c339-lifetime-10:***@rp.scrapegw.com:6060	ConnectionTimeoutError: Connection timeout to host https://discord.com/api/v9/unique-username/username-attempt-unauthed
2026-09-01 18:35:02	NETWORK	dlob	attempt=1	proxy=http://wiw4v7duaymysz9-session-1d00df88e7a1-lifetime-10:***@rp.scrapegw.com:6060	ConnectionTimeoutError: Connection timeout to host https://discord.com/api/v9/unique-username/username-attempt-unauthed
2026-09-01 18:35:02	NETWORK	dlgn	attempt=1	proxy=http://wiw4v7duaymysz9-session-99571d6ae2de-lifetime-10:***@rp.scrapegw.com:6060	ConnectionTimeoutError: Connection timeout to host https://discord.com/api/v9/unique-username/username-attempt-unauthed
2026-09-01 18:35:02	NETWORK	dlcn	attempt=1	proxy=http://wiw4v7duaymysz9-session-e66c8093c1a0-lifetime-10:***@rp.scrapegw.com:6060	ConnectionTimeoutError: Connection timeout to host https://discord.com/api/v9/unique-username/username-attempt-unauthed
2026-09-01 18:35:02	NETWORK	dlnb	attempt=1	proxy=http://wiw4v7duaymysz9-session-e4e42869d88e-lifetime-10:***@rp.scrapegw.com:6060	ConnectionTimeoutError: Connection timeout to host https://discord.com/api/v9/unique-username/username-attempt-unauthed
2026-09-01 18:35:02	NETWORK	dkxd	attempt=1	proxy=http://wiw4v7duaymysz9-session-825258a0a4be-lifetime-10:***@rp.scrapegw.com:6060	ConnectionTimeoutError: Connection timeout to host https://discord.com/api/v9/unique-username/username-attempt-unauthed
2026-09-01 18:35:02	NETWORK	dlfd	attempt=1	proxy=http://wiw4v7duaymysz9-session-910296ab6a87-lifetime-10:***@rp.scrapegw.com:6060	ConnectionTimeoutError: Connection timeout to host https://discord.com/api/v9/unique-username/username-attempt-unauthed
2026-09-01 18:35:02	NETWORK	dllu	attempt=1	proxy=http://wiw4v7duaymysz9-session-0fd3a06389f5-lifetime-10:***@rp.scrapegw.com:6060	ConnectionTimeoutError: Connection timeout to host https://discord.com/api/v9/unique-username/username-attempt-unauthed
2026-09-01 18:35:02	NETWORK	dllo	attempt=1	proxy=http://wiw4v7duaymysz9-session-928b25d65279-lifetime-10:***@rp.scrapegw.com:6060	ConnectionTimeoutError: Connection timeout to host https://discord.com/api/v9/unique-username/username-attempt-unauthed
2026-09-01 18:35:02	NETWORK	dlkn	attempt=1	proxy=http://wiw4v7duaymysz9-session-7ea5b167b99b-lifetime-10:***@rp.scrapegw.com:6060	ConnectionTimeoutError: Connection timeout to host https://discord.com/api/v9/unique-username/username-attempt-unauthed
2026-09-01 18:35:03	NETWORK	dlos	attempt=1	proxy=http://wiw4v7duaymysz9-session-4d5030b303fb-lifetime-10:***@rp.scrapegw.com:6060	ConnectionTimeoutError: Connection timeout to host https://discord.com/api/v9/unique-username/username-attempt-unauthed
2026-09-01 18:35:03	NETWORK	dlse	attempt=1	proxy=http://wiw4v7duaymysz9-session-5caf4468f761-lifetime-10:***@rp.scrapegw.com:6060	ConnectionTimeoutError: Connection timeout to host https://discord.com/api/v9/unique-username/username-attempt-unauthed
2026-09-01 18:35:03	NETWORK	dlsk	attempt=1	proxy=http://wiw4v7duaymysz9-session-ee14a39a34e0-lifetime-10:***@rp.scrapegw.com:6060	ConnectionTimeoutError: Connection timeout to host https://discord.com/api/v9/unique-username/username-attempt-unauthed
2026-09-01 18:35:03	NETWORK	dlov	attempt=1	proxy=http://wiw4v7duaymysz9-session-8c78453c950c-lifetime-10:***@rp.scrapegw.com:6060	ConnectionTimeoutError: Connection timeout to host https://discord.com/api/v9/unique-username/username-attempt-unauthed
2026-09-01 18:35:03	NETWORK	dlsw	attempt=1	proxy=http://wiw4v7duaymysz9-session-486c654aff40-lifetime-10:***@rp.scrapegw.com:6060	ConnectionTimeoutError: Connection timeout to host https://discord.com/api/v9/unique-username/username-attempt-unauthed
2026-09-01 18:35:03	NETWORK	dltb	attempt=1	proxy=http://wiw4v7duaymysz9-session-432141b3a7c5-lifetime-10:***@rp.scrapegw.com:6060	ConnectionTimeoutError: Connection timeout to host https://discord.com/api/v9/unique-username/username-attempt-unauthed
2026-09-01 18:35:03	NETWORK	dlpf	attempt=1	proxy=http://wiw4v7duaymysz9-session-37908978ee4d-lifetime-10:***@rp.scrapegw.com:6060	ConnectionTimeoutError: Connection timeout to host https://discord.com/api/v9/unique-username/username-attempt-unauthed
2026-09-01 18:35:03	NETWORK	dlrz	attempt=1	proxy=http://wiw4v7duaymysz9-session-4653bb17cf2c-lifetime-10:***@rp.scrapegw.com:6060	ConnectionTimeoutError: Connection timeout to host https://discord.com/api/v9/unique-username/username-attempt-unauthed
2026-09-01 18:35:04	NETWORK	dlvl	attempt=1	proxy=http://wiw4v7duaymysz9-session-e466c040b3d4-lifetime-10:***@rp.scrapegw.com:6060	ConnectionTimeoutError: Connection timeout to host https://discord.com/api/v9/unique-username/username-attempt-unauthed
2026-09-01 18:35:04	NETWORK	dlte	attempt=1	proxy=http://wiw4v7duaymysz9-session-9ac002398b52-lifetime-10:***@rp.scrapegw.com:6060	ConnectionTimeoutError: Connection timeout to host https://discord.com/api/v9/unique-username/username-attempt-unauthed
2026-09-01 18:35:04	NETWORK	dltw	attempt=1	proxy=http://wiw4v7duaymysz9-session-bfdfa0733ae9-lifetime-10:***@rp.scrapegw.com:6060	ConnectionTimeoutError: Connection timeout to host https://discord.com/api/v9/unique-username/username-attempt-unauthed
2026-09-01 18:35:04	NETWORK	dlwr	attempt=1	proxy=http://wiw4v7duaymysz9-session-7b4c1fa8d53f-lifetime-10:***@rp.scrapegw.com:6060	ConnectionTimeoutError: Connection timeout to host https://discord.com/api/v9/unique-username/username-attempt-unauthed
2026-09-01 18:35:04	NETWORK	dlue	attempt=1	proxy=http://wiw4v7duaymysz9-session-811b185b7963-lifetime-10:***@rp.scrapegw.com:6060	ConnectionTimeoutError: Connection timeout to host https://discord.com/api/v9/unique-username/username-attempt-unauthed
2026-09-01 18:35:04	NETWORK	dlwk	attempt=1	proxy=http://wiw4v7duaymysz9-session-c658694b6f29-lifetime-10:***@rp.scrapegw.com:6060	ConnectionTimeoutError: Connection timeout to host https://discord.com/api/v9/unique-username/username-attempt-unauthed
2026-09-01 18:35:04	NETWORK	dltg	attempt=1	proxy=http://wiw4v7duaymysz9-session-ead3b11b5a93-lifetime-10:***@rp.scrapegw.com:6060	ConnectionTimeoutError: Connection timeout to host https://discord.com/api/v9/unique-username/username-attempt-unauthed
2026-09-01 18:35:04	NETWORK	dltk	attempt=1	proxy=http://wiw4v7duaymysz9-session-a29be8453ef3-lifetime-10:***@rp.scrapegw.com:6060	ConnectionTimeoutError: Connection timeout to host https://discord.com/api/v9/unique-username/username-attempt-unauthed
2026-09-01 18:35:05	HTTP_429	dpjz	attempt=1	proxy=http://wiw4v7duaymysz9-session-9fb45d5e389a-lifetime-10:***@rp.scrapegw.com:6060	scope=shared global=False retry_after=2066.00s
2026-09-01 18:35:05	NETWORK	dmji	attempt=1	proxy=http://wiw4v7duaymysz9-session-c06a380c5c0e-lifetime-10:***@rp.scrapegw.com:6060	ConnectionTimeoutError: Connection timeout to host https://discord.com/api/v9/unique-username/username-attempt-unauthed
2026-09-01 18:35:05	NETWORK	dlyo	attempt=1	proxy=http://wiw4v7duaymysz9-session-11a470bbe57e-lifetime-10:***@rp.scrapegw.com:6060	ConnectionTimeoutError: Connection timeout to host https://discord.com/api/v9/unique-username/username-attempt-unauthed
2026-09-01 18:35:05	NETWORK	dlyb	attempt=1	proxy=http://wiw4v7duaymysz9-session-da60f4585a7a-lifetime-10:***@rp.scrapegw.com:6060	ConnectionTimeoutError: Connection timeout to host https://discord.com/api/v9/unique-username/username-attempt-unauthed
2026-09-01 18:35:05	NETWORK	dmcq	attempt=1	proxy=http://wiw4v7duaymysz9-session-7c7a33c72a32-lifetime-10:***@rp.scrapegw.com:6060	ConnectionTimeoutError: Connection timeout to host https://discord.com/api/v9/unique-username/username-attempt-unauthed
2026-09-01 18:35:05	NETWORK	dmdv	attempt=1	proxy=http://wiw4v7duaymysz9-session-f71393eab711-lifetime-10:***@rp.scrapegw.com:6060	ConnectionTimeoutError: Connection timeout to host https://discord.com/api/v9/unique-username/username-attempt-unauthed
2026-09-01 18:35:05	NETWORK	dmfy	attempt=1	proxy=http://wiw4v7duaymysz9-session-4caced0d179f-lifetime-10:***@rp.scrapegw.com:6060	ConnectionTimeoutError: Connection timeout to host https://discord.com/api/v9/unique-username/username-attempt-unauthed
2026-09-01 18:35:05	NETWORK	dmdb	attempt=1	proxy=http://wiw4v7duaymysz9-session-ca26023e2e56-lifetime-10:***@rp.scrapegw.com:6060	ConnectionTimeoutError: Connection timeout to host https://discord.com/api/v9/unique-username/username-attempt-unauthed
2026-09-01 18:35:05	NETWORK	dmkh	attempt=1	proxy=http://wiw4v7duaymysz9-session-1aab9c0d317f-lifetime-10:***@rp.scrapegw.com:6060	ConnectionTimeoutError: Connection timeout to host https://discord.com/api/v9/unique-username/username-attempt-unauthed
2026-09-01 18:35:05	NETWORK	dmrj	attempt=1	proxy=http://wiw4v7duaymysz9-session-d16a1b86c910-lifetime-10:***@rp.scrapegw.com:6060	ConnectionTimeoutError: Connection timeout to host https://discord.com/api/v9/unique-username/username-attempt-unauthed
2026-09-01 18:35:05	NETWORK	dmeg	attempt=1	proxy=http://wiw4v7duaymysz9-session-6a9938a26128-lifetime-10:***@rp.scrapegw.com:6060	ConnectionTimeoutError: Connection timeout to host https://discord.com/api/v9/unique-username/username-attempt-unauthed
2026-09-01 18:35:05	NETWORK	dmqh	attempt=1	proxy=http://wiw4v7duaymysz9-session-f6dd4c4a139c-lifetime-10:***@rp.scrapegw.com:6060	ConnectionTimeoutError: Connection timeout to host https://discord.com/api/v9/unique-username/username-attempt-unauthed
2026-09-01 18:35:05	NETWORK	dmgl	attempt=1	proxy=http://wiw4v7duaymysz9-session-4dfb19f2f8bc-lifetime-10:***@rp.scrapegw.com:6060	ConnectionTimeoutError: Connection timeout to host https://discord.com/api/v9/unique-username/username-attempt-unauthed
2026-09-01 18:35:05	NETWORK	dmpm	attempt=1	proxy=http://wiw4v7duaymysz9-session-190f776171b8-lifetime-10:***@rp.scrapegw.com:6060	ConnectionTimeoutError: Connection timeout to host https://discord.com/api/v9/unique-username/username-attempt-unauthed
2026-09-01 18:35:06	NETWORK	dmsm	attempt=1	proxy=http://wiw4v7duaymysz9-session-6d5ec1bfb7b9-lifetime-10:***@rp.scrapegw.com:6060	ConnectionTimeoutError: Connection timeout to host https://discord.com/api/v9/unique-username/username-attempt-unauthed
2026-09-01 18:35:06	NETWORK	dmyl	attempt=1	proxy=http://wiw4v7duaymysz9-session-37908978ee4d-lifetime-10:***@rp.scrapegw.com:6060	ConnectionTimeoutError: Connection timeout to host https://discord.com/api/v9/unique-username/username-attempt-unauthed
2026-09-01 18:35:06	NETWORK	dmyj	attempt=1	proxy=http://wiw4v7duaymysz9-session-8c78453c950c-lifetime-10:***@rp.scrapegw.com:6060	ConnectionTimeoutError: Connection timeout to host https://discord.com/api/v9/unique-username/username-attempt-unauthed
2026-09-01 18:35:06	NETWORK	dmro	attempt=1	proxy=http://wiw4v7duaymysz9-session-ee8e028bfaff-lifetime-10:***@rp.scrapegw.com:6060	ConnectionTimeoutError: Connection timeout to host https://discord.com/api/v9/unique-username/username-attempt-unauthed
2026-09-01 18:35:06	NETWORK	dmyd	attempt=1	proxy=http://wiw4v7duaymysz9-session-4d5030b303fb-lifetime-10:***@rp.scrapegw.com:6060	ConnectionTimeoutError: Connection timeout to host https://discord.com/api/v9/unique-username/username-attempt-unauthed
2026-09-01 18:35:06	NETWORK	dmsu	attempt=1	proxy=http://wiw4v7duaymysz9-session-2b875396c339-lifetime-10:***@rp.scrapegw.com:6060	ConnectionTimeoutError: Connection timeout to host https://discord.com/api/v9/unique-username/username-attempt-unauthed
2026-09-01 18:35:06	NETWORK	dmyv	attempt=1	proxy=http://wiw4v7duaymysz9-session-5caf4468f761-lifetime-10:***@rp.scrapegw.com:6060	ConnectionTimeoutError: Connection timeout to host https://discord.com/api/v9/unique-username/username-attempt-unauthed
2026-09-01 18:35:06	NETWORK	dmnq	attempt=1	proxy=http://wiw4v7duaymysz9-session-0245260132f9-lifetime-10:***@rp.scrapegw.com:6060	ConnectionTimeoutError: Connection timeout to host https://discord.com/api/v9/unique-username/username-attempt-unauthed
2026-09-01 18:35:07	HTTP_429	dqbe	attempt=1	proxy=http://wiw4v7duaymysz9-session-abd7ec4e2f8c-lifetime-10:***@rp.scrapegw.com:6060	scope=shared global=False retry_after=2076.00s
2026-09-01 18:35:07	NETWORK	dmzv	attempt=1	proxy=http://wiw4v7duaymysz9-session-e466c040b3d4-lifetime-10:***@rp.scrapegw.com:6060	ConnectionTimeoutError: Connection timeout to host https://discord.com/api/v9/unique-username/username-attempt-unauthed
2026-09-01 18:35:07	NETWORK	dnfa	attempt=1	proxy=http://wiw4v7duaymysz9-session-393d6e928d4f-lifetime-10:***@rp.scrapegw.com:6060	ConnectionTimeoutError: Connection timeout to host https://discord.com/api/v9/unique-username/username-attempt-unauthed
2026-09-01 18:35:07	NETWORK	dnae	attempt=1	proxy=http://wiw4v7duaymysz9-session-7b4c1fa8d53f-lifetime-10:***@rp.scrapegw.com:6060	ConnectionTimeoutError: Connection timeout to host https://discord.com/api/v9/unique-username/username-attempt-unauthed
2026-09-01 18:35:07	NETWORK	dmtz	attempt=1	proxy=http://wiw4v7duaymysz9-session-e66c8093c1a0-lifetime-10:***@rp.scrapegw.com:6060	ConnectionTimeoutError: Connection timeout to host https://discord.com/api/v9/unique-username/username-attempt-unauthed
2026-09-01 18:35:07	NETWORK	dmzf	attempt=1	proxy=http://wiw4v7duaymysz9-session-486c654aff40-lifetime-10:***@rp.scrapegw.com:6060	ConnectionTimeoutError: Connection timeout to host https://discord.com/api/v9/unique-username/username-attempt-unauthed
2026-09-01 18:35:07	NETWORK	dmzw	attempt=1	proxy=http://wiw4v7duaymysz9-session-c658694b6f29-lifetime-10:***@rp.scrapegw.com:6060	ConnectionTimeoutError: Connection timeout to host https://discord.com/api/v9/unique-username/username-attempt-unauthed
2026-09-01 18:35:07	NETWORK	dnaj	attempt=1	proxy=http://wiw4v7duaymysz9-session-e132c24a4f14-lifetime-10:***@rp.scrapegw.com:6060	ConnectionTimeoutError: Connection timeout to host https://discord.com/api/v9/unique-username/username-attempt-unauthed
2026-09-01 18:35:07	NETWORK	dmzl	attempt=1	proxy=http://wiw4v7duaymysz9-session-a29be8453ef3-lifetime-10:***@rp.scrapegw.com:6060	ConnectionTimeoutError: Connection timeout to host https://discord.com/api/v9/unique-username/username-attempt-unauthed
2026-09-01 18:35:07	NETWORK	dnfj	attempt=1	proxy=http://wiw4v7duaymysz9-session-da60f4585a7a-lifetime-10:***@rp.scrapegw.com:6060	ConnectionTimeoutError: Connection timeout to host https://discord.com/api/v9/unique-username/username-attempt-unauthed
2026-09-01 18:35:08	HTTP_429	dqwm	attempt=1	proxy=http://wiw4v7duaymysz9-session-03160aef72c2-lifetime-10:***@rp.scrapegw.com:6060	scope=shared global=False retry_after=1689.00s
2026-09-01 18:35:08	NETWORK	dngc	attempt=1	proxy=http://wiw4v7duaymysz9-session-11a470bbe57e-lifetime-10:***@rp.scrapegw.com:6060	ConnectionTimeoutError: Connection timeout to host https://discord.com/api/v9/unique-username/username-attempt-unauthed
2026-09-01 18:35:08	NETWORK	dnog	attempt=1	proxy=http://wiw4v7duaymysz9-session-5ba8fe140b71-lifetime-10:***@rp.scrapegw.com:6060	ConnectionTimeoutError: Connection timeout to host https://discord.com/api/v9/unique-username/username-attempt-unauthed
2026-09-01 18:35:08	NETWORK	dnmx	attempt=1	proxy=http://wiw4v7duaymysz9-session-3e0c2a8dfa2e-lifetime-10:***@rp.scrapegw.com:6060	ConnectionTimeoutError: Connection timeout to host https://discord.com/api/v9/unique-username/username-attempt-unauthed
2026-09-01 18:35:08	NETWORK	dnlv	attempt=1	proxy=http://wiw4v7duaymysz9-session-1aab9c0d317f-lifetime-10:***@rp.scrapegw.com:6060	ConnectionTimeoutError: Connection timeout to host https://discord.com/api/v9/unique-username/username-attempt-unauthed
2026-09-01 18:35:08	NETWORK	dnml	attempt=1	proxy=http://wiw4v7duaymysz9-session-a3f9b5cff249-lifetime-10:***@rp.scrapegw.com:6060	ConnectionTimeoutError: Connection timeout to host https://discord.com/api/v9/unique-username/username-attempt-unauthed
2026-09-01 18:35:09	NETWORK	dntp	attempt=1	proxy=http://wiw4v7duaymysz9-session-26b16d49830b-lifetime-10:***@rp.scrapegw.com:6060	ConnectionTimeoutError: Connection timeout to host https://discord.com/api/v9/unique-username/username-attempt-unauthed
2026-09-01 18:35:09	NETWORK	dnuz	attempt=1	proxy=http://wiw4v7duaymysz9-session-ee8e028bfaff-lifetime-10:***@rp.scrapegw.com:6060	ConnectionTimeoutError: Connection timeout to host https://discord.com/api/v9/unique-username/username-attempt-unauthed
2026-09-01 18:35:09	NETWORK	dntz	attempt=1	proxy=http://wiw4v7duaymysz9-session-d16a1b86c910-lifetime-10:***@rp.scrapegw.com:6060	ConnectionTimeoutError: Connection timeout to host https://discord.com/api/v9/unique-username/username-attempt-unauthed
2026-09-01 18:35:09	NETWORK	dnwf	attempt=1	proxy=http://wiw4v7duaymysz9-session-2b875396c339-lifetime-10:***@rp.scrapegw.com:6060	ConnectionTimeoutError: Connection timeout to host https://discord.com/api/v9/unique-username/username-attempt-unauthed
2026-09-01 18:35:09	NETWORK	dnvo	attempt=1	proxy=http://wiw4v7duaymysz9-session-6d5ec1bfb7b9-lifetime-10:***@rp.scrapegw.com:6060	ConnectionTimeoutError: Connection timeout to host https://discord.com/api/v9/unique-username/username-attempt-unauthed
2026-09-01 18:35:09	NETWORK	dnql	attempt=1	proxy=http://wiw4v7duaymysz9-session-806b02c829f4-lifetime-10:***@rp.scrapegw.com:6060	ConnectionTimeoutError: Connection timeout to host https://discord.com/api/v9/unique-username/username-attempt-unauthed
2026-09-01 18:35:09	NETWORK	dnoz	attempt=1	proxy=http://wiw4v7duaymysz9-session-2f3c047b88b0-lifetime-10:***@rp.scrapegw.com:6060	ConnectionTimeoutError: Connection timeout to host https://discord.com/api/v9/unique-username/username-attempt-unauthed
2026-09-01 18:35:09	NETWORK	dnri	attempt=1	proxy=http://wiw4v7duaymysz9-session-c0b5d2178ed0-lifetime-10:***@rp.scrapegw.com:6060	ConnectionTimeoutError: Connection timeout to host https://discord.com/api/v9/unique-username/username-attempt-unauthed
2026-09-01 18:35:09	NETWORK	dnta	attempt=1	proxy=http://wiw4v7duaymysz9-session-1c95670fca9f-lifetime-10:***@rp.scrapegw.com:6060	ConnectionTimeoutError: Connection timeout to host https://discord.com/api/v9/unique-username/username-attempt-unauthed
2026-09-01 18:35:09	NETWORK	dnyy	attempt=1	proxy=http://wiw4v7duaymysz9-session-825258a0a4be-lifetime-10:***@rp.scrapegw.com:6060	ConnectionTimeoutError: Connection timeout to host https://discord.com/api/v9/unique-username/username-attempt-unauthed
2026-09-01 18:35:10	HTTP_429	drnz	attempt=1	proxy=http://wiw4v7duaymysz9-session-e5ad77fbce22-lifetime-10:***@rp.scrapegw.com:6060	scope=shared global=False retry_after=1213.00s
2026-09-01 18:35:10	HTTP_429	drjz	attempt=1	proxy=http://wiw4v7duaymysz9-session-1fddcbd1457d-lifetime-10:***@rp.scrapegw.com:6060	scope=shared global=False retry_after=2075.00s
2026-09-01 18:35:10	NETWORK	doga	attempt=1	proxy=http://wiw4v7duaymysz9-session-df97bb89afa1-lifetime-10:***@rp.scrapegw.com:6060	ConnectionTimeoutError: Connection timeout to host https://discord.com/api/v9/unique-username/username-attempt-unauthed
2026-09-01 18:35:10	NETWORK	dofi	attempt=1	proxy=http://wiw4v7duaymysz9-session-1d00df88e7a1-lifetime-10:***@rp.scrapegw.com:6060	ConnectionTimeoutError: Connection timeout to host https://discord.com/api/v9/unique-username/username-attempt-unauthed
2026-09-01 18:35:10	NETWORK	dogz	attempt=1	proxy=http://wiw4v7duaymysz9-session-aec468d1589d-lifetime-10:***@rp.scrapegw.com:6060	ConnectionTimeoutError: Connection timeout to host https://discord.com/api/v9/unique-username/username-attempt-unauthed
2026-09-01 18:35:10	NETWORK	dock	attempt=1	proxy=http://wiw4v7duaymysz9-session-910296ab6a87-lifetime-10:***@rp.scrapegw.com:6060	ConnectionTimeoutError: Connection timeout to host https://discord.com/api/v9/unique-username/username-attempt-unauthed
2026-09-01 18:35:10	NETWORK	docp	attempt=1	proxy=http://wiw4v7duaymysz9-session-99571d6ae2de-lifetime-10:***@rp.scrapegw.com:6060	ConnectionTimeoutError: Connection timeout to host https://discord.com/api/v9/unique-username/username-attempt-unauthed
2026-09-01 18:35:10	NETWORK	doez	attempt=1	proxy=http://wiw4v7duaymysz9-session-e4e42869d88e-lifetime-10:***@rp.scrapegw.com:6060	ConnectionTimeoutError: Connection timeout to host https://discord.com/api/v9/unique-username/username-attempt-unauthed
2026-09-01 18:35:10	NETWORK	docq	attempt=1	proxy=http://wiw4v7duaymysz9-session-7ea5b167b99b-lifetime-10:***@rp.scrapegw.com:6060	ConnectionTimeoutError: Connection timeout to host https://discord.com/api/v9/unique-username/username-attempt-unauthed
2026-09-01 18:35:10	NETWORK	dody	attempt=1	proxy=http://wiw4v7duaymysz9-session-0fd3a06389f5-lifetime-10:***@rp.scrapegw.com:6060	ConnectionTimeoutError: Connection timeout to host https://discord.com/api/v9/unique-username/username-attempt-unauthed
2026-09-01 18:35:10	NETWORK	docb	attempt=1	proxy=http://wiw4v7duaymysz9-session-e66c8093c1a0-lifetime-10:***@rp.scrapegw.com:6060	ConnectionTimeoutError: Connection timeout to host https://discord.com/api/v9/unique-username/username-attempt-unauthed
2026-09-01 18:35:10	NETWORK	dodh	attempt=1	proxy=http://wiw4v7duaymysz9-session-928b25d65279-lifetime-10:***@rp.scrapegw.com:6060	ConnectionTimeoutError: Connection timeout to host https://discord.com/api/v9/unique-username/username-attempt-unauthed
2026-09-01 18:35:11	HTTP_429	drkh	attempt=1	proxy=http://wiw4v7duaymysz9-session-1f28cbb3069a-lifetime-10:***@rp.scrapegw.com:6060	scope=shared global=False retry_after=284.00s
2026-09-01 18:35:11	NETWORK	dozp	attempt=1	proxy=http://wiw4v7duaymysz9-session-432141b3a7c5-lifetime-10:***@rp.scrapegw.com:6060	ConnectionTimeoutError: Connection timeout to host https://discord.com/api/v9/unique-username/username-attempt-unauthed
2026-09-01 18:35:11	NETWORK	doqd	attempt=1	proxy=http://wiw4v7duaymysz9-session-4653bb17cf2c-lifetime-10:***@rp.scrapegw.com:6060	ConnectionTimeoutError: Connection timeout to host https://discord.com/api/v9/unique-username/username-attempt-unauthed
2026-09-01 18:35:11	NETWORK	dook	attempt=1	proxy=http://wiw4v7duaymysz9-session-4d5030b303fb-lifetime-10:***@rp.scrapegw.com:6060	ConnectionTimeoutError: Connection timeout to host https://discord.com/api/v9/unique-username/username-attempt-unauthed
2026-09-01 18:35:11	NETWORK	donr	attempt=1	proxy=http://wiw4v7duaymysz9-session-feff2b3362c9-lifetime-10:***@rp.scrapegw.com:6060	ConnectionTimeoutError: Connection timeout to host https://discord.com/api/v9/unique-username/username-attempt-unauthed
2026-09-01 18:35:11	NETWORK	dovh	attempt=1	proxy=http://wiw4v7duaymysz9-session-486c654aff40-lifetime-10:***@rp.scrapegw.com:6060	ConnectionTimeoutError: Connection timeout to host https://discord.com/api/v9/unique-username/username-attempt-unauthed
2026-09-01 18:35:11	NETWORK	dosf	attempt=1	proxy=http://wiw4v7duaymysz9-session-ee14a39a34e0-lifetime-10:***@rp.scrapegw.com:6060	ConnectionTimeoutError: Connection timeout to host https://discord.com/api/v9/unique-username/username-attempt-unauthed
2026-09-01 18:35:11	NETWORK	dopx	attempt=1	proxy=http://wiw4v7duaymysz9-session-37908978ee4d-lifetime-10:***@rp.scrapegw.com:6060	ConnectionTimeoutError: Connection timeout to host https://discord.com/api/v9/unique-username/username-attempt-unauthed
2026-09-01 18:35:12	NETWORK	dpdu	attempt=1	proxy=http://wiw4v7duaymysz9-session-7b4c1fa8d53f-lifetime-10:***@rp.scrapegw.com:6060	ConnectionTimeoutError: Connection timeout to host https://discord.com/api/v9/unique-username/username-attempt-unauthed
2026-09-01 18:35:12	NETWORK	dozx	attempt=1	proxy=http://wiw4v7duaymysz9-session-ead3b11b5a93-lifetime-10:***@rp.scrapegw.com:6060	ConnectionTimeoutError: Connection timeout to host https://discord.com/api/v9/unique-username/username-attempt-unauthed
2026-09-01 18:35:12	NETWORK	dozu	attempt=1	proxy=http://wiw4v7duaymysz9-session-9ac002398b52-lifetime-10:***@rp.scrapegw.com:6060	ConnectionTimeoutError: Connection timeout to host https://discord.com/api/v9/unique-username/username-attempt-unauthed
2026-09-01 18:35:12	NETWORK	dpaz	attempt=1	proxy=http://wiw4v7duaymysz9-session-a29be8453ef3-lifetime-10:***@rp.scrapegw.com:6060	ConnectionTimeoutError: Connection timeout to host https://discord.com/api/v9/unique-username/username-attempt-unauthed
2026-09-01 18:35:12	NETWORK	dpcl	attempt=1	proxy=http://wiw4v7duaymysz9-session-e466c040b3d4-lifetime-10:***@rp.scrapegw.com:6060	ConnectionTimeoutError: Connection timeout to host https://discord.com/api/v9/unique-username/username-attempt-unauthed
2026-09-01 18:35:12	NETWORK	dpcc	attempt=1	proxy=http://wiw4v7duaymysz9-session-bfdfa0733ae9-lifetime-10:***@rp.scrapegw.com:6060	ConnectionTimeoutError: Connection timeout to host https://discord.com/api/v9/unique-username/username-attempt-unauthed
2026-09-01 18:35:12	NETWORK	dpdr	attempt=1	proxy=http://wiw4v7duaymysz9-session-c658694b6f29-lifetime-10:***@rp.scrapegw.com:6060	ConnectionTimeoutError: Connection timeout to host https://discord.com/api/v9/unique-username/username-attempt-unauthed
2026-09-01 18:35:12	NETWORK	dpcd	attempt=1	proxy=http://wiw4v7duaymysz9-session-811b185b7963-lifetime-10:***@rp.scrapegw.com:6060	ConnectionTimeoutError: Connection timeout to host https://discord.com/api/v9/unique-username/username-attempt-unauthed
2026-09-01 18:35:12	NETWORK	dosd	attempt=1	proxy=http://wiw4v7duaymysz9-session-5caf4468f761-lifetime-10:***@rp.scrapegw.com:6060	ConnectionTimeoutError: Connection timeout to host https://discord.com/api/v9/unique-username/username-attempt-unauthed
2026-09-01 18:35:13	HTTP_429	dthg	attempt=1	proxy=http://wiw4v7duaymysz9-session-34fc454f1eb4-lifetime-10:***@rp.scrapegw.com:6060	scope=shared global=False retry_after=2000.00s
2026-09-01 18:35:13	NETWORK	dpic	attempt=1	proxy=http://wiw4v7duaymysz9-session-da60f4585a7a-lifetime-10:***@rp.scrapegw.com:6060	ConnectionTimeoutError: Connection timeout to host https://discord.com/api/v9/unique-username/username-attempt-unauthed
2026-09-01 18:35:13	NETWORK	dpik	attempt=1	proxy=http://wiw4v7duaymysz9-session-11a470bbe57e-lifetime-10:***@rp.scrapegw.com:6060	ConnectionTimeoutError: Connection timeout to host https://discord.com/api/v9/unique-username/username-attempt-unauthed
2026-09-01 18:35:13	NETWORK	dplz	attempt=1	proxy=http://wiw4v7duaymysz9-session-6a1c79ff32f8-lifetime-10:***@rp.scrapegw.com:6060	ConnectionTimeoutError: Connection timeout to host https://discord.com/api/v9/unique-username/username-attempt-unauthed
2026-09-01 18:35:13	NETWORK	dpil	attempt=1	proxy=http://wiw4v7duaymysz9-session-7c653c31c3be-lifetime-10:***@rp.scrapegw.com:6060	ConnectionTimeoutError: Connection timeout to host https://discord.com/api/v9/unique-username/username-attempt-unauthed
2026-09-01 18:35:13	NETWORK	dphf	attempt=1	proxy=http://wiw4v7duaymysz9-session-d1601e06cba1-lifetime-10:***@rp.scrapegw.com:6060	ConnectionTimeoutError: Connection timeout to host https://discord.com/api/v9/unique-username/username-attempt-unauthed
2026-09-01 18:35:13	NETWORK	dpeh	attempt=1	proxy=http://wiw4v7duaymysz9-session-e132c24a4f14-lifetime-10:***@rp.scrapegw.com:6060	ConnectionTimeoutError: Connection timeout to host https://discord.com/api/v9/unique-username/username-attempt-unauthed
2026-09-01 18:35:14	NETWORK	dptp	attempt=1	proxy=http://wiw4v7duaymysz9-session-2f3c047b88b0-lifetime-10:***@rp.scrapegw.com:6060	ConnectionTimeoutError: Connection timeout to host https://discord.com/api/v9/unique-username/username-attempt-unauthed
2026-09-01 18:35:14	NETWORK	dpwh	attempt=1	proxy=http://wiw4v7duaymysz9-session-d751fd3d4893-lifetime-10:***@rp.scrapegw.com:6060	ConnectionTimeoutError: Connection timeout to host https://discord.com/api/v9/unique-username/username-attempt-unauthed
2026-09-01 18:35:14	NETWORK	dpuc	attempt=1	proxy=http://wiw4v7duaymysz9-session-806b02c829f4-lifetime-10:***@rp.scrapegw.com:6060	ConnectionTimeoutError: Connection timeout to host https://discord.com/api/v9/unique-username/username-attempt-unauthed
2026-09-01 18:35:14	NETWORK	dpul	attempt=1	proxy=http://wiw4v7duaymysz9-session-c0b5d2178ed0-lifetime-10:***@rp.scrapegw.com:6060	ConnectionTimeoutError: Connection timeout to host https://discord.com/api/v9/unique-username/username-attempt-unauthed
2026-09-01 18:35:14	NETWORK	dphz	attempt=1	proxy=http://wiw4v7duaymysz9-session-393d6e928d4f-lifetime-10:***@rp.scrapegw.com:6060	ConnectionTimeoutError: Connection timeout to host https://discord.com/api/v9/unique-username/username-attempt-unauthed
2026-09-01 18:35:14	NETWORK	dpmd	attempt=1	proxy=http://wiw4v7duaymysz9-session-1f28cbb3069a-lifetime-10:***@rp.scrapegw.com:6060	ConnectionTimeoutError: Connection timeout to host https://discord.com/api/v9/unique-username/username-attempt-unauthed
2026-09-01 18:35:14	NETWORK	dpny	attempt=1	proxy=http://wiw4v7duaymysz9-session-464aaeed94ca-lifetime-10:***@rp.scrapegw.com:6060	ConnectionTimeoutError: Connection timeout to host https://discord.com/api/v9/unique-username/username-attempt-unauthed
2026-09-01 18:35:14	NETWORK	dpwt	attempt=1	proxy=http://wiw4v7duaymysz9-session-50b90b88b809-lifetime-10:***@rp.scrapegw.com:6060	ConnectionTimeoutError: Connection timeout to host https://discord.com/api/v9/unique-username/username-attempt-unauthed
2026-09-01 18:35:14	NETWORK	dpqq	attempt=1	proxy=http://wiw4v7duaymysz9-session-3e0c2a8dfa2e-lifetime-10:***@rp.scrapegw.com:6060	ConnectionTimeoutError: Connection timeout to host https://discord.com/api/v9/unique-username/username-attempt-unauthed
2026-09-01 18:35:14	NETWORK	dpqf	attempt=1	proxy=http://wiw4v7duaymysz9-session-a3f9b5cff249-lifetime-10:***@rp.scrapegw.com:6060	ConnectionTimeoutError: Connection timeout to host https://discord.com/api/v9/unique-username/username-attempt-unauthed
2026-09-01 18:35:14	NETWORK	dpth	attempt=1	proxy=http://wiw4v7duaymysz9-session-5ba8fe140b71-lifetime-10:***@rp.scrapegw.com:6060	ConnectionTimeoutError: Connection timeout to host https://discord.com/api/v9/unique-username/username-attempt-unauthed
2026-09-01 18:35:15	HTTP_429	dtvi	attempt=1	proxy=http://wiw4v7duaymysz9-session-0b6bffad6ae0-lifetime-10:***@rp.scrapegw.com:6060	scope=shared global=False retry_after=439.00s
2026-09-01 18:35:15	NETWORK	dqqn	attempt=1	proxy=http://wiw4v7duaymysz9-session-928b25d65279-lifetime-10:***@rp.scrapegw.com:6060	ConnectionTimeoutError: Connection timeout to host https://discord.com/api/v9/unique-username/username-attempt-unauthed
2026-09-01 18:35:15	NETWORK	dqmf	attempt=1	proxy=http://wiw4v7duaymysz9-session-e66c8093c1a0-lifetime-10:***@rp.scrapegw.com:6060	ConnectionTimeoutError: Connection timeout to host https://discord.com/api/v9/unique-username/username-attempt-unauthed
2026-09-01 18:35:15	NETWORK	dqae	attempt=1	proxy=http://wiw4v7duaymysz9-session-26b16d49830b-lifetime-10:***@rp.scrapegw.com:6060	ConnectionTimeoutError: Connection timeout to host https://discord.com/api/v9/unique-username/username-attempt-unauthed
2026-09-01 18:35:15	NETWORK	dqmq	attempt=1	proxy=http://wiw4v7duaymysz9-session-910296ab6a87-lifetime-10:***@rp.scrapegw.com:6060	ConnectionTimeoutError: Connection timeout to host https://discord.com/api/v9/unique-username/username-attempt-unauthed
2026-09-01 18:35:15	NETWORK	dpuu	attempt=1	proxy=http://wiw4v7duaymysz9-session-fdbb0b0a7830-lifetime-10:***@rp.scrapegw.com:6060	ConnectionTimeoutError: Connection timeout to host https://discord.com/api/v9/unique-username/username-attempt-unauthed
2026-09-01 18:35:15	NETWORK	dpzu	attempt=1	proxy=http://wiw4v7duaymysz9-session-1c95670fca9f-lifetime-10:***@rp.scrapegw.com:6060	ConnectionTimeoutError: Connection timeout to host https://discord.com/api/v9/unique-username/username-attempt-unauthed
2026-09-01 18:35:15	NETWORK	dpyr	attempt=1	proxy=http://wiw4v7duaymysz9-session-0a52a4d681d1-lifetime-10:***@rp.scrapegw.com:6060	ConnectionTimeoutError: Connection timeout to host https://discord.com/api/v9/unique-username/username-attempt-unauthed
2026-09-01 18:35:15	NETWORK	dpvh	attempt=1	proxy=http://wiw4v7duaymysz9-session-0245260132f9-lifetime-10:***@rp.scrapegw.com:6060	ConnectionTimeoutError: Connection timeout to host https://discord.com/api/v9/unique-username/username-attempt-unauthed
2026-09-01 18:35:15	NETWORK	dqfc	attempt=1	proxy=http://wiw4v7duaymysz9-session-825258a0a4be-lifetime-10:***@rp.scrapegw.com:6060	ConnectionTimeoutError: Connection timeout to host https://discord.com/api/v9/unique-username/username-attempt-unauthed
2026-09-01 18:35:16	NETWORK	draa	attempt=1	proxy=http://wiw4v7duaymysz9-session-feff2b3362c9-lifetime-10:***@rp.scrapegw.com:6060	ConnectionTimeoutError: Connection timeout to host https://discord.com/api/v9/unique-username/username-attempt-unauthed
2026-09-01 18:35:16	NETWORK	dqte	attempt=1	proxy=http://wiw4v7duaymysz9-session-1d00df88e7a1-lifetime-10:***@rp.scrapegw.com:6060	ConnectionTimeoutError: Connection timeout to host https://discord.com/api/v9/unique-username/username-attempt-unauthed
2026-09-01 18:35:16	NETWORK	dqqe	attempt=1	proxy=http://wiw4v7duaymysz9-session-7ea5b167b99b-lifetime-10:***@rp.scrapegw.com:6060	ConnectionTimeoutError: Connection timeout to host https://discord.com/api/v9/unique-username/username-attempt-unauthed
2026-09-01 18:35:16	NETWORK	dqpy	attempt=1	proxy=http://wiw4v7duaymysz9-session-99571d6ae2de-lifetime-10:***@rp.scrapegw.com:6060	ConnectionTimeoutError: Connection timeout to host https://discord.com/api/v9/unique-username/username-attempt-unauthed
2026-09-01 18:35:16	NETWORK	dqqz	attempt=1	proxy=http://wiw4v7duaymysz9-session-e4e42869d88e-lifetime-10:***@rp.scrapegw.com:6060	ConnectionTimeoutError: Connection timeout to host https://discord.com/api/v9/unique-username/username-attempt-unauthed
2026-09-01 18:35:16	NETWORK	drdy	attempt=1	proxy=http://wiw4v7duaymysz9-session-ee14a39a34e0-lifetime-10:***@rp.scrapegw.com:6060	ConnectionTimeoutError: Connection timeout to host https://discord.com/api/v9/unique-username/username-attempt-unauthed
2026-09-01 18:35:16	NETWORK	dqqq	attempt=1	proxy=http://wiw4v7duaymysz9-session-0fd3a06389f5-lifetime-10:***@rp.scrapegw.com:6060	ConnectionTimeoutError: Connection timeout to host https://discord.com/api/v9/unique-username/username-attempt-unauthed
2026-09-01 18:35:16	NETWORK	dqxz	attempt=1	proxy=http://wiw4v7duaymysz9-session-aec468d1589d-lifetime-10:***@rp.scrapegw.com:6060	ConnectionTimeoutError: Connection timeout to host https://discord.com/api/v9/unique-username/username-attempt-unauthed
2026-09-01 18:35:16	NETWORK	drep	attempt=1	proxy=http://wiw4v7duaymysz9-session-432141b3a7c5-lifetime-10:***@rp.scrapegw.com:6060	ConnectionTimeoutError: Connection timeout to host https://discord.com/api/v9/unique-username/username-attempt-unauthed
2026-09-01 18:35:16	NETWORK	drca	attempt=1	proxy=http://wiw4v7duaymysz9-session-4653bb17cf2c-lifetime-10:***@rp.scrapegw.com:6060	ConnectionTimeoutError: Connection timeout to host https://discord.com/api/v9/unique-username/username-attempt-unauthed
2026-09-01 18:35:17	NETWORK	drgb	attempt=1	proxy=http://wiw4v7duaymysz9-session-811b185b7963-lifetime-10:***@rp.scrapegw.com:6060	ConnectionTimeoutError: Connection timeout to host https://discord.com/api/v9/unique-username/username-attempt-unauthed
2026-09-01 18:35:17	NETWORK	drfv	attempt=1	proxy=http://wiw4v7duaymysz9-session-bfdfa0733ae9-lifetime-10:***@rp.scrapegw.com:6060	ConnectionTimeoutError: Connection timeout to host https://discord.com/api/v9/unique-username/username-attempt-unauthed
2026-09-01 18:35:17	NETWORK	drfu	attempt=1	proxy=http://wiw4v7duaymysz9-session-ead3b11b5a93-lifetime-10:***@rp.scrapegw.com:6060	ConnectionTimeoutError: Connection timeout to host https://discord.com/api/v9/unique-username/username-attempt-unauthed
2026-09-01 18:35:17	NETWORK	drhs	attempt=1	proxy=http://wiw4v7duaymysz9-session-d1601e06cba1-lifetime-10:***@rp.scrapegw.com:6060	ConnectionTimeoutError: Connection timeout to host https://discord.com/api/v9/unique-username/username-attempt-unauthed
2026-09-01 18:35:17	NETWORK	dret	attempt=1	proxy=http://wiw4v7duaymysz9-session-9ac002398b52-lifetime-10:***@rp.scrapegw.com:6060	ConnectionTimeoutError: Connection timeout to host https://discord.com/api/v9/unique-username/username-attempt-unauthed
2026-09-01 18:35:18	NETWORK	drkn	attempt=1	proxy=http://wiw4v7duaymysz9-session-464aaeed94ca-lifetime-10:***@rp.scrapegw.com:6060	ConnectionTimeoutError: Connection timeout to host https://discord.com/api/v9/unique-username/username-attempt-unauthed
2026-09-01 18:35:18	NETWORK	drhx	attempt=1	proxy=http://wiw4v7duaymysz9-session-7c653c31c3be-lifetime-10:***@rp.scrapegw.com:6060	ConnectionTimeoutError: Connection timeout to host https://discord.com/api/v9/unique-username/username-attempt-unauthed
2026-09-01 18:35:18	NETWORK	drih	attempt=1	proxy=http://wiw4v7duaymysz9-session-43b364154f2c-lifetime-10:***@rp.scrapegw.com:6060	ConnectionTimeoutError: Connection timeout to host https://discord.com/api/v9/unique-username/username-attempt-unauthed
2026-09-01 18:35:18	NETWORK	drrb	attempt=1	proxy=http://wiw4v7duaymysz9-session-f71393eab711-lifetime-10:***@rp.scrapegw.com:6060	ConnectionTimeoutError: Connection timeout to host https://discord.com/api/v9/unique-username/username-attempt-unauthed
2026-09-01 18:35:18	NETWORK	dros	attempt=1	proxy=http://wiw4v7duaymysz9-session-7c7a33c72a32-lifetime-10:***@rp.scrapegw.com:6060	ConnectionTimeoutError: Connection timeout to host https://discord.com/api/v9/unique-username/username-attempt-unauthed
2026-09-01 18:35:18	NETWORK	drqe	attempt=1	proxy=http://wiw4v7duaymysz9-session-ca26023e2e56-lifetime-10:***@rp.scrapegw.com:6060	ConnectionTimeoutError: Connection timeout to host https://discord.com/api/v9/unique-username/username-attempt-unauthed
2026-09-01 18:35:18	NETWORK	driv	attempt=1	proxy=http://wiw4v7duaymysz9-session-34fc454f1eb4-lifetime-10:***@rp.scrapegw.com:6060	ConnectionTimeoutError: Connection timeout to host https://discord.com/api/v9/unique-username/username-attempt-unauthed
2026-09-01 18:35:18	NETWORK	drjh	attempt=1	proxy=http://wiw4v7duaymysz9-session-6a1c79ff32f8-lifetime-10:***@rp.scrapegw.com:6060	ConnectionTimeoutError: Connection timeout to host https://discord.com/api/v9/unique-username/username-attempt-unauthed
2026-09-01 18:35:19	NETWORK	dslc	attempt=1	proxy=http://wiw4v7duaymysz9-session-f6dd4c4a139c-lifetime-10:***@rp.scrapegw.com:6060	ConnectionTimeoutError: Connection timeout to host https://discord.com/api/v9/unique-username/username-attempt-unauthed
2026-09-01 18:35:19	NETWORK	dsdl	attempt=1	proxy=http://wiw4v7duaymysz9-session-190f776171b8-lifetime-10:***@rp.scrapegw.com:6060	ConnectionTimeoutError: Connection timeout to host https://discord.com/api/v9/unique-username/username-attempt-unauthed
2026-09-01 18:35:19	NETWORK	dsbi	attempt=1	proxy=http://wiw4v7duaymysz9-session-fdbb0b0a7830-lifetime-10:***@rp.scrapegw.com:6060	ConnectionTimeoutError: Connection timeout to host https://discord.com/api/v9/unique-username/username-attempt-unauthed
2026-09-01 18:35:19	NETWORK	dsmt	attempt=1	proxy=http://wiw4v7duaymysz9-session-0a52a4d681d1-lifetime-10:***@rp.scrapegw.com:6060	ConnectionTimeoutError: Connection timeout to host https://discord.com/api/v9/unique-username/username-attempt-unauthed
2026-09-01 18:35:19	NETWORK	dsfn	attempt=1	proxy=http://wiw4v7duaymysz9-session-50b90b88b809-lifetime-10:***@rp.scrapegw.com:6060	ConnectionTimeoutError: Connection timeout to host https://discord.com/api/v9/unique-username/username-attempt-unauthed
2026-09-01 18:35:19	NETWORK	dsbl	attempt=1	proxy=http://wiw4v7duaymysz9-session-0245260132f9-lifetime-10:***@rp.scrapegw.com:6060	ConnectionTimeoutError: Connection timeout to host https://discord.com/api/v9/unique-username/username-attempt-unauthed
2026-09-01 18:35:19	NETWORK	drrk	attempt=1	proxy=http://wiw4v7duaymysz9-session-6a9938a26128-lifetime-10:***@rp.scrapegw.com:6060	ConnectionTimeoutError: Connection timeout to host https://discord.com/api/v9/unique-username/username-attempt-unauthed
2026-09-01 18:35:19	NETWORK	drtl	attempt=1	proxy=http://wiw4v7duaymysz9-session-4dfb19f2f8bc-lifetime-10:***@rp.scrapegw.com:6060	ConnectionTimeoutError: Connection timeout to host https://discord.com/api/v9/unique-username/username-attempt-unauthed
2026-09-01 18:35:19	NETWORK	drtk	attempt=1	proxy=http://wiw4v7duaymysz9-session-4caced0d179f-lifetime-10:***@rp.scrapegw.com:6060	ConnectionTimeoutError: Connection timeout to host https://discord.com/api/v9/unique-username/username-attempt-unauthed
2026-09-01 18:35:19	NETWORK	dscv	attempt=1	proxy=http://wiw4v7duaymysz9-session-d751fd3d4893-lifetime-10:***@rp.scrapegw.com:6060	ConnectionTimeoutError: Connection timeout to host https://discord.com/api/v9/unique-username/username-attempt-unauthed
2026-09-01 18:35:20	NETWORK	dsof	attempt=1	proxy=http://wiw4v7duaymysz9-session-3c29bb656b25-lifetime-10:***@rp.scrapegw.com:6060	ConnectionTimeoutError: Connection timeout to host https://discord.com/api/v9/unique-username/username-attempt-unauthed
2026-09-01 18:35:20	NETWORK	dsyq	attempt=1	proxy=http://wiw4v7duaymysz9-session-e466c040b3d4-lifetime-10:***@rp.scrapegw.com:6060	ConnectionTimeoutError: Connection timeout to host https://discord.com/api/v9/unique-username/username-attempt-unauthed
2026-09-01 18:35:20	NETWORK	dswm	attempt=1	proxy=http://wiw4v7duaymysz9-session-a29be8453ef3-lifetime-10:***@rp.scrapegw.com:6060	ConnectionTimeoutError: Connection timeout to host https://discord.com/api/v9/unique-username/username-attempt-unauthed
2026-09-01 18:35:20	NETWORK	dsyo	attempt=1	proxy=http://wiw4v7duaymysz9-session-811b185b7963-lifetime-10:***@rp.scrapegw.com:6060	ConnectionTimeoutError: Connection timeout to host https://discord.com/api/v9/unique-username/username-attempt-unauthed
2026-09-01 18:35:20	NETWORK	dssr	attempt=1	proxy=http://wiw4v7duaymysz9-session-5caf4468f761-lifetime-10:***@rp.scrapegw.com:6060	ConnectionTimeoutError: Connection timeout to host https://discord.com/api/v9/unique-username/username-attempt-unauthed
2026-09-01 18:35:20	NETWORK	dsun	attempt=1	proxy=http://wiw4v7duaymysz9-session-9ac002398b52-lifetime-10:***@rp.scrapegw.com:6060	ConnectionTimeoutError: Connection timeout to host https://discord.com/api/v9/unique-username/username-attempt-unauthed
2026-09-01 18:35:20	NETWORK	dswd	attempt=1	proxy=http://wiw4v7duaymysz9-session-ead3b11b5a93-lifetime-10:***@rp.scrapegw.com:6060	ConnectionTimeoutError: Connection timeout to host https://discord.com/api/v9/unique-username/username-attempt-unauthed
2026-09-01 18:35:20	NETWORK	dqtz	attempt=1	proxy=http://wiw4v7duaymysz9-session-df97bb89afa1-lifetime-10:***@rp.scrapegw.com:6060	ConnectionTimeoutError: Connection timeout to host https://discord.com/api/v9/unique-username/username-attempt-unauthed
2026-09-01 18:35:20	NETWORK	dsyr	attempt=1	proxy=http://wiw4v7duaymysz9-session-c658694b6f29-lifetime-10:***@rp.scrapegw.com:6060	ConnectionTimeoutError: Connection timeout to host https://discord.com/api/v9/unique-username/username-attempt-unauthed
2026-09-01 18:35:20	NETWORK	dsqo	attempt=1	proxy=http://wiw4v7duaymysz9-session-333ac22a3783-lifetime-10:***@rp.scrapegw.com:6060	ConnectionTimeoutError: Connection timeout to host https://discord.com/api/v9/unique-username/username-attempt-unauthed
2026-09-01 18:35:21	HTTP_429	dvdq	attempt=1	proxy=http://wiw4v7duaymysz9-session-69e66ad82d69-lifetime-10:***@rp.scrapegw.com:6060	scope=shared global=False retry_after=331.00s
2026-09-01 18:35:21	NETWORK	dtem	attempt=1	proxy=http://wiw4v7duaymysz9-session-393d6e928d4f-lifetime-10:***@rp.scrapegw.com:6060	ConnectionTimeoutError: Connection timeout to host https://discord.com/api/v9/unique-username/username-attempt-unauthed
2026-09-01 18:35:21	NETWORK	dtfy	attempt=1	proxy=http://wiw4v7duaymysz9-session-7c653c31c3be-lifetime-10:***@rp.scrapegw.com:6060	ConnectionTimeoutError: Connection timeout to host https://discord.com/api/v9/unique-username/username-attempt-unauthed
2026-09-01 18:35:21	NETWORK	dtfn	attempt=1	proxy=http://wiw4v7duaymysz9-session-11a470bbe57e-lifetime-10:***@rp.scrapegw.com:6060	ConnectionTimeoutError: Connection timeout to host https://discord.com/api/v9/unique-username/username-attempt-unauthed
2026-09-01 18:35:21	NETWORK	dszd	attempt=1	proxy=http://wiw4v7duaymysz9-session-7b4c1fa8d53f-lifetime-10:***@rp.scrapegw.com:6060	ConnectionTimeoutError: Connection timeout to host https://discord.com/api/v9/unique-username/username-attempt-unauthed
2026-09-01 18:35:21	NETWORK	dthe	attempt=1	proxy=http://wiw4v7duaymysz9-session-43b364154f2c-lifetime-10:***@rp.scrapegw.com:6060	ConnectionTimeoutError: Connection timeout to host https://discord.com/api/v9/unique-username/username-attempt-unauthed
2026-09-01 18:35:21	NETWORK	dtdj	attempt=1	proxy=http://wiw4v7duaymysz9-session-d1601e06cba1-lifetime-10:***@rp.scrapegw.com:6060	ConnectionTimeoutError: Connection timeout to host https://discord.com/api/v9/unique-username/username-attempt-unauthed
2026-09-01 18:35:21	NETWORK	dtbh	attempt=1	proxy=http://wiw4v7duaymysz9-session-e132c24a4f14-lifetime-10:***@rp.scrapegw.com:6060	ConnectionTimeoutError: Connection timeout to host https://discord.com/api/v9/unique-username/username-attempt-unauthed
2026-09-01 18:35:21	NETWORK	dtie	attempt=1	proxy=http://wiw4v7duaymysz9-session-6a1c79ff32f8-lifetime-10:***@rp.scrapegw.com:6060	ConnectionTimeoutError: Connection timeout to host https://discord.com/api/v9/unique-username/username-attempt-unauthed
2026-09-01 18:35:21	NETWORK	dtfm	attempt=1	proxy=http://wiw4v7duaymysz9-session-da60f4585a7a-lifetime-10:***@rp.scrapegw.com:6060	ConnectionTimeoutError: Connection timeout to host https://discord.com/api/v9/unique-username/username-attempt-unauthed
2026-09-01 18:35:22	NETWORK	dtkt	attempt=1	proxy=http://wiw4v7duaymysz9-session-e19d4cf0773a-lifetime-10:***@rp.scrapegw.com:6060	ConnectionTimeoutError: Connection timeout to host https://discord.com/api/v9/unique-username/username-attempt-unauthed
2026-09-01 18:35:22	NETWORK	dtih	attempt=1	proxy=http://wiw4v7duaymysz9-session-ba6dc7e5dff1-lifetime-10:***@rp.scrapegw.com:6060	ConnectionTimeoutError: Connection timeout to host https://discord.com/api/v9/unique-username/username-attempt-unauthed
2026-09-01 18:35:22	NETWORK	dtit	attempt=1	proxy=http://wiw4v7duaymysz9-session-495db899b010-lifetime-10:***@rp.scrapegw.com:6060	ConnectionTimeoutError: Connection timeout to host https://discord.com/api/v9/unique-username/username-attempt-unauthed
2026-09-01 18:35:22	NETWORK	dtko	attempt=1	proxy=http://wiw4v7duaymysz9-session-464aaeed94ca-lifetime-10:***@rp.scrapegw.com:6060	ConnectionTimeoutError: Connection timeout to host https://discord.com/api/v9/unique-username/username-attempt-unauthed
2026-09-01 18:35:22	NETWORK	dtlv	attempt=1	proxy=http://wiw4v7duaymysz9-session-7c7a33c72a32-lifetime-10:***@rp.scrapegw.com:6060	ConnectionTimeoutError: Connection timeout to host https://discord.com/api/v9/unique-username/username-attempt-unauthed
2026-09-01 18:35:22	NETWORK	dtmw	attempt=1	proxy=http://wiw4v7duaymysz9-session-f71393eab711-lifetime-10:***@rp.scrapegw.com:6060	ConnectionTimeoutError: Connection timeout to host https://discord.com/api/v9/unique-username/username-attempt-unauthed
2026-09-01 18:35:23	NETWORK	dtov	attempt=1	proxy=http://wiw4v7duaymysz9-session-4caced0d179f-lifetime-10:***@rp.scrapegw.com:6060	ConnectionTimeoutError: Connection timeout to host https://discord.com/api/v9/unique-username/username-attempt-unauthed
2026-09-01 18:35:23	NETWORK	dtmb	attempt=1	proxy=http://wiw4v7duaymysz9-session-ca26023e2e56-lifetime-10:***@rp.scrapegw.com:6060	ConnectionTimeoutError: Connection timeout to host https://discord.com/api/v9/unique-username/username-attempt-unauthed
2026-09-01 18:35:23	NETWORK	dtph	attempt=1	proxy=http://wiw4v7duaymysz9-session-4dfb19f2f8bc-lifetime-10:***@rp.scrapegw.com:6060	ConnectionTimeoutError: Connection timeout to host https://discord.com/api/v9/unique-username/username-attempt-unauthed
2026-09-01 18:35:23	NETWORK	dtve	attempt=1	proxy=http://wiw4v7duaymysz9-session-0a52a4d681d1-lifetime-10:***@rp.scrapegw.com:6060	ConnectionTimeoutError: Connection timeout to host https://discord.com/api/v9/unique-username/username-attempt-unauthed
2026-09-01 18:35:23	NETWORK	dtte	attempt=1	proxy=http://wiw4v7duaymysz9-session-fdbb0b0a7830-lifetime-10:***@rp.scrapegw.com:6060	ConnectionTimeoutError: Connection timeout to host https://discord.com/api/v9/unique-username/username-attempt-unauthed
2026-09-01 18:35:23	NETWORK	dttm	attempt=1	proxy=http://wiw4v7duaymysz9-session-190f776171b8-lifetime-10:***@rp.scrapegw.com:6060	ConnectionTimeoutError: Connection timeout to host https://discord.com/api/v9/unique-username/username-attempt-unauthed
2026-09-01 18:35:23	NETWORK	dtrm	attempt=1	proxy=http://wiw4v7duaymysz9-session-1aab9c0d317f-lifetime-10:***@rp.scrapegw.com:6060	ConnectionTimeoutError: Connection timeout to host https://discord.com/api/v9/unique-username/username-attempt-unauthed
2026-09-01 18:35:23	NETWORK	dtuu	attempt=1	proxy=http://wiw4v7duaymysz9-session-f6dd4c4a139c-lifetime-10:***@rp.scrapegw.com:6060	ConnectionTimeoutError: Connection timeout to host https://discord.com/api/v9/unique-username/username-attempt-unauthed
2026-09-01 18:35:24	NETWORK	ducc	attempt=1	proxy=http://wiw4v7duaymysz9-session-e4e42869d88e-lifetime-10:***@rp.scrapegw.com:6060	ConnectionTimeoutError: Connection timeout to host https://discord.com/api/v9/unique-username/username-attempt-unauthed
2026-09-01 18:35:24	NETWORK	duav	attempt=1	proxy=http://wiw4v7duaymysz9-session-0fd3a06389f5-lifetime-10:***@rp.scrapegw.com:6060	ConnectionTimeoutError: Connection timeout to host https://discord.com/api/v9/unique-username/username-attempt-unauthed
2026-09-01 18:35:24	NETWORK	dtwp	attempt=1	proxy=http://wiw4v7duaymysz9-session-3c29bb656b25-lifetime-10:***@rp.scrapegw.com:6060	ConnectionTimeoutError: Connection timeout to host https://discord.com/api/v9/unique-username/username-attempt-unauthed
2026-09-01 18:35:24	NETWORK	dtxd	attempt=1	proxy=http://wiw4v7duaymysz9-session-2b875396c339-lifetime-10:***@rp.scrapegw.com:6060	ConnectionTimeoutError: Connection timeout to host https://discord.com/api/v9/unique-username/username-attempt-unauthed
2026-09-01 18:35:24	NETWORK	dtvy	attempt=1	proxy=http://wiw4v7duaymysz9-session-1c95670fca9f-lifetime-10:***@rp.scrapegw.com:6060	ConnectionTimeoutError: Connection timeout to host https://discord.com/api/v9/unique-username/username-attempt-unauthed
2026-09-01 18:35:24	NETWORK	dtzo	attempt=1	proxy=http://wiw4v7duaymysz9-session-7ea5b167b99b-lifetime-10:***@rp.scrapegw.com:6060	ConnectionTimeoutError: Connection timeout to host https://discord.com/api/v9/unique-username/username-attempt-unauthed
2026-09-01 18:35:24	NETWORK	dtwx	attempt=1	proxy=http://wiw4v7duaymysz9-session-d16a1b86c910-lifetime-10:***@rp.scrapegw.com:6060	ConnectionTimeoutError: Connection timeout to host https://discord.com/api/v9/unique-username/username-attempt-unauthed
2026-09-01 18:35:24	NETWORK	dtxb	attempt=1	proxy=http://wiw4v7duaymysz9-session-ee8e028bfaff-lifetime-10:***@rp.scrapegw.com:6060	ConnectionTimeoutError: Connection timeout to host https://discord.com/api/v9/unique-username/username-attempt-unauthed
2026-09-01 18:35:24	NETWORK	dtob	attempt=1	proxy=http://wiw4v7duaymysz9-session-6a9938a26128-lifetime-10:***@rp.scrapegw.com:6060	ConnectionTimeoutError: Connection timeout to host https://discord.com/api/v9/unique-username/username-attempt-unauthed
2026-09-01 18:35:24	NETWORK	dtxc	attempt=1	proxy=http://wiw4v7duaymysz9-session-6d5ec1bfb7b9-lifetime-10:***@rp.scrapegw.com:6060	ConnectionTimeoutError: Connection timeout to host https://discord.com/api/v9/unique-username/username-attempt-unauthed
2026-09-01 18:35:24	NETWORK	dtyk	attempt=1	proxy=http://wiw4v7duaymysz9-session-99571d6ae2de-lifetime-10:***@rp.scrapegw.com:6060	ConnectionTimeoutError: Connection timeout to host https://discord.com/api/v9/unique-username/username-attempt-unauthed
2026-09-01 18:35:24	NETWORK	dtwn	attempt=1	proxy=http://wiw4v7duaymysz9-session-26b16d49830b-lifetime-10:***@rp.scrapegw.com:6060	ConnectionTimeoutError: Connection timeout to host https://discord.com/api/v9/unique-username/username-attempt-unauthed
2026-09-01 18:35:25	NETWORK	duie	attempt=1	proxy=http://wiw4v7duaymysz9-session-486c654aff40-lifetime-10:***@rp.scrapegw.com:6060	ConnectionTimeoutError: Connection timeout to host https://discord.com/api/v9/unique-username/username-attempt-unauthed
2026-09-01 18:35:25	NETWORK	dufi	attempt=1	proxy=http://wiw4v7duaymysz9-session-333ac22a3783-lifetime-10:***@rp.scrapegw.com:6060	ConnectionTimeoutError: Connection timeout to host https://discord.com/api/v9/unique-username/username-attempt-unauthed
2026-09-01 18:35:25	NETWORK	dulg	attempt=1	proxy=http://wiw4v7duaymysz9-session-9ac002398b52-lifetime-10:***@rp.scrapegw.com:6060	ConnectionTimeoutError: Connection timeout to host https://discord.com/api/v9/unique-username/username-attempt-unauthed
2026-09-01 18:35:25	NETWORK	dugr	attempt=1	proxy=http://wiw4v7duaymysz9-session-5caf4468f761-lifetime-10:***@rp.scrapegw.com:6060	ConnectionTimeoutError: Connection timeout to host https://discord.com/api/v9/unique-username/username-attempt-unauthed
2026-09-01 18:35:25	NETWORK	dugf	attempt=1	proxy=http://wiw4v7duaymysz9-session-37908978ee4d-lifetime-10:***@rp.scrapegw.com:6060	ConnectionTimeoutError: Connection timeout to host https://discord.com/api/v9/unique-username/username-attempt-unauthed
2026-09-01 18:35:25	NETWORK	duof	attempt=1	proxy=http://wiw4v7duaymysz9-session-bfdfa0733ae9-lifetime-10:***@rp.scrapegw.com:6060	ConnectionTimeoutError: Connection timeout to host https://discord.com/api/v9/unique-username/username-attempt-unauthed
2026-09-01 18:35:25	NETWORK	dunu	attempt=1	proxy=http://wiw4v7duaymysz9-session-a29be8453ef3-lifetime-10:***@rp.scrapegw.com:6060	ConnectionTimeoutError: Connection timeout to host https://discord.com/api/v9/unique-username/username-attempt-unauthed
2026-09-01 18:35:25	NETWORK	dudd	attempt=1	proxy=http://wiw4v7duaymysz9-session-df97bb89afa1-lifetime-10:***@rp.scrapegw.com:6060	ConnectionTimeoutError: Connection timeout to host https://discord.com/api/v9/unique-username/username-attempt-unauthed
2026-09-01 18:35:25	NETWORK	dumu	attempt=1	proxy=http://wiw4v7duaymysz9-session-ead3b11b5a93-lifetime-10:***@rp.scrapegw.com:6060	ConnectionTimeoutError: Connection timeout to host https://discord.com/api/v9/unique-username/username-attempt-unauthed
2026-09-01 18:35:25	NETWORK	dufp	attempt=1	proxy=http://wiw4v7duaymysz9-session-4d5030b303fb-lifetime-10:***@rp.scrapegw.com:6060	ConnectionTimeoutError: Connection timeout to host https://discord.com/api/v9/unique-username/username-attempt-unauthed
2026-09-01 18:35:26	NETWORK	duoj	attempt=1	proxy=http://wiw4v7duaymysz9-session-e466c040b3d4-lifetime-10:***@rp.scrapegw.com:6060	ConnectionTimeoutError: Connection timeout to host https://discord.com/api/v9/unique-username/username-attempt-unauthed
2026-09-01 18:35:26	NETWORK	duqf	attempt=1	proxy=http://wiw4v7duaymysz9-session-e132c24a4f14-lifetime-10:***@rp.scrapegw.com:6060	ConnectionTimeoutError: Connection timeout to host https://discord.com/api/v9/unique-username/username-attempt-unauthed
2026-09-01 18:35:26	NETWORK	dupm	attempt=1	proxy=http://wiw4v7duaymysz9-session-7b4c1fa8d53f-lifetime-10:***@rp.scrapegw.com:6060	ConnectionTimeoutError: Connection timeout to host https://discord.com/api/v9/unique-username/username-attempt-unauthed
2026-09-01 18:35:26	NETWORK	dutd	attempt=1	proxy=http://wiw4v7duaymysz9-session-393d6e928d4f-lifetime-10:***@rp.scrapegw.com:6060	ConnectionTimeoutError: Connection timeout to host https://discord.com/api/v9/unique-username/username-attempt-unauthed
2026-09-01 18:35:26	NETWORK	dupa	attempt=1	proxy=http://wiw4v7duaymysz9-session-c658694b6f29-lifetime-10:***@rp.scrapegw.com:6060	ConnectionTimeoutError: Connection timeout to host https://discord.com/api/v9/unique-username/username-attempt-unauthed
2026-09-01 18:35:27	NETWORK	dvas	attempt=1	proxy=http://wiw4v7duaymysz9-session-e19d4cf0773a-lifetime-10:***@rp.scrapegw.com:6060	ConnectionTimeoutError: Connection timeout to host https://discord.com/api/v9/unique-username/username-attempt-unauthed
2026-09-01 18:35:27	NETWORK	duxr	attempt=1	proxy=http://wiw4v7duaymysz9-session-ba6dc7e5dff1-lifetime-10:***@rp.scrapegw.com:6060	ConnectionTimeoutError: Connection timeout to host https://discord.com/api/v9/unique-username/username-attempt-unauthed
2026-09-01 18:35:27	NETWORK	duwz	attempt=1	proxy=http://wiw4v7duaymysz9-session-11a470bbe57e-lifetime-10:***@rp.scrapegw.com:6060	ConnectionTimeoutError: Connection timeout to host https://discord.com/api/v9/unique-username/username-attempt-unauthed
2026-09-01 18:35:27	NETWORK	duvb	attempt=1	proxy=http://wiw4v7duaymysz9-session-da60f4585a7a-lifetime-10:***@rp.scrapegw.com:6060	ConnectionTimeoutError: Connection timeout to host https://discord.com/api/v9/unique-username/username-attempt-unauthed
2026-09-01 18:35:27	NETWORK	dvcq	attempt=1	proxy=http://wiw4v7duaymysz9-session-4caced0d179f-lifetime-10:***@rp.scrapegw.com:6060	ConnectionTimeoutError: Connection timeout to host https://discord.com/api/v9/unique-username/username-attempt-unauthed
2026-09-01 18:35:27	NETWORK	dvcg	attempt=1	proxy=http://wiw4v7duaymysz9-session-6a9938a26128-lifetime-10:***@rp.scrapegw.com:6060	ConnectionTimeoutError: Connection timeout to host https://discord.com/api/v9/unique-username/username-attempt-unauthed
2026-09-01 18:35:27	NETWORK	duym	attempt=1	proxy=http://wiw4v7duaymysz9-session-495db899b010-lifetime-10:***@rp.scrapegw.com:6060	ConnectionTimeoutError: Connection timeout to host https://discord.com/api/v9/unique-username/username-attempt-unauthed
2026-09-01 18:35:28	NETWORK	dver	attempt=1	proxy=http://wiw4v7duaymysz9-session-3e0c2a8dfa2e-lifetime-10:***@rp.scrapegw.com:6060	ConnectionTimeoutError: Connection timeout to host https://discord.com/api/v9/unique-username/username-attempt-unauthed
2026-09-01 18:35:28	NETWORK	dvcv	attempt=1	proxy=http://wiw4v7duaymysz9-session-1aab9c0d317f-lifetime-10:***@rp.scrapegw.com:6060	ConnectionTimeoutError: Connection timeout to host https://discord.com/api/v9/unique-username/username-attempt-unauthed
2026-09-01 18:35:28	NETWORK	dvig	attempt=1	proxy=http://wiw4v7duaymysz9-session-5ba8fe140b71-lifetime-10:***@rp.scrapegw.com:6060	ConnectionTimeoutError: Connection timeout to host https://discord.com/api/v9/unique-username/username-attempt-unauthed
2026-09-01 18:35:28	NETWORK	dvin	attempt=1	proxy=http://wiw4v7duaymysz9-session-806b02c829f4-lifetime-10:***@rp.scrapegw.com:6060	ConnectionTimeoutError: Connection timeout to host https://discord.com/api/v9/unique-username/username-attempt-unauthed
2026-09-01 18:35:28	NETWORK	dvip	attempt=1	proxy=http://wiw4v7duaymysz9-session-c0b5d2178ed0-lifetime-10:***@rp.scrapegw.com:6060	ConnectionTimeoutError: Connection timeout to host https://discord.com/api/v9/unique-username/username-attempt-unauthed
2026-09-01 18:35:28	NETWORK	dvdm	attempt=1	proxy=http://wiw4v7duaymysz9-session-a3f9b5cff249-lifetime-10:***@rp.scrapegw.com:6060	ConnectionTimeoutError: Connection timeout to host https://discord.com/api/v9/unique-username/username-attempt-unauthed
2026-09-01 18:35:29	HTTP_429	dysy	attempt=1	proxy=http://wiw4v7duaymysz9-session-1939c7a73140-lifetime-10:***@rp.scrapegw.com:6060	scope=shared global=False retry_after=2073.00s
2026-09-01 18:35:29	NETWORK	dvrk	attempt=1	proxy=http://wiw4v7duaymysz9-session-825258a0a4be-lifetime-10:***@rp.scrapegw.com:6060	ConnectionTimeoutError: Connection timeout to host https://discord.com/api/v9/unique-username/username-attempt-unauthed
2026-09-01 18:35:29	NETWORK	dvmz	attempt=1	proxy=http://wiw4v7duaymysz9-session-26b16d49830b-lifetime-10:***@rp.scrapegw.com:6060	ConnectionTimeoutError: Connection timeout to host https://discord.com/api/v9/unique-username/username-attempt-unauthed
2026-09-01 18:35:29	NETWORK	dvpu	attempt=1	proxy=http://wiw4v7duaymysz9-session-6d5ec1bfb7b9-lifetime-10:***@rp.scrapegw.com:6060	ConnectionTimeoutError: Connection timeout to host https://discord.com/api/v9/unique-username/username-attempt-unauthed
2026-09-01 18:35:29	NETWORK	dvil	attempt=1	proxy=http://wiw4v7duaymysz9-session-2f3c047b88b0-lifetime-10:***@rp.scrapegw.com:6060	ConnectionTimeoutError: Connection timeout to host https://discord.com/api/v9/unique-username/username-attempt-unauthed
2026-09-01 18:35:29	NETWORK	dvns	attempt=1	proxy=http://wiw4v7duaymysz9-session-d16a1b86c910-lifetime-10:***@rp.scrapegw.com:6060	ConnectionTimeoutError: Connection timeout to host https://discord.com/api/v9/unique-username/username-attempt-unauthed
2026-09-01 18:35:29	NETWORK	dvqe	attempt=1	proxy=http://wiw4v7duaymysz9-session-2b875396c339-lifetime-10:***@rp.scrapegw.com:6060	ConnectionTimeoutError: Connection timeout to host https://discord.com/api/v9/unique-username/username-attempt-unauthed
2026-09-01 18:35:29	NETWORK	dvrx	attempt=1	proxy=http://wiw4v7duaymysz9-session-e66c8093c1a0-lifetime-10:***@rp.scrapegw.com:6060	ConnectionTimeoutError: Connection timeout to host https://discord.com/api/v9/unique-username/username-attempt-unauthed
2026-09-01 18:35:29	NETWORK	dvou	attempt=1	proxy=http://wiw4v7duaymysz9-session-ee8e028bfaff-lifetime-10:***@rp.scrapegw.com:6060	ConnectionTimeoutError: Connection timeout to host https://discord.com/api/v9/unique-username/username-attempt-unauthed
2026-09-01 18:35:29	NETWORK	dvsu	attempt=1	proxy=http://wiw4v7duaymysz9-session-99571d6ae2de-lifetime-10:***@rp.scrapegw.com:6060	ConnectionTimeoutError: Connection timeout to host https://discord.com/api/v9/unique-username/username-attempt-unauthed
2026-09-01 18:35:29	NETWORK	dvkl	attempt=1	proxy=http://wiw4v7duaymysz9-session-1c95670fca9f-lifetime-10:***@rp.scrapegw.com:6060	ConnectionTimeoutError: Connection timeout to host https://discord.com/api/v9/unique-username/username-attempt-unauthed
2026-09-01 18:35:30	HTTP_429	dyws	attempt=1	proxy=http://wiw4v7duaymysz9-session-46e56773d3da-lifetime-10:***@rp.scrapegw.com:6060	scope=shared global=False retry_after=2067.00s
2026-09-01 18:35:30	NETWORK	dwae	attempt=1	proxy=http://wiw4v7duaymysz9-session-1d00df88e7a1-lifetime-10:***@rp.scrapegw.com:6060	ConnectionTimeoutError: Connection timeout to host https://discord.com/api/v9/unique-username/username-attempt-unauthed
2026-09-01 18:35:30	NETWORK	dwca	attempt=1	proxy=http://wiw4v7duaymysz9-session-feff2b3362c9-lifetime-10:***@rp.scrapegw.com:6060	ConnectionTimeoutError: Connection timeout to host https://discord.com/api/v9/unique-username/username-attempt-unauthed
2026-09-01 18:35:30	NETWORK	dvzj	attempt=1	proxy=http://wiw4v7duaymysz9-session-e4e42869d88e-lifetime-10:***@rp.scrapegw.com:6060	ConnectionTimeoutError: Connection timeout to host https://discord.com/api/v9/unique-username/username-attempt-unauthed
2026-09-01 18:35:30	NETWORK	dvum	attempt=1	proxy=http://wiw4v7duaymysz9-session-7ea5b167b99b-lifetime-10:***@rp.scrapegw.com:6060	ConnectionTimeoutError: Connection timeout to host https://discord.com/api/v9/unique-username/username-attempt-unauthed
2026-09-01 18:35:30	NETWORK	dwdr	attempt=1	proxy=http://wiw4v7duaymysz9-session-4653bb17cf2c-lifetime-10:***@rp.scrapegw.com:6060	ConnectionTimeoutError: Connection timeout to host https://discord.com/api/v9/unique-username/username-attempt-unauthed
2026-09-01 18:35:30	NETWORK	dwfs	attempt=1	proxy=http://wiw4v7duaymysz9-session-486c654aff40-lifetime-10:***@rp.scrapegw.com:6060	ConnectionTimeoutError: Connection timeout to host https://discord.com/api/v9/unique-username/username-attempt-unauthed
2026-09-01 18:35:30	NETWORK	dvyi	attempt=1	proxy=http://wiw4v7duaymysz9-session-0fd3a06389f5-lifetime-10:***@rp.scrapegw.com:6060	ConnectionTimeoutError: Connection timeout to host https://discord.com/api/v9/unique-username/username-attempt-unauthed
2026-09-01 18:35:30	NETWORK	dwcg	attempt=1	proxy=http://wiw4v7duaymysz9-session-4d5030b303fb-lifetime-10:***@rp.scrapegw.com:6060	ConnectionTimeoutError: Connection timeout to host https://discord.com/api/v9/unique-username/username-attempt-unauthed
2026-09-01 18:35:30	NETWORK	dwbz	attempt=1	proxy=http://wiw4v7duaymysz9-session-aec468d1589d-lifetime-10:***@rp.scrapegw.com:6060	ConnectionTimeoutError: Connection timeout to host https://discord.com/api/v9/unique-username/username-attempt-unauthed
2026-09-01 18:35:30	NETWORK	dvrz	attempt=1	proxy=http://wiw4v7duaymysz9-session-910296ab6a87-lifetime-10:***@rp.scrapegw.com:6060	ConnectionTimeoutError: Connection timeout to host https://discord.com/api/v9/unique-username/username-attempt-unauthed
2026-09-01 18:35:30	NETWORK	dwcz	attempt=1	proxy=http://wiw4v7duaymysz9-session-37908978ee4d-lifetime-10:***@rp.scrapegw.com:6060	ConnectionTimeoutError: Connection timeout to host https://discord.com/api/v9/unique-username/username-attempt-unauthed
2026-09-01 18:35:30	NETWORK	dvwn	attempt=1	proxy=http://wiw4v7duaymysz9-session-928b25d65279-lifetime-10:***@rp.scrapegw.com:6060	ConnectionTimeoutError: Connection timeout to host https://discord.com/api/v9/unique-username/username-attempt-unauthed
2026-09-01 18:35:30	NETWORK	dwey	attempt=1	proxy=http://wiw4v7duaymysz9-session-ee14a39a34e0-lifetime-10:***@rp.scrapegw.com:6060	ConnectionTimeoutError: Connection timeout to host https://discord.com/api/v9/unique-username/username-attempt-unauthed
2026-09-01 18:35:31	NETWORK	dwhg	attempt=1	proxy=http://wiw4v7duaymysz9-session-ca26023e2e56-lifetime-10:***@rp.scrapegw.com:6060	ConnectionTimeoutError: Connection timeout to host https://discord.com/api/v9/unique-username/username-attempt-unauthed
2026-09-01 18:35:31	NETWORK	dwif	attempt=1	proxy=http://wiw4v7duaymysz9-session-6a9938a26128-lifetime-10:***@rp.scrapegw.com:6060	ConnectionTimeoutError: Connection timeout to host https://discord.com/api/v9/unique-username/username-attempt-unauthed
2026-09-01 18:35:31	NETWORK	dwgl	attempt=1	proxy=http://wiw4v7duaymysz9-session-2ae6d3ad41bf-lifetime-10:***@rp.scrapegw.com:6060	ConnectionTimeoutError: Connection timeout to host https://discord.com/api/v9/unique-username/username-attempt-unauthed
2026-09-01 18:35:31	NETWORK	dwfu	attempt=1	proxy=http://wiw4v7duaymysz9-session-432141b3a7c5-lifetime-10:***@rp.scrapegw.com:6060	ConnectionTimeoutError: Connection timeout to host https://discord.com/api/v9/unique-username/username-attempt-unauthed
2026-09-01 18:35:31	NETWORK	dwld	attempt=1	proxy=http://wiw4v7duaymysz9-session-4dfb19f2f8bc-lifetime-10:***@rp.scrapegw.com:6060	ConnectionTimeoutError: Connection timeout to host https://discord.com/api/v9/unique-username/username-attempt-unauthed
2026-09-01 18:35:32	NETWORK	dwra	attempt=1	proxy=http://wiw4v7duaymysz9-session-2f3c047b88b0-lifetime-10:***@rp.scrapegw.com:6060	ConnectionTimeoutError: Connection timeout to host https://discord.com/api/v9/unique-username/username-attempt-unauthed
2026-09-01 18:35:32	NETWORK	dwjh	attempt=1	proxy=http://wiw4v7duaymysz9-session-4caced0d179f-lifetime-10:***@rp.scrapegw.com:6060	ConnectionTimeoutError: Connection timeout to host https://discord.com/api/v9/unique-username/username-attempt-unauthed
2026-09-01 18:35:32	NETWORK	dwom	attempt=1	proxy=http://wiw4v7duaymysz9-session-3e0c2a8dfa2e-lifetime-10:***@rp.scrapegw.com:6060	ConnectionTimeoutError: Connection timeout to host https://discord.com/api/v9/unique-username/username-attempt-unauthed
2026-09-01 18:35:32	NETWORK	dwsc	attempt=1	proxy=http://wiw4v7duaymysz9-session-c0b5d2178ed0-lifetime-10:***@rp.scrapegw.com:6060	ConnectionTimeoutError: Connection timeout to host https://discord.com/api/v9/unique-username/username-attempt-unauthed
2026-09-01 18:35:32	NETWORK	dwqt	attempt=1	proxy=http://wiw4v7duaymysz9-session-5ba8fe140b71-lifetime-10:***@rp.scrapegw.com:6060	ConnectionTimeoutError: Connection timeout to host https://discord.com/api/v9/unique-username/username-attempt-unauthed
2026-09-01 18:35:32	NETWORK	dwni	attempt=1	proxy=http://wiw4v7duaymysz9-session-a3f9b5cff249-lifetime-10:***@rp.scrapegw.com:6060	ConnectionTimeoutError: Connection timeout to host https://discord.com/api/v9/unique-username/username-attempt-unauthed
2026-09-01 18:35:33	HTTP_429	dzpr	attempt=1	proxy=http://wiw4v7duaymysz9-session-b5d6ff42daf4-lifetime-10:***@rp.scrapegw.com:6060	scope=shared global=False retry_after=2070.00s
2026-09-01 18:35:33	NETWORK	dxhq	attempt=1	proxy=http://wiw4v7duaymysz9-session-4d5030b303fb-lifetime-10:***@rp.scrapegw.com:6060	ConnectionTimeoutError: Connection timeout to host https://discord.com/api/v9/unique-username/username-attempt-unauthed
2026-09-01 18:35:33	NETWORK	dxlj	attempt=1	proxy=http://wiw4v7duaymysz9-session-37908978ee4d-lifetime-10:***@rp.scrapegw.com:6060	ConnectionTimeoutError: Connection timeout to host https://discord.com/api/v9/unique-username/username-attempt-unauthed
2026-09-01 18:35:33	NETWORK	dwwl	attempt=1	proxy=http://wiw4v7duaymysz9-session-825258a0a4be-lifetime-10:***@rp.scrapegw.com:6060	ConnectionTimeoutError: Connection timeout to host https://discord.com/api/v9/unique-username/username-attempt-unauthed
2026-09-01 18:35:33	NETWORK	dxcp	attempt=1	proxy=http://wiw4v7duaymysz9-session-928b25d65279-lifetime-10:***@rp.scrapegw.com:6060	ConnectionTimeoutError: Connection timeout to host https://discord.com/api/v9/unique-username/username-attempt-unauthed
2026-09-01 18:35:33	NETWORK	dwte	attempt=1	proxy=http://wiw4v7duaymysz9-session-d751fd3d4893-lifetime-10:***@rp.scrapegw.com:6060	ConnectionTimeoutError: Connection timeout to host https://discord.com/api/v9/unique-username/username-attempt-unauthed
2026-09-01 18:35:33	NETWORK	dxgt	attempt=1	proxy=http://wiw4v7duaymysz9-session-333ac22a3783-lifetime-10:***@rp.scrapegw.com:6060	ConnectionTimeoutError: Connection timeout to host https://discord.com/api/v9/unique-username/username-attempt-unauthed
2026-09-01 18:35:33	NETWORK	dxcj	attempt=1	proxy=http://wiw4v7duaymysz9-session-910296ab6a87-lifetime-10:***@rp.scrapegw.com:6060	ConnectionTimeoutError: Connection timeout to host https://discord.com/api/v9/unique-username/username-attempt-unauthed
2026-09-01 18:35:33	NETWORK	dxci	attempt=1	proxy=http://wiw4v7duaymysz9-session-e66c8093c1a0-lifetime-10:***@rp.scrapegw.com:6060	ConnectionTimeoutError: Connection timeout to host https://discord.com/api/v9/unique-username/username-attempt-unauthed
2026-09-01 18:35:33	NETWORK	dxha	attempt=1	proxy=http://wiw4v7duaymysz9-session-aec468d1589d-lifetime-10:***@rp.scrapegw.com:6060	ConnectionTimeoutError: Connection timeout to host https://discord.com/api/v9/unique-username/username-attempt-unauthed
2026-09-01 18:35:33	NETWORK	dxhg	attempt=1	proxy=http://wiw4v7duaymysz9-session-feff2b3362c9-lifetime-10:***@rp.scrapegw.com:6060	ConnectionTimeoutError: Connection timeout to host https://discord.com/api/v9/unique-username/username-attempt-unauthed
2026-09-01 18:35:33	NETWORK	dxgd	attempt=1	proxy=http://wiw4v7duaymysz9-session-df97bb89afa1-lifetime-10:***@rp.scrapegw.com:6060	ConnectionTimeoutError: Connection timeout to host https://discord.com/api/v9/unique-username/username-attempt-unauthed
2026-09-01 18:35:33	NETWORK	dwth	attempt=1	proxy=http://wiw4v7duaymysz9-session-50b90b88b809-lifetime-10:***@rp.scrapegw.com:6060	ConnectionTimeoutError: Connection timeout to host https://discord.com/api/v9/unique-username/username-attempt-unauthed
2026-09-01 18:35:34	HTTP_429	dwnm	attempt=1	proxy=http://wiw4v7duaymysz9-session-705327962adb-lifetime-10:***@rp.scrapegw.com:6060	scope=shared global=False retry_after=964.00s
2026-09-01 18:35:34	HTTP_429	dzyg	attempt=1	proxy=http://wiw4v7duaymysz9-session-9d8f30f3b1fe-lifetime-10:***@rp.scrapegw.com:6060	scope=shared global=False retry_after=2071.00s
2026-09-01 18:35:34	NETWORK	dxlr	attempt=1	proxy=http://wiw4v7duaymysz9-session-4653bb17cf2c-lifetime-10:***@rp.scrapegw.com:6060	ConnectionTimeoutError: Connection timeout to host https://discord.com/api/v9/unique-username/username-attempt-unauthed
2026-09-01 18:35:34	NETWORK	dxmu	attempt=1	proxy=http://wiw4v7duaymysz9-session-432141b3a7c5-lifetime-10:***@rp.scrapegw.com:6060	ConnectionTimeoutError: Connection timeout to host https://discord.com/api/v9/unique-username/username-attempt-unauthed
2026-09-01 18:35:34	NETWORK	dxmc	attempt=1	proxy=http://wiw4v7duaymysz9-session-ee14a39a34e0-lifetime-10:***@rp.scrapegw.com:6060	ConnectionTimeoutError: Connection timeout to host https://discord.com/api/v9/unique-username/username-attempt-unauthed
2026-09-01 18:35:34	NETWORK	dwvk	attempt=1	proxy=http://wiw4v7duaymysz9-session-a90abfe953c8-lifetime-10:***@rp.scrapegw.com:6060	ConnectionTimeoutError: Connection timeout to host https://discord.com/api/v9/unique-username/username-attempt-unauthed
2026-09-01 18:35:34	NETWORK	dxnr	attempt=1	proxy=http://wiw4v7duaymysz9-session-e466c040b3d4-lifetime-10:***@rp.scrapegw.com:6060	ConnectionTimeoutError: Connection timeout to host https://discord.com/api/v9/unique-username/username-attempt-unauthed
2026-09-01 18:35:34	NETWORK	dxoz	attempt=1	proxy=http://wiw4v7duaymysz9-session-e132c24a4f14-lifetime-10:***@rp.scrapegw.com:6060	ConnectionTimeoutError: Connection timeout to host https://discord.com/api/v9/unique-username/username-attempt-unauthed
2026-09-01 18:35:34	NETWORK	dxox	attempt=1	proxy=http://wiw4v7duaymysz9-session-7b4c1fa8d53f-lifetime-10:***@rp.scrapegw.com:6060	ConnectionTimeoutError: Connection timeout to host https://discord.com/api/v9/unique-username/username-attempt-unauthed
2026-09-01 18:35:34	NETWORK	dxno	attempt=1	proxy=http://wiw4v7duaymysz9-session-811b185b7963-lifetime-10:***@rp.scrapegw.com:6060	ConnectionTimeoutError: Connection timeout to host https://discord.com/api/v9/unique-username/username-attempt-unauthed
2026-09-01 18:35:34	NETWORK	dxus	attempt=1	proxy=http://wiw4v7duaymysz9-session-393d6e928d4f-lifetime-10:***@rp.scrapegw.com:6060	ConnectionTimeoutError: Connection timeout to host https://discord.com/api/v9/unique-username/username-attempt-unauthed
2026-09-01 18:35:35	NETWORK	dxva	attempt=1	proxy=http://wiw4v7duaymysz9-session-da60f4585a7a-lifetime-10:***@rp.scrapegw.com:6060	ConnectionTimeoutError: Connection timeout to host https://discord.com/api/v9/unique-username/username-attempt-unauthed
2026-09-01 18:35:35	NETWORK	dxvi	attempt=1	proxy=http://wiw4v7duaymysz9-session-11a470bbe57e-lifetime-10:***@rp.scrapegw.com:6060	ConnectionTimeoutError: Connection timeout to host https://discord.com/api/v9/unique-username/username-attempt-unauthed
2026-09-01 18:35:35	NETWORK	dxys	attempt=1	proxy=http://wiw4v7duaymysz9-session-2ae6d3ad41bf-lifetime-10:***@rp.scrapegw.com:6060	ConnectionTimeoutError: Connection timeout to host https://discord.com/api/v9/unique-username/username-attempt-unauthed
2026-09-01 18:35:35	NETWORK	dxoo	attempt=1	proxy=http://wiw4v7duaymysz9-session-c658694b6f29-lifetime-10:***@rp.scrapegw.com:6060	ConnectionTimeoutError: Connection timeout to host https://discord.com/api/v9/unique-username/username-attempt-unauthed
2026-09-01 18:35:35	NETWORK	dxwp	attempt=1	proxy=http://wiw4v7duaymysz9-session-7c653c31c3be-lifetime-10:***@rp.scrapegw.com:6060	ConnectionTimeoutError: Connection timeout to host https://discord.com/api/v9/unique-username/username-attempt-unauthed
2026-09-01 18:35:35	NETWORK	dxqw	attempt=1	proxy=http://wiw4v7duaymysz9-session-d1601e06cba1-lifetime-10:***@rp.scrapegw.com:6060	ConnectionTimeoutError: Connection timeout to host https://discord.com/api/v9/unique-username/username-attempt-unauthed
2026-09-01 18:35:36	NETWORK	dyfz	attempt=1	proxy=http://wiw4v7duaymysz9-session-464aaeed94ca-lifetime-10:***@rp.scrapegw.com:6060	ConnectionTimeoutError: Connection timeout to host https://discord.com/api/v9/unique-username/username-attempt-unauthed
2026-09-01 18:35:36	NETWORK	dyki	attempt=1	proxy=http://wiw4v7duaymysz9-session-f71393eab711-lifetime-10:***@rp.scrapegw.com:6060	ConnectionTimeoutError: Connection timeout to host https://discord.com/api/v9/unique-username/username-attempt-unauthed
2026-09-01 18:35:36	NETWORK	dyow	attempt=1	proxy=http://wiw4v7duaymysz9-session-705327962adb-lifetime-10:***@rp.scrapegw.com:6060	ConnectionTimeoutError: Connection timeout to host https://discord.com/api/v9/unique-username/username-attempt-unauthed
2026-09-01 18:35:36	NETWORK	dxwv	attempt=1	proxy=http://wiw4v7duaymysz9-session-43b364154f2c-lifetime-10:***@rp.scrapegw.com:6060	ConnectionTimeoutError: Connection timeout to host https://discord.com/api/v9/unique-username/username-attempt-unauthed
2026-09-01 18:35:36	NETWORK	dyle	attempt=1	proxy=http://wiw4v7duaymysz9-session-4dfb19f2f8bc-lifetime-10:***@rp.scrapegw.com:6060	ConnectionTimeoutError: Connection timeout to host https://discord.com/api/v9/unique-username/username-attempt-unauthed
2026-09-01 18:35:36	NETWORK	dyng	attempt=1	proxy=http://wiw4v7duaymysz9-session-1aab9c0d317f-lifetime-10:***@rp.scrapegw.com:6060	ConnectionTimeoutError: Connection timeout to host https://discord.com/api/v9/unique-username/username-attempt-unauthed
2026-09-01 18:35:36	NETWORK	dynq	attempt=1	proxy=http://wiw4v7duaymysz9-session-a3f9b5cff249-lifetime-10:***@rp.scrapegw.com:6060	ConnectionTimeoutError: Connection timeout to host https://discord.com/api/v9/unique-username/username-attempt-unauthed
2026-09-01 18:35:36	NETWORK	dyjd	attempt=1	proxy=http://wiw4v7duaymysz9-session-7c7a33c72a32-lifetime-10:***@rp.scrapegw.com:6060	ConnectionTimeoutError: Connection timeout to host https://discord.com/api/v9/unique-username/username-attempt-unauthed
2026-09-01 18:35:36	NETWORK	dyjm	attempt=1	proxy=http://wiw4v7duaymysz9-session-ca26023e2e56-lifetime-10:***@rp.scrapegw.com:6060	ConnectionTimeoutError: Connection timeout to host https://discord.com/api/v9/unique-username/username-attempt-unauthed
2026-09-01 18:35:37	NETWORK	dyry	attempt=1	proxy=http://wiw4v7duaymysz9-session-d751fd3d4893-lifetime-10:***@rp.scrapegw.com:6060	ConnectionTimeoutError: Connection timeout to host https://discord.com/api/v9/unique-username/username-attempt-unauthed
2026-09-01 18:35:37	NETWORK	dyvo	attempt=1	proxy=http://wiw4v7duaymysz9-session-f6dd4c4a139c-lifetime-10:***@rp.scrapegw.com:6060	ConnectionTimeoutError: Connection timeout to host https://discord.com/api/v9/unique-username/username-attempt-unauthed
2026-09-01 18:35:37	NETWORK	dyqr	attempt=1	proxy=http://wiw4v7duaymysz9-session-2f3c047b88b0-lifetime-10:***@rp.scrapegw.com:6060	ConnectionTimeoutError: Connection timeout to host https://discord.com/api/v9/unique-username/username-attempt-unauthed
2026-09-01 18:35:37	NETWORK	dyvw	attempt=1	proxy=http://wiw4v7duaymysz9-session-0a52a4d681d1-lifetime-10:***@rp.scrapegw.com:6060	ConnectionTimeoutError: Connection timeout to host https://discord.com/api/v9/unique-username/username-attempt-unauthed
2026-09-01 18:35:37	NETWORK	dysr	attempt=1	proxy=http://wiw4v7duaymysz9-session-190f776171b8-lifetime-10:***@rp.scrapegw.com:6060	ConnectionTimeoutError: Connection timeout to host https://discord.com/api/v9/unique-username/username-attempt-unauthed
2026-09-01 18:35:37	NETWORK	dyqz	attempt=1	proxy=http://wiw4v7duaymysz9-session-fdbb0b0a7830-lifetime-10:***@rp.scrapegw.com:6060	ConnectionTimeoutError: Connection timeout to host https://discord.com/api/v9/unique-username/username-attempt-unauthed
2026-09-01 18:35:37	NETWORK	dyfa	attempt=1	proxy=http://wiw4v7duaymysz9-session-ba6dc7e5dff1-lifetime-10:***@rp.scrapegw.com:6060	ConnectionTimeoutError: Connection timeout to host https://discord.com/api/v9/unique-username/username-attempt-unauthed
2026-09-01 18:35:38	HTTP_429	ebdi	attempt=1	proxy=http://wiw4v7duaymysz9-session-0245260132f9-lifetime-10:***@rp.scrapegw.com:6060	scope=shared global=False retry_after=1872.00s
2026-09-01 18:35:38	NETWORK	dyya	attempt=1	proxy=http://wiw4v7duaymysz9-session-0fd3a06389f5-lifetime-10:***@rp.scrapegw.com:6060	ConnectionTimeoutError: Connection timeout to host https://discord.com/api/v9/unique-username/username-attempt-unauthed
2026-09-01 18:35:38	NETWORK	dysw	attempt=1	proxy=http://wiw4v7duaymysz9-session-50b90b88b809-lifetime-10:***@rp.scrapegw.com:6060	ConnectionTimeoutError: Connection timeout to host https://discord.com/api/v9/unique-username/username-attempt-unauthed
2026-09-01 18:35:38	NETWORK	dyxw	attempt=1	proxy=http://wiw4v7duaymysz9-session-7ea5b167b99b-lifetime-10:***@rp.scrapegw.com:6060	ConnectionTimeoutError: Connection timeout to host https://discord.com/api/v9/unique-username/username-attempt-unauthed
2026-09-01 18:35:38	NETWORK	dzab	attempt=1	proxy=http://wiw4v7duaymysz9-session-df97bb89afa1-lifetime-10:***@rp.scrapegw.com:6060	ConnectionTimeoutError: Connection timeout to host https://discord.com/api/v9/unique-username/username-attempt-unauthed
2026-09-01 18:35:38	NETWORK	dyyy	attempt=1	proxy=http://wiw4v7duaymysz9-session-e4e42869d88e-lifetime-10:***@rp.scrapegw.com:6060	ConnectionTimeoutError: Connection timeout to host https://discord.com/api/v9/unique-username/username-attempt-unauthed
2026-09-01 18:35:38	NETWORK	dyxb	attempt=1	proxy=http://wiw4v7duaymysz9-session-910296ab6a87-lifetime-10:***@rp.scrapegw.com:6060	ConnectionTimeoutError: Connection timeout to host https://discord.com/api/v9/unique-username/username-attempt-unauthed
2026-09-01 18:35:38	NETWORK	dywf	attempt=1	proxy=http://wiw4v7duaymysz9-session-3c29bb656b25-lifetime-10:***@rp.scrapegw.com:6060	ConnectionTimeoutError: Connection timeout to host https://discord.com/api/v9/unique-username/username-attempt-unauthed
2026-09-01 18:35:38	NETWORK	dzbn	attempt=1	proxy=http://wiw4v7duaymysz9-session-aec468d1589d-lifetime-10:***@rp.scrapegw.com:6060	ConnectionTimeoutError: Connection timeout to host https://discord.com/api/v9/unique-username/username-attempt-unauthed
2026-09-01 18:35:38	NETWORK	dzbo	attempt=1	proxy=http://wiw4v7duaymysz9-session-feff2b3362c9-lifetime-10:***@rp.scrapegw.com:6060	ConnectionTimeoutError: Connection timeout to host https://discord.com/api/v9/unique-username/username-attempt-unauthed
2026-09-01 18:35:38	NETWORK	dyxy	attempt=1	proxy=http://wiw4v7duaymysz9-session-928b25d65279-lifetime-10:***@rp.scrapegw.com:6060	ConnectionTimeoutError: Connection timeout to host https://discord.com/api/v9/unique-username/username-attempt-unauthed
2026-09-01 18:35:38	NETWORK	dzbl	attempt=1	proxy=http://wiw4v7duaymysz9-session-333ac22a3783-lifetime-10:***@rp.scrapegw.com:6060	ConnectionTimeoutError: Connection timeout to host https://discord.com/api/v9/unique-username/username-attempt-unauthed
2026-09-01 18:35:39	NETWORK	dzee	attempt=1	proxy=http://wiw4v7duaymysz9-session-432141b3a7c5-lifetime-10:***@rp.scrapegw.com:6060	ConnectionTimeoutError: Connection timeout to host https://discord.com/api/v9/unique-username/username-attempt-unauthed
2026-09-01 18:35:39	NETWORK	dziy	attempt=1	proxy=http://wiw4v7duaymysz9-session-e132c24a4f14-lifetime-10:***@rp.scrapegw.com:6060	ConnectionTimeoutError: Connection timeout to host https://discord.com/api/v9/unique-username/username-attempt-unauthed
2026-09-01 18:35:39	NETWORK	dzgj	attempt=1	proxy=http://wiw4v7duaymysz9-session-a29be8453ef3-lifetime-10:***@rp.scrapegw.com:6060	ConnectionTimeoutError: Connection timeout to host https://discord.com/api/v9/unique-username/username-attempt-unauthed
2026-09-01 18:35:39	NETWORK	dzfr	attempt=1	proxy=http://wiw4v7duaymysz9-session-ead3b11b5a93-lifetime-10:***@rp.scrapegw.com:6060	ConnectionTimeoutError: Connection timeout to host https://discord.com/api/v9/unique-username/username-attempt-unauthed
2026-09-01 18:35:39	NETWORK	dzki	attempt=1	proxy=http://wiw4v7duaymysz9-session-d1601e06cba1-lifetime-10:***@rp.scrapegw.com:6060	ConnectionTimeoutError: Connection timeout to host https://discord.com/api/v9/unique-username/username-attempt-unauthed
2026-09-01 18:35:39	NETWORK	dzks	attempt=1	proxy=http://wiw4v7duaymysz9-session-da60f4585a7a-lifetime-10:***@rp.scrapegw.com:6060	ConnectionTimeoutError: Connection timeout to host https://discord.com/api/v9/unique-username/username-attempt-unauthed
2026-09-01 18:35:39	NETWORK	dzkm	attempt=1	proxy=http://wiw4v7duaymysz9-session-393d6e928d4f-lifetime-10:***@rp.scrapegw.com:6060	ConnectionTimeoutError: Connection timeout to host https://discord.com/api/v9/unique-username/username-attempt-unauthed
2026-09-01 18:35:39	NETWORK	dzhy	attempt=1	proxy=http://wiw4v7duaymysz9-session-e466c040b3d4-lifetime-10:***@rp.scrapegw.com:6060	ConnectionTimeoutError: Connection timeout to host https://discord.com/api/v9/unique-username/username-attempt-unauthed
2026-09-01 18:35:39	NETWORK	dzdz	attempt=1	proxy=http://wiw4v7duaymysz9-session-5caf4468f761-lifetime-10:***@rp.scrapegw.com:6060	ConnectionTimeoutError: Connection timeout to host https://discord.com/api/v9/unique-username/username-attempt-unauthed
2026-09-01 18:35:39	NETWORK	dzip	attempt=1	proxy=http://wiw4v7duaymysz9-session-7b4c1fa8d53f-lifetime-10:***@rp.scrapegw.com:6060	ConnectionTimeoutError: Connection timeout to host https://discord.com/api/v9/unique-username/username-attempt-unauthed
2026-09-01 18:35:39	NETWORK	dzhh	attempt=1	proxy=http://wiw4v7duaymysz9-session-811b185b7963-lifetime-10:***@rp.scrapegw.com:6060	ConnectionTimeoutError: Connection timeout to host https://discord.com/api/v9/unique-username/username-attempt-unauthed
2026-09-01 18:35:39	NETWORK	dzif	attempt=1	proxy=http://wiw4v7duaymysz9-session-c658694b6f29-lifetime-10:***@rp.scrapegw.com:6060	ConnectionTimeoutError: Connection timeout to host https://discord.com/api/v9/unique-username/username-attempt-unauthed
2026-09-01 18:35:40	NETWORK	dzkw	attempt=1	proxy=http://wiw4v7duaymysz9-session-11a470bbe57e-lifetime-10:***@rp.scrapegw.com:6060	ConnectionTimeoutError: Connection timeout to host https://discord.com/api/v9/unique-username/username-attempt-unauthed
2026-09-01 18:35:40	NETWORK	dzej	attempt=1	proxy=http://wiw4v7duaymysz9-session-9ac002398b52-lifetime-10:***@rp.scrapegw.com:6060	ConnectionTimeoutError: Connection timeout to host https://discord.com/api/v9/unique-username/username-attempt-unauthed
2026-09-01 18:35:40	NETWORK	dzlp	attempt=1	proxy=http://wiw4v7duaymysz9-session-43b364154f2c-lifetime-10:***@rp.scrapegw.com:6060	ConnectionTimeoutError: Connection timeout to host https://discord.com/api/v9/unique-username/username-attempt-unauthed
2026-09-01 18:35:40	NETWORK	dzlu	attempt=1	proxy=http://wiw4v7duaymysz9-session-ba6dc7e5dff1-lifetime-10:***@rp.scrapegw.com:6060	ConnectionTimeoutError: Connection timeout to host https://discord.com/api/v9/unique-username/username-attempt-unauthed
2026-09-01 18:35:40	NETWORK	dzmd	attempt=1	proxy=http://wiw4v7duaymysz9-session-495db899b010-lifetime-10:***@rp.scrapegw.com:6060	ConnectionTimeoutError: Connection timeout to host https://discord.com/api/v9/unique-username/username-attempt-unauthed
2026-09-01 18:35:40	NETWORK	dzlf	attempt=1	proxy=http://wiw4v7duaymysz9-session-7c653c31c3be-lifetime-10:***@rp.scrapegw.com:6060	ConnectionTimeoutError: Connection timeout to host https://discord.com/api/v9/unique-username/username-attempt-unauthed
2026-09-01 18:35:41	NETWORK	dznd	attempt=1	proxy=http://wiw4v7duaymysz9-session-7c7a33c72a32-lifetime-10:***@rp.scrapegw.com:6060	ConnectionTimeoutError: Connection timeout to host https://discord.com/api/v9/unique-username/username-attempt-unauthed
2026-09-01 18:35:41	NETWORK	dzpm	attempt=1	proxy=http://wiw4v7duaymysz9-session-705327962adb-lifetime-10:***@rp.scrapegw.com:6060	ConnectionTimeoutError: Connection timeout to host https://discord.com/api/v9/unique-username/username-attempt-unauthed
2026-09-01 18:35:41	NETWORK	dznh	attempt=1	proxy=http://wiw4v7duaymysz9-session-f71393eab711-lifetime-10:***@rp.scrapegw.com:6060	ConnectionTimeoutError: Connection timeout to host https://discord.com/api/v9/unique-username/username-attempt-unauthed
2026-09-01 18:35:41	NETWORK	dzoy	attempt=1	proxy=http://wiw4v7duaymysz9-session-1aab9c0d317f-lifetime-10:***@rp.scrapegw.com:6060	ConnectionTimeoutError: Connection timeout to host https://discord.com/api/v9/unique-username/username-attempt-unauthed
2026-09-01 18:35:41	NETWORK	dzmf	attempt=1	proxy=http://wiw4v7duaymysz9-session-464aaeed94ca-lifetime-10:***@rp.scrapegw.com:6060	ConnectionTimeoutError: Connection timeout to host https://discord.com/api/v9/unique-username/username-attempt-unauthed
2026-09-01 18:35:41	NETWORK	dznc	attempt=1	proxy=http://wiw4v7duaymysz9-session-e19d4cf0773a-lifetime-10:***@rp.scrapegw.com:6060	ConnectionTimeoutError: Connection timeout to host https://discord.com/api/v9/unique-username/username-attempt-unauthed
2026-09-01 18:35:42	HTTP_429	ecnq	attempt=1	proxy=http://wiw4v7duaymysz9-session-131da0f87319-lifetime-10:***@rp.scrapegw.com:6060	scope=shared global=False retry_after=2060.00s
2026-09-01 18:35:42	NETWORK	dzux	attempt=1	proxy=http://wiw4v7duaymysz9-session-f6dd4c4a139c-lifetime-10:***@rp.scrapegw.com:6060	ConnectionTimeoutError: Connection timeout to host https://discord.com/api/v9/unique-username/username-attempt-unauthed
2026-09-01 18:35:42	NETWORK	dzxx	attempt=1	proxy=http://wiw4v7duaymysz9-session-2b875396c339-lifetime-10:***@rp.scrapegw.com:6060	ConnectionTimeoutError: Connection timeout to host https://discord.com/api/v9/unique-username/username-attempt-unauthed
2026-09-01 18:35:42	NETWORK	dzsy	attempt=1	proxy=http://wiw4v7duaymysz9-session-190f776171b8-lifetime-10:***@rp.scrapegw.com:6060	ConnectionTimeoutError: Connection timeout to host https://discord.com/api/v9/unique-username/username-attempt-unauthed
2026-09-01 18:35:42	NETWORK	dzxf	attempt=1	proxy=http://wiw4v7duaymysz9-session-6d5ec1bfb7b9-lifetime-10:***@rp.scrapegw.com:6060	ConnectionTimeoutError: Connection timeout to host https://discord.com/api/v9/unique-username/username-attempt-unauthed
2026-09-01 18:35:42	NETWORK	dztg	attempt=1	proxy=http://wiw4v7duaymysz9-session-123697ab1c63-lifetime-10:***@rp.scrapegw.com:6060	ConnectionTimeoutError: Connection timeout to host https://discord.com/api/v9/unique-username/username-attempt-unauthed
2026-09-01 18:35:42	NETWORK	dzvr	attempt=1	proxy=http://wiw4v7duaymysz9-session-1c95670fca9f-lifetime-10:***@rp.scrapegw.com:6060	ConnectionTimeoutError: Connection timeout to host https://discord.com/api/v9/unique-username/username-attempt-unauthed
2026-09-01 18:35:42	NETWORK	dzxd	attempt=1	proxy=http://wiw4v7duaymysz9-session-ee8e028bfaff-lifetime-10:***@rp.scrapegw.com:6060	ConnectionTimeoutError: Connection timeout to host https://discord.com/api/v9/unique-username/username-attempt-unauthed
2026-09-01 18:35:42	NETWORK	dzqw	attempt=1	proxy=http://wiw4v7duaymysz9-session-fdbb0b0a7830-lifetime-10:***@rp.scrapegw.com:6060	ConnectionTimeoutError: Connection timeout to host https://discord.com/api/v9/unique-username/username-attempt-unauthed
2026-09-01 18:35:42	NETWORK	dzwa	attempt=1	proxy=http://wiw4v7duaymysz9-session-26b16d49830b-lifetime-10:***@rp.scrapegw.com:6060	ConnectionTimeoutError: Connection timeout to host https://discord.com/api/v9/unique-username/username-attempt-unauthed
2026-09-01 18:35:42	NETWORK	dzwv	attempt=1	proxy=http://wiw4v7duaymysz9-session-d16a1b86c910-lifetime-10:***@rp.scrapegw.com:6060	ConnectionTimeoutError: Connection timeout to host https://discord.com/api/v9/unique-username/username-attempt-unauthed
2026-09-01 18:35:42	NETWORK	dzwb	attempt=1	proxy=http://wiw4v7duaymysz9-session-3c29bb656b25-lifetime-10:***@rp.scrapegw.com:6060	ConnectionTimeoutError: Connection timeout to host https://discord.com/api/v9/unique-username/username-attempt-unauthed
2026-09-01 18:35:42	NETWORK	dzvg	attempt=1	proxy=http://wiw4v7duaymysz9-session-0a52a4d681d1-lifetime-10:***@rp.scrapegw.com:6060	ConnectionTimeoutError: Connection timeout to host https://discord.com/api/v9/unique-username/username-attempt-unauthed
2026-09-01 18:35:43	NETWORK	dzzp	attempt=1	proxy=http://wiw4v7duaymysz9-session-0fd3a06389f5-lifetime-10:***@rp.scrapegw.com:6060	ConnectionTimeoutError: Connection timeout to host https://discord.com/api/v9/unique-username/username-attempt-unauthed
2026-09-01 18:35:43	NETWORK	eaja	attempt=1	proxy=http://wiw4v7duaymysz9-session-a29be8453ef3-lifetime-10:***@rp.scrapegw.com:6060	ConnectionTimeoutError: Connection timeout to host https://discord.com/api/v9/unique-username/username-attempt-unauthed
2026-09-01 18:35:43	NETWORK	eafe	attempt=1	proxy=http://wiw4v7duaymysz9-session-5caf4468f761-lifetime-10:***@rp.scrapegw.com:6060	ConnectionTimeoutError: Connection timeout to host https://discord.com/api/v9/unique-username/username-attempt-unauthed
2026-09-01 18:35:43	NETWORK	dzyo	attempt=1	proxy=http://wiw4v7duaymysz9-session-99cbfcd0bd1d-lifetime-10:***@rp.scrapegw.com:6060	ConnectionTimeoutError: Connection timeout to host https://discord.com/api/v9/unique-username/username-attempt-unauthed
2026-09-01 18:35:43	NETWORK	dzzl	attempt=1	proxy=http://wiw4v7duaymysz9-session-7ea5b167b99b-lifetime-10:***@rp.scrapegw.com:6060	ConnectionTimeoutError: Connection timeout to host https://discord.com/api/v9/unique-username/username-attempt-unauthed
2026-09-01 18:35:43	NETWORK	eaij	attempt=1	proxy=http://wiw4v7duaymysz9-session-ead3b11b5a93-lifetime-10:***@rp.scrapegw.com:6060	ConnectionTimeoutError: Connection timeout to host https://discord.com/api/v9/unique-username/username-attempt-unauthed
2026-09-01 18:35:43	NETWORK	dzyr	attempt=1	proxy=http://wiw4v7duaymysz9-session-99571d6ae2de-lifetime-10:***@rp.scrapegw.com:6060	ConnectionTimeoutError: Connection timeout to host https://discord.com/api/v9/unique-username/username-attempt-unauthed
2026-09-01 18:35:43	NETWORK	eahm	attempt=1	proxy=http://wiw4v7duaymysz9-session-9ac002398b52-lifetime-10:***@rp.scrapegw.com:6060	ConnectionTimeoutError: Connection timeout to host https://discord.com/api/v9/unique-username/username-attempt-unauthed
2026-09-01 18:35:43	NETWORK	eahg	attempt=1	proxy=http://wiw4v7duaymysz9-session-486c654aff40-lifetime-10:***@rp.scrapegw.com:6060	ConnectionTimeoutError: Connection timeout to host https://discord.com/api/v9/unique-username/username-attempt-unauthed
2026-09-01 18:35:43	NETWORK	eabl	attempt=1	proxy=http://wiw4v7duaymysz9-session-e4e42869d88e-lifetime-10:***@rp.scrapegw.com:6060	ConnectionTimeoutError: Connection timeout to host https://discord.com/api/v9/unique-username/username-attempt-unauthed
2026-09-01 18:35:44	NETWORK	eajo	attempt=1	proxy=http://wiw4v7duaymysz9-session-c658694b6f29-lifetime-10:***@rp.scrapegw.com:6060	ConnectionTimeoutError: Connection timeout to host https://discord.com/api/v9/unique-username/username-attempt-unauthed
2026-09-01 18:35:44	NETWORK	eane	attempt=1	proxy=http://wiw4v7duaymysz9-session-e19d4cf0773a-lifetime-10:***@rp.scrapegw.com:6060	ConnectionTimeoutError: Connection timeout to host https://discord.com/api/v9/unique-username/username-attempt-unauthed
2026-09-01 18:35:44	NETWORK	eamh	attempt=1	proxy=http://wiw4v7duaymysz9-session-ba6dc7e5dff1-lifetime-10:***@rp.scrapegw.com:6060	ConnectionTimeoutError: Connection timeout to host https://discord.com/api/v9/unique-username/username-attempt-unauthed
2026-09-01 18:35:44	NETWORK	eamq	attempt=1	proxy=http://wiw4v7duaymysz9-session-495db899b010-lifetime-10:***@rp.scrapegw.com:6060	ConnectionTimeoutError: Connection timeout to host https://discord.com/api/v9/unique-username/username-attempt-unauthed
2026-09-01 18:35:44	NETWORK	eamy	attempt=1	proxy=http://wiw4v7duaymysz9-session-464aaeed94ca-lifetime-10:***@rp.scrapegw.com:6060	ConnectionTimeoutError: Connection timeout to host https://discord.com/api/v9/unique-username/username-attempt-unauthed
2026-09-01 18:35:45	NETWORK	eatp	attempt=1	proxy=http://wiw4v7duaymysz9-session-3e0c2a8dfa2e-lifetime-10:***@rp.scrapegw.com:6060	ConnectionTimeoutError: Connection timeout to host https://discord.com/api/v9/unique-username/username-attempt-unauthed
2026-09-01 18:35:45	NETWORK	eamb	attempt=1	proxy=http://wiw4v7duaymysz9-session-43b364154f2c-lifetime-10:***@rp.scrapegw.com:6060	ConnectionTimeoutError: Connection timeout to host https://discord.com/api/v9/unique-username/username-attempt-unauthed
2026-09-01 18:35:45	NETWORK	eavi	attempt=1	proxy=http://wiw4v7duaymysz9-session-5ba8fe140b71-lifetime-10:***@rp.scrapegw.com:6060	ConnectionTimeoutError: Connection timeout to host https://discord.com/api/v9/unique-username/username-attempt-unauthed
2026-09-01 18:35:45	NETWORK	ebaa	attempt=1	proxy=http://wiw4v7duaymysz9-session-c0b5d2178ed0-lifetime-10:***@rp.scrapegw.com:6060	ConnectionTimeoutError: Connection timeout to host https://discord.com/api/v9/unique-username/username-attempt-unauthed
2026-09-01 18:35:45	NETWORK	eanj	attempt=1	proxy=http://wiw4v7duaymysz9-session-7c7a33c72a32-lifetime-10:***@rp.scrapegw.com:6060	ConnectionTimeoutError: Connection timeout to host https://discord.com/api/v9/unique-username/username-attempt-unauthed
2026-09-01 18:35:45	NETWORK	eapa	attempt=1	proxy=http://wiw4v7duaymysz9-session-4caced0d179f-lifetime-10:***@rp.scrapegw.com:6060	ConnectionTimeoutError: Connection timeout to host https://discord.com/api/v9/unique-username/username-attempt-unauthed
2026-09-01 18:35:45	NETWORK	eank	attempt=1	proxy=http://wiw4v7duaymysz9-session-6a9938a26128-lifetime-10:***@rp.scrapegw.com:6060	ConnectionTimeoutError: Connection timeout to host https://discord.com/api/v9/unique-username/username-attempt-unauthed
2026-09-01 18:35:45	NETWORK	eatf	attempt=1	proxy=http://wiw4v7duaymysz9-session-2ff0a99e334f-lifetime-10:***@rp.scrapegw.com:6060	ConnectionTimeoutError: Connection timeout to host https://discord.com/api/v9/unique-username/username-attempt-unauthed
2026-09-01 18:35:45	NETWORK	eavj	attempt=1	proxy=http://wiw4v7duaymysz9-session-2f3c047b88b0-lifetime-10:***@rp.scrapegw.com:6060	ConnectionTimeoutError: Connection timeout to host https://discord.com/api/v9/unique-username/username-attempt-unauthed
2026-09-01 18:35:45	NETWORK	eauf	attempt=1	proxy=http://wiw4v7duaymysz9-session-09bc865292ea-lifetime-10:***@rp.scrapegw.com:6060	ConnectionTimeoutError: Connection timeout to host https://discord.com/api/v9/unique-username/username-attempt-unauthed
2026-09-01 18:35:46	NETWORK	eblq	attempt=1	proxy=http://wiw4v7duaymysz9-session-99cbfcd0bd1d-lifetime-10:***@rp.scrapegw.com:6060	ClientConnectorError: Cannot connect to host discord.com:443 ssl:default [Connection reset by peer]
2026-09-01 18:35:46	NETWORK	ebiw	attempt=1	proxy=http://wiw4v7duaymysz9-session-ee8e028bfaff-lifetime-10:***@rp.scrapegw.com:6060	ConnectionTimeoutError: Connection timeout to host https://discord.com/api/v9/unique-username/username-attempt-unauthed
2026-09-01 18:35:46	NETWORK	ebhm	attempt=1	proxy=http://wiw4v7duaymysz9-session-3c29bb656b25-lifetime-10:***@rp.scrapegw.com:6060	ConnectionTimeoutError: Connection timeout to host https://discord.com/api/v9/unique-username/username-attempt-unauthed
2026-09-01 18:35:46	NETWORK	ebgy	attempt=1	proxy=http://wiw4v7duaymysz9-session-1c95670fca9f-lifetime-10:***@rp.scrapegw.com:6060	ConnectionTimeoutError: Connection timeout to host https://discord.com/api/v9/unique-username/username-attempt-unauthed
2026-09-01 18:35:46	NETWORK	ebhd	attempt=1	proxy=http://wiw4v7duaymysz9-session-26b16d49830b-lifetime-10:***@rp.scrapegw.com:6060	ConnectionTimeoutError: Connection timeout to host https://discord.com/api/v9/unique-username/username-attempt-unauthed
2026-09-01 18:35:46	NETWORK	ebbp	attempt=1	proxy=http://wiw4v7duaymysz9-session-fdbb0b0a7830-lifetime-10:***@rp.scrapegw.com:6060	ConnectionTimeoutError: Connection timeout to host https://discord.com/api/v9/unique-username/username-attempt-unauthed
2026-09-01 18:35:46	NETWORK	ebff	attempt=1	proxy=http://wiw4v7duaymysz9-session-50b90b88b809-lifetime-10:***@rp.scrapegw.com:6060	ConnectionTimeoutError: Connection timeout to host https://discord.com/api/v9/unique-username/username-attempt-unauthed
2026-09-01 18:35:46	NETWORK	ebfn	attempt=1	proxy=http://wiw4v7duaymysz9-session-123697ab1c63-lifetime-10:***@rp.scrapegw.com:6060	ConnectionTimeoutError: Connection timeout to host https://discord.com/api/v9/unique-username/username-attempt-unauthed
2026-09-01 18:35:47	NETWORK	ebom	attempt=1	proxy=http://wiw4v7duaymysz9-session-4d5030b303fb-lifetime-10:***@rp.scrapegw.com:6060	ConnectionTimeoutError: Connection timeout to host https://discord.com/api/v9/unique-username/username-attempt-unauthed
2026-09-01 18:35:47	NETWORK	ebpy	attempt=1	proxy=http://wiw4v7duaymysz9-session-4653bb17cf2c-lifetime-10:***@rp.scrapegw.com:6060	ConnectionTimeoutError: Connection timeout to host https://discord.com/api/v9/unique-username/username-attempt-unauthed
2026-09-01 18:35:47	NETWORK	ebho	attempt=1	proxy=http://wiw4v7duaymysz9-session-d16a1b86c910-lifetime-10:***@rp.scrapegw.com:6060	ConnectionTimeoutError: Connection timeout to host https://discord.com/api/v9/unique-username/username-attempt-unauthed
2026-09-01 18:35:47	NETWORK	ebka	attempt=1	proxy=http://wiw4v7duaymysz9-session-2b875396c339-lifetime-10:***@rp.scrapegw.com:6060	ConnectionTimeoutError: Connection timeout to host https://discord.com/api/v9/unique-username/username-attempt-unauthed
2026-09-01 18:35:47	NETWORK	ebke	attempt=1	proxy=http://wiw4v7duaymysz9-session-825258a0a4be-lifetime-10:***@rp.scrapegw.com:6060	ConnectionTimeoutError: Connection timeout to host https://discord.com/api/v9/unique-username/username-attempt-unauthed
2026-09-01 18:35:47	NETWORK	ebph	attempt=1	proxy=http://wiw4v7duaymysz9-session-37908978ee4d-lifetime-10:***@rp.scrapegw.com:6060	ConnectionTimeoutError: Connection timeout to host https://discord.com/api/v9/unique-username/username-attempt-unauthed
2026-09-01 18:35:47	NETWORK	ebqm	attempt=1	proxy=http://wiw4v7duaymysz9-session-5caf4468f761-lifetime-10:***@rp.scrapegw.com:6060	ConnectionTimeoutError: Connection timeout to host https://discord.com/api/v9/unique-username/username-attempt-unauthed
2026-09-01 18:35:47	NETWORK	ebjv	attempt=1	proxy=http://wiw4v7duaymysz9-session-6d5ec1bfb7b9-lifetime-10:***@rp.scrapegw.com:6060	ConnectionTimeoutError: Connection timeout to host https://discord.com/api/v9/unique-username/username-attempt-unauthed
2026-09-01 18:35:47	NETWORK	ebly	attempt=1	proxy=http://wiw4v7duaymysz9-session-99571d6ae2de-lifetime-10:***@rp.scrapegw.com:6060	ConnectionTimeoutError: Connection timeout to host https://discord.com/api/v9/unique-username/username-attempt-unauthed
2026-09-01 18:35:48	NETWORK	ebxp	attempt=1	proxy=http://wiw4v7duaymysz9-session-43b364154f2c-lifetime-10:***@rp.scrapegw.com:6060	ConnectionTimeoutError: Connection timeout to host https://discord.com/api/v9/unique-username/username-attempt-unauthed
2026-09-01 18:35:48	NETWORK	ebrs	attempt=1	proxy=http://wiw4v7duaymysz9-session-9ac002398b52-lifetime-10:***@rp.scrapegw.com:6060	ConnectionTimeoutError: Connection timeout to host https://discord.com/api/v9/unique-username/username-attempt-unauthed
2026-09-01 18:35:48	NETWORK	ebwc	attempt=1	proxy=http://wiw4v7duaymysz9-session-7c653c31c3be-lifetime-10:***@rp.scrapegw.com:6060	ConnectionTimeoutError: Connection timeout to host https://discord.com/api/v9/unique-username/username-attempt-unauthed
2026-09-01 18:35:48	NETWORK	ebqr	attempt=1	proxy=http://wiw4v7duaymysz9-session-ee14a39a34e0-lifetime-10:***@rp.scrapegw.com:6060	ConnectionTimeoutError: Connection timeout to host https://discord.com/api/v9/unique-username/username-attempt-unauthed
2026-09-01 18:35:48	NETWORK	ecbf	attempt=1	proxy=http://wiw4v7duaymysz9-session-464aaeed94ca-lifetime-10:***@rp.scrapegw.com:6060	ConnectionTimeoutError: Connection timeout to host https://discord.com/api/v9/unique-username/username-attempt-unauthed
2026-09-01 18:35:48	NETWORK	ebkt	attempt=1	proxy=http://wiw4v7duaymysz9-session-836c6d87f233-lifetime-10:***@rp.scrapegw.com:6060	ConnectionTimeoutError: Connection timeout to host https://discord.com/api/v9/unique-username/username-attempt-unauthed
2026-09-01 18:35:48	NETWORK	eblv	attempt=1	proxy=http://wiw4v7duaymysz9-session-e66c8093c1a0-lifetime-10:***@rp.scrapegw.com:6060	ConnectionTimeoutError: Connection timeout to host https://discord.com/api/v9/unique-username/username-attempt-unauthed
2026-09-01 18:35:48	NETWORK	ecdm	attempt=1	proxy=http://wiw4v7duaymysz9-session-e19d4cf0773a-lifetime-10:***@rp.scrapegw.com:6060	ConnectionTimeoutError: Connection timeout to host https://discord.com/api/v9/unique-username/username-attempt-unauthed
2026-09-01 18:35:48	NETWORK	ebro	attempt=1	proxy=http://wiw4v7duaymysz9-session-486c654aff40-lifetime-10:***@rp.scrapegw.com:6060	ConnectionTimeoutError: Connection timeout to host https://discord.com/api/v9/unique-username/username-attempt-unauthed
2026-09-01 18:35:48	NETWORK	ebyw	attempt=1	proxy=http://wiw4v7duaymysz9-session-495db899b010-lifetime-10:***@rp.scrapegw.com:6060	ConnectionTimeoutError: Connection timeout to host https://discord.com/api/v9/unique-username/username-attempt-unauthed
2026-09-01 18:35:48	NETWORK	ebvv	attempt=1	proxy=http://wiw4v7duaymysz9-session-11a470bbe57e-lifetime-10:***@rp.scrapegw.com:6060	ConnectionTimeoutError: Connection timeout to host https://discord.com/api/v9/unique-username/username-attempt-unauthed
2026-09-01 18:35:49	NETWORK	ecgs	attempt=1	proxy=http://wiw4v7duaymysz9-session-4caced0d179f-lifetime-10:***@rp.scrapegw.com:6060	ConnectionTimeoutError: Connection timeout to host https://discord.com/api/v9/unique-username/username-attempt-unauthed
2026-09-01 18:35:49	NETWORK	ecft	attempt=1	proxy=http://wiw4v7duaymysz9-session-6a9938a26128-lifetime-10:***@rp.scrapegw.com:6060	ConnectionTimeoutError: Connection timeout to host https://discord.com/api/v9/unique-username/username-attempt-unauthed
2026-09-01 18:35:49	NETWORK	ecfl	attempt=1	proxy=http://wiw4v7duaymysz9-session-f71393eab711-lifetime-10:***@rp.scrapegw.com:6060	ConnectionTimeoutError: Connection timeout to host https://discord.com/api/v9/unique-username/username-attempt-unauthed
2026-09-01 18:35:49	NETWORK	ecfe	attempt=1	proxy=http://wiw4v7duaymysz9-session-7c7a33c72a32-lifetime-10:***@rp.scrapegw.com:6060	ConnectionTimeoutError: Connection timeout to host https://discord.com/api/v9/unique-username/username-attempt-unauthed
2026-09-01 18:35:49	NETWORK	eciv	attempt=1	proxy=http://wiw4v7duaymysz9-session-a3f9b5cff249-lifetime-10:***@rp.scrapegw.com:6060	ConnectionTimeoutError: Connection timeout to host https://discord.com/api/v9/unique-username/username-attempt-unauthed
2026-09-01 18:35:49	NETWORK	ecff	attempt=1	proxy=http://wiw4v7duaymysz9-session-ca26023e2e56-lifetime-10:***@rp.scrapegw.com:6060	ConnectionTimeoutError: Connection timeout to host https://discord.com/api/v9/unique-username/username-attempt-unauthed
2026-09-01 18:35:49	NETWORK	echg	attempt=1	proxy=http://wiw4v7duaymysz9-session-4dfb19f2f8bc-lifetime-10:***@rp.scrapegw.com:6060	ConnectionTimeoutError: Connection timeout to host https://discord.com/api/v9/unique-username/username-attempt-unauthed
2026-09-01 18:35:49	NETWORK	echu	attempt=1	proxy=http://wiw4v7duaymysz9-session-1aab9c0d317f-lifetime-10:***@rp.scrapegw.com:6060	ConnectionTimeoutError: Connection timeout to host https://discord.com/api/v9/unique-username/username-attempt-unauthed
2026-09-01 18:35:50	NETWORK	ecjk	attempt=1	proxy=http://wiw4v7duaymysz9-session-3e0c2a8dfa2e-lifetime-10:***@rp.scrapegw.com:6060	ConnectionTimeoutError: Connection timeout to host https://discord.com/api/v9/unique-username/username-attempt-unauthed
2026-09-01 18:35:50	NETWORK	eclu	attempt=1	proxy=http://wiw4v7duaymysz9-session-2f3c047b88b0-lifetime-10:***@rp.scrapegw.com:6060	ConnectionTimeoutError: Connection timeout to host https://discord.com/api/v9/unique-username/username-attempt-unauthed
2026-09-01 18:35:50	NETWORK	ecnh	attempt=1	proxy=http://wiw4v7duaymysz9-session-c0b5d2178ed0-lifetime-10:***@rp.scrapegw.com:6060	ConnectionTimeoutError: Connection timeout to host https://discord.com/api/v9/unique-username/username-attempt-unauthed
2026-09-01 18:35:50	NETWORK	eclf	attempt=1	proxy=http://wiw4v7duaymysz9-session-5ba8fe140b71-lifetime-10:***@rp.scrapegw.com:6060	ConnectionTimeoutError: Connection timeout to host https://discord.com/api/v9/unique-username/username-attempt-unauthed
2026-09-01 18:35:51	NETWORK	ecvz	attempt=1	proxy=http://wiw4v7duaymysz9-session-e66c8093c1a0-lifetime-10:***@rp.scrapegw.com:6060	ConnectionTimeoutError: Connection timeout to host https://discord.com/api/v9/unique-username/username-attempt-unauthed
2026-09-01 18:35:51	NETWORK	ecok	attempt=1	proxy=http://wiw4v7duaymysz9-session-fdbb0b0a7830-lifetime-10:***@rp.scrapegw.com:6060	ConnectionTimeoutError: Connection timeout to host https://discord.com/api/v9/unique-username/username-attempt-unauthed
2026-09-01 18:35:51	NETWORK	edca	attempt=1	proxy=http://wiw4v7duaymysz9-session-928b25d65279-lifetime-10:***@rp.scrapegw.com:6060	ConnectionTimeoutError: Connection timeout to host https://discord.com/api/v9/unique-username/username-attempt-unauthed
2026-09-01 18:35:51	NETWORK	eday	attempt=1	proxy=http://wiw4v7duaymysz9-session-7ea5b167b99b-lifetime-10:***@rp.scrapegw.com:6060	ConnectionTimeoutError: Connection timeout to host https://discord.com/api/v9/unique-username/username-attempt-unauthed
2026-09-01 18:35:51	NETWORK	ecwy	attempt=1	proxy=http://wiw4v7duaymysz9-session-910296ab6a87-lifetime-10:***@rp.scrapegw.com:6060	ConnectionTimeoutError: Connection timeout to host https://discord.com/api/v9/unique-username/username-attempt-unauthed
2026-09-01 18:35:51	NETWORK	ectl	attempt=1	proxy=http://wiw4v7duaymysz9-session-50b90b88b809-lifetime-10:***@rp.scrapegw.com:6060	ConnectionTimeoutError: Connection timeout to host https://discord.com/api/v9/unique-username/username-attempt-unauthed
2026-09-01 18:35:51	NETWORK	ecup	attempt=1	proxy=http://wiw4v7duaymysz9-session-825258a0a4be-lifetime-10:***@rp.scrapegw.com:6060	ConnectionTimeoutError: Connection timeout to host https://discord.com/api/v9/unique-username/username-attempt-unauthed
2026-09-01 18:35:51	NETWORK	ecrm	attempt=1	proxy=http://wiw4v7duaymysz9-session-d751fd3d4893-lifetime-10:***@rp.scrapegw.com:6060	ConnectionTimeoutError: Connection timeout to host https://discord.com/api/v9/unique-username/username-attempt-unauthed
2026-09-01 18:35:51	NETWORK	ecvd	attempt=1	proxy=http://wiw4v7duaymysz9-session-836c6d87f233-lifetime-10:***@rp.scrapegw.com:6060	ConnectionTimeoutError: Connection timeout to host https://discord.com/api/v9/unique-username/username-attempt-unauthed
2026-09-01 18:35:52	NETWORK	edlq	attempt=1	proxy=http://wiw4v7duaymysz9-session-37908978ee4d-lifetime-10:***@rp.scrapegw.com:6060	ConnectionTimeoutError: Connection timeout to host https://discord.com/api/v9/unique-username/username-attempt-unauthed
2026-09-01 18:35:52	NETWORK	edoj	attempt=1	proxy=http://wiw4v7duaymysz9-session-4653bb17cf2c-lifetime-10:***@rp.scrapegw.com:6060	ConnectionTimeoutError: Connection timeout to host https://discord.com/api/v9/unique-username/username-attempt-unauthed
2026-09-01 18:35:52	NETWORK	eckh	attempt=1	proxy=http://wiw4v7duaymysz9-session-09bc865292ea-lifetime-10:***@rp.scrapegw.com:6060	ConnectionTimeoutError: Connection timeout to host https://discord.com/api/v9/unique-username/username-attempt-unauthed
2026-09-01 18:35:52	NETWORK	edfs	attempt=1	proxy=http://wiw4v7duaymysz9-session-df97bb89afa1-lifetime-10:***@rp.scrapegw.com:6060	ConnectionTimeoutError: Connection timeout to host https://discord.com/api/v9/unique-username/username-attempt-unauthed
2026-09-01 18:35:52	NETWORK	ecvh	attempt=1	proxy=http://wiw4v7duaymysz9-session-99cbfcd0bd1d-lifetime-10:***@rp.scrapegw.com:6060	ConnectionTimeoutError: Connection timeout to host https://discord.com/api/v9/unique-username/username-attempt-unauthed
2026-09-01 18:35:52	NETWORK	edhp	attempt=1	proxy=http://wiw4v7duaymysz9-session-333ac22a3783-lifetime-10:***@rp.scrapegw.com:6060	ConnectionTimeoutError: Connection timeout to host https://discord.com/api/v9/unique-username/username-attempt-unauthed
2026-09-01 18:35:52	NETWORK	edpt	attempt=1	proxy=http://wiw4v7duaymysz9-session-ee14a39a34e0-lifetime-10:***@rp.scrapegw.com:6060	ConnectionTimeoutError: Connection timeout to host https://discord.com/api/v9/unique-username/username-attempt-unauthed
2026-09-01 18:35:52	NETWORK	edjx	attempt=1	proxy=http://wiw4v7duaymysz9-session-aec468d1589d-lifetime-10:***@rp.scrapegw.com:6060	ConnectionTimeoutError: Connection timeout to host https://discord.com/api/v9/unique-username/username-attempt-unauthed
2026-09-01 18:35:52	NETWORK	ecyi	attempt=1	proxy=http://wiw4v7duaymysz9-session-99571d6ae2de-lifetime-10:***@rp.scrapegw.com:6060	ConnectionTimeoutError: Connection timeout to host https://discord.com/api/v9/unique-username/username-attempt-unauthed
2026-09-01 18:35:52	NETWORK	edem	attempt=1	proxy=http://wiw4v7duaymysz9-session-0fd3a06389f5-lifetime-10:***@rp.scrapegw.com:6060	ConnectionTimeoutError: Connection timeout to host https://discord.com/api/v9/unique-username/username-attempt-unauthed
2026-09-01 18:35:52	NETWORK	edkz	attempt=1	proxy=http://wiw4v7duaymysz9-session-4d5030b303fb-lifetime-10:***@rp.scrapegw.com:6060	ConnectionTimeoutError: Connection timeout to host https://discord.com/api/v9/unique-username/username-attempt-unauthed
2026-09-01 18:35:52	NETWORK	edqa	attempt=1	proxy=http://wiw4v7duaymysz9-session-432141b3a7c5-lifetime-10:***@rp.scrapegw.com:6060	ConnectionTimeoutError: Connection timeout to host https://discord.com/api/v9/unique-username/username-attempt-unauthed
2026-09-01 18:35:52	NETWORK	edko	attempt=1	proxy=http://wiw4v7duaymysz9-session-feff2b3362c9-lifetime-10:***@rp.scrapegw.com:6060	ConnectionTimeoutError: Connection timeout to host https://discord.com/api/v9/unique-username/username-attempt-unauthed
2026-09-01 18:35:53	NETWORK	edus	attempt=1	proxy=http://wiw4v7duaymysz9-session-d1601e06cba1-lifetime-10:***@rp.scrapegw.com:6060	ConnectionTimeoutError: Connection timeout to host https://discord.com/api/v9/unique-username/username-attempt-unauthed
2026-09-01 18:35:53	NETWORK	edrz	attempt=1	proxy=http://wiw4v7duaymysz9-session-7b4c1fa8d53f-lifetime-10:***@rp.scrapegw.com:6060	ConnectionTimeoutError: Connection timeout to host https://discord.com/api/v9/unique-username/username-attempt-unauthed
2026-09-01 18:35:53	NETWORK	edrn	attempt=1	proxy=http://wiw4v7duaymysz9-session-811b185b7963-lifetime-10:***@rp.scrapegw.com:6060	ConnectionTimeoutError: Connection timeout to host https://discord.com/api/v9/unique-username/username-attempt-unauthed
2026-09-01 18:35:53	NETWORK	edtf	attempt=1	proxy=http://wiw4v7duaymysz9-session-e132c24a4f14-lifetime-10:***@rp.scrapegw.com:6060	ConnectionTimeoutError: Connection timeout to host https://discord.com/api/v9/unique-username/username-attempt-unauthed
2026-09-01 18:35:53	NETWORK	edrw	attempt=1	proxy=http://wiw4v7duaymysz9-session-e466c040b3d4-lifetime-10:***@rp.scrapegw.com:6060	ConnectionTimeoutError: Connection timeout to host https://discord.com/api/v9/unique-username/username-attempt-unauthed
2026-09-01 18:35:53	NETWORK	eduw	attempt=1	proxy=http://wiw4v7duaymysz9-session-393d6e928d4f-lifetime-10:***@rp.scrapegw.com:6060	ConnectionTimeoutError: Connection timeout to host https://discord.com/api/v9/unique-username/username-attempt-unauthed
2026-09-01 18:35:54	NETWORK	edzs	attempt=1	proxy=http://wiw4v7duaymysz9-session-1aab9c0d317f-lifetime-10:***@rp.scrapegw.com:6060	ConnectionTimeoutError: Connection timeout to host https://discord.com/api/v9/unique-username/username-attempt-unauthed
2026-09-01 18:35:54	NETWORK	edzi	attempt=1	proxy=http://wiw4v7duaymysz9-session-4dfb19f2f8bc-lifetime-10:***@rp.scrapegw.com:6060	ConnectionTimeoutError: Connection timeout to host https://discord.com/api/v9/unique-username/username-attempt-unauthed
2026-09-01 18:35:54	NETWORK	edvb	attempt=1	proxy=http://wiw4v7duaymysz9-session-da60f4585a7a-lifetime-10:***@rp.scrapegw.com:6060	ConnectionTimeoutError: Connection timeout to host https://discord.com/api/v9/unique-username/username-attempt-unauthed
2026-09-01 18:35:54	NETWORK	edvz	attempt=1	proxy=http://wiw4v7duaymysz9-session-11a470bbe57e-lifetime-10:***@rp.scrapegw.com:6060	ConnectionTimeoutError: Connection timeout to host https://discord.com/api/v9/unique-username/username-attempt-unauthed
2026-09-01 18:35:54	NETWORK	edwh	attempt=1	proxy=http://wiw4v7duaymysz9-session-7c653c31c3be-lifetime-10:***@rp.scrapegw.com:6060	ConnectionTimeoutError: Connection timeout to host https://discord.com/api/v9/unique-username/username-attempt-unauthed
2026-09-01 18:35:54	NETWORK	edyp	attempt=1	proxy=http://wiw4v7duaymysz9-session-ca26023e2e56-lifetime-10:***@rp.scrapegw.com:6060	ConnectionTimeoutError: Connection timeout to host https://discord.com/api/v9/unique-username/username-attempt-unauthed
2026-09-01 18:35:54	NETWORK	edys	attempt=1	proxy=http://wiw4v7duaymysz9-session-f71393eab711-lifetime-10:***@rp.scrapegw.com:6060	ConnectionTimeoutError: Connection timeout to host https://discord.com/api/v9/unique-username/username-attempt-unauthed
2026-09-01 18:35:54	NETWORK	eeac	attempt=1	proxy=http://wiw4v7duaymysz9-session-a3f9b5cff249-lifetime-10:***@rp.scrapegw.com:6060	ConnectionTimeoutError: Connection timeout to host https://discord.com/api/v9/unique-username/username-attempt-unauthed
2026-09-01 18:35:55	HTTP_429	egbl	attempt=1	proxy=http://wiw4v7duaymysz9-session-793fee6d66bb-lifetime-10:***@rp.scrapegw.com:6060	scope=shared global=False retry_after=2071.00s
2026-09-01 18:35:55	NETWORK	eeef	attempt=1	proxy=http://wiw4v7duaymysz9-session-d751fd3d4893-lifetime-10:***@rp.scrapegw.com:6060	ConnectionTimeoutError: Connection timeout to host https://discord.com/api/v9/unique-username/username-attempt-unauthed
2026-09-01 18:35:55	NETWORK	eefk	attempt=1	proxy=http://wiw4v7duaymysz9-session-d16a1b86c910-lifetime-10:***@rp.scrapegw.com:6060	ConnectionTimeoutError: Connection timeout to host https://discord.com/api/v9/unique-username/username-attempt-unauthed
2026-09-01 18:35:55	NETWORK	eeev	attempt=1	proxy=http://wiw4v7duaymysz9-session-f6dd4c4a139c-lifetime-10:***@rp.scrapegw.com:6060	ConnectionTimeoutError: Connection timeout to host https://discord.com/api/v9/unique-username/username-attempt-unauthed
2026-09-01 18:35:55	NETWORK	eefq	attempt=1	proxy=http://wiw4v7duaymysz9-session-6d5ec1bfb7b9-lifetime-10:***@rp.scrapegw.com:6060	ConnectionTimeoutError: Connection timeout to host https://discord.com/api/v9/unique-username/username-attempt-unauthed
2026-09-01 18:35:55	NETWORK	eegi	attempt=1	proxy=http://wiw4v7duaymysz9-session-2b875396c339-lifetime-10:***@rp.scrapegw.com:6060	ConnectionTimeoutError: Connection timeout to host https://discord.com/api/v9/unique-username/username-attempt-unauthed
2026-09-01 18:35:55	NETWORK	eeco	attempt=1	proxy=http://wiw4v7duaymysz9-session-71f68caa5917-lifetime-10:***@rp.scrapegw.com:6060	ConnectionTimeoutError: Connection timeout to host https://discord.com/api/v9/unique-username/username-attempt-unauthed
2026-09-01 18:35:55	NETWORK	eees	attempt=1	proxy=http://wiw4v7duaymysz9-session-190f776171b8-lifetime-10:***@rp.scrapegw.com:6060	ConnectionTimeoutError: Connection timeout to host https://discord.com/api/v9/unique-username/username-attempt-unauthed
2026-09-01 18:35:55	NETWORK	eefc	attempt=1	proxy=http://wiw4v7duaymysz9-session-0a52a4d681d1-lifetime-10:***@rp.scrapegw.com:6060	ConnectionTimeoutError: Connection timeout to host https://discord.com/api/v9/unique-username/username-attempt-unauthed
2026-09-01 18:35:55	NETWORK	eecq	attempt=1	proxy=http://wiw4v7duaymysz9-session-fdbb0b0a7830-lifetime-10:***@rp.scrapegw.com:6060	ConnectionTimeoutError: Connection timeout to host https://discord.com/api/v9/unique-username/username-attempt-unauthed
2026-09-01 18:35:56	NETWORK	eemq	attempt=1	proxy=http://wiw4v7duaymysz9-session-333ac22a3783-lifetime-10:***@rp.scrapegw.com:6060	ConnectionTimeoutError: Connection timeout to host https://discord.com/api/v9/unique-username/username-attempt-unauthed
2026-09-01 18:35:56	NETWORK	eekh	attempt=1	proxy=http://wiw4v7duaymysz9-session-e4e42869d88e-lifetime-10:***@rp.scrapegw.com:6060	ConnectionTimeoutError: Connection timeout to host https://discord.com/api/v9/unique-username/username-attempt-unauthed
2026-09-01 18:35:56	NETWORK	eehj	attempt=1	proxy=http://wiw4v7duaymysz9-session-7ea5b167b99b-lifetime-10:***@rp.scrapegw.com:6060	ConnectionTimeoutError: Connection timeout to host https://discord.com/api/v9/unique-username/username-attempt-unauthed
2026-09-01 18:35:56	NETWORK	eehz	attempt=1	proxy=http://wiw4v7duaymysz9-session-928b25d65279-lifetime-10:***@rp.scrapegw.com:6060	ConnectionTimeoutError: Connection timeout to host https://discord.com/api/v9/unique-username/username-attempt-unauthed
2026-09-01 18:35:56	NETWORK	eehb	attempt=1	proxy=http://wiw4v7duaymysz9-session-910296ab6a87-lifetime-10:***@rp.scrapegw.com:6060	ConnectionTimeoutError: Connection timeout to host https://discord.com/api/v9/unique-username/username-attempt-unauthed
2026-09-01 18:35:56	NETWORK	eelu	attempt=1	proxy=http://wiw4v7duaymysz9-session-df97bb89afa1-lifetime-10:***@rp.scrapegw.com:6060	ConnectionTimeoutError: Connection timeout to host https://discord.com/api/v9/unique-username/username-attempt-unauthed
2026-09-01 18:35:56	NETWORK	eedy	attempt=1	proxy=http://wiw4v7duaymysz9-session-848dc5dcaed8-lifetime-10:***@rp.scrapegw.com:6060	ConnectionTimeoutError: Connection timeout to host https://discord.com/api/v9/unique-username/username-attempt-unauthed
2026-09-01 18:35:56	NETWORK	eejk	attempt=1	proxy=http://wiw4v7duaymysz9-session-0fd3a06389f5-lifetime-10:***@rp.scrapegw.com:6060	ConnectionTimeoutError: Connection timeout to host https://discord.com/api/v9/unique-username/username-attempt-unauthed
2026-09-01 18:35:56	NETWORK	eegu	attempt=1	proxy=http://wiw4v7duaymysz9-session-e66c8093c1a0-lifetime-10:***@rp.scrapegw.com:6060	ConnectionTimeoutError: Connection timeout to host https://discord.com/api/v9/unique-username/username-attempt-unauthed
2026-09-01 18:35:57	NETWORK	eepv	attempt=1	proxy=http://wiw4v7duaymysz9-session-e132c24a4f14-lifetime-10:***@rp.scrapegw.com:6060	ConnectionTimeoutError: Connection timeout to host https://discord.com/api/v9/unique-username/username-attempt-unauthed
2026-09-01 18:35:57	NETWORK	eepd	attempt=1	proxy=http://wiw4v7duaymysz9-session-c658694b6f29-lifetime-10:***@rp.scrapegw.com:6060	ConnectionTimeoutError: Connection timeout to host https://discord.com/api/v9/unique-username/username-attempt-unauthed
2026-09-01 18:35:57	NETWORK	eeoe	attempt=1	proxy=http://wiw4v7duaymysz9-session-811b185b7963-lifetime-10:***@rp.scrapegw.com:6060	ConnectionTimeoutError: Connection timeout to host https://discord.com/api/v9/unique-username/username-attempt-unauthed
2026-09-01 18:35:57	NETWORK	eepn	attempt=1	proxy=http://wiw4v7duaymysz9-session-7b4c1fa8d53f-lifetime-10:***@rp.scrapegw.com:6060	ConnectionTimeoutError: Connection timeout to host https://discord.com/api/v9/unique-username/username-attempt-unauthed
2026-09-01 18:35:57	NETWORK	eenx	attempt=1	proxy=http://wiw4v7duaymysz9-session-a29be8453ef3-lifetime-10:***@rp.scrapegw.com:6060	ConnectionTimeoutError: Connection timeout to host https://discord.com/api/v9/unique-username/username-attempt-unauthed
2026-09-01 18:35:57	NETWORK	eegr	attempt=1	proxy=http://wiw4v7duaymysz9-session-836c6d87f233-lifetime-10:***@rp.scrapegw.com:6060	ConnectionTimeoutError: Connection timeout to host https://discord.com/api/v9/unique-username/username-attempt-unauthed
2026-09-01 18:35:57	NETWORK	eenu	attempt=1	proxy=http://wiw4v7duaymysz9-session-432141b3a7c5-lifetime-10:***@rp.scrapegw.com:6060	ConnectionTimeoutError: Connection timeout to host https://discord.com/api/v9/unique-username/username-attempt-unauthed
2026-09-01 18:35:57	NETWORK	eemy	attempt=1	proxy=http://wiw4v7duaymysz9-session-aec468d1589d-lifetime-10:***@rp.scrapegw.com:6060	ConnectionTimeoutError: Connection timeout to host https://discord.com/api/v9/unique-username/username-attempt-unauthed
2026-09-01 18:35:57	NETWORK	eenw	attempt=1	proxy=http://wiw4v7duaymysz9-session-ead3b11b5a93-lifetime-10:***@rp.scrapegw.com:6060	ConnectionTimeoutError: Connection timeout to host https://discord.com/api/v9/unique-username/username-attempt-unauthed
2026-09-01 18:35:57	NETWORK	eepb	attempt=1	proxy=http://wiw4v7duaymysz9-session-e466c040b3d4-lifetime-10:***@rp.scrapegw.com:6060	ConnectionTimeoutError: Connection timeout to host https://discord.com/api/v9/unique-username/username-attempt-unauthed
2026-09-01 18:35:57	NETWORK	eena	attempt=1	proxy=http://wiw4v7duaymysz9-session-feff2b3362c9-lifetime-10:***@rp.scrapegw.com:6060	ConnectionTimeoutError: Connection timeout to host https://discord.com/api/v9/unique-username/username-attempt-unauthed
2026-09-01 18:35:58	NETWORK	eeqf	attempt=1	proxy=http://wiw4v7duaymysz9-session-d1601e06cba1-lifetime-10:***@rp.scrapegw.com:6060	ConnectionTimeoutError: Connection timeout to host https://discord.com/api/v9/unique-username/username-attempt-unauthed
2026-09-01 18:35:58	NETWORK	eetj	attempt=1	proxy=http://wiw4v7duaymysz9-session-09bc865292ea-lifetime-10:***@rp.scrapegw.com:6060	ConnectionTimeoutError: Connection timeout to host https://discord.com/api/v9/unique-username/username-attempt-unauthed
2026-09-01 18:35:58	NETWORK	eeqp	attempt=1	proxy=http://wiw4v7duaymysz9-session-393d6e928d4f-lifetime-10:***@rp.scrapegw.com:6060	ConnectionTimeoutError: Connection timeout to host https://discord.com/api/v9/unique-username/username-attempt-unauthed
2026-09-01 18:35:58	NETWORK	eetf	attempt=1	proxy=http://wiw4v7duaymysz9-session-2ff0a99e334f-lifetime-10:***@rp.scrapegw.com:6060	ConnectionTimeoutError: Connection timeout to host https://discord.com/api/v9/unique-username/username-attempt-unauthed
2026-09-01 18:35:58	NETWORK	eeuc	attempt=1	proxy=http://wiw4v7duaymysz9-session-5ba8fe140b71-lifetime-10:***@rp.scrapegw.com:6060	ConnectionTimeoutError: Connection timeout to host https://discord.com/api/v9/unique-username/username-attempt-unauthed
2026-09-01 18:35:58	NETWORK	eerd	attempt=1	proxy=http://wiw4v7duaymysz9-session-ba6dc7e5dff1-lifetime-10:***@rp.scrapegw.com:6060	ConnectionTimeoutError: Connection timeout to host https://discord.com/api/v9/unique-username/username-attempt-unauthed
2026-09-01 18:35:58	NETWORK	eeqr	attempt=1	proxy=http://wiw4v7duaymysz9-session-da60f4585a7a-lifetime-10:***@rp.scrapegw.com:6060	ConnectionTimeoutError: Connection timeout to host https://discord.com/api/v9/unique-username/username-attempt-unauthed
2026-09-01 18:35:58	NETWORK	eeti	attempt=1	proxy=http://wiw4v7duaymysz9-session-3e0c2a8dfa2e-lifetime-10:***@rp.scrapegw.com:6060	ConnectionTimeoutError: Connection timeout to host https://discord.com/api/v9/unique-username/username-attempt-unauthed
2026-09-01 18:35:58	HTTP_429	egwj	attempt=1	proxy=http://wiw4v7duaymysz9-session-f9a5a91095f9-lifetime-10:***@rp.scrapegw.com:6060	scope=shared global=False retry_after=2069.00s
2026-09-01 18:35:59	NETWORK	eexx	attempt=1	proxy=http://wiw4v7duaymysz9-session-d751fd3d4893-lifetime-10:***@rp.scrapegw.com:6060	ConnectionTimeoutError: Connection timeout to host https://discord.com/api/v9/unique-username/username-attempt-unauthed
2026-09-01 18:35:59	NETWORK	eexv	attempt=1	proxy=http://wiw4v7duaymysz9-session-848dc5dcaed8-lifetime-10:***@rp.scrapegw.com:6060	ConnectionTimeoutError: Connection timeout to host https://discord.com/api/v9/unique-username/username-attempt-unauthed
2026-09-01 18:35:59	NETWORK	eexm	attempt=1	proxy=http://wiw4v7duaymysz9-session-fdbb0b0a7830-lifetime-10:***@rp.scrapegw.com:6060	ConnectionTimeoutError: Connection timeout to host https://discord.com/api/v9/unique-username/username-attempt-unauthed
2026-09-01 18:35:59	NETWORK	eeun	attempt=1	proxy=http://wiw4v7duaymysz9-session-2f3c047b88b0-lifetime-10:***@rp.scrapegw.com:6060	ConnectionTimeoutError: Connection timeout to host https://discord.com/api/v9/unique-username/username-attempt-unauthed
2026-09-01 18:36:00	NETWORK	efbr	attempt=1	proxy=http://wiw4v7duaymysz9-session-1c95670fca9f-lifetime-10:***@rp.scrapegw.com:6060	ConnectionTimeoutError: Connection timeout to host https://discord.com/api/v9/unique-username/username-attempt-unauthed
2026-09-01 18:36:00	NETWORK	efdl	attempt=1	proxy=http://wiw4v7duaymysz9-session-d16a1b86c910-lifetime-10:***@rp.scrapegw.com:6060	ConnectionTimeoutError: Connection timeout to host https://discord.com/api/v9/unique-username/username-attempt-unauthed
2026-09-01 18:36:00	NETWORK	efag	attempt=1	proxy=http://wiw4v7duaymysz9-session-f6dd4c4a139c-lifetime-10:***@rp.scrapegw.com:6060	ConnectionTimeoutError: Connection timeout to host https://discord.com/api/v9/unique-username/username-attempt-unauthed
2026-09-01 18:36:00	NETWORK	efex	attempt=1	proxy=http://wiw4v7duaymysz9-session-6d5ec1bfb7b9-lifetime-10:***@rp.scrapegw.com:6060	ConnectionTimeoutError: Connection timeout to host https://discord.com/api/v9/unique-username/username-attempt-unauthed
2026-09-01 18:36:00	NETWORK	eeye	attempt=1	proxy=http://wiw4v7duaymysz9-session-50b90b88b809-lifetime-10:***@rp.scrapegw.com:6060	ConnectionTimeoutError: Connection timeout to host https://discord.com/api/v9/unique-username/username-attempt-unauthed
2026-09-01 18:36:00	NETWORK	eezt	attempt=1	proxy=http://wiw4v7duaymysz9-session-123697ab1c63-lifetime-10:***@rp.scrapegw.com:6060	ConnectionTimeoutError: Connection timeout to host https://discord.com/api/v9/unique-username/username-attempt-unauthed
2026-09-01 18:36:00	NETWORK	eevy	attempt=1	proxy=http://wiw4v7duaymysz9-session-71f68caa5917-lifetime-10:***@rp.scrapegw.com:6060	ConnectionTimeoutError: Connection timeout to host https://discord.com/api/v9/unique-username/username-attempt-unauthed
2026-09-01 18:36:00	NETWORK	eexy	attempt=1	proxy=http://wiw4v7duaymysz9-session-190f776171b8-lifetime-10:***@rp.scrapegw.com:6060	ConnectionTimeoutError: Connection timeout to host https://discord.com/api/v9/unique-username/username-attempt-unauthed
2026-09-01 18:36:00	NETWORK	efdj	attempt=1	proxy=http://wiw4v7duaymysz9-session-3c29bb656b25-lifetime-10:***@rp.scrapegw.com:6060	ConnectionTimeoutError: Connection timeout to host https://discord.com/api/v9/unique-username/username-attempt-unauthed
2026-09-01 18:36:00	NETWORK	efck	attempt=1	proxy=http://wiw4v7duaymysz9-session-26b16d49830b-lifetime-10:***@rp.scrapegw.com:6060	ConnectionTimeoutError: Connection timeout to host https://discord.com/api/v9/unique-username/username-attempt-unauthed
2026-09-01 18:36:00	NETWORK	efba	attempt=1	proxy=http://wiw4v7duaymysz9-session-0a52a4d681d1-lifetime-10:***@rp.scrapegw.com:6060	ConnectionTimeoutError: Connection timeout to host https://discord.com/api/v9/unique-username/username-attempt-unauthed
2026-09-01 18:36:00	NETWORK	efdq	attempt=1	proxy=http://wiw4v7duaymysz9-session-ee8e028bfaff-lifetime-10:***@rp.scrapegw.com:6060	ConnectionTimeoutError: Connection timeout to host https://discord.com/api/v9/unique-username/username-attempt-unauthed
2026-09-01 18:36:01	NETWORK	eflf	attempt=1	proxy=http://wiw4v7duaymysz9-session-811b185b7963-lifetime-10:***@rp.scrapegw.com:6060	ConnectionTimeoutError: Connection timeout to host https://discord.com/api/v9/unique-username/username-attempt-unauthed
2026-09-01 18:36:01	NETWORK	efkl	attempt=1	proxy=http://wiw4v7duaymysz9-session-ead3b11b5a93-lifetime-10:***@rp.scrapegw.com:6060	ConnectionTimeoutError: Connection timeout to host https://discord.com/api/v9/unique-username/username-attempt-unauthed
2026-09-01 18:36:01	NETWORK	efmb	attempt=1	proxy=http://wiw4v7duaymysz9-session-e466c040b3d4-lifetime-10:***@rp.scrapegw.com:6060	ConnectionTimeoutError: Connection timeout to host https://discord.com/api/v9/unique-username/username-attempt-unauthed
2026-09-01 18:36:01	NETWORK	efkt	attempt=1	proxy=http://wiw4v7duaymysz9-session-a29be8453ef3-lifetime-10:***@rp.scrapegw.com:6060	ConnectionTimeoutError: Connection timeout to host https://discord.com/api/v9/unique-username/username-attempt-unauthed
2026-09-01 18:36:01	NETWORK	effd	attempt=1	proxy=http://wiw4v7duaymysz9-session-2b875396c339-lifetime-10:***@rp.scrapegw.com:6060	ConnectionTimeoutError: Connection timeout to host https://discord.com/api/v9/unique-username/username-attempt-unauthed
2026-09-01 18:36:01	NETWORK	efjr	attempt=1	proxy=http://wiw4v7duaymysz9-session-9ac002398b52-lifetime-10:***@rp.scrapegw.com:6060	ConnectionTimeoutError: Connection timeout to host https://discord.com/api/v9/unique-username/username-attempt-unauthed
2026-09-01 18:36:01	NETWORK	efqd	attempt=1	proxy=http://wiw4v7duaymysz9-session-e132c24a4f14-lifetime-10:***@rp.scrapegw.com:6060	ConnectionTimeoutError: Connection timeout to host https://discord.com/api/v9/unique-username/username-attempt-unauthed
2026-09-01 18:36:01	NETWORK	efgb	attempt=1	proxy=http://wiw4v7duaymysz9-session-e4e42869d88e-lifetime-10:***@rp.scrapegw.com:6060	ConnectionTimeoutError: Connection timeout to host https://discord.com/api/v9/unique-username/username-attempt-unauthed
2026-09-01 18:36:01	NETWORK	efih	attempt=1	proxy=http://wiw4v7duaymysz9-session-5caf4468f761-lifetime-10:***@rp.scrapegw.com:6060	ConnectionTimeoutError: Connection timeout to host https://discord.com/api/v9/unique-username/username-attempt-unauthed
2026-09-01 18:36:01	NETWORK	efim	attempt=1	proxy=http://wiw4v7duaymysz9-session-486c654aff40-lifetime-10:***@rp.scrapegw.com:6060	ConnectionTimeoutError: Connection timeout to host https://discord.com/api/v9/unique-username/username-attempt-unauthed
2026-09-01 18:36:01	NETWORK	efok	attempt=1	proxy=http://wiw4v7duaymysz9-session-c658694b6f29-lifetime-10:***@rp.scrapegw.com:6060	ConnectionTimeoutError: Connection timeout to host https://discord.com/api/v9/unique-username/username-attempt-unauthed
2026-09-01 18:36:02	NETWORK	efrl	attempt=1	proxy=http://wiw4v7duaymysz9-session-43b364154f2c-lifetime-10:***@rp.scrapegw.com:6060	ConnectionTimeoutError: Connection timeout to host https://discord.com/api/v9/unique-username/username-attempt-unauthed
2026-09-01 18:36:02	NETWORK	efqy	attempt=1	proxy=http://wiw4v7duaymysz9-session-7c653c31c3be-lifetime-10:***@rp.scrapegw.com:6060	ConnectionTimeoutError: Connection timeout to host https://discord.com/api/v9/unique-username/username-attempt-unauthed
2026-09-01 18:36:02	NETWORK	efqt	attempt=1	proxy=http://wiw4v7duaymysz9-session-da60f4585a7a-lifetime-10:***@rp.scrapegw.com:6060	ConnectionTimeoutError: Connection timeout to host https://discord.com/api/v9/unique-username/username-attempt-unauthed
2026-09-01 18:36:02	NETWORK	efoy	attempt=1	proxy=http://wiw4v7duaymysz9-session-7b4c1fa8d53f-lifetime-10:***@rp.scrapegw.com:6060	ConnectionTimeoutError: Connection timeout to host https://discord.com/api/v9/unique-username/username-attempt-unauthed
2026-09-01 18:36:02	NETWORK	efsf	attempt=1	proxy=http://wiw4v7duaymysz9-session-ba6dc7e5dff1-lifetime-10:***@rp.scrapegw.com:6060	ConnectionTimeoutError: Connection timeout to host https://discord.com/api/v9/unique-username/username-attempt-unauthed
2026-09-01 18:36:02	NETWORK	efsp	attempt=1	proxy=http://wiw4v7duaymysz9-session-495db899b010-lifetime-10:***@rp.scrapegw.com:6060	ConnectionTimeoutError: Connection timeout to host https://discord.com/api/v9/unique-username/username-attempt-unauthed
2026-09-01 18:36:02	NETWORK	efqu	attempt=1	proxy=http://wiw4v7duaymysz9-session-11a470bbe57e-lifetime-10:***@rp.scrapegw.com:6060	ConnectionTimeoutError: Connection timeout to host https://discord.com/api/v9/unique-username/username-attempt-unauthed
2026-09-01 18:36:02	HTTP_429	ehqi	attempt=1	proxy=http://wiw4v7duaymysz9-session-bab7560abdda-lifetime-10:***@rp.scrapegw.com:6060	scope=shared global=False retry_after=2074.00s
2026-09-01 18:36:03	NETWORK	egbt	attempt=1	proxy=http://wiw4v7duaymysz9-session-5ba8fe140b71-lifetime-10:***@rp.scrapegw.com:6060	ConnectionTimeoutError: Connection timeout to host https://discord.com/api/v9/unique-username/username-attempt-unauthed
2026-09-01 18:36:03	NETWORK	efvt	attempt=1	proxy=http://wiw4v7duaymysz9-session-7c7a33c72a32-lifetime-10:***@rp.scrapegw.com:6060	ConnectionTimeoutError: Connection timeout to host https://discord.com/api/v9/unique-username/username-attempt-unauthed
2026-09-01 18:36:03	NETWORK	efye	attempt=1	proxy=http://wiw4v7duaymysz9-session-4caced0d179f-lifetime-10:***@rp.scrapegw.com:6060	ConnectionTimeoutError: Connection timeout to host https://discord.com/api/v9/unique-username/username-attempt-unauthed
2026-09-01 18:36:03	NETWORK	efvq	attempt=1	proxy=http://wiw4v7duaymysz9-session-e19d4cf0773a-lifetime-10:***@rp.scrapegw.com:6060	ConnectionTimeoutError: Connection timeout to host https://discord.com/api/v9/unique-username/username-attempt-unauthed
2026-09-01 18:36:03	NETWORK	efua	attempt=1	proxy=http://wiw4v7duaymysz9-session-464aaeed94ca-lifetime-10:***@rp.scrapegw.com:6060	ConnectionTimeoutError: Connection timeout to host https://discord.com/api/v9/unique-username/username-attempt-unauthed
2026-09-01 18:36:03	NETWORK	egdh	attempt=1	proxy=http://wiw4v7duaymysz9-session-2f3c047b88b0-lifetime-10:***@rp.scrapegw.com:6060	ConnectionTimeoutError: Connection timeout to host https://discord.com/api/v9/unique-username/username-attempt-unauthed
2026-09-01 18:36:03	NETWORK	egay	attempt=1	proxy=http://wiw4v7duaymysz9-session-3e0c2a8dfa2e-lifetime-10:***@rp.scrapegw.com:6060	ConnectionTimeoutError: Connection timeout to host https://discord.com/api/v9/unique-username/username-attempt-unauthed
2026-09-01 18:36:03	NETWORK	efya	attempt=1	proxy=http://wiw4v7duaymysz9-session-6a9938a26128-lifetime-10:***@rp.scrapegw.com:6060	ConnectionTimeoutError: Connection timeout to host https://discord.com/api/v9/unique-username/username-attempt-unauthed
2026-09-01 18:36:04	NETWORK	eghf	attempt=1	proxy=http://wiw4v7duaymysz9-session-99cbfcd0bd1d-lifetime-10:***@rp.scrapegw.com:6060	ConnectionTimeoutError: Connection timeout to host https://discord.com/api/v9/unique-username/username-attempt-unauthed
2026-09-01 18:36:04	NETWORK	eghd	attempt=1	proxy=http://wiw4v7duaymysz9-session-836c6d87f233-lifetime-10:***@rp.scrapegw.com:6060	ConnectionTimeoutError: Connection timeout to host https://discord.com/api/v9/unique-username/username-attempt-unauthed
2026-09-01 18:36:04	NETWORK	egdp	attempt=1	proxy=http://wiw4v7duaymysz9-session-50b90b88b809-lifetime-10:***@rp.scrapegw.com:6060	ConnectionTimeoutError: Connection timeout to host https://discord.com/api/v9/unique-username/username-attempt-unauthed
2026-09-01 18:36:04	NETWORK	egem	attempt=1	proxy=http://wiw4v7duaymysz9-session-26b16d49830b-lifetime-10:***@rp.scrapegw.com:6060	ConnectionTimeoutError: Connection timeout to host https://discord.com/api/v9/unique-username/username-attempt-unauthed
2026-09-01 18:36:04	NETWORK	egha	attempt=1	proxy=http://wiw4v7duaymysz9-session-825258a0a4be-lifetime-10:***@rp.scrapegw.com:6060	ConnectionTimeoutError: Connection timeout to host https://discord.com/api/v9/unique-username/username-attempt-unauthed
2026-09-01 18:36:04	NETWORK	egga	attempt=1	proxy=http://wiw4v7duaymysz9-session-3c29bb656b25-lifetime-10:***@rp.scrapegw.com:6060	ConnectionTimeoutError: Connection timeout to host https://discord.com/api/v9/unique-username/username-attempt-unauthed
2026-09-01 18:36:04	NETWORK	egea	attempt=1	proxy=http://wiw4v7duaymysz9-session-123697ab1c63-lifetime-10:***@rp.scrapegw.com:6060	ConnectionTimeoutError: Connection timeout to host https://discord.com/api/v9/unique-username/username-attempt-unauthed
2026-09-01 18:36:04	NETWORK	egdk	attempt=1	proxy=http://wiw4v7duaymysz9-session-c0b5d2178ed0-lifetime-10:***@rp.scrapegw.com:6060	ConnectionTimeoutError: Connection timeout to host https://discord.com/api/v9/unique-username/username-attempt-unauthed
2026-09-01 18:36:04	NETWORK	egeh	attempt=1	proxy=http://wiw4v7duaymysz9-session-1c95670fca9f-lifetime-10:***@rp.scrapegw.com:6060	ConnectionTimeoutError: Connection timeout to host https://discord.com/api/v9/unique-username/username-attempt-unauthed
2026-09-01 18:36:04	NETWORK	eggq	attempt=1	proxy=http://wiw4v7duaymysz9-session-ee8e028bfaff-lifetime-10:***@rp.scrapegw.com:6060	ConnectionTimeoutError: Connection timeout to host https://discord.com/api/v9/unique-username/username-attempt-unauthed
2026-09-01 18:36:05	NETWORK	egkp	attempt=1	proxy=http://wiw4v7duaymysz9-session-37908978ee4d-lifetime-10:***@rp.scrapegw.com:6060	ConnectionTimeoutError: Connection timeout to host https://discord.com/api/v9/unique-username/username-attempt-unauthed
2026-09-01 18:36:05	NETWORK	egmv	attempt=1	proxy=http://wiw4v7duaymysz9-session-5caf4468f761-lifetime-10:***@rp.scrapegw.com:6060	ConnectionTimeoutError: Connection timeout to host https://discord.com/api/v9/unique-username/username-attempt-unauthed
2026-09-01 18:36:05	NETWORK	egmy	attempt=1	proxy=http://wiw4v7duaymysz9-session-ee14a39a34e0-lifetime-10:***@rp.scrapegw.com:6060	ConnectionTimeoutError: Connection timeout to host https://discord.com/api/v9/unique-username/username-attempt-unauthed
2026-09-01 18:36:05	NETWORK	egid	attempt=1	proxy=http://wiw4v7duaymysz9-session-aec468d1589d-lifetime-10:***@rp.scrapegw.com:6060	ConnectionTimeoutError: Connection timeout to host https://discord.com/api/v9/unique-username/username-attempt-unauthed
2026-09-01 18:36:05	NETWORK	eghm	attempt=1	proxy=http://wiw4v7duaymysz9-session-99571d6ae2de-lifetime-10:***@rp.scrapegw.com:6060	ConnectionTimeoutError: Connection timeout to host https://discord.com/api/v9/unique-username/username-attempt-unauthed
2026-09-01 18:36:05	NETWORK	egie	attempt=1	proxy=http://wiw4v7duaymysz9-session-feff2b3362c9-lifetime-10:***@rp.scrapegw.com:6060	ConnectionTimeoutError: Connection timeout to host https://discord.com/api/v9/unique-username/username-attempt-unauthed
2026-09-01 18:36:05	NETWORK	egot	attempt=1	proxy=http://wiw4v7duaymysz9-session-486c654aff40-lifetime-10:***@rp.scrapegw.com:6060	ConnectionTimeoutError: Connection timeout to host https://discord.com/api/v9/unique-username/username-attempt-unauthed
2026-09-01 18:36:05	NETWORK	egmm	attempt=1	proxy=http://wiw4v7duaymysz9-session-4653bb17cf2c-lifetime-10:***@rp.scrapegw.com:6060	ConnectionTimeoutError: Connection timeout to host https://discord.com/api/v9/unique-username/username-attempt-unauthed
2026-09-01 18:36:05	NETWORK	egjl	attempt=1	proxy=http://wiw4v7duaymysz9-session-4d5030b303fb-lifetime-10:***@rp.scrapegw.com:6060	ConnectionTimeoutError: Connection timeout to host https://discord.com/api/v9/unique-username/username-attempt-unauthed
2026-09-01 18:36:06	NETWORK	egwd	attempt=1	proxy=http://wiw4v7duaymysz9-session-495db899b010-lifetime-10:***@rp.scrapegw.com:6060	ConnectionTimeoutError: Connection timeout to host https://discord.com/api/v9/unique-username/username-attempt-unauthed
2026-09-01 18:36:06	NETWORK	egwh	attempt=1	proxy=http://wiw4v7duaymysz9-session-464aaeed94ca-lifetime-10:***@rp.scrapegw.com:6060	ConnectionTimeoutError: Connection timeout to host https://discord.com/api/v9/unique-username/username-attempt-unauthed
2026-09-01 18:36:06	NETWORK	egqf	attempt=1	proxy=http://wiw4v7duaymysz9-session-9ac002398b52-lifetime-10:***@rp.scrapegw.com:6060	ConnectionTimeoutError: Connection timeout to host https://discord.com/api/v9/unique-username/username-attempt-unauthed
2026-09-01 18:36:06	NETWORK	egsb	attempt=1	proxy=http://wiw4v7duaymysz9-session-d1601e06cba1-lifetime-10:***@rp.scrapegw.com:6060	ConnectionTimeoutError: Connection timeout to host https://discord.com/api/v9/unique-username/username-attempt-unauthed
2026-09-01 18:36:06	NETWORK	egvs	attempt=1	proxy=http://wiw4v7duaymysz9-session-ba6dc7e5dff1-lifetime-10:***@rp.scrapegw.com:6060	ConnectionTimeoutError: Connection timeout to host https://discord.com/api/v9/unique-username/username-attempt-unauthed
2026-09-01 18:36:06	NETWORK	egsd	attempt=1	proxy=http://wiw4v7duaymysz9-session-393d6e928d4f-lifetime-10:***@rp.scrapegw.com:6060	ConnectionTimeoutError: Connection timeout to host https://discord.com/api/v9/unique-username/username-attempt-unauthed
2026-09-01 18:36:06	NETWORK	egtl	attempt=1	proxy=http://wiw4v7duaymysz9-session-7c653c31c3be-lifetime-10:***@rp.scrapegw.com:6060	ConnectionTimeoutError: Connection timeout to host https://discord.com/api/v9/unique-username/username-attempt-unauthed
2026-09-01 18:36:06	NETWORK	egsw	attempt=1	proxy=http://wiw4v7duaymysz9-session-11a470bbe57e-lifetime-10:***@rp.scrapegw.com:6060	ConnectionTimeoutError: Connection timeout to host https://discord.com/api/v9/unique-username/username-attempt-unauthed
2026-09-01 18:36:07	NETWORK	egzk	attempt=1	proxy=http://wiw4v7duaymysz9-session-4dfb19f2f8bc-lifetime-10:***@rp.scrapegw.com:6060	ConnectionTimeoutError: Connection timeout to host https://discord.com/api/v9/unique-username/username-attempt-unauthed
2026-09-01 18:36:07	NETWORK	egyp	attempt=1	proxy=http://wiw4v7duaymysz9-session-6a9938a26128-lifetime-10:***@rp.scrapegw.com:6060	ConnectionTimeoutError: Connection timeout to host https://discord.com/api/v9/unique-username/username-attempt-unauthed
2026-09-01 18:36:07	NETWORK	ehal	attempt=1	proxy=http://wiw4v7duaymysz9-session-1aab9c0d317f-lifetime-10:***@rp.scrapegw.com:6060	ConnectionTimeoutError: Connection timeout to host https://discord.com/api/v9/unique-username/username-attempt-unauthed
2026-09-01 18:36:07	NETWORK	egyq	attempt=1	proxy=http://wiw4v7duaymysz9-session-4caced0d179f-lifetime-10:***@rp.scrapegw.com:6060	ConnectionTimeoutError: Connection timeout to host https://discord.com/api/v9/unique-username/username-attempt-unauthed
2026-09-01 18:36:07	NETWORK	egxd	attempt=1	proxy=http://wiw4v7duaymysz9-session-7c7a33c72a32-lifetime-10:***@rp.scrapegw.com:6060	ConnectionTimeoutError: Connection timeout to host https://discord.com/api/v9/unique-username/username-attempt-unauthed
2026-09-01 18:36:07	NETWORK	egxb	attempt=1	proxy=http://wiw4v7duaymysz9-session-e19d4cf0773a-lifetime-10:***@rp.scrapegw.com:6060	ConnectionTimeoutError: Connection timeout to host https://discord.com/api/v9/unique-username/username-attempt-unauthed
2026-09-01 18:36:07	NETWORK	ehao	attempt=1	proxy=http://wiw4v7duaymysz9-session-a3f9b5cff249-lifetime-10:***@rp.scrapegw.com:6060	ConnectionTimeoutError: Connection timeout to host https://discord.com/api/v9/unique-username/username-attempt-unauthed
2026-09-01 18:36:07	NETWORK	egyj	attempt=1	proxy=http://wiw4v7duaymysz9-session-f71393eab711-lifetime-10:***@rp.scrapegw.com:6060	ConnectionTimeoutError: Connection timeout to host https://discord.com/api/v9/unique-username/username-attempt-unauthed
2026-09-01 18:36:07	NETWORK	egxe	attempt=1	proxy=http://wiw4v7duaymysz9-session-ca26023e2e56-lifetime-10:***@rp.scrapegw.com:6060	ConnectionTimeoutError: Connection timeout to host https://discord.com/api/v9/unique-username/username-attempt-unauthed
2026-09-01 18:36:08	NETWORK	ehef	attempt=1	proxy=http://wiw4v7duaymysz9-session-71f68caa5917-lifetime-10:***@rp.scrapegw.com:6060	ConnectionTimeoutError: Connection timeout to host https://discord.com/api/v9/unique-username/username-attempt-unauthed
2026-09-01 18:36:08	NETWORK	ehdz	attempt=1	proxy=http://wiw4v7duaymysz9-session-c0b5d2178ed0-lifetime-10:***@rp.scrapegw.com:6060	ConnectionTimeoutError: Connection timeout to host https://discord.com/api/v9/unique-username/username-attempt-unauthed
2026-09-01 18:36:08	NETWORK	ehep	attempt=1	proxy=http://wiw4v7duaymysz9-session-190f776171b8-lifetime-10:***@rp.scrapegw.com:6060	ConnectionTimeoutError: Connection timeout to host https://discord.com/api/v9/unique-username/username-attempt-unauthed
2026-09-01 18:36:08	NETWORK	ehbh	attempt=1	proxy=http://wiw4v7duaymysz9-session-4ca0f06e4fa7-lifetime-10:***@rp.scrapegw.com:6060	ConnectionTimeoutError: Connection timeout to host https://discord.com/api/v9/unique-username/username-attempt-unauthed
2026-09-01 18:36:08	NETWORK	ehha	attempt=1	proxy=http://wiw4v7duaymysz9-session-50b90b88b809-lifetime-10:***@rp.scrapegw.com:6060	ConnectionTimeoutError: Connection timeout to host https://discord.com/api/v9/unique-username/username-attempt-unauthed
2026-09-01 18:36:09	NETWORK	ehmd	attempt=1	proxy=http://wiw4v7duaymysz9-session-7ea5b167b99b-lifetime-10:***@rp.scrapegw.com:6060	ConnectionTimeoutError: Connection timeout to host https://discord.com/api/v9/unique-username/username-attempt-unauthed
2026-09-01 18:36:09	NETWORK	ehlm	attempt=1	proxy=http://wiw4v7duaymysz9-session-99571d6ae2de-lifetime-10:***@rp.scrapegw.com:6060	ConnectionTimeoutError: Connection timeout to host https://discord.com/api/v9/unique-username/username-attempt-unauthed
2026-09-01 18:36:09	NETWORK	ehmh	attempt=1	proxy=http://wiw4v7duaymysz9-session-928b25d65279-lifetime-10:***@rp.scrapegw.com:6060	ConnectionTimeoutError: Connection timeout to host https://discord.com/api/v9/unique-username/username-attempt-unauthed
2026-09-01 18:36:09	NETWORK	ehnt	attempt=1	proxy=http://wiw4v7duaymysz9-session-df97bb89afa1-lifetime-10:***@rp.scrapegw.com:6060	ConnectionTimeoutError: Connection timeout to host https://discord.com/api/v9/unique-username/username-attempt-unauthed
2026-09-01 18:36:09	NETWORK	ehiz	attempt=1	proxy=http://wiw4v7duaymysz9-session-99cbfcd0bd1d-lifetime-10:***@rp.scrapegw.com:6060	ConnectionTimeoutError: Connection timeout to host https://discord.com/api/v9/unique-username/username-attempt-unauthed
2026-09-01 18:36:09	NETWORK	ehmm	attempt=1	proxy=http://wiw4v7duaymysz9-session-0fd3a06389f5-lifetime-10:***@rp.scrapegw.com:6060	ConnectionTimeoutError: Connection timeout to host https://discord.com/api/v9/unique-username/username-attempt-unauthed
2026-09-01 18:36:09	NETWORK	ehib	attempt=1	proxy=http://wiw4v7duaymysz9-session-825258a0a4be-lifetime-10:***@rp.scrapegw.com:6060	ConnectionTimeoutError: Connection timeout to host https://discord.com/api/v9/unique-username/username-attempt-unauthed
2026-09-01 18:36:09	NETWORK	ehjz	attempt=1	proxy=http://wiw4v7duaymysz9-session-e66c8093c1a0-lifetime-10:***@rp.scrapegw.com:6060	ConnectionTimeoutError: Connection timeout to host https://discord.com/api/v9/unique-username/username-attempt-unauthed
2026-09-01 18:36:09	NETWORK	ehke	attempt=1	proxy=http://wiw4v7duaymysz9-session-910296ab6a87-lifetime-10:***@rp.scrapegw.com:6060	ConnectionTimeoutError: Connection timeout to host https://discord.com/api/v9/unique-username/username-attempt-unauthed
2026-09-01 18:36:09	NETWORK	ehnc	attempt=1	proxy=http://wiw4v7duaymysz9-session-e4e42869d88e-lifetime-10:***@rp.scrapegw.com:6060	ConnectionTimeoutError: Connection timeout to host https://discord.com/api/v9/unique-username/username-attempt-unauthed
2026-09-01 18:36:09	NETWORK	ehia	attempt=1	proxy=http://wiw4v7duaymysz9-session-2b875396c339-lifetime-10:***@rp.scrapegw.com:6060	ConnectionTimeoutError: Connection timeout to host https://discord.com/api/v9/unique-username/username-attempt-unauthed
2026-09-01 18:36:09	NETWORK	ehit	attempt=1	proxy=http://wiw4v7duaymysz9-session-836c6d87f233-lifetime-10:***@rp.scrapegw.com:6060	ConnectionTimeoutError: Connection timeout to host https://discord.com/api/v9/unique-username/username-attempt-unauthed
2026-09-01 18:36:10	NETWORK	ehoq	attempt=1	proxy=http://wiw4v7duaymysz9-session-4d5030b303fb-lifetime-10:***@rp.scrapegw.com:6060	ConnectionTimeoutError: Connection timeout to host https://discord.com/api/v9/unique-username/username-attempt-unauthed
2026-09-01 18:36:10	NETWORK	ehpy	attempt=1	proxy=http://wiw4v7duaymysz9-session-432141b3a7c5-lifetime-10:***@rp.scrapegw.com:6060	ConnectionTimeoutError: Connection timeout to host https://discord.com/api/v9/unique-username/username-attempt-unauthed
2026-09-01 18:36:10	NETWORK	ehpv	attempt=1	proxy=http://wiw4v7duaymysz9-session-ee14a39a34e0-lifetime-10:***@rp.scrapegw.com:6060	ConnectionTimeoutError: Connection timeout to host https://discord.com/api/v9/unique-username/username-attempt-unauthed
2026-09-01 18:36:10	NETWORK	ehpr	attempt=1	proxy=http://wiw4v7duaymysz9-session-4653bb17cf2c-lifetime-10:***@rp.scrapegw.com:6060	ConnectionTimeoutError: Connection timeout to host https://discord.com/api/v9/unique-username/username-attempt-unauthed
2026-09-01 18:36:10	NETWORK	ehpk	attempt=1	proxy=http://wiw4v7duaymysz9-session-37908978ee4d-lifetime-10:***@rp.scrapegw.com:6060	ConnectionTimeoutError: Connection timeout to host https://discord.com/api/v9/unique-username/username-attempt-unauthed
2026-09-01 18:36:10	NETWORK	ehob	attempt=1	proxy=http://wiw4v7duaymysz9-session-aec468d1589d-lifetime-10:***@rp.scrapegw.com:6060	ConnectionTimeoutError: Connection timeout to host https://discord.com/api/v9/unique-username/username-attempt-unauthed
2026-09-01 18:36:10	NETWORK	ehqe	attempt=1	proxy=http://wiw4v7duaymysz9-session-7b4c1fa8d53f-lifetime-10:***@rp.scrapegw.com:6060	ConnectionTimeoutError: Connection timeout to host https://discord.com/api/v9/unique-username/username-attempt-unauthed
2026-09-01 18:36:10	NETWORK	ehny	attempt=1	proxy=http://wiw4v7duaymysz9-session-333ac22a3783-lifetime-10:***@rp.scrapegw.com:6060	ConnectionTimeoutError: Connection timeout to host https://discord.com/api/v9/unique-username/username-attempt-unauthed
2026-09-01 18:36:10	NETWORK	ehok	attempt=1	proxy=http://wiw4v7duaymysz9-session-feff2b3362c9-lifetime-10:***@rp.scrapegw.com:6060	ConnectionTimeoutError: Connection timeout to host https://discord.com/api/v9/unique-username/username-attempt-unauthed
2026-09-01 18:36:11	NETWORK	egsj	attempt=1	proxy=http://wiw4v7duaymysz9-session-da60f4585a7a-lifetime-10:***@rp.scrapegw.com:6060	ServerDisconnectedError: Server disconnected
2026-09-01 18:36:11	NETWORK	ehsm	attempt=1	proxy=http://wiw4v7duaymysz9-session-464aaeed94ca-lifetime-10:***@rp.scrapegw.com:6060	ConnectionTimeoutError: Connection timeout to host https://discord.com/api/v9/unique-username/username-attempt-unauthed
2026-09-01 18:36:11	NETWORK	ehtk	attempt=1	proxy=http://wiw4v7duaymysz9-session-f71393eab711-lifetime-10:***@rp.scrapegw.com:6060	ConnectionTimeoutError: Connection timeout to host https://discord.com/api/v9/unique-username/username-attempt-unauthed
2026-09-01 18:36:11	NETWORK	ehsw	attempt=1	proxy=http://wiw4v7duaymysz9-session-e19d4cf0773a-lifetime-10:***@rp.scrapegw.com:6060	ConnectionTimeoutError: Connection timeout to host https://discord.com/api/v9/unique-username/username-attempt-unauthed
2026-09-01 18:36:11	NETWORK	ehsx	attempt=1	proxy=http://wiw4v7duaymysz9-session-7c7a33c72a32-lifetime-10:***@rp.scrapegw.com:6060	ConnectionTimeoutError: Connection timeout to host https://discord.com/api/v9/unique-username/username-attempt-unauthed
2026-09-01 18:36:11	NETWORK	ehqv	attempt=1	proxy=http://wiw4v7duaymysz9-session-d1601e06cba1-lifetime-10:***@rp.scrapegw.com:6060	ConnectionTimeoutError: Connection timeout to host https://discord.com/api/v9/unique-username/username-attempt-unauthed
2026-09-01 18:36:11	NETWORK	ehrf	attempt=1	proxy=http://wiw4v7duaymysz9-session-393d6e928d4f-lifetime-10:***@rp.scrapegw.com:6060	ConnectionTimeoutError: Connection timeout to host https://discord.com/api/v9/unique-username/username-attempt-unauthed
2026-09-01 18:36:11	NETWORK	ehsp	attempt=1	proxy=http://wiw4v7duaymysz9-session-b58cbbe30690-lifetime-10:***@rp.scrapegw.com:6060	ConnectionTimeoutError: Connection timeout to host https://discord.com/api/v9/unique-username/username-attempt-unauthed
2026-09-01 18:36:11	NETWORK	ehtg	attempt=1	proxy=http://wiw4v7duaymysz9-session-ca26023e2e56-lifetime-10:***@rp.scrapegw.com:6060	ConnectionTimeoutError: Connection timeout to host https://discord.com/api/v9/unique-username/username-attempt-unauthed
2026-09-01 18:36:12	NETWORK	ehuc	attempt=1	proxy=http://wiw4v7duaymysz9-session-4dfb19f2f8bc-lifetime-10:***@rp.scrapegw.com:6060	ConnectionTimeoutError: Connection timeout to host https://discord.com/api/v9/unique-username/username-attempt-unauthed
2026-09-01 18:36:12	NETWORK	ehul	attempt=1	proxy=http://wiw4v7duaymysz9-session-1aab9c0d317f-lifetime-10:***@rp.scrapegw.com:6060	ConnectionTimeoutError: Connection timeout to host https://discord.com/api/v9/unique-username/username-attempt-unauthed
2026-09-01 18:36:12	NETWORK	ehuq	attempt=1	proxy=http://wiw4v7duaymysz9-session-a3f9b5cff249-lifetime-10:***@rp.scrapegw.com:6060	ConnectionTimeoutError: Connection timeout to host https://discord.com/api/v9/unique-username/username-attempt-unauthed
2026-09-01 18:36:12	NETWORK	ehvz	attempt=1	proxy=http://wiw4v7duaymysz9-session-c0b5d2178ed0-lifetime-10:***@rp.scrapegw.com:6060	ConnectionTimeoutError: Connection timeout to host https://discord.com/api/v9/unique-username/username-attempt-unauthed
2026-09-01 18:36:12	NETWORK	ehtl	attempt=1	proxy=http://wiw4v7duaymysz9-session-6a9938a26128-lifetime-10:***@rp.scrapegw.com:6060	ConnectionTimeoutError: Connection timeout to host https://discord.com/api/v9/unique-username/username-attempt-unauthed
2026-09-01 18:36:12	HTTP_429	ehvm	attempt=1	proxy=http://wiw4v7duaymysz9-session-4ca0f06e4fa7-lifetime-10:***@rp.scrapegw.com:6060	scope=shared global=False retry_after=936.00s
2026-09-01 18:36:21	NETWORK	abja	attempt=1	proxy=http://wiw4v7duaymysz9-session-9c935cb35b56-lifetime-10:***@rp.scrapegw.com:6060	ClientConnectorError: Cannot connect to host discord.com:443 ssl:default [Connection reset by peer]
2026-09-01 18:36:22	NETWORK	aabh	attempt=1	proxy=http://wiw4v7duaymysz9-session-eaf5b66b998c-lifetime-10:***@rp.scrapegw.com:6060	ClientConnectorError: Cannot connect to host discord.com:443 ssl:default [Connection reset by peer]
2026-09-01 18:36:24	NETWORK	aaim	attempt=1	proxy=http://wiw4v7duaymysz9-session-5a7921e7a53e-lifetime-10:***@rp.scrapegw.com:6060	ClientConnectorError: Cannot connect to host discord.com:443 ssl:default [Connection reset by peer]
2026-09-01 18:36:24	HTTP_429	abfv	attempt=1	proxy=http://wiw4v7duaymysz9-session-5c97493192c4-lifetime-10:***@rp.scrapegw.com:6060	scope=shared global=False retry_after=1486.00s
2026-09-01 18:36:25	NETWORK	aavx	attempt=1	proxy=http://wiw4v7duaymysz9-session-ce402e2a0453-lifetime-10:***@rp.scrapegw.com:6060	ClientConnectorError: Cannot connect to host discord.com:443 ssl:default [Connection reset by peer]
2026-09-01 18:36:26	HTTP_429	aaef	attempt=1	proxy=http://wiw4v7duaymysz9-session-f5ca691e600b-lifetime-10:***@rp.scrapegw.com:6060	scope=shared global=False retry_after=1416.00s
2026-09-01 18:36:26	HTTP_429	aaun	attempt=1	proxy=http://wiw4v7duaymysz9-session-bb57edd23433-lifetime-10:***@rp.scrapegw.com:6060	scope=shared global=False retry_after=1645.00s
2026-09-01 18:36:26	HTTP_429	aasz	attempt=1	proxy=http://wiw4v7duaymysz9-session-e7cb6ec43d1e-lifetime-10:***@rp.scrapegw.com:6060	scope=shared global=False retry_after=395.00s
2026-09-01 18:36:27	HTTP_429	abbp	attempt=1	proxy=http://wiw4v7duaymysz9-session-d00117c245a5-lifetime-10:***@rp.scrapegw.com:6060	scope=shared global=False retry_after=327.00s
2026-09-01 18:36:27	HTTP_429	aaww	attempt=1	proxy=http://wiw4v7duaymysz9-session-754d427c1121-lifetime-10:***@rp.scrapegw.com:6060	scope=shared global=False retry_after=1194.00s
2026-09-01 18:36:27	HTTP_429	acmb	attempt=1	proxy=http://wiw4v7duaymysz9-session-b14b00a1d1fc-lifetime-10:***@rp.scrapegw.com:6060	scope=shared global=False retry_after=1293.00s
2026-09-01 18:36:30	NETWORK	abpl	attempt=1	proxy=http://wiw4v7duaymysz9-session-3e29796e84e5-lifetime-10:***@rp.scrapegw.com:6060	ClientConnectorError: Cannot connect to host discord.com:443 ssl:default [Connection reset by peer]
2026-09-01 18:36:30	NETWORK	aajp	attempt=1	proxy=http://wiw4v7duaymysz9-session-3f9428249ce0-lifetime-10:***@rp.scrapegw.com:6060	ConnectionTimeoutError: Connection timeout to host https://discord.com/api/v9/unique-username/username-attempt-unauthed
2026-09-01 18:36:30	NETWORK	abjl	attempt=1	proxy=http://wiw4v7duaymysz9-session-0c2196ca1fd8-lifetime-10:***@rp.scrapegw.com:6060	ConnectionTimeoutError: Connection timeout to host https://discord.com/api/v9/unique-username/username-attempt-unauthed
2026-09-01 18:36:30	NETWORK	abgh	attempt=1	proxy=http://wiw4v7duaymysz9-session-fd36e7054872-lifetime-10:***@rp.scrapegw.com:6060	ConnectionTimeoutError: Connection timeout to host https://discord.com/api/v9/unique-username/username-attempt-unauthed
2026-09-01 18:36:30	NETWORK	aajh	attempt=1	proxy=http://wiw4v7duaymysz9-session-6d8811faaed5-lifetime-10:***@rp.scrapegw.com:6060	ConnectionTimeoutError: Connection timeout to host https://discord.com/api/v9/unique-username/username-attempt-unauthed
2026-09-01 18:36:30	NETWORK	aaju	attempt=1	proxy=http://wiw4v7duaymysz9-session-2c1e1175ffcb-lifetime-10:***@rp.scrapegw.com:6060	ConnectionTimeoutError: Connection timeout to host https://discord.com/api/v9/unique-username/username-attempt-unauthed
2026-09-01 18:36:30	NETWORK	aadn	attempt=1	proxy=http://wiw4v7duaymysz9-session-00192acd9ac1-lifetime-10:***@rp.scrapegw.com:6060	ConnectionTimeoutError: Connection timeout to host https://discord.com/api/v9/unique-username/username-attempt-unauthed
2026-09-01 18:36:31	HTTP_429	adta	attempt=1	proxy=http://wiw4v7duaymysz9-session-8f8847fd167d-lifetime-10:***@rp.scrapegw.com:6060	scope=shared global=False retry_after=1059.00s
2026-09-01 18:36:31	NETWORK	aajk	attempt=1	proxy=http://wiw4v7duaymysz9-session-b2dc0c3b9ccd-lifetime-10:***@rp.scrapegw.com:6060	ConnectionTimeoutError: Connection timeout to host https://discord.com/api/v9/unique-username/username-attempt-unauthed
2026-09-01 18:36:31	NETWORK	abgv	attempt=1	proxy=http://wiw4v7duaymysz9-session-df60318c94ac-lifetime-10:***@rp.scrapegw.com:6060	ConnectionTimeoutError: Connection timeout to host https://discord.com/api/v9/unique-username/username-attempt-unauthed
2026-09-01 18:36:32	HTTP_429	abvm	attempt=1	proxy=http://wiw4v7duaymysz9-session-f5ca691e600b-lifetime-10:***@rp.scrapegw.com:6060	scope=shared global=False retry_after=1410.08s
2026-09-01 18:36:35	NETWORK	abrs	attempt=1	proxy=http://wiw4v7duaymysz9-session-eaf5b66b998c-lifetime-10:***@rp.scrapegw.com:6060	ConnectionTimeoutError: Connection timeout to host https://discord.com/api/v9/unique-username/username-attempt-unauthed
2026-09-01 18:36:37	HTTP_429	afqi	attempt=1	proxy=http://wiw4v7duaymysz9-session-f646db1ee6a1-lifetime-10:***@rp.scrapegw.com:6060	scope=shared global=False retry_after=731.00s
2026-09-01 18:36:37	NETWORK	abse	attempt=1	proxy=http://wiw4v7duaymysz9-session-00192acd9ac1-lifetime-10:***@rp.scrapegw.com:6060	ConnectionTimeoutError: Connection timeout to host https://discord.com/api/v9/unique-username/username-attempt-unauthed
2026-09-01 18:36:38	NETWORK	abwq	attempt=1	proxy=http://wiw4v7duaymysz9-session-1fa1462fca39-lifetime-10:***@rp.scrapegw.com:6060	ConnectionTimeoutError: Connection timeout to host https://discord.com/api/v9/unique-username/username-attempt-unauthed
2026-09-01 18:36:39	HTTP_429	ackz	attempt=1	proxy=http://wiw4v7duaymysz9-session-bb57edd23433-lifetime-10:***@rp.scrapegw.com:6060	scope=shared global=False retry_after=1632.00s
2026-09-01 18:36:41	NETWORK	acft	attempt=1	proxy=http://wiw4v7duaymysz9-session-f243c94e1585-lifetime-10:***@rp.scrapegw.com:6060	ConnectionTimeoutError: Connection timeout to host https://discord.com/api/v9/unique-username/username-attempt-unauthed
2026-09-01 18:36:42	HTTP_429	achn	attempt=1	proxy=http://wiw4v7duaymysz9-session-f646db1ee6a1-lifetime-10:***@rp.scrapegw.com:6060	scope=shared global=False retry_after=726.07s
2026-09-01 18:36:42	NETWORK	aclb	attempt=1	proxy=http://wiw4v7duaymysz9-session-754d427c1121-lifetime-10:***@rp.scrapegw.com:6060	ConnectionTimeoutError: Connection timeout to host https://discord.com/api/v9/unique-username/username-attempt-unauthed
2026-09-01 18:36:42	NETWORK	acny	attempt=1	proxy=http://wiw4v7duaymysz9-session-8f8847fd167d-lifetime-10:***@rp.scrapegw.com:6060	ConnectionTimeoutError: Connection timeout to host https://discord.com/api/v9/unique-username/username-attempt-unauthed
2026-09-01 18:36:42	NETWORK	ackl	attempt=1	proxy=http://wiw4v7duaymysz9-session-e7cb6ec43d1e-lifetime-10:***@rp.scrapegw.com:6060	ConnectionTimeoutError: Connection timeout to host https://discord.com/api/v9/unique-username/username-attempt-unauthed
2026-09-01 18:36:43	NETWORK	adcr	attempt=1	proxy=http://wiw4v7duaymysz9-session-0c2196ca1fd8-lifetime-10:***@rp.scrapegw.com:6060	ConnectionTimeoutError: Connection timeout to host https://discord.com/api/v9/unique-username/username-attempt-unauthed
2026-09-01 18:36:43	NETWORK	adbw	attempt=1	proxy=http://wiw4v7duaymysz9-session-bb93e7cdc115-lifetime-10:***@rp.scrapegw.com:6060	ConnectionTimeoutError: Connection timeout to host https://discord.com/api/v9/unique-username/username-attempt-unauthed
2026-09-01 18:36:43	NETWORK	acvl	attempt=1	proxy=http://wiw4v7duaymysz9-session-fd36e7054872-lifetime-10:***@rp.scrapegw.com:6060	ConnectionTimeoutError: Connection timeout to host https://discord.com/api/v9/unique-username/username-attempt-unauthed
2026-09-01 18:36:43	NETWORK	acpw	attempt=1	proxy=http://wiw4v7duaymysz9-session-85ccbccc94a9-lifetime-10:***@rp.scrapegw.com:6060	ConnectionTimeoutError: Connection timeout to host https://discord.com/api/v9/unique-username/username-attempt-unauthed
2026-09-01 18:36:43	NETWORK	adfi	attempt=1	proxy=http://wiw4v7duaymysz9-session-a69210e56aca-lifetime-10:***@rp.scrapegw.com:6060	ConnectionTimeoutError: Connection timeout to host https://discord.com/api/v9/unique-username/username-attempt-unauthed
2026-09-01 18:36:44	NETWORK	adhm	attempt=1	proxy=http://wiw4v7duaymysz9-session-eaf5b66b998c-lifetime-10:***@rp.scrapegw.com:6060	ConnectionTimeoutError: Connection timeout to host https://discord.com/api/v9/unique-username/username-attempt-unauthed
2026-09-01 18:36:44	NETWORK	adhp	attempt=1	proxy=http://wiw4v7duaymysz9-session-00192acd9ac1-lifetime-10:***@rp.scrapegw.com:6060	ConnectionTimeoutError: Connection timeout to host https://discord.com/api/v9/unique-username/username-attempt-unauthed
2026-09-01 18:36:44	HTTP_429	amxz	attempt=1	proxy=http://wiw4v7duaymysz9-session-2da56d3ab6e9-lifetime-10:***@rp.scrapegw.com:6060	scope=shared global=False retry_after=1513.00s
2026-09-01 18:36:45	NETWORK	admp	attempt=1	proxy=http://wiw4v7duaymysz9-session-6d8811faaed5-lifetime-10:***@rp.scrapegw.com:6060	ConnectionTimeoutError: Connection timeout to host https://discord.com/api/v9/unique-username/username-attempt-unauthed
2026-09-01 18:36:45	NETWORK	adma	attempt=1	proxy=http://wiw4v7duaymysz9-session-bc71e2be7f89-lifetime-10:***@rp.scrapegw.com:6060	ConnectionTimeoutError: Connection timeout to host https://discord.com/api/v9/unique-username/username-attempt-unauthed
2026-09-01 18:36:45	NETWORK	admh	attempt=1	proxy=http://wiw4v7duaymysz9-session-961d87dc8d44-lifetime-10:***@rp.scrapegw.com:6060	ConnectionTimeoutError: Connection timeout to host https://discord.com/api/v9/unique-username/username-attempt-unauthed
2026-09-01 18:36:48	NETWORK	aemp	attempt=1	proxy=http://wiw4v7duaymysz9-session-5a7921e7a53e-lifetime-10:***@rp.scrapegw.com:6060	ConnectionTimeoutError: Connection timeout to host https://discord.com/api/v9/unique-username/username-attempt-unauthed
2026-09-01 18:36:48	NETWORK	aeii	attempt=1	proxy=http://wiw4v7duaymysz9-session-eaf5b66b998c-lifetime-10:***@rp.scrapegw.com:6060	ConnectionTimeoutError: Connection timeout to host https://discord.com/api/v9/unique-username/username-attempt-unauthed
2026-09-01 18:36:49	NETWORK	aevc	attempt=1	proxy=http://wiw4v7duaymysz9-session-4ec8b56abe95-lifetime-10:***@rp.scrapegw.com:6060	ConnectionTimeoutError: Connection timeout to host https://discord.com/api/v9/unique-username/username-attempt-unauthed
2026-09-01 18:36:49	NETWORK	aevy	attempt=1	proxy=http://wiw4v7duaymysz9-session-fd36e7054872-lifetime-10:***@rp.scrapegw.com:6060	ConnectionTimeoutError: Connection timeout to host https://discord.com/api/v9/unique-username/username-attempt-unauthed
2026-09-01 18:36:49	NETWORK	aerx	attempt=1	proxy=http://wiw4v7duaymysz9-session-ce402e2a0453-lifetime-10:***@rp.scrapegw.com:6060	ConnectionTimeoutError: Connection timeout to host https://discord.com/api/v9/unique-username/username-attempt-unauthed
2026-09-01 18:36:50	NETWORK	aezw	attempt=1	proxy=http://wiw4v7duaymysz9-session-0c2196ca1fd8-lifetime-10:***@rp.scrapegw.com:6060	ConnectionTimeoutError: Connection timeout to host https://discord.com/api/v9/unique-username/username-attempt-unauthed
2026-09-01 18:36:50	NETWORK	afcr	attempt=1	proxy=http://wiw4v7duaymysz9-session-00192acd9ac1-lifetime-10:***@rp.scrapegw.com:6060	ConnectionTimeoutError: Connection timeout to host https://discord.com/api/v9/unique-username/username-attempt-unauthed
2026-09-01 18:36:51	NETWORK	afch	attempt=1	proxy=http://wiw4v7duaymysz9-session-eaf5b66b998c-lifetime-10:***@rp.scrapegw.com:6060	ConnectionTimeoutError: Connection timeout to host https://discord.com/api/v9/unique-username/username-attempt-unauthed
2026-09-01 18:36:52	NETWORK	actl	attempt=1	proxy=http://wiw4v7duaymysz9-session-4ec8b56abe95-lifetime-10:***@rp.scrapegw.com:6060	SocketTimeoutError: Timeout on reading data from socket
2026-09-01 18:36:52	NETWORK	afyb	attempt=1	proxy=http://wiw4v7duaymysz9-session-ce402e2a0453-lifetime-10:***@rp.scrapegw.com:6060	ConnectionTimeoutError: Connection timeout to host https://discord.com/api/v9/unique-username/username-attempt-unauthed
2026-09-01 18:36:53	HTTP_429	beci	attempt=1	proxy=http://wiw4v7duaymysz9-session-a69210e56aca-lifetime-10:***@rp.scrapegw.com:6060	scope=shared global=False retry_after=463.00s
2026-09-01 18:36:53	NETWORK	agpy	attempt=1	proxy=http://wiw4v7duaymysz9-session-df60318c94ac-lifetime-10:***@rp.scrapegw.com:6060	ConnectionTimeoutError: Connection timeout to host https://discord.com/api/v9/unique-username/username-attempt-unauthed
2026-09-01 18:36:53	NETWORK	agmu	attempt=1	proxy=http://wiw4v7duaymysz9-session-fd36e7054872-lifetime-10:***@rp.scrapegw.com:6060	ConnectionTimeoutError: Connection timeout to host https://discord.com/api/v9/unique-username/username-attempt-unauthed
2026-09-01 18:36:53	NETWORK	agfs	attempt=1	proxy=http://wiw4v7duaymysz9-session-4ec8b56abe95-lifetime-10:***@rp.scrapegw.com:6060	ConnectionTimeoutError: Connection timeout to host https://discord.com/api/v9/unique-username/username-attempt-unauthed
2026-09-01 18:36:55	HTTP_429	bkwx	attempt=1	proxy=http://wiw4v7duaymysz9-session-e61405cca1e8-lifetime-10:***@rp.scrapegw.com:6060	scope=shared global=False retry_after=1282.00s
2026-09-01 18:36:55	NETWORK	agxz	attempt=1	proxy=http://wiw4v7duaymysz9-session-0c2196ca1fd8-lifetime-10:***@rp.scrapegw.com:6060	ConnectionTimeoutError: Connection timeout to host https://discord.com/api/v9/unique-username/username-attempt-unauthed
2026-09-01 18:36:55	NETWORK	ahfs	attempt=1	proxy=http://wiw4v7duaymysz9-session-eaf5b66b998c-lifetime-10:***@rp.scrapegw.com:6060	ConnectionTimeoutError: Connection timeout to host https://discord.com/api/v9/unique-username/username-attempt-unauthed
2026-09-01 18:36:55	HTTP_429	bpxt	attempt=1	proxy=http://wiw4v7duaymysz9-session-9c935cb35b56-lifetime-10:***@rp.scrapegw.com:6060	scope=shared global=False retry_after=1078.00s
2026-09-01 18:36:56	HTTP_429	brgm	attempt=1	proxy=http://wiw4v7duaymysz9-session-2c1e1175ffcb-lifetime-10:***@rp.scrapegw.com:6060	scope=shared global=False retry_after=375.00s
2026-09-01 18:36:56	NETWORK	aioa	attempt=1	proxy=http://wiw4v7duaymysz9-session-fd36e7054872-lifetime-10:***@rp.scrapegw.com:6060	ConnectionTimeoutError: Connection timeout to host https://discord.com/api/v9/unique-username/username-attempt-unauthed
2026-09-01 18:36:56	NETWORK	aikn	attempt=1	proxy=http://wiw4v7duaymysz9-session-4ec8b56abe95-lifetime-10:***@rp.scrapegw.com:6060	ConnectionTimeoutError: Connection timeout to host https://discord.com/api/v9/unique-username/username-attempt-unauthed
2026-09-01 18:36:57	HTTP_429	bssg	attempt=1	proxy=http://wiw4v7duaymysz9-session-091621eda6bd-lifetime-10:***@rp.scrapegw.com:6060	scope=shared global=False retry_after=1623.00s
2026-09-01 18:36:57	HTTP_429	bsfw	attempt=1	proxy=http://wiw4v7duaymysz9-session-30059b696e84-lifetime-10:***@rp.scrapegw.com:6060	scope=shared global=False retry_after=573.00s
2026-09-01 18:36:57	NETWORK	aiok	attempt=1	proxy=http://wiw4v7duaymysz9-session-df60318c94ac-lifetime-10:***@rp.scrapegw.com:6060	ConnectionTimeoutError: Connection timeout to host https://discord.com/api/v9/unique-username/username-attempt-unauthed
2026-09-01 18:36:57	NETWORK	ajtp	attempt=1	proxy=http://wiw4v7duaymysz9-session-00192acd9ac1-lifetime-10:***@rp.scrapegw.com:6060	ConnectionTimeoutError: Connection timeout to host https://discord.com/api/v9/unique-username/username-attempt-unauthed
2026-09-01 18:36:57	NETWORK	aiti	attempt=1	proxy=http://wiw4v7duaymysz9-session-0c2196ca1fd8-lifetime-10:***@rp.scrapegw.com:6060	ConnectionTimeoutError: Connection timeout to host https://discord.com/api/v9/unique-username/username-attempt-unauthed
2026-09-01 18:36:57	NETWORK	ajsc	attempt=1	proxy=http://wiw4v7duaymysz9-session-eaf5b66b998c-lifetime-10:***@rp.scrapegw.com:6060	ConnectionTimeoutError: Connection timeout to host https://discord.com/api/v9/unique-username/username-attempt-unauthed
2026-09-01 18:36:58	HTTP_429	bvyh	attempt=1	proxy=http://wiw4v7duaymysz9-session-5d3412577829-lifetime-10:***@rp.scrapegw.com:6060	scope=shared global=False retry_after=2130.00s
2026-09-01 18:36:58	HTTP_429	bvvj	attempt=1	proxy=http://wiw4v7duaymysz9-session-d961d55fac96-lifetime-10:***@rp.scrapegw.com:6060	scope=shared global=False retry_after=2125.00s
2026-09-01 18:36:58	HTTP_429	bwaz	attempt=1	proxy=http://wiw4v7duaymysz9-session-19bc060c34bd-lifetime-10:***@rp.scrapegw.com:6060	scope=shared global=False retry_after=2127.00s
2026-09-01 18:36:58	HTTP_429	bvze	attempt=1	proxy=http://wiw4v7duaymysz9-session-8513fb9f5067-lifetime-10:***@rp.scrapegw.com:6060	scope=shared global=False retry_after=2125.00s
2026-09-01 18:36:58	HTTP_429	bwtf	attempt=1	proxy=http://wiw4v7duaymysz9-session-e079e15b898c-lifetime-10:***@rp.scrapegw.com:6060	scope=shared global=False retry_after=2129.00s
2026-09-01 18:36:58	HTTP_429	bwux	attempt=1	proxy=http://wiw4v7duaymysz9-session-fc82d7b9d72e-lifetime-10:***@rp.scrapegw.com:6060	scope=shared global=False retry_after=2125.00s
2026-09-01 18:36:58	HTTP_429	bwwm	attempt=1	proxy=http://wiw4v7duaymysz9-session-568db49f057b-lifetime-10:***@rp.scrapegw.com:6060	scope=shared global=False retry_after=2124.00s
2026-09-01 18:36:58	HTTP_429	bwxz	attempt=1	proxy=http://wiw4v7duaymysz9-session-c1da2eda95ae-lifetime-10:***@rp.scrapegw.com:6060	scope=shared global=False retry_after=2129.00s
2026-09-01 18:36:58	HTTP_429	bwuc	attempt=1	proxy=http://wiw4v7duaymysz9-session-92d22fb6a9c3-lifetime-10:***@rp.scrapegw.com:6060	scope=shared global=False retry_after=2128.00s
2026-09-01 18:36:58	HTTP_429	bxrj	attempt=1	proxy=http://wiw4v7duaymysz9-session-1a7b06c60281-lifetime-10:***@rp.scrapegw.com:6060	scope=shared global=False retry_after=2130.00s
2026-09-01 18:36:58	HTTP_429	bxqx	attempt=1	proxy=http://wiw4v7duaymysz9-session-7b5e95cd2201-lifetime-10:***@rp.scrapegw.com:6060	scope=shared global=False retry_after=2125.00s
2026-09-01 18:36:58	HTTP_429	bxtl	attempt=1	proxy=http://wiw4v7duaymysz9-session-eab3c285929b-lifetime-10:***@rp.scrapegw.com:6060	scope=shared global=False retry_after=2128.00s
2026-09-01 18:36:58	NETWORK	alrt	attempt=1	proxy=http://wiw4v7duaymysz9-session-fd36e7054872-lifetime-10:***@rp.scrapegw.com:6060	ConnectionTimeoutError: Connection timeout to host https://discord.com/api/v9/unique-username/username-attempt-unauthed
2026-09-01 18:36:58	NETWORK	alqx	attempt=1	proxy=http://wiw4v7duaymysz9-session-4ec8b56abe95-lifetime-10:***@rp.scrapegw.com:6060	ConnectionTimeoutError: Connection timeout to host https://discord.com/api/v9/unique-username/username-attempt-unauthed
2026-09-01 18:36:58	HTTP_429	bwzh	attempt=1	proxy=http://wiw4v7duaymysz9-session-1cd8f7901563-lifetime-10:***@rp.scrapegw.com:6060	scope=shared global=False retry_after=2124.00s
2026-09-01 18:36:58	HTTP_429	bxpu	attempt=1	proxy=http://wiw4v7duaymysz9-session-2850b2ea2565-lifetime-10:***@rp.scrapegw.com:6060	scope=shared global=False retry_after=2121.00s
2026-09-01 18:36:58	HTTP_429	bxtj	attempt=1	proxy=http://wiw4v7duaymysz9-session-ba1d68d47599-lifetime-10:***@rp.scrapegw.com:6060	scope=shared global=False retry_after=2129.00s
2026-09-01 18:36:59	HTTP_429	bzlj	attempt=1	proxy=http://wiw4v7duaymysz9-session-3f9428249ce0-lifetime-10:***@rp.scrapegw.com:6060	scope=shared global=False retry_after=2133.00s
2026-09-01 18:36:59	HTTP_429	bzim	attempt=1	proxy=http://wiw4v7duaymysz9-session-b2dc0c3b9ccd-lifetime-10:***@rp.scrapegw.com:6060	scope=shared global=False retry_after=2137.00s
2026-09-01 18:36:59	NETWORK	alws	attempt=1	proxy=http://wiw4v7duaymysz9-session-0c2196ca1fd8-lifetime-10:***@rp.scrapegw.com:6060	ConnectionTimeoutError: Connection timeout to host https://discord.com/api/v9/unique-username/username-attempt-unauthed
2026-09-01 18:36:59	NETWORK	amdu	attempt=1	proxy=http://wiw4v7duaymysz9-session-00192acd9ac1-lifetime-10:***@rp.scrapegw.com:6060	ConnectionTimeoutError: Connection timeout to host https://discord.com/api/v9/unique-username/username-attempt-unauthed
2026-09-01 18:36:59	HTTP_429	cact	attempt=1	proxy=http://wiw4v7duaymysz9-session-3e29796e84e5-lifetime-10:***@rp.scrapegw.com:6060	scope=shared global=False retry_after=2136.00s
2026-09-01 18:37:00	HTTP_429	cacx	attempt=1	proxy=http://wiw4v7duaymysz9-session-1fa1462fca39-lifetime-10:***@rp.scrapegw.com:6060	scope=shared global=False retry_after=2128.00s
2026-09-01 18:37:00	HTTP_429	cbib	attempt=1	proxy=http://wiw4v7duaymysz9-session-f243c94e1585-lifetime-10:***@rp.scrapegw.com:6060	scope=shared global=False retry_after=2128.00s
2026-09-01 18:37:00	HTTP_429	cbjx	attempt=1	proxy=http://wiw4v7duaymysz9-session-b96951bb03e3-lifetime-10:***@rp.scrapegw.com:6060	scope=shared global=False retry_after=2123.00s
2026-09-01 18:37:00	HTTP_429	cbvd	attempt=1	proxy=http://wiw4v7duaymysz9-session-5a7921e7a53e-lifetime-10:***@rp.scrapegw.com:6060	scope=shared global=False retry_after=2135.00s
2026-09-01 18:37:00	HTTP_429	cbbo	attempt=1	proxy=http://wiw4v7duaymysz9-session-961d87dc8d44-lifetime-10:***@rp.scrapegw.com:6060	scope=shared global=False retry_after=2130.00s
2026-09-01 18:37:00	NETWORK	amzi	attempt=1	proxy=http://wiw4v7duaymysz9-session-4ec8b56abe95-lifetime-10:***@rp.scrapegw.com:6060	ConnectionTimeoutError: Connection timeout to host https://discord.com/api/v9/unique-username/username-attempt-unauthed
2026-09-01 18:37:00	NETWORK	alye	attempt=1	proxy=http://wiw4v7duaymysz9-session-eaf5b66b998c-lifetime-10:***@rp.scrapegw.com:6060	ConnectionTimeoutError: Connection timeout to host https://discord.com/api/v9/unique-username/username-attempt-unauthed
2026-09-01 18:37:00	HTTP_429	cbqt	attempt=1	proxy=http://wiw4v7duaymysz9-session-bc71e2be7f89-lifetime-10:***@rp.scrapegw.com:6060	scope=shared global=False retry_after=2130.00s
2026-09-01 18:37:01	HTTP_429	ccsy	attempt=1	proxy=http://wiw4v7duaymysz9-session-bc71e2be7f89-lifetime-10:***@rp.scrapegw.com:6060	scope=shared global=False retry_after=2129.17s
2026-09-01 18:37:01	HTTP_429	cdft	attempt=1	proxy=http://wiw4v7duaymysz9-session-6d8811faaed5-lifetime-10:***@rp.scrapegw.com:6060	scope=shared global=False retry_after=751.00s
2026-09-01 18:37:01	NETWORK	apfp	attempt=1	proxy=http://wiw4v7duaymysz9-session-30059b696e84-lifetime-10:***@rp.scrapegw.com:6060	ConnectionTimeoutError: Connection timeout to host https://discord.com/api/v9/unique-username/username-attempt-unauthed
2026-09-01 18:37:01	NETWORK	aqpr	attempt=1	proxy=http://wiw4v7duaymysz9-session-4ec8b56abe95-lifetime-10:***@rp.scrapegw.com:6060	ConnectionTimeoutError: Connection timeout to host https://discord.com/api/v9/unique-username/username-attempt-unauthed
2026-09-01 18:37:01	NETWORK	aoyw	attempt=1	proxy=http://wiw4v7duaymysz9-session-4ec8b56abe95-lifetime-10:***@rp.scrapegw.com:6060	ConnectionTimeoutError: Connection timeout to host https://discord.com/api/v9/unique-username/username-attempt-unauthed
2026-09-01 18:37:02	NETWORK	aqrb	attempt=1	proxy=http://wiw4v7duaymysz9-session-e61405cca1e8-lifetime-10:***@rp.scrapegw.com:6060	ConnectionTimeoutError: Connection timeout to host https://discord.com/api/v9/unique-username/username-attempt-unauthed
2026-09-01 18:37:02	NETWORK	atcg	attempt=1	proxy=http://wiw4v7duaymysz9-session-fd36e7054872-lifetime-10:***@rp.scrapegw.com:6060	ConnectionTimeoutError: Connection timeout to host https://discord.com/api/v9/unique-username/username-attempt-unauthed
2026-09-01 18:37:02	HTTP_429	ceks	attempt=1	proxy=http://wiw4v7duaymysz9-session-85ccbccc94a9-lifetime-10:***@rp.scrapegw.com:6060	scope=shared global=False retry_after=2126.00s
2026-09-01 18:37:03	HTTP_429	cerl	attempt=1	proxy=http://wiw4v7duaymysz9-session-bb93e7cdc115-lifetime-10:***@rp.scrapegw.com:6060	scope=shared global=False retry_after=2125.00s
2026-09-01 18:37:03	NETWORK	astk	attempt=1	proxy=http://wiw4v7duaymysz9-session-b96951bb03e3-lifetime-10:***@rp.scrapegw.com:6060	ClientConnectorError: Cannot connect to host discord.com:443 ssl:default [Connection reset by peer]
2026-09-01 18:37:03	NETWORK	atos	attempt=1	proxy=http://wiw4v7duaymysz9-session-eaf5b66b998c-lifetime-10:***@rp.scrapegw.com:6060	ConnectionTimeoutError: Connection timeout to host https://discord.com/api/v9/unique-username/username-attempt-unauthed
2026-09-01 18:37:03	NETWORK	aqkb	attempt=1	proxy=http://wiw4v7duaymysz9-session-b96951bb03e3-lifetime-10:***@rp.scrapegw.com:6060	ConnectionTimeoutError: Connection timeout to host https://discord.com/api/v9/unique-username/username-attempt-unauthed
2026-09-01 18:37:03	NETWORK	atvy	attempt=1	proxy=http://wiw4v7duaymysz9-session-00192acd9ac1-lifetime-10:***@rp.scrapegw.com:6060	ConnectionTimeoutError: Connection timeout to host https://discord.com/api/v9/unique-username/username-attempt-unauthed
2026-09-01 18:37:04	HTTP_429	cfgm	attempt=1	proxy=http://wiw4v7duaymysz9-session-ce402e2a0453-lifetime-10:***@rp.scrapegw.com:6060	scope=shared global=False retry_after=2139.00s
2026-09-01 18:37:04	NETWORK	atfo	attempt=1	proxy=http://wiw4v7duaymysz9-session-0c2196ca1fd8-lifetime-10:***@rp.scrapegw.com:6060	ConnectionTimeoutError: Connection timeout to host https://discord.com/api/v9/unique-username/username-attempt-unauthed
2026-09-01 18:37:04	NETWORK	awtw	attempt=1	proxy=http://wiw4v7duaymysz9-session-00192acd9ac1-lifetime-10:***@rp.scrapegw.com:6060	ConnectionTimeoutError: Connection timeout to host https://discord.com/api/v9/unique-username/username-attempt-unauthed
2026-09-01 18:37:04	NETWORK	avcv	attempt=1	proxy=http://wiw4v7duaymysz9-session-fd36e7054872-lifetime-10:***@rp.scrapegw.com:6060	ConnectionTimeoutError: Connection timeout to host https://discord.com/api/v9/unique-username/username-attempt-unauthed
2026-09-01 18:37:04	HTTP_429	cflg	attempt=1	proxy=http://wiw4v7duaymysz9-session-df60318c94ac-lifetime-10:***@rp.scrapegw.com:6060	scope=shared global=False retry_after=766.00s
2026-09-01 18:37:05	NETWORK	awdo	attempt=1	proxy=http://wiw4v7duaymysz9-session-0c2196ca1fd8-lifetime-10:***@rp.scrapegw.com:6060	ConnectionTimeoutError: Connection timeout to host https://discord.com/api/v9/unique-username/username-attempt-unauthed
2026-09-01 18:37:06	NETWORK	aywg	attempt=1	proxy=http://wiw4v7duaymysz9-session-0c2196ca1fd8-lifetime-10:***@rp.scrapegw.com:6060	ConnectionTimeoutError: Connection timeout to host https://discord.com/api/v9/unique-username/username-attempt-unauthed
2026-09-01 18:37:08	NETWORK	bhfs	attempt=1	proxy=http://wiw4v7duaymysz9-session-fd36e7054872-lifetime-10:***@rp.scrapegw.com:6060	ConnectionTimeoutError: Connection timeout to host https://discord.com/api/v9/unique-username/username-attempt-unauthed
2026-09-01 18:37:09	NETWORK	bhcj	attempt=1	proxy=http://wiw4v7duaymysz9-session-b1bf3f2ecf15-lifetime-10:***@rp.scrapegw.com:6060	ConnectionTimeoutError: Connection timeout to host https://discord.com/api/v9/unique-username/username-attempt-unauthed
2026-09-01 18:37:09	NETWORK	bjdb	attempt=1	proxy=http://wiw4v7duaymysz9-session-00192acd9ac1-lifetime-10:***@rp.scrapegw.com:6060	ConnectionTimeoutError: Connection timeout to host https://discord.com/api/v9/unique-username/username-attempt-unauthed
2026-09-01 18:37:09	NETWORK	bxqg	attempt=1	proxy=http://wiw4v7duaymysz9-session-b1bf3f2ecf15-lifetime-10:***@rp.scrapegw.com:6060	ClientConnectorError: Cannot connect to host discord.com:443 ssl:default [Connection reset by peer]
2026-09-01 18:37:09	NETWORK	bprl	attempt=1	proxy=http://wiw4v7duaymysz9-session-b1bf3f2ecf15-lifetime-10:***@rp.scrapegw.com:6060	ClientConnectorError: Cannot connect to host discord.com:443 ssl:default [Connection reset by peer]
2026-09-01 18:37:10	NETWORK	bljl	attempt=1	proxy=http://wiw4v7duaymysz9-session-0c2196ca1fd8-lifetime-10:***@rp.scrapegw.com:6060	ConnectionTimeoutError: Connection timeout to host https://discord.com/api/v9/unique-username/username-attempt-unauthed
2026-09-01 18:37:10	NETWORK	bmdj	attempt=1	proxy=http://wiw4v7duaymysz9-session-00192acd9ac1-lifetime-10:***@rp.scrapegw.com:6060	ConnectionTimeoutError: Connection timeout to host https://discord.com/api/v9/unique-username/username-attempt-unauthed
2026-09-01 18:37:11	NETWORK	buxk	attempt=1	proxy=http://wiw4v7duaymysz9-session-b1bf3f2ecf15-lifetime-10:***@rp.scrapegw.com:6060	ClientConnectorError: Cannot connect to host discord.com:443 ssl:default [Connection reset by peer]
2026-09-01 18:37:11	NETWORK	bqoo	attempt=1	proxy=http://wiw4v7duaymysz9-session-00192acd9ac1-lifetime-10:***@rp.scrapegw.com:6060	ConnectionTimeoutError: Connection timeout to host https://discord.com/api/v9/unique-username/username-attempt-unauthed
2026-09-01 18:37:11	NETWORK	bqez	attempt=1	proxy=http://wiw4v7duaymysz9-session-0c2196ca1fd8-lifetime-10:***@rp.scrapegw.com:6060	ConnectionTimeoutError: Connection timeout to host https://discord.com/api/v9/unique-username/username-attempt-unauthed
2026-09-01 18:37:12	NETWORK	bsbi	attempt=1	proxy=http://wiw4v7duaymysz9-session-b1bf3f2ecf15-lifetime-10:***@rp.scrapegw.com:6060	ClientConnectorError: Cannot connect to host discord.com:443 ssl:default [Connection reset by peer]
2026-09-01 18:37:12	NETWORK	bsrk	attempt=1	proxy=http://wiw4v7duaymysz9-session-00192acd9ac1-lifetime-10:***@rp.scrapegw.com:6060	ConnectionTimeoutError: Connection timeout to host https://discord.com/api/v9/unique-username/username-attempt-unauthed
2026-09-01 18:37:12	NETWORK	byzu	attempt=1	proxy=http://wiw4v7duaymysz9-session-b1bf3f2ecf15-lifetime-10:***@rp.scrapegw.com:6060	ClientConnectorError: Cannot connect to host discord.com:443 ssl:default [Connection reset by peer]
2026-09-01 18:37:14	NETWORK	bzxg	attempt=1	proxy=http://wiw4v7duaymysz9-session-b1bf3f2ecf15-lifetime-10:***@rp.scrapegw.com:6060	ClientConnectorError: Cannot connect to host discord.com:443 ssl:default [Connection reset by peer]
2026-09-01 18:37:14	NETWORK	byap	attempt=1	proxy=http://wiw4v7duaymysz9-session-1fa1462fca39-lifetime-10:***@rp.scrapegw.com:6060	ConnectionTimeoutError: Connection timeout to host https://discord.com/api/v9/unique-username/username-attempt-unauthed
2026-09-01 18:37:14	NETWORK	byza	attempt=1	proxy=http://wiw4v7duaymysz9-session-2850b2ea2565-lifetime-10:***@rp.scrapegw.com:6060	ConnectionTimeoutError: Connection timeout to host https://discord.com/api/v9/unique-username/username-attempt-unauthed
2026-09-01 18:37:14	NETWORK	byxr	attempt=1	proxy=http://wiw4v7duaymysz9-session-85ccbccc94a9-lifetime-10:***@rp.scrapegw.com:6060	ConnectionTimeoutError: Connection timeout to host https://discord.com/api/v9/unique-username/username-attempt-unauthed
2026-09-01 18:37:14	NETWORK	byxa	attempt=1	proxy=http://wiw4v7duaymysz9-session-b96951bb03e3-lifetime-10:***@rp.scrapegw.com:6060	ConnectionTimeoutError: Connection timeout to host https://discord.com/api/v9/unique-username/username-attempt-unauthed
2026-09-01 18:37:14	NETWORK	bxsk	attempt=1	proxy=http://wiw4v7duaymysz9-session-bb93e7cdc115-lifetime-10:***@rp.scrapegw.com:6060	ConnectionTimeoutError: Connection timeout to host https://discord.com/api/v9/unique-username/username-attempt-unauthed
2026-09-01 18:37:14	NETWORK	bzbf	attempt=1	proxy=http://wiw4v7duaymysz9-session-ba1d68d47599-lifetime-10:***@rp.scrapegw.com:6060	ConnectionTimeoutError: Connection timeout to host https://discord.com/api/v9/unique-username/username-attempt-unauthed
2026-09-01 18:37:14	NETWORK	bysx	attempt=1	proxy=http://wiw4v7duaymysz9-session-1cd8f7901563-lifetime-10:***@rp.scrapegw.com:6060	ConnectionTimeoutError: Connection timeout to host https://discord.com/api/v9/unique-username/username-attempt-unauthed
2026-09-01 18:37:15	NETWORK	ccjs	attempt=1	proxy=http://wiw4v7duaymysz9-session-b1bf3f2ecf15-lifetime-10:***@rp.scrapegw.com:6060	ClientConnectorError: Cannot connect to host discord.com:443 ssl:default [Connection reset by peer]
2026-09-01 18:37:15	NETWORK	cbop	attempt=1	proxy=http://wiw4v7duaymysz9-session-b1bf3f2ecf15-lifetime-10:***@rp.scrapegw.com:6060	ClientConnectorError: Cannot connect to host discord.com:443 ssl:default [Connection reset by peer]
2026-09-01 18:37:15	NETWORK	cdxh	attempt=1	proxy=http://wiw4v7duaymysz9-session-b1bf3f2ecf15-lifetime-10:***@rp.scrapegw.com:6060	ClientConnectorError: Cannot connect to host discord.com:443 ssl:default [Connection reset by peer]
2026-09-01 18:37:15	NETWORK	caaw	attempt=1	proxy=http://wiw4v7duaymysz9-session-bb93e7cdc115-lifetime-10:***@rp.scrapegw.com:6060	ConnectionTimeoutError: Connection timeout to host https://discord.com/api/v9/unique-username/username-attempt-unauthed
2026-09-01 18:37:15	NETWORK	cbnj	attempt=1	proxy=http://wiw4v7duaymysz9-session-85ccbccc94a9-lifetime-10:***@rp.scrapegw.com:6060	ConnectionTimeoutError: Connection timeout to host https://discord.com/api/v9/unique-username/username-attempt-unauthed
2026-09-01 18:37:15	NETWORK	ccwn	attempt=1	proxy=http://wiw4v7duaymysz9-session-b1bf3f2ecf15-lifetime-10:***@rp.scrapegw.com:6060	ClientConnectorError: Cannot connect to host discord.com:443 ssl:default [Connection reset by peer]
2026-09-01 18:37:16	NETWORK	cemi	attempt=1	proxy=http://wiw4v7duaymysz9-session-b1bf3f2ecf15-lifetime-10:***@rp.scrapegw.com:6060	ClientConnectorError: Cannot connect to host discord.com:443 ssl:default [Connection reset by peer]
2026-09-01 18:37:16	NETWORK	ccxn	attempt=1	proxy=http://wiw4v7duaymysz9-session-df60318c94ac-lifetime-10:***@rp.scrapegw.com:6060	ConnectionTimeoutError: Connection timeout to host https://discord.com/api/v9/unique-username/username-attempt-unauthed
2026-09-01 18:37:16	NETWORK	ccwg	attempt=1	proxy=http://wiw4v7duaymysz9-session-85ccbccc94a9-lifetime-10:***@rp.scrapegw.com:6060	ConnectionTimeoutError: Connection timeout to host https://discord.com/api/v9/unique-username/username-attempt-unauthed
2026-09-01 18:37:16	HTTP_429	cctw	attempt=1	proxy=http://wiw4v7duaymysz9-session-6d8811faaed5-lifetime-10:***@rp.scrapegw.com:6060	scope=shared global=False retry_after=736.00s
2026-09-01 18:37:17	HTTP_429	cfsg	attempt=1	proxy=http://wiw4v7duaymysz9-session-df60318c94ac-lifetime-10:***@rp.scrapegw.com:6060	scope=shared global=False retry_after=753.40s
2026-09-01 18:37:17	NETWORK	ccrh	attempt=1	proxy=http://wiw4v7duaymysz9-session-bb93e7cdc115-lifetime-10:***@rp.scrapegw.com:6060	ConnectionTimeoutError: Connection timeout to host https://discord.com/api/v9/unique-username/username-attempt-unauthed
2026-09-01 18:37:17	NETWORK	cdzj	attempt=1	proxy=http://wiw4v7duaymysz9-session-fd36e7054872-lifetime-10:***@rp.scrapegw.com:6060	ConnectionTimeoutError: Connection timeout to host https://discord.com/api/v9/unique-username/username-attempt-unauthed
2026-09-01 18:37:18	NETWORK	cfjy	attempt=1	proxy=http://wiw4v7duaymysz9-session-b1bf3f2ecf15-lifetime-10:***@rp.scrapegw.com:6060	ServerDisconnectedError: Server disconnected
2026-09-01 18:37:18	NETWORK	cerw	attempt=1	proxy=http://wiw4v7duaymysz9-session-0c2196ca1fd8-lifetime-10:***@rp.scrapegw.com:6060	ConnectionTimeoutError: Connection timeout to host https://discord.com/api/v9/unique-username/username-attempt-unauthed
2026-09-01 18:37:18	NETWORK	cesn	attempt=1	proxy=http://wiw4v7duaymysz9-session-00192acd9ac1-lifetime-10:***@rp.scrapegw.com:6060	ConnectionTimeoutError: Connection timeout to host https://discord.com/api/v9/unique-username/username-attempt-unauthed
2026-09-01 18:37:18	NETWORK	ceny	attempt=1	proxy=http://wiw4v7duaymysz9-session-fd36e7054872-lifetime-10:***@rp.scrapegw.com:6060	ConnectionTimeoutError: Connection timeout to host https://discord.com/api/v9/unique-username/username-attempt-unauthed
2026-09-01 18:37:19	NETWORK	cfzd	attempt=1	proxy=http://wiw4v7duaymysz9-session-b1bf3f2ecf15-lifetime-10:***@rp.scrapegw.com:6060	ServerDisconnectedError: Server disconnected
2026-09-01 18:37:19	NETWORK	cfcz	attempt=1	proxy=http://wiw4v7duaymysz9-session-df60318c94ac-lifetime-10:***@rp.scrapegw.com:6060	ConnectionTimeoutError: Connection timeout to host https://discord.com/api/v9/unique-username/username-attempt-unauthed
2026-09-01 18:37:19	NETWORK	cfnj	attempt=1	proxy=http://wiw4v7duaymysz9-session-0c2196ca1fd8-lifetime-10:***@rp.scrapegw.com:6060	ConnectionTimeoutError: Connection timeout to host https://discord.com/api/v9/unique-username/username-attempt-unauthed
2026-09-01 18:37:19	NETWORK	cevn	attempt=1	proxy=http://wiw4v7duaymysz9-session-0c2196ca1fd8-lifetime-10:***@rp.scrapegw.com:6060	ConnectionTimeoutError: Connection timeout to host https://discord.com/api/v9/unique-username/username-attempt-unauthed
2026-09-01 18:37:19	NETWORK	cevr	attempt=1	proxy=http://wiw4v7duaymysz9-session-00192acd9ac1-lifetime-10:***@rp.scrapegw.com:6060	ConnectionTimeoutError: Connection timeout to host https://discord.com/api/v9/unique-username/username-attempt-unauthed
2026-09-01 18:37:19	NETWORK	cgor	attempt=1	proxy=http://wiw4v7duaymysz9-session-b1bf3f2ecf15-lifetime-10:***@rp.scrapegw.com:6060	ServerDisconnectedError: Server disconnected
2026-09-01 18:37:20	NETWORK	cfwb	attempt=1	proxy=http://wiw4v7duaymysz9-session-b1bf3f2ecf15-lifetime-10:***@rp.scrapegw.com:6060	ClientConnectorError: Cannot connect to host discord.com:443 ssl:default [Connection reset by peer]
2026-09-01 18:37:20	NETWORK	cfdz	attempt=1	proxy=http://wiw4v7duaymysz9-session-0c2196ca1fd8-lifetime-10:***@rp.scrapegw.com:6060	ConnectionTimeoutError: Connection timeout to host https://discord.com/api/v9/unique-username/username-attempt-unauthed
2026-09-01 18:37:20	NETWORK	cfqh	attempt=1	proxy=http://wiw4v7duaymysz9-session-df60318c94ac-lifetime-10:***@rp.scrapegw.com:6060	ConnectionTimeoutError: Connection timeout to host https://discord.com/api/v9/unique-username/username-attempt-unauthed
2026-09-01 18:37:22	NETWORK	chrl	attempt=1	proxy=http://wiw4v7duaymysz9-session-eaf5b66b998c-lifetime-10:***@rp.scrapegw.com:6060	ConnectionTimeoutError: Connection timeout to host https://discord.com/api/v9/unique-username/username-attempt-unauthed
2026-09-01 18:37:23	NETWORK	chtj	attempt=1	proxy=http://wiw4v7duaymysz9-session-eaf5b66b998c-lifetime-10:***@rp.scrapegw.com:6060	ClientConnectorError: Cannot connect to host discord.com:443 ssl:default [Connection reset by peer]
2026-09-01 18:37:23	NETWORK	chsx	attempt=1	proxy=http://wiw4v7duaymysz9-session-fd36e7054872-lifetime-10:***@rp.scrapegw.com:6060	ConnectionTimeoutError: Connection timeout to host https://discord.com/api/v9/unique-username/username-attempt-unauthed
2026-09-01 18:37:24	NETWORK	chtc	attempt=1	proxy=http://wiw4v7duaymysz9-session-eaf5b66b998c-lifetime-10:***@rp.scrapegw.com:6060	ConnectionTimeoutError: Connection timeout to host https://discord.com/api/v9/unique-username/username-attempt-unauthed
2026-09-01 18:37:25	NETWORK	chuo	attempt=1	proxy=http://wiw4v7duaymysz9-session-0c2196ca1fd8-lifetime-10:***@rp.scrapegw.com:6060	ConnectionTimeoutError: Connection timeout to host https://discord.com/api/v9/unique-username/username-attempt-unauthed
2026-09-01 18:37:26	NETWORK	ciad	attempt=1	proxy=http://wiw4v7duaymysz9-session-eaf5b66b998c-lifetime-10:***@rp.scrapegw.com:6060	ConnectionTimeoutError: Connection timeout to host https://discord.com/api/v9/unique-username/username-attempt-unauthed
2026-09-01 18:37:27	NETWORK	chuy	attempt=1	proxy=http://wiw4v7duaymysz9-session-eaf5b66b998c-lifetime-10:***@rp.scrapegw.com:6060	ConnectionTimeoutError: Connection timeout to host https://discord.com/api/v9/unique-username/username-attempt-unauthed
2026-09-01 18:37:27	NETWORK	cidg	attempt=1	proxy=http://wiw4v7duaymysz9-session-eaf5b66b998c-lifetime-10:***@rp.scrapegw.com:6060	ConnectionTimeoutError: Connection timeout to host https://discord.com/api/v9/unique-username/username-attempt-unauthed
2026-09-01 18:37:27	NETWORK	citc	attempt=1	proxy=http://wiw4v7duaymysz9-session-fd36e7054872-lifetime-10:***@rp.scrapegw.com:6060	ConnectionTimeoutError: Connection timeout to host https://discord.com/api/v9/unique-username/username-attempt-unauthed
2026-09-01 18:37:27	NETWORK	ciha	attempt=1	proxy=http://wiw4v7duaymysz9-session-fd36e7054872-lifetime-10:***@rp.scrapegw.com:6060	ConnectionTimeoutError: Connection timeout to host https://discord.com/api/v9/unique-username/username-attempt-unauthed
2026-09-01 18:37:28	NETWORK	ciwp	attempt=1	proxy=http://wiw4v7duaymysz9-session-fd36e7054872-lifetime-10:***@rp.scrapegw.com:6060	ConnectionTimeoutError: Connection timeout to host https://discord.com/api/v9/unique-username/username-attempt-unauthed
2026-09-01 18:37:30	NETWORK	clzs	attempt=1	proxy=http://wiw4v7duaymysz9-session-3198db34c342-lifetime-10:***@rp.scrapegw.com:6060	ClientConnectorError: Cannot connect to host discord.com:443 ssl:default [Connection reset by peer]
2026-09-01 18:37:30	NETWORK	cjhz	attempt=1	proxy=http://wiw4v7duaymysz9-session-0c2196ca1fd8-lifetime-10:***@rp.scrapegw.com:6060	ConnectionTimeoutError: Connection timeout to host https://discord.com/api/v9/unique-username/username-attempt-unauthed
2026-09-01 18:37:30	NETWORK	cjiu	attempt=1	proxy=http://wiw4v7duaymysz9-session-eaf5b66b998c-lifetime-10:***@rp.scrapegw.com:6060	ConnectionTimeoutError: Connection timeout to host https://discord.com/api/v9/unique-username/username-attempt-unauthed
2026-09-01 18:37:30	NETWORK	cjuh	attempt=1	proxy=http://wiw4v7duaymysz9-session-fd36e7054872-lifetime-10:***@rp.scrapegw.com:6060	ConnectionTimeoutError: Connection timeout to host https://discord.com/api/v9/unique-username/username-attempt-unauthed
2026-09-01 18:37:30	NETWORK	cjnr	attempt=1	proxy=http://wiw4v7duaymysz9-session-fd36e7054872-lifetime-10:***@rp.scrapegw.com:6060	ConnectionTimeoutError: Connection timeout to host https://discord.com/api/v9/unique-username/username-attempt-unauthed
2026-09-01 18:37:30	NETWORK	cjqp	attempt=1	proxy=http://wiw4v7duaymysz9-session-0c2196ca1fd8-lifetime-10:***@rp.scrapegw.com:6060	ConnectionTimeoutError: Connection timeout to host https://discord.com/api/v9/unique-username/username-attempt-unauthed
2026-09-01 18:37:30	NETWORK	cjhq	attempt=1	proxy=http://wiw4v7duaymysz9-session-fd36e7054872-lifetime-10:***@rp.scrapegw.com:6060	ConnectionTimeoutError: Connection timeout to host https://discord.com/api/v9/unique-username/username-attempt-unauthed
2026-09-01 18:37:31	NETWORK	ckjl	attempt=1	proxy=http://wiw4v7duaymysz9-session-00192acd9ac1-lifetime-10:***@rp.scrapegw.com:6060	ConnectionTimeoutError: Connection timeout to host https://discord.com/api/v9/unique-username/username-attempt-unauthed
2026-09-01 18:37:31	NETWORK	ckjs	attempt=1	proxy=http://wiw4v7duaymysz9-session-fd36e7054872-lifetime-10:***@rp.scrapegw.com:6060	ConnectionTimeoutError: Connection timeout to host https://discord.com/api/v9/unique-username/username-attempt-unauthed
2026-09-01 18:37:31	NETWORK	ckbt	attempt=1	proxy=http://wiw4v7duaymysz9-session-fd36e7054872-lifetime-10:***@rp.scrapegw.com:6060	ConnectionTimeoutError: Connection timeout to host https://discord.com/api/v9/unique-username/username-attempt-unauthed
2026-09-01 18:37:31	NETWORK	ckfe	attempt=1	proxy=http://wiw4v7duaymysz9-session-0c2196ca1fd8-lifetime-10:***@rp.scrapegw.com:6060	ConnectionTimeoutError: Connection timeout to host https://discord.com/api/v9/unique-username/username-attempt-unauthed
2026-09-01 18:37:32	NETWORK	ckkj	attempt=1	proxy=http://wiw4v7duaymysz9-session-0c2196ca1fd8-lifetime-10:***@rp.scrapegw.com:6060	ConnectionTimeoutError: Connection timeout to host https://discord.com/api/v9/unique-username/username-attempt-unauthed
2026-09-01 18:37:32	NETWORK	ckux	attempt=1	proxy=http://wiw4v7duaymysz9-session-00192acd9ac1-lifetime-10:***@rp.scrapegw.com:6060	ConnectionTimeoutError: Connection timeout to host https://discord.com/api/v9/unique-username/username-attempt-unauthed
2026-09-01 18:37:33	HTTP_429	cqcp	attempt=1	proxy=http://wiw4v7duaymysz9-session-3198db34c342-lifetime-10:***@rp.scrapegw.com:6060	scope=shared global=False retry_after=2150.00s
2026-09-01 18:37:33	HTTP_429	cqdz	attempt=1	proxy=http://wiw4v7duaymysz9-session-3198db34c342-lifetime-10:***@rp.scrapegw.com:6060	scope=shared global=False retry_after=2150.00s
2026-09-01 18:37:33	HTTP_429	cqes	attempt=1	proxy=http://wiw4v7duaymysz9-session-3198db34c342-lifetime-10:***@rp.scrapegw.com:6060	scope=shared global=False retry_after=2150.00s
2026-09-01 18:37:33	HTTP_429	cqey	attempt=1	proxy=http://wiw4v7duaymysz9-session-3198db34c342-lifetime-10:***@rp.scrapegw.com:6060	scope=shared global=False retry_after=2150.00s
2026-09-01 18:37:33	NETWORK	clgc	attempt=1	proxy=http://wiw4v7duaymysz9-session-0c2196ca1fd8-lifetime-10:***@rp.scrapegw.com:6060	ConnectionTimeoutError: Connection timeout to host https://discord.com/api/v9/unique-username/username-attempt-unauthed
2026-09-01 18:37:33	NETWORK	clkv	attempt=1	proxy=http://wiw4v7duaymysz9-session-00192acd9ac1-lifetime-10:***@rp.scrapegw.com:6060	ConnectionTimeoutError: Connection timeout to host https://discord.com/api/v9/unique-username/username-attempt-unauthed
2026-09-01 18:37:33	NETWORK	ckvw	attempt=1	proxy=http://wiw4v7duaymysz9-session-fd36e7054872-lifetime-10:***@rp.scrapegw.com:6060	ConnectionTimeoutError: Connection timeout to host https://discord.com/api/v9/unique-username/username-attempt-unauthed
2026-09-01 18:37:34	HTTP_429	cqrg	attempt=1	proxy=http://wiw4v7duaymysz9-session-eaf5b66b998c-lifetime-10:***@rp.scrapegw.com:6060	scope=shared global=False retry_after=2145.00s
2026-09-01 18:37:34	HTTP_429	cqrp	attempt=1	proxy=http://wiw4v7duaymysz9-session-eaf5b66b998c-lifetime-10:***@rp.scrapegw.com:6060	scope=shared global=False retry_after=2145.00s
2026-09-01 18:37:34	HTTP_429	cqmt	attempt=1	proxy=http://wiw4v7duaymysz9-session-eaf5b66b998c-lifetime-10:***@rp.scrapegw.com:6060	scope=shared global=False retry_after=2145.00s
2026-09-01 18:37:34	HTTP_429	cqsk	attempt=1	proxy=http://wiw4v7duaymysz9-session-eaf5b66b998c-lifetime-10:***@rp.scrapegw.com:6060	scope=shared global=False retry_after=2145.00s
2026-09-01 18:37:34	HTTP_429	cqta	attempt=1	proxy=http://wiw4v7duaymysz9-session-eaf5b66b998c-lifetime-10:***@rp.scrapegw.com:6060	scope=shared global=False retry_after=2145.00s
2026-09-01 18:37:34	HTTP_429	cqtj	attempt=1	proxy=http://wiw4v7duaymysz9-session-eaf5b66b998c-lifetime-10:***@rp.scrapegw.com:6060	scope=shared global=False retry_after=2145.00s
2026-09-01 18:37:34	NETWORK	clrm	attempt=1	proxy=http://wiw4v7duaymysz9-session-eaf5b66b998c-lifetime-10:***@rp.scrapegw.com:6060	ConnectionTimeoutError: Connection timeout to host https://discord.com/api/v9/unique-username/username-attempt-unauthed
2026-09-01 18:37:34	NETWORK	clhp	attempt=1	proxy=http://wiw4v7duaymysz9-session-eaf5b66b998c-lifetime-10:***@rp.scrapegw.com:6060	ConnectionTimeoutError: Connection timeout to host https://discord.com/api/v9/unique-username/username-attempt-unauthed
2026-09-01 18:37:34	HTTP_429	clth	attempt=1	proxy=http://wiw4v7duaymysz9-session-3198db34c342-lifetime-10:***@rp.scrapegw.com:6060	scope=shared global=False retry_after=2148.77s
2026-09-01 18:37:35	HTTP_429	cmku	attempt=1	proxy=http://wiw4v7duaymysz9-session-3198db34c342-lifetime-10:***@rp.scrapegw.com:6060	scope=shared global=False retry_after=2148.33s
2026-09-01 18:37:35	HTTP_429	cmbp	attempt=1	proxy=http://wiw4v7duaymysz9-session-3198db34c342-lifetime-10:***@rp.scrapegw.com:6060	scope=shared global=False retry_after=2147.91s
2026-09-01 18:37:36	NETWORK	cmex	attempt=1	proxy=http://wiw4v7duaymysz9-session-eaf5b66b998c-lifetime-10:***@rp.scrapegw.com:6060	ConnectionTimeoutError: Connection timeout to host https://discord.com/api/v9/unique-username/username-attempt-unauthed
2026-09-01 18:37:37	HTTP_429	cnfd	attempt=1	proxy=http://wiw4v7duaymysz9-session-3198db34c342-lifetime-10:***@rp.scrapegw.com:6060	scope=shared global=False retry_after=2146.01s
2026-09-01 18:37:37	NETWORK	cnec	attempt=1	proxy=http://wiw4v7duaymysz9-session-fd36e7054872-lifetime-10:***@rp.scrapegw.com:6060	ConnectionTimeoutError: Connection timeout to host https://discord.com/api/v9/unique-username/username-attempt-unauthed
2026-09-01 18:37:37	NETWORK	cndc	attempt=1	proxy=http://wiw4v7duaymysz9-session-eaf5b66b998c-lifetime-10:***@rp.scrapegw.com:6060	ConnectionTimeoutError: Connection timeout to host https://discord.com/api/v9/unique-username/username-attempt-unauthed
2026-09-01 18:37:38	NETWORK	cngs	attempt=1	proxy=http://wiw4v7duaymysz9-session-00192acd9ac1-lifetime-10:***@rp.scrapegw.com:6060	ConnectionTimeoutError: Connection timeout to host https://discord.com/api/v9/unique-username/username-attempt-unauthed
2026-09-01 18:37:38	NETWORK	cnfh	attempt=1	proxy=http://wiw4v7duaymysz9-session-fd36e7054872-lifetime-10:***@rp.scrapegw.com:6060	ConnectionTimeoutError: Connection timeout to host https://discord.com/api/v9/unique-username/username-attempt-unauthed
2026-09-01 18:37:39	NETWORK	cnhp	attempt=1	proxy=http://wiw4v7duaymysz9-session-0c2196ca1fd8-lifetime-10:***@rp.scrapegw.com:6060	ConnectionTimeoutError: Connection timeout to host https://discord.com/api/v9/unique-username/username-attempt-unauthed
2026-09-01 18:37:39	NETWORK	cnij	attempt=1	proxy=http://wiw4v7duaymysz9-session-00192acd9ac1-lifetime-10:***@rp.scrapegw.com:6060	ConnectionTimeoutError: Connection timeout to host https://discord.com/api/v9/unique-username/username-attempt-unauthed
2026-09-01 18:37:40	NETWORK	cnma	attempt=1	proxy=http://wiw4v7duaymysz9-session-00192acd9ac1-lifetime-10:***@rp.scrapegw.com:6060	ConnectionTimeoutError: Connection timeout to host https://discord.com/api/v9/unique-username/username-attempt-unauthed
2026-09-01 18:37:40	NETWORK	cnlw	attempt=1	proxy=http://wiw4v7duaymysz9-session-0c2196ca1fd8-lifetime-10:***@rp.scrapegw.com:6060	ConnectionTimeoutError: Connection timeout to host https://discord.com/api/v9/unique-username/username-attempt-unauthed
2026-09-01 18:37:41	NETWORK	cnnq	attempt=1	proxy=http://wiw4v7duaymysz9-session-0c2196ca1fd8-lifetime-10:***@rp.scrapegw.com:6060	ConnectionTimeoutError: Connection timeout to host https://discord.com/api/v9/unique-username/username-attempt-unauthed
2026-09-01 18:37:41	NETWORK	cnpc	attempt=1	proxy=http://wiw4v7duaymysz9-session-00192acd9ac1-lifetime-10:***@rp.scrapegw.com:6060	ConnectionTimeoutError: Connection timeout to host https://discord.com/api/v9/unique-username/username-attempt-unauthed
2026-09-01 18:37:42	HTTP_429	codj	attempt=1	proxy=http://wiw4v7duaymysz9-session-3198db34c342-lifetime-10:***@rp.scrapegw.com:6060	scope=shared global=False retry_after=2141.09s
2026-09-01 18:37:42	NETWORK	cnrs	attempt=1	proxy=http://wiw4v7duaymysz9-session-00192acd9ac1-lifetime-10:***@rp.scrapegw.com:6060	ConnectionTimeoutError: Connection timeout to host https://discord.com/api/v9/unique-username/username-attempt-unauthed
2026-09-01 18:37:42	NETWORK	cnre	attempt=1	proxy=http://wiw4v7duaymysz9-session-fd36e7054872-lifetime-10:***@rp.scrapegw.com:6060	ConnectionTimeoutError: Connection timeout to host https://discord.com/api/v9/unique-username/username-attempt-unauthed
2026-09-01 18:37:43	NETWORK	cofg	attempt=1	proxy=http://wiw4v7duaymysz9-session-00192acd9ac1-lifetime-10:***@rp.scrapegw.com:6060	ConnectionTimeoutError: Connection timeout to host https://discord.com/api/v9/unique-username/username-attempt-unauthed
2026-09-01 18:37:43	NETWORK	cnxp	attempt=1	proxy=http://wiw4v7duaymysz9-session-00192acd9ac1-lifetime-10:***@rp.scrapegw.com:6060	ConnectionTimeoutError: Connection timeout to host https://discord.com/api/v9/unique-username/username-attempt-unauthed
2026-09-01 18:37:43	NETWORK	codz	attempt=1	proxy=http://wiw4v7duaymysz9-session-00192acd9ac1-lifetime-10:***@rp.scrapegw.com:6060	ConnectionTimeoutError: Connection timeout to host https://discord.com/api/v9/unique-username/username-attempt-unauthed
2026-09-01 18:37:43	NETWORK	cnvu	attempt=1	proxy=http://wiw4v7duaymysz9-session-fd36e7054872-lifetime-10:***@rp.scrapegw.com:6060	ConnectionTimeoutError: Connection timeout to host https://discord.com/api/v9/unique-username/username-attempt-unauthed
2026-09-01 18:37:43	NETWORK	code	attempt=1	proxy=http://wiw4v7duaymysz9-session-00192acd9ac1-lifetime-10:***@rp.scrapegw.com:6060	ConnectionTimeoutError: Connection timeout to host https://discord.com/api/v9/unique-username/username-attempt-unauthed
2026-09-01 18:37:44	NETWORK	colg	attempt=1	proxy=http://wiw4v7duaymysz9-session-00192acd9ac1-lifetime-10:***@rp.scrapegw.com:6060	ConnectionTimeoutError: Connection timeout to host https://discord.com/api/v9/unique-username/username-attempt-unauthed
2026-09-01 18:37:45	NETWORK	coox	attempt=1	proxy=http://wiw4v7duaymysz9-session-00192acd9ac1-lifetime-10:***@rp.scrapegw.com:6060	ConnectionTimeoutError: Connection timeout to host https://discord.com/api/v9/unique-username/username-attempt-unauthed
2026-09-01 18:37:45	HTTP_429	cuaw	attempt=1	proxy=http://wiw4v7duaymysz9-session-0c2196ca1fd8-lifetime-10:***@rp.scrapegw.com:6060	scope=shared global=False retry_after=1293.00s
2026-09-01 18:37:45	HTTP_429	cuci	attempt=1	proxy=http://wiw4v7duaymysz9-session-0c2196ca1fd8-lifetime-10:***@rp.scrapegw.com:6060	scope=shared global=False retry_after=1293.00s
2026-09-01 18:37:46	NETWORK	cpaj	attempt=1	proxy=http://wiw4v7duaymysz9-session-00192acd9ac1-lifetime-10:***@rp.scrapegw.com:6060	ConnectionTimeoutError: Connection timeout to host https://discord.com/api/v9/unique-username/username-attempt-unauthed
2026-09-01 18:37:46	NETWORK	cplf	attempt=1	proxy=http://wiw4v7duaymysz9-session-00192acd9ac1-lifetime-10:***@rp.scrapegw.com:6060	ConnectionTimeoutError: Connection timeout to host https://discord.com/api/v9/unique-username/username-attempt-unauthed
2026-09-01 18:37:46	NETWORK	cpdm	attempt=1	proxy=http://wiw4v7duaymysz9-session-00192acd9ac1-lifetime-10:***@rp.scrapegw.com:6060	ConnectionTimeoutError: Connection timeout to host https://discord.com/api/v9/unique-username/username-attempt-unauthed
2026-09-01 18:37:46	NETWORK	cpcd	attempt=1	proxy=http://wiw4v7duaymysz9-session-00192acd9ac1-lifetime-10:***@rp.scrapegw.com:6060	ConnectionTimeoutError: Connection timeout to host https://discord.com/api/v9/unique-username/username-attempt-unauthed
2026-09-01 18:37:46	NETWORK	covv	attempt=1	proxy=http://wiw4v7duaymysz9-session-00192acd9ac1-lifetime-10:***@rp.scrapegw.com:6060	ConnectionTimeoutError: Connection timeout to host https://discord.com/api/v9/unique-username/username-attempt-unauthed
2026-09-01 18:37:46	NETWORK	coue	attempt=1	proxy=http://wiw4v7duaymysz9-session-00192acd9ac1-lifetime-10:***@rp.scrapegw.com:6060	ConnectionTimeoutError: Connection timeout to host https://discord.com/api/v9/unique-username/username-attempt-unauthed
2026-09-01 18:37:46	NETWORK	cpcj	attempt=1	proxy=http://wiw4v7duaymysz9-session-00192acd9ac1-lifetime-10:***@rp.scrapegw.com:6060	ConnectionTimeoutError: Connection timeout to host https://discord.com/api/v9/unique-username/username-attempt-unauthed
2026-09-01 18:37:46	NETWORK	cpom	attempt=1	proxy=http://wiw4v7duaymysz9-session-00192acd9ac1-lifetime-10:***@rp.scrapegw.com:6060	ConnectionTimeoutError: Connection timeout to host https://discord.com/api/v9/unique-username/username-attempt-unauthed
2026-09-01 18:37:46	NETWORK	cpml	attempt=1	proxy=http://wiw4v7duaymysz9-session-00192acd9ac1-lifetime-10:***@rp.scrapegw.com:6060	ConnectionTimeoutError: Connection timeout to host https://discord.com/api/v9/unique-username/username-attempt-unauthed
2026-09-01 18:37:46	NETWORK	cosa	attempt=1	proxy=http://wiw4v7duaymysz9-session-0c2196ca1fd8-lifetime-10:***@rp.scrapegw.com:6060	ConnectionTimeoutError: Connection timeout to host https://discord.com/api/v9/unique-username/username-attempt-unauthed
2026-09-01 18:37:46	NETWORK	cpsd	attempt=1	proxy=http://wiw4v7duaymysz9-session-00192acd9ac1-lifetime-10:***@rp.scrapegw.com:6060	ConnectionTimeoutError: Connection timeout to host https://discord.com/api/v9/unique-username/username-attempt-unauthed
2026-09-01 18:37:46	NETWORK	cpoj	attempt=1	proxy=http://wiw4v7duaymysz9-session-00192acd9ac1-lifetime-10:***@rp.scrapegw.com:6060	ConnectionTimeoutError: Connection timeout to host https://discord.com/api/v9/unique-username/username-attempt-unauthed
2026-09-01 18:37:46	NETWORK	couh	attempt=1	proxy=http://wiw4v7duaymysz9-session-00192acd9ac1-lifetime-10:***@rp.scrapegw.com:6060	ConnectionTimeoutError: Connection timeout to host https://discord.com/api/v9/unique-username/username-attempt-unauthed
2026-09-01 18:37:48	HTTP_429	cptc	attempt=1	proxy=http://wiw4v7duaymysz9-session-3198db34c342-lifetime-10:***@rp.scrapegw.com:6060	scope=shared global=False retry_after=2135.61s
2026-09-01 18:37:48	HTTP_429	cpzp	attempt=1	proxy=http://wiw4v7duaymysz9-session-3198db34c342-lifetime-10:***@rp.scrapegw.com:6060	scope=shared global=False retry_after=2135.55s
2026-09-01 18:37:51	NETWORK	cqzp	attempt=1	proxy=http://wiw4v7duaymysz9-session-fd36e7054872-lifetime-10:***@rp.scrapegw.com:6060	ClientConnectorError: Cannot connect to host discord.com:443 ssl:default [Connection reset by peer]
2026-09-01 18:37:51	NETWORK	cqtp	attempt=1	proxy=http://wiw4v7duaymysz9-session-fd36e7054872-lifetime-10:***@rp.scrapegw.com:6060	ClientConnectorError: Cannot connect to host discord.com:443 ssl:default [Connection reset by peer]
2026-09-01 18:37:52	NETWORK	crru	attempt=1	proxy=http://wiw4v7duaymysz9-session-fd36e7054872-lifetime-10:***@rp.scrapegw.com:6060	ConnectionTimeoutError: Connection timeout to host https://discord.com/api/v9/unique-username/username-attempt-unauthed
2026-09-01 18:37:52	NETWORK	crdv	attempt=1	proxy=http://wiw4v7duaymysz9-session-00192acd9ac1-lifetime-10:***@rp.scrapegw.com:6060	ConnectionTimeoutError: Connection timeout to host https://discord.com/api/v9/unique-username/username-attempt-unauthed
2026-09-01 18:37:52	NETWORK	crpd	attempt=1	proxy=http://wiw4v7duaymysz9-session-fd36e7054872-lifetime-10:***@rp.scrapegw.com:6060	ConnectionTimeoutError: Connection timeout to host https://discord.com/api/v9/unique-username/username-attempt-unauthed
2026-09-01 18:37:52	NETWORK	cqyj	attempt=1	proxy=http://wiw4v7duaymysz9-session-fd36e7054872-lifetime-10:***@rp.scrapegw.com:6060	ConnectionTimeoutError: Connection timeout to host https://discord.com/api/v9/unique-username/username-attempt-unauthed
2026-09-01 18:37:52	NETWORK	crcp	attempt=1	proxy=http://wiw4v7duaymysz9-session-00192acd9ac1-lifetime-10:***@rp.scrapegw.com:6060	ConnectionTimeoutError: Connection timeout to host https://discord.com/api/v9/unique-username/username-attempt-unauthed
2026-09-01 18:37:52	NETWORK	cqyi	attempt=1	proxy=http://wiw4v7duaymysz9-session-0c2196ca1fd8-lifetime-10:***@rp.scrapegw.com:6060	ConnectionTimeoutError: Connection timeout to host https://discord.com/api/v9/unique-username/username-attempt-unauthed
2026-09-01 18:37:52	NETWORK	cqyc	attempt=1	proxy=http://wiw4v7duaymysz9-session-00192acd9ac1-lifetime-10:***@rp.scrapegw.com:6060	ConnectionTimeoutError: Connection timeout to host https://discord.com/api/v9/unique-username/username-attempt-unauthed
2026-09-01 18:37:52	NETWORK	cqug	attempt=1	proxy=http://wiw4v7duaymysz9-session-00192acd9ac1-lifetime-10:***@rp.scrapegw.com:6060	ConnectionTimeoutError: Connection timeout to host https://discord.com/api/v9/unique-username/username-attempt-unauthed
2026-09-01 18:37:52	NETWORK	cqul	attempt=1	proxy=http://wiw4v7duaymysz9-session-00192acd9ac1-lifetime-10:***@rp.scrapegw.com:6060	ConnectionTimeoutError: Connection timeout to host https://discord.com/api/v9/unique-username/username-attempt-unauthed
2026-09-01 18:37:52	NETWORK	cqza	attempt=1	proxy=http://wiw4v7duaymysz9-session-0c2196ca1fd8-lifetime-10:***@rp.scrapegw.com:6060	ConnectionTimeoutError: Connection timeout to host https://discord.com/api/v9/unique-username/username-attempt-unauthed
2026-09-01 18:37:52	NETWORK	cqyw	attempt=1	proxy=http://wiw4v7duaymysz9-session-0c2196ca1fd8-lifetime-10:***@rp.scrapegw.com:6060	ConnectionTimeoutError: Connection timeout to host https://discord.com/api/v9/unique-username/username-attempt-unauthed
2026-09-01 18:37:53	NETWORK	csfd	attempt=1	proxy=http://wiw4v7duaymysz9-session-00192acd9ac1-lifetime-10:***@rp.scrapegw.com:6060	ConnectionTimeoutError: Connection timeout to host https://discord.com/api/v9/unique-username/username-attempt-unauthed
2026-09-01 18:37:53	NETWORK	crzr	attempt=1	proxy=http://wiw4v7duaymysz9-session-00192acd9ac1-lifetime-10:***@rp.scrapegw.com:6060	ConnectionTimeoutError: Connection timeout to host https://discord.com/api/v9/unique-username/username-attempt-unauthed
2026-09-01 18:37:54	NETWORK	csnx	attempt=1	proxy=http://wiw4v7duaymysz9-session-0c2196ca1fd8-lifetime-10:***@rp.scrapegw.com:6060	ConnectionTimeoutError: Connection timeout to host https://discord.com/api/v9/unique-username/username-attempt-unauthed
2026-09-01 18:37:54	NETWORK	csqb	attempt=1	proxy=http://wiw4v7duaymysz9-session-0c2196ca1fd8-lifetime-10:***@rp.scrapegw.com:6060	ConnectionTimeoutError: Connection timeout to host https://discord.com/api/v9/unique-username/username-attempt-unauthed
2026-09-01 18:37:57	NETWORK	ctav	attempt=1	proxy=http://wiw4v7duaymysz9-session-fd36e7054872-lifetime-10:***@rp.scrapegw.com:6060	ConnectionTimeoutError: Connection timeout to host https://discord.com/api/v9/unique-username/username-attempt-unauthed
2026-09-01 18:37:57	NETWORK	cszn	attempt=1	proxy=http://wiw4v7duaymysz9-session-fd36e7054872-lifetime-10:***@rp.scrapegw.com:6060	ConnectionTimeoutError: Connection timeout to host https://discord.com/api/v9/unique-username/username-attempt-unauthed
2026-09-01 18:37:57	NETWORK	csub	attempt=1	proxy=http://wiw4v7duaymysz9-session-fd36e7054872-lifetime-10:***@rp.scrapegw.com:6060	ConnectionTimeoutError: Connection timeout to host https://discord.com/api/v9/unique-username/username-attempt-unauthed
2026-09-01 18:37:57	NETWORK	ctfa	attempt=1	proxy=http://wiw4v7duaymysz9-session-fd36e7054872-lifetime-10:***@rp.scrapegw.com:6060	ConnectionTimeoutError: Connection timeout to host https://discord.com/api/v9/unique-username/username-attempt-unauthed
2026-09-01 18:37:57	NETWORK	ctai	attempt=1	proxy=http://wiw4v7duaymysz9-session-fd36e7054872-lifetime-10:***@rp.scrapegw.com:6060	ConnectionTimeoutError: Connection timeout to host https://discord.com/api/v9/unique-username/username-attempt-unauthed
2026-09-01 18:37:57	NETWORK	csvw	attempt=1	proxy=http://wiw4v7duaymysz9-session-fd36e7054872-lifetime-10:***@rp.scrapegw.com:6060	ConnectionTimeoutError: Connection timeout to host https://discord.com/api/v9/unique-username/username-attempt-unauthed
2026-09-01 18:37:57	NETWORK	ctbs	attempt=1	proxy=http://wiw4v7duaymysz9-session-fd36e7054872-lifetime-10:***@rp.scrapegw.com:6060	ConnectionTimeoutError: Connection timeout to host https://discord.com/api/v9/unique-username/username-attempt-unauthed
2026-09-01 18:37:57	NETWORK	ctbe	attempt=1	proxy=http://wiw4v7duaymysz9-session-fd36e7054872-lifetime-10:***@rp.scrapegw.com:6060	ConnectionTimeoutError: Connection timeout to host https://discord.com/api/v9/unique-username/username-attempt-unauthed
2026-09-01 18:37:57	HTTP_429	ctus	attempt=1	proxy=http://wiw4v7duaymysz9-session-0c2196ca1fd8-lifetime-10:***@rp.scrapegw.com:6060	scope=shared global=False retry_after=1282.00s
2026-09-01 18:37:58	NETWORK	ctfe	attempt=1	proxy=http://wiw4v7duaymysz9-session-fd36e7054872-lifetime-10:***@rp.scrapegw.com:6060	ConnectionTimeoutError: Connection timeout to host https://discord.com/api/v9/unique-username/username-attempt-unauthed
2026-09-01 18:38:00	NETWORK	ctfh	attempt=1	proxy=http://wiw4v7duaymysz9-session-0c2196ca1fd8-lifetime-10:***@rp.scrapegw.com:6060	ConnectionTimeoutError: Connection timeout to host https://discord.com/api/v9/unique-username/username-attempt-unauthed
2026-09-01 18:38:00	NETWORK	ctww	attempt=1	proxy=http://wiw4v7duaymysz9-session-0c2196ca1fd8-lifetime-10:***@rp.scrapegw.com:6060	ConnectionTimeoutError: Connection timeout to host https://discord.com/api/v9/unique-username/username-attempt-unauthed
2026-09-01 18:38:00	NETWORK	ctnu	attempt=1	proxy=http://wiw4v7duaymysz9-session-0c2196ca1fd8-lifetime-10:***@rp.scrapegw.com:6060	ConnectionTimeoutError: Connection timeout to host https://discord.com/api/v9/unique-username/username-attempt-unauthed
2026-09-01 18:38:00	NETWORK	ctxd	attempt=1	proxy=http://wiw4v7duaymysz9-session-0c2196ca1fd8-lifetime-10:***@rp.scrapegw.com:6060	ConnectionTimeoutError: Connection timeout to host https://discord.com/api/v9/unique-username/username-attempt-unauthed
2026-09-01 18:38:00	NETWORK	ctrq	attempt=1	proxy=http://wiw4v7duaymysz9-session-0c2196ca1fd8-lifetime-10:***@rp.scrapegw.com:6060	ConnectionTimeoutError: Connection timeout to host https://discord.com/api/v9/unique-username/username-attempt-unauthed
2026-09-01 18:38:01	NETWORK	cudz	attempt=1	proxy=http://wiw4v7duaymysz9-session-0c2196ca1fd8-lifetime-10:***@rp.scrapegw.com:6060	ConnectionTimeoutError: Connection timeout to host https://discord.com/api/v9/unique-username/username-attempt-unauthed
2026-09-01 18:38:02	NETWORK	cuvt	attempt=1	proxy=http://wiw4v7duaymysz9-session-fd36e7054872-lifetime-10:***@rp.scrapegw.com:6060	ConnectionTimeoutError: Connection timeout to host https://discord.com/api/v9/unique-username/username-attempt-unauthed
2026-09-01 18:38:02	NETWORK	cuwb	attempt=1	proxy=http://wiw4v7duaymysz9-session-fd36e7054872-lifetime-10:***@rp.scrapegw.com:6060	ConnectionTimeoutError: Connection timeout to host https://discord.com/api/v9/unique-username/username-attempt-unauthed
2026-09-01 18:38:02	NETWORK	cuxq	attempt=1	proxy=http://wiw4v7duaymysz9-session-fd36e7054872-lifetime-10:***@rp.scrapegw.com:6060	ConnectionTimeoutError: Connection timeout to host https://discord.com/api/v9/unique-username/username-attempt-unauthed
2026-09-01 18:38:02	NETWORK	cuyv	attempt=1	proxy=http://wiw4v7duaymysz9-session-fd36e7054872-lifetime-10:***@rp.scrapegw.com:6060	ConnectionTimeoutError: Connection timeout to host https://discord.com/api/v9/unique-username/username-attempt-unauthed
2026-09-01 18:38:02	NETWORK	cuof	attempt=1	proxy=http://wiw4v7duaymysz9-session-fd36e7054872-lifetime-10:***@rp.scrapegw.com:6060	ConnectionTimeoutError: Connection timeout to host https://discord.com/api/v9/unique-username/username-attempt-unauthed
2026-09-01 18:38:02	NETWORK	cupe	attempt=1	proxy=http://wiw4v7duaymysz9-session-fd36e7054872-lifetime-10:***@rp.scrapegw.com:6060	ConnectionTimeoutError: Connection timeout to host https://discord.com/api/v9/unique-username/username-attempt-unauthed
2026-09-01 18:38:02	NETWORK	cvaw	attempt=1	proxy=http://wiw4v7duaymysz9-session-fd36e7054872-lifetime-10:***@rp.scrapegw.com:6060	ConnectionTimeoutError: Connection timeout to host https://discord.com/api/v9/unique-username/username-attempt-unauthed
2026-09-01 18:38:02	NETWORK	cupt	attempt=1	proxy=http://wiw4v7duaymysz9-session-fd36e7054872-lifetime-10:***@rp.scrapegw.com:6060	ConnectionTimeoutError: Connection timeout to host https://discord.com/api/v9/unique-username/username-attempt-unauthed
2026-09-01 18:38:02	NETWORK	cvbi	attempt=1	proxy=http://wiw4v7duaymysz9-session-fd36e7054872-lifetime-10:***@rp.scrapegw.com:6060	ConnectionTimeoutError: Connection timeout to host https://discord.com/api/v9/unique-username/username-attempt-unauthed
2026-09-01 18:38:02	NETWORK	curo	attempt=1	proxy=http://wiw4v7duaymysz9-session-fd36e7054872-lifetime-10:***@rp.scrapegw.com:6060	ConnectionTimeoutError: Connection timeout to host https://discord.com/api/v9/unique-username/username-attempt-unauthed
2026-09-01 18:38:02	NETWORK	cvad	attempt=1	proxy=http://wiw4v7duaymysz9-session-fd36e7054872-lifetime-10:***@rp.scrapegw.com:6060	ConnectionTimeoutError: Connection timeout to host https://discord.com/api/v9/unique-username/username-attempt-unauthed
2026-09-01 18:38:02	NETWORK	cutv	attempt=1	proxy=http://wiw4v7duaymysz9-session-fd36e7054872-lifetime-10:***@rp.scrapegw.com:6060	ConnectionTimeoutError: Connection timeout to host https://discord.com/api/v9/unique-username/username-attempt-unauthed
2026-09-01 18:38:02	NETWORK	cuqs	attempt=1	proxy=http://wiw4v7duaymysz9-session-fd36e7054872-lifetime-10:***@rp.scrapegw.com:6060	ConnectionTimeoutError: Connection timeout to host https://discord.com/api/v9/unique-username/username-attempt-unauthed
2026-09-01 18:38:02	NETWORK	cuvb	attempt=1	proxy=http://wiw4v7duaymysz9-session-fd36e7054872-lifetime-10:***@rp.scrapegw.com:6060	ConnectionTimeoutError: Connection timeout to host https://discord.com/api/v9/unique-username/username-attempt-unauthed
2026-09-01 18:38:02	NETWORK	cuqp	attempt=1	proxy=http://wiw4v7duaymysz9-session-fd36e7054872-lifetime-10:***@rp.scrapegw.com:6060	ConnectionTimeoutError: Connection timeout to host https://discord.com/api/v9/unique-username/username-attempt-unauthed
2026-09-01 18:38:03	NETWORK	cvea	attempt=1	proxy=http://wiw4v7duaymysz9-session-fd36e7054872-lifetime-10:***@rp.scrapegw.com:6060	ClientConnectorError: Cannot connect to host discord.com:443 ssl:default [Connection reset by peer]
2026-09-01 18:38:04	NETWORK	cvge	attempt=1	proxy=http://wiw4v7duaymysz9-session-fd36e7054872-lifetime-10:***@rp.scrapegw.com:6060	ConnectionTimeoutError: Connection timeout to host https://discord.com/api/v9/unique-username/username-attempt-unauthed
2026-09-01 18:40:30	HTTP_429	aaim	attempt=1	proxy=http://wiw4v7duaymysz9-session-28e775fa4321-lifetime-10:***@rp.scrapegw.com:6060	scope=shared global=False retry_after=181.0
2026-09-01 18:40:31	NETWORK	aajp	attempt=1	proxy=http://wiw4v7duaymysz9-session-e9ea84ec8875-lifetime-10:***@rp.scrapegw.com:6060	ClientConnectorError: Cannot connect to host discord.com:443 ssl:default [Connection reset by peer]
2026-09-01 18:40:32	NETWORK	aaju	attempt=1	proxy=http://wiw4v7duaymysz9-session-cb4eb573cf9d-lifetime-10:***@rp.scrapegw.com:6060	ClientConnectorError: Cannot connect to host discord.com:443 ssl:default [Connection reset by peer]
2026-09-01 18:40:34	NETWORK	aajk	attempt=1	proxy=http://wiw4v7duaymysz9-session-6630f5ec7db2-lifetime-10:***@rp.scrapegw.com:6060	ConnectionTimeoutError: Connection timeout to host https://discord.com/api/v9/unique-username/username-attempt-unauthed
2026-09-01 18:40:39	HTTP_429	awdo	attempt=1	proxy=http://wiw4v7duaymysz9-session-0e22acc6f5b9-lifetime-10:***@rp.scrapegw.com:6060	scope=shared global=False retry_after=2152.0
2026-09-01 18:40:39	NETWORK	aasz	attempt=1	proxy=http://wiw4v7duaymysz9-session-d22b67de4eb7-lifetime-10:***@rp.scrapegw.com:6060	ClientConnectorError: Cannot connect to host discord.com:443 ssl:default [Connection reset by peer]
2026-09-01 18:40:39	HTTP_429	beci	attempt=1	proxy=http://wiw4v7duaymysz9-session-266992418916-lifetime-10:***@rp.scrapegw.com:6060	scope=shared global=False retry_after=379.0
2026-09-01 18:40:41	NETWORK	abja	attempt=1	proxy=http://wiw4v7duaymysz9-session-517941dd9dbe-lifetime-10:***@rp.scrapegw.com:6060	ClientConnectorError: Cannot connect to host discord.com:443 ssl:default [None]
2026-09-01 18:40:42	HTTP_429	abpl	attempt=1	proxy=http://wiw4v7duaymysz9-session-5547fbc281e6-lifetime-10:***@rp.scrapegw.com:6060	scope=shared global=False retry_after=358.0
2026-09-01 18:40:42	HTTP_429	ajsc	attempt=1	proxy=http://wiw4v7duaymysz9-session-0e22acc6f5b9-lifetime-10:***@rp.scrapegw.com:6060	scope=shared global=False retry_after=2148.0
2026-09-01 18:40:43	NETWORK	aaww	attempt=1	proxy=http://wiw4v7duaymysz9-session-9c4d0d59cfc7-lifetime-10:***@rp.scrapegw.com:6060	ServerDisconnectedError: Server disconnected
2026-09-01 18:40:43	NETWORK	brgm	attempt=1	proxy=http://wiw4v7duaymysz9-session-6cfd22e750dd-lifetime-10:***@rp.scrapegw.com:6060	ServerDisconnectedError: Server disconnected
2026-09-01 18:41:27	NETWORK	aasz	attempt=1	proxy=http://wiw4v7duaymysz9-session-b1dce01fc56f-lifetime-10:***@rp.scrapegw.com:6060	ClientConnectorError: Cannot connect to host discord.com:443 ssl:default [Connection reset by peer]
2026-09-01 18:41:31	NETWORK	aajk	attempt=1	proxy=http://wiw4v7duaymysz9-session-7d77b4975888-lifetime-10:***@rp.scrapegw.com:6060	ConnectionTimeoutError: Connection timeout to host https://discord.com/api/v9/unique-username/username-attempt-unauthed
2026-09-01 18:41:31	NETWORK	abgh	attempt=1	proxy=http://wiw4v7duaymysz9-session-53a34bc16f1b-lifetime-10:***@rp.scrapegw.com:6060	ConnectionTimeoutError: Connection timeout to host https://discord.com/api/v9/unique-username/username-attempt-unauthed
2026-09-01 18:41:32	HTTP_429	dixq	attempt=1	proxy=http://wiw4v7duaymysz9-session-eef78e96c81e-lifetime-10:***@rp.scrapegw.com:6060	scope=shared global=False retry_after=2155.0
2026-09-01 18:41:32	NETWORK	aaww	attempt=1	proxy=http://wiw4v7duaymysz9-session-f9599229bbf1-lifetime-10:***@rp.scrapegw.com:6060	ConnectionTimeoutError: Connection timeout to host https://discord.com/api/v9/unique-username/username-attempt-unauthed
2026-09-01 18:41:38	HTTP_429	dhpg	attempt=1	proxy=http://wiw4v7duaymysz9-session-eef78e96c81e-lifetime-10:***@rp.scrapegw.com:6060	scope=shared global=False retry_after=2149.0
2026-09-01 18:41:38	HTTP_429	dhrz	attempt=1	proxy=http://wiw4v7duaymysz9-session-eef78e96c81e-lifetime-10:***@rp.scrapegw.com:6060	scope=shared global=False retry_after=2149.0
2026-09-01 18:41:39	HTTP_429	dieq	attempt=1	proxy=http://wiw4v7duaymysz9-session-eef78e96c81e-lifetime-10:***@rp.scrapegw.com:6060	scope=shared global=False retry_after=2148.0
2026-09-01 18:41:40	HTTP_429	dkhl	attempt=1	proxy=http://wiw4v7duaymysz9-session-294d464cf030-lifetime-10:***@rp.scrapegw.com:6060	scope=shared global=False retry_after=2148.0
2026-09-01 18:41:44	HTTP_429	acft	attempt=1	proxy=http://wiw4v7duaymysz9-session-2c5f55819075-lifetime-10:***@rp.scrapegw.com:6060	scope=shared global=False retry_after=772.0
2026-09-01 18:41:44	HTTP_429	dlgn	attempt=1	proxy=http://wiw4v7duaymysz9-session-a7741193c41d-lifetime-10:***@rp.scrapegw.com:6060	scope=shared global=False retry_after=2139.0
2026-09-01 18:41:45	HTTP_429	dllu	attempt=1	proxy=http://wiw4v7duaymysz9-session-6798ef9578b4-lifetime-10:***@rp.scrapegw.com:6060	scope=shared global=False retry_after=345.0
2026-09-01 18:41:46	HTTP_429	ackl	attempt=1	proxy=http://wiw4v7duaymysz9-session-97ae88fe518d-lifetime-10:***@rp.scrapegw.com:6060	scope=shared global=False retry_after=1257.0
2026-09-01 18:41:46	HTTP_429	dlov	attempt=1	proxy=http://wiw4v7duaymysz9-session-9020e50569ee-lifetime-10:***@rp.scrapegw.com:6060	scope=shared global=False retry_after=1781.0
2026-09-01 18:41:47	HTTP_429	ditq	attempt=1	proxy=http://wiw4v7duaymysz9-session-eef78e96c81e-lifetime-10:***@rp.scrapegw.com:6060	scope=shared global=False retry_after=2140.0
2026-09-01 18:41:47	NETWORK	abvm	attempt=1	proxy=http://wiw4v7duaymysz9-session-35eaf3b2c22f-lifetime-10:***@rp.scrapegw.com:6060	ConnectionTimeoutError: Connection timeout to host https://discord.com/api/v9/unique-username/username-attempt-unauthed
2026-09-01 18:41:47	HTTP_429	diuf	attempt=1	proxy=http://wiw4v7duaymysz9-session-eef78e96c81e-lifetime-10:***@rp.scrapegw.com:6060	scope=shared global=False retry_after=2140.0
2026-09-01 18:41:48	NETWORK	diyj	attempt=1	proxy=http://wiw4v7duaymysz9-session-294d464cf030-lifetime-10:***@rp.scrapegw.com:6060	ConnectionTimeoutError: Connection timeout to host https://discord.com/api/v9/unique-username/username-attempt-unauthed
2026-09-01 18:41:48	NETWORK	dltk	attempt=1	proxy=http://wiw4v7duaymysz9-session-d3a1fa00c480-lifetime-10:***@rp.scrapegw.com:6060	ServerDisconnectedError: Server disconnected
2026-09-01 18:46:38	HTTP_429	caaw	attempt=1	proxy=http://wiw4v7duaymysz9-session-e8f919048717-lifetime-10:***@rp.scrapegw.com:6060	scope=shared global=False retry_after=133.0
2026-09-01 18:46:40	NETWORK	ackl	attempt=1	proxy=http://wiw4v7duaymysz9-session-bf8c328cc7c4-lifetime-10:***@rp.scrapegw.com:6060	ClientConnectorCertificateError: Cannot connect to host discord.com:443 ssl:True [SSLCertVerificationError: (1, '[SSL: CERTIFICATE_VERIFY_FAILED] certificate verify failed: self-signed certificate (_ssl.c:1081)')]
2026-09-01 18:46:41	HTTP_429	cbbo	attempt=1	proxy=http://wiw4v7duaymysz9-session-1b9282823da5-lifetime-10:***@rp.scrapegw.com:6060	scope=shared global=False retry_after=1830.0
2026-09-01 18:46:42	NETWORK	acmb	attempt=1	proxy=http://wiw4v7duaymysz9-session-cc9c6e19a4ba-lifetime-10:***@rp.scrapegw.com:6060	ClientConnectorError: Cannot connect to host discord.com:443 ssl:default [Connection reset by peer]
2026-09-01 18:46:44	HTTP_429	abvm	attempt=1	proxy=http://wiw4v7duaymysz9-session-2c24ac21969b-lifetime-10:***@rp.scrapegw.com:6060	scope=shared global=False retry_after=1222.0
2026-09-01 18:46:46	HTTP_429	chrl	attempt=1	proxy=http://wiw4v7duaymysz9-session-c3b2de7b38f5-lifetime-10:***@rp.scrapegw.com:6060	scope=shared global=False retry_after=1683.0
2026-09-01 18:46:47	NETWORK	adfi	attempt=1	proxy=http://wiw4v7duaymysz9-session-f9335ec6f2cc-lifetime-10:***@rp.scrapegw.com:6060	ConnectionTimeoutError: Connection timeout to host https://discord.com/api/v9/unique-username/username-attempt-unauthed
2026-09-01 18:46:49	HTTP_429	cbjx	attempt=1	proxy=http://wiw4v7duaymysz9-session-1b9282823da5-lifetime-10:***@rp.scrapegw.com:6060	scope=shared global=False retry_after=1821.0
2026-09-01 18:46:52	NETWORK	afqi	attempt=1	proxy=http://wiw4v7duaymysz9-session-6a216f978db0-lifetime-10:***@rp.scrapegw.com:6060	ClientConnectorError: Cannot connect to host discord.com:443 ssl:default [Connection reset by peer]
2026-09-01 18:46:52	HTTP_429	afcr	attempt=1	proxy=http://wiw4v7duaymysz9-session-2032303a2626-lifetime-10:***@rp.scrapegw.com:6060	scope=shared global=False retry_after=718.0
2026-09-01 18:46:55	HTTP_429	aiok	attempt=1	proxy=http://wiw4v7duaymysz9-session-16195eaa894c-lifetime-10:***@rp.scrapegw.com:6060	scope=shared global=False retry_after=181.0
2026-09-01 18:46:56	NETWORK	aeii	attempt=1	proxy=http://wiw4v7duaymysz9-session-b2ca38ac2544-lifetime-10:***@rp.scrapegw.com:6060	ConnectionTimeoutError: Connection timeout to host https://discord.com/api/v9/unique-username/username-attempt-unauthed
2026-09-01 18:46:56	NETWORK	cbib	attempt=1	proxy=http://wiw4v7duaymysz9-session-1b9282823da5-lifetime-10:***@rp.scrapegw.com:6060	ConnectionTimeoutError: Connection timeout to host https://discord.com/api/v9/unique-username/username-attempt-unauthed
2026-09-01 18:46:57	NETWORK	bvvj	attempt=1	proxy=http://wiw4v7duaymysz9-session-18d2f1640619-lifetime-10:***@rp.scrapegw.com:6060	ClientConnectorSSLError: Cannot connect to host discord.com:443 ssl:default [[SSL: RECORD_LAYER_FAILURE] record layer failure (_ssl.c:1081)]
2026-09-01 18:46:57	NETWORK	ccrh	attempt=1	proxy=http://wiw4v7duaymysz9-session-f18debbbafae-lifetime-10:***@rp.scrapegw.com:6060	ConnectionTimeoutError: Connection timeout to host https://discord.com/api/v9/unique-username/username-attempt-unauthed
2026-09-01 18:46:58	HTTP_429	cnij	attempt=1	proxy=http://wiw4v7duaymysz9-session-d50e6c30a950-lifetime-10:***@rp.scrapegw.com:6060	scope=shared global=False retry_after=2147.0
2026-09-01 18:46:58	HTTP_429	cnre	attempt=1	proxy=http://wiw4v7duaymysz9-session-dd939429633f-lifetime-10:***@rp.scrapegw.com:6060	scope=shared global=False retry_after=323.0
2026-09-01 18:46:58	NETWORK	aezw	attempt=1	proxy=http://wiw4v7duaymysz9-session-60f42cff1ec3-lifetime-10:***@rp.scrapegw.com:6060	ConnectionTimeoutError: Connection timeout to host https://discord.com/api/v9/unique-username/username-attempt-unauthed
2026-09-01 18:46:58	NETWORK	afch	attempt=1	proxy=http://wiw4v7duaymysz9-session-de043f1a65fc-lifetime-10:***@rp.scrapegw.com:6060	ConnectionTimeoutError: Connection timeout to host https://discord.com/api/v9/unique-username/username-attempt-unauthed
2026-09-01 18:47:00	NETWORK	cfnj	attempt=1	proxy=http://wiw4v7duaymysz9-session-c3b2de7b38f5-lifetime-10:***@rp.scrapegw.com:6060	ConnectionTimeoutError: Connection timeout to host https://discord.com/api/v9/unique-username/username-attempt-unauthed
2026-09-01 18:47:00	NETWORK	cfjy	attempt=1	proxy=http://wiw4v7duaymysz9-session-d50e6c30a950-lifetime-10:***@rp.scrapegw.com:6060	ConnectionTimeoutError: Connection timeout to host https://discord.com/api/v9/unique-username/username-attempt-unauthed
2026-09-01 18:47:00	NETWORK	agmu	attempt=1	proxy=http://wiw4v7duaymysz9-session-bec5623e2c0a-lifetime-10:***@rp.scrapegw.com:6060	ConnectionTimeoutError: Connection timeout to host https://discord.com/api/v9/unique-username/username-attempt-unauthed
2026-09-01 18:47:00	NETWORK	ajsc	attempt=1	proxy=http://wiw4v7duaymysz9-session-0feb1c65d048-lifetime-10:***@rp.scrapegw.com:6060	ConnectionTimeoutError: Connection timeout to host https://discord.com/api/v9/unique-username/username-attempt-unauthed
2026-09-01 18:47:00	NETWORK	cfqh	attempt=1	proxy=http://wiw4v7duaymysz9-session-c3b2de7b38f5-lifetime-10:***@rp.scrapegw.com:6060	ConnectionTimeoutError: Connection timeout to host https://discord.com/api/v9/unique-username/username-attempt-unauthed
2026-09-01 18:47:01	NETWORK	atfo	attempt=1	proxy=http://wiw4v7duaymysz9-session-3c3ba8ae33c6-lifetime-10:***@rp.scrapegw.com:6060	ConnectionTimeoutError: Connection timeout to host https://discord.com/api/v9/unique-username/username-attempt-unauthed
2026-09-01 18:47:01	NETWORK	cgor	attempt=1	proxy=http://wiw4v7duaymysz9-session-c3b2de7b38f5-lifetime-10:***@rp.scrapegw.com:6060	ConnectionTimeoutError: Connection timeout to host https://discord.com/api/v9/unique-username/username-attempt-unauthed
2026-09-01 18:47:01	NETWORK	cfwb	attempt=1	proxy=http://wiw4v7duaymysz9-session-c3b2de7b38f5-lifetime-10:***@rp.scrapegw.com:6060	ConnectionTimeoutError: Connection timeout to host https://discord.com/api/v9/unique-username/username-attempt-unauthed
2026-09-01 18:47:01	NETWORK	amxz	attempt=1	proxy=http://wiw4v7duaymysz9-session-d3081c6b5b13-lifetime-10:***@rp.scrapegw.com:6060	ConnectionTimeoutError: Connection timeout to host https://discord.com/api/v9/unique-username/username-attempt-unauthed
2026-09-01 18:47:01	NETWORK	cfzd	attempt=1	proxy=http://wiw4v7duaymysz9-session-c3b2de7b38f5-lifetime-10:***@rp.scrapegw.com:6060	ConnectionTimeoutError: Connection timeout to host https://discord.com/api/v9/unique-username/username-attempt-unauthed
2026-09-01 18:47:02	HTTP_429	crpd	attempt=1	proxy=http://wiw4v7duaymysz9-session-b0861a2f6e76-lifetime-10:***@rp.scrapegw.com:6060	scope=shared global=False retry_after=2138.0
2026-09-01 18:47:02	HTTP_429	crzr	attempt=1	proxy=http://wiw4v7duaymysz9-session-b0861a2f6e76-lifetime-10:***@rp.scrapegw.com:6060	scope=shared global=False retry_after=2138.0
2026-09-01 18:47:02	NETWORK	chtc	attempt=1	proxy=http://wiw4v7duaymysz9-session-d50e6c30a950-lifetime-10:***@rp.scrapegw.com:6060	ConnectionTimeoutError: Connection timeout to host https://discord.com/api/v9/unique-username/username-attempt-unauthed
2026-09-01 18:47:02	HTTP_429	csfd	attempt=1	proxy=http://wiw4v7duaymysz9-session-b0861a2f6e76-lifetime-10:***@rp.scrapegw.com:6060	scope=shared global=False retry_after=2138.0
2026-09-01 18:47:02	HTTP_429	csnx	attempt=1	proxy=http://wiw4v7duaymysz9-session-b0861a2f6e76-lifetime-10:***@rp.scrapegw.com:6060	scope=shared global=False retry_after=2138.0
2026-09-01 18:47:03	NETWORK	chuo	attempt=1	proxy=http://wiw4v7duaymysz9-session-d50e6c30a950-lifetime-10:***@rp.scrapegw.com:6060	ConnectionTimeoutError: Connection timeout to host https://discord.com/api/v9/unique-username/username-attempt-unauthed
2026-09-01 18:47:04	HTTP_429	bvze	attempt=1	proxy=http://wiw4v7duaymysz9-session-905929653eb3-lifetime-10:***@rp.scrapegw.com:6060	scope=shared global=False retry_after=606.0
2026-09-01 18:47:05	NETWORK	ciwp	attempt=1	proxy=http://wiw4v7duaymysz9-session-d50e6c30a950-lifetime-10:***@rp.scrapegw.com:6060	ConnectionTimeoutError: Connection timeout to host https://discord.com/api/v9/unique-username/username-attempt-unauthed
2026-09-01 18:47:05	NETWORK	cidg	attempt=1	proxy=http://wiw4v7duaymysz9-session-d50e6c30a950-lifetime-10:***@rp.scrapegw.com:6060	ConnectionTimeoutError: Connection timeout to host https://discord.com/api/v9/unique-username/username-attempt-unauthed
2026-09-01 18:47:07	HTTP_429	cuxq	attempt=1	proxy=http://wiw4v7duaymysz9-session-046d6244cd73-lifetime-10:***@rp.scrapegw.com:6060	scope=shared global=False retry_after=2137.0
2026-09-01 18:47:07	NETWORK	cjqp	attempt=1	proxy=http://wiw4v7duaymysz9-session-d50e6c30a950-lifetime-10:***@rp.scrapegw.com:6060	ConnectionTimeoutError: Connection timeout to host https://discord.com/api/v9/unique-username/username-attempt-unauthed
2026-09-01 18:47:07	NETWORK	bljl	attempt=1	proxy=http://wiw4v7duaymysz9-session-1667ff332b11-lifetime-10:***@rp.scrapegw.com:6060	ConnectionTimeoutError: Connection timeout to host https://discord.com/api/v9/unique-username/username-attempt-unauthed
2026-09-01 18:47:07	NETWORK	bprl	attempt=1	proxy=http://wiw4v7duaymysz9-session-29f52601eea7-lifetime-10:***@rp.scrapegw.com:6060	ConnectionTimeoutError: Connection timeout to host https://discord.com/api/v9/unique-username/username-attempt-unauthed
2026-09-01 18:47:07	NETWORK	cjnr	attempt=1	proxy=http://wiw4v7duaymysz9-session-d50e6c30a950-lifetime-10:***@rp.scrapegw.com:6060	ConnectionTimeoutError: Connection timeout to host https://discord.com/api/v9/unique-username/username-attempt-unauthed
2026-09-01 18:47:08	HTTP_429	clth	attempt=1	proxy=http://wiw4v7duaymysz9-session-d50e6c30a950-lifetime-10:***@rp.scrapegw.com:6060	scope=shared global=False retry_after=2136.0
2026-09-01 18:47:08	NETWORK	ckfe	attempt=1	proxy=http://wiw4v7duaymysz9-session-d50e6c30a950-lifetime-10:***@rp.scrapegw.com:6060	ConnectionTimeoutError: Connection timeout to host https://discord.com/api/v9/unique-username/username-attempt-unauthed
2026-09-01 18:47:08	NETWORK	bqoo	attempt=1	proxy=http://wiw4v7duaymysz9-session-cc48b3689ff3-lifetime-10:***@rp.scrapegw.com:6060	ConnectionTimeoutError: Connection timeout to host https://discord.com/api/v9/unique-username/username-attempt-unauthed
2026-09-01 18:47:08	NETWORK	cjuh	attempt=1	proxy=http://wiw4v7duaymysz9-session-d50e6c30a950-lifetime-10:***@rp.scrapegw.com:6060	ConnectionTimeoutError: Connection timeout to host https://discord.com/api/v9/unique-username/username-attempt-unauthed
2026-09-01 18:47:08	NETWORK	buxk	attempt=1	proxy=http://wiw4v7duaymysz9-session-034b6c2cb595-lifetime-10:***@rp.scrapegw.com:6060	ClientConnectorError: Cannot connect to host discord.com:443 ssl:default [Connection reset by peer]
2026-09-01 18:47:09	NETWORK	ckkj	attempt=1	proxy=http://wiw4v7duaymysz9-session-d50e6c30a950-lifetime-10:***@rp.scrapegw.com:6060	ConnectionTimeoutError: Connection timeout to host https://discord.com/api/v9/unique-username/username-attempt-unauthed
2026-09-01 18:47:10	HTTP_429	csvw	attempt=1	proxy=http://wiw4v7duaymysz9-session-046d6244cd73-lifetime-10:***@rp.scrapegw.com:6060	scope=shared global=False retry_after=2135.0
2026-09-01 18:47:10	NETWORK	bwuc	attempt=1	proxy=http://wiw4v7duaymysz9-session-1a02c5f8fd1c-lifetime-10:***@rp.scrapegw.com:6060	ClientConnectorError: Cannot connect to host discord.com:443 ssl:default [Connection reset by peer]
2026-09-01 18:47:10	NETWORK	brgm	attempt=1	proxy=http://wiw4v7duaymysz9-session-93ccffbff2ae-lifetime-10:***@rp.scrapegw.com:6060	ConnectionTimeoutError: Connection timeout to host https://discord.com/api/v9/unique-username/username-attempt-unauthed
2026-09-01 18:47:10	NETWORK	clgc	attempt=1	proxy=http://wiw4v7duaymysz9-session-d50e6c30a950-lifetime-10:***@rp.scrapegw.com:6060	ConnectionTimeoutError: Connection timeout to host https://discord.com/api/v9/unique-username/username-attempt-unauthed
2026-09-01 18:47:11	NETWORK	cmbp	attempt=1	proxy=http://wiw4v7duaymysz9-session-d50e6c30a950-lifetime-10:***@rp.scrapegw.com:6060	ConnectionTimeoutError: Connection timeout to host https://discord.com/api/v9/unique-username/username-attempt-unauthed
2026-09-01 18:47:11	NETWORK	clrm	attempt=1	proxy=http://wiw4v7duaymysz9-session-d50e6c30a950-lifetime-10:***@rp.scrapegw.com:6060	ConnectionTimeoutError: Connection timeout to host https://discord.com/api/v9/unique-username/username-attempt-unauthed
2026-09-01 18:47:11	NETWORK	clkv	attempt=1	proxy=http://wiw4v7duaymysz9-session-d50e6c30a950-lifetime-10:***@rp.scrapegw.com:6060	ConnectionTimeoutError: Connection timeout to host https://discord.com/api/v9/unique-username/username-attempt-unauthed
2026-09-01 18:47:11	HTTP_429	cybi	attempt=1	proxy=http://wiw4v7duaymysz9-session-299f14eff013-lifetime-10:***@rp.scrapegw.com:6060	scope=shared global=False retry_after=21.0
2026-09-01 18:47:12	NETWORK	cnec	attempt=1	proxy=http://wiw4v7duaymysz9-session-d50e6c30a950-lifetime-10:***@rp.scrapegw.com:6060	ConnectionTimeoutError: Connection timeout to host https://discord.com/api/v9/unique-username/username-attempt-unauthed
2026-09-01 18:47:12	NETWORK	cnfd	attempt=1	proxy=http://wiw4v7duaymysz9-session-d50e6c30a950-lifetime-10:***@rp.scrapegw.com:6060	ConnectionTimeoutError: Connection timeout to host https://discord.com/api/v9/unique-username/username-attempt-unauthed
2026-09-01 18:47:12	NETWORK	cmex	attempt=1	proxy=http://wiw4v7duaymysz9-session-d50e6c30a950-lifetime-10:***@rp.scrapegw.com:6060	ConnectionTimeoutError: Connection timeout to host https://discord.com/api/v9/unique-username/username-attempt-unauthed
2026-09-01 18:47:12	NETWORK	cndc	attempt=1	proxy=http://wiw4v7duaymysz9-session-d50e6c30a950-lifetime-10:***@rp.scrapegw.com:6060	ConnectionTimeoutError: Connection timeout to host https://discord.com/api/v9/unique-username/username-attempt-unauthed
2026-09-01 18:47:12	NETWORK	codz	attempt=1	proxy=http://wiw4v7duaymysz9-session-685e6c9a05e1-lifetime-10:***@rp.scrapegw.com:6060	ServerDisconnectedError: Server disconnected
2026-09-01 18:47:13	NETWORK	codj	attempt=1	proxy=http://wiw4v7duaymysz9-session-685e6c9a05e1-lifetime-10:***@rp.scrapegw.com:6060	ClientConnectorError: Cannot connect to host discord.com:443 ssl:default [Connection reset by peer]
2026-09-01 18:47:13	HTTP_429	cnvu	attempt=1	proxy=http://wiw4v7duaymysz9-session-046d6244cd73-lifetime-10:***@rp.scrapegw.com:6060	scope=shared global=False retry_after=2132.0
2026-09-01 18:47:13	HTTP_429	cnxp	attempt=1	proxy=http://wiw4v7duaymysz9-session-046d6244cd73-lifetime-10:***@rp.scrapegw.com:6060	scope=shared global=False retry_after=2131.0
2026-09-01 18:47:13	NETWORK	cnma	attempt=1	proxy=http://wiw4v7duaymysz9-session-d50e6c30a950-lifetime-10:***@rp.scrapegw.com:6060	ConnectionTimeoutError: Connection timeout to host https://discord.com/api/v9/unique-username/username-attempt-unauthed
2026-09-01 18:47:13	NETWORK	cnlw	attempt=1	proxy=http://wiw4v7duaymysz9-session-d50e6c30a950-lifetime-10:***@rp.scrapegw.com:6060	ConnectionTimeoutError: Connection timeout to host https://discord.com/api/v9/unique-username/username-attempt-unauthed
2026-09-01 18:47:13	NETWORK	cnhp	attempt=1	proxy=http://wiw4v7duaymysz9-session-d50e6c30a950-lifetime-10:***@rp.scrapegw.com:6060	ConnectionTimeoutError: Connection timeout to host https://discord.com/api/v9/unique-username/username-attempt-unauthed
2026-09-01 18:47:13	NETWORK	cngs	attempt=1	proxy=http://wiw4v7duaymysz9-session-d50e6c30a950-lifetime-10:***@rp.scrapegw.com:6060	ConnectionTimeoutError: Connection timeout to host https://discord.com/api/v9/unique-username/username-attempt-unauthed
2026-09-01 18:47:13	NETWORK	cnnq	attempt=1	proxy=http://wiw4v7duaymysz9-session-d50e6c30a950-lifetime-10:***@rp.scrapegw.com:6060	ConnectionTimeoutError: Connection timeout to host https://discord.com/api/v9/unique-username/username-attempt-unauthed
2026-09-01 18:47:14	HTTP_429	ctfa	attempt=1	proxy=http://wiw4v7duaymysz9-session-046d6244cd73-lifetime-10:***@rp.scrapegw.com:6060	scope=shared global=False retry_after=2131.0
2026-09-01 18:47:14	NETWORK	bwtf	attempt=1	proxy=http://wiw4v7duaymysz9-session-81581bda2233-lifetime-10:***@rp.scrapegw.com:6060	ConnectionTimeoutError: Connection timeout to host https://discord.com/api/v9/unique-username/username-attempt-unauthed
2026-09-01 18:47:15	NETWORK	cpdm	attempt=1	proxy=http://wiw4v7duaymysz9-session-3b7000223926-lifetime-10:***@rp.scrapegw.com:6060	ConnectionTimeoutError: Connection timeout to host https://discord.com/api/v9/unique-username/username-attempt-unauthed
2026-09-01 18:47:15	NETWORK	colg	attempt=1	proxy=http://wiw4v7duaymysz9-session-36046fc507f2-lifetime-10:***@rp.scrapegw.com:6060	ConnectionTimeoutError: Connection timeout to host https://discord.com/api/v9/unique-username/username-attempt-unauthed
2026-09-01 18:47:16	HTTP_429	bxpu	attempt=1	proxy=http://wiw4v7duaymysz9-session-23f8ae840bd8-lifetime-10:***@rp.scrapegw.com:6060	scope=shared global=False retry_after=1578.0
2026-09-01 18:47:16	NETWORK	cqes	attempt=1	proxy=http://wiw4v7duaymysz9-session-c8383acae993-lifetime-10:***@rp.scrapegw.com:6060	ConnectionTimeoutError: Connection timeout to host https://discord.com/api/v9/unique-username/username-attempt-unauthed
2026-09-01 18:47:16	NETWORK	bwwm	attempt=1	proxy=http://wiw4v7duaymysz9-session-8b18e638294b-lifetime-10:***@rp.scrapegw.com:6060	ConnectionTimeoutError: Connection timeout to host https://discord.com/api/v9/unique-username/username-attempt-unauthed
2026-09-01 18:47:16	NETWORK	cqcp	attempt=1	proxy=http://wiw4v7duaymysz9-session-c8383acae993-lifetime-10:***@rp.scrapegw.com:6060	ConnectionTimeoutError: Connection timeout to host https://discord.com/api/v9/unique-username/username-attempt-unauthed
2026-09-01 18:47:16	NETWORK	cpoj	attempt=1	proxy=http://wiw4v7duaymysz9-session-1dc313d657eb-lifetime-10:***@rp.scrapegw.com:6060	ConnectionTimeoutError: Connection timeout to host https://discord.com/api/v9/unique-username/username-attempt-unauthed
2026-09-01 18:47:16	NETWORK	cqdz	attempt=1	proxy=http://wiw4v7duaymysz9-session-c8383acae993-lifetime-10:***@rp.scrapegw.com:6060	ConnectionTimeoutError: Connection timeout to host https://discord.com/api/v9/unique-username/username-attempt-unauthed
2026-09-01 18:47:16	NETWORK	cqmt	attempt=1	proxy=http://wiw4v7duaymysz9-session-c8383acae993-lifetime-10:***@rp.scrapegw.com:6060	ConnectionTimeoutError: Connection timeout to host https://discord.com/api/v9/unique-username/username-attempt-unauthed
2026-09-01 18:47:17	NETWORK	bzbf	attempt=1	proxy=http://wiw4v7duaymysz9-session-1b46661b5fef-lifetime-10:***@rp.scrapegw.com:6060	ClientConnectorError: Cannot connect to host discord.com:443 ssl:default [Connection reset by peer]
2026-09-01 18:47:17	NETWORK	cqtp	attempt=1	proxy=http://wiw4v7duaymysz9-session-ed6e0c853fa4-lifetime-10:***@rp.scrapegw.com:6060	ConnectionTimeoutError: Connection timeout to host https://discord.com/api/v9/unique-username/username-attempt-unauthed
2026-09-01 18:47:17	NETWORK	cqtj	attempt=1	proxy=http://wiw4v7duaymysz9-session-ed6e0c853fa4-lifetime-10:***@rp.scrapegw.com:6060	ConnectionTimeoutError: Connection timeout to host https://discord.com/api/v9/unique-username/username-attempt-unauthed
2026-09-01 18:47:17	NETWORK	cqug	attempt=1	proxy=http://wiw4v7duaymysz9-session-ed6e0c853fa4-lifetime-10:***@rp.scrapegw.com:6060	ConnectionTimeoutError: Connection timeout to host https://discord.com/api/v9/unique-username/username-attempt-unauthed
2026-09-01 18:47:17	NETWORK	csub	attempt=1	proxy=http://wiw4v7duaymysz9-session-046d6244cd73-lifetime-10:***@rp.scrapegw.com:6060	ClientConnectorError: Cannot connect to host discord.com:443 ssl:default [Connection reset by peer]
2026-09-01 18:47:17	NETWORK	byxa	attempt=1	proxy=http://wiw4v7duaymysz9-session-03722fc029dc-lifetime-10:***@rp.scrapegw.com:6060	ClientConnectorError: Cannot connect to host discord.com:443 ssl:default [Connection reset by peer]
2026-09-01 18:47:18	HTTP_429	cszn	attempt=1	proxy=http://wiw4v7duaymysz9-session-046d6244cd73-lifetime-10:***@rp.scrapegw.com:6060	scope=shared global=False retry_after=2126.0
2026-09-01 18:47:18	HTTP_429	dazl	attempt=1	proxy=http://wiw4v7duaymysz9-session-6e6008873565-lifetime-10:***@rp.scrapegw.com:6060	scope=shared global=False retry_after=892.0
2026-09-01 18:47:18	HTTP_429	ctfh	attempt=1	proxy=http://wiw4v7duaymysz9-session-046d6244cd73-lifetime-10:***@rp.scrapegw.com:6060	scope=shared global=False retry_after=2126.0
2026-09-01 18:47:18	HTTP_429	ctai	attempt=1	proxy=http://wiw4v7duaymysz9-session-046d6244cd73-lifetime-10:***@rp.scrapegw.com:6060	scope=shared global=False retry_after=2126.0
2026-09-01 18:47:19	HTTP_429	ctrq	attempt=1	proxy=http://wiw4v7duaymysz9-session-046d6244cd73-lifetime-10:***@rp.scrapegw.com:6060	scope=shared global=False retry_after=2126.0
2026-09-01 18:47:19	NETWORK	bysx	attempt=1	proxy=http://wiw4v7duaymysz9-session-48668fb55d1b-lifetime-10:***@rp.scrapegw.com:6060	ClientConnectorError: Cannot connect to host discord.com:443 ssl:default [Connection reset by peer]
2026-09-01 18:47:19	HTTP_429	cuaw	attempt=1	proxy=http://wiw4v7duaymysz9-session-046d6244cd73-lifetime-10:***@rp.scrapegw.com:6060	scope=shared global=False retry_after=2125.0
2026-09-01 18:47:20	NETWORK	cvid	attempt=1	proxy=http://wiw4v7duaymysz9-session-36046fc507f2-lifetime-10:***@rp.scrapegw.com:6060	ServerDisconnectedError: Server disconnected
2026-09-01 18:47:20	HTTP_429	cupt	attempt=1	proxy=http://wiw4v7duaymysz9-session-046d6244cd73-lifetime-10:***@rp.scrapegw.com:6060	scope=shared global=False retry_after=2124.0
2026-09-01 18:47:21	HTTP_429	cupe	attempt=1	proxy=http://wiw4v7duaymysz9-session-046d6244cd73-lifetime-10:***@rp.scrapegw.com:6060	scope=shared global=False retry_after=2123.0
2026-09-01 18:47:21	NETWORK	cuqp	attempt=1	proxy=http://wiw4v7duaymysz9-session-046d6244cd73-lifetime-10:***@rp.scrapegw.com:6060	ClientConnectorError: Cannot connect to host discord.com:443 ssl:default [Connection reset by peer]
2026-09-01 18:47:21	NETWORK	cvea	attempt=1	proxy=http://wiw4v7duaymysz9-session-685e6c9a05e1-lifetime-10:***@rp.scrapegw.com:6060	ServerDisconnectedError: Server disconnected
2026-09-01 18:47:21	NETWORK	cvaw	attempt=1	proxy=http://wiw4v7duaymysz9-session-685e6c9a05e1-lifetime-10:***@rp.scrapegw.com:6060	ServerDisconnectedError: Server disconnected
2026-09-01 18:47:21	NETWORK	cvbi	attempt=1	proxy=http://wiw4v7duaymysz9-session-685e6c9a05e1-lifetime-10:***@rp.scrapegw.com:6060	ServerDisconnectedError: Server disconnected
2026-09-01 18:47:21	NETWORK	cvad	attempt=1	proxy=http://wiw4v7duaymysz9-session-685e6c9a05e1-lifetime-10:***@rp.scrapegw.com:6060	ServerDisconnectedError: Server disconnected
2026-09-01 18:47:23	NETWORK	bxtj	attempt=1	proxy=http://wiw4v7duaymysz9-session-66baa5b0ec68-lifetime-10:***@rp.scrapegw.com:6060	ConnectionTimeoutError: Connection timeout to host https://discord.com/api/v9/unique-username/username-attempt-unauthed
2026-09-01 18:47:24	NETWORK	cvrx	attempt=1	proxy=http://wiw4v7duaymysz9-session-b00bd5a53482-lifetime-10:***@rp.scrapegw.com:6060	ConnectionTimeoutError: Connection timeout to host https://discord.com/api/v9/unique-username/username-attempt-unauthed
2026-09-01 18:47:25	NETWORK	cxhb	attempt=1	proxy=http://wiw4v7duaymysz9-session-c8383acae993-lifetime-10:***@rp.scrapegw.com:6060	ConnectionTimeoutError: Connection timeout to host https://discord.com/api/v9/unique-username/username-attempt-unauthed
2026-09-01 18:47:25	NETWORK	cwri	attempt=1	proxy=http://wiw4v7duaymysz9-session-1dc313d657eb-lifetime-10:***@rp.scrapegw.com:6060	ConnectionTimeoutError: Connection timeout to host https://discord.com/api/v9/unique-username/username-attempt-unauthed
2026-09-01 18:47:25	NETWORK	cxbk	attempt=1	proxy=http://wiw4v7duaymysz9-session-c8383acae993-lifetime-10:***@rp.scrapegw.com:6060	ConnectionTimeoutError: Connection timeout to host https://discord.com/api/v9/unique-username/username-attempt-unauthed
2026-09-01 18:47:25	NETWORK	cxah	attempt=1	proxy=http://wiw4v7duaymysz9-session-c8383acae993-lifetime-10:***@rp.scrapegw.com:6060	ConnectionTimeoutError: Connection timeout to host https://discord.com/api/v9/unique-username/username-attempt-unauthed
2026-09-01 18:47:25	NETWORK	cxqk	attempt=1	proxy=http://wiw4v7duaymysz9-session-c8383acae993-lifetime-10:***@rp.scrapegw.com:6060	ConnectionTimeoutError: Connection timeout to host https://discord.com/api/v9/unique-username/username-attempt-unauthed
2026-09-01 18:47:25	NETWORK	czkp	attempt=1	proxy=http://wiw4v7duaymysz9-session-36046fc507f2-lifetime-10:***@rp.scrapegw.com:6060	ClientConnectorError: Cannot connect to host discord.com:443 ssl:default [Connection reset by peer]
2026-09-01 18:47:26	NETWORK	cxwd	attempt=1	proxy=http://wiw4v7duaymysz9-session-ed6e0c853fa4-lifetime-10:***@rp.scrapegw.com:6060	ConnectionTimeoutError: Connection timeout to host https://discord.com/api/v9/unique-username/username-attempt-unauthed
2026-09-01 18:47:26	NETWORK	cxus	attempt=1	proxy=http://wiw4v7duaymysz9-session-ed6e0c853fa4-lifetime-10:***@rp.scrapegw.com:6060	ConnectionTimeoutError: Connection timeout to host https://discord.com/api/v9/unique-username/username-attempt-unauthed
2026-09-01 18:47:26	NETWORK	cxul	attempt=1	proxy=http://wiw4v7duaymysz9-session-ed6e0c853fa4-lifetime-10:***@rp.scrapegw.com:6060	ConnectionTimeoutError: Connection timeout to host https://discord.com/api/v9/unique-username/username-attempt-unauthed
2026-09-01 18:47:26	NETWORK	byza	attempt=1	proxy=http://wiw4v7duaymysz9-session-8b7f5f09c555-lifetime-10:***@rp.scrapegw.com:6060	ConnectionTimeoutError: Connection timeout to host https://discord.com/api/v9/unique-username/username-attempt-unauthed
2026-09-01 18:47:27	NETWORK	cygj	attempt=1	proxy=http://wiw4v7duaymysz9-session-299f14eff013-lifetime-10:***@rp.scrapegw.com:6060	ConnectionTimeoutError: Connection timeout to host https://discord.com/api/v9/unique-username/username-attempt-unauthed
2026-09-01 18:47:27	NETWORK	cykb	attempt=1	proxy=http://wiw4v7duaymysz9-session-2eec12cb5486-lifetime-10:***@rp.scrapegw.com:6060	ConnectionTimeoutError: Connection timeout to host https://discord.com/api/v9/unique-username/username-attempt-unauthed
2026-09-01 18:47:27	NETWORK	cyfc	attempt=1	proxy=http://wiw4v7duaymysz9-session-299f14eff013-lifetime-10:***@rp.scrapegw.com:6060	ConnectionTimeoutError: Connection timeout to host https://discord.com/api/v9/unique-username/username-attempt-unauthed
2026-09-01 18:47:27	NETWORK	cyjh	attempt=1	proxy=http://wiw4v7duaymysz9-session-2eec12cb5486-lifetime-10:***@rp.scrapegw.com:6060	ConnectionTimeoutError: Connection timeout to host https://discord.com/api/v9/unique-username/username-attempt-unauthed
2026-09-01 18:47:27	NETWORK	bzlj	attempt=1	proxy=http://wiw4v7duaymysz9-session-5d7a8cbeeaf7-lifetime-10:***@rp.scrapegw.com:6060	ConnectionTimeoutError: Connection timeout to host https://discord.com/api/v9/unique-username/username-attempt-unauthed
2026-09-01 18:47:28	NETWORK	cyqi	attempt=1	proxy=http://wiw4v7duaymysz9-session-ff9325ff9710-lifetime-10:***@rp.scrapegw.com:6060	ConnectionTimeoutError: Connection timeout to host https://discord.com/api/v9/unique-username/username-attempt-unauthed
2026-09-01 18:47:28	NETWORK	cyyg	attempt=1	proxy=http://wiw4v7duaymysz9-session-1f32f733e45e-lifetime-10:***@rp.scrapegw.com:6060	ConnectionTimeoutError: Connection timeout to host https://discord.com/api/v9/unique-username/username-attempt-unauthed
2026-09-01 18:47:28	NETWORK	bzxg	attempt=1	proxy=http://wiw4v7duaymysz9-session-9e2252fe3e88-lifetime-10:***@rp.scrapegw.com:6060	ConnectionTimeoutError: Connection timeout to host https://discord.com/api/v9/unique-username/username-attempt-unauthed
2026-09-01 18:47:28	NETWORK	czzp	attempt=1	proxy=http://wiw4v7duaymysz9-session-072c30b05697-lifetime-10:***@rp.scrapegw.com:6060	ClientConnectorError: Cannot connect to host discord.com:443 ssl:default [Connection reset by peer]
2026-09-01 18:47:29	NETWORK	czqx	attempt=1	proxy=http://wiw4v7duaymysz9-session-36046fc507f2-lifetime-10:***@rp.scrapegw.com:6060	ClientConnectorError: Cannot connect to host discord.com:443 ssl:default [Connection reset by peer]
2026-09-01 18:47:29	NETWORK	dbew	attempt=1	proxy=http://wiw4v7duaymysz9-session-5dff8aed2f6f-lifetime-10:***@rp.scrapegw.com:6060	ClientConnectorError: Cannot connect to host discord.com:443 ssl:default [Connection reset by peer]
2026-09-01 18:47:29	NETWORK	czij	attempt=1	proxy=http://wiw4v7duaymysz9-session-a5a6b4459f69-lifetime-10:***@rp.scrapegw.com:6060	ConnectionTimeoutError: Connection timeout to host https://discord.com/api/v9/unique-username/username-attempt-unauthed
2026-09-01 18:47:31	NETWORK	dagk	attempt=1	proxy=http://wiw4v7duaymysz9-session-072c30b05697-lifetime-10:***@rp.scrapegw.com:6060	ClientConnectorError: Cannot connect to host discord.com:443 ssl:default [Connection reset by peer]
2026-09-01 18:47:31	NETWORK	damh	attempt=1	proxy=http://wiw4v7duaymysz9-session-072c30b05697-lifetime-10:***@rp.scrapegw.com:6060	ClientConnectorError: Cannot connect to host discord.com:443 ssl:default [Connection reset by peer]
2026-09-01 18:47:32	NETWORK	dayo	attempt=1	proxy=http://wiw4v7duaymysz9-session-b00bd5a53482-lifetime-10:***@rp.scrapegw.com:6060	ClientConnectorError: Cannot connect to host discord.com:443 ssl:default [Connection reset by peer]
2026-09-01 18:47:32	NETWORK	dads	attempt=1	proxy=http://wiw4v7duaymysz9-session-072c30b05697-lifetime-10:***@rp.scrapegw.com:6060	ClientConnectorError: Cannot connect to host discord.com:443 ssl:default [Connection reset by peer]
2026-09-01 18:47:32	NETWORK	daag	attempt=1	proxy=http://wiw4v7duaymysz9-session-072c30b05697-lifetime-10:***@rp.scrapegw.com:6060	ClientConnectorError: Cannot connect to host discord.com:443 ssl:default [Connection reset by peer]
2026-09-01 18:47:32	NETWORK	daoz	attempt=1	proxy=http://wiw4v7duaymysz9-session-072c30b05697-lifetime-10:***@rp.scrapegw.com:6060	ClientConnectorError: Cannot connect to host discord.com:443 ssl:default [Connection reset by peer]
2026-09-01 18:47:32	NETWORK	dahw	attempt=1	proxy=http://wiw4v7duaymysz9-session-072c30b05697-lifetime-10:***@rp.scrapegw.com:6060	ConnectionTimeoutError: Connection timeout to host https://discord.com/api/v9/unique-username/username-attempt-unauthed
2026-09-01 18:47:32	NETWORK	dajv	attempt=1	proxy=http://wiw4v7duaymysz9-session-072c30b05697-lifetime-10:***@rp.scrapegw.com:6060	ConnectionTimeoutError: Connection timeout to host https://discord.com/api/v9/unique-username/username-attempt-unauthed
2026-09-01 18:47:32	NETWORK	dajk	attempt=1	proxy=http://wiw4v7duaymysz9-session-072c30b05697-lifetime-10:***@rp.scrapegw.com:6060	ConnectionTimeoutError: Connection timeout to host https://discord.com/api/v9/unique-username/username-attempt-unauthed
2026-09-01 18:47:33	NETWORK	daoy	attempt=1	proxy=http://wiw4v7duaymysz9-session-072c30b05697-lifetime-10:***@rp.scrapegw.com:6060	ConnectionTimeoutError: Connection timeout to host https://discord.com/api/v9/unique-username/username-attempt-unauthed
2026-09-01 18:47:33	NETWORK	daqf	attempt=1	proxy=http://wiw4v7duaymysz9-session-072c30b05697-lifetime-10:***@rp.scrapegw.com:6060	ConnectionTimeoutError: Connection timeout to host https://discord.com/api/v9/unique-username/username-attempt-unauthed
2026-09-01 18:47:33	NETWORK	dapy	attempt=1	proxy=http://wiw4v7duaymysz9-session-072c30b05697-lifetime-10:***@rp.scrapegw.com:6060	ConnectionTimeoutError: Connection timeout to host https://discord.com/api/v9/unique-username/username-attempt-unauthed
2026-09-01 18:47:33	NETWORK	dasn	attempt=1	proxy=http://wiw4v7duaymysz9-session-072c30b05697-lifetime-10:***@rp.scrapegw.com:6060	ConnectionTimeoutError: Connection timeout to host https://discord.com/api/v9/unique-username/username-attempt-unauthed
2026-09-01 18:47:33	NETWORK	dasi	attempt=1	proxy=http://wiw4v7duaymysz9-session-072c30b05697-lifetime-10:***@rp.scrapegw.com:6060	ConnectionTimeoutError: Connection timeout to host https://discord.com/api/v9/unique-username/username-attempt-unauthed
2026-09-01 18:47:33	NETWORK	dbdj	attempt=1	proxy=http://wiw4v7duaymysz9-session-5dff8aed2f6f-lifetime-10:***@rp.scrapegw.com:6060	ClientConnectorError: Cannot connect to host discord.com:443 ssl:default [Connection reset by peer]
2026-09-01 18:47:34	NETWORK	dbag	attempt=1	proxy=http://wiw4v7duaymysz9-session-4944041ee359-lifetime-10:***@rp.scrapegw.com:6060	ConnectionTimeoutError: Connection timeout to host https://discord.com/api/v9/unique-username/username-attempt-unauthed
2026-09-01 18:47:34	NETWORK	ddrb	attempt=1	proxy=http://wiw4v7duaymysz9-session-072c30b05697-lifetime-10:***@rp.scrapegw.com:6060	ServerDisconnectedError: Server disconnected
2026-09-01 18:47:35	NETWORK	ddyf	attempt=1	proxy=http://wiw4v7duaymysz9-session-072c30b05697-lifetime-10:***@rp.scrapegw.com:6060	ServerDisconnectedError: Server disconnected
2026-09-01 18:47:35	HTTP_429	dboh	attempt=1	proxy=http://wiw4v7duaymysz9-session-f0d8335b3692-lifetime-10:***@rp.scrapegw.com:6060	scope=shared global=False retry_after=2122.0
2026-09-01 18:47:35	NETWORK	dbrd	attempt=1	proxy=http://wiw4v7duaymysz9-session-5f8c4c8b7e09-lifetime-10:***@rp.scrapegw.com:6060	ConnectionTimeoutError: Connection timeout to host https://discord.com/api/v9/unique-username/username-attempt-unauthed
2026-09-01 18:47:35	NETWORK	dbqv	attempt=1	proxy=http://wiw4v7duaymysz9-session-5f8c4c8b7e09-lifetime-10:***@rp.scrapegw.com:6060	ConnectionTimeoutError: Connection timeout to host https://discord.com/api/v9/unique-username/username-attempt-unauthed
2026-09-01 18:47:36	NETWORK	dcil	attempt=1	proxy=http://wiw4v7duaymysz9-session-0c91af052adc-lifetime-10:***@rp.scrapegw.com:6060	ServerDisconnectedError: Server disconnected
2026-09-01 18:47:36	NETWORK	dcjx	attempt=1	proxy=http://wiw4v7duaymysz9-session-0c91af052adc-lifetime-10:***@rp.scrapegw.com:6060	ServerDisconnectedError: Server disconnected
2026-09-01 18:47:36	NETWORK	ddnc	attempt=1	proxy=http://wiw4v7duaymysz9-session-072c30b05697-lifetime-10:***@rp.scrapegw.com:6060	ClientConnectorError: Cannot connect to host discord.com:443 ssl:default [Connection reset by peer]
2026-09-01 18:47:36	NETWORK	dbye	attempt=1	proxy=http://wiw4v7duaymysz9-session-2eec12cb5486-lifetime-10:***@rp.scrapegw.com:6060	ConnectionTimeoutError: Connection timeout to host https://discord.com/api/v9/unique-username/username-attempt-unauthed
2026-09-01 18:47:36	NETWORK	dbym	attempt=1	proxy=http://wiw4v7duaymysz9-session-2eec12cb5486-lifetime-10:***@rp.scrapegw.com:6060	ConnectionTimeoutError: Connection timeout to host https://discord.com/api/v9/unique-username/username-attempt-unauthed
2026-09-01 18:47:36	NETWORK	czmf	attempt=1	proxy=http://wiw4v7duaymysz9-session-36046fc507f2-lifetime-10:***@rp.scrapegw.com:6060	ConnectionTimeoutError: Connection timeout to host https://discord.com/api/v9/unique-username/username-attempt-unauthed
2026-09-01 18:47:36	NETWORK	cznp	attempt=1	proxy=http://wiw4v7duaymysz9-session-36046fc507f2-lifetime-10:***@rp.scrapegw.com:6060	ConnectionTimeoutError: Connection timeout to host https://discord.com/api/v9/unique-username/username-attempt-unauthed
2026-09-01 18:47:36	NETWORK	dbzg	attempt=1	proxy=http://wiw4v7duaymysz9-session-2eec12cb5486-lifetime-10:***@rp.scrapegw.com:6060	ConnectionTimeoutError: Connection timeout to host https://discord.com/api/v9/unique-username/username-attempt-unauthed
2026-09-01 18:47:37	NETWORK	ddsl	attempt=1	proxy=http://wiw4v7duaymysz9-session-072c30b05697-lifetime-10:***@rp.scrapegw.com:6060	ServerDisconnectedError: Server disconnected
2026-09-01 18:47:37	NETWORK	ddql	attempt=1	proxy=http://wiw4v7duaymysz9-session-072c30b05697-lifetime-10:***@rp.scrapegw.com:6060	ClientConnectorError: Cannot connect to host discord.com:443 ssl:default [Connection reset by peer]
2026-09-01 18:47:37	NETWORK	dcga	attempt=1	proxy=http://wiw4v7duaymysz9-session-1f32f733e45e-lifetime-10:***@rp.scrapegw.com:6060	ConnectionTimeoutError: Connection timeout to host https://discord.com/api/v9/unique-username/username-attempt-unauthed
2026-09-01 18:47:37	NETWORK	ddsw	attempt=1	proxy=http://wiw4v7duaymysz9-session-072c30b05697-lifetime-10:***@rp.scrapegw.com:6060	ClientConnectorError: Cannot connect to host discord.com:443 ssl:default [Connection reset by peer]
2026-09-01 18:47:38	HTTP_429	dmkh	attempt=1	proxy=http://wiw4v7duaymysz9-session-5eb33ab69d66-lifetime-10:***@rp.scrapegw.com:6060	scope=shared global=False retry_after=2126.0
2026-09-01 18:47:38	NETWORK	ddnn	attempt=1	proxy=http://wiw4v7duaymysz9-session-072c30b05697-lifetime-10:***@rp.scrapegw.com:6060	ClientConnectorError: Cannot connect to host discord.com:443 ssl:default [Connection reset by peer]
2026-09-01 18:47:38	HTTP_429	dftd	attempt=1	proxy=http://wiw4v7duaymysz9-session-0c91af052adc-lifetime-10:***@rp.scrapegw.com:6060	scope=shared global=False retry_after=317.0
2026-09-01 18:47:38	HTTP_429	deri	attempt=1	proxy=http://wiw4v7duaymysz9-session-f0d8335b3692-lifetime-10:***@rp.scrapegw.com:6060	scope=shared global=False retry_after=2119.0
2026-09-01 18:47:38	NETWORK	dcqt	attempt=1	proxy=http://wiw4v7duaymysz9-session-a5a6b4459f69-lifetime-10:***@rp.scrapegw.com:6060	ConnectionTimeoutError: Connection timeout to host https://discord.com/api/v9/unique-username/username-attempt-unauthed
2026-09-01 18:47:38	NETWORK	dcvj	attempt=1	proxy=http://wiw4v7duaymysz9-session-d8c1e4363996-lifetime-10:***@rp.scrapegw.com:6060	ConnectionTimeoutError: Connection timeout to host https://discord.com/api/v9/unique-username/username-attempt-unauthed
2026-09-01 18:47:38	HTTP_429	dmyd	attempt=1	proxy=http://wiw4v7duaymysz9-session-1ed4e64249a0-lifetime-10:***@rp.scrapegw.com:6060	scope=shared global=False retry_after=1852.0
2026-09-01 18:47:39	NETWORK	dmzw	attempt=1	proxy=http://wiw4v7duaymysz9-session-cb58bff567d0-lifetime-10:***@rp.scrapegw.com:6060	ServerDisconnectedError: Server disconnected
2026-09-01 18:47:39	NETWORK	dmeg	attempt=1	proxy=http://wiw4v7duaymysz9-session-2527f795815a-lifetime-10:***@rp.scrapegw.com:6060	ServerDisconnectedError: Server disconnected
2026-09-01 18:47:39	NETWORK	dmzl	attempt=1	proxy=http://wiw4v7duaymysz9-session-e675af0c9d5a-lifetime-10:***@rp.scrapegw.com:6060	ServerDisconnectedError: Server disconnected
2026-09-01 18:47:39	NETWORK	czkt	attempt=1	proxy=http://wiw4v7duaymysz9-session-36046fc507f2-lifetime-10:***@rp.scrapegw.com:6060	ServerDisconnectedError: Server disconnected
2026-09-01 18:47:39	NETWORK	czzl	attempt=1	proxy=http://wiw4v7duaymysz9-session-072c30b05697-lifetime-10:***@rp.scrapegw.com:6060	ServerDisconnectedError: Server disconnected
2026-09-01 18:47:39	NETWORK	dmzv	attempt=1	proxy=http://wiw4v7duaymysz9-session-7538905c8575-lifetime-10:***@rp.scrapegw.com:6060	ServerDisconnectedError: Server disconnected
2026-09-01 18:47:39	NETWORK	dndq	attempt=1	proxy=http://wiw4v7duaymysz9-session-28f3aeded576-lifetime-10:***@rp.scrapegw.com:6060	ServerDisconnectedError: Server disconnected
2026-09-01 18:47:39	NETWORK	cztw	attempt=1	proxy=http://wiw4v7duaymysz9-session-36046fc507f2-lifetime-10:***@rp.scrapegw.com:6060	ServerDisconnectedError: Server disconnected
2026-09-01 18:47:39	NETWORK	czwx	attempt=1	proxy=http://wiw4v7duaymysz9-session-36046fc507f2-lifetime-10:***@rp.scrapegw.com:6060	ServerDisconnectedError: Server disconnected
wq8d
wrg1
wrz4
wrf4
wq9c
wq_y
wr63
wq5d
wr4k
wrf9
wr6m
wro5
wr3u
wr5j
wq7b
wq.o
wqb6
wrr4
wr61
wr3o
wq09
wrv2
wr3_
wq3k
wr1i
wrt8
wr7d
wr32
wr9g
wq9q
wq_h
wq.x
wq8x
wr8z
wrs3
wq_w
wru4
wq3l
wrc1
wq8p
wrl7
wr9c
wr7s
wrj5
wr46
wr57
wrx7
wr15
wr3b
wr1r
wr28
wr0i
wri4
wqt9
wr56
wrl1
wrc4
wrd7
wq01
wr59
wrr5
wr0s
wr9b
wr8h
wrz8
wq9y
wr1l
wrr6
wr4w
wq.s
wrs9
wr6x
wq4r
wrp1
wr4j
wr38
wqj1
wr9f
wri2
wq34
wrk6
wr5_
wri5
wr1_
wrj6
wrb5
wr6i
wr48
wr78
wr8_
wr87
wr3g
wry7
wr8q
wr4e
wr2_
wri6
wr6a
wq45
wq96
wrx6
wr9n
wrf0
wr36
wqd9
wq3e
wr30
wr1o
wrt0
wq.w
wra7
wr0x
wr0e
wr7o
wr01
wra_
wr8r
wr54
wr6v
wq.k
wq8_
wra5
wrr2
wr4_
wq7y
wq53
wrk8
wrf8
wrj1
wrb0
wq5a
wro3
wqp1
wr65
wr5n
wrn2
wrl3
wrg0
wr3s
wr2r
wq99
wp_j
wr0k
wn3d
wr25
wr5y
wr9i
wrq0
wqq3
wr0a
wr5f
wrd0
wrj8
wq8l
wr4c
wr1v
wru0
wr8l
wr18
wrl6
wrd6
wp29
wr26
wr47
wr89
wrs6
wro0
wr8s
wr4t
wr4n
wr8w
wrv5
wrz0
wr1j
wrb6
wr7k
wpt3
wq9d
wr1k
wr6q
wr5l
wr1w
wr3y
wry8
wq9u
wrn4
wrv6
wr45
wr2b
wrw1
wr0t
wru9
wq22
wrr9
wr8t
wrc7
wr8d
wq_7
wq_x
wrr0
wry6
wrz2
wq.1
wp53
wr6j
wrn0
wr50
wr7f
wr7x
wr1f
wrm0
wrc_
wrb_
wq7p
wri_
wq.i
wrq3
wrq_
wr39
wr5u
wq4i
wrl0
wr4q
wre9
wr44
wq9b
wrp4
wr43
wr6e
wr3a
wrq5
wq38
wr2t
wr3z
wrp0
wr0f
wrg6
wr23
wr16
wrz1
wru7
wq1c
wr7c
wr6z
wr9h
wq1k
wr2e
wr8a
wrn8
wr31
wr1e
wrm8
wr6g
wrc0
wrk5
wrt9
wr0y
wr5w
wrp2
wr82
wq.h
wr72
wr5v
wr3v
wro2
wrz_
wq6q
wq.8
wq7l
wr6n
wmm3
wp8u
wr6c
wr1y
wq.c
wq_k
wrg_
wri8
wrw0
wrt6
wr5r
wr4z
wre3
wr5o
wrn3
wro9
wr0o
wr1z
wrw3
wqv4
wr02
wq_j
wre0
wrd1
wp6u
wr0l
wr5i
wr6b
wr74
wr1b
wr8u
wr7g
wrf1
wr9l
wrx2
wq76
wr09
wq4y
wrp9
wq1r
wq7c
wr7b
wr3h
wq61
wr0p
wq93
wqp_
wr3w
wp9w
wq3p
wr0n
wq._
wr35
wrf5
wj8c
wro_
wr0c
wrx5
wrl8
wr69
wrv_
wq_v
wr9d
wr7_
wr42
wq3u
wru_
wra9
wr10
wq7g
wq_b
wrp3
wr8v
wr6_
wr6f
wr8j
wqr0
wr7v
wr4m
wrz7
wrk2
wrw7
wrz3
wrs_
wrc2
wr6d
wr2p
wr85
wry5
wr9e
wr1g
wr20
wq.b
wr0r
wr0w
wr67
wrp5
wr5d
wrm6
wr8e
wr2f
wq.d
wrx9
wr1s
wo_p
wrh9
wr7m
wr8g
wr6p
wr5t
wr0u
wr7t
wr68
wrh2
wq1x
wrl_
wr51
wq95
wr4p
wq4n
wre1
wr5z
wq6i
wr7z
wr4s
wr0h
wr3c
wrg2
wrq6
wqw0
wq7f
wq2b
wq87
wr4f
wq9x
wre_
wr4g
wr11
wrx_
wq.7
wrr8
wrw8
wq.9
wru5
wrd4
wr5k
wrw4
wr4y
wr3n
wr1t
wrc3
wr00
wr8f
wp0j
wr66
wrj0
wrh6
wq33
wru3
wq31
wq_a
wrd8
wq9g
wru1
wr9k
wrm7
wr4r
woj9
wr5b
wr37
wr06
wk2t
wq.0
wr58
wrp8
wq59
wr52
wrv8
wq7_
wrn9
wr21
wrk_
wri7
wq2n
wrz6
wry3
wrd3
wr4o
wr1x
wr3e
wr79
wr4b
wrt3
wr2x
wq2m
wr7w
wr3l
wr6w
wrr7
wr6u
wr83
wq5w
wr3t
wrj4
wri3
wq_8
wr4l
wrz9
wr2q
wpy_
wr9j
wr0m
wr12
wrs4
wq7e
wrs8
wro7
wrg3
wr6o
wq8n
wr2v
wr5g
wr2s
wrw6
wr2h
wq8h
wrv7
wr75
wo49
wrq8
wr0v
wr8i
wr2i
wq9_
wq.4
wq8f
wr0_
wr07
wr7j
wr7e
wr49
wr7l
wro8
wq_4
wro1
wr2d
wn7x
wrl2
wr6l
wr7h
wry4
wr5a
wq49
wr8k
wqu3
wr2j
wr8m
wp7d
wq7k
wr4u
wr8b
wrt7
wr0q
wri9
wr2n
wql_
wrw2
wr3p
wos_
wrm2
wq82
wr60
wm.x
wq4p
wr0j
wre6
wqv5
wrn7
wq8e
wq.2
wr1q
wr8n
wr2g
wr5h
wrk1
wrg5
wq97
wqr5
wr41
wr84
wrv9
wrx0
wq6c
wr08
wr40
wr70
wq86
wr3f
wr7n
wo6q
wp.z
wr2a
wq_0
wq3b
wrj2
wru2
wr29
wr7u
wr3d
wr5c
wr6y
wr3j
wr81
wr5e
wr1n
wr7p
wrs2
wr0z
wq3_
wrv1
wn7v
wrm_
wr4a
wrv3
wr71
wr3x
wr55
wr4h
wq.3
wr1u
wrt2
wr7i
wq94
wq29
wq.6
wr5s
wq_c
wr14
wq88
wq9a
wr8y
wr8c
wr2w
wr2k
wr24
wrj3
wq9n
wrk0
wra4
wr77
wr4x
wr76
wr5p
wr17
wr7a
wr13
wq07
wr88
wq20
wrj7
wrl5
wrg9
wqm0
wp.p
wrx8
wr1d
wr62
wr8p
wr2m
wq7v
wrt4
wrf3
wr19
wrb3
wrq7
wq8w
wr5x
wr2l
wqx8
wr7q
wr53
wrb9
wrx3
wr86
wr6s
wr8x
wr7r
wr1p
wo5u
wr3q
wr2y
wr22
wrh3
wrw_
wr1c
wr73
wr0g
wr5q
wr1a
wr27
wrl4
wr3k
wr6h
wr6t
wq3w
wr4d
wqn4
wr2z
wq_9
wre4
wrs1
wrt5
wr3i
wrh8
wr8o
wq.p
wq_3
wru8
wr2u
wr1m
wra0
wrc5
wr80
wq6v
wq44
wrx4
wr4v
wr2c
wr5m
wr64
wrm9
wr2o
wrx1
wq6j
wrt_
wn4y
wqw3
wq1j
wq1o
wq1i
wq1u
wq1v
wq18
wq2h
wq2r
wq2q
wq2p
wrh0
ce4c
cew2
cel5
cd70
cc7i
ces7
cel2
cd9m
cd4t
ca19
cdu1
ceo6
cd5g
cd7l
ca4r
cee0
cd5t
cet1
cev5
cc61
cd.e
cee5
cc.x
ce1o
cen6
cd5p
cd4r
cdw8
ceh7
ce2x
ce0v
ce1a
ce08
cdo_
ce31
ceu6
cc4f
cd8p
ceq_
ced6
cet7
ce0o
cd8z
cee7
ce4h
ceg8
cet8
cdv4
ce3l
cen9
ccn7
ce3o
ceu2
cdy0
cd8_
ce10
ce1w
ce4q
cd_1
cd90
ce2f
cey2
cee6
cez7
cd9h
cdg5
ce25
ce3b
cc9u
cdz4
ceb2
ced3
cdn4
cea0
cem5
ceb9
ceq5
cc7d
ce40
ce0j
ce26
ceo9
ce3h
cd_u
cdh5
cd4l
ceg2
cdl7
cd8x
cd9x
cd3k
ce4o
ceb_
ce0y
cbm0
cb2p
ceb3
cd.v
cd42
ceb8
cd31
cd2b
ce1j
cey_
cdd8
cd7f
cc.s
cd7u
ce3p
cd45
ceh6
cea3
cej4
cd_b
cdn0
cey3
cd7m
ceu_
cd9y
cev1
cc79
cc_l
cec0
cd_p
cec9
cdr0
cek2
cep4
cd2t
cd9k
ces2
cd8u
cd.o
ce2y
cet3
cd.g
ceo_
caz6
cdc9
ccv7
ce19
cd6q
cex6
b.4m
cel1
ce1k
cek4
cd7y
cey5
ced2
cen0
cex5
cen3
cdo8
cd7n
cdb0
cel3
cey4
cer8
ceo5
cd1u
ce35
ce0l
cd60
cd6w
ceg0
cd_a
cd00
cd9n
cd4o
cep5
cey0
cev2
cd20
cex0
ca6p
ce0c
ces0
ceh8
cd5_
cd8m
cej3
cec7
cep8
cd__
cec1
cd2h
cd7v
ceb7
cee1
ceu8
ce2q
ceq3
cd65
cc95
cd7c
cd58
cd46
ce00
cbg2
ceo3
cc.p
cc5n
ce3_
cd5q
cd96
ca16
cd5y
cdz9
cd9q
cdo5
ce4n
cec3
ces5
cd.l
cd_0
ce0i
cd9c
ce09
cev0
cea7
cek3
ces4
ce2_
ce4b
cet6
ce2u
cec6
cen_
ce32
cdg3
ce0t
ce4w
ce1b
cdn2
cd5s
cef7
cd8b
cdu4
ceb6
cd8e
ceg9
cd4y
ceg7
cd.q
cd3m
ce2g
cep1
ceq8
cd74
cc2s
ca15
ce2j
cei2
cen4
cd5j
ce20
cd_d
cd4s
cea2
cdk8
cd5w
cek9
ca9h
cee4
ceg4
cd.5
ce0b
ces_
ce3e
ce4k
ce39
ceu3
ca2s
cep0
cdu8
cd_k
cew4
cd1m
cd0z
ced7
ce0f
ce4m
ce2z
cd5o
ce47
cey6
cex9
ceq4
cen1
ce4r
cd2e
cd.2
cez1
cea6
cd_f
cc_c
ce0q
cd.8
ce2a
cej9
ce2d
cd97
ce1x
cd6n
cd_v
cdc8
cd1n
cdg0
ce34
cee_
cd36
cds1
cez3
cea_
cd4n
cel0
cd7w
ce30
cdx4
cd_3
cd.d
ce43
ceq7
ce3n
ce1d
ceh_
cew1
ce2l
cdi8
ca9o
cd.n
cd4d
cew3
cd7h
cek_
cc.i
ceh0
cdt2
cc.f
ce4i
cd2p
cew5
ce27
cd84
cef4
cd9j
cev4
cb9d
cew9
ca8p
cdz5
cd9i
cd9o
cd2l
cd.u
ce2p
cc7b
cd_o
ce2e
ce4d
ce0g
cey1
cew_
cea4
cef2
cc7u
ce24
ce1z
cej1
cd2s
cd_9
cd9e
cem9
ceg5
cdz6
cd8q
ce1n
cd2g
cd.x
ce3t
cc2b
cd91
cc6u
cei_
cer1
cez0
cep9
cd3e
cec4
cek1
cd9g
cd8i
cda5
ce3j
cer5
cd63
cdl6
ccw7
cea8
cex2
cd38
cc89
cd56
cdy_
ceo8
cd72
cen5
cd9f
cez9
cex8
cef5
ce1l
cdq5
cc.2
cd.0
cea9
ce4e
cer9
cd.z
cd7r
cd._
cc2p
cer4
cej7
cd6l
cen7
cd75
cex7
cdr8
ce06
cd87
cd79
cd4c
ced5
ce0u
ce1m
cez4
cd_g
cec8
cer0
cd76
ce2n
cd7e
cd7t
ceg_
ceu4
ce4y
cc_q
cd88
ce3a
cd6h
cd8h
cd_5
cem3
ce3z
cei7
ce0p
cef_
cev9
cef0
cej0
cem7
cd2y
cep7
cd51
ce1u
cdl4
cev3
cd8o
ce2v
cea5
cei0
cdp6
ceh9
ce0s
ce2o
cd_t
cd1p
cd8c
cd.f
cec2
ced4
ceq2
ce2s
ce3r
ce44
cek0
cew7
ce21
ce2b
cc6w
ceb0
ceo1
cd6j
ce45
ce18
cd5i
ce2t
ce1r
ce2k
cc.n
ce42
ceq0
cdj7
cd77
cem6
ce0_
ceq6
cee9
cef3
cer3
cez_
cd.a
ce4f
ce38
ce4z
ce2c
ce22
ceu0
cd_y
cey7
cdb6
ce3d
cew0
ceo0
ce0n
cdk7
ceh4
ceo4
ce2m
ce13
cew6
ce0x
ce1v
cd_s
cd85
cd66
cel7
cd14
cev6
ceb5
cef9
cer_
cez6
cd07
cel9
ce0z
cec5
cem8
ce14
cc4z
cez2
ce1g
cd_7
ced0
cd3l
ceg1
ce1f
cet0
ce0w
ce3w
cd4e
ce3v
cet2
cdd1
ces3
ce1i
cei8
cet9
cd40
cc_d
cej2
ced8
cdw5
cd.t
ce4t
cek6
cd_e
cd_r
cel_
cd86
cea1
ce3s
cdc2
cd_h
ce04
cd04
cer2
cd1k
ce0h
ce41
cei5
cee3
cdk0
cer6
ce3f
ce1t
cet4
ce0r
cc8x
ce01
cd9z
cd9_
cd81
cd.1
cd3_
ce3m
cd.7
ceh1
ce2r
cd7x
ceb4
ce4a
cem_
cds0
cd.s
ce3k
ce1_
ce4s
cd9r
cd94
cc.u
cd.b
cd32
ce0m
cd9t
ceh2
cd7p
ced_
cec_
ces8
cek8
ceq1
cd7s
ce4x
ce4g
ce3y
ceg6
cc9r
ce07
cb8c
cd0n
cd.r
ce4u
ce11
cb9r
cd98
cdn3
ce4j
ceo7
cd0j
cc7j
cdt3
cd_l
ce3u
cd73
cd.w
cei9
ces9
cd.i
cex3
cb77
ccv5
cd39
cc9f
cel4
cd3u
ce4l
ce3i
cez8
cei3
cef8
ces6
ce2h
cd57
cbg6
cc96
cel8
ceh3
cd9l
cee8
cej8
cda9
cd.k
ce0k
cee2
cc2c
cey9
cd8d
cey8
ceu9
cev7
cd0o
ce16
cd5v
ce3x
cd48
cet_
cbc8
ce4p
cel6
cd4x
cdr3
cem4
ce23
cd54
ce15
ceu5
cdx0
cd33
cc9o
ce1p
cd.h
cd.9
cen8
ces1
ce3q
cd_8
cd_q
cex1
ce02
cdd5
cej6
cd_m
cem0
cep2
cez5
cd.6
ce33
ceo2
cd7i
cd_c
ce28
cd2x
cd6p
ceh5
ce2i
cev8
ce2w
cdv5
cei4
cd_z
cer7
cdf4
cdc5
cef6
cd78
cc5j
cc.o
ce46
ce12
ce1h
cex4
cd9w
cdu6
cd8y
cex_
cd6x
ce29
cc9c
cef1
cdw4
ccj9
cdt7
cev_
ce0a
ce05
cem1
ce1q
ce1e
cd6k
cd_j
cd6u
cdp7
ceq9
cej5
ce1s
cep_
cei1
cd_x
cd99
cd.y
cew8
ceg3
cd18
ce37
cd5r
cd2q
ceu1
cd_w
cd50
ce17
cem2
ce1c
cd1c
cei6
ceu7
cek7
cd0_
bap5
bav5
ba21
ba1l
a.95
ba2w
baz9
ba3i
bay3
bar1
bar8
ba25
baz6
ba1m
ba2j
bau_
ba2s
ba0b
ba1_
ba2y
bay4
bam0
baz0
ba1r
ba16
bau6
bay2
bax6
baw_
ba3a
bar5
ba20
ba24
ba1o
ba13
ba0e
ba02
ba1h
ba2h
ba1c
ba08
ba0y
bat6
ba3f
bar9
ba19
ba0z
ba09
bah7
bay6
bav8
a.79
ba2f
ba3d
ba2_
ba2k
a._d
ba0d
ba2q
bal7
ba2m
a.53
ba26
bax8
ba0v
ba06
ba01
bak2
ba2p
ba0p
baq0
bav0
bak_
ban1
baa2
ba3e
baq6
ba23
ba2v
a.7m
ba2u
baz2
ba1i
ba2o
ba00
ba1n
baz5
ba0f
bao7
ba3b
baj6
ba14
bax_
baw6
ba0q
baq3
ba2z
bay1
bap7
ba1w
bam8
bay0
ba2n
ba2l
bag7
baz4
ba0l
bax2
ba11
ba2r
baz7
bav3
baq8
baw8
baw9
bas6
baq1
ba0s
ba15
a._x
bag9
baj1
ba3l
ba17
bav9
bam6
ba3g
ba1d
baz3
bal0
bak8
bar7
ba1e
a._t
ba1u
ba0a
ba1v
bat8
ba0i
ba18
ba22
ba2g
ban5
ba2t
ba2i
bay_
ba0x
a._7
baj5
bax7
ba1q
ba0k
a.3g
bay8
ba1f
a.qk
ba0r
bao8
ba1k
a.09
bax9
bap9
baw7
bax1
ba10
ba1a
ba27
ba04
ba0g
ba1s
a.8u
ba2b
ba3j
baz1
ba0n
bao6
ba29
ba1x
ba0m
ba07
ba28
bat9
ban4
ba2x
baq9
ban6
ba3c
ba0o
ba1y
ba12
bau9
ba1t
baf6
bav7
ba1b
ba3h
bav2
ba05
ba1p
ba2e
a46b
a44f
a46z
a44q
a45v
a45z
a47a
a4xx
a458
a453
a44r
a46x
a45s
a455
a46h
a454
a46n
a452
a44m
a4z4
a45a
a461
a44v
a45_
a46i
a45p
a43w
a41t
a41n
a46r
a47b
a46t
a46k
a46g
a46w
a465
a463
a46_
a46l
a46j
a45y
a45n
a46y
a46e
a46m
a456
a449
a46c
a462
a46u
a4e7
a4ek
a4e2
a4eq
a4dt
a4d_
a4dq
a4e4
a4eh
a4ew
a4er
a4dy
a4ed
a4en
a4du
a4d4
a4df
a4cj
a4c5
a4et
a4es
a4e0
a059
a054
a04a
a07d
a06n
a04o
a053
a07a
a46b
a48a
a47q
a45i
a428
a46k
a405
a46r
a47i
a46h
a45y
a43x
a43v
a48k
a45r
a47k
a45s
a475
a48g
a458
a48c
a45_
a46m
a46l
a448
a45n
a480
a46n
a452
a47l
a46e
a477
a48z
a47w
a47h
b1b1
b0.9
b0.4
b1ah
b1bk
b1ar
b1cg
b1bt
b1bs
b1bw
b0.2
b1aj
b1ak
b1al
b1an
b1aq
b1a3
b4tn
b4w7
b4tp
b4ln
b4uo
b4fn
b4xi
b4p7
b4us
b4v4
b4nn
b4r2
b4xk
b4mj
b4mz
b4qw
b4rf
b4r6
b4k_
b4sr
b4sb
b4sj
b4qf
b4we
b4q4
b4ql
b4sy
b32j
b4ps
b4r8
b4p1
b3.r
b4v_
b4tm
b4po
b4tk
b4oa
b4uv
b4q_
b4gz
b4th
b4uh
b4p5
b4r0
b4ki
b4td
b4k3
b4of
b4ix
b4vu
b4uw
b4o_
b4vi
b4t3
b4pz
b4ju
b4t0
b4qd
b4nj
b4tj
b4tc
b4s0
b4m_
b4lz
b4wk
b4rc
b4j1
b4fl
b4k0
b4gb
b4t7
b4vr
b353
b4l7
b4n0
b4u2
b4j8
b4py
b4ta
b4su
b4vk
b4vq
b4qc
b3ui
b4pw
b4wl
b4tl
b4vf
b4jm
b4r9
b4wn
b4w9
b4qb
b4tx
b4sd
b4r5
b4xe
b4qr
b4ww
b4qi
b4nh
b4vt
b37u
b4w1
b4wi
b4rg
b4qy
b4te
b4lr
b4rz
b4va
b4rh
b4vd
b4s4
b4qv
b4jl
b4uz
b4rn
b4np
b4rm
b4p2
b4fc
b4ut
b4oi
b4ll
b4v9
b4mp
b4qq
b4xf
b4m9
b4m8
b4px
b4sa
b4gt
b4mr
b4br
b4r7
b4vp
b1v0
b4vv
b4se
b4js
b4tu
b4u8
b4rs
b4t1
b4ty
b4j3
b4f6
b4sv
b4nl
b4xl
b4ua
b4ug
b3.8
b4q5
b4ji
b4ru
b4vx
b4wp
b4w6
b4qt
b4t9
b4wo
b4q7
b4tq
b4p6
b4qk
b4os
b4pb
b4rw
b4q1
b4st
b4v2
b4ny
b394
b4lo
b4wg
b4sk
b4rt
b4s9
b4kv
b4qs
b4si
b4ti
b4il
b4wb
b4t8
b4xb
b4hi
b4ow
b4u6
b4up
b4ui
b4s5
b4ul
b4ts
b4v3
b4n5
b4vw
b4v5
b4ud
b4he
b3d8
b4v8
b4ry
b4sg
b4ub
b4ux
b4to
b4rp
b4nb
b4u5
b4u_
b4hh
b3r3
b4i1
b4io
b4c8
b4v6
b4bf
b4pi
b4ls
b4na
b4tt
b4s8
b4lm
b4nz
b4so
b4ue
b4vb
b4s2
b4c7
b4ep
b4je
b3.l
b4u0
b4wd
b4re
b4ns
b4um
b4q8
b4t4
b4n1
b4wa
b4li
b4wq
b4s3
b4ol
b4om
b4m1
b4my
b4pl
b4u7
b4gh
b4rr
b3iu
b4p9
b4n9
b4sq
b4sw
b4wt
b4xj
b4pc
b4sz
b4wc
b4t5
b4fv
b4sl
b4q6
b4nv
b4o8
b4wf
b4k4
b4cf
b4qn
b4fk
b4uy
b4ri
b4sh
b4w2
b4xm
b4lp
b4uc
b4ra
b4p_
b4rd
b4wh
b4uq
b4w0
b4v0
b4rj
b4wv
b4xc
b4v1
b4md
b4q3
b4un
b4u9
b4vz
b4kz
b4mv
b4p0
b4ve
b4w5
b4vj
b4vo
b4qe
b4tf
b4sx
b4h8
b4r4
b4jk
b4no
b4on
b4tr
b4k5
b4wj
b4rx
b4wx
b4ox
b4w4
b4l2
b4pr
b4xd
b4tg
b4ik
b4pu
b4vs
b4v7
b4w8
b4pk
b4vh
b4uf
b4xn
b4wy
b4vc
b4o3
b4lx
b4rk
b4im
b4xg
b4jx
b4uu
b4q9
b4s6
b4t6
b4r3
b4vg
b4ur
b4rl
b4jt
b4u4
b4pv
b4sm
b4n7
b4xh
b4u3
b4hf
b4s_
b4lh
b4w_
b4wz
b4sp
b4qu
b4sc
b4gn
b4t_
b4s7
b4mk
b4ss
b4q0
b4tb
b4vm
b4o5
b4t2
b4m0
b4ro
b4ho
b4ko
b4r1
b4pq
b4qa
b4xa
b4ph
b4a9
b4qz
b4ou
b4w3
b4p4
b4qp
b4m3
b4uk
b4vy
b4wu
b4qh
b4qj
b4oz
b4pe
b4vn
a9hb
a9hs
a9hh
a9g1
a9hz
a9h0
a9ha
a9hp
a9g4
a9gy
ioy9
ioz6
io67
io7e
io5s
io5p
io5w
io6v
io5i
io3a
io69
io4l
io3z
io4u
io7p
io6x
io3e
iov3
io6j
io5v
io33
io45
io7f
io6q
io66
io6h
io6n
io1k
io4i
io40
io7b
io7r
io5e
io57
io3y
io4s
io5x
io4p
io62
io1g
io0b
io0d
io1r
ioc7
io1t
io1u
io1w
iow2
in4f
in4g
in4h
in4i
in4j
in4m
in4o
in4q
in4s
in4t
io0p
io0o
io0r
io10
in49
in4_
io42
cj3v
cji7
cj3b
cj4b
cj43
cj4r
ci5w
ci1r
cj14
cj5c
cj6m
cj7w
cj82
cj3y
cj11
cj7y
cj2u
cj1n
cjg4
cj4k
cj3w
cj9c
cj23
cj6v
cj0m
ci7s
cj8r
cj2c
cj2g
cjq9
cj7h
cj6q
cjt6
cj6k
cio5
cj46
cj1x
cj7m
cji6
cj7z
cj5i
cj5x
cjn2
cj21
cj6u
cjy9
cjc1
cd0_
cj4o
cj55
cj7c
cje6
cj3r
cjc9
cd1k
cjs6
cj7r
ci.m
cj7s
cj3c
cj59
cj2o
cj1t
cj3l
cj64
cj0e
ci94
cj54
cj5t
cj19
cj9b
cjl7
cj73
cja8
cjt3
cj8x
cf5a
cj79
cj32
cj80
cjy8
cj30
cjb8
b_bj
cj5o
cj7v
cjv9
cj1r
cj6s
cj0b
cj75
cj34
cj4j
cj49
cj2l
cjx2
cj2k
cj4n
cj6n
cj5r
cj7i
cjo6
cj9d
cjh0
cj8f
cjw7
cjr9
cj60
cj1i
cjw8
cj6w
ci_w
cj77
ci8u
cj3z
cj40
cj5j
cj1v
cj85
cj7q
cj28
cj1s
ciw1
cjc3
cjd6
cj4s
cj7g
cjh5
cj50
cj0w
ci4_
cj6t
cju8
cjk4
cj70
cj1f
ci3q
cj6j
cj6_
cj4h
cj5m
cjw_
cj39
cj89
cj8w
cj8k
cj6x
cj67
cj78
cj5q
cj22
cj5a
cj8b
cj66
cj4g
cj84
cj88
cj4p
cg.t
cj4m
cju_
cj7t
cj6o
cj2a
cj4u
cj7e
cjz2
cjx0
cj4i
cj1g
cj7a
cj2w
cj8j
cj12
cj71
cjk8
cj65
cj8u
cjv3
cj5v
cjx3
cj8v
cj4v
cj1k
cj74
cj5b
cj8_
cj5s
cjx9
cg9a
cj5u
cj6g
ci.8
cj2v
cjv_
cjt5
cj7x
cj83
cj4w
cj5y
cj51
cj6e
cj5_
cj37
cj8c
cj8m
cji1
cj6c
cj5g
cj7p
cj81
che9
cj5p
cj63
cj5n
cj1m
cj62
cjg0
cj4_
cj8n
cjn0
cjs_
cjr7
ci7d
cj6r
cjm1
cjb3
cj7j
cj41
cj6d
ch3c
cj2m
cjs1
cjx7
cjv8
cj05
ci_4
cj8d
cjy3
cjs3
cju4
cj4l
cj8h
cj2y
cj5w
ch9i
cj8e
cj86
cj6z
cj8o
ci1x
cj1q
cjs4
cj6y
cj58
cj4e
cia2
cjy5
cj35
cj7d
cjy_
cj3j
cj4t
ch3y
cj56
cj8i
cj3_
cj8t
cj7n
ch9m
cj7l
cjm8
cj31
cj72
cj7b
cj7o
cj4x
cb51
cj3x
cj8z
cjk0
cj69
cju2
ch79
cj1h
ci2x
cj4d
cjq0
cj87
cj5l
cj1j
cj2i
cj8a
cjy7
cj6l
cj4z
cj76
cje2
cj1u
cj08
cj44
cj8l
cj4y
cj53
cj8q
cj3e
cj5h
cj8g
cj3k
cj5f
cj3u
cjb0
cjb2
cj1d
ci8e
cjj8
dof5
do1c
dod_
dq47
dd_z
dp8j
dn94
dn6t
dq2f
dd_0
df2_
dpu2
dkb6
dr0m
des8
dr9n
dq_m
drp1
dph8
dq8z
dpa4
drv6
dny_
dpw8
dr.p
dr95
dp4c
dr5i
dq7z
dq81
dma3
do_3
dq1m
dgg7
dp7n
dly3
dj87
dm.k
dp_q
dm81
drn2
df8p
do64
dmr2
dpg8
djd1
dr6_
dls6
dq7u
dr81
dro8
dro7
doc7
drc3
drv9
de0v
dp7c
dq54
df68
dp.z
dqr8
dp7z
dp_a
do76
dql1
dn6c
djc_
dr2b
dr84
dnz5
dno_
dpg3
df5s
dqs1
do7h
dqd4
dnv7
dgd6
dr6e
do_m
dq88
dq_b
drl_
dq3k
dq0v
dga3
dqy6
dqn1
dr27
dj_5
dq_t
dp69
dpu3
dq.a
dm7r
dh6b
dqr9
dr9k
dih5
doe_
dk7m
dqf6
dq7p
dh9i
drr_
dr5m
drd4
dqt8
dp5t
dq4_
di9p
dld5
df9w
dp24
dr8y
df2c
dnf8
dr16
drf7
dpy5
dp_3
dht3
dod9
dm.h
dna9
dpm5
dp.0
do98
dn.d
dr71
dn7k
dgw4
dp7j
drr1
dqd0
dl_i
do_y
drq2
dn.n
dpr8
dk38
dps_
de44
do1d
do00
dp95
dor5
de7y
dme_
dh5d
df95
dhn7
dp5i
dp5g
dr_i
de5e
dq4a
dk8x
de1l
dr0i
dov4
dp27
dj00
dqi1
dq2_
dp4b
dej7
dp1e
dg5u
de6t
dpk0
dq2w
dl5r
dr22
dp6e
dp25
dqf3
dpn5
dp.9
do_1
dj0s
dq9x
drw2
dn9z
dl.1
do6d
dq2x
dp.c
doo2
djx8
di54
dq4e
dr4o
dl2t
dn.9
dn64
dp.n
df9s
dr_3
dl8x
dp4p
dre3
dn_9
dq78
df4j
dos1
dos8
drq9
dg82
do82
dp74
df2y
dlc6
dr2f
don8
dd5c
dq.h
dp20
dn5a
djx6
dl6i
do8u
don0
dq.d
drd0
dnc8
dq51
dq30
dom3
dp_f
do9l
dqb1
drd2
drd6
dr.t
dr1x
drn0
dr7r
do8l
drb_
dl.4
dqu4
dp17
dfa_
dn_o
dp_j
dq65
dq.s
df2j
dm6c
dq0h
dqd3
dq9t
dnw9
dr47
dq3n
dr39
dfe9
df8t
dq0x
dq4z
dn7c
dn4t
dnr6
dp6l
dqr4
dqm1
dgk6
dra4
dn0f
dfh8
dpv7
dn06
do_b
do_a
dm.4
dn3b
dp9l
do51
dp2n
drj8
dfh7
drz8
dqr1
dm4h
dqy0
dqv4
dqx2
dr8w
dh7t
dfi7
dkp2
dps3
dqw6
dqu_
df67
dn.e
dp8g
dp51
dnl4
dp1w
dot7
dma2
dq5e
dp12
dp5_
dq1k
dfp_
dmv2
dkz2
do7a
dqq_
dft3
dr_4
dpm0
drs5
dq9s
dr9j
dn95
dqi3
doe6
dp5x
dp6v
dpn9
dn.q
do43
dr6a
dqo0
dq2m
doh5
dni0
dm35
f991
f_gi
f_gu
f9xt
f9xx
f.a6
f_i2
f.au
f_dy
f_.u
f_lf
f.ae
f.a8
f98y
f_ek
f_cv
f9_h
f_ga
f_lc
f_sa
f_a4
f98j
f_ky
f_wu
f_uq
f_eg
f_4y
f93m
f__f
f98z
f_j4
f98_
f_km
f9_0
f_kt
f96_
f9x2
f9x8
f9x9
f9ya
f9ye
f9yr
f9yv
f9yw
f9y0
f_nj
f_uv
f_nc
f_u3
f_k5
f_t8
hm7b
hm4b
hm8t
hm2i
hjg5
hcr2
ha6m
hg36
hcn9
hkw4
hmy0
hm8h
hlf4
hm.1
g.62
hnr8
hie5
hmv6
hm5j
hm52
hm2n
hmy2
hl1c
hm.k
hm8m
hm8s
hmy5
hgt8
hm2_
hm1j
hl.t
hns4
hm7l
hm_z
hng8
hna3
hm5s
hm86
hh6o
hky1
hm.8
hl4s
hh8a
hl9j
hk5b
hm.w
hm.o
hl_o
hl4b
hm_t
hmb2
hl.3
hm02
hli7
hm4l
hm0b
hmn4
hm3i
hnp8
hmh_
hm4n
hnu7
hm7r
hm7k
hm_m
hm4y
hf.o
hmw_
hnj4
hm_a
hm9p
hh8w
hng9
hmp0
hm5f
hmm6
hnu9
hnt8
hj_y
hm5i
hl1j
hmq8
hk8v
g._h
hic6
hnq2
hm1m
hm0q
hm5h
hm6l
hl66
hf4_
hm_8
ha92
hj8k
hb1o
hl4_
hl.y
hm77
hnr_
hl88
hm8y
hnm_
hm85
hnm4
hl5p
hm8c
hlz5
hm_h
hh_h
hl.n
hm08
hk.u
hm8a
hnv8
hnd9
hln9
hm4w
hfq5
hm4k
hnb8
hm9v
hng1
hnn6
hna5
hl4e
hm3v
hm19
hlv6
hmj1
hna_
hm5u
hm9q
hm3g
hk3s
hm.2
hnt2
hbr6
hmz9
hm07
hnk_
hlv8
hj_s
hmp7
hnb6
hm92
hmo1
hnl6
ha8r
hnd1
hnv2
hnq6
hnn8
hng6
hk0d
hk6r
hm9j
hcv0
hnc6
hhr0
hnl_
hns1
hd7p
hm1k
hnb_
hm3c
hl7n
hl2y
hk9q
hfb8
hns2
hne6
hc4m
hnn3
hnv0
hmx8
hnv1
hmh6
hao7
hnd4
hld_
hni1
hms0
hm7p
hnf0
hhy_
hm4e
hnw8
hnd_
hm40
hnc3
hm9_
hmk6
he61
hl7a
hni9
hl9q
hm44
hna4
hnx2
hnt6
hgi6
hbu7
hlf5
hnk3
hni8
hiz7
hnc0
hl27
hnk4
hmc5
hm.i
hm_d
hbv4
hl1t
hnc_
hnc4
hl_4
hi1c
hno9
hm0l
hga5
hm4u
hm.9
hg80
hm7i
hkd4
hj3n
hm0k
hnq8
hm.6
hjs1
hls6
hli5
hb59
hh6j
hnp9
ha4d
hnq9
hme3
hkr2
hm9z
hb6h
hl0k
hj2w
hl6e
hmy8
hm.u
hm_3
hj4y
hl76
hns3
hm47
hkt7
hnt3
hnb0
hm74
hga2
hbi6
hl1m
hnb2
hnh6
hm_g
hb73
hmq2
hj30
hm7e
hnh1
hnu_
hnc1
hj_0
hb6q
hl7o
hnb1
hna0
hk80
hm5t
hnj2
hmo6
hl_k
her8
hnb4
hnw6
hlq0
hm6b
hm42
hkv6
hm_9
hml5
hj9u
hm5g
hml1
hcs9
hm70
hmm3
hd5p
hm9r
hlb0
hnf5
hm.j
hm_o
hm3a
hnc5
he13
hb_g
hmh5
hg5i
hl4c
hna6
hm2t
hc3l
hcg1
hnw_
hm6v
hlo6
hk_m
g__t
hnl3
hby9
hm3z
hnl8
hku7
hm_n
hm.3
g.42
hm67
hk68
hb1r
hni2
hng2
hl0t
hnx0
hcl7
hlk4
hm0g
hm32
hg94
hk04
hfq9
hmm_
hm3y
hm80
hm4d
hnv6
hni3
hm4_
hj90
hle2
hh8e
hh8n
hk.p
hmu0
r4jx
r36i
r2ka
r36e
r358
r36m
r36k
r36n
r4jl
r4af
r4lf
r4ku
r4j8
r4jb
r4oh
r4gq
r4id
r4hn
r4og
r4ne
r3_f
r4iq
r4jy
r4k8
r4hv
r4jc
r4fi
r4nz
r4hi
r4kw
r4hm
r4d_
r4na
r4j9
r2v3
r4f_
r4kh
r31k
r4fm
r4i3
r4m_
r4nu
r4lo
r4ma
r4la
r4fo
r4kn
r335
r4mn
r4ix
r4nr
r4ni
r4ks
r4ka
r4ji
r4kr
r4mx
r4ho
r4ik
r4lv
r38e
r4n2
r4kt
r4j4
r4l9
r4kb
r4le
r4nm
r4jf
r4h6
r4aj
r4hc
r4i7
r3.d
r4dz
r4n0
r4aw
r4hp
r4i_
r3zm
r4g7
r4g3
r4he
r39u
r4m4
r4ke
r4j3
r4oj
r4oa
r4nl
r4ll
r4l4
r4lb
r3ue
r4jk
r4hd
r4lt
r4np
r4nf
r4jr
r4ea
r4nn
r4kx
r4a6
r4h7
r4ir
r4ms
r4j5
r4ls
r4jd
r4d3
r332
r4g1
r4ck
r4m6
r4i4
r4mm
r4nq
r4d1
r4fh
r4fj
r4g4
r4lw
r4ki
r4mc
r4k3
r4j1
r4ff
r4l6
r4lj
r4bn
r4k9
r4fq
r361
r4kc
r4k4
r4ee
r4n5
r4kj
r4hz
r4en
r4mj
r4on
r4hs
r20_
r4j2
r4ml
r4it
r4ny
r4iy
r4l3
r4kq
r3wn
r4hb
r4n7
r4iu
r4lm
r4nv
r4kd
r4k2
r4ng
r4n1
r4j6
r4jo
r4fk
r4dl
r4ol
r4ef
r4mb
r4nt
r4mi
r4fg
r4kl
r4k0
r4jp
r4k5
r4m3
r4lk
r4kz
r4io
r4ky
r4ns
r4gr
r4ec
r4i6
r334
r4nj
r4gs
r4l5
r4cl
r4kg
r3uj
r4co
r4a8
r4m8
r4oi
r4eh
r4hw
r4n9
r4li
r4lh
r4lc
r4ek
r4k6
r381
r4ju
r4f6
r4eb
r4n4
r4ie
r4ln
r4i8
r4mu
r4mv
r4i0
r4mo
r4gm
r4ly
r4mz
r4et
r4ig
r4km
r4l_
r4lx
r4f5
r4kv
r4l8
r4hh
r4iz
r4c4
r4j7
r4lq
r4me
r4m9
r4hu
r4nd
r4nx
r36x
r366
r36y
r362
r37c
r37m
r37n
r37v
r2kr
r37u
r37x
r4c7
r4c1
r4dj
r4cv
r4db
r4dh
r4c0
xf7k
xf7t
xf75
xd0b
xf_k
xb0_
w.x6
w.yd
w.ym
xik9
xf6b
xi1c
xip2
xi24
xi18
xh0_
xh.4
xh1o
xh2k
xin2
xip_
xdp9
xiq4
xi4g
xg.q
xi14
xiy0
xir1
xht8
xio0
xib3
xir7
xi0u
xht7
xi36
xic2
xh.9
xin7
xg7j
xh.r
xh59
xi3a
xi3n
xii4
xi4l
xh4a
xix0
xiq3
xih8
xi21
xiu3
xi1o
xht_
xh.l
xi0x
xiy9
xh6q
xia3
xh5w
xi0m
xi2x
xhe2
xi04
xbk5
xf.y
xga7
xgb6
xb7x
xb6w
w.4i
xcz9
xc2g
xcj5
xc3j
xbh_
xgh_
xgm0
xay9
xgn_
xd4h
w.y7
w.zd
w.z2
w.z3
w.0i
w.1c
w.2f
w.2p
w.3c
w.3i
w.3j
w.3r
xgq4
xgr7
xgt1
xgt7
xc5m
xd.2
w.4d
xg4c
xg4o
xhl8
65mw
65mx
tg37
tg55
tg9u
thl0
thw5
th0d
th09
th3u
6.z9
_gvg
_gpv
_gpw
_g2b
_gx5
_g0r
_g28
_g36
_gw5
_gt2
_gy7
_gq2
_gqv
_gqw
_gqy
_hbx
_ha0
_g1u
_hbp
_g._
_gyf
_grg
_gp3
_hbe
_g1t
_gsk
_g9j
_g4p
_gz3
_ha1
_gni
_han
_hbz
_hcd
_gv7
_gt4
_g93
_gz4
_g.n
_gyo
_gsl
_ha3
_g7f
_gsz
_gt3
_gs6
_hbt
_hcc
_gyk
_gvv
_haa
_hb4
_g.a
_g_w
_g9l
_g.w
_ha4
_gyt
_gs5
_g.x
_g_i
_har
_g8w
_hb7
_has
_gui
_gyc
_g_x
_g0e
_hb0
_gsm
_gr8
_hbw
_gr3
_gv6
_hac
_g.9
_g.b
_gwt
_g_h
_ha7
_hbr
_gwe
_g_0
_haf
_g9u
_gxu
_g.m
_g06
_g.k
_hbc
_g23
_haw
_gse
_hcf
_hay
_gqa
_gxb
_gq_
_gs4
_gp8
_g3a
_g.0
_g_6
_hbd
_g.v
_gy9
_g_r
_g_5
_g.t
_gv2
_hbm
_g.c
_gzn
_g0l
_g00
_g96
_haz
_hbu
_g1o
_gyb
_ha6
_g.z
_g.u
_g1e
_hbv
_guw
_hb3
_gzf
_gyw
_hbi
_gzu
_hbh
_gt8
_had
_hck
_ha8
_gyp
_gyr
_g_g
_gry
_g.6
_g3e
_gx9
_gw1
_g.7
_hbk
_g.4
_hae
_g.5
_hb1
_g0g
_grb
_hcj
_hb2
_hbn
_hb_
_hbg
_hai
_gyj
_gq1
_g8a
_ha5
_g_n
_hav
_hcb
_hbb
_gy4
_ham
_g_y
_ha_
_hbl
_g.l
_hce
_g6_
_g07
_gwa
_gy_
_hau
_g.8
_g94
_gtt
_gp1
_g95
_hby
_g.f
_g.s
_gyd
_gw2
_gys
_g.2
_gzx
_gzd
_hb8
_hal
_hbo
_hao
_gxc
_g0u
_hb9
_g0c
_gu6
_g4v
_gvt
_g4r
_gt0
_gxi
_gvx
_gto
_g32
_gq4
_gq7
_gra
_g08
_g1_
_gzr
_g0j
_grj
_g_c
_g_b
_g_k
_g_d
_g98
_v6y
87kf
46qg
crooning
criollo
nitrogen
diabolical
vanquish
ruddiest
programed
clyde
pacified
lymphatic
befouled
lowliest
nelly
smuttier
pickaxed
troughs
countenance
immortalizes
relaying
novartis
impurely
premised
affectations
paragons
pinafore
brahmaputra
nitrogenous
quarries
shameful
censused
materialize
sihanouk
prearranged
clydesdale
scampers
newcomer
festivals
punishes
lithography
baffling
fiberglass
obsidian
naphtha
humanize
probates
murasaki
vaporizers
cesspools
artistic
overheat
reapplied
ballistic
sombreros
sindbad
coachmen
crumple
fragrance
licencing
antebellum
verdicts
abstain
rheostats
gaslight
hedonistic
squishier
doubters
slenderize
cruncher
economically
dwindling
capitulating
emboldening
periodically
mountains
capitalizing
torpedoed
canteens
ambience
homogeneous
consumptives
ecuadorian
toothpicks
scouting
happening
keens
rivaling
nitroglycerine
privileging
catapults
halibuts
hydrotherapy
hospitality
degeneres
championing
clairvoyant
nitroglycerin
greensboro
soupiest
brutishly
aimes
enclin
revers
ressemblance
ajustement
livres
lignes
danvers
rencontrent
clyde
tiendront
mccann
bibine
tyrannie
cravate
venons
manigances
trinquons
cardassia
vandalisme
dominer
mouette
bienfaits
produisent
parti
voyou
tribun
disparue
gloussement
hymne
poire
changer
contraction
foutaises
malcom
insiste
marins
frustrant
effet
entendiez
expulse
passerons
dinosaure
reves
engageait
asiles
braqueurs
mentaient
pogne
birdy
frivoles
adorons
virerais
blesserais
goetz
souviendront
teigne
joindra
articuler
interdise
accroupis
rasez
rachid
regrettez
hallucines
canalise
narquois
shizu
nationaux
atsushi
marteaux
ussing
absolument
honoraires
tatsu
villanueva
miyagi
morfondre
agathe
hiroshi
squatteurs
catholique
somnambulisme
jadalla
springsteen
